06-12 19:52:18.649 V/GSK-APIS(18311): {	payload:	a/k5LCqQ9vXMGdryZa0vqadxMnDQHy8O1YnmNNimmOMO5twwuXTkUNu/ERLk2upxyVz9rV75UUG8KGUbRh2j4sEakw4FGrcd88YUrrWhFGKAMTZSqzTmCcg/WCuDbM2b3/j4EUNtL2YOFl+WKMyPDmLWDgnsH56wpaWHY4hGHMozm1YFbxX2p48KJO4D6UQcuOmpPLhVeMEJFbWrFxIJFPsHIxRpLFnbr9Fj+JiEPc7CRU/+U+YGbehGRUSadADU8qEc0slGLlVrBTiSa8IlMkLlbe1UtJj0n9YQMDvKcy2ehiIMWKJhyAOaDBkukqCVFrnlgVHuQ5i0W2GrT4acCx98RRNvmuvrcHpqebaUAd/RGqi9uesumvlKre/Se+PxIvt6a8ZZRdQX9fE6LkbxJ9tWDOrNmxWYcof0SoPRL+YUnps8NNkg1zWfQSFcCLSESSJnKLw8YzuOX71eV9eXIPgNGh0jFH6IvY+hxeLbi7wiUoVdg9uBh4zeCP4UJsBZvk2PCgfM4babEjsvbohtUDNBzR85T60FlJswrNhQhncIaWLzTolfpVsO/0UGCnPi8XhuKzgNJvE8tEWxEzuk75Ubn1+US6qt6VGHLt8SzheXQ1nhUt54YqTa4kVj5ydCdFyXft4YnwM10c7h8nBMale09ybCoeWfNADEKyVOfGL4sn9upVbfheMdzlFcetr8Uz7M3ft4RkbYAPOnKkfuG6o9Iq5xgghQPNxNj7yNFXlNJMs4vARMM4H16luVPu8CxBkSok37GoSouEVVNK18E2BWjvI0++dNYhE4n5V+budncL3qCC6hDTDEBFROyHSalvC3F7/EgWmMQhdZpffZB+xxqzDEohuumNZg6xVdvLIxVBBa0UNh1tH9TxXM32F+MBN4jveoH5derXoJRnmztPmfqoWSHrsv7SXa/KmqCsN+R3LP64A/5fObNK2ycT7ss4It95DaR/Yy2Fu3TzOEcaYDYCU7tcgmWYSG3+LRXsTy0cOxEcrIqJTmgczIH6HyrxSqT3g/mDFVKWFH/gZOXuD4O+ojyQrt3RAXy//q/dilbju5zwIgdrTtUgcsxLQa1VFEsfy2iyr1xUWscdLSqlD759uCmolMNFRkNGklUcdi7eoxdBCyeKbrah2Vty0g8Ayq17y+D0FYb6qToeBvjRzPnjvySq4iyebD2v5AwtDIBUrpdfRXgtwJRHUlP1ASCh4s6878yg6S8CfGjJXie4cc5m7p5fqlvFaNV9KhjOjJazyPdGxP7WnvAc/lBCKLBeLD4mlUn3UkQzCbi6Gb0JWb7OVVeYbjY8rAQlqv1oTWXGQOXIDKHaLrOWfQNyman0T0PhswgSkrchnrHLWlT6kSTa6hDQkRTYPa+5lQPsbXpnZW7M+XssQoJZwyf63kep7dOektHX8TcniVVuNhCGGWfsgIk7uy0cH6jvvV4NUc5BTUJ5zoqw6vSMK3c3naij13q5PBFaN6IKqi783XYTPIg0FXgUlOiQlPnUpDd8hxwgYI1/V/IavpVb2/zVjPHACG7g8yMqXDUghLeXgFaUxkUY4WqX3bzysQNYX/zz1ciWfnD1+nIbbbk2C13sAAvfzBIi3A78jCRfOLwe6+44uSuc6u66UPYApQzrvWLZTN3CN/nMtk+bFZqnO/acx05C3ACN/JCIxqEH3P6qUetNbJhx0KQUydwpxceRtna5XmSwqfSN83TYHWyaF3H01WFSl1CADAB8BQlW1NDuMf4BRaUpeAB5FksRi47IsDavccygH9Bi5U+YsRyhnmmtTX4hfT7lteNb/2Sh4ctie2fbf5+z1RsZeFyrmMe0bhlnDsahr4i8+X57ym/PMOfWd1dKFReVryfWkbK2vcAFwhTf8fjN9N53+i9/GdYjUpfebLeXBER7sJlvIF49rnfd6Sl34t14MDAf0BJ+RFQ9FpBDBauC6Ep5ikavEaCUyg5ba/JUfLAjXmEaV1lq1YC5W4mABTeMReuVji3Rq2yArq53NPPSRaXOAFEf86CGQd1G2Lw+HeUgwoLfaqxoIDCDoepoqijOV8/vCNKR7YOeINDc2/xzotqShAd/2KcFJzobbolcKKRm299u9W5K7uwl4RElT90iDdyRmM2BynTzJ7zh3Um1FRTbBkwI4jStbzZzQ5Ba6znll+zXdVw2DC5BHu9EnrmHPuur5FXgJug0EG96OZnI7rNXgh76+d6SJHKSUKlEtUi2JVeiiuDpKE1otrJ/R0PXFTjyjbxjwE78QutaKT2LTzHigPUwD5hl4DCOAOVfnb94nI94vetuihe7varxiRdTM+WZSjBQZWeTDrG18bq/mvmQyWNrqzakt95sF5bukmZ1AhfhL/1PQrM0ZiRe2BzJB8HmYXz/3j4mAHW8ny6toVoC98gQUBze90f4CJ7DmQagYp3P1b03w20CZknsXj1zHLWCgzXA6NKxNSIpLO3evDV3NM3lDQuxtbPgsjSwrLpqwyJLH0u1bRjFCqDMDtmBxeO2Ah1TH3ngOTNS7aPjkFt7YXvulZvm1iF1IDBW0F53fXw7S2XSg1oolHcfZcqrGjBoov1x2ftOkRS07OlYpRYzot0CL0ey1K9GlN2SaUTURtqCI1uQ9O7YVDxi2DdLOUCvmZmi54uyljFeyu4PkbtzDCGVCaYy092/fxx0NqbCwPTngyLwMnIccB0RGnPN+hwEK+aoMnhP9D1KnkS7xeasE2gmSgK/0kJdu5/zV2pFpoZevPdDUeJh9Y6Z2pPPq/seZPK6clLv1ez39ssWRHfjAof4SD+pXvTlmYCLzLMQEjrvdG6ZNgXYO24Uc99mjnzjiVPdmufa7BX3+5ZT16hdJE+oG84NfLnbrwoXntiwghvn0aCe1/vjvtTTXwc10i65nCSKQd92yUKgw6SpB1tc6+qSr3wen4ae+u4ClEnAohxbE8Y/+PB8g5GQ4rYR/8KKCCipeX5wmBaBWfz1tl8Uu/6UdD0ekjDViylj+GRJAZR53Oa7X2YRehBN4cByp+O77q3VOjkDvP1Hv2zfiMfnogQZ/4FdKA4MEs/bVqjv1KO9E7WkfkfN2R5rw74pSnGYqKmFI72uATG3fZXL8KzLilk6BHAfZ/Kh7PaPo2Kk7GiMa6WnEOpXtmZXHMRzct1mIU02k4p2uA5i20SVtrgy/FhLDg5Qvl3kflcNAUr3oOIdALnu9cMcu9E6NMujhh1vduOYbmp3UnOuhiw8oy9yR7Uh9/pVzAZBAi1AErGxSpkLzAOZCKSZRz2nigjkPCq7i8IVmaD7HjEaluS8lDixCRSMLEWDTZrPC0QLFnq6iuF4nZ+XOwmDYymwC3QNkkaTRm3yeRRIHGZpjDKLBbbhubKkj+8c1CMJp3QeHfCBU61blwMACYaeX0+qBiCxYbmyWCYHFeLEIzva+7FsztNYInWwKzNHpuvUqsVUba1nfqbeOYgqFY04Es+5HpNtBnneaYoRa2V25SxC+IMtz8lD94QC+UoOKTofmh8t6TbUSjPNvR1ArCD+DOX0Sji4UJ4DKq2z8cBvGmF2j8KUnJ++HRty/1yZcR7Ya+WG2jl2jtmmQAEzgyYcZ2EtXrYTD6NLayiSLdpNkeBDT/6+11UMI+/HcmdmQgEDQYw7Zs6O9N/rdXFzAeO4MheWbxlZ92S+Tao324df9buBruNs9NQQON2m1zXXPG8Ysc5U/YDcgVh82Am9G73JmiBTBNAIxoO400WrQ/x7JE+rEl9/1ATYccqFNoxt2y5el6AfrWiH1LIMUVUMHz3aNlf7ZB6ZYSTz6+pnBBMFP06dQXk1klGl2Td8HX/lsJ7oYz4Tzljdoz1de44KpeG6/p8+tfNJgDMF8RqzU+wUZuGmwcw+TzPM44VNe4hySwQAfwL+oCoM4eKEM2PaXyT7Y45gLJCU+mZH97K9DxXxFBNcqa+Lnlms2HQo7zcpKCBCCmYtpUf/0wXTHZrqKof+3vZK3XzpuhoTr+vzEJplXL/ZydNsPWE4pGgK7Y7eN8R8bvckE
06-12 19:52:18.649 V/GSK-APIS(18311): 8W+L2z8Ph3IIjb2faovJJi5UX3UNfxq36dQgS4ing2dZXuif4RIecoyBnIvsSbYr266zkk5wEmOsVsYjdx4T34Uu3Ti1B+BxE9gWFPE/tijRhjIhggKAvCR1BxAIEfIeQLSH+Z5r9zJbn39B6X+C/EK7tzv46Dz1Y1sRKvKvvboJwLpP5du4DcFXyLn7DkGMfWnbn8Cpn1a4uIU+53t5kacEBccxEAwcSmhdabks45JbH8zb6qk+1Wm+OgZeZBnM10la34Vg9CsTchhIW+//BzdbZ01VzwVN8t68nOK8C36P4A8qpB3SYEeMFpP4+ggl9t13gVhTLQjsRSoPPI4jpRhey6JxQOcz3jf+Ao/SSAr6CToyUqMm6Lm96bUQXslydIxt7No+LZ9dCS7o5vWtxRAqCKNTFgftOW37QgCgVs4CkNyidxZMfFzVRhyXaV5O7/f6MA4xaPzQUrEm34TJXfzZj+/Gu3UwGq+3fWUjJUd9NtaNyJA+4xFVAzAMZlIv2PTb0gfh+jsmpQ2W7yr0NJmYUv56fUOT+tyWs3rEGYJAaFCoAHTUJLNtiNWnn5ALO5/QbatO137hMFMEHkB1aDHDkqP2H8UR4BztzDs99mCOegEm9o8htQ2l2p9LtWcmDRpfhblnejXzhsGhDRsDkgs5OQ//q432TZaZBHstyn2V6eF3o3w2ga434ROK8dmotRKtL+kLQgSFaokc+nZ5cGTnr6sBhJ5ZaYHKdYS2/rUNIuLHO4sXoxytXW2+gPVyav5KSbCiR18pcH/DCiHnUj8MGl3RJId/7caw1ex9LI75yumvfPH8qcCRURpJrCeRt1nQQLqRZ8lTm12QTjkA09YdzT3xk2hLTzf2/GOIcA8N9CkehGePplqh9C14wNwyFekwU8CQXopbAOJ0utlZ3RXNR/DNETEtrl75r0oKiC91ViedvzqdRlAaH+Zz7dy2q7RsCCZrLlAfE6YPG8iO8sJEOyFDWOj7eN3UfSSwUWY/OZ/0aDFeWmb/RBeUsYUbJR6a2gNiW14NtWYrj/qKWZNToOL3yrdCf/A/lhMYVyipcb8wIjASYhLXaz11OflvO1RGpGxI1GKZmZDP/v8Tjijm/qh12jBXpc48GmTaWCjKtb+0D8LJ6HhX0vM57E62OHyA30XH/1jBAmCb6xpk4p/JSfmJLmAnDHeKnWidBXFouRmaSc/h7773dXSTozRx8FI5Plqig5lHHb155yOp0LyXCGC6mf4J99xs4O2MzolaoZxPd4y4pBqNSzcblxVfprJV7+jl6SGfywXt1h/spUjt70w63mt/9Y4CMHcnRk+Wbnwe6zjYgchC6mW+9xB4txDXyVLIYvMH2jAbaXnGVH9UwNaJrtfpkmsReqMD0F+LMltNUzDW/qh64n4awzNq8zlMLgqLq9I1bVKW/pX5FISpfy3JppduXXAnifEcfNKy2TbdMFQIv4ImXu2R2IzGi2f+Y+3Yc4KwaweHCOWfzV5GXuWmWhg+e5IVMZ2JH73P4Qq1KuZzakaHXXVB5Sjz+2iD9aoduKUecOSIfmblvP8CBVOzBptZAqCpHUDwZpQNpGzRvWUbclDMrje4ArYYgUl8KFYMsDmy7PRM+rSj0XHuVc4l1GqDWUwbgDgAA1myKR6uyqZ47y/e4tv8zdrHqPJ7Aa8wDeMHdbTUBxN75F1EkLGzB8nyM+yZv489bIEpkDFADKD4JSq1m1v4ok0DqGQUeMKT+qeMzjB3k0naQhNTcahQYwaed3e1zWs7qwdFajnXbEbf6OhiNGIxf0ReDxSTAvyNLnFqsrEKyz3CBNvPDEjFzPgduS19n2H3/pMFbBqwogKFp4mL/5Wit/hId1GaFT7LaH4og5LJd3wS0yC5Y5QVP6ef7AvWUg1thz1gIGylrv8AL+e2F2Xc/ngxbALeeBasbUk1EiRuVPm/58KXoWO5gEdlh/DTXV6qxPmwKPKGfMUFV9ZbhsSaWFDj2k9E521A1j/o9Z19OORcaLc7DtQrcO6bd6YQ5s0d1ru7gDAujc9gYhbiAssHyG29xxUh87DyBtH1DfQf5QjG0kzkTPnwV/H113kyVtsbyO0CRO2MJoBroOyF16xdWl9rP9qYgxeZAn+C3906cmnUDv6hxlODs9itiPf1zaYGBa/I7wAsNZ/QuH9cxxhlIwam2FDE0RL6GWhxOnMBhZrJVqENRfGYANfzX6LqRQcTShw8tywdmXz1EI49p45Qy6wkkQUDYM6FtvYslFegGnhzWmtdFhZ4lMjUEzmkBWoSQEYGKnfENb9jp6CspQtPcqG61L1UvvNANt043CSy9VQydKzPuKRf2Tvx12NRNGprcmmslxSs1mqTI9oTKxeNp2/eSM/u9fbM7zYAxOUghs6I8pvZPlL2z9Ry8VcvsmqvUkpbscacg+kUTrb3FaR6DwoEb1e6D3HTUtnfqwkI5ddPkKK8CkMr7gWP+P0xWCRAOQt2adGNpDCNZM07pnieCIztwU1e5wbN9JGh+GAhM2KgQCZKp9xRun3iqmW8GexvqnuapN9IWdjIonJWE74Z6SriVkJAZjk2VNEReKYfcyE4DLPh+05vCcJPv2KicVOnqQEeJcUtPWm50MPsWYFne3AjrUo72J0fpe5d53tvRjd349lNgwAGx6uhSMIZw49MbfjMA5I2prI2HRE3/kfSuOY6ffEmPSnu09S5OacIF9mOfoph+2uv7TZ4NTgaI6RakjdJap/VXRgoW4K+tYA7uHC93GxI0wnsWFmSPJhuH2RLME4H3yD9bclRu3Ixmy5MR8/DGNtk4McHw+LEc3R53iTj8rjwody1GJHJVxx52K7qVafcMvOtY62IhMua2zxh2DDcFwgCnagFSQ6C8RxjCHipuqxaiUXDYn7YYCKrPq2q/edcx8YBQ6YZCpkA8sPOrOhqx37ad3IsVxgsCcv/l9F5jO1eQ/YAqvzEi583jA8iK86nXGSuDQZ7/RJRQLR7qB4Sr8XD0O45GVpMNH6PBp9znBqCQetfoGPNRad3DbSBGJHNFJKUYpkRdcWDJ89EtD1/U43e6Ak+irPuiW4aa6KtwPRXbU08z21cBbzwayU63xGy2RRCKYizFBEFbxn52IuUrR5P+YcbtHp/JlKY8kv3MHpHg+gw7TG1K8jnqWjfzWiFxoFLw1narkNiQECFttXBnmzPsIdwdvRUJVj7gU6QBQ0j399OoIPtHrkU5J42li2pWYO9oI5tXGUdZiiJFokGhR/5TSpr60AOUD+ewynGzPOhYXGOnEWjrohoeI1p8iW2T+AMKpM9/VUaG75zzX0bLZbSQWXIHG9Ylsi8VaAsmGnYlE6rm90M02kll0rJEMBltaQEHGmPEejJhWmBfb283mylwgCuYfDioS5SHWfBToCo1dfv66wrAN9UCzj+VwU2yz0mLQlOBOzzbiLZLUAzjS5GsJvuc2kO5jq8sNvUqKgSlzk7A0eZc/22eLsyBb/d4ZDdUap2N6oTOaq4JCQdm4UzKNkMcpDqkjx3xJY9UQDrMUyuPLJrCeaxasndkOS6DJEFu0xhllP6xo5h8kHeMfXRm0kZN44sEhvStn4OHUUqFULJB6SIRkvC0V8wRwGxTkPevwAhz+sSk8XwhMybfKHtxzU5zJWO3kDz0fp5iL0/iAra+W0LOcn4KY8JJHuN3uyiSHKyUK3e5eY0KgkSUcOKj3aXeXNAP4Rx1WQOCYonubJ5rAkkHzHVxLZ9K6AnwYvO1VRrugNMm8Yv3xUng+3KF8uFQR1dn+LMNKbkIfamHxru83xI/GfYMB6Mm26P1Ae7uSiHLRCVtIALWF7CBf9JDnSvlbY3oXtqMGjRw0j7HX05UDEaTqrT8iuxupOFxu3dIFe1iG4998rxwbjjzCQM1DO79/+mMuis0NjJI0HHiWb9ljN40ZSkit7muySdYsWTwY4Z+lnNSFpL5YP0KYZ4ozNg1a6Jei9e0tCaOSMhiFInGsSNtmc0hPbpc7/OasppwHyvuOYIttzlr9uyiP6QZ22eWGwACC
06-12 19:52:18.649 V/GSK-APIS(18311): avrcbsnkKn9ADRj3JPWu5eHbBpS+6gNr6hkj5S5EGlzL9hwUjHB8nzqWCLLq/cehCi8Ubl0Pu0r6AEkpMp96daWU1E+wBrKL9tTbpXdeOPnf+TrloRVfma94aPXnQWfa1GXEXhO3BIvzRj4XoH0NqpCBJnyYKuXc5pnok2I41+1xIJfotPUjDjf97FabIwdTv1Nn1j6brs34/SX9jT8THVzBmN/Co+x6x7xbdTuLtFZeHyuzQeOOlHsNpIm3DeL9+r9FP0Y6LebK2xL2RJnA5X8We7wD3C7Po2JpFCbvMKCT8Auj+2lSS3KjW2AAihHvXpHLbxy3dp8OVoMtQYBBMq3ExChqWWLsHbSltYZ5C6R4EBoxLNazBOxFQcIWSpRc3U=
06-12 19:52:18.649 V/GSK-APIS(18311): 	prot:	ACM30
06-12 19:52:18.649 V/GSK-APIS(18311): 	signature:	774eec59b840ba7188af54ad703bb6e2785a2858
06-12 19:52:18.649 V/GSK-APIS(18311): }
06-12 19:52:18.649 V/GSK-APIS(18311): request to: https://gtt-app-apigateway-lion.vdemosit.com/api/enduser/messagecenter/message/query/v1
06-12 19:52:18.651 I/System.out(18311): [SDKInterceptorPlugin] Error executing request: Failed to connect to localhost/127.0.0.1:80
06-12 19:52:18.652 V/GSK-APIS(18311): received response >>> id: a47e7a53 url: http://localhost/api/getServer/v1 statusCode: 0, exception: Failed to connect to localhost/127.0.0.1:80
06-12 19:52:18.652 I/System.out(18311): [SDKInterceptorPlugin] Unhandled exception in request processing: Something went wrong while connecting to the server: statusCode: 0
06-12 19:52:18.655 W/UiDevice(18256): Skipping null root node for window: AccessibilityWindowInfo[title=允许v-demo访问您设备上的照片和媒体吗？, displayId=0, id=448, taskId=38, type=TYPE_APPLICATION, layer=1, region=SkRegion((432,48,1488,1080)), bounds=Rect(432, 48 - 1488, 1080), focused=false, active=false, pictureInPicture=false, hasParent=false, isAnchored=false, hasChildren=false]
06-12 19:52:18.657 W/ActivityTaskManager( 1925): Tried to set launchTime (0) < mLastActivityLaunchTime (3557988)
06-12 19:52:18.663 V/GSK-Upgrade:ComponentUpdater(18311): get soVersions = 
06-12 19:52:18.663 V/GSK-Upgrade:ComponentUpdater(18311): initConfig
06-12 19:52:18.666 W/ontapp.stb.dem(18311): ClassLoaderContext parent mismatch.  (PCL[] | PCL[];PCL[/data/app/~~-tMPAvyTMYMhU6nbl0NqBw==/tech.gtt.frontapp.stb.demo-qA9iw4qsktyjEZ3tBIQvtg==/base.apk*930720720:/data/app/~~-tMPAvyTMYMhU6nbl0NqBw==/tech.gtt.frontapp.stb.demo-qA9iw4qsktyjEZ3tBIQvtg==/base.apk!classes2.dex*2103280642:/data/app/~~-tMPAvyTMYMhU6nbl0NqBw==/tech.gtt.frontapp.stb.demo-qA9iw4qsktyjEZ3tBIQvtg==/base.apk!classes3.dex*2004927299])
06-12 19:52:18.668 V/GSK-Upgrade:UpgradeManager(18311): startLoopUpdateApp
06-12 19:52:18.669 V/GSK     (18311): UpgradeServiceImp unnecessary initialization() executed in 49 ms.
06-12 19:52:18.678 D/AndroidAutoSize(18311): tech.gtt.frontapp.stb.m.home.activity.LoadingActivity used the global configuration.
06-12 19:52:18.679 D/AndroidAutoSize(18311): The tech.gtt.frontapp.stb.m.home.activity.LoadingActivity has been adapted! 
06-12 19:52:18.679 D/AndroidAutoSize(18311): LoadingActivity Info: isBaseOnWidth = true, designWidthInDp = 1920.000000, designWidthInSubunits = 1920.000000, targetDensity = 1.000000, targetScaledDensity = 1.000000, targetDensityDpi = 160, targetXdpi = 1.000000, targetScreenWidthDp = 1920, targetScreenHeightDp = 1032
06-12 19:52:18.728 V/GSK-Account:AccountManager(18311): isLoggedIn=false
06-12 19:52:18.729 D/AndroidAutoSize(18311): tech.gtt.frontapp.stb.m.home.activity.LoadingActivity used the global configuration.
06-12 19:52:18.730 D/AndroidAutoSize(18311): The tech.gtt.frontapp.stb.m.home.activity.LoadingActivity has been adapted! 
06-12 19:52:18.730 D/AndroidAutoSize(18311): LoadingActivity Info: isBaseOnWidth = true, designWidthInDp = 1920.000000, designWidthInSubunits = 1920.000000, targetDensity = 1.000000, targetScaledDensity = 1.000000, targetDensityDpi = 160, targetXdpi = 1.000000, targetScreenWidthDp = 1920, targetScreenHeightDp = 1032
06-12 19:52:18.733 W/WindowManager( 1925): Failed looking up window session=Session{d045fc4 18311:u0a10058} callers=com.android.server.wm.WindowManagerService.windowForClientLocked:5850 com.android.server.wm.Session.updateRequestedVisibilities:640 android.view.IWindowSession$Stub.onTransact:1175 
06-12 19:52:18.734 V/GSK-Upgrade:ComponentUpdater(18311): init
06-12 19:52:18.734 V/GSK-Upgrade:ComponentUpdater(18311): loadLocalDex
06-12 19:52:18.734 V/GSK-Upgrade:ComponentUpdater(18311): local dex is empty
06-12 19:52:18.734 V/GSK-Upgrade:ComponentUpdater(18311): local dex is empty
06-12 19:52:18.735 V/GSK-Upgrade:ComponentUpdater(18311): local dex is empty
06-12 19:52:18.735 V/GSK-Upgrade:ComponentUpdater(18311): local dex is empty
06-12 19:52:18.735 V/GSK-Upgrade:ComponentUpdater(18311): local dex is empty
06-12 19:52:18.735 V/GSK-Upgrade:ComponentUpdater(18311): local dex is empty
06-12 19:52:18.749 D/gralloc_nox( 1767): gralloc_alloc: Creating ashmem region of size 8298496
06-12 19:52:18.771 D/UiDevice(18256): Searching for node with selector: BySelector [RES='\Qtech.gtt.frontapp.stb.demo:id/account_login_tv2\E'].
06-12 19:52:18.772 W/QueryController(18256): Could not detect idle state.
06-12 19:52:18.778 D/ProcessState(18417): Binder ioctl to enable oneway spam detection failed: Invalid argument
06-12 19:52:18.779 D/gralloc_nox( 1767): gralloc_alloc: Creating ashmem region of size 8298496
06-12 19:52:18.798 D/gralloc_nox( 1767): gralloc_alloc: Creating ashmem region of size 8298496
06-12 19:52:18.852 I/ActivityTaskManager( 1925): Displayed tech.gtt.frontapp.stb.demo/tech.gtt.frontapp.stb.m.home.activity.LoadingActivity: +214ms
06-12 19:52:18.855 D/CompatibilityChangeReporter(18311): Compat change id reported: 171228096; UID 10058; state: ENABLED
06-12 19:52:18.864 W/DataBinding(18311): Setting the fragment as the LifecycleOwner might cause memory leaks because views lives shorter than the Fragment. Consider using Fragment's view lifecycle
06-12 19:52:18.872 I/MediaFocusControl( 1925): requestAudioFocus() from uid/pid 10058/18311 AA=USAGE_MEDIA/CONTENT_TYPE_MOVIE clientId=android.media.AudioManager@9d1473e callingPack=tech.gtt.frontapp.stb.demo req=1 flags=0x0 sdk=35
06-12 19:52:18.873 I/AudioService.FadeOutManager( 1925): unfadeOutUid() uid:10058
06-12 19:52:18.881 W/MediaProvider( 2559): Failed to fetch original file descriptor
06-12 19:52:18.881 W/MediaProvider( 2559): java.io.IOException: stat failed: ENOENT (No such file or directory)
06-12 19:52:18.881 W/MediaProvider( 2559): 	at com.android.providers.media.MediaProvider.getFileFromFileDescriptor(MediaProvider.java:5822)
06-12 19:52:18.881 W/MediaProvider( 2559): 	at com.android.providers.media.MediaProvider.getOriginalMediaFormatFileDescriptor(MediaProvider.java:5739)
06-12 19:52:18.881 W/MediaProvider( 2559): 	at com.android.providers.media.MediaProvider.openTypedAssetFileCommon(MediaProvider.java:7162)
06-12 19:52:18.881 W/MediaProvider( 2559): 	at com.android.providers.media.MediaProvider.openTypedAssetFile(MediaProvider.java:7143)
06-12 19:52:18.881 W/MediaProvider( 2559): 	at android.content.ContentProvider$Transport.openTypedAssetFile(ContentProvider.java:548)
06-12 19:52:18.881 W/MediaProvider( 2559): 	at android.content.ContentProviderNative.onTransact(ContentProviderNative.java:327)
06-12 19:52:18.881 W/MediaProvider( 2559): 	at android.os.Binder.execTransactInternal(Binder.java:1179)
06-12 19:52:18.881 W/MediaProvider( 2559): 	at android.os.Binder.execTransact(Binder.java:1143)
06-12 19:52:18.881 W/MediaProvider( 2559): Caused by: android.system.ErrnoException: stat failed: ENOENT (No such file or directory)
06-12 19:52:18.881 W/MediaProvider( 2559): 	at libcore.io.Linux.stat(Native Method)
06-12 19:52:18.881 W/MediaProvider( 2559): 	at libcore.io.ForwardingOs.stat(ForwardingOs.java:853)
06-12 19:52:18.881 W/MediaProvider( 2559): 	at libcore.io.BlockGuardOs.stat(BlockGuardOs.java:420)
06-12 19:52:18.881 W/MediaProvider( 2559): 	at libcore.io.ForwardingOs.stat(ForwardingOs.java:853)
06-12 19:52:18.881 W/MediaProvider( 2559): 	at android.app.ActivityThread$AndroidOs.stat(ActivityThread.java:7775)
06-12 19:52:18.881 W/MediaProvider( 2559): 	at android.system.Os.stat(Os.java:919)
06-12 19:52:18.881 W/MediaProvider( 2559): 	at com.android.providers.media.MediaProvider.getFileFromFileDescriptor(MediaProvider.java:5816)
06-12 19:52:18.881 W/MediaProvider( 2559): 	... 7 more
06-12 19:52:18.882 D/NuPlayerDriver( 1854): NuPlayerDriver(0xe9782020) created, clientPid(18311)
06-12 19:52:18.884 D/SurfaceUtils( 1854): connecting to surface 0xe4383278, reason setVideoSurfaceTexture
06-12 19:52:18.884 D/NuPlayer( 1854): onSetVideoSurface(0xe4381940, no video decoder)
06-12 19:52:18.887 D/GenericSource( 1854): FileSource remote
06-12 19:52:18.890 I/SampleTable( 1851): There are reordered frames present.
06-12 19:52:18.891 D/MediaBufferGroup( 1851): creating MemoryDealer
06-12 19:52:18.902 D/MediaPlayerNative(18311): getMetadata
06-12 19:52:18.907 I/GenericSource( 1854): start
06-12 19:52:18.911 I/OMXClient( 1854): IOmx service obtained
06-12 19:52:18.911 I/OMXStore( 1857): makeComponentInstance(OMX.google.h264.decoder) in android.hardwar process
06-12 19:52:18.916 D/SurfaceUtils( 1854): disconnecting from surface 0xe4381948, reason onConfigure
06-12 19:52:18.916 D/SurfaceUtils( 1854): connecting to surface 0xe4381948, reason connectToSurface
06-12 19:52:18.916 I/MediaCodec( 1854): [OMX.google.h264.decoder] setting surface generation to 1898522
06-12 19:52:18.916 D/SurfaceUtils( 1854): disconnecting from surface 0xe4381948, reason connectToSurface(reconnect)
06-12 19:52:18.916 D/SurfaceUtils( 1854): connecting to surface 0xe4381948, reason connectToSurface(reconnect)
06-12 19:52:18.916 I/OMXClient( 1854): IOmx service obtained
06-12 19:52:18.916 I/OMXStore( 1857): makeComponentInstance(OMX.google.aac.decoder) in android.hardwar process
06-12 19:52:18.918 E/OMXNodeInstance( 1857): getExtensionIndex(0xee3800f0:google.h264.decoder, OMX.google.android.index.enableAndroidNativeBuffers) ERROR: UnsupportedIndex(0x8000101a)
06-12 19:52:18.918 E/ACodec  ( 1854): [OMX.google.h264.decoder] setPortMode on output to DynamicANWBuffer failed w/ err -1010
06-12 19:52:18.918 E/OMXNodeInstance( 1857): getParameter(0xee3800f0:google.h264.decoder, ??(0x6f600011)) ERROR: UnsupportedIndex(0x8000101a)
06-12 19:52:18.918 W/OMXNodeInstance( 1857): [0xee3800f0:google.h264.decoder] component does not support metadata mode; using fallback
06-12 19:52:18.919 E/OMXNodeInstance( 1857): setConfig(0xee3807f0:google.aac.decoder, ConfigPriority(0x6f800002)) ERROR: Undefined(0x80001001)
06-12 19:52:18.919 I/ACodec  ( 1854): codec does not support config priority (err -2147483648)
06-12 19:52:18.919 E/OMXNodeInstance( 1857): getConfig(0xee3807f0:google.aac.decoder, ConfigAndroidVendorExtension(0x6f100004)) ERROR: Undefined(0x80001001)
06-12 19:52:18.919 D/SoftAAC2( 1857): get OMX_IndexParamAudioAndroidAacDrcPresentation
06-12 19:52:18.919 I/MediaCodec( 1854): MediaCodec will operate in async mode
06-12 19:52:18.919 D/MediaCodec( 1854): keep callback message for reclaim
06-12 19:52:18.920 D/SoftVideoDecoderOMXComponent( 1857): Color Aspects preference: 1 
06-12 19:52:18.920 E/OMXNodeInstance( 1857): setConfig(0xee3800f0:google.h264.decoder, ConfigPriority(0x6f800002)) ERROR: UnsupportedIndex(0x8000101a)
06-12 19:52:18.920 I/ACodec  ( 1854): codec does not support config priority (err -1010)
06-12 19:52:18.921 E/OMXNodeInstance( 1857): setConfig(0xee3800f0:google.h264.decoder, ConfigOperatingRate(0x6f800003)) ERROR: UnsupportedIndex(0x8000101a)
06-12 19:52:18.921 I/ACodec  ( 1854): codec does not support config operating rate (err -1010)
06-12 19:52:18.921 E/OMXNodeInstance( 1857): getConfig(0xee3800f0:google.h264.decoder, ConfigAndroidVendorExtension(0x6f100004)) ERROR: UnsupportedIndex(0x8000101a)
06-12 19:52:18.924 E/OMXNodeInstance( 1857): getConfig(0xee3800f0:google.h264.decoder, ??(0x7f000003)) ERROR: UnsupportedSetting(0x80001019)
06-12 19:52:18.924 I/MediaCodec( 1854): MediaCodec will operate in async mode
06-12 19:52:18.924 D/MediaCodec( 1854): keep callback message for reclaim
06-12 19:52:18.928 I/SoftAAC2( 1857): Reconfiguring decoder: 0->44100 Hz, 0->1 channels
06-12 19:52:18.928 D/SoftAAC2( 1857): get OMX_IndexParamAudioAndroidAacDrcPresentation
06-12 19:52:18.931 W/ResourceManagerService( 1854): Ignoring request to add new resource entry with value <= 0
06-12 19:52:18.934 D/AudioFlinger( 1786): Client defaulted notificationFrames to 11286 for frameCount 22572
06-12 19:52:18.934 D/SoftVideoDecoderOMXComponent( 1857): Color Aspects preference: 1 
06-12 19:52:18.935 D/AF::TrackHandle( 1786): OpPlayAudio: track:81 usage:1 not muted
06-12 19:52:18.942 E/OMXNodeInstance( 1857): getConfig(0xee3800f0:google.h264.decoder, ??(0x7f000003)) ERROR: UnsupportedSetting(0x80001019)
06-12 19:52:18.945 D/MediaCodec( 1854): [OMX.google.h264.decoder] setting dataspace on output surface to #102
06-12 19:52:18.986 W/MediaPlayerNative(18311): info/warning (3, 0)
06-12 19:52:18.986 D/gralloc_nox( 1767): gralloc_alloc: Creating ashmem region of size 589824
06-12 19:52:18.988 E/android.hardware.audio.service( 1756): pcm_open called create stream faild
06-12 19:52:18.990 D/SoftwareRenderer( 1854): setting dataspace on output surface to #8000102
06-12 19:52:18.992 D/gralloc_nox( 1767): gralloc_alloc: Creating ashmem region of size 589824
06-12 19:52:19.027 D/UiDevice(18256): Searching for node with selector: BySelector [RES='\Qtech.gtt.frontapp.stb.demo:id/account_login_tv2\E'].
06-12 19:52:19.028 W/QueryController(18256): Could not detect idle state.
06-12 19:52:19.032 D/AudioFlinger( 1786): mixer(0x722dead66a60) throttle end: throttle time(41)
06-12 19:52:19.079 W/InputManager-JNI( 1925): Input channel object '423cd73 tech.gtt.frontapp.stb.demo/tech.gtt.frontapp.stb.m.home.activity.SplashActivity (client)' was disposed without first being removed with the input manager!
06-12 19:52:19.134 D/UiDevice(18256): Searching for node with selector: BySelector [RES='\Qtech.gtt.frontapp.stb.demo:id/account_login_tv2\E'].
06-12 19:52:19.134 W/QueryController(18256): Could not detect idle state.
06-12 19:52:19.239 D/UiDevice(18256): Searching for node with selector: BySelector [RES='\Qtech.gtt.frontapp.stb.demo:id/account_login_tv2\E'].
06-12 19:52:19.239 W/QueryController(18256): Could not detect idle state.
06-12 19:52:19.256 D/gralloc_nox( 1767): gralloc_alloc: Creating ashmem region of size 589824
06-12 19:52:19.258 D/gralloc_nox( 1767): gralloc_alloc: Creating ashmem region of size 589824
06-12 19:52:19.294 V/GSK-APIS(18311): received response >>> id: b33f608c url: https://gtt-app-apigateway-lion.vdemosit.com/api/enduser/messagecenter/message/query/v1 statusCode: 400, exception: null
06-12 19:52:19.294 I/System.out(18311): [SDKInterceptorPlugin] Unhandled exception in request processing: Something went wrong while connecting to the server, statusCode: 400
06-12 19:52:19.332 D/AudioFlinger( 1786): mixer(0x722dead66a60) throttle end: throttle time(233)
06-12 19:52:19.342 D/UiDevice(18256): Searching for node with selector: BySelector [RES='\Qtech.gtt.frontapp.stb.demo:id/account_login_tv2\E'].
06-12 19:52:19.343 W/QueryController(18256): Could not detect idle state.
06-12 19:52:19.446 D/UiDevice(18256): Searching for node with selector: BySelector [RES='\Qtech.gtt.frontapp.stb.demo:id/account_login_tv2\E'].
06-12 19:52:19.446 W/QueryController(18256): Could not detect idle state.
06-12 19:52:19.549 D/UiDevice(18256): Searching for node with selector: BySelector [RES='\Qtech.gtt.frontapp.stb.demo:id/account_login_tv2\E'].
06-12 19:52:19.550 W/QueryController(18256): Could not detect idle state.
06-12 19:52:19.653 D/UiDevice(18256): Searching for node with selector: BySelector [RES='\Qtech.gtt.frontapp.stb.demo:id/account_login_tv2\E'].
06-12 19:52:19.653 W/QueryController(18256): Could not detect idle state.
06-12 19:52:19.756 D/UiDevice(18256): Searching for node with selector: BySelector [RES='\Qtech.gtt.frontapp.stb.demo:id/account_login_tv2\E'].
06-12 19:52:19.756 W/QueryController(18256): Could not detect idle state.
06-12 19:52:19.860 D/UiDevice(18256): Searching for node with selector: BySelector [RES='\Qtech.gtt.frontapp.stb.demo:id/account_login_tv2\E'].
06-12 19:52:19.860 W/QueryController(18256): Could not detect idle state.
06-12 19:52:19.963 D/UiDevice(18256): Searching for node with selector: BySelector [RES='\Qtech.gtt.frontapp.stb.demo:id/account_login_tv2\E'].
06-12 19:52:19.963 W/QueryController(18256): Could not detect idle state.
06-12 19:52:20.066 D/UiDevice(18256): Searching for node with selector: BySelector [RES='\Qtech.gtt.frontapp.stb.demo:id/account_login_tv2\E'].
06-12 19:52:20.066 W/QueryController(18256): Could not detect idle state.
06-12 19:52:20.170 D/UiDevice(18256): Searching for node with selector: BySelector [RES='\Qtech.gtt.frontapp.stb.demo:id/account_login_tv2\E'].
06-12 19:52:20.170 W/QueryController(18256): Could not detect idle state.
06-12 19:52:20.275 D/UiDevice(18256): Searching for node with selector: BySelector [RES='\Qtech.gtt.frontapp.stb.demo:id/account_login_tv2\E'].
06-12 19:52:20.276 W/QueryController(18256): Could not detect idle state.
06-12 19:52:20.382 D/UiDevice(18256): Searching for node with selector: BySelector [RES='\Qtech.gtt.frontapp.stb.demo:id/account_login_tv2\E'].
06-12 19:52:20.383 W/QueryController(18256): Could not detect idle state.
06-12 19:52:20.485 D/UiDevice(18256): Searching for node with selector: BySelector [RES='\Qtech.gtt.frontapp.stb.demo:id/account_login_tv2\E'].
06-12 19:52:20.486 W/QueryController(18256): Could not detect idle state.
06-12 19:52:20.589 D/UiDevice(18256): Searching for node with selector: BySelector [RES='\Qtech.gtt.frontapp.stb.demo:id/account_login_tv2\E'].
06-12 19:52:20.589 W/QueryController(18256): Could not detect idle state.
06-12 19:52:20.692 D/UiDevice(18256): Searching for node with selector: BySelector [RES='\Qtech.gtt.frontapp.stb.demo:id/account_login_tv2\E'].
06-12 19:52:20.693 W/QueryController(18256): Could not detect idle state.
06-12 19:52:20.796 D/UiDevice(18256): Searching for node with selector: BySelector [RES='\Qtech.gtt.frontapp.stb.demo:id/account_login_tv2\E'].
06-12 19:52:20.796 W/QueryController(18256): Could not detect idle state.
06-12 19:52:20.899 D/UiDevice(18256): Searching for node with selector: BySelector [RES='\Qtech.gtt.frontapp.stb.demo:id/account_login_tv2\E'].
06-12 19:52:20.899 W/QueryController(18256): Could not detect idle state.
06-12 19:52:21.002 D/UiDevice(18256): Searching for node with selector: BySelector [RES='\Qtech.gtt.frontapp.stb.demo:id/account_login_tv2\E'].
06-12 19:52:21.002 W/QueryController(18256): Could not detect idle state.
06-12 19:52:21.104 D/UiDevice(18256): Searching for node with selector: BySelector [RES='\Qtech.gtt.frontapp.stb.demo:id/account_login_tv2\E'].
06-12 19:52:21.105 W/QueryController(18256): Could not detect idle state.
06-12 19:52:21.209 D/UiDevice(18256): Searching for node with selector: BySelector [RES='\Qtech.gtt.frontapp.stb.demo:id/account_login_tv2\E'].
06-12 19:52:21.210 W/QueryController(18256): Could not detect idle state.
06-12 19:52:21.312 D/UiDevice(18256): Searching for node with selector: BySelector [RES='\Qtech.gtt.frontapp.stb.demo:id/account_login_tv2\E'].
06-12 19:52:21.313 W/QueryController(18256): Could not detect idle state.
06-12 19:52:21.416 D/UiDevice(18256): Searching for node with selector: BySelector [RES='\Qtech.gtt.frontapp.stb.demo:id/account_login_tv2\E'].
06-12 19:52:21.416 W/QueryController(18256): Could not detect idle state.
06-12 19:52:21.521 D/UiDevice(18256): Searching for node with selector: BySelector [RES='\Qtech.gtt.frontapp.stb.demo:id/account_login_tv2\E'].
06-12 19:52:21.521 W/QueryController(18256): Could not detect idle state.
06-12 19:52:21.624 D/UiDevice(18256): Searching for node with selector: BySelector [RES='\Qtech.gtt.frontapp.stb.demo:id/account_login_tv2\E'].
06-12 19:52:21.624 W/QueryController(18256): Could not detect idle state.
06-12 19:52:21.729 D/UiDevice(18256): Searching for node with selector: BySelector [RES='\Qtech.gtt.frontapp.stb.demo:id/account_login_tv2\E'].
06-12 19:52:21.729 W/QueryController(18256): Could not detect idle state.
06-12 19:52:21.831 D/UiDevice(18256): Searching for node with selector: BySelector [RES='\Qtech.gtt.frontapp.stb.demo:id/account_login_tv2\E'].
06-12 19:52:21.831 W/QueryController(18256): Could not detect idle state.
06-12 19:52:21.934 D/UiDevice(18256): Searching for node with selector: BySelector [RES='\Qtech.gtt.frontapp.stb.demo:id/account_login_tv2\E'].
06-12 19:52:21.934 W/QueryController(18256): Could not detect idle state.
06-12 19:52:22.037 D/UiDevice(18256): Searching for node with selector: BySelector [RES='\Qtech.gtt.frontapp.stb.demo:id/account_login_tv2\E'].
06-12 19:52:22.037 W/QueryController(18256): Could not detect idle state.
06-12 19:52:22.140 D/UiDevice(18256): Searching for node with selector: BySelector [RES='\Qtech.gtt.frontapp.stb.demo:id/account_login_tv2\E'].
06-12 19:52:22.140 W/QueryController(18256): Could not detect idle state.
06-12 19:52:22.148 E/TaskPersister( 1925): File error accessing recents directory (directory doesn't exist?).
06-12 19:52:22.246 D/UiDevice(18256): Searching for node with selector: BySelector [RES='\Qtech.gtt.frontapp.stb.demo:id/account_login_tv2\E'].
06-12 19:52:22.247 W/QueryController(18256): Could not detect idle state.
06-12 19:52:22.355 D/UiDevice(18256): Searching for node with selector: BySelector [RES='\Qtech.gtt.frontapp.stb.demo:id/account_login_tv2\E'].
06-12 19:52:22.355 W/QueryController(18256): Could not detect idle state.
06-12 19:52:22.460 D/UiDevice(18256): Searching for node with selector: BySelector [RES='\Qtech.gtt.frontapp.stb.demo:id/account_login_tv2\E'].
06-12 19:52:22.460 W/QueryController(18256): Could not detect idle state.
06-12 19:52:22.564 D/UiDevice(18256): Searching for node with selector: BySelector [RES='\Qtech.gtt.frontapp.stb.demo:id/account_login_tv2\E'].
06-12 19:52:22.565 W/QueryController(18256): Could not detect idle state.
06-12 19:52:22.672 D/UiDevice(18256): Searching for node with selector: BySelector [RES='\Qtech.gtt.frontapp.stb.demo:id/account_login_tv2\E'].
06-12 19:52:22.673 W/QueryController(18256): Could not detect idle state.
06-12 19:52:22.776 D/UiDevice(18256): Searching for node with selector: BySelector [RES='\Qtech.gtt.frontapp.stb.demo:id/account_login_tv2\E'].
06-12 19:52:22.777 W/QueryController(18256): Could not detect idle state.
06-12 19:52:22.882 D/UiDevice(18256): Searching for node with selector: BySelector [RES='\Qtech.gtt.frontapp.stb.demo:id/account_login_tv2\E'].
06-12 19:52:22.883 W/QueryController(18256): Could not detect idle state.
06-12 19:52:22.926 D/AudioTrack( 1854): stop(33): called with 200704 frames delivered
06-12 19:52:22.987 D/UiDevice(18256): Searching for node with selector: BySelector [RES='\Qtech.gtt.frontapp.stb.demo:id/account_login_tv2\E'].
06-12 19:52:22.988 W/QueryController(18256): Could not detect idle state.
06-12 19:52:23.090 D/UiDevice(18256): Searching for node with selector: BySelector [RES='\Qtech.gtt.frontapp.stb.demo:id/account_login_tv2\E'].
06-12 19:52:23.092 W/QueryController(18256): Could not detect idle state.
06-12 19:52:23.203 D/UiDevice(18256): Searching for node with selector: BySelector [RES='\Qtech.gtt.frontapp.stb.demo:id/account_login_tv2\E'].
06-12 19:52:23.204 W/QueryController(18256): Could not detect idle state.
06-12 19:52:23.316 D/UiDevice(18256): Searching for node with selector: BySelector [RES='\Qtech.gtt.frontapp.stb.demo:id/account_login_tv2\E'].
06-12 19:52:23.316 W/QueryController(18256): Could not detect idle state.
06-12 19:52:23.334 D/NuPlayerDriver( 1854): stop(0xe9782020)
06-12 19:52:23.334 V/MediaPlayer(18311): resetDrmState:  mDrmInfo=null mDrmProvisioningThread=null mPrepareDrmInProgress=false mActiveDrmScheme=false
06-12 19:52:23.334 V/MediaPlayer(18311): cleanDrmObj: mDrmObj=null mDrmSessionId=null
06-12 19:52:23.334 D/NuPlayerDriver( 1854): reset(0xe9782020) at state 8
06-12 19:52:23.338 D/SurfaceUtils( 1854): disconnecting from surface 0xe4381948, reason disconnectFromSurface
06-12 19:52:23.339 D/SurfaceUtils( 1854): connecting to surface 0xe4381948, reason onShutdown
06-12 19:52:23.340 D/NuPlayerDriver( 1854): notifyResetComplete(0xe9782020)
06-12 19:52:23.340 D/SurfaceUtils( 1854): disconnecting from surface 0xe4383278, reason disconnectNativeWindow
06-12 19:52:23.341 W/AMessage( 1854): failed to post message as target looper for handler 0 is gone.
06-12 19:52:23.342 I/MediaFocusControl( 1925): abandonAudioFocus() from uid/pid 10058/18311 clientId=android.media.AudioManager@9d1473e
06-12 19:52:23.343 I/ActivityTaskManager( 1925): START u0 {cmp=tech.gtt.frontapp.stb.demo/tech.gtt.frontapp.stb.m.account.activity.LoginMethodSwitchActivity (has extras)} from uid 10058
06-12 19:52:23.347 I/MediaFocusControl( 1925): abandonAudioFocus() from uid/pid 10058/18311 clientId=android.media.AudioManager@9d1473e
06-12 19:52:23.347 W/MediaPlayer(18311): mediaplayer went away with unhandled events
06-12 19:52:23.349 W/MediaPlayer(18311): mediaplayer went away with unhandled events
06-12 19:52:23.352 W/ActivityTaskManager( 1925): Tried to set launchTime (0) < mLastActivityLaunchTime (3577172)
06-12 19:52:23.361 D/AndroidAutoSize(18311): tech.gtt.frontapp.stb.m.account.activity.LoginMethodSwitchActivity used the global configuration.
06-12 19:52:23.361 D/AndroidAutoSize(18311): The tech.gtt.frontapp.stb.m.account.activity.LoginMethodSwitchActivity has been adapted! 
06-12 19:52:23.361 D/AndroidAutoSize(18311): LoginMethodSwitchActivity Info: isBaseOnWidth = true, designWidthInDp = 1920.000000, designWidthInSubunits = 1920.000000, targetDensity = 1.000000, targetScaledDensity = 1.000000, targetDensityDpi = 160, targetXdpi = 1.000000, targetScreenWidthDp = 1920, targetScreenHeightDp = 1032
06-12 19:52:23.386 D/AndroidAutoSize(18311): tech.gtt.frontapp.stb.m.account.activity.LoginMethodSwitchActivity used the global configuration.
06-12 19:52:23.386 D/AndroidAutoSize(18311): The tech.gtt.frontapp.stb.m.account.activity.LoginMethodSwitchActivity has been adapted! 
06-12 19:52:23.386 D/AndroidAutoSize(18311): LoginMethodSwitchActivity Info: isBaseOnWidth = true, designWidthInDp = 1920.000000, designWidthInSubunits = 1920.000000, targetDensity = 1.000000, targetScaledDensity = 1.000000, targetDensityDpi = 160, targetXdpi = 1.000000, targetScreenWidthDp = 1920, targetScreenHeightDp = 1032
06-12 19:52:23.397 D/gralloc_nox( 1767): gralloc_alloc: Creating ashmem region of size 8298496
06-12 19:52:23.414 D/gralloc_nox( 1767): gralloc_alloc: Creating ashmem region of size 8298496
06-12 19:52:23.420 D/UiDevice(18256): Searching for node with selector: BySelector [RES='\Qtech.gtt.frontapp.stb.demo:id/account_login_tv2\E'].
06-12 19:52:23.424 W/QueryController(18256): Could not detect idle state.
06-12 19:52:23.440 D/gralloc_nox( 1767): gralloc_alloc: Creating ashmem region of size 8298496
06-12 19:52:23.445 D/ProcessState(18712): Binder ioctl to enable oneway spam detection failed: Invalid argument
06-12 19:52:23.503 E/libEGL  (18311): called unimplemented OpenGL ES API
06-12 19:52:23.520 I/ActivityTaskManager( 1925): Displayed tech.gtt.frontapp.stb.demo/tech.gtt.frontapp.stb.m.account.activity.LoginMethodSwitchActivity: +174ms
06-12 19:52:23.675 D/UiDevice(18256): Searching for node with selector: BySelector [RES='\Qtech.gtt.frontapp.stb.demo:id/account_login_tv2\E'].
06-12 19:52:23.675 W/QueryController(18256): Could not detect idle state.
06-12 19:52:23.697 D/UIAutomatorStub(18256): URI: /jsonrpc/0, Method: POST, params, {NanoHttpd.QUERY_STRING=null}, files: {postData={"jsonrpc": "2.0", "id": 1, "method": "objInfo", "params": [{"mask": 2097152, "childOrSibling": [], "childOrSiblingSelector": [], "resourceId": "tech.gtt.frontapp.stb.demo:id/account_login_tv2"}]}}
06-12 19:52:23.698 D/UiDevice(18256): Retrieving node with selector: BySelector [RES='\Qtech.gtt.frontapp.stb.demo:id/account_login_tv2\E'].
06-12 19:52:23.698 W/QueryController(18256): Could not detect idle state.
06-12 19:52:23.700 W/QueryController(18256): Could not detect idle state.
06-12 19:52:23.701 W/QueryController(18256): Could not detect idle state.
06-12 19:52:23.702 W/QueryController(18256): Could not detect idle state.
06-12 19:52:23.703 W/QueryController(18256): Could not detect idle state.
06-12 19:52:23.703 W/QueryController(18256): Could not detect idle state.
06-12 19:52:23.704 W/QueryController(18256): Could not detect idle state.
06-12 19:52:23.705 W/QueryController(18256): Could not detect idle state.
06-12 19:52:23.707 W/QueryController(18256): Could not detect idle state.
06-12 19:52:23.708 W/QueryController(18256): Could not detect idle state.
06-12 19:52:23.710 W/QueryController(18256): Could not detect idle state.
06-12 19:52:23.711 W/QueryController(18256): Could not detect idle state.
06-12 19:52:23.712 W/QueryController(18256): Could not detect idle state.
06-12 19:52:23.712 W/QueryController(18256): Could not detect idle state.
06-12 19:52:23.713 W/QueryController(18256): Could not detect idle state.
06-12 19:52:23.713 W/QueryController(18256): Could not detect idle state.
06-12 19:52:23.714 W/QueryController(18256): Could not detect idle state.
06-12 19:52:23.715 W/QueryController(18256): Could not detect idle state.
06-12 19:52:23.743 D/UIAutomatorStub(18256): URI: /jsonrpc/0, Method: POST, params, {NanoHttpd.QUERY_STRING=null}, files: {postData={"jsonrpc": "2.0", "id": 1, "method": "click", "params": [1390.0, 559.0]}}
06-12 19:52:23.747 W/InputManager-JNI( 1925): Input channel object '6810b09 tech.gtt.frontapp.stb.demo/tech.gtt.frontapp.stb.m.home.activity.LoadingActivity (client)' was disposed without first being removed with the input manager!
06-12 19:52:23.882 I/ActivityTaskManager( 1925): START u0 {cmp=tech.gtt.frontapp.stb.demo/tech.gtt.frontapp.stb.m.account.activity.LoginActivity} from uid 10058
06-12 19:52:23.902 W/ActivityTaskManager( 1925): Tried to set launchTime (0) < mLastActivityLaunchTime (3581867)
06-12 19:52:23.913 D/AndroidAutoSize(18311): tech.gtt.frontapp.stb.m.account.activity.LoginActivity used the global configuration.
06-12 19:52:23.913 D/AndroidAutoSize(18311): The tech.gtt.frontapp.stb.m.account.activity.LoginActivity has been adapted! 
06-12 19:52:23.913 D/AndroidAutoSize(18311): LoginActivity Info: isBaseOnWidth = true, designWidthInDp = 1920.000000, designWidthInSubunits = 1920.000000, targetDensity = 1.000000, targetScaledDensity = 1.000000, targetDensityDpi = 160, targetXdpi = 1.000000, targetScreenWidthDp = 1920, targetScreenHeightDp = 1032
06-12 19:52:23.921 D/UIAutomatorStub(18256): URI: /jsonrpc/0, Method: POST, params, {NanoHttpd.QUERY_STRING=null}, files: {postData={"jsonrpc": "2.0", "id": 1, "method": "waitForExists", "params": [{"mask": 2097152, "childOrSibling": [], "childOrSiblingSelector": [], "resourceId": "tech.gtt.frontapp.stb.demo:id/loginf_et_username"}, 20000]}}
06-12 19:52:23.922 D/UiDevice(18256): Waiting 20000ms for SearchCondition[hasObject=BySelector [RES='\Qtech.gtt.frontapp.stb.demo:id/loginf_et_username\E']].
06-12 19:52:23.922 D/UiDevice(18256): Searching for node with selector: BySelector [RES='\Qtech.gtt.frontapp.stb.demo:id/loginf_et_username\E'].
06-12 19:52:23.923 W/QueryController(18256): Could not detect idle state.
06-12 19:52:23.963 D/AndroidAutoSize(18311): tech.gtt.frontapp.stb.m.account.activity.LoginActivity used the global configuration.
06-12 19:52:23.963 D/AndroidAutoSize(18311): The tech.gtt.frontapp.stb.m.account.activity.LoginActivity has been adapted! 
06-12 19:52:23.963 D/AndroidAutoSize(18311): LoginActivity Info: isBaseOnWidth = true, designWidthInDp = 1920.000000, designWidthInSubunits = 1920.000000, targetDensity = 1.000000, targetScaledDensity = 1.000000, targetDensityDpi = 160, targetXdpi = 1.000000, targetScreenWidthDp = 1920, targetScreenHeightDp = 1032
06-12 19:52:23.966 W/WindowManager( 1925): Failed looking up window session=Session{d045fc4 18311:u0a10058} callers=com.android.server.wm.WindowManagerService.windowForClientLocked:5850 com.android.server.wm.Session.updateRequestedVisibilities:640 android.view.IWindowSession$Stub.onTransact:1175 
06-12 19:52:23.984 D/gralloc_nox( 1767): gralloc_alloc: Creating ashmem region of size 8298496
06-12 19:52:23.998 D/gralloc_nox( 1767): gralloc_alloc: Creating ashmem region of size 8298496
06-12 19:52:24.013 D/gralloc_nox( 1767): gralloc_alloc: Creating ashmem region of size 8298496
06-12 19:52:24.021 D/ProcessState(18724): Binder ioctl to enable oneway spam detection failed: Invalid argument
06-12 19:52:24.022 W/SurfaceFlinger( 1800): couldn't log to binary event log: overflow.
06-12 19:52:24.070 D/UiDevice(18256): Searching for node with selector: BySelector [RES='\Qtech.gtt.frontapp.stb.demo:id/loginf_et_username\E'].
06-12 19:52:24.070 W/QueryController(18256): Could not detect idle state.
06-12 19:52:24.093 I/ActivityTaskManager( 1925): Displayed tech.gtt.frontapp.stb.demo/tech.gtt.frontapp.stb.m.account.activity.LoginActivity: +210ms
06-12 19:52:24.126 D/UIAutomatorStub(18256): URI: /jsonrpc/0, Method: POST, params, {NanoHttpd.QUERY_STRING=null}, files: {postData={"jsonrpc": "2.0", "id": 1, "method": "objInfo", "params": [{"mask": 2097152, "childOrSibling": [], "childOrSiblingSelector": [], "resourceId": "tech.gtt.frontapp.stb.demo:id/loginf_et_username"}]}}
06-12 19:52:24.127 D/UiDevice(18256): Retrieving node with selector: BySelector [RES='\Qtech.gtt.frontapp.stb.demo:id/loginf_et_username\E'].
06-12 19:52:24.127 W/QueryController(18256): Could not detect idle state.
06-12 19:52:24.143 W/QueryController(18256): Could not detect idle state.
06-12 19:52:24.145 W/QueryController(18256): Could not detect idle state.
06-12 19:52:24.147 W/QueryController(18256): Could not detect idle state.
06-12 19:52:24.149 W/QueryController(18256): Could not detect idle state.
06-12 19:52:24.150 W/QueryController(18256): Could not detect idle state.
06-12 19:52:24.151 W/QueryController(18256): Could not detect idle state.
06-12 19:52:24.152 W/QueryController(18256): Could not detect idle state.
06-12 19:52:24.153 W/QueryController(18256): Could not detect idle state.
06-12 19:52:24.154 W/QueryController(18256): Could not detect idle state.
06-12 19:52:24.156 W/QueryController(18256): Could not detect idle state.
06-12 19:52:24.158 W/QueryController(18256): Could not detect idle state.
06-12 19:52:24.159 W/QueryController(18256): Could not detect idle state.
06-12 19:52:24.161 W/QueryController(18256): Could not detect idle state.
06-12 19:52:24.162 W/QueryController(18256): Could not detect idle state.
06-12 19:52:24.163 W/QueryController(18256): Could not detect idle state.
06-12 19:52:24.164 W/QueryController(18256): Could not detect idle state.
06-12 19:52:24.165 W/QueryController(18256): Could not detect idle state.
06-12 19:52:24.183 D/UIAutomatorStub(18256): URI: /jsonrpc/0, Method: POST, params, {NanoHttpd.QUERY_STRING=null}, files: {postData={"jsonrpc": "2.0", "id": 1, "method": "click", "params": [1057.0, 437.0]}}
06-12 19:52:24.359 W/SurfaceFlinger( 1800): couldn't log to binary event log: overflow.
06-12 19:52:24.447 D/CompatibilityChangeReporter(18311): Compat change id reported: 163400105; UID 10058; state: ENABLED
06-12 19:52:24.447 D/InputMethodManager(18311): showSoftInput() view=tech.gtt.frontapp.stb.c.ui.edittext.EmailAutoCompleteTextView{8c08492 VFED..CL. .F.P..ID 0,0-700,92 #7f0b02ce app:id/loginf_et_username aid=1073741824} flags=0 reason=SHOW_SOFT_INPUT
06-12 19:52:24.447 V/InputMethodService( 2648): onEvaluateInputViewShown: config.hardKeyboardHidden = 2
06-12 19:52:24.447 V/InputMethodService( 2648): onEvaluateInputViewShown: config.hardKeyboardHidden = 2
06-12 19:52:24.447 I/AdbKeyboard( 2648): imeAction: 5 Next
06-12 19:52:24.459 D/gralloc_nox( 1767): gralloc_alloc: Creating ashmem region of size 647168
06-12 19:52:24.490 D/gralloc_nox( 1767): gralloc_alloc: Creating ashmem region of size 647168
06-12 19:52:24.492 D/gralloc_nox( 1767): gralloc_alloc: Creating ashmem region of size 647168
06-12 19:52:24.495 D/UIAutomatorStub(18256): URI: /jsonrpc/0, Method: POST, params, {NanoHttpd.QUERY_STRING=null}, files: {postData={"jsonrpc": "2.0", "id": 1, "method": "waitForExists", "params": [{"mask": 2097152, "childOrSibling": [], "childOrSiblingSelector": [], "resourceId": "tech.gtt.frontapp.stb.demo:id/loginf_et_username"}, 20000]}}
06-12 19:52:24.497 D/UiDevice(18256): Waiting 20000ms for SearchCondition[hasObject=BySelector [RES='\Qtech.gtt.frontapp.stb.demo:id/loginf_et_username\E']].
06-12 19:52:24.497 D/UiDevice(18256): Searching for node with selector: BySelector [RES='\Qtech.gtt.frontapp.stb.demo:id/loginf_et_username\E'].
06-12 19:52:24.498 W/QueryController(18256): Could not detect idle state.
06-12 19:52:24.501 D/ProcessState(18734): Binder ioctl to enable oneway spam detection failed: Invalid argument
06-12 19:52:24.501 D/InsetsController(18311): show(ime(), fromIme=true)
06-12 19:52:24.542 D/UIAutomatorStub(18256): URI: /jsonrpc/0, Method: POST, params, {NanoHttpd.QUERY_STRING=null}, files: {postData={"jsonrpc": "2.0", "id": 1, "method": "setText", "params": [{"mask": 2097152, "childOrSibling": [], "childOrSiblingSelector": [], "resourceId": "tech.gtt.frontapp.stb.demo:id/loginf_et_username"}, "0609@ipwangxin.cn"]}}
06-12 19:52:24.545 D/UiDevice(18256): Retrieving node with selector: BySelector [RES='\Qtech.gtt.frontapp.stb.demo:id/loginf_et_username\E'].
06-12 19:52:24.546 W/QueryController(18256): Could not detect idle state.
06-12 19:52:24.550 W/QueryController(18256): Could not detect idle state.
06-12 19:52:24.552 D/UiObject2(18256): Clicking on (1057, 437).
06-12 19:52:24.569 D/InputMethodManager(18311): showSoftInput() view=tech.gtt.frontapp.stb.c.ui.edittext.EmailAutoCompleteTextView{8c08492 VFED..CL. .F.P.... 0,0-700,92 #7f0b02ce app:id/loginf_et_username aid=1073741824} flags=0 reason=SHOW_SOFT_INPUT
06-12 19:52:24.569 V/InputMethodService( 2648): onEvaluateInputViewShown: config.hardKeyboardHidden = 2
06-12 19:52:24.569 V/InputMethodService( 2648): onEvaluateInputViewShown: config.hardKeyboardHidden = 2
06-12 19:52:24.570 D/InsetsController(18311): show(ime(), fromIme=true)
06-12 19:52:24.582 D/UiDevice(18256): Retrieving node with selector: BySelector [RES='\Qtech.gtt.frontapp.stb.demo:id/loginf_et_username\E'].
06-12 19:52:24.582 W/QueryController(18256): Could not detect idle state.
06-12 19:52:24.585 W/QueryController(18256): Could not detect idle state.
06-12 19:52:24.586 D/UiObject2(18256): Setting text to '0609@ipwangxin.cn'.
06-12 19:52:24.591 I/AdbKeyboard( 2648): imeAction: 5 Next
06-12 19:52:24.591 V/InputMethodService( 2648): onEvaluateInputViewShown: config.hardKeyboardHidden = 2
06-12 19:52:24.591 V/InputMethodService( 2648): onEvaluateInputViewShown: config.hardKeyboardHidden = 2
06-12 19:52:24.597 D/InsetsController(18311): show(ime(), fromIme=true)
06-12 19:52:24.622 D/UIAutomatorStub(18256): URI: /jsonrpc/0, Method: POST, params, {NanoHttpd.QUERY_STRING=null}, files: {postData={"jsonrpc": "2.0", "id": 1, "method": "waitForExists", "params": [{"mask": 2097152, "childOrSibling": [], "childOrSiblingSelector": [], "resourceId": "tech.gtt.frontapp.stb.demo:id/et_pwd"}, 20000]}}
06-12 19:52:24.631 D/UiDevice(18256): Waiting 20000ms for SearchCondition[hasObject=BySelector [RES='\Qtech.gtt.frontapp.stb.demo:id/et_pwd\E']].
06-12 19:52:24.632 D/UiDevice(18256): Searching for node with selector: BySelector [RES='\Qtech.gtt.frontapp.stb.demo:id/et_pwd\E'].
06-12 19:52:24.634 W/QueryController(18256): Could not detect idle state.
06-12 19:52:24.677 D/UIAutomatorStub(18256): URI: /jsonrpc/0, Method: POST, params, {NanoHttpd.QUERY_STRING=null}, files: {postData={"jsonrpc": "2.0", "id": 1, "method": "objInfo", "params": [{"mask": 2097152, "childOrSibling": [], "childOrSiblingSelector": [], "resourceId": "tech.gtt.frontapp.stb.demo:id/et_pwd"}]}}
06-12 19:52:24.677 D/UiDevice(18256): Retrieving node with selector: BySelector [RES='\Qtech.gtt.frontapp.stb.demo:id/et_pwd\E'].
06-12 19:52:24.678 W/QueryController(18256): Could not detect idle state.
06-12 19:52:24.681 W/QueryController(18256): Could not detect idle state.
06-12 19:52:24.682 W/QueryController(18256): Could not detect idle state.
06-12 19:52:24.683 W/QueryController(18256): Could not detect idle state.
06-12 19:52:24.684 W/QueryController(18256): Could not detect idle state.
06-12 19:52:24.685 W/QueryController(18256): Could not detect idle state.
06-12 19:52:24.685 W/QueryController(18256): Could not detect idle state.
06-12 19:52:24.686 W/QueryController(18256): Could not detect idle state.
06-12 19:52:24.687 W/QueryController(18256): Could not detect idle state.
06-12 19:52:24.688 W/QueryController(18256): Could not detect idle state.
06-12 19:52:24.688 W/QueryController(18256): Could not detect idle state.
06-12 19:52:24.689 W/QueryController(18256): Could not detect idle state.
06-12 19:52:24.690 W/QueryController(18256): Could not detect idle state.
06-12 19:52:24.690 W/QueryController(18256): Could not detect idle state.
06-12 19:52:24.691 W/QueryController(18256): Could not detect idle state.
06-12 19:52:24.691 W/QueryController(18256): Could not detect idle state.
06-12 19:52:24.692 W/QueryController(18256): Could not detect idle state.
06-12 19:52:24.693 W/QueryController(18256): Could not detect idle state.
06-12 19:52:24.719 D/UIAutomatorStub(18256): URI: /jsonrpc/0, Method: POST, params, {NanoHttpd.QUERY_STRING=null}, files: {postData={"jsonrpc": "2.0", "id": 1, "method": "click", "params": [1057.0, 559.0]}}
06-12 19:52:24.756 W/NotificationHistory( 1925): Attempted to add notif for locked/gone/disabled user 0
06-12 19:52:24.764 D/InterruptionStateProvider( 2100): No bubble up: not allowed to bubble: -1|android|8|null|1000
06-12 19:52:24.764 D/InterruptionStateProvider( 2100): No heads up: unimportant notification: -1|android|8|null|1000
06-12 19:52:24.764 D/PeopleSpaceWidgetMgr( 2100): Sbn doesn't contain valid PeopleTileKey: null/-1/android
