--------- beginning of main
06-12 19:51:59.242 D/ProcessState(18282): Binder ioctl to enable oneway spam detection failed: Invalid argument
--------- beginning of system
06-12 19:51:59.243 I/ActivityManager( 1925): Force stopping tech.gtt.frontapp.stb.demo appid=10058 user=0: clear data
06-12 19:51:59.244 I/ActivityManager( 1925): Force stopping tech.gtt.frontapp.stb.demo appid=10058 user=-1: clearApplicationUserData
06-12 19:51:59.261 I/MediaProvider( 2559): Begin Intent { act=android.intent.action.PACKAGE_DATA_CLEARED dat=package:tech.gtt.frontapp.stb.demo flg=0x1000010 cmp=com.android.providers.media.module/com.android.providers.media.MediaService (has extras) }
06-12 19:51:59.261 D/MediaProvider( 2559): Deleted 0 Android/media items belonging to tech.gtt.frontapp.stb.demo on /data/user/0/com.android.providers.media.module/databases/external.db
06-12 19:51:59.262 I/MediaProvider( 2559): End Intent { act=android.intent.action.PACKAGE_DATA_CLEARED dat=package:tech.gtt.frontapp.stb.demo flg=0x1000010 cmp=com.android.providers.media.module/com.android.providers.media.MediaService (has extras) }
06-12 19:51:59.306 D/AndroidRuntime(18296): >>>>>> START com.android.internal.os.RuntimeInit uid 0 <<<<<<
06-12 19:51:59.307 I/AndroidRuntime(18296): Using default boot image
06-12 19:51:59.307 I/AndroidRuntime(18296): Leaving lock profiling enabled
06-12 19:51:59.309 W/app_process(18296): ART APEX data files are untrusted.
06-12 19:51:59.309 I/app_process(18296): Core platform API reporting enabled, enforcing=false
06-12 19:51:59.337 D/app_process(18296): Time zone APEX ICU file found: /apex/com.android.tzdata/etc/icu/icu_tzdata.dat
06-12 19:51:59.337 D/app_process(18296): I18n APEX ICU file found: /apex/com.android.i18n/etc/icu/icudt68l.dat
06-12 19:51:59.340 W/app_process(18296): Unexpected CPU variant for X86 using defaults: x86_64
06-12 19:51:59.352 D/ProcessState(18296): Binder ioctl to enable oneway spam detection failed: Invalid argument
06-12 19:51:59.352 D/AndroidRuntime(18296): Calling main entry com.android.commands.monkey.Monkey
06-12 19:51:59.352 W/Monkey  (18296): args: [-p, tech.gtt.frontapp.stb.demo, -c, android.intent.category.LAUNCHER, 1]
06-12 19:51:59.353 W/Monkey  (18296):  arg: "-p"
06-12 19:51:59.353 W/Monkey  (18296):  arg: "tech.gtt.frontapp.stb.demo"
06-12 19:51:59.353 W/Monkey  (18296):  arg: "-c"
06-12 19:51:59.353 W/Monkey  (18296):  arg: "android.intent.category.LAUNCHER"
06-12 19:51:59.353 W/Monkey  (18296):  arg: "1"
06-12 19:51:59.353 W/Monkey  (18296): data="tech.gtt.frontapp.stb.demo"
06-12 19:51:59.354 W/Monkey  (18296): data="android.intent.category.LAUNCHER"
06-12 19:51:59.381 W/BroadcastQueue( 1925): Skipping deliver [background] BroadcastRecord{16ca8f6 u-1 android.net.conn.CONNECTIVITY_CHANGE} to ReceiverList{b0314f7 18296 (unknown name)/0/u-1 remote:f6bffb8}: process gone or crashing
06-12 19:51:59.384 I/ActivityTaskManager( 1925): START u0 {act=android.intent.action.MAIN cat=[android.intent.category.LAUNCHER] flg=0x10200000 cmp=tech.gtt.frontapp.stb.demo/tech.gtt.frontapp.stb.m.home.activity.SplashActivity} from uid 0
06-12 19:51:59.385 W/ActivityTaskManager( 1925): Can't find TaskDisplayArea to determine support for multi window. Task id=38 attached=false
06-12 19:51:59.396 I/Monkey  (18296): Events injected: 1
06-12 19:51:59.401 D/CompatibilityChangeReporter( 1925): Compat change id reported: 135634846; UID 10058; state: DISABLED
06-12 19:51:59.401 D/CompatibilityChangeReporter( 1925): Compat change id reported: 143937733; UID 10058; state: ENABLED
06-12 19:51:59.402 I/Monkey  (18296): ## Network stats: elapsed time=19ms (0ms mobile, 0ms wifi, 19ms not connected)
06-12 19:51:59.411 D/gralloc_nox( 1767): gralloc_alloc: Creating ashmem region of size 8298496
06-12 19:51:59.444 D/Zygote  ( 1753): Forked child process 18311
06-12 19:51:59.446 W/ActivityManager( 1925): Slow operation: 51ms so far, now at startProcess: returned from zygote!
06-12 19:51:59.446 W/ActivityManager( 1925): Slow operation: 52ms so far, now at startProcess: done updating battery stats
06-12 19:51:59.447 W/ActivityManager( 1925): Slow operation: 52ms so far, now at startProcess: building log message
06-12 19:51:59.447 I/ActivityManager( 1925): Start proc 18311:tech.gtt.frontapp.stb.demo/u0a58 for pre-top-activity {tech.gtt.frontapp.stb.demo/tech.gtt.frontapp.stb.m.home.activity.SplashActivity}
06-12 19:51:59.447 W/ActivityManager( 1925): Slow operation: 52ms so far, now at startProcess: starting to update pids map
06-12 19:51:59.447 W/ActivityManager( 1925): Slow operation: 52ms so far, now at startProcess: done updating pids map
06-12 19:51:59.448 I/app_process(18296): System.exit called, status: 0
06-12 19:51:59.448 I/AndroidRuntime(18296): VM exiting with result code 0.
06-12 19:51:59.450 D/gralloc_nox( 1767): gralloc_alloc: Creating ashmem region of size 8298496
06-12 19:51:59.451 I/Zygote  (18311): seccomp disabled by setenforce 0
06-12 19:51:59.456 W/ontapp.stb.dem(18311): Unexpected CPU variant for X86 using defaults: x86_64
06-12 19:51:59.465 D/ProcessState(18311): Binder ioctl to enable oneway spam detection failed: Invalid argument
06-12 19:51:59.481 E/ashmem  (18311): memfd: ro.vndk.version not defined or invalid (), this is mandated since P.
06-12 19:51:59.483 D/CompatibilityChangeReporter(18311): Compat change id reported: 171979766; UID 10058; state: ENABLED
06-12 19:51:59.493 D/gralloc_nox( 1767): gralloc_alloc: Creating ashmem region of size 8298496
06-12 19:51:59.520 V/GraphicsEnvironment(18311): ANGLE Developer option for 'tech.gtt.frontapp.stb.demo' set to: 'default'
06-12 19:51:59.521 V/GraphicsEnvironment(18311): ANGLE GameManagerService for tech.gtt.frontapp.stb.demo: false
06-12 19:51:59.522 V/GraphicsEnvironment(18311): Neither updatable production driver nor prerelease driver is supported.
06-12 19:51:59.528 D/NetworkSecurityConfig(18311): Using Network Security Config from resource network_security_config debugBuild: false
06-12 19:51:59.529 D/NetworkSecurityConfig(18311): Using Network Security Config from resource network_security_config debugBuild: false
06-12 19:51:59.542 I/MultiDex(18311): VM with version 2.1.0 has multidex support
06-12 19:51:59.542 I/MultiDex(18311): Installing application
06-12 19:51:59.542 I/MultiDex(18311): VM has multidex support, MultiDex support library is disabled.
06-12 19:51:59.542 E/[Package](18311): params: AppConfiguration(vnoId='11026504', brandId='d0k7d3p3kdikth2o3q6g', appId='d0jucrbq6bt4h33c0ma0', sourceId='30006401-31002837', authServers='https://gtt-app-apigateway-lion.vdemosit.com', shareKey='S2kQMgUSugYyMlk5QclHDaF0uDsFnB0oJoFeAFgsKb8=', packageName='tech.gtt.frontapp.stb.demo', appName='Goose TV', appVersionName='v1.0.0', appVersionCode='7', pluginVersionCode='1', pluginVersionName='6.0.0-beta-build5', packageSeq='1', buglyAppId='d76a04165f', buglyKey='13b89b2d-1c12-4c4f-93b8-46e3c2ef9f73', baseVersionCode='20000066', gitTag='2.1.4-beta6', supportLang='en,pt,es', defaultLang='en', bootLoadType='1')
06-12 19:51:59.542 W/System.err(18311): java.lang.ClassNotFoundException: tech.gtt.frontapp.stb.docker.plugin.PluginUtils
06-12 19:51:59.543 W/System.err(18311): 	at java.lang.Class.classForName(Native Method)
06-12 19:51:59.543 W/System.err(18311): 	at java.lang.Class.forName(Class.java:454)
06-12 19:51:59.543 W/System.err(18311): 	at java.lang.Class.forName(Class.java:379)
06-12 19:51:59.543 W/System.err(18311): 	at ot.e.b(SourceFile:3)
06-12 19:51:59.543 W/System.err(18311): 	at tech.gtt.frontapp.stb.app.MainApplication.attachBaseContext(SourceFile:130)
06-12 19:51:59.543 W/System.err(18311): 	at android.app.Application.attach(Application.java:338)
06-12 19:51:59.543 W/System.err(18311): 	at android.app.Instrumentation.newApplication(Instrumentation.java:1190)
06-12 19:51:59.543 W/System.err(18311): 	at android.app.LoadedApk.makeApplication(LoadedApk.java:1361)
06-12 19:51:59.543 W/System.err(18311): 	at android.app.ActivityThread.handleBindApplication(ActivityThread.java:6728)
06-12 19:51:59.543 W/System.err(18311): 	at android.app.ActivityThread.access$1500(ActivityThread.java:256)
06-12 19:51:59.543 W/System.err(18311): 	at android.app.ActivityThread$H.handleMessage(ActivityThread.java:2091)
06-12 19:51:59.543 W/System.err(18311): 	at android.os.Handler.dispatchMessage(Handler.java:106)
06-12 19:51:59.543 W/System.err(18311): 	at android.os.Looper.loopOnce(Looper.java:201)
06-12 19:51:59.543 W/System.err(18311): 	at android.os.Looper.loop(Looper.java:288)
06-12 19:51:59.543 W/System.err(18311): 	at android.app.ActivityThread.main(ActivityThread.java:7875)
06-12 19:51:59.543 W/System.err(18311): 	at java.lang.reflect.Method.invoke(Native Method)
06-12 19:51:59.543 W/System.err(18311): 	at com.android.internal.os.RuntimeInit$MethodAndArgsCaller.run(RuntimeInit.java:568)
06-12 19:51:59.543 W/System.err(18311): 	at com.android.internal.os.ZygoteInit.main(ZygoteInit.java:1005)
06-12 19:51:59.543 W/System.err(18311): Caused by: java.lang.ClassNotFoundException: tech.gtt.frontapp.stb.docker.plugin.PluginUtils
06-12 19:51:59.543 W/System.err(18311): 	... 18 more
06-12 19:51:59.543 E/[Package](18311): isInPluginMode: false
06-12 19:51:59.544 I/CustomActivityOnCrash(18311): CustomActivityOnCrash has been installed.
06-12 19:51:59.545 I/System.out(18311): Modular_Init : a - initialize
06-12 19:51:59.549 I/System.out(18311): Modular_Init : d - initialize
06-12 19:51:59.550 I/System.out(18311): Modular_Init : a - initialize
06-12 19:51:59.550 I/System.out(18311): Modular_Init : a - initialize
06-12 19:51:59.550 D/[CatchupInitModule](18311): init---
06-12 19:51:59.551 I/System.out(18311): Modular_Init : b - initialize
06-12 19:51:59.551 I/System.out(18311): Modular_Init : a - initialize
06-12 19:51:59.551 D/[ReplayInitialize](18311): init---
06-12 19:51:59.552 I/System.out(18311): Modular_Init : a - initialize
06-12 19:51:59.552 D/[LiveInitialize](18311): init---
06-12 19:51:59.553 D/AndroidAutoSize(18311): designWidthInDp = 360, designHeightInDp = 640, screenWidth = 1920, screenHeight = 1080
06-12 19:51:59.553 D/AndroidAutoSize(18311): initDensity = 2.0, initScaledDensity = 2.0
06-12 19:51:59.619 D/AndroidAutoSize(18311): tech.gtt.frontapp.stb.m.home.activity.SplashActivity used the global configuration.
06-12 19:51:59.626 D/AndroidAutoSize(18311): The tech.gtt.frontapp.stb.m.home.activity.SplashActivity has been adapted! 
06-12 19:51:59.626 D/AndroidAutoSize(18311): SplashActivity Info: isBaseOnWidth = true, designWidthInDp = 1920.000000, designWidthInSubunits = 1920.000000, targetDensity = 1.000000, targetScaledDensity = 1.000000, targetDensityDpi = 160, targetXdpi = 1.000000, targetScreenWidthDp = 1920, targetScreenHeightDp = 1032
06-12 19:51:59.668 D/AndroidAutoSize(18311): tech.gtt.frontapp.stb.m.home.activity.SplashActivity used the global configuration.
06-12 19:51:59.669 D/AndroidAutoSize(18311): The tech.gtt.frontapp.stb.m.home.activity.SplashActivity has been adapted! 
06-12 19:51:59.669 D/AndroidAutoSize(18311): SplashActivity Info: isBaseOnWidth = true, designWidthInDp = 1920.000000, designWidthInSubunits = 1920.000000, targetDensity = 1.000000, targetScaledDensity = 1.000000, targetDensityDpi = 160, targetXdpi = 1.000000, targetScreenWidthDp = 1920, targetScreenHeightDp = 1032
06-12 19:51:59.673 I/ActivityTaskManager( 1925): START u0 {act=android.content.pm.action.REQUEST_PERMISSIONS pkg=com.android.permissioncontroller cmp=com.android.permissioncontroller/.permission.ui.GrantPermissionsActivity (has extras)} from uid 10058
06-12 19:51:59.707 D/ontapp.stb.dem(18311): createUnique: call
06-12 19:51:59.719 D/ontapp.stb.dem(18311): HostComposition ext GL_OES_EGL_image GL_OES_EGL_image_external GL_OES_depth24 GL_OES_depth32 GL_OES_element_index_uint GL_OES_texture_float GL_OES_texture_float_linear GL_OES_compressed_paletted_texture GL_OES_compressed_ETC1_RGB8_texture GL_OES_depth_texture GL_EXT_texture_format_BGRA8888 GL_APPLE_texture_format_BGRA8888 GL_OES_texture_half_float GL_EXT_robustness GL_OES_texture_half_float_linear GL_OES_packed_depth_stencil GL_OES_vertex_half_float GL_OES_texture_npot GL_OES_rgb8_rgba8 GL_EXT_color_buffer_float GL_EXT_texture_sRGB_decode ANDROID_gles_max_version_3_1 GL_OES_vertex_array_object GL_EXT_texture_buffer GL_EXT_copy_image GL_KHR_texture_compression_astc_ldr GL_KHR_texture_compression_astc_hdr GL_OES_texture_compression_astc GL_OES_EGL_image_external
06-12 19:51:59.720 D/hw-ProcessState(18311): Binder ioctl to enable oneway spam detection failed: Invalid argument
06-12 19:51:59.720 W/OpenGLRenderer(18311): Failed to initialize 101010-2 format, error = EGL_SUCCESS
06-12 19:51:59.720 D/EGL_emulation(18311): rcCreateContext wated version 2.0  rc:4
06-12 19:51:59.733 D/EGL_emulation(18311): eglMakeCurrent: 0x7f53185681f0: ver 3 2 (tinfo 0x7f52985a0990) (first time)
06-12 19:51:59.737 E/HWComposer( 1800): getSupportedContentTypes: getSupportedContentTypes failed for display 0: Unsupported (8)
06-12 19:51:59.738 I/hwservicemanager( 1564): getTransport: Cannot find entry android.hardware.graphics.mapper@4.0::IMapper/default in either framework or device VINTF manifest.
06-12 19:51:59.738 I/Gralloc4(18311): mapper 4.x is not supported
06-12 19:51:59.738 I/hwservicemanager( 1564): getTransport: Cannot find entry android.hardware.graphics.mapper@3.0::IMapper/default in either framework or device VINTF manifest.
06-12 19:51:59.738 W/Gralloc3(18311): mapper 3.x is not supported
06-12 19:51:59.741 I/hwservicemanager( 1564): getTransport: Cannot find entry android.hardware.graphics.allocator@4.0::IAllocator/default in either framework or device VINTF manifest.
06-12 19:51:59.741 W/Gralloc4(18311): allocator 4.x is not supported
06-12 19:51:59.741 I/hwservicemanager( 1564): getTransport: Cannot find entry android.hardware.graphics.allocator@3.0::IAllocator/default in either framework or device VINTF manifest.
06-12 19:51:59.741 W/Gralloc3(18311): allocator 3.x is not supported
06-12 19:51:59.742 D/gralloc_nox( 1767): gralloc_alloc: Creating ashmem region of size 8298496
06-12 19:51:59.748 D/ProcessState(18345): Binder ioctl to enable oneway spam detection failed: Invalid argument
06-12 19:51:59.769 D/ontapp.stb.dem(18311): createUnique: call
06-12 19:51:59.769 D/ontapp.stb.dem(18311): HostComposition ext GL_OES_EGL_image GL_OES_EGL_image_external GL_OES_depth24 GL_OES_depth32 GL_OES_element_index_uint GL_OES_texture_float GL_OES_texture_float_linear GL_OES_compressed_paletted_texture GL_OES_compressed_ETC1_RGB8_texture GL_OES_depth_texture GL_EXT_texture_format_BGRA8888 GL_APPLE_texture_format_BGRA8888 GL_OES_texture_half_float GL_EXT_robustness GL_OES_texture_half_float_linear GL_OES_packed_depth_stencil GL_OES_vertex_half_float GL_OES_texture_npot GL_OES_rgb8_rgba8 GL_EXT_color_buffer_float GL_EXT_texture_sRGB_decode ANDROID_gles_max_version_3_1 GL_OES_vertex_array_object GL_EXT_texture_buffer GL_EXT_copy_image GL_KHR_texture_compression_astc_ldr GL_KHR_texture_compression_astc_hdr GL_OES_texture_compression_astc GL_OES_EGL_image_external
06-12 19:51:59.770 D/gralloc_nox( 1767): gralloc_alloc: Creating ashmem region of size 8298496
06-12 19:51:59.812 D/gralloc_nox( 1767): gralloc_alloc: Creating ashmem region of size 8298496
06-12 19:51:59.869 E/libEGL  (18311): called unimplemented OpenGL ES API
06-12 19:51:59.915 W/ActivityTaskManager( 1925): Tried to set launchTime (0) < mLastActivityLaunchTime (3313208)
06-12 19:51:59.977 I/ActivityTaskManager( 1925): Displayed com.android.permissioncontroller/.permission.ui.GrantPermissionsActivity: +589ms
06-12 19:52:00.002 D/ProcessState(18356): Binder ioctl to enable oneway spam detection failed: Invalid argument
06-12 19:52:00.033 D/gralloc_nox( 1767): gralloc_alloc: Creating ashmem region of size 5496832
06-12 19:52:00.101 D/gralloc_nox( 1767): gralloc_alloc: Creating ashmem region of size 5496832
06-12 19:52:00.118 W/InputManager-JNI( 1925): Input channel object 'd8271c9 Splash Screen tech.gtt.frontapp.stb.demo (client)' was disposed without first being removed with the input manager!
06-12 19:52:00.188 D/gralloc_nox( 1767): gralloc_alloc: Creating ashmem region of size 5496832
06-12 19:52:02.396 E/TaskPersister( 1925): File error accessing recents directory (directory doesn't exist?).
06-12 19:52:02.482 D/UIAutomatorStub(18256): URI: /jsonrpc/0, Method: POST, params, {NanoHttpd.QUERY_STRING=null}, files: {postData={"jsonrpc": "2.0", "id": 1, "method": "count", "params": [{"mask": 2097152, "childOrSibling": [], "childOrSiblingSelector": [], "resourceId": "com.android.permissioncontroller:id/permission_allow_button"}]}}
06-12 19:52:02.490 D/UiObject(18256): Waiting 0ms for UiSelector[RESOURCE_ID=com.android.permissioncontroller:id/permission_allow_button].
06-12 19:52:02.490 W/QueryController(18256): Could not detect idle state.
06-12 19:52:02.495 I/QueryController(18256): Matched selector: UiSelector[RESOURCE_ID=com.android.permissioncontroller:id/permission_allow_button] <<==>> [android.view.accessibility.AccessibilityNodeInfo@958de; boundsInParent: Rect(0, 0 - 992, 112); boundsInScreen: Rect(464, 557 - 1456, 669); packageName: com.android.permissioncontroller; className: android.widget.Button; text: 允许; error: null; maxTextLength: -1; stateDescription: null; contentDescription: null; tooltipText: null; viewIdResName: com.android.permissioncontroller:id/permission_allow_button; checkable: false; checked: false; focusable: true; focused: false; selected: false; clickable: true; longClickable: false; contextClickable: false; enabled: true; password: false; scrollable: false; importantForAccessibility: true; visible: true; actions: [AccessibilityAction: ACTION_FOCUS - null, AccessibilityAction: ACTION_SELECT - null, AccessibilityAction: ACTION_CLEAR_SELECTION - null, AccessibilityAction: ACTION_CLICK - null, AccessibilityAction: ACTION_ACCESSIBILITY_FOCUS - null, AccessibilityAction: ACTION_NEXT_AT_MOVEMENT_GRANULARITY - null, AccessibilityAction: ACTION_PREVIOUS_AT_MOVEMENT_GRANULARITY - null, AccessibilityAction: ACTION_SET_SELECTION - null, AccessibilityAction: ACTION_SHOW_ON_SCREEN - null]]
06-12 19:52:02.496 D/UiObject(18256): Waiting 0ms for UiSelector[INSTANCE=1, RESOURCE_ID=com.android.permissioncontroller:id/permission_allow_button].
06-12 19:52:02.496 W/QueryController(18256): Could not detect idle state.
06-12 19:52:02.528 D/UIAutomatorStub(18256): URI: /jsonrpc/0, Method: POST, params, {NanoHttpd.QUERY_STRING=null}, files: {postData={"jsonrpc": "2.0", "id": 1, "method": "waitForExists", "params": [{"mask": 2097152, "childOrSibling": [], "childOrSiblingSelector": [], "resourceId": "com.android.permissioncontroller:id/permission_allow_button"}, 20000]}}
06-12 19:52:02.530 D/UiDevice(18256): Waiting 20000ms for SearchCondition[hasObject=BySelector [RES='\Qcom.android.permissioncontroller:id/permission_allow_button\E']].
06-12 19:52:02.530 D/UiDevice(18256): Searching for node with selector: BySelector [RES='\Qcom.android.permissioncontroller:id/permission_allow_button\E'].
06-12 19:52:02.531 W/QueryController(18256): Could not detect idle state.
06-12 19:52:02.564 D/UIAutomatorStub(18256): URI: /jsonrpc/0, Method: POST, params, {NanoHttpd.QUERY_STRING=null}, files: {postData={"jsonrpc": "2.0", "id": 1, "method": "objInfo", "params": [{"mask": 2097152, "childOrSibling": [], "childOrSiblingSelector": [], "resourceId": "com.android.permissioncontroller:id/permission_allow_button"}]}}
06-12 19:52:02.564 D/UiDevice(18256): Retrieving node with selector: BySelector [RES='\Qcom.android.permissioncontroller:id/permission_allow_button\E'].
06-12 19:52:02.565 W/QueryController(18256): Could not detect idle state.
06-12 19:52:02.570 W/QueryController(18256): Could not detect idle state.
06-12 19:52:02.570 W/QueryController(18256): Could not detect idle state.
06-12 19:52:02.571 W/QueryController(18256): Could not detect idle state.
06-12 19:52:02.572 W/QueryController(18256): Could not detect idle state.
06-12 19:52:02.572 W/QueryController(18256): Could not detect idle state.
06-12 19:52:02.573 W/QueryController(18256): Could not detect idle state.
06-12 19:52:02.573 W/QueryController(18256): Could not detect idle state.
06-12 19:52:02.575 W/QueryController(18256): Could not detect idle state.
06-12 19:52:02.577 W/QueryController(18256): Could not detect idle state.
06-12 19:52:02.578 W/QueryController(18256): Could not detect idle state.
06-12 19:52:02.580 W/QueryController(18256): Could not detect idle state.
06-12 19:52:02.582 W/QueryController(18256): Could not detect idle state.
06-12 19:52:02.582 W/QueryController(18256): Could not detect idle state.
06-12 19:52:02.583 W/QueryController(18256): Could not detect idle state.
06-12 19:52:02.584 W/QueryController(18256): Could not detect idle state.
06-12 19:52:02.584 W/QueryController(18256): Could not detect idle state.
06-12 19:52:02.585 W/QueryController(18256): Could not detect idle state.
06-12 19:52:02.616 D/UIAutomatorStub(18256): URI: /jsonrpc/0, Method: POST, params, {NanoHttpd.QUERY_STRING=null}, files: {postData={"jsonrpc": "2.0", "id": 1, "method": "click", "params": [960.0, 613.0]}}
06-12 19:52:02.624 V/DisplayPowerController[0]( 1925): Brightness [0.39763778] reason changing to: 'manual', previous reason: 'manual [ dim ]'.
06-12 19:52:02.639 E/DisplayDeviceConfig( 1925): requesting nits when no mapping exists.
06-12 19:52:02.639 E/DisplayDeviceConfig( 1925): requesting nits when no mapping exists.
06-12 19:52:02.640 E/LightsService( 1925): Light requested not available on this device. 0
06-12 19:52:02.640 I/DropBoxManagerService( 1925): add tag=system_server_wtf isTagEnabled=true flags=0x2
06-12 19:52:02.642 I/DropBoxManagerService( 1925): add tag=system_server_wtf isTagEnabled=true flags=0x2
06-12 19:52:02.656 E/DisplayDeviceConfig( 1925): requesting nits when no mapping exists.
06-12 19:52:02.656 E/DisplayDeviceConfig( 1925): requesting nits when no mapping exists.
06-12 19:52:02.657 E/LightsService( 1925): Light requested not available on this device. 0
06-12 19:52:02.657 I/DropBoxManagerService( 1925): add tag=system_server_wtf isTagEnabled=true flags=0x2
06-12 19:52:02.659 I/DropBoxManagerService( 1925): add tag=system_server_wtf isTagEnabled=true flags=0x2
06-12 19:52:02.672 E/DisplayDeviceConfig( 1925): requesting nits when no mapping exists.
06-12 19:52:02.673 E/DisplayDeviceConfig( 1925): requesting nits when no mapping exists.
06-12 19:52:02.673 E/LightsService( 1925): Light requested not available on this device. 0
06-12 19:52:02.674 I/DropBoxManagerService( 1925): add tag=system_server_wtf isTagEnabled=true flags=0x2
06-12 19:52:02.689 E/DisplayDeviceConfig( 1925): requesting nits when no mapping exists.
06-12 19:52:02.689 E/DisplayDeviceConfig( 1925): requesting nits when no mapping exists.
06-12 19:52:02.690 E/LightsService( 1925): Light requested not available on this device. 0
06-12 19:52:02.707 E/DisplayDeviceConfig( 1925): requesting nits when no mapping exists.
06-12 19:52:02.707 E/DisplayDeviceConfig( 1925): requesting nits when no mapping exists.
06-12 19:52:02.708 E/LightsService( 1925): Light requested not available on this device. 0
06-12 19:52:02.724 E/DisplayDeviceConfig( 1925): requesting nits when no mapping exists.
06-12 19:52:02.724 E/DisplayDeviceConfig( 1925): requesting nits when no mapping exists.
06-12 19:52:02.725 E/LightsService( 1925): Light requested not available on this device. 0
06-12 19:52:02.740 E/DisplayDeviceConfig( 1925): requesting nits when no mapping exists.
06-12 19:52:02.740 E/DisplayDeviceConfig( 1925): requesting nits when no mapping exists.
06-12 19:52:02.741 E/LightsService( 1925): Light requested not available on this device. 0
06-12 19:52:02.756 E/DisplayDeviceConfig( 1925): requesting nits when no mapping exists.
06-12 19:52:02.757 E/DisplayDeviceConfig( 1925): requesting nits when no mapping exists.
06-12 19:52:02.758 E/LightsService( 1925): Light requested not available on this device. 0
06-12 19:52:02.772 E/DisplayDeviceConfig( 1925): requesting nits when no mapping exists.
06-12 19:52:02.773 E/DisplayDeviceConfig( 1925): requesting nits when no mapping exists.
06-12 19:52:02.774 E/LightsService( 1925): Light requested not available on this device. 0
06-12 19:52:02.789 E/DisplayDeviceConfig( 1925): requesting nits when no mapping exists.
06-12 19:52:02.790 E/DisplayDeviceConfig( 1925): requesting nits when no mapping exists.
06-12 19:52:02.792 E/LightsService( 1925): Light requested not available on this device. 0
06-12 19:52:02.806 E/DisplayDeviceConfig( 1925): requesting nits when no mapping exists.
06-12 19:52:02.807 E/DisplayDeviceConfig( 1925): requesting nits when no mapping exists.
06-12 19:52:02.810 E/LightsService( 1925): Light requested not available on this device. 0
06-12 19:52:02.824 E/DisplayDeviceConfig( 1925): requesting nits when no mapping exists.
06-12 19:52:02.825 E/DisplayDeviceConfig( 1925): requesting nits when no mapping exists.
06-12 19:52:02.827 E/LightsService( 1925): Light requested not available on this device. 0
06-12 19:52:02.831 V/GrantPermissionsViewModel( 5877): Logged buttons presented and clicked permissionGroupName=android.permission-group.STORAGE uid=10058 selectedLocations=0 package=tech.gtt.frontapp.stb.demo presentedButtons=9 clickedButton=1 sessionId=8922794457715744663 targetSdk=35
06-12 19:52:02.837 I/MediaProvider( 2559): Invalidating LocalCallingIdentity cache for package tech.gtt.frontapp.stb.demo. Reason: op android:read_external_storage
06-12 19:52:02.837 I/MediaProvider( 2559): Invalidating LocalCallingIdentity cache for package tech.gtt.frontapp.stb.demo. Reason: op android:read_external_storage
06-12 19:52:02.837 V/GrantPermissionsViewModel( 5877): Permission grant result requestId=8922794457715744663 callingUid=10058 callingPackage=tech.gtt.frontapp.stb.demo permission=android.permission.READ_EXTERNAL_STORAGE isImplicit=false result=4
06-12 19:52:02.839 E/DisplayDeviceConfig( 1925): requesting nits when no mapping exists.
06-12 19:52:02.840 E/DisplayDeviceConfig( 1925): requesting nits when no mapping exists.
06-12 19:52:02.842 E/LightsService( 1925): Light requested not available on this device. 0
06-12 19:52:02.843 D/gralloc_nox( 1767): gralloc_alloc: Creating ashmem region of size 8298496
06-12 19:52:02.859 E/DisplayDeviceConfig( 1925): requesting nits when no mapping exists.
06-12 19:52:02.861 E/DisplayDeviceConfig( 1925): requesting nits when no mapping exists.
06-12 19:52:02.862 E/LightsService( 1925): Light requested not available on this device. 0
06-12 19:52:02.875 E/DisplayDeviceConfig( 1925): requesting nits when no mapping exists.
06-12 19:52:02.877 E/DisplayDeviceConfig( 1925): requesting nits when no mapping exists.
06-12 19:52:02.878 E/android.hardware.audio.service( 1756): pcm_open called create stream faild
06-12 19:52:02.881 E/LightsService( 1925): Light requested not available on this device. 0
06-12 19:52:03.034 D/CompatibilityChangeReporter(18311): Compat change id reported: 78294732; UID 10058; state: ENABLED
06-12 19:52:03.035 I/b       (18311): freeSpace : 116667MB
06-12 19:52:03.107 D/ProcessState(18369): Binder ioctl to enable oneway spam detection failed: Invalid argument
06-12 19:52:03.158 D/ConnectivityService( 1925): NetReassign [no changes]
06-12 19:52:03.186 V/GSK     (18311): StorageServiceImpl initialization() executed in 2 ms.
06-12 19:52:03.187 V/GSK     (18311): SecurityServiceImpl initialization() executed in 0 ms.
06-12 19:52:03.280 W/System.err(18311): SLF4J(W): No SLF4J providers were found.
06-12 19:52:03.280 W/System.err(18311): SLF4J(W): Defaulting to no-operation (NOP) logger implementation
06-12 19:52:03.280 W/System.err(18311): SLF4J(W): See https://www.slf4j.org/codes.html#noProviders for further details.
06-12 19:52:03.306 W/InputManager-JNI( 1925): Input channel object '9799d1d com.android.permissioncontroller/com.android.permissioncontroller.permission.ui.GrantPermissionsActivity (client)' was disposed without first being removed with the input manager!
06-12 19:52:03.319 W/System.err(18311): kotlinx.serialization.json.internal.JsonDecodingException: Expected start of the object '{', but had 'EOF' instead at path: $
06-12 19:52:03.319 W/System.err(18311): JSON input: 
06-12 19:52:03.319 W/System.err(18311): 	at kotlinx.serialization.json.internal.JsonExceptionsKt.JsonDecodingException(SourceFile:1)
06-12 19:52:03.319 W/System.err(18311): 	at kotlinx.serialization.json.internal.JsonExceptionsKt.JsonDecodingException(SourceFile:2)
06-12 19:52:03.319 W/System.err(18311): 	at kotlinx.serialization.json.internal.AbstractJsonLexer.fail(SourceFile:52)
06-12 19:52:03.319 W/System.err(18311): 	at kotlinx.serialization.json.internal.AbstractJsonLexer.fail$default(SourceFile:15)
06-12 19:52:03.319 W/System.err(18311): 	at kotlinx.serialization.json.internal.AbstractJsonLexer.unexpectedToken(SourceFile:103)
06-12 19:52:03.319 W/System.err(18311): 	at kotlinx.serialization.json.internal.StringJsonLexer.consumeNextToken(SourceFile:16)
06-12 19:52:03.319 W/System.err(18311): 	at kotlinx.serialization.json.internal.StreamingJsonDecoder.beginStructure(SourceFile:23)
06-12 19:52:03.319 W/System.err(18311): 	at tech.gtt.frontapp.servicesdk.common.service.utility.apis.e2ee.E2eeConfigResponse$$serializer.deserialize(SourceFile:2)
06-12 19:52:03.319 W/System.err(18311): 	at tech.gtt.frontapp.servicesdk.common.service.utility.apis.e2ee.E2eeConfigResponse$$serializer.deserialize(SourceFile:1)
06-12 19:52:03.319 W/System.err(18311): 	at kotlinx.serialization.json.internal.StreamingJsonDecoder.decodeSerializableValue(SourceFile:320)
06-12 19:52:03.319 W/System.err(18311): 	at kotlinx.serialization.json.Json.decodeFromString(SourceFile:3)
06-12 19:52:03.319 W/System.err(18311): 	at tech.gtt.frontapp.servicesdk.common.service.utility.apis.e2ee.E2eeManager.syncE2eeConfig(SourceFile:74)
06-12 19:52:03.319 W/System.err(18311): 	at tech.gtt.frontapp.servicesdk.common.service.utility.apis.ApiUtilServiceImpl.onServiceInit(SourceFile:228)
06-12 19:52:03.319 W/System.err(18311): 	at tech.gtt.frontapp.servicesdk.common.core.ServiceSDKImpl.executeServiceInitialize(SourceFile:372)
06-12 19:52:03.319 W/System.err(18311): 	at tech.gtt.frontapp.servicesdk.common.core.ServiceSDKImpl.access$executeServiceInitialize(SourceFile:1)
06-12 19:52:03.319 W/System.err(18311): 	at tech.gtt.frontapp.servicesdk.common.core.ServiceSDKImpl$init$1.invokeSuspend(SourceFile:178)
06-12 19:52:03.319 W/System.err(18311): 	at tech.gtt.frontapp.servicesdk.common.core.ServiceSDKImpl$init$1.invoke(SourceFile:2)
06-12 19:52:03.319 W/System.err(18311): 	at tech.gtt.frontapp.servicesdk.common.core.ServiceSDKImpl$init$1.invoke(SourceFile:1)
06-12 19:52:03.319 W/System.err(18311): 	at kotlinx.coroutines.flow.SafeFlow.collectSafely(SourceFile:3)
06-12 19:52:03.319 W/System.err(18311): 	at kotlinx.coroutines.flow.AbstractFlow.collect(SourceFile:70)
06-12 19:52:03.319 W/System.err(18311): 	at tech.gtt.frontapp.servicesdk.common.core.SDKSetup$build$1.invokeSuspend(SourceFile:42)
06-12 19:52:03.319 W/System.err(18311): 	at tech.gtt.frontapp.servicesdk.common.core.SDKSetup$build$1.invoke(SourceFile:2)
06-12 19:52:03.319 W/System.err(18311): 	at tech.gtt.frontapp.servicesdk.common.core.SDKSetup$build$1.invoke(SourceFile:1)
06-12 19:52:03.319 W/System.err(18311): 	at tech.gtt.frontapp.servicesdk.common.core.Scheduler$scheduleDirect$1.invokeSuspend(SourceFile:61)
06-12 19:52:03.319 W/System.err(18311): 	at lh.a.resumeWith(SourceFile:14)
06-12 19:52:03.319 W/System.err(18311): 	at kotlinx.coroutines.DispatchedTask.run(SourceFile:123)
06-12 19:52:03.319 W/System.err(18311): 	at kotlinx.coroutines.internal.LimitedDispatcher$Worker.run(SourceFile:4)
06-12 19:52:03.319 W/System.err(18311): 	at kotlinx.coroutines.scheduling.TaskImpl.run(SourceFile:3)
06-12 19:52:03.319 W/System.err(18311): 	at kotlinx.coroutines.scheduling.CoroutineScheduler.runSafely(SourceFile:1)
06-12 19:52:03.319 W/System.err(18311): 	at kotlinx.coroutines.scheduling.CoroutineScheduler$Worker.executeTask(SourceFile:34)
06-12 19:52:03.319 W/System.err(18311): 	at kotlinx.coroutines.scheduling.CoroutineScheduler$Worker.runWorker(SourceFile:29)
06-12 19:52:03.319 W/System.err(18311): 	at kotlinx.coroutines.scheduling.CoroutineScheduler$Worker.run(SourceFile:1)
06-12 19:52:03.322 W/SurfaceFlinger( 1800): couldn't log to binary event log: overflow.
06-12 19:52:03.330 W/System.err(18311): java.io.FileNotFoundException: sys/class/sunxi_info/sys_info: open failed: ENOENT (No such file or directory)
06-12 19:52:03.331 W/System.err(18311): 	at libcore.io.IoBridge.open(IoBridge.java:575)
06-12 19:52:03.331 W/System.err(18311): 	at java.io.FileInputStream.<init>(FileInputStream.java:160)
06-12 19:52:03.331 W/System.err(18311): 	at java.io.FileInputStream.<init>(FileInputStream.java:115)
06-12 19:52:03.331 W/System.err(18311): 	at ip.b.b(SourceFile:5)
06-12 19:52:03.331 W/System.err(18311): 	at ip.b.a(SourceFile:155)
06-12 19:52:03.331 W/System.err(18311): 	at ip.a.invoke(SourceFile:589)
06-12 19:52:03.331 W/System.err(18311): 	at dh.v.getValue(SourceFile:21)
06-12 19:52:03.331 W/System.err(18311): 	at tech.gtt.frontapp.servicesdk.common.network.interceptor.params.ApiDeviceParams.handleFixedParams(SourceFile:52)
06-12 19:52:03.331 W/System.err(18311): 	at tech.gtt.frontapp.servicesdk.common.service.utility.apis.IParamsGetter.toMaps(SourceFile:87)
06-12 19:52:03.331 W/System.err(18311): 	at tech.gtt.frontapp.servicesdk.common.network.interceptor.DefaultParamsInterceptor.onRequest(SourceFile:127)
06-12 19:52:03.331 W/System.err(18311): 	at tech.gtt.frontapp.servicesdk.common.network.interceptor.SDKInterceptorsPluginKt$setupRequestInterception$1.invokeSuspend(SourceFile:103)
06-12 19:52:03.331 W/System.err(18311): 	at tech.gtt.frontapp.servicesdk.common.network.interceptor.SDKInterceptorsPluginKt$setupRequestInterception$1.invoke(SourceFile:1)
06-12 19:52:03.331 W/System.err(18311): 	at tech.gtt.frontapp.servicesdk.common.network.interceptor.SDKInterceptorsPluginKt$setupRequestInterception$1.invoke(SourceFile:2)
06-12 19:52:03.331 W/System.err(18311): 	at io.ktor.util.pipeline.DebugPipelineContext.proceedLoop(SourceFile:86)
06-12 19:52:03.331 W/System.err(18311): 	at io.ktor.util.pipeline.DebugPipelineContext.proceed(SourceFile:26)
06-12 19:52:03.331 W/System.err(18311): 	at io.ktor.client.plugins.RequestError$install$1.invokeSuspend(SourceFile:47)
06-12 19:52:03.331 W/System.err(18311): 	at io.ktor.client.plugins.RequestError$install$1.invoke(SourceFile:1)
06-12 19:52:03.331 W/System.err(18311): 	at io.ktor.client.plugins.RequestError$install$1.invoke(SourceFile:2)
06-12 19:52:03.331 W/System.err(18311): 	at io.ktor.util.pipeline.DebugPipelineContext.proceedLoop(SourceFile:86)
06-12 19:52:03.331 W/System.err(18311): 	at io.ktor.util.pipeline.DebugPipelineContext.proceed(SourceFile:26)
06-12 19:52:03.331 W/System.err(18311): 	at io.ktor.client.plugins.SetupRequestContext$install$1.invokeSuspend$proceed(SourceFile:1)
06-12 19:52:03.331 W/System.err(18311): 	at io.ktor.client.plugins.SetupRequestContext$install$1.access$invokeSuspend$proceed(SourceFile:1)
06-12 19:52:03.331 W/System.err(18311): 	at io.ktor.client.plugins.SetupRequestContext$install$1$1.invoke(SourceFile:2)
06-12 19:52:03.331 W/System.err(18311): 	at io.ktor.client.plugins.SetupRequestContext$install$1$1.invoke(SourceFile:1)
06-12 19:52:03.331 W/System.err(18311): 	at io.ktor.client.plugins.HttpRequestLifecycleKt$HttpRequestLifecycle$1$1.invokeSuspend(SourceFile:78)
06-12 19:52:03.331 W/System.err(18311): 	at io.ktor.client.plugins.HttpRequestLifecycleKt$HttpRequestLifecycle$1$1.invoke(SourceFile:1)
06-12 19:52:03.331 W/System.err(18311): 	at io.ktor.client.plugins.HttpRequestLifecycleKt$HttpRequestLifecycle$1$1.invoke(SourceFile:2)
06-12 19:52:03.331 W/System.err(18311): 	at io.ktor.client.plugins.SetupRequestContext$install$1.invokeSuspend(SourceFile:42)
06-12 19:52:03.331 W/System.err(18311): 	at io.ktor.client.plugins.SetupRequestContext$install$1.invoke(SourceFile:1)
06-12 19:52:03.331 W/System.err(18311): 	at io.ktor.client.plugins.SetupRequestContext$install$1.invoke(SourceFile:2)
06-12 19:52:03.331 W/System.err(18311): 	at io.ktor.util.pipeline.DebugPipelineContext.proceedLoop(SourceFile:86)
06-12 19:52:03.331 W/System.err(18311): 	at io.ktor.util.pipeline.DebugPipelineContext.proceed(SourceFile:26)
06-12 19:52:03.331 W/System.err(18311): 	at io.ktor.util.pipeline.DebugPipelineContext.execute$ktor_utils(SourceFile:7)
06-12 19:52:03.331 W/System.err(18311): 	at io.ktor.util.pipeline.Pipeline.execute(SourceFile:9)
06-12 19:52:03.331 W/System.err(18311): 	at io.ktor.client.HttpClient.execute$ktor_client_core(SourceFile:68)
06-12 19:52:03.331 W/System.err(18311): 	at io.ktor.client.statement.HttpStatement.fetchResponse(SourceFile:90)
06-12 19:52:03.331 W/System.err(18311): 	at io.ktor.client.statement.HttpStatement.execute(SourceFile:9)
06-12 19:52:03.331 W/System.err(18311): 	at de.jensklingenberg.ktorfit.internal.KtorfitConverterHelper.suspendRequest(SourceFile:127)
06-12 19:52:03.331 W/System.err(18311): 	at de.jensklingenberg.ktorfit.internal.KtorfitConverterHelper$request$1$1.invokeSuspend(SourceFile:58)
06-12 19:52:03.331 W/System.err(18311): 	at de.jensklingenberg.ktorfit.internal.KtorfitConverterHelper$request$1$1.invoke(SourceFile:2)
06-12 19:52:03.331 W/System.err(18311): 	at de.jensklingenberg.ktorfit.internal.KtorfitConverterHelper$request$1$1.invoke(SourceFile:1)
06-12 19:52:03.331 W/System.err(18311): 	at de.jensklingenberg.ktorfit.converter.FlowConverterFactory$responseConverter$1$convert$1.invokeSuspend(SourceFile:84)
06-12 19:52:03.331 W/System.err(18311): 	at de.jensklingenberg.ktorfit.converter.FlowConverterFactory$responseConverter$1$convert$1.invoke(SourceFile:2)
06-12 19:52:03.331 W/System.err(18311): 	at de.jensklingenberg.ktorfit.converter.FlowConverterFactory$responseConverter$1$convert$1.invoke(SourceFile:1)
06-12 19:52:03.331 W/System.err(18311): 	at kotlinx.coroutines.flow.SafeFlow.collectSafely(SourceFile:3)
06-12 19:52:03.331 W/System.err(18311): 	at kotlinx.coroutines.flow.AbstractFlow.collect(SourceFile:70)
06-12 19:52:03.331 W/System.err(18311): 	at kotlinx.coroutines.flow.FlowKt__MergeKt$flatMapConcat$$inlined$map$1.collect(SourceFile:10)
06-12 19:52:03.331 W/System.err(18311): 	at kotlinx.coroutines.flow.FlowKt__MergeKt$flattenConcat$$inlined$unsafeFlow$1.collect(SourceFile:8)
06-12 19:52:03.331 W/System.err(18311): 	at kotlinx.coroutines.flow.FlowKt__CollectKt.collect(SourceFile:1)
06-12 19:52:03.331 W/System.err(18311): 	at kotlinx.coroutines.flow.FlowKt.collect(SourceFile:1)
06-12 19:52:03.331 W/System.err(18311): 	at tech.gtt.frontapp.servicesdk.common.service.utility.apis.ApiUtilServiceImpl.onServiceInit(SourceFile:240)
06-12 19:52:03.331 W/System.err(18311): 	at tech.gtt.frontapp.servicesdk.common.core.ServiceSDKImpl.executeServiceInitialize(SourceFile:372)
06-12 19:52:03.331 W/System.err(18311): 	at tech.gtt.frontapp.servicesdk.common.core.ServiceSDKImpl.access$executeServiceInitialize(SourceFile:1)
06-12 19:52:03.331 W/System.err(18311): 	at tech.gtt.frontapp.servicesdk.common.core.ServiceSDKImpl$init$1.invokeSuspend(SourceFile:178)
06-12 19:52:03.331 W/System.err(18311): 	at tech.gtt.frontapp.servicesdk.common.core.ServiceSDKImpl$init$1.invoke(SourceFile:2)
06-12 19:52:03.331 W/System.err(18311): 	at tech.gtt.frontapp.servicesdk.common.core.ServiceSDKImpl$init$1.invoke(SourceFile:1)
06-12 19:52:03.331 W/System.err(18311): 	at kotlinx.coroutines.flow.SafeFlow.collectSafely(SourceFile:3)
06-12 19:52:03.331 W/System.err(18311): 	at kotlinx.coroutines.flow.AbstractFlow.collect(SourceFile:70)
06-12 19:52:03.331 W/System.err(18311): 	at tech.gtt.frontapp.servicesdk.common.core.SDKSetup$build$1.invokeSuspend(SourceFile:42)
06-12 19:52:03.331 W/System.err(18311): 	at tech.gtt.frontapp.servicesdk.common.core.SDKSetup$build$1.invoke(SourceFile:2)
06-12 19:52:03.331 W/System.err(18311): 	at tech.gtt.frontapp.servicesdk.common.core.SDKSetup$build$1.invoke(SourceFile:1)
06-12 19:52:03.332 W/System.err(18311): 	at tech.gtt.frontapp.servicesdk.common.core.Scheduler$scheduleDirect$1.invokeSuspend(SourceFile:61)
06-12 19:52:03.332 W/System.err(18311): 	at lh.a.resumeWith(SourceFile:14)
06-12 19:52:03.332 W/System.err(18311): 	at kotlinx.coroutines.DispatchedTask.run(SourceFile:123)
06-12 19:52:03.332 W/System.err(18311): 	at kotlinx.coroutines.internal.LimitedDispatcher$Worker.run(SourceFile:4)
06-12 19:52:03.332 W/System.err(18311): 	at kotlinx.coroutines.scheduling.TaskImpl.run(SourceFile:3)
06-12 19:52:03.332 W/System.err(18311): 	at kotlinx.coroutines.scheduling.CoroutineScheduler.runSafely(SourceFile:1)
06-12 19:52:03.332 W/System.err(18311): 	at kotlinx.coroutines.scheduling.CoroutineScheduler$Worker.executeTask(SourceFile:34)
06-12 19:52:03.332 W/System.err(18311): 	at kotlinx.coroutines.scheduling.CoroutineScheduler$Worker.runWorker(SourceFile:29)
06-12 19:52:03.332 W/System.err(18311): 	at kotlinx.coroutines.scheduling.CoroutineScheduler$Worker.run(SourceFile:1)
06-12 19:52:03.332 W/System.err(18311): Caused by: android.system.ErrnoException: open failed: ENOENT (No such file or directory)
06-12 19:52:03.332 W/System.err(18311): 	at libcore.io.Linux.open(Native Method)
06-12 19:52:03.332 W/System.err(18311): 	at libcore.io.ForwardingOs.open(ForwardingOs.java:567)
06-12 19:52:03.332 W/System.err(18311): 	at libcore.io.BlockGuardOs.open(BlockGuardOs.java:273)
06-12 19:52:03.332 W/System.err(18311): 	at libcore.io.ForwardingOs.open(ForwardingOs.java:567)
06-12 19:52:03.332 W/System.err(18311): 	at android.app.ActivityThread$AndroidOs.open(ActivityThread.java:7761)
06-12 19:52:03.332 W/System.err(18311): 	at libcore.io.IoBridge.open(IoBridge.java:561)
06-12 19:52:03.332 W/System.err(18311): 	... 69 more
06-12 19:52:03.333 W/System.err(18311): java.io.FileNotFoundException: sys/class/sunxi_info/sys_info: open failed: ENOENT (No such file or directory)
06-12 19:52:03.333 W/System.err(18311): 	at libcore.io.IoBridge.open(IoBridge.java:575)
06-12 19:52:03.333 W/System.err(18311): 	at java.io.FileInputStream.<init>(FileInputStream.java:160)
06-12 19:52:03.333 W/System.err(18311): 	at java.io.FileInputStream.<init>(FileInputStream.java:115)
06-12 19:52:03.333 W/System.err(18311): 	at ip.b.b(SourceFile:5)
06-12 19:52:03.333 W/System.err(18311): 	at ip.b.a(SourceFile:155)
06-12 19:52:03.333 W/System.err(18311): 	at ip.a.invoke(SourceFile:127)
06-12 19:52:03.333 W/System.err(18311): 	at dh.v.getValue(SourceFile:21)
06-12 19:52:03.333 W/System.err(18311): 	at tech.gtt.frontapp.servicesdk.common.network.interceptor.params.ApiDeviceParams.handleFixedParams(SourceFile:65)
06-12 19:52:03.333 W/System.err(18311): 	at tech.gtt.frontapp.servicesdk.common.service.utility.apis.IParamsGetter.toMaps(SourceFile:87)
06-12 19:52:03.333 W/System.err(18311): 	at tech.gtt.frontapp.servicesdk.common.network.interceptor.DefaultParamsInterceptor.onRequest(SourceFile:127)
06-12 19:52:03.333 W/System.err(18311): 	at tech.gtt.frontapp.servicesdk.common.network.interceptor.SDKInterceptorsPluginKt$setupRequestInterception$1.invokeSuspend(SourceFile:103)
06-12 19:52:03.333 W/System.err(18311): 	at tech.gtt.frontapp.servicesdk.common.network.interceptor.SDKInterceptorsPluginKt$setupRequestInterception$1.invoke(SourceFile:1)
06-12 19:52:03.333 W/System.err(18311): 	at tech.gtt.frontapp.servicesdk.common.network.interceptor.SDKInterceptorsPluginKt$setupRequestInterception$1.invoke(SourceFile:2)
06-12 19:52:03.333 W/System.err(18311): 	at io.ktor.util.pipeline.DebugPipelineContext.proceedLoop(SourceFile:86)
06-12 19:52:03.333 W/System.err(18311): 	at io.ktor.util.pipeline.DebugPipelineContext.proceed(SourceFile:26)
06-12 19:52:03.333 W/System.err(18311): 	at io.ktor.client.plugins.RequestError$install$1.invokeSuspend(SourceFile:47)
06-12 19:52:03.333 W/System.err(18311): 	at io.ktor.client.plugins.RequestError$install$1.invoke(SourceFile:1)
06-12 19:52:03.333 W/System.err(18311): 	at io.ktor.client.plugins.RequestError$install$1.invoke(SourceFile:2)
06-12 19:52:03.333 W/System.err(18311): 	at io.ktor.util.pipeline.DebugPipelineContext.proceedLoop(SourceFile:86)
06-12 19:52:03.333 W/System.err(18311): 	at io.ktor.util.pipeline.DebugPipelineContext.proceed(SourceFile:26)
06-12 19:52:03.333 W/System.err(18311): 	at io.ktor.client.plugins.SetupRequestContext$install$1.invokeSuspend$proceed(SourceFile:1)
06-12 19:52:03.333 W/System.err(18311): 	at io.ktor.client.plugins.SetupRequestContext$install$1.access$invokeSuspend$proceed(SourceFile:1)
06-12 19:52:03.333 W/System.err(18311): 	at io.ktor.client.plugins.SetupRequestContext$install$1$1.invoke(SourceFile:2)
06-12 19:52:03.333 W/System.err(18311): 	at io.ktor.client.plugins.SetupRequestContext$install$1$1.invoke(SourceFile:1)
06-12 19:52:03.333 W/System.err(18311): 	at io.ktor.client.plugins.HttpRequestLifecycleKt$HttpRequestLifecycle$1$1.invokeSuspend(SourceFile:78)
06-12 19:52:03.333 W/System.err(18311): 	at io.ktor.client.plugins.HttpRequestLifecycleKt$HttpRequestLifecycle$1$1.invoke(SourceFile:1)
06-12 19:52:03.333 W/System.err(18311): 	at io.ktor.client.plugins.HttpRequestLifecycleKt$HttpRequestLifecycle$1$1.invoke(SourceFile:2)
06-12 19:52:03.334 W/System.err(18311): 	at io.ktor.client.plugins.SetupRequestContext$install$1.invokeSuspend(SourceFile:42)
06-12 19:52:03.334 W/System.err(18311): 	at io.ktor.client.plugins.SetupRequestContext$install$1.invoke(SourceFile:1)
06-12 19:52:03.334 W/System.err(18311): 	at io.ktor.client.plugins.SetupRequestContext$install$1.invoke(SourceFile:2)
06-12 19:52:03.334 W/System.err(18311): 	at io.ktor.util.pipeline.DebugPipelineContext.proceedLoop(SourceFile:86)
06-12 19:52:03.334 W/System.err(18311): 	at io.ktor.util.pipeline.DebugPipelineContext.proceed(SourceFile:26)
06-12 19:52:03.334 W/System.err(18311): 	at io.ktor.util.pipeline.DebugPipelineContext.execute$ktor_utils(SourceFile:7)
06-12 19:52:03.334 W/System.err(18311): 	at io.ktor.util.pipeline.Pipeline.execute(SourceFile:9)
06-12 19:52:03.334 W/System.err(18311): 	at io.ktor.client.HttpClient.execute$ktor_client_core(SourceFile:68)
06-12 19:52:03.334 W/System.err(18311): 	at io.ktor.client.statement.HttpStatement.fetchResponse(SourceFile:90)
06-12 19:52:03.334 W/System.err(18311): 	at io.ktor.client.statement.HttpStatement.execute(SourceFile:9)
06-12 19:52:03.334 W/System.err(18311): 	at de.jensklingenberg.ktorfit.internal.KtorfitConverterHelper.suspendRequest(SourceFile:127)
06-12 19:52:03.334 W/System.err(18311): 	at de.jensklingenberg.ktorfit.internal.KtorfitConverterHelper$request$1$1.invokeSuspend(SourceFile:58)
06-12 19:52:03.334 W/System.err(18311): 	at de.jensklingenberg.ktorfit.internal.KtorfitConverterHelper$request$1$1.invoke(SourceFile:2)
06-12 19:52:03.334 W/System.err(18311): 	at de.jensklingenberg.ktorfit.internal.KtorfitConverterHelper$request$1$1.invoke(SourceFile:1)
06-12 19:52:03.334 W/System.err(18311): 	at de.jensklingenberg.ktorfit.converter.FlowConverterFactory$responseConverter$1$convert$1.invokeSuspend(SourceFile:84)
06-12 19:52:03.334 W/System.err(18311): 	at de.jensklingenberg.ktorfit.converter.FlowConverterFactory$responseConverter$1$convert$1.invoke(SourceFile:2)
06-12 19:52:03.334 W/System.err(18311): 	at de.jensklingenberg.ktorfit.converter.FlowConverterFactory$responseConverter$1$convert$1.invoke(SourceFile:1)
06-12 19:52:03.334 W/System.err(18311): 	at kotlinx.coroutines.flow.SafeFlow.collectSafely(SourceFile:3)
06-12 19:52:03.334 W/System.err(18311): 	at kotlinx.coroutines.flow.AbstractFlow.collect(SourceFile:70)
06-12 19:52:03.334 W/System.err(18311): 	at kotlinx.coroutines.flow.FlowKt__MergeKt$flatMapConcat$$inlined$map$1.collect(SourceFile:10)
06-12 19:52:03.334 W/System.err(18311): 	at kotlinx.coroutines.flow.FlowKt__MergeKt$flattenConcat$$inlined$unsafeFlow$1.collect(SourceFile:8)
06-12 19:52:03.334 W/System.err(18311): 	at kotlinx.coroutines.flow.FlowKt__CollectKt.collect(SourceFile:1)
06-12 19:52:03.334 W/System.err(18311): 	at kotlinx.coroutines.flow.FlowKt.collect(SourceFile:1)
06-12 19:52:03.334 W/System.err(18311): 	at tech.gtt.frontapp.servicesdk.common.service.utility.apis.ApiUtilServiceImpl.onServiceInit(SourceFile:240)
06-12 19:52:03.334 W/System.err(18311): 	at tech.gtt.frontapp.servicesdk.common.core.ServiceSDKImpl.executeServiceInitialize(SourceFile:372)
06-12 19:52:03.334 W/System.err(18311): 	at tech.gtt.frontapp.servicesdk.common.core.ServiceSDKImpl.access$executeServiceInitialize(SourceFile:1)
06-12 19:52:03.334 W/System.err(18311): 	at tech.gtt.frontapp.servicesdk.common.core.ServiceSDKImpl$init$1.invokeSuspend(SourceFile:178)
06-12 19:52:03.334 W/System.err(18311): 	at tech.gtt.frontapp.servicesdk.common.core.ServiceSDKImpl$init$1.invoke(SourceFile:2)
06-12 19:52:03.334 W/System.err(18311): 	at tech.gtt.frontapp.servicesdk.common.core.ServiceSDKImpl$init$1.invoke(SourceFile:1)
06-12 19:52:03.334 W/System.err(18311): 	at kotlinx.coroutines.flow.SafeFlow.collectSafely(SourceFile:3)
06-12 19:52:03.334 W/System.err(18311): 	at kotlinx.coroutines.flow.AbstractFlow.collect(SourceFile:70)
06-12 19:52:03.334 W/System.err(18311): 	at tech.gtt.frontapp.servicesdk.common.core.SDKSetup$build$1.invokeSuspend(SourceFile:42)
06-12 19:52:03.334 W/System.err(18311): 	at tech.gtt.frontapp.servicesdk.common.core.SDKSetup$build$1.invoke(SourceFile:2)
06-12 19:52:03.334 W/System.err(18311): 	at tech.gtt.frontapp.servicesdk.common.core.SDKSetup$build$1.invoke(SourceFile:1)
06-12 19:52:03.334 W/System.err(18311): 	at tech.gtt.frontapp.servicesdk.common.core.Scheduler$scheduleDirect$1.invokeSuspend(SourceFile:61)
06-12 19:52:03.334 W/System.err(18311): 	at lh.a.resumeWith(SourceFile:14)
06-12 19:52:03.334 W/System.err(18311): 	at kotlinx.coroutines.DispatchedTask.run(SourceFile:123)
06-12 19:52:03.334 W/System.err(18311): 	at kotlinx.coroutines.internal.LimitedDispatcher$Worker.run(SourceFile:4)
06-12 19:52:03.334 W/System.err(18311): 	at kotlinx.coroutines.scheduling.TaskImpl.run(SourceFile:3)
