06-12 19:54:00.519 W/QueryController(19008): Could not detect idle state.
06-12 19:54:00.623 D/UiDevice(19008): Searching for node with selector: BySelector [RES='\Qtech.gtt.frontapp.stb.demo:id/account_login_tv2\E'].
06-12 19:54:00.624 W/QueryController(19008): Could not detect idle state.
06-12 19:54:00.737 D/UiDevice(19008): Searching for node with selector: BySelector [RES='\Qtech.gtt.frontapp.stb.demo:id/account_login_tv2\E'].
06-12 19:54:00.737 W/QueryController(19008): Could not detect idle state.
06-12 19:54:00.839 D/UiDevice(19008): Searching for node with selector: BySelector [RES='\Qtech.gtt.frontapp.stb.demo:id/account_login_tv2\E'].
06-12 19:54:00.840 W/QueryController(19008): Could not detect idle state.
06-12 19:54:00.943 D/UiDevice(19008): Searching for node with selector: BySelector [RES='\Qtech.gtt.frontapp.stb.demo:id/account_login_tv2\E'].
06-12 19:54:00.943 W/QueryController(19008): Could not detect idle state.
06-12 19:54:01.048 D/UiDevice(19008): Searching for node with selector: BySelector [RES='\Qtech.gtt.frontapp.stb.demo:id/account_login_tv2\E'].
06-12 19:54:01.048 W/QueryController(19008): Could not detect idle state.
06-12 19:54:01.162 D/UiDevice(19008): Searching for node with selector: BySelector [RES='\Qtech.gtt.frontapp.stb.demo:id/account_login_tv2\E'].
06-12 19:54:01.164 W/QueryController(19008): Could not detect idle state.
06-12 19:54:01.275 D/UiDevice(19008): Searching for node with selector: BySelector [RES='\Qtech.gtt.frontapp.stb.demo:id/account_login_tv2\E'].
06-12 19:54:01.276 W/QueryController(19008): Could not detect idle state.
06-12 19:54:01.384 D/UiDevice(19008): Searching for node with selector: BySelector [RES='\Qtech.gtt.frontapp.stb.demo:id/account_login_tv2\E'].
06-12 19:54:01.385 W/QueryController(19008): Could not detect idle state.
06-12 19:54:01.491 D/UiDevice(19008): Searching for node with selector: BySelector [RES='\Qtech.gtt.frontapp.stb.demo:id/account_login_tv2\E'].
06-12 19:54:01.491 W/QueryController(19008): Could not detect idle state.
06-12 19:54:01.595 D/UiDevice(19008): Searching for node with selector: BySelector [RES='\Qtech.gtt.frontapp.stb.demo:id/account_login_tv2\E'].
06-12 19:54:01.596 W/QueryController(19008): Could not detect idle state.
06-12 19:54:01.701 D/UiDevice(19008): Searching for node with selector: BySelector [RES='\Qtech.gtt.frontapp.stb.demo:id/account_login_tv2\E'].
06-12 19:54:01.702 W/QueryController(19008): Could not detect idle state.
06-12 19:54:01.806 D/UiDevice(19008): Searching for node with selector: BySelector [RES='\Qtech.gtt.frontapp.stb.demo:id/account_login_tv2\E'].
06-12 19:54:01.806 W/QueryController(19008): Could not detect idle state.
06-12 19:54:01.911 D/UiDevice(19008): Searching for node with selector: BySelector [RES='\Qtech.gtt.frontapp.stb.demo:id/account_login_tv2\E'].
06-12 19:54:01.911 W/QueryController(19008): Could not detect idle state.
06-12 19:54:02.015 D/UiDevice(19008): Searching for node with selector: BySelector [RES='\Qtech.gtt.frontapp.stb.demo:id/account_login_tv2\E'].
06-12 19:54:02.015 W/QueryController(19008): Could not detect idle state.
06-12 19:54:02.048 E/TaskPersister( 1925): File error accessing recents directory (directory doesn't exist?).
06-12 19:54:02.122 D/UiDevice(19008): Searching for node with selector: BySelector [RES='\Qtech.gtt.frontapp.stb.demo:id/account_login_tv2\E'].
06-12 19:54:02.122 W/QueryController(19008): Could not detect idle state.
06-12 19:54:02.227 D/UiDevice(19008): Searching for node with selector: BySelector [RES='\Qtech.gtt.frontapp.stb.demo:id/account_login_tv2\E'].
06-12 19:54:02.227 W/QueryController(19008): Could not detect idle state.
06-12 19:54:02.332 D/UiDevice(19008): Searching for node with selector: BySelector [RES='\Qtech.gtt.frontapp.stb.demo:id/account_login_tv2\E'].
06-12 19:54:02.333 W/QueryController(19008): Could not detect idle state.
06-12 19:54:02.436 D/UiDevice(19008): Searching for node with selector: BySelector [RES='\Qtech.gtt.frontapp.stb.demo:id/account_login_tv2\E'].
06-12 19:54:02.437 W/QueryController(19008): Could not detect idle state.
06-12 19:54:02.552 D/UiDevice(19008): Searching for node with selector: BySelector [RES='\Qtech.gtt.frontapp.stb.demo:id/account_login_tv2\E'].
06-12 19:54:02.552 W/QueryController(19008): Could not detect idle state.
06-12 19:54:02.594 I/keystore2( 1707): keystore2::watchdog: Watchdog thread idle -> terminating. Have a great day.
06-12 19:54:02.658 D/UiDevice(19008): Searching for node with selector: BySelector [RES='\Qtech.gtt.frontapp.stb.demo:id/account_login_tv2\E'].
06-12 19:54:02.658 W/QueryController(19008): Could not detect idle state.
06-12 19:54:02.762 D/UiDevice(19008): Searching for node with selector: BySelector [RES='\Qtech.gtt.frontapp.stb.demo:id/account_login_tv2\E'].
06-12 19:54:02.763 W/QueryController(19008): Could not detect idle state.
06-12 19:54:02.867 D/UiDevice(19008): Searching for node with selector: BySelector [RES='\Qtech.gtt.frontapp.stb.demo:id/account_login_tv2\E'].
06-12 19:54:02.867 W/QueryController(19008): Could not detect idle state.
06-12 19:54:02.907 D/AudioTrack( 1854): stop(34): called with 200704 frames delivered
06-12 19:54:02.970 D/UiDevice(19008): Searching for node with selector: BySelector [RES='\Qtech.gtt.frontapp.stb.demo:id/account_login_tv2\E'].
06-12 19:54:02.971 W/QueryController(19008): Could not detect idle state.
06-12 19:54:03.075 D/UiDevice(19008): Searching for node with selector: BySelector [RES='\Qtech.gtt.frontapp.stb.demo:id/account_login_tv2\E'].
06-12 19:54:03.076 W/QueryController(19008): Could not detect idle state.
06-12 19:54:03.181 D/UiDevice(19008): Searching for node with selector: BySelector [RES='\Qtech.gtt.frontapp.stb.demo:id/account_login_tv2\E'].
06-12 19:54:03.181 W/QueryController(19008): Could not detect idle state.
06-12 19:54:03.286 D/UiDevice(19008): Searching for node with selector: BySelector [RES='\Qtech.gtt.frontapp.stb.demo:id/account_login_tv2\E'].
06-12 19:54:03.287 W/QueryController(19008): Could not detect idle state.
06-12 19:54:03.306 D/NuPlayerDriver( 1854): stop(0xe9782020)
06-12 19:54:03.307 V/MediaPlayer(19062): resetDrmState:  mDrmInfo=null mDrmProvisioningThread=null mPrepareDrmInProgress=false mActiveDrmScheme=false
06-12 19:54:03.307 V/MediaPlayer(19062): cleanDrmObj: mDrmObj=null mDrmSessionId=null
06-12 19:54:03.308 D/NuPlayerDriver( 1854): reset(0xe9782020) at state 8
06-12 19:54:03.330 D/SurfaceUtils( 1854): disconnecting from surface 0xe4383278, reason disconnectFromSurface
06-12 19:54:03.332 D/SurfaceUtils( 1854): connecting to surface 0xe4383278, reason onShutdown
06-12 19:54:03.333 D/NuPlayerDriver( 1854): notifyResetComplete(0xe9782020)
06-12 19:54:03.333 D/SurfaceUtils( 1854): disconnecting from surface 0xe4381948, reason disconnectNativeWindow
06-12 19:54:03.334 W/AMessage( 1854): failed to post message as target looper for handler 0 is gone.
06-12 19:54:03.335 I/MediaFocusControl( 1925): abandonAudioFocus() from uid/pid 10058/19062 clientId=android.media.AudioManager@9d1473e
06-12 19:54:03.336 I/ActivityTaskManager( 1925): START u0 {cmp=tech.gtt.frontapp.stb.demo/tech.gtt.frontapp.stb.m.account.activity.LoginMethodSwitchActivity (has extras)} from uid 10058
06-12 19:54:03.337 D/CompatibilityChangeReporter( 1925): Compat change id reported: 174042980; UID 10058; state: DISABLED
06-12 19:54:03.337 D/CompatibilityChangeReporter( 1925): Compat change id reported: 184838306; UID 10058; state: DISABLED
06-12 19:54:03.337 D/CompatibilityChangeReporter( 1925): Compat change id reported: 185004937; UID 10058; state: DISABLED
06-12 19:54:03.337 D/CompatibilityChangeReporter( 1925): Compat change id reported: 181136395; UID 10058; state: DISABLED
06-12 19:54:03.338 D/CompatibilityChangeReporter( 1925): Compat change id reported: 174042936; UID 10058; state: DISABLED
06-12 19:54:03.338 D/CompatibilityChangeReporter( 1925): Compat change id reported: 197654537; UID 10058; state: ENABLED
06-12 19:54:03.339 D/CompatibilityChangeReporter( 1925): Compat change id reported: 168419799; UID 10058; state: DISABLED
06-12 19:54:03.342 I/MediaFocusControl( 1925): abandonAudioFocus() from uid/pid 10058/19062 clientId=android.media.AudioManager@9d1473e
06-12 19:54:03.342 W/MediaPlayer(19062): mediaplayer went away with unhandled events
06-12 19:54:03.346 W/MediaPlayer(19062): mediaplayer went away with unhandled events
06-12 19:54:03.348 W/ActivityTaskManager( 1925): Tried to set launchTime (0) < mLastActivityLaunchTime (3677067)
06-12 19:54:03.358 D/AndroidAutoSize(19062): tech.gtt.frontapp.stb.m.account.activity.LoginMethodSwitchActivity used the global configuration.
06-12 19:54:03.359 D/AndroidAutoSize(19062): The tech.gtt.frontapp.stb.m.account.activity.LoginMethodSwitchActivity has been adapted! 
06-12 19:54:03.359 D/AndroidAutoSize(19062): LoginMethodSwitchActivity Info: isBaseOnWidth = true, designWidthInDp = 1920.000000, designWidthInSubunits = 1920.000000, targetDensity = 1.000000, targetScaledDensity = 1.000000, targetDensityDpi = 160, targetXdpi = 1.000000, targetScreenWidthDp = 1920, targetScreenHeightDp = 1032
06-12 19:54:03.386 D/AndroidAutoSize(19062): tech.gtt.frontapp.stb.m.account.activity.LoginMethodSwitchActivity used the global configuration.
06-12 19:54:03.387 D/AndroidAutoSize(19062): The tech.gtt.frontapp.stb.m.account.activity.LoginMethodSwitchActivity has been adapted! 
06-12 19:54:03.387 D/AndroidAutoSize(19062): LoginMethodSwitchActivity Info: isBaseOnWidth = true, designWidthInDp = 1920.000000, designWidthInSubunits = 1920.000000, targetDensity = 1.000000, targetScaledDensity = 1.000000, targetDensityDpi = 160, targetXdpi = 1.000000, targetScreenWidthDp = 1920, targetScreenHeightDp = 1032
06-12 19:54:03.389 W/WindowManager( 1925): Failed looking up window session=Session{ae84a78 19062:u0a10058} callers=com.android.server.wm.WindowManagerService.windowForClientLocked:5850 com.android.server.wm.Session.updateRequestedVisibilities:640 android.view.IWindowSession$Stub.onTransact:1175 
06-12 19:54:03.395 D/UiDevice(19008): Searching for node with selector: BySelector [RES='\Qtech.gtt.frontapp.stb.demo:id/account_login_tv2\E'].
06-12 19:54:03.396 W/QueryController(19008): Could not detect idle state.
06-12 19:54:03.399 D/gralloc_nox( 1767): gralloc_alloc: Creating ashmem region of size 8298496
06-12 19:54:03.422 D/gralloc_nox( 1767): gralloc_alloc: Creating ashmem region of size 8298496
06-12 19:54:03.426 D/ProcessState(19460): Binder ioctl to enable oneway spam detection failed: Invalid argument
06-12 19:54:03.441 D/gralloc_nox( 1767): gralloc_alloc: Creating ashmem region of size 8298496
06-12 19:54:03.486 E/libEGL  (19062): called unimplemented OpenGL ES API
06-12 19:54:03.500 I/ActivityTaskManager( 1925): Displayed tech.gtt.frontapp.stb.demo/tech.gtt.frontapp.stb.m.account.activity.LoginMethodSwitchActivity: +163ms
06-12 19:54:03.573 D/UIAutomatorStub(19008): URI: /jsonrpc/0, Method: POST, params, {NanoHttpd.QUERY_STRING=null}, files: {postData={"jsonrpc": "2.0", "id": 1, "method": "objInfo", "params": [{"mask": 2097152, "childOrSibling": [], "childOrSiblingSelector": [], "resourceId": "tech.gtt.frontapp.stb.demo:id/account_login_tv2"}]}}
06-12 19:54:03.574 D/UiDevice(19008): Retrieving node with selector: BySelector [RES='\Qtech.gtt.frontapp.stb.demo:id/account_login_tv2\E'].
06-12 19:54:03.574 W/QueryController(19008): Could not detect idle state.
06-12 19:54:03.578 W/QueryController(19008): Could not detect idle state.
06-12 19:54:03.580 W/QueryController(19008): Could not detect idle state.
06-12 19:54:03.581 W/QueryController(19008): Could not detect idle state.
06-12 19:54:03.582 W/QueryController(19008): Could not detect idle state.
06-12 19:54:03.582 W/QueryController(19008): Could not detect idle state.
06-12 19:54:03.583 W/QueryController(19008): Could not detect idle state.
06-12 19:54:03.584 W/QueryController(19008): Could not detect idle state.
06-12 19:54:03.585 W/QueryController(19008): Could not detect idle state.
06-12 19:54:03.586 W/QueryController(19008): Could not detect idle state.
06-12 19:54:03.587 W/QueryController(19008): Could not detect idle state.
06-12 19:54:03.587 W/QueryController(19008): Could not detect idle state.
06-12 19:54:03.588 W/QueryController(19008): Could not detect idle state.
06-12 19:54:03.589 W/QueryController(19008): Could not detect idle state.
06-12 19:54:03.591 W/QueryController(19008): Could not detect idle state.
06-12 19:54:03.592 W/QueryController(19008): Could not detect idle state.
06-12 19:54:03.594 W/QueryController(19008): Could not detect idle state.
06-12 19:54:03.596 W/QueryController(19008): Could not detect idle state.
06-12 19:54:03.623 D/UIAutomatorStub(19008): URI: /jsonrpc/0, Method: POST, params, {NanoHttpd.QUERY_STRING=null}, files: {postData={"jsonrpc": "2.0", "id": 1, "method": "click", "params": [1390.0, 559.0]}}
06-12 19:54:03.733 W/InputManager-JNI( 1925): Input channel object 'b4aa086 tech.gtt.frontapp.stb.demo/tech.gtt.frontapp.stb.m.home.activity.LoadingActivity (client)' was disposed without first being removed with the input manager!
06-12 19:54:03.860 I/ActivityTaskManager( 1925): START u0 {cmp=tech.gtt.frontapp.stb.demo/tech.gtt.frontapp.stb.m.account.activity.LoginActivity} from uid 10058
06-12 19:54:03.864 W/ActivityTaskManager( 1925): Tried to set launchTime (0) < mLastActivityLaunchTime (3681862)
06-12 19:54:03.869 D/AndroidAutoSize(19062): tech.gtt.frontapp.stb.m.account.activity.LoginActivity used the global configuration.
06-12 19:54:03.870 D/AndroidAutoSize(19062): The tech.gtt.frontapp.stb.m.account.activity.LoginActivity has been adapted! 
06-12 19:54:03.870 D/AndroidAutoSize(19062): LoginActivity Info: isBaseOnWidth = true, designWidthInDp = 1920.000000, designWidthInSubunits = 1920.000000, targetDensity = 1.000000, targetScaledDensity = 1.000000, targetDensityDpi = 160, targetXdpi = 1.000000, targetScreenWidthDp = 1920, targetScreenHeightDp = 1032
06-12 19:54:03.899 D/UIAutomatorStub(19008): URI: /jsonrpc/0, Method: POST, params, {NanoHttpd.QUERY_STRING=null}, files: {postData={"jsonrpc": "2.0", "id": 1, "method": "waitForExists", "params": [{"mask": 2097152, "childOrSibling": [], "childOrSiblingSelector": [], "resourceId": "tech.gtt.frontapp.stb.demo:id/loginf_et_username"}, 20000]}}
06-12 19:54:03.900 D/UiDevice(19008): Waiting 20000ms for SearchCondition[hasObject=BySelector [RES='\Qtech.gtt.frontapp.stb.demo:id/loginf_et_username\E']].
06-12 19:54:03.900 D/UiDevice(19008): Searching for node with selector: BySelector [RES='\Qtech.gtt.frontapp.stb.demo:id/loginf_et_username\E'].
06-12 19:54:03.901 W/QueryController(19008): Could not detect idle state.
06-12 19:54:03.927 D/AndroidAutoSize(19062): tech.gtt.frontapp.stb.m.account.activity.LoginActivity used the global configuration.
06-12 19:54:03.927 D/AndroidAutoSize(19062): The tech.gtt.frontapp.stb.m.account.activity.LoginActivity has been adapted! 
06-12 19:54:03.927 D/AndroidAutoSize(19062): LoginActivity Info: isBaseOnWidth = true, designWidthInDp = 1920.000000, designWidthInSubunits = 1920.000000, targetDensity = 1.000000, targetScaledDensity = 1.000000, targetDensityDpi = 160, targetXdpi = 1.000000, targetScreenWidthDp = 1920, targetScreenHeightDp = 1032
06-12 19:54:03.930 W/WindowManager( 1925): Failed looking up window session=Session{ae84a78 19062:u0a10058} callers=com.android.server.wm.WindowManagerService.windowForClientLocked:5850 com.android.server.wm.Session.updateRequestedVisibilities:640 android.view.IWindowSession$Stub.onTransact:1175 
06-12 19:54:03.951 D/gralloc_nox( 1767): gralloc_alloc: Creating ashmem region of size 8298496
06-12 19:54:03.964 D/gralloc_nox( 1767): gralloc_alloc: Creating ashmem region of size 8298496
06-12 19:54:03.978 D/gralloc_nox( 1767): gralloc_alloc: Creating ashmem region of size 8298496
06-12 19:54:03.986 D/ProcessState(19472): Binder ioctl to enable oneway spam detection failed: Invalid argument
06-12 19:54:04.039 W/ByMatcher(19008): Node returned null child: android.view.accessibility.AccessibilityNodeInfo@131d8; boundsInParent: Rect(0, 0 - 680, 65); boundsInScreen: Rect(1050, 318 - 1730, 383); packageName: tech.gtt.frontapp.stb.demo; className: android.widget.LinearLayout; text: null; error: null; maxTextLength: -1; stateDescription: null; contentDescription: null; tooltipText: null; viewIdResName: null; checkable: false; checked: false; focusable: false; focused: false; selected: false; clickable: false; longClickable: false; contextClickable: false; enabled: true; password: false; scrollable: false; importantForAccessibility: false; visible: true; actions: [AccessibilityAction: ACTION_SELECT - null, AccessibilityAction: ACTION_CLEAR_SELECTION - null, AccessibilityAction: ACTION_ACCESSIBILITY_FOCUS - null, AccessibilityAction: ACTION_SHOW_ON_SCREEN - null]
06-12 19:54:04.039 W/ByMatcher(19008): Skipping null child (0 of 3)
06-12 19:54:04.040 W/ByMatcher(19008): Node returned null child: android.view.accessibility.AccessibilityNodeInfo@12e17; boundsInParent: Rect(0, 0 - 820, 573); boundsInScreen: Rect(980, 253 - 1800, 826); packageName: tech.gtt.frontapp.stb.demo; className: android.widget.LinearLayout; text: null; error: null; maxTextLength: -1; stateDescription: null; contentDescription: null; tooltipText: null; viewIdResName: null; checkable: false; checked: false; focusable: false; focused: false; selected: false; clickable: false; longClickable: false; contextClickable: false; enabled: true; password: false; scrollable: false; importantForAccessibility: false; visible: true; actions: [AccessibilityAction: ACTION_SELECT - null, AccessibilityAction: ACTION_CLEAR_SELECTION - null, AccessibilityAction: ACTION_ACCESSIBILITY_FOCUS - null, AccessibilityAction: ACTION_SHOW_ON_SCREEN - null]
06-12 19:54:04.040 W/ByMatcher(19008): Skipping null child (1 of 4)
06-12 19:54:04.041 W/ByMatcher(19008): Skipping null child (2 of 4)
06-12 19:54:04.041 W/ByMatcher(19008): Skipping null child (3 of 4)
06-12 19:54:04.042 W/ByMatcher(19008): Node returned null child: android.view.accessibility.AccessibilityNodeInfo@113d0; boundsInParent: Rect(0, 0 - 1920, 1080); boundsInScreen: Rect(0, 0 - 1920, 1080); packageName: tech.gtt.frontapp.stb.demo; className: android.widget.RelativeLayout; text: null; error: null; maxTextLength: -1; stateDescription: null; contentDescription: null; tooltipText: null; viewIdResName: null; checkable: false; checked: false; focusable: false; focused: false; selected: false; clickable: false; longClickable: false; contextClickable: false; enabled: true; password: false; scrollable: false; importantForAccessibility: false; visible: true; actions: [AccessibilityAction: ACTION_SELECT - null, AccessibilityAction: ACTION_CLEAR_SELECTION - null, AccessibilityAction: ACTION_ACCESSIBILITY_FOCUS - null, AccessibilityAction: ACTION_SHOW_ON_SCREEN - null]
06-12 19:54:04.043 W/ByMatcher(19008): Skipping null child (2 of 3)
06-12 19:54:04.045 W/ByMatcher(19008): Node returned null child: android.view.accessibility.AccessibilityNodeInfo@80006ea4; boundsInParent: Rect(0, 0 - 1920, 1080); boundsInScreen: Rect(0, 0 - 1920, 1080); packageName: tech.gtt.frontapp.stb.demo; className: android.widget.FrameLayout; text: null; error: null; maxTextLength: -1; stateDescription: null; contentDescription: null; tooltipText: null; viewIdResName: null; checkable: false; checked: false; focusable: false; focused: false; selected: false; clickable: false; longClickable: false; contextClickable: false; enabled: true; password: false; scrollable: false; importantForAccessibility: true; visible: true; actions: [AccessibilityAction: ACTION_SELECT - null, AccessibilityAction: ACTION_CLEAR_SELECTION - null, AccessibilityAction: ACTION_ACCESSIBILITY_FOCUS - null, AccessibilityAction: ACTION_SHOW_ON_SCREEN - null]
06-12 19:54:04.045 I/ActivityTaskManager( 1925): Displayed tech.gtt.frontapp.stb.demo/tech.gtt.frontapp.stb.m.account.activity.LoginActivity: +183ms
06-12 19:54:04.045 W/ByMatcher(19008): Skipping null child (0 of 1)
06-12 19:54:04.148 D/UiDevice(19008): Searching for node with selector: BySelector [RES='\Qtech.gtt.frontapp.stb.demo:id/loginf_et_username\E'].
06-12 19:54:04.149 W/QueryController(19008): Could not detect idle state.
06-12 19:54:04.197 D/UIAutomatorStub(19008): URI: /jsonrpc/0, Method: POST, params, {NanoHttpd.QUERY_STRING=null}, files: {postData={"jsonrpc": "2.0", "id": 1, "method": "objInfo", "params": [{"mask": 2097152, "childOrSibling": [], "childOrSiblingSelector": [], "resourceId": "tech.gtt.frontapp.stb.demo:id/loginf_et_username"}]}}
06-12 19:54:04.198 D/UiDevice(19008): Retrieving node with selector: BySelector [RES='\Qtech.gtt.frontapp.stb.demo:id/loginf_et_username\E'].
06-12 19:54:04.198 W/QueryController(19008): Could not detect idle state.
06-12 19:54:04.200 W/QueryController(19008): Could not detect idle state.
06-12 19:54:04.201 W/QueryController(19008): Could not detect idle state.
06-12 19:54:04.202 W/QueryController(19008): Could not detect idle state.
06-12 19:54:04.202 W/QueryController(19008): Could not detect idle state.
06-12 19:54:04.203 W/QueryController(19008): Could not detect idle state.
06-12 19:54:04.203 W/QueryController(19008): Could not detect idle state.
06-12 19:54:04.204 W/QueryController(19008): Could not detect idle state.
06-12 19:54:04.204 W/QueryController(19008): Could not detect idle state.
06-12 19:54:04.205 W/QueryController(19008): Could not detect idle state.
06-12 19:54:04.206 W/QueryController(19008): Could not detect idle state.
06-12 19:54:04.206 W/QueryController(19008): Could not detect idle state.
06-12 19:54:04.207 W/QueryController(19008): Could not detect idle state.
06-12 19:54:04.209 W/QueryController(19008): Could not detect idle state.
06-12 19:54:04.210 W/QueryController(19008): Could not detect idle state.
06-12 19:54:04.211 W/QueryController(19008): Could not detect idle state.
06-12 19:54:04.212 W/QueryController(19008): Could not detect idle state.
06-12 19:54:04.212 W/QueryController(19008): Could not detect idle state.
06-12 19:54:04.238 D/UIAutomatorStub(19008): URI: /jsonrpc/0, Method: POST, params, {NanoHttpd.QUERY_STRING=null}, files: {postData={"jsonrpc": "2.0", "id": 1, "method": "click", "params": [1057.0, 437.0]}}
06-12 19:54:04.307 W/SurfaceFlinger( 1800): couldn't log to binary event log: overflow.
06-12 19:54:04.435 D/CompatibilityChangeReporter(19062): Compat change id reported: 163400105; UID 10058; state: ENABLED
06-12 19:54:04.435 D/InputMethodManager(19062): showSoftInput() view=tech.gtt.frontapp.stb.c.ui.edittext.EmailAutoCompleteTextView{39ffa1d VFED..CL. .F.P..ID 0,0-700,92 #7f0b02ce app:id/loginf_et_username aid=1073741824} flags=0 reason=SHOW_SOFT_INPUT
06-12 19:54:04.435 V/InputMethodService( 2648): onEvaluateInputViewShown: config.hardKeyboardHidden = 2
06-12 19:54:04.435 V/InputMethodService( 2648): onEvaluateInputViewShown: config.hardKeyboardHidden = 2
06-12 19:54:04.435 I/AdbKeyboard( 2648): imeAction: 5 Next
06-12 19:54:04.443 D/gralloc_nox( 1767): gralloc_alloc: Creating ashmem region of size 647168
06-12 19:54:04.470 D/gralloc_nox( 1767): gralloc_alloc: Creating ashmem region of size 647168
06-12 19:54:04.473 D/gralloc_nox( 1767): gralloc_alloc: Creating ashmem region of size 647168
06-12 19:54:04.482 D/InsetsController(19062): show(ime(), fromIme=true)
06-12 19:54:04.483 D/ProcessState(19480): Binder ioctl to enable oneway spam detection failed: Invalid argument
06-12 19:54:04.501 D/UIAutomatorStub(19008): URI: /jsonrpc/0, Method: POST, params, {NanoHttpd.QUERY_STRING=null}, files: {postData={"jsonrpc": "2.0", "id": 1, "method": "waitForExists", "params": [{"mask": 2097152, "childOrSibling": [], "childOrSiblingSelector": [], "resourceId": "tech.gtt.frontapp.stb.demo:id/loginf_et_username"}, 20000]}}
06-12 19:54:04.502 D/UiDevice(19008): Waiting 20000ms for SearchCondition[hasObject=BySelector [RES='\Qtech.gtt.frontapp.stb.demo:id/loginf_et_username\E']].
06-12 19:54:04.502 D/UiDevice(19008): Searching for node with selector: BySelector [RES='\Qtech.gtt.frontapp.stb.demo:id/loginf_et_username\E'].
06-12 19:54:04.503 W/QueryController(19008): Could not detect idle state.
06-12 19:54:04.529 D/UIAutomatorStub(19008): URI: /jsonrpc/0, Method: POST, params, {NanoHttpd.QUERY_STRING=null}, files: {postData={"jsonrpc": "2.0", "id": 1, "method": "setText", "params": [{"mask": 2097152, "childOrSibling": [], "childOrSiblingSelector": [], "resourceId": "tech.gtt.frontapp.stb.demo:id/loginf_et_username"}, "0609@ipwangxin.cn"]}}
06-12 19:54:04.530 D/UiDevice(19008): Retrieving node with selector: BySelector [RES='\Qtech.gtt.frontapp.stb.demo:id/loginf_et_username\E'].
06-12 19:54:04.530 W/QueryController(19008): Could not detect idle state.
06-12 19:54:04.532 W/QueryController(19008): Could not detect idle state.
06-12 19:54:04.534 D/UiObject2(19008): Clicking on (1057, 437).
06-12 19:54:04.548 D/InputMethodManager(19062): showSoftInput() view=tech.gtt.frontapp.stb.c.ui.edittext.EmailAutoCompleteTextView{39ffa1d VFED..CL. .F.P.... 0,0-700,92 #7f0b02ce app:id/loginf_et_username aid=1073741824} flags=0 reason=SHOW_SOFT_INPUT
06-12 19:54:04.549 V/InputMethodService( 2648): onEvaluateInputViewShown: config.hardKeyboardHidden = 2
06-12 19:54:04.549 V/InputMethodService( 2648): onEvaluateInputViewShown: config.hardKeyboardHidden = 2
06-12 19:54:04.551 D/InsetsController(19062): show(ime(), fromIme=true)
06-12 19:54:04.566 W/GestureController(19008): Gestures took longer than expected (32ms >> 16ms), device might be in a busy state.
06-12 19:54:04.566 D/UiDevice(19008): Retrieving node with selector: BySelector [RES='\Qtech.gtt.frontapp.stb.demo:id/loginf_et_username\E'].
06-12 19:54:04.567 W/QueryController(19008): Could not detect idle state.
06-12 19:54:04.569 W/QueryController(19008): Could not detect idle state.
06-12 19:54:04.570 D/UiObject2(19008): Setting text to '0609@ipwangxin.cn'.
06-12 19:54:04.576 I/AdbKeyboard( 2648): imeAction: 5 Next
06-12 19:54:04.576 V/InputMethodService( 2648): onEvaluateInputViewShown: config.hardKeyboardHidden = 2
06-12 19:54:04.576 V/InputMethodService( 2648): onEvaluateInputViewShown: config.hardKeyboardHidden = 2
06-12 19:54:04.627 D/InsetsController(19062): show(ime(), fromIme=true)
06-12 19:54:04.648 D/UIAutomatorStub(19008): URI: /jsonrpc/0, Method: POST, params, {NanoHttpd.QUERY_STRING=null}, files: {postData={"jsonrpc": "2.0", "id": 1, "method": "waitForExists", "params": [{"mask": 2097152, "childOrSibling": [], "childOrSiblingSelector": [], "resourceId": "tech.gtt.frontapp.stb.demo:id/et_pwd"}, 20000]}}
06-12 19:54:04.650 D/UiDevice(19008): Waiting 20000ms for SearchCondition[hasObject=BySelector [RES='\Qtech.gtt.frontapp.stb.demo:id/et_pwd\E']].
06-12 19:54:04.650 D/UiDevice(19008): Searching for node with selector: BySelector [RES='\Qtech.gtt.frontapp.stb.demo:id/et_pwd\E'].
06-12 19:54:04.651 W/QueryController(19008): Could not detect idle state.
06-12 19:54:04.693 D/UIAutomatorStub(19008): URI: /jsonrpc/0, Method: POST, params, {NanoHttpd.QUERY_STRING=null}, files: {postData={"jsonrpc": "2.0", "id": 1, "method": "objInfo", "params": [{"mask": 2097152, "childOrSibling": [], "childOrSiblingSelector": [], "resourceId": "tech.gtt.frontapp.stb.demo:id/et_pwd"}]}}
06-12 19:54:04.694 D/UiDevice(19008): Retrieving node with selector: BySelector [RES='\Qtech.gtt.frontapp.stb.demo:id/et_pwd\E'].
06-12 19:54:04.694 W/QueryController(19008): Could not detect idle state.
06-12 19:54:04.698 W/QueryController(19008): Could not detect idle state.
06-12 19:54:04.699 W/QueryController(19008): Could not detect idle state.
06-12 19:54:04.699 W/QueryController(19008): Could not detect idle state.
06-12 19:54:04.700 W/QueryController(19008): Could not detect idle state.
06-12 19:54:04.701 W/QueryController(19008): Could not detect idle state.
06-12 19:54:04.702 W/QueryController(19008): Could not detect idle state.
06-12 19:54:04.703 W/QueryController(19008): Could not detect idle state.
06-12 19:54:04.703 W/QueryController(19008): Could not detect idle state.
06-12 19:54:04.704 W/QueryController(19008): Could not detect idle state.
06-12 19:54:04.705 W/QueryController(19008): Could not detect idle state.
06-12 19:54:04.706 W/QueryController(19008): Could not detect idle state.
06-12 19:54:04.707 W/QueryController(19008): Could not detect idle state.
06-12 19:54:04.708 W/QueryController(19008): Could not detect idle state.
06-12 19:54:04.709 W/QueryController(19008): Could not detect idle state.
06-12 19:54:04.710 W/QueryController(19008): Could not detect idle state.
06-12 19:54:04.710 W/QueryController(19008): Could not detect idle state.
06-12 19:54:04.711 W/QueryController(19008): Could not detect idle state.
06-12 19:54:04.722 W/SurfaceFlinger( 1800): couldn't log to binary event log: overflow.
06-12 19:54:04.727 W/NotificationHistory( 1925): Attempted to add notif for locked/gone/disabled user 0
06-12 19:54:04.731 D/InterruptionStateProvider( 2100): No bubble up: not allowed to bubble: -1|android|8|null|1000
06-12 19:54:04.731 D/InterruptionStateProvider( 2100): No heads up: unimportant notification: -1|android|8|null|1000
06-12 19:54:04.731 D/PeopleSpaceWidgetMgr( 2100): Sbn doesn't contain valid PeopleTileKey: null/-1/android
06-12 19:54:04.738 D/UIAutomatorStub(19008): URI: /jsonrpc/0, Method: POST, params, {NanoHttpd.QUERY_STRING=null}, files: {postData={"jsonrpc": "2.0", "id": 1, "method": "click", "params": [1057.0, 559.0]}}
06-12 19:54:04.773 D/InterruptionStateProvider( 2100): No bubble up: not allowed to bubble: -1|android|8|null|1000
06-12 19:54:04.773 D/InterruptionStateProvider( 2100): No heads up: unimportant notification: -1|android|8|null|1000
06-12 19:54:04.776 D/PeopleSpaceWidgetMgr( 2100): Sbn doesn't contain valid PeopleTileKey: null/-1/android
06-12 19:54:04.793 D/InterruptionStateProvider( 2100): No bubble up: not allowed to bubble: -1|android|8|null|1000
06-12 19:54:04.793 D/InterruptionStateProvider( 2100): No heads up: unimportant notification: -1|android|8|null|1000
06-12 19:54:04.796 D/PeopleSpaceWidgetMgr( 2100): Sbn doesn't contain valid PeopleTileKey: null/-1/android
06-12 19:54:04.862 I/AdbKeyboard( 2648): imeAction: 5 Next
06-12 19:54:04.862 V/InputMethodService( 2648): onEvaluateInputViewShown: config.hardKeyboardHidden = 2
06-12 19:54:04.862 V/InputMethodService( 2648): onEvaluateInputViewShown: config.hardKeyboardHidden = 2
06-12 19:54:04.863 D/InputMethodManager(19062): showSoftInput() view=tech.gtt.frontapp.stb.c.ui.edittext.NormalFocusEditText{ea53dbf VFED..CL. .F.P..ID 0,0-700,92 #7f0b0172 app:id/et_pwd aid=1073741826} flags=0 reason=SHOW_SOFT_INPUT
06-12 19:54:04.864 V/InputMethodService( 2648): onEvaluateInputViewShown: config.hardKeyboardHidden = 2
06-12 19:54:04.864 V/InputMethodService( 2648): onEvaluateInputViewShown: config.hardKeyboardHidden = 2
06-12 19:54:04.875 D/InsetsController(19062): show(ime(), fromIme=true)
06-12 19:54:04.876 D/InsetsController(19062): show(ime(), fromIme=true)
06-12 19:54:04.908 D/UIAutomatorStub(19008): URI: /jsonrpc/0, Method: POST, params, {NanoHttpd.QUERY_STRING=null}, files: {postData={"jsonrpc": "2.0", "id": 1, "method": "waitForExists", "params": [{"mask": 2097152, "childOrSibling": [], "childOrSiblingSelector": [], "resourceId": "tech.gtt.frontapp.stb.demo:id/et_pwd"}, 20000]}}
06-12 19:54:04.910 D/UiDevice(19008): Waiting 20000ms for SearchCondition[hasObject=BySelector [RES='\Qtech.gtt.frontapp.stb.demo:id/et_pwd\E']].
06-12 19:54:04.910 D/UiDevice(19008): Searching for node with selector: BySelector [RES='\Qtech.gtt.frontapp.stb.demo:id/et_pwd\E'].
06-12 19:54:04.911 W/QueryController(19008): Could not detect idle state.
06-12 19:54:04.932 D/UIAutomatorStub(19008): URI: /jsonrpc/0, Method: POST, params, {NanoHttpd.QUERY_STRING=null}, files: {postData={"jsonrpc": "2.0", "id": 1, "method": "setText", "params": [{"mask": 2097152, "childOrSibling": [], "childOrSiblingSelector": [], "resourceId": "tech.gtt.frontapp.stb.demo:id/et_pwd"}, "123456"]}}
06-12 19:54:04.933 D/UiDevice(19008): Retrieving node with selector: BySelector [RES='\Qtech.gtt.frontapp.stb.demo:id/et_pwd\E'].
06-12 19:54:04.935 W/QueryController(19008): Could not detect idle state.
06-12 19:54:04.938 W/QueryController(19008): Could not detect idle state.
06-12 19:54:04.939 D/UiObject2(19008): Clicking on (1057, 559).
06-12 19:54:04.966 D/InputMethodManager(19062): showSoftInput() view=tech.gtt.frontapp.stb.c.ui.edittext.NormalFocusEditText{ea53dbf VFED..CL. .F.P.... 0,0-700,92 #7f0b0172 app:id/et_pwd aid=1073741826} flags=0 reason=SHOW_SOFT_INPUT
06-12 19:54:04.966 V/InputMethodService( 2648): onEvaluateInputViewShown: config.hardKeyboardHidden = 2
06-12 19:54:04.966 V/InputMethodService( 2648): onEvaluateInputViewShown: config.hardKeyboardHidden = 2
06-12 19:54:04.967 D/InsetsController(19062): show(ime(), fromIme=true)
06-12 19:54:04.982 W/GestureController(19008): Gestures took longer than expected (43ms >> 16ms), device might be in a busy state.
06-12 19:54:04.982 D/UiDevice(19008): Retrieving node with selector: BySelector [RES='\Qtech.gtt.frontapp.stb.demo:id/et_pwd\E'].
06-12 19:54:04.983 W/QueryController(19008): Could not detect idle state.
06-12 19:54:04.986 W/QueryController(19008): Could not detect idle state.
06-12 19:54:04.987 D/UiObject2(19008): Setting text to '123456'.
06-12 19:54:04.991 I/AdbKeyboard( 2648): imeAction: 5 Next
06-12 19:54:04.991 V/InputMethodService( 2648): onEvaluateInputViewShown: config.hardKeyboardHidden = 2
06-12 19:54:04.991 V/InputMethodService( 2648): onEvaluateInputViewShown: config.hardKeyboardHidden = 2
06-12 19:54:05.009 D/InsetsController(19062): show(ime(), fromIme=true)
06-12 19:54:05.017 D/UIAutomatorStub(19008): URI: /jsonrpc/0, Method: POST, params, {NanoHttpd.QUERY_STRING=null}, files: {postData={"jsonrpc": "2.0", "id": 1, "method": "waitForExists", "params": [{"mask": 2097152, "childOrSibling": [], "childOrSiblingSelector": [], "resourceId": "tech.gtt.frontapp.stb.demo:id/remember_pwd_cb"}, 20000]}}
06-12 19:54:05.018 D/UiDevice(19008): Waiting 20000ms for SearchCondition[hasObject=BySelector [RES='\Qtech.gtt.frontapp.stb.demo:id/remember_pwd_cb\E']].
06-12 19:54:05.018 D/UiDevice(19008): Searching for node with selector: BySelector [RES='\Qtech.gtt.frontapp.stb.demo:id/remember_pwd_cb\E'].
06-12 19:54:05.018 W/QueryController(19008): Could not detect idle state.
06-12 19:54:05.048 D/UIAutomatorStub(19008): URI: /jsonrpc/0, Method: POST, params, {NanoHttpd.QUERY_STRING=null}, files: {postData={"jsonrpc": "2.0", "id": 1, "method": "objInfo", "params": [{"mask": 2097152, "childOrSibling": [], "childOrSiblingSelector": [], "resourceId": "tech.gtt.frontapp.stb.demo:id/remember_pwd_cb"}]}}
06-12 19:54:05.049 D/UiDevice(19008): Retrieving node with selector: BySelector [RES='\Qtech.gtt.frontapp.stb.demo:id/remember_pwd_cb\E'].
06-12 19:54:05.049 W/QueryController(19008): Could not detect idle state.
06-12 19:54:05.053 W/QueryController(19008): Could not detect idle state.
06-12 19:54:05.054 W/QueryController(19008): Could not detect idle state.
06-12 19:54:05.055 W/QueryController(19008): Could not detect idle state.
06-12 19:54:05.056 W/QueryController(19008): Could not detect idle state.
06-12 19:54:05.057 W/QueryController(19008): Could not detect idle state.
06-12 19:54:05.058 W/QueryController(19008): Could not detect idle state.
06-12 19:54:05.059 W/QueryController(19008): Could not detect idle state.
06-12 19:54:05.060 W/QueryController(19008): Could not detect idle state.
06-12 19:54:05.061 W/QueryController(19008): Could not detect idle state.
06-12 19:54:05.062 W/QueryController(19008): Could not detect idle state.
06-12 19:54:05.063 W/QueryController(19008): Could not detect idle state.
06-12 19:54:05.063 W/QueryController(19008): Could not detect idle state.
06-12 19:54:05.064 W/QueryController(19008): Could not detect idle state.
06-12 19:54:05.065 W/QueryController(19008): Could not detect idle state.
06-12 19:54:05.067 D/InterruptionStateProvider( 2100): No bubble up: not allowed to bubble: -1|android|8|null|1000
06-12 19:54:05.067 D/InterruptionStateProvider( 2100): No heads up: unimportant notification: -1|android|8|null|1000
06-12 19:54:05.070 D/PeopleSpaceWidgetMgr( 2100): Sbn doesn't contain valid PeopleTileKey: null/-1/android
06-12 19:54:05.070 W/QueryController(19008): Could not detect idle state.
06-12 19:54:05.071 W/QueryController(19008): Could not detect idle state.
06-12 19:54:05.071 W/QueryController(19008): Could not detect idle state.
06-12 19:54:05.075 D/InterruptionStateProvider( 2100): No bubble up: not allowed to bubble: -1|android|8|null|1000
06-12 19:54:05.076 D/InterruptionStateProvider( 2100): No heads up: unimportant notification: -1|android|8|null|1000
06-12 19:54:05.078 D/PeopleSpaceWidgetMgr( 2100): Sbn doesn't contain valid PeopleTileKey: null/-1/android
06-12 19:54:05.100 D/UIAutomatorStub(19008): URI: /jsonrpc/0, Method: POST, params, {NanoHttpd.QUERY_STRING=null}, files: {postData={"jsonrpc": "2.0", "id": 1, "method": "click", "params": [729.0, 656.0]}}
06-12 19:54:05.128 E/libEGL  (19062): called unimplemented OpenGL ES API
06-12 19:54:05.171 D/InterruptionStateProvider( 2100): No bubble up: not allowed to bubble: -1|android|8|null|1000
06-12 19:54:05.171 D/InterruptionStateProvider( 2100): No heads up: unimportant notification: -1|android|8|null|1000
06-12 19:54:05.174 D/PeopleSpaceWidgetMgr( 2100): Sbn doesn't contain valid PeopleTileKey: null/-1/android
06-12 19:54:05.207 D/InterruptionStateProvider( 2100): No bubble up: not allowed to bubble: -1|android|8|null|1000
06-12 19:54:05.208 D/InterruptionStateProvider( 2100): No heads up: unimportant notification: -1|android|8|null|1000
06-12 19:54:05.212 D/PeopleSpaceWidgetMgr( 2100): Sbn doesn't contain valid PeopleTileKey: null/-1/android
06-12 19:54:05.242 D/UIAutomatorStub(19008): URI: /jsonrpc/0, Method: POST, params, {NanoHttpd.QUERY_STRING=null}, files: {postData={"jsonrpc": "2.0", "id": 1, "method": "count", "params": [{"mask": 2097152, "childOrSibling": [], "childOrSiblingSelector": [], "resourceId": "tech.gtt.frontapp.stb.demo:id/loginf_tv_login"}]}}
06-12 19:54:05.243 D/UiObject(19008): Waiting 0ms for UiSelector[RESOURCE_ID=tech.gtt.frontapp.stb.demo:id/loginf_tv_login].
06-12 19:54:05.243 W/QueryController(19008): Could not detect idle state.
06-12 19:54:05.247 I/QueryController(19008): Matched selector: UiSelector[RESOURCE_ID=tech.gtt.frontapp.stb.demo:id/loginf_tv_login] <<==>> [android.view.accessibility.AccessibilityNodeInfo@2299b; boundsInParent: Rect(0, 0 - 808, 92); boundsInScreen: Rect(707, 722 - 1515, 814); packageName: tech.gtt.frontapp.stb.demo; className: android.widget.TextView; text: Login; error: null; maxTextLength: -1; stateDescription: null; contentDescription: null; tooltipText: null; viewIdResName: tech.gtt.frontapp.stb.demo:id/loginf_tv_login; checkable: false; checked: false; focusable: true; focused: false; selected: false; clickable: true; longClickable: false; contextClickable: false; enabled: true; password: false; scrollable: false; importantForAccessibility: true; visible: true; actions: [AccessibilityAction: ACTION_FOCUS - null, AccessibilityAction: ACTION_SELECT - null, AccessibilityAction: ACTION_CLEAR_SELECTION - null, AccessibilityAction: ACTION_CLICK - null, AccessibilityAction: ACTION_ACCESSIBILITY_FOCUS - null, AccessibilityAction: ACTION_NEXT_AT_MOVEMENT_GRANULARITY - null, AccessibilityAction: ACTION_PREVIOUS_AT_MOVEMENT_GRANULARITY - null, AccessibilityAction: ACTION_SET_SELECTION - null, AccessibilityAction: ACTION_SHOW_ON_SCREEN - null]]
06-12 19:54:05.247 D/UiObject(19008): Waiting 0ms for UiSelector[INSTANCE=1, RESOURCE_ID=tech.gtt.frontapp.stb.demo:id/loginf_tv_login].
06-12 19:54:05.248 W/QueryController(19008): Could not detect idle state.
06-12 19:54:05.274 D/UIAutomatorStub(19008): URI: /jsonrpc/0, Method: POST, params, {NanoHttpd.QUERY_STRING=null}, files: {postData={"jsonrpc": "2.0", "id": 1, "method": "exist", "params": [{"mask": 2097152, "childOrSibling": [], "childOrSiblingSelector": [], "resourceId": "tech.gtt.frontapp.stb.demo:id/loginf_tv_login"}]}}
06-12 19:54:05.276 D/UiDevice(19008): Retrieving node with selector: BySelector [RES='\Qtech.gtt.frontapp.stb.demo:id/loginf_tv_login\E'].
06-12 19:54:05.277 W/QueryController(19008): Could not detect idle state.
06-12 19:54:05.310 D/UIAutomatorStub(19008): URI: /jsonrpc/0, Method: POST, params, {NanoHttpd.QUERY_STRING=null}, files: {postData={"jsonrpc": "2.0", "id": 1, "method": "waitForExists", "params": [{"mask": 2097152, "childOrSibling": [], "childOrSiblingSelector": [], "resourceId": "tech.gtt.frontapp.stb.demo:id/loginf_tv_login"}, 20000]}}
06-12 19:54:05.312 D/UiDevice(19008): Waiting 20000ms for SearchCondition[hasObject=BySelector [RES='\Qtech.gtt.frontapp.stb.demo:id/loginf_tv_login\E']].
06-12 19:54:05.313 D/UiDevice(19008): Searching for node with selector: BySelector [RES='\Qtech.gtt.frontapp.stb.demo:id/loginf_tv_login\E'].
06-12 19:54:05.313 W/QueryController(19008): Could not detect idle state.
06-12 19:54:05.345 D/UIAutomatorStub(19008): URI: /jsonrpc/0, Method: POST, params, {NanoHttpd.QUERY_STRING=null}, files: {postData={"jsonrpc": "2.0", "id": 1, "method": "objInfo", "params": [{"mask": 2097152, "childOrSibling": [], "childOrSiblingSelector": [], "resourceId": "tech.gtt.frontapp.stb.demo:id/loginf_tv_login"}]}}
06-12 19:54:05.346 D/UiDevice(19008): Retrieving node with selector: BySelector [RES='\Qtech.gtt.frontapp.stb.demo:id/loginf_tv_login\E'].
06-12 19:54:05.347 W/QueryController(19008): Could not detect idle state.
06-12 19:54:05.351 W/QueryController(19008): Could not detect idle state.
06-12 19:54:05.352 W/QueryController(19008): Could not detect idle state.
06-12 19:54:05.353 W/QueryController(19008): Could not detect idle state.
06-12 19:54:05.354 W/QueryController(19008): Could not detect idle state.
06-12 19:54:05.355 W/QueryController(19008): Could not detect idle state.
06-12 19:54:05.356 W/QueryController(19008): Could not detect idle state.
06-12 19:54:05.358 W/QueryController(19008): Could not detect idle state.
06-12 19:54:05.361 W/QueryController(19008): Could not detect idle state.
06-12 19:54:05.374 W/QueryController(19008): Could not detect idle state.
06-12 19:54:05.376 W/QueryController(19008): Could not detect idle state.
06-12 19:54:05.377 W/QueryController(19008): Could not detect idle state.
06-12 19:54:05.378 W/QueryController(19008): Could not detect idle state.
06-12 19:54:05.379 W/QueryController(19008): Could not detect idle state.
06-12 19:54:05.381 W/QueryController(19008): Could not detect idle state.
06-12 19:54:05.382 W/QueryController(19008): Could not detect idle state.
06-12 19:54:05.382 W/QueryController(19008): Could not detect idle state.
06-12 19:54:05.383 W/QueryController(19008): Could not detect idle state.
06-12 19:54:05.410 D/UIAutomatorStub(19008): URI: /jsonrpc/0, Method: POST, params, {NanoHttpd.QUERY_STRING=null}, files: {postData={"jsonrpc": "2.0", "id": 1, "method": "click", "params": [1111.0, 768.0]}}
06-12 19:54:05.525 V/GSK-Account:AccountManager(19062): disableSavePwd=false
06-12 19:54:05.527 V/GSK-Account:EmailOrPhoneLoginStrategy(19062): disableSavePwd=false
06-12 19:54:05.534 E/ActivityThread(19062): Failed to find provider info for com.uv.droid.uotaback.storage.provider
06-12 19:54:05.534 E/ActivityThread(19062): Failed to find provider info for com.uv.droid.booster.vod.provider
06-12 19:54:05.534 E/ontapp.stb.dem(19062): No implementation found for java.lang.String os.SystemPropertiesKt.native_get(java.lang.String) (tried Java_os_SystemPropertiesKt_native_1get and Java_os_SystemPropertiesKt_native_1get__Ljava_lang_String_2)
06-12 19:54:05.535 V/GSK-Account:AccountManager(19062): isLoggedIn=false
06-12 19:54:05.536 V/GSK-APIS(19062): =======================NEW REQUEST=========================
06-12 19:54:05.536 V/GSK-APIS(19062): Request:	/api/enduser/account/user/login/v1	POST
06-12 19:54:05.536 V/GSK-APIS(19062): RequestIdentify:	4310a58d
06-12 19:54:05.536 V/GSK-APIS(19062): 
06-12 19:54:05.536 V/GSK-APIS(19062): RequestHeaders in a readable format:
06-12 19:54:05.536 V/GSK-APIS(19062): X-App-Id: db589110cb7457cd607739664dc44e61c217d77681427dacfe2f262f1927cd8f
06-12 19:54:05.536 V/GSK-APIS(19062): X-Source-Id: 30006401-31002837
06-12 19:54:05.536 V/GSK-APIS(19062): X-Version-Code: 7
06-12 19:54:05.536 V/GSK-APIS(19062): X-Brand-Id: 66d009603c38ec6574e5b77ce48fb7070a3f7ed622c465b05fc56110bd72fc65
06-12 19:54:05.536 V/GSK-APIS(19062): X-Version-Seq: 1
06-12 19:54:05.536 V/GSK-APIS(19062): X-App-Type-Text: STB
06-12 19:54:05.536 V/GSK-APIS(19062): Accept-Language: en
06-12 19:54:05.536 V/GSK-APIS(19062): 
06-12 19:54:05.536 V/GSK-APIS(19062): 
06-12 19:54:05.536 V/GSK-APIS(19062): RequestParams in Json Format:
06-12 19:54:05.536 V/GSK-APIS(19062): {"loginSource":"TERMINAL","loginInfo":{"accountName":"0609@ipwangxin.cn","password":"e10adc3949ba59abbe56e057f20f883e","loginMethod":"EMAIL","loginToken":null,"serviceToken":null,"activeCode":null,"authenticationKey":null,"userRandomValue":null,"identityToken":null},"sourceId":"30006401-31002837","requestId":"e0ad7837-24ea-4464-98bc-e2814b0e3589","brandId":"d0k7d3p3kdikth2o3q6g","appId":"d0jucrbq6bt4h33c0ma0","appTypeText":"STB","lang":"en","appVersionCode":7,"uuid":"eee8925e-70fa-4919-aafe-96688dc88749","mac":"eee8925e-70fa-4919-aafe-96688dc88749","appVersionSeq":"1","deviceInfo":{"hasMobileData":"false","versionRelease":"12","vendorId":"","ramSize":"4033400","AndroidID":"4788e19cc08204c8","type":"user","cpuInfo":"cHJvY2Vzc29yCTogMAp2ZW5kb3JfaWQJOiBHZW51aW5lSW50ZWwKY3B1IGZhbWlseQk6IDYKbW9kZWwJCTogMTU4Cm1vZGVsIG5hbWUJOiBJbnRlbChSKSBDb3JlKFRNKSBpNy05NzAwIENQVSBAIDMuMDBHSHoKc3RlcHBpbmcJOiAxMwpjcHUgTUh6CQk6IDAuMDAxCmNhY2hlIHNpemUJOiAxMjI4OCBLQgpwaHlzaWNhbCBpZAk6IDAKc2libGluZ3MJOiA0CmNvcmUgaWQJCTogMApjcHUgY29yZXMJOiA0CmFwaWNpZAkJOiAwCmluaXRpYWwgYXBpY2lkCTogMApmcHUJCTogeWVzCmZwdV9leGNlcHRpb24JOiB5ZXMKY3B1aWQgbGV2ZWwJOiAyMgp3cAkJOiB5ZXMKZmxhZ3MJCTogZnB1IHZtZSBkZSBwc2UgdHNjIG1zciBwYWUgbWNlIGN4OCBhcGljIHNlcCBtdHJyIHBnZSBtY2EgY21vdiBwYXQgcHNlMzYgY2xmbHVzaCBtbXggZnhzciBzc2Ugc3NlMiBodCBzeXNjYWxsIG54IHJkdHNjcCBsbSBjb25zdGFudF90c2MgcmVwX2dvb2Qgbm9wbCB4dG9wb2xvZ3kgbm9uc3RvcF90c2MgY3B1aWQgdHNjX2tub3duX2ZyZXEgcG5pIHBjbG11bHFkcSBzc3NlMyBjeDE2IHBjaWQgc3NlNF8xIHNzZTRfMiBtb3ZiZSBwb3BjbnQgYWVzIHhzYXZlIGF2eCByZHJhbmQgaHlwZXJ2aXNvciBsYWhmX2xtIGFibSAzZG5vd3ByZWZldGNoIGludnBjaWRfc2luZ2xlIGlicnNfZW5oYW5jZWQgZnNnc2Jhc2UgYXZ4MiBpbnZwY2lkIHJkc2VlZCBjbGZsdXNob3B0IG1kX2NsZWFyIGZsdXNoX2wxZCBhcmNoX2NhcGFiaWxpdGllcwpidWdzCQk6IHNwZWN0cmVfdjEgc3BlY3RyZV92MiBzcGVjX3N0b3JlX2J5cGFzcyBzd2FwZ3MgaXRsYl9tdWx0aWhpdApib2dvbWlwcwk6IDU5OTkuOTkKY2xmbHVzaCBzaXplCTogNjQKY2FjaGVfYWxpZ25tZW50CTogNjQKYWRkcmVzcyBzaXplcwk6IDM5IGJpdHMgcGh5c2ljYWwsIDQ4IGJpdHMgdmlydHVhbApwb3dlciBtYW5hZ2VtZW50OgoKcHJvY2Vzc29yCTogMQp2ZW5kb3JfaWQJOiBHZW51aW5lSW50ZWwKY3B1IGZhbWlseQk6IDYKbW9kZWwJCTogMTU4Cm1vZGVsIG5hbWUJOiBJbnRlbChSKSBDb3JlKFRNKSBpNy05NzAwIENQVSBAIDMuMDBHSHoKc3RlcHBpbmcJOiAxMwpjcHUgTUh6CQk6IDAuMDAxCmNhY2hlIHNpemUJOiAxMjI4OCBLQgpwaHlzaWNhbCBpZAk6IDAKc2libGluZ3MJOiA0CmNvcmUgaWQJCTogMQpjcHUgY29yZXMJOiA0CmFwaWNpZAkJOiAxCmluaXRpYWwgYXBpY2lkCTogMQpmcHUJCTogeWVzCmZwdV9leGNlcHRpb24JOiB5ZXMKY3B1aWQgbGV2ZWwJOiAyMgp3cAkJOiB5ZXMKZmxhZ3MJCTogZnB1IHZtZSBkZSBwc2UgdHNjIG1zciBwYWUgbWNlIGN4OCBhcGljIHNlcCBtdHJyIHBnZSBtY2EgY21vdiBwYXQgcHNlMzYgY2xmbHVzaCBtbXggZnhzciBzc2Ugc3NlMiBodCBzeXNjYWxsIG54IHJkdHNjcCBsbSBjb25zdGFudF90c2MgcmVwX2dvb2Qgbm9wbCB4dG9wb2xvZ3kgbm9uc3RvcF90c2MgY3B1aWQgdHNjX2tub3duX2ZyZXEgcG5pIHBjbG11bHFkcSBzc3NlMyBjeDE2IHBjaWQgc3NlNF8xIHNzZTRfMiBtb3ZiZSBwb3BjbnQgYWVzIHhzYXZlIGF2eCByZHJhbmQgaHlwZXJ2aXNvciBsYWhmX2xtIGFibSAzZG5vd3ByZWZldGNoIGludnBjaWRfc2luZ2xlIGlicnNfZW5oYW5jZWQgZnNnc2Jhc2UgYXZ4MiBpbnZwY2lkIHJkc2VlZCBjbGZsdXNob3B0IG1kX2NsZWFyIGZsdXNoX2wxZCBhcmNoX2NhcGFiaWxpdGllcwpidWdzCQk6IHNwZWN0cmVfdjEgc3BlY3RyZV92MiBzcGVjX3N0b3JlX2J5cGFzcyBzd2FwZ3MgaXRsYl9tdWx0aWhpdApib2dvbWlwcwk6IDU5OTkuOTkKY2xmbHVzaCBzaXplCTogNjQKY2FjaGVfYWxpZ25tZW50CTogNjQKYWRkcmVzcyBzaXplcwk6IDM5IGJpdHMgcGh5c2ljYWwsIDQ4IGJpdHMgdmlydHVhbApwb3dlciBtYW5hZ2VtZW50OgoKcHJvY2Vzc29yCTogMgp2ZW5kb3JfaWQJOiBHZW51aW5lSW50ZWwKY3B1IGZhbWlseQk6IDYKbW9kZWwJCTogMTU4Cm1vZGVsIG5hbWUJOiBJbnRlbChSKSBDb3JlKFRNKSBpNy05NzAwIENQVSBAIDMuMDBHSHoKc3RlcHBpbmcJOiAxMwpjcHUgTUh6CQk6IDAuMDAyCmNhY2hlIHNpemUJOiAxMjI4OCBLQgpwaHlzaWNhbCBpZAk6IDAKc2libGluZ3MJOiA0CmNvcmUgaWQJCTogMgpjcHUgY29yZXMJOiA0CmFwaWNpZAkJOiAyCmluaXRpYWwgYXBpY2lkCTogMgpmcHUJCTogeWVzCmZwdV9leGNlcHRpb24JOiB5ZXMKY3B1aWQgbGV2ZWwJOiAyMgp3cAkJOiB5ZXMKZmxhZ3MJCTogZnB1IHZtZSBkZSBwc2UgdHNjIG1zciBwYWUgbWNlIGN4OCBhcGljIHNlcCBtdHJyIHBnZSBtY2EgY21vdiBwYXQgcHNlMzYgY2xmbHVzaCBtbXggZnhzciBzc2Ugc3NlMiBodCBzeXNjYWxsIG54IHJkdHNjcCBsbSBjb25zdGFudF90c2MgcmVwX2dvb2Qgbm9wbCB4dG9wb2xvZ3kgbm9uc3RvcF90c2MgY3B1aWQgdHNjX2tub3duX2ZyZXEgcG5pIHBjbG11bHFkcSBzc3NlMyBjeDE2IHBjaWQgc3NlNF8xIHNzZTRfMiBtb3ZiZSBwb3BjbnQgYWVzIHhzYXZlIGF2eCByZHJhbmQgaHlwZXJ2a
