06-12 19:37:07.946 D/UiDevice(14101): Searching for node with selector: BySelector [RES='\Qtech.gtt.frontapp.stb.demo:id/account_login_tv2\E'].
06-12 19:37:07.948 W/QueryController(14101): Could not detect idle state.
06-12 19:37:08.055 D/UiDevice(14101): Searching for node with selector: BySelector [RES='\Qtech.gtt.frontapp.stb.demo:id/account_login_tv2\E'].
06-12 19:37:08.056 W/QueryController(14101): Could not detect idle state.
06-12 19:37:08.160 D/UiDevice(14101): Searching for node with selector: BySelector [RES='\Qtech.gtt.frontapp.stb.demo:id/account_login_tv2\E'].
06-12 19:37:08.160 W/QueryController(14101): Could not detect idle state.
06-12 19:37:08.263 D/UiDevice(14101): Searching for node with selector: BySelector [RES='\Qtech.gtt.frontapp.stb.demo:id/account_login_tv2\E'].
06-12 19:37:08.263 W/QueryController(14101): Could not detect idle state.
06-12 19:37:08.367 D/UiDevice(14101): Searching for node with selector: BySelector [RES='\Qtech.gtt.frontapp.stb.demo:id/account_login_tv2\E'].
06-12 19:37:08.367 W/QueryController(14101): Could not detect idle state.
06-12 19:37:08.471 D/UiDevice(14101): Searching for node with selector: BySelector [RES='\Qtech.gtt.frontapp.stb.demo:id/account_login_tv2\E'].
06-12 19:37:08.472 W/QueryController(14101): Could not detect idle state.
06-12 19:37:08.575 D/UiDevice(14101): Searching for node with selector: BySelector [RES='\Qtech.gtt.frontapp.stb.demo:id/account_login_tv2\E'].
06-12 19:37:08.575 W/QueryController(14101): Could not detect idle state.
06-12 19:37:08.680 D/UiDevice(14101): Searching for node with selector: BySelector [RES='\Qtech.gtt.frontapp.stb.demo:id/account_login_tv2\E'].
06-12 19:37:08.680 W/QueryController(14101): Could not detect idle state.
06-12 19:37:08.784 D/UiDevice(14101): Searching for node with selector: BySelector [RES='\Qtech.gtt.frontapp.stb.demo:id/account_login_tv2\E'].
06-12 19:37:08.784 W/QueryController(14101): Could not detect idle state.
06-12 19:37:08.889 D/UiDevice(14101): Searching for node with selector: BySelector [RES='\Qtech.gtt.frontapp.stb.demo:id/account_login_tv2\E'].
06-12 19:37:08.889 W/QueryController(14101): Could not detect idle state.
06-12 19:37:08.992 D/UiDevice(14101): Searching for node with selector: BySelector [RES='\Qtech.gtt.frontapp.stb.demo:id/account_login_tv2\E'].
06-12 19:37:08.993 W/QueryController(14101): Could not detect idle state.
06-12 19:37:09.096 D/UiDevice(14101): Searching for node with selector: BySelector [RES='\Qtech.gtt.frontapp.stb.demo:id/account_login_tv2\E'].
06-12 19:37:09.096 W/QueryController(14101): Could not detect idle state.
06-12 19:37:09.201 D/UiDevice(14101): Searching for node with selector: BySelector [RES='\Qtech.gtt.frontapp.stb.demo:id/account_login_tv2\E'].
06-12 19:37:09.201 W/QueryController(14101): Could not detect idle state.
06-12 19:37:09.304 D/UiDevice(14101): Searching for node with selector: BySelector [RES='\Qtech.gtt.frontapp.stb.demo:id/account_login_tv2\E'].
06-12 19:37:09.304 W/QueryController(14101): Could not detect idle state.
06-12 19:37:09.407 D/UiDevice(14101): Searching for node with selector: BySelector [RES='\Qtech.gtt.frontapp.stb.demo:id/account_login_tv2\E'].
06-12 19:37:09.408 W/QueryController(14101): Could not detect idle state.
06-12 19:37:09.513 D/UiDevice(14101): Searching for node with selector: BySelector [RES='\Qtech.gtt.frontapp.stb.demo:id/account_login_tv2\E'].
06-12 19:37:09.513 W/QueryController(14101): Could not detect idle state.
06-12 19:37:09.593 E/TaskPersister( 1925): File error accessing recents directory (directory doesn't exist?).
06-12 19:37:09.617 D/UiDevice(14101): Searching for node with selector: BySelector [RES='\Qtech.gtt.frontapp.stb.demo:id/account_login_tv2\E'].
06-12 19:37:09.617 W/QueryController(14101): Could not detect idle state.
06-12 19:37:09.722 D/UiDevice(14101): Searching for node with selector: BySelector [RES='\Qtech.gtt.frontapp.stb.demo:id/account_login_tv2\E'].
06-12 19:37:09.722 W/QueryController(14101): Could not detect idle state.
06-12 19:37:09.826 D/UiDevice(14101): Searching for node with selector: BySelector [RES='\Qtech.gtt.frontapp.stb.demo:id/account_login_tv2\E'].
06-12 19:37:09.827 W/QueryController(14101): Could not detect idle state.
06-12 19:37:09.930 D/UiDevice(14101): Searching for node with selector: BySelector [RES='\Qtech.gtt.frontapp.stb.demo:id/account_login_tv2\E'].
06-12 19:37:09.930 W/QueryController(14101): Could not detect idle state.
06-12 19:37:10.032 D/UiDevice(14101): Searching for node with selector: BySelector [RES='\Qtech.gtt.frontapp.stb.demo:id/account_login_tv2\E'].
06-12 19:37:10.033 W/QueryController(14101): Could not detect idle state.
06-12 19:37:10.137 D/UiDevice(14101): Searching for node with selector: BySelector [RES='\Qtech.gtt.frontapp.stb.demo:id/account_login_tv2\E'].
06-12 19:37:10.137 W/QueryController(14101): Could not detect idle state.
06-12 19:37:10.244 D/UiDevice(14101): Searching for node with selector: BySelector [RES='\Qtech.gtt.frontapp.stb.demo:id/account_login_tv2\E'].
06-12 19:37:10.245 W/QueryController(14101): Could not detect idle state.
06-12 19:37:10.284 I/keystore2( 1707): keystore2::watchdog: Watchdog thread idle -> terminating. Have a great day.
06-12 19:37:10.357 D/UiDevice(14101): Searching for node with selector: BySelector [RES='\Qtech.gtt.frontapp.stb.demo:id/account_login_tv2\E'].
06-12 19:37:10.357 W/QueryController(14101): Could not detect idle state.
06-12 19:37:10.459 D/UiDevice(14101): Searching for node with selector: BySelector [RES='\Qtech.gtt.frontapp.stb.demo:id/account_login_tv2\E'].
06-12 19:37:10.460 W/QueryController(14101): Could not detect idle state.
06-12 19:37:10.476 D/AudioTrack( 1854): stop(26): called with 200704 frames delivered
06-12 19:37:10.562 D/UiDevice(14101): Searching for node with selector: BySelector [RES='\Qtech.gtt.frontapp.stb.demo:id/account_login_tv2\E'].
06-12 19:37:10.563 W/QueryController(14101): Could not detect idle state.
06-12 19:37:10.666 D/UiDevice(14101): Searching for node with selector: BySelector [RES='\Qtech.gtt.frontapp.stb.demo:id/account_login_tv2\E'].
06-12 19:37:10.666 W/QueryController(14101): Could not detect idle state.
06-12 19:37:10.770 D/UiDevice(14101): Searching for node with selector: BySelector [RES='\Qtech.gtt.frontapp.stb.demo:id/account_login_tv2\E'].
06-12 19:37:10.770 W/QueryController(14101): Could not detect idle state.
06-12 19:37:10.872 D/UiDevice(14101): Searching for node with selector: BySelector [RES='\Qtech.gtt.frontapp.stb.demo:id/account_login_tv2\E'].
06-12 19:37:10.873 W/QueryController(14101): Could not detect idle state.
06-12 19:37:10.874 D/NuPlayerDriver( 1854): stop(0xe97802e0)
06-12 19:37:10.874 V/MediaPlayer(14155): resetDrmState:  mDrmInfo=null mDrmProvisioningThread=null mPrepareDrmInProgress=false mActiveDrmScheme=false
06-12 19:37:10.874 V/MediaPlayer(14155): cleanDrmObj: mDrmObj=null mDrmSessionId=null
06-12 19:37:10.875 D/NuPlayerDriver( 1854): reset(0xe97802e0) at state 8
06-12 19:37:10.878 D/SurfaceUtils( 1854): disconnecting from surface 0xe4383278, reason disconnectFromSurface
06-12 19:37:10.879 D/SurfaceUtils( 1854): connecting to surface 0xe4383278, reason onShutdown
06-12 19:37:10.881 D/NuPlayerDriver( 1854): notifyResetComplete(0xe97802e0)
06-12 19:37:10.881 D/SurfaceUtils( 1854): disconnecting from surface 0xe4380018, reason disconnectNativeWindow
06-12 19:37:10.882 W/AMessage( 1854): failed to post message as target looper for handler 0 is gone.
06-12 19:37:10.883 I/MediaFocusControl( 1925): abandonAudioFocus() from uid/pid 10058/14155 clientId=android.media.AudioManager@9c4699f
06-12 19:37:10.884 I/ActivityTaskManager( 1925): START u0 {cmp=tech.gtt.frontapp.stb.demo/tech.gtt.frontapp.stb.m.account.activity.LoginMethodSwitchActivity (has extras)} from uid 10058
06-12 19:37:10.885 D/CompatibilityChangeReporter( 1925): Compat change id reported: 174042980; UID 10058; state: DISABLED
06-12 19:37:10.886 D/CompatibilityChangeReporter( 1925): Compat change id reported: 184838306; UID 10058; state: DISABLED
06-12 19:37:10.886 D/CompatibilityChangeReporter( 1925): Compat change id reported: 185004937; UID 10058; state: DISABLED
06-12 19:37:10.886 D/CompatibilityChangeReporter( 1925): Compat change id reported: 181136395; UID 10058; state: DISABLED
06-12 19:37:10.886 D/CompatibilityChangeReporter( 1925): Compat change id reported: 174042936; UID 10058; state: DISABLED
06-12 19:37:10.887 D/CompatibilityChangeReporter( 1925): Compat change id reported: 197654537; UID 10058; state: ENABLED
06-12 19:37:10.888 D/CompatibilityChangeReporter( 1925): Compat change id reported: 168419799; UID 10058; state: DISABLED
06-12 19:37:10.891 I/MediaFocusControl( 1925): abandonAudioFocus() from uid/pid 10058/14155 clientId=android.media.AudioManager@9c4699f
06-12 19:37:10.892 W/MediaPlayer(14155): mediaplayer went away with unhandled events
06-12 19:37:10.895 W/MediaPlayer(14155): mediaplayer went away with unhandled events
06-12 19:37:10.898 W/ActivityTaskManager( 1925): Tried to set launchTime (0) < mLastActivityLaunchTime (2664611)
06-12 19:37:10.907 D/AndroidAutoSize(14155): tech.gtt.frontapp.stb.m.account.activity.LoginMethodSwitchActivity used the global configuration.
06-12 19:37:10.908 D/AndroidAutoSize(14155): The tech.gtt.frontapp.stb.m.account.activity.LoginMethodSwitchActivity has been adapted! 
06-12 19:37:10.908 D/AndroidAutoSize(14155): LoginMethodSwitchActivity Info: isBaseOnWidth = true, designWidthInDp = 1920.000000, designWidthInSubunits = 1920.000000, targetDensity = 1.000000, targetScaledDensity = 1.000000, targetDensityDpi = 160, targetXdpi = 1.000000, targetScreenWidthDp = 1920, targetScreenHeightDp = 1032
06-12 19:37:10.932 D/AndroidAutoSize(14155): tech.gtt.frontapp.stb.m.account.activity.LoginMethodSwitchActivity used the global configuration.
06-12 19:37:10.933 D/AndroidAutoSize(14155): The tech.gtt.frontapp.stb.m.account.activity.LoginMethodSwitchActivity has been adapted! 
06-12 19:37:10.933 D/AndroidAutoSize(14155): LoginMethodSwitchActivity Info: isBaseOnWidth = true, designWidthInDp = 1920.000000, designWidthInSubunits = 1920.000000, targetDensity = 1.000000, targetScaledDensity = 1.000000, targetDensityDpi = 160, targetXdpi = 1.000000, targetScreenWidthDp = 1920, targetScreenHeightDp = 1032
06-12 19:37:10.935 W/WindowManager( 1925): Failed looking up window session=Session{24e25fb 14155:u0a10058} callers=com.android.server.wm.WindowManagerService.windowForClientLocked:5850 com.android.server.wm.Session.updateRequestedVisibilities:640 android.view.IWindowSession$Stub.onTransact:1175 
06-12 19:37:10.945 D/gralloc_nox( 1767): gralloc_alloc: Creating ashmem region of size 8298496
06-12 19:37:10.961 D/gralloc_nox( 1767): gralloc_alloc: Creating ashmem region of size 8298496
06-12 19:37:10.975 D/ProcessState(14552): Binder ioctl to enable oneway spam detection failed: Invalid argument
06-12 19:37:10.986 D/gralloc_nox( 1767): gralloc_alloc: Creating ashmem region of size 8298496
06-12 19:37:10.994 D/UiDevice(14101): Searching for node with selector: BySelector [RES='\Qtech.gtt.frontapp.stb.demo:id/account_login_tv2\E'].
06-12 19:37:10.994 W/QueryController(14101): Could not detect idle state.
06-12 19:37:11.022 E/libEGL  (14155): called unimplemented OpenGL ES API
06-12 19:37:11.054 I/ActivityTaskManager( 1925): Displayed tech.gtt.frontapp.stb.demo/tech.gtt.frontapp.stb.m.account.activity.LoginMethodSwitchActivity: +169ms
06-12 19:37:11.128 D/UIAutomatorStub(14101): URI: /jsonrpc/0, Method: POST, params, {NanoHttpd.QUERY_STRING=null}, files: {postData={"jsonrpc": "2.0", "id": 1, "method": "objInfo", "params": [{"mask": 2097152, "childOrSibling": [], "childOrSiblingSelector": [], "resourceId": "tech.gtt.frontapp.stb.demo:id/account_login_tv2"}]}}
06-12 19:37:11.129 D/UiDevice(14101): Retrieving node with selector: BySelector [RES='\Qtech.gtt.frontapp.stb.demo:id/account_login_tv2\E'].
06-12 19:37:11.130 W/QueryController(14101): Could not detect idle state.
06-12 19:37:11.133 W/QueryController(14101): Could not detect idle state.
06-12 19:37:11.135 W/QueryController(14101): Could not detect idle state.
06-12 19:37:11.137 W/QueryController(14101): Could not detect idle state.
06-12 19:37:11.138 W/QueryController(14101): Could not detect idle state.
06-12 19:37:11.139 W/QueryController(14101): Could not detect idle state.
06-12 19:37:11.141 W/QueryController(14101): Could not detect idle state.
06-12 19:37:11.142 W/QueryController(14101): Could not detect idle state.
06-12 19:37:11.144 W/QueryController(14101): Could not detect idle state.
06-12 19:37:11.145 W/QueryController(14101): Could not detect idle state.
06-12 19:37:11.146 W/QueryController(14101): Could not detect idle state.
06-12 19:37:11.147 W/QueryController(14101): Could not detect idle state.
06-12 19:37:11.148 W/QueryController(14101): Could not detect idle state.
06-12 19:37:11.148 W/QueryController(14101): Could not detect idle state.
06-12 19:37:11.149 W/QueryController(14101): Could not detect idle state.
06-12 19:37:11.150 W/QueryController(14101): Could not detect idle state.
06-12 19:37:11.151 W/QueryController(14101): Could not detect idle state.
06-12 19:37:11.151 W/QueryController(14101): Could not detect idle state.
06-12 19:37:11.180 D/UIAutomatorStub(14101): URI: /jsonrpc/0, Method: POST, params, {NanoHttpd.QUERY_STRING=null}, files: {postData={"jsonrpc": "2.0", "id": 1, "method": "click", "params": [1390.0, 559.0]}}
06-12 19:37:11.282 W/InputManager-JNI( 1925): Input channel object '2996881 tech.gtt.frontapp.stb.demo/tech.gtt.frontapp.stb.m.home.activity.LoadingActivity (client)' was disposed without first being removed with the input manager!
06-12 19:37:11.394 I/ActivityTaskManager( 1925): START u0 {cmp=tech.gtt.frontapp.stb.demo/tech.gtt.frontapp.stb.m.account.activity.LoginActivity} from uid 10058
06-12 19:37:11.398 W/ActivityTaskManager( 1925): Tried to set launchTime (0) < mLastActivityLaunchTime (2669412)
06-12 19:37:11.403 D/AndroidAutoSize(14155): tech.gtt.frontapp.stb.m.account.activity.LoginActivity used the global configuration.
06-12 19:37:11.403 D/AndroidAutoSize(14155): The tech.gtt.frontapp.stb.m.account.activity.LoginActivity has been adapted! 
06-12 19:37:11.403 D/AndroidAutoSize(14155): LoginActivity Info: isBaseOnWidth = true, designWidthInDp = 1920.000000, designWidthInSubunits = 1920.000000, targetDensity = 1.000000, targetScaledDensity = 1.000000, targetDensityDpi = 160, targetXdpi = 1.000000, targetScreenWidthDp = 1920, targetScreenHeightDp = 1032
06-12 19:37:11.432 D/UIAutomatorStub(14101): URI: /jsonrpc/0, Method: POST, params, {NanoHttpd.QUERY_STRING=null}, files: {postData={"jsonrpc": "2.0", "id": 1, "method": "waitForExists", "params": [{"mask": 2097152, "childOrSibling": [], "childOrSiblingSelector": [], "resourceId": "tech.gtt.frontapp.stb.demo:id/loginf_et_username"}, 20000]}}
06-12 19:37:11.433 D/UiDevice(14101): Waiting 20000ms for SearchCondition[hasObject=BySelector [RES='\Qtech.gtt.frontapp.stb.demo:id/loginf_et_username\E']].
06-12 19:37:11.433 D/UiDevice(14101): Searching for node with selector: BySelector [RES='\Qtech.gtt.frontapp.stb.demo:id/loginf_et_username\E'].
06-12 19:37:11.433 W/QueryController(14101): Could not detect idle state.
06-12 19:37:11.455 D/AndroidAutoSize(14155): tech.gtt.frontapp.stb.m.account.activity.LoginActivity used the global configuration.
06-12 19:37:11.456 D/AndroidAutoSize(14155): The tech.gtt.frontapp.stb.m.account.activity.LoginActivity has been adapted! 
06-12 19:37:11.456 D/AndroidAutoSize(14155): LoginActivity Info: isBaseOnWidth = true, designWidthInDp = 1920.000000, designWidthInSubunits = 1920.000000, targetDensity = 1.000000, targetScaledDensity = 1.000000, targetDensityDpi = 160, targetXdpi = 1.000000, targetScreenWidthDp = 1920, targetScreenHeightDp = 1032
06-12 19:37:11.458 W/WindowManager( 1925): Failed looking up window session=Session{24e25fb 14155:u0a10058} callers=com.android.server.wm.WindowManagerService.windowForClientLocked:5850 com.android.server.wm.Session.updateRequestedVisibilities:640 android.view.IWindowSession$Stub.onTransact:1175 
06-12 19:37:11.473 D/gralloc_nox( 1767): gralloc_alloc: Creating ashmem region of size 8298496
06-12 19:37:11.489 D/gralloc_nox( 1767): gralloc_alloc: Creating ashmem region of size 8298496
06-12 19:37:11.503 D/gralloc_nox( 1767): gralloc_alloc: Creating ashmem region of size 8298496
06-12 19:37:11.503 D/ProcessState(14564): Binder ioctl to enable oneway spam detection failed: Invalid argument
06-12 19:37:11.556 W/ByMatcher(14101): Node returned null child: android.view.accessibility.AccessibilityNodeInfo@12d69; boundsInParent: Rect(0, 0 - 820, 573); boundsInScreen: Rect(980, 253 - 1800, 826); packageName: tech.gtt.frontapp.stb.demo; className: android.widget.LinearLayout; text: null; error: null; maxTextLength: -1; stateDescription: null; contentDescription: null; tooltipText: null; viewIdResName: null; checkable: false; checked: false; focusable: false; focused: false; selected: false; clickable: false; longClickable: false; contextClickable: false; enabled: true; password: false; scrollable: false; importantForAccessibility: false; visible: true; actions: [AccessibilityAction: ACTION_SELECT - null, AccessibilityAction: ACTION_CLEAR_SELECTION - null, AccessibilityAction: ACTION_ACCESSIBILITY_FOCUS - null, AccessibilityAction: ACTION_SHOW_ON_SCREEN - null]
06-12 19:37:11.556 W/ByMatcher(14101): Skipping null child (1 of 4)
06-12 19:37:11.557 W/ByMatcher(14101): Skipping null child (2 of 4)
06-12 19:37:11.558 W/ByMatcher(14101): Skipping null child (3 of 4)
06-12 19:37:11.559 W/ByMatcher(14101): Node returned null child: android.view.accessibility.AccessibilityNodeInfo@11322; boundsInParent: Rect(0, 0 - 1920, 1080); boundsInScreen: Rect(0, 0 - 1920, 1080); packageName: tech.gtt.frontapp.stb.demo; className: android.widget.RelativeLayout; text: null; error: null; maxTextLength: -1; stateDescription: null; contentDescription: null; tooltipText: null; viewIdResName: null; checkable: false; checked: false; focusable: false; focused: false; selected: false; clickable: false; longClickable: false; contextClickable: false; enabled: true; password: false; scrollable: false; importantForAccessibility: false; visible: true; actions: [AccessibilityAction: ACTION_SELECT - null, AccessibilityAction: ACTION_CLEAR_SELECTION - null, AccessibilityAction: ACTION_ACCESSIBILITY_FOCUS - null, AccessibilityAction: ACTION_SHOW_ON_SCREEN - null]
06-12 19:37:11.559 W/ByMatcher(14101): Skipping null child (2 of 3)
06-12 19:37:11.560 W/ByMatcher(14101): Node returned null child: android.view.accessibility.AccessibilityNodeInfo@80006df6; boundsInParent: Rect(0, 0 - 1920, 1080); boundsInScreen: Rect(0, 0 - 1920, 1080); packageName: tech.gtt.frontapp.stb.demo; className: android.widget.FrameLayout; text: null; error: null; maxTextLength: -1; stateDescription: null; contentDescription: null; tooltipText: null; viewIdResName: null; checkable: false; checked: false; focusable: false; focused: false; selected: false; clickable: false; longClickable: false; contextClickable: false; enabled: true; password: false; scrollable: false; importantForAccessibility: true; visible: true; actions: [AccessibilityAction: ACTION_SELECT - null, AccessibilityAction: ACTION_CLEAR_SELECTION - null, AccessibilityAction: ACTION_ACCESSIBILITY_FOCUS - null, AccessibilityAction: ACTION_SHOW_ON_SCREEN - null]
06-12 19:37:11.561 W/ByMatcher(14101): Skipping null child (0 of 1)
06-12 19:37:11.568 I/ActivityTaskManager( 1925): Displayed tech.gtt.frontapp.stb.demo/tech.gtt.frontapp.stb.m.account.activity.LoginActivity: +173ms
06-12 19:37:11.666 D/UiDevice(14101): Searching for node with selector: BySelector [RES='\Qtech.gtt.frontapp.stb.demo:id/loginf_et_username\E'].
06-12 19:37:11.667 W/QueryController(14101): Could not detect idle state.
06-12 19:37:11.697 D/UIAutomatorStub(14101): URI: /jsonrpc/0, Method: POST, params, {NanoHttpd.QUERY_STRING=null}, files: {postData={"jsonrpc": "2.0", "id": 1, "method": "objInfo", "params": [{"mask": 2097152, "childOrSibling": [], "childOrSiblingSelector": [], "resourceId": "tech.gtt.frontapp.stb.demo:id/loginf_et_username"}]}}
06-12 19:37:11.699 D/UiDevice(14101): Retrieving node with selector: BySelector [RES='\Qtech.gtt.frontapp.stb.demo:id/loginf_et_username\E'].
06-12 19:37:11.699 W/QueryController(14101): Could not detect idle state.
06-12 19:37:11.702 W/QueryController(14101): Could not detect idle state.
06-12 19:37:11.703 W/QueryController(14101): Could not detect idle state.
06-12 19:37:11.704 W/QueryController(14101): Could not detect idle state.
06-12 19:37:11.704 W/QueryController(14101): Could not detect idle state.
06-12 19:37:11.705 W/QueryController(14101): Could not detect idle state.
06-12 19:37:11.706 W/QueryController(14101): Could not detect idle state.
06-12 19:37:11.707 W/QueryController(14101): Could not detect idle state.
06-12 19:37:11.709 W/QueryController(14101): Could not detect idle state.
06-12 19:37:11.710 W/QueryController(14101): Could not detect idle state.
06-12 19:37:11.711 W/QueryController(14101): Could not detect idle state.
06-12 19:37:11.711 W/QueryController(14101): Could not detect idle state.
06-12 19:37:11.712 W/QueryController(14101): Could not detect idle state.
06-12 19:37:11.713 W/QueryController(14101): Could not detect idle state.
06-12 19:37:11.713 W/QueryController(14101): Could not detect idle state.
06-12 19:37:11.714 W/QueryController(14101): Could not detect idle state.
06-12 19:37:11.715 W/QueryController(14101): Could not detect idle state.
06-12 19:37:11.716 W/QueryController(14101): Could not detect idle state.
06-12 19:37:11.744 D/UIAutomatorStub(14101): URI: /jsonrpc/0, Method: POST, params, {NanoHttpd.QUERY_STRING=null}, files: {postData={"jsonrpc": "2.0", "id": 1, "method": "click", "params": [1057.0, 437.0]}}
06-12 19:37:11.825 W/SurfaceFlinger( 1800): couldn't log to binary event log: overflow.
06-12 19:37:11.933 D/CompatibilityChangeReporter(14155): Compat change id reported: 163400105; UID 10058; state: ENABLED
06-12 19:37:11.933 D/InputMethodManager(14155): showSoftInput() view=tech.gtt.frontapp.stb.c.ui.edittext.EmailAutoCompleteTextView{b5802cf VFED..CL. .F.P..ID 0,0-700,92 #7f0b02ce app:id/loginf_et_username aid=1073741824} flags=0 reason=SHOW_SOFT_INPUT
06-12 19:37:11.933 V/InputMethodService( 2648): onEvaluateInputViewShown: config.hardKeyboardHidden = 2
06-12 19:37:11.934 V/InputMethodService( 2648): onEvaluateInputViewShown: config.hardKeyboardHidden = 2
06-12 19:37:11.934 I/AdbKeyboard( 2648): imeAction: 5 Next
06-12 19:37:11.941 D/gralloc_nox( 1767): gralloc_alloc: Creating ashmem region of size 647168
06-12 19:37:11.970 D/gralloc_nox( 1767): gralloc_alloc: Creating ashmem region of size 647168
06-12 19:37:11.974 D/gralloc_nox( 1767): gralloc_alloc: Creating ashmem region of size 647168
06-12 19:37:11.985 D/InsetsController(14155): show(ime(), fromIme=true)
06-12 19:37:11.985 D/ProcessState(14572): Binder ioctl to enable oneway spam detection failed: Invalid argument
06-12 19:37:11.986 D/UIAutomatorStub(14101): URI: /jsonrpc/0, Method: POST, params, {NanoHttpd.QUERY_STRING=null}, files: {postData={"jsonrpc": "2.0", "id": 1, "method": "waitForExists", "params": [{"mask": 2097152, "childOrSibling": [], "childOrSiblingSelector": [], "resourceId": "tech.gtt.frontapp.stb.demo:id/loginf_et_username"}, 20000]}}
06-12 19:37:11.988 D/UiDevice(14101): Waiting 20000ms for SearchCondition[hasObject=BySelector [RES='\Qtech.gtt.frontapp.stb.demo:id/loginf_et_username\E']].
06-12 19:37:11.988 D/UiDevice(14101): Searching for node with selector: BySelector [RES='\Qtech.gtt.frontapp.stb.demo:id/loginf_et_username\E'].
06-12 19:37:11.988 W/QueryController(14101): Could not detect idle state.
06-12 19:37:12.005 W/SurfaceFlinger( 1800): couldn't log to binary event log: overflow.
06-12 19:37:12.018 D/UIAutomatorStub(14101): URI: /jsonrpc/0, Method: POST, params, {NanoHttpd.QUERY_STRING=null}, files: {postData={"jsonrpc": "2.0", "id": 1, "method": "setText", "params": [{"mask": 2097152, "childOrSibling": [], "childOrSiblingSelector": [], "resourceId": "tech.gtt.frontapp.stb.demo:id/loginf_et_username"}, "0609@ipwangxin.cn"]}}
06-12 19:37:12.019 D/UiDevice(14101): Retrieving node with selector: BySelector [RES='\Qtech.gtt.frontapp.stb.demo:id/loginf_et_username\E'].
06-12 19:37:12.019 W/QueryController(14101): Could not detect idle state.
06-12 19:37:12.021 W/QueryController(14101): Could not detect idle state.
06-12 19:37:12.023 D/UiObject2(14101): Clicking on (1057, 437).
06-12 19:37:12.054 D/InputMethodManager(14155): showSoftInput() view=tech.gtt.frontapp.stb.c.ui.edittext.EmailAutoCompleteTextView{b5802cf VFED..CL. .F.P.... 0,0-700,92 #7f0b02ce app:id/loginf_et_username aid=1073741824} flags=0 reason=SHOW_SOFT_INPUT
06-12 19:37:12.054 V/InputMethodService( 2648): onEvaluateInputViewShown: config.hardKeyboardHidden = 2
06-12 19:37:12.054 V/InputMethodService( 2648): onEvaluateInputViewShown: config.hardKeyboardHidden = 2
06-12 19:37:12.056 D/InsetsController(14155): show(ime(), fromIme=true)
06-12 19:37:12.066 W/GestureController(14101): Gestures took longer than expected (42ms >> 16ms), device might be in a busy state.
06-12 19:37:12.066 D/UiDevice(14101): Retrieving node with selector: BySelector [RES='\Qtech.gtt.frontapp.stb.demo:id/loginf_et_username\E'].
06-12 19:37:12.066 W/QueryController(14101): Could not detect idle state.
06-12 19:37:12.068 W/QueryController(14101): Could not detect idle state.
06-12 19:37:12.069 D/UiObject2(14101): Setting text to '0609@ipwangxin.cn'.
06-12 19:37:12.074 I/AdbKeyboard( 2648): imeAction: 5 Next
06-12 19:37:12.077 V/InputMethodService( 2648): onEvaluateInputViewShown: config.hardKeyboardHidden = 2
06-12 19:37:12.077 V/InputMethodService( 2648): onEvaluateInputViewShown: config.hardKeyboardHidden = 2
06-12 19:37:12.083 D/InsetsController(14155): show(ime(), fromIme=true)
06-12 19:37:12.106 D/UIAutomatorStub(14101): URI: /jsonrpc/0, Method: POST, params, {NanoHttpd.QUERY_STRING=null}, files: {postData={"jsonrpc": "2.0", "id": 1, "method": "waitForExists", "params": [{"mask": 2097152, "childOrSibling": [], "childOrSiblingSelector": [], "resourceId": "tech.gtt.frontapp.stb.demo:id/et_pwd"}, 20000]}}
06-12 19:37:12.107 D/UiDevice(14101): Waiting 20000ms for SearchCondition[hasObject=BySelector [RES='\Qtech.gtt.frontapp.stb.demo:id/et_pwd\E']].
06-12 19:37:12.107 D/UiDevice(14101): Searching for node with selector: BySelector [RES='\Qtech.gtt.frontapp.stb.demo:id/et_pwd\E'].
06-12 19:37:12.108 W/QueryController(14101): Could not detect idle state.
06-12 19:37:12.143 D/UIAutomatorStub(14101): URI: /jsonrpc/0, Method: POST, params, {NanoHttpd.QUERY_STRING=null}, files: {postData={"jsonrpc": "2.0", "id": 1, "method": "objInfo", "params": [{"mask": 2097152, "childOrSibling": [], "childOrSiblingSelector": [], "resourceId": "tech.gtt.frontapp.stb.demo:id/et_pwd"}]}}
06-12 19:37:12.144 D/UiDevice(14101): Retrieving node with selector: BySelector [RES='\Qtech.gtt.frontapp.stb.demo:id/et_pwd\E'].
06-12 19:37:12.144 W/QueryController(14101): Could not detect idle state.
06-12 19:37:12.147 W/QueryController(14101): Could not detect idle state.
06-12 19:37:12.147 W/QueryController(14101): Could not detect idle state.
06-12 19:37:12.149 W/QueryController(14101): Could not detect idle state.
06-12 19:37:12.150 W/QueryController(14101): Could not detect idle state.
06-12 19:37:12.151 W/QueryController(14101): Could not detect idle state.
06-12 19:37:12.151 W/QueryController(14101): Could not detect idle state.
06-12 19:37:12.152 W/QueryController(14101): Could not detect idle state.
06-12 19:37:12.152 W/QueryController(14101): Could not detect idle state.
06-12 19:37:12.153 W/QueryController(14101): Could not detect idle state.
06-12 19:37:12.153 W/QueryController(14101): Could not detect idle state.
06-12 19:37:12.154 W/QueryController(14101): Could not detect idle state.
06-12 19:37:12.155 W/QueryController(14101): Could not detect idle state.
06-12 19:37:12.155 W/QueryController(14101): Could not detect idle state.
06-12 19:37:12.156 W/QueryController(14101): Could not detect idle state.
06-12 19:37:12.156 W/QueryController(14101): Could not detect idle state.
06-12 19:37:12.157 W/QueryController(14101): Could not detect idle state.
06-12 19:37:12.158 W/QueryController(14101): Could not detect idle state.
06-12 19:37:12.184 D/UIAutomatorStub(14101): URI: /jsonrpc/0, Method: POST, params, {NanoHttpd.QUERY_STRING=null}, files: {postData={"jsonrpc": "2.0", "id": 1, "method": "click", "params": [1057.0, 559.0]}}
06-12 19:37:12.227 W/NotificationHistory( 1925): Attempted to add notif for locked/gone/disabled user 0
06-12 19:37:12.231 D/InterruptionStateProvider( 2100): No bubble up: not allowed to bubble: -1|android|8|null|1000
06-12 19:37:12.231 D/InterruptionStateProvider( 2100): No heads up: unimportant notification: -1|android|8|null|1000
06-12 19:37:12.232 D/PeopleSpaceWidgetMgr( 2100): Sbn doesn't contain valid PeopleTileKey: null/-1/android
06-12 19:37:12.274 D/InterruptionStateProvider( 2100): No bubble up: not allowed to bubble: -1|android|8|null|1000
06-12 19:37:12.274 D/InterruptionStateProvider( 2100): No heads up: unimportant notification: -1|android|8|null|1000
06-12 19:37:12.278 D/PeopleSpaceWidgetMgr( 2100): Sbn doesn't contain valid PeopleTileKey: null/-1/android
06-12 19:37:12.294 I/AdbKeyboard( 2648): imeAction: 5 Next
06-12 19:37:12.294 V/InputMethodService( 2648): onEvaluateInputViewShown: config.hardKeyboardHidden = 2
06-12 19:37:12.294 V/InputMethodService( 2648): onEvaluateInputViewShown: config.hardKeyboardHidden = 2
06-12 19:37:12.294 D/InputMethodManager(14155): showSoftInput() view=tech.gtt.frontapp.stb.c.ui.edittext.NormalFocusEditText{a9230e1 VFED..CL. .F.P..ID 0,0-700,92 #7f0b0172 app:id/et_pwd aid=1073741826} flags=0 reason=SHOW_SOFT_INPUT
06-12 19:37:12.295 D/InterruptionStateProvider( 2100): No bubble up: not allowed to bubble: -1|android|8|null|1000
06-12 19:37:12.296 D/InterruptionStateProvider( 2100): No heads up: unimportant notification: -1|android|8|null|1000
06-12 19:37:12.296 V/InputMethodService( 2648): onEvaluateInputViewShown: config.hardKeyboardHidden = 2
06-12 19:37:12.296 V/InputMethodService( 2648): onEvaluateInputViewShown: config.hardKeyboardHidden = 2
06-12 19:37:12.299 D/PeopleSpaceWidgetMgr( 2100): Sbn doesn't contain valid PeopleTileKey: null/-1/android
06-12 19:37:12.308 D/InsetsController(14155): show(ime(), fromIme=true)
06-12 19:37:12.310 D/InsetsController(14155): show(ime(), fromIme=true)
06-12 19:37:12.350 D/UIAutomatorStub(14101): URI: /jsonrpc/0, Method: POST, params, {NanoHttpd.QUERY_STRING=null}, files: {postData={"jsonrpc": "2.0", "id": 1, "method": "waitForExists", "params": [{"mask": 2097152, "childOrSibling": [], "childOrSiblingSelector": [], "resourceId": "tech.gtt.frontapp.stb.demo:id/et_pwd"}, 20000]}}
06-12 19:37:12.351 D/UiDevice(14101): Waiting 20000ms for SearchCondition[hasObject=BySelector [RES='\Qtech.gtt.frontapp.stb.demo:id/et_pwd\E']].
06-12 19:37:12.351 D/UiDevice(14101): Searching for node with selector: BySelector [RES='\Qtech.gtt.frontapp.stb.demo:id/et_pwd\E'].
06-12 19:37:12.352 W/QueryController(14101): Could not detect idle state.
06-12 19:37:12.383 D/UIAutomatorStub(14101): URI: /jsonrpc/0, Method: POST, params, {NanoHttpd.QUERY_STRING=null}, files: {postData={"jsonrpc": "2.0", "id": 1, "method": "setText", "params": [{"mask": 2097152, "childOrSibling": [], "childOrSiblingSelector": [], "resourceId": "tech.gtt.frontapp.stb.demo:id/et_pwd"}, "123456"]}}
06-12 19:37:12.384 D/UiDevice(14101): Retrieving node with selector: BySelector [RES='\Qtech.gtt.frontapp.stb.demo:id/et_pwd\E'].
06-12 19:37:12.384 W/QueryController(14101): Could not detect idle state.
06-12 19:37:12.387 W/QueryController(14101): Could not detect idle state.
06-12 19:37:12.388 D/UiObject2(14101): Clicking on (1057, 559).
06-12 19:37:12.417 D/InputMethodManager(14155): showSoftInput() view=tech.gtt.frontapp.stb.c.ui.edittext.NormalFocusEditText{a9230e1 VFED..CL. .F.P.... 0,0-700,92 #7f0b0172 app:id/et_pwd aid=1073741826} flags=0 reason=SHOW_SOFT_INPUT
06-12 19:37:12.418 V/InputMethodService( 2648): onEvaluateInputViewShown: config.hardKeyboardHidden = 2
06-12 19:37:12.418 V/InputMethodService( 2648): onEvaluateInputViewShown: config.hardKeyboardHidden = 2
06-12 19:37:12.419 D/InsetsController(14155): show(ime(), fromIme=true)
06-12 19:37:12.436 W/GestureController(14101): Gestures took longer than expected (47ms >> 16ms), device might be in a busy state.
06-12 19:37:12.437 D/UiDevice(14101): Retrieving node with selector: BySelector [RES='\Qtech.gtt.frontapp.stb.demo:id/et_pwd\E'].
06-12 19:37:12.437 W/QueryController(14101): Could not detect idle state.
06-12 19:37:12.440 W/QueryController(14101): Could not detect idle state.
06-12 19:37:12.441 D/UiObject2(14101): Setting text to '123456'.
06-12 19:37:12.444 I/AdbKeyboard( 2648): imeAction: 5 Next
06-12 19:37:12.444 V/InputMethodService( 2648): onEvaluateInputViewShown: config.hardKeyboardHidden = 2
06-12 19:37:12.444 V/InputMethodService( 2648): onEvaluateInputViewShown: config.hardKeyboardHidden = 2
06-12 19:37:12.461 D/InsetsController(14155): show(ime(), fromIme=true)
06-12 19:37:12.470 D/UIAutomatorStub(14101): URI: /jsonrpc/0, Method: POST, params, {NanoHttpd.QUERY_STRING=null}, files: {postData={"jsonrpc": "2.0", "id": 1, "method": "waitForExists", "params": [{"mask": 2097152, "childOrSibling": [], "childOrSiblingSelector": [], "resourceId": "tech.gtt.frontapp.stb.demo:id/remember_pwd_cb"}, 20000]}}
06-12 19:37:12.471 D/UiDevice(14101): Waiting 20000ms for SearchCondition[hasObject=BySelector [RES='\Qtech.gtt.frontapp.stb.demo:id/remember_pwd_cb\E']].
06-12 19:37:12.471 D/UiDevice(14101): Searching for node with selector: BySelector [RES='\Qtech.gtt.frontapp.stb.demo:id/remember_pwd_cb\E'].
06-12 19:37:12.471 W/QueryController(14101): Could not detect idle state.
06-12 19:37:12.484 D/UIAutomatorStub(14101): URI: /jsonrpc/0, Method: POST, params, {NanoHttpd.QUERY_STRING=null}, files: {postData={"jsonrpc": "2.0", "id": 1, "method": "objInfo", "params": [{"mask": 2097152, "childOrSibling": [], "childOrSiblingSelector": [], "resourceId": "tech.gtt.frontapp.stb.demo:id/remember_pwd_cb"}]}}
06-12 19:37:12.484 D/UiDevice(14101): Retrieving node with selector: BySelector [RES='\Qtech.gtt.frontapp.stb.demo:id/remember_pwd_cb\E'].
06-12 19:37:12.485 W/QueryController(14101): Could not detect idle state.
06-12 19:37:12.487 W/QueryController(14101): Could not detect idle state.
06-12 19:37:12.488 W/QueryController(14101): Could not detect idle state.
06-12 19:37:12.488 W/QueryController(14101): Could not detect idle state.
06-12 19:37:12.489 W/QueryController(14101): Could not detect idle state.
06-12 19:37:12.489 W/QueryController(14101): Could not detect idle state.
06-12 19:37:12.490 W/QueryController(14101): Could not detect idle state.
06-12 19:37:12.491 W/QueryController(14101): Could not detect idle state.
06-12 19:37:12.492 W/QueryController(14101): Could not detect idle state.
06-12 19:37:12.492 W/QueryController(14101): Could not detect idle state.
06-12 19:37:12.493 W/QueryController(14101): Could not detect idle state.
06-12 19:37:12.494 W/QueryController(14101): Could not detect idle state.
06-12 19:37:12.495 W/QueryController(14101): Could not detect idle state.
06-12 19:37:12.495 W/QueryController(14101): Could not detect idle state.
06-12 19:37:12.496 W/QueryController(14101): Could not detect idle state.
06-12 19:37:12.497 W/QueryController(14101): Could not detect idle state.
06-12 19:37:12.497 W/QueryController(14101): Could not detect idle state.
06-12 19:37:12.499 D/InterruptionStateProvider( 2100): No bubble up: not allowed to bubble: -1|android|8|null|1000
06-12 19:37:12.499 D/InterruptionStateProvider( 2100): No heads up: unimportant notification: -1|android|8|null|1000
06-12 19:37:12.500 W/QueryController(14101): Could not detect idle state.
06-12 19:37:12.502 D/PeopleSpaceWidgetMgr( 2100): Sbn doesn't contain valid PeopleTileKey: null/-1/android
06-12 19:37:12.509 D/InterruptionStateProvider( 2100): No bubble up: not allowed to bubble: -1|android|8|null|1000
06-12 19:37:12.509 D/InterruptionStateProvider( 2100): No heads up: unimportant notification: -1|android|8|null|1000
06-12 19:37:12.512 D/PeopleSpaceWidgetMgr( 2100): Sbn doesn't contain valid PeopleTileKey: null/-1/android
06-12 19:37:12.530 D/UIAutomatorStub(14101): URI: /jsonrpc/0, Method: POST, params, {NanoHttpd.QUERY_STRING=null}, files: {postData={"jsonrpc": "2.0", "id": 1, "method": "click", "params": [729.0, 656.0]}}
06-12 19:37:12.566 E/libEGL  (14155): called unimplemented OpenGL ES API
06-12 19:37:12.626 D/InterruptionStateProvider( 2100): No bubble up: not allowed to bubble: -1|android|8|null|1000
06-12 19:37:12.627 D/InterruptionStateProvider( 2100): No heads up: unimportant notification: -1|android|8|null|1000
06-12 19:37:12.633 D/PeopleSpaceWidgetMgr( 2100): Sbn doesn't contain valid PeopleTileKey: null/-1/android
06-12 19:37:12.659 D/InterruptionStateProvider( 2100): No bubble up: not allowed to bubble: -1|android|8|null|1000
06-12 19:37:12.661 D/InterruptionStateProvider( 2100): No heads up: unimportant notification: -1|android|8|null|1000
06-12 19:37:12.668 D/PeopleSpaceWidgetMgr( 2100): Sbn doesn't contain valid PeopleTileKey: null/-1/android
06-12 19:37:12.676 D/UIAutomatorStub(14101): URI: /jsonrpc/0, Method: POST, params, {NanoHttpd.QUERY_STRING=null}, files: {postData={"jsonrpc": "2.0", "id": 1, "method": "count", "params": [{"mask": 2097152, "childOrSibling": [], "childOrSiblingSelector": [], "resourceId": "tech.gtt.frontapp.stb.demo:id/loginf_tv_login"}]}}
06-12 19:37:12.678 D/UiObject(14101): Waiting 0ms for UiSelector[RESOURCE_ID=tech.gtt.frontapp.stb.demo:id/loginf_tv_login].
06-12 19:37:12.678 W/QueryController(14101): Could not detect idle state.
06-12 19:37:12.682 I/QueryController(14101): Matched selector: UiSelector[RESOURCE_ID=tech.gtt.frontapp.stb.demo:id/loginf_tv_login] <<==>> [android.view.accessibility.AccessibilityNodeInfo@228ed; boundsInParent: Rect(0, 0 - 808, 92); boundsInScreen: Rect(707, 722 - 1515, 814); packageName: tech.gtt.frontapp.stb.demo; className: android.widget.TextView; text: Login; error: null; maxTextLength: -1; stateDescription: null; contentDescription: null; tooltipText: null; viewIdResName: tech.gtt.frontapp.stb.demo:id/loginf_tv_login; checkable: false; checked: false; focusable: true; focused: false; selected: false; clickable: true; longClickable: false; contextClickable: false; enabled: true; password: false; scrollable: false; importantForAccessibility: true; visible: true; actions: [AccessibilityAction: ACTION_FOCUS - null, AccessibilityAction: ACTION_SELECT - null, AccessibilityAction: ACTION_CLEAR_SELECTION - null, AccessibilityAction: ACTION_CLICK - null, AccessibilityAction: ACTION_ACCESSIBILITY_FOCUS - null, AccessibilityAction: ACTION_NEXT_AT_MOVEMENT_GRANULARITY - null, AccessibilityAction: ACTION_PREVIOUS_AT_MOVEMENT_GRANULARITY - null, AccessibilityAction: ACTION_SET_SELECTION - null, AccessibilityAction: ACTION_SHOW_ON_SCREEN - null]]
06-12 19:37:12.682 D/UiObject(14101): Waiting 0ms for UiSelector[INSTANCE=1, RESOURCE_ID=tech.gtt.frontapp.stb.demo:id/loginf_tv_login].
06-12 19:37:12.683 W/QueryController(14101): Could not detect idle state.
06-12 19:37:12.712 D/UIAutomatorStub(14101): URI: /jsonrpc/0, Method: POST, params, {NanoHttpd.QUERY_STRING=null}, files: {postData={"jsonrpc": "2.0", "id": 1, "method": "exist", "params": [{"mask": 2097152, "childOrSibling": [], "childOrSiblingSelector": [], "resourceId": "tech.gtt.frontapp.stb.demo:id/loginf_tv_login"}]}}
06-12 19:37:12.713 D/UiDevice(14101): Retrieving node with selector: BySelector [RES='\Qtech.gtt.frontapp.stb.demo:id/loginf_tv_login\E'].
06-12 19:37:12.713 W/QueryController(14101): Could not detect idle state.
06-12 19:37:12.736 D/UIAutomatorStub(14101): URI: /jsonrpc/0, Method: POST, params, {NanoHttpd.QUERY_STRING=null}, files: {postData={"jsonrpc": "2.0", "id": 1, "method": "waitForExists", "params": [{"mask": 2097152, "childOrSibling": [], "childOrSiblingSelector": [], "resourceId": "tech.gtt.frontapp.stb.demo:id/loginf_tv_login"}, 20000]}}
06-12 19:37:12.737 D/UiDevice(14101): Waiting 20000ms for SearchCondition[hasObject=BySelector [RES='\Qtech.gtt.frontapp.stb.demo:id/loginf_tv_login\E']].
06-12 19:37:12.737 D/UiDevice(14101): Searching for node with selector: BySelector [RES='\Qtech.gtt.frontapp.stb.demo:id/loginf_tv_login\E'].
06-12 19:37:12.738 W/QueryController(14101): Could not detect idle state.
06-12 19:37:12.765 D/UIAutomatorStub(14101): URI: /jsonrpc/0, Method: POST, params, {NanoHttpd.QUERY_STRING=null}, files: {postData={"jsonrpc": "2.0", "id": 1, "method": "objInfo", "params": [{"mask": 2097152, "childOrSibling": [], "childOrSiblingSelector": [], "resourceId": "tech.gtt.frontapp.stb.demo:id/loginf_tv_login"}]}}
06-12 19:37:12.769 D/UiDevice(14101): Retrieving node with selector: BySelector [RES='\Qtech.gtt.frontapp.stb.demo:id/loginf_tv_login\E'].
06-12 19:37:12.770 W/QueryController(14101): Could not detect idle state.
06-12 19:37:12.782 W/QueryController(14101): Could not detect idle state.
06-12 19:37:12.785 W/QueryController(14101): Could not detect idle state.
06-12 19:37:12.786 W/QueryController(14101): Could not detect idle state.
06-12 19:37:12.788 W/QueryController(14101): Could not detect idle state.
06-12 19:37:12.789 W/QueryController(14101): Could not detect idle state.
06-12 19:37:12.792 W/QueryController(14101): Could not detect idle state.
06-12 19:37:12.816 W/QueryController(14101): Could not detect idle state.
06-12 19:37:12.818 W/QueryController(14101): Could not detect idle state.
06-12 19:37:12.819 W/QueryController(14101): Could not detect idle state.
06-12 19:37:12.821 W/QueryController(14101): Could not detect idle state.
06-12 19:37:12.823 W/QueryController(14101): Could not detect idle state.
06-12 19:37:12.825 W/QueryController(14101): Could not detect idle state.
06-12 19:37:12.827 W/QueryController(14101): Could not detect idle state.
06-12 19:37:12.829 W/QueryController(14101): Could not detect idle state.
06-12 19:37:12.830 W/QueryController(14101): Could not detect idle state.
06-12 19:37:12.832 W/QueryController(14101): Could not detect idle state.
06-12 19:37:12.833 W/QueryController(14101): Could not detect idle state.
06-12 19:37:12.863 D/UIAutomatorStub(14101): URI: /jsonrpc/0, Method: POST, params, {NanoHttpd.QUERY_STRING=null}, files: {postData={"jsonrpc": "2.0", "id": 1, "method": "click", "params": [1111.0, 768.0]}}
06-12 19:37:12.986 V/GSK-Account:AccountManager(14155): disableSavePwd=false
06-12 19:37:12.987 V/GSK-Account:EmailOrPhoneLoginStrategy(14155): disableSavePwd=false
06-12 19:37:12.995 E/ActivityThread(14155): Failed to find provider info for com.uv.droid.uotaback.storage.provider
06-12 19:37:12.996 E/ActivityThread(14155): Failed to find provider info for com.uv.droid.booster.vod.provider
06-12 19:37:12.997 E/ontapp.stb.dem(14155): No implementation found for java.lang.String os.SystemPropertiesKt.native_get(java.lang.String) (tried Java_os_SystemPropertiesKt_native_1get and Java_os_SystemPropertiesKt_native_1get__Ljava_lang_String_2)
06-12 19:37:12.998 V/GSK-Account:AccountManager(14155): isLoggedIn=false
06-12 19:37:13.000 V/GSK-APIS(14155): =======================NEW REQUEST=========================
06-12 19:37:13.000 V/GSK-APIS(14155): Request:	/api/enduser/account/user/login/v1	POST
06-12 19:37:13.000 V/GSK-APIS(14155): RequestIdentify:	56bce933
06-12 19:37:13.000 V/GSK-APIS(14155): 
06-12 19:37:13.000 V/GSK-APIS(14155): RequestHeaders in a readable format:
06-12 19:37:13.000 V/GSK-APIS(14155): X-App-Id: db589110cb7457cd607739664dc44e61c217d77681427dacfe2f262f1927cd8f
06-12 19:37:13.000 V/GSK-APIS(14155): X-Source-Id: 30006401-31002837
06-12 19:37:13.000 V/GSK-APIS(14155): X-Version-Code: 7
06-12 19:37:13.000 V/GSK-APIS(14155): X-Brand-Id: 66d009603c38ec6574e5b77ce48fb7070a3f7ed622c465b05fc56110bd72fc65
06-12 19:37:13.000 V/GSK-APIS(14155): X-Version-Seq: 1
06-12 19:37:13.000 V/GSK-APIS(14155): X-App-Type-Text: STB
06-12 19:37:13.000 V/GSK-APIS(14155): Accept-Language: en
06-12 19:37:13.000 V/GSK-APIS(14155): 
06-12 19:37:13.000 V/GSK-APIS(14155): 
06-12 19:37:13.000 V/GSK-APIS(14155): RequestParams in Json Format:
06-12 19:37:13.000 V/GSK-APIS(14155): {"loginSource":"TERMINAL","loginInfo":{"accountName":"0609@ipwangxin.cn","password":"e10adc3949ba59abbe56e057f20f883e","loginMethod":"EMAIL","loginToken":null,"serviceToken":null,"activeCode":null,"authenticationKey":null,"userRandomValue":null,"identityToken":null},"sourceId":"30006401-31002837","requestId":"729abc70-fe71-494f-8ab6-deace362a76b","brandId":"d0k7d3p3kdikth2o3q6g","appId":"d0jucrbq6bt4h33c0ma0","appTypeText":"STB","lang":"en","appVersionCode":7,"uuid":"003bd4ce-5066-46c0-bd1f-2bc2e540ceae","mac":"003bd4ce-5066-46c0-bd1f-2bc2e540ceae","appVersionSeq":"1","deviceInfo":{"hasMobileData":"false","versionRelease":"12","vendorId":"","ramSize":"4033400","AndroidID":"4788e19cc08204c8","type":"user","cpuInfo":"cHJvY2Vzc29yCTogMAp2ZW5kb3JfaWQJOiBHZW51aW5lSW50ZWwKY3B1IGZhbWlseQk6IDYKbW9kZWwJCTogMTU4Cm1vZGVsIG5hbWUJOiBJbnRlbChSKSBDb3JlKFRNKSBpNy05NzAwIENQVSBAIDMuMDBHSHoKc3RlcHBpbmcJOiAxMwpjcHUgTUh6CQk6IDAuMDAxCmNhY2hlIHNpemUJOiAxMjI4OCBLQgpwaHlzaWNhbCBpZAk6IDAKc2libGluZ3MJOiA0CmNvcmUgaWQJCTogMApjcHUgY29yZXMJOiA0CmFwaWNpZAkJOiAwCmluaXRpYWwgYXBpY2lkCTogMApmcHUJCTogeWVzCmZwdV9leGNlcHRpb24JOiB5ZXMKY3B1aWQgbGV2ZWwJOiAyMgp3cAkJOiB5ZXMKZmxhZ3MJCTogZnB1IHZtZSBkZSBwc2UgdHNjIG1zciBwYWUgbWNlIGN4OCBhcGljIHNlcCBtdHJyIHBnZSBtY2EgY21vdiBwYXQgcHNlMzYgY2xmbHVzaCBtbXggZnhzciBzc2Ugc3NlMiBodCBzeXNjYWxsIG54IHJkdHNjcCBsbSBjb25zdGFudF90c2MgcmVwX2dvb2Qgbm9wbCB4dG9wb2xvZ3kgbm9uc3RvcF90c2MgY3B1aWQgdHNjX2tub3duX2ZyZXEgcG5pIHBjbG11bHFkcSBzc3NlMyBjeDE2IHBjaWQgc3NlNF8xIHNzZTRfMiBtb3ZiZSBwb3BjbnQgYWVzIHhzYXZlIGF2eCByZHJhbmQgaHlwZXJ2aXNvciBsYWhmX2xtIGFibSAzZG5vd3ByZWZldGNoIGludnBjaWRfc2luZ2xlIGlicnNfZW5oYW5jZWQgZnNnc2Jhc2UgYXZ4MiBpbnZwY2lkIHJkc2VlZCBjbGZsdXNob3B0IG1kX2NsZWFyIGZsdXNoX2wxZCBhcmNoX2NhcGFiaWxpdGllcwpidWdzCQk6IHNwZWN0cmVfdjEgc3BlY3RyZV92MiBzcGVjX3N0b3JlX2J5cGFzcyBzd2FwZ3MgaXRsYl9tdWx0aWhpdApib2dvbWlwcwk6IDU5OTkuOTkKY2xmbHVzaCBzaXplCTogNjQKY2FjaGVfYWxpZ25tZW50CTogNjQKYWRkcmVzcyBzaXplcwk6IDM5IGJpdHMgcGh5c2ljYWwsIDQ4IGJpdHMgdmlydHVhbApwb3dlciBtYW5hZ2VtZW50OgoKcHJvY2Vzc29yCTogMQp2ZW5kb3JfaWQJOiBHZW51aW5lSW50ZWwKY3B1IGZhbWlseQk6IDYKbW9kZWwJCTogMTU4Cm1vZGVsIG5hbWUJOiBJbnRlbChSKSBDb3JlKFRNKSBpNy05NzAwIENQVSBAIDMuMDBHSHoKc3RlcHBpbmcJOiAxMwpjcHUgTUh6CQk6IDAuMDAxCmNhY2hlIHNpemUJOiAxMjI4OCBLQgpwaHlzaWNhbCBpZAk6IDAKc2libGluZ3MJOiA0CmNvcmUgaWQJCTogMQpjcHUgY29yZXMJOiA0CmFwaWNpZAkJOiAxCmluaXRpYWwgYXBpY2lkCTogMQpmcHUJCTogeWVzCmZwdV9leGNlcHRpb24JOiB5ZXMKY3B1aWQgbGV2ZWwJOiAyMgp3cAkJOiB5ZXMKZmxhZ3MJCTogZnB1IHZtZSBkZSBwc2UgdHNjIG1zciBwYWUgbWNlIGN4OCBhcGljIHNlcCBtdHJyIHBnZSBtY2EgY21vdiBwYXQgcHNlMzYgY2xmbHVzaCBtbXggZnhzciBzc2Ugc3NlMiBodCBzeXNjYWxsIG54IHJkdHNjcCBsbSBjb25zdGFudF90c2MgcmVwX2dvb2Qgbm9wbCB4dG9wb2xvZ3kgbm9uc3RvcF90c2MgY3B1aWQgdHNjX2tub3duX2ZyZXEgcG5pIHBjbG11bHFkcSBzc3NlMyBjeDE2IHBjaWQgc3NlNF8xIHNzZTRfMiBtb3ZiZSBwb3BjbnQgYWVzIHhzYXZlIGF2eCByZHJhbmQgaHlwZXJ2aXNvciBsYWhmX2xtIGFibSAzZG5vd3ByZWZldGNoIGludnBjaWRfc2luZ2xlIGlicnNfZW5oYW5jZWQgZnNnc2Jhc2UgYXZ4MiBpbnZwY2lkIHJkc2VlZCBjbGZsdXNob3B0IG1kX2NsZWFyIGZsdXNoX2wxZCBhcmNoX2NhcGFiaWxpdGllcwpidWdzCQk6IHNwZWN0cmVfdjEgc3BlY3RyZV92MiBzcGVjX3N0b3JlX2J5cGFzcyBzd2FwZ3MgaXRsYl9tdWx0aWhpdApib2dvbWlwcwk6IDU5OTkuOTkKY2xmbHVzaCBzaXplCTogNjQKY2FjaGVfYWxpZ25tZW50CTogNjQKYWRkcmVzcyBzaXplcwk6IDM5IGJpdHMgcGh5c2ljYWwsIDQ4IGJpdHMgdmlydHVhbApwb3dlciBtYW5hZ2VtZW50OgoKcHJvY2Vzc29yCTogMgp2ZW5kb3JfaWQJOiBHZW51aW5lSW50ZWwKY3B1IGZhbWlseQk6IDYKbW9kZWwJCTogMTU4Cm1vZGVsIG5hbWUJOiBJbnRlbChSKSBDb3JlKFRNKSBpNy05NzAwIENQVSBAIDMuMDBHSHoKc3RlcHBpbmcJOiAxMwpjcHUgTUh6CQk6IDAuMDAyCmNhY2hlIHNpemUJOiAxMjI4OCBLQgpwaHlzaWNhbCBpZAk6IDAKc2libGluZ3MJOiA0CmNvcmUgaWQJCTogMgpjcHUgY29yZXMJOiA0CmFwaWNpZAkJOiAyCmluaXRpYWwgYXBpY2lkCTogMgpmcHUJCTogeWVzCmZwdV9leGNlcHRpb24JOiB5ZXMKY3B1aWQgbGV2ZWwJOiAyMgp3cAkJOiB5ZXMKZmxhZ3MJCTogZnB1IHZtZSBkZSBwc2UgdHNjIG1zciBwYWUgbWNlIGN4OCBhcGljIHNlcCBtdHJyIHBnZSBtY2EgY21vdiBwYXQgcHNlMzYgY2xmbHVzaCBtbXggZnhzciBzc2Ugc3NlMiBodCBzeXNjYWxsIG54IHJkdHNjcCBsbSBjb25zdGFudF90c2MgcmVwX2dvb2Qgbm9wbCB4dG9wb2xvZ3kgbm9uc3RvcF90c2MgY3B1aWQgdHNjX2tub3duX2ZyZXEgcG5pIHBjbG11bHFkcSBzc3NlMyBjeDE2IHBjaWQgc3NlNF8xIHNzZTRfMiBtb3ZiZSBwb3BjbnQgYWVzIHhzYXZlIGF2eCByZHJhbmQgaHlwZXJ2a
