06-12 19:44:34.503 D/gralloc_nox( 1767): gralloc_alloc: Creating ashmem region of size 589824
06-12 19:44:34.507 D/AudioFlinger( 1786): mixer(0x722dead66a60) throttle end: throttle time(40)
06-12 19:44:34.514 D/UiDevice(16886): Searching for node with selector: BySelector [RES='\Qtech.gtt.frontapp.stb.demo:id/account_login_tv2\E'].
06-12 19:44:34.514 W/QueryController(16886): Could not detect idle state.
06-12 19:44:34.528 W/InputManager-JNI( 1925): Input channel object 'cdcb035 tech.gtt.frontapp.stb.demo/tech.gtt.frontapp.stb.m.home.activity.SplashActivity (client)' was disposed without first being removed with the input manager!
06-12 19:44:34.608 V/GSK-APIS(16941): received response >>> id: 4c434fbe url: https://gtt-app-apigateway-lion.vdemosit.com/api/enduser/messagecenter/message/query/v1 statusCode: 400, exception: null
06-12 19:44:34.608 I/System.out(16941): [SDKInterceptorPlugin] Unhandled exception in request processing: Something went wrong while connecting to the server, statusCode: 400
06-12 19:44:34.632 D/UiDevice(16886): Searching for node with selector: BySelector [RES='\Qtech.gtt.frontapp.stb.demo:id/account_login_tv2\E'].
06-12 19:44:34.633 W/QueryController(16886): Could not detect idle state.
06-12 19:44:34.736 D/UiDevice(16886): Searching for node with selector: BySelector [RES='\Qtech.gtt.frontapp.stb.demo:id/account_login_tv2\E'].
06-12 19:44:34.736 W/QueryController(16886): Could not detect idle state.
06-12 19:44:34.742 D/gralloc_nox( 1767): gralloc_alloc: Creating ashmem region of size 589824
06-12 19:44:34.773 D/AudioFlinger( 1786): mixer(0x722dead66a60) throttle end: throttle time(193)
06-12 19:44:34.847 D/UiDevice(16886): Searching for node with selector: BySelector [RES='\Qtech.gtt.frontapp.stb.demo:id/account_login_tv2\E'].
06-12 19:44:34.847 W/QueryController(16886): Could not detect idle state.
06-12 19:44:34.849 D/AudioFlinger( 1786): mixer(0x722dead66a60) throttle end: throttle time(30)
06-12 19:44:34.918 W/BestClock( 1925): java.time.DateTimeException: Missing NTP fix
06-12 19:44:34.951 D/UiDevice(16886): Searching for node with selector: BySelector [RES='\Qtech.gtt.frontapp.stb.demo:id/account_login_tv2\E'].
06-12 19:44:34.951 W/QueryController(16886): Could not detect idle state.
06-12 19:44:34.975 W/BestClock( 1925): java.time.DateTimeException: Missing NTP fix
06-12 19:44:34.984 W/BestClock( 1925): java.time.DateTimeException: Missing NTP fix
06-12 19:44:34.985 W/BestClock( 1925): java.time.DateTimeException: Missing NTP fix
06-12 19:44:35.055 D/UiDevice(16886): Searching for node with selector: BySelector [RES='\Qtech.gtt.frontapp.stb.demo:id/account_login_tv2\E'].
06-12 19:44:35.055 W/QueryController(16886): Could not detect idle state.
06-12 19:44:35.158 D/UiDevice(16886): Searching for node with selector: BySelector [RES='\Qtech.gtt.frontapp.stb.demo:id/account_login_tv2\E'].
06-12 19:44:35.158 W/QueryController(16886): Could not detect idle state.
06-12 19:44:35.262 D/UiDevice(16886): Searching for node with selector: BySelector [RES='\Qtech.gtt.frontapp.stb.demo:id/account_login_tv2\E'].
06-12 19:44:35.262 W/QueryController(16886): Could not detect idle state.
06-12 19:44:35.366 D/UiDevice(16886): Searching for node with selector: BySelector [RES='\Qtech.gtt.frontapp.stb.demo:id/account_login_tv2\E'].
06-12 19:44:35.367 W/QueryController(16886): Could not detect idle state.
06-12 19:44:35.470 D/UiDevice(16886): Searching for node with selector: BySelector [RES='\Qtech.gtt.frontapp.stb.demo:id/account_login_tv2\E'].
06-12 19:44:35.470 W/QueryController(16886): Could not detect idle state.
06-12 19:44:35.573 D/UiDevice(16886): Searching for node with selector: BySelector [RES='\Qtech.gtt.frontapp.stb.demo:id/account_login_tv2\E'].
06-12 19:44:35.574 W/QueryController(16886): Could not detect idle state.
06-12 19:44:35.679 D/UiDevice(16886): Searching for node with selector: BySelector [RES='\Qtech.gtt.frontapp.stb.demo:id/account_login_tv2\E'].
06-12 19:44:35.680 W/QueryController(16886): Could not detect idle state.
06-12 19:44:35.784 D/UiDevice(16886): Searching for node with selector: BySelector [RES='\Qtech.gtt.frontapp.stb.demo:id/account_login_tv2\E'].
06-12 19:44:35.784 W/QueryController(16886): Could not detect idle state.
06-12 19:44:35.887 D/UiDevice(16886): Searching for node with selector: BySelector [RES='\Qtech.gtt.frontapp.stb.demo:id/account_login_tv2\E'].
06-12 19:44:35.887 W/QueryController(16886): Could not detect idle state.
06-12 19:44:35.991 D/UiDevice(16886): Searching for node with selector: BySelector [RES='\Qtech.gtt.frontapp.stb.demo:id/account_login_tv2\E'].
06-12 19:44:35.992 W/QueryController(16886): Could not detect idle state.
06-12 19:44:36.094 D/UiDevice(16886): Searching for node with selector: BySelector [RES='\Qtech.gtt.frontapp.stb.demo:id/account_login_tv2\E'].
06-12 19:44:36.094 W/QueryController(16886): Could not detect idle state.
06-12 19:44:36.197 D/UiDevice(16886): Searching for node with selector: BySelector [RES='\Qtech.gtt.frontapp.stb.demo:id/account_login_tv2\E'].
06-12 19:44:36.198 W/QueryController(16886): Could not detect idle state.
06-12 19:44:36.310 D/UiDevice(16886): Searching for node with selector: BySelector [RES='\Qtech.gtt.frontapp.stb.demo:id/account_login_tv2\E'].
06-12 19:44:36.310 W/QueryController(16886): Could not detect idle state.
06-12 19:44:36.413 D/UiDevice(16886): Searching for node with selector: BySelector [RES='\Qtech.gtt.frontapp.stb.demo:id/account_login_tv2\E'].
06-12 19:44:36.413 W/QueryController(16886): Could not detect idle state.
06-12 19:44:36.519 D/UiDevice(16886): Searching for node with selector: BySelector [RES='\Qtech.gtt.frontapp.stb.demo:id/account_login_tv2\E'].
06-12 19:44:36.519 W/QueryController(16886): Could not detect idle state.
06-12 19:44:36.622 D/UiDevice(16886): Searching for node with selector: BySelector [RES='\Qtech.gtt.frontapp.stb.demo:id/account_login_tv2\E'].
06-12 19:44:36.622 W/QueryController(16886): Could not detect idle state.
06-12 19:44:36.724 D/UiDevice(16886): Searching for node with selector: BySelector [RES='\Qtech.gtt.frontapp.stb.demo:id/account_login_tv2\E'].
06-12 19:44:36.724 W/QueryController(16886): Could not detect idle state.
06-12 19:44:36.827 D/UiDevice(16886): Searching for node with selector: BySelector [RES='\Qtech.gtt.frontapp.stb.demo:id/account_login_tv2\E'].
06-12 19:44:36.827 W/QueryController(16886): Could not detect idle state.
06-12 19:44:36.932 D/UiDevice(16886): Searching for node with selector: BySelector [RES='\Qtech.gtt.frontapp.stb.demo:id/account_login_tv2\E'].
06-12 19:44:36.932 W/QueryController(16886): Could not detect idle state.
06-12 19:44:37.036 D/UiDevice(16886): Searching for node with selector: BySelector [RES='\Qtech.gtt.frontapp.stb.demo:id/account_login_tv2\E'].
06-12 19:44:37.037 W/QueryController(16886): Could not detect idle state.
06-12 19:44:37.066 I/keystore2( 1707): keystore2::watchdog: Watchdog thread idle -> terminating. Have a great day.
06-12 19:44:37.143 D/UiDevice(16886): Searching for node with selector: BySelector [RES='\Qtech.gtt.frontapp.stb.demo:id/account_login_tv2\E'].
06-12 19:44:37.144 W/QueryController(16886): Could not detect idle state.
06-12 19:44:37.251 D/UiDevice(16886): Searching for node with selector: BySelector [RES='\Qtech.gtt.frontapp.stb.demo:id/account_login_tv2\E'].
06-12 19:44:37.252 W/QueryController(16886): Could not detect idle state.
06-12 19:44:37.355 D/UiDevice(16886): Searching for node with selector: BySelector [RES='\Qtech.gtt.frontapp.stb.demo:id/account_login_tv2\E'].
06-12 19:44:37.356 W/QueryController(16886): Could not detect idle state.
06-12 19:44:37.458 D/UiDevice(16886): Searching for node with selector: BySelector [RES='\Qtech.gtt.frontapp.stb.demo:id/account_login_tv2\E'].
06-12 19:44:37.458 W/QueryController(16886): Could not detect idle state.
06-12 19:44:37.495 E/TaskPersister( 1925): File error accessing recents directory (directory doesn't exist?).
06-12 19:44:37.563 D/UiDevice(16886): Searching for node with selector: BySelector [RES='\Qtech.gtt.frontapp.stb.demo:id/account_login_tv2\E'].
06-12 19:44:37.563 W/QueryController(16886): Could not detect idle state.
06-12 19:44:37.667 D/UiDevice(16886): Searching for node with selector: BySelector [RES='\Qtech.gtt.frontapp.stb.demo:id/account_login_tv2\E'].
06-12 19:44:37.667 W/QueryController(16886): Could not detect idle state.
06-12 19:44:37.772 D/UiDevice(16886): Searching for node with selector: BySelector [RES='\Qtech.gtt.frontapp.stb.demo:id/account_login_tv2\E'].
06-12 19:44:37.772 W/QueryController(16886): Could not detect idle state.
06-12 19:44:37.877 D/UiDevice(16886): Searching for node with selector: BySelector [RES='\Qtech.gtt.frontapp.stb.demo:id/account_login_tv2\E'].
06-12 19:44:37.877 W/QueryController(16886): Could not detect idle state.
06-12 19:44:37.985 D/UiDevice(16886): Searching for node with selector: BySelector [RES='\Qtech.gtt.frontapp.stb.demo:id/account_login_tv2\E'].
06-12 19:44:37.985 W/QueryController(16886): Could not detect idle state.
06-12 19:44:38.089 D/UiDevice(16886): Searching for node with selector: BySelector [RES='\Qtech.gtt.frontapp.stb.demo:id/account_login_tv2\E'].
06-12 19:44:38.089 W/QueryController(16886): Could not detect idle state.
06-12 19:44:38.193 D/UiDevice(16886): Searching for node with selector: BySelector [RES='\Qtech.gtt.frontapp.stb.demo:id/account_login_tv2\E'].
06-12 19:44:38.193 W/QueryController(16886): Could not detect idle state.
06-12 19:44:38.302 D/UiDevice(16886): Searching for node with selector: BySelector [RES='\Qtech.gtt.frontapp.stb.demo:id/account_login_tv2\E'].
06-12 19:44:38.302 W/QueryController(16886): Could not detect idle state.
06-12 19:44:38.406 D/UiDevice(16886): Searching for node with selector: BySelector [RES='\Qtech.gtt.frontapp.stb.demo:id/account_login_tv2\E'].
06-12 19:44:38.406 W/QueryController(16886): Could not detect idle state.
06-12 19:44:38.407 D/AudioTrack( 1854): stop(31): called with 200704 frames delivered
06-12 19:44:38.511 D/UiDevice(16886): Searching for node with selector: BySelector [RES='\Qtech.gtt.frontapp.stb.demo:id/account_login_tv2\E'].
06-12 19:44:38.512 W/QueryController(16886): Could not detect idle state.
06-12 19:44:38.615 D/UiDevice(16886): Searching for node with selector: BySelector [RES='\Qtech.gtt.frontapp.stb.demo:id/account_login_tv2\E'].
06-12 19:44:38.615 W/QueryController(16886): Could not detect idle state.
06-12 19:44:38.719 D/UiDevice(16886): Searching for node with selector: BySelector [RES='\Qtech.gtt.frontapp.stb.demo:id/account_login_tv2\E'].
06-12 19:44:38.720 W/QueryController(16886): Could not detect idle state.
06-12 19:44:38.809 D/NuPlayerDriver( 1854): stop(0xe9782020)
06-12 19:44:38.810 V/MediaPlayer(16941): resetDrmState:  mDrmInfo=null mDrmProvisioningThread=null mPrepareDrmInProgress=false mActiveDrmScheme=false
06-12 19:44:38.810 V/MediaPlayer(16941): cleanDrmObj: mDrmObj=null mDrmSessionId=null
06-12 19:44:38.810 D/NuPlayerDriver( 1854): reset(0xe9782020) at state 8
06-12 19:44:38.813 D/SurfaceUtils( 1854): disconnecting from surface 0xe4381948, reason disconnectFromSurface
06-12 19:44:38.815 D/SurfaceUtils( 1854): connecting to surface 0xe4381948, reason onShutdown
06-12 19:44:38.816 D/NuPlayerDriver( 1854): notifyResetComplete(0xe9782020)
06-12 19:44:38.816 D/SurfaceUtils( 1854): disconnecting from surface 0xe4383278, reason disconnectNativeWindow
06-12 19:44:38.816 W/AMessage( 1854): failed to post message as target looper for handler 0 is gone.
06-12 19:44:38.818 I/MediaFocusControl( 1925): abandonAudioFocus() from uid/pid 10058/16941 clientId=android.media.AudioManager@9d1473e
06-12 19:44:38.819 I/ActivityTaskManager( 1925): START u0 {cmp=tech.gtt.frontapp.stb.demo/tech.gtt.frontapp.stb.m.account.activity.LoginMethodSwitchActivity (has extras)} from uid 10058
06-12 19:44:38.821 D/CompatibilityChangeReporter( 1925): Compat change id reported: 174042980; UID 10058; state: DISABLED
06-12 19:44:38.821 D/CompatibilityChangeReporter( 1925): Compat change id reported: 184838306; UID 10058; state: DISABLED
06-12 19:44:38.821 D/CompatibilityChangeReporter( 1925): Compat change id reported: 185004937; UID 10058; state: DISABLED
06-12 19:44:38.821 D/CompatibilityChangeReporter( 1925): Compat change id reported: 181136395; UID 10058; state: DISABLED
06-12 19:44:38.822 D/CompatibilityChangeReporter( 1925): Compat change id reported: 174042936; UID 10058; state: DISABLED
06-12 19:44:38.822 D/CompatibilityChangeReporter( 1925): Compat change id reported: 197654537; UID 10058; state: ENABLED
06-12 19:44:38.823 D/CompatibilityChangeReporter( 1925): Compat change id reported: 168419799; UID 10058; state: DISABLED
06-12 19:44:38.825 I/MediaFocusControl( 1925): abandonAudioFocus() from uid/pid 10058/16941 clientId=android.media.AudioManager@9d1473e
06-12 19:44:38.826 W/MediaPlayer(16941): mediaplayer went away with unhandled events
06-12 19:44:38.827 D/UiDevice(16886): Searching for node with selector: BySelector [RES='\Qtech.gtt.frontapp.stb.demo:id/account_login_tv2\E'].
06-12 19:44:38.828 W/QueryController(16886): Could not detect idle state.
06-12 19:44:38.828 W/MediaPlayer(16941): mediaplayer went away with unhandled events
06-12 19:44:38.831 W/ActivityTaskManager( 1925): Tried to set launchTime (0) < mLastActivityLaunchTime (3112511)
06-12 19:44:38.840 D/AndroidAutoSize(16941): tech.gtt.frontapp.stb.m.account.activity.LoginMethodSwitchActivity used the global configuration.
06-12 19:44:38.841 D/AndroidAutoSize(16941): The tech.gtt.frontapp.stb.m.account.activity.LoginMethodSwitchActivity has been adapted! 
06-12 19:44:38.841 D/AndroidAutoSize(16941): LoginMethodSwitchActivity Info: isBaseOnWidth = true, designWidthInDp = 1920.000000, designWidthInSubunits = 1920.000000, targetDensity = 1.000000, targetScaledDensity = 1.000000, targetDensityDpi = 160, targetXdpi = 1.000000, targetScreenWidthDp = 1920, targetScreenHeightDp = 1032
06-12 19:44:38.864 D/AndroidAutoSize(16941): tech.gtt.frontapp.stb.m.account.activity.LoginMethodSwitchActivity used the global configuration.
06-12 19:44:38.865 D/AndroidAutoSize(16941): The tech.gtt.frontapp.stb.m.account.activity.LoginMethodSwitchActivity has been adapted! 
06-12 19:44:38.865 D/AndroidAutoSize(16941): LoginMethodSwitchActivity Info: isBaseOnWidth = true, designWidthInDp = 1920.000000, designWidthInSubunits = 1920.000000, targetDensity = 1.000000, targetScaledDensity = 1.000000, targetDensityDpi = 160, targetXdpi = 1.000000, targetScreenWidthDp = 1920, targetScreenHeightDp = 1032
06-12 19:44:38.878 D/gralloc_nox( 1767): gralloc_alloc: Creating ashmem region of size 8298496
06-12 19:44:38.904 D/gralloc_nox( 1767): gralloc_alloc: Creating ashmem region of size 8298496
06-12 19:44:38.911 D/ProcessState(17337): Binder ioctl to enable oneway spam detection failed: Invalid argument
06-12 19:44:38.937 D/gralloc_nox( 1767): gralloc_alloc: Creating ashmem region of size 8298496
06-12 19:44:38.939 D/UiDevice(16886): Searching for node with selector: BySelector [RES='\Qtech.gtt.frontapp.stb.demo:id/account_login_tv2\E'].
06-12 19:44:38.941 W/QueryController(16886): Could not detect idle state.
06-12 19:44:38.984 E/libEGL  (16941): called unimplemented OpenGL ES API
06-12 19:44:38.999 I/ActivityTaskManager( 1925): Displayed tech.gtt.frontapp.stb.demo/tech.gtt.frontapp.stb.m.account.activity.LoginMethodSwitchActivity: +179ms
06-12 19:44:39.156 D/UiDevice(16886): Searching for node with selector: BySelector [RES='\Qtech.gtt.frontapp.stb.demo:id/account_login_tv2\E'].
06-12 19:44:39.156 W/QueryController(16886): Could not detect idle state.
06-12 19:44:39.191 D/UIAutomatorStub(16886): URI: /jsonrpc/0, Method: POST, params, {NanoHttpd.QUERY_STRING=null}, files: {postData={"jsonrpc": "2.0", "id": 1, "method": "objInfo", "params": [{"mask": 2097152, "childOrSibling": [], "childOrSiblingSelector": [], "resourceId": "tech.gtt.frontapp.stb.demo:id/account_login_tv2"}]}}
06-12 19:44:39.192 D/UiDevice(16886): Retrieving node with selector: BySelector [RES='\Qtech.gtt.frontapp.stb.demo:id/account_login_tv2\E'].
06-12 19:44:39.192 W/QueryController(16886): Could not detect idle state.
06-12 19:44:39.196 W/QueryController(16886): Could not detect idle state.
06-12 19:44:39.197 W/QueryController(16886): Could not detect idle state.
06-12 19:44:39.198 W/QueryController(16886): Could not detect idle state.
06-12 19:44:39.198 W/QueryController(16886): Could not detect idle state.
06-12 19:44:39.199 W/QueryController(16886): Could not detect idle state.
06-12 19:44:39.200 W/QueryController(16886): Could not detect idle state.
06-12 19:44:39.202 W/QueryController(16886): Could not detect idle state.
06-12 19:44:39.202 W/QueryController(16886): Could not detect idle state.
06-12 19:44:39.203 W/QueryController(16886): Could not detect idle state.
06-12 19:44:39.204 W/QueryController(16886): Could not detect idle state.
06-12 19:44:39.204 W/QueryController(16886): Could not detect idle state.
06-12 19:44:39.207 W/QueryController(16886): Could not detect idle state.
06-12 19:44:39.241 W/QueryController(16886): Could not detect idle state.
06-12 19:44:39.253 W/InputManager-JNI( 1925): Input channel object 'e2fb3bc tech.gtt.frontapp.stb.demo/tech.gtt.frontapp.stb.m.home.activity.LoadingActivity (client)' was disposed without first being removed with the input manager!
06-12 19:44:39.256 W/QueryController(16886): Could not detect idle state.
06-12 19:44:39.258 W/QueryController(16886): Could not detect idle state.
06-12 19:44:39.259 W/QueryController(16886): Could not detect idle state.
06-12 19:44:39.260 W/QueryController(16886): Could not detect idle state.
06-12 19:44:39.291 D/UIAutomatorStub(16886): URI: /jsonrpc/0, Method: POST, params, {NanoHttpd.QUERY_STRING=null}, files: {postData={"jsonrpc": "2.0", "id": 1, "method": "click", "params": [1390.0, 559.0]}}
06-12 19:44:39.412 I/ActivityTaskManager( 1925): START u0 {cmp=tech.gtt.frontapp.stb.demo/tech.gtt.frontapp.stb.m.account.activity.LoginActivity} from uid 10058
06-12 19:44:39.418 W/ActivityTaskManager( 1925): Tried to set launchTime (0) < mLastActivityLaunchTime (3117345)
06-12 19:44:39.426 D/AndroidAutoSize(16941): tech.gtt.frontapp.stb.m.account.activity.LoginActivity used the global configuration.
06-12 19:44:39.426 D/AndroidAutoSize(16941): The tech.gtt.frontapp.stb.m.account.activity.LoginActivity has been adapted! 
06-12 19:44:39.426 D/AndroidAutoSize(16941): LoginActivity Info: isBaseOnWidth = true, designWidthInDp = 1920.000000, designWidthInSubunits = 1920.000000, targetDensity = 1.000000, targetScaledDensity = 1.000000, targetDensityDpi = 160, targetXdpi = 1.000000, targetScreenWidthDp = 1920, targetScreenHeightDp = 1032
06-12 19:44:39.450 D/UIAutomatorStub(16886): URI: /jsonrpc/0, Method: POST, params, {NanoHttpd.QUERY_STRING=null}, files: {postData={"jsonrpc": "2.0", "id": 1, "method": "waitForExists", "params": [{"mask": 2097152, "childOrSibling": [], "childOrSiblingSelector": [], "resourceId": "tech.gtt.frontapp.stb.demo:id/loginf_et_username"}, 20000]}}
06-12 19:44:39.451 D/UiDevice(16886): Waiting 20000ms for SearchCondition[hasObject=BySelector [RES='\Qtech.gtt.frontapp.stb.demo:id/loginf_et_username\E']].
06-12 19:44:39.451 D/UiDevice(16886): Searching for node with selector: BySelector [RES='\Qtech.gtt.frontapp.stb.demo:id/loginf_et_username\E'].
06-12 19:44:39.451 W/QueryController(16886): Could not detect idle state.
06-12 19:44:39.477 D/AndroidAutoSize(16941): tech.gtt.frontapp.stb.m.account.activity.LoginActivity used the global configuration.
06-12 19:44:39.477 D/AndroidAutoSize(16941): The tech.gtt.frontapp.stb.m.account.activity.LoginActivity has been adapted! 
06-12 19:44:39.477 D/AndroidAutoSize(16941): LoginActivity Info: isBaseOnWidth = true, designWidthInDp = 1920.000000, designWidthInSubunits = 1920.000000, targetDensity = 1.000000, targetScaledDensity = 1.000000, targetDensityDpi = 160, targetXdpi = 1.000000, targetScreenWidthDp = 1920, targetScreenHeightDp = 1032
06-12 19:44:39.480 W/WindowManager( 1925): Failed looking up window session=Session{312d2be 16941:u0a10058} callers=com.android.server.wm.WindowManagerService.windowForClientLocked:5850 com.android.server.wm.Session.updateRequestedVisibilities:640 android.view.IWindowSession$Stub.onTransact:1175 
06-12 19:44:39.501 D/gralloc_nox( 1767): gralloc_alloc: Creating ashmem region of size 8298496
06-12 19:44:39.514 D/gralloc_nox( 1767): gralloc_alloc: Creating ashmem region of size 8298496
06-12 19:44:39.530 D/gralloc_nox( 1767): gralloc_alloc: Creating ashmem region of size 8298496
06-12 19:44:39.539 D/ProcessState(17349): Binder ioctl to enable oneway spam detection failed: Invalid argument
06-12 19:44:39.585 D/UiDevice(16886): Searching for node with selector: BySelector [RES='\Qtech.gtt.frontapp.stb.demo:id/loginf_et_username\E'].
06-12 19:44:39.586 W/QueryController(16886): Could not detect idle state.
06-12 19:44:39.604 I/ActivityTaskManager( 1925): Displayed tech.gtt.frontapp.stb.demo/tech.gtt.frontapp.stb.m.account.activity.LoginActivity: +191ms
06-12 19:44:39.635 D/UIAutomatorStub(16886): URI: /jsonrpc/0, Method: POST, params, {NanoHttpd.QUERY_STRING=null}, files: {postData={"jsonrpc": "2.0", "id": 1, "method": "objInfo", "params": [{"mask": 2097152, "childOrSibling": [], "childOrSiblingSelector": [], "resourceId": "tech.gtt.frontapp.stb.demo:id/loginf_et_username"}]}}
06-12 19:44:39.636 D/UiDevice(16886): Retrieving node with selector: BySelector [RES='\Qtech.gtt.frontapp.stb.demo:id/loginf_et_username\E'].
06-12 19:44:39.636 W/QueryController(16886): Could not detect idle state.
06-12 19:44:39.644 W/QueryController(16886): Could not detect idle state.
06-12 19:44:39.661 W/QueryController(16886): Could not detect idle state.
06-12 19:44:39.663 W/QueryController(16886): Could not detect idle state.
06-12 19:44:39.665 W/QueryController(16886): Could not detect idle state.
06-12 19:44:39.666 W/QueryController(16886): Could not detect idle state.
06-12 19:44:39.669 W/QueryController(16886): Could not detect idle state.
06-12 19:44:39.671 W/QueryController(16886): Could not detect idle state.
06-12 19:44:39.671 W/QueryController(16886): Could not detect idle state.
06-12 19:44:39.672 W/QueryController(16886): Could not detect idle state.
06-12 19:44:39.676 W/QueryController(16886): Could not detect idle state.
06-12 19:44:39.678 W/QueryController(16886): Could not detect idle state.
06-12 19:44:39.679 W/QueryController(16886): Could not detect idle state.
06-12 19:44:39.680 W/QueryController(16886): Could not detect idle state.
06-12 19:44:39.681 W/QueryController(16886): Could not detect idle state.
06-12 19:44:39.682 W/QueryController(16886): Could not detect idle state.
06-12 19:44:39.682 W/QueryController(16886): Could not detect idle state.
06-12 19:44:39.683 W/QueryController(16886): Could not detect idle state.
06-12 19:44:39.710 D/UIAutomatorStub(16886): URI: /jsonrpc/0, Method: POST, params, {NanoHttpd.QUERY_STRING=null}, files: {postData={"jsonrpc": "2.0", "id": 1, "method": "click", "params": [1057.0, 437.0]}}
06-12 19:44:39.855 W/SurfaceFlinger( 1800): couldn't log to binary event log: overflow.
06-12 19:44:39.978 D/CompatibilityChangeReporter(16941): Compat change id reported: 163400105; UID 10058; state: ENABLED
06-12 19:44:39.979 D/InputMethodManager(16941): showSoftInput() view=tech.gtt.frontapp.stb.c.ui.edittext.EmailAutoCompleteTextView{39ffa1d VFED..CL. .F.P..ID 0,0-700,92 #7f0b02ce app:id/loginf_et_username aid=1073741824} flags=0 reason=SHOW_SOFT_INPUT
06-12 19:44:39.979 V/InputMethodService( 2648): onEvaluateInputViewShown: config.hardKeyboardHidden = 2
06-12 19:44:39.979 V/InputMethodService( 2648): onEvaluateInputViewShown: config.hardKeyboardHidden = 2
06-12 19:44:39.979 I/AdbKeyboard( 2648): imeAction: 5 Next
06-12 19:44:39.993 D/gralloc_nox( 1767): gralloc_alloc: Creating ashmem region of size 647168
06-12 19:44:40.021 D/gralloc_nox( 1767): gralloc_alloc: Creating ashmem region of size 647168
06-12 19:44:40.023 D/gralloc_nox( 1767): gralloc_alloc: Creating ashmem region of size 647168
06-12 19:44:40.030 D/InsetsController(16941): show(ime(), fromIme=true)
06-12 19:44:40.032 D/ProcessState(17359): Binder ioctl to enable oneway spam detection failed: Invalid argument
06-12 19:44:40.036 D/UIAutomatorStub(16886): URI: /jsonrpc/0, Method: POST, params, {NanoHttpd.QUERY_STRING=null}, files: {postData={"jsonrpc": "2.0", "id": 1, "method": "waitForExists", "params": [{"mask": 2097152, "childOrSibling": [], "childOrSiblingSelector": [], "resourceId": "tech.gtt.frontapp.stb.demo:id/loginf_et_username"}, 20000]}}
06-12 19:44:40.037 D/UiDevice(16886): Waiting 20000ms for SearchCondition[hasObject=BySelector [RES='\Qtech.gtt.frontapp.stb.demo:id/loginf_et_username\E']].
06-12 19:44:40.037 D/UiDevice(16886): Searching for node with selector: BySelector [RES='\Qtech.gtt.frontapp.stb.demo:id/loginf_et_username\E'].
06-12 19:44:40.038 W/QueryController(16886): Could not detect idle state.
06-12 19:44:40.057 D/UIAutomatorStub(16886): URI: /jsonrpc/0, Method: POST, params, {NanoHttpd.QUERY_STRING=null}, files: {postData={"jsonrpc": "2.0", "id": 1, "method": "setText", "params": [{"mask": 2097152, "childOrSibling": [], "childOrSiblingSelector": [], "resourceId": "tech.gtt.frontapp.stb.demo:id/loginf_et_username"}, "0609@ipwangxin.cn"]}}
06-12 19:44:40.059 D/UiDevice(16886): Retrieving node with selector: BySelector [RES='\Qtech.gtt.frontapp.stb.demo:id/loginf_et_username\E'].
06-12 19:44:40.060 W/QueryController(16886): Could not detect idle state.
06-12 19:44:40.062 W/QueryController(16886): Could not detect idle state.
06-12 19:44:40.063 D/UiObject2(16886): Clicking on (1057, 437).
06-12 19:44:40.090 D/InputMethodManager(16941): showSoftInput() view=tech.gtt.frontapp.stb.c.ui.edittext.EmailAutoCompleteTextView{39ffa1d VFED..CL. .F.P.... 0,0-700,92 #7f0b02ce app:id/loginf_et_username aid=1073741824} flags=0 reason=SHOW_SOFT_INPUT
06-12 19:44:40.092 V/InputMethodService( 2648): onEvaluateInputViewShown: config.hardKeyboardHidden = 2
06-12 19:44:40.092 V/InputMethodService( 2648): onEvaluateInputViewShown: config.hardKeyboardHidden = 2
06-12 19:44:40.095 D/InsetsController(16941): show(ime(), fromIme=true)
06-12 19:44:40.098 W/GestureController(16886): Gestures took longer than expected (34ms >> 16ms), device might be in a busy state.
06-12 19:44:40.099 D/UiDevice(16886): Retrieving node with selector: BySelector [RES='\Qtech.gtt.frontapp.stb.demo:id/loginf_et_username\E'].
06-12 19:44:40.099 W/QueryController(16886): Could not detect idle state.
06-12 19:44:40.103 W/QueryController(16886): Could not detect idle state.
06-12 19:44:40.105 D/UiObject2(16886): Setting text to '0609@ipwangxin.cn'.
06-12 19:44:40.112 I/AdbKeyboard( 2648): imeAction: 5 Next
06-12 19:44:40.112 V/InputMethodService( 2648): onEvaluateInputViewShown: config.hardKeyboardHidden = 2
06-12 19:44:40.112 V/InputMethodService( 2648): onEvaluateInputViewShown: config.hardKeyboardHidden = 2
06-12 19:44:40.165 D/InsetsController(16941): show(ime(), fromIme=true)
06-12 19:44:40.194 D/UIAutomatorStub(16886): URI: /jsonrpc/0, Method: POST, params, {NanoHttpd.QUERY_STRING=null}, files: {postData={"jsonrpc": "2.0", "id": 1, "method": "waitForExists", "params": [{"mask": 2097152, "childOrSibling": [], "childOrSiblingSelector": [], "resourceId": "tech.gtt.frontapp.stb.demo:id/et_pwd"}, 20000]}}
06-12 19:44:40.195 D/UiDevice(16886): Waiting 20000ms for SearchCondition[hasObject=BySelector [RES='\Qtech.gtt.frontapp.stb.demo:id/et_pwd\E']].
06-12 19:44:40.195 D/UiDevice(16886): Searching for node with selector: BySelector [RES='\Qtech.gtt.frontapp.stb.demo:id/et_pwd\E'].
06-12 19:44:40.195 W/QueryController(16886): Could not detect idle state.
06-12 19:44:40.231 D/UIAutomatorStub(16886): URI: /jsonrpc/0, Method: POST, params, {NanoHttpd.QUERY_STRING=null}, files: {postData={"jsonrpc": "2.0", "id": 1, "method": "objInfo", "params": [{"mask": 2097152, "childOrSibling": [], "childOrSiblingSelector": [], "resourceId": "tech.gtt.frontapp.stb.demo:id/et_pwd"}]}}
06-12 19:44:40.232 D/UiDevice(16886): Retrieving node with selector: BySelector [RES='\Qtech.gtt.frontapp.stb.demo:id/et_pwd\E'].
06-12 19:44:40.232 W/QueryController(16886): Could not detect idle state.
06-12 19:44:40.238 W/QueryController(16886): Could not detect idle state.
06-12 19:44:40.239 W/QueryController(16886): Could not detect idle state.
06-12 19:44:40.240 W/QueryController(16886): Could not detect idle state.
06-12 19:44:40.241 W/QueryController(16886): Could not detect idle state.
06-12 19:44:40.242 W/QueryController(16886): Could not detect idle state.
06-12 19:44:40.243 W/QueryController(16886): Could not detect idle state.
06-12 19:44:40.243 W/QueryController(16886): Could not detect idle state.
06-12 19:44:40.244 W/QueryController(16886): Could not detect idle state.
06-12 19:44:40.245 W/QueryController(16886): Could not detect idle state.
06-12 19:44:40.246 W/QueryController(16886): Could not detect idle state.
06-12 19:44:40.247 W/QueryController(16886): Could not detect idle state.
06-12 19:44:40.248 W/QueryController(16886): Could not detect idle state.
06-12 19:44:40.248 W/QueryController(16886): Could not detect idle state.
06-12 19:44:40.249 W/QueryController(16886): Could not detect idle state.
06-12 19:44:40.251 W/QueryController(16886): Could not detect idle state.
06-12 19:44:40.253 W/QueryController(16886): Could not detect idle state.
06-12 19:44:40.254 W/QueryController(16886): Could not detect idle state.
06-12 19:44:40.282 W/NotificationHistory( 1925): Attempted to add notif for locked/gone/disabled user 0
06-12 19:44:40.286 D/UIAutomatorStub(16886): URI: /jsonrpc/0, Method: POST, params, {NanoHttpd.QUERY_STRING=null}, files: {postData={"jsonrpc": "2.0", "id": 1, "method": "click", "params": [1057.0, 559.0]}}
06-12 19:44:40.287 D/InterruptionStateProvider( 2100): No bubble up: not allowed to bubble: -1|android|8|null|1000
06-12 19:44:40.287 D/InterruptionStateProvider( 2100): No heads up: unimportant notification: -1|android|8|null|1000
06-12 19:44:40.288 D/PeopleSpaceWidgetMgr( 2100): Sbn doesn't contain valid PeopleTileKey: null/-1/android
06-12 19:44:40.327 W/SurfaceFlinger( 1800): couldn't log to binary event log: overflow.
06-12 19:44:40.329 D/InterruptionStateProvider( 2100): No bubble up: not allowed to bubble: -1|android|8|null|1000
06-12 19:44:40.330 D/InterruptionStateProvider( 2100): No heads up: unimportant notification: -1|android|8|null|1000
06-12 19:44:40.334 D/PeopleSpaceWidgetMgr( 2100): Sbn doesn't contain valid PeopleTileKey: null/-1/android
06-12 19:44:40.342 D/InterruptionStateProvider( 2100): No bubble up: not allowed to bubble: -1|android|8|null|1000
06-12 19:44:40.342 D/InterruptionStateProvider( 2100): No heads up: unimportant notification: -1|android|8|null|1000
06-12 19:44:40.344 D/PeopleSpaceWidgetMgr( 2100): Sbn doesn't contain valid PeopleTileKey: null/-1/android
06-12 19:44:40.395 I/AdbKeyboard( 2648): imeAction: 5 Next
06-12 19:44:40.395 D/InputMethodManager(16941): showSoftInput() view=tech.gtt.frontapp.stb.c.ui.edittext.NormalFocusEditText{ea53dbf VFED..CL. .F.P..ID 0,0-700,92 #7f0b0172 app:id/et_pwd aid=1073741826} flags=0 reason=SHOW_SOFT_INPUT
06-12 19:44:40.396 V/InputMethodService( 2648): onEvaluateInputViewShown: config.hardKeyboardHidden = 2
06-12 19:44:40.396 V/InputMethodService( 2648): onEvaluateInputViewShown: config.hardKeyboardHidden = 2
06-12 19:44:40.396 V/InputMethodService( 2648): onEvaluateInputViewShown: config.hardKeyboardHidden = 2
06-12 19:44:40.396 V/InputMethodService( 2648): onEvaluateInputViewShown: config.hardKeyboardHidden = 2
06-12 19:44:40.408 D/InsetsController(16941): show(ime(), fromIme=true)
06-12 19:44:40.408 D/InsetsController(16941): show(ime(), fromIme=true)
06-12 19:44:40.442 D/UIAutomatorStub(16886): URI: /jsonrpc/0, Method: POST, params, {NanoHttpd.QUERY_STRING=null}, files: {postData={"jsonrpc": "2.0", "id": 1, "method": "waitForExists", "params": [{"mask": 2097152, "childOrSibling": [], "childOrSiblingSelector": [], "resourceId": "tech.gtt.frontapp.stb.demo:id/et_pwd"}, 20000]}}
06-12 19:44:40.444 D/UiDevice(16886): Waiting 20000ms for SearchCondition[hasObject=BySelector [RES='\Qtech.gtt.frontapp.stb.demo:id/et_pwd\E']].
06-12 19:44:40.444 D/UiDevice(16886): Searching for node with selector: BySelector [RES='\Qtech.gtt.frontapp.stb.demo:id/et_pwd\E'].
06-12 19:44:40.445 W/QueryController(16886): Could not detect idle state.
06-12 19:44:40.478 D/UIAutomatorStub(16886): URI: /jsonrpc/0, Method: POST, params, {NanoHttpd.QUERY_STRING=null}, files: {postData={"jsonrpc": "2.0", "id": 1, "method": "setText", "params": [{"mask": 2097152, "childOrSibling": [], "childOrSiblingSelector": [], "resourceId": "tech.gtt.frontapp.stb.demo:id/et_pwd"}, "123456"]}}
06-12 19:44:40.479 D/UiDevice(16886): Retrieving node with selector: BySelector [RES='\Qtech.gtt.frontapp.stb.demo:id/et_pwd\E'].
06-12 19:44:40.479 W/QueryController(16886): Could not detect idle state.
06-12 19:44:40.484 W/QueryController(16886): Could not detect idle state.
06-12 19:44:40.486 D/UiObject2(16886): Clicking on (1057, 559).
06-12 19:44:40.503 D/InputMethodManager(16941): showSoftInput() view=tech.gtt.frontapp.stb.c.ui.edittext.NormalFocusEditText{ea53dbf VFED..CL. .F.P.... 0,0-700,92 #7f0b0172 app:id/et_pwd aid=1073741826} flags=0 reason=SHOW_SOFT_INPUT
06-12 19:44:40.503 V/InputMethodService( 2648): onEvaluateInputViewShown: config.hardKeyboardHidden = 2
06-12 19:44:40.504 V/InputMethodService( 2648): onEvaluateInputViewShown: config.hardKeyboardHidden = 2
06-12 19:44:40.505 D/InsetsController(16941): show(ime(), fromIme=true)
06-12 19:44:40.517 D/UiDevice(16886): Retrieving node with selector: BySelector [RES='\Qtech.gtt.frontapp.stb.demo:id/et_pwd\E'].
06-12 19:44:40.518 W/QueryController(16886): Could not detect idle state.
06-12 19:44:40.521 W/QueryController(16886): Could not detect idle state.
06-12 19:44:40.523 D/UiObject2(16886): Setting text to '123456'.
06-12 19:44:40.527 I/AdbKeyboard( 2648): imeAction: 5 Next
06-12 19:44:40.528 V/InputMethodService( 2648): onEvaluateInputViewShown: config.hardKeyboardHidden = 2
06-12 19:44:40.528 V/InputMethodService( 2648): onEvaluateInputViewShown: config.hardKeyboardHidden = 2
06-12 19:44:40.541 D/InsetsController(16941): show(ime(), fromIme=true)
06-12 19:44:40.548 D/UIAutomatorStub(16886): URI: /jsonrpc/0, Method: POST, params, {NanoHttpd.QUERY_STRING=null}, files: {postData={"jsonrpc": "2.0", "id": 1, "method": "waitForExists", "params": [{"mask": 2097152, "childOrSibling": [], "childOrSiblingSelector": [], "resourceId": "tech.gtt.frontapp.stb.demo:id/remember_pwd_cb"}, 20000]}}
06-12 19:44:40.549 D/UiDevice(16886): Waiting 20000ms for SearchCondition[hasObject=BySelector [RES='\Qtech.gtt.frontapp.stb.demo:id/remember_pwd_cb\E']].
06-12 19:44:40.549 D/UiDevice(16886): Searching for node with selector: BySelector [RES='\Qtech.gtt.frontapp.stb.demo:id/remember_pwd_cb\E'].
06-12 19:44:40.549 W/QueryController(16886): Could not detect idle state.
06-12 19:44:40.579 D/UIAutomatorStub(16886): URI: /jsonrpc/0, Method: POST, params, {NanoHttpd.QUERY_STRING=null}, files: {postData={"jsonrpc": "2.0", "id": 1, "method": "objInfo", "params": [{"mask": 2097152, "childOrSibling": [], "childOrSiblingSelector": [], "resourceId": "tech.gtt.frontapp.stb.demo:id/remember_pwd_cb"}]}}
06-12 19:44:40.580 D/UiDevice(16886): Retrieving node with selector: BySelector [RES='\Qtech.gtt.frontapp.stb.demo:id/remember_pwd_cb\E'].
06-12 19:44:40.580 W/QueryController(16886): Could not detect idle state.
06-12 19:44:40.584 W/QueryController(16886): Could not detect idle state.
06-12 19:44:40.585 W/QueryController(16886): Could not detect idle state.
06-12 19:44:40.587 W/QueryController(16886): Could not detect idle state.
06-12 19:44:40.588 W/QueryController(16886): Could not detect idle state.
06-12 19:44:40.588 W/QueryController(16886): Could not detect idle state.
06-12 19:44:40.589 W/QueryController(16886): Could not detect idle state.
06-12 19:44:40.590 W/QueryController(16886): Could not detect idle state.
06-12 19:44:40.590 W/QueryController(16886): Could not detect idle state.
06-12 19:44:40.591 W/QueryController(16886): Could not detect idle state.
06-12 19:44:40.591 W/QueryController(16886): Could not detect idle state.
06-12 19:44:40.592 W/QueryController(16886): Could not detect idle state.
06-12 19:44:40.593 W/QueryController(16886): Could not detect idle state.
06-12 19:44:40.593 W/QueryController(16886): Could not detect idle state.
06-12 19:44:40.594 W/QueryController(16886): Could not detect idle state.
06-12 19:44:40.594 W/QueryController(16886): Could not detect idle state.
06-12 19:44:40.595 W/QueryController(16886): Could not detect idle state.
06-12 19:44:40.596 W/QueryController(16886): Could not detect idle state.
06-12 19:44:40.610 D/InterruptionStateProvider( 2100): No bubble up: not allowed to bubble: -1|android|8|null|1000
06-12 19:44:40.611 D/InterruptionStateProvider( 2100): No heads up: unimportant notification: -1|android|8|null|1000
06-12 19:44:40.614 D/UIAutomatorStub(16886): URI: /jsonrpc/0, Method: POST, params, {NanoHttpd.QUERY_STRING=null}, files: {postData={"jsonrpc": "2.0", "id": 1, "method": "click", "params": [729.0, 656.0]}}
06-12 19:44:40.615 D/PeopleSpaceWidgetMgr( 2100): Sbn doesn't contain valid PeopleTileKey: null/-1/android
06-12 19:44:40.629 D/InterruptionStateProvider( 2100): No bubble up: not allowed to bubble: -1|android|8|null|1000
06-12 19:44:40.629 D/InterruptionStateProvider( 2100): No heads up: unimportant notification: -1|android|8|null|1000
06-12 19:44:40.632 D/PeopleSpaceWidgetMgr( 2100): Sbn doesn't contain valid PeopleTileKey: null/-1/android
06-12 19:44:40.649 E/libEGL  (16941): called unimplemented OpenGL ES API
06-12 19:44:40.711 D/InterruptionStateProvider( 2100): No bubble up: not allowed to bubble: -1|android|8|null|1000
06-12 19:44:40.711 D/InterruptionStateProvider( 2100): No heads up: unimportant notification: -1|android|8|null|1000
06-12 19:44:40.717 D/PeopleSpaceWidgetMgr( 2100): Sbn doesn't contain valid PeopleTileKey: null/-1/android
06-12 19:44:40.744 D/InterruptionStateProvider( 2100): No bubble up: not allowed to bubble: -1|android|8|null|1000
06-12 19:44:40.745 D/InterruptionStateProvider( 2100): No heads up: unimportant notification: -1|android|8|null|1000
06-12 19:44:40.749 D/PeopleSpaceWidgetMgr( 2100): Sbn doesn't contain valid PeopleTileKey: null/-1/android
06-12 19:44:40.758 D/UIAutomatorStub(16886): URI: /jsonrpc/0, Method: POST, params, {NanoHttpd.QUERY_STRING=null}, files: {postData={"jsonrpc": "2.0", "id": 1, "method": "count", "params": [{"mask": 2097152, "childOrSibling": [], "childOrSiblingSelector": [], "resourceId": "tech.gtt.frontapp.stb.demo:id/loginf_tv_login"}]}}
06-12 19:44:40.760 D/UiObject(16886): Waiting 0ms for UiSelector[RESOURCE_ID=tech.gtt.frontapp.stb.demo:id/loginf_tv_login].
06-12 19:44:40.760 W/QueryController(16886): Could not detect idle state.
06-12 19:44:40.764 I/QueryController(16886): Matched selector: UiSelector[RESOURCE_ID=tech.gtt.frontapp.stb.demo:id/loginf_tv_login] <<==>> [android.view.accessibility.AccessibilityNodeInfo@22926; boundsInParent: Rect(0, 0 - 808, 92); boundsInScreen: Rect(707, 722 - 1515, 814); packageName: tech.gtt.frontapp.stb.demo; className: android.widget.TextView; text: Login; error: null; maxTextLength: -1; stateDescription: null; contentDescription: null; tooltipText: null; viewIdResName: tech.gtt.frontapp.stb.demo:id/loginf_tv_login; checkable: false; checked: false; focusable: true; focused: false; selected: false; clickable: true; longClickable: false; contextClickable: false; enabled: true; password: false; scrollable: false; importantForAccessibility: true; visible: true; actions: [AccessibilityAction: ACTION_FOCUS - null, AccessibilityAction: ACTION_SELECT - null, AccessibilityAction: ACTION_CLEAR_SELECTION - null, AccessibilityAction: ACTION_CLICK - null, AccessibilityAction: ACTION_ACCESSIBILITY_FOCUS - null, AccessibilityAction: ACTION_NEXT_AT_MOVEMENT_GRANULARITY - null, AccessibilityAction: ACTION_PREVIOUS_AT_MOVEMENT_GRANULARITY - null, AccessibilityAction: ACTION_SET_SELECTION - null, AccessibilityAction: ACTION_SHOW_ON_SCREEN - null]]
06-12 19:44:40.765 D/UiObject(16886): Waiting 0ms for UiSelector[INSTANCE=1, RESOURCE_ID=tech.gtt.frontapp.stb.demo:id/loginf_tv_login].
06-12 19:44:40.765 W/QueryController(16886): Could not detect idle state.
06-12 19:44:40.786 D/UIAutomatorStub(16886): URI: /jsonrpc/0, Method: POST, params, {NanoHttpd.QUERY_STRING=null}, files: {postData={"jsonrpc": "2.0", "id": 1, "method": "exist", "params": [{"mask": 2097152, "childOrSibling": [], "childOrSiblingSelector": [], "resourceId": "tech.gtt.frontapp.stb.demo:id/loginf_tv_login"}]}}
06-12 19:44:40.787 D/UiDevice(16886): Retrieving node with selector: BySelector [RES='\Qtech.gtt.frontapp.stb.demo:id/loginf_tv_login\E'].
06-12 19:44:40.788 W/QueryController(16886): Could not detect idle state.
06-12 19:44:40.821 D/UIAutomatorStub(16886): URI: /jsonrpc/0, Method: POST, params, {NanoHttpd.QUERY_STRING=null}, files: {postData={"jsonrpc": "2.0", "id": 1, "method": "waitForExists", "params": [{"mask": 2097152, "childOrSibling": [], "childOrSiblingSelector": [], "resourceId": "tech.gtt.frontapp.stb.demo:id/loginf_tv_login"}, 20000]}}
06-12 19:44:40.822 D/UiDevice(16886): Waiting 20000ms for SearchCondition[hasObject=BySelector [RES='\Qtech.gtt.frontapp.stb.demo:id/loginf_tv_login\E']].
06-12 19:44:40.822 D/UiDevice(16886): Searching for node with selector: BySelector [RES='\Qtech.gtt.frontapp.stb.demo:id/loginf_tv_login\E'].
06-12 19:44:40.822 W/QueryController(16886): Could not detect idle state.
06-12 19:44:40.854 D/UIAutomatorStub(16886): URI: /jsonrpc/0, Method: POST, params, {NanoHttpd.QUERY_STRING=null}, files: {postData={"jsonrpc": "2.0", "id": 1, "method": "objInfo", "params": [{"mask": 2097152, "childOrSibling": [], "childOrSiblingSelector": [], "resourceId": "tech.gtt.frontapp.stb.demo:id/loginf_tv_login"}]}}
06-12 19:44:40.855 D/UiDevice(16886): Retrieving node with selector: BySelector [RES='\Qtech.gtt.frontapp.stb.demo:id/loginf_tv_login\E'].
06-12 19:44:40.855 W/QueryController(16886): Could not detect idle state.
06-12 19:44:40.860 W/QueryController(16886): Could not detect idle state.
06-12 19:44:40.861 W/QueryController(16886): Could not detect idle state.
06-12 19:44:40.862 W/QueryController(16886): Could not detect idle state.
06-12 19:44:40.863 W/QueryController(16886): Could not detect idle state.
06-12 19:44:40.864 W/QueryController(16886): Could not detect idle state.
06-12 19:44:40.866 W/QueryController(16886): Could not detect idle state.
06-12 19:44:40.867 W/QueryController(16886): Could not detect idle state.
06-12 19:44:40.868 W/QueryController(16886): Could not detect idle state.
06-12 19:44:40.869 W/QueryController(16886): Could not detect idle state.
06-12 19:44:40.870 W/QueryController(16886): Could not detect idle state.
06-12 19:44:40.870 W/QueryController(16886): Could not detect idle state.
06-12 19:44:40.871 W/QueryController(16886): Could not detect idle state.
06-12 19:44:40.872 W/QueryController(16886): Could not detect idle state.
06-12 19:44:40.873 W/QueryController(16886): Could not detect idle state.
06-12 19:44:40.876 W/QueryController(16886): Could not detect idle state.
06-12 19:44:40.891 W/QueryController(16886): Could not detect idle state.
06-12 19:44:40.893 W/QueryController(16886): Could not detect idle state.
06-12 19:44:40.924 D/UIAutomatorStub(16886): URI: /jsonrpc/0, Method: POST, params, {NanoHttpd.QUERY_STRING=null}, files: {postData={"jsonrpc": "2.0", "id": 1, "method": "click", "params": [1111.0, 768.0]}}
06-12 19:44:41.052 V/GSK-Account:AccountManager(16941): disableSavePwd=false
06-12 19:44:41.053 V/GSK-Account:EmailOrPhoneLoginStrategy(16941): disableSavePwd=false
06-12 19:44:41.060 E/ActivityThread(16941): Failed to find provider info for com.uv.droid.uotaback.storage.provider
06-12 19:44:41.061 E/ActivityThread(16941): Failed to find provider info for com.uv.droid.booster.vod.provider
06-12 19:44:41.062 E/ontapp.stb.dem(16941): No implementation found for java.lang.String os.SystemPropertiesKt.native_get(java.lang.String) (tried Java_os_SystemPropertiesKt_native_1get and Java_os_SystemPropertiesKt_native_1get__Ljava_lang_String_2)
06-12 19:44:41.064 V/GSK-Account:AccountManager(16941): isLoggedIn=false
06-12 19:44:41.066 V/GSK-APIS(16941): =======================NEW REQUEST=========================
06-12 19:44:41.066 V/GSK-APIS(16941): Request:	/api/enduser/account/user/login/v1	POST
06-12 19:44:41.066 V/GSK-APIS(16941): RequestIdentify:	8dd98c58
06-12 19:44:41.066 V/GSK-APIS(16941): 
06-12 19:44:41.066 V/GSK-APIS(16941): RequestHeaders in a readable format:
06-12 19:44:41.066 V/GSK-APIS(16941): X-App-Id: db589110cb7457cd607739664dc44e61c217d77681427dacfe2f262f1927cd8f
06-12 19:44:41.066 V/GSK-APIS(16941): X-Source-Id: 30006401-31002837
06-12 19:44:41.066 V/GSK-APIS(16941): X-Version-Code: 7
06-12 19:44:41.066 V/GSK-APIS(16941): X-Brand-Id: 66d009603c38ec6574e5b77ce48fb7070a3f7ed622c465b05fc56110bd72fc65
06-12 19:44:41.066 V/GSK-APIS(16941): X-Version-Seq: 1
06-12 19:44:41.066 V/GSK-APIS(16941): X-App-Type-Text: STB
06-12 19:44:41.066 V/GSK-APIS(16941): Accept-Language: en
06-12 19:44:41.066 V/GSK-APIS(16941): 
06-12 19:44:41.066 V/GSK-APIS(16941): 
06-12 19:44:41.066 V/GSK-APIS(16941): RequestParams in Json Format:
06-12 19:44:41.066 V/GSK-APIS(16941): {"loginSource":"TERMINAL","loginInfo":{"accountName":"0609@ipwangxin.cn","password":"e10adc3949ba59abbe56e057f20f883e","loginMethod":"EMAIL","loginToken":null,"serviceToken":null,"activeCode":null,"authenticationKey":null,"userRandomValue":null,"identityToken":null},"sourceId":"30006401-31002837","requestId":"d12a3083-8050-4217-99c3-96e65df837a4","brandId":"d0k7d3p3kdikth2o3q6g","appId":"d0jucrbq6bt4h33c0ma0","appTypeText":"STB","lang":"en","appVersionCode":7,"uuid":"53364744-ad0b-455a-bf2f-79e6198d6dc8","mac":"53364744-ad0b-455a-bf2f-79e6198d6dc8","appVersionSeq":"1","deviceInfo":{"hasMobileData":"false","versionRelease":"12","vendorId":"","ramSize":"4033400","AndroidID":"4788e19cc08204c8","type":"user","cpuInfo":"cHJvY2Vzc29yCTogMAp2ZW5kb3JfaWQJOiBHZW51aW5lSW50ZWwKY3B1IGZhbWlseQk6IDYKbW9kZWwJCTogMTU4Cm1vZGVsIG5hbWUJOiBJbnRlbChSKSBDb3JlKFRNKSBpNy05NzAwIENQVSBAIDMuMDBHSHoKc3RlcHBpbmcJOiAxMwpjcHUgTUh6CQk6IDAuMDAxCmNhY2hlIHNpemUJOiAxMjI4OCBLQgpwaHlzaWNhbCBpZAk6IDAKc2libGluZ3MJOiA0CmNvcmUgaWQJCTogMApjcHUgY29yZXMJOiA0CmFwaWNpZAkJOiAwCmluaXRpYWwgYXBpY2lkCTogMApmcHUJCTogeWVzCmZwdV9leGNlcHRpb24JOiB5ZXMKY3B1aWQgbGV2ZWwJOiAyMgp3cAkJOiB5ZXMKZmxhZ3MJCTogZnB1IHZtZSBkZSBwc2UgdHNjIG1zciBwYWUgbWNlIGN4OCBhcGljIHNlcCBtdHJyIHBnZSBtY2EgY21vdiBwYXQgcHNlMzYgY2xmbHVzaCBtbXggZnhzciBzc2Ugc3NlMiBodCBzeXNjYWxsIG54IHJkdHNjcCBsbSBjb25zdGFudF90c2MgcmVwX2dvb2Qgbm9wbCB4dG9wb2xvZ3kgbm9uc3RvcF90c2MgY3B1aWQgdHNjX2tub3duX2ZyZXEgcG5pIHBjbG11bHFkcSBzc3NlMyBjeDE2IHBjaWQgc3NlNF8xIHNzZTRfMiBtb3ZiZSBwb3BjbnQgYWVzIHhzYXZlIGF2eCByZHJhbmQgaHlwZXJ2aXNvciBsYWhmX2xtIGFibSAzZG5vd3ByZWZldGNoIGludnBjaWRfc2luZ2xlIGlicnNfZW5oYW5jZWQgZnNnc2Jhc2UgYXZ4MiBpbnZwY2lkIHJkc2VlZCBjbGZsdXNob3B0IG1kX2NsZWFyIGZsdXNoX2wxZCBhcmNoX2NhcGFiaWxpdGllcwpidWdzCQk6IHNwZWN0cmVfdjEgc3BlY3RyZV92MiBzcGVjX3N0b3JlX2J5cGFzcyBzd2FwZ3MgaXRsYl9tdWx0aWhpdApib2dvbWlwcwk6IDU5OTkuOTkKY2xmbHVzaCBzaXplCTogNjQKY2FjaGVfYWxpZ25tZW50CTogNjQKYWRkcmVzcyBzaXplcwk6IDM5IGJpdHMgcGh5c2ljYWwsIDQ4IGJpdHMgdmlydHVhbApwb3dlciBtYW5hZ2VtZW50OgoKcHJvY2Vzc29yCTogMQp2ZW5kb3JfaWQJOiBHZW51aW5lSW50ZWwKY3B1IGZhbWlseQk6IDYKbW9kZWwJCTogMTU4Cm1vZGVsIG5hbWUJOiBJbnRlbChSKSBDb3JlKFRNKSBpNy05NzAwIENQVSBAIDMuMDBHSHoKc3RlcHBpbmcJOiAxMwpjcHUgTUh6CQk6IDAuMDAxCmNhY2hlIHNpemUJOiAxMjI4OCBLQgpwaHlzaWNhbCBpZAk6IDAKc2libGluZ3MJOiA0CmNvcmUgaWQJCTogMQpjcHUgY29yZXMJOiA0CmFwaWNpZAkJOiAxCmluaXRpYWwgYXBpY2lkCTogMQpmcHUJCTogeWVzCmZwdV9leGNlcHRpb24JOiB5ZXMKY3B1aWQgbGV2ZWwJOiAyMgp3cAkJOiB5ZXMKZmxhZ3MJCTogZnB1IHZtZSBkZSBwc2UgdHNjIG1zciBwYWUgbWNlIGN4OCBhcGljIHNlcCBtdHJyIHBnZSBtY2EgY21vdiBwYXQgcHNlMzYgY2xmbHVzaCBtbXggZnhzciBzc2Ugc3NlMiBodCBzeXNjYWxsIG54IHJkdHNjcCBsbSBjb25zdGFudF90c2MgcmVwX2dvb2Qgbm9wbCB4dG9wb2xvZ3kgbm9uc3RvcF90c2MgY3B1aWQgdHNjX2tub3duX2ZyZXEgcG5pIHBjbG11bHFkcSBzc3NlMyBjeDE2IHBjaWQgc3NlNF8xIHNzZTRfMiBtb3ZiZSBwb3BjbnQgYWVzIHhzYXZlIGF2eCByZHJhbmQgaHlwZXJ2aXNvciBsYWhmX2xtIGFibSAzZG5vd3ByZWZldGNoIGludnBjaWRfc2luZ2xlIGlicnNfZW5oYW5jZWQgZnNnc2Jhc2UgYXZ4MiBpbnZwY2lkIHJkc2VlZCBjbGZsdXNob3B0IG1kX2NsZWFyIGZsdXNoX2wxZCBhcmNoX2NhcGFiaWxpdGllcwpidWdzCQk6IHNwZWN0cmVfdjEgc3BlY3RyZV92MiBzcGVjX3N0b3JlX2J5cGFzcyBzd2FwZ3MgaXRsYl9tdWx0aWhpdApib2dvbWlwcwk6IDU5OTkuOTkKY2xmbHVzaCBzaXplCTogNjQKY2FjaGVfYWxpZ25tZW50CTogNjQKYWRkcmVzcyBzaXplcwk6IDM5IGJpdHMgcGh5c2ljYWwsIDQ4IGJpdHMgdmlydHVhbApwb3dlciBtYW5hZ2VtZW50OgoKcHJvY2Vzc29yCTogMgp2ZW5kb3JfaWQJOiBHZW51aW5lSW50ZWwKY3B1IGZhbWlseQk6IDYKbW9kZWwJCTogMTU4Cm1vZGVsIG5hbWUJOiBJbnRlbChSKSBDb3JlKFRNKSBpNy05NzAwIENQVSBAIDMuMDBHSHoKc3RlcHBpbmcJOiAxMwpjcHUgTUh6CQk6IDAuMDAxCmNhY2hlIHNpemUJOiAxMjI4OCBLQgpwaHlzaWNhbCBpZAk6IDAKc2libGluZ3MJOiA0CmNvcmUgaWQJCTogMgpjcHUgY29yZXMJOiA0CmFwaWNpZAkJOiAyCmluaXRpYWwgYXBpY2lkCTogMgpmcHUJCTogeWVzCmZwdV9leGNlcHRpb24JOiB5ZXMKY3B1aWQgbGV2ZWwJOiAyMgp3cAkJOiB5ZXMKZmxhZ3MJCTogZnB1IHZtZSBkZSBwc2UgdHNjIG1zciBwYWUgbWNlIGN4OCBhcGljIHNlcCBtdHJyIHBnZSBtY2EgY21vdiBwYXQgcHNlMzYgY2xmbHVzaCBtbXggZnhzciBzc2Ugc3NlMiBodCBzeXNjYWxsIG54IHJkdHNjcCBsbSBjb25zdGFudF90c2MgcmVwX2dvb2Qgbm9wbCB4dG9wb2xvZ3kgbm9uc3RvcF90c2MgY3B1aWQgdHNjX2tub3duX2ZyZXEgcG5pIHBjbG11bHFkcSBzc3NlMyBjeDE2IHBjaWQgc3NlNF8xIHNzZTRfMiBtb3ZiZSBwb3BjbnQgYWVzIHhzYXZlIGF2eCByZHJhbmQgaHlwZXJ2a
