06-12 20:09:20.842 V/GSK-APIS(21055): BY5O6Nb47VrCDDx2nfuVgdwQbKwIsY4hu257d5JKXaVtV0sIg8ybWyR/F5rxbPm2olSTT6zPtgiTI5S9/8iTvoqRJgXx0xTQY4RIZ+zgl6a50Qo2/Xo3XbJY0juaAY/MU/FIgTvvp567XgvB6Ckp4ZFZ1uOHGuPiJMcJt/s+8wUYK2EE/N31RXzhSVuEbQ223Oy/D0w5L8YbI9Ckaql2COiY7i7gXbqLRnbIDP3PXDeluyJx5XC7VyxzvIdvPAztQEZr5iNVGbs2PQjZIB2zeLZWW9yvKeoVh2pQByslMPJgSG5LzEeSj1V1R4yZafVPb3cShS44uvDllnGEEfzVf2CsGoRbeHnI9xGGULx1WorQ2NThLMHY952IzlD8LKCr5Y=
06-12 20:09:20.842 V/GSK-APIS(21055): 	prot:	ACM30
06-12 20:09:20.842 V/GSK-APIS(21055): 	signature:	308c835a9a28f1d6f517382abff61c3287f0a8fa
06-12 20:09:20.842 V/GSK-APIS(21055): }
06-12 20:09:20.842 V/GSK-APIS(21055): request to: https://gtt-app-apigateway-lion.vdemosit.com/api/enduser/messagecenter/message/query/v1
06-12 20:09:20.850 V/GSK-Upgrade:ComponentUpdater(21055): init
06-12 20:09:20.850 V/GSK-Upgrade:ComponentUpdater(21055): loadLocalDex
06-12 20:09:20.851 W/UiDevice(20959): Skipping null root node for window: AccessibilityWindowInfo[title=允许v-demo访问您设备上的照片和媒体吗？, displayId=0, id=547, taskId=42, type=TYPE_APPLICATION, layer=1, region=SkRegion((432,48,1488,1080)), bounds=Rect(432, 48 - 1488, 1080), focused=false, active=false, pictureInPicture=false, hasParent=false, isAnchored=false, hasChildren=false]
06-12 20:09:20.852 V/GSK-Upgrade:ComponentUpdater(21055): local dex is empty
06-12 20:09:20.853 V/GSK-Upgrade:ComponentUpdater(21055): local dex is empty
06-12 20:09:20.855 V/GSK-Upgrade:ComponentUpdater(21055): local dex is empty
06-12 20:09:20.855 V/GSK-Upgrade:ComponentUpdater(21055): local dex is empty
06-12 20:09:20.855 V/GSK-Upgrade:ComponentUpdater(21055): local dex is empty
06-12 20:09:20.855 V/GSK-Upgrade:ComponentUpdater(21055): local dex is empty
06-12 20:09:20.898 D/AndroidAutoSize(21055): tech.gtt.frontapp.stb.m.home.activity.LoadingActivity used the global configuration.
06-12 20:09:20.901 D/AndroidAutoSize(21055): The tech.gtt.frontapp.stb.m.home.activity.LoadingActivity has been adapted! 
06-12 20:09:20.901 D/AndroidAutoSize(21055): LoadingActivity Info: isBaseOnWidth = true, designWidthInDp = 1920.000000, designWidthInSubunits = 1920.000000, targetDensity = 1.000000, targetScaledDensity = 1.000000, targetDensityDpi = 160, targetXdpi = 1.000000, targetScreenWidthDp = 1920, targetScreenHeightDp = 1032
06-12 20:09:21.019 V/GSK-Account:AccountManager(21055): isLoggedIn=false
06-12 20:09:21.024 D/AndroidAutoSize(21055): tech.gtt.frontapp.stb.m.home.activity.LoadingActivity used the global configuration.
06-12 20:09:21.027 D/AndroidAutoSize(21055): The tech.gtt.frontapp.stb.m.home.activity.LoadingActivity has been adapted! 
06-12 20:09:21.027 D/AndroidAutoSize(21055): LoadingActivity Info: isBaseOnWidth = true, designWidthInDp = 1920.000000, designWidthInSubunits = 1920.000000, targetDensity = 1.000000, targetScaledDensity = 1.000000, targetDensityDpi = 160, targetXdpi = 1.000000, targetScreenWidthDp = 1920, targetScreenHeightDp = 1032
06-12 20:09:21.086 D/gralloc_nox( 1767): gralloc_alloc: Creating ashmem region of size 8298496
06-12 20:09:21.131 D/gralloc_nox( 1767): gralloc_alloc: Creating ashmem region of size 8298496
06-12 20:09:21.164 D/UiDevice(20959): Searching for node with selector: BySelector [RES='\Qtech.gtt.frontapp.stb.demo:id/account_login_tv2\E'].
06-12 20:09:21.166 W/QueryController(20959): Could not detect idle state.
06-12 20:09:21.167 D/gralloc_nox( 1767): gralloc_alloc: Creating ashmem region of size 8298496
06-12 20:09:21.175 D/ProcessState(21166): Binder ioctl to enable oneway spam detection failed: Invalid argument
06-12 20:09:21.257 I/ActivityTaskManager( 1925): Displayed tech.gtt.frontapp.stb.demo/tech.gtt.frontapp.stb.m.home.activity.LoadingActivity: +471ms
06-12 20:09:21.314 D/CompatibilityChangeReporter(21055): Compat change id reported: 171228096; UID 10058; state: ENABLED
06-12 20:09:21.383 W/DataBinding(21055): Setting the fragment as the LifecycleOwner might cause memory leaks because views lives shorter than the Fragment. Consider using Fragment's view lifecycle
06-12 20:09:21.465 I/MediaFocusControl( 1925): requestAudioFocus() from uid/pid 10058/21055 AA=USAGE_MEDIA/CONTENT_TYPE_MOVIE clientId=android.media.AudioManager@9c4699f callingPack=tech.gtt.frontapp.stb.demo req=1 flags=0x0 sdk=35
06-12 20:09:21.469 I/AudioService.FadeOutManager( 1925): unfadeOutUid() uid:10058
06-12 20:09:21.501 W/MediaProvider( 2559): Failed to fetch original file descriptor
06-12 20:09:21.501 W/MediaProvider( 2559): java.io.IOException: stat failed: ENOENT (No such file or directory)
06-12 20:09:21.501 W/MediaProvider( 2559): 	at com.android.providers.media.MediaProvider.getFileFromFileDescriptor(MediaProvider.java:5822)
06-12 20:09:21.501 W/MediaProvider( 2559): 	at com.android.providers.media.MediaProvider.getOriginalMediaFormatFileDescriptor(MediaProvider.java:5739)
06-12 20:09:21.501 W/MediaProvider( 2559): 	at com.android.providers.media.MediaProvider.openTypedAssetFileCommon(MediaProvider.java:7162)
06-12 20:09:21.501 W/MediaProvider( 2559): 	at com.android.providers.media.MediaProvider.openTypedAssetFile(MediaProvider.java:7143)
06-12 20:09:21.501 W/MediaProvider( 2559): 	at android.content.ContentProvider$Transport.openTypedAssetFile(ContentProvider.java:548)
06-12 20:09:21.501 W/MediaProvider( 2559): 	at android.content.ContentProviderNative.onTransact(ContentProviderNative.java:327)
06-12 20:09:21.501 W/MediaProvider( 2559): 	at android.os.Binder.execTransactInternal(Binder.java:1179)
06-12 20:09:21.501 W/MediaProvider( 2559): 	at android.os.Binder.execTransact(Binder.java:1143)
06-12 20:09:21.501 W/MediaProvider( 2559): Caused by: android.system.ErrnoException: stat failed: ENOENT (No such file or directory)
06-12 20:09:21.501 W/MediaProvider( 2559): 	at libcore.io.Linux.stat(Native Method)
06-12 20:09:21.501 W/MediaProvider( 2559): 	at libcore.io.ForwardingOs.stat(ForwardingOs.java:853)
06-12 20:09:21.501 W/MediaProvider( 2559): 	at libcore.io.BlockGuardOs.stat(BlockGuardOs.java:420)
06-12 20:09:21.501 W/MediaProvider( 2559): 	at libcore.io.ForwardingOs.stat(ForwardingOs.java:853)
06-12 20:09:21.501 W/MediaProvider( 2559): 	at android.app.ActivityThread$AndroidOs.stat(ActivityThread.java:7775)
06-12 20:09:21.501 W/MediaProvider( 2559): 	at android.system.Os.stat(Os.java:919)
06-12 20:09:21.501 W/MediaProvider( 2559): 	at com.android.providers.media.MediaProvider.getFileFromFileDescriptor(MediaProvider.java:5816)
06-12 20:09:21.501 W/MediaProvider( 2559): 	... 7 more
06-12 20:09:21.504 D/NuPlayerDriver( 1854): NuPlayerDriver(0xe9782020) created, clientPid(21055)
06-12 20:09:21.510 D/SurfaceUtils( 1854): connecting to surface 0xe4383278, reason setVideoSurfaceTexture
06-12 20:09:21.510 D/NuPlayer( 1854): onSetVideoSurface(0xe4381940, no video decoder)
06-12 20:09:21.514 D/GenericSource( 1854): FileSource remote
06-12 20:09:21.516 I/SampleTable( 1851): There are reordered frames present.
06-12 20:09:21.518 D/MediaBufferGroup( 1851): creating MemoryDealer
06-12 20:09:21.530 V/GSK-APIS(21055): received response >>> id: c3d93bec url: https://gtt-app-apigateway-lion.vdemosit.com/api/enduser/messagecenter/message/query/v1 statusCode: 400, exception: null
06-12 20:09:21.534 I/System.out(21055): [SDKInterceptorPlugin] Unhandled exception in request processing: Something went wrong while connecting to the server, statusCode: 400
06-12 20:09:21.566 W/InputManager-JNI( 1925): Input channel object '237cfc0 tech.gtt.frontapp.stb.demo/tech.gtt.frontapp.stb.m.home.activity.SplashActivity (client)' was disposed without first being removed with the input manager!
06-12 20:09:21.586 D/MediaPlayerNative(21055): getMetadata
06-12 20:09:21.593 I/GenericSource( 1854): start
06-12 20:09:21.603 I/OMXClient( 1854): IOmx service obtained
06-12 20:09:21.610 I/OMXStore( 1857): makeComponentInstance(OMX.google.h264.decoder) in android.hardwar process
06-12 20:09:21.613 I/OMXClient( 1854): IOmx service obtained
06-12 20:09:21.613 I/OMXStore( 1857): makeComponentInstance(OMX.google.aac.decoder) in android.hardwar process
06-12 20:09:21.615 E/OMXNodeInstance( 1857): setConfig(0xee3800f0:google.aac.decoder, ConfigPriority(0x6f800002)) ERROR: Undefined(0x80001001)
06-12 20:09:21.619 D/SurfaceUtils( 1854): disconnecting from surface 0xe4381948, reason onConfigure
06-12 20:09:21.618 I/ACodec  ( 1854): codec does not support config priority (err -2147483648)
06-12 20:09:21.620 E/OMXNodeInstance( 1857): getConfig(0xee3800f0:google.aac.decoder, ConfigAndroidVendorExtension(0x6f100004)) ERROR: Undefined(0x80001001)
06-12 20:09:21.619 D/SurfaceUtils( 1854): connecting to surface 0xe4381948, reason connectToSurface
06-12 20:09:21.620 I/MediaCodec( 1854): [OMX.google.h264.decoder] setting surface generation to 1898526
06-12 20:09:21.620 D/SurfaceUtils( 1854): disconnecting from surface 0xe4381948, reason connectToSurface(reconnect)
06-12 20:09:21.620 D/SoftAAC2( 1857): get OMX_IndexParamAudioAndroidAacDrcPresentation
06-12 20:09:21.621 D/SurfaceUtils( 1854): connecting to surface 0xe4381948, reason connectToSurface(reconnect)
06-12 20:09:21.624 E/OMXNodeInstance( 1857): getExtensionIndex(0xee381510:google.h264.decoder, OMX.google.android.index.enableAndroidNativeBuffers) ERROR: UnsupportedIndex(0x8000101a)
06-12 20:09:21.624 E/ACodec  ( 1854): [OMX.google.h264.decoder] setPortMode on output to DynamicANWBuffer failed w/ err -1010
06-12 20:09:21.625 E/OMXNodeInstance( 1857): getParameter(0xee381510:google.h264.decoder, ??(0x6f600011)) ERROR: UnsupportedIndex(0x8000101a)
06-12 20:09:21.625 I/MediaCodec( 1854): MediaCodec will operate in async mode
06-12 20:09:21.625 D/MediaCodec( 1854): keep callback message for reclaim
06-12 20:09:21.625 W/OMXNodeInstance( 1857): [0xee381510:google.h264.decoder] component does not support metadata mode; using fallback
06-12 20:09:21.627 D/SoftVideoDecoderOMXComponent( 1857): Color Aspects preference: 1 
06-12 20:09:21.628 E/OMXNodeInstance( 1857): setConfig(0xee381510:google.h264.decoder, ConfigPriority(0x6f800002)) ERROR: UnsupportedIndex(0x8000101a)
06-12 20:09:21.628 I/ACodec  ( 1854): codec does not support config priority (err -1010)
06-12 20:09:21.628 E/OMXNodeInstance( 1857): setConfig(0xee381510:google.h264.decoder, ConfigOperatingRate(0x6f800003)) ERROR: UnsupportedIndex(0x8000101a)
06-12 20:09:21.628 I/ACodec  ( 1854): codec does not support config operating rate (err -1010)
06-12 20:09:21.628 E/OMXNodeInstance( 1857): getConfig(0xee381510:google.h264.decoder, ConfigAndroidVendorExtension(0x6f100004)) ERROR: UnsupportedIndex(0x8000101a)
06-12 20:09:21.628 E/OMXNodeInstance( 1857): getConfig(0xee381510:google.h264.decoder, ??(0x7f000003)) ERROR: UnsupportedSetting(0x80001019)
06-12 20:09:21.630 I/MediaCodec( 1854): MediaCodec will operate in async mode
06-12 20:09:21.630 D/MediaCodec( 1854): keep callback message for reclaim
06-12 20:09:21.632 I/SoftAAC2( 1857): Reconfiguring decoder: 0->44100 Hz, 0->1 channels
06-12 20:09:21.633 D/SoftAAC2( 1857): get OMX_IndexParamAudioAndroidAacDrcPresentation
06-12 20:09:21.633 W/ResourceManagerService( 1854): Ignoring request to add new resource entry with value <= 0
06-12 20:09:21.637 D/SoftVideoDecoderOMXComponent( 1857): Color Aspects preference: 1 
06-12 20:09:21.646 D/AudioFlinger( 1786): Client defaulted notificationFrames to 11286 for frameCount 22572
06-12 20:09:21.650 D/AF::TrackHandle( 1786): OpPlayAudio: track:85 usage:1 not muted
06-12 20:09:21.676 E/OMXNodeInstance( 1857): getConfig(0xee381510:google.h264.decoder, ??(0x7f000003)) ERROR: UnsupportedSetting(0x80001019)
06-12 20:09:21.683 D/MediaCodec( 1854): [OMX.google.h264.decoder] setting dataspace on output surface to #102
06-12 20:09:21.696 W/MediaPlayerNative(21055): info/warning (3, 0)
06-12 20:09:21.697 D/gralloc_nox( 1767): gralloc_alloc: Creating ashmem region of size 589824
06-12 20:09:21.698 E/android.hardware.audio.service( 1756): pcm_open called create stream faild
06-12 20:09:21.700 D/SoftwareRenderer( 1854): setting dataspace on output surface to #8000102
06-12 20:09:21.701 D/gralloc_nox( 1767): gralloc_alloc: Creating ashmem region of size 589824
06-12 20:09:21.716 D/UiDevice(20959): Searching for node with selector: BySelector [RES='\Qtech.gtt.frontapp.stb.demo:id/account_login_tv2\E'].
06-12 20:09:21.717 W/QueryController(20959): Could not detect idle state.
06-12 20:09:21.742 D/AudioFlinger( 1786): mixer(0x722dead66a60) throttle end: throttle time(38)
06-12 20:09:21.821 D/UiDevice(20959): Searching for node with selector: BySelector [RES='\Qtech.gtt.frontapp.stb.demo:id/account_login_tv2\E'].
06-12 20:09:21.822 W/QueryController(20959): Could not detect idle state.
06-12 20:09:21.927 D/UiDevice(20959): Searching for node with selector: BySelector [RES='\Qtech.gtt.frontapp.stb.demo:id/account_login_tv2\E'].
06-12 20:09:21.927 W/QueryController(20959): Could not detect idle state.
06-12 20:09:21.968 D/gralloc_nox( 1767): gralloc_alloc: Creating ashmem region of size 589824
06-12 20:09:21.976 D/gralloc_nox( 1767): gralloc_alloc: Creating ashmem region of size 589824
06-12 20:09:22.009 D/AudioFlinger( 1786): mixer(0x722dead66a60) throttle end: throttle time(209)
06-12 20:09:22.030 D/UiDevice(20959): Searching for node with selector: BySelector [RES='\Qtech.gtt.frontapp.stb.demo:id/account_login_tv2\E'].
06-12 20:09:22.031 W/QueryController(20959): Could not detect idle state.
06-12 20:09:22.086 D/AudioFlinger( 1786): mixer(0x722dead66a60) throttle end: throttle time(31)
06-12 20:09:22.135 D/UiDevice(20959): Searching for node with selector: BySelector [RES='\Qtech.gtt.frontapp.stb.demo:id/account_login_tv2\E'].
06-12 20:09:22.135 W/QueryController(20959): Could not detect idle state.
06-12 20:09:22.190 I/keystore2( 1707): keystore2::watchdog: Watchdog thread idle -> terminating. Have a great day.
06-12 20:09:22.241 D/UiDevice(20959): Searching for node with selector: BySelector [RES='\Qtech.gtt.frontapp.stb.demo:id/account_login_tv2\E'].
06-12 20:09:22.241 W/QueryController(20959): Could not detect idle state.
06-12 20:09:22.345 D/UiDevice(20959): Searching for node with selector: BySelector [RES='\Qtech.gtt.frontapp.stb.demo:id/account_login_tv2\E'].
06-12 20:09:22.345 W/QueryController(20959): Could not detect idle state.
06-12 20:09:22.448 D/UiDevice(20959): Searching for node with selector: BySelector [RES='\Qtech.gtt.frontapp.stb.demo:id/account_login_tv2\E'].
06-12 20:09:22.449 W/QueryController(20959): Could not detect idle state.
06-12 20:09:22.563 D/UiDevice(20959): Searching for node with selector: BySelector [RES='\Qtech.gtt.frontapp.stb.demo:id/account_login_tv2\E'].
06-12 20:09:22.564 W/QueryController(20959): Could not detect idle state.
06-12 20:09:22.674 D/UiDevice(20959): Searching for node with selector: BySelector [RES='\Qtech.gtt.frontapp.stb.demo:id/account_login_tv2\E'].
06-12 20:09:22.674 W/QueryController(20959): Could not detect idle state.
06-12 20:09:22.777 D/UiDevice(20959): Searching for node with selector: BySelector [RES='\Qtech.gtt.frontapp.stb.demo:id/account_login_tv2\E'].
06-12 20:09:22.777 W/QueryController(20959): Could not detect idle state.
06-12 20:09:22.880 D/UiDevice(20959): Searching for node with selector: BySelector [RES='\Qtech.gtt.frontapp.stb.demo:id/account_login_tv2\E'].
06-12 20:09:22.880 W/QueryController(20959): Could not detect idle state.
06-12 20:09:22.983 D/UiDevice(20959): Searching for node with selector: BySelector [RES='\Qtech.gtt.frontapp.stb.demo:id/account_login_tv2\E'].
06-12 20:09:22.984 W/QueryController(20959): Could not detect idle state.
06-12 20:09:23.088 D/UiDevice(20959): Searching for node with selector: BySelector [RES='\Qtech.gtt.frontapp.stb.demo:id/account_login_tv2\E'].
06-12 20:09:23.090 W/QueryController(20959): Could not detect idle state.
06-12 20:09:23.195 D/UiDevice(20959): Searching for node with selector: BySelector [RES='\Qtech.gtt.frontapp.stb.demo:id/account_login_tv2\E'].
06-12 20:09:23.196 W/QueryController(20959): Could not detect idle state.
06-12 20:09:23.299 D/UiDevice(20959): Searching for node with selector: BySelector [RES='\Qtech.gtt.frontapp.stb.demo:id/account_login_tv2\E'].
06-12 20:09:23.299 W/QueryController(20959): Could not detect idle state.
06-12 20:09:23.403 D/UiDevice(20959): Searching for node with selector: BySelector [RES='\Qtech.gtt.frontapp.stb.demo:id/account_login_tv2\E'].
06-12 20:09:23.403 W/QueryController(20959): Could not detect idle state.
06-12 20:09:23.508 D/UiDevice(20959): Searching for node with selector: BySelector [RES='\Qtech.gtt.frontapp.stb.demo:id/account_login_tv2\E'].
06-12 20:09:23.508 W/QueryController(20959): Could not detect idle state.
06-12 20:09:23.612 D/UiDevice(20959): Searching for node with selector: BySelector [RES='\Qtech.gtt.frontapp.stb.demo:id/account_login_tv2\E'].
06-12 20:09:23.614 W/QueryController(20959): Could not detect idle state.
06-12 20:09:23.719 D/UiDevice(20959): Searching for node with selector: BySelector [RES='\Qtech.gtt.frontapp.stb.demo:id/account_login_tv2\E'].
06-12 20:09:23.720 W/QueryController(20959): Could not detect idle state.
06-12 20:09:23.825 D/UiDevice(20959): Searching for node with selector: BySelector [RES='\Qtech.gtt.frontapp.stb.demo:id/account_login_tv2\E'].
06-12 20:09:23.826 W/QueryController(20959): Could not detect idle state.
06-12 20:09:23.929 D/UiDevice(20959): Searching for node with selector: BySelector [RES='\Qtech.gtt.frontapp.stb.demo:id/account_login_tv2\E'].
06-12 20:09:23.929 W/QueryController(20959): Could not detect idle state.
06-12 20:09:24.032 D/UiDevice(20959): Searching for node with selector: BySelector [RES='\Qtech.gtt.frontapp.stb.demo:id/account_login_tv2\E'].
06-12 20:09:24.032 W/QueryController(20959): Could not detect idle state.
06-12 20:09:24.141 D/UiDevice(20959): Searching for node with selector: BySelector [RES='\Qtech.gtt.frontapp.stb.demo:id/account_login_tv2\E'].
06-12 20:09:24.142 W/QueryController(20959): Could not detect idle state.
06-12 20:09:24.249 D/UiDevice(20959): Searching for node with selector: BySelector [RES='\Qtech.gtt.frontapp.stb.demo:id/account_login_tv2\E'].
06-12 20:09:24.250 W/QueryController(20959): Could not detect idle state.
06-12 20:09:24.307 E/TaskPersister( 1925): File error accessing recents directory (directory doesn't exist?).
06-12 20:09:24.357 D/UiDevice(20959): Searching for node with selector: BySelector [RES='\Qtech.gtt.frontapp.stb.demo:id/account_login_tv2\E'].
06-12 20:09:24.358 W/QueryController(20959): Could not detect idle state.
06-12 20:09:24.468 D/UiDevice(20959): Searching for node with selector: BySelector [RES='\Qtech.gtt.frontapp.stb.demo:id/account_login_tv2\E'].
06-12 20:09:24.470 W/QueryController(20959): Could not detect idle state.
06-12 20:09:24.586 D/UiDevice(20959): Searching for node with selector: BySelector [RES='\Qtech.gtt.frontapp.stb.demo:id/account_login_tv2\E'].
06-12 20:09:24.586 W/QueryController(20959): Could not detect idle state.
06-12 20:09:24.692 D/UiDevice(20959): Searching for node with selector: BySelector [RES='\Qtech.gtt.frontapp.stb.demo:id/account_login_tv2\E'].
06-12 20:09:24.693 W/QueryController(20959): Could not detect idle state.
06-12 20:09:24.795 D/UiDevice(20959): Searching for node with selector: BySelector [RES='\Qtech.gtt.frontapp.stb.demo:id/account_login_tv2\E'].
06-12 20:09:24.795 W/QueryController(20959): Could not detect idle state.
06-12 20:09:24.898 D/UiDevice(20959): Searching for node with selector: BySelector [RES='\Qtech.gtt.frontapp.stb.demo:id/account_login_tv2\E'].
06-12 20:09:24.898 W/QueryController(20959): Could not detect idle state.
06-12 20:09:25.004 D/UiDevice(20959): Searching for node with selector: BySelector [RES='\Qtech.gtt.frontapp.stb.demo:id/account_login_tv2\E'].
06-12 20:09:25.006 W/QueryController(20959): Could not detect idle state.
06-12 20:09:25.112 D/UiDevice(20959): Searching for node with selector: BySelector [RES='\Qtech.gtt.frontapp.stb.demo:id/account_login_tv2\E'].
06-12 20:09:25.113 W/QueryController(20959): Could not detect idle state.
06-12 20:09:25.216 D/UiDevice(20959): Searching for node with selector: BySelector [RES='\Qtech.gtt.frontapp.stb.demo:id/account_login_tv2\E'].
06-12 20:09:25.217 W/QueryController(20959): Could not detect idle state.
06-12 20:09:25.319 D/UiDevice(20959): Searching for node with selector: BySelector [RES='\Qtech.gtt.frontapp.stb.demo:id/account_login_tv2\E'].
06-12 20:09:25.320 W/QueryController(20959): Could not detect idle state.
06-12 20:09:25.428 D/UiDevice(20959): Searching for node with selector: BySelector [RES='\Qtech.gtt.frontapp.stb.demo:id/account_login_tv2\E'].
06-12 20:09:25.429 W/QueryController(20959): Could not detect idle state.
06-12 20:09:25.532 D/UiDevice(20959): Searching for node with selector: BySelector [RES='\Qtech.gtt.frontapp.stb.demo:id/account_login_tv2\E'].
06-12 20:09:25.533 W/QueryController(20959): Could not detect idle state.
06-12 20:09:25.644 D/UiDevice(20959): Searching for node with selector: BySelector [RES='\Qtech.gtt.frontapp.stb.demo:id/account_login_tv2\E'].
06-12 20:09:25.645 W/QueryController(20959): Could not detect idle state.
06-12 20:09:25.687 D/AudioTrack( 1854): stop(37): called with 200704 frames delivered
06-12 20:09:25.757 D/UiDevice(20959): Searching for node with selector: BySelector [RES='\Qtech.gtt.frontapp.stb.demo:id/account_login_tv2\E'].
06-12 20:09:25.758 W/QueryController(20959): Could not detect idle state.
06-12 20:09:25.868 D/UiDevice(20959): Searching for node with selector: BySelector [RES='\Qtech.gtt.frontapp.stb.demo:id/account_login_tv2\E'].
06-12 20:09:25.868 W/QueryController(20959): Could not detect idle state.
06-12 20:09:25.973 D/UiDevice(20959): Searching for node with selector: BySelector [RES='\Qtech.gtt.frontapp.stb.demo:id/account_login_tv2\E'].
06-12 20:09:25.974 W/QueryController(20959): Could not detect idle state.
06-12 20:09:26.047 D/NuPlayerDriver( 1854): stop(0xe9782020)
06-12 20:09:26.047 V/MediaPlayer(21055): resetDrmState:  mDrmInfo=null mDrmProvisioningThread=null mPrepareDrmInProgress=false mActiveDrmScheme=false
06-12 20:09:26.047 V/MediaPlayer(21055): cleanDrmObj: mDrmObj=null mDrmSessionId=null
06-12 20:09:26.047 D/NuPlayerDriver( 1854): reset(0xe9782020) at state 8
06-12 20:09:26.055 D/SurfaceUtils( 1854): disconnecting from surface 0xe4381948, reason disconnectFromSurface
06-12 20:09:26.058 D/SurfaceUtils( 1854): connecting to surface 0xe4381948, reason onShutdown
06-12 20:09:26.060 D/NuPlayerDriver( 1854): notifyResetComplete(0xe9782020)
06-12 20:09:26.060 D/SurfaceUtils( 1854): disconnecting from surface 0xe4383278, reason disconnectNativeWindow
06-12 20:09:26.060 W/AMessage( 1854): failed to post message as target looper for handler 0 is gone.
06-12 20:09:26.061 I/MediaFocusControl( 1925): abandonAudioFocus() from uid/pid 10058/21055 clientId=android.media.AudioManager@9c4699f
06-12 20:09:26.062 I/ActivityTaskManager( 1925): START u0 {cmp=tech.gtt.frontapp.stb.demo/tech.gtt.frontapp.stb.m.account.activity.LoginMethodSwitchActivity (has extras)} from uid 10058
06-12 20:09:26.063 D/CompatibilityChangeReporter( 1925): Compat change id reported: 174042980; UID 10058; state: DISABLED
06-12 20:09:26.063 D/CompatibilityChangeReporter( 1925): Compat change id reported: 184838306; UID 10058; state: DISABLED
06-12 20:09:26.064 D/CompatibilityChangeReporter( 1925): Compat change id reported: 185004937; UID 10058; state: DISABLED
06-12 20:09:26.064 D/CompatibilityChangeReporter( 1925): Compat change id reported: 181136395; UID 10058; state: DISABLED
06-12 20:09:26.064 D/CompatibilityChangeReporter( 1925): Compat change id reported: 174042936; UID 10058; state: DISABLED
06-12 20:09:26.064 D/CompatibilityChangeReporter( 1925): Compat change id reported: 197654537; UID 10058; state: ENABLED
06-12 20:09:26.065 D/CompatibilityChangeReporter( 1925): Compat change id reported: 168419799; UID 10058; state: DISABLED
06-12 20:09:26.067 I/MediaFocusControl( 1925): abandonAudioFocus() from uid/pid 10058/21055 clientId=android.media.AudioManager@9c4699f
06-12 20:09:26.067 W/MediaPlayer(21055): mediaplayer went away with unhandled events
06-12 20:09:26.069 W/MediaPlayer(21055): mediaplayer went away with unhandled events
06-12 20:09:26.075 W/ActivityTaskManager( 1925): Tried to set launchTime (0) < mLastActivityLaunchTime (4599342)
06-12 20:09:26.077 D/UiDevice(20959): Searching for node with selector: BySelector [RES='\Qtech.gtt.frontapp.stb.demo:id/account_login_tv2\E'].
06-12 20:09:26.077 W/QueryController(20959): Could not detect idle state.
06-12 20:09:26.086 D/AndroidAutoSize(21055): tech.gtt.frontapp.stb.m.account.activity.LoginMethodSwitchActivity used the global configuration.
06-12 20:09:26.086 D/AndroidAutoSize(21055): The tech.gtt.frontapp.stb.m.account.activity.LoginMethodSwitchActivity has been adapted! 
06-12 20:09:26.086 D/AndroidAutoSize(21055): LoginMethodSwitchActivity Info: isBaseOnWidth = true, designWidthInDp = 1920.000000, designWidthInSubunits = 1920.000000, targetDensity = 1.000000, targetScaledDensity = 1.000000, targetDensityDpi = 160, targetXdpi = 1.000000, targetScreenWidthDp = 1920, targetScreenHeightDp = 1032
06-12 20:09:26.116 D/AndroidAutoSize(21055): tech.gtt.frontapp.stb.m.account.activity.LoginMethodSwitchActivity used the global configuration.
06-12 20:09:26.116 D/AndroidAutoSize(21055): The tech.gtt.frontapp.stb.m.account.activity.LoginMethodSwitchActivity has been adapted! 
06-12 20:09:26.116 D/AndroidAutoSize(21055): LoginMethodSwitchActivity Info: isBaseOnWidth = true, designWidthInDp = 1920.000000, designWidthInSubunits = 1920.000000, targetDensity = 1.000000, targetScaledDensity = 1.000000, targetDensityDpi = 160, targetXdpi = 1.000000, targetScreenWidthDp = 1920, targetScreenHeightDp = 1032
06-12 20:09:26.119 W/WindowManager( 1925): Failed looking up window session=Session{c4225fd 21055:u0a10058} callers=com.android.server.wm.WindowManagerService.windowForClientLocked:5850 com.android.server.wm.Session.updateRequestedVisibilities:640 android.view.IWindowSession$Stub.onTransact:1175 
06-12 20:09:26.132 D/gralloc_nox( 1767): gralloc_alloc: Creating ashmem region of size 8298496
06-12 20:09:26.151 D/gralloc_nox( 1767): gralloc_alloc: Creating ashmem region of size 8298496
06-12 20:09:26.179 D/ProcessState(21462): Binder ioctl to enable oneway spam detection failed: Invalid argument
06-12 20:09:26.184 D/gralloc_nox( 1767): gralloc_alloc: Creating ashmem region of size 8298496
06-12 20:09:26.261 E/libEGL  (21055): called unimplemented OpenGL ES API
06-12 20:09:26.282 I/ActivityTaskManager( 1925): Displayed tech.gtt.frontapp.stb.demo/tech.gtt.frontapp.stb.m.account.activity.LoginMethodSwitchActivity: +218ms
06-12 20:09:26.284 W/ByMatcher(20959): Node returned null child: android.view.accessibility.AccessibilityNodeInfo@aeb3; boundsInParent: Rect(0, 0 - 231, 392); boundsInScreen: Rect(844, 270 - 1075, 662); packageName: tech.gtt.frontapp.stb.demo; className: android.widget.LinearLayout; text: null; error: null; maxTextLength: -1; stateDescription: null; contentDescription: null; tooltipText: null; viewIdResName: null; checkable: false; checked: false; focusable: false; focused: false; selected: false; clickable: false; longClickable: false; contextClickable: false; enabled: true; password: false; scrollable: false; importantForAccessibility: false; visible: true; actions: [AccessibilityAction: ACTION_SELECT - null, AccessibilityAction: ACTION_CLEAR_SELECTION - null, AccessibilityAction: ACTION_ACCESSIBILITY_FOCUS - null, AccessibilityAction: ACTION_SHOW_ON_SCREEN - null]
06-12 20:09:26.284 W/ByMatcher(20959): Skipping null child (1 of 2)
06-12 20:09:26.289 W/ByMatcher(20959): Node returned null child: android.view.accessibility.AccessibilityNodeInfo@aaf2; boundsInParent: Rect(0, 0 - 231, 539); boundsInScreen: Rect(844, 270 - 1075, 809); packageName: tech.gtt.frontapp.stb.demo; className: android.widget.LinearLayout; text: null; error: null; maxTextLength: -1; stateDescription: null; contentDescription: null; tooltipText: null; viewIdResName: null; checkable: false; checked: false; focusable: false; focused: false; selected: false; clickable: false; longClickable: false; contextClickable: false; enabled: true; password: false; scrollable: false; importantForAccessibility: false; visible: true; actions: [AccessibilityAction: ACTION_SELECT - null, AccessibilityAction: ACTION_CLEAR_SELECTION - null, AccessibilityAction: ACTION_ACCESSIBILITY_FOCUS - null, AccessibilityAction: ACTION_SHOW_ON_SCREEN - null]
06-12 20:09:26.291 W/ByMatcher(20959): Skipping null child (1 of 3)
06-12 20:09:26.292 W/ByMatcher(20959): Skipping null child (2 of 3)
06-12 20:09:26.294 W/ByMatcher(20959): Node returned null child: android.view.accessibility.AccessibilityNodeInfo@80006ee2; boundsInParent: Rect(0, 0 - 1920, 1080); boundsInScreen: Rect(0, 0 - 1920, 1080); packageName: tech.gtt.frontapp.stb.demo; className: android.widget.FrameLayout; text: null; error: null; maxTextLength: -1; stateDescription: null; contentDescription: null; tooltipText: null; viewIdResName: null; checkable: false; checked: false; focusable: false; focused: false; selected: false; clickable: false; longClickable: false; contextClickable: false; enabled: true; password: false; scrollable: false; importantForAccessibility: true; visible: true; actions: [AccessibilityAction: ACTION_SELECT - null, AccessibilityAction: ACTION_CLEAR_SELECTION - null, AccessibilityAction: ACTION_ACCESSIBILITY_FOCUS - null, AccessibilityAction: ACTION_SHOW_ON_SCREEN - null]
06-12 20:09:26.295 W/ByMatcher(20959): Skipping null child (0 of 1)
06-12 20:09:26.397 D/UiDevice(20959): Searching for node with selector: BySelector [RES='\Qtech.gtt.frontapp.stb.demo:id/account_login_tv2\E'].
06-12 20:09:26.398 W/QueryController(20959): Could not detect idle state.
06-12 20:09:26.432 D/UIAutomatorStub(20959): URI: /jsonrpc/0, Method: POST, params, {NanoHttpd.QUERY_STRING=null}, files: {postData={"jsonrpc": "2.0", "id": 1, "method": "objInfo", "params": [{"mask": 2097152, "childOrSibling": [], "childOrSiblingSelector": [], "resourceId": "tech.gtt.frontapp.stb.demo:id/account_login_tv2"}]}}
06-12 20:09:26.432 D/UiDevice(20959): Retrieving node with selector: BySelector [RES='\Qtech.gtt.frontapp.stb.demo:id/account_login_tv2\E'].
06-12 20:09:26.433 W/QueryController(20959): Could not detect idle state.
06-12 20:09:26.436 W/QueryController(20959): Could not detect idle state.
06-12 20:09:26.440 W/QueryController(20959): Could not detect idle state.
06-12 20:09:26.442 W/QueryController(20959): Could not detect idle state.
06-12 20:09:26.444 W/QueryController(20959): Could not detect idle state.
06-12 20:09:26.447 W/QueryController(20959): Could not detect idle state.
06-12 20:09:26.449 W/QueryController(20959): Could not detect idle state.
06-12 20:09:26.450 W/QueryController(20959): Could not detect idle state.
06-12 20:09:26.451 W/QueryController(20959): Could not detect idle state.
06-12 20:09:26.452 W/QueryController(20959): Could not detect idle state.
06-12 20:09:26.453 W/QueryController(20959): Could not detect idle state.
06-12 20:09:26.455 W/QueryController(20959): Could not detect idle state.
06-12 20:09:26.459 W/QueryController(20959): Could not detect idle state.
06-12 20:09:26.461 W/QueryController(20959): Could not detect idle state.
06-12 20:09:26.463 W/QueryController(20959): Could not detect idle state.
06-12 20:09:26.464 W/QueryController(20959): Could not detect idle state.
06-12 20:09:26.465 W/QueryController(20959): Could not detect idle state.
06-12 20:09:26.466 W/QueryController(20959): Could not detect idle state.
06-12 20:09:26.494 D/UIAutomatorStub(20959): URI: /jsonrpc/0, Method: POST, params, {NanoHttpd.QUERY_STRING=null}, files: {postData={"jsonrpc": "2.0", "id": 1, "method": "click", "params": [1390.0, 559.0]}}
06-12 20:09:26.497 W/InputManager-JNI( 1925): Input channel object 'afbf71e tech.gtt.frontapp.stb.demo/tech.gtt.frontapp.stb.m.home.activity.LoadingActivity (client)' was disposed without first being removed with the input manager!
06-12 20:09:26.640 I/ActivityTaskManager( 1925): START u0 {cmp=tech.gtt.frontapp.stb.demo/tech.gtt.frontapp.stb.m.account.activity.LoginActivity} from uid 10058
06-12 20:09:26.651 W/ActivityTaskManager( 1925): Tried to set launchTime (0) < mLastActivityLaunchTime (4604592)
06-12 20:09:26.659 D/UIAutomatorStub(20959): URI: /jsonrpc/0, Method: POST, params, {NanoHttpd.QUERY_STRING=null}, files: {postData={"jsonrpc": "2.0", "id": 1, "method": "waitForExists", "params": [{"mask": 2097152, "childOrSibling": [], "childOrSiblingSelector": [], "resourceId": "tech.gtt.frontapp.stb.demo:id/loginf_et_username"}, 20000]}}
06-12 20:09:26.661 D/UiDevice(20959): Waiting 20000ms for SearchCondition[hasObject=BySelector [RES='\Qtech.gtt.frontapp.stb.demo:id/loginf_et_username\E']].
06-12 20:09:26.661 D/UiDevice(20959): Searching for node with selector: BySelector [RES='\Qtech.gtt.frontapp.stb.demo:id/loginf_et_username\E'].
06-12 20:09:26.662 W/QueryController(20959): Could not detect idle state.
06-12 20:09:26.666 D/AndroidAutoSize(21055): tech.gtt.frontapp.stb.m.account.activity.LoginActivity used the global configuration.
06-12 20:09:26.666 D/AndroidAutoSize(21055): The tech.gtt.frontapp.stb.m.account.activity.LoginActivity has been adapted! 
06-12 20:09:26.666 D/AndroidAutoSize(21055): LoginActivity Info: isBaseOnWidth = true, designWidthInDp = 1920.000000, designWidthInSubunits = 1920.000000, targetDensity = 1.000000, targetScaledDensity = 1.000000, targetDensityDpi = 160, targetXdpi = 1.000000, targetScreenWidthDp = 1920, targetScreenHeightDp = 1032
06-12 20:09:26.750 D/AndroidAutoSize(21055): tech.gtt.frontapp.stb.m.account.activity.LoginActivity used the global configuration.
06-12 20:09:26.750 D/AndroidAutoSize(21055): The tech.gtt.frontapp.stb.m.account.activity.LoginActivity has been adapted! 
06-12 20:09:26.750 D/AndroidAutoSize(21055): LoginActivity Info: isBaseOnWidth = true, designWidthInDp = 1920.000000, designWidthInSubunits = 1920.000000, targetDensity = 1.000000, targetScaledDensity = 1.000000, targetDensityDpi = 160, targetXdpi = 1.000000, targetScreenWidthDp = 1920, targetScreenHeightDp = 1032
06-12 20:09:26.757 W/WindowManager( 1925): Failed looking up window session=Session{c4225fd 21055:u0a10058} callers=com.android.server.wm.WindowManagerService.windowForClientLocked:5850 com.android.server.wm.Session.updateRequestedVisibilities:640 android.view.IWindowSession$Stub.onTransact:1175 
06-12 20:09:26.777 D/gralloc_nox( 1767): gralloc_alloc: Creating ashmem region of size 8298496
06-12 20:09:26.797 D/gralloc_nox( 1767): gralloc_alloc: Creating ashmem region of size 8298496
06-12 20:09:26.805 D/ProcessState(21475): Binder ioctl to enable oneway spam detection failed: Invalid argument
06-12 20:09:26.815 D/gralloc_nox( 1767): gralloc_alloc: Creating ashmem region of size 8298496
06-12 20:09:26.882 W/ByMatcher(20959): Node returned null child: android.view.accessibility.AccessibilityNodeInfo@1140f; boundsInParent: Rect(0, 0 - 1920, 1080); boundsInScreen: Rect(0, 0 - 1920, 1080); packageName: tech.gtt.frontapp.stb.demo; className: android.widget.RelativeLayout; text: null; error: null; maxTextLength: -1; stateDescription: null; contentDescription: null; tooltipText: null; viewIdResName: null; checkable: false; checked: false; focusable: false; focused: false; selected: false; clickable: false; longClickable: false; contextClickable: false; enabled: true; password: false; scrollable: false; importantForAccessibility: false; visible: true; actions: [AccessibilityAction: ACTION_SELECT - null, AccessibilityAction: ACTION_CLEAR_SELECTION - null, AccessibilityAction: ACTION_ACCESSIBILITY_FOCUS - null, AccessibilityAction: ACTION_SHOW_ON_SCREEN - null]
06-12 20:09:26.882 W/ByMatcher(20959): Skipping null child (2 of 3)
06-12 20:09:26.883 W/ByMatcher(20959): Node returned null child: android.view.accessibility.AccessibilityNodeInfo@80006ee3; boundsInParent: Rect(0, 0 - 1920, 1080); boundsInScreen: Rect(0, 0 - 1920, 1080); packageName: tech.gtt.frontapp.stb.demo; className: android.widget.FrameLayout; text: null; error: null; maxTextLength: -1; stateDescription: null; contentDescription: null; tooltipText: null; viewIdResName: null; checkable: false; checked: false; focusable: false; focused: false; selected: false; clickable: false; longClickable: false; contextClickable: false; enabled: true; password: false; scrollable: false; importantForAccessibility: true; visible: true; actions: [AccessibilityAction: ACTION_SELECT - null, AccessibilityAction: ACTION_CLEAR_SELECTION - null, AccessibilityAction: ACTION_ACCESSIBILITY_FOCUS - null, AccessibilityAction: ACTION_SHOW_ON_SCREEN - null]
06-12 20:09:26.883 W/ByMatcher(20959): Skipping null child (0 of 1)
06-12 20:09:26.886 I/ActivityTaskManager( 1925): Displayed tech.gtt.frontapp.stb.demo/tech.gtt.frontapp.stb.m.account.activity.LoginActivity: +245ms
06-12 20:09:26.990 D/UiDevice(20959): Searching for node with selector: BySelector [RES='\Qtech.gtt.frontapp.stb.demo:id/loginf_et_username\E'].
06-12 20:09:26.990 W/QueryController(20959): Could not detect idle state.
06-12 20:09:27.027 D/UIAutomatorStub(20959): URI: /jsonrpc/0, Method: POST, params, {NanoHttpd.QUERY_STRING=null}, files: {postData={"jsonrpc": "2.0", "id": 1, "method": "objInfo", "params": [{"mask": 2097152, "childOrSibling": [], "childOrSiblingSelector": [], "resourceId": "tech.gtt.frontapp.stb.demo:id/loginf_et_username"}]}}
06-12 20:09:27.028 D/UiDevice(20959): Retrieving node with selector: BySelector [RES='\Qtech.gtt.frontapp.stb.demo:id/loginf_et_username\E'].
06-12 20:09:27.028 W/QueryController(20959): Could not detect idle state.
06-12 20:09:27.031 W/QueryController(20959): Could not detect idle state.
06-12 20:09:27.031 W/QueryController(20959): Could not detect idle state.
06-12 20:09:27.033 W/QueryController(20959): Could not detect idle state.
06-12 20:09:27.033 W/QueryController(20959): Could not detect idle state.
06-12 20:09:27.034 W/QueryController(20959): Could not detect idle state.
06-12 20:09:27.034 W/QueryController(20959): Could not detect idle state.
06-12 20:09:27.035 W/QueryController(20959): Could not detect idle state.
06-12 20:09:27.035 W/QueryController(20959): Could not detect idle state.
06-12 20:09:27.036 W/QueryController(20959): Could not detect idle state.
06-12 20:09:27.037 W/QueryController(20959): Could not detect idle state.
06-12 20:09:27.040 W/QueryController(20959): Could not detect idle state.
06-12 20:09:27.041 W/QueryController(20959): Could not detect idle state.
06-12 20:09:27.043 W/QueryController(20959): Could not detect idle state.
06-12 20:09:27.044 W/QueryController(20959): Could not detect idle state.
06-12 20:09:27.045 W/QueryController(20959): Could not detect idle state.
06-12 20:09:27.046 W/QueryController(20959): Could not detect idle state.
06-12 20:09:27.047 W/QueryController(20959): Could not detect idle state.
06-12 20:09:27.065 D/UIAutomatorStub(20959): URI: /jsonrpc/0, Method: POST, params, {NanoHttpd.QUERY_STRING=null}, files: {postData={"jsonrpc": "2.0", "id": 1, "method": "click", "params": [1057.0, 437.0]}}
06-12 20:09:27.123 W/SurfaceFlinger( 1800): couldn't log to binary event log: overflow.
06-12 20:09:27.231 D/CompatibilityChangeReporter(21055): Compat change id reported: 163400105; UID 10058; state: ENABLED
06-12 20:09:27.231 D/InputMethodManager(21055): showSoftInput() view=tech.gtt.frontapp.stb.c.ui.edittext.EmailAutoCompleteTextView{b5802cf VFED..CL. .F.P..ID 0,0-700,92 #7f0b02ce app:id/loginf_et_username aid=1073741824} flags=0 reason=SHOW_SOFT_INPUT
06-12 20:09:27.232 V/InputMethodService( 2648): onEvaluateInputViewShown: config.hardKeyboardHidden = 2
06-12 20:09:27.232 V/InputMethodService( 2648): onEvaluateInputViewShown: config.hardKeyboardHidden = 2
06-12 20:09:27.232 I/AdbKeyboard( 2648): imeAction: 5 Next
06-12 20:09:27.250 D/gralloc_nox( 1767): gralloc_alloc: Creating ashmem region of size 647168
06-12 20:09:27.271 D/gralloc_nox( 1767): gralloc_alloc: Creating ashmem region of size 647168
06-12 20:09:27.276 D/gralloc_nox( 1767): gralloc_alloc: Creating ashmem region of size 647168
06-12 20:09:27.278 D/UIAutomatorStub(20959): URI: /jsonrpc/0, Method: POST, params, {NanoHttpd.QUERY_STRING=null}, files: {postData={"jsonrpc": "2.0", "id": 1, "method": "waitForExists", "params": [{"mask": 2097152, "childOrSibling": [], "childOrSiblingSelector": [], "resourceId": "tech.gtt.frontapp.stb.demo:id/loginf_et_username"}, 20000]}}
06-12 20:09:27.280 D/UiDevice(20959): Waiting 20000ms for SearchCondition[hasObject=BySelector [RES='\Qtech.gtt.frontapp.stb.demo:id/loginf_et_username\E']].
06-12 20:09:27.280 D/UiDevice(20959): Searching for node with selector: BySelector [RES='\Qtech.gtt.frontapp.stb.demo:id/loginf_et_username\E'].
06-12 20:09:27.281 W/QueryController(20959): Could not detect idle state.
06-12 20:09:27.286 D/InsetsController(21055): show(ime(), fromIme=true)
06-12 20:09:27.291 D/ProcessState(21484): Binder ioctl to enable oneway spam detection failed: Invalid argument
06-12 20:09:27.327 D/UIAutomatorStub(20959): URI: /jsonrpc/0, Method: POST, params, {NanoHttpd.QUERY_STRING=null}, files: {postData={"jsonrpc": "2.0", "id": 1, "method": "setText", "params": [{"mask": 2097152, "childOrSibling": [], "childOrSiblingSelector": [], "resourceId": "tech.gtt.frontapp.stb.demo:id/loginf_et_username"}, "0609@ipwangxin.cn"]}}
06-12 20:09:27.328 D/UiDevice(20959): Retrieving node with selector: BySelector [RES='\Qtech.gtt.frontapp.stb.demo:id/loginf_et_username\E'].
06-12 20:09:27.329 W/QueryController(20959): Could not detect idle state.
06-12 20:09:27.332 W/QueryController(20959): Could not detect idle state.
06-12 20:09:27.334 D/UiObject2(20959): Clicking on (1057, 437).
06-12 20:09:27.350 D/InputMethodManager(21055): showSoftInput() view=tech.gtt.frontapp.stb.c.ui.edittext.EmailAutoCompleteTextView{b5802cf VFED..CL. .F.P.... 0,0-700,92 #7f0b02ce app:id/loginf_et_username aid=1073741824} flags=0 reason=SHOW_SOFT_INPUT
06-12 20:09:27.351 V/InputMethodService( 2648): onEvaluateInputViewShown: config.hardKeyboardHidden = 2
06-12 20:09:27.351 V/InputMethodService( 2648): onEvaluateInputViewShown: config.hardKeyboardHidden = 2
06-12 20:09:27.352 D/InsetsController(21055): show(ime(), fromIme=true)
06-12 20:09:27.368 W/GestureController(20959): Gestures took longer than expected (34ms >> 16ms), device might be in a busy state.
06-12 20:09:27.368 D/UiDevice(20959): Retrieving node with selector: BySelector [RES='\Qtech.gtt.frontapp.stb.demo:id/loginf_et_username\E'].
06-12 20:09:27.369 W/QueryController(20959): Could not detect idle state.
06-12 20:09:27.375 W/QueryController(20959): Could not detect idle state.
06-12 20:09:27.378 D/UiObject2(20959): Setting text to '0609@ipwangxin.cn'.
06-12 20:09:27.383 I/AdbKeyboard( 2648): imeAction: 5 Next
06-12 20:09:27.383 V/InputMethodService( 2648): onEvaluateInputViewShown: config.hardKeyboardHidden = 2
06-12 20:09:27.383 V/InputMethodService( 2648): onEvaluateInputViewShown: config.hardKeyboardHidden = 2
06-12 20:09:27.447 D/InsetsController(21055): show(ime(), fromIme=true)
06-12 20:09:27.469 D/UIAutomatorStub(20959): URI: /jsonrpc/0, Method: POST, params, {NanoHttpd.QUERY_STRING=null}, files: {postData={"jsonrpc": "2.0", "id": 1, "method": "waitForExists", "params": [{"mask": 2097152, "childOrSibling": [], "childOrSiblingSelector": [], "resourceId": "tech.gtt.frontapp.stb.demo:id/et_pwd"}, 20000]}}
06-12 20:09:27.471 D/UiDevice(20959): Waiting 20000ms for SearchCondition[hasObject=BySelector [RES='\Qtech.gtt.frontapp.stb.demo:id/et_pwd\E']].
06-12 20:09:27.473 D/UiDevice(20959): Searching for node with selector: BySelector [RES='\Qtech.gtt.frontapp.stb.demo:id/et_pwd\E'].
06-12 20:09:27.474 W/QueryController(20959): Could not detect idle state.
06-12 20:09:27.506 D/UIAutomatorStub(20959): URI: /jsonrpc/0, Method: POST, params, {NanoHttpd.QUERY_STRING=null}, files: {postData={"jsonrpc": "2.0", "id": 1, "method": "objInfo", "params": [{"mask": 2097152, "childOrSibling": [], "childOrSiblingSelector": [], "resourceId": "tech.gtt.frontapp.stb.demo:id/et_pwd"}]}}
06-12 20:09:27.506 W/SurfaceFlinger( 1800): couldn't log to binary event log: overflow.
06-12 20:09:27.507 D/UiDevice(20959): Retrieving node with selector: BySelector [RES='\Qtech.gtt.frontapp.stb.demo:id/et_pwd\E'].
06-12 20:09:27.508 W/QueryController(20959): Could not detect idle state.
06-12 20:09:27.512 W/QueryController(20959): Could not detect idle state.
06-12 20:09:27.513 W/QueryController(20959): Could not detect idle state.
06-12 20:09:27.514 W/QueryController(20959): Could not detect idle state.
06-12 20:09:27.515 W/QueryController(20959): Could not detect idle state.
06-12 20:09:27.516 W/QueryController(20959): Could not detect idle state.
06-12 20:09:27.517 W/QueryController(20959): Could not detect idle state.
06-12 20:09:27.518 W/QueryController(20959): Could not detect idle state.
06-12 20:09:27.519 W/QueryController(20959): Could not detect idle state.
06-12 20:09:27.519 W/QueryController(20959): Could not detect idle state.
06-12 20:09:27.520 W/QueryController(20959): Could not detect idle state.
06-12 20:09:27.522 W/QueryController(20959): Could not detect idle state.
06-12 20:09:27.524 W/QueryController(20959): Could not detect idle state.
06-12 20:09:27.525 W/QueryController(20959): Could not detect idle state.
06-12 20:09:27.526 W/QueryController(20959): Could not detect idle state.
06-12 20:09:27.527 W/QueryController(20959): Could not detect idle state.
06-12 20:09:27.528 W/QueryController(20959): Could not detect idle state.
06-12 20:09:27.529 W/NotificationHistory( 1925): Attempted to add notif for locked/gone/disabled user 0
06-12 20:09:27.529 W/QueryController(20959): Could not detect idle state.
06-12 20:09:27.535 D/InterruptionStateProvider( 2100): No bubble up: not allowed to bubble: -1|android|8|null|1000
06-12 20:09:27.535 D/InterruptionStateProvider( 2100): No heads up: unimportant notification: -1|android|8|null|1000
06-12 20:09:27.535 D/PeopleSpaceWidgetMgr( 2100): Sbn doesn't contain valid PeopleTileKey: null/-1/android
06-12 20:09:27.558 D/UIAutomatorStub(20959): URI: /jsonrpc/0, Method: POST, params, {NanoHttpd.QUERY_STRING=null}, files: {postData={"jsonrpc": "2.0", "id": 1, "method": "click", "params": [1057.0, 559.0]}}
06-12 20:09:27.579 D/InterruptionStateProvider( 2100): No bubble up: not allowed to bubble: -1|android|8|null|1000
06-12 20:09:27.580 D/InterruptionStateProvider( 2100): No heads up: unimportant notification: -1|android|8|null|1000
06-12 20:09:27.584 D/PeopleSpaceWidgetMgr( 2100): Sbn doesn't contain valid PeopleTileKey: null/-1/android
06-12 20:09:27.594 D/InterruptionStateProvider( 2100): No bubble up: not allowed to bubble: -1|android|8|null|1000
06-12 20:09:27.594 D/InterruptionStateProvider( 2100): No heads up: unimportant notification: -1|android|8|null|1000
06-12 20:09:27.596 D/PeopleSpaceWidgetMgr( 2100): Sbn doesn't contain valid PeopleTileKey: null/-1/android
06-12 20:09:27.682 I/AdbKeyboard( 2648): imeAction: 5 Next
06-12 20:09:27.682 D/InputMethodManager(21055): showSoftInput() view=tech.gtt.frontapp.stb.c.ui.edittext.NormalFocusEditText{a9230e1 VFED..CL. .F.P..ID 0,0-700,92 #7f0b0172 app:id/et_pwd aid=1073741826} flags=0 reason=SHOW_SOFT_INPUT
06-12 20:09:27.683 V/InputMethodService( 2648): onEvaluateInputViewShown: config.hardKeyboardHidden = 2
06-12 20:09:27.683 V/InputMethodService( 2648): onEvaluateInputViewShown: config.hardKeyboardHidden = 2
06-12 20:09:27.683 V/InputMethodService( 2648): onEvaluateInputViewShown: config.hardKeyboardHidden = 2
06-12 20:09:27.683 V/InputMethodService( 2648): onEvaluateInputViewShown: config.hardKeyboardHidden = 2
06-12 20:09:27.692 D/InsetsController(21055): show(ime(), fromIme=true)
06-12 20:09:27.692 D/InsetsController(21055): show(ime(), fromIme=true)
06-12 20:09:27.735 D/UIAutomatorStub(20959): URI: /jsonrpc/0, Method: POST, params, {NanoHttpd.QUERY_STRING=null}, files: {postData={"jsonrpc": "2.0", "id": 1, "method": "waitForExists", "params": [{"mask": 2097152, "childOrSibling": [], "childOrSiblingSelector": [], "resourceId": "tech.gtt.frontapp.stb.demo:id/et_pwd"}, 20000]}}
06-12 20:09:27.736 D/UiDevice(20959): Waiting 20000ms for SearchCondition[hasObject=BySelector [RES='\Qtech.gtt.frontapp.stb.demo:id/et_pwd\E']].
06-12 20:09:27.736 D/UiDevice(20959): Searching for node with selector: BySelector [RES='\Qtech.gtt.frontapp.stb.demo:id/et_pwd\E'].
06-12 20:09:27.736 W/QueryController(20959): Could not detect idle state.
06-12 20:09:27.773 D/UIAutomatorStub(20959): URI: /jsonrpc/0, Method: POST, params, {NanoHttpd.QUERY_STRING=null}, files: {postData={"jsonrpc": "2.0", "id": 1, "method": "setText", "params": [{"mask": 2097152, "childOrSibling": [], "childOrSiblingSelector": [], "resourceId": "tech.gtt.frontapp.stb.demo:id/et_pwd"}, "123456"]}}
06-12 20:09:27.774 D/UiDevice(20959): Retrieving node with selector: BySelector [RES='\Qtech.gtt.frontapp.stb.demo:id/et_pwd\E'].
06-12 20:09:27.774 W/QueryController(20959): Could not detect idle state.
06-12 20:09:27.777 W/QueryController(20959): Could not detect idle state.
06-12 20:09:27.778 D/UiObject2(20959): Clicking on (1057, 559).
06-12 20:09:27.800 D/InputMethodManager(21055): showSoftInput() view=tech.gtt.frontapp.stb.c.ui.edittext.NormalFocusEditText{a9230e1 VFED..CL. .F.P.... 0,0-700,92 #7f0b0172 app:id/et_pwd aid=1073741826} flags=0 reason=SHOW_SOFT_INPUT
06-12 20:09:27.801 V/InputMethodService( 2648): onEvaluateInputViewShown: config.hardKeyboardHidden = 2
06-12 20:09:27.801 V/InputMethodService( 2648): onEvaluateInputViewShown: config.hardKeyboardHidden = 2
06-12 20:09:27.803 D/InsetsController(21055): show(ime(), fromIme=true)
06-12 20:09:27.816 W/GestureController(20959): Gestures took longer than expected (38ms >> 16ms), device might be in a busy state.
06-12 20:09:27.816 D/UiDevice(20959): Retrieving node with selector: BySelector [RES='\Qtech.gtt.frontapp.stb.demo:id/et_pwd\E'].
