--------- beginning of main
06-12 20:09:11.681 D/ProcessState(20987): Binder ioctl to enable oneway spam detection failed: Invalid argument
--------- beginning of system
06-12 20:09:11.684 I/ActivityManager( 1925): Force stopping tech.gtt.frontapp.stb.demo appid=10058 user=0: clear data
06-12 20:09:11.686 I/ActivityManager( 1925): Force stopping tech.gtt.frontapp.stb.demo appid=10058 user=-1: clearApplicationUserData
06-12 20:09:11.696 D/CompatibilityChangeReporter( 1925): Compat change id reported: 135634846; UID 10019; state: DISABLED
06-12 20:09:11.696 D/CompatibilityChangeReporter( 1925): Compat change id reported: 177438394; UID 10019; state: DISABLED
06-12 20:09:11.697 D/CompatibilityChangeReporter( 1925): Compat change id reported: 135772972; UID 10019; state: DISABLED
06-12 20:09:11.697 D/CompatibilityChangeReporter( 1925): Compat change id reported: 135754954; UID 10019; state: ENABLED
06-12 20:09:11.697 D/CompatibilityChangeReporter( 1925): Compat change id reported: 143937733; UID 10019; state: ENABLED
06-12 20:09:11.702 D/Zygote  ( 1753): Forked child process 20993
06-12 20:09:11.703 I/ActivityManager( 1925): Start proc 20993:com.android.documentsui/u0a19 for broadcast {com.android.documentsui/com.android.documentsui.PackageReceiver}
06-12 20:09:11.708 I/Zygote  (20993): seccomp disabled by setenforce 0
06-12 20:09:11.712 W/oid.documentsu(20993): Unexpected CPU variant for X86 using defaults: x86_64
06-12 20:09:11.719 D/ProcessState(20993): Binder ioctl to enable oneway spam detection failed: Invalid argument
06-12 20:09:11.736 E/ashmem  (20993): memfd: ro.vndk.version not defined or invalid (), this is mandated since P.
06-12 20:09:11.739 D/CompatibilityChangeReporter(20993): Compat change id reported: 171979766; UID 10019; state: DISABLED
06-12 20:09:11.796 V/GraphicsEnvironment(20993): ANGLE Developer option for 'com.android.documentsui' set to: 'default'
06-12 20:09:11.797 V/GraphicsEnvironment(20993): ANGLE GameManagerService for com.android.documentsui: false
06-12 20:09:11.797 V/GraphicsEnvironment(20993): Neither updatable production driver nor prerelease driver is supported.
06-12 20:09:11.799 D/NetworkSecurityConfig(20993): No Network Security Config specified, using platform default
06-12 20:09:11.800 D/NetworkSecurityConfig(20993): No Network Security Config specified, using platform default
06-12 20:09:11.800 D/AndroidRuntime(21010): >>>>>> START com.android.internal.os.RuntimeInit uid 0 <<<<<<
06-12 20:09:11.805 I/AndroidRuntime(21010): Using default boot image
06-12 20:09:11.805 I/AndroidRuntime(21010): Leaving lock profiling enabled
06-12 20:09:11.811 W/app_process(21010): ART APEX data files are untrusted.
06-12 20:09:11.811 I/app_process(21010): Core platform API reporting enabled, enforcing=false
06-12 20:09:11.864 D/DocumentsApplication(20993): OverlayManager.setEnabled() result: true
06-12 20:09:11.864 D/CompatibilityChangeReporter( 1925): Compat change id reported: 135634846; UID 10053; state: DISABLED
06-12 20:09:11.865 D/CompatibilityChangeReporter( 1925): Compat change id reported: 177438394; UID 10053; state: DISABLED
06-12 20:09:11.865 D/CompatibilityChangeReporter( 1925): Compat change id reported: 135772972; UID 10053; state: DISABLED
06-12 20:09:11.865 D/CompatibilityChangeReporter( 1925): Compat change id reported: 135754954; UID 10053; state: ENABLED
06-12 20:09:11.865 D/CompatibilityChangeReporter( 1925): Compat change id reported: 143937733; UID 10053; state: ENABLED
06-12 20:09:11.869 D/Zygote  ( 1753): Forked child process 21021
06-12 20:09:11.870 I/ActivityManager( 1925): Start proc 21021:com.android.permissioncontroller/u0a53 for broadcast {com.android.permissioncontroller/com.android.permissioncontroller.permission.service.LocationAccessCheck$PackageResetHandler}
06-12 20:09:11.873 I/Zygote  (21021): seccomp disabled by setenforce 0
06-12 20:09:11.873 D/app_process(21010): Time zone APEX ICU file found: /apex/com.android.tzdata/etc/icu/icu_tzdata.dat
06-12 20:09:11.873 D/app_process(21010): I18n APEX ICU file found: /apex/com.android.i18n/etc/icu/icudt68l.dat
06-12 20:09:11.878 W/ssioncontrolle(21021): Unexpected CPU variant for X86 using defaults: x86_64
06-12 20:09:11.882 W/app_process(21010): Unexpected CPU variant for X86 using defaults: x86_64
06-12 20:09:11.883 D/ProcessState(21021): Binder ioctl to enable oneway spam detection failed: Invalid argument
06-12 20:09:11.892 E/ashmem  (21021): memfd: ro.vndk.version not defined or invalid (), this is mandated since P.
06-12 20:09:11.894 D/CompatibilityChangeReporter(21021): Compat change id reported: 171979766; UID 10053; state: ENABLED
06-12 20:09:11.909 D/ProcessState(21010): Binder ioctl to enable oneway spam detection failed: Invalid argument
06-12 20:09:11.909 D/AndroidRuntime(21010): Calling main entry com.android.commands.monkey.Monkey
06-12 20:09:11.912 W/Monkey  (21010): args: [-p, tech.gtt.frontapp.stb.demo, -c, android.intent.category.LAUNCHER, 1]
06-12 20:09:11.913 W/Monkey  (21010):  arg: "-p"
06-12 20:09:11.913 W/Monkey  (21010):  arg: "tech.gtt.frontapp.stb.demo"
06-12 20:09:11.914 W/Monkey  (21010):  arg: "-c"
06-12 20:09:11.914 W/Monkey  (21010):  arg: "android.intent.category.LAUNCHER"
06-12 20:09:11.914 W/Monkey  (21010):  arg: "1"
06-12 20:09:11.914 W/Monkey  (21010): data="tech.gtt.frontapp.stb.demo"
06-12 20:09:11.914 W/Monkey  (21010): data="android.intent.category.LAUNCHER"
06-12 20:09:11.915 V/GraphicsEnvironment(21021): ANGLE Developer option for 'com.android.permissioncontroller' set to: 'default'
06-12 20:09:11.916 V/GraphicsEnvironment(21021): ANGLE GameManagerService for com.android.permissioncontroller: false
06-12 20:09:11.916 V/GraphicsEnvironment(21021): Neither updatable production driver nor prerelease driver is supported.
06-12 20:09:11.918 D/NetworkSecurityConfig(21021): No Network Security Config specified, using platform default
06-12 20:09:11.919 D/NetworkSecurityConfig(21021): No Network Security Config specified, using platform default
06-12 20:09:11.950 I/MediaProvider( 2559): Begin Intent { act=android.intent.action.PACKAGE_DATA_CLEARED dat=package:tech.gtt.frontapp.stb.demo flg=0x1000010 cmp=com.android.providers.media.module/com.android.providers.media.MediaService (has extras) }
06-12 20:09:11.950 D/MediaProvider( 2559): Deleted 0 Android/media items belonging to tech.gtt.frontapp.stb.demo on /data/user/0/com.android.providers.media.module/databases/external.db
06-12 20:09:11.950 I/MediaProvider( 2559): End Intent { act=android.intent.action.PACKAGE_DATA_CLEARED dat=package:tech.gtt.frontapp.stb.demo flg=0x1000010 cmp=com.android.providers.media.module/com.android.providers.media.MediaService (has extras) }
06-12 20:09:11.978 W/BroadcastQueue( 1925): Skipping deliver [background] BroadcastRecord{98d59f4 u-1 android.net.conn.CONNECTIVITY_CHANGE} to ReceiverList{94fd51d 21010 (unknown name)/0/u-1 remote:d4ddd06}: process gone or crashing
06-12 20:09:11.984 I/ActivityTaskManager( 1925): START u0 {act=android.intent.action.MAIN cat=[android.intent.category.LAUNCHER] flg=0x10200000 cmp=tech.gtt.frontapp.stb.demo/tech.gtt.frontapp.stb.m.home.activity.SplashActivity} from uid 0
06-12 20:09:11.986 W/ActivityTaskManager( 1925): Can't find TaskDisplayArea to determine support for multi window. Task id=42 attached=false
06-12 20:09:11.998 I/Monkey  (21010): Events injected: 1
06-12 20:09:12.003 I/Monkey  (21010): ## Network stats: elapsed time=20ms (0ms mobile, 0ms wifi, 20ms not connected)
06-12 20:09:12.006 I/app_process(21010): System.exit called, status: 0
06-12 20:09:12.006 I/AndroidRuntime(21010): VM exiting with result code 0.
06-12 20:09:12.022 D/CompatibilityChangeReporter( 1925): Compat change id reported: 135634846; UID 10058; state: DISABLED
06-12 20:09:12.024 D/CompatibilityChangeReporter( 1925): Compat change id reported: 143937733; UID 10058; state: ENABLED
06-12 20:09:12.033 D/gralloc_nox( 1767): gralloc_alloc: Creating ashmem region of size 8298496
06-12 20:09:12.070 D/Zygote  ( 1753): Forked child process 21055
06-12 20:09:12.071 I/ActivityManager( 1925): Start proc 21055:tech.gtt.frontapp.stb.demo/u0a58 for pre-top-activity {tech.gtt.frontapp.stb.demo/tech.gtt.frontapp.stb.m.home.activity.SplashActivity}
06-12 20:09:12.075 D/gralloc_nox( 1767): gralloc_alloc: Creating ashmem region of size 8298496
06-12 20:09:12.076 I/Zygote  (21055): seccomp disabled by setenforce 0
06-12 20:09:12.087 W/ontapp.stb.dem(21055): Unexpected CPU variant for X86 using defaults: x86_64
06-12 20:09:12.101 D/ProcessState(21055): Binder ioctl to enable oneway spam detection failed: Invalid argument
06-12 20:09:12.116 D/gralloc_nox( 1767): gralloc_alloc: Creating ashmem region of size 8298496
06-12 20:09:12.143 E/ashmem  (21055): memfd: ro.vndk.version not defined or invalid (), this is mandated since P.
06-12 20:09:12.145 D/CompatibilityChangeReporter(21055): Compat change id reported: 171979766; UID 10058; state: ENABLED
06-12 20:09:12.197 V/GraphicsEnvironment(21055): ANGLE Developer option for 'tech.gtt.frontapp.stb.demo' set to: 'default'
06-12 20:09:12.197 V/GraphicsEnvironment(21055): ANGLE GameManagerService for tech.gtt.frontapp.stb.demo: false
06-12 20:09:12.197 V/GraphicsEnvironment(21055): Neither updatable production driver nor prerelease driver is supported.
06-12 20:09:12.200 D/NetworkSecurityConfig(21055): Using Network Security Config from resource network_security_config debugBuild: false
06-12 20:09:12.200 D/NetworkSecurityConfig(21055): Using Network Security Config from resource network_security_config debugBuild: false
06-12 20:09:12.208 I/MultiDex(21055): VM with version 2.1.0 has multidex support
06-12 20:09:12.208 I/MultiDex(21055): Installing application
06-12 20:09:12.208 I/MultiDex(21055): VM has multidex support, MultiDex support library is disabled.
06-12 20:09:12.208 E/[Package](21055): params: AppConfiguration(vnoId='11026504', brandId='d0k7d3p3kdikth2o3q6g', appId='d0jucrbq6bt4h33c0ma0', sourceId='30006401-31002837', authServers='https://gtt-app-apigateway-lion.vdemosit.com', shareKey='S2kQMgUSugYyMlk5QclHDaF0uDsFnB0oJoFeAFgsKb8=', packageName='tech.gtt.frontapp.stb.demo', appName='Goose TV', appVersionName='v1.0.0', appVersionCode='7', pluginVersionCode='1', pluginVersionName='6.0.0-beta-build5', packageSeq='1', buglyAppId='d76a04165f', buglyKey='13b89b2d-1c12-4c4f-93b8-46e3c2ef9f73', baseVersionCode='20000066', gitTag='2.1.4-beta6', supportLang='en,pt,es', defaultLang='en', bootLoadType='1')
06-12 20:09:12.208 W/System.err(21055): java.lang.ClassNotFoundException: tech.gtt.frontapp.stb.docker.plugin.PluginUtils
06-12 20:09:12.209 W/System.err(21055): 	at java.lang.Class.classForName(Native Method)
06-12 20:09:12.209 W/System.err(21055): 	at java.lang.Class.forName(Class.java:454)
06-12 20:09:12.209 W/System.err(21055): 	at java.lang.Class.forName(Class.java:379)
06-12 20:09:12.209 W/System.err(21055): 	at ot.e.b(SourceFile:3)
06-12 20:09:12.209 W/System.err(21055): 	at tech.gtt.frontapp.stb.app.MainApplication.attachBaseContext(SourceFile:130)
06-12 20:09:12.209 W/System.err(21055): 	at android.app.Application.attach(Application.java:338)
06-12 20:09:12.209 W/System.err(21055): 	at android.app.Instrumentation.newApplication(Instrumentation.java:1190)
06-12 20:09:12.209 W/System.err(21055): 	at android.app.LoadedApk.makeApplication(LoadedApk.java:1361)
06-12 20:09:12.209 W/System.err(21055): 	at android.app.ActivityThread.handleBindApplication(ActivityThread.java:6728)
06-12 20:09:12.209 W/System.err(21055): 	at android.app.ActivityThread.access$1500(ActivityThread.java:256)
06-12 20:09:12.209 W/System.err(21055): 	at android.app.ActivityThread$H.handleMessage(ActivityThread.java:2091)
06-12 20:09:12.209 W/System.err(21055): 	at android.os.Handler.dispatchMessage(Handler.java:106)
06-12 20:09:12.209 W/System.err(21055): 	at android.os.Looper.loopOnce(Looper.java:201)
06-12 20:09:12.209 W/System.err(21055): 	at android.os.Looper.loop(Looper.java:288)
06-12 20:09:12.209 W/System.err(21055): 	at android.app.ActivityThread.main(ActivityThread.java:7875)
06-12 20:09:12.209 W/System.err(21055): 	at java.lang.reflect.Method.invoke(Native Method)
06-12 20:09:12.209 W/System.err(21055): 	at com.android.internal.os.RuntimeInit$MethodAndArgsCaller.run(RuntimeInit.java:568)
06-12 20:09:12.209 W/System.err(21055): 	at com.android.internal.os.ZygoteInit.main(ZygoteInit.java:1005)
06-12 20:09:12.209 W/System.err(21055): Caused by: java.lang.ClassNotFoundException: tech.gtt.frontapp.stb.docker.plugin.PluginUtils
06-12 20:09:12.209 W/System.err(21055): 	... 18 more
06-12 20:09:12.209 E/[Package](21055): isInPluginMode: false
06-12 20:09:12.214 I/CustomActivityOnCrash(21055): CustomActivityOnCrash has been installed.
06-12 20:09:12.217 I/System.out(21055): Modular_Init : a - initialize
06-12 20:09:12.218 I/System.out(21055): Modular_Init : d - initialize
06-12 20:09:12.219 I/System.out(21055): Modular_Init : a - initialize
06-12 20:09:12.219 I/System.out(21055): Modular_Init : a - initialize
06-12 20:09:12.219 D/[CatchupInitModule](21055): init---
06-12 20:09:12.219 I/System.out(21055): Modular_Init : b - initialize
06-12 20:09:12.220 I/System.out(21055): Modular_Init : a - initialize
06-12 20:09:12.220 D/[ReplayInitialize](21055): init---
06-12 20:09:12.221 I/System.out(21055): Modular_Init : a - initialize
06-12 20:09:12.221 D/[LiveInitialize](21055): init---
06-12 20:09:12.222 D/AndroidAutoSize(21055): designWidthInDp = 360, designHeightInDp = 640, screenWidth = 1920, screenHeight = 1080
06-12 20:09:12.223 D/AndroidAutoSize(21055): initDensity = 2.0, initScaledDensity = 2.0
06-12 20:09:12.321 D/AndroidAutoSize(21055): tech.gtt.frontapp.stb.m.home.activity.SplashActivity used the global configuration.
06-12 20:09:12.365 D/AndroidAutoSize(21055): The tech.gtt.frontapp.stb.m.home.activity.SplashActivity has been adapted! 
06-12 20:09:12.365 D/AndroidAutoSize(21055): SplashActivity Info: isBaseOnWidth = true, designWidthInDp = 1920.000000, designWidthInSubunits = 1920.000000, targetDensity = 1.000000, targetScaledDensity = 1.000000, targetDensityDpi = 160, targetXdpi = 1.000000, targetScreenWidthDp = 1920, targetScreenHeightDp = 1032
06-12 20:09:12.419 D/AndroidAutoSize(21055): tech.gtt.frontapp.stb.m.home.activity.SplashActivity used the global configuration.
06-12 20:09:12.419 D/AndroidAutoSize(21055): The tech.gtt.frontapp.stb.m.home.activity.SplashActivity has been adapted! 
06-12 20:09:12.419 D/AndroidAutoSize(21055): SplashActivity Info: isBaseOnWidth = true, designWidthInDp = 1920.000000, designWidthInSubunits = 1920.000000, targetDensity = 1.000000, targetScaledDensity = 1.000000, targetDensityDpi = 160, targetXdpi = 1.000000, targetScreenWidthDp = 1920, targetScreenHeightDp = 1032
06-12 20:09:12.425 I/ActivityTaskManager( 1925): START u0 {act=android.content.pm.action.REQUEST_PERMISSIONS pkg=com.android.permissioncontroller cmp=com.android.permissioncontroller/.permission.ui.GrantPermissionsActivity (has extras)} from uid 10058
06-12 20:09:12.426 D/CompatibilityChangeReporter( 1925): Compat change id reported: 174042980; UID 10053; state: DISABLED
06-12 20:09:12.426 D/CompatibilityChangeReporter( 1925): Compat change id reported: 184838306; UID 10053; state: DISABLED
06-12 20:09:12.427 D/CompatibilityChangeReporter( 1925): Compat change id reported: 185004937; UID 10053; state: DISABLED
06-12 20:09:12.427 D/CompatibilityChangeReporter( 1925): Compat change id reported: 181136395; UID 10053; state: DISABLED
06-12 20:09:12.427 D/CompatibilityChangeReporter( 1925): Compat change id reported: 174042936; UID 10053; state: DISABLED
06-12 20:09:12.442 D/ontapp.stb.dem(21055): createUnique: call
06-12 20:09:12.453 D/ontapp.stb.dem(21055): HostComposition ext GL_OES_EGL_image GL_OES_EGL_image_external GL_OES_depth24 GL_OES_depth32 GL_OES_element_index_uint GL_OES_texture_float GL_OES_texture_float_linear GL_OES_compressed_paletted_texture GL_OES_compressed_ETC1_RGB8_texture GL_OES_depth_texture GL_EXT_texture_format_BGRA8888 GL_APPLE_texture_format_BGRA8888 GL_OES_texture_half_float GL_EXT_robustness GL_OES_texture_half_float_linear GL_OES_packed_depth_stencil GL_OES_vertex_half_float GL_OES_texture_npot GL_OES_rgb8_rgba8 GL_EXT_color_buffer_float GL_EXT_texture_sRGB_decode ANDROID_gles_max_version_3_1 GL_OES_vertex_array_object GL_EXT_texture_buffer GL_EXT_copy_image GL_KHR_texture_compression_astc_ldr GL_KHR_texture_compression_astc_hdr GL_OES_texture_compression_astc GL_OES_EGL_image_external
06-12 20:09:12.454 D/hw-ProcessState(21055): Binder ioctl to enable oneway spam detection failed: Invalid argument
06-12 20:09:12.455 W/OpenGLRenderer(21055): Failed to initialize 101010-2 format, error = EGL_SUCCESS
06-12 20:09:12.455 D/EGL_emulation(21055): rcCreateContext wated version 2.0  rc:4
06-12 20:09:12.470 D/EGL_emulation(21055): eglMakeCurrent: 0x7f53185681f0: ver 3 2 (tinfo 0x7f52985a0330) (first time)
06-12 20:09:12.474 E/HWComposer( 1800): getSupportedContentTypes: getSupportedContentTypes failed for display 0: Unsupported (8)
06-12 20:09:12.475 I/hwservicemanager( 1564): getTransport: Cannot find entry android.hardware.graphics.mapper@4.0::IMapper/default in either framework or device VINTF manifest.
06-12 20:09:12.475 I/Gralloc4(21055): mapper 4.x is not supported
06-12 20:09:12.475 I/hwservicemanager( 1564): getTransport: Cannot find entry android.hardware.graphics.mapper@3.0::IMapper/default in either framework or device VINTF manifest.
06-12 20:09:12.475 W/Gralloc3(21055): mapper 3.x is not supported
06-12 20:09:12.476 I/hwservicemanager( 1564): getTransport: Cannot find entry android.hardware.graphics.allocator@4.0::IAllocator/default in either framework or device VINTF manifest.
06-12 20:09:12.476 W/Gralloc4(21055): allocator 4.x is not supported
06-12 20:09:12.476 I/hwservicemanager( 1564): getTransport: Cannot find entry android.hardware.graphics.allocator@3.0::IAllocator/default in either framework or device VINTF manifest.
06-12 20:09:12.476 W/Gralloc3(21055): allocator 3.x is not supported
06-12 20:09:12.477 D/gralloc_nox( 1767): gralloc_alloc: Creating ashmem region of size 8298496
06-12 20:09:12.479 D/ProcessState(21090): Binder ioctl to enable oneway spam detection failed: Invalid argument
06-12 20:09:12.508 D/ontapp.stb.dem(21055): createUnique: call
06-12 20:09:12.509 D/ontapp.stb.dem(21055): HostComposition ext GL_OES_EGL_image GL_OES_EGL_image_external GL_OES_depth24 GL_OES_depth32 GL_OES_element_index_uint GL_OES_texture_float GL_OES_texture_float_linear GL_OES_compressed_paletted_texture GL_OES_compressed_ETC1_RGB8_texture GL_OES_depth_texture GL_EXT_texture_format_BGRA8888 GL_APPLE_texture_format_BGRA8888 GL_OES_texture_half_float GL_EXT_robustness GL_OES_texture_half_float_linear GL_OES_packed_depth_stencil GL_OES_vertex_half_float GL_OES_texture_npot GL_OES_rgb8_rgba8 GL_EXT_color_buffer_float GL_EXT_texture_sRGB_decode ANDROID_gles_max_version_3_1 GL_OES_vertex_array_object GL_EXT_texture_buffer GL_EXT_copy_image GL_KHR_texture_compression_astc_ldr GL_KHR_texture_compression_astc_hdr GL_OES_texture_compression_astc GL_OES_EGL_image_external
06-12 20:09:12.510 D/gralloc_nox( 1767): gralloc_alloc: Creating ashmem region of size 8298496
06-12 20:09:12.544 D/gralloc_nox( 1767): gralloc_alloc: Creating ashmem region of size 8298496
06-12 20:09:12.614 E/libEGL  (21055): called unimplemented OpenGL ES API
06-12 20:09:12.718 D/CompatibilityChangeReporter(21021): Compat change id reported: 171228096; UID 10053; state: ENABLED
06-12 20:09:12.826 I/ActivityTaskManager( 1925): Displayed com.android.permissioncontroller/.permission.ui.GrantPermissionsActivity: +827ms
06-12 20:09:12.849 D/ProcessState(21107): Binder ioctl to enable oneway spam detection failed: Invalid argument
06-12 20:09:12.884 W/InputManager-JNI( 1925): Input channel object 'fdd86de Splash Screen tech.gtt.frontapp.stb.demo (client)' was disposed without first being removed with the input manager!
06-12 20:09:12.921 D/hw-ProcessState(21021): Binder ioctl to enable oneway spam detection failed: Invalid argument
06-12 20:09:12.923 I/hwservicemanager( 1564): getTransport: Cannot find entry android.hardware.graphics.mapper@4.0::IMapper/default in either framework or device VINTF manifest.
06-12 20:09:12.923 I/Gralloc4(21021): mapper 4.x is not supported
06-12 20:09:12.923 I/hwservicemanager( 1564): getTransport: Cannot find entry android.hardware.graphics.mapper@3.0::IMapper/default in either framework or device VINTF manifest.
06-12 20:09:12.924 W/Gralloc3(21021): mapper 3.x is not supported
06-12 20:09:12.925 I/hwservicemanager( 1564): getTransport: Cannot find entry android.hardware.graphics.allocator@4.0::IAllocator/default in either framework or device VINTF manifest.
06-12 20:09:12.925 W/Gralloc4(21021): allocator 4.x is not supported
06-12 20:09:12.925 I/hwservicemanager( 1564): getTransport: Cannot find entry android.hardware.graphics.allocator@3.0::IAllocator/default in either framework or device VINTF manifest.
06-12 20:09:12.926 W/Gralloc3(21021): allocator 3.x is not supported
06-12 20:09:12.927 D/gralloc_nox( 1767): gralloc_alloc: Creating ashmem region of size 5496832
06-12 20:09:12.944 D/ssioncontrolle(21021): createUnique: call
06-12 20:09:13.003 D/ssioncontrolle(21021): HostComposition ext GL_OES_EGL_image GL_OES_EGL_image_external GL_OES_depth24 GL_OES_depth32 GL_OES_element_index_uint GL_OES_texture_float GL_OES_texture_float_linear GL_OES_compressed_paletted_texture GL_OES_compressed_ETC1_RGB8_texture GL_OES_depth_texture GL_EXT_texture_format_BGRA8888 GL_APPLE_texture_format_BGRA8888 GL_OES_texture_half_float GL_EXT_robustness GL_OES_texture_half_float_linear GL_OES_packed_depth_stencil GL_OES_vertex_half_float GL_OES_texture_npot GL_OES_rgb8_rgba8 GL_EXT_color_buffer_float GL_EXT_texture_sRGB_decode ANDROID_gles_max_version_3_1 GL_OES_vertex_array_object GL_EXT_texture_buffer GL_EXT_copy_image GL_KHR_texture_compression_astc_ldr GL_KHR_texture_compression_astc_hdr GL_OES_texture_compression_astc GL_OES_EGL_image_external
06-12 20:09:13.078 D/gralloc_nox( 1767): gralloc_alloc: Creating ashmem region of size 5496832
06-12 20:09:13.197 D/gralloc_nox( 1767): gralloc_alloc: Creating ashmem region of size 5496832
06-12 20:09:14.999 E/TaskPersister( 1925): File error accessing recents directory (directory doesn't exist?).
06-12 20:09:15.108 D/UIAutomatorStub(20959): URI: /jsonrpc/0, Method: POST, params, {NanoHttpd.QUERY_STRING=null}, files: {postData={"jsonrpc": "2.0", "id": 1, "method": "count", "params": [{"mask": 2097152, "childOrSibling": [], "childOrSiblingSelector": [], "resourceId": "com.android.permissioncontroller:id/permission_allow_button"}]}}
06-12 20:09:15.119 D/UiObject(20959): Waiting 0ms for UiSelector[RESOURCE_ID=com.android.permissioncontroller:id/permission_allow_button].
06-12 20:09:15.120 W/QueryController(20959): Could not detect idle state.
06-12 20:09:15.133 I/QueryController(20959): Matched selector: UiSelector[RESOURCE_ID=com.android.permissioncontroller:id/permission_allow_button] <<==>> [android.view.accessibility.AccessibilityNodeInfo@b9f5; boundsInParent: Rect(0, 0 - 992, 112); boundsInScreen: Rect(464, 557 - 1456, 669); packageName: com.android.permissioncontroller; className: android.widget.Button; text: 允许; error: null; maxTextLength: -1; stateDescription: null; contentDescription: null; tooltipText: null; viewIdResName: com.android.permissioncontroller:id/permission_allow_button; checkable: false; checked: false; focusable: true; focused: false; selected: false; clickable: true; longClickable: false; contextClickable: false; enabled: true; password: false; scrollable: false; importantForAccessibility: true; visible: true; actions: [AccessibilityAction: ACTION_FOCUS - null, AccessibilityAction: ACTION_SELECT - null, AccessibilityAction: ACTION_CLEAR_SELECTION - null, AccessibilityAction: ACTION_CLICK - null, AccessibilityAction: ACTION_ACCESSIBILITY_FOCUS - null, AccessibilityAction: ACTION_NEXT_AT_MOVEMENT_GRANULARITY - null, AccessibilityAction: ACTION_PREVIOUS_AT_MOVEMENT_GRANULARITY - null, AccessibilityAction: ACTION_SET_SELECTION - null, AccessibilityAction: ACTION_SHOW_ON_SCREEN - null]]
06-12 20:09:15.133 D/UiObject(20959): Waiting 0ms for UiSelector[INSTANCE=1, RESOURCE_ID=com.android.permissioncontroller:id/permission_allow_button].
06-12 20:09:15.133 W/QueryController(20959): Could not detect idle state.
06-12 20:09:15.166 D/UIAutomatorStub(20959): URI: /jsonrpc/0, Method: POST, params, {NanoHttpd.QUERY_STRING=null}, files: {postData={"jsonrpc": "2.0", "id": 1, "method": "waitForExists", "params": [{"mask": 2097152, "childOrSibling": [], "childOrSiblingSelector": [], "resourceId": "com.android.permissioncontroller:id/permission_allow_button"}, 20000]}}
06-12 20:09:15.167 D/UiDevice(20959): Waiting 20000ms for SearchCondition[hasObject=BySelector [RES='\Qcom.android.permissioncontroller:id/permission_allow_button\E']].
06-12 20:09:15.167 D/UiDevice(20959): Searching for node with selector: BySelector [RES='\Qcom.android.permissioncontroller:id/permission_allow_button\E'].
06-12 20:09:15.167 W/QueryController(20959): Could not detect idle state.
06-12 20:09:15.205 D/UIAutomatorStub(20959): URI: /jsonrpc/0, Method: POST, params, {NanoHttpd.QUERY_STRING=null}, files: {postData={"jsonrpc": "2.0", "id": 1, "method": "objInfo", "params": [{"mask": 2097152, "childOrSibling": [], "childOrSiblingSelector": [], "resourceId": "com.android.permissioncontroller:id/permission_allow_button"}]}}
06-12 20:09:15.208 D/UiDevice(20959): Retrieving node with selector: BySelector [RES='\Qcom.android.permissioncontroller:id/permission_allow_button\E'].
06-12 20:09:15.213 W/QueryController(20959): Could not detect idle state.
06-12 20:09:15.227 W/QueryController(20959): Could not detect idle state.
06-12 20:09:15.230 W/QueryController(20959): Could not detect idle state.
06-12 20:09:15.233 W/QueryController(20959): Could not detect idle state.
06-12 20:09:15.236 W/QueryController(20959): Could not detect idle state.
06-12 20:09:15.237 W/QueryController(20959): Could not detect idle state.
06-12 20:09:15.243 W/QueryController(20959): Could not detect idle state.
06-12 20:09:15.246 W/QueryController(20959): Could not detect idle state.
06-12 20:09:15.249 W/QueryController(20959): Could not detect idle state.
06-12 20:09:15.251 W/QueryController(20959): Could not detect idle state.
06-12 20:09:15.252 W/QueryController(20959): Could not detect idle state.
06-12 20:09:15.253 W/QueryController(20959): Could not detect idle state.
06-12 20:09:15.255 W/QueryController(20959): Could not detect idle state.
06-12 20:09:15.258 W/QueryController(20959): Could not detect idle state.
06-12 20:09:15.261 W/QueryController(20959): Could not detect idle state.
06-12 20:09:15.263 W/QueryController(20959): Could not detect idle state.
06-12 20:09:15.266 W/QueryController(20959): Could not detect idle state.
06-12 20:09:15.268 W/QueryController(20959): Could not detect idle state.
06-12 20:09:15.307 D/UIAutomatorStub(20959): URI: /jsonrpc/0, Method: POST, params, {NanoHttpd.QUERY_STRING=null}, files: {postData={"jsonrpc": "2.0", "id": 1, "method": "click", "params": [960.0, 613.0]}}
06-12 20:09:15.325 V/DisplayPowerController[0]( 1925): Brightness [0.39763778] reason changing to: 'manual', previous reason: 'manual [ dim ]'.
06-12 20:09:15.340 E/DisplayDeviceConfig( 1925): requesting nits when no mapping exists.
06-12 20:09:15.341 E/DisplayDeviceConfig( 1925): requesting nits when no mapping exists.
06-12 20:09:15.341 I/DropBoxManagerService( 1925): add tag=system_server_wtf isTagEnabled=true flags=0x2
06-12 20:09:15.342 E/LightsService( 1925): Light requested not available on this device. 0
06-12 20:09:15.344 I/DropBoxManagerService( 1925): add tag=system_server_wtf isTagEnabled=true flags=0x2
06-12 20:09:15.357 E/DisplayDeviceConfig( 1925): requesting nits when no mapping exists.
06-12 20:09:15.357 E/DisplayDeviceConfig( 1925): requesting nits when no mapping exists.
06-12 20:09:15.358 I/DropBoxManagerService( 1925): add tag=system_server_wtf isTagEnabled=true flags=0x2
06-12 20:09:15.359 E/LightsService( 1925): Light requested not available on this device. 0
06-12 20:09:15.361 I/DropBoxManagerService( 1925): add tag=system_server_wtf isTagEnabled=true flags=0x2
06-12 20:09:15.374 E/DisplayDeviceConfig( 1925): requesting nits when no mapping exists.
06-12 20:09:15.374 E/DisplayDeviceConfig( 1925): requesting nits when no mapping exists.
06-12 20:09:15.374 I/DropBoxManagerService( 1925): add tag=system_server_wtf isTagEnabled=true flags=0x2
06-12 20:09:15.375 E/LightsService( 1925): Light requested not available on this device. 0
06-12 20:09:15.391 E/DisplayDeviceConfig( 1925): requesting nits when no mapping exists.
06-12 20:09:15.391 E/DisplayDeviceConfig( 1925): requesting nits when no mapping exists.
06-12 20:09:15.395 E/LightsService( 1925): Light requested not available on this device. 0
06-12 20:09:15.409 E/DisplayDeviceConfig( 1925): requesting nits when no mapping exists.
06-12 20:09:15.409 E/DisplayDeviceConfig( 1925): requesting nits when no mapping exists.
06-12 20:09:15.411 E/LightsService( 1925): Light requested not available on this device. 0
06-12 20:09:15.424 E/DisplayDeviceConfig( 1925): requesting nits when no mapping exists.
06-12 20:09:15.424 E/DisplayDeviceConfig( 1925): requesting nits when no mapping exists.
06-12 20:09:15.426 E/LightsService( 1925): Light requested not available on this device. 0
06-12 20:09:15.441 E/DisplayDeviceConfig( 1925): requesting nits when no mapping exists.
06-12 20:09:15.441 E/DisplayDeviceConfig( 1925): requesting nits when no mapping exists.
06-12 20:09:15.443 E/LightsService( 1925): Light requested not available on this device. 0
06-12 20:09:15.465 E/DisplayDeviceConfig( 1925): requesting nits when no mapping exists.
06-12 20:09:15.465 E/DisplayDeviceConfig( 1925): requesting nits when no mapping exists.
06-12 20:09:15.466 E/LightsService( 1925): Light requested not available on this device. 0
06-12 20:09:15.474 E/DisplayDeviceConfig( 1925): requesting nits when no mapping exists.
06-12 20:09:15.477 E/DisplayDeviceConfig( 1925): requesting nits when no mapping exists.
06-12 20:09:15.488 E/LightsService( 1925): Light requested not available on this device. 0
06-12 20:09:15.489 E/DisplayDeviceConfig( 1925): requesting nits when no mapping exists.
06-12 20:09:15.493 E/DisplayDeviceConfig( 1925): requesting nits when no mapping exists.
06-12 20:09:15.496 E/LightsService( 1925): Light requested not available on this device. 0
06-12 20:09:15.508 E/DisplayDeviceConfig( 1925): requesting nits when no mapping exists.
06-12 20:09:15.508 E/DisplayDeviceConfig( 1925): requesting nits when no mapping exists.
06-12 20:09:15.509 E/LightsService( 1925): Light requested not available on this device. 0
06-12 20:09:15.525 E/DisplayDeviceConfig( 1925): requesting nits when no mapping exists.
06-12 20:09:15.528 E/DisplayDeviceConfig( 1925): requesting nits when no mapping exists.
06-12 20:09:15.531 E/LightsService( 1925): Light requested not available on this device. 0
06-12 20:09:15.540 E/DisplayDeviceConfig( 1925): requesting nits when no mapping exists.
06-12 20:09:15.541 E/DisplayDeviceConfig( 1925): requesting nits when no mapping exists.
06-12 20:09:15.545 E/LightsService( 1925): Light requested not available on this device. 0
06-12 20:09:15.559 E/DisplayDeviceConfig( 1925): requesting nits when no mapping exists.
06-12 20:09:15.561 E/DisplayDeviceConfig( 1925): requesting nits when no mapping exists.
06-12 20:09:15.564 E/LightsService( 1925): Light requested not available on this device. 0
06-12 20:09:15.569 V/GrantPermissionsViewModel(21021): Logged buttons presented and clicked permissionGroupName=android.permission-group.STORAGE uid=10058 selectedLocations=0 package=tech.gtt.frontapp.stb.demo presentedButtons=9 clickedButton=1 sessionId=1964794124750640135 targetSdk=35
06-12 20:09:15.577 I/MediaProvider( 2559): Invalidating LocalCallingIdentity cache for package tech.gtt.frontapp.stb.demo. Reason: op android:read_external_storage
06-12 20:09:15.579 V/GrantPermissionsViewModel(21021): Permission grant result requestId=1964794124750640135 callingUid=10058 callingPackage=tech.gtt.frontapp.stb.demo permission=android.permission.READ_EXTERNAL_STORAGE isImplicit=false result=4
06-12 20:09:15.580 I/MediaProvider( 2559): Invalidating LocalCallingIdentity cache for package tech.gtt.frontapp.stb.demo. Reason: op android:read_external_storage
06-12 20:09:15.580 E/DisplayDeviceConfig( 1925): requesting nits when no mapping exists.
06-12 20:09:15.580 E/DisplayDeviceConfig( 1925): requesting nits when no mapping exists.
06-12 20:09:15.581 E/LightsService( 1925): Light requested not available on this device. 0
06-12 20:09:15.585 D/gralloc_nox( 1767): gralloc_alloc: Creating ashmem region of size 8298496
06-12 20:09:15.618 E/android.hardware.audio.service( 1756): pcm_open called create stream faild
06-12 20:09:15.647 W/ndroid.launche( 2387): Reducing the number of considered missed Gc histogram windows from 103 to 100
06-12 20:09:15.814 D/CompatibilityChangeReporter(21055): Compat change id reported: 78294732; UID 10058; state: ENABLED
06-12 20:09:15.817 I/b       (21055): freeSpace : 116667MB
06-12 20:09:15.930 D/ProcessState(21124): Binder ioctl to enable oneway spam detection failed: Invalid argument
06-12 20:09:15.990 D/ConnectivityService( 1925): NetReassign [no changes]
06-12 20:09:16.012 V/GSK     (21055): StorageServiceImpl initialization() executed in 1 ms.
06-12 20:09:16.016 V/GSK     (21055): SecurityServiceImpl initialization() executed in 3 ms.
06-12 20:09:16.133 W/System.err(21055): SLF4J(W): No SLF4J providers were found.
06-12 20:09:16.134 W/System.err(21055): SLF4J(W): Defaulting to no-operation (NOP) logger implementation
06-12 20:09:16.134 W/System.err(21055): SLF4J(W): See https://www.slf4j.org/codes.html#noProviders for further details.
06-12 20:09:16.197 W/InputManager-JNI( 1925): Input channel object '28fc0ee com.android.permissioncontroller/com.android.permissioncontroller.permission.ui.GrantPermissionsActivity (client)' was disposed without first being removed with the input manager!
06-12 20:09:16.207 W/SurfaceFlinger( 1800): couldn't log to binary event log: overflow.
06-12 20:09:16.214 W/System.err(21055): kotlinx.serialization.json.internal.JsonDecodingException: Expected start of the object '{', but had 'EOF' instead at path: $
06-12 20:09:16.214 W/System.err(21055): JSON input: 
06-12 20:09:16.214 W/System.err(21055): 	at kotlinx.serialization.json.internal.JsonExceptionsKt.JsonDecodingException(SourceFile:1)
06-12 20:09:16.214 W/System.err(21055): 	at kotlinx.serialization.json.internal.JsonExceptionsKt.JsonDecodingException(SourceFile:2)
06-12 20:09:16.214 W/System.err(21055): 	at kotlinx.serialization.json.internal.AbstractJsonLexer.fail(SourceFile:52)
06-12 20:09:16.214 W/System.err(21055): 	at kotlinx.serialization.json.internal.AbstractJsonLexer.fail$default(SourceFile:15)
06-12 20:09:16.214 W/System.err(21055): 	at kotlinx.serialization.json.internal.AbstractJsonLexer.unexpectedToken(SourceFile:103)
06-12 20:09:16.214 W/System.err(21055): 	at kotlinx.serialization.json.internal.StringJsonLexer.consumeNextToken(SourceFile:16)
06-12 20:09:16.214 W/System.err(21055): 	at kotlinx.serialization.json.internal.StreamingJsonDecoder.beginStructure(SourceFile:23)
06-12 20:09:16.214 W/System.err(21055): 	at tech.gtt.frontapp.servicesdk.common.service.utility.apis.e2ee.E2eeConfigResponse$$serializer.deserialize(SourceFile:2)
06-12 20:09:16.214 W/System.err(21055): 	at tech.gtt.frontapp.servicesdk.common.service.utility.apis.e2ee.E2eeConfigResponse$$serializer.deserialize(SourceFile:1)
06-12 20:09:16.214 W/System.err(21055): 	at kotlinx.serialization.json.internal.StreamingJsonDecoder.decodeSerializableValue(SourceFile:320)
06-12 20:09:16.214 W/System.err(21055): 	at kotlinx.serialization.json.Json.decodeFromString(SourceFile:3)
06-12 20:09:16.214 W/System.err(21055): 	at tech.gtt.frontapp.servicesdk.common.service.utility.apis.e2ee.E2eeManager.syncE2eeConfig(SourceFile:74)
06-12 20:09:16.214 W/System.err(21055): 	at tech.gtt.frontapp.servicesdk.common.service.utility.apis.ApiUtilServiceImpl.onServiceInit(SourceFile:228)
06-12 20:09:16.214 W/System.err(21055): 	at tech.gtt.frontapp.servicesdk.common.core.ServiceSDKImpl.executeServiceInitialize(SourceFile:372)
06-12 20:09:16.214 W/System.err(21055): 	at tech.gtt.frontapp.servicesdk.common.core.ServiceSDKImpl.access$executeServiceInitialize(SourceFile:1)
06-12 20:09:16.214 W/System.err(21055): 	at tech.gtt.frontapp.servicesdk.common.core.ServiceSDKImpl$init$1.invokeSuspend(SourceFile:178)
06-12 20:09:16.214 W/System.err(21055): 	at tech.gtt.frontapp.servicesdk.common.core.ServiceSDKImpl$init$1.invoke(SourceFile:2)
06-12 20:09:16.214 W/System.err(21055): 	at tech.gtt.frontapp.servicesdk.common.core.ServiceSDKImpl$init$1.invoke(SourceFile:1)
06-12 20:09:16.214 W/System.err(21055): 	at kotlinx.coroutines.flow.SafeFlow.collectSafely(SourceFile:3)
06-12 20:09:16.214 W/System.err(21055): 	at kotlinx.coroutines.flow.AbstractFlow.collect(SourceFile:70)
06-12 20:09:16.214 W/System.err(21055): 	at tech.gtt.frontapp.servicesdk.common.core.SDKSetup$build$1.invokeSuspend(SourceFile:42)
06-12 20:09:16.214 W/System.err(21055): 	at tech.gtt.frontapp.servicesdk.common.core.SDKSetup$build$1.invoke(SourceFile:2)
06-12 20:09:16.214 W/System.err(21055): 	at tech.gtt.frontapp.servicesdk.common.core.SDKSetup$build$1.invoke(SourceFile:1)
06-12 20:09:16.214 W/System.err(21055): 	at tech.gtt.frontapp.servicesdk.common.core.Scheduler$scheduleDirect$1.invokeSuspend(SourceFile:61)
06-12 20:09:16.214 W/System.err(21055): 	at lh.a.resumeWith(SourceFile:14)
06-12 20:09:16.214 W/System.err(21055): 	at kotlinx.coroutines.DispatchedTask.run(SourceFile:123)
06-12 20:09:16.214 W/System.err(21055): 	at kotlinx.coroutines.internal.LimitedDispatcher$Worker.run(SourceFile:4)
06-12 20:09:16.214 W/System.err(21055): 	at kotlinx.coroutines.scheduling.TaskImpl.run(SourceFile:3)
06-12 20:09:16.214 W/System.err(21055): 	at kotlinx.coroutines.scheduling.CoroutineScheduler.runSafely(SourceFile:1)
06-12 20:09:16.214 W/System.err(21055): 	at kotlinx.coroutines.scheduling.CoroutineScheduler$Worker.executeTask(SourceFile:34)
06-12 20:09:16.214 W/System.err(21055): 	at kotlinx.coroutines.scheduling.CoroutineScheduler$Worker.runWorker(SourceFile:29)
06-12 20:09:16.214 W/System.err(21055): 	at kotlinx.coroutines.scheduling.CoroutineScheduler$Worker.run(SourceFile:1)
06-12 20:09:16.233 W/System.err(21055): java.io.FileNotFoundException: sys/class/sunxi_info/sys_info: open failed: ENOENT (No such file or directory)
06-12 20:09:16.233 W/System.err(21055): 	at libcore.io.IoBridge.open(IoBridge.java:575)
06-12 20:09:16.233 W/System.err(21055): 	at java.io.FileInputStream.<init>(FileInputStream.java:160)
06-12 20:09:16.233 W/System.err(21055): 	at java.io.FileInputStream.<init>(FileInputStream.java:115)
06-12 20:09:16.233 W/System.err(21055): 	at ip.b.b(SourceFile:5)
06-12 20:09:16.233 W/System.err(21055): 	at ip.b.a(SourceFile:155)
06-12 20:09:16.233 W/System.err(21055): 	at ip.a.invoke(SourceFile:589)
06-12 20:09:16.233 W/System.err(21055): 	at dh.v.getValue(SourceFile:21)
06-12 20:09:16.233 W/System.err(21055): 	at tech.gtt.frontapp.servicesdk.common.network.interceptor.params.ApiDeviceParams.handleFixedParams(SourceFile:52)
06-12 20:09:16.233 W/System.err(21055): 	at tech.gtt.frontapp.servicesdk.common.service.utility.apis.IParamsGetter.toMaps(SourceFile:87)
06-12 20:09:16.233 W/System.err(21055): 	at tech.gtt.frontapp.servicesdk.common.network.interceptor.DefaultParamsInterceptor.onRequest(SourceFile:127)
06-12 20:09:16.233 W/System.err(21055): 	at tech.gtt.frontapp.servicesdk.common.network.interceptor.SDKInterceptorsPluginKt$setupRequestInterception$1.invokeSuspend(SourceFile:103)
06-12 20:09:16.233 W/System.err(21055): 	at tech.gtt.frontapp.servicesdk.common.network.interceptor.SDKInterceptorsPluginKt$setupRequestInterception$1.invoke(SourceFile:1)
06-12 20:09:16.233 W/System.err(21055): 	at tech.gtt.frontapp.servicesdk.common.network.interceptor.SDKInterceptorsPluginKt$setupRequestInterception$1.invoke(SourceFile:2)
06-12 20:09:16.233 W/System.err(21055): 	at io.ktor.util.pipeline.DebugPipelineContext.proceedLoop(SourceFile:86)
06-12 20:09:16.233 W/System.err(21055): 	at io.ktor.util.pipeline.DebugPipelineContext.proceed(SourceFile:26)
06-12 20:09:16.234 W/System.err(21055): 	at io.ktor.client.plugins.RequestError$install$1.invokeSuspend(SourceFile:47)
06-12 20:09:16.234 W/System.err(21055): 	at io.ktor.client.plugins.RequestError$install$1.invoke(SourceFile:1)
06-12 20:09:16.234 W/System.err(21055): 	at io.ktor.client.plugins.RequestError$install$1.invoke(SourceFile:2)
06-12 20:09:16.234 W/System.err(21055): 	at io.ktor.util.pipeline.DebugPipelineContext.proceedLoop(SourceFile:86)
06-12 20:09:16.234 W/System.err(21055): 	at io.ktor.util.pipeline.DebugPipelineContext.proceed(SourceFile:26)
06-12 20:09:16.234 W/System.err(21055): 	at io.ktor.client.plugins.SetupRequestContext$install$1.invokeSuspend$proceed(SourceFile:1)
06-12 20:09:16.234 W/System.err(21055): 	at io.ktor.client.plugins.SetupRequestContext$install$1.access$invokeSuspend$proceed(SourceFile:1)
06-12 20:09:16.234 W/System.err(21055): 	at io.ktor.client.plugins.SetupRequestContext$install$1$1.invoke(SourceFile:2)
06-12 20:09:16.234 W/System.err(21055): 	at io.ktor.client.plugins.SetupRequestContext$install$1$1.invoke(SourceFile:1)
06-12 20:09:16.234 W/System.err(21055): 	at io.ktor.client.plugins.HttpRequestLifecycleKt$HttpRequestLifecycle$1$1.invokeSuspend(SourceFile:78)
06-12 20:09:16.234 W/System.err(21055): 	at io.ktor.client.plugins.HttpRequestLifecycleKt$HttpRequestLifecycle$1$1.invoke(SourceFile:1)
06-12 20:09:16.234 W/System.err(21055): 	at io.ktor.client.plugins.HttpRequestLifecycleKt$HttpRequestLifecycle$1$1.invoke(SourceFile:2)
06-12 20:09:16.234 W/System.err(21055): 	at io.ktor.client.plugins.SetupRequestContext$install$1.invokeSuspend(SourceFile:42)
06-12 20:09:16.234 W/System.err(21055): 	at io.ktor.client.plugins.SetupRequestContext$install$1.invoke(SourceFile:1)
06-12 20:09:16.234 W/System.err(21055): 	at io.ktor.client.plugins.SetupRequestContext$install$1.invoke(SourceFile:2)
06-12 20:09:16.234 W/System.err(21055): 	at io.ktor.util.pipeline.DebugPipelineContext.proceedLoop(SourceFile:86)
06-12 20:09:16.234 W/System.err(21055): 	at io.ktor.util.pipeline.DebugPipelineContext.proceed(SourceFile:26)
06-12 20:09:16.234 W/System.err(21055): 	at io.ktor.util.pipeline.DebugPipelineContext.execute$ktor_utils(SourceFile:7)
06-12 20:09:16.234 W/System.err(21055): 	at io.ktor.util.pipeline.Pipeline.execute(SourceFile:9)
06-12 20:09:16.234 W/System.err(21055): 	at io.ktor.client.HttpClient.execute$ktor_client_core(SourceFile:68)
06-12 20:09:16.234 W/System.err(21055): 	at io.ktor.client.statement.HttpStatement.fetchResponse(SourceFile:90)
06-12 20:09:16.234 W/System.err(21055): 	at io.ktor.client.statement.HttpStatement.execute(SourceFile:9)
06-12 20:09:16.234 W/System.err(21055): 	at de.jensklingenberg.ktorfit.internal.KtorfitConverterHelper.suspendRequest(SourceFile:127)
06-12 20:09:16.234 W/System.err(21055): 	at de.jensklingenberg.ktorfit.internal.KtorfitConverterHelper$request$1$1.invokeSuspend(SourceFile:58)
06-12 20:09:16.234 W/System.err(21055): 	at de.jensklingenberg.ktorfit.internal.KtorfitConverterHelper$request$1$1.invoke(SourceFile:2)
06-12 20:09:16.234 W/System.err(21055): 	at de.jensklingenberg.ktorfit.internal.KtorfitConverterHelper$request$1$1.invoke(SourceFile:1)
06-12 20:09:16.234 W/System.err(21055): 	at de.jensklingenberg.ktorfit.converter.FlowConverterFactory$responseConverter$1$convert$1.invokeSuspend(SourceFile:84)
06-12 20:09:16.234 W/System.err(21055): 	at de.jensklingenberg.ktorfit.converter.FlowConverterFactory$responseConverter$1$convert$1.invoke(SourceFile:2)
06-12 20:09:16.234 W/System.err(21055): 	at de.jensklingenberg.ktorfit.converter.FlowConverterFactory$responseConverter$1$convert$1.invoke(SourceFile:1)
06-12 20:09:16.234 W/System.err(21055): 	at kotlinx.coroutines.flow.SafeFlow.collectSafely(SourceFile:3)
06-12 20:09:16.234 W/System.err(21055): 	at kotlinx.coroutines.flow.AbstractFlow.collect(SourceFile:70)
06-12 20:09:16.234 W/System.err(21055): 	at kotlinx.coroutines.flow.FlowKt__MergeKt$flatMapConcat$$inlined$map$1.collect(SourceFile:10)
06-12 20:09:16.234 W/System.err(21055): 	at kotlinx.coroutines.flow.FlowKt__MergeKt$flattenConcat$$inlined$unsafeFlow$1.collect(SourceFile:8)
06-12 20:09:16.234 W/System.err(21055): 	at kotlinx.coroutines.flow.FlowKt__CollectKt.collect(SourceFile:1)
06-12 20:09:16.234 W/System.err(21055): 	at kotlinx.coroutines.flow.FlowKt.collect(SourceFile:1)
06-12 20:09:16.234 W/System.err(21055): 	at tech.gtt.frontapp.servicesdk.common.service.utility.apis.ApiUtilServiceImpl.onServiceInit(SourceFile:240)
06-12 20:09:16.234 W/System.err(21055): 	at tech.gtt.frontapp.servicesdk.common.core.ServiceSDKImpl.executeServiceInitialize(SourceFile:372)
06-12 20:09:16.234 W/System.err(21055): 	at tech.gtt.frontapp.servicesdk.common.core.ServiceSDKImpl.access$executeServiceInitialize(SourceFile:1)
06-12 20:09:16.234 W/System.err(21055): 	at tech.gtt.frontapp.servicesdk.common.core.ServiceSDKImpl$init$1.invokeSuspend(SourceFile:178)
06-12 20:09:16.234 W/System.err(21055): 	at tech.gtt.frontapp.servicesdk.common.core.ServiceSDKImpl$init$1.invoke(SourceFile:2)
06-12 20:09:16.234 W/System.err(21055): 	at tech.gtt.frontapp.servicesdk.common.core.ServiceSDKImpl$init$1.invoke(SourceFile:1)
06-12 20:09:16.234 W/System.err(21055): 	at kotlinx.coroutines.flow.SafeFlow.collectSafely(SourceFile:3)
06-12 20:09:16.234 W/System.err(21055): 	at kotlinx.coroutines.flow.AbstractFlow.collect(SourceFile:70)
06-12 20:09:16.234 W/System.err(21055): 	at tech.gtt.frontapp.servicesdk.common.core.SDKSetup$build$1.invokeSuspend(SourceFile:42)
06-12 20:09:16.234 W/System.err(21055): 	at tech.gtt.frontapp.servicesdk.common.core.SDKSetup$build$1.invoke(SourceFile:2)
06-12 20:09:16.234 W/System.err(21055): 	at tech.gtt.frontapp.servicesdk.common.core.SDKSetup$build$1.invoke(SourceFile:1)
06-12 20:09:16.234 W/System.err(21055): 	at tech.gtt.frontapp.servicesdk.common.core.Scheduler$scheduleDirect$1.invokeSuspend(SourceFile:61)
06-12 20:09:16.234 W/System.err(21055): 	at lh.a.resumeWith(SourceFile:14)
06-12 20:09:16.234 W/System.err(21055): 	at kotlinx.coroutines.DispatchedTask.run(SourceFile:123)
06-12 20:09:16.234 W/System.err(21055): 	at kotlinx.coroutines.internal.LimitedDispatcher$Worker.run(SourceFile:4)
06-12 20:09:16.234 W/System.err(21055): 	at kotlinx.coroutines.scheduling.TaskImpl.run(SourceFile:3)
06-12 20:09:16.234 W/System.err(21055): 	at kotlinx.coroutines.scheduling.CoroutineScheduler.runSafely(SourceFile:1)
06-12 20:09:16.234 W/System.err(21055): 	at kotlinx.coroutines.scheduling.CoroutineScheduler$Worker.executeTask(SourceFile:34)
06-12 20:09:16.234 W/System.err(21055): 	at kotlinx.coroutines.scheduling.CoroutineScheduler$Worker.runWorker(SourceFile:29)
06-12 20:09:16.234 W/System.err(21055): 	at kotlinx.coroutines.scheduling.CoroutineScheduler$Worker.run(SourceFile:1)
06-12 20:09:16.234 W/System.err(21055): Caused by: android.system.ErrnoException: open failed: ENOENT (No such file or directory)
06-12 20:09:16.234 W/System.err(21055): 	at libcore.io.Linux.open(Native Method)
06-12 20:09:16.234 W/System.err(21055): 	at libcore.io.ForwardingOs.open(ForwardingOs.java:567)
06-12 20:09:16.234 W/System.err(21055): 	at libcore.io.BlockGuardOs.open(BlockGuardOs.java:273)
06-12 20:09:16.234 W/System.err(21055): 	at libcore.io.ForwardingOs.open(ForwardingOs.java:567)
06-12 20:09:16.234 W/System.err(21055): 	at android.app.ActivityThread$AndroidOs.open(ActivityThread.java:7761)
06-12 20:09:16.234 W/System.err(21055): 	at libcore.io.IoBridge.open(IoBridge.java:561)
06-12 20:09:16.234 W/System.err(21055): 	... 69 more
06-12 20:09:16.235 W/System.err(21055): java.io.FileNotFoundException: sys/class/sunxi_info/sys_info: open failed: ENOENT (No such file or directory)
06-12 20:09:16.235 W/System.err(21055): 	at libcore.io.IoBridge.open(IoBridge.java:575)
06-12 20:09:16.235 W/System.err(21055): 	at java.io.FileInputStream.<init>(FileInputStream.java:160)
06-12 20:09:16.235 W/System.err(21055): 	at java.io.FileInputStream.<init>(FileInputStream.java:115)
06-12 20:09:16.235 W/System.err(21055): 	at ip.b.b(SourceFile:5)
06-12 20:09:16.235 W/System.err(21055): 	at ip.b.a(SourceFile:155)
06-12 20:09:16.235 W/System.err(21055): 	at ip.a.invoke(SourceFile:127)
06-12 20:09:16.235 W/System.err(21055): 	at dh.v.getValue(SourceFile:21)
06-12 20:09:16.235 W/System.err(21055): 	at tech.gtt.frontapp.servicesdk.common.network.interceptor.params.ApiDeviceParams.handleFixedParams(SourceFile:65)
06-12 20:09:16.235 W/System.err(21055): 	at tech.gtt.frontapp.servicesdk.common.service.utility.apis.IParamsGetter.toMaps(SourceFile:87)
06-12 20:09:16.235 W/System.err(21055): 	at tech.gtt.frontapp.servicesdk.common.network.interceptor.DefaultParamsInterceptor.onRequest(SourceFile:127)
06-12 20:09:16.235 W/System.err(21055): 	at tech.gtt.frontapp.servicesdk.common.network.interceptor.SDKInterceptorsPluginKt$setupRequestInterception$1.invokeSuspend(SourceFile:103)
06-12 20:09:16.235 W/System.err(21055): 	at tech.gtt.frontapp.servicesdk.common.network.interceptor.SDKInterceptorsPluginKt$setupRequestInterception$1.invoke(SourceFile:1)
06-12 20:09:16.235 W/System.err(21055): 	at tech.gtt.frontapp.servicesdk.common.network.interceptor.SDKInterceptorsPluginKt$setupRequestInterception$1.invoke(SourceFile:2)
06-12 20:09:16.235 W/System.err(21055): 	at io.ktor.util.pipeline.DebugPipelineContext.proceedLoop(SourceFile:86)
06-12 20:09:16.235 W/System.err(21055): 	at io.ktor.util.pipeline.DebugPipelineContext.proceed(SourceFile:26)
06-12 20:09:16.235 W/System.err(21055): 	at io.ktor.client.plugins.RequestError$install$1.invokeSuspend(SourceFile:47)
