06-12 19:48:00.576 D/UiDevice(17581): Searching for node with selector: BySelector [RES='\Qtech.gtt.frontapp.stb.demo:id/account_login_tv2\E'].
06-12 19:48:00.577 W/QueryController(17581): Could not detect idle state.
06-12 19:48:00.681 D/UiDevice(17581): Searching for node with selector: BySelector [RES='\Qtech.gtt.frontapp.stb.demo:id/account_login_tv2\E'].
06-12 19:48:00.681 W/QueryController(17581): Could not detect idle state.
06-12 19:48:00.785 D/UiDevice(17581): Searching for node with selector: BySelector [RES='\Qtech.gtt.frontapp.stb.demo:id/account_login_tv2\E'].
06-12 19:48:00.790 W/QueryController(17581): Could not detect idle state.
06-12 19:48:00.906 D/UiDevice(17581): Searching for node with selector: BySelector [RES='\Qtech.gtt.frontapp.stb.demo:id/account_login_tv2\E'].
06-12 19:48:00.906 W/QueryController(17581): Could not detect idle state.
06-12 19:48:01.009 D/UiDevice(17581): Searching for node with selector: BySelector [RES='\Qtech.gtt.frontapp.stb.demo:id/account_login_tv2\E'].
06-12 19:48:01.010 W/QueryController(17581): Could not detect idle state.
06-12 19:48:01.115 D/UiDevice(17581): Searching for node with selector: BySelector [RES='\Qtech.gtt.frontapp.stb.demo:id/account_login_tv2\E'].
06-12 19:48:01.115 W/QueryController(17581): Could not detect idle state.
06-12 19:48:01.224 D/UiDevice(17581): Searching for node with selector: BySelector [RES='\Qtech.gtt.frontapp.stb.demo:id/account_login_tv2\E'].
06-12 19:48:01.226 W/QueryController(17581): Could not detect idle state.
06-12 19:48:01.333 D/UiDevice(17581): Searching for node with selector: BySelector [RES='\Qtech.gtt.frontapp.stb.demo:id/account_login_tv2\E'].
06-12 19:48:01.334 W/QueryController(17581): Could not detect idle state.
06-12 19:48:01.436 D/UiDevice(17581): Searching for node with selector: BySelector [RES='\Qtech.gtt.frontapp.stb.demo:id/account_login_tv2\E'].
06-12 19:48:01.436 W/QueryController(17581): Could not detect idle state.
06-12 19:48:01.539 D/UiDevice(17581): Searching for node with selector: BySelector [RES='\Qtech.gtt.frontapp.stb.demo:id/account_login_tv2\E'].
06-12 19:48:01.539 W/QueryController(17581): Could not detect idle state.
06-12 19:48:01.643 D/UiDevice(17581): Searching for node with selector: BySelector [RES='\Qtech.gtt.frontapp.stb.demo:id/account_login_tv2\E'].
06-12 19:48:01.644 W/QueryController(17581): Could not detect idle state.
06-12 19:48:01.754 D/UiDevice(17581): Searching for node with selector: BySelector [RES='\Qtech.gtt.frontapp.stb.demo:id/account_login_tv2\E'].
06-12 19:48:01.755 W/QueryController(17581): Could not detect idle state.
06-12 19:48:01.858 D/UiDevice(17581): Searching for node with selector: BySelector [RES='\Qtech.gtt.frontapp.stb.demo:id/account_login_tv2\E'].
06-12 19:48:01.859 W/QueryController(17581): Could not detect idle state.
06-12 19:48:01.964 D/UiDevice(17581): Searching for node with selector: BySelector [RES='\Qtech.gtt.frontapp.stb.demo:id/account_login_tv2\E'].
06-12 19:48:01.965 W/QueryController(17581): Could not detect idle state.
06-12 19:48:02.070 D/UiDevice(17581): Searching for node with selector: BySelector [RES='\Qtech.gtt.frontapp.stb.demo:id/account_login_tv2\E'].
06-12 19:48:02.070 W/QueryController(17581): Could not detect idle state.
06-12 19:48:02.173 D/UiDevice(17581): Searching for node with selector: BySelector [RES='\Qtech.gtt.frontapp.stb.demo:id/account_login_tv2\E'].
06-12 19:48:02.173 W/QueryController(17581): Could not detect idle state.
06-12 19:48:02.278 D/UiDevice(17581): Searching for node with selector: BySelector [RES='\Qtech.gtt.frontapp.stb.demo:id/account_login_tv2\E'].
06-12 19:48:02.278 W/QueryController(17581): Could not detect idle state.
06-12 19:48:02.384 D/UiDevice(17581): Searching for node with selector: BySelector [RES='\Qtech.gtt.frontapp.stb.demo:id/account_login_tv2\E'].
06-12 19:48:02.384 W/QueryController(17581): Could not detect idle state.
06-12 19:48:02.487 D/UiDevice(17581): Searching for node with selector: BySelector [RES='\Qtech.gtt.frontapp.stb.demo:id/account_login_tv2\E'].
06-12 19:48:02.488 W/QueryController(17581): Could not detect idle state.
06-12 19:48:02.591 D/UiDevice(17581): Searching for node with selector: BySelector [RES='\Qtech.gtt.frontapp.stb.demo:id/account_login_tv2\E'].
06-12 19:48:02.591 W/QueryController(17581): Could not detect idle state.
06-12 19:48:02.696 D/UiDevice(17581): Searching for node with selector: BySelector [RES='\Qtech.gtt.frontapp.stb.demo:id/account_login_tv2\E'].
06-12 19:48:02.696 W/QueryController(17581): Could not detect idle state.
06-12 19:48:02.799 D/UiDevice(17581): Searching for node with selector: BySelector [RES='\Qtech.gtt.frontapp.stb.demo:id/account_login_tv2\E'].
06-12 19:48:02.799 W/QueryController(17581): Could not detect idle state.
06-12 19:48:02.902 D/UiDevice(17581): Searching for node with selector: BySelector [RES='\Qtech.gtt.frontapp.stb.demo:id/account_login_tv2\E'].
06-12 19:48:02.903 W/QueryController(17581): Could not detect idle state.
06-12 19:48:03.015 D/UiDevice(17581): Searching for node with selector: BySelector [RES='\Qtech.gtt.frontapp.stb.demo:id/account_login_tv2\E'].
06-12 19:48:03.015 W/QueryController(17581): Could not detect idle state.
06-12 19:48:03.119 D/UiDevice(17581): Searching for node with selector: BySelector [RES='\Qtech.gtt.frontapp.stb.demo:id/account_login_tv2\E'].
06-12 19:48:03.120 W/QueryController(17581): Could not detect idle state.
06-12 19:48:03.223 D/UiDevice(17581): Searching for node with selector: BySelector [RES='\Qtech.gtt.frontapp.stb.demo:id/account_login_tv2\E'].
06-12 19:48:03.223 W/QueryController(17581): Could not detect idle state.
06-12 19:48:03.326 D/UiDevice(17581): Searching for node with selector: BySelector [RES='\Qtech.gtt.frontapp.stb.demo:id/account_login_tv2\E'].
06-12 19:48:03.326 W/QueryController(17581): Could not detect idle state.
06-12 19:48:03.415 E/TaskPersister( 1925): File error accessing recents directory (directory doesn't exist?).
06-12 19:48:03.429 D/UiDevice(17581): Searching for node with selector: BySelector [RES='\Qtech.gtt.frontapp.stb.demo:id/account_login_tv2\E'].
06-12 19:48:03.429 W/QueryController(17581): Could not detect idle state.
06-12 19:48:03.534 D/UiDevice(17581): Searching for node with selector: BySelector [RES='\Qtech.gtt.frontapp.stb.demo:id/account_login_tv2\E'].
06-12 19:48:03.534 W/QueryController(17581): Could not detect idle state.
06-12 19:48:03.637 D/UiDevice(17581): Searching for node with selector: BySelector [RES='\Qtech.gtt.frontapp.stb.demo:id/account_login_tv2\E'].
06-12 19:48:03.639 W/QueryController(17581): Could not detect idle state.
06-12 19:48:03.753 D/UiDevice(17581): Searching for node with selector: BySelector [RES='\Qtech.gtt.frontapp.stb.demo:id/account_login_tv2\E'].
06-12 19:48:03.754 W/QueryController(17581): Could not detect idle state.
06-12 19:48:03.857 D/UiDevice(17581): Searching for node with selector: BySelector [RES='\Qtech.gtt.frontapp.stb.demo:id/account_login_tv2\E'].
06-12 19:48:03.857 W/QueryController(17581): Could not detect idle state.
06-12 19:48:03.960 D/UiDevice(17581): Searching for node with selector: BySelector [RES='\Qtech.gtt.frontapp.stb.demo:id/account_login_tv2\E'].
06-12 19:48:03.960 W/QueryController(17581): Could not detect idle state.
06-12 19:48:04.036 I/keystore2( 1707): keystore2::watchdog: Watchdog thread idle -> terminating. Have a great day.
06-12 19:48:04.063 D/UiDevice(17581): Searching for node with selector: BySelector [RES='\Qtech.gtt.frontapp.stb.demo:id/account_login_tv2\E'].
06-12 19:48:04.063 W/QueryController(17581): Could not detect idle state.
06-12 19:48:04.166 D/UiDevice(17581): Searching for node with selector: BySelector [RES='\Qtech.gtt.frontapp.stb.demo:id/account_login_tv2\E'].
06-12 19:48:04.167 W/QueryController(17581): Could not detect idle state.
06-12 19:48:04.276 D/UiDevice(17581): Searching for node with selector: BySelector [RES='\Qtech.gtt.frontapp.stb.demo:id/account_login_tv2\E'].
06-12 19:48:04.276 W/QueryController(17581): Could not detect idle state.
06-12 19:48:04.379 D/UiDevice(17581): Searching for node with selector: BySelector [RES='\Qtech.gtt.frontapp.stb.demo:id/account_login_tv2\E'].
06-12 19:48:04.380 W/QueryController(17581): Could not detect idle state.
06-12 19:48:04.489 D/UiDevice(17581): Searching for node with selector: BySelector [RES='\Qtech.gtt.frontapp.stb.demo:id/account_login_tv2\E'].
06-12 19:48:04.489 W/QueryController(17581): Could not detect idle state.
06-12 19:48:04.594 D/UiDevice(17581): Searching for node with selector: BySelector [RES='\Qtech.gtt.frontapp.stb.demo:id/account_login_tv2\E'].
06-12 19:48:04.594 W/QueryController(17581): Could not detect idle state.
06-12 19:48:04.605 D/AudioTrack( 1854): stop(32): called with 200704 frames delivered
06-12 19:48:04.698 D/UiDevice(17581): Searching for node with selector: BySelector [RES='\Qtech.gtt.frontapp.stb.demo:id/account_login_tv2\E'].
06-12 19:48:04.698 W/QueryController(17581): Could not detect idle state.
06-12 19:48:04.802 D/UiDevice(17581): Searching for node with selector: BySelector [RES='\Qtech.gtt.frontapp.stb.demo:id/account_login_tv2\E'].
06-12 19:48:04.803 W/QueryController(17581): Could not detect idle state.
06-12 19:48:04.913 D/UiDevice(17581): Searching for node with selector: BySelector [RES='\Qtech.gtt.frontapp.stb.demo:id/account_login_tv2\E'].
06-12 19:48:04.914 W/QueryController(17581): Could not detect idle state.
06-12 19:48:05.027 D/UiDevice(17581): Searching for node with selector: BySelector [RES='\Qtech.gtt.frontapp.stb.demo:id/account_login_tv2\E'].
06-12 19:48:05.028 W/QueryController(17581): Could not detect idle state.
06-12 19:48:05.044 D/NuPlayerDriver( 1854): stop(0xe9782020)
06-12 19:48:05.045 V/MediaPlayer(17635): resetDrmState:  mDrmInfo=null mDrmProvisioningThread=null mPrepareDrmInProgress=false mActiveDrmScheme=false
06-12 19:48:05.045 V/MediaPlayer(17635): cleanDrmObj: mDrmObj=null mDrmSessionId=null
06-12 19:48:05.045 D/NuPlayerDriver( 1854): reset(0xe9782020) at state 8
06-12 19:48:05.048 D/SurfaceUtils( 1854): disconnecting from surface 0xe4383278, reason disconnectFromSurface
06-12 19:48:05.049 D/SurfaceUtils( 1854): connecting to surface 0xe4383278, reason onShutdown
06-12 19:48:05.051 D/NuPlayerDriver( 1854): notifyResetComplete(0xe9782020)
06-12 19:48:05.051 D/SurfaceUtils( 1854): disconnecting from surface 0xe4381948, reason disconnectNativeWindow
06-12 19:48:05.051 W/AMessage( 1854): failed to post message as target looper for handler 0 is gone.
06-12 19:48:05.053 I/MediaFocusControl( 1925): abandonAudioFocus() from uid/pid 10058/17635 clientId=android.media.AudioManager@1d4f554
06-12 19:48:05.054 I/ActivityTaskManager( 1925): START u0 {cmp=tech.gtt.frontapp.stb.demo/tech.gtt.frontapp.stb.m.account.activity.LoginMethodSwitchActivity (has extras)} from uid 10058
06-12 19:48:05.055 D/CompatibilityChangeReporter( 1925): Compat change id reported: 174042980; UID 10058; state: DISABLED
06-12 19:48:05.055 D/CompatibilityChangeReporter( 1925): Compat change id reported: 184838306; UID 10058; state: DISABLED
06-12 19:48:05.055 D/CompatibilityChangeReporter( 1925): Compat change id reported: 185004937; UID 10058; state: DISABLED
06-12 19:48:05.056 D/CompatibilityChangeReporter( 1925): Compat change id reported: 181136395; UID 10058; state: DISABLED
06-12 19:48:05.056 D/CompatibilityChangeReporter( 1925): Compat change id reported: 174042936; UID 10058; state: DISABLED
06-12 19:48:05.057 D/CompatibilityChangeReporter( 1925): Compat change id reported: 197654537; UID 10058; state: ENABLED
06-12 19:48:05.057 D/CompatibilityChangeReporter( 1925): Compat change id reported: 168419799; UID 10058; state: DISABLED
06-12 19:48:05.060 I/MediaFocusControl( 1925): abandonAudioFocus() from uid/pid 10058/17635 clientId=android.media.AudioManager@1d4f554
06-12 19:48:05.060 W/MediaPlayer(17635): mediaplayer went away with unhandled events
06-12 19:48:05.062 W/MediaPlayer(17635): mediaplayer went away with unhandled events
06-12 19:48:05.065 W/ActivityTaskManager( 1925): Tried to set launchTime (0) < mLastActivityLaunchTime (3318432)
06-12 19:48:05.073 D/AndroidAutoSize(17635): tech.gtt.frontapp.stb.m.account.activity.LoginMethodSwitchActivity used the global configuration.
06-12 19:48:05.074 D/AndroidAutoSize(17635): The tech.gtt.frontapp.stb.m.account.activity.LoginMethodSwitchActivity has been adapted! 
06-12 19:48:05.074 D/AndroidAutoSize(17635): LoginMethodSwitchActivity Info: isBaseOnWidth = true, designWidthInDp = 1920.000000, designWidthInSubunits = 1920.000000, targetDensity = 1.000000, targetScaledDensity = 1.000000, targetDensityDpi = 160, targetXdpi = 1.000000, targetScreenWidthDp = 1920, targetScreenHeightDp = 1032
06-12 19:48:05.098 D/AndroidAutoSize(17635): tech.gtt.frontapp.stb.m.account.activity.LoginMethodSwitchActivity used the global configuration.
06-12 19:48:05.098 D/AndroidAutoSize(17635): The tech.gtt.frontapp.stb.m.account.activity.LoginMethodSwitchActivity has been adapted! 
06-12 19:48:05.098 D/AndroidAutoSize(17635): LoginMethodSwitchActivity Info: isBaseOnWidth = true, designWidthInDp = 1920.000000, designWidthInSubunits = 1920.000000, targetDensity = 1.000000, targetScaledDensity = 1.000000, targetDensityDpi = 160, targetXdpi = 1.000000, targetScreenWidthDp = 1920, targetScreenHeightDp = 1032
06-12 19:48:05.111 D/gralloc_nox( 1767): gralloc_alloc: Creating ashmem region of size 8298496
06-12 19:48:05.125 D/gralloc_nox( 1767): gralloc_alloc: Creating ashmem region of size 8298496
06-12 19:48:05.130 D/UiDevice(17581): Searching for node with selector: BySelector [RES='\Qtech.gtt.frontapp.stb.demo:id/account_login_tv2\E'].
06-12 19:48:05.130 W/QueryController(17581): Could not detect idle state.
06-12 19:48:05.139 D/ProcessState(18033): Binder ioctl to enable oneway spam detection failed: Invalid argument
06-12 19:48:05.169 D/gralloc_nox( 1767): gralloc_alloc: Creating ashmem region of size 8298496
06-12 19:48:05.212 E/libEGL  (17635): called unimplemented OpenGL ES API
06-12 19:48:05.227 I/ActivityTaskManager( 1925): Displayed tech.gtt.frontapp.stb.demo/tech.gtt.frontapp.stb.m.account.activity.LoginMethodSwitchActivity: +172ms
06-12 19:48:05.371 D/UiDevice(17581): Searching for node with selector: BySelector [RES='\Qtech.gtt.frontapp.stb.demo:id/account_login_tv2\E'].
06-12 19:48:05.371 W/QueryController(17581): Could not detect idle state.
06-12 19:48:05.408 D/UIAutomatorStub(17581): URI: /jsonrpc/0, Method: POST, params, {NanoHttpd.QUERY_STRING=null}, files: {postData={"jsonrpc": "2.0", "id": 1, "method": "objInfo", "params": [{"mask": 2097152, "childOrSibling": [], "childOrSiblingSelector": [], "resourceId": "tech.gtt.frontapp.stb.demo:id/account_login_tv2"}]}}
06-12 19:48:05.409 D/UiDevice(17581): Retrieving node with selector: BySelector [RES='\Qtech.gtt.frontapp.stb.demo:id/account_login_tv2\E'].
06-12 19:48:05.409 W/QueryController(17581): Could not detect idle state.
06-12 19:48:05.413 W/QueryController(17581): Could not detect idle state.
06-12 19:48:05.414 W/QueryController(17581): Could not detect idle state.
06-12 19:48:05.415 W/QueryController(17581): Could not detect idle state.
06-12 19:48:05.416 W/QueryController(17581): Could not detect idle state.
06-12 19:48:05.416 W/QueryController(17581): Could not detect idle state.
06-12 19:48:05.417 W/QueryController(17581): Could not detect idle state.
06-12 19:48:05.418 W/QueryController(17581): Could not detect idle state.
06-12 19:48:05.419 W/QueryController(17581): Could not detect idle state.
06-12 19:48:05.419 W/QueryController(17581): Could not detect idle state.
06-12 19:48:05.420 W/QueryController(17581): Could not detect idle state.
06-12 19:48:05.421 W/QueryController(17581): Could not detect idle state.
06-12 19:48:05.421 W/QueryController(17581): Could not detect idle state.
06-12 19:48:05.468 W/InputManager-JNI( 1925): Input channel object '2738a68 tech.gtt.frontapp.stb.demo/tech.gtt.frontapp.stb.m.home.activity.LoadingActivity (client)' was disposed without first being removed with the input manager!
06-12 19:48:05.470 W/QueryController(17581): Could not detect idle state.
06-12 19:48:05.471 W/QueryController(17581): Could not detect idle state.
06-12 19:48:05.472 W/QueryController(17581): Could not detect idle state.
06-12 19:48:05.473 W/QueryController(17581): Could not detect idle state.
06-12 19:48:05.475 W/QueryController(17581): Could not detect idle state.
06-12 19:48:05.501 D/UIAutomatorStub(17581): URI: /jsonrpc/0, Method: POST, params, {NanoHttpd.QUERY_STRING=null}, files: {postData={"jsonrpc": "2.0", "id": 1, "method": "click", "params": [1390.0, 559.0]}}
06-12 19:48:05.621 I/ActivityTaskManager( 1925): START u0 {cmp=tech.gtt.frontapp.stb.demo/tech.gtt.frontapp.stb.m.account.activity.LoginActivity} from uid 10058
06-12 19:48:05.627 W/ActivityTaskManager( 1925): Tried to set launchTime (0) < mLastActivityLaunchTime (3323578)
06-12 19:48:05.632 D/AndroidAutoSize(17635): tech.gtt.frontapp.stb.m.account.activity.LoginActivity used the global configuration.
06-12 19:48:05.633 D/AndroidAutoSize(17635): The tech.gtt.frontapp.stb.m.account.activity.LoginActivity has been adapted! 
06-12 19:48:05.633 D/AndroidAutoSize(17635): LoginActivity Info: isBaseOnWidth = true, designWidthInDp = 1920.000000, designWidthInSubunits = 1920.000000, targetDensity = 1.000000, targetScaledDensity = 1.000000, targetDensityDpi = 160, targetXdpi = 1.000000, targetScreenWidthDp = 1920, targetScreenHeightDp = 1032
06-12 19:48:05.648 D/UIAutomatorStub(17581): URI: /jsonrpc/0, Method: POST, params, {NanoHttpd.QUERY_STRING=null}, files: {postData={"jsonrpc": "2.0", "id": 1, "method": "waitForExists", "params": [{"mask": 2097152, "childOrSibling": [], "childOrSiblingSelector": [], "resourceId": "tech.gtt.frontapp.stb.demo:id/loginf_et_username"}, 20000]}}
06-12 19:48:05.651 D/UiDevice(17581): Waiting 20000ms for SearchCondition[hasObject=BySelector [RES='\Qtech.gtt.frontapp.stb.demo:id/loginf_et_username\E']].
06-12 19:48:05.651 D/UiDevice(17581): Searching for node with selector: BySelector [RES='\Qtech.gtt.frontapp.stb.demo:id/loginf_et_username\E'].
06-12 19:48:05.651 W/QueryController(17581): Could not detect idle state.
06-12 19:48:05.686 D/AndroidAutoSize(17635): tech.gtt.frontapp.stb.m.account.activity.LoginActivity used the global configuration.
06-12 19:48:05.687 D/AndroidAutoSize(17635): The tech.gtt.frontapp.stb.m.account.activity.LoginActivity has been adapted! 
06-12 19:48:05.687 D/AndroidAutoSize(17635): LoginActivity Info: isBaseOnWidth = true, designWidthInDp = 1920.000000, designWidthInSubunits = 1920.000000, targetDensity = 1.000000, targetScaledDensity = 1.000000, targetDensityDpi = 160, targetXdpi = 1.000000, targetScreenWidthDp = 1920, targetScreenHeightDp = 1032
06-12 19:48:05.689 W/WindowManager( 1925): Failed looking up window session=Session{e90c46 17635:u0a10058} callers=com.android.server.wm.WindowManagerService.windowForClientLocked:5850 com.android.server.wm.Session.updateRequestedVisibilities:640 android.view.IWindowSession$Stub.onTransact:1175 
06-12 19:48:05.705 D/gralloc_nox( 1767): gralloc_alloc: Creating ashmem region of size 8298496
06-12 19:48:05.723 D/gralloc_nox( 1767): gralloc_alloc: Creating ashmem region of size 8298496
06-12 19:48:05.740 D/gralloc_nox( 1767): gralloc_alloc: Creating ashmem region of size 8298496
06-12 19:48:05.741 D/ProcessState(18045): Binder ioctl to enable oneway spam detection failed: Invalid argument
06-12 19:48:05.801 W/ByMatcher(17581): Node returned null child: android.view.accessibility.AccessibilityNodeInfo@11388; boundsInParent: Rect(0, 0 - 1920, 1080); boundsInScreen: Rect(0, 0 - 1920, 1080); packageName: tech.gtt.frontapp.stb.demo; className: android.widget.RelativeLayout; text: null; error: null; maxTextLength: -1; stateDescription: null; contentDescription: null; tooltipText: null; viewIdResName: null; checkable: false; checked: false; focusable: false; focused: false; selected: false; clickable: false; longClickable: false; contextClickable: false; enabled: true; password: false; scrollable: false; importantForAccessibility: false; visible: true; actions: [AccessibilityAction: ACTION_SELECT - null, AccessibilityAction: ACTION_CLEAR_SELECTION - null, AccessibilityAction: ACTION_ACCESSIBILITY_FOCUS - null, AccessibilityAction: ACTION_SHOW_ON_SCREEN - null]
06-12 19:48:05.802 W/ByMatcher(17581): Skipping null child (2 of 3)
06-12 19:48:05.803 W/ByMatcher(17581): Node returned null child: android.view.accessibility.AccessibilityNodeInfo@80006e5c; boundsInParent: Rect(0, 0 - 1920, 1080); boundsInScreen: Rect(0, 0 - 1920, 1080); packageName: tech.gtt.frontapp.stb.demo; className: android.widget.FrameLayout; text: null; error: null; maxTextLength: -1; stateDescription: null; contentDescription: null; tooltipText: null; viewIdResName: null; checkable: false; checked: false; focusable: false; focused: false; selected: false; clickable: false; longClickable: false; contextClickable: false; enabled: true; password: false; scrollable: false; importantForAccessibility: true; visible: true; actions: [AccessibilityAction: ACTION_SELECT - null, AccessibilityAction: ACTION_CLEAR_SELECTION - null, AccessibilityAction: ACTION_ACCESSIBILITY_FOCUS - null, AccessibilityAction: ACTION_SHOW_ON_SCREEN - null]
06-12 19:48:05.803 W/ByMatcher(17581): Skipping null child (0 of 1)
06-12 19:48:05.806 I/ActivityTaskManager( 1925): Displayed tech.gtt.frontapp.stb.demo/tech.gtt.frontapp.stb.m.account.activity.LoginActivity: +182ms
06-12 19:48:05.904 D/UiDevice(17581): Searching for node with selector: BySelector [RES='\Qtech.gtt.frontapp.stb.demo:id/loginf_et_username\E'].
06-12 19:48:05.905 W/QueryController(17581): Could not detect idle state.
06-12 19:48:05.946 D/UIAutomatorStub(17581): URI: /jsonrpc/0, Method: POST, params, {NanoHttpd.QUERY_STRING=null}, files: {postData={"jsonrpc": "2.0", "id": 1, "method": "objInfo", "params": [{"mask": 2097152, "childOrSibling": [], "childOrSiblingSelector": [], "resourceId": "tech.gtt.frontapp.stb.demo:id/loginf_et_username"}]}}
06-12 19:48:05.947 D/UiDevice(17581): Retrieving node with selector: BySelector [RES='\Qtech.gtt.frontapp.stb.demo:id/loginf_et_username\E'].
06-12 19:48:05.947 W/QueryController(17581): Could not detect idle state.
06-12 19:48:05.951 W/QueryController(17581): Could not detect idle state.
06-12 19:48:05.952 W/QueryController(17581): Could not detect idle state.
06-12 19:48:05.953 W/QueryController(17581): Could not detect idle state.
06-12 19:48:05.954 W/QueryController(17581): Could not detect idle state.
06-12 19:48:05.954 W/QueryController(17581): Could not detect idle state.
06-12 19:48:05.955 W/QueryController(17581): Could not detect idle state.
06-12 19:48:05.956 W/QueryController(17581): Could not detect idle state.
06-12 19:48:05.957 W/QueryController(17581): Could not detect idle state.
06-12 19:48:05.959 W/QueryController(17581): Could not detect idle state.
06-12 19:48:05.960 W/QueryController(17581): Could not detect idle state.
06-12 19:48:05.961 W/QueryController(17581): Could not detect idle state.
06-12 19:48:05.962 W/QueryController(17581): Could not detect idle state.
06-12 19:48:05.963 W/QueryController(17581): Could not detect idle state.
06-12 19:48:05.964 W/QueryController(17581): Could not detect idle state.
06-12 19:48:05.964 W/QueryController(17581): Could not detect idle state.
06-12 19:48:05.965 W/QueryController(17581): Could not detect idle state.
06-12 19:48:05.966 W/QueryController(17581): Could not detect idle state.
06-12 19:48:05.981 D/UIAutomatorStub(17581): URI: /jsonrpc/0, Method: POST, params, {NanoHttpd.QUERY_STRING=null}, files: {postData={"jsonrpc": "2.0", "id": 1, "method": "click", "params": [1057.0, 437.0]}}
06-12 19:48:06.073 W/SurfaceFlinger( 1800): couldn't log to binary event log: overflow.
06-12 19:48:06.178 D/CompatibilityChangeReporter(17635): Compat change id reported: 163400105; UID 10058; state: ENABLED
06-12 19:48:06.178 D/InputMethodManager(17635): showSoftInput() view=tech.gtt.frontapp.stb.c.ui.edittext.EmailAutoCompleteTextView{6e745c VFED..CL. .F.P..ID 0,0-700,92 #7f0b02ce app:id/loginf_et_username aid=1073741824} flags=0 reason=SHOW_SOFT_INPUT
06-12 19:48:06.179 V/InputMethodService( 2648): onEvaluateInputViewShown: config.hardKeyboardHidden = 2
06-12 19:48:06.179 V/InputMethodService( 2648): onEvaluateInputViewShown: config.hardKeyboardHidden = 2
06-12 19:48:06.179 I/AdbKeyboard( 2648): imeAction: 5 Next
06-12 19:48:06.195 D/gralloc_nox( 1767): gralloc_alloc: Creating ashmem region of size 647168
06-12 19:48:06.232 D/gralloc_nox( 1767): gralloc_alloc: Creating ashmem region of size 647168
06-12 19:48:06.234 D/UIAutomatorStub(17581): URI: /jsonrpc/0, Method: POST, params, {NanoHttpd.QUERY_STRING=null}, files: {postData={"jsonrpc": "2.0", "id": 1, "method": "waitForExists", "params": [{"mask": 2097152, "childOrSibling": [], "childOrSiblingSelector": [], "resourceId": "tech.gtt.frontapp.stb.demo:id/loginf_et_username"}, 20000]}}
06-12 19:48:06.235 D/UiDevice(17581): Waiting 20000ms for SearchCondition[hasObject=BySelector [RES='\Qtech.gtt.frontapp.stb.demo:id/loginf_et_username\E']].
06-12 19:48:06.236 D/UiDevice(17581): Searching for node with selector: BySelector [RES='\Qtech.gtt.frontapp.stb.demo:id/loginf_et_username\E'].
06-12 19:48:06.236 D/gralloc_nox( 1767): gralloc_alloc: Creating ashmem region of size 647168
06-12 19:48:06.237 W/QueryController(17581): Could not detect idle state.
06-12 19:48:06.243 D/ProcessState(18054): Binder ioctl to enable oneway spam detection failed: Invalid argument
06-12 19:48:06.245 D/InsetsController(17635): show(ime(), fromIme=true)
06-12 19:48:06.286 D/UIAutomatorStub(17581): URI: /jsonrpc/0, Method: POST, params, {NanoHttpd.QUERY_STRING=null}, files: {postData={"jsonrpc": "2.0", "id": 1, "method": "setText", "params": [{"mask": 2097152, "childOrSibling": [], "childOrSiblingSelector": [], "resourceId": "tech.gtt.frontapp.stb.demo:id/loginf_et_username"}, "0609@ipwangxin.cn"]}}
06-12 19:48:06.286 D/UiDevice(17581): Retrieving node with selector: BySelector [RES='\Qtech.gtt.frontapp.stb.demo:id/loginf_et_username\E'].
06-12 19:48:06.287 W/QueryController(17581): Could not detect idle state.
06-12 19:48:06.292 W/QueryController(17581): Could not detect idle state.
06-12 19:48:06.294 D/UiObject2(17581): Clicking on (1057, 437).
06-12 19:48:06.323 D/InputMethodManager(17635): showSoftInput() view=tech.gtt.frontapp.stb.c.ui.edittext.EmailAutoCompleteTextView{6e745c VFED..CL. .F.P.... 0,0-700,92 #7f0b02ce app:id/loginf_et_username aid=1073741824} flags=0 reason=SHOW_SOFT_INPUT
06-12 19:48:06.325 V/InputMethodService( 2648): onEvaluateInputViewShown: config.hardKeyboardHidden = 2
06-12 19:48:06.325 V/InputMethodService( 2648): onEvaluateInputViewShown: config.hardKeyboardHidden = 2
06-12 19:48:06.327 D/InsetsController(17635): show(ime(), fromIme=true)
06-12 19:48:06.348 W/GestureController(17581): Gestures took longer than expected (53ms >> 16ms), device might be in a busy state.
06-12 19:48:06.349 D/UiDevice(17581): Retrieving node with selector: BySelector [RES='\Qtech.gtt.frontapp.stb.demo:id/loginf_et_username\E'].
06-12 19:48:06.349 W/QueryController(17581): Could not detect idle state.
06-12 19:48:06.360 W/QueryController(17581): Could not detect idle state.
06-12 19:48:06.361 D/UiObject2(17581): Setting text to '0609@ipwangxin.cn'.
06-12 19:48:06.365 I/AdbKeyboard( 2648): imeAction: 5 Next
06-12 19:48:06.365 V/InputMethodService( 2648): onEvaluateInputViewShown: config.hardKeyboardHidden = 2
06-12 19:48:06.365 V/InputMethodService( 2648): onEvaluateInputViewShown: config.hardKeyboardHidden = 2
06-12 19:48:06.404 D/InsetsController(17635): show(ime(), fromIme=true)
06-12 19:48:06.418 D/UIAutomatorStub(17581): URI: /jsonrpc/0, Method: POST, params, {NanoHttpd.QUERY_STRING=null}, files: {postData={"jsonrpc": "2.0", "id": 1, "method": "waitForExists", "params": [{"mask": 2097152, "childOrSibling": [], "childOrSiblingSelector": [], "resourceId": "tech.gtt.frontapp.stb.demo:id/et_pwd"}, 20000]}}
06-12 19:48:06.420 D/UiDevice(17581): Waiting 20000ms for SearchCondition[hasObject=BySelector [RES='\Qtech.gtt.frontapp.stb.demo:id/et_pwd\E']].
06-12 19:48:06.420 D/UiDevice(17581): Searching for node with selector: BySelector [RES='\Qtech.gtt.frontapp.stb.demo:id/et_pwd\E'].
06-12 19:48:06.420 W/QueryController(17581): Could not detect idle state.
06-12 19:48:06.444 D/UIAutomatorStub(17581): URI: /jsonrpc/0, Method: POST, params, {NanoHttpd.QUERY_STRING=null}, files: {postData={"jsonrpc": "2.0", "id": 1, "method": "objInfo", "params": [{"mask": 2097152, "childOrSibling": [], "childOrSiblingSelector": [], "resourceId": "tech.gtt.frontapp.stb.demo:id/et_pwd"}]}}
06-12 19:48:06.444 D/UiDevice(17581): Retrieving node with selector: BySelector [RES='\Qtech.gtt.frontapp.stb.demo:id/et_pwd\E'].
06-12 19:48:06.445 W/QueryController(17581): Could not detect idle state.
06-12 19:48:06.447 W/QueryController(17581): Could not detect idle state.
06-12 19:48:06.448 W/QueryController(17581): Could not detect idle state.
06-12 19:48:06.449 W/QueryController(17581): Could not detect idle state.
06-12 19:48:06.450 W/QueryController(17581): Could not detect idle state.
06-12 19:48:06.451 W/QueryController(17581): Could not detect idle state.
06-12 19:48:06.452 W/QueryController(17581): Could not detect idle state.
06-12 19:48:06.453 W/QueryController(17581): Could not detect idle state.
06-12 19:48:06.453 W/QueryController(17581): Could not detect idle state.
06-12 19:48:06.454 W/QueryController(17581): Could not detect idle state.
06-12 19:48:06.455 W/QueryController(17581): Could not detect idle state.
06-12 19:48:06.456 W/QueryController(17581): Could not detect idle state.
06-12 19:48:06.456 W/QueryController(17581): Could not detect idle state.
06-12 19:48:06.457 W/QueryController(17581): Could not detect idle state.
06-12 19:48:06.458 W/QueryController(17581): Could not detect idle state.
06-12 19:48:06.459 W/QueryController(17581): Could not detect idle state.
06-12 19:48:06.459 W/QueryController(17581): Could not detect idle state.
06-12 19:48:06.461 W/QueryController(17581): Could not detect idle state.
06-12 19:48:06.488 D/UIAutomatorStub(17581): URI: /jsonrpc/0, Method: POST, params, {NanoHttpd.QUERY_STRING=null}, files: {postData={"jsonrpc": "2.0", "id": 1, "method": "click", "params": [1057.0, 559.0]}}
06-12 19:48:06.495 W/NotificationHistory( 1925): Attempted to add notif for locked/gone/disabled user 0
06-12 19:48:06.498 D/InterruptionStateProvider( 2100): No bubble up: not allowed to bubble: -1|android|8|null|1000
06-12 19:48:06.498 D/InterruptionStateProvider( 2100): No heads up: unimportant notification: -1|android|8|null|1000
06-12 19:48:06.499 D/PeopleSpaceWidgetMgr( 2100): Sbn doesn't contain valid PeopleTileKey: null/-1/android
06-12 19:48:06.540 D/InterruptionStateProvider( 2100): No bubble up: not allowed to bubble: -1|android|8|null|1000
06-12 19:48:06.541 D/InterruptionStateProvider( 2100): No heads up: unimportant notification: -1|android|8|null|1000
06-12 19:48:06.544 D/PeopleSpaceWidgetMgr( 2100): Sbn doesn't contain valid PeopleTileKey: null/-1/android
06-12 19:48:06.576 D/InterruptionStateProvider( 2100): No bubble up: not allowed to bubble: -1|android|8|null|1000
06-12 19:48:06.577 D/InterruptionStateProvider( 2100): No heads up: unimportant notification: -1|android|8|null|1000
06-12 19:48:06.585 D/PeopleSpaceWidgetMgr( 2100): Sbn doesn't contain valid PeopleTileKey: null/-1/android
06-12 19:48:06.611 I/AdbKeyboard( 2648): imeAction: 5 Next
06-12 19:48:06.611 V/InputMethodService( 2648): onEvaluateInputViewShown: config.hardKeyboardHidden = 2
06-12 19:48:06.611 V/InputMethodService( 2648): onEvaluateInputViewShown: config.hardKeyboardHidden = 2
06-12 19:48:06.612 D/InputMethodManager(17635): showSoftInput() view=tech.gtt.frontapp.stb.c.ui.edittext.NormalFocusEditText{a298e06 VFED..CL. .F.P..ID 0,0-700,92 #7f0b0172 app:id/et_pwd aid=1073741826} flags=0 reason=SHOW_SOFT_INPUT
06-12 19:48:06.613 V/InputMethodService( 2648): onEvaluateInputViewShown: config.hardKeyboardHidden = 2
06-12 19:48:06.613 V/InputMethodService( 2648): onEvaluateInputViewShown: config.hardKeyboardHidden = 2
06-12 19:48:06.624 D/InsetsController(17635): show(ime(), fromIme=true)
06-12 19:48:06.624 D/InsetsController(17635): show(ime(), fromIme=true)
06-12 19:48:06.669 D/UIAutomatorStub(17581): URI: /jsonrpc/0, Method: POST, params, {NanoHttpd.QUERY_STRING=null}, files: {postData={"jsonrpc": "2.0", "id": 1, "method": "waitForExists", "params": [{"mask": 2097152, "childOrSibling": [], "childOrSiblingSelector": [], "resourceId": "tech.gtt.frontapp.stb.demo:id/et_pwd"}, 20000]}}
06-12 19:48:06.675 D/UiDevice(17581): Waiting 20000ms for SearchCondition[hasObject=BySelector [RES='\Qtech.gtt.frontapp.stb.demo:id/et_pwd\E']].
06-12 19:48:06.676 D/UiDevice(17581): Searching for node with selector: BySelector [RES='\Qtech.gtt.frontapp.stb.demo:id/et_pwd\E'].
06-12 19:48:06.676 W/QueryController(17581): Could not detect idle state.
06-12 19:48:06.699 D/UIAutomatorStub(17581): URI: /jsonrpc/0, Method: POST, params, {NanoHttpd.QUERY_STRING=null}, files: {postData={"jsonrpc": "2.0", "id": 1, "method": "setText", "params": [{"mask": 2097152, "childOrSibling": [], "childOrSiblingSelector": [], "resourceId": "tech.gtt.frontapp.stb.demo:id/et_pwd"}, "123456"]}}
06-12 19:48:06.700 D/UiDevice(17581): Retrieving node with selector: BySelector [RES='\Qtech.gtt.frontapp.stb.demo:id/et_pwd\E'].
06-12 19:48:06.700 W/QueryController(17581): Could not detect idle state.
06-12 19:48:06.703 W/QueryController(17581): Could not detect idle state.
06-12 19:48:06.704 D/UiObject2(17581): Clicking on (1057, 559).
06-12 19:48:06.732 D/InputMethodManager(17635): showSoftInput() view=tech.gtt.frontapp.stb.c.ui.edittext.NormalFocusEditText{a298e06 VFED..CL. .F.P.... 0,0-700,92 #7f0b0172 app:id/et_pwd aid=1073741826} flags=0 reason=SHOW_SOFT_INPUT
06-12 19:48:06.732 V/InputMethodService( 2648): onEvaluateInputViewShown: config.hardKeyboardHidden = 2
06-12 19:48:06.732 V/InputMethodService( 2648): onEvaluateInputViewShown: config.hardKeyboardHidden = 2
06-12 19:48:06.734 D/InsetsController(17635): show(ime(), fromIme=true)
06-12 19:48:06.748 W/GestureController(17581): Gestures took longer than expected (43ms >> 16ms), device might be in a busy state.
06-12 19:48:06.748 D/UiDevice(17581): Retrieving node with selector: BySelector [RES='\Qtech.gtt.frontapp.stb.demo:id/et_pwd\E'].
06-12 19:48:06.748 W/QueryController(17581): Could not detect idle state.
06-12 19:48:06.751 W/QueryController(17581): Could not detect idle state.
06-12 19:48:06.752 D/UiObject2(17581): Setting text to '123456'.
06-12 19:48:06.755 I/AdbKeyboard( 2648): imeAction: 5 Next
06-12 19:48:06.756 V/InputMethodService( 2648): onEvaluateInputViewShown: config.hardKeyboardHidden = 2
06-12 19:48:06.756 V/InputMethodService( 2648): onEvaluateInputViewShown: config.hardKeyboardHidden = 2
06-12 19:48:06.763 D/InsetsController(17635): show(ime(), fromIme=true)
06-12 19:48:06.788 D/UIAutomatorStub(17581): URI: /jsonrpc/0, Method: POST, params, {NanoHttpd.QUERY_STRING=null}, files: {postData={"jsonrpc": "2.0", "id": 1, "method": "waitForExists", "params": [{"mask": 2097152, "childOrSibling": [], "childOrSiblingSelector": [], "resourceId": "tech.gtt.frontapp.stb.demo:id/remember_pwd_cb"}, 20000]}}
06-12 19:48:06.789 D/UiDevice(17581): Waiting 20000ms for SearchCondition[hasObject=BySelector [RES='\Qtech.gtt.frontapp.stb.demo:id/remember_pwd_cb\E']].
06-12 19:48:06.790 D/UiDevice(17581): Searching for node with selector: BySelector [RES='\Qtech.gtt.frontapp.stb.demo:id/remember_pwd_cb\E'].
06-12 19:48:06.790 W/QueryController(17581): Could not detect idle state.
06-12 19:48:06.817 D/InterruptionStateProvider( 2100): No bubble up: not allowed to bubble: -1|android|8|null|1000
06-12 19:48:06.817 D/InterruptionStateProvider( 2100): No heads up: unimportant notification: -1|android|8|null|1000
06-12 19:48:06.819 D/PeopleSpaceWidgetMgr( 2100): Sbn doesn't contain valid PeopleTileKey: null/-1/android
06-12 19:48:06.825 D/InterruptionStateProvider( 2100): No bubble up: not allowed to bubble: -1|android|8|null|1000
06-12 19:48:06.825 D/UIAutomatorStub(17581): URI: /jsonrpc/0, Method: POST, params, {NanoHttpd.QUERY_STRING=null}, files: {postData={"jsonrpc": "2.0", "id": 1, "method": "objInfo", "params": [{"mask": 2097152, "childOrSibling": [], "childOrSiblingSelector": [], "resourceId": "tech.gtt.frontapp.stb.demo:id/remember_pwd_cb"}]}}
06-12 19:48:06.825 D/InterruptionStateProvider( 2100): No heads up: unimportant notification: -1|android|8|null|1000
06-12 19:48:06.825 D/UiDevice(17581): Retrieving node with selector: BySelector [RES='\Qtech.gtt.frontapp.stb.demo:id/remember_pwd_cb\E'].
06-12 19:48:06.826 W/QueryController(17581): Could not detect idle state.
06-12 19:48:06.829 D/PeopleSpaceWidgetMgr( 2100): Sbn doesn't contain valid PeopleTileKey: null/-1/android
06-12 19:48:06.830 W/QueryController(17581): Could not detect idle state.
06-12 19:48:06.831 W/QueryController(17581): Could not detect idle state.
06-12 19:48:06.831 W/QueryController(17581): Could not detect idle state.
06-12 19:48:06.832 W/QueryController(17581): Could not detect idle state.
06-12 19:48:06.833 W/QueryController(17581): Could not detect idle state.
06-12 19:48:06.833 W/QueryController(17581): Could not detect idle state.
06-12 19:48:06.834 W/QueryController(17581): Could not detect idle state.
06-12 19:48:06.835 W/QueryController(17581): Could not detect idle state.
06-12 19:48:06.835 W/QueryController(17581): Could not detect idle state.
06-12 19:48:06.836 W/QueryController(17581): Could not detect idle state.
06-12 19:48:06.837 W/QueryController(17581): Could not detect idle state.
06-12 19:48:06.837 W/QueryController(17581): Could not detect idle state.
06-12 19:48:06.838 W/QueryController(17581): Could not detect idle state.
06-12 19:48:06.840 W/QueryController(17581): Could not detect idle state.
06-12 19:48:06.841 W/QueryController(17581): Could not detect idle state.
06-12 19:48:06.844 W/QueryController(17581): Could not detect idle state.
06-12 19:48:06.845 W/QueryController(17581): Could not detect idle state.
06-12 19:48:06.872 D/UIAutomatorStub(17581): URI: /jsonrpc/0, Method: POST, params, {NanoHttpd.QUERY_STRING=null}, files: {postData={"jsonrpc": "2.0", "id": 1, "method": "click", "params": [729.0, 656.0]}}
06-12 19:48:06.915 E/libEGL  (17635): called unimplemented OpenGL ES API
06-12 19:48:06.938 D/InterruptionStateProvider( 2100): No bubble up: not allowed to bubble: -1|android|8|null|1000
06-12 19:48:06.939 D/InterruptionStateProvider( 2100): No heads up: unimportant notification: -1|android|8|null|1000
06-12 19:48:06.945 D/PeopleSpaceWidgetMgr( 2100): Sbn doesn't contain valid PeopleTileKey: null/-1/android
06-12 19:48:06.963 D/InterruptionStateProvider( 2100): No bubble up: not allowed to bubble: -1|android|8|null|1000
06-12 19:48:06.963 D/InterruptionStateProvider( 2100): No heads up: unimportant notification: -1|android|8|null|1000
06-12 19:48:06.967 D/PeopleSpaceWidgetMgr( 2100): Sbn doesn't contain valid PeopleTileKey: null/-1/android
06-12 19:48:07.033 D/UIAutomatorStub(17581): URI: /jsonrpc/0, Method: POST, params, {NanoHttpd.QUERY_STRING=null}, files: {postData={"jsonrpc": "2.0", "id": 1, "method": "count", "params": [{"mask": 2097152, "childOrSibling": [], "childOrSiblingSelector": [], "resourceId": "tech.gtt.frontapp.stb.demo:id/loginf_tv_login"}]}}
06-12 19:48:07.034 D/UiObject(17581): Waiting 0ms for UiSelector[RESOURCE_ID=tech.gtt.frontapp.stb.demo:id/loginf_tv_login].
06-12 19:48:07.034 W/QueryController(17581): Could not detect idle state.
06-12 19:48:07.036 I/QueryController(17581): Matched selector: UiSelector[RESOURCE_ID=tech.gtt.frontapp.stb.demo:id/loginf_tv_login] <<==>> [android.view.accessibility.AccessibilityNodeInfo@22953; boundsInParent: Rect(0, 0 - 808, 92); boundsInScreen: Rect(707, 722 - 1515, 814); packageName: tech.gtt.frontapp.stb.demo; className: android.widget.TextView; text: Login; error: null; maxTextLength: -1; stateDescription: null; contentDescription: null; tooltipText: null; viewIdResName: tech.gtt.frontapp.stb.demo:id/loginf_tv_login; checkable: false; checked: false; focusable: true; focused: false; selected: false; clickable: true; longClickable: false; contextClickable: false; enabled: true; password: false; scrollable: false; importantForAccessibility: true; visible: true; actions: [AccessibilityAction: ACTION_FOCUS - null, AccessibilityAction: ACTION_SELECT - null, AccessibilityAction: ACTION_CLEAR_SELECTION - null, AccessibilityAction: ACTION_CLICK - null, AccessibilityAction: ACTION_ACCESSIBILITY_FOCUS - null, AccessibilityAction: ACTION_NEXT_AT_MOVEMENT_GRANULARITY - null, AccessibilityAction: ACTION_PREVIOUS_AT_MOVEMENT_GRANULARITY - null, AccessibilityAction: ACTION_SET_SELECTION - null, AccessibilityAction: ACTION_SHOW_ON_SCREEN - null]]
06-12 19:48:07.036 D/UiObject(17581): Waiting 0ms for UiSelector[INSTANCE=1, RESOURCE_ID=tech.gtt.frontapp.stb.demo:id/loginf_tv_login].
06-12 19:48:07.036 W/QueryController(17581): Could not detect idle state.
06-12 19:48:07.070 D/UIAutomatorStub(17581): URI: /jsonrpc/0, Method: POST, params, {NanoHttpd.QUERY_STRING=null}, files: {postData={"jsonrpc": "2.0", "id": 1, "method": "exist", "params": [{"mask": 2097152, "childOrSibling": [], "childOrSiblingSelector": [], "resourceId": "tech.gtt.frontapp.stb.demo:id/loginf_tv_login"}]}}
06-12 19:48:07.074 D/UiDevice(17581): Retrieving node with selector: BySelector [RES='\Qtech.gtt.frontapp.stb.demo:id/loginf_tv_login\E'].
06-12 19:48:07.075 W/QueryController(17581): Could not detect idle state.
06-12 19:48:07.110 D/UIAutomatorStub(17581): URI: /jsonrpc/0, Method: POST, params, {NanoHttpd.QUERY_STRING=null}, files: {postData={"jsonrpc": "2.0", "id": 1, "method": "waitForExists", "params": [{"mask": 2097152, "childOrSibling": [], "childOrSiblingSelector": [], "resourceId": "tech.gtt.frontapp.stb.demo:id/loginf_tv_login"}, 20000]}}
06-12 19:48:07.112 D/UiDevice(17581): Waiting 20000ms for SearchCondition[hasObject=BySelector [RES='\Qtech.gtt.frontapp.stb.demo:id/loginf_tv_login\E']].
06-12 19:48:07.112 D/UiDevice(17581): Searching for node with selector: BySelector [RES='\Qtech.gtt.frontapp.stb.demo:id/loginf_tv_login\E'].
06-12 19:48:07.112 W/QueryController(17581): Could not detect idle state.
06-12 19:48:07.145 D/UIAutomatorStub(17581): URI: /jsonrpc/0, Method: POST, params, {NanoHttpd.QUERY_STRING=null}, files: {postData={"jsonrpc": "2.0", "id": 1, "method": "objInfo", "params": [{"mask": 2097152, "childOrSibling": [], "childOrSiblingSelector": [], "resourceId": "tech.gtt.frontapp.stb.demo:id/loginf_tv_login"}]}}
06-12 19:48:07.146 D/UiDevice(17581): Retrieving node with selector: BySelector [RES='\Qtech.gtt.frontapp.stb.demo:id/loginf_tv_login\E'].
06-12 19:48:07.146 W/QueryController(17581): Could not detect idle state.
06-12 19:48:07.160 W/QueryController(17581): Could not detect idle state.
06-12 19:48:07.161 W/QueryController(17581): Could not detect idle state.
06-12 19:48:07.163 W/QueryController(17581): Could not detect idle state.
06-12 19:48:07.164 W/QueryController(17581): Could not detect idle state.
06-12 19:48:07.165 W/QueryController(17581): Could not detect idle state.
06-12 19:48:07.166 W/QueryController(17581): Could not detect idle state.
06-12 19:48:07.167 W/QueryController(17581): Could not detect idle state.
06-12 19:48:07.167 W/QueryController(17581): Could not detect idle state.
06-12 19:48:07.168 W/QueryController(17581): Could not detect idle state.
06-12 19:48:07.169 W/QueryController(17581): Could not detect idle state.
06-12 19:48:07.170 W/QueryController(17581): Could not detect idle state.
06-12 19:48:07.171 W/QueryController(17581): Could not detect idle state.
06-12 19:48:07.171 W/QueryController(17581): Could not detect idle state.
06-12 19:48:07.173 W/QueryController(17581): Could not detect idle state.
06-12 19:48:07.174 W/QueryController(17581): Could not detect idle state.
06-12 19:48:07.177 W/QueryController(17581): Could not detect idle state.
06-12 19:48:07.178 W/QueryController(17581): Could not detect idle state.
06-12 19:48:07.204 D/UIAutomatorStub(17581): URI: /jsonrpc/0, Method: POST, params, {NanoHttpd.QUERY_STRING=null}, files: {postData={"jsonrpc": "2.0", "id": 1, "method": "click", "params": [1111.0, 768.0]}}
06-12 19:48:07.326 V/GSK-Account:AccountManager(17635): disableSavePwd=false
06-12 19:48:07.328 V/GSK-Account:EmailOrPhoneLoginStrategy(17635): disableSavePwd=false
06-12 19:48:07.335 E/ActivityThread(17635): Failed to find provider info for com.uv.droid.uotaback.storage.provider
06-12 19:48:07.335 E/ActivityThread(17635): Failed to find provider info for com.uv.droid.booster.vod.provider
06-12 19:48:07.335 E/ontapp.stb.dem(17635): No implementation found for java.lang.String os.SystemPropertiesKt.native_get(java.lang.String) (tried Java_os_SystemPropertiesKt_native_1get and Java_os_SystemPropertiesKt_native_1get__Ljava_lang_String_2)
06-12 19:48:07.336 V/GSK-Account:AccountManager(17635): isLoggedIn=false
06-12 19:48:07.337 V/GSK-APIS(17635): =======================NEW REQUEST=========================
06-12 19:48:07.337 V/GSK-APIS(17635): Request:	/api/enduser/account/user/login/v1	POST
06-12 19:48:07.337 V/GSK-APIS(17635): RequestIdentify:	82e34f3b
06-12 19:48:07.337 V/GSK-APIS(17635): 
06-12 19:48:07.337 V/GSK-APIS(17635): RequestHeaders in a readable format:
06-12 19:48:07.337 V/GSK-APIS(17635): X-App-Id: db589110cb7457cd607739664dc44e61c217d77681427dacfe2f262f1927cd8f
06-12 19:48:07.337 V/GSK-APIS(17635): X-Source-Id: 30006401-31002837
06-12 19:48:07.337 V/GSK-APIS(17635): X-Version-Code: 7
06-12 19:48:07.337 V/GSK-APIS(17635): X-Brand-Id: 66d009603c38ec6574e5b77ce48fb7070a3f7ed622c465b05fc56110bd72fc65
06-12 19:48:07.337 V/GSK-APIS(17635): X-Version-Seq: 1
06-12 19:48:07.337 V/GSK-APIS(17635): X-App-Type-Text: STB
06-12 19:48:07.337 V/GSK-APIS(17635): Accept-Language: en
06-12 19:48:07.337 V/GSK-APIS(17635): 
06-12 19:48:07.337 V/GSK-APIS(17635): 
06-12 19:48:07.337 V/GSK-APIS(17635): RequestParams in Json Format:
