--------- beginning of main
06-12 19:47:54.027 D/ProcessState(17607): Binder ioctl to enable oneway spam detection failed: Invalid argument
--------- beginning of system
06-12 19:47:54.029 I/ActivityManager( 1925): Force stopping tech.gtt.frontapp.stb.demo appid=10058 user=0: clear data
06-12 19:47:54.033 I/ActivityManager( 1925): Force stopping tech.gtt.frontapp.stb.demo appid=10058 user=-1: clearApplicationUserData
06-12 19:47:54.049 I/MediaProvider( 2559): Begin Intent { act=android.intent.action.PACKAGE_DATA_CLEARED dat=package:tech.gtt.frontapp.stb.demo flg=0x1000010 cmp=com.android.providers.media.module/com.android.providers.media.MediaService (has extras) }
06-12 19:47:54.050 D/MediaProvider( 2559): Deleted 0 Android/media items belonging to tech.gtt.frontapp.stb.demo on /data/user/0/com.android.providers.media.module/databases/external.db
06-12 19:47:54.050 I/MediaProvider( 2559): End Intent { act=android.intent.action.PACKAGE_DATA_CLEARED dat=package:tech.gtt.frontapp.stb.demo flg=0x1000010 cmp=com.android.providers.media.module/com.android.providers.media.MediaService (has extras) }
06-12 19:47:54.096 D/AndroidRuntime(17621): >>>>>> START com.android.internal.os.RuntimeInit uid 0 <<<<<<
06-12 19:47:54.097 I/AndroidRuntime(17621): Using default boot image
06-12 19:47:54.097 I/AndroidRuntime(17621): Leaving lock profiling enabled
06-12 19:47:54.099 W/app_process(17621): ART APEX data files are untrusted.
06-12 19:47:54.099 I/app_process(17621): Core platform API reporting enabled, enforcing=false
06-12 19:47:54.127 D/app_process(17621): Time zone APEX ICU file found: /apex/com.android.tzdata/etc/icu/icu_tzdata.dat
06-12 19:47:54.127 D/app_process(17621): I18n APEX ICU file found: /apex/com.android.i18n/etc/icu/icudt68l.dat
06-12 19:47:54.131 W/app_process(17621): Unexpected CPU variant for X86 using defaults: x86_64
06-12 19:47:54.142 D/ProcessState(17621): Binder ioctl to enable oneway spam detection failed: Invalid argument
06-12 19:47:54.142 D/AndroidRuntime(17621): Calling main entry com.android.commands.monkey.Monkey
06-12 19:47:54.143 W/Monkey  (17621): args: [-p, tech.gtt.frontapp.stb.demo, -c, android.intent.category.LAUNCHER, 1]
06-12 19:47:54.143 W/Monkey  (17621):  arg: "-p"
06-12 19:47:54.143 W/Monkey  (17621):  arg: "tech.gtt.frontapp.stb.demo"
06-12 19:47:54.143 W/Monkey  (17621):  arg: "-c"
06-12 19:47:54.143 W/Monkey  (17621):  arg: "android.intent.category.LAUNCHER"
06-12 19:47:54.143 W/Monkey  (17621):  arg: "1"
06-12 19:47:54.143 W/Monkey  (17621): data="tech.gtt.frontapp.stb.demo"
06-12 19:47:54.143 W/Monkey  (17621): data="android.intent.category.LAUNCHER"
06-12 19:47:54.172 W/BroadcastQueue( 1925): Skipping deliver [background] BroadcastRecord{950c28 u-1 android.net.conn.CONNECTIVITY_CHANGE} to ReceiverList{81a8d41 17621 (unknown name)/0/u-1 remote:b7c2f1a}: process gone or crashing
06-12 19:47:54.176 I/ActivityTaskManager( 1925): START u0 {act=android.intent.action.MAIN cat=[android.intent.category.LAUNCHER] flg=0x10200000 cmp=tech.gtt.frontapp.stb.demo/tech.gtt.frontapp.stb.m.home.activity.SplashActivity} from uid 0
06-12 19:47:54.177 W/ActivityTaskManager( 1925): Can't find TaskDisplayArea to determine support for multi window. Task id=37 attached=false
06-12 19:47:54.185 I/Monkey  (17621): Events injected: 1
06-12 19:47:54.189 D/CompatibilityChangeReporter( 1925): Compat change id reported: 135634846; UID 10058; state: DISABLED
06-12 19:47:54.189 D/CompatibilityChangeReporter( 1925): Compat change id reported: 143937733; UID 10058; state: ENABLED
06-12 19:47:54.196 I/Monkey  (17621): ## Network stats: elapsed time=18ms (0ms mobile, 0ms wifi, 18ms not connected)
06-12 19:47:54.198 D/gralloc_nox( 1767): gralloc_alloc: Creating ashmem region of size 8298496
06-12 19:47:54.240 D/Zygote  ( 1753): Forked child process 17635
06-12 19:47:54.242 I/app_process(17621): System.exit called, status: 0
06-12 19:47:54.242 I/AndroidRuntime(17621): VM exiting with result code 0.
06-12 19:47:54.242 W/ActivityManager( 1925): Slow operation: 55ms so far, now at startProcess: returned from zygote!
06-12 19:47:54.243 W/ActivityManager( 1925): Slow operation: 55ms so far, now at startProcess: done updating battery stats
06-12 19:47:54.243 W/ActivityManager( 1925): Slow operation: 55ms so far, now at startProcess: building log message
06-12 19:47:54.243 I/ActivityManager( 1925): Start proc 17635:tech.gtt.frontapp.stb.demo/u0a58 for pre-top-activity {tech.gtt.frontapp.stb.demo/tech.gtt.frontapp.stb.m.home.activity.SplashActivity}
06-12 19:47:54.243 W/ActivityManager( 1925): Slow operation: 56ms so far, now at startProcess: starting to update pids map
06-12 19:47:54.243 W/ActivityManager( 1925): Slow operation: 56ms so far, now at startProcess: done updating pids map
06-12 19:47:54.245 I/Zygote  (17635): seccomp disabled by setenforce 0
06-12 19:47:54.247 D/gralloc_nox( 1767): gralloc_alloc: Creating ashmem region of size 8298496
06-12 19:47:54.251 W/ontapp.stb.dem(17635): Unexpected CPU variant for X86 using defaults: x86_64
06-12 19:47:54.265 D/ProcessState(17635): Binder ioctl to enable oneway spam detection failed: Invalid argument
06-12 19:47:54.282 D/gralloc_nox( 1767): gralloc_alloc: Creating ashmem region of size 8298496
06-12 19:47:54.287 E/ashmem  (17635): memfd: ro.vndk.version not defined or invalid (), this is mandated since P.
06-12 19:47:54.293 D/CompatibilityChangeReporter(17635): Compat change id reported: 171979766; UID 10058; state: ENABLED
06-12 19:47:54.331 V/GraphicsEnvironment(17635): ANGLE Developer option for 'tech.gtt.frontapp.stb.demo' set to: 'default'
06-12 19:47:54.332 V/GraphicsEnvironment(17635): ANGLE GameManagerService for tech.gtt.frontapp.stb.demo: false
06-12 19:47:54.332 V/GraphicsEnvironment(17635): Neither updatable production driver nor prerelease driver is supported.
06-12 19:47:54.334 D/NetworkSecurityConfig(17635): Using Network Security Config from resource network_security_config debugBuild: false
06-12 19:47:54.335 D/NetworkSecurityConfig(17635): Using Network Security Config from resource network_security_config debugBuild: false
06-12 19:47:54.341 I/MultiDex(17635): VM with version 2.1.0 has multidex support
06-12 19:47:54.341 I/MultiDex(17635): Installing application
06-12 19:47:54.341 I/MultiDex(17635): VM has multidex support, MultiDex support library is disabled.
06-12 19:47:54.341 E/[Package](17635): params: AppConfiguration(vnoId='11026504', brandId='d0k7d3p3kdikth2o3q6g', appId='d0jucrbq6bt4h33c0ma0', sourceId='30006401-31002837', authServers='https://gtt-app-apigateway-lion.vdemosit.com', shareKey='S2kQMgUSugYyMlk5QclHDaF0uDsFnB0oJoFeAFgsKb8=', packageName='tech.gtt.frontapp.stb.demo', appName='Goose TV', appVersionName='v1.0.0', appVersionCode='7', pluginVersionCode='1', pluginVersionName='6.0.0-beta-build5', packageSeq='1', buglyAppId='d76a04165f', buglyKey='13b89b2d-1c12-4c4f-93b8-46e3c2ef9f73', baseVersionCode='20000066', gitTag='2.1.4-beta6', supportLang='en,pt,es', defaultLang='en', bootLoadType='1')
06-12 19:47:54.341 W/System.err(17635): java.lang.ClassNotFoundException: tech.gtt.frontapp.stb.docker.plugin.PluginUtils
06-12 19:47:54.341 W/System.err(17635): 	at java.lang.Class.classForName(Native Method)
06-12 19:47:54.342 W/System.err(17635): 	at java.lang.Class.forName(Class.java:454)
06-12 19:47:54.342 W/System.err(17635): 	at java.lang.Class.forName(Class.java:379)
06-12 19:47:54.342 W/System.err(17635): 	at ot.e.b(SourceFile:3)
06-12 19:47:54.342 W/System.err(17635): 	at tech.gtt.frontapp.stb.app.MainApplication.attachBaseContext(SourceFile:130)
06-12 19:47:54.342 W/System.err(17635): 	at android.app.Application.attach(Application.java:338)
06-12 19:47:54.342 W/System.err(17635): 	at android.app.Instrumentation.newApplication(Instrumentation.java:1190)
06-12 19:47:54.342 W/System.err(17635): 	at android.app.LoadedApk.makeApplication(LoadedApk.java:1361)
06-12 19:47:54.342 W/System.err(17635): 	at android.app.ActivityThread.handleBindApplication(ActivityThread.java:6728)
06-12 19:47:54.342 W/System.err(17635): 	at android.app.ActivityThread.access$1500(ActivityThread.java:256)
06-12 19:47:54.342 W/System.err(17635): 	at android.app.ActivityThread$H.handleMessage(ActivityThread.java:2091)
06-12 19:47:54.342 W/System.err(17635): 	at android.os.Handler.dispatchMessage(Handler.java:106)
06-12 19:47:54.342 W/System.err(17635): 	at android.os.Looper.loopOnce(Looper.java:201)
06-12 19:47:54.342 W/System.err(17635): 	at android.os.Looper.loop(Looper.java:288)
06-12 19:47:54.342 W/System.err(17635): 	at android.app.ActivityThread.main(ActivityThread.java:7875)
06-12 19:47:54.342 W/System.err(17635): 	at java.lang.reflect.Method.invoke(Native Method)
06-12 19:47:54.342 W/System.err(17635): 	at com.android.internal.os.RuntimeInit$MethodAndArgsCaller.run(RuntimeInit.java:568)
06-12 19:47:54.342 W/System.err(17635): 	at com.android.internal.os.ZygoteInit.main(ZygoteInit.java:1005)
06-12 19:47:54.342 W/System.err(17635): Caused by: java.lang.ClassNotFoundException: tech.gtt.frontapp.stb.docker.plugin.PluginUtils
06-12 19:47:54.342 W/System.err(17635): 	... 18 more
06-12 19:47:54.342 E/[Package](17635): isInPluginMode: false
06-12 19:47:54.343 I/CustomActivityOnCrash(17635): CustomActivityOnCrash has been installed.
06-12 19:47:54.344 I/System.out(17635): Modular_Init : a - initialize
06-12 19:47:54.346 I/System.out(17635): Modular_Init : d - initialize
06-12 19:47:54.346 I/System.out(17635): Modular_Init : a - initialize
06-12 19:47:54.346 I/System.out(17635): Modular_Init : a - initialize
06-12 19:47:54.346 D/[CatchupInitModule](17635): init---
06-12 19:47:54.347 I/System.out(17635): Modular_Init : b - initialize
06-12 19:47:54.347 I/System.out(17635): Modular_Init : a - initialize
06-12 19:47:54.347 D/[ReplayInitialize](17635): init---
06-12 19:47:54.348 I/System.out(17635): Modular_Init : a - initialize
06-12 19:47:54.348 D/[LiveInitialize](17635): init---
06-12 19:47:54.349 D/AndroidAutoSize(17635): designWidthInDp = 1920, designHeightInDp = 1080, screenWidth = 1920, screenHeight = 1080
06-12 19:47:54.349 D/AndroidAutoSize(17635): initDensity = 2.0, initScaledDensity = 2.0
06-12 19:47:54.421 D/AndroidAutoSize(17635): tech.gtt.frontapp.stb.m.home.activity.SplashActivity used the global configuration.
06-12 19:47:54.433 D/AndroidAutoSize(17635): The tech.gtt.frontapp.stb.m.home.activity.SplashActivity has been adapted! 
06-12 19:47:54.433 D/AndroidAutoSize(17635): SplashActivity Info: isBaseOnWidth = true, designWidthInDp = 1920.000000, designWidthInSubunits = 1920.000000, targetDensity = 1.000000, targetScaledDensity = 1.000000, targetDensityDpi = 160, targetXdpi = 1.000000, targetScreenWidthDp = 1920, targetScreenHeightDp = 1032
06-12 19:47:54.479 D/AndroidAutoSize(17635): tech.gtt.frontapp.stb.m.home.activity.SplashActivity used the global configuration.
06-12 19:47:54.480 D/AndroidAutoSize(17635): The tech.gtt.frontapp.stb.m.home.activity.SplashActivity has been adapted! 
06-12 19:47:54.480 D/AndroidAutoSize(17635): SplashActivity Info: isBaseOnWidth = true, designWidthInDp = 1920.000000, designWidthInSubunits = 1920.000000, targetDensity = 1.000000, targetScaledDensity = 1.000000, targetDensityDpi = 160, targetXdpi = 1.000000, targetScreenWidthDp = 1920, targetScreenHeightDp = 1032
06-12 19:47:54.483 I/ActivityTaskManager( 1925): START u0 {act=android.content.pm.action.REQUEST_PERMISSIONS pkg=com.android.permissioncontroller cmp=com.android.permissioncontroller/.permission.ui.GrantPermissionsActivity (has extras)} from uid 10058
06-12 19:47:54.503 D/ontapp.stb.dem(17635): createUnique: call
06-12 19:47:54.514 D/ontapp.stb.dem(17635): HostComposition ext GL_OES_EGL_image GL_OES_EGL_image_external GL_OES_depth24 GL_OES_depth32 GL_OES_element_index_uint GL_OES_texture_float GL_OES_texture_float_linear GL_OES_compressed_paletted_texture GL_OES_compressed_ETC1_RGB8_texture GL_OES_depth_texture GL_EXT_texture_format_BGRA8888 GL_APPLE_texture_format_BGRA8888 GL_OES_texture_half_float GL_EXT_robustness GL_OES_texture_half_float_linear GL_OES_packed_depth_stencil GL_OES_vertex_half_float GL_OES_texture_npot GL_OES_rgb8_rgba8 GL_EXT_color_buffer_float GL_EXT_texture_sRGB_decode ANDROID_gles_max_version_3_1 GL_OES_vertex_array_object GL_EXT_texture_buffer GL_EXT_copy_image GL_KHR_texture_compression_astc_ldr GL_KHR_texture_compression_astc_hdr GL_OES_texture_compression_astc GL_OES_EGL_image_external
06-12 19:47:54.515 D/hw-ProcessState(17635): Binder ioctl to enable oneway spam detection failed: Invalid argument
06-12 19:47:54.517 W/OpenGLRenderer(17635): Failed to initialize 101010-2 format, error = EGL_SUCCESS
06-12 19:47:54.517 D/EGL_emulation(17635): rcCreateContext wated version 2.0  rc:4
06-12 19:47:54.531 D/EGL_emulation(17635): eglMakeCurrent: 0x7f53185681f0: ver 3 2 (tinfo 0x7f52985a14a0) (first time)
06-12 19:47:54.533 D/ProcessState(17670): Binder ioctl to enable oneway spam detection failed: Invalid argument
06-12 19:47:54.535 E/HWComposer( 1800): getSupportedContentTypes: getSupportedContentTypes failed for display 0: Unsupported (8)
06-12 19:47:54.536 I/hwservicemanager( 1564): getTransport: Cannot find entry android.hardware.graphics.mapper@4.0::IMapper/default in either framework or device VINTF manifest.
06-12 19:47:54.536 I/Gralloc4(17635): mapper 4.x is not supported
06-12 19:47:54.536 I/hwservicemanager( 1564): getTransport: Cannot find entry android.hardware.graphics.mapper@3.0::IMapper/default in either framework or device VINTF manifest.
06-12 19:47:54.536 W/Gralloc3(17635): mapper 3.x is not supported
06-12 19:47:54.537 I/hwservicemanager( 1564): getTransport: Cannot find entry android.hardware.graphics.allocator@4.0::IAllocator/default in either framework or device VINTF manifest.
06-12 19:47:54.537 W/Gralloc4(17635): allocator 4.x is not supported
06-12 19:47:54.537 I/hwservicemanager( 1564): getTransport: Cannot find entry android.hardware.graphics.allocator@3.0::IAllocator/default in either framework or device VINTF manifest.
06-12 19:47:54.537 W/Gralloc3(17635): allocator 3.x is not supported
06-12 19:47:54.538 D/gralloc_nox( 1767): gralloc_alloc: Creating ashmem region of size 8298496
06-12 19:47:54.566 D/ontapp.stb.dem(17635): createUnique: call
06-12 19:47:54.566 D/ontapp.stb.dem(17635): HostComposition ext GL_OES_EGL_image GL_OES_EGL_image_external GL_OES_depth24 GL_OES_depth32 GL_OES_element_index_uint GL_OES_texture_float GL_OES_texture_float_linear GL_OES_compressed_paletted_texture GL_OES_compressed_ETC1_RGB8_texture GL_OES_depth_texture GL_EXT_texture_format_BGRA8888 GL_APPLE_texture_format_BGRA8888 GL_OES_texture_half_float GL_EXT_robustness GL_OES_texture_half_float_linear GL_OES_packed_depth_stencil GL_OES_vertex_half_float GL_OES_texture_npot GL_OES_rgb8_rgba8 GL_EXT_color_buffer_float GL_EXT_texture_sRGB_decode ANDROID_gles_max_version_3_1 GL_OES_vertex_array_object GL_EXT_texture_buffer GL_EXT_copy_image GL_KHR_texture_compression_astc_ldr GL_KHR_texture_compression_astc_hdr GL_OES_texture_compression_astc GL_OES_EGL_image_external
06-12 19:47:54.567 D/gralloc_nox( 1767): gralloc_alloc: Creating ashmem region of size 8298496
06-12 19:47:54.596 D/gralloc_nox( 1767): gralloc_alloc: Creating ashmem region of size 8298496
06-12 19:47:54.651 E/libEGL  (17635): called unimplemented OpenGL ES API
06-12 19:47:54.695 W/ActivityTaskManager( 1925): Tried to set launchTime (0) < mLastActivityLaunchTime (3105743)
06-12 19:47:54.773 I/ActivityTaskManager( 1925): Displayed com.android.permissioncontroller/.permission.ui.GrantPermissionsActivity: +594ms
06-12 19:47:54.798 D/ProcessState(17681): Binder ioctl to enable oneway spam detection failed: Invalid argument
06-12 19:47:54.798 D/gralloc_nox( 1767): gralloc_alloc: Creating ashmem region of size 5496832
06-12 19:47:54.879 D/gralloc_nox( 1767): gralloc_alloc: Creating ashmem region of size 5496832
06-12 19:47:54.902 W/InputManager-JNI( 1925): Input channel object '4998772 Splash Screen tech.gtt.frontapp.stb.demo (client)' was disposed without first being removed with the input manager!
06-12 19:47:54.995 D/gralloc_nox( 1767): gralloc_alloc: Creating ashmem region of size 5496832
06-12 19:47:57.187 E/TaskPersister( 1925): File error accessing recents directory (directory doesn't exist?).
06-12 19:47:57.277 D/UIAutomatorStub(17581): URI: /jsonrpc/0, Method: POST, params, {NanoHttpd.QUERY_STRING=null}, files: {postData={"jsonrpc": "2.0", "id": 1, "method": "count", "params": [{"mask": 2097152, "childOrSibling": [], "childOrSiblingSelector": [], "resourceId": "com.android.permissioncontroller:id/permission_allow_button"}]}}
06-12 19:47:57.285 D/UiObject(17581): Waiting 0ms for UiSelector[RESOURCE_ID=com.android.permissioncontroller:id/permission_allow_button].
06-12 19:47:57.286 W/QueryController(17581): Could not detect idle state.
06-12 19:47:57.289 I/QueryController(17581): Matched selector: UiSelector[RESOURCE_ID=com.android.permissioncontroller:id/permission_allow_button] <<==>> [android.view.accessibility.AccessibilityNodeInfo@8ef9e; boundsInParent: Rect(0, 0 - 992, 112); boundsInScreen: Rect(464, 557 - 1456, 669); packageName: com.android.permissioncontroller; className: android.widget.Button; text: 允许; error: null; maxTextLength: -1; stateDescription: null; contentDescription: null; tooltipText: null; viewIdResName: com.android.permissioncontroller:id/permission_allow_button; checkable: false; checked: false; focusable: true; focused: false; selected: false; clickable: true; longClickable: false; contextClickable: false; enabled: true; password: false; scrollable: false; importantForAccessibility: true; visible: true; actions: [AccessibilityAction: ACTION_FOCUS - null, AccessibilityAction: ACTION_SELECT - null, AccessibilityAction: ACTION_CLEAR_SELECTION - null, AccessibilityAction: ACTION_CLICK - null, AccessibilityAction: ACTION_ACCESSIBILITY_FOCUS - null, AccessibilityAction: ACTION_NEXT_AT_MOVEMENT_GRANULARITY - null, AccessibilityAction: ACTION_PREVIOUS_AT_MOVEMENT_GRANULARITY - null, AccessibilityAction: ACTION_SET_SELECTION - null, AccessibilityAction: ACTION_SHOW_ON_SCREEN - null]]
06-12 19:47:57.289 D/UiObject(17581): Waiting 0ms for UiSelector[INSTANCE=1, RESOURCE_ID=com.android.permissioncontroller:id/permission_allow_button].
06-12 19:47:57.290 W/QueryController(17581): Could not detect idle state.
06-12 19:47:57.329 D/UIAutomatorStub(17581): URI: /jsonrpc/0, Method: POST, params, {NanoHttpd.QUERY_STRING=null}, files: {postData={"jsonrpc": "2.0", "id": 1, "method": "waitForExists", "params": [{"mask": 2097152, "childOrSibling": [], "childOrSiblingSelector": [], "resourceId": "com.android.permissioncontroller:id/permission_allow_button"}, 20000]}}
06-12 19:47:57.331 D/UiDevice(17581): Waiting 20000ms for SearchCondition[hasObject=BySelector [RES='\Qcom.android.permissioncontroller:id/permission_allow_button\E']].
06-12 19:47:57.331 D/UiDevice(17581): Searching for node with selector: BySelector [RES='\Qcom.android.permissioncontroller:id/permission_allow_button\E'].
06-12 19:47:57.332 W/QueryController(17581): Could not detect idle state.
06-12 19:47:57.366 D/UIAutomatorStub(17581): URI: /jsonrpc/0, Method: POST, params, {NanoHttpd.QUERY_STRING=null}, files: {postData={"jsonrpc": "2.0", "id": 1, "method": "objInfo", "params": [{"mask": 2097152, "childOrSibling": [], "childOrSiblingSelector": [], "resourceId": "com.android.permissioncontroller:id/permission_allow_button"}]}}
06-12 19:47:57.368 D/UiDevice(17581): Retrieving node with selector: BySelector [RES='\Qcom.android.permissioncontroller:id/permission_allow_button\E'].
06-12 19:47:57.369 W/QueryController(17581): Could not detect idle state.
06-12 19:47:57.373 W/QueryController(17581): Could not detect idle state.
06-12 19:47:57.375 W/QueryController(17581): Could not detect idle state.
06-12 19:47:57.377 W/QueryController(17581): Could not detect idle state.
06-12 19:47:57.378 W/QueryController(17581): Could not detect idle state.
06-12 19:47:57.379 W/QueryController(17581): Could not detect idle state.
06-12 19:47:57.381 W/QueryController(17581): Could not detect idle state.
06-12 19:47:57.381 W/QueryController(17581): Could not detect idle state.
06-12 19:47:57.382 W/QueryController(17581): Could not detect idle state.
06-12 19:47:57.383 W/QueryController(17581): Could not detect idle state.
06-12 19:47:57.383 W/QueryController(17581): Could not detect idle state.
06-12 19:47:57.384 W/QueryController(17581): Could not detect idle state.
06-12 19:47:57.384 W/QueryController(17581): Could not detect idle state.
06-12 19:47:57.385 W/QueryController(17581): Could not detect idle state.
06-12 19:47:57.385 W/QueryController(17581): Could not detect idle state.
06-12 19:47:57.386 W/QueryController(17581): Could not detect idle state.
06-12 19:47:57.386 W/QueryController(17581): Could not detect idle state.
06-12 19:47:57.387 W/QueryController(17581): Could not detect idle state.
06-12 19:47:57.413 D/UIAutomatorStub(17581): URI: /jsonrpc/0, Method: POST, params, {NanoHttpd.QUERY_STRING=null}, files: {postData={"jsonrpc": "2.0", "id": 1, "method": "click", "params": [960.0, 613.0]}}
06-12 19:47:57.423 V/DisplayPowerController[0]( 1925): Brightness [0.39763778] reason changing to: 'manual', previous reason: 'manual [ dim ]'.
06-12 19:47:57.439 E/DisplayDeviceConfig( 1925): requesting nits when no mapping exists.
06-12 19:47:57.439 E/DisplayDeviceConfig( 1925): requesting nits when no mapping exists.
06-12 19:47:57.440 I/DropBoxManagerService( 1925): add tag=system_server_wtf isTagEnabled=true flags=0x2
06-12 19:47:57.440 E/LightsService( 1925): Light requested not available on this device. 0
06-12 19:47:57.443 I/DropBoxManagerService( 1925): add tag=system_server_wtf isTagEnabled=true flags=0x2
06-12 19:47:57.455 E/DisplayDeviceConfig( 1925): requesting nits when no mapping exists.
06-12 19:47:57.456 E/DisplayDeviceConfig( 1925): requesting nits when no mapping exists.
06-12 19:47:57.456 I/DropBoxManagerService( 1925): add tag=system_server_wtf isTagEnabled=true flags=0x2
06-12 19:47:57.456 E/LightsService( 1925): Light requested not available on this device. 0
06-12 19:47:57.458 I/DropBoxManagerService( 1925): add tag=system_server_wtf isTagEnabled=true flags=0x2
06-12 19:47:57.472 E/DisplayDeviceConfig( 1925): requesting nits when no mapping exists.
06-12 19:47:57.472 E/DisplayDeviceConfig( 1925): requesting nits when no mapping exists.
06-12 19:47:57.473 E/LightsService( 1925): Light requested not available on this device. 0
06-12 19:47:57.473 I/DropBoxManagerService( 1925): add tag=system_server_wtf isTagEnabled=true flags=0x2
06-12 19:47:57.490 E/DisplayDeviceConfig( 1925): requesting nits when no mapping exists.
06-12 19:47:57.490 E/DisplayDeviceConfig( 1925): requesting nits when no mapping exists.
06-12 19:47:57.491 E/LightsService( 1925): Light requested not available on this device. 0
06-12 19:47:57.506 E/DisplayDeviceConfig( 1925): requesting nits when no mapping exists.
06-12 19:47:57.506 E/DisplayDeviceConfig( 1925): requesting nits when no mapping exists.
06-12 19:47:57.507 E/LightsService( 1925): Light requested not available on this device. 0
06-12 19:47:57.523 E/DisplayDeviceConfig( 1925): requesting nits when no mapping exists.
06-12 19:47:57.524 E/DisplayDeviceConfig( 1925): requesting nits when no mapping exists.
06-12 19:47:57.525 E/LightsService( 1925): Light requested not available on this device. 0
06-12 19:47:57.541 E/DisplayDeviceConfig( 1925): requesting nits when no mapping exists.
06-12 19:47:57.542 E/DisplayDeviceConfig( 1925): requesting nits when no mapping exists.
06-12 19:47:57.544 E/LightsService( 1925): Light requested not available on this device. 0
06-12 19:47:57.557 E/DisplayDeviceConfig( 1925): requesting nits when no mapping exists.
06-12 19:47:57.558 E/DisplayDeviceConfig( 1925): requesting nits when no mapping exists.
06-12 19:47:57.561 E/LightsService( 1925): Light requested not available on this device. 0
06-12 19:47:57.580 E/DisplayDeviceConfig( 1925): requesting nits when no mapping exists.
06-12 19:47:57.580 E/DisplayDeviceConfig( 1925): requesting nits when no mapping exists.
06-12 19:47:57.585 E/LightsService( 1925): Light requested not available on this device. 0
06-12 19:47:57.589 E/DisplayDeviceConfig( 1925): requesting nits when no mapping exists.
06-12 19:47:57.589 E/DisplayDeviceConfig( 1925): requesting nits when no mapping exists.
06-12 19:47:57.593 E/LightsService( 1925): Light requested not available on this device. 0
06-12 19:47:57.606 E/DisplayDeviceConfig( 1925): requesting nits when no mapping exists.
06-12 19:47:57.606 E/DisplayDeviceConfig( 1925): requesting nits when no mapping exists.
06-12 19:47:57.607 E/LightsService( 1925): Light requested not available on this device. 0
06-12 19:47:57.622 E/DisplayDeviceConfig( 1925): requesting nits when no mapping exists.
06-12 19:47:57.622 E/DisplayDeviceConfig( 1925): requesting nits when no mapping exists.
06-12 19:47:57.623 E/LightsService( 1925): Light requested not available on this device. 0
06-12 19:47:57.639 E/DisplayDeviceConfig( 1925): requesting nits when no mapping exists.
06-12 19:47:57.639 E/DisplayDeviceConfig( 1925): requesting nits when no mapping exists.
06-12 19:47:57.640 E/LightsService( 1925): Light requested not available on this device. 0
06-12 19:47:57.656 E/DisplayDeviceConfig( 1925): requesting nits when no mapping exists.
06-12 19:47:57.656 E/DisplayDeviceConfig( 1925): requesting nits when no mapping exists.
06-12 19:47:57.659 E/LightsService( 1925): Light requested not available on this device. 0
06-12 19:47:57.662 V/GrantPermissionsViewModel( 5877): Logged buttons presented and clicked permissionGroupName=android.permission-group.STORAGE uid=10058 selectedLocations=0 package=tech.gtt.frontapp.stb.demo presentedButtons=9 clickedButton=1 sessionId=-4377162858300645768 targetSdk=35
06-12 19:47:57.665 V/GrantPermissionsViewModel( 5877): Permission grant result requestId=-4377162858300645768 callingUid=10058 callingPackage=tech.gtt.frontapp.stb.demo permission=android.permission.READ_EXTERNAL_STORAGE isImplicit=false result=4
06-12 19:47:57.666 I/MediaProvider( 2559): Invalidating LocalCallingIdentity cache for package tech.gtt.frontapp.stb.demo. Reason: op android:read_external_storage
06-12 19:47:57.668 D/gralloc_nox( 1767): gralloc_alloc: Creating ashmem region of size 8298496
06-12 19:47:57.681 E/DisplayDeviceConfig( 1925): requesting nits when no mapping exists.
06-12 19:47:57.681 E/DisplayDeviceConfig( 1925): requesting nits when no mapping exists.
06-12 19:47:57.682 E/LightsService( 1925): Light requested not available on this device. 0
06-12 19:47:57.712 E/android.hardware.audio.service( 1756): pcm_open called create stream faild
06-12 19:47:57.785 W/System  ( 2100): A resource failed to call close. 
06-12 19:47:57.786 W/System  ( 2100): A resource failed to call close. 
06-12 19:47:57.786 W/System  ( 2100): A resource failed to call release. 
06-12 19:47:57.787 W/System  ( 2100): A resource failed to call release. 
06-12 19:47:57.866 D/CompatibilityChangeReporter(17635): Compat change id reported: 78294732; UID 10058; state: ENABLED
06-12 19:47:57.869 I/b       (17635): freeSpace : 116667MB
06-12 19:47:57.890 W/System  ( 1925): A resource failed to call release. 
06-12 19:47:57.933 D/ProcessState(17695): Binder ioctl to enable oneway spam detection failed: Invalid argument
06-12 19:47:57.971 D/ConnectivityService( 1925): NetReassign [no changes]
06-12 19:47:57.989 V/GSK     (17635): StorageServiceImpl initialization() executed in 1 ms.
06-12 19:47:57.990 V/GSK     (17635): SecurityServiceImpl initialization() executed in 1 ms.
06-12 19:47:58.058 W/System.err(17635): SLF4J(W): No SLF4J providers were found.
06-12 19:47:58.058 W/System.err(17635): SLF4J(W): Defaulting to no-operation (NOP) logger implementation
06-12 19:47:58.058 W/System.err(17635): SLF4J(W): See https://www.slf4j.org/codes.html#noProviders for further details.
06-12 19:47:58.112 W/System.err(17635): kotlinx.serialization.json.internal.JsonDecodingException: Expected start of the object '{', but had 'EOF' instead at path: $
06-12 19:47:58.112 W/System.err(17635): JSON input: 
06-12 19:47:58.112 W/System.err(17635): 	at kotlinx.serialization.json.internal.JsonExceptionsKt.JsonDecodingException(SourceFile:1)
06-12 19:47:58.112 W/System.err(17635): 	at kotlinx.serialization.json.internal.JsonExceptionsKt.JsonDecodingException(SourceFile:2)
06-12 19:47:58.112 W/System.err(17635): 	at kotlinx.serialization.json.internal.AbstractJsonLexer.fail(SourceFile:52)
06-12 19:47:58.112 W/System.err(17635): 	at kotlinx.serialization.json.internal.AbstractJsonLexer.fail$default(SourceFile:15)
06-12 19:47:58.112 W/System.err(17635): 	at kotlinx.serialization.json.internal.AbstractJsonLexer.unexpectedToken(SourceFile:103)
06-12 19:47:58.112 W/System.err(17635): 	at kotlinx.serialization.json.internal.StringJsonLexer.consumeNextToken(SourceFile:16)
06-12 19:47:58.112 W/System.err(17635): 	at kotlinx.serialization.json.internal.StreamingJsonDecoder.beginStructure(SourceFile:23)
06-12 19:47:58.112 W/System.err(17635): 	at tech.gtt.frontapp.servicesdk.common.service.utility.apis.e2ee.E2eeConfigResponse$$serializer.deserialize(SourceFile:2)
06-12 19:47:58.112 W/System.err(17635): 	at tech.gtt.frontapp.servicesdk.common.service.utility.apis.e2ee.E2eeConfigResponse$$serializer.deserialize(SourceFile:1)
06-12 19:47:58.112 W/System.err(17635): 	at kotlinx.serialization.json.internal.StreamingJsonDecoder.decodeSerializableValue(SourceFile:320)
06-12 19:47:58.112 W/System.err(17635): 	at kotlinx.serialization.json.Json.decodeFromString(SourceFile:3)
06-12 19:47:58.112 W/System.err(17635): 	at tech.gtt.frontapp.servicesdk.common.service.utility.apis.e2ee.E2eeManager.syncE2eeConfig(SourceFile:74)
06-12 19:47:58.112 W/System.err(17635): 	at tech.gtt.frontapp.servicesdk.common.service.utility.apis.ApiUtilServiceImpl.onServiceInit(SourceFile:228)
06-12 19:47:58.112 W/System.err(17635): 	at tech.gtt.frontapp.servicesdk.common.core.ServiceSDKImpl.executeServiceInitialize(SourceFile:372)
06-12 19:47:58.112 W/System.err(17635): 	at tech.gtt.frontapp.servicesdk.common.core.ServiceSDKImpl.access$executeServiceInitialize(SourceFile:1)
06-12 19:47:58.112 W/System.err(17635): 	at tech.gtt.frontapp.servicesdk.common.core.ServiceSDKImpl$init$1.invokeSuspend(SourceFile:178)
06-12 19:47:58.112 W/System.err(17635): 	at tech.gtt.frontapp.servicesdk.common.core.ServiceSDKImpl$init$1.invoke(SourceFile:2)
06-12 19:47:58.112 W/System.err(17635): 	at tech.gtt.frontapp.servicesdk.common.core.ServiceSDKImpl$init$1.invoke(SourceFile:1)
06-12 19:47:58.112 W/System.err(17635): 	at kotlinx.coroutines.flow.SafeFlow.collectSafely(SourceFile:3)
06-12 19:47:58.112 W/System.err(17635): 	at kotlinx.coroutines.flow.AbstractFlow.collect(SourceFile:70)
06-12 19:47:58.112 W/System.err(17635): 	at tech.gtt.frontapp.servicesdk.common.core.SDKSetup$build$1.invokeSuspend(SourceFile:42)
06-12 19:47:58.112 W/System.err(17635): 	at tech.gtt.frontapp.servicesdk.common.core.SDKSetup$build$1.invoke(SourceFile:2)
06-12 19:47:58.112 W/System.err(17635): 	at tech.gtt.frontapp.servicesdk.common.core.SDKSetup$build$1.invoke(SourceFile:1)
06-12 19:47:58.112 W/System.err(17635): 	at tech.gtt.frontapp.servicesdk.common.core.Scheduler$scheduleDirect$1.invokeSuspend(SourceFile:61)
06-12 19:47:58.112 W/System.err(17635): 	at lh.a.resumeWith(SourceFile:14)
06-12 19:47:58.112 W/System.err(17635): 	at kotlinx.coroutines.DispatchedTask.run(SourceFile:123)
06-12 19:47:58.112 W/System.err(17635): 	at kotlinx.coroutines.internal.LimitedDispatcher$Worker.run(SourceFile:4)
06-12 19:47:58.112 W/System.err(17635): 	at kotlinx.coroutines.scheduling.TaskImpl.run(SourceFile:3)
06-12 19:47:58.112 W/System.err(17635): 	at kotlinx.coroutines.scheduling.CoroutineScheduler.runSafely(SourceFile:1)
06-12 19:47:58.112 W/System.err(17635): 	at kotlinx.coroutines.scheduling.CoroutineScheduler$Worker.executeTask(SourceFile:34)
06-12 19:47:58.112 W/System.err(17635): 	at kotlinx.coroutines.scheduling.CoroutineScheduler$Worker.runWorker(SourceFile:29)
06-12 19:47:58.113 W/System.err(17635): 	at kotlinx.coroutines.scheduling.CoroutineScheduler$Worker.run(SourceFile:1)
06-12 19:47:58.128 W/System.err(17635): java.io.FileNotFoundException: sys/class/sunxi_info/sys_info: open failed: ENOENT (No such file or directory)
06-12 19:47:58.128 W/System.err(17635): 	at libcore.io.IoBridge.open(IoBridge.java:575)
06-12 19:47:58.128 W/System.err(17635): 	at java.io.FileInputStream.<init>(FileInputStream.java:160)
06-12 19:47:58.128 W/System.err(17635): 	at java.io.FileInputStream.<init>(FileInputStream.java:115)
06-12 19:47:58.128 W/System.err(17635): 	at ip.b.b(SourceFile:5)
06-12 19:47:58.129 W/System.err(17635): 	at ip.b.a(SourceFile:155)
06-12 19:47:58.129 W/System.err(17635): 	at ip.a.invoke(SourceFile:589)
06-12 19:47:58.129 W/System.err(17635): 	at dh.v.getValue(SourceFile:21)
06-12 19:47:58.129 W/System.err(17635): 	at tech.gtt.frontapp.servicesdk.common.network.interceptor.params.ApiDeviceParams.handleFixedParams(SourceFile:52)
06-12 19:47:58.129 W/System.err(17635): 	at tech.gtt.frontapp.servicesdk.common.service.utility.apis.IParamsGetter.toMaps(SourceFile:87)
06-12 19:47:58.129 W/System.err(17635): 	at tech.gtt.frontapp.servicesdk.common.network.interceptor.DefaultParamsInterceptor.onRequest(SourceFile:127)
06-12 19:47:58.129 W/System.err(17635): 	at tech.gtt.frontapp.servicesdk.common.network.interceptor.SDKInterceptorsPluginKt$setupRequestInterception$1.invokeSuspend(SourceFile:103)
06-12 19:47:58.129 W/System.err(17635): 	at tech.gtt.frontapp.servicesdk.common.network.interceptor.SDKInterceptorsPluginKt$setupRequestInterception$1.invoke(SourceFile:1)
06-12 19:47:58.129 W/System.err(17635): 	at tech.gtt.frontapp.servicesdk.common.network.interceptor.SDKInterceptorsPluginKt$setupRequestInterception$1.invoke(SourceFile:2)
06-12 19:47:58.129 W/System.err(17635): 	at io.ktor.util.pipeline.DebugPipelineContext.proceedLoop(SourceFile:86)
06-12 19:47:58.129 W/System.err(17635): 	at io.ktor.util.pipeline.DebugPipelineContext.proceed(SourceFile:26)
06-12 19:47:58.129 W/System.err(17635): 	at io.ktor.client.plugins.RequestError$install$1.invokeSuspend(SourceFile:47)
06-12 19:47:58.129 W/System.err(17635): 	at io.ktor.client.plugins.RequestError$install$1.invoke(SourceFile:1)
06-12 19:47:58.129 W/System.err(17635): 	at io.ktor.client.plugins.RequestError$install$1.invoke(SourceFile:2)
06-12 19:47:58.129 W/System.err(17635): 	at io.ktor.util.pipeline.DebugPipelineContext.proceedLoop(SourceFile:86)
06-12 19:47:58.129 W/System.err(17635): 	at io.ktor.util.pipeline.DebugPipelineContext.proceed(SourceFile:26)
06-12 19:47:58.129 W/System.err(17635): 	at io.ktor.client.plugins.SetupRequestContext$install$1.invokeSuspend$proceed(SourceFile:1)
06-12 19:47:58.129 W/System.err(17635): 	at io.ktor.client.plugins.SetupRequestContext$install$1.access$invokeSuspend$proceed(SourceFile:1)
06-12 19:47:58.129 W/System.err(17635): 	at io.ktor.client.plugins.SetupRequestContext$install$1$1.invoke(SourceFile:2)
06-12 19:47:58.129 W/System.err(17635): 	at io.ktor.client.plugins.SetupRequestContext$install$1$1.invoke(SourceFile:1)
06-12 19:47:58.129 W/System.err(17635): 	at io.ktor.client.plugins.HttpRequestLifecycleKt$HttpRequestLifecycle$1$1.invokeSuspend(SourceFile:78)
06-12 19:47:58.129 W/System.err(17635): 	at io.ktor.client.plugins.HttpRequestLifecycleKt$HttpRequestLifecycle$1$1.invoke(SourceFile:1)
06-12 19:47:58.129 W/System.err(17635): 	at io.ktor.client.plugins.HttpRequestLifecycleKt$HttpRequestLifecycle$1$1.invoke(SourceFile:2)
06-12 19:47:58.129 W/System.err(17635): 	at io.ktor.client.plugins.SetupRequestContext$install$1.invokeSuspend(SourceFile:42)
06-12 19:47:58.129 W/System.err(17635): 	at io.ktor.client.plugins.SetupRequestContext$install$1.invoke(SourceFile:1)
06-12 19:47:58.129 W/System.err(17635): 	at io.ktor.client.plugins.SetupRequestContext$install$1.invoke(SourceFile:2)
06-12 19:47:58.129 W/System.err(17635): 	at io.ktor.util.pipeline.DebugPipelineContext.proceedLoop(SourceFile:86)
06-12 19:47:58.129 W/System.err(17635): 	at io.ktor.util.pipeline.DebugPipelineContext.proceed(SourceFile:26)
06-12 19:47:58.129 W/System.err(17635): 	at io.ktor.util.pipeline.DebugPipelineContext.execute$ktor_utils(SourceFile:7)
06-12 19:47:58.129 W/System.err(17635): 	at io.ktor.util.pipeline.Pipeline.execute(SourceFile:9)
06-12 19:47:58.129 W/System.err(17635): 	at io.ktor.client.HttpClient.execute$ktor_client_core(SourceFile:68)
06-12 19:47:58.129 W/System.err(17635): 	at io.ktor.client.statement.HttpStatement.fetchResponse(SourceFile:90)
06-12 19:47:58.129 W/System.err(17635): 	at io.ktor.client.statement.HttpStatement.execute(SourceFile:9)
06-12 19:47:58.129 W/System.err(17635): 	at de.jensklingenberg.ktorfit.internal.KtorfitConverterHelper.suspendRequest(SourceFile:127)
06-12 19:47:58.129 W/System.err(17635): 	at de.jensklingenberg.ktorfit.internal.KtorfitConverterHelper$request$1$1.invokeSuspend(SourceFile:58)
06-12 19:47:58.129 W/System.err(17635): 	at de.jensklingenberg.ktorfit.internal.KtorfitConverterHelper$request$1$1.invoke(SourceFile:2)
06-12 19:47:58.129 W/System.err(17635): 	at de.jensklingenberg.ktorfit.internal.KtorfitConverterHelper$request$1$1.invoke(SourceFile:1)
06-12 19:47:58.129 W/System.err(17635): 	at de.jensklingenberg.ktorfit.converter.FlowConverterFactory$responseConverter$1$convert$1.invokeSuspend(SourceFile:84)
06-12 19:47:58.129 W/System.err(17635): 	at de.jensklingenberg.ktorfit.converter.FlowConverterFactory$responseConverter$1$convert$1.invoke(SourceFile:2)
06-12 19:47:58.129 W/System.err(17635): 	at de.jensklingenberg.ktorfit.converter.FlowConverterFactory$responseConverter$1$convert$1.invoke(SourceFile:1)
06-12 19:47:58.129 W/System.err(17635): 	at kotlinx.coroutines.flow.SafeFlow.collectSafely(SourceFile:3)
06-12 19:47:58.129 W/System.err(17635): 	at kotlinx.coroutines.flow.AbstractFlow.collect(SourceFile:70)
06-12 19:47:58.129 W/System.err(17635): 	at kotlinx.coroutines.flow.FlowKt__MergeKt$flatMapConcat$$inlined$map$1.collect(SourceFile:10)
06-12 19:47:58.129 W/System.err(17635): 	at kotlinx.coroutines.flow.FlowKt__MergeKt$flattenConcat$$inlined$unsafeFlow$1.collect(SourceFile:8)
06-12 19:47:58.129 W/System.err(17635): 	at kotlinx.coroutines.flow.FlowKt__CollectKt.collect(SourceFile:1)
06-12 19:47:58.129 W/System.err(17635): 	at kotlinx.coroutines.flow.FlowKt.collect(SourceFile:1)
06-12 19:47:58.129 W/System.err(17635): 	at tech.gtt.frontapp.servicesdk.common.service.utility.apis.ApiUtilServiceImpl.onServiceInit(SourceFile:240)
06-12 19:47:58.129 W/System.err(17635): 	at tech.gtt.frontapp.servicesdk.common.core.ServiceSDKImpl.executeServiceInitialize(SourceFile:372)
06-12 19:47:58.129 W/System.err(17635): 	at tech.gtt.frontapp.servicesdk.common.core.ServiceSDKImpl.access$executeServiceInitialize(SourceFile:1)
06-12 19:47:58.129 W/System.err(17635): 	at tech.gtt.frontapp.servicesdk.common.core.ServiceSDKImpl$init$1.invokeSuspend(SourceFile:178)
06-12 19:47:58.129 W/System.err(17635): 	at tech.gtt.frontapp.servicesdk.common.core.ServiceSDKImpl$init$1.invoke(SourceFile:2)
06-12 19:47:58.129 W/System.err(17635): 	at tech.gtt.frontapp.servicesdk.common.core.ServiceSDKImpl$init$1.invoke(SourceFile:1)
06-12 19:47:58.129 W/System.err(17635): 	at kotlinx.coroutines.flow.SafeFlow.collectSafely(SourceFile:3)
06-12 19:47:58.129 W/System.err(17635): 	at kotlinx.coroutines.flow.AbstractFlow.collect(SourceFile:70)
06-12 19:47:58.129 W/System.err(17635): 	at tech.gtt.frontapp.servicesdk.common.core.SDKSetup$build$1.invokeSuspend(SourceFile:42)
06-12 19:47:58.129 W/System.err(17635): 	at tech.gtt.frontapp.servicesdk.common.core.SDKSetup$build$1.invoke(SourceFile:2)
06-12 19:47:58.129 W/System.err(17635): 	at tech.gtt.frontapp.servicesdk.common.core.SDKSetup$build$1.invoke(SourceFile:1)
06-12 19:47:58.129 W/System.err(17635): 	at tech.gtt.frontapp.servicesdk.common.core.Scheduler$scheduleDirect$1.invokeSuspend(SourceFile:61)
06-12 19:47:58.129 W/System.err(17635): 	at lh.a.resumeWith(SourceFile:14)
06-12 19:47:58.129 W/System.err(17635): 	at kotlinx.coroutines.DispatchedTask.run(SourceFile:123)
06-12 19:47:58.129 W/System.err(17635): 	at kotlinx.coroutines.internal.LimitedDispatcher$Worker.run(SourceFile:4)
06-12 19:47:58.129 W/System.err(17635): 	at kotlinx.coroutines.scheduling.TaskImpl.run(SourceFile:3)
06-12 19:47:58.129 W/System.err(17635): 	at kotlinx.coroutines.scheduling.CoroutineScheduler.runSafely(SourceFile:1)
06-12 19:47:58.129 W/System.err(17635): 	at kotlinx.coroutines.scheduling.CoroutineScheduler$Worker.executeTask(SourceFile:34)
06-12 19:47:58.129 W/System.err(17635): 	at kotlinx.coroutines.scheduling.CoroutineScheduler$Worker.runWorker(SourceFile:29)
06-12 19:47:58.129 W/System.err(17635): 	at kotlinx.coroutines.scheduling.CoroutineScheduler$Worker.run(SourceFile:1)
06-12 19:47:58.130 W/System.err(17635): Caused by: android.system.ErrnoException: open failed: ENOENT (No such file or directory)
06-12 19:47:58.130 W/System.err(17635): 	at libcore.io.Linux.open(Native Method)
06-12 19:47:58.130 W/System.err(17635): 	at libcore.io.ForwardingOs.open(ForwardingOs.java:567)
06-12 19:47:58.130 W/System.err(17635): 	at libcore.io.BlockGuardOs.open(BlockGuardOs.java:273)
06-12 19:47:58.130 W/System.err(17635): 	at libcore.io.ForwardingOs.open(ForwardingOs.java:567)
06-12 19:47:58.130 W/System.err(17635): 	at android.app.ActivityThread$AndroidOs.open(ActivityThread.java:7761)
06-12 19:47:58.130 W/System.err(17635): 	at libcore.io.IoBridge.open(IoBridge.java:561)
06-12 19:47:58.130 W/System.err(17635): 	... 69 more
06-12 19:47:58.132 W/System.err(17635): java.io.FileNotFoundException: sys/class/sunxi_info/sys_info: open failed: ENOENT (No such file or directory)
06-12 19:47:58.132 W/System.err(17635): 	at libcore.io.IoBridge.open(IoBridge.java:575)
06-12 19:47:58.132 W/System.err(17635): 	at java.io.FileInputStream.<init>(FileInputStream.java:160)
06-12 19:47:58.132 W/System.err(17635): 	at java.io.FileInputStream.<init>(FileInputStream.java:115)
06-12 19:47:58.132 W/System.err(17635): 	at ip.b.b(SourceFile:5)
06-12 19:47:58.132 W/System.err(17635): 	at ip.b.a(SourceFile:155)
06-12 19:47:58.132 W/System.err(17635): 	at ip.a.invoke(SourceFile:127)
06-12 19:47:58.132 W/System.err(17635): 	at dh.v.getValue(SourceFile:21)
06-12 19:47:58.132 W/System.err(17635): 	at tech.gtt.frontapp.servicesdk.common.network.interceptor.params.ApiDeviceParams.handleFixedParams(SourceFile:65)
06-12 19:47:58.132 W/System.err(17635): 	at tech.gtt.frontapp.servicesdk.common.service.utility.apis.IParamsGetter.toMaps(SourceFile:87)
06-12 19:47:58.132 W/System.err(17635): 	at tech.gtt.frontapp.servicesdk.common.network.interceptor.DefaultParamsInterceptor.onRequest(SourceFile:127)
06-12 19:47:58.132 W/System.err(17635): 	at tech.gtt.frontapp.servicesdk.common.network.interceptor.SDKInterceptorsPluginKt$setupRequestInterception$1.invokeSuspend(SourceFile:103)
06-12 19:47:58.132 W/System.err(17635): 	at tech.gtt.frontapp.servicesdk.common.network.interceptor.SDKInterceptorsPluginKt$setupRequestInterception$1.invoke(SourceFile:1)
06-12 19:47:58.132 W/System.err(17635): 	at tech.gtt.frontapp.servicesdk.common.network.interceptor.SDKInterceptorsPluginKt$setupRequestInterception$1.invoke(SourceFile:2)
06-12 19:47:58.132 W/System.err(17635): 	at io.ktor.util.pipeline.DebugPipelineContext.proceedLoop(SourceFile:86)
06-12 19:47:58.132 W/System.err(17635): 	at io.ktor.util.pipeline.DebugPipelineContext.proceed(SourceFile:26)
06-12 19:47:58.132 W/System.err(17635): 	at io.ktor.client.plugins.RequestError$install$1.invokeSuspend(SourceFile:47)
06-12 19:47:58.132 W/System.err(17635): 	at io.ktor.client.plugins.RequestError$install$1.invoke(SourceFile:1)
06-12 19:47:58.132 W/System.err(17635): 	at io.ktor.client.plugins.RequestError$install$1.invoke(SourceFile:2)
06-12 19:47:58.132 W/System.err(17635): 	at io.ktor.util.pipeline.DebugPipelineContext.proceedLoop(SourceFile:86)
06-12 19:47:58.132 W/System.err(17635): 	at io.ktor.util.pipeline.DebugPipelineContext.proceed(SourceFile:26)
06-12 19:47:58.132 W/System.err(17635): 	at io.ktor.client.plugins.SetupRequestContext$install$1.invokeSuspend$proceed(SourceFile:1)
06-12 19:47:58.132 W/System.err(17635): 	at io.ktor.client.plugins.SetupRequestContext$install$1.access$invokeSuspend$proceed(SourceFile:1)
06-12 19:47:58.132 W/System.err(17635): 	at io.ktor.client.plugins.SetupRequestContext$install$1$1.invoke(SourceFile:2)
06-12 19:47:58.132 W/System.err(17635): 	at io.ktor.client.plugins.SetupRequestContext$install$1$1.invoke(SourceFile:1)
06-12 19:47:58.132 W/System.err(17635): 	at io.ktor.client.plugins.HttpRequestLifecycleKt$HttpRequestLifecycle$1$1.invokeSuspend(SourceFile:78)
06-12 19:47:58.132 W/System.err(17635): 	at io.ktor.client.plugins.HttpRequestLifecycleKt$HttpRequestLifecycle$1$1.invoke(SourceFile:1)
06-12 19:47:58.132 W/System.err(17635): 	at io.ktor.client.plugins.HttpRequestLifecycleKt$HttpRequestLifecycle$1$1.invoke(SourceFile:2)
06-12 19:47:58.132 W/System.err(17635): 	at io.ktor.client.plugins.SetupRequestContext$install$1.invokeSuspend(SourceFile:42)
06-12 19:47:58.132 W/System.err(17635): 	at io.ktor.client.plugins.SetupRequestContext$install$1.invoke(SourceFile:1)
06-12 19:47:58.132 W/System.err(17635): 	at io.ktor.client.plugins.SetupRequestContext$install$1.invoke(SourceFile:2)
06-12 19:47:58.132 W/System.err(17635): 	at io.ktor.util.pipeline.DebugPipelineContext.proceedLoop(SourceFile:86)
06-12 19:47:58.132 W/System.err(17635): 	at io.ktor.util.pipeline.DebugPipelineContext.proceed(SourceFile:26)
06-12 19:47:58.132 W/System.err(17635): 	at io.ktor.util.pipeline.DebugPipelineContext.execute$ktor_utils(SourceFile:7)
06-12 19:47:58.132 W/System.err(17635): 	at io.ktor.util.pipeline.Pipeline.execute(SourceFile:9)
06-12 19:47:58.132 W/System.err(17635): 	at io.ktor.client.HttpClient.execute$ktor_client_core(SourceFile:68)
06-12 19:47:58.132 W/System.err(17635): 	at io.ktor.client.statement.HttpStatement.fetchResponse(SourceFile:90)
06-12 19:47:58.132 W/System.err(17635): 	at io.ktor.client.statement.HttpStatement.execute(SourceFile:9)
06-12 19:47:58.132 W/System.err(17635): 	at de.jensklingenberg.ktorfit.internal.KtorfitConverterHelper.suspendRequest(SourceFile:127)
06-12 19:47:58.132 W/System.err(17635): 	at de.jensklingenberg.ktorfit.internal.KtorfitConverterHelper$request$1$1.invokeSuspend(SourceFile:58)
06-12 19:47:58.132 W/System.err(17635): 	at de.jensklingenberg.ktorfit.internal.KtorfitConverterHelper$request$1$1.invoke(SourceFile:2)
06-12 19:47:58.132 W/System.err(17635): 	at de.jensklingenberg.ktorfit.internal.KtorfitConverterHelper$request$1$1.invoke(SourceFile:1)
06-12 19:47:58.132 W/System.err(17635): 	at de.jensklingenberg.ktorfit.converter.FlowConverterFactory$responseConverter$1$convert$1.invokeSuspend(SourceFile:84)
06-12 19:47:58.132 W/System.err(17635): 	at de.jensklingenberg.ktorfit.converter.FlowConverterFactory$responseConverter$1$convert$1.invoke(SourceFile:2)
06-12 19:47:58.132 W/System.err(17635): 	at de.jensklingenberg.ktorfit.converter.FlowConverterFactory$responseConverter$1$convert$1.invoke(SourceFile:1)
06-12 19:47:58.133 W/System.err(17635): 	at kotlinx.coroutines.flow.SafeFlow.collectSafely(SourceFile:3)
06-12 19:47:58.133 W/System.err(17635): 	at kotlinx.coroutines.flow.AbstractFlow.collect(SourceFile:70)
06-12 19:47:58.133 W/System.err(17635): 	at kotlinx.coroutines.flow.FlowKt__MergeKt$flatMapConcat$$inlined$map$1.collect(SourceFile:10)
06-12 19:47:58.133 W/System.err(17635): 	at kotlinx.coroutines.flow.FlowKt__MergeKt$flattenConcat$$inlined$unsafeFlow$1.collect(SourceFile:8)
06-12 19:47:58.133 W/System.err(17635): 	at kotlinx.coroutines.flow.FlowKt__CollectKt.collect(SourceFile:1)
06-12 19:47:58.133 W/System.err(17635): 	at kotlinx.coroutines.flow.FlowKt.collect(SourceFile:1)
06-12 19:47:58.133 W/System.err(17635): 	at tech.gtt.frontapp.servicesdk.common.service.utility.apis.ApiUtilServiceImpl.onServiceInit(SourceFile:240)
06-12 19:47:58.133 W/System.err(17635): 	at tech.gtt.frontapp.servicesdk.common.core.ServiceSDKImpl.executeServiceInitialize(SourceFile:372)
06-12 19:47:58.133 W/System.err(17635): 	at tech.gtt.frontapp.servicesdk.common.core.ServiceSDKImpl.access$executeServiceInitialize(SourceFile:1)
06-12 19:47:58.133 W/System.err(17635): 	at tech.gtt.frontapp.servicesdk.common.core.ServiceSDKImpl$init$1.invokeSuspend(SourceFile:178)
06-12 19:47:58.133 W/System.err(17635): 	at tech.gtt.frontapp.servicesdk.common.core.ServiceSDKImpl$init$1.invoke(SourceFile:2)
06-12 19:47:58.133 W/System.err(17635): 	at tech.gtt.frontapp.servicesdk.common.core.ServiceSDKImpl$init$1.invoke(SourceFile:1)
06-12 19:47:58.133 W/System.err(17635): 	at kotlinx.coroutines.flow.SafeFlow.collectSafely(SourceFile:3)
06-12 19:47:58.133 W/System.err(17635): 	at kotlinx.coroutines.flow.AbstractFlow.collect(SourceFile:70)
06-12 19:47:58.133 W/System.err(17635): 	at tech.gtt.frontapp.servicesdk.common.core.SDKSetup$build$1.invokeSuspend(SourceFile:42)
06-12 19:47:58.133 W/System.err(17635): 	at tech.gtt.frontapp.servicesdk.common.core.SDKSetup$build$1.invoke(SourceFile:2)
06-12 19:47:58.133 W/System.err(17635): 	at tech.gtt.frontapp.servicesdk.common.core.SDKSetup$build$1.invoke(SourceFile:1)
06-12 19:47:58.133 W/System.err(17635): 	at tech.gtt.frontapp.servicesdk.common.core.Scheduler$scheduleDirect$1.invokeSuspend(SourceFile:61)
06-12 19:47:58.133 W/System.err(17635): 	at lh.a.resumeWith(SourceFile:14)
06-12 19:47:58.133 W/System.err(17635): 	at kotlinx.coroutines.DispatchedTask.run(SourceFile:123)
06-12 19:47:58.133 W/System.err(17635): 	at kotlinx.coroutines.internal.LimitedDispatcher$Worker.run(SourceFile:4)
06-12 19:47:58.133 W/System.err(17635): 	at kotlinx.coroutines.scheduling.TaskImpl.run(SourceFile:3)
06-12 19:47:58.133 W/System.err(17635): 	at kotlinx.coroutines.scheduling.CoroutineScheduler.runSafely(SourceFile:1)
