--------- beginning of main
06-12 20:11:47.408 D/ProcessState(21646): Binder ioctl to enable oneway spam detection failed: Invalid argument
--------- beginning of system
06-12 20:11:47.411 I/ActivityManager( 1925): Force stopping tech.gtt.frontapp.stb.demo appid=10058 user=0: clear data
06-12 20:11:47.412 I/ActivityManager( 1925): Force stopping tech.gtt.frontapp.stb.demo appid=10058 user=-1: clearApplicationUserData
06-12 20:11:47.435 I/MediaProvider( 2559): Begin Intent { act=android.intent.action.PACKAGE_DATA_CLEARED dat=package:tech.gtt.frontapp.stb.demo flg=0x1000010 cmp=com.android.providers.media.module/com.android.providers.media.MediaService (has extras) }
06-12 20:11:47.436 D/MediaProvider( 2559): Deleted 0 Android/media items belonging to tech.gtt.frontapp.stb.demo on /data/user/0/com.android.providers.media.module/databases/external.db
06-12 20:11:47.436 I/MediaProvider( 2559): End Intent { act=android.intent.action.PACKAGE_DATA_CLEARED dat=package:tech.gtt.frontapp.stb.demo flg=0x1000010 cmp=com.android.providers.media.module/com.android.providers.media.MediaService (has extras) }
06-12 20:11:47.487 D/AndroidRuntime(21660): >>>>>> START com.android.internal.os.RuntimeInit uid 0 <<<<<<
06-12 20:11:47.491 I/AndroidRuntime(21660): Using default boot image
06-12 20:11:47.491 I/AndroidRuntime(21660): Leaving lock profiling enabled
06-12 20:11:47.495 W/app_process(21660): ART APEX data files are untrusted.
06-12 20:11:47.495 I/app_process(21660): Core platform API reporting enabled, enforcing=false
06-12 20:11:47.535 D/app_process(21660): Time zone APEX ICU file found: /apex/com.android.tzdata/etc/icu/icu_tzdata.dat
06-12 20:11:47.535 D/app_process(21660): I18n APEX ICU file found: /apex/com.android.i18n/etc/icu/icudt68l.dat
06-12 20:11:47.544 W/app_process(21660): Unexpected CPU variant for X86 using defaults: x86_64
06-12 20:11:47.569 D/ProcessState(21660): Binder ioctl to enable oneway spam detection failed: Invalid argument
06-12 20:11:47.569 D/AndroidRuntime(21660): Calling main entry com.android.commands.monkey.Monkey
06-12 20:11:47.570 W/Monkey  (21660): args: [-p, tech.gtt.frontapp.stb.demo, -c, android.intent.category.LAUNCHER, 1]
06-12 20:11:47.570 W/Monkey  (21660):  arg: "-p"
06-12 20:11:47.570 W/Monkey  (21660):  arg: "tech.gtt.frontapp.stb.demo"
06-12 20:11:47.570 W/Monkey  (21660):  arg: "-c"
06-12 20:11:47.570 W/Monkey  (21660):  arg: "android.intent.category.LAUNCHER"
06-12 20:11:47.570 W/Monkey  (21660):  arg: "1"
06-12 20:11:47.570 W/Monkey  (21660): data="tech.gtt.frontapp.stb.demo"
06-12 20:11:47.570 W/Monkey  (21660): data="android.intent.category.LAUNCHER"
06-12 20:11:47.695 W/BroadcastQueue( 1925): Skipping deliver [background] BroadcastRecord{633bb16 u-1 android.net.conn.CONNECTIVITY_CHANGE} to ReceiverList{b8c97 21660 (unknown name)/0/u-1 remote:f36fcd8}: process gone or crashing
06-12 20:11:47.704 I/ActivityTaskManager( 1925): START u0 {act=android.intent.action.MAIN cat=[android.intent.category.LAUNCHER] flg=0x10200000 cmp=tech.gtt.frontapp.stb.demo/tech.gtt.frontapp.stb.m.home.activity.SplashActivity} from uid 0
06-12 20:11:47.732 W/ActivityTaskManager( 1925): Can't find TaskDisplayArea to determine support for multi window. Task id=43 attached=false
06-12 20:11:47.763 I/Monkey  (21660): Events injected: 1
06-12 20:11:47.786 D/CompatibilityChangeReporter( 1925): Compat change id reported: 135634846; UID 10058; state: DISABLED
06-12 20:11:47.790 D/CompatibilityChangeReporter( 1925): Compat change id reported: 143937733; UID 10058; state: ENABLED
06-12 20:11:47.801 I/Monkey  (21660): ## Network stats: elapsed time=92ms (0ms mobile, 0ms wifi, 92ms not connected)
06-12 20:11:47.802 W/System  ( 2100): A resource failed to call close. 
06-12 20:11:47.802 W/System  ( 2100): A resource failed to call release. 
06-12 20:11:47.812 D/gralloc_nox( 1767): gralloc_alloc: Creating ashmem region of size 8298496
06-12 20:11:47.829 I/app_process(21660): System.exit called, status: 0
06-12 20:11:47.829 I/AndroidRuntime(21660): VM exiting with result code 0.
06-12 20:11:47.830 D/Zygote  ( 1753): Forked child process 21674
06-12 20:11:47.831 I/ActivityManager( 1925): Start proc 21674:tech.gtt.frontapp.stb.demo/u0a58 for pre-top-activity {tech.gtt.frontapp.stb.demo/tech.gtt.frontapp.stb.m.home.activity.SplashActivity}
06-12 20:11:47.835 I/Zygote  (21674): seccomp disabled by setenforce 0
06-12 20:11:47.852 W/ontapp.stb.dem(21674): Unexpected CPU variant for X86 using defaults: x86_64
06-12 20:11:47.855 D/gralloc_nox( 1767): gralloc_alloc: Creating ashmem region of size 8298496
06-12 20:11:47.880 D/ProcessState(21674): Binder ioctl to enable oneway spam detection failed: Invalid argument
06-12 20:11:47.899 D/gralloc_nox( 1767): gralloc_alloc: Creating ashmem region of size 8298496
06-12 20:11:47.916 E/ashmem  (21674): memfd: ro.vndk.version not defined or invalid (), this is mandated since P.
06-12 20:11:47.922 D/CompatibilityChangeReporter(21674): Compat change id reported: 171979766; UID 10058; state: ENABLED
06-12 20:11:47.968 V/GraphicsEnvironment(21674): ANGLE Developer option for 'tech.gtt.frontapp.stb.demo' set to: 'default'
06-12 20:11:47.969 V/GraphicsEnvironment(21674): ANGLE GameManagerService for tech.gtt.frontapp.stb.demo: false
06-12 20:11:47.969 V/GraphicsEnvironment(21674): Neither updatable production driver nor prerelease driver is supported.
06-12 20:11:47.971 D/NetworkSecurityConfig(21674): Using Network Security Config from resource network_security_config debugBuild: false
06-12 20:11:47.973 D/NetworkSecurityConfig(21674): Using Network Security Config from resource network_security_config debugBuild: false
06-12 20:11:47.983 I/MultiDex(21674): VM with version 2.1.0 has multidex support
06-12 20:11:47.983 I/MultiDex(21674): Installing application
06-12 20:11:47.983 I/MultiDex(21674): VM has multidex support, MultiDex support library is disabled.
06-12 20:11:47.983 E/[Package](21674): params: AppConfiguration(vnoId='11026504', brandId='d0k7d3p3kdikth2o3q6g', appId='d0jucrbq6bt4h33c0ma0', sourceId='30006401-31002837', authServers='https://gtt-app-apigateway-lion.vdemosit.com', shareKey='S2kQMgUSugYyMlk5QclHDaF0uDsFnB0oJoFeAFgsKb8=', packageName='tech.gtt.frontapp.stb.demo', appName='Goose TV', appVersionName='v1.0.0', appVersionCode='7', pluginVersionCode='1', pluginVersionName='6.0.0-beta-build5', packageSeq='1', buglyAppId='d76a04165f', buglyKey='13b89b2d-1c12-4c4f-93b8-46e3c2ef9f73', baseVersionCode='20000066', gitTag='2.1.4-beta6', supportLang='en,pt,es', defaultLang='en', bootLoadType='1')
06-12 20:11:47.983 W/System.err(21674): java.lang.ClassNotFoundException: tech.gtt.frontapp.stb.docker.plugin.PluginUtils
06-12 20:11:47.983 W/System.err(21674): 	at java.lang.Class.classForName(Native Method)
06-12 20:11:47.984 W/System.err(21674): 	at java.lang.Class.forName(Class.java:454)
06-12 20:11:47.984 W/System.err(21674): 	at java.lang.Class.forName(Class.java:379)
06-12 20:11:47.984 W/System.err(21674): 	at ot.e.b(SourceFile:3)
06-12 20:11:47.984 W/System.err(21674): 	at tech.gtt.frontapp.stb.app.MainApplication.attachBaseContext(SourceFile:130)
06-12 20:11:47.984 W/System.err(21674): 	at android.app.Application.attach(Application.java:338)
06-12 20:11:47.984 W/System.err(21674): 	at android.app.Instrumentation.newApplication(Instrumentation.java:1190)
06-12 20:11:47.984 W/System.err(21674): 	at android.app.LoadedApk.makeApplication(LoadedApk.java:1361)
06-12 20:11:47.984 W/System.err(21674): 	at android.app.ActivityThread.handleBindApplication(ActivityThread.java:6728)
06-12 20:11:47.984 W/System.err(21674): 	at android.app.ActivityThread.access$1500(ActivityThread.java:256)
06-12 20:11:47.984 W/System.err(21674): 	at android.app.ActivityThread$H.handleMessage(ActivityThread.java:2091)
06-12 20:11:47.984 W/System.err(21674): 	at android.os.Handler.dispatchMessage(Handler.java:106)
06-12 20:11:47.984 W/System.err(21674): 	at android.os.Looper.loopOnce(Looper.java:201)
06-12 20:11:47.984 W/System.err(21674): 	at android.os.Looper.loop(Looper.java:288)
06-12 20:11:47.984 W/System.err(21674): 	at android.app.ActivityThread.main(ActivityThread.java:7875)
06-12 20:11:47.984 W/System.err(21674): 	at java.lang.reflect.Method.invoke(Native Method)
06-12 20:11:47.984 W/System.err(21674): 	at com.android.internal.os.RuntimeInit$MethodAndArgsCaller.run(RuntimeInit.java:568)
06-12 20:11:47.984 W/System.err(21674): 	at com.android.internal.os.ZygoteInit.main(ZygoteInit.java:1005)
06-12 20:11:47.984 W/System.err(21674): Caused by: java.lang.ClassNotFoundException: tech.gtt.frontapp.stb.docker.plugin.PluginUtils
06-12 20:11:47.984 W/System.err(21674): 	... 18 more
06-12 20:11:47.984 E/[Package](21674): isInPluginMode: false
06-12 20:11:47.985 I/CustomActivityOnCrash(21674): CustomActivityOnCrash has been installed.
06-12 20:11:47.986 I/System.out(21674): Modular_Init : a - initialize
06-12 20:11:47.987 I/System.out(21674): Modular_Init : d - initialize
06-12 20:11:47.989 I/System.out(21674): Modular_Init : a - initialize
06-12 20:11:47.991 I/System.out(21674): Modular_Init : a - initialize
06-12 20:11:47.991 D/[CatchupInitModule](21674): init---
06-12 20:11:47.992 I/System.out(21674): Modular_Init : b - initialize
06-12 20:11:47.995 I/System.out(21674): Modular_Init : a - initialize
06-12 20:11:47.995 D/[ReplayInitialize](21674): init---
06-12 20:11:47.998 I/System.out(21674): Modular_Init : a - initialize
06-12 20:11:47.998 D/[LiveInitialize](21674): init---
06-12 20:11:47.999 D/AndroidAutoSize(21674): designWidthInDp = 360, designHeightInDp = 640, screenWidth = 1920, screenHeight = 1080
06-12 20:11:47.999 D/AndroidAutoSize(21674): initDensity = 2.0, initScaledDensity = 2.0
06-12 20:11:48.095 D/AndroidAutoSize(21674): tech.gtt.frontapp.stb.m.home.activity.SplashActivity used the global configuration.
06-12 20:11:48.129 D/AndroidAutoSize(21674): The tech.gtt.frontapp.stb.m.home.activity.SplashActivity has been adapted! 
06-12 20:11:48.129 D/AndroidAutoSize(21674): SplashActivity Info: isBaseOnWidth = true, designWidthInDp = 1920.000000, designWidthInSubunits = 1920.000000, targetDensity = 1.000000, targetScaledDensity = 1.000000, targetDensityDpi = 160, targetXdpi = 1.000000, targetScreenWidthDp = 1920, targetScreenHeightDp = 1032
06-12 20:11:48.204 D/AndroidAutoSize(21674): tech.gtt.frontapp.stb.m.home.activity.SplashActivity used the global configuration.
06-12 20:11:48.206 D/AndroidAutoSize(21674): The tech.gtt.frontapp.stb.m.home.activity.SplashActivity has been adapted! 
06-12 20:11:48.206 D/AndroidAutoSize(21674): SplashActivity Info: isBaseOnWidth = true, designWidthInDp = 1920.000000, designWidthInSubunits = 1920.000000, targetDensity = 1.000000, targetScaledDensity = 1.000000, targetDensityDpi = 160, targetXdpi = 1.000000, targetScreenWidthDp = 1920, targetScreenHeightDp = 1032
06-12 20:11:48.212 I/ActivityTaskManager( 1925): START u0 {act=android.content.pm.action.REQUEST_PERMISSIONS pkg=com.android.permissioncontroller cmp=com.android.permissioncontroller/.permission.ui.GrantPermissionsActivity (has extras)} from uid 10058
06-12 20:11:48.248 D/ontapp.stb.dem(21674): createUnique: call
06-12 20:11:48.249 D/ontapp.stb.dem(21674): HostComposition ext GL_OES_EGL_image GL_OES_EGL_image_external GL_OES_depth24 GL_OES_depth32 GL_OES_element_index_uint GL_OES_texture_float GL_OES_texture_float_linear GL_OES_compressed_paletted_texture GL_OES_compressed_ETC1_RGB8_texture GL_OES_depth_texture GL_EXT_texture_format_BGRA8888 GL_APPLE_texture_format_BGRA8888 GL_OES_texture_half_float GL_EXT_robustness GL_OES_texture_half_float_linear GL_OES_packed_depth_stencil GL_OES_vertex_half_float GL_OES_texture_npot GL_OES_rgb8_rgba8 GL_EXT_color_buffer_float GL_EXT_texture_sRGB_decode ANDROID_gles_max_version_3_1 GL_OES_vertex_array_object GL_EXT_texture_buffer GL_EXT_copy_image GL_KHR_texture_compression_astc_ldr GL_KHR_texture_compression_astc_hdr GL_OES_texture_compression_astc GL_OES_EGL_image_external
06-12 20:11:48.250 D/hw-ProcessState(21674): Binder ioctl to enable oneway spam detection failed: Invalid argument
06-12 20:11:48.250 W/OpenGLRenderer(21674): Failed to initialize 101010-2 format, error = EGL_SUCCESS
06-12 20:11:48.250 D/EGL_emulation(21674): rcCreateContext wated version 2.0  rc:4
06-12 20:11:48.269 D/EGL_emulation(21674): eglMakeCurrent: 0x7f531859f3f0: ver 3 2 (tinfo 0x7f52985a0750) (first time)
06-12 20:11:48.276 E/HWComposer( 1800): getSupportedContentTypes: getSupportedContentTypes failed for display 0: Unsupported (8)
06-12 20:11:48.276 I/hwservicemanager( 1564): getTransport: Cannot find entry android.hardware.graphics.mapper@4.0::IMapper/default in either framework or device VINTF manifest.
06-12 20:11:48.276 I/Gralloc4(21674): mapper 4.x is not supported
06-12 20:11:48.276 I/hwservicemanager( 1564): getTransport: Cannot find entry android.hardware.graphics.mapper@3.0::IMapper/default in either framework or device VINTF manifest.
06-12 20:11:48.276 W/Gralloc3(21674): mapper 3.x is not supported
06-12 20:11:48.277 I/hwservicemanager( 1564): getTransport: Cannot find entry android.hardware.graphics.allocator@4.0::IAllocator/default in either framework or device VINTF manifest.
06-12 20:11:48.277 W/Gralloc4(21674): allocator 4.x is not supported
06-12 20:11:48.277 I/hwservicemanager( 1564): getTransport: Cannot find entry android.hardware.graphics.allocator@3.0::IAllocator/default in either framework or device VINTF manifest.
06-12 20:11:48.277 W/Gralloc3(21674): allocator 3.x is not supported
06-12 20:11:48.277 D/gralloc_nox( 1767): gralloc_alloc: Creating ashmem region of size 8298496
06-12 20:11:48.285 D/ProcessState(21710): Binder ioctl to enable oneway spam detection failed: Invalid argument
06-12 20:11:48.305 D/ontapp.stb.dem(21674): createUnique: call
06-12 20:11:48.306 D/ontapp.stb.dem(21674): HostComposition ext GL_OES_EGL_image GL_OES_EGL_image_external GL_OES_depth24 GL_OES_depth32 GL_OES_element_index_uint GL_OES_texture_float GL_OES_texture_float_linear GL_OES_compressed_paletted_texture GL_OES_compressed_ETC1_RGB8_texture GL_OES_depth_texture GL_EXT_texture_format_BGRA8888 GL_APPLE_texture_format_BGRA8888 GL_OES_texture_half_float GL_EXT_robustness GL_OES_texture_half_float_linear GL_OES_packed_depth_stencil GL_OES_vertex_half_float GL_OES_texture_npot GL_OES_rgb8_rgba8 GL_EXT_color_buffer_float GL_EXT_texture_sRGB_decode ANDROID_gles_max_version_3_1 GL_OES_vertex_array_object GL_EXT_texture_buffer GL_EXT_copy_image GL_KHR_texture_compression_astc_ldr GL_KHR_texture_compression_astc_hdr GL_OES_texture_compression_astc GL_OES_EGL_image_external
06-12 20:11:48.308 D/gralloc_nox( 1767): gralloc_alloc: Creating ashmem region of size 8298496
06-12 20:11:48.342 D/gralloc_nox( 1767): gralloc_alloc: Creating ashmem region of size 8298496
06-12 20:11:48.402 E/libEGL  (21674): called unimplemented OpenGL ES API
06-12 20:11:48.452 W/ActivityTaskManager( 1925): Tried to set launchTime (0) < mLastActivityLaunchTime (4591179)
06-12 20:11:48.628 I/ActivityTaskManager( 1925): Displayed com.android.permissioncontroller/.permission.ui.GrantPermissionsActivity: +910ms
06-12 20:11:48.703 W/InputManager-JNI( 1925): Input channel object '7ec8ef0 Splash Screen tech.gtt.frontapp.stb.demo (client)' was disposed without first being removed with the input manager!
06-12 20:11:48.755 D/gralloc_nox( 1767): gralloc_alloc: Creating ashmem region of size 5496832
06-12 20:11:48.831 D/ProcessState(21722): Binder ioctl to enable oneway spam detection failed: Invalid argument
06-12 20:11:48.877 D/gralloc_nox( 1767): gralloc_alloc: Creating ashmem region of size 5496832
06-12 20:11:49.012 D/gralloc_nox( 1767): gralloc_alloc: Creating ashmem region of size 5496832
06-12 20:11:50.760 E/TaskPersister( 1925): File error accessing recents directory (directory doesn't exist?).
06-12 20:11:50.876 D/UIAutomatorStub(20959): URI: /jsonrpc/0, Method: POST, params, {NanoHttpd.QUERY_STRING=null}, files: {postData={"jsonrpc": "2.0", "id": 1, "method": "count", "params": [{"mask": 2097152, "childOrSibling": [], "childOrSiblingSelector": [], "resourceId": "com.android.permissioncontroller:id/permission_allow_button"}]}}
06-12 20:11:50.879 D/UiObject(20959): Waiting 0ms for UiSelector[RESOURCE_ID=com.android.permissioncontroller:id/permission_allow_button].
06-12 20:11:50.880 W/QueryController(20959): Could not detect idle state.
06-12 20:11:50.913 I/QueryController(20959): Matched selector: UiSelector[RESOURCE_ID=com.android.permissioncontroller:id/permission_allow_button] <<==>> [android.view.accessibility.AccessibilityNodeInfo@1231a; boundsInParent: Rect(0, 0 - 992, 112); boundsInScreen: Rect(464, 557 - 1456, 669); packageName: com.android.permissioncontroller; className: android.widget.Button; text: 允许; error: null; maxTextLength: -1; stateDescription: null; contentDescription: null; tooltipText: null; viewIdResName: com.android.permissioncontroller:id/permission_allow_button; checkable: false; checked: false; focusable: true; focused: false; selected: false; clickable: true; longClickable: false; contextClickable: false; enabled: true; password: false; scrollable: false; importantForAccessibility: true; visible: true; actions: [AccessibilityAction: ACTION_FOCUS - null, AccessibilityAction: ACTION_SELECT - null, AccessibilityAction: ACTION_CLEAR_SELECTION - null, AccessibilityAction: ACTION_CLICK - null, AccessibilityAction: ACTION_ACCESSIBILITY_FOCUS - null, AccessibilityAction: ACTION_NEXT_AT_MOVEMENT_GRANULARITY - null, AccessibilityAction: ACTION_PREVIOUS_AT_MOVEMENT_GRANULARITY - null, AccessibilityAction: ACTION_SET_SELECTION - null, AccessibilityAction: ACTION_SHOW_ON_SCREEN - null]]
06-12 20:11:50.914 D/UiObject(20959): Waiting 0ms for UiSelector[INSTANCE=1, RESOURCE_ID=com.android.permissioncontroller:id/permission_allow_button].
06-12 20:11:50.917 W/QueryController(20959): Could not detect idle state.
06-12 20:11:50.937 D/UIAutomatorStub(20959): URI: /jsonrpc/0, Method: POST, params, {NanoHttpd.QUERY_STRING=null}, files: {postData={"jsonrpc": "2.0", "id": 1, "method": "waitForExists", "params": [{"mask": 2097152, "childOrSibling": [], "childOrSiblingSelector": [], "resourceId": "com.android.permissioncontroller:id/permission_allow_button"}, 20000]}}
06-12 20:11:50.939 D/UiDevice(20959): Waiting 20000ms for SearchCondition[hasObject=BySelector [RES='\Qcom.android.permissioncontroller:id/permission_allow_button\E']].
06-12 20:11:50.939 D/UiDevice(20959): Searching for node with selector: BySelector [RES='\Qcom.android.permissioncontroller:id/permission_allow_button\E'].
06-12 20:11:50.941 W/QueryController(20959): Could not detect idle state.
06-12 20:11:50.992 D/UIAutomatorStub(20959): URI: /jsonrpc/0, Method: POST, params, {NanoHttpd.QUERY_STRING=null}, files: {postData={"jsonrpc": "2.0", "id": 1, "method": "objInfo", "params": [{"mask": 2097152, "childOrSibling": [], "childOrSiblingSelector": [], "resourceId": "com.android.permissioncontroller:id/permission_allow_button"}]}}
06-12 20:11:50.996 D/UiDevice(20959): Retrieving node with selector: BySelector [RES='\Qcom.android.permissioncontroller:id/permission_allow_button\E'].
06-12 20:11:50.996 W/QueryController(20959): Could not detect idle state.
06-12 20:11:51.006 W/QueryController(20959): Could not detect idle state.
06-12 20:11:51.010 W/QueryController(20959): Could not detect idle state.
06-12 20:11:51.013 W/QueryController(20959): Could not detect idle state.
06-12 20:11:51.016 W/QueryController(20959): Could not detect idle state.
06-12 20:11:51.020 W/QueryController(20959): Could not detect idle state.
06-12 20:11:51.025 W/QueryController(20959): Could not detect idle state.
06-12 20:11:51.029 W/QueryController(20959): Could not detect idle state.
06-12 20:11:51.032 W/QueryController(20959): Could not detect idle state.
06-12 20:11:51.035 W/QueryController(20959): Could not detect idle state.
06-12 20:11:51.036 W/QueryController(20959): Could not detect idle state.
06-12 20:11:51.037 W/QueryController(20959): Could not detect idle state.
06-12 20:11:51.040 W/QueryController(20959): Could not detect idle state.
06-12 20:11:51.045 W/QueryController(20959): Could not detect idle state.
06-12 20:11:51.046 W/QueryController(20959): Could not detect idle state.
06-12 20:11:51.048 W/QueryController(20959): Could not detect idle state.
06-12 20:11:51.051 W/QueryController(20959): Could not detect idle state.
06-12 20:11:51.052 W/QueryController(20959): Could not detect idle state.
06-12 20:11:51.092 D/UIAutomatorStub(20959): URI: /jsonrpc/0, Method: POST, params, {NanoHttpd.QUERY_STRING=null}, files: {postData={"jsonrpc": "2.0", "id": 1, "method": "click", "params": [960.0, 613.0]}}
06-12 20:11:51.113 V/DisplayPowerController[0]( 1925): Brightness [0.39763778] reason changing to: 'manual', previous reason: 'manual [ dim ]'.
06-12 20:11:51.125 E/DisplayDeviceConfig( 1925): requesting nits when no mapping exists.
06-12 20:11:51.126 E/DisplayDeviceConfig( 1925): requesting nits when no mapping exists.
06-12 20:11:51.128 I/DropBoxManagerService( 1925): add tag=system_server_wtf isTagEnabled=true flags=0x2
06-12 20:11:51.128 E/LightsService( 1925): Light requested not available on this device. 0
06-12 20:11:51.131 I/DropBoxManagerService( 1925): add tag=system_server_wtf isTagEnabled=true flags=0x2
06-12 20:11:51.142 E/DisplayDeviceConfig( 1925): requesting nits when no mapping exists.
06-12 20:11:51.142 E/DisplayDeviceConfig( 1925): requesting nits when no mapping exists.
06-12 20:11:51.143 I/DropBoxManagerService( 1925): add tag=system_server_wtf isTagEnabled=true flags=0x2
06-12 20:11:51.144 E/LightsService( 1925): Light requested not available on this device. 0
06-12 20:11:51.147 I/DropBoxManagerService( 1925): add tag=system_server_wtf isTagEnabled=true flags=0x2
06-12 20:11:51.156 E/DisplayDeviceConfig( 1925): requesting nits when no mapping exists.
06-12 20:11:51.158 E/DisplayDeviceConfig( 1925): requesting nits when no mapping exists.
06-12 20:11:51.159 I/DropBoxManagerService( 1925): add tag=system_server_wtf isTagEnabled=true flags=0x2
06-12 20:11:51.159 E/LightsService( 1925): Light requested not available on this device. 0
06-12 20:11:51.175 E/DisplayDeviceConfig( 1925): requesting nits when no mapping exists.
06-12 20:11:51.176 E/DisplayDeviceConfig( 1925): requesting nits when no mapping exists.
06-12 20:11:51.178 E/LightsService( 1925): Light requested not available on this device. 0
06-12 20:11:51.191 E/DisplayDeviceConfig( 1925): requesting nits when no mapping exists.
06-12 20:11:51.192 E/DisplayDeviceConfig( 1925): requesting nits when no mapping exists.
06-12 20:11:51.192 E/LightsService( 1925): Light requested not available on this device. 0
06-12 20:11:51.209 E/DisplayDeviceConfig( 1925): requesting nits when no mapping exists.
06-12 20:11:51.210 E/DisplayDeviceConfig( 1925): requesting nits when no mapping exists.
06-12 20:11:51.214 E/LightsService( 1925): Light requested not available on this device. 0
06-12 20:11:51.227 E/DisplayDeviceConfig( 1925): requesting nits when no mapping exists.
06-12 20:11:51.229 E/DisplayDeviceConfig( 1925): requesting nits when no mapping exists.
06-12 20:11:51.235 E/LightsService( 1925): Light requested not available on this device. 0
06-12 20:11:51.242 E/DisplayDeviceConfig( 1925): requesting nits when no mapping exists.
06-12 20:11:51.243 E/DisplayDeviceConfig( 1925): requesting nits when no mapping exists.
06-12 20:11:51.245 E/LightsService( 1925): Light requested not available on this device. 0
06-12 20:11:51.258 E/DisplayDeviceConfig( 1925): requesting nits when no mapping exists.
06-12 20:11:51.259 E/DisplayDeviceConfig( 1925): requesting nits when no mapping exists.
06-12 20:11:51.264 E/LightsService( 1925): Light requested not available on this device. 0
06-12 20:11:51.274 E/DisplayDeviceConfig( 1925): requesting nits when no mapping exists.
06-12 20:11:51.275 E/DisplayDeviceConfig( 1925): requesting nits when no mapping exists.
06-12 20:11:51.278 E/LightsService( 1925): Light requested not available on this device. 0
06-12 20:11:51.292 E/DisplayDeviceConfig( 1925): requesting nits when no mapping exists.
06-12 20:11:51.293 E/DisplayDeviceConfig( 1925): requesting nits when no mapping exists.
06-12 20:11:51.295 E/LightsService( 1925): Light requested not available on this device. 0
06-12 20:11:51.308 E/DisplayDeviceConfig( 1925): requesting nits when no mapping exists.
06-12 20:11:51.308 E/DisplayDeviceConfig( 1925): requesting nits when no mapping exists.
06-12 20:11:51.310 E/LightsService( 1925): Light requested not available on this device. 0
06-12 20:11:51.325 E/DisplayDeviceConfig( 1925): requesting nits when no mapping exists.
06-12 20:11:51.325 E/DisplayDeviceConfig( 1925): requesting nits when no mapping exists.
06-12 20:11:51.329 E/LightsService( 1925): Light requested not available on this device. 0
06-12 20:11:51.340 E/DisplayDeviceConfig( 1925): requesting nits when no mapping exists.
06-12 20:11:51.341 E/DisplayDeviceConfig( 1925): requesting nits when no mapping exists.
06-12 20:11:51.345 E/LightsService( 1925): Light requested not available on this device. 0
06-12 20:11:51.361 E/DisplayDeviceConfig( 1925): requesting nits when no mapping exists.
06-12 20:11:51.361 E/DisplayDeviceConfig( 1925): requesting nits when no mapping exists.
06-12 20:11:51.364 E/LightsService( 1925): Light requested not available on this device. 0
06-12 20:11:51.379 E/DisplayDeviceConfig( 1925): requesting nits when no mapping exists.
06-12 20:11:51.380 E/DisplayDeviceConfig( 1925): requesting nits when no mapping exists.
06-12 20:11:51.381 E/LightsService( 1925): Light requested not available on this device. 0
06-12 20:11:51.386 V/GrantPermissionsViewModel(21021): Logged buttons presented and clicked permissionGroupName=android.permission-group.STORAGE uid=10058 selectedLocations=0 package=tech.gtt.frontapp.stb.demo presentedButtons=9 clickedButton=1 sessionId=7331034294103802533 targetSdk=35
06-12 20:11:51.394 I/MediaProvider( 2559): Invalidating LocalCallingIdentity cache for package tech.gtt.frontapp.stb.demo. Reason: op android:read_external_storage
06-12 20:11:51.395 I/MediaProvider( 2559): Invalidating LocalCallingIdentity cache for package tech.gtt.frontapp.stb.demo. Reason: op android:read_external_storage
06-12 20:11:51.399 V/GrantPermissionsViewModel(21021): Permission grant result requestId=7331034294103802533 callingUid=10058 callingPackage=tech.gtt.frontapp.stb.demo permission=android.permission.READ_EXTERNAL_STORAGE isImplicit=false result=4
06-12 20:11:51.404 D/gralloc_nox( 1767): gralloc_alloc: Creating ashmem region of size 8298496
06-12 20:11:51.433 E/android.hardware.audio.service( 1756): pcm_open called create stream faild
06-12 20:11:51.712 D/CompatibilityChangeReporter(21674): Compat change id reported: 78294732; UID 10058; state: ENABLED
06-12 20:11:51.715 I/b       (21674): freeSpace : 116667MB
06-12 20:11:51.837 D/ProcessState(21734): Binder ioctl to enable oneway spam detection failed: Invalid argument
06-12 20:11:51.910 D/ConnectivityService( 1925): NetReassign [no changes]
06-12 20:11:51.927 V/GSK     (21674): StorageServiceImpl initialization() executed in 1 ms.
06-12 20:11:51.927 V/GSK     (21674): SecurityServiceImpl initialization() executed in 0 ms.
06-12 20:11:52.065 W/System.err(21674): SLF4J(W): No SLF4J providers were found.
06-12 20:11:52.065 W/System.err(21674): SLF4J(W): Defaulting to no-operation (NOP) logger implementation
06-12 20:11:52.065 W/System.err(21674): SLF4J(W): See https://www.slf4j.org/codes.html#noProviders for further details.
06-12 20:11:52.136 W/InputManager-JNI( 1925): Input channel object '2330914 com.android.permissioncontroller/com.android.permissioncontroller.permission.ui.GrantPermissionsActivity (client)' was disposed without first being removed with the input manager!
06-12 20:11:52.147 W/System.err(21674): kotlinx.serialization.json.internal.JsonDecodingException: Expected start of the object '{', but had 'EOF' instead at path: $
06-12 20:11:52.147 W/System.err(21674): JSON input: 
06-12 20:11:52.147 W/System.err(21674): 	at kotlinx.serialization.json.internal.JsonExceptionsKt.JsonDecodingException(SourceFile:1)
06-12 20:11:52.147 W/System.err(21674): 	at kotlinx.serialization.json.internal.JsonExceptionsKt.JsonDecodingException(SourceFile:2)
06-12 20:11:52.147 W/System.err(21674): 	at kotlinx.serialization.json.internal.AbstractJsonLexer.fail(SourceFile:52)
06-12 20:11:52.147 W/System.err(21674): 	at kotlinx.serialization.json.internal.AbstractJsonLexer.fail$default(SourceFile:15)
06-12 20:11:52.147 W/System.err(21674): 	at kotlinx.serialization.json.internal.AbstractJsonLexer.unexpectedToken(SourceFile:103)
06-12 20:11:52.147 W/System.err(21674): 	at kotlinx.serialization.json.internal.StringJsonLexer.consumeNextToken(SourceFile:16)
06-12 20:11:52.147 W/System.err(21674): 	at kotlinx.serialization.json.internal.StreamingJsonDecoder.beginStructure(SourceFile:23)
06-12 20:11:52.147 W/System.err(21674): 	at tech.gtt.frontapp.servicesdk.common.service.utility.apis.e2ee.E2eeConfigResponse$$serializer.deserialize(SourceFile:2)
06-12 20:11:52.147 W/System.err(21674): 	at tech.gtt.frontapp.servicesdk.common.service.utility.apis.e2ee.E2eeConfigResponse$$serializer.deserialize(SourceFile:1)
06-12 20:11:52.147 W/System.err(21674): 	at kotlinx.serialization.json.internal.StreamingJsonDecoder.decodeSerializableValue(SourceFile:320)
06-12 20:11:52.147 W/System.err(21674): 	at kotlinx.serialization.json.Json.decodeFromString(SourceFile:3)
06-12 20:11:52.147 W/System.err(21674): 	at tech.gtt.frontapp.servicesdk.common.service.utility.apis.e2ee.E2eeManager.syncE2eeConfig(SourceFile:74)
06-12 20:11:52.147 W/System.err(21674): 	at tech.gtt.frontapp.servicesdk.common.service.utility.apis.ApiUtilServiceImpl.onServiceInit(SourceFile:228)
06-12 20:11:52.147 W/System.err(21674): 	at tech.gtt.frontapp.servicesdk.common.core.ServiceSDKImpl.executeServiceInitialize(SourceFile:372)
06-12 20:11:52.147 W/System.err(21674): 	at tech.gtt.frontapp.servicesdk.common.core.ServiceSDKImpl.access$executeServiceInitialize(SourceFile:1)
06-12 20:11:52.147 W/System.err(21674): 	at tech.gtt.frontapp.servicesdk.common.core.ServiceSDKImpl$init$1.invokeSuspend(SourceFile:178)
06-12 20:11:52.147 W/System.err(21674): 	at tech.gtt.frontapp.servicesdk.common.core.ServiceSDKImpl$init$1.invoke(SourceFile:2)
06-12 20:11:52.147 W/System.err(21674): 	at tech.gtt.frontapp.servicesdk.common.core.ServiceSDKImpl$init$1.invoke(SourceFile:1)
06-12 20:11:52.147 W/System.err(21674): 	at kotlinx.coroutines.flow.SafeFlow.collectSafely(SourceFile:3)
06-12 20:11:52.147 W/System.err(21674): 	at kotlinx.coroutines.flow.AbstractFlow.collect(SourceFile:70)
06-12 20:11:52.147 W/System.err(21674): 	at tech.gtt.frontapp.servicesdk.common.core.SDKSetup$build$1.invokeSuspend(SourceFile:42)
06-12 20:11:52.147 W/System.err(21674): 	at tech.gtt.frontapp.servicesdk.common.core.SDKSetup$build$1.invoke(SourceFile:2)
06-12 20:11:52.147 W/System.err(21674): 	at tech.gtt.frontapp.servicesdk.common.core.SDKSetup$build$1.invoke(SourceFile:1)
06-12 20:11:52.147 W/System.err(21674): 	at tech.gtt.frontapp.servicesdk.common.core.Scheduler$scheduleDirect$1.invokeSuspend(SourceFile:61)
06-12 20:11:52.147 W/System.err(21674): 	at lh.a.resumeWith(SourceFile:14)
06-12 20:11:52.147 W/System.err(21674): 	at kotlinx.coroutines.DispatchedTask.run(SourceFile:123)
06-12 20:11:52.147 W/System.err(21674): 	at kotlinx.coroutines.internal.LimitedDispatcher$Worker.run(SourceFile:4)
06-12 20:11:52.147 W/System.err(21674): 	at kotlinx.coroutines.scheduling.TaskImpl.run(SourceFile:3)
06-12 20:11:52.147 W/System.err(21674): 	at kotlinx.coroutines.scheduling.CoroutineScheduler.runSafely(SourceFile:1)
06-12 20:11:52.147 W/System.err(21674): 	at kotlinx.coroutines.scheduling.CoroutineScheduler$Worker.executeTask(SourceFile:34)
06-12 20:11:52.147 W/System.err(21674): 	at kotlinx.coroutines.scheduling.CoroutineScheduler$Worker.runWorker(SourceFile:29)
06-12 20:11:52.147 W/System.err(21674): 	at kotlinx.coroutines.scheduling.CoroutineScheduler$Worker.run(SourceFile:1)
06-12 20:11:52.158 W/SurfaceFlinger( 1800): couldn't log to binary event log: overflow.
06-12 20:11:52.163 W/System.err(21674): java.io.FileNotFoundException: sys/class/sunxi_info/sys_info: open failed: ENOENT (No such file or directory)
06-12 20:11:52.164 W/System.err(21674): 	at libcore.io.IoBridge.open(IoBridge.java:575)
06-12 20:11:52.164 W/System.err(21674): 	at java.io.FileInputStream.<init>(FileInputStream.java:160)
06-12 20:11:52.164 W/System.err(21674): 	at java.io.FileInputStream.<init>(FileInputStream.java:115)
06-12 20:11:52.164 W/System.err(21674): 	at ip.b.b(SourceFile:5)
06-12 20:11:52.164 W/System.err(21674): 	at ip.b.a(SourceFile:155)
06-12 20:11:52.164 W/System.err(21674): 	at ip.a.invoke(SourceFile:589)
06-12 20:11:52.164 W/System.err(21674): 	at dh.v.getValue(SourceFile:21)
06-12 20:11:52.164 W/System.err(21674): 	at tech.gtt.frontapp.servicesdk.common.network.interceptor.params.ApiDeviceParams.handleFixedParams(SourceFile:52)
06-12 20:11:52.164 W/System.err(21674): 	at tech.gtt.frontapp.servicesdk.common.service.utility.apis.IParamsGetter.toMaps(SourceFile:87)
06-12 20:11:52.164 W/System.err(21674): 	at tech.gtt.frontapp.servicesdk.common.network.interceptor.DefaultParamsInterceptor.onRequest(SourceFile:127)
06-12 20:11:52.164 W/System.err(21674): 	at tech.gtt.frontapp.servicesdk.common.network.interceptor.SDKInterceptorsPluginKt$setupRequestInterception$1.invokeSuspend(SourceFile:103)
06-12 20:11:52.164 W/System.err(21674): 	at tech.gtt.frontapp.servicesdk.common.network.interceptor.SDKInterceptorsPluginKt$setupRequestInterception$1.invoke(SourceFile:1)
06-12 20:11:52.164 W/System.err(21674): 	at tech.gtt.frontapp.servicesdk.common.network.interceptor.SDKInterceptorsPluginKt$setupRequestInterception$1.invoke(SourceFile:2)
06-12 20:11:52.164 W/System.err(21674): 	at io.ktor.util.pipeline.DebugPipelineContext.proceedLoop(SourceFile:86)
06-12 20:11:52.164 W/System.err(21674): 	at io.ktor.util.pipeline.DebugPipelineContext.proceed(SourceFile:26)
06-12 20:11:52.164 W/System.err(21674): 	at io.ktor.client.plugins.RequestError$install$1.invokeSuspend(SourceFile:47)
06-12 20:11:52.164 W/System.err(21674): 	at io.ktor.client.plugins.RequestError$install$1.invoke(SourceFile:1)
06-12 20:11:52.164 W/System.err(21674): 	at io.ktor.client.plugins.RequestError$install$1.invoke(SourceFile:2)
06-12 20:11:52.164 W/System.err(21674): 	at io.ktor.util.pipeline.DebugPipelineContext.proceedLoop(SourceFile:86)
06-12 20:11:52.164 W/System.err(21674): 	at io.ktor.util.pipeline.DebugPipelineContext.proceed(SourceFile:26)
06-12 20:11:52.164 W/System.err(21674): 	at io.ktor.client.plugins.SetupRequestContext$install$1.invokeSuspend$proceed(SourceFile:1)
06-12 20:11:52.164 W/System.err(21674): 	at io.ktor.client.plugins.SetupRequestContext$install$1.access$invokeSuspend$proceed(SourceFile:1)
06-12 20:11:52.164 W/System.err(21674): 	at io.ktor.client.plugins.SetupRequestContext$install$1$1.invoke(SourceFile:2)
06-12 20:11:52.164 W/System.err(21674): 	at io.ktor.client.plugins.SetupRequestContext$install$1$1.invoke(SourceFile:1)
06-12 20:11:52.164 W/System.err(21674): 	at io.ktor.client.plugins.HttpRequestLifecycleKt$HttpRequestLifecycle$1$1.invokeSuspend(SourceFile:78)
06-12 20:11:52.164 W/System.err(21674): 	at io.ktor.client.plugins.HttpRequestLifecycleKt$HttpRequestLifecycle$1$1.invoke(SourceFile:1)
06-12 20:11:52.164 W/System.err(21674): 	at io.ktor.client.plugins.HttpRequestLifecycleKt$HttpRequestLifecycle$1$1.invoke(SourceFile:2)
06-12 20:11:52.164 W/System.err(21674): 	at io.ktor.client.plugins.SetupRequestContext$install$1.invokeSuspend(SourceFile:42)
06-12 20:11:52.164 W/System.err(21674): 	at io.ktor.client.plugins.SetupRequestContext$install$1.invoke(SourceFile:1)
06-12 20:11:52.164 W/System.err(21674): 	at io.ktor.client.plugins.SetupRequestContext$install$1.invoke(SourceFile:2)
06-12 20:11:52.164 W/System.err(21674): 	at io.ktor.util.pipeline.DebugPipelineContext.proceedLoop(SourceFile:86)
06-12 20:11:52.164 W/System.err(21674): 	at io.ktor.util.pipeline.DebugPipelineContext.proceed(SourceFile:26)
06-12 20:11:52.164 W/System.err(21674): 	at io.ktor.util.pipeline.DebugPipelineContext.execute$ktor_utils(SourceFile:7)
06-12 20:11:52.164 W/System.err(21674): 	at io.ktor.util.pipeline.Pipeline.execute(SourceFile:9)
06-12 20:11:52.164 W/System.err(21674): 	at io.ktor.client.HttpClient.execute$ktor_client_core(SourceFile:68)
06-12 20:11:52.164 W/System.err(21674): 	at io.ktor.client.statement.HttpStatement.fetchResponse(SourceFile:90)
06-12 20:11:52.164 W/System.err(21674): 	at io.ktor.client.statement.HttpStatement.execute(SourceFile:9)
06-12 20:11:52.164 W/System.err(21674): 	at de.jensklingenberg.ktorfit.internal.KtorfitConverterHelper.suspendRequest(SourceFile:127)
06-12 20:11:52.164 W/System.err(21674): 	at de.jensklingenberg.ktorfit.internal.KtorfitConverterHelper$request$1$1.invokeSuspend(SourceFile:58)
06-12 20:11:52.164 W/System.err(21674): 	at de.jensklingenberg.ktorfit.internal.KtorfitConverterHelper$request$1$1.invoke(SourceFile:2)
06-12 20:11:52.164 W/System.err(21674): 	at de.jensklingenberg.ktorfit.internal.KtorfitConverterHelper$request$1$1.invoke(SourceFile:1)
06-12 20:11:52.164 W/System.err(21674): 	at de.jensklingenberg.ktorfit.converter.FlowConverterFactory$responseConverter$1$convert$1.invokeSuspend(SourceFile:84)
06-12 20:11:52.164 W/System.err(21674): 	at de.jensklingenberg.ktorfit.converter.FlowConverterFactory$responseConverter$1$convert$1.invoke(SourceFile:2)
06-12 20:11:52.164 W/System.err(21674): 	at de.jensklingenberg.ktorfit.converter.FlowConverterFactory$responseConverter$1$convert$1.invoke(SourceFile:1)
06-12 20:11:52.164 W/System.err(21674): 	at kotlinx.coroutines.flow.SafeFlow.collectSafely(SourceFile:3)
06-12 20:11:52.164 W/System.err(21674): 	at kotlinx.coroutines.flow.AbstractFlow.collect(SourceFile:70)
06-12 20:11:52.164 W/System.err(21674): 	at kotlinx.coroutines.flow.FlowKt__MergeKt$flatMapConcat$$inlined$map$1.collect(SourceFile:10)
06-12 20:11:52.164 W/System.err(21674): 	at kotlinx.coroutines.flow.FlowKt__MergeKt$flattenConcat$$inlined$unsafeFlow$1.collect(SourceFile:8)
06-12 20:11:52.164 W/System.err(21674): 	at kotlinx.coroutines.flow.FlowKt__CollectKt.collect(SourceFile:1)
06-12 20:11:52.164 W/System.err(21674): 	at kotlinx.coroutines.flow.FlowKt.collect(SourceFile:1)
06-12 20:11:52.164 W/System.err(21674): 	at tech.gtt.frontapp.servicesdk.common.service.utility.apis.ApiUtilServiceImpl.onServiceInit(SourceFile:240)
06-12 20:11:52.164 W/System.err(21674): 	at tech.gtt.frontapp.servicesdk.common.core.ServiceSDKImpl.executeServiceInitialize(SourceFile:372)
06-12 20:11:52.164 W/System.err(21674): 	at tech.gtt.frontapp.servicesdk.common.core.ServiceSDKImpl.access$executeServiceInitialize(SourceFile:1)
06-12 20:11:52.164 W/System.err(21674): 	at tech.gtt.frontapp.servicesdk.common.core.ServiceSDKImpl$init$1.invokeSuspend(SourceFile:178)
06-12 20:11:52.164 W/System.err(21674): 	at tech.gtt.frontapp.servicesdk.common.core.ServiceSDKImpl$init$1.invoke(SourceFile:2)
06-12 20:11:52.164 W/System.err(21674): 	at tech.gtt.frontapp.servicesdk.common.core.ServiceSDKImpl$init$1.invoke(SourceFile:1)
06-12 20:11:52.164 W/System.err(21674): 	at kotlinx.coroutines.flow.SafeFlow.collectSafely(SourceFile:3)
06-12 20:11:52.164 W/System.err(21674): 	at kotlinx.coroutines.flow.AbstractFlow.collect(SourceFile:70)
06-12 20:11:52.164 W/System.err(21674): 	at tech.gtt.frontapp.servicesdk.common.core.SDKSetup$build$1.invokeSuspend(SourceFile:42)
06-12 20:11:52.164 W/System.err(21674): 	at tech.gtt.frontapp.servicesdk.common.core.SDKSetup$build$1.invoke(SourceFile:2)
06-12 20:11:52.164 W/System.err(21674): 	at tech.gtt.frontapp.servicesdk.common.core.SDKSetup$build$1.invoke(SourceFile:1)
06-12 20:11:52.164 W/System.err(21674): 	at tech.gtt.frontapp.servicesdk.common.core.Scheduler$scheduleDirect$1.invokeSuspend(SourceFile:61)
06-12 20:11:52.164 W/System.err(21674): 	at lh.a.resumeWith(SourceFile:14)
06-12 20:11:52.164 W/System.err(21674): 	at kotlinx.coroutines.DispatchedTask.run(SourceFile:123)
06-12 20:11:52.164 W/System.err(21674): 	at kotlinx.coroutines.internal.LimitedDispatcher$Worker.run(SourceFile:4)
06-12 20:11:52.165 W/System.err(21674): 	at kotlinx.coroutines.scheduling.TaskImpl.run(SourceFile:3)
06-12 20:11:52.165 W/System.err(21674): 	at kotlinx.coroutines.scheduling.CoroutineScheduler.runSafely(SourceFile:1)
06-12 20:11:52.165 W/System.err(21674): 	at kotlinx.coroutines.scheduling.CoroutineScheduler$Worker.executeTask(SourceFile:34)
06-12 20:11:52.165 W/System.err(21674): 	at kotlinx.coroutines.scheduling.CoroutineScheduler$Worker.runWorker(SourceFile:29)
06-12 20:11:52.165 W/System.err(21674): 	at kotlinx.coroutines.scheduling.CoroutineScheduler$Worker.run(SourceFile:1)
06-12 20:11:52.165 W/System.err(21674): Caused by: android.system.ErrnoException: open failed: ENOENT (No such file or directory)
06-12 20:11:52.165 W/System.err(21674): 	at libcore.io.Linux.open(Native Method)
06-12 20:11:52.165 W/System.err(21674): 	at libcore.io.ForwardingOs.open(ForwardingOs.java:567)
06-12 20:11:52.165 W/System.err(21674): 	at libcore.io.BlockGuardOs.open(BlockGuardOs.java:273)
06-12 20:11:52.165 W/System.err(21674): 	at libcore.io.ForwardingOs.open(ForwardingOs.java:567)
06-12 20:11:52.165 W/System.err(21674): 	at android.app.ActivityThread$AndroidOs.open(ActivityThread.java:7761)
06-12 20:11:52.165 W/System.err(21674): 	at libcore.io.IoBridge.open(IoBridge.java:561)
06-12 20:11:52.165 W/System.err(21674): 	... 69 more
06-12 20:11:52.167 W/System.err(21674): java.io.FileNotFoundException: sys/class/sunxi_info/sys_info: open failed: ENOENT (No such file or directory)
06-12 20:11:52.168 W/System.err(21674): 	at libcore.io.IoBridge.open(IoBridge.java:575)
06-12 20:11:52.168 W/System.err(21674): 	at java.io.FileInputStream.<init>(FileInputStream.java:160)
06-12 20:11:52.168 W/System.err(21674): 	at java.io.FileInputStream.<init>(FileInputStream.java:115)
06-12 20:11:52.168 W/System.err(21674): 	at ip.b.b(SourceFile:5)
06-12 20:11:52.168 W/System.err(21674): 	at ip.b.a(SourceFile:155)
06-12 20:11:52.168 W/System.err(21674): 	at ip.a.invoke(SourceFile:127)
06-12 20:11:52.168 W/System.err(21674): 	at dh.v.getValue(SourceFile:21)
06-12 20:11:52.168 W/System.err(21674): 	at tech.gtt.frontapp.servicesdk.common.network.interceptor.params.ApiDeviceParams.handleFixedParams(SourceFile:65)
06-12 20:11:52.168 W/System.err(21674): 	at tech.gtt.frontapp.servicesdk.common.service.utility.apis.IParamsGetter.toMaps(SourceFile:87)
06-12 20:11:52.168 W/System.err(21674): 	at tech.gtt.frontapp.servicesdk.common.network.interceptor.DefaultParamsInterceptor.onRequest(SourceFile:127)
06-12 20:11:52.168 W/System.err(21674): 	at tech.gtt.frontapp.servicesdk.common.network.interceptor.SDKInterceptorsPluginKt$setupRequestInterception$1.invokeSuspend(SourceFile:103)
06-12 20:11:52.168 W/System.err(21674): 	at tech.gtt.frontapp.servicesdk.common.network.interceptor.SDKInterceptorsPluginKt$setupRequestInterception$1.invoke(SourceFile:1)
06-12 20:11:52.168 W/System.err(21674): 	at tech.gtt.frontapp.servicesdk.common.network.interceptor.SDKInterceptorsPluginKt$setupRequestInterception$1.invoke(SourceFile:2)
06-12 20:11:52.168 W/System.err(21674): 	at io.ktor.util.pipeline.DebugPipelineContext.proceedLoop(SourceFile:86)
06-12 20:11:52.168 W/System.err(21674): 	at io.ktor.util.pipeline.DebugPipelineContext.proceed(SourceFile:26)
06-12 20:11:52.168 W/System.err(21674): 	at io.ktor.client.plugins.RequestError$install$1.invokeSuspend(SourceFile:47)
06-12 20:11:52.168 W/System.err(21674): 	at io.ktor.client.plugins.RequestError$install$1.invoke(SourceFile:1)
06-12 20:11:52.168 W/System.err(21674): 	at io.ktor.client.plugins.RequestError$install$1.invoke(SourceFile:2)
06-12 20:11:52.168 W/System.err(21674): 	at io.ktor.util.pipeline.DebugPipelineContext.proceedLoop(SourceFile:86)
06-12 20:11:52.168 W/System.err(21674): 	at io.ktor.util.pipeline.DebugPipelineContext.proceed(SourceFile:26)
06-12 20:11:52.168 W/System.err(21674): 	at io.ktor.client.plugins.SetupRequestContext$install$1.invokeSuspend$proceed(SourceFile:1)
06-12 20:11:52.168 W/System.err(21674): 	at io.ktor.client.plugins.SetupRequestContext$install$1.access$invokeSuspend$proceed(SourceFile:1)
06-12 20:11:52.168 W/System.err(21674): 	at io.ktor.client.plugins.SetupRequestContext$install$1$1.invoke(SourceFile:2)
06-12 20:11:52.168 W/System.err(21674): 	at io.ktor.client.plugins.SetupRequestContext$install$1$1.invoke(SourceFile:1)
06-12 20:11:52.168 W/System.err(21674): 	at io.ktor.client.plugins.HttpRequestLifecycleKt$HttpRequestLifecycle$1$1.invokeSuspend(SourceFile:78)
06-12 20:11:52.168 W/System.err(21674): 	at io.ktor.client.plugins.HttpRequestLifecycleKt$HttpRequestLifecycle$1$1.invoke(SourceFile:1)
06-12 20:11:52.168 W/System.err(21674): 	at io.ktor.client.plugins.HttpRequestLifecycleKt$HttpRequestLifecycle$1$1.invoke(SourceFile:2)
06-12 20:11:52.168 W/System.err(21674): 	at io.ktor.client.plugins.SetupRequestContext$install$1.invokeSuspend(SourceFile:42)
06-12 20:11:52.168 W/System.err(21674): 	at io.ktor.client.plugins.SetupRequestContext$install$1.invoke(SourceFile:1)
06-12 20:11:52.168 W/System.err(21674): 	at io.ktor.client.plugins.SetupRequestContext$install$1.invoke(SourceFile:2)
06-12 20:11:52.168 W/System.err(21674): 	at io.ktor.util.pipeline.DebugPipelineContext.proceedLoop(SourceFile:86)
06-12 20:11:52.168 W/System.err(21674): 	at io.ktor.util.pipeline.DebugPipelineContext.proceed(SourceFile:26)
06-12 20:11:52.168 W/System.err(21674): 	at io.ktor.util.pipeline.DebugPipelineContext.execute$ktor_utils(SourceFile:7)
06-12 20:11:52.168 W/System.err(21674): 	at io.ktor.util.pipeline.Pipeline.execute(SourceFile:9)
06-12 20:11:52.168 W/System.err(21674): 	at io.ktor.client.HttpClient.execute$ktor_client_core(SourceFile:68)
06-12 20:11:52.168 W/System.err(21674): 	at io.ktor.client.statement.HttpStatement.fetchResponse(SourceFile:90)
06-12 20:11:52.168 W/System.err(21674): 	at io.ktor.client.statement.HttpStatement.execute(SourceFile:9)
06-12 20:11:52.168 W/System.err(21674): 	at de.jensklingenberg.ktorfit.internal.KtorfitConverterHelper.suspendRequest(SourceFile:127)
06-12 20:11:52.168 W/System.err(21674): 	at de.jensklingenberg.ktorfit.internal.KtorfitConverterHelper$request$1$1.invokeSuspend(SourceFile:58)
06-12 20:11:52.168 W/System.err(21674): 	at de.jensklingenberg.ktorfit.internal.KtorfitConverterHelper$request$1$1.invoke(SourceFile:2)
06-12 20:11:52.168 W/System.err(21674): 	at de.jensklingenberg.ktorfit.internal.KtorfitConverterHelper$request$1$1.invoke(SourceFile:1)
06-12 20:11:52.168 W/System.err(21674): 	at de.jensklingenberg.ktorfit.converter.FlowConverterFactory$responseConverter$1$convert$1.invokeSuspend(SourceFile:84)
06-12 20:11:52.168 W/System.err(21674): 	at de.jensklingenberg.ktorfit.converter.FlowConverterFactory$responseConverter$1$convert$1.invoke(SourceFile:2)
06-12 20:11:52.168 W/System.err(21674): 	at de.jensklingenberg.ktorfit.converter.FlowConverterFactory$responseConverter$1$convert$1.invoke(SourceFile:1)
06-12 20:11:52.168 W/System.err(21674): 	at kotlinx.coroutines.flow.SafeFlow.collectSafely(SourceFile:3)
06-12 20:11:52.168 W/System.err(21674): 	at kotlinx.coroutines.flow.AbstractFlow.collect(SourceFile:70)
06-12 20:11:52.168 W/System.err(21674): 	at kotlinx.coroutines.flow.FlowKt__MergeKt$flatMapConcat$$inlined$map$1.collect(SourceFile:10)
06-12 20:11:52.168 W/System.err(21674): 	at kotlinx.coroutines.flow.FlowKt__MergeKt$flattenConcat$$inlined$unsafeFlow$1.collect(SourceFile:8)
06-12 20:11:52.168 W/System.err(21674): 	at kotlinx.coroutines.flow.FlowKt__CollectKt.collect(SourceFile:1)
06-12 20:11:52.168 W/System.err(21674): 	at kotlinx.coroutines.flow.FlowKt.collect(SourceFile:1)
06-12 20:11:52.168 W/System.err(21674): 	at tech.gtt.frontapp.servicesdk.common.service.utility.apis.ApiUtilServiceImpl.onServiceInit(SourceFile:240)
06-12 20:11:52.168 W/System.err(21674): 	at tech.gtt.frontapp.servicesdk.common.core.ServiceSDKImpl.executeServiceInitialize(SourceFile:372)
06-12 20:11:52.168 W/System.err(21674): 	at tech.gtt.frontapp.servicesdk.common.core.ServiceSDKImpl.access$executeServiceInitialize(SourceFile:1)
06-12 20:11:52.168 W/System.err(21674): 	at tech.gtt.frontapp.servicesdk.common.core.ServiceSDKImpl$init$1.invokeSuspend(SourceFile:178)
06-12 20:11:52.168 W/System.err(21674): 	at tech.gtt.frontapp.servicesdk.common.core.ServiceSDKImpl$init$1.invoke(SourceFile:2)
06-12 20:11:52.168 W/System.err(21674): 	at tech.gtt.frontapp.servicesdk.common.core.ServiceSDKImpl$init$1.invoke(SourceFile:1)
06-12 20:11:52.168 W/System.err(21674): 	at kotlinx.coroutines.flow.SafeFlow.collectSafely(SourceFile:3)
06-12 20:11:52.168 W/System.err(21674): 	at kotlinx.coroutines.flow.AbstractFlow.collect(SourceFile:70)
06-12 20:11:52.169 W/System.err(21674): 	at tech.gtt.frontapp.servicesdk.common.core.SDKSetup$build$1.invokeSuspend(SourceFile:42)
06-12 20:11:52.169 W/System.err(21674): 	at tech.gtt.frontapp.servicesdk.common.core.SDKSetup$build$1.invoke(SourceFile:2)
06-12 20:11:52.169 W/System.err(21674): 	at tech.gtt.frontapp.servicesdk.common.core.SDKSetup$build$1.invoke(SourceFile:1)
06-12 20:11:52.169 W/System.err(21674): 	at tech.gtt.frontapp.servicesdk.common.core.Scheduler$scheduleDirect$1.invokeSuspend(SourceFile:61)
06-12 20:11:52.169 W/System.err(21674): 	at lh.a.resumeWith(SourceFile:14)
06-12 20:11:52.169 W/System.err(21674): 	at kotlinx.coroutines.DispatchedTask.run(SourceFile:123)
06-12 20:11:52.169 W/System.err(21674): 	at kotlinx.coroutines.internal.LimitedDispatcher$Worker.run(SourceFile:4)
06-12 20:11:52.169 W/System.err(21674): 	at kotlinx.coroutines.scheduling.TaskImpl.run(SourceFile:3)
06-12 20:11:52.169 W/System.err(21674): 	at kotlinx.coroutines.scheduling.CoroutineScheduler.runSafely(SourceFile:1)
06-12 20:11:52.169 W/System.err(21674): 	at kotlinx.coroutines.scheduling.CoroutineScheduler$Worker.executeTask(SourceFile:34)
