06-12 20:11:55.566 W/ByMatcher(20959): Node returned null child: android.view.accessibility.AccessibilityNodeInfo@80006ee9; boundsInParent: Rect(0, 0 - 1920, 1080); boundsInScreen: Rect(0, 0 - 1920, 1080); packageName: tech.gtt.frontapp.stb.demo; className: android.widget.FrameLayout; text: null; error: null; maxTextLength: -1; stateDescription: null; contentDescription: null; tooltipText: null; viewIdResName: null; checkable: false; checked: false; focusable: false; focused: false; selected: false; clickable: false; longClickable: false; contextClickable: false; enabled: true; password: false; scrollable: false; importantForAccessibility: true; visible: true; actions: [AccessibilityAction: ACTION_SELECT - null, AccessibilityAction: ACTION_CLEAR_SELECTION - null, AccessibilityAction: ACTION_ACCESSIBILITY_FOCUS - null, AccessibilityAction: ACTION_SHOW_ON_SCREEN - null]
06-12 20:11:55.567 W/ByMatcher(20959): Skipping null child (0 of 2)
06-12 20:11:55.569 W/ByMatcher(20959): Skipping null child (1 of 2)
06-12 20:11:55.581 D/CompatibilityChangeReporter(21674): Compat change id reported: 171228096; UID 10058; state: ENABLED
06-12 20:11:55.596 W/DataBinding(21674): Setting the fragment as the LifecycleOwner might cause memory leaks because views lives shorter than the Fragment. Consider using Fragment's view lifecycle
06-12 20:11:55.619 I/MediaFocusControl( 1925): requestAudioFocus() from uid/pid 10058/21674 AA=USAGE_MEDIA/CONTENT_TYPE_MOVIE clientId=android.media.AudioManager@9d1473e callingPack=tech.gtt.frontapp.stb.demo req=1 flags=0x0 sdk=35
06-12 20:11:55.619 I/AudioService.FadeOutManager( 1925): unfadeOutUid() uid:10058
06-12 20:11:55.629 W/MediaProvider( 2559): Failed to fetch original file descriptor
06-12 20:11:55.629 W/MediaProvider( 2559): java.io.IOException: stat failed: ENOENT (No such file or directory)
06-12 20:11:55.629 W/MediaProvider( 2559): 	at com.android.providers.media.MediaProvider.getFileFromFileDescriptor(MediaProvider.java:5822)
06-12 20:11:55.629 W/MediaProvider( 2559): 	at com.android.providers.media.MediaProvider.getOriginalMediaFormatFileDescriptor(MediaProvider.java:5739)
06-12 20:11:55.629 W/MediaProvider( 2559): 	at com.android.providers.media.MediaProvider.openTypedAssetFileCommon(MediaProvider.java:7162)
06-12 20:11:55.629 W/MediaProvider( 2559): 	at com.android.providers.media.MediaProvider.openTypedAssetFile(MediaProvider.java:7143)
06-12 20:11:55.629 W/MediaProvider( 2559): 	at android.content.ContentProvider$Transport.openTypedAssetFile(ContentProvider.java:548)
06-12 20:11:55.629 W/MediaProvider( 2559): 	at android.content.ContentProviderNative.onTransact(ContentProviderNative.java:327)
06-12 20:11:55.629 W/MediaProvider( 2559): 	at android.os.Binder.execTransactInternal(Binder.java:1179)
06-12 20:11:55.629 W/MediaProvider( 2559): 	at android.os.Binder.execTransact(Binder.java:1143)
06-12 20:11:55.629 W/MediaProvider( 2559): Caused by: android.system.ErrnoException: stat failed: ENOENT (No such file or directory)
06-12 20:11:55.629 W/MediaProvider( 2559): 	at libcore.io.Linux.stat(Native Method)
06-12 20:11:55.629 W/MediaProvider( 2559): 	at libcore.io.ForwardingOs.stat(ForwardingOs.java:853)
06-12 20:11:55.629 W/MediaProvider( 2559): 	at libcore.io.BlockGuardOs.stat(BlockGuardOs.java:420)
06-12 20:11:55.629 W/MediaProvider( 2559): 	at libcore.io.ForwardingOs.stat(ForwardingOs.java:853)
06-12 20:11:55.629 W/MediaProvider( 2559): 	at android.app.ActivityThread$AndroidOs.stat(ActivityThread.java:7775)
06-12 20:11:55.629 W/MediaProvider( 2559): 	at android.system.Os.stat(Os.java:919)
06-12 20:11:55.629 W/MediaProvider( 2559): 	at com.android.providers.media.MediaProvider.getFileFromFileDescriptor(MediaProvider.java:5816)
06-12 20:11:55.629 W/MediaProvider( 2559): 	... 7 more
06-12 20:11:55.630 D/NuPlayerDriver( 1854): NuPlayerDriver(0xe9782020) created, clientPid(21674)
06-12 20:11:55.635 D/SurfaceUtils( 1854): connecting to surface 0xe4380018, reason setVideoSurfaceTexture
06-12 20:11:55.635 D/NuPlayer( 1854): onSetVideoSurface(0xe4384ba0, no video decoder)
06-12 20:11:55.638 D/GenericSource( 1854): FileSource remote
06-12 20:11:55.643 I/SampleTable( 1851): There are reordered frames present.
06-12 20:11:55.648 D/MediaBufferGroup( 1851): creating MemoryDealer
06-12 20:11:55.661 D/MediaPlayerNative(21674): getMetadata
06-12 20:11:55.669 D/UiDevice(20959): Searching for node with selector: BySelector [RES='\Qtech.gtt.frontapp.stb.demo:id/account_login_tv2\E'].
06-12 20:11:55.670 W/QueryController(20959): Could not detect idle state.
06-12 20:11:55.677 I/GenericSource( 1854): start
06-12 20:11:55.684 I/OMXClient( 1854): IOmx service obtained
06-12 20:11:55.684 I/OMXClient( 1854): IOmx service obtained
06-12 20:11:55.684 I/OMXStore( 1857): makeComponentInstance(OMX.google.aac.decoder) in android.hardwar process
06-12 20:11:55.685 I/OMXStore( 1857): makeComponentInstance(OMX.google.h264.decoder) in android.hardwar process
06-12 20:11:55.685 D/SurfaceUtils( 1854): disconnecting from surface 0xe4384ba8, reason onConfigure
06-12 20:11:55.686 E/OMXNodeInstance( 1857): setConfig(0xee381510:google.aac.decoder, ConfigPriority(0x6f800002)) ERROR: Undefined(0x80001001)
06-12 20:11:55.686 I/ACodec  ( 1854): codec does not support config priority (err -2147483648)
06-12 20:11:55.686 E/OMXNodeInstance( 1857): getConfig(0xee381510:google.aac.decoder, ConfigAndroidVendorExtension(0x6f100004)) ERROR: Undefined(0x80001001)
06-12 20:11:55.687 D/SoftAAC2( 1857): get OMX_IndexParamAudioAndroidAacDrcPresentation
06-12 20:11:55.687 D/SurfaceUtils( 1854): connecting to surface 0xe4384ba8, reason connectToSurface
06-12 20:11:55.688 I/MediaCodec( 1854): MediaCodec will operate in async mode
06-12 20:11:55.688 D/MediaCodec( 1854): keep callback message for reclaim
06-12 20:11:55.689 I/MediaCodec( 1854): [OMX.google.h264.decoder] setting surface generation to 1898527
06-12 20:11:55.689 D/SurfaceUtils( 1854): disconnecting from surface 0xe4384ba8, reason connectToSurface(reconnect)
06-12 20:11:55.692 D/SurfaceUtils( 1854): connecting to surface 0xe4384ba8, reason connectToSurface(reconnect)
06-12 20:11:55.696 E/OMXNodeInstance( 1857): getExtensionIndex(0xee380470:google.h264.decoder, OMX.google.android.index.enableAndroidNativeBuffers) ERROR: UnsupportedIndex(0x8000101a)
06-12 20:11:55.697 E/ACodec  ( 1854): [OMX.google.h264.decoder] setPortMode on output to DynamicANWBuffer failed w/ err -1010
06-12 20:11:55.698 E/OMXNodeInstance( 1857): getParameter(0xee380470:google.h264.decoder, ??(0x6f600011)) ERROR: UnsupportedIndex(0x8000101a)
06-12 20:11:55.698 W/OMXNodeInstance( 1857): [0xee380470:google.h264.decoder] component does not support metadata mode; using fallback
06-12 20:11:55.699 D/SoftVideoDecoderOMXComponent( 1857): Color Aspects preference: 1 
06-12 20:11:55.699 E/OMXNodeInstance( 1857): setConfig(0xee380470:google.h264.decoder, ConfigPriority(0x6f800002)) ERROR: UnsupportedIndex(0x8000101a)
06-12 20:11:55.699 I/ACodec  ( 1854): codec does not support config priority (err -1010)
06-12 20:11:55.699 E/OMXNodeInstance( 1857): setConfig(0xee380470:google.h264.decoder, ConfigOperatingRate(0x6f800003)) ERROR: UnsupportedIndex(0x8000101a)
06-12 20:11:55.699 I/ACodec  ( 1854): codec does not support config operating rate (err -1010)
06-12 20:11:55.699 E/OMXNodeInstance( 1857): getConfig(0xee380470:google.h264.decoder, ConfigAndroidVendorExtension(0x6f100004)) ERROR: UnsupportedIndex(0x8000101a)
06-12 20:11:55.699 E/OMXNodeInstance( 1857): getConfig(0xee380470:google.h264.decoder, ??(0x7f000003)) ERROR: UnsupportedSetting(0x80001019)
06-12 20:11:55.701 I/MediaCodec( 1854): MediaCodec will operate in async mode
06-12 20:11:55.701 D/MediaCodec( 1854): keep callback message for reclaim
06-12 20:11:55.712 I/SoftAAC2( 1857): Reconfiguring decoder: 0->44100 Hz, 0->1 channels
06-12 20:11:55.712 D/SoftAAC2( 1857): get OMX_IndexParamAudioAndroidAacDrcPresentation
06-12 20:11:55.713 W/ResourceManagerService( 1854): Ignoring request to add new resource entry with value <= 0
06-12 20:11:55.715 D/SoftVideoDecoderOMXComponent( 1857): Color Aspects preference: 1 
06-12 20:11:55.727 V/GSK-APIS(21674): received response >>> id: 1aecd2e0 url: https://gtt-app-apigateway-lion.vdemosit.com/api/enduser/messagecenter/message/query/v1 statusCode: 400, exception: null
06-12 20:11:55.729 I/System.out(21674): [SDKInterceptorPlugin] Unhandled exception in request processing: Something went wrong while connecting to the server, statusCode: 400
06-12 20:11:55.731 D/AudioFlinger( 1786): Client defaulted notificationFrames to 11286 for frameCount 22572
06-12 20:11:55.733 D/AF::TrackHandle( 1786): OpPlayAudio: track:86 usage:1 not muted
06-12 20:11:55.747 E/OMXNodeInstance( 1857): getConfig(0xee380470:google.h264.decoder, ??(0x7f000003)) ERROR: UnsupportedSetting(0x80001019)
06-12 20:11:55.752 D/MediaCodec( 1854): [OMX.google.h264.decoder] setting dataspace on output surface to #102
06-12 20:11:55.784 D/gralloc_nox( 1767): gralloc_alloc: Creating ashmem region of size 589824
06-12 20:11:55.786 E/android.hardware.audio.service( 1756): pcm_open called create stream faild
06-12 20:11:55.788 W/MediaPlayerNative(21674): info/warning (3, 0)
06-12 20:11:55.798 D/SoftwareRenderer( 1854): setting dataspace on output surface to #8000102
06-12 20:11:55.799 D/gralloc_nox( 1767): gralloc_alloc: Creating ashmem region of size 589824
06-12 20:11:55.803 D/UiDevice(20959): Searching for node with selector: BySelector [RES='\Qtech.gtt.frontapp.stb.demo:id/account_login_tv2\E'].
06-12 20:11:55.804 W/QueryController(20959): Could not detect idle state.
06-12 20:11:55.820 W/InputManager-JNI( 1925): Input channel object '9dea02 tech.gtt.frontapp.stb.demo/tech.gtt.frontapp.stb.m.home.activity.SplashActivity (client)' was disposed without first being removed with the input manager!
06-12 20:11:55.830 D/AudioFlinger( 1786): mixer(0x722dead66a60) throttle end: throttle time(41)
06-12 20:11:55.930 D/UiDevice(20959): Searching for node with selector: BySelector [RES='\Qtech.gtt.frontapp.stb.demo:id/account_login_tv2\E'].
06-12 20:11:55.930 W/QueryController(20959): Could not detect idle state.
06-12 20:11:56.034 D/UiDevice(20959): Searching for node with selector: BySelector [RES='\Qtech.gtt.frontapp.stb.demo:id/account_login_tv2\E'].
06-12 20:11:56.034 W/QueryController(20959): Could not detect idle state.
06-12 20:11:56.076 D/gralloc_nox( 1767): gralloc_alloc: Creating ashmem region of size 589824
06-12 20:11:56.084 D/gralloc_nox( 1767): gralloc_alloc: Creating ashmem region of size 589824
06-12 20:11:56.099 D/AudioFlinger( 1786): mixer(0x722dead66a60) throttle end: throttle time(207)
06-12 20:11:56.141 D/UiDevice(20959): Searching for node with selector: BySelector [RES='\Qtech.gtt.frontapp.stb.demo:id/account_login_tv2\E'].
06-12 20:11:56.141 W/QueryController(20959): Could not detect idle state.
06-12 20:11:56.173 D/AudioFlinger( 1786): mixer(0x722dead66a60) throttle end: throttle time(35)
06-12 20:11:56.248 D/UiDevice(20959): Searching for node with selector: BySelector [RES='\Qtech.gtt.frontapp.stb.demo:id/account_login_tv2\E'].
06-12 20:11:56.249 W/QueryController(20959): Could not detect idle state.
06-12 20:11:56.362 D/UiDevice(20959): Searching for node with selector: BySelector [RES='\Qtech.gtt.frontapp.stb.demo:id/account_login_tv2\E'].
06-12 20:11:56.362 W/QueryController(20959): Could not detect idle state.
06-12 20:11:56.466 D/UiDevice(20959): Searching for node with selector: BySelector [RES='\Qtech.gtt.frontapp.stb.demo:id/account_login_tv2\E'].
06-12 20:11:56.466 W/QueryController(20959): Could not detect idle state.
06-12 20:11:56.569 D/UiDevice(20959): Searching for node with selector: BySelector [RES='\Qtech.gtt.frontapp.stb.demo:id/account_login_tv2\E'].
06-12 20:11:56.569 W/QueryController(20959): Could not detect idle state.
06-12 20:11:56.673 D/UiDevice(20959): Searching for node with selector: BySelector [RES='\Qtech.gtt.frontapp.stb.demo:id/account_login_tv2\E'].
06-12 20:11:56.674 W/QueryController(20959): Could not detect idle state.
06-12 20:11:56.778 D/UiDevice(20959): Searching for node with selector: BySelector [RES='\Qtech.gtt.frontapp.stb.demo:id/account_login_tv2\E'].
06-12 20:11:56.779 W/QueryController(20959): Could not detect idle state.
06-12 20:11:56.881 D/UiDevice(20959): Searching for node with selector: BySelector [RES='\Qtech.gtt.frontapp.stb.demo:id/account_login_tv2\E'].
06-12 20:11:56.882 W/QueryController(20959): Could not detect idle state.
06-12 20:11:56.984 D/UiDevice(20959): Searching for node with selector: BySelector [RES='\Qtech.gtt.frontapp.stb.demo:id/account_login_tv2\E'].
06-12 20:11:56.985 W/QueryController(20959): Could not detect idle state.
06-12 20:11:57.092 D/UiDevice(20959): Searching for node with selector: BySelector [RES='\Qtech.gtt.frontapp.stb.demo:id/account_login_tv2\E'].
06-12 20:11:57.093 W/QueryController(20959): Could not detect idle state.
06-12 20:11:57.196 D/UiDevice(20959): Searching for node with selector: BySelector [RES='\Qtech.gtt.frontapp.stb.demo:id/account_login_tv2\E'].
06-12 20:11:57.197 W/QueryController(20959): Could not detect idle state.
06-12 20:11:57.300 D/UiDevice(20959): Searching for node with selector: BySelector [RES='\Qtech.gtt.frontapp.stb.demo:id/account_login_tv2\E'].
06-12 20:11:57.300 W/QueryController(20959): Could not detect idle state.
06-12 20:11:57.402 D/UiDevice(20959): Searching for node with selector: BySelector [RES='\Qtech.gtt.frontapp.stb.demo:id/account_login_tv2\E'].
06-12 20:11:57.402 W/QueryController(20959): Could not detect idle state.
06-12 20:11:57.508 D/UiDevice(20959): Searching for node with selector: BySelector [RES='\Qtech.gtt.frontapp.stb.demo:id/account_login_tv2\E'].
06-12 20:11:57.508 W/QueryController(20959): Could not detect idle state.
06-12 20:11:57.613 D/UiDevice(20959): Searching for node with selector: BySelector [RES='\Qtech.gtt.frontapp.stb.demo:id/account_login_tv2\E'].
06-12 20:11:57.613 W/QueryController(20959): Could not detect idle state.
06-12 20:11:57.717 D/UiDevice(20959): Searching for node with selector: BySelector [RES='\Qtech.gtt.frontapp.stb.demo:id/account_login_tv2\E'].
06-12 20:11:57.717 W/QueryController(20959): Could not detect idle state.
06-12 20:11:57.820 D/UiDevice(20959): Searching for node with selector: BySelector [RES='\Qtech.gtt.frontapp.stb.demo:id/account_login_tv2\E'].
06-12 20:11:57.820 W/QueryController(20959): Could not detect idle state.
06-12 20:11:57.915 I/keystore2( 1707): keystore2::watchdog: Watchdog thread idle -> terminating. Have a great day.
06-12 20:11:57.927 D/UiDevice(20959): Searching for node with selector: BySelector [RES='\Qtech.gtt.frontapp.stb.demo:id/account_login_tv2\E'].
06-12 20:11:57.927 W/QueryController(20959): Could not detect idle state.
06-12 20:11:58.033 D/UiDevice(20959): Searching for node with selector: BySelector [RES='\Qtech.gtt.frontapp.stb.demo:id/account_login_tv2\E'].
06-12 20:11:58.034 W/QueryController(20959): Could not detect idle state.
06-12 20:11:58.144 D/UiDevice(20959): Searching for node with selector: BySelector [RES='\Qtech.gtt.frontapp.stb.demo:id/account_login_tv2\E'].
06-12 20:11:58.145 W/QueryController(20959): Could not detect idle state.
06-12 20:11:58.248 D/UiDevice(20959): Searching for node with selector: BySelector [RES='\Qtech.gtt.frontapp.stb.demo:id/account_login_tv2\E'].
06-12 20:11:58.248 W/QueryController(20959): Could not detect idle state.
06-12 20:11:58.351 D/UiDevice(20959): Searching for node with selector: BySelector [RES='\Qtech.gtt.frontapp.stb.demo:id/account_login_tv2\E'].
06-12 20:11:58.352 W/QueryController(20959): Could not detect idle state.
06-12 20:11:58.457 D/UiDevice(20959): Searching for node with selector: BySelector [RES='\Qtech.gtt.frontapp.stb.demo:id/account_login_tv2\E'].
06-12 20:11:58.460 W/QueryController(20959): Could not detect idle state.
06-12 20:11:58.576 D/UiDevice(20959): Searching for node with selector: BySelector [RES='\Qtech.gtt.frontapp.stb.demo:id/account_login_tv2\E'].
06-12 20:11:58.577 W/QueryController(20959): Could not detect idle state.
06-12 20:11:58.692 D/UiDevice(20959): Searching for node with selector: BySelector [RES='\Qtech.gtt.frontapp.stb.demo:id/account_login_tv2\E'].
06-12 20:11:58.692 W/QueryController(20959): Could not detect idle state.
06-12 20:11:58.731 E/TaskPersister( 1925): File error accessing recents directory (directory doesn't exist?).
06-12 20:11:58.795 D/UiDevice(20959): Searching for node with selector: BySelector [RES='\Qtech.gtt.frontapp.stb.demo:id/account_login_tv2\E'].
06-12 20:11:58.796 W/QueryController(20959): Could not detect idle state.
06-12 20:11:58.899 D/UiDevice(20959): Searching for node with selector: BySelector [RES='\Qtech.gtt.frontapp.stb.demo:id/account_login_tv2\E'].
06-12 20:11:58.899 W/QueryController(20959): Could not detect idle state.
06-12 20:11:59.002 D/UiDevice(20959): Searching for node with selector: BySelector [RES='\Qtech.gtt.frontapp.stb.demo:id/account_login_tv2\E'].
06-12 20:11:59.002 W/QueryController(20959): Could not detect idle state.
06-12 20:11:59.106 D/UiDevice(20959): Searching for node with selector: BySelector [RES='\Qtech.gtt.frontapp.stb.demo:id/account_login_tv2\E'].
06-12 20:11:59.107 W/QueryController(20959): Could not detect idle state.
06-12 20:11:59.211 D/UiDevice(20959): Searching for node with selector: BySelector [RES='\Qtech.gtt.frontapp.stb.demo:id/account_login_tv2\E'].
06-12 20:11:59.211 W/QueryController(20959): Could not detect idle state.
06-12 20:11:59.315 D/UiDevice(20959): Searching for node with selector: BySelector [RES='\Qtech.gtt.frontapp.stb.demo:id/account_login_tv2\E'].
06-12 20:11:59.316 W/QueryController(20959): Could not detect idle state.
06-12 20:11:59.420 D/UiDevice(20959): Searching for node with selector: BySelector [RES='\Qtech.gtt.frontapp.stb.demo:id/account_login_tv2\E'].
06-12 20:11:59.420 W/QueryController(20959): Could not detect idle state.
06-12 20:11:59.527 D/UiDevice(20959): Searching for node with selector: BySelector [RES='\Qtech.gtt.frontapp.stb.demo:id/account_login_tv2\E'].
06-12 20:11:59.527 W/QueryController(20959): Could not detect idle state.
06-12 20:11:59.631 D/UiDevice(20959): Searching for node with selector: BySelector [RES='\Qtech.gtt.frontapp.stb.demo:id/account_login_tv2\E'].
06-12 20:11:59.632 W/QueryController(20959): Could not detect idle state.
06-12 20:11:59.734 D/UiDevice(20959): Searching for node with selector: BySelector [RES='\Qtech.gtt.frontapp.stb.demo:id/account_login_tv2\E'].
06-12 20:11:59.735 W/QueryController(20959): Could not detect idle state.
06-12 20:11:59.772 D/AudioTrack( 1854): stop(38): called with 200704 frames delivered
06-12 20:11:59.837 D/UiDevice(20959): Searching for node with selector: BySelector [RES='\Qtech.gtt.frontapp.stb.demo:id/account_login_tv2\E'].
06-12 20:11:59.838 W/QueryController(20959): Could not detect idle state.
06-12 20:11:59.943 D/UiDevice(20959): Searching for node with selector: BySelector [RES='\Qtech.gtt.frontapp.stb.demo:id/account_login_tv2\E'].
06-12 20:11:59.944 W/QueryController(20959): Could not detect idle state.
06-12 20:12:00.049 D/UiDevice(20959): Searching for node with selector: BySelector [RES='\Qtech.gtt.frontapp.stb.demo:id/account_login_tv2\E'].
06-12 20:12:00.050 W/QueryController(20959): Could not detect idle state.
06-12 20:12:00.133 D/NuPlayerDriver( 1854): stop(0xe9782020)
06-12 20:12:00.133 V/MediaPlayer(21674): resetDrmState:  mDrmInfo=null mDrmProvisioningThread=null mPrepareDrmInProgress=false mActiveDrmScheme=false
06-12 20:12:00.134 V/MediaPlayer(21674): cleanDrmObj: mDrmObj=null mDrmSessionId=null
06-12 20:12:00.134 D/NuPlayerDriver( 1854): reset(0xe9782020) at state 8
06-12 20:12:00.142 D/SurfaceUtils( 1854): disconnecting from surface 0xe4384ba8, reason disconnectFromSurface
06-12 20:12:00.143 D/SurfaceUtils( 1854): connecting to surface 0xe4384ba8, reason onShutdown
06-12 20:12:00.145 D/NuPlayerDriver( 1854): notifyResetComplete(0xe9782020)
06-12 20:12:00.145 D/SurfaceUtils( 1854): disconnecting from surface 0xe4380018, reason disconnectNativeWindow
06-12 20:12:00.145 W/AMessage( 1854): failed to post message as target looper for handler 0 is gone.
06-12 20:12:00.146 I/MediaFocusControl( 1925): abandonAudioFocus() from uid/pid 10058/21674 clientId=android.media.AudioManager@9d1473e
06-12 20:12:00.147 I/ActivityTaskManager( 1925): START u0 {cmp=tech.gtt.frontapp.stb.demo/tech.gtt.frontapp.stb.m.account.activity.LoginMethodSwitchActivity (has extras)} from uid 10058
06-12 20:12:00.148 D/CompatibilityChangeReporter( 1925): Compat change id reported: 174042980; UID 10058; state: DISABLED
06-12 20:12:00.148 D/CompatibilityChangeReporter( 1925): Compat change id reported: 184838306; UID 10058; state: DISABLED
06-12 20:12:00.149 D/CompatibilityChangeReporter( 1925): Compat change id reported: 185004937; UID 10058; state: DISABLED
06-12 20:12:00.149 D/CompatibilityChangeReporter( 1925): Compat change id reported: 181136395; UID 10058; state: DISABLED
06-12 20:12:00.149 D/CompatibilityChangeReporter( 1925): Compat change id reported: 174042936; UID 10058; state: DISABLED
06-12 20:12:00.150 D/CompatibilityChangeReporter( 1925): Compat change id reported: 197654537; UID 10058; state: ENABLED
06-12 20:12:00.151 D/CompatibilityChangeReporter( 1925): Compat change id reported: 168419799; UID 10058; state: DISABLED
06-12 20:12:00.152 D/UiDevice(20959): Searching for node with selector: BySelector [RES='\Qtech.gtt.frontapp.stb.demo:id/account_login_tv2\E'].
06-12 20:12:00.152 W/QueryController(20959): Could not detect idle state.
06-12 20:12:00.154 I/MediaFocusControl( 1925): abandonAudioFocus() from uid/pid 10058/21674 clientId=android.media.AudioManager@9d1473e
06-12 20:12:00.154 W/MediaPlayer(21674): mediaplayer went away with unhandled events
06-12 20:12:00.158 W/MediaPlayer(21674): mediaplayer went away with unhandled events
06-12 20:12:00.161 W/ActivityTaskManager( 1925): Tried to set launchTime (0) < mLastActivityLaunchTime (4753759)
06-12 20:12:00.176 D/AndroidAutoSize(21674): tech.gtt.frontapp.stb.m.account.activity.LoginMethodSwitchActivity used the global configuration.
06-12 20:12:00.176 D/AndroidAutoSize(21674): The tech.gtt.frontapp.stb.m.account.activity.LoginMethodSwitchActivity has been adapted! 
06-12 20:12:00.176 D/AndroidAutoSize(21674): LoginMethodSwitchActivity Info: isBaseOnWidth = true, designWidthInDp = 1920.000000, designWidthInSubunits = 1920.000000, targetDensity = 1.000000, targetScaledDensity = 1.000000, targetDensityDpi = 160, targetXdpi = 1.000000, targetScreenWidthDp = 1920, targetScreenHeightDp = 1032
06-12 20:12:00.210 D/AndroidAutoSize(21674): tech.gtt.frontapp.stb.m.account.activity.LoginMethodSwitchActivity used the global configuration.
06-12 20:12:00.211 D/AndroidAutoSize(21674): The tech.gtt.frontapp.stb.m.account.activity.LoginMethodSwitchActivity has been adapted! 
06-12 20:12:00.211 D/AndroidAutoSize(21674): LoginMethodSwitchActivity Info: isBaseOnWidth = true, designWidthInDp = 1920.000000, designWidthInSubunits = 1920.000000, targetDensity = 1.000000, targetScaledDensity = 1.000000, targetDensityDpi = 160, targetXdpi = 1.000000, targetScreenWidthDp = 1920, targetScreenHeightDp = 1032
06-12 20:12:00.213 W/WindowManager( 1925): Failed looking up window session=Session{11b2277 21674:u0a10058} callers=com.android.server.wm.WindowManagerService.windowForClientLocked:5850 com.android.server.wm.Session.updateRequestedVisibilities:640 android.view.IWindowSession$Stub.onTransact:1175 
06-12 20:12:00.232 D/gralloc_nox( 1767): gralloc_alloc: Creating ashmem region of size 8298496
06-12 20:12:00.255 D/gralloc_nox( 1767): gralloc_alloc: Creating ashmem region of size 8298496
06-12 20:12:00.263 D/ProcessState(22072): Binder ioctl to enable oneway spam detection failed: Invalid argument
06-12 20:12:00.286 D/gralloc_nox( 1767): gralloc_alloc: Creating ashmem region of size 8298496
06-12 20:12:00.323 D/UiDevice(20959): Searching for node with selector: BySelector [RES='\Qtech.gtt.frontapp.stb.demo:id/account_login_tv2\E'].
06-12 20:12:00.326 W/QueryController(20959): Could not detect idle state.
06-12 20:12:00.364 E/libEGL  (21674): called unimplemented OpenGL ES API
06-12 20:12:00.392 I/ActivityTaskManager( 1925): Displayed tech.gtt.frontapp.stb.demo/tech.gtt.frontapp.stb.m.account.activity.LoginMethodSwitchActivity: +239ms
06-12 20:12:00.551 D/UiDevice(20959): Searching for node with selector: BySelector [RES='\Qtech.gtt.frontapp.stb.demo:id/account_login_tv2\E'].
06-12 20:12:00.552 W/QueryController(20959): Could not detect idle state.
06-12 20:12:00.593 D/UIAutomatorStub(20959): URI: /jsonrpc/0, Method: POST, params, {NanoHttpd.QUERY_STRING=null}, files: {postData={"jsonrpc": "2.0", "id": 1, "method": "objInfo", "params": [{"mask": 2097152, "childOrSibling": [], "childOrSiblingSelector": [], "resourceId": "tech.gtt.frontapp.stb.demo:id/account_login_tv2"}]}}
06-12 20:12:00.594 D/UiDevice(20959): Retrieving node with selector: BySelector [RES='\Qtech.gtt.frontapp.stb.demo:id/account_login_tv2\E'].
06-12 20:12:00.595 W/QueryController(20959): Could not detect idle state.
06-12 20:12:00.602 W/QueryController(20959): Could not detect idle state.
06-12 20:12:00.603 W/QueryController(20959): Could not detect idle state.
06-12 20:12:00.604 W/QueryController(20959): Could not detect idle state.
06-12 20:12:00.607 W/QueryController(20959): Could not detect idle state.
06-12 20:12:00.631 W/QueryController(20959): Could not detect idle state.
06-12 20:12:00.635 W/InputManager-JNI( 1925): Input channel object '2c3971 tech.gtt.frontapp.stb.demo/tech.gtt.frontapp.stb.m.home.activity.LoadingActivity (client)' was disposed without first being removed with the input manager!
06-12 20:12:00.637 W/QueryController(20959): Could not detect idle state.
06-12 20:12:00.643 W/QueryController(20959): Could not detect idle state.
06-12 20:12:00.645 W/QueryController(20959): Could not detect idle state.
06-12 20:12:00.647 W/QueryController(20959): Could not detect idle state.
06-12 20:12:00.648 W/QueryController(20959): Could not detect idle state.
06-12 20:12:00.649 W/QueryController(20959): Could not detect idle state.
06-12 20:12:00.649 W/QueryController(20959): Could not detect idle state.
06-12 20:12:00.650 W/QueryController(20959): Could not detect idle state.
06-12 20:12:00.651 W/QueryController(20959): Could not detect idle state.
06-12 20:12:00.652 W/QueryController(20959): Could not detect idle state.
06-12 20:12:00.653 W/QueryController(20959): Could not detect idle state.
06-12 20:12:00.653 W/QueryController(20959): Could not detect idle state.
06-12 20:12:00.687 D/UIAutomatorStub(20959): URI: /jsonrpc/0, Method: POST, params, {NanoHttpd.QUERY_STRING=null}, files: {postData={"jsonrpc": "2.0", "id": 1, "method": "click", "params": [1390.0, 559.0]}}
06-12 20:12:00.813 I/ActivityTaskManager( 1925): START u0 {cmp=tech.gtt.frontapp.stb.demo/tech.gtt.frontapp.stb.m.account.activity.LoginActivity} from uid 10058
06-12 20:12:00.819 W/ActivityTaskManager( 1925): Tried to set launchTime (0) < mLastActivityLaunchTime (4758675)
06-12 20:12:00.832 D/AndroidAutoSize(21674): tech.gtt.frontapp.stb.m.account.activity.LoginActivity used the global configuration.
06-12 20:12:00.832 D/AndroidAutoSize(21674): The tech.gtt.frontapp.stb.m.account.activity.LoginActivity has been adapted! 
06-12 20:12:00.832 D/AndroidAutoSize(21674): LoginActivity Info: isBaseOnWidth = true, designWidthInDp = 1920.000000, designWidthInSubunits = 1920.000000, targetDensity = 1.000000, targetScaledDensity = 1.000000, targetDensityDpi = 160, targetXdpi = 1.000000, targetScreenWidthDp = 1920, targetScreenHeightDp = 1032
06-12 20:12:00.843 D/UIAutomatorStub(20959): URI: /jsonrpc/0, Method: POST, params, {NanoHttpd.QUERY_STRING=null}, files: {postData={"jsonrpc": "2.0", "id": 1, "method": "waitForExists", "params": [{"mask": 2097152, "childOrSibling": [], "childOrSiblingSelector": [], "resourceId": "tech.gtt.frontapp.stb.demo:id/loginf_et_username"}, 20000]}}
06-12 20:12:00.844 D/UiDevice(20959): Waiting 20000ms for SearchCondition[hasObject=BySelector [RES='\Qtech.gtt.frontapp.stb.demo:id/loginf_et_username\E']].
06-12 20:12:00.845 D/UiDevice(20959): Searching for node with selector: BySelector [RES='\Qtech.gtt.frontapp.stb.demo:id/loginf_et_username\E'].
06-12 20:12:00.845 W/QueryController(20959): Could not detect idle state.
06-12 20:12:00.907 D/AndroidAutoSize(21674): tech.gtt.frontapp.stb.m.account.activity.LoginActivity used the global configuration.
06-12 20:12:00.907 D/AndroidAutoSize(21674): The tech.gtt.frontapp.stb.m.account.activity.LoginActivity has been adapted! 
06-12 20:12:00.907 D/AndroidAutoSize(21674): LoginActivity Info: isBaseOnWidth = true, designWidthInDp = 1920.000000, designWidthInSubunits = 1920.000000, targetDensity = 1.000000, targetScaledDensity = 1.000000, targetDensityDpi = 160, targetXdpi = 1.000000, targetScreenWidthDp = 1920, targetScreenHeightDp = 1032
06-12 20:12:00.911 W/WindowManager( 1925): Failed looking up window session=Session{11b2277 21674:u0a10058} callers=com.android.server.wm.WindowManagerService.windowForClientLocked:5850 com.android.server.wm.Session.updateRequestedVisibilities:640 android.view.IWindowSession$Stub.onTransact:1175 
06-12 20:12:00.928 D/gralloc_nox( 1767): gralloc_alloc: Creating ashmem region of size 8298496
06-12 20:12:00.944 D/gralloc_nox( 1767): gralloc_alloc: Creating ashmem region of size 8298496
06-12 20:12:00.973 D/gralloc_nox( 1767): gralloc_alloc: Creating ashmem region of size 8298496
06-12 20:12:01.025 W/ByMatcher(20959): Node returned null child: android.view.accessibility.AccessibilityNodeInfo@80006eec; boundsInParent: Rect(0, 0 - 1920, 1080); boundsInScreen: Rect(0, 0 - 1920, 1080); packageName: tech.gtt.frontapp.stb.demo; className: android.widget.FrameLayout; text: null; error: null; maxTextLength: -1; stateDescription: null; contentDescription: null; tooltipText: null; viewIdResName: null; checkable: false; checked: false; focusable: false; focused: false; selected: false; clickable: false; longClickable: false; contextClickable: false; enabled: true; password: false; scrollable: false; importantForAccessibility: true; visible: true; actions: [AccessibilityAction: ACTION_SELECT - null, AccessibilityAction: ACTION_CLEAR_SELECTION - null, AccessibilityAction: ACTION_ACCESSIBILITY_FOCUS - null, AccessibilityAction: ACTION_SHOW_ON_SCREEN - null]
06-12 20:12:01.025 W/ByMatcher(20959): Skipping null child (0 of 1)
06-12 20:12:01.027 I/ActivityTaskManager( 1925): Displayed tech.gtt.frontapp.stb.demo/tech.gtt.frontapp.stb.m.account.activity.LoginActivity: +214ms
06-12 20:12:01.127 D/UiDevice(20959): Searching for node with selector: BySelector [RES='\Qtech.gtt.frontapp.stb.demo:id/loginf_et_username\E'].
06-12 20:12:01.127 W/QueryController(20959): Could not detect idle state.
06-12 20:12:01.185 D/ProcessState(22085): Binder ioctl to enable oneway spam detection failed: Invalid argument
06-12 20:12:01.251 D/UIAutomatorStub(20959): URI: /jsonrpc/0, Method: POST, params, {NanoHttpd.QUERY_STRING=null}, files: {postData={"jsonrpc": "2.0", "id": 1, "method": "objInfo", "params": [{"mask": 2097152, "childOrSibling": [], "childOrSiblingSelector": [], "resourceId": "tech.gtt.frontapp.stb.demo:id/loginf_et_username"}]}}
06-12 20:12:01.251 D/UiDevice(20959): Retrieving node with selector: BySelector [RES='\Qtech.gtt.frontapp.stb.demo:id/loginf_et_username\E'].
06-12 20:12:01.252 W/QueryController(20959): Could not detect idle state.
06-12 20:12:01.261 W/QueryController(20959): Could not detect idle state.
06-12 20:12:01.263 W/QueryController(20959): Could not detect idle state.
06-12 20:12:01.264 W/QueryController(20959): Could not detect idle state.
06-12 20:12:01.265 W/QueryController(20959): Could not detect idle state.
06-12 20:12:01.265 W/QueryController(20959): Could not detect idle state.
06-12 20:12:01.266 W/QueryController(20959): Could not detect idle state.
06-12 20:12:01.266 W/QueryController(20959): Could not detect idle state.
06-12 20:12:01.267 W/QueryController(20959): Could not detect idle state.
06-12 20:12:01.267 W/QueryController(20959): Could not detect idle state.
06-12 20:12:01.268 W/QueryController(20959): Could not detect idle state.
06-12 20:12:01.268 W/QueryController(20959): Could not detect idle state.
06-12 20:12:01.269 W/QueryController(20959): Could not detect idle state.
06-12 20:12:01.269 W/QueryController(20959): Could not detect idle state.
06-12 20:12:01.270 W/QueryController(20959): Could not detect idle state.
06-12 20:12:01.271 W/QueryController(20959): Could not detect idle state.
06-12 20:12:01.273 W/SurfaceFlinger( 1800): couldn't log to binary event log: overflow.
06-12 20:12:01.275 W/QueryController(20959): Could not detect idle state.
06-12 20:12:01.277 W/QueryController(20959): Could not detect idle state.
06-12 20:12:01.309 D/UIAutomatorStub(20959): URI: /jsonrpc/0, Method: POST, params, {NanoHttpd.QUERY_STRING=null}, files: {postData={"jsonrpc": "2.0", "id": 1, "method": "click", "params": [1057.0, 437.0]}}
06-12 20:12:01.440 D/CompatibilityChangeReporter(21674): Compat change id reported: 163400105; UID 10058; state: ENABLED
06-12 20:12:01.440 D/InputMethodManager(21674): showSoftInput() view=tech.gtt.frontapp.stb.c.ui.edittext.EmailAutoCompleteTextView{a5bc72e VFED..CL. .F.P..ID 0,0-700,92 #7f0b02ce app:id/loginf_et_username aid=1073741824} flags=0 reason=SHOW_SOFT_INPUT
06-12 20:12:01.441 V/InputMethodService( 2648): onEvaluateInputViewShown: config.hardKeyboardHidden = 2
06-12 20:12:01.441 V/InputMethodService( 2648): onEvaluateInputViewShown: config.hardKeyboardHidden = 2
06-12 20:12:01.441 I/AdbKeyboard( 2648): imeAction: 5 Next
06-12 20:12:01.464 D/gralloc_nox( 1767): gralloc_alloc: Creating ashmem region of size 647168
06-12 20:12:01.480 D/gralloc_nox( 1767): gralloc_alloc: Creating ashmem region of size 647168
06-12 20:12:01.483 D/gralloc_nox( 1767): gralloc_alloc: Creating ashmem region of size 647168
06-12 20:12:01.496 D/InsetsController(21674): show(ime(), fromIme=true)
06-12 20:12:01.498 D/ProcessState(22093): Binder ioctl to enable oneway spam detection failed: Invalid argument
06-12 20:12:01.525 D/UIAutomatorStub(20959): URI: /jsonrpc/0, Method: POST, params, {NanoHttpd.QUERY_STRING=null}, files: {postData={"jsonrpc": "2.0", "id": 1, "method": "waitForExists", "params": [{"mask": 2097152, "childOrSibling": [], "childOrSiblingSelector": [], "resourceId": "tech.gtt.frontapp.stb.demo:id/loginf_et_username"}, 20000]}}
06-12 20:12:01.526 D/UiDevice(20959): Waiting 20000ms for SearchCondition[hasObject=BySelector [RES='\Qtech.gtt.frontapp.stb.demo:id/loginf_et_username\E']].
06-12 20:12:01.526 D/UiDevice(20959): Searching for node with selector: BySelector [RES='\Qtech.gtt.frontapp.stb.demo:id/loginf_et_username\E'].
06-12 20:12:01.526 W/QueryController(20959): Could not detect idle state.
06-12 20:12:01.539 W/SurfaceFlinger( 1800): couldn't log to binary event log: overflow.
06-12 20:12:01.576 D/UIAutomatorStub(20959): URI: /jsonrpc/0, Method: POST, params, {NanoHttpd.QUERY_STRING=null}, files: {postData={"jsonrpc": "2.0", "id": 1, "method": "setText", "params": [{"mask": 2097152, "childOrSibling": [], "childOrSiblingSelector": [], "resourceId": "tech.gtt.frontapp.stb.demo:id/loginf_et_username"}, "0609@ipwangxin.cn"]}}
06-12 20:12:01.577 D/UiDevice(20959): Retrieving node with selector: BySelector [RES='\Qtech.gtt.frontapp.stb.demo:id/loginf_et_username\E'].
06-12 20:12:01.577 W/QueryController(20959): Could not detect idle state.
06-12 20:12:01.581 W/QueryController(20959): Could not detect idle state.
06-12 20:12:01.582 D/UiObject2(20959): Clicking on (1057, 437).
06-12 20:12:01.603 D/InputMethodManager(21674): showSoftInput() view=tech.gtt.frontapp.stb.c.ui.edittext.EmailAutoCompleteTextView{a5bc72e VFED..CL. .F.P.... 0,0-700,92 #7f0b02ce app:id/loginf_et_username aid=1073741824} flags=0 reason=SHOW_SOFT_INPUT
06-12 20:12:01.603 V/InputMethodService( 2648): onEvaluateInputViewShown: config.hardKeyboardHidden = 2
06-12 20:12:01.603 V/InputMethodService( 2648): onEvaluateInputViewShown: config.hardKeyboardHidden = 2
06-12 20:12:01.607 D/InsetsController(21674): show(ime(), fromIme=true)
06-12 20:12:01.618 W/GestureController(20959): Gestures took longer than expected (35ms >> 16ms), device might be in a busy state.
06-12 20:12:01.619 D/UiDevice(20959): Retrieving node with selector: BySelector [RES='\Qtech.gtt.frontapp.stb.demo:id/loginf_et_username\E'].
06-12 20:12:01.619 W/QueryController(20959): Could not detect idle state.
06-12 20:12:01.634 W/QueryController(20959): Could not detect idle state.
06-12 20:12:01.635 D/UiObject2(20959): Setting text to '0609@ipwangxin.cn'.
06-12 20:12:01.643 I/AdbKeyboard( 2648): imeAction: 5 Next
06-12 20:12:01.643 V/InputMethodService( 2648): onEvaluateInputViewShown: config.hardKeyboardHidden = 2
06-12 20:12:01.643 V/InputMethodService( 2648): onEvaluateInputViewShown: config.hardKeyboardHidden = 2
06-12 20:12:01.648 D/InsetsController(21674): show(ime(), fromIme=true)
06-12 20:12:01.670 D/UIAutomatorStub(20959): URI: /jsonrpc/0, Method: POST, params, {NanoHttpd.QUERY_STRING=null}, files: {postData={"jsonrpc": "2.0", "id": 1, "method": "waitForExists", "params": [{"mask": 2097152, "childOrSibling": [], "childOrSiblingSelector": [], "resourceId": "tech.gtt.frontapp.stb.demo:id/et_pwd"}, 20000]}}
06-12 20:12:01.674 D/UiDevice(20959): Waiting 20000ms for SearchCondition[hasObject=BySelector [RES='\Qtech.gtt.frontapp.stb.demo:id/et_pwd\E']].
06-12 20:12:01.675 D/UiDevice(20959): Searching for node with selector: BySelector [RES='\Qtech.gtt.frontapp.stb.demo:id/et_pwd\E'].
06-12 20:12:01.677 W/QueryController(20959): Could not detect idle state.
06-12 20:12:01.710 D/UIAutomatorStub(20959): URI: /jsonrpc/0, Method: POST, params, {NanoHttpd.QUERY_STRING=null}, files: {postData={"jsonrpc": "2.0", "id": 1, "method": "objInfo", "params": [{"mask": 2097152, "childOrSibling": [], "childOrSiblingSelector": [], "resourceId": "tech.gtt.frontapp.stb.demo:id/et_pwd"}]}}
06-12 20:12:01.711 D/UiDevice(20959): Retrieving node with selector: BySelector [RES='\Qtech.gtt.frontapp.stb.demo:id/et_pwd\E'].
06-12 20:12:01.711 W/QueryController(20959): Could not detect idle state.
06-12 20:12:01.714 W/QueryController(20959): Could not detect idle state.
06-12 20:12:01.715 W/QueryController(20959): Could not detect idle state.
06-12 20:12:01.715 W/QueryController(20959): Could not detect idle state.
06-12 20:12:01.716 W/QueryController(20959): Could not detect idle state.
06-12 20:12:01.717 W/QueryController(20959): Could not detect idle state.
06-12 20:12:01.718 W/QueryController(20959): Could not detect idle state.
06-12 20:12:01.719 W/QueryController(20959): Could not detect idle state.
06-12 20:12:01.720 W/QueryController(20959): Could not detect idle state.
06-12 20:12:01.721 W/QueryController(20959): Could not detect idle state.
06-12 20:12:01.724 W/QueryController(20959): Could not detect idle state.
06-12 20:12:01.725 W/QueryController(20959): Could not detect idle state.
06-12 20:12:01.725 W/QueryController(20959): Could not detect idle state.
06-12 20:12:01.726 W/QueryController(20959): Could not detect idle state.
06-12 20:12:01.727 W/QueryController(20959): Could not detect idle state.
06-12 20:12:01.727 W/QueryController(20959): Could not detect idle state.
06-12 20:12:01.728 W/QueryController(20959): Could not detect idle state.
06-12 20:12:01.729 W/QueryController(20959): Could not detect idle state.
06-12 20:12:01.747 W/NotificationHistory( 1925): Attempted to add notif for locked/gone/disabled user 0
06-12 20:12:01.750 D/InterruptionStateProvider( 2100): No bubble up: not allowed to bubble: -1|android|8|null|1000
06-12 20:12:01.751 D/InterruptionStateProvider( 2100): No heads up: unimportant notification: -1|android|8|null|1000
06-12 20:12:01.751 D/PeopleSpaceWidgetMgr( 2100): Sbn doesn't contain valid PeopleTileKey: null/-1/android
06-12 20:12:01.757 D/UIAutomatorStub(20959): URI: /jsonrpc/0, Method: POST, params, {NanoHttpd.QUERY_STRING=null}, files: {postData={"jsonrpc": "2.0", "id": 1, "method": "click", "params": [1057.0, 559.0]}}
06-12 20:12:01.815 D/InterruptionStateProvider( 2100): No bubble up: not allowed to bubble: -1|android|8|null|1000
06-12 20:12:01.815 D/InterruptionStateProvider( 2100): No heads up: unimportant notification: -1|android|8|null|1000
06-12 20:12:01.817 D/PeopleSpaceWidgetMgr( 2100): Sbn doesn't contain valid PeopleTileKey: null/-1/android
06-12 20:12:01.863 D/InterruptionStateProvider( 2100): No bubble up: not allowed to bubble: -1|android|8|null|1000
06-12 20:12:01.863 D/InterruptionStateProvider( 2100): No heads up: unimportant notification: -1|android|8|null|1000
06-12 20:12:01.866 D/PeopleSpaceWidgetMgr( 2100): Sbn doesn't contain valid PeopleTileKey: null/-1/android
06-12 20:12:01.880 I/AdbKeyboard( 2648): imeAction: 5 Next
06-12 20:12:01.880 D/InputMethodManager(21674): showSoftInput() view=tech.gtt.frontapp.stb.c.ui.edittext.NormalFocusEditText{b9c7a48 VFED..CL. .F.P..ID 0,0-700,92 #7f0b0172 app:id/et_pwd aid=1073741826} flags=0 reason=SHOW_SOFT_INPUT
06-12 20:12:01.881 V/InputMethodService( 2648): onEvaluateInputViewShown: config.hardKeyboardHidden = 2
06-12 20:12:01.881 V/InputMethodService( 2648): onEvaluateInputViewShown: config.hardKeyboardHidden = 2
06-12 20:12:01.881 V/InputMethodService( 2648): onEvaluateInputViewShown: config.hardKeyboardHidden = 2
06-12 20:12:01.881 V/InputMethodService( 2648): onEvaluateInputViewShown: config.hardKeyboardHidden = 2
06-12 20:12:01.893 D/InsetsController(21674): show(ime(), fromIme=true)
06-12 20:12:01.893 D/InsetsController(21674): show(ime(), fromIme=true)
06-12 20:12:01.926 D/UIAutomatorStub(20959): URI: /jsonrpc/0, Method: POST, params, {NanoHttpd.QUERY_STRING=null}, files: {postData={"jsonrpc": "2.0", "id": 1, "method": "waitForExists", "params": [{"mask": 2097152, "childOrSibling": [], "childOrSiblingSelector": [], "resourceId": "tech.gtt.frontapp.stb.demo:id/et_pwd"}, 20000]}}
06-12 20:12:01.929 D/UiDevice(20959): Waiting 20000ms for SearchCondition[hasObject=BySelector [RES='\Qtech.gtt.frontapp.stb.demo:id/et_pwd\E']].
06-12 20:12:01.929 D/UiDevice(20959): Searching for node with selector: BySelector [RES='\Qtech.gtt.frontapp.stb.demo:id/et_pwd\E'].
06-12 20:12:01.930 W/QueryController(20959): Could not detect idle state.
06-12 20:12:01.965 D/UIAutomatorStub(20959): URI: /jsonrpc/0, Method: POST, params, {NanoHttpd.QUERY_STRING=null}, files: {postData={"jsonrpc": "2.0", "id": 1, "method": "setText", "params": [{"mask": 2097152, "childOrSibling": [], "childOrSiblingSelector": [], "resourceId": "tech.gtt.frontapp.stb.demo:id/et_pwd"}, "123456"]}}
06-12 20:12:01.965 D/UiDevice(20959): Retrieving node with selector: BySelector [RES='\Qtech.gtt.frontapp.stb.demo:id/et_pwd\E'].
06-12 20:12:01.966 W/QueryController(20959): Could not detect idle state.
06-12 20:12:01.970 W/QueryController(20959): Could not detect idle state.
06-12 20:12:01.974 D/UiObject2(20959): Clicking on (1057, 559).
06-12 20:12:02.000 D/InputMethodManager(21674): showSoftInput() view=tech.gtt.frontapp.stb.c.ui.edittext.NormalFocusEditText{b9c7a48 VFED..CL. .F.P.... 0,0-700,92 #7f0b0172 app:id/et_pwd aid=1073741826} flags=0 reason=SHOW_SOFT_INPUT
06-12 20:12:02.001 V/InputMethodService( 2648): onEvaluateInputViewShown: config.hardKeyboardHidden = 2
06-12 20:12:02.001 V/InputMethodService( 2648): onEvaluateInputViewShown: config.hardKeyboardHidden = 2
06-12 20:12:02.002 D/InsetsController(21674): show(ime(), fromIme=true)
06-12 20:12:02.017 W/GestureController(20959): Gestures took longer than expected (42ms >> 16ms), device might be in a busy state.
06-12 20:12:02.022 D/UiDevice(20959): Retrieving node with selector: BySelector [RES='\Qtech.gtt.frontapp.stb.demo:id/et_pwd\E'].
06-12 20:12:02.026 W/QueryController(20959): Could not detect idle state.
06-12 20:12:02.033 W/QueryController(20959): Could not detect idle state.
06-12 20:12:02.035 D/UiObject2(20959): Setting text to '123456'.
06-12 20:12:02.043 I/AdbKeyboard( 2648): imeAction: 5 Next
06-12 20:12:02.043 V/InputMethodService( 2648): onEvaluateInputViewShown: config.hardKeyboardHidden = 2
06-12 20:12:02.043 V/InputMethodService( 2648): onEvaluateInputViewShown: config.hardKeyboardHidden = 2
06-12 20:12:02.049 D/InsetsController(21674): show(ime(), fromIme=true)
06-12 20:12:02.075 D/UIAutomatorStub(20959): URI: /jsonrpc/0, Method: POST, params, {NanoHttpd.QUERY_STRING=null}, files: {postData={"jsonrpc": "2.0", "id": 1, "method": "waitForExists", "params": [{"mask": 2097152, "childOrSibling": [], "childOrSiblingSelector": [], "resourceId": "tech.gtt.frontapp.stb.demo:id/remember_pwd_cb"}, 20000]}}
06-12 20:12:02.077 D/UiDevice(20959): Waiting 20000ms for SearchCondition[hasObject=BySelector [RES='\Qtech.gtt.frontapp.stb.demo:id/remember_pwd_cb\E']].
06-12 20:12:02.077 D/UiDevice(20959): Searching for node with selector: BySelector [RES='\Qtech.gtt.frontapp.stb.demo:id/remember_pwd_cb\E'].
06-12 20:12:02.078 W/QueryController(20959): Could not detect idle state.
06-12 20:12:02.089 D/InterruptionStateProvider( 2100): No bubble up: not allowed to bubble: -1|android|8|null|1000
06-12 20:12:02.092 D/InterruptionStateProvider( 2100): No heads up: unimportant notification: -1|android|8|null|1000
06-12 20:12:02.095 D/PeopleSpaceWidgetMgr( 2100): Sbn doesn't contain valid PeopleTileKey: null/-1/android
06-12 20:12:02.098 D/UIAutomatorStub(20959): URI: /jsonrpc/0, Method: POST, params, {NanoHttpd.QUERY_STRING=null}, files: {postData={"jsonrpc": "2.0", "id": 1, "method": "objInfo", "params": [{"mask": 2097152, "childOrSibling": [], "childOrSiblingSelector": [], "resourceId": "tech.gtt.frontapp.stb.demo:id/remember_pwd_cb"}]}}
06-12 20:12:02.098 D/UiDevice(20959): Retrieving node with selector: BySelector [RES='\Qtech.gtt.frontapp.stb.demo:id/remember_pwd_cb\E'].
06-12 20:12:02.098 W/QueryController(20959): Could not detect idle state.
06-12 20:12:02.101 W/QueryController(20959): Could not detect idle state.
06-12 20:12:02.101 W/QueryController(20959): Could not detect idle state.
06-12 20:12:02.102 W/QueryController(20959): Could not detect idle state.
06-12 20:12:02.103 W/QueryController(20959): Could not detect idle state.
06-12 20:12:02.103 W/QueryController(20959): Could not detect idle state.
06-12 20:12:02.106 W/QueryController(20959): Could not detect idle state.
06-12 20:12:02.107 W/QueryController(20959): Could not detect idle state.
06-12 20:12:02.108 W/QueryController(20959): Could not detect idle state.
06-12 20:12:02.110 W/QueryController(20959): Could not detect idle state.
06-12 20:12:02.111 D/InterruptionStateProvider( 2100): No bubble up: not allowed to bubble: -1|android|8|null|1000
06-12 20:12:02.111 D/InterruptionStateProvider( 2100): No heads up: unimportant notification: -1|android|8|null|1000
06-12 20:12:02.112 W/QueryController(20959): Could not detect idle state.
06-12 20:12:02.113 W/QueryController(20959): Could not detect idle state.
06-12 20:12:02.114 W/QueryController(20959): Could not detect idle state.
06-12 20:12:02.114 D/PeopleSpaceWidgetMgr( 2100): Sbn doesn't contain valid PeopleTileKey: null/-1/android
06-12 20:12:02.115 W/QueryController(20959): Could not detect idle state.
06-12 20:12:02.115 W/QueryController(20959): Could not detect idle state.
06-12 20:12:02.116 W/QueryController(20959): Could not detect idle state.
06-12 20:12:02.117 W/QueryController(20959): Could not detect idle state.
06-12 20:12:02.118 W/QueryController(20959): Could not detect idle state.
06-12 20:12:02.147 D/UIAutomatorStub(20959): URI: /jsonrpc/0, Method: POST, params, {NanoHttpd.QUERY_STRING=null}, files: {postData={"jsonrpc": "2.0", "id": 1, "method": "click", "params": [729.0, 656.0]}}
06-12 20:12:02.180 E/libEGL  (21674): called unimplemented OpenGL ES API
06-12 20:12:02.211 D/InterruptionStateProvider( 2100): No bubble up: not allowed to bubble: -1|android|8|null|1000
06-12 20:12:02.212 D/InterruptionStateProvider( 2100): No heads up: unimportant notification: -1|android|8|null|1000
06-12 20:12:02.217 D/PeopleSpaceWidgetMgr( 2100): Sbn doesn't contain valid PeopleTileKey: null/-1/android
06-12 20:12:02.268 D/InterruptionStateProvider( 2100): No bubble up: not allowed to bubble: -1|android|8|null|1000
06-12 20:12:02.268 D/InterruptionStateProvider( 2100): No heads up: unimportant notification: -1|android|8|null|1000
06-12 20:12:02.272 D/PeopleSpaceWidgetMgr( 2100): Sbn doesn't contain valid PeopleTileKey: null/-1/android
06-12 20:12:02.298 D/UIAutomatorStub(20959): URI: /jsonrpc/0, Method: POST, params, {NanoHttpd.QUERY_STRING=null}, files: {postData={"jsonrpc": "2.0", "id": 1, "method": "count", "params": [{"mask": 2097152, "childOrSibling": [], "childOrSiblingSelector": [], "resourceId": "tech.gtt.frontapp.stb.demo:id/loginf_tv_login"}]}}
06-12 20:12:02.300 D/UiObject(20959): Waiting 0ms for UiSelector[RESOURCE_ID=tech.gtt.frontapp.stb.demo:id/loginf_tv_login].
06-12 20:12:02.300 W/QueryController(20959): Could not detect idle state.
