--------- beginning of main
06-12 19:56:16.151 D/ProcessState(19674): Binder ioctl to enable oneway spam detection failed: Invalid argument
--------- beginning of system
06-12 19:56:16.153 I/ActivityManager( 1925): Force stopping tech.gtt.frontapp.stb.demo appid=10058 user=0: clear data
06-12 19:56:16.154 I/ActivityManager( 1925): Force stopping tech.gtt.frontapp.stb.demo appid=10058 user=-1: clearApplicationUserData
06-12 19:56:16.165 I/MediaProvider( 2559): Begin Intent { act=android.intent.action.PACKAGE_DATA_CLEARED dat=package:tech.gtt.frontapp.stb.demo flg=0x1000010 cmp=com.android.providers.media.module/com.android.providers.media.MediaService (has extras) }
06-12 19:56:16.166 D/MediaProvider( 2559): Deleted 0 Android/media items belonging to tech.gtt.frontapp.stb.demo on /data/user/0/com.android.providers.media.module/databases/external.db
06-12 19:56:16.166 I/MediaProvider( 2559): End Intent { act=android.intent.action.PACKAGE_DATA_CLEARED dat=package:tech.gtt.frontapp.stb.demo flg=0x1000010 cmp=com.android.providers.media.module/com.android.providers.media.MediaService (has extras) }
06-12 19:56:16.220 D/AndroidRuntime(19688): >>>>>> START com.android.internal.os.RuntimeInit uid 0 <<<<<<
06-12 19:56:16.222 I/AndroidRuntime(19688): Using default boot image
06-12 19:56:16.222 I/AndroidRuntime(19688): Leaving lock profiling enabled
06-12 19:56:16.223 W/app_process(19688): ART APEX data files are untrusted.
06-12 19:56:16.223 I/app_process(19688): Core platform API reporting enabled, enforcing=false
06-12 19:56:16.251 D/app_process(19688): Time zone APEX ICU file found: /apex/com.android.tzdata/etc/icu/icu_tzdata.dat
06-12 19:56:16.251 D/app_process(19688): I18n APEX ICU file found: /apex/com.android.i18n/etc/icu/icudt68l.dat
06-12 19:56:16.255 W/app_process(19688): Unexpected CPU variant for X86 using defaults: x86_64
06-12 19:56:16.267 D/ProcessState(19688): Binder ioctl to enable oneway spam detection failed: Invalid argument
06-12 19:56:16.267 D/AndroidRuntime(19688): Calling main entry com.android.commands.monkey.Monkey
06-12 19:56:16.267 W/Monkey  (19688): args: [-p, tech.gtt.frontapp.stb.demo, -c, android.intent.category.LAUNCHER, 1]
06-12 19:56:16.267 W/Monkey  (19688):  arg: "-p"
06-12 19:56:16.267 W/Monkey  (19688):  arg: "tech.gtt.frontapp.stb.demo"
06-12 19:56:16.268 W/Monkey  (19688):  arg: "-c"
06-12 19:56:16.268 W/Monkey  (19688):  arg: "android.intent.category.LAUNCHER"
06-12 19:56:16.268 W/Monkey  (19688):  arg: "1"
06-12 19:56:16.268 W/Monkey  (19688): data="tech.gtt.frontapp.stb.demo"
06-12 19:56:16.268 W/Monkey  (19688): data="android.intent.category.LAUNCHER"
06-12 19:56:16.294 W/BroadcastQueue( 1925): Skipping deliver [background] BroadcastRecord{ffe67b6 u-1 android.net.conn.CONNECTIVITY_CHANGE} to ReceiverList{fafccb7 19688 (unknown name)/0/u-1 remote:5fc7078}: process gone or crashing
06-12 19:56:16.299 I/ActivityTaskManager( 1925): START u0 {act=android.intent.action.MAIN cat=[android.intent.category.LAUNCHER] flg=0x10200000 cmp=tech.gtt.frontapp.stb.demo/tech.gtt.frontapp.stb.m.home.activity.SplashActivity} from uid 0
06-12 19:56:16.300 W/ActivityTaskManager( 1925): Can't find TaskDisplayArea to determine support for multi window. Task id=40 attached=false
06-12 19:56:16.310 I/Monkey  (19688): Events injected: 1
06-12 19:56:16.317 D/CompatibilityChangeReporter( 1925): Compat change id reported: 135634846; UID 10058; state: DISABLED
06-12 19:56:16.317 D/CompatibilityChangeReporter( 1925): Compat change id reported: 143937733; UID 10058; state: ENABLED
06-12 19:56:16.319 I/Monkey  (19688): ## Network stats: elapsed time=18ms (0ms mobile, 0ms wifi, 18ms not connected)
06-12 19:56:16.327 D/gralloc_nox( 1767): gralloc_alloc: Creating ashmem region of size 8298496
06-12 19:56:16.410 D/Zygote  ( 1753): Forked child process 19703
06-12 19:56:16.410 W/ActivityManager( 1925): Slow operation: 95ms so far, now at startProcess: returned from zygote!
06-12 19:56:16.411 W/ActivityManager( 1925): Slow operation: 95ms so far, now at startProcess: done updating battery stats
06-12 19:56:16.411 W/ActivityManager( 1925): Slow operation: 95ms so far, now at startProcess: building log message
06-12 19:56:16.411 I/ActivityManager( 1925): Start proc 19703:tech.gtt.frontapp.stb.demo/u0a58 for pre-top-activity {tech.gtt.frontapp.stb.demo/tech.gtt.frontapp.stb.m.home.activity.SplashActivity}
06-12 19:56:16.411 W/ActivityManager( 1925): Slow operation: 95ms so far, now at startProcess: starting to update pids map
06-12 19:56:16.411 D/gralloc_nox( 1767): gralloc_alloc: Creating ashmem region of size 8298496
06-12 19:56:16.411 W/ActivityManager( 1925): Slow operation: 95ms so far, now at startProcess: done updating pids map
06-12 19:56:16.411 I/app_process(19688): System.exit called, status: 0
06-12 19:56:16.411 I/AndroidRuntime(19688): VM exiting with result code 0.
06-12 19:56:16.419 I/Zygote  (19703): seccomp disabled by setenforce 0
06-12 19:56:16.425 W/ontapp.stb.dem(19703): Unexpected CPU variant for X86 using defaults: x86_64
06-12 19:56:16.432 D/ProcessState(19703): Binder ioctl to enable oneway spam detection failed: Invalid argument
06-12 19:56:16.450 E/ashmem  (19703): memfd: ro.vndk.version not defined or invalid (), this is mandated since P.
06-12 19:56:16.451 D/CompatibilityChangeReporter(19703): Compat change id reported: 171979766; UID 10058; state: ENABLED
06-12 19:56:16.472 D/gralloc_nox( 1767): gralloc_alloc: Creating ashmem region of size 8298496
06-12 19:56:16.486 V/GraphicsEnvironment(19703): ANGLE Developer option for 'tech.gtt.frontapp.stb.demo' set to: 'default'
06-12 19:56:16.488 V/GraphicsEnvironment(19703): ANGLE GameManagerService for tech.gtt.frontapp.stb.demo: false
06-12 19:56:16.488 V/GraphicsEnvironment(19703): Neither updatable production driver nor prerelease driver is supported.
06-12 19:56:16.497 D/NetworkSecurityConfig(19703): Using Network Security Config from resource network_security_config debugBuild: false
06-12 19:56:16.499 D/NetworkSecurityConfig(19703): Using Network Security Config from resource network_security_config debugBuild: false
06-12 19:56:16.506 I/MultiDex(19703): VM with version 2.1.0 has multidex support
06-12 19:56:16.506 I/MultiDex(19703): Installing application
06-12 19:56:16.506 I/MultiDex(19703): VM has multidex support, MultiDex support library is disabled.
06-12 19:56:16.506 E/[Package](19703): params: AppConfiguration(vnoId='11026504', brandId='d0k7d3p3kdikth2o3q6g', appId='d0jucrbq6bt4h33c0ma0', sourceId='30006401-31002837', authServers='https://gtt-app-apigateway-lion.vdemosit.com', shareKey='S2kQMgUSugYyMlk5QclHDaF0uDsFnB0oJoFeAFgsKb8=', packageName='tech.gtt.frontapp.stb.demo', appName='Goose TV', appVersionName='v1.0.0', appVersionCode='7', pluginVersionCode='1', pluginVersionName='6.0.0-beta-build5', packageSeq='1', buglyAppId='d76a04165f', buglyKey='13b89b2d-1c12-4c4f-93b8-46e3c2ef9f73', baseVersionCode='20000066', gitTag='2.1.4-beta6', supportLang='en,pt,es', defaultLang='en', bootLoadType='1')
06-12 19:56:16.507 W/System.err(19703): java.lang.ClassNotFoundException: tech.gtt.frontapp.stb.docker.plugin.PluginUtils
06-12 19:56:16.507 W/System.err(19703): 	at java.lang.Class.classForName(Native Method)
06-12 19:56:16.507 W/System.err(19703): 	at java.lang.Class.forName(Class.java:454)
06-12 19:56:16.507 W/System.err(19703): 	at java.lang.Class.forName(Class.java:379)
06-12 19:56:16.507 W/System.err(19703): 	at ot.e.b(SourceFile:3)
06-12 19:56:16.507 W/System.err(19703): 	at tech.gtt.frontapp.stb.app.MainApplication.attachBaseContext(SourceFile:130)
06-12 19:56:16.507 W/System.err(19703): 	at android.app.Application.attach(Application.java:338)
06-12 19:56:16.507 W/System.err(19703): 	at android.app.Instrumentation.newApplication(Instrumentation.java:1190)
06-12 19:56:16.507 W/System.err(19703): 	at android.app.LoadedApk.makeApplication(LoadedApk.java:1361)
06-12 19:56:16.507 W/System.err(19703): 	at android.app.ActivityThread.handleBindApplication(ActivityThread.java:6728)
06-12 19:56:16.507 W/System.err(19703): 	at android.app.ActivityThread.access$1500(ActivityThread.java:256)
06-12 19:56:16.508 W/System.err(19703): 	at android.app.ActivityThread$H.handleMessage(ActivityThread.java:2091)
06-12 19:56:16.508 W/System.err(19703): 	at android.os.Handler.dispatchMessage(Handler.java:106)
06-12 19:56:16.508 W/System.err(19703): 	at android.os.Looper.loopOnce(Looper.java:201)
06-12 19:56:16.508 W/System.err(19703): 	at android.os.Looper.loop(Looper.java:288)
06-12 19:56:16.508 W/System.err(19703): 	at android.app.ActivityThread.main(ActivityThread.java:7875)
06-12 19:56:16.508 W/System.err(19703): 	at java.lang.reflect.Method.invoke(Native Method)
06-12 19:56:16.508 W/System.err(19703): 	at com.android.internal.os.RuntimeInit$MethodAndArgsCaller.run(RuntimeInit.java:568)
06-12 19:56:16.508 W/System.err(19703): 	at com.android.internal.os.ZygoteInit.main(ZygoteInit.java:1005)
06-12 19:56:16.508 W/System.err(19703): Caused by: java.lang.ClassNotFoundException: tech.gtt.frontapp.stb.docker.plugin.PluginUtils
06-12 19:56:16.508 W/System.err(19703): 	... 18 more
06-12 19:56:16.508 E/[Package](19703): isInPluginMode: false
06-12 19:56:16.510 I/CustomActivityOnCrash(19703): CustomActivityOnCrash has been installed.
06-12 19:56:16.510 I/System.out(19703): Modular_Init : a - initialize
06-12 19:56:16.515 I/System.out(19703): Modular_Init : d - initialize
06-12 19:56:16.516 I/System.out(19703): Modular_Init : a - initialize
06-12 19:56:16.516 I/System.out(19703): Modular_Init : a - initialize
06-12 19:56:16.516 D/[CatchupInitModule](19703): init---
06-12 19:56:16.517 I/System.out(19703): Modular_Init : b - initialize
06-12 19:56:16.517 I/System.out(19703): Modular_Init : a - initialize
06-12 19:56:16.517 D/[ReplayInitialize](19703): init---
06-12 19:56:16.518 I/System.out(19703): Modular_Init : a - initialize
06-12 19:56:16.518 D/[LiveInitialize](19703): init---
06-12 19:56:16.519 D/AndroidAutoSize(19703): designWidthInDp = 360, designHeightInDp = 640, screenWidth = 1920, screenHeight = 1080
06-12 19:56:16.519 D/AndroidAutoSize(19703): initDensity = 2.0, initScaledDensity = 2.0
06-12 19:56:16.596 D/AndroidAutoSize(19703): tech.gtt.frontapp.stb.m.home.activity.SplashActivity used the global configuration.
06-12 19:56:16.602 D/AndroidAutoSize(19703): The tech.gtt.frontapp.stb.m.home.activity.SplashActivity has been adapted! 
06-12 19:56:16.602 D/AndroidAutoSize(19703): SplashActivity Info: isBaseOnWidth = true, designWidthInDp = 1920.000000, designWidthInSubunits = 1920.000000, targetDensity = 1.000000, targetScaledDensity = 1.000000, targetDensityDpi = 160, targetXdpi = 1.000000, targetScreenWidthDp = 1920, targetScreenHeightDp = 1032
06-12 19:56:16.644 D/AndroidAutoSize(19703): tech.gtt.frontapp.stb.m.home.activity.SplashActivity used the global configuration.
06-12 19:56:16.645 D/AndroidAutoSize(19703): The tech.gtt.frontapp.stb.m.home.activity.SplashActivity has been adapted! 
06-12 19:56:16.645 D/AndroidAutoSize(19703): SplashActivity Info: isBaseOnWidth = true, designWidthInDp = 1920.000000, designWidthInSubunits = 1920.000000, targetDensity = 1.000000, targetScaledDensity = 1.000000, targetDensityDpi = 160, targetXdpi = 1.000000, targetScreenWidthDp = 1920, targetScreenHeightDp = 1032
06-12 19:56:16.648 I/ActivityTaskManager( 1925): START u0 {act=android.content.pm.action.REQUEST_PERMISSIONS pkg=com.android.permissioncontroller cmp=com.android.permissioncontroller/.permission.ui.GrantPermissionsActivity (has extras)} from uid 10058
06-12 19:56:16.666 D/ontapp.stb.dem(19703): createUnique: call
06-12 19:56:16.667 D/ontapp.stb.dem(19703): HostComposition ext GL_OES_EGL_image GL_OES_EGL_image_external GL_OES_depth24 GL_OES_depth32 GL_OES_element_index_uint GL_OES_texture_float GL_OES_texture_float_linear GL_OES_compressed_paletted_texture GL_OES_compressed_ETC1_RGB8_texture GL_OES_depth_texture GL_EXT_texture_format_BGRA8888 GL_APPLE_texture_format_BGRA8888 GL_OES_texture_half_float GL_EXT_robustness GL_OES_texture_half_float_linear GL_OES_packed_depth_stencil GL_OES_vertex_half_float GL_OES_texture_npot GL_OES_rgb8_rgba8 GL_EXT_color_buffer_float GL_EXT_texture_sRGB_decode ANDROID_gles_max_version_3_1 GL_OES_vertex_array_object GL_EXT_texture_buffer GL_EXT_copy_image GL_KHR_texture_compression_astc_ldr GL_KHR_texture_compression_astc_hdr GL_OES_texture_compression_astc GL_OES_EGL_image_external
06-12 19:56:16.667 D/hw-ProcessState(19703): Binder ioctl to enable oneway spam detection failed: Invalid argument
06-12 19:56:16.668 W/OpenGLRenderer(19703): Failed to initialize 101010-2 format, error = EGL_SUCCESS
06-12 19:56:16.668 D/EGL_emulation(19703): rcCreateContext wated version 2.0  rc:4
06-12 19:56:16.685 D/EGL_emulation(19703): eglMakeCurrent: 0x7f53185a3050: ver 3 2 (tinfo 0x7f52985a1380) (first time)
06-12 19:56:16.687 E/HWComposer( 1800): getSupportedContentTypes: getSupportedContentTypes failed for display 0: Unsupported (8)
06-12 19:56:16.687 I/hwservicemanager( 1564): getTransport: Cannot find entry android.hardware.graphics.mapper@4.0::IMapper/default in either framework or device VINTF manifest.
06-12 19:56:16.687 I/Gralloc4(19703): mapper 4.x is not supported
06-12 19:56:16.687 I/hwservicemanager( 1564): getTransport: Cannot find entry android.hardware.graphics.mapper@3.0::IMapper/default in either framework or device VINTF manifest.
06-12 19:56:16.687 W/Gralloc3(19703): mapper 3.x is not supported
06-12 19:56:16.688 I/hwservicemanager( 1564): getTransport: Cannot find entry android.hardware.graphics.allocator@4.0::IAllocator/default in either framework or device VINTF manifest.
06-12 19:56:16.688 W/Gralloc4(19703): allocator 4.x is not supported
06-12 19:56:16.689 I/hwservicemanager( 1564): getTransport: Cannot find entry android.hardware.graphics.allocator@3.0::IAllocator/default in either framework or device VINTF manifest.
06-12 19:56:16.689 W/Gralloc3(19703): allocator 3.x is not supported
06-12 19:56:16.689 D/gralloc_nox( 1767): gralloc_alloc: Creating ashmem region of size 8298496
06-12 19:56:16.699 D/ProcessState(19738): Binder ioctl to enable oneway spam detection failed: Invalid argument
06-12 19:56:16.713 D/ontapp.stb.dem(19703): createUnique: call
06-12 19:56:16.716 D/ontapp.stb.dem(19703): HostComposition ext GL_OES_EGL_image GL_OES_EGL_image_external GL_OES_depth24 GL_OES_depth32 GL_OES_element_index_uint GL_OES_texture_float GL_OES_texture_float_linear GL_OES_compressed_paletted_texture GL_OES_compressed_ETC1_RGB8_texture GL_OES_depth_texture GL_EXT_texture_format_BGRA8888 GL_APPLE_texture_format_BGRA8888 GL_OES_texture_half_float GL_EXT_robustness GL_OES_texture_half_float_linear GL_OES_packed_depth_stencil GL_OES_vertex_half_float GL_OES_texture_npot GL_OES_rgb8_rgba8 GL_EXT_color_buffer_float GL_EXT_texture_sRGB_decode ANDROID_gles_max_version_3_1 GL_OES_vertex_array_object GL_EXT_texture_buffer GL_EXT_copy_image GL_KHR_texture_compression_astc_ldr GL_KHR_texture_compression_astc_hdr GL_OES_texture_compression_astc GL_OES_EGL_image_external
06-12 19:56:16.717 D/gralloc_nox( 1767): gralloc_alloc: Creating ashmem region of size 8298496
06-12 19:56:16.770 D/gralloc_nox( 1767): gralloc_alloc: Creating ashmem region of size 8298496
06-12 19:56:16.827 E/libEGL  (19703): called unimplemented OpenGL ES API
06-12 19:56:16.871 W/ActivityTaskManager( 1925): Tried to set launchTime (0) < mLastActivityLaunchTime (3671242)
06-12 19:56:16.926 I/ActivityTaskManager( 1925): Displayed com.android.permissioncontroller/.permission.ui.GrantPermissionsActivity: +621ms
06-12 19:56:16.950 D/ProcessState(19749): Binder ioctl to enable oneway spam detection failed: Invalid argument
06-12 19:56:16.981 D/gralloc_nox( 1767): gralloc_alloc: Creating ashmem region of size 5496832
06-12 19:56:17.060 D/gralloc_nox( 1767): gralloc_alloc: Creating ashmem region of size 5496832
06-12 19:56:17.075 W/InputManager-JNI( 1925): Input channel object '838d690 Splash Screen tech.gtt.frontapp.stb.demo (client)' was disposed without first being removed with the input manager!
06-12 19:56:17.163 D/gralloc_nox( 1767): gralloc_alloc: Creating ashmem region of size 5496832
06-12 19:56:19.312 E/TaskPersister( 1925): File error accessing recents directory (directory doesn't exist?).
06-12 19:56:19.455 D/UIAutomatorStub(19643): URI: /jsonrpc/0, Method: POST, params, {NanoHttpd.QUERY_STRING=null}, files: {postData={"jsonrpc": "2.0", "id": 1, "method": "count", "params": [{"mask": 2097152, "childOrSibling": [], "childOrSiblingSelector": [], "resourceId": "com.android.permissioncontroller:id/permission_allow_button"}]}}
06-12 19:56:19.482 D/UiObject(19643): Waiting 0ms for UiSelector[RESOURCE_ID=com.android.permissioncontroller:id/permission_allow_button].
06-12 19:56:19.483 W/QueryController(19643): Could not detect idle state.
06-12 19:56:19.486 I/QueryController(19643): Matched selector: UiSelector[RESOURCE_ID=com.android.permissioncontroller:id/permission_allow_button] <<==>> [android.view.accessibility.AccessibilityNodeInfo@a2b4c; boundsInParent: Rect(0, 0 - 992, 112); boundsInScreen: Rect(464, 557 - 1456, 669); packageName: com.android.permissioncontroller; className: android.widget.Button; text: 允许; error: null; maxTextLength: -1; stateDescription: null; contentDescription: null; tooltipText: null; viewIdResName: com.android.permissioncontroller:id/permission_allow_button; checkable: false; checked: false; focusable: true; focused: false; selected: false; clickable: true; longClickable: false; contextClickable: false; enabled: true; password: false; scrollable: false; importantForAccessibility: true; visible: true; actions: [AccessibilityAction: ACTION_FOCUS - null, AccessibilityAction: ACTION_SELECT - null, AccessibilityAction: ACTION_CLEAR_SELECTION - null, AccessibilityAction: ACTION_CLICK - null, AccessibilityAction: ACTION_ACCESSIBILITY_FOCUS - null, AccessibilityAction: ACTION_NEXT_AT_MOVEMENT_GRANULARITY - null, AccessibilityAction: ACTION_PREVIOUS_AT_MOVEMENT_GRANULARITY - null, AccessibilityAction: ACTION_SET_SELECTION - null, AccessibilityAction: ACTION_SHOW_ON_SCREEN - null]]
06-12 19:56:19.487 D/UiObject(19643): Waiting 0ms for UiSelector[INSTANCE=1, RESOURCE_ID=com.android.permissioncontroller:id/permission_allow_button].
06-12 19:56:19.487 W/QueryController(19643): Could not detect idle state.
06-12 19:56:19.512 D/UIAutomatorStub(19643): URI: /jsonrpc/0, Method: POST, params, {NanoHttpd.QUERY_STRING=null}, files: {postData={"jsonrpc": "2.0", "id": 1, "method": "waitForExists", "params": [{"mask": 2097152, "childOrSibling": [], "childOrSiblingSelector": [], "resourceId": "com.android.permissioncontroller:id/permission_allow_button"}, 20000]}}
06-12 19:56:19.515 D/UiDevice(19643): Waiting 20000ms for SearchCondition[hasObject=BySelector [RES='\Qcom.android.permissioncontroller:id/permission_allow_button\E']].
06-12 19:56:19.515 D/UiDevice(19643): Searching for node with selector: BySelector [RES='\Qcom.android.permissioncontroller:id/permission_allow_button\E'].
06-12 19:56:19.516 W/QueryController(19643): Could not detect idle state.
06-12 19:56:19.568 D/UIAutomatorStub(19643): URI: /jsonrpc/0, Method: POST, params, {NanoHttpd.QUERY_STRING=null}, files: {postData={"jsonrpc": "2.0", "id": 1, "method": "objInfo", "params": [{"mask": 2097152, "childOrSibling": [], "childOrSiblingSelector": [], "resourceId": "com.android.permissioncontroller:id/permission_allow_button"}]}}
06-12 19:56:19.571 D/UiDevice(19643): Retrieving node with selector: BySelector [RES='\Qcom.android.permissioncontroller:id/permission_allow_button\E'].
06-12 19:56:19.572 W/QueryController(19643): Could not detect idle state.
06-12 19:56:19.587 W/QueryController(19643): Could not detect idle state.
06-12 19:56:19.591 W/QueryController(19643): Could not detect idle state.
06-12 19:56:19.595 W/QueryController(19643): Could not detect idle state.
06-12 19:56:19.597 W/QueryController(19643): Could not detect idle state.
06-12 19:56:19.598 W/QueryController(19643): Could not detect idle state.
06-12 19:56:19.602 W/QueryController(19643): Could not detect idle state.
06-12 19:56:19.606 W/QueryController(19643): Could not detect idle state.
06-12 19:56:19.607 W/QueryController(19643): Could not detect idle state.
06-12 19:56:19.610 W/QueryController(19643): Could not detect idle state.
06-12 19:56:19.612 W/QueryController(19643): Could not detect idle state.
06-12 19:56:19.613 W/QueryController(19643): Could not detect idle state.
06-12 19:56:19.616 W/QueryController(19643): Could not detect idle state.
06-12 19:56:19.620 W/QueryController(19643): Could not detect idle state.
06-12 19:56:19.622 W/QueryController(19643): Could not detect idle state.
06-12 19:56:19.624 W/QueryController(19643): Could not detect idle state.
06-12 19:56:19.626 W/QueryController(19643): Could not detect idle state.
06-12 19:56:19.629 W/QueryController(19643): Could not detect idle state.
06-12 19:56:19.647 D/UIAutomatorStub(19643): URI: /jsonrpc/0, Method: POST, params, {NanoHttpd.QUERY_STRING=null}, files: {postData={"jsonrpc": "2.0", "id": 1, "method": "click", "params": [960.0, 613.0]}}
06-12 19:56:19.862 V/GrantPermissionsViewModel( 5877): Logged buttons presented and clicked permissionGroupName=android.permission-group.STORAGE uid=10058 selectedLocations=0 package=tech.gtt.frontapp.stb.demo presentedButtons=9 clickedButton=1 sessionId=1198750159706954735 targetSdk=35
06-12 19:56:19.866 I/MediaProvider( 2559): Invalidating LocalCallingIdentity cache for package tech.gtt.frontapp.stb.demo. Reason: op android:read_external_storage
06-12 19:56:19.867 V/GrantPermissionsViewModel( 5877): Permission grant result requestId=1198750159706954735 callingUid=10058 callingPackage=tech.gtt.frontapp.stb.demo permission=android.permission.READ_EXTERNAL_STORAGE isImplicit=false result=4
06-12 19:56:19.867 I/MediaProvider( 2559): Invalidating LocalCallingIdentity cache for package tech.gtt.frontapp.stb.demo. Reason: op android:read_external_storage
06-12 19:56:19.872 D/gralloc_nox( 1767): gralloc_alloc: Creating ashmem region of size 8298496
06-12 19:56:19.910 E/android.hardware.audio.service( 1756): pcm_open called create stream faild
06-12 19:56:20.168 D/CompatibilityChangeReporter(19703): Compat change id reported: 78294732; UID 10058; state: ENABLED
06-12 19:56:20.172 I/b       (19703): freeSpace : 116667MB
06-12 19:56:20.242 D/ProcessState(19763): Binder ioctl to enable oneway spam detection failed: Invalid argument
06-12 19:56:20.295 D/ConnectivityService( 1925): NetReassign [no changes]
06-12 19:56:20.306 V/GSK     (19703): StorageServiceImpl initialization() executed in 1 ms.
06-12 19:56:20.307 V/GSK     (19703): SecurityServiceImpl initialization() executed in 1 ms.
06-12 19:56:20.387 W/System.err(19703): SLF4J(W): No SLF4J providers were found.
06-12 19:56:20.387 W/System.err(19703): SLF4J(W): Defaulting to no-operation (NOP) logger implementation
06-12 19:56:20.387 W/System.err(19703): SLF4J(W): See https://www.slf4j.org/codes.html#noProviders for further details.
06-12 19:56:20.424 W/InputManager-JNI( 1925): Input channel object '3e60eb4 com.android.permissioncontroller/com.android.permissioncontroller.permission.ui.GrantPermissionsActivity (client)' was disposed without first being removed with the input manager!
06-12 19:56:20.438 W/System.err(19703): kotlinx.serialization.json.internal.JsonDecodingException: Expected start of the object '{', but had 'EOF' instead at path: $
06-12 19:56:20.438 W/System.err(19703): JSON input: 
06-12 19:56:20.438 W/System.err(19703): 	at kotlinx.serialization.json.internal.JsonExceptionsKt.JsonDecodingException(SourceFile:1)
06-12 19:56:20.438 W/System.err(19703): 	at kotlinx.serialization.json.internal.JsonExceptionsKt.JsonDecodingException(SourceFile:2)
06-12 19:56:20.438 W/System.err(19703): 	at kotlinx.serialization.json.internal.AbstractJsonLexer.fail(SourceFile:52)
06-12 19:56:20.438 W/System.err(19703): 	at kotlinx.serialization.json.internal.AbstractJsonLexer.fail$default(SourceFile:15)
06-12 19:56:20.438 W/System.err(19703): 	at kotlinx.serialization.json.internal.AbstractJsonLexer.unexpectedToken(SourceFile:103)
06-12 19:56:20.438 W/System.err(19703): 	at kotlinx.serialization.json.internal.StringJsonLexer.consumeNextToken(SourceFile:16)
06-12 19:56:20.438 W/System.err(19703): 	at kotlinx.serialization.json.internal.StreamingJsonDecoder.beginStructure(SourceFile:23)
06-12 19:56:20.438 W/System.err(19703): 	at tech.gtt.frontapp.servicesdk.common.service.utility.apis.e2ee.E2eeConfigResponse$$serializer.deserialize(SourceFile:2)
06-12 19:56:20.438 W/System.err(19703): 	at tech.gtt.frontapp.servicesdk.common.service.utility.apis.e2ee.E2eeConfigResponse$$serializer.deserialize(SourceFile:1)
06-12 19:56:20.438 W/System.err(19703): 	at kotlinx.serialization.json.internal.StreamingJsonDecoder.decodeSerializableValue(SourceFile:320)
06-12 19:56:20.438 W/System.err(19703): 	at kotlinx.serialization.json.Json.decodeFromString(SourceFile:3)
06-12 19:56:20.438 W/System.err(19703): 	at tech.gtt.frontapp.servicesdk.common.service.utility.apis.e2ee.E2eeManager.syncE2eeConfig(SourceFile:74)
06-12 19:56:20.438 W/System.err(19703): 	at tech.gtt.frontapp.servicesdk.common.service.utility.apis.ApiUtilServiceImpl.onServiceInit(SourceFile:228)
06-12 19:56:20.438 W/System.err(19703): 	at tech.gtt.frontapp.servicesdk.common.core.ServiceSDKImpl.executeServiceInitialize(SourceFile:372)
06-12 19:56:20.438 W/System.err(19703): 	at tech.gtt.frontapp.servicesdk.common.core.ServiceSDKImpl.access$executeServiceInitialize(SourceFile:1)
06-12 19:56:20.438 W/System.err(19703): 	at tech.gtt.frontapp.servicesdk.common.core.ServiceSDKImpl$init$1.invokeSuspend(SourceFile:178)
06-12 19:56:20.438 W/System.err(19703): 	at tech.gtt.frontapp.servicesdk.common.core.ServiceSDKImpl$init$1.invoke(SourceFile:2)
06-12 19:56:20.438 W/System.err(19703): 	at tech.gtt.frontapp.servicesdk.common.core.ServiceSDKImpl$init$1.invoke(SourceFile:1)
06-12 19:56:20.438 W/System.err(19703): 	at kotlinx.coroutines.flow.SafeFlow.collectSafely(SourceFile:3)
06-12 19:56:20.438 W/System.err(19703): 	at kotlinx.coroutines.flow.AbstractFlow.collect(SourceFile:70)
06-12 19:56:20.438 W/System.err(19703): 	at tech.gtt.frontapp.servicesdk.common.core.SDKSetup$build$1.invokeSuspend(SourceFile:42)
06-12 19:56:20.438 W/System.err(19703): 	at tech.gtt.frontapp.servicesdk.common.core.SDKSetup$build$1.invoke(SourceFile:2)
06-12 19:56:20.438 W/System.err(19703): 	at tech.gtt.frontapp.servicesdk.common.core.SDKSetup$build$1.invoke(SourceFile:1)
06-12 19:56:20.438 W/System.err(19703): 	at tech.gtt.frontapp.servicesdk.common.core.Scheduler$scheduleDirect$1.invokeSuspend(SourceFile:61)
06-12 19:56:20.438 W/System.err(19703): 	at lh.a.resumeWith(SourceFile:14)
06-12 19:56:20.438 W/System.err(19703): 	at kotlinx.coroutines.DispatchedTask.run(SourceFile:123)
06-12 19:56:20.438 W/System.err(19703): 	at kotlinx.coroutines.internal.LimitedDispatcher$Worker.run(SourceFile:4)
06-12 19:56:20.438 W/System.err(19703): 	at kotlinx.coroutines.scheduling.TaskImpl.run(SourceFile:3)
06-12 19:56:20.438 W/System.err(19703): 	at kotlinx.coroutines.scheduling.CoroutineScheduler.runSafely(SourceFile:1)
06-12 19:56:20.438 W/System.err(19703): 	at kotlinx.coroutines.scheduling.CoroutineScheduler$Worker.executeTask(SourceFile:34)
06-12 19:56:20.438 W/System.err(19703): 	at kotlinx.coroutines.scheduling.CoroutineScheduler$Worker.runWorker(SourceFile:29)
06-12 19:56:20.438 W/System.err(19703): 	at kotlinx.coroutines.scheduling.CoroutineScheduler$Worker.run(SourceFile:1)
06-12 19:56:20.439 W/SurfaceFlinger( 1800): couldn't log to binary event log: overflow.
06-12 19:56:20.449 W/System.err(19703): java.io.FileNotFoundException: sys/class/sunxi_info/sys_info: open failed: ENOENT (No such file or directory)
06-12 19:56:20.449 W/System.err(19703): 	at libcore.io.IoBridge.open(IoBridge.java:575)
06-12 19:56:20.449 W/System.err(19703): 	at java.io.FileInputStream.<init>(FileInputStream.java:160)
06-12 19:56:20.449 W/System.err(19703): 	at java.io.FileInputStream.<init>(FileInputStream.java:115)
06-12 19:56:20.449 W/System.err(19703): 	at ip.b.b(SourceFile:5)
06-12 19:56:20.449 W/System.err(19703): 	at ip.b.a(SourceFile:155)
06-12 19:56:20.449 W/System.err(19703): 	at ip.a.invoke(SourceFile:589)
06-12 19:56:20.449 W/System.err(19703): 	at dh.v.getValue(SourceFile:21)
06-12 19:56:20.449 W/System.err(19703): 	at tech.gtt.frontapp.servicesdk.common.network.interceptor.params.ApiDeviceParams.handleFixedParams(SourceFile:52)
06-12 19:56:20.449 W/System.err(19703): 	at tech.gtt.frontapp.servicesdk.common.service.utility.apis.IParamsGetter.toMaps(SourceFile:87)
06-12 19:56:20.449 W/System.err(19703): 	at tech.gtt.frontapp.servicesdk.common.network.interceptor.DefaultParamsInterceptor.onRequest(SourceFile:127)
06-12 19:56:20.449 W/System.err(19703): 	at tech.gtt.frontapp.servicesdk.common.network.interceptor.SDKInterceptorsPluginKt$setupRequestInterception$1.invokeSuspend(SourceFile:103)
06-12 19:56:20.449 W/System.err(19703): 	at tech.gtt.frontapp.servicesdk.common.network.interceptor.SDKInterceptorsPluginKt$setupRequestInterception$1.invoke(SourceFile:1)
06-12 19:56:20.449 W/System.err(19703): 	at tech.gtt.frontapp.servicesdk.common.network.interceptor.SDKInterceptorsPluginKt$setupRequestInterception$1.invoke(SourceFile:2)
06-12 19:56:20.450 W/System.err(19703): 	at io.ktor.util.pipeline.DebugPipelineContext.proceedLoop(SourceFile:86)
06-12 19:56:20.450 W/System.err(19703): 	at io.ktor.util.pipeline.DebugPipelineContext.proceed(SourceFile:26)
06-12 19:56:20.450 W/System.err(19703): 	at io.ktor.client.plugins.RequestError$install$1.invokeSuspend(SourceFile:47)
06-12 19:56:20.450 W/System.err(19703): 	at io.ktor.client.plugins.RequestError$install$1.invoke(SourceFile:1)
06-12 19:56:20.450 W/System.err(19703): 	at io.ktor.client.plugins.RequestError$install$1.invoke(SourceFile:2)
06-12 19:56:20.450 W/System.err(19703): 	at io.ktor.util.pipeline.DebugPipelineContext.proceedLoop(SourceFile:86)
06-12 19:56:20.450 W/System.err(19703): 	at io.ktor.util.pipeline.DebugPipelineContext.proceed(SourceFile:26)
06-12 19:56:20.450 W/System.err(19703): 	at io.ktor.client.plugins.SetupRequestContext$install$1.invokeSuspend$proceed(SourceFile:1)
06-12 19:56:20.450 W/System.err(19703): 	at io.ktor.client.plugins.SetupRequestContext$install$1.access$invokeSuspend$proceed(SourceFile:1)
06-12 19:56:20.450 W/System.err(19703): 	at io.ktor.client.plugins.SetupRequestContext$install$1$1.invoke(SourceFile:2)
06-12 19:56:20.450 W/System.err(19703): 	at io.ktor.client.plugins.SetupRequestContext$install$1$1.invoke(SourceFile:1)
06-12 19:56:20.450 W/System.err(19703): 	at io.ktor.client.plugins.HttpRequestLifecycleKt$HttpRequestLifecycle$1$1.invokeSuspend(SourceFile:78)
06-12 19:56:20.450 W/System.err(19703): 	at io.ktor.client.plugins.HttpRequestLifecycleKt$HttpRequestLifecycle$1$1.invoke(SourceFile:1)
06-12 19:56:20.450 W/System.err(19703): 	at io.ktor.client.plugins.HttpRequestLifecycleKt$HttpRequestLifecycle$1$1.invoke(SourceFile:2)
06-12 19:56:20.450 W/System.err(19703): 	at io.ktor.client.plugins.SetupRequestContext$install$1.invokeSuspend(SourceFile:42)
06-12 19:56:20.450 W/System.err(19703): 	at io.ktor.client.plugins.SetupRequestContext$install$1.invoke(SourceFile:1)
06-12 19:56:20.450 W/System.err(19703): 	at io.ktor.client.plugins.SetupRequestContext$install$1.invoke(SourceFile:2)
06-12 19:56:20.450 W/System.err(19703): 	at io.ktor.util.pipeline.DebugPipelineContext.proceedLoop(SourceFile:86)
06-12 19:56:20.450 W/System.err(19703): 	at io.ktor.util.pipeline.DebugPipelineContext.proceed(SourceFile:26)
06-12 19:56:20.450 W/System.err(19703): 	at io.ktor.util.pipeline.DebugPipelineContext.execute$ktor_utils(SourceFile:7)
06-12 19:56:20.450 W/System.err(19703): 	at io.ktor.util.pipeline.Pipeline.execute(SourceFile:9)
06-12 19:56:20.450 W/System.err(19703): 	at io.ktor.client.HttpClient.execute$ktor_client_core(SourceFile:68)
06-12 19:56:20.450 W/System.err(19703): 	at io.ktor.client.statement.HttpStatement.fetchResponse(SourceFile:90)
06-12 19:56:20.450 W/System.err(19703): 	at io.ktor.client.statement.HttpStatement.execute(SourceFile:9)
06-12 19:56:20.450 W/System.err(19703): 	at de.jensklingenberg.ktorfit.internal.KtorfitConverterHelper.suspendRequest(SourceFile:127)
06-12 19:56:20.450 W/System.err(19703): 	at de.jensklingenberg.ktorfit.internal.KtorfitConverterHelper$request$1$1.invokeSuspend(SourceFile:58)
06-12 19:56:20.450 W/System.err(19703): 	at de.jensklingenberg.ktorfit.internal.KtorfitConverterHelper$request$1$1.invoke(SourceFile:2)
06-12 19:56:20.450 W/System.err(19703): 	at de.jensklingenberg.ktorfit.internal.KtorfitConverterHelper$request$1$1.invoke(SourceFile:1)
06-12 19:56:20.450 W/System.err(19703): 	at de.jensklingenberg.ktorfit.converter.FlowConverterFactory$responseConverter$1$convert$1.invokeSuspend(SourceFile:84)
06-12 19:56:20.450 W/System.err(19703): 	at de.jensklingenberg.ktorfit.converter.FlowConverterFactory$responseConverter$1$convert$1.invoke(SourceFile:2)
06-12 19:56:20.450 W/System.err(19703): 	at de.jensklingenberg.ktorfit.converter.FlowConverterFactory$responseConverter$1$convert$1.invoke(SourceFile:1)
06-12 19:56:20.450 W/System.err(19703): 	at kotlinx.coroutines.flow.SafeFlow.collectSafely(SourceFile:3)
06-12 19:56:20.450 W/System.err(19703): 	at kotlinx.coroutines.flow.AbstractFlow.collect(SourceFile:70)
06-12 19:56:20.450 W/System.err(19703): 	at kotlinx.coroutines.flow.FlowKt__MergeKt$flatMapConcat$$inlined$map$1.collect(SourceFile:10)
06-12 19:56:20.450 W/System.err(19703): 	at kotlinx.coroutines.flow.FlowKt__MergeKt$flattenConcat$$inlined$unsafeFlow$1.collect(SourceFile:8)
06-12 19:56:20.450 W/System.err(19703): 	at kotlinx.coroutines.flow.FlowKt__CollectKt.collect(SourceFile:1)
06-12 19:56:20.450 W/System.err(19703): 	at kotlinx.coroutines.flow.FlowKt.collect(SourceFile:1)
06-12 19:56:20.450 W/System.err(19703): 	at tech.gtt.frontapp.servicesdk.common.service.utility.apis.ApiUtilServiceImpl.onServiceInit(SourceFile:240)
06-12 19:56:20.450 W/System.err(19703): 	at tech.gtt.frontapp.servicesdk.common.core.ServiceSDKImpl.executeServiceInitialize(SourceFile:372)
06-12 19:56:20.450 W/System.err(19703): 	at tech.gtt.frontapp.servicesdk.common.core.ServiceSDKImpl.access$executeServiceInitialize(SourceFile:1)
06-12 19:56:20.450 W/System.err(19703): 	at tech.gtt.frontapp.servicesdk.common.core.ServiceSDKImpl$init$1.invokeSuspend(SourceFile:178)
06-12 19:56:20.450 W/System.err(19703): 	at tech.gtt.frontapp.servicesdk.common.core.ServiceSDKImpl$init$1.invoke(SourceFile:2)
06-12 19:56:20.450 W/System.err(19703): 	at tech.gtt.frontapp.servicesdk.common.core.ServiceSDKImpl$init$1.invoke(SourceFile:1)
06-12 19:56:20.450 W/System.err(19703): 	at kotlinx.coroutines.flow.SafeFlow.collectSafely(SourceFile:3)
06-12 19:56:20.450 W/System.err(19703): 	at kotlinx.coroutines.flow.AbstractFlow.collect(SourceFile:70)
06-12 19:56:20.450 W/System.err(19703): 	at tech.gtt.frontapp.servicesdk.common.core.SDKSetup$build$1.invokeSuspend(SourceFile:42)
06-12 19:56:20.450 W/System.err(19703): 	at tech.gtt.frontapp.servicesdk.common.core.SDKSetup$build$1.invoke(SourceFile:2)
06-12 19:56:20.450 W/System.err(19703): 	at tech.gtt.frontapp.servicesdk.common.core.SDKSetup$build$1.invoke(SourceFile:1)
06-12 19:56:20.450 W/System.err(19703): 	at tech.gtt.frontapp.servicesdk.common.core.Scheduler$scheduleDirect$1.invokeSuspend(SourceFile:61)
06-12 19:56:20.450 W/System.err(19703): 	at lh.a.resumeWith(SourceFile:14)
06-12 19:56:20.450 W/System.err(19703): 	at kotlinx.coroutines.DispatchedTask.run(SourceFile:123)
06-12 19:56:20.450 W/System.err(19703): 	at kotlinx.coroutines.internal.LimitedDispatcher$Worker.run(SourceFile:4)
06-12 19:56:20.450 W/System.err(19703): 	at kotlinx.coroutines.scheduling.TaskImpl.run(SourceFile:3)
06-12 19:56:20.450 W/System.err(19703): 	at kotlinx.coroutines.scheduling.CoroutineScheduler.runSafely(SourceFile:1)
06-12 19:56:20.450 W/System.err(19703): 	at kotlinx.coroutines.scheduling.CoroutineScheduler$Worker.executeTask(SourceFile:34)
06-12 19:56:20.450 W/System.err(19703): 	at kotlinx.coroutines.scheduling.CoroutineScheduler$Worker.runWorker(SourceFile:29)
06-12 19:56:20.450 W/System.err(19703): 	at kotlinx.coroutines.scheduling.CoroutineScheduler$Worker.run(SourceFile:1)
06-12 19:56:20.450 W/System.err(19703): Caused by: android.system.ErrnoException: open failed: ENOENT (No such file or directory)
06-12 19:56:20.450 W/System.err(19703): 	at libcore.io.Linux.open(Native Method)
06-12 19:56:20.450 W/System.err(19703): 	at libcore.io.ForwardingOs.open(ForwardingOs.java:567)
06-12 19:56:20.450 W/System.err(19703): 	at libcore.io.BlockGuardOs.open(BlockGuardOs.java:273)
06-12 19:56:20.450 W/System.err(19703): 	at libcore.io.ForwardingOs.open(ForwardingOs.java:567)
06-12 19:56:20.450 W/System.err(19703): 	at android.app.ActivityThread$AndroidOs.open(ActivityThread.java:7761)
06-12 19:56:20.450 W/System.err(19703): 	at libcore.io.IoBridge.open(IoBridge.java:561)
06-12 19:56:20.450 W/System.err(19703): 	... 69 more
06-12 19:56:20.451 W/System.err(19703): java.io.FileNotFoundException: sys/class/sunxi_info/sys_info: open failed: ENOENT (No such file or directory)
06-12 19:56:20.451 W/System.err(19703): 	at libcore.io.IoBridge.open(IoBridge.java:575)
06-12 19:56:20.451 W/System.err(19703): 	at java.io.FileInputStream.<init>(FileInputStream.java:160)
06-12 19:56:20.451 W/System.err(19703): 	at java.io.FileInputStream.<init>(FileInputStream.java:115)
06-12 19:56:20.451 W/System.err(19703): 	at ip.b.b(SourceFile:5)
06-12 19:56:20.451 W/System.err(19703): 	at ip.b.a(SourceFile:155)
06-12 19:56:20.451 W/System.err(19703): 	at ip.a.invoke(SourceFile:127)
06-12 19:56:20.451 W/System.err(19703): 	at dh.v.getValue(SourceFile:21)
06-12 19:56:20.451 W/System.err(19703): 	at tech.gtt.frontapp.servicesdk.common.network.interceptor.params.ApiDeviceParams.handleFixedParams(SourceFile:65)
06-12 19:56:20.451 W/System.err(19703): 	at tech.gtt.frontapp.servicesdk.common.service.utility.apis.IParamsGetter.toMaps(SourceFile:87)
06-12 19:56:20.451 W/System.err(19703): 	at tech.gtt.frontapp.servicesdk.common.network.interceptor.DefaultParamsInterceptor.onRequest(SourceFile:127)
06-12 19:56:20.451 W/System.err(19703): 	at tech.gtt.frontapp.servicesdk.common.network.interceptor.SDKInterceptorsPluginKt$setupRequestInterception$1.invokeSuspend(SourceFile:103)
06-12 19:56:20.451 W/System.err(19703): 	at tech.gtt.frontapp.servicesdk.common.network.interceptor.SDKInterceptorsPluginKt$setupRequestInterception$1.invoke(SourceFile:1)
06-12 19:56:20.451 W/System.err(19703): 	at tech.gtt.frontapp.servicesdk.common.network.interceptor.SDKInterceptorsPluginKt$setupRequestInterception$1.invoke(SourceFile:2)
06-12 19:56:20.451 W/System.err(19703): 	at io.ktor.util.pipeline.DebugPipelineContext.proceedLoop(SourceFile:86)
06-12 19:56:20.451 W/System.err(19703): 	at io.ktor.util.pipeline.DebugPipelineContext.proceed(SourceFile:26)
06-12 19:56:20.451 W/System.err(19703): 	at io.ktor.client.plugins.RequestError$install$1.invokeSuspend(SourceFile:47)
06-12 19:56:20.451 W/System.err(19703): 	at io.ktor.client.plugins.RequestError$install$1.invoke(SourceFile:1)
06-12 19:56:20.451 W/System.err(19703): 	at io.ktor.client.plugins.RequestError$install$1.invoke(SourceFile:2)
06-12 19:56:20.451 W/System.err(19703): 	at io.ktor.util.pipeline.DebugPipelineContext.proceedLoop(SourceFile:86)
06-12 19:56:20.451 W/System.err(19703): 	at io.ktor.util.pipeline.DebugPipelineContext.proceed(SourceFile:26)
06-12 19:56:20.451 W/System.err(19703): 	at io.ktor.client.plugins.SetupRequestContext$install$1.invokeSuspend$proceed(SourceFile:1)
06-12 19:56:20.451 W/System.err(19703): 	at io.ktor.client.plugins.SetupRequestContext$install$1.access$invokeSuspend$proceed(SourceFile:1)
06-12 19:56:20.451 W/System.err(19703): 	at io.ktor.client.plugins.SetupRequestContext$install$1$1.invoke(SourceFile:2)
06-12 19:56:20.451 W/System.err(19703): 	at io.ktor.client.plugins.SetupRequestContext$install$1$1.invoke(SourceFile:1)
06-12 19:56:20.451 W/System.err(19703): 	at io.ktor.client.plugins.HttpRequestLifecycleKt$HttpRequestLifecycle$1$1.invokeSuspend(SourceFile:78)
06-12 19:56:20.451 W/System.err(19703): 	at io.ktor.client.plugins.HttpRequestLifecycleKt$HttpRequestLifecycle$1$1.invoke(SourceFile:1)
06-12 19:56:20.451 W/System.err(19703): 	at io.ktor.client.plugins.HttpRequestLifecycleKt$HttpRequestLifecycle$1$1.invoke(SourceFile:2)
06-12 19:56:20.451 W/System.err(19703): 	at io.ktor.client.plugins.SetupRequestContext$install$1.invokeSuspend(SourceFile:42)
06-12 19:56:20.451 W/System.err(19703): 	at io.ktor.client.plugins.SetupRequestContext$install$1.invoke(SourceFile:1)
06-12 19:56:20.451 W/System.err(19703): 	at io.ktor.client.plugins.SetupRequestContext$install$1.invoke(SourceFile:2)
06-12 19:56:20.451 W/System.err(19703): 	at io.ktor.util.pipeline.DebugPipelineContext.proceedLoop(SourceFile:86)
06-12 19:56:20.451 W/System.err(19703): 	at io.ktor.util.pipeline.DebugPipelineContext.proceed(SourceFile:26)
06-12 19:56:20.451 W/System.err(19703): 	at io.ktor.util.pipeline.DebugPipelineContext.execute$ktor_utils(SourceFile:7)
06-12 19:56:20.451 W/System.err(19703): 	at io.ktor.util.pipeline.Pipeline.execute(SourceFile:9)
06-12 19:56:20.451 W/System.err(19703): 	at io.ktor.client.HttpClient.execute$ktor_client_core(SourceFile:68)
06-12 19:56:20.451 W/System.err(19703): 	at io.ktor.client.statement.HttpStatement.fetchResponse(SourceFile:90)
06-12 19:56:20.451 W/System.err(19703): 	at io.ktor.client.statement.HttpStatement.execute(SourceFile:9)
06-12 19:56:20.451 W/System.err(19703): 	at de.jensklingenberg.ktorfit.internal.KtorfitConverterHelper.suspendRequest(SourceFile:127)
06-12 19:56:20.451 W/System.err(19703): 	at de.jensklingenberg.ktorfit.internal.KtorfitConverterHelper$request$1$1.invokeSuspend(SourceFile:58)
06-12 19:56:20.451 W/System.err(19703): 	at de.jensklingenberg.ktorfit.internal.KtorfitConverterHelper$request$1$1.invoke(SourceFile:2)
06-12 19:56:20.451 W/System.err(19703): 	at de.jensklingenberg.ktorfit.internal.KtorfitConverterHelper$request$1$1.invoke(SourceFile:1)
06-12 19:56:20.451 W/System.err(19703): 	at de.jensklingenberg.ktorfit.converter.FlowConverterFactory$responseConverter$1$convert$1.invokeSuspend(SourceFile:84)
06-12 19:56:20.451 W/System.err(19703): 	at de.jensklingenberg.ktorfit.converter.FlowConverterFactory$responseConverter$1$convert$1.invoke(SourceFile:2)
06-12 19:56:20.451 W/System.err(19703): 	at de.jensklingenberg.ktorfit.converter.FlowConverterFactory$responseConverter$1$convert$1.invoke(SourceFile:1)
06-12 19:56:20.451 W/System.err(19703): 	at kotlinx.coroutines.flow.SafeFlow.collectSafely(SourceFile:3)
06-12 19:56:20.451 W/System.err(19703): 	at kotlinx.coroutines.flow.AbstractFlow.collect(SourceFile:70)
06-12 19:56:20.451 W/System.err(19703): 	at kotlinx.coroutines.flow.FlowKt__MergeKt$flatMapConcat$$inlined$map$1.collect(SourceFile:10)
06-12 19:56:20.451 W/System.err(19703): 	at kotlinx.coroutines.flow.FlowKt__MergeKt$flattenConcat$$inlined$unsafeFlow$1.collect(SourceFile:8)
06-12 19:56:20.451 W/System.err(19703): 	at kotlinx.coroutines.flow.FlowKt__CollectKt.collect(SourceFile:1)
06-12 19:56:20.451 W/System.err(19703): 	at kotlinx.coroutines.flow.FlowKt.collect(SourceFile:1)
06-12 19:56:20.451 W/System.err(19703): 	at tech.gtt.frontapp.servicesdk.common.service.utility.apis.ApiUtilServiceImpl.onServiceInit(SourceFile:240)
06-12 19:56:20.451 W/System.err(19703): 	at tech.gtt.frontapp.servicesdk.common.core.ServiceSDKImpl.executeServiceInitialize(SourceFile:372)
06-12 19:56:20.451 W/System.err(19703): 	at tech.gtt.frontapp.servicesdk.common.core.ServiceSDKImpl.access$executeServiceInitialize(SourceFile:1)
06-12 19:56:20.451 W/System.err(19703): 	at tech.gtt.frontapp.servicesdk.common.core.ServiceSDKImpl$init$1.invokeSuspend(SourceFile:178)
06-12 19:56:20.451 W/System.err(19703): 	at tech.gtt.frontapp.servicesdk.common.core.ServiceSDKImpl$init$1.invoke(SourceFile:2)
06-12 19:56:20.451 W/System.err(19703): 	at tech.gtt.frontapp.servicesdk.common.core.ServiceSDKImpl$init$1.invoke(SourceFile:1)
06-12 19:56:20.451 W/System.err(19703): 	at kotlinx.coroutines.flow.SafeFlow.collectSafely(SourceFile:3)
06-12 19:56:20.451 W/System.err(19703): 	at kotlinx.coroutines.flow.AbstractFlow.collect(SourceFile:70)
06-12 19:56:20.451 W/System.err(19703): 	at tech.gtt.frontapp.servicesdk.common.core.SDKSetup$build$1.invokeSuspend(SourceFile:42)
06-12 19:56:20.451 W/System.err(19703): 	at tech.gtt.frontapp.servicesdk.common.core.SDKSetup$build$1.invoke(SourceFile:2)
06-12 19:56:20.451 W/System.err(19703): 	at tech.gtt.frontapp.servicesdk.common.core.SDKSetup$build$1.invoke(SourceFile:1)
06-12 19:56:20.451 W/System.err(19703): 	at tech.gtt.frontapp.servicesdk.common.core.Scheduler$scheduleDirect$1.invokeSuspend(SourceFile:61)
06-12 19:56:20.451 W/System.err(19703): 	at lh.a.resumeWith(SourceFile:14)
06-12 19:56:20.451 W/System.err(19703): 	at kotlinx.coroutines.DispatchedTask.run(SourceFile:123)
06-12 19:56:20.451 W/System.err(19703): 	at kotlinx.coroutines.internal.LimitedDispatcher$Worker.run(SourceFile:4)
06-12 19:56:20.451 W/System.err(19703): 	at kotlinx.coroutines.scheduling.TaskImpl.run(SourceFile:3)
06-12 19:56:20.451 W/System.err(19703): 	at kotlinx.coroutines.scheduling.CoroutineScheduler.runSafely(SourceFile:1)
06-12 19:56:20.451 W/System.err(19703): 	at kotlinx.coroutines.scheduling.CoroutineScheduler$Worker.executeTask(SourceFile:34)
06-12 19:56:20.451 W/System.err(19703): 	at kotlinx.coroutines.scheduling.CoroutineScheduler$Worker.runWorker(SourceFile:29)
06-12 19:56:20.451 W/System.err(19703): 	at kotlinx.coroutines.scheduling.CoroutineScheduler$Worker.run(SourceFile:1)
06-12 19:56:20.451 W/System.err(19703): Caused by: android.system.ErrnoException: open failed: ENOENT (No such file or directory)
06-12 19:56:20.451 W/System.err(19703): 	at libcore.io.Linux.open(Native Method)
06-12 19:56:20.451 W/System.err(19703): 	at libcore.io.ForwardingOs.open(ForwardingOs.java:567)
06-12 19:56:20.451 W/System.err(19703): 	at libcore.io.BlockGuardOs.open(BlockGuardOs.java:273)
06-12 19:56:20.451 W/System.err(19703): 	at libcore.io.ForwardingOs.open(ForwardingOs.java:567)
06-12 19:56:20.451 W/System.err(19703): 	at android.app.ActivityThread$AndroidOs.open(ActivityThread.java:7761)
06-12 19:56:20.451 W/System.err(19703): 	at libcore.io.IoBridge.open(IoBridge.java:561)
06-12 19:56:20.451 W/System.err(19703): 	... 69 more
06-12 19:56:20.453 W/System.err(19703): java.io.FileNotFoundException: sys/class/sunxi_info/sys_info: open failed: ENOENT (No such file or directory)
06-12 19:56:20.453 W/System.err(19703): 	at libcore.io.IoBridge.open(IoBridge.java:575)
06-12 19:56:20.453 W/System.err(19703): 	at java.io.FileInputStream.<init>(FileInputStream.java:160)
06-12 19:56:20.453 W/System.err(19703): 	at java.io.FileInputStream.<init>(FileInputStream.java:115)
06-12 19:56:20.453 W/System.err(19703): 	at ip.b.b(SourceFile:5)
06-12 19:56:20.453 W/System.err(19703): 	at ip.b.a(SourceFile:155)
06-12 19:56:20.453 W/System.err(19703): 	at ip.a.invoke(SourceFile:340)
06-12 19:56:20.453 W/System.err(19703): 	at dh.v.getValue(SourceFile:21)
06-12 19:56:20.453 W/System.err(19703): 	at tech.gtt.frontapp.servicesdk.common.network.interceptor.params.ApiDeviceParams.handleFixedParams(SourceFile:120)
06-12 19:56:20.453 W/System.err(19703): 	at tech.gtt.frontapp.servicesdk.common.service.utility.apis.IParamsGetter.toMaps(SourceFile:87)
06-12 19:56:20.453 W/System.err(19703): 	at tech.gtt.frontapp.servicesdk.common.network.interceptor.DefaultParamsInterceptor.onRequest(SourceFile:127)
06-12 19:56:20.453 W/System.err(19703): 	at tech.gtt.frontapp.servicesdk.common.network.interceptor.SDKInterceptorsPluginKt$setupRequestInterception$1.invokeSuspend(SourceFile:103)
06-12 19:56:20.453 W/System.err(19703): 	at tech.gtt.frontapp.servicesdk.common.network.interceptor.SDKInterceptorsPluginKt$setupRequestInterception$1.invoke(SourceFile:1)
06-12 19:56:20.453 W/System.err(19703): 	at tech.gtt.frontapp.servicesdk.common.network.interceptor.SDKInterceptorsPluginKt$setupRequestInterception$1.invoke(SourceFile:2)
06-12 19:56:20.453 W/System.err(19703): 	at io.ktor.util.pipeline.DebugPipelineContext.proceedLoop(SourceFile:86)
06-12 19:56:20.453 W/System.err(19703): 	at io.ktor.util.pipeline.DebugPipelineContext.proceed(SourceFile:26)
06-12 19:56:20.453 W/System.err(19703): 	at io.ktor.client.plugins.RequestError$install$1.invokeSuspend(SourceFile:47)
06-12 19:56:20.453 W/System.err(19703): 	at io.ktor.client.plugins.RequestError$install$1.invoke(SourceFile:1)
06-12 19:56:20.453 W/System.err(19703): 	at io.ktor.client.plugins.RequestError$install$1.invoke(SourceFile:2)
06-12 19:56:20.453 W/System.err(19703): 	at io.ktor.util.pipeline.DebugPipelineContext.proceedLoop(SourceFile:86)
06-12 19:56:20.453 W/System.err(19703): 	at io.ktor.util.pipeline.DebugPipelineContext.proceed(SourceFile:26)
06-12 19:56:20.453 W/System.err(19703): 	at io.ktor.client.plugins.SetupRequestContext$install$1.invokeSuspend$proceed(SourceFile:1)
06-12 19:56:20.453 W/System.err(19703): 	at io.ktor.client.plugins.SetupRequestContext$install$1.access$invokeSuspend$proceed(SourceFile:1)
06-12 19:56:20.453 W/System.err(19703): 	at io.ktor.client.plugins.SetupRequestContext$install$1$1.invoke(SourceFile:2)
06-12 19:56:20.453 W/System.err(19703): 	at io.ktor.client.plugins.SetupRequestContext$install$1$1.invoke(SourceFile:1)
06-12 19:56:20.453 W/System.err(19703): 	at io.ktor.client.plugins.HttpRequestLifecycleKt$HttpRequestLifecycle$1$1.invokeSuspend(SourceFile:78)
06-12 19:56:20.453 W/System.err(19703): 	at io.ktor.client.plugins.HttpRequestLifecycleKt$HttpRequestLifecycle$1$1.invoke(SourceFile:1)
06-12 19:56:20.453 W/System.err(19703): 	at io.ktor.client.plugins.HttpRequestLifecycleKt$HttpRequestLifecycle$1$1.invoke(SourceFile:2)
