06-12 19:56:25.877 D/UiDevice(19643): Searching for node with selector: BySelector [RES='\Qtech.gtt.frontapp.stb.demo:id/account_login_tv2\E'].
06-12 19:56:25.877 W/QueryController(19643): Could not detect idle state.
06-12 19:56:25.983 D/UiDevice(19643): Searching for node with selector: BySelector [RES='\Qtech.gtt.frontapp.stb.demo:id/account_login_tv2\E'].
06-12 19:56:25.984 W/QueryController(19643): Could not detect idle state.
06-12 19:56:26.086 D/UiDevice(19643): Searching for node with selector: BySelector [RES='\Qtech.gtt.frontapp.stb.demo:id/account_login_tv2\E'].
06-12 19:56:26.087 W/QueryController(19643): Could not detect idle state.
06-12 19:56:26.189 D/UiDevice(19643): Searching for node with selector: BySelector [RES='\Qtech.gtt.frontapp.stb.demo:id/account_login_tv2\E'].
06-12 19:56:26.190 W/QueryController(19643): Could not detect idle state.
06-12 19:56:26.294 D/UiDevice(19643): Searching for node with selector: BySelector [RES='\Qtech.gtt.frontapp.stb.demo:id/account_login_tv2\E'].
06-12 19:56:26.295 W/QueryController(19643): Could not detect idle state.
06-12 19:56:26.403 D/UiDevice(19643): Searching for node with selector: BySelector [RES='\Qtech.gtt.frontapp.stb.demo:id/account_login_tv2\E'].
06-12 19:56:26.404 W/QueryController(19643): Could not detect idle state.
06-12 19:56:26.506 D/UiDevice(19643): Searching for node with selector: BySelector [RES='\Qtech.gtt.frontapp.stb.demo:id/account_login_tv2\E'].
06-12 19:56:26.507 W/QueryController(19643): Could not detect idle state.
06-12 19:56:26.611 D/UiDevice(19643): Searching for node with selector: BySelector [RES='\Qtech.gtt.frontapp.stb.demo:id/account_login_tv2\E'].
06-12 19:56:26.611 W/QueryController(19643): Could not detect idle state.
06-12 19:56:26.657 I/keystore2( 1707): keystore2::watchdog: Watchdog thread idle -> terminating. Have a great day.
06-12 19:56:26.717 D/UiDevice(19643): Searching for node with selector: BySelector [RES='\Qtech.gtt.frontapp.stb.demo:id/account_login_tv2\E'].
06-12 19:56:26.718 W/QueryController(19643): Could not detect idle state.
06-12 19:56:26.822 D/UiDevice(19643): Searching for node with selector: BySelector [RES='\Qtech.gtt.frontapp.stb.demo:id/account_login_tv2\E'].
06-12 19:56:26.822 W/QueryController(19643): Could not detect idle state.
06-12 19:56:26.848 D/AudioTrack( 1854): stop(35): called with 200704 frames delivered
06-12 19:56:26.931 D/UiDevice(19643): Searching for node with selector: BySelector [RES='\Qtech.gtt.frontapp.stb.demo:id/account_login_tv2\E'].
06-12 19:56:26.932 W/QueryController(19643): Could not detect idle state.
06-12 19:56:27.051 D/UiDevice(19643): Searching for node with selector: BySelector [RES='\Qtech.gtt.frontapp.stb.demo:id/account_login_tv2\E'].
06-12 19:56:27.051 W/QueryController(19643): Could not detect idle state.
06-12 19:56:27.153 D/UiDevice(19643): Searching for node with selector: BySelector [RES='\Qtech.gtt.frontapp.stb.demo:id/account_login_tv2\E'].
06-12 19:56:27.153 W/QueryController(19643): Could not detect idle state.
06-12 19:56:27.258 D/UiDevice(19643): Searching for node with selector: BySelector [RES='\Qtech.gtt.frontapp.stb.demo:id/account_login_tv2\E'].
06-12 19:56:27.259 W/QueryController(19643): Could not detect idle state.
06-12 19:56:27.284 D/NuPlayerDriver( 1854): stop(0xe9782020)
06-12 19:56:27.285 V/MediaPlayer(19703): resetDrmState:  mDrmInfo=null mDrmProvisioningThread=null mPrepareDrmInProgress=false mActiveDrmScheme=false
06-12 19:56:27.285 V/MediaPlayer(19703): cleanDrmObj: mDrmObj=null mDrmSessionId=null
06-12 19:56:27.286 D/NuPlayerDriver( 1854): reset(0xe9782020) at state 8
06-12 19:56:27.303 D/SurfaceUtils( 1854): disconnecting from surface 0xe4381948, reason disconnectFromSurface
06-12 19:56:27.307 D/SurfaceUtils( 1854): connecting to surface 0xe4381948, reason onShutdown
06-12 19:56:27.314 D/NuPlayerDriver( 1854): notifyResetComplete(0xe9782020)
06-12 19:56:27.314 D/SurfaceUtils( 1854): disconnecting from surface 0xe4383278, reason disconnectNativeWindow
06-12 19:56:27.314 W/AMessage( 1854): failed to post message as target looper for handler 0 is gone.
06-12 19:56:27.316 I/MediaFocusControl( 1925): abandonAudioFocus() from uid/pid 10058/19703 clientId=android.media.AudioManager@4648ca7
06-12 19:56:27.319 I/ActivityTaskManager( 1925): START u0 {cmp=tech.gtt.frontapp.stb.demo/tech.gtt.frontapp.stb.m.account.activity.LoginMethodSwitchActivity (has extras)} from uid 10058
06-12 19:56:27.321 D/CompatibilityChangeReporter( 1925): Compat change id reported: 174042980; UID 10058; state: DISABLED
06-12 19:56:27.322 D/CompatibilityChangeReporter( 1925): Compat change id reported: 184838306; UID 10058; state: DISABLED
06-12 19:56:27.323 D/CompatibilityChangeReporter( 1925): Compat change id reported: 185004937; UID 10058; state: DISABLED
06-12 19:56:27.323 D/CompatibilityChangeReporter( 1925): Compat change id reported: 181136395; UID 10058; state: DISABLED
06-12 19:56:27.323 D/CompatibilityChangeReporter( 1925): Compat change id reported: 174042936; UID 10058; state: DISABLED
06-12 19:56:27.324 D/CompatibilityChangeReporter( 1925): Compat change id reported: 197654537; UID 10058; state: ENABLED
06-12 19:56:27.325 D/CompatibilityChangeReporter( 1925): Compat change id reported: 168419799; UID 10058; state: DISABLED
06-12 19:56:27.327 I/MediaFocusControl( 1925): abandonAudioFocus() from uid/pid 10058/19703 clientId=android.media.AudioManager@4648ca7
06-12 19:56:27.327 W/MediaPlayer(19703): mediaplayer went away with unhandled events
06-12 19:56:27.330 W/MediaPlayer(19703): mediaplayer went away with unhandled events
06-12 19:56:27.332 W/ActivityTaskManager( 1925): Tried to set launchTime (0) < mLastActivityLaunchTime (3820746)
06-12 19:56:27.343 D/AndroidAutoSize(19703): tech.gtt.frontapp.stb.m.account.activity.LoginMethodSwitchActivity used the global configuration.
06-12 19:56:27.343 D/AndroidAutoSize(19703): The tech.gtt.frontapp.stb.m.account.activity.LoginMethodSwitchActivity has been adapted! 
06-12 19:56:27.343 D/AndroidAutoSize(19703): LoginMethodSwitchActivity Info: isBaseOnWidth = true, designWidthInDp = 1920.000000, designWidthInSubunits = 1920.000000, targetDensity = 1.000000, targetScaledDensity = 1.000000, targetDensityDpi = 160, targetXdpi = 1.000000, targetScreenWidthDp = 1920, targetScreenHeightDp = 1032
06-12 19:56:27.366 D/UiDevice(19643): Searching for node with selector: BySelector [RES='\Qtech.gtt.frontapp.stb.demo:id/account_login_tv2\E'].
06-12 19:56:27.367 W/QueryController(19643): Could not detect idle state.
06-12 19:56:27.369 D/AndroidAutoSize(19703): tech.gtt.frontapp.stb.m.account.activity.LoginMethodSwitchActivity used the global configuration.
06-12 19:56:27.369 D/AndroidAutoSize(19703): The tech.gtt.frontapp.stb.m.account.activity.LoginMethodSwitchActivity has been adapted! 
06-12 19:56:27.369 D/AndroidAutoSize(19703): LoginMethodSwitchActivity Info: isBaseOnWidth = true, designWidthInDp = 1920.000000, designWidthInSubunits = 1920.000000, targetDensity = 1.000000, targetScaledDensity = 1.000000, targetDensityDpi = 160, targetXdpi = 1.000000, targetScreenWidthDp = 1920, targetScreenHeightDp = 1032
06-12 19:56:27.372 W/WindowManager( 1925): Failed looking up window session=Session{82bf916 19703:u0a10058} callers=com.android.server.wm.WindowManagerService.windowForClientLocked:5850 com.android.server.wm.Session.updateRequestedVisibilities:640 android.view.IWindowSession$Stub.onTransact:1175 
06-12 19:56:27.381 D/gralloc_nox( 1767): gralloc_alloc: Creating ashmem region of size 8298496
06-12 19:56:27.396 D/gralloc_nox( 1767): gralloc_alloc: Creating ashmem region of size 8298496
06-12 19:56:27.416 D/ProcessState(20105): Binder ioctl to enable oneway spam detection failed: Invalid argument
06-12 19:56:27.436 D/gralloc_nox( 1767): gralloc_alloc: Creating ashmem region of size 8298496
06-12 19:56:27.479 E/libEGL  (19703): called unimplemented OpenGL ES API
06-12 19:56:27.495 I/ActivityTaskManager( 1925): Displayed tech.gtt.frontapp.stb.demo/tech.gtt.frontapp.stb.m.account.activity.LoginMethodSwitchActivity: +176ms
06-12 19:56:27.623 D/UiDevice(19643): Searching for node with selector: BySelector [RES='\Qtech.gtt.frontapp.stb.demo:id/account_login_tv2\E'].
06-12 19:56:27.623 W/QueryController(19643): Could not detect idle state.
06-12 19:56:27.658 D/UIAutomatorStub(19643): URI: /jsonrpc/0, Method: POST, params, {NanoHttpd.QUERY_STRING=null}, files: {postData={"jsonrpc": "2.0", "id": 1, "method": "objInfo", "params": [{"mask": 2097152, "childOrSibling": [], "childOrSiblingSelector": [], "resourceId": "tech.gtt.frontapp.stb.demo:id/account_login_tv2"}]}}
06-12 19:56:27.660 D/UiDevice(19643): Retrieving node with selector: BySelector [RES='\Qtech.gtt.frontapp.stb.demo:id/account_login_tv2\E'].
06-12 19:56:27.660 W/QueryController(19643): Could not detect idle state.
06-12 19:56:27.665 W/QueryController(19643): Could not detect idle state.
06-12 19:56:27.666 W/QueryController(19643): Could not detect idle state.
06-12 19:56:27.667 W/QueryController(19643): Could not detect idle state.
06-12 19:56:27.668 W/QueryController(19643): Could not detect idle state.
06-12 19:56:27.668 W/QueryController(19643): Could not detect idle state.
06-12 19:56:27.669 W/QueryController(19643): Could not detect idle state.
06-12 19:56:27.670 W/QueryController(19643): Could not detect idle state.
06-12 19:56:27.671 W/QueryController(19643): Could not detect idle state.
06-12 19:56:27.671 W/QueryController(19643): Could not detect idle state.
06-12 19:56:27.674 W/QueryController(19643): Could not detect idle state.
06-12 19:56:27.675 W/QueryController(19643): Could not detect idle state.
06-12 19:56:27.676 W/QueryController(19643): Could not detect idle state.
06-12 19:56:27.677 W/QueryController(19643): Could not detect idle state.
06-12 19:56:27.678 W/QueryController(19643): Could not detect idle state.
06-12 19:56:27.681 W/QueryController(19643): Could not detect idle state.
06-12 19:56:27.681 W/QueryController(19643): Could not detect idle state.
06-12 19:56:27.682 W/QueryController(19643): Could not detect idle state.
06-12 19:56:27.719 D/UIAutomatorStub(19643): URI: /jsonrpc/0, Method: POST, params, {NanoHttpd.QUERY_STRING=null}, files: {postData={"jsonrpc": "2.0", "id": 1, "method": "click", "params": [1390.0, 559.0]}}
06-12 19:56:27.741 W/InputManager-JNI( 1925): Input channel object '123d7d4 tech.gtt.frontapp.stb.demo/tech.gtt.frontapp.stb.m.home.activity.LoadingActivity (client)' was disposed without first being removed with the input manager!
06-12 19:56:27.847 I/ActivityTaskManager( 1925): START u0 {cmp=tech.gtt.frontapp.stb.demo/tech.gtt.frontapp.stb.m.account.activity.LoginActivity} from uid 10058
06-12 19:56:27.853 W/ActivityTaskManager( 1925): Tried to set launchTime (0) < mLastActivityLaunchTime (3825846)
06-12 19:56:27.864 D/AndroidAutoSize(19703): tech.gtt.frontapp.stb.m.account.activity.LoginActivity used the global configuration.
06-12 19:56:27.864 D/AndroidAutoSize(19703): The tech.gtt.frontapp.stb.m.account.activity.LoginActivity has been adapted! 
06-12 19:56:27.864 D/AndroidAutoSize(19703): LoginActivity Info: isBaseOnWidth = true, designWidthInDp = 1920.000000, designWidthInSubunits = 1920.000000, targetDensity = 1.000000, targetScaledDensity = 1.000000, targetDensityDpi = 160, targetXdpi = 1.000000, targetScreenWidthDp = 1920, targetScreenHeightDp = 1032
06-12 19:56:27.867 W/System  ( 1925): A resource failed to call close. 
06-12 19:56:27.867 W/System  ( 1925): A resource failed to call release. 
06-12 19:56:27.881 D/UIAutomatorStub(19643): URI: /jsonrpc/0, Method: POST, params, {NanoHttpd.QUERY_STRING=null}, files: {postData={"jsonrpc": "2.0", "id": 1, "method": "waitForExists", "params": [{"mask": 2097152, "childOrSibling": [], "childOrSiblingSelector": [], "resourceId": "tech.gtt.frontapp.stb.demo:id/loginf_et_username"}, 20000]}}
06-12 19:56:27.882 D/UiDevice(19643): Waiting 20000ms for SearchCondition[hasObject=BySelector [RES='\Qtech.gtt.frontapp.stb.demo:id/loginf_et_username\E']].
06-12 19:56:27.882 D/UiDevice(19643): Searching for node with selector: BySelector [RES='\Qtech.gtt.frontapp.stb.demo:id/loginf_et_username\E'].
06-12 19:56:27.882 W/QueryController(19643): Could not detect idle state.
06-12 19:56:27.914 D/AndroidAutoSize(19703): tech.gtt.frontapp.stb.m.account.activity.LoginActivity used the global configuration.
06-12 19:56:27.914 D/AndroidAutoSize(19703): The tech.gtt.frontapp.stb.m.account.activity.LoginActivity has been adapted! 
06-12 19:56:27.914 D/AndroidAutoSize(19703): LoginActivity Info: isBaseOnWidth = true, designWidthInDp = 1920.000000, designWidthInSubunits = 1920.000000, targetDensity = 1.000000, targetScaledDensity = 1.000000, targetDensityDpi = 160, targetXdpi = 1.000000, targetScreenWidthDp = 1920, targetScreenHeightDp = 1032
06-12 19:56:27.917 W/WindowManager( 1925): Failed looking up window session=Session{82bf916 19703:u0a10058} callers=com.android.server.wm.WindowManagerService.windowForClientLocked:5850 com.android.server.wm.Session.updateRequestedVisibilities:640 android.view.IWindowSession$Stub.onTransact:1175 
06-12 19:56:27.934 D/gralloc_nox( 1767): gralloc_alloc: Creating ashmem region of size 8298496
06-12 19:56:27.949 D/gralloc_nox( 1767): gralloc_alloc: Creating ashmem region of size 8298496
06-12 19:56:27.964 D/gralloc_nox( 1767): gralloc_alloc: Creating ashmem region of size 8298496
06-12 19:56:27.965 D/ProcessState(20118): Binder ioctl to enable oneway spam detection failed: Invalid argument
06-12 19:56:28.023 W/ByMatcher(19643): Node returned null child: android.view.accessibility.AccessibilityNodeInfo@113e2; boundsInParent: Rect(0, 0 - 1920, 1080); boundsInScreen: Rect(0, 0 - 1920, 1080); packageName: tech.gtt.frontapp.stb.demo; className: android.widget.RelativeLayout; text: null; error: null; maxTextLength: -1; stateDescription: null; contentDescription: null; tooltipText: null; viewIdResName: null; checkable: false; checked: false; focusable: false; focused: false; selected: false; clickable: false; longClickable: false; contextClickable: false; enabled: true; password: false; scrollable: false; importantForAccessibility: false; visible: true; actions: [AccessibilityAction: ACTION_SELECT - null, AccessibilityAction: ACTION_CLEAR_SELECTION - null, AccessibilityAction: ACTION_ACCESSIBILITY_FOCUS - null, AccessibilityAction: ACTION_SHOW_ON_SCREEN - null]
06-12 19:56:28.024 W/ByMatcher(19643): Skipping null child (2 of 3)
06-12 19:56:28.026 W/ByMatcher(19643): Node returned null child: android.view.accessibility.AccessibilityNodeInfo@80006eb6; boundsInParent: Rect(0, 0 - 1920, 1080); boundsInScreen: Rect(0, 0 - 1920, 1080); packageName: tech.gtt.frontapp.stb.demo; className: android.widget.FrameLayout; text: null; error: null; maxTextLength: -1; stateDescription: null; contentDescription: null; tooltipText: null; viewIdResName: null; checkable: false; checked: false; focusable: false; focused: false; selected: false; clickable: false; longClickable: false; contextClickable: false; enabled: true; password: false; scrollable: false; importantForAccessibility: true; visible: true; actions: [AccessibilityAction: ACTION_SELECT - null, AccessibilityAction: ACTION_CLEAR_SELECTION - null, AccessibilityAction: ACTION_ACCESSIBILITY_FOCUS - null, AccessibilityAction: ACTION_SHOW_ON_SCREEN - null]
06-12 19:56:28.026 W/ByMatcher(19643): Skipping null child (0 of 1)
06-12 19:56:28.030 I/ActivityTaskManager( 1925): Displayed tech.gtt.frontapp.stb.demo/tech.gtt.frontapp.stb.m.account.activity.LoginActivity: +182ms
06-12 19:56:28.128 D/UiDevice(19643): Searching for node with selector: BySelector [RES='\Qtech.gtt.frontapp.stb.demo:id/loginf_et_username\E'].
06-12 19:56:28.128 W/QueryController(19643): Could not detect idle state.
06-12 19:56:28.153 D/UIAutomatorStub(19643): URI: /jsonrpc/0, Method: POST, params, {NanoHttpd.QUERY_STRING=null}, files: {postData={"jsonrpc": "2.0", "id": 1, "method": "objInfo", "params": [{"mask": 2097152, "childOrSibling": [], "childOrSiblingSelector": [], "resourceId": "tech.gtt.frontapp.stb.demo:id/loginf_et_username"}]}}
06-12 19:56:28.153 D/UiDevice(19643): Retrieving node with selector: BySelector [RES='\Qtech.gtt.frontapp.stb.demo:id/loginf_et_username\E'].
06-12 19:56:28.154 W/QueryController(19643): Could not detect idle state.
06-12 19:56:28.157 W/QueryController(19643): Could not detect idle state.
06-12 19:56:28.159 W/QueryController(19643): Could not detect idle state.
06-12 19:56:28.162 W/QueryController(19643): Could not detect idle state.
06-12 19:56:28.163 W/QueryController(19643): Could not detect idle state.
06-12 19:56:28.163 W/QueryController(19643): Could not detect idle state.
06-12 19:56:28.164 W/QueryController(19643): Could not detect idle state.
06-12 19:56:28.165 W/QueryController(19643): Could not detect idle state.
06-12 19:56:28.166 W/QueryController(19643): Could not detect idle state.
06-12 19:56:28.166 W/QueryController(19643): Could not detect idle state.
06-12 19:56:28.167 W/QueryController(19643): Could not detect idle state.
06-12 19:56:28.167 W/QueryController(19643): Could not detect idle state.
06-12 19:56:28.168 W/QueryController(19643): Could not detect idle state.
06-12 19:56:28.169 W/QueryController(19643): Could not detect idle state.
06-12 19:56:28.171 W/QueryController(19643): Could not detect idle state.
06-12 19:56:28.172 W/QueryController(19643): Could not detect idle state.
06-12 19:56:28.173 W/QueryController(19643): Could not detect idle state.
06-12 19:56:28.174 W/QueryController(19643): Could not detect idle state.
06-12 19:56:28.204 D/UIAutomatorStub(19643): URI: /jsonrpc/0, Method: POST, params, {NanoHttpd.QUERY_STRING=null}, files: {postData={"jsonrpc": "2.0", "id": 1, "method": "click", "params": [1057.0, 437.0]}}
06-12 19:56:28.273 W/SurfaceFlinger( 1800): couldn't log to binary event log: overflow.
06-12 19:56:28.378 D/CompatibilityChangeReporter(19703): Compat change id reported: 163400105; UID 10058; state: ENABLED
06-12 19:56:28.379 D/InputMethodManager(19703): showSoftInput() view=tech.gtt.frontapp.stb.c.ui.edittext.EmailAutoCompleteTextView{39ffa1d VFED..CL. .F.P..ID 0,0-700,92 #7f0b02ce app:id/loginf_et_username aid=1073741824} flags=0 reason=SHOW_SOFT_INPUT
06-12 19:56:28.379 V/InputMethodService( 2648): onEvaluateInputViewShown: config.hardKeyboardHidden = 2
06-12 19:56:28.379 V/InputMethodService( 2648): onEvaluateInputViewShown: config.hardKeyboardHidden = 2
06-12 19:56:28.379 I/AdbKeyboard( 2648): imeAction: 5 Next
06-12 19:56:28.398 D/gralloc_nox( 1767): gralloc_alloc: Creating ashmem region of size 647168
06-12 19:56:28.421 D/gralloc_nox( 1767): gralloc_alloc: Creating ashmem region of size 647168
06-12 19:56:28.422 D/UIAutomatorStub(19643): URI: /jsonrpc/0, Method: POST, params, {NanoHttpd.QUERY_STRING=null}, files: {postData={"jsonrpc": "2.0", "id": 1, "method": "waitForExists", "params": [{"mask": 2097152, "childOrSibling": [], "childOrSiblingSelector": [], "resourceId": "tech.gtt.frontapp.stb.demo:id/loginf_et_username"}, 20000]}}
06-12 19:56:28.424 D/gralloc_nox( 1767): gralloc_alloc: Creating ashmem region of size 647168
06-12 19:56:28.424 D/UiDevice(19643): Waiting 20000ms for SearchCondition[hasObject=BySelector [RES='\Qtech.gtt.frontapp.stb.demo:id/loginf_et_username\E']].
06-12 19:56:28.424 D/UiDevice(19643): Searching for node with selector: BySelector [RES='\Qtech.gtt.frontapp.stb.demo:id/loginf_et_username\E'].
06-12 19:56:28.425 W/QueryController(19643): Could not detect idle state.
06-12 19:56:28.432 D/InsetsController(19703): show(ime(), fromIme=true)
06-12 19:56:28.435 D/ProcessState(20127): Binder ioctl to enable oneway spam detection failed: Invalid argument
06-12 19:56:28.454 D/UIAutomatorStub(19643): URI: /jsonrpc/0, Method: POST, params, {NanoHttpd.QUERY_STRING=null}, files: {postData={"jsonrpc": "2.0", "id": 1, "method": "setText", "params": [{"mask": 2097152, "childOrSibling": [], "childOrSiblingSelector": [], "resourceId": "tech.gtt.frontapp.stb.demo:id/loginf_et_username"}, "0609@ipwangxin.cn"]}}
06-12 19:56:28.455 D/UiDevice(19643): Retrieving node with selector: BySelector [RES='\Qtech.gtt.frontapp.stb.demo:id/loginf_et_username\E'].
06-12 19:56:28.455 W/QueryController(19643): Could not detect idle state.
06-12 19:56:28.458 W/QueryController(19643): Could not detect idle state.
06-12 19:56:28.460 D/UiObject2(19643): Clicking on (1057, 437).
06-12 19:56:28.487 D/InputMethodManager(19703): showSoftInput() view=tech.gtt.frontapp.stb.c.ui.edittext.EmailAutoCompleteTextView{39ffa1d VFED..CL. .F.P.... 0,0-700,92 #7f0b02ce app:id/loginf_et_username aid=1073741824} flags=0 reason=SHOW_SOFT_INPUT
06-12 19:56:28.487 V/InputMethodService( 2648): onEvaluateInputViewShown: config.hardKeyboardHidden = 2
06-12 19:56:28.487 V/InputMethodService( 2648): onEvaluateInputViewShown: config.hardKeyboardHidden = 2
06-12 19:56:28.490 D/InsetsController(19703): show(ime(), fromIme=true)
06-12 19:56:28.499 W/GestureController(19643): Gestures took longer than expected (39ms >> 16ms), device might be in a busy state.
06-12 19:56:28.499 D/UiDevice(19643): Retrieving node with selector: BySelector [RES='\Qtech.gtt.frontapp.stb.demo:id/loginf_et_username\E'].
06-12 19:56:28.500 W/QueryController(19643): Could not detect idle state.
06-12 19:56:28.502 W/QueryController(19643): Could not detect idle state.
06-12 19:56:28.504 D/UiObject2(19643): Setting text to '0609@ipwangxin.cn'.
06-12 19:56:28.508 I/AdbKeyboard( 2648): imeAction: 5 Next
06-12 19:56:28.508 V/InputMethodService( 2648): onEvaluateInputViewShown: config.hardKeyboardHidden = 2
06-12 19:56:28.509 V/InputMethodService( 2648): onEvaluateInputViewShown: config.hardKeyboardHidden = 2
06-12 19:56:28.556 D/InsetsController(19703): show(ime(), fromIme=true)
06-12 19:56:28.578 D/UIAutomatorStub(19643): URI: /jsonrpc/0, Method: POST, params, {NanoHttpd.QUERY_STRING=null}, files: {postData={"jsonrpc": "2.0", "id": 1, "method": "waitForExists", "params": [{"mask": 2097152, "childOrSibling": [], "childOrSiblingSelector": [], "resourceId": "tech.gtt.frontapp.stb.demo:id/et_pwd"}, 20000]}}
06-12 19:56:28.578 D/UiDevice(19643): Waiting 20000ms for SearchCondition[hasObject=BySelector [RES='\Qtech.gtt.frontapp.stb.demo:id/et_pwd\E']].
06-12 19:56:28.579 D/UiDevice(19643): Searching for node with selector: BySelector [RES='\Qtech.gtt.frontapp.stb.demo:id/et_pwd\E'].
06-12 19:56:28.579 W/QueryController(19643): Could not detect idle state.
06-12 19:56:28.612 D/UIAutomatorStub(19643): URI: /jsonrpc/0, Method: POST, params, {NanoHttpd.QUERY_STRING=null}, files: {postData={"jsonrpc": "2.0", "id": 1, "method": "objInfo", "params": [{"mask": 2097152, "childOrSibling": [], "childOrSiblingSelector": [], "resourceId": "tech.gtt.frontapp.stb.demo:id/et_pwd"}]}}
06-12 19:56:28.613 D/UiDevice(19643): Retrieving node with selector: BySelector [RES='\Qtech.gtt.frontapp.stb.demo:id/et_pwd\E'].
06-12 19:56:28.613 W/QueryController(19643): Could not detect idle state.
06-12 19:56:28.616 W/QueryController(19643): Could not detect idle state.
06-12 19:56:28.618 W/QueryController(19643): Could not detect idle state.
06-12 19:56:28.619 W/QueryController(19643): Could not detect idle state.
06-12 19:56:28.620 W/QueryController(19643): Could not detect idle state.
06-12 19:56:28.621 W/QueryController(19643): Could not detect idle state.
06-12 19:56:28.622 W/QueryController(19643): Could not detect idle state.
06-12 19:56:28.622 W/QueryController(19643): Could not detect idle state.
06-12 19:56:28.623 W/QueryController(19643): Could not detect idle state.
06-12 19:56:28.624 W/QueryController(19643): Could not detect idle state.
06-12 19:56:28.624 W/QueryController(19643): Could not detect idle state.
06-12 19:56:28.625 W/QueryController(19643): Could not detect idle state.
06-12 19:56:28.625 W/QueryController(19643): Could not detect idle state.
06-12 19:56:28.626 W/QueryController(19643): Could not detect idle state.
06-12 19:56:28.627 W/QueryController(19643): Could not detect idle state.
06-12 19:56:28.627 W/QueryController(19643): Could not detect idle state.
06-12 19:56:28.628 W/QueryController(19643): Could not detect idle state.
06-12 19:56:28.629 W/QueryController(19643): Could not detect idle state.
06-12 19:56:28.659 D/UIAutomatorStub(19643): URI: /jsonrpc/0, Method: POST, params, {NanoHttpd.QUERY_STRING=null}, files: {postData={"jsonrpc": "2.0", "id": 1, "method": "click", "params": [1057.0, 559.0]}}
06-12 19:56:28.689 W/NotificationHistory( 1925): Attempted to add notif for locked/gone/disabled user 0
06-12 19:56:28.692 D/InterruptionStateProvider( 2100): No bubble up: not allowed to bubble: -1|android|8|null|1000
06-12 19:56:28.692 D/InterruptionStateProvider( 2100): No heads up: unimportant notification: -1|android|8|null|1000
06-12 19:56:28.693 D/PeopleSpaceWidgetMgr( 2100): Sbn doesn't contain valid PeopleTileKey: null/-1/android
06-12 19:56:28.694 D/InterruptionStateProvider( 2100): No bubble up: not allowed to bubble: -1|android|8|null|1000
06-12 19:56:28.694 D/InterruptionStateProvider( 2100): No heads up: unimportant notification: -1|android|8|null|1000
06-12 19:56:28.694 D/PeopleSpaceWidgetMgr( 2100): Sbn doesn't contain valid PeopleTileKey: null/-1/android
06-12 19:56:28.726 D/InterruptionStateProvider( 2100): No bubble up: not allowed to bubble: -1|android|8|null|1000
06-12 19:56:28.726 D/InterruptionStateProvider( 2100): No heads up: unimportant notification: -1|android|8|null|1000
06-12 19:56:28.729 D/PeopleSpaceWidgetMgr( 2100): Sbn doesn't contain valid PeopleTileKey: null/-1/android
06-12 19:56:28.779 I/AdbKeyboard( 2648): imeAction: 5 Next
06-12 19:56:28.779 D/InputMethodManager(19703): showSoftInput() view=tech.gtt.frontapp.stb.c.ui.edittext.NormalFocusEditText{ea53dbf VFED..CL. .F.P..ID 0,0-700,92 #7f0b0172 app:id/et_pwd aid=1073741826} flags=0 reason=SHOW_SOFT_INPUT
06-12 19:56:28.779 V/InputMethodService( 2648): onEvaluateInputViewShown: config.hardKeyboardHidden = 2
06-12 19:56:28.779 V/InputMethodService( 2648): onEvaluateInputViewShown: config.hardKeyboardHidden = 2
06-12 19:56:28.779 V/InputMethodService( 2648): onEvaluateInputViewShown: config.hardKeyboardHidden = 2
06-12 19:56:28.779 V/InputMethodService( 2648): onEvaluateInputViewShown: config.hardKeyboardHidden = 2
06-12 19:56:28.793 D/InsetsController(19703): show(ime(), fromIme=true)
06-12 19:56:28.795 D/InsetsController(19703): show(ime(), fromIme=true)
06-12 19:56:28.823 D/UIAutomatorStub(19643): URI: /jsonrpc/0, Method: POST, params, {NanoHttpd.QUERY_STRING=null}, files: {postData={"jsonrpc": "2.0", "id": 1, "method": "waitForExists", "params": [{"mask": 2097152, "childOrSibling": [], "childOrSiblingSelector": [], "resourceId": "tech.gtt.frontapp.stb.demo:id/et_pwd"}, 20000]}}
06-12 19:56:28.824 D/UiDevice(19643): Waiting 20000ms for SearchCondition[hasObject=BySelector [RES='\Qtech.gtt.frontapp.stb.demo:id/et_pwd\E']].
06-12 19:56:28.825 D/UiDevice(19643): Searching for node with selector: BySelector [RES='\Qtech.gtt.frontapp.stb.demo:id/et_pwd\E'].
06-12 19:56:28.825 W/QueryController(19643): Could not detect idle state.
06-12 19:56:28.861 D/UIAutomatorStub(19643): URI: /jsonrpc/0, Method: POST, params, {NanoHttpd.QUERY_STRING=null}, files: {postData={"jsonrpc": "2.0", "id": 1, "method": "setText", "params": [{"mask": 2097152, "childOrSibling": [], "childOrSiblingSelector": [], "resourceId": "tech.gtt.frontapp.stb.demo:id/et_pwd"}, "123456"]}}
06-12 19:56:28.862 D/UiDevice(19643): Retrieving node with selector: BySelector [RES='\Qtech.gtt.frontapp.stb.demo:id/et_pwd\E'].
06-12 19:56:28.862 W/QueryController(19643): Could not detect idle state.
06-12 19:56:28.865 W/QueryController(19643): Could not detect idle state.
06-12 19:56:28.867 D/UiObject2(19643): Clicking on (1057, 559).
06-12 19:56:28.885 D/InputMethodManager(19703): showSoftInput() view=tech.gtt.frontapp.stb.c.ui.edittext.NormalFocusEditText{ea53dbf VFED..CL. .F.P.... 0,0-700,92 #7f0b0172 app:id/et_pwd aid=1073741826} flags=0 reason=SHOW_SOFT_INPUT
06-12 19:56:28.886 V/InputMethodService( 2648): onEvaluateInputViewShown: config.hardKeyboardHidden = 2
06-12 19:56:28.886 V/InputMethodService( 2648): onEvaluateInputViewShown: config.hardKeyboardHidden = 2
06-12 19:56:28.887 D/InsetsController(19703): show(ime(), fromIme=true)
06-12 19:56:28.900 W/GestureController(19643): Gestures took longer than expected (33ms >> 16ms), device might be in a busy state.
06-12 19:56:28.901 D/UiDevice(19643): Retrieving node with selector: BySelector [RES='\Qtech.gtt.frontapp.stb.demo:id/et_pwd\E'].
06-12 19:56:28.901 W/QueryController(19643): Could not detect idle state.
06-12 19:56:28.905 W/QueryController(19643): Could not detect idle state.
06-12 19:56:28.906 D/UiObject2(19643): Setting text to '123456'.
06-12 19:56:28.909 I/AdbKeyboard( 2648): imeAction: 5 Next
06-12 19:56:28.910 V/InputMethodService( 2648): onEvaluateInputViewShown: config.hardKeyboardHidden = 2
06-12 19:56:28.910 V/InputMethodService( 2648): onEvaluateInputViewShown: config.hardKeyboardHidden = 2
06-12 19:56:28.925 D/InsetsController(19703): show(ime(), fromIme=true)
06-12 19:56:28.936 D/UIAutomatorStub(19643): URI: /jsonrpc/0, Method: POST, params, {NanoHttpd.QUERY_STRING=null}, files: {postData={"jsonrpc": "2.0", "id": 1, "method": "waitForExists", "params": [{"mask": 2097152, "childOrSibling": [], "childOrSiblingSelector": [], "resourceId": "tech.gtt.frontapp.stb.demo:id/remember_pwd_cb"}, 20000]}}
06-12 19:56:28.937 D/UiDevice(19643): Waiting 20000ms for SearchCondition[hasObject=BySelector [RES='\Qtech.gtt.frontapp.stb.demo:id/remember_pwd_cb\E']].
06-12 19:56:28.937 D/UiDevice(19643): Searching for node with selector: BySelector [RES='\Qtech.gtt.frontapp.stb.demo:id/remember_pwd_cb\E'].
06-12 19:56:28.937 W/QueryController(19643): Could not detect idle state.
06-12 19:56:28.974 D/UIAutomatorStub(19643): URI: /jsonrpc/0, Method: POST, params, {NanoHttpd.QUERY_STRING=null}, files: {postData={"jsonrpc": "2.0", "id": 1, "method": "objInfo", "params": [{"mask": 2097152, "childOrSibling": [], "childOrSiblingSelector": [], "resourceId": "tech.gtt.frontapp.stb.demo:id/remember_pwd_cb"}]}}
06-12 19:56:28.974 D/UiDevice(19643): Retrieving node with selector: BySelector [RES='\Qtech.gtt.frontapp.stb.demo:id/remember_pwd_cb\E'].
06-12 19:56:28.975 W/QueryController(19643): Could not detect idle state.
06-12 19:56:28.977 W/QueryController(19643): Could not detect idle state.
06-12 19:56:28.978 W/QueryController(19643): Could not detect idle state.
06-12 19:56:28.979 W/QueryController(19643): Could not detect idle state.
06-12 19:56:28.979 W/QueryController(19643): Could not detect idle state.
06-12 19:56:28.980 W/QueryController(19643): Could not detect idle state.
06-12 19:56:28.980 W/QueryController(19643): Could not detect idle state.
06-12 19:56:28.981 W/QueryController(19643): Could not detect idle state.
06-12 19:56:28.982 W/QueryController(19643): Could not detect idle state.
06-12 19:56:28.983 D/InterruptionStateProvider( 2100): No bubble up: not allowed to bubble: -1|android|8|null|1000
06-12 19:56:28.983 D/InterruptionStateProvider( 2100): No heads up: unimportant notification: -1|android|8|null|1000
06-12 19:56:28.985 W/QueryController(19643): Could not detect idle state.
06-12 19:56:28.987 D/PeopleSpaceWidgetMgr( 2100): Sbn doesn't contain valid PeopleTileKey: null/-1/android
06-12 19:56:28.987 W/QueryController(19643): Could not detect idle state.
06-12 19:56:28.987 W/QueryController(19643): Could not detect idle state.
06-12 19:56:28.988 W/QueryController(19643): Could not detect idle state.
06-12 19:56:28.989 W/QueryController(19643): Could not detect idle state.
06-12 19:56:28.990 W/QueryController(19643): Could not detect idle state.
06-12 19:56:28.991 D/InterruptionStateProvider( 2100): No bubble up: not allowed to bubble: -1|android|8|null|1000
06-12 19:56:28.991 D/InterruptionStateProvider( 2100): No heads up: unimportant notification: -1|android|8|null|1000
06-12 19:56:28.992 W/QueryController(19643): Could not detect idle state.
06-12 19:56:28.993 W/QueryController(19643): Could not detect idle state.
06-12 19:56:28.994 W/QueryController(19643): Could not detect idle state.
06-12 19:56:28.995 D/PeopleSpaceWidgetMgr( 2100): Sbn doesn't contain valid PeopleTileKey: null/-1/android
06-12 19:56:29.021 D/UIAutomatorStub(19643): URI: /jsonrpc/0, Method: POST, params, {NanoHttpd.QUERY_STRING=null}, files: {postData={"jsonrpc": "2.0", "id": 1, "method": "click", "params": [729.0, 656.0]}}
06-12 19:56:29.061 E/libEGL  (19703): called unimplemented OpenGL ES API
06-12 19:56:29.097 D/InterruptionStateProvider( 2100): No bubble up: not allowed to bubble: -1|android|8|null|1000
06-12 19:56:29.098 D/InterruptionStateProvider( 2100): No heads up: unimportant notification: -1|android|8|null|1000
06-12 19:56:29.103 D/PeopleSpaceWidgetMgr( 2100): Sbn doesn't contain valid PeopleTileKey: null/-1/android
06-12 19:56:29.124 D/InterruptionStateProvider( 2100): No bubble up: not allowed to bubble: -1|android|8|null|1000
06-12 19:56:29.125 D/InterruptionStateProvider( 2100): No heads up: unimportant notification: -1|android|8|null|1000
06-12 19:56:29.128 D/PeopleSpaceWidgetMgr( 2100): Sbn doesn't contain valid PeopleTileKey: null/-1/android
06-12 19:56:29.187 D/UIAutomatorStub(19643): URI: /jsonrpc/0, Method: POST, params, {NanoHttpd.QUERY_STRING=null}, files: {postData={"jsonrpc": "2.0", "id": 1, "method": "count", "params": [{"mask": 2097152, "childOrSibling": [], "childOrSiblingSelector": [], "resourceId": "tech.gtt.frontapp.stb.demo:id/loginf_tv_login"}]}}
06-12 19:56:29.188 D/UiObject(19643): Waiting 0ms for UiSelector[RESOURCE_ID=tech.gtt.frontapp.stb.demo:id/loginf_tv_login].
06-12 19:56:29.188 W/QueryController(19643): Could not detect idle state.
06-12 19:56:29.191 I/QueryController(19643): Matched selector: UiSelector[RESOURCE_ID=tech.gtt.frontapp.stb.demo:id/loginf_tv_login] <<==>> [android.view.accessibility.AccessibilityNodeInfo@229ad; boundsInParent: Rect(0, 0 - 808, 92); boundsInScreen: Rect(707, 722 - 1515, 814); packageName: tech.gtt.frontapp.stb.demo; className: android.widget.TextView; text: Login; error: null; maxTextLength: -1; stateDescription: null; contentDescription: null; tooltipText: null; viewIdResName: tech.gtt.frontapp.stb.demo:id/loginf_tv_login; checkable: false; checked: false; focusable: true; focused: false; selected: false; clickable: true; longClickable: false; contextClickable: false; enabled: true; password: false; scrollable: false; importantForAccessibility: true; visible: true; actions: [AccessibilityAction: ACTION_FOCUS - null, AccessibilityAction: ACTION_SELECT - null, AccessibilityAction: ACTION_CLEAR_SELECTION - null, AccessibilityAction: ACTION_CLICK - null, AccessibilityAction: ACTION_ACCESSIBILITY_FOCUS - null, AccessibilityAction: ACTION_NEXT_AT_MOVEMENT_GRANULARITY - null, AccessibilityAction: ACTION_PREVIOUS_AT_MOVEMENT_GRANULARITY - null, AccessibilityAction: ACTION_SET_SELECTION - null, AccessibilityAction: ACTION_SHOW_ON_SCREEN - null]]
06-12 19:56:29.191 D/UiObject(19643): Waiting 0ms for UiSelector[INSTANCE=1, RESOURCE_ID=tech.gtt.frontapp.stb.demo:id/loginf_tv_login].
06-12 19:56:29.192 W/QueryController(19643): Could not detect idle state.
06-12 19:56:29.224 D/UIAutomatorStub(19643): URI: /jsonrpc/0, Method: POST, params, {NanoHttpd.QUERY_STRING=null}, files: {postData={"jsonrpc": "2.0", "id": 1, "method": "exist", "params": [{"mask": 2097152, "childOrSibling": [], "childOrSiblingSelector": [], "resourceId": "tech.gtt.frontapp.stb.demo:id/loginf_tv_login"}]}}
06-12 19:56:29.225 D/UiDevice(19643): Retrieving node with selector: BySelector [RES='\Qtech.gtt.frontapp.stb.demo:id/loginf_tv_login\E'].
06-12 19:56:29.226 W/QueryController(19643): Could not detect idle state.
06-12 19:56:29.262 D/UIAutomatorStub(19643): URI: /jsonrpc/0, Method: POST, params, {NanoHttpd.QUERY_STRING=null}, files: {postData={"jsonrpc": "2.0", "id": 1, "method": "waitForExists", "params": [{"mask": 2097152, "childOrSibling": [], "childOrSiblingSelector": [], "resourceId": "tech.gtt.frontapp.stb.demo:id/loginf_tv_login"}, 20000]}}
06-12 19:56:29.262 D/UiDevice(19643): Waiting 20000ms for SearchCondition[hasObject=BySelector [RES='\Qtech.gtt.frontapp.stb.demo:id/loginf_tv_login\E']].
06-12 19:56:29.263 D/UiDevice(19643): Searching for node with selector: BySelector [RES='\Qtech.gtt.frontapp.stb.demo:id/loginf_tv_login\E'].
06-12 19:56:29.263 W/QueryController(19643): Could not detect idle state.
06-12 19:56:29.295 D/UIAutomatorStub(19643): URI: /jsonrpc/0, Method: POST, params, {NanoHttpd.QUERY_STRING=null}, files: {postData={"jsonrpc": "2.0", "id": 1, "method": "objInfo", "params": [{"mask": 2097152, "childOrSibling": [], "childOrSiblingSelector": [], "resourceId": "tech.gtt.frontapp.stb.demo:id/loginf_tv_login"}]}}
06-12 19:56:29.296 D/UiDevice(19643): Retrieving node with selector: BySelector [RES='\Qtech.gtt.frontapp.stb.demo:id/loginf_tv_login\E'].
06-12 19:56:29.297 W/QueryController(19643): Could not detect idle state.
06-12 19:56:29.310 W/QueryController(19643): Could not detect idle state.
06-12 19:56:29.311 W/QueryController(19643): Could not detect idle state.
06-12 19:56:29.313 W/QueryController(19643): Could not detect idle state.
06-12 19:56:29.314 W/QueryController(19643): Could not detect idle state.
06-12 19:56:29.314 W/QueryController(19643): Could not detect idle state.
06-12 19:56:29.315 W/QueryController(19643): Could not detect idle state.
06-12 19:56:29.316 W/QueryController(19643): Could not detect idle state.
06-12 19:56:29.316 W/QueryController(19643): Could not detect idle state.
06-12 19:56:29.317 W/QueryController(19643): Could not detect idle state.
06-12 19:56:29.318 W/QueryController(19643): Could not detect idle state.
06-12 19:56:29.318 W/QueryController(19643): Could not detect idle state.
06-12 19:56:29.319 W/QueryController(19643): Could not detect idle state.
06-12 19:56:29.320 W/QueryController(19643): Could not detect idle state.
06-12 19:56:29.321 W/QueryController(19643): Could not detect idle state.
06-12 19:56:29.322 W/QueryController(19643): Could not detect idle state.
06-12 19:56:29.323 W/QueryController(19643): Could not detect idle state.
06-12 19:56:29.324 W/QueryController(19643): Could not detect idle state.
06-12 19:56:29.344 D/UIAutomatorStub(19643): URI: /jsonrpc/0, Method: POST, params, {NanoHttpd.QUERY_STRING=null}, files: {postData={"jsonrpc": "2.0", "id": 1, "method": "click", "params": [1111.0, 768.0]}}
06-12 19:56:29.463 V/GSK-Account:AccountManager(19703): disableSavePwd=false
06-12 19:56:29.465 V/GSK-Account:EmailOrPhoneLoginStrategy(19703): disableSavePwd=false
06-12 19:56:29.475 E/ActivityThread(19703): Failed to find provider info for com.uv.droid.uotaback.storage.provider
06-12 19:56:29.476 E/ActivityThread(19703): Failed to find provider info for com.uv.droid.booster.vod.provider
06-12 19:56:29.476 E/ontapp.stb.dem(19703): No implementation found for java.lang.String os.SystemPropertiesKt.native_get(java.lang.String) (tried Java_os_SystemPropertiesKt_native_1get and Java_os_SystemPropertiesKt_native_1get__Ljava_lang_String_2)
06-12 19:56:29.477 V/GSK-Account:AccountManager(19703): isLoggedIn=false
06-12 19:56:29.479 V/GSK-APIS(19703): =======================NEW REQUEST=========================
06-12 19:56:29.479 V/GSK-APIS(19703): Request:	/api/enduser/account/user/login/v1	POST
06-12 19:56:29.479 V/GSK-APIS(19703): RequestIdentify:	b1f88cbb
06-12 19:56:29.479 V/GSK-APIS(19703): 
06-12 19:56:29.479 V/GSK-APIS(19703): RequestHeaders in a readable format:
06-12 19:56:29.479 V/GSK-APIS(19703): X-App-Id: db589110cb7457cd607739664dc44e61c217d77681427dacfe2f262f1927cd8f
06-12 19:56:29.479 V/GSK-APIS(19703): X-Source-Id: 30006401-31002837
06-12 19:56:29.479 V/GSK-APIS(19703): X-Version-Code: 7
06-12 19:56:29.479 V/GSK-APIS(19703): X-Brand-Id: 66d009603c38ec6574e5b77ce48fb7070a3f7ed622c465b05fc56110bd72fc65
06-12 19:56:29.479 V/GSK-APIS(19703): X-Version-Seq: 1
06-12 19:56:29.479 V/GSK-APIS(19703): X-App-Type-Text: STB
06-12 19:56:29.479 V/GSK-APIS(19703): Accept-Language: en
06-12 19:56:29.479 V/GSK-APIS(19703): 
06-12 19:56:29.479 V/GSK-APIS(19703): 
06-12 19:56:29.479 V/GSK-APIS(19703): RequestParams in Json Format:
06-12 19:56:29.479 V/GSK-APIS(19703): {"loginSource":"TERMINAL","loginInfo":{"accountName":"0609@ipwangxin.cn","password":"e10adc3949ba59abbe56e057f20f883e","loginMethod":"EMAIL","loginToken":null,"serviceToken":null,"activeCode":null,"authenticationKey":null,"userRandomValue":null,"identityToken":null},"sourceId":"30006401-31002837","requestId":"12fd208b-9b58-40be-902a-ccc3268c2ae0","brandId":"d0k7d3p3kdikth2o3q6g","appId":"d0jucrbq6bt4h33c0ma0","appTypeText":"STB","lang":"en","appVersionCode":7,"uuid":"56993363-edb8-494d-9f8f-74fc032111a5","mac":"56993363-edb8-494d-9f8f-74fc032111a5","appVersionSeq":"1","deviceInfo":{"hasMobileData":"false","versionRelease":"12","vendorId":"","ramSize":"4033400","AndroidID":"4788e19cc08204c8","type":"user","cpuInfo":"cHJvY2Vzc29yCTogMAp2ZW5kb3JfaWQJOiBHZW51aW5lSW50ZWwKY3B1IGZhbWlseQk6IDYKbW9kZWwJCTogMTU4Cm1vZGVsIG5hbWUJOiBJbnRlbChSKSBDb3JlKFRNKSBpNy05NzAwIENQVSBAIDMuMDBHSHoKc3RlcHBpbmcJOiAxMwpjcHUgTUh6CQk6IDAuMDAxCmNhY2hlIHNpemUJOiAxMjI4OCBLQgpwaHlzaWNhbCBpZAk6IDAKc2libGluZ3MJOiA0CmNvcmUgaWQJCTogMApjcHUgY29yZXMJOiA0CmFwaWNpZAkJOiAwCmluaXRpYWwgYXBpY2lkCTogMApmcHUJCTogeWVzCmZwdV9leGNlcHRpb24JOiB5ZXMKY3B1aWQgbGV2ZWwJOiAyMgp3cAkJOiB5ZXMKZmxhZ3MJCTogZnB1IHZtZSBkZSBwc2UgdHNjIG1zciBwYWUgbWNlIGN4OCBhcGljIHNlcCBtdHJyIHBnZSBtY2EgY21vdiBwYXQgcHNlMzYgY2xmbHVzaCBtbXggZnhzciBzc2Ugc3NlMiBodCBzeXNjYWxsIG54IHJkdHNjcCBsbSBjb25zdGFudF90c2MgcmVwX2dvb2Qgbm9wbCB4dG9wb2xvZ3kgbm9uc3RvcF90c2MgY3B1aWQgdHNjX2tub3duX2ZyZXEgcG5pIHBjbG11bHFkcSBzc3NlMyBjeDE2IHBjaWQgc3NlNF8xIHNzZTRfMiBtb3ZiZSBwb3BjbnQgYWVzIHhzYXZlIGF2eCByZHJhbmQgaHlwZXJ2aXNvciBsYWhmX2xtIGFibSAzZG5vd3ByZWZldGNoIGludnBjaWRfc2luZ2xlIGlicnNfZW5oYW5jZWQgZnNnc2Jhc2UgYXZ4MiBpbnZwY2lkIHJkc2VlZCBjbGZsdXNob3B0IG1kX2NsZWFyIGZsdXNoX2wxZCBhcmNoX2NhcGFiaWxpdGllcwpidWdzCQk6IHNwZWN0cmVfdjEgc3BlY3RyZV92MiBzcGVjX3N0b3JlX2J5cGFzcyBzd2FwZ3MgaXRsYl9tdWx0aWhpdApib2dvbWlwcwk6IDU5OTkuOTkKY2xmbHVzaCBzaXplCTogNjQKY2FjaGVfYWxpZ25tZW50CTogNjQKYWRkcmVzcyBzaXplcwk6IDM5IGJpdHMgcGh5c2ljYWwsIDQ4IGJpdHMgdmlydHVhbApwb3dlciBtYW5hZ2VtZW50OgoKcHJvY2Vzc29yCTogMQp2ZW5kb3JfaWQJOiBHZW51aW5lSW50ZWwKY3B1IGZhbWlseQk6IDYKbW9kZWwJCTogMTU4Cm1vZGVsIG5hbWUJOiBJbnRlbChSKSBDb3JlKFRNKSBpNy05NzAwIENQVSBAIDMuMDBHSHoKc3RlcHBpbmcJOiAxMwpjcHUgTUh6CQk6IDAuMDAxCmNhY2hlIHNpemUJOiAxMjI4OCBLQgpwaHlzaWNhbCBpZAk6IDAKc2libGluZ3MJOiA0CmNvcmUgaWQJCTogMQpjcHUgY29yZXMJOiA0CmFwaWNpZAkJOiAxCmluaXRpYWwgYXBpY2lkCTogMQpmcHUJCTogeWVzCmZwdV9leGNlcHRpb24JOiB5ZXMKY3B1aWQgbGV2ZWwJOiAyMgp3cAkJOiB5ZXMKZmxhZ3MJCTogZnB1IHZtZSBkZSBwc2UgdHNjIG1zciBwYWUgbWNlIGN4OCBhcGljIHNlcCBtdHJyIHBnZSBtY2EgY21vdiBwYXQgcHNlMzYgY2xmbHVzaCBtbXggZnhzciBzc2Ugc3NlMiBodCBzeXNjYWxsIG54IHJkdHNjcCBsbSBjb25zdGFudF90c2MgcmVwX2dvb2Qgbm9wbCB4dG9wb2xvZ3kgbm9uc3RvcF90c2MgY3B1aWQgdHNjX2tub3duX2ZyZXEgcG5pIHBjbG11bHFkcSBzc3NlMyBjeDE2IHBjaWQgc3NlNF8xIHNzZTRfMiBtb3ZiZSBwb3BjbnQgYWVzIHhzYXZlIGF2eCByZHJhbmQgaHlwZXJ2aXNvciBsYWhmX2xtIGFibSAzZG5vd3ByZWZldGNoIGludnBjaWRfc2luZ2xlIGlicnNfZW5oYW5jZWQgZnNnc2Jhc2UgYXZ4MiBpbnZwY2lkIHJkc2VlZCBjbGZsdXNob3B0IG1kX2NsZWFyIGZsdXNoX2wxZCBhcmNoX2NhcGFiaWxpdGllcwpidWdzCQk6IHNwZWN0cmVfdjEgc3BlY3RyZV92MiBzcGVjX3N0b3JlX2J5cGFzcyBzd2FwZ3MgaXRsYl9tdWx0aWhpdApib2dvbWlwcwk6IDU5OTkuOTkKY2xmbHVzaCBzaXplCTogNjQKY2FjaGVfYWxpZ25tZW50CTogNjQKYWRkcmVzcyBzaXplcwk6IDM5IGJpdHMgcGh5c2ljYWwsIDQ4IGJpdHMgdmlydHVhbApwb3dlciBtYW5hZ2VtZW50OgoKcHJvY2Vzc29yCTogMgp2ZW5kb3JfaWQJOiBHZW51aW5lSW50ZWwKY3B1IGZhbWlseQk6IDYKbW9kZWwJCTogMTU4Cm1vZGVsIG5hbWUJOiBJbnRlbChSKSBDb3JlKFRNKSBpNy05NzAwIENQVSBAIDMuMDBHSHoKc3RlcHBpbmcJOiAxMwpjcHUgTUh6CQk6IDAuMDAyCmNhY2hlIHNpemUJOiAxMjI4OCBLQgpwaHlzaWNhbCBpZAk6IDAKc2libGluZ3MJOiA0CmNvcmUgaWQJCTogMgpjcHUgY29yZXMJOiA0CmFwaWNpZAkJOiAyCmluaXRpYWwgYXBpY2lkCTogMgpmcHUJCTogeWVzCmZwdV9leGNlcHRpb24JOiB5ZXMKY3B1aWQgbGV2ZWwJOiAyMgp3cAkJOiB5ZXMKZmxhZ3MJCTogZnB1IHZtZSBkZSBwc2UgdHNjIG1zciBwYWUgbWNlIGN4OCBhcGljIHNlcCBtdHJyIHBnZSBtY2EgY21vdiBwYXQgcHNlMzYgY2xmbHVzaCBtbXggZnhzciBzc2Ugc3NlMiBodCBzeXNjYWxsIG54IHJkdHNjcCBsbSBjb25zdGFudF90c2MgcmVwX2dvb2Qgbm9wbCB4dG9wb2xvZ3kgbm9uc3RvcF90c2MgY3B1aWQgdHNjX2tub3duX2ZyZXEgcG5pIHBjbG11bHFkcSBzc3NlMyBjeDE2IHBjaWQgc3NlNF8xIHNzZTRfMiBtb3ZiZSBwb3BjbnQgYWVzIHhzYXZlIGF2eCByZHJhbmQgaHlwZXJ2a
06-12 19:56:29.479 V/GSK-APIS(19703): XNvciBsYWhmX2xtIGFibSAzZG5vd3ByZWZldGNoIGludnBjaWRfc2luZ2xlIGlicnNfZW5oYW5jZWQgZnNnc2Jhc2UgYXZ4MiBpbnZwY2lkIHJkc2VlZCBjbGZsdXNob3B0IG1kX2NsZWFyIGZsdXNoX2wxZCBhcmNoX2NhcGFiaWxpdGllcwpidWdzCQk6IHNwZWN0cmVfdjEgc3BlY3RyZV92MiBzcGVjX3N0b3JlX2J5cGFzcyBzd2FwZ3MgaXRsYl9tdWx0aWhpdApib2dvbWlwcwk6IDU5OTkuOTkKY2xmbHVzaCBzaXplCTogNjQKY2FjaGVfYWxpZ25tZW50CTogNjQKYWRkcmVzcyBzaXplcwk6IDM5IGJpdHMgcGh5c2ljYWwsIDQ4IGJpdHMgdmlydHVhbApwb3dlciBtYW5hZ2VtZW50OgoKcHJvY2Vzc29yCTogMwp2ZW5kb3JfaWQJOiBHZW51aW5lSW50ZWwKY3B1IGZhbWlseQk6IDYKbW9kZWwJCTogMTU4Cm1vZGVsIG5hbWUJOiBJbnRlbChSKSBDb3JlKFRNKSBpNy05NzAwIENQVSBAIDMuMDBHSHoKc3RlcHBpbmcJOiAxMwpjcHUgTUh6CQk6IDAuMDAxCmNhY2hlIHNpemUJOiAxMjI4OCBLQgpwaHlzaWNhbCBpZAk6IDAKc2libGluZ3MJOiA0CmNvcmUgaWQJCTogMwpjcHUgY29yZXMJOiA0CmFwaWNpZAkJOiAzCmluaXRpYWwgYXBpY2lkCTogMwpmcHUJCTogeWVzCmZwdV9leGNlcHRpb24JOiB5ZXMKY3B1aWQgbGV2ZWwJOiAyMgp3cAkJOiB5ZXMKZmxhZ3MJCTogZnB1IHZtZSBkZSBwc2UgdHNjIG1zciBwYWUgbWNlIGN4OCBhcGljIHNlcCBtdHJyIHBnZSBtY2EgY21vdiBwYXQgcHNlMzYgY2xmbHVzaCBtbXggZnhzciBzc2Ugc3NlMiBodCBzeXNjYWxsIG54IHJkdHNjcCBsbSBjb25zdGFudF90c2MgcmVwX2dvb2Qgbm9wbCB4dG9wb2xvZ3kgbm9uc3RvcF90c2MgY3B1aWQgdHNjX2tub3duX2ZyZXEgcG5pIHBjbG11bHFkcSBzc3NlMyBjeDE2IHBjaWQgc3NlNF8xIHNzZTRfMiBtb3ZiZSBwb3BjbnQgYWVzIHhzYXZlIGF2eCByZHJhbmQgaHlwZXJ2aXNvciBsYWhmX2xtIGFibSAzZG5vd3ByZWZldGNoIGludnBjaWRfc2luZ2xlIGlicnNfZW5oYW5jZWQgZnNnc2Jhc2UgYXZ4MiBpbnZwY2lkIHJkc2VlZCBjbGZsdXNob3B0IG1kX2NsZWFyIGZsdXNoX2wxZCBhcmNoX2NhcGFiaWxpdGllcwpidWdzCQk6IHNwZWN0cmVfdjEgc3BlY3RyZV92MiBzcGVjX3N0b3JlX2J5cGFzcyBzd2FwZ3MgaXRsYl9tdWx0aWhpdApib2dvbWlwcwk6IDU5OTkuOTkKY2xmbHVzaCBzaXplCTogNjQKY2FjaGVfYWxpZ25tZW50CTogNjQKYWRkcmVzcyBzaXplcwk6IDM5IGJpdHMgcGh5c2ljYWwsIDQ4IGJpdHMgdmlydHVhbApwb3dlciBtYW5hZ2VtZW50OgoK","systemVersion":"","manufacturer":"samsung","bootloader":"b1c1-0.1-4948814","fingerprint":"samsung/star2qltechn/star2qltechn:12/PQ3B.190801.10101846/1201240419:user/release-keys","host":"ubuntu","localIp":"172.16.67.15","model":"SM-S9180","cpuHardware":"","id":"PQ3B.190801.10101846","brand":"samsung","firmware":"","ethernetMac":"","hardware":"qcom","bMac":"","app":"","versionIncremental":"1201240419","product":"star2qltechn","hasEthernetMac":"0","os":"android","cpuSerial":"","romSize":"122906964","display":"star2qltechn-user 12 PQ3B.190801.10101846 1201240419 release-keys","version":"32","buildUtc":"1713526023000","tags":"release-keys","versionCodename":"REL","serial":"unknown","imei":"","wifiMac":"","sdk":"32","device":"star2qltechn","user":"user","board":"SM-S9180"}}
06-12 19:56:29.479 V/GSK-APIS(19703): 
06-12 19:56:29.479 V/GSK-APIS(19703): --The following content is in a readable format:
06-12 19:56:29.479 V/GSK-APIS(19703): loginSource: "TERMINAL"
06-12 19:56:29.479 V/GSK-APIS(19703): loginInfo: {"accountName":"0609@ipwangxin.cn","password":"e10adc3949ba59abbe56e057f20f883e","loginMethod":"EMAIL","loginToken":null,"serviceToken":null,"activeCode":null,"authenticationKey":null,"userRandomValue":null,"identityToken":null}
06-12 19:56:29.479 V/GSK-APIS(19703): sourceId: 30006401-31002837
06-12 19:56:29.479 V/GSK-APIS(19703): requestId: 12fd208b-9b58-40be-902a-ccc3268c2ae0
06-12 19:56:29.479 V/GSK-APIS(19703): brandId: d0k7d3p3kdikth2o3q6g
06-12 19:56:29.479 V/GSK-APIS(19703): appId: d0jucrbq6bt4h33c0ma0
06-12 19:56:29.479 V/GSK-APIS(19703): appTypeText: STB
06-12 19:56:29.479 V/GSK-APIS(19703): lang: en
06-12 19:56:29.479 V/GSK-APIS(19703): appVersionCode: 7
06-12 19:56:29.479 V/GSK-APIS(19703): uuid: 56993363-edb8-494d-9f8f-74fc032111a5
06-12 19:56:29.479 V/GSK-APIS(19703): mac: 56993363-edb8-494d-9f8f-74fc032111a5
06-12 19:56:29.479 V/GSK-APIS(19703): appVersionSeq: 1
