--------- beginning of main
06-12 19:33:55.276 D/ProcessState(13458): Binder ioctl to enable oneway spam detection failed: Invalid argument
--------- beginning of system
06-12 19:33:55.277 I/ActivityManager( 1925): Force stopping tech.gtt.frontapp.stb.demo appid=10058 user=0: clear data
06-12 19:33:55.278 I/ActivityManager( 1925): Force stopping tech.gtt.frontapp.stb.demo appid=10058 user=-1: clearApplicationUserData
06-12 19:33:55.293 I/MediaProvider( 2559): Begin Intent { act=android.intent.action.PACKAGE_DATA_CLEARED dat=package:tech.gtt.frontapp.stb.demo flg=0x1000010 cmp=com.android.providers.media.module/com.android.providers.media.MediaService (has extras) }
06-12 19:33:55.294 D/MediaProvider( 2559): Deleted 0 Android/media items belonging to tech.gtt.frontapp.stb.demo on /data/user/0/com.android.providers.media.module/databases/external.db
06-12 19:33:55.294 I/MediaProvider( 2559): End Intent { act=android.intent.action.PACKAGE_DATA_CLEARED dat=package:tech.gtt.frontapp.stb.demo flg=0x1000010 cmp=com.android.providers.media.module/com.android.providers.media.MediaService (has extras) }
06-12 19:33:55.338 D/AndroidRuntime(13472): >>>>>> START com.android.internal.os.RuntimeInit uid 0 <<<<<<
06-12 19:33:55.339 I/AndroidRuntime(13472): Using default boot image
06-12 19:33:55.339 I/AndroidRuntime(13472): Leaving lock profiling enabled
06-12 19:33:55.341 W/app_process(13472): ART APEX data files are untrusted.
06-12 19:33:55.341 I/app_process(13472): Core platform API reporting enabled, enforcing=false
06-12 19:33:55.370 D/app_process(13472): Time zone APEX ICU file found: /apex/com.android.tzdata/etc/icu/icu_tzdata.dat
06-12 19:33:55.370 D/app_process(13472): I18n APEX ICU file found: /apex/com.android.i18n/etc/icu/icudt68l.dat
06-12 19:33:55.373 W/app_process(13472): Unexpected CPU variant for X86 using defaults: x86_64
06-12 19:33:55.385 D/ProcessState(13472): Binder ioctl to enable oneway spam detection failed: Invalid argument
06-12 19:33:55.385 D/AndroidRuntime(13472): Calling main entry com.android.commands.monkey.Monkey
06-12 19:33:55.385 W/Monkey  (13472): args: [-p, tech.gtt.frontapp.stb.demo, -c, android.intent.category.LAUNCHER, 1]
06-12 19:33:55.385 W/Monkey  (13472):  arg: "-p"
06-12 19:33:55.385 W/Monkey  (13472):  arg: "tech.gtt.frontapp.stb.demo"
06-12 19:33:55.385 W/Monkey  (13472):  arg: "-c"
06-12 19:33:55.385 W/Monkey  (13472):  arg: "android.intent.category.LAUNCHER"
06-12 19:33:55.385 W/Monkey  (13472):  arg: "1"
06-12 19:33:55.386 W/Monkey  (13472): data="tech.gtt.frontapp.stb.demo"
06-12 19:33:55.386 W/Monkey  (13472): data="android.intent.category.LAUNCHER"
06-12 19:33:55.413 W/BroadcastQueue( 1925): Skipping deliver [background] BroadcastRecord{e09b62b u-1 android.net.conn.CONNECTIVITY_CHANGE} to ReceiverList{fe5da88 13472 (unknown name)/0/u-1 remote:7980aa5}: process gone or crashing
06-12 19:33:55.418 I/ActivityTaskManager( 1925): START u0 {act=android.intent.action.MAIN cat=[android.intent.category.LAUNCHER] flg=0x10200000 cmp=tech.gtt.frontapp.stb.demo/tech.gtt.frontapp.stb.m.home.activity.SplashActivity} from uid 0
06-12 19:33:55.419 W/ActivityTaskManager( 1925): Can't find TaskDisplayArea to determine support for multi window. Task id=30 attached=false
06-12 19:33:55.426 I/Monkey  (13472): Events injected: 1
06-12 19:33:55.440 D/CompatibilityChangeReporter( 1925): Compat change id reported: 135634846; UID 10058; state: DISABLED
06-12 19:33:55.440 D/CompatibilityChangeReporter( 1925): Compat change id reported: 143937733; UID 10058; state: ENABLED
06-12 19:33:55.440 I/Monkey  (13472): ## Network stats: elapsed time=13ms (0ms mobile, 0ms wifi, 13ms not connected)
06-12 19:33:55.446 D/gralloc_nox( 1767): gralloc_alloc: Creating ashmem region of size 8298496
06-12 19:33:55.469 D/Zygote  ( 1753): Forked child process 13487
06-12 19:33:55.470 I/ActivityManager( 1925): Start proc 13487:tech.gtt.frontapp.stb.demo/u0a58 for pre-top-activity {tech.gtt.frontapp.stb.demo/tech.gtt.frontapp.stb.m.home.activity.SplashActivity}
06-12 19:33:55.471 I/app_process(13472): System.exit called, status: 0
06-12 19:33:55.471 I/AndroidRuntime(13472): VM exiting with result code 0.
06-12 19:33:55.478 I/Zygote  (13487): seccomp disabled by setenforce 0
06-12 19:33:55.486 W/ontapp.stb.dem(13487): Unexpected CPU variant for X86 using defaults: x86_64
06-12 19:33:55.495 D/ProcessState(13487): Binder ioctl to enable oneway spam detection failed: Invalid argument
06-12 19:33:55.499 D/gralloc_nox( 1767): gralloc_alloc: Creating ashmem region of size 8298496
06-12 19:33:55.518 E/ashmem  (13487): memfd: ro.vndk.version not defined or invalid (), this is mandated since P.
06-12 19:33:55.522 D/CompatibilityChangeReporter(13487): Compat change id reported: 171979766; UID 10058; state: ENABLED
06-12 19:33:55.537 D/gralloc_nox( 1767): gralloc_alloc: Creating ashmem region of size 8298496
06-12 19:33:55.553 V/GraphicsEnvironment(13487): ANGLE Developer option for 'tech.gtt.frontapp.stb.demo' set to: 'default'
06-12 19:33:55.554 V/GraphicsEnvironment(13487): ANGLE GameManagerService for tech.gtt.frontapp.stb.demo: false
06-12 19:33:55.554 V/GraphicsEnvironment(13487): Neither updatable production driver nor prerelease driver is supported.
06-12 19:33:55.559 D/NetworkSecurityConfig(13487): Using Network Security Config from resource network_security_config debugBuild: false
06-12 19:33:55.562 D/NetworkSecurityConfig(13487): Using Network Security Config from resource network_security_config debugBuild: false
06-12 19:33:55.571 I/MultiDex(13487): VM with version 2.1.0 has multidex support
06-12 19:33:55.571 I/MultiDex(13487): Installing application
06-12 19:33:55.571 I/MultiDex(13487): VM has multidex support, MultiDex support library is disabled.
06-12 19:33:55.572 E/[Package](13487): params: AppConfiguration(vnoId='11026504', brandId='d0k7d3p3kdikth2o3q6g', appId='d0jucrbq6bt4h33c0ma0', sourceId='30006401-31002837', authServers='https://gtt-app-apigateway-lion.vdemosit.com', shareKey='S2kQMgUSugYyMlk5QclHDaF0uDsFnB0oJoFeAFgsKb8=', packageName='tech.gtt.frontapp.stb.demo', appName='Goose TV', appVersionName='v1.0.0', appVersionCode='7', pluginVersionCode='1', pluginVersionName='6.0.0-beta-build5', packageSeq='1', buglyAppId='d76a04165f', buglyKey='13b89b2d-1c12-4c4f-93b8-46e3c2ef9f73', baseVersionCode='20000066', gitTag='2.1.4-beta6', supportLang='en,pt,es', defaultLang='en', bootLoadType='1')
06-12 19:33:55.573 W/System.err(13487): java.lang.ClassNotFoundException: tech.gtt.frontapp.stb.docker.plugin.PluginUtils
06-12 19:33:55.573 W/System.err(13487): 	at java.lang.Class.classForName(Native Method)
06-12 19:33:55.573 W/System.err(13487): 	at java.lang.Class.forName(Class.java:454)
06-12 19:33:55.573 W/System.err(13487): 	at java.lang.Class.forName(Class.java:379)
06-12 19:33:55.573 W/System.err(13487): 	at ot.e.b(SourceFile:3)
06-12 19:33:55.573 W/System.err(13487): 	at tech.gtt.frontapp.stb.app.MainApplication.attachBaseContext(SourceFile:130)
06-12 19:33:55.573 W/System.err(13487): 	at android.app.Application.attach(Application.java:338)
06-12 19:33:55.573 W/System.err(13487): 	at android.app.Instrumentation.newApplication(Instrumentation.java:1190)
06-12 19:33:55.573 W/System.err(13487): 	at android.app.LoadedApk.makeApplication(LoadedApk.java:1361)
06-12 19:33:55.573 W/System.err(13487): 	at android.app.ActivityThread.handleBindApplication(ActivityThread.java:6728)
06-12 19:33:55.573 W/System.err(13487): 	at android.app.ActivityThread.access$1500(ActivityThread.java:256)
06-12 19:33:55.573 W/System.err(13487): 	at android.app.ActivityThread$H.handleMessage(ActivityThread.java:2091)
06-12 19:33:55.573 W/System.err(13487): 	at android.os.Handler.dispatchMessage(Handler.java:106)
06-12 19:33:55.573 W/System.err(13487): 	at android.os.Looper.loopOnce(Looper.java:201)
06-12 19:33:55.573 W/System.err(13487): 	at android.os.Looper.loop(Looper.java:288)
06-12 19:33:55.573 W/System.err(13487): 	at android.app.ActivityThread.main(ActivityThread.java:7875)
06-12 19:33:55.573 W/System.err(13487): 	at java.lang.reflect.Method.invoke(Native Method)
06-12 19:33:55.573 W/System.err(13487): 	at com.android.internal.os.RuntimeInit$MethodAndArgsCaller.run(RuntimeInit.java:568)
06-12 19:33:55.573 W/System.err(13487): 	at com.android.internal.os.ZygoteInit.main(ZygoteInit.java:1005)
06-12 19:33:55.573 W/System.err(13487): Caused by: java.lang.ClassNotFoundException: tech.gtt.frontapp.stb.docker.plugin.PluginUtils
06-12 19:33:55.573 W/System.err(13487): 	... 18 more
06-12 19:33:55.573 E/[Package](13487): isInPluginMode: false
06-12 19:33:55.576 I/CustomActivityOnCrash(13487): CustomActivityOnCrash has been installed.
06-12 19:33:55.578 I/System.out(13487): Modular_Init : a - initialize
06-12 19:33:55.583 I/System.out(13487): Modular_Init : d - initialize
06-12 19:33:55.584 I/System.out(13487): Modular_Init : a - initialize
06-12 19:33:55.584 I/System.out(13487): Modular_Init : a - initialize
06-12 19:33:55.584 D/[CatchupInitModule](13487): init---
06-12 19:33:55.585 I/System.out(13487): Modular_Init : b - initialize
06-12 19:33:55.587 I/System.out(13487): Modular_Init : a - initialize
06-12 19:33:55.587 D/[ReplayInitialize](13487): init---
06-12 19:33:55.589 I/System.out(13487): Modular_Init : a - initialize
06-12 19:33:55.589 D/[LiveInitialize](13487): init---
06-12 19:33:55.591 D/AndroidAutoSize(13487): designWidthInDp = 360, designHeightInDp = 640, screenWidth = 1920, screenHeight = 1080
06-12 19:33:55.591 D/AndroidAutoSize(13487): initDensity = 2.0, initScaledDensity = 2.0
06-12 19:33:55.689 D/AndroidAutoSize(13487): tech.gtt.frontapp.stb.m.home.activity.SplashActivity used the global configuration.
06-12 19:33:55.707 D/AndroidAutoSize(13487): The tech.gtt.frontapp.stb.m.home.activity.SplashActivity has been adapted! 
06-12 19:33:55.707 D/AndroidAutoSize(13487): SplashActivity Info: isBaseOnWidth = true, designWidthInDp = 1920.000000, designWidthInSubunits = 1920.000000, targetDensity = 1.000000, targetScaledDensity = 1.000000, targetDensityDpi = 160, targetXdpi = 1.000000, targetScreenWidthDp = 1920, targetScreenHeightDp = 1032
06-12 19:33:55.762 D/AndroidAutoSize(13487): tech.gtt.frontapp.stb.m.home.activity.SplashActivity used the global configuration.
06-12 19:33:55.762 D/AndroidAutoSize(13487): The tech.gtt.frontapp.stb.m.home.activity.SplashActivity has been adapted! 
06-12 19:33:55.762 D/AndroidAutoSize(13487): SplashActivity Info: isBaseOnWidth = true, designWidthInDp = 1920.000000, designWidthInSubunits = 1920.000000, targetDensity = 1.000000, targetScaledDensity = 1.000000, targetDensityDpi = 160, targetXdpi = 1.000000, targetScreenWidthDp = 1920, targetScreenHeightDp = 1032
06-12 19:33:55.767 I/ActivityTaskManager( 1925): START u0 {act=android.content.pm.action.REQUEST_PERMISSIONS pkg=com.android.permissioncontroller cmp=com.android.permissioncontroller/.permission.ui.GrantPermissionsActivity (has extras)} from uid 10058
06-12 19:33:55.788 D/ontapp.stb.dem(13487): createUnique: call
06-12 19:33:55.799 D/ontapp.stb.dem(13487): HostComposition ext GL_OES_EGL_image GL_OES_EGL_image_external GL_OES_depth24 GL_OES_depth32 GL_OES_element_index_uint GL_OES_texture_float GL_OES_texture_float_linear GL_OES_compressed_paletted_texture GL_OES_compressed_ETC1_RGB8_texture GL_OES_depth_texture GL_EXT_texture_format_BGRA8888 GL_APPLE_texture_format_BGRA8888 GL_OES_texture_half_float GL_EXT_robustness GL_OES_texture_half_float_linear GL_OES_packed_depth_stencil GL_OES_vertex_half_float GL_OES_texture_npot GL_OES_rgb8_rgba8 GL_EXT_color_buffer_float GL_EXT_texture_sRGB_decode ANDROID_gles_max_version_3_1 GL_OES_vertex_array_object GL_EXT_texture_buffer GL_EXT_copy_image GL_KHR_texture_compression_astc_ldr GL_KHR_texture_compression_astc_hdr GL_OES_texture_compression_astc GL_OES_EGL_image_external
06-12 19:33:55.800 D/hw-ProcessState(13487): Binder ioctl to enable oneway spam detection failed: Invalid argument
06-12 19:33:55.801 W/OpenGLRenderer(13487): Failed to initialize 101010-2 format, error = EGL_SUCCESS
06-12 19:33:55.801 D/EGL_emulation(13487): rcCreateContext wated version 2.0  rc:4
06-12 19:33:55.814 D/EGL_emulation(13487): eglMakeCurrent: 0x7f531859eeb0: ver 3 2 (tinfo 0x7f52985a0c00) (first time)
06-12 19:33:55.817 E/HWComposer( 1800): getSupportedContentTypes: getSupportedContentTypes failed for display 0: Unsupported (8)
06-12 19:33:55.817 I/hwservicemanager( 1564): getTransport: Cannot find entry android.hardware.graphics.mapper@4.0::IMapper/default in either framework or device VINTF manifest.
06-12 19:33:55.817 I/Gralloc4(13487): mapper 4.x is not supported
06-12 19:33:55.818 I/hwservicemanager( 1564): getTransport: Cannot find entry android.hardware.graphics.mapper@3.0::IMapper/default in either framework or device VINTF manifest.
06-12 19:33:55.818 W/Gralloc3(13487): mapper 3.x is not supported
06-12 19:33:55.819 I/hwservicemanager( 1564): getTransport: Cannot find entry android.hardware.graphics.allocator@4.0::IAllocator/default in either framework or device VINTF manifest.
06-12 19:33:55.819 W/Gralloc4(13487): allocator 4.x is not supported
06-12 19:33:55.819 I/hwservicemanager( 1564): getTransport: Cannot find entry android.hardware.graphics.allocator@3.0::IAllocator/default in either framework or device VINTF manifest.
06-12 19:33:55.819 W/Gralloc3(13487): allocator 3.x is not supported
06-12 19:33:55.820 D/gralloc_nox( 1767): gralloc_alloc: Creating ashmem region of size 8298496
06-12 19:33:55.821 D/ProcessState(13522): Binder ioctl to enable oneway spam detection failed: Invalid argument
06-12 19:33:55.834 D/ontapp.stb.dem(13487): createUnique: call
06-12 19:33:55.834 D/ontapp.stb.dem(13487): HostComposition ext GL_OES_EGL_image GL_OES_EGL_image_external GL_OES_depth24 GL_OES_depth32 GL_OES_element_index_uint GL_OES_texture_float GL_OES_texture_float_linear GL_OES_compressed_paletted_texture GL_OES_compressed_ETC1_RGB8_texture GL_OES_depth_texture GL_EXT_texture_format_BGRA8888 GL_APPLE_texture_format_BGRA8888 GL_OES_texture_half_float GL_EXT_robustness GL_OES_texture_half_float_linear GL_OES_packed_depth_stencil GL_OES_vertex_half_float GL_OES_texture_npot GL_OES_rgb8_rgba8 GL_EXT_color_buffer_float GL_EXT_texture_sRGB_decode ANDROID_gles_max_version_3_1 GL_OES_vertex_array_object GL_EXT_texture_buffer GL_EXT_copy_image GL_KHR_texture_compression_astc_ldr GL_KHR_texture_compression_astc_hdr GL_OES_texture_compression_astc GL_OES_EGL_image_external
06-12 19:33:55.835 D/gralloc_nox( 1767): gralloc_alloc: Creating ashmem region of size 8298496
06-12 19:33:55.858 D/gralloc_nox( 1767): gralloc_alloc: Creating ashmem region of size 8298496
06-12 19:33:55.900 E/libEGL  (13487): called unimplemented OpenGL ES API
06-12 19:33:55.903 E/NOX     ( 1802): recv() error
06-12 19:33:55.903 D/NOX     ( 1802): Socket read error
06-12 19:33:55.946 W/ActivityTaskManager( 1925): Tried to set launchTime (0) < mLastActivityLaunchTime (2391802)
06-12 19:33:56.025 I/ActivityTaskManager( 1925): Displayed com.android.permissioncontroller/.permission.ui.GrantPermissionsActivity: +603ms
06-12 19:33:56.052 D/ProcessState(13533): Binder ioctl to enable oneway spam detection failed: Invalid argument
06-12 19:33:56.053 D/gralloc_nox( 1767): gralloc_alloc: Creating ashmem region of size 5496832
06-12 19:33:56.160 W/InputManager-JNI( 1925): Input channel object '46de95d Splash Screen tech.gtt.frontapp.stb.demo (client)' was disposed without first being removed with the input manager!
06-12 19:33:56.171 D/gralloc_nox( 1767): gralloc_alloc: Creating ashmem region of size 5496832
06-12 19:33:56.192 W/System  ( 1925): A resource failed to call release. 
06-12 19:33:56.305 D/gralloc_nox( 1767): gralloc_alloc: Creating ashmem region of size 5496832
06-12 19:33:56.527 W/BestClock( 1925): java.time.DateTimeException: Missing NTP fix
06-12 19:33:56.562 W/BestClock( 1925): java.time.DateTimeException: Missing NTP fix
06-12 19:33:56.564 W/BestClock( 1925): java.time.DateTimeException: Missing NTP fix
06-12 19:33:56.564 W/BestClock( 1925): java.time.DateTimeException: Missing NTP fix
06-12 19:33:58.433 E/TaskPersister( 1925): File error accessing recents directory (directory doesn't exist?).
06-12 19:33:58.503 D/UIAutomatorStub(13432): URI: /jsonrpc/0, Method: POST, params, {NanoHttpd.QUERY_STRING=null}, files: {postData={"jsonrpc": "2.0", "id": 1, "method": "count", "params": [{"mask": 2097152, "childOrSibling": [], "childOrSiblingSelector": [], "resourceId": "com.android.permissioncontroller:id/permission_allow_button"}]}}
06-12 19:33:58.517 D/UiObject(13432): Waiting 0ms for UiSelector[RESOURCE_ID=com.android.permissioncontroller:id/permission_allow_button].
06-12 19:33:58.518 W/QueryController(13432): Could not detect idle state.
06-12 19:33:58.521 I/QueryController(13432): Matched selector: UiSelector[RESOURCE_ID=com.android.permissioncontroller:id/permission_allow_button] <<==>> [android.view.accessibility.AccessibilityNodeInfo@60f50; boundsInParent: Rect(0, 0 - 992, 112); boundsInScreen: Rect(464, 557 - 1456, 669); packageName: com.android.permissioncontroller; className: android.widget.Button; text: 允许; error: null; maxTextLength: -1; stateDescription: null; contentDescription: null; tooltipText: null; viewIdResName: com.android.permissioncontroller:id/permission_allow_button; checkable: false; checked: false; focusable: true; focused: false; selected: false; clickable: true; longClickable: false; contextClickable: false; enabled: true; password: false; scrollable: false; importantForAccessibility: true; visible: true; actions: [AccessibilityAction: ACTION_FOCUS - null, AccessibilityAction: ACTION_SELECT - null, AccessibilityAction: ACTION_CLEAR_SELECTION - null, AccessibilityAction: ACTION_CLICK - null, AccessibilityAction: ACTION_ACCESSIBILITY_FOCUS - null, AccessibilityAction: ACTION_NEXT_AT_MOVEMENT_GRANULARITY - null, AccessibilityAction: ACTION_PREVIOUS_AT_MOVEMENT_GRANULARITY - null, AccessibilityAction: ACTION_SET_SELECTION - null, AccessibilityAction: ACTION_SHOW_ON_SCREEN - null]]
06-12 19:33:58.522 D/UiObject(13432): Waiting 0ms for UiSelector[INSTANCE=1, RESOURCE_ID=com.android.permissioncontroller:id/permission_allow_button].
06-12 19:33:58.522 W/QueryController(13432): Could not detect idle state.
06-12 19:33:58.546 D/UIAutomatorStub(13432): URI: /jsonrpc/0, Method: POST, params, {NanoHttpd.QUERY_STRING=null}, files: {postData={"jsonrpc": "2.0", "id": 1, "method": "waitForExists", "params": [{"mask": 2097152, "childOrSibling": [], "childOrSiblingSelector": [], "resourceId": "com.android.permissioncontroller:id/permission_allow_button"}, 20000]}}
06-12 19:33:58.549 D/UiDevice(13432): Waiting 20000ms for SearchCondition[hasObject=BySelector [RES='\Qcom.android.permissioncontroller:id/permission_allow_button\E']].
06-12 19:33:58.549 D/UiDevice(13432): Searching for node with selector: BySelector [RES='\Qcom.android.permissioncontroller:id/permission_allow_button\E'].
06-12 19:33:58.550 W/QueryController(13432): Could not detect idle state.
06-12 19:33:58.580 D/UIAutomatorStub(13432): URI: /jsonrpc/0, Method: POST, params, {NanoHttpd.QUERY_STRING=null}, files: {postData={"jsonrpc": "2.0", "id": 1, "method": "objInfo", "params": [{"mask": 2097152, "childOrSibling": [], "childOrSiblingSelector": [], "resourceId": "com.android.permissioncontroller:id/permission_allow_button"}]}}
06-12 19:33:58.581 D/UiDevice(13432): Retrieving node with selector: BySelector [RES='\Qcom.android.permissioncontroller:id/permission_allow_button\E'].
06-12 19:33:58.582 W/QueryController(13432): Could not detect idle state.
06-12 19:33:58.587 W/QueryController(13432): Could not detect idle state.
06-12 19:33:58.589 W/QueryController(13432): Could not detect idle state.
06-12 19:33:58.590 W/QueryController(13432): Could not detect idle state.
06-12 19:33:58.591 W/QueryController(13432): Could not detect idle state.
06-12 19:33:58.593 W/QueryController(13432): Could not detect idle state.
06-12 19:33:58.595 W/QueryController(13432): Could not detect idle state.
06-12 19:33:58.597 W/QueryController(13432): Could not detect idle state.
06-12 19:33:58.599 W/QueryController(13432): Could not detect idle state.
06-12 19:33:58.600 W/QueryController(13432): Could not detect idle state.
06-12 19:33:58.602 W/QueryController(13432): Could not detect idle state.
06-12 19:33:58.602 W/QueryController(13432): Could not detect idle state.
06-12 19:33:58.603 W/QueryController(13432): Could not detect idle state.
06-12 19:33:58.604 W/QueryController(13432): Could not detect idle state.
06-12 19:33:58.604 W/QueryController(13432): Could not detect idle state.
06-12 19:33:58.605 W/QueryController(13432): Could not detect idle state.
06-12 19:33:58.606 W/QueryController(13432): Could not detect idle state.
06-12 19:33:58.608 W/QueryController(13432): Could not detect idle state.
06-12 19:33:58.633 D/UIAutomatorStub(13432): URI: /jsonrpc/0, Method: POST, params, {NanoHttpd.QUERY_STRING=null}, files: {postData={"jsonrpc": "2.0", "id": 1, "method": "click", "params": [960.0, 613.0]}}
06-12 19:33:58.645 V/DisplayPowerController[0]( 1925): Brightness [0.39763778] reason changing to: 'manual', previous reason: 'manual [ dim ]'.
06-12 19:33:58.656 E/DisplayDeviceConfig( 1925): requesting nits when no mapping exists.
06-12 19:33:58.656 E/DisplayDeviceConfig( 1925): requesting nits when no mapping exists.
06-12 19:33:58.657 I/DropBoxManagerService( 1925): add tag=system_server_wtf isTagEnabled=true flags=0x2
06-12 19:33:58.658 E/LightsService( 1925): Light requested not available on this device. 0
06-12 19:33:58.661 I/DropBoxManagerService( 1925): add tag=system_server_wtf isTagEnabled=true flags=0x2
06-12 19:33:58.672 E/DisplayDeviceConfig( 1925): requesting nits when no mapping exists.
06-12 19:33:58.672 E/DisplayDeviceConfig( 1925): requesting nits when no mapping exists.
06-12 19:33:58.673 E/LightsService( 1925): Light requested not available on this device. 0
06-12 19:33:58.673 I/DropBoxManagerService( 1925): add tag=system_server_wtf isTagEnabled=true flags=0x2
06-12 19:33:58.676 I/DropBoxManagerService( 1925): add tag=system_server_wtf isTagEnabled=true flags=0x2
06-12 19:33:58.689 E/DisplayDeviceConfig( 1925): requesting nits when no mapping exists.
06-12 19:33:58.689 E/DisplayDeviceConfig( 1925): requesting nits when no mapping exists.
06-12 19:33:58.690 E/LightsService( 1925): Light requested not available on this device. 0
06-12 19:33:58.690 I/DropBoxManagerService( 1925): add tag=system_server_wtf isTagEnabled=true flags=0x2
06-12 19:33:58.709 E/DisplayDeviceConfig( 1925): requesting nits when no mapping exists.
06-12 19:33:58.709 E/DisplayDeviceConfig( 1925): requesting nits when no mapping exists.
06-12 19:33:58.710 E/LightsService( 1925): Light requested not available on this device. 0
06-12 19:33:58.723 E/DisplayDeviceConfig( 1925): requesting nits when no mapping exists.
06-12 19:33:58.723 E/DisplayDeviceConfig( 1925): requesting nits when no mapping exists.
06-12 19:33:58.724 E/LightsService( 1925): Light requested not available on this device. 0
06-12 19:33:58.739 E/DisplayDeviceConfig( 1925): requesting nits when no mapping exists.
06-12 19:33:58.739 E/DisplayDeviceConfig( 1925): requesting nits when no mapping exists.
06-12 19:33:58.739 E/LightsService( 1925): Light requested not available on this device. 0
06-12 19:33:58.755 E/DisplayDeviceConfig( 1925): requesting nits when no mapping exists.
06-12 19:33:58.755 E/DisplayDeviceConfig( 1925): requesting nits when no mapping exists.
06-12 19:33:58.756 E/LightsService( 1925): Light requested not available on this device. 0
06-12 19:33:58.772 E/DisplayDeviceConfig( 1925): requesting nits when no mapping exists.
06-12 19:33:58.773 E/DisplayDeviceConfig( 1925): requesting nits when no mapping exists.
06-12 19:33:58.773 E/LightsService( 1925): Light requested not available on this device. 0
06-12 19:33:58.790 E/DisplayDeviceConfig( 1925): requesting nits when no mapping exists.
06-12 19:33:58.790 E/DisplayDeviceConfig( 1925): requesting nits when no mapping exists.
06-12 19:33:58.790 E/LightsService( 1925): Light requested not available on this device. 0
06-12 19:33:58.809 E/DisplayDeviceConfig( 1925): requesting nits when no mapping exists.
06-12 19:33:58.810 E/DisplayDeviceConfig( 1925): requesting nits when no mapping exists.
06-12 19:33:58.810 E/LightsService( 1925): Light requested not available on this device. 0
06-12 19:33:58.822 E/DisplayDeviceConfig( 1925): requesting nits when no mapping exists.
06-12 19:33:58.822 E/DisplayDeviceConfig( 1925): requesting nits when no mapping exists.
06-12 19:33:58.823 E/LightsService( 1925): Light requested not available on this device. 0
06-12 19:33:58.839 E/DisplayDeviceConfig( 1925): requesting nits when no mapping exists.
06-12 19:33:58.839 E/DisplayDeviceConfig( 1925): requesting nits when no mapping exists.
06-12 19:33:58.840 E/LightsService( 1925): Light requested not available on this device. 0
06-12 19:33:58.856 E/DisplayDeviceConfig( 1925): requesting nits when no mapping exists.
06-12 19:33:58.857 E/DisplayDeviceConfig( 1925): requesting nits when no mapping exists.
06-12 19:33:58.860 E/LightsService( 1925): Light requested not available on this device. 0
06-12 19:33:58.863 V/GrantPermissionsViewModel( 5877): Logged buttons presented and clicked permissionGroupName=android.permission-group.STORAGE uid=10058 selectedLocations=0 package=tech.gtt.frontapp.stb.demo presentedButtons=9 clickedButton=1 sessionId=1262937882167209319 targetSdk=35
06-12 19:33:58.868 I/MediaProvider( 2559): Invalidating LocalCallingIdentity cache for package tech.gtt.frontapp.stb.demo. Reason: op android:read_external_storage
06-12 19:33:58.869 V/GrantPermissionsViewModel( 5877): Permission grant result requestId=1262937882167209319 callingUid=10058 callingPackage=tech.gtt.frontapp.stb.demo permission=android.permission.READ_EXTERNAL_STORAGE isImplicit=false result=4
06-12 19:33:58.869 I/MediaProvider( 2559): Invalidating LocalCallingIdentity cache for package tech.gtt.frontapp.stb.demo. Reason: op android:read_external_storage
06-12 19:33:58.870 D/gralloc_nox( 1767): gralloc_alloc: Creating ashmem region of size 8298496
06-12 19:33:58.874 E/DisplayDeviceConfig( 1925): requesting nits when no mapping exists.
06-12 19:33:58.875 E/DisplayDeviceConfig( 1925): requesting nits when no mapping exists.
06-12 19:33:58.876 E/LightsService( 1925): Light requested not available on this device. 0
06-12 19:33:58.891 E/DisplayDeviceConfig( 1925): requesting nits when no mapping exists.
06-12 19:33:58.892 E/DisplayDeviceConfig( 1925): requesting nits when no mapping exists.
06-12 19:33:58.896 E/LightsService( 1925): Light requested not available on this device. 0
06-12 19:33:58.906 E/DisplayDeviceConfig( 1925): requesting nits when no mapping exists.
06-12 19:33:58.907 E/DisplayDeviceConfig( 1925): requesting nits when no mapping exists.
06-12 19:33:58.909 E/android.hardware.audio.service( 1756): pcm_open called create stream faild
06-12 19:33:58.950 W/System  ( 2100): A resource failed to call close. 
06-12 19:33:58.951 W/System  ( 2100): A resource failed to call close. 
06-12 19:33:58.951 W/System  ( 2100): A resource failed to call release. 
06-12 19:33:58.951 W/System  ( 2100): A resource failed to call release. 
06-12 19:33:59.080 D/CompatibilityChangeReporter(13487): Compat change id reported: 78294732; UID 10058; state: ENABLED
06-12 19:33:59.082 I/b       (13487): freeSpace : 116667MB
06-12 19:33:59.152 D/ProcessState(13546): Binder ioctl to enable oneway spam detection failed: Invalid argument
06-12 19:33:59.175 D/ConnectivityService( 1925): NetReassign [no changes]
06-12 19:33:59.190 V/GSK     (13487): StorageServiceImpl initialization() executed in 1 ms.
06-12 19:33:59.191 V/GSK     (13487): SecurityServiceImpl initialization() executed in 1 ms.
06-12 19:33:59.293 W/System.err(13487): SLF4J(W): No SLF4J providers were found.
06-12 19:33:59.293 W/System.err(13487): SLF4J(W): Defaulting to no-operation (NOP) logger implementation
06-12 19:33:59.293 W/System.err(13487): SLF4J(W): See https://www.slf4j.org/codes.html#noProviders for further details.
06-12 19:33:59.330 W/InputManager-JNI( 1925): Input channel object '81f7a71 com.android.permissioncontroller/com.android.permissioncontroller.permission.ui.GrantPermissionsActivity (client)' was disposed without first being removed with the input manager!
06-12 19:33:59.347 W/System.err(13487): kotlinx.serialization.json.internal.JsonDecodingException: Expected start of the object '{', but had 'EOF' instead at path: $
06-12 19:33:59.347 W/System.err(13487): JSON input: 
06-12 19:33:59.347 W/System.err(13487): 	at kotlinx.serialization.json.internal.JsonExceptionsKt.JsonDecodingException(SourceFile:1)
06-12 19:33:59.347 W/System.err(13487): 	at kotlinx.serialization.json.internal.JsonExceptionsKt.JsonDecodingException(SourceFile:2)
06-12 19:33:59.347 W/System.err(13487): 	at kotlinx.serialization.json.internal.AbstractJsonLexer.fail(SourceFile:52)
06-12 19:33:59.348 W/System.err(13487): 	at kotlinx.serialization.json.internal.AbstractJsonLexer.fail$default(SourceFile:15)
06-12 19:33:59.348 W/System.err(13487): 	at kotlinx.serialization.json.internal.AbstractJsonLexer.unexpectedToken(SourceFile:103)
06-12 19:33:59.348 W/System.err(13487): 	at kotlinx.serialization.json.internal.StringJsonLexer.consumeNextToken(SourceFile:16)
06-12 19:33:59.348 W/System.err(13487): 	at kotlinx.serialization.json.internal.StreamingJsonDecoder.beginStructure(SourceFile:23)
06-12 19:33:59.348 W/System.err(13487): 	at tech.gtt.frontapp.servicesdk.common.service.utility.apis.e2ee.E2eeConfigResponse$$serializer.deserialize(SourceFile:2)
06-12 19:33:59.348 W/System.err(13487): 	at tech.gtt.frontapp.servicesdk.common.service.utility.apis.e2ee.E2eeConfigResponse$$serializer.deserialize(SourceFile:1)
06-12 19:33:59.348 W/System.err(13487): 	at kotlinx.serialization.json.internal.StreamingJsonDecoder.decodeSerializableValue(SourceFile:320)
06-12 19:33:59.348 W/System.err(13487): 	at kotlinx.serialization.json.Json.decodeFromString(SourceFile:3)
06-12 19:33:59.348 W/System.err(13487): 	at tech.gtt.frontapp.servicesdk.common.service.utility.apis.e2ee.E2eeManager.syncE2eeConfig(SourceFile:74)
06-12 19:33:59.348 W/System.err(13487): 	at tech.gtt.frontapp.servicesdk.common.service.utility.apis.ApiUtilServiceImpl.onServiceInit(SourceFile:228)
06-12 19:33:59.348 W/System.err(13487): 	at tech.gtt.frontapp.servicesdk.common.core.ServiceSDKImpl.executeServiceInitialize(SourceFile:372)
06-12 19:33:59.348 W/System.err(13487): 	at tech.gtt.frontapp.servicesdk.common.core.ServiceSDKImpl.access$executeServiceInitialize(SourceFile:1)
06-12 19:33:59.348 W/System.err(13487): 	at tech.gtt.frontapp.servicesdk.common.core.ServiceSDKImpl$init$1.invokeSuspend(SourceFile:178)
06-12 19:33:59.348 W/System.err(13487): 	at tech.gtt.frontapp.servicesdk.common.core.ServiceSDKImpl$init$1.invoke(SourceFile:2)
06-12 19:33:59.348 W/System.err(13487): 	at tech.gtt.frontapp.servicesdk.common.core.ServiceSDKImpl$init$1.invoke(SourceFile:1)
06-12 19:33:59.348 W/System.err(13487): 	at kotlinx.coroutines.flow.SafeFlow.collectSafely(SourceFile:3)
06-12 19:33:59.348 W/System.err(13487): 	at kotlinx.coroutines.flow.AbstractFlow.collect(SourceFile:70)
06-12 19:33:59.348 W/System.err(13487): 	at tech.gtt.frontapp.servicesdk.common.core.SDKSetup$build$1.invokeSuspend(SourceFile:42)
06-12 19:33:59.348 W/System.err(13487): 	at tech.gtt.frontapp.servicesdk.common.core.SDKSetup$build$1.invoke(SourceFile:2)
06-12 19:33:59.348 W/System.err(13487): 	at tech.gtt.frontapp.servicesdk.common.core.SDKSetup$build$1.invoke(SourceFile:1)
06-12 19:33:59.348 W/System.err(13487): 	at tech.gtt.frontapp.servicesdk.common.core.Scheduler$scheduleDirect$1.invokeSuspend(SourceFile:61)
06-12 19:33:59.348 W/System.err(13487): 	at lh.a.resumeWith(SourceFile:14)
06-12 19:33:59.348 W/System.err(13487): 	at kotlinx.coroutines.DispatchedTask.run(SourceFile:123)
06-12 19:33:59.348 W/System.err(13487): 	at kotlinx.coroutines.internal.LimitedDispatcher$Worker.run(SourceFile:4)
06-12 19:33:59.348 W/System.err(13487): 	at kotlinx.coroutines.scheduling.TaskImpl.run(SourceFile:3)
06-12 19:33:59.348 W/System.err(13487): 	at kotlinx.coroutines.scheduling.CoroutineScheduler.runSafely(SourceFile:1)
06-12 19:33:59.348 W/System.err(13487): 	at kotlinx.coroutines.scheduling.CoroutineScheduler$Worker.executeTask(SourceFile:34)
06-12 19:33:59.348 W/System.err(13487): 	at kotlinx.coroutines.scheduling.CoroutineScheduler$Worker.runWorker(SourceFile:29)
06-12 19:33:59.348 W/System.err(13487): 	at kotlinx.coroutines.scheduling.CoroutineScheduler$Worker.run(SourceFile:1)
06-12 19:33:59.356 W/System.err(13487): java.io.FileNotFoundException: sys/class/sunxi_info/sys_info: open failed: ENOENT (No such file or directory)
06-12 19:33:59.356 W/SurfaceFlinger( 1800): couldn't log to binary event log: overflow.
06-12 19:33:59.356 W/System.err(13487): 	at libcore.io.IoBridge.open(IoBridge.java:575)
06-12 19:33:59.356 W/System.err(13487): 	at java.io.FileInputStream.<init>(FileInputStream.java:160)
06-12 19:33:59.356 W/System.err(13487): 	at java.io.FileInputStream.<init>(FileInputStream.java:115)
06-12 19:33:59.356 W/System.err(13487): 	at ip.b.b(SourceFile:5)
06-12 19:33:59.356 W/System.err(13487): 	at ip.b.a(SourceFile:155)
06-12 19:33:59.356 W/System.err(13487): 	at ip.a.invoke(SourceFile:589)
06-12 19:33:59.356 W/System.err(13487): 	at dh.v.getValue(SourceFile:21)
06-12 19:33:59.356 W/System.err(13487): 	at tech.gtt.frontapp.servicesdk.common.network.interceptor.params.ApiDeviceParams.handleFixedParams(SourceFile:52)
06-12 19:33:59.356 W/System.err(13487): 	at tech.gtt.frontapp.servicesdk.common.service.utility.apis.IParamsGetter.toMaps(SourceFile:87)
06-12 19:33:59.356 W/System.err(13487): 	at tech.gtt.frontapp.servicesdk.common.network.interceptor.DefaultParamsInterceptor.onRequest(SourceFile:127)
06-12 19:33:59.356 W/System.err(13487): 	at tech.gtt.frontapp.servicesdk.common.network.interceptor.SDKInterceptorsPluginKt$setupRequestInterception$1.invokeSuspend(SourceFile:103)
06-12 19:33:59.356 W/System.err(13487): 	at tech.gtt.frontapp.servicesdk.common.network.interceptor.SDKInterceptorsPluginKt$setupRequestInterception$1.invoke(SourceFile:1)
06-12 19:33:59.356 W/System.err(13487): 	at tech.gtt.frontapp.servicesdk.common.network.interceptor.SDKInterceptorsPluginKt$setupRequestInterception$1.invoke(SourceFile:2)
06-12 19:33:59.356 W/System.err(13487): 	at io.ktor.util.pipeline.DebugPipelineContext.proceedLoop(SourceFile:86)
06-12 19:33:59.356 W/System.err(13487): 	at io.ktor.util.pipeline.DebugPipelineContext.proceed(SourceFile:26)
06-12 19:33:59.356 W/System.err(13487): 	at io.ktor.client.plugins.RequestError$install$1.invokeSuspend(SourceFile:47)
06-12 19:33:59.356 W/System.err(13487): 	at io.ktor.client.plugins.RequestError$install$1.invoke(SourceFile:1)
06-12 19:33:59.356 W/System.err(13487): 	at io.ktor.client.plugins.RequestError$install$1.invoke(SourceFile:2)
06-12 19:33:59.356 W/System.err(13487): 	at io.ktor.util.pipeline.DebugPipelineContext.proceedLoop(SourceFile:86)
06-12 19:33:59.356 W/System.err(13487): 	at io.ktor.util.pipeline.DebugPipelineContext.proceed(SourceFile:26)
06-12 19:33:59.356 W/System.err(13487): 	at io.ktor.client.plugins.SetupRequestContext$install$1.invokeSuspend$proceed(SourceFile:1)
06-12 19:33:59.356 W/System.err(13487): 	at io.ktor.client.plugins.SetupRequestContext$install$1.access$invokeSuspend$proceed(SourceFile:1)
06-12 19:33:59.356 W/System.err(13487): 	at io.ktor.client.plugins.SetupRequestContext$install$1$1.invoke(SourceFile:2)
06-12 19:33:59.356 W/System.err(13487): 	at io.ktor.client.plugins.SetupRequestContext$install$1$1.invoke(SourceFile:1)
06-12 19:33:59.356 W/System.err(13487): 	at io.ktor.client.plugins.HttpRequestLifecycleKt$HttpRequestLifecycle$1$1.invokeSuspend(SourceFile:78)
06-12 19:33:59.356 W/System.err(13487): 	at io.ktor.client.plugins.HttpRequestLifecycleKt$HttpRequestLifecycle$1$1.invoke(SourceFile:1)
06-12 19:33:59.356 W/System.err(13487): 	at io.ktor.client.plugins.HttpRequestLifecycleKt$HttpRequestLifecycle$1$1.invoke(SourceFile:2)
06-12 19:33:59.356 W/System.err(13487): 	at io.ktor.client.plugins.SetupRequestContext$install$1.invokeSuspend(SourceFile:42)
06-12 19:33:59.356 W/System.err(13487): 	at io.ktor.client.plugins.SetupRequestContext$install$1.invoke(SourceFile:1)
06-12 19:33:59.356 W/System.err(13487): 	at io.ktor.client.plugins.SetupRequestContext$install$1.invoke(SourceFile:2)
06-12 19:33:59.356 W/System.err(13487): 	at io.ktor.util.pipeline.DebugPipelineContext.proceedLoop(SourceFile:86)
06-12 19:33:59.356 W/System.err(13487): 	at io.ktor.util.pipeline.DebugPipelineContext.proceed(SourceFile:26)
06-12 19:33:59.356 W/System.err(13487): 	at io.ktor.util.pipeline.DebugPipelineContext.execute$ktor_utils(SourceFile:7)
06-12 19:33:59.356 W/System.err(13487): 	at io.ktor.util.pipeline.Pipeline.execute(SourceFile:9)
06-12 19:33:59.356 W/System.err(13487): 	at io.ktor.client.HttpClient.execute$ktor_client_core(SourceFile:68)
06-12 19:33:59.356 W/System.err(13487): 	at io.ktor.client.statement.HttpStatement.fetchResponse(SourceFile:90)
06-12 19:33:59.356 W/System.err(13487): 	at io.ktor.client.statement.HttpStatement.execute(SourceFile:9)
06-12 19:33:59.356 W/System.err(13487): 	at de.jensklingenberg.ktorfit.internal.KtorfitConverterHelper.suspendRequest(SourceFile:127)
06-12 19:33:59.356 W/System.err(13487): 	at de.jensklingenberg.ktorfit.internal.KtorfitConverterHelper$request$1$1.invokeSuspend(SourceFile:58)
06-12 19:33:59.356 W/System.err(13487): 	at de.jensklingenberg.ktorfit.internal.KtorfitConverterHelper$request$1$1.invoke(SourceFile:2)
06-12 19:33:59.356 W/System.err(13487): 	at de.jensklingenberg.ktorfit.internal.KtorfitConverterHelper$request$1$1.invoke(SourceFile:1)
06-12 19:33:59.356 W/System.err(13487): 	at de.jensklingenberg.ktorfit.converter.FlowConverterFactory$responseConverter$1$convert$1.invokeSuspend(SourceFile:84)
06-12 19:33:59.356 W/System.err(13487): 	at de.jensklingenberg.ktorfit.converter.FlowConverterFactory$responseConverter$1$convert$1.invoke(SourceFile:2)
06-12 19:33:59.356 W/System.err(13487): 	at de.jensklingenberg.ktorfit.converter.FlowConverterFactory$responseConverter$1$convert$1.invoke(SourceFile:1)
06-12 19:33:59.356 W/System.err(13487): 	at kotlinx.coroutines.flow.SafeFlow.collectSafely(SourceFile:3)
06-12 19:33:59.356 W/System.err(13487): 	at kotlinx.coroutines.flow.AbstractFlow.collect(SourceFile:70)
06-12 19:33:59.356 W/System.err(13487): 	at kotlinx.coroutines.flow.FlowKt__MergeKt$flatMapConcat$$inlined$map$1.collect(SourceFile:10)
06-12 19:33:59.356 W/System.err(13487): 	at kotlinx.coroutines.flow.FlowKt__MergeKt$flattenConcat$$inlined$unsafeFlow$1.collect(SourceFile:8)
06-12 19:33:59.356 W/System.err(13487): 	at kotlinx.coroutines.flow.FlowKt__CollectKt.collect(SourceFile:1)
06-12 19:33:59.356 W/System.err(13487): 	at kotlinx.coroutines.flow.FlowKt.collect(SourceFile:1)
06-12 19:33:59.356 W/System.err(13487): 	at tech.gtt.frontapp.servicesdk.common.service.utility.apis.ApiUtilServiceImpl.onServiceInit(SourceFile:240)
06-12 19:33:59.356 W/System.err(13487): 	at tech.gtt.frontapp.servicesdk.common.core.ServiceSDKImpl.executeServiceInitialize(SourceFile:372)
06-12 19:33:59.356 W/System.err(13487): 	at tech.gtt.frontapp.servicesdk.common.core.ServiceSDKImpl.access$executeServiceInitialize(SourceFile:1)
06-12 19:33:59.356 W/System.err(13487): 	at tech.gtt.frontapp.servicesdk.common.core.ServiceSDKImpl$init$1.invokeSuspend(SourceFile:178)
06-12 19:33:59.356 W/System.err(13487): 	at tech.gtt.frontapp.servicesdk.common.core.ServiceSDKImpl$init$1.invoke(SourceFile:2)
06-12 19:33:59.356 W/System.err(13487): 	at tech.gtt.frontapp.servicesdk.common.core.ServiceSDKImpl$init$1.invoke(SourceFile:1)
06-12 19:33:59.356 W/System.err(13487): 	at kotlinx.coroutines.flow.SafeFlow.collectSafely(SourceFile:3)
06-12 19:33:59.356 W/System.err(13487): 	at kotlinx.coroutines.flow.AbstractFlow.collect(SourceFile:70)
06-12 19:33:59.356 W/System.err(13487): 	at tech.gtt.frontapp.servicesdk.common.core.SDKSetup$build$1.invokeSuspend(SourceFile:42)
06-12 19:33:59.356 W/System.err(13487): 	at tech.gtt.frontapp.servicesdk.common.core.SDKSetup$build$1.invoke(SourceFile:2)
06-12 19:33:59.356 W/System.err(13487): 	at tech.gtt.frontapp.servicesdk.common.core.SDKSetup$build$1.invoke(SourceFile:1)
06-12 19:33:59.356 W/System.err(13487): 	at tech.gtt.frontapp.servicesdk.common.core.Scheduler$scheduleDirect$1.invokeSuspend(SourceFile:61)
06-12 19:33:59.356 W/System.err(13487): 	at lh.a.resumeWith(SourceFile:14)
06-12 19:33:59.356 W/System.err(13487): 	at kotlinx.coroutines.DispatchedTask.run(SourceFile:123)
06-12 19:33:59.356 W/System.err(13487): 	at kotlinx.coroutines.internal.LimitedDispatcher$Worker.run(SourceFile:4)
06-12 19:33:59.356 W/System.err(13487): 	at kotlinx.coroutines.scheduling.TaskImpl.run(SourceFile:3)
06-12 19:33:59.356 W/System.err(13487): 	at kotlinx.coroutines.scheduling.CoroutineScheduler.runSafely(SourceFile:1)
06-12 19:33:59.356 W/System.err(13487): 	at kotlinx.coroutines.scheduling.CoroutineScheduler$Worker.executeTask(SourceFile:34)
06-12 19:33:59.356 W/System.err(13487): 	at kotlinx.coroutines.scheduling.CoroutineScheduler$Worker.runWorker(SourceFile:29)
06-12 19:33:59.356 W/System.err(13487): 	at kotlinx.coroutines.scheduling.CoroutineScheduler$Worker.run(SourceFile:1)
06-12 19:33:59.356 W/System.err(13487): Caused by: android.system.ErrnoException: open failed: ENOENT (No such file or directory)
06-12 19:33:59.356 W/System.err(13487): 	at libcore.io.Linux.open(Native Method)
06-12 19:33:59.356 W/System.err(13487): 	at libcore.io.ForwardingOs.open(ForwardingOs.java:567)
06-12 19:33:59.356 W/System.err(13487): 	at libcore.io.BlockGuardOs.open(BlockGuardOs.java:273)
06-12 19:33:59.356 W/System.err(13487): 	at libcore.io.ForwardingOs.open(ForwardingOs.java:567)
06-12 19:33:59.356 W/System.err(13487): 	at android.app.ActivityThread$AndroidOs.open(ActivityThread.java:7761)
06-12 19:33:59.356 W/System.err(13487): 	at libcore.io.IoBridge.open(IoBridge.java:561)
06-12 19:33:59.356 W/System.err(13487): 	... 69 more
06-12 19:33:59.357 W/System.err(13487): java.io.FileNotFoundException: sys/class/sunxi_info/sys_info: open failed: ENOENT (No such file or directory)
06-12 19:33:59.357 W/System.err(13487): 	at libcore.io.IoBridge.open(IoBridge.java:575)
06-12 19:33:59.357 W/System.err(13487): 	at java.io.FileInputStream.<init>(FileInputStream.java:160)
06-12 19:33:59.357 W/System.err(13487): 	at java.io.FileInputStream.<init>(FileInputStream.java:115)
06-12 19:33:59.357 W/System.err(13487): 	at ip.b.b(SourceFile:5)
06-12 19:33:59.357 W/System.err(13487): 	at ip.b.a(SourceFile:155)
06-12 19:33:59.357 W/System.err(13487): 	at ip.a.invoke(SourceFile:127)
06-12 19:33:59.358 W/System.err(13487): 	at dh.v.getValue(SourceFile:21)
06-12 19:33:59.358 W/System.err(13487): 	at tech.gtt.frontapp.servicesdk.common.network.interceptor.params.ApiDeviceParams.handleFixedParams(SourceFile:65)
06-12 19:33:59.358 W/System.err(13487): 	at tech.gtt.frontapp.servicesdk.common.service.utility.apis.IParamsGetter.toMaps(SourceFile:87)
06-12 19:33:59.358 W/System.err(13487): 	at tech.gtt.frontapp.servicesdk.common.network.interceptor.DefaultParamsInterceptor.onRequest(SourceFile:127)
06-12 19:33:59.358 W/System.err(13487): 	at tech.gtt.frontapp.servicesdk.common.network.interceptor.SDKInterceptorsPluginKt$setupRequestInterception$1.invokeSuspend(SourceFile:103)
06-12 19:33:59.358 W/System.err(13487): 	at tech.gtt.frontapp.servicesdk.common.network.interceptor.SDKInterceptorsPluginKt$setupRequestInterception$1.invoke(SourceFile:1)
06-12 19:33:59.358 W/System.err(13487): 	at tech.gtt.frontapp.servicesdk.common.network.interceptor.SDKInterceptorsPluginKt$setupRequestInterception$1.invoke(SourceFile:2)
06-12 19:33:59.358 W/System.err(13487): 	at io.ktor.util.pipeline.DebugPipelineContext.proceedLoop(SourceFile:86)
06-12 19:33:59.358 W/System.err(13487): 	at io.ktor.util.pipeline.DebugPipelineContext.proceed(SourceFile:26)
06-12 19:33:59.358 W/System.err(13487): 	at io.ktor.client.plugins.RequestError$install$1.invokeSuspend(SourceFile:47)
06-12 19:33:59.358 W/System.err(13487): 	at io.ktor.client.plugins.RequestError$install$1.invoke(SourceFile:1)
06-12 19:33:59.358 W/System.err(13487): 	at io.ktor.client.plugins.RequestError$install$1.invoke(SourceFile:2)
06-12 19:33:59.358 W/System.err(13487): 	at io.ktor.util.pipeline.DebugPipelineContext.proceedLoop(SourceFile:86)
06-12 19:33:59.358 W/System.err(13487): 	at io.ktor.util.pipeline.DebugPipelineContext.proceed(SourceFile:26)
06-12 19:33:59.358 W/System.err(13487): 	at io.ktor.client.plugins.SetupRequestContext$install$1.invokeSuspend$proceed(SourceFile:1)
06-12 19:33:59.358 W/System.err(13487): 	at io.ktor.client.plugins.SetupRequestContext$install$1.access$invokeSuspend$proceed(SourceFile:1)
06-12 19:33:59.358 W/System.err(13487): 	at io.ktor.client.plugins.SetupRequestContext$install$1$1.invoke(SourceFile:2)
06-12 19:33:59.358 W/System.err(13487): 	at io.ktor.client.plugins.SetupRequestContext$install$1$1.invoke(SourceFile:1)
06-12 19:33:59.358 W/System.err(13487): 	at io.ktor.client.plugins.HttpRequestLifecycleKt$HttpRequestLifecycle$1$1.invokeSuspend(SourceFile:78)
06-12 19:33:59.358 W/System.err(13487): 	at io.ktor.client.plugins.HttpRequestLifecycleKt$HttpRequestLifecycle$1$1.invoke(SourceFile:1)
06-12 19:33:59.358 W/System.err(13487): 	at io.ktor.client.plugins.HttpRequestLifecycleKt$HttpRequestLifecycle$1$1.invoke(SourceFile:2)
06-12 19:33:59.358 W/System.err(13487): 	at io.ktor.client.plugins.SetupRequestContext$install$1.invokeSuspend(SourceFile:42)
06-12 19:33:59.358 W/System.err(13487): 	at io.ktor.client.plugins.SetupRequestContext$install$1.invoke(SourceFile:1)
06-12 19:33:59.358 W/System.err(13487): 	at io.ktor.client.plugins.SetupRequestContext$install$1.invoke(SourceFile:2)
06-12 19:33:59.358 W/System.err(13487): 	at io.ktor.util.pipeline.DebugPipelineContext.proceedLoop(SourceFile:86)
06-12 19:33:59.358 W/System.err(13487): 	at io.ktor.util.pipeline.DebugPipelineContext.proceed(SourceFile:26)
06-12 19:33:59.358 W/System.err(13487): 	at io.ktor.util.pipeline.DebugPipelineContext.execute$ktor_utils(SourceFile:7)
06-12 19:33:59.358 W/System.err(13487): 	at io.ktor.util.pipeline.Pipeline.execute(SourceFile:9)
06-12 19:33:59.358 W/System.err(13487): 	at io.ktor.client.HttpClient.execute$ktor_client_core(SourceFile:68)
06-12 19:33:59.358 W/System.err(13487): 	at io.ktor.client.statement.HttpStatement.fetchResponse(SourceFile:90)
06-12 19:33:59.358 W/System.err(13487): 	at io.ktor.client.statement.HttpStatement.execute(SourceFile:9)
06-12 19:33:59.358 W/System.err(13487): 	at de.jensklingenberg.ktorfit.internal.KtorfitConverterHelper.suspendRequest(SourceFile:127)
06-12 19:33:59.358 W/System.err(13487): 	at de.jensklingenberg.ktorfit.internal.KtorfitConverterHelper$request$1$1.invokeSuspend(SourceFile:58)
06-12 19:33:59.358 W/System.err(13487): 	at de.jensklingenberg.ktorfit.internal.KtorfitConverterHelper$request$1$1.invoke(SourceFile:2)
06-12 19:33:59.358 W/System.err(13487): 	at de.jensklingenberg.ktorfit.internal.KtorfitConverterHelper$request$1$1.invoke(SourceFile:1)
06-12 19:33:59.358 W/System.err(13487): 	at de.jensklingenberg.ktorfit.converter.FlowConverterFactory$responseConverter$1$convert$1.invokeSuspend(SourceFile:84)
06-12 19:33:59.358 W/System.err(13487): 	at de.jensklingenberg.ktorfit.converter.FlowConverterFactory$responseConverter$1$convert$1.invoke(SourceFile:2)
06-12 19:33:59.358 W/System.err(13487): 	at de.jensklingenberg.ktorfit.converter.FlowConverterFactory$responseConverter$1$convert$1.invoke(SourceFile:1)
06-12 19:33:59.358 W/System.err(13487): 	at kotlinx.coroutines.flow.SafeFlow.collectSafely(SourceFile:3)
06-12 19:33:59.358 W/System.err(13487): 	at kotlinx.coroutines.flow.AbstractFlow.collect(SourceFile:70)
06-12 19:33:59.358 W/System.err(13487): 	at kotlinx.coroutines.flow.FlowKt__MergeKt$flatMapConcat$$inlined$map$1.collect(SourceFile:10)
06-12 19:33:59.358 W/System.err(13487): 	at kotlinx.coroutines.flow.FlowKt__MergeKt$flattenConcat$$inlined$unsafeFlow$1.collect(SourceFile:8)
06-12 19:33:59.358 W/System.err(13487): 	at kotlinx.coroutines.flow.FlowKt__CollectKt.collect(SourceFile:1)
06-12 19:33:59.358 W/System.err(13487): 	at kotlinx.coroutines.flow.FlowKt.collect(SourceFile:1)
06-12 19:33:59.358 W/System.err(13487): 	at tech.gtt.frontapp.servicesdk.common.service.utility.apis.ApiUtilServiceImpl.onServiceInit(SourceFile:240)
06-12 19:33:59.358 W/System.err(13487): 	at tech.gtt.frontapp.servicesdk.common.core.ServiceSDKImpl.executeServiceInitialize(SourceFile:372)
06-12 19:33:59.358 W/System.err(13487): 	at tech.gtt.frontapp.servicesdk.common.core.ServiceSDKImpl.access$executeServiceInitialize(SourceFile:1)
06-12 19:33:59.358 W/System.err(13487): 	at tech.gtt.frontapp.servicesdk.common.core.ServiceSDKImpl$init$1.invokeSuspend(SourceFile:178)
06-12 19:33:59.358 W/System.err(13487): 	at tech.gtt.frontapp.servicesdk.common.core.ServiceSDKImpl$init$1.invoke(SourceFile:2)
06-12 19:33:59.358 W/System.err(13487): 	at tech.gtt.frontapp.servicesdk.common.core.ServiceSDKImpl$init$1.invoke(SourceFile:1)
06-12 19:33:59.358 W/System.err(13487): 	at kotlinx.coroutines.flow.SafeFlow.collectSafely(SourceFile:3)
06-12 19:33:59.358 W/System.err(13487): 	at kotlinx.coroutines.flow.AbstractFlow.collect(SourceFile:70)
06-12 19:33:59.358 W/System.err(13487): 	at tech.gtt.frontapp.servicesdk.common.core.SDKSetup$build$1.invokeSuspend(SourceFile:42)
06-12 19:33:59.358 W/System.err(13487): 	at tech.gtt.frontapp.servicesdk.common.core.SDKSetup$build$1.invoke(SourceFile:2)
06-12 19:33:59.358 W/System.err(13487): 	at tech.gtt.frontapp.servicesdk.common.core.SDKSetup$build$1.invoke(SourceFile:1)
06-12 19:33:59.358 W/System.err(13487): 	at tech.gtt.frontapp.servicesdk.common.core.Scheduler$scheduleDirect$1.invokeSuspend(SourceFile:61)
