06-12 19:34:02.121 W/QueryController(13432): Could not detect idle state.
06-12 19:34:02.225 D/UiDevice(13432): Searching for node with selector: BySelector [RES='\Qtech.gtt.frontapp.stb.demo:id/account_login_tv2\E'].
06-12 19:34:02.227 W/QueryController(13432): Could not detect idle state.
06-12 19:34:02.346 D/UiDevice(13432): Searching for node with selector: BySelector [RES='\Qtech.gtt.frontapp.stb.demo:id/account_login_tv2\E'].
06-12 19:34:02.346 W/QueryController(13432): Could not detect idle state.
06-12 19:34:02.452 D/UiDevice(13432): Searching for node with selector: BySelector [RES='\Qtech.gtt.frontapp.stb.demo:id/account_login_tv2\E'].
06-12 19:34:02.452 W/QueryController(13432): Could not detect idle state.
06-12 19:34:02.557 D/UiDevice(13432): Searching for node with selector: BySelector [RES='\Qtech.gtt.frontapp.stb.demo:id/account_login_tv2\E'].
06-12 19:34:02.557 W/QueryController(13432): Could not detect idle state.
06-12 19:34:02.661 D/UiDevice(13432): Searching for node with selector: BySelector [RES='\Qtech.gtt.frontapp.stb.demo:id/account_login_tv2\E'].
06-12 19:34:02.662 W/QueryController(13432): Could not detect idle state.
06-12 19:34:02.765 D/UiDevice(13432): Searching for node with selector: BySelector [RES='\Qtech.gtt.frontapp.stb.demo:id/account_login_tv2\E'].
06-12 19:34:02.765 W/QueryController(13432): Could not detect idle state.
06-12 19:34:02.868 D/UiDevice(13432): Searching for node with selector: BySelector [RES='\Qtech.gtt.frontapp.stb.demo:id/account_login_tv2\E'].
06-12 19:34:02.869 W/QueryController(13432): Could not detect idle state.
06-12 19:34:02.972 D/UiDevice(13432): Searching for node with selector: BySelector [RES='\Qtech.gtt.frontapp.stb.demo:id/account_login_tv2\E'].
06-12 19:34:02.973 W/QueryController(13432): Could not detect idle state.
06-12 19:34:03.077 D/UiDevice(13432): Searching for node with selector: BySelector [RES='\Qtech.gtt.frontapp.stb.demo:id/account_login_tv2\E'].
06-12 19:34:03.078 W/QueryController(13432): Could not detect idle state.
06-12 19:34:03.182 D/UiDevice(13432): Searching for node with selector: BySelector [RES='\Qtech.gtt.frontapp.stb.demo:id/account_login_tv2\E'].
06-12 19:34:03.182 W/QueryController(13432): Could not detect idle state.
06-12 19:34:03.285 D/UiDevice(13432): Searching for node with selector: BySelector [RES='\Qtech.gtt.frontapp.stb.demo:id/account_login_tv2\E'].
06-12 19:34:03.286 W/QueryController(13432): Could not detect idle state.
06-12 19:34:03.388 D/UiDevice(13432): Searching for node with selector: BySelector [RES='\Qtech.gtt.frontapp.stb.demo:id/account_login_tv2\E'].
06-12 19:34:03.389 W/QueryController(13432): Could not detect idle state.
06-12 19:34:03.493 D/UiDevice(13432): Searching for node with selector: BySelector [RES='\Qtech.gtt.frontapp.stb.demo:id/account_login_tv2\E'].
06-12 19:34:03.493 W/QueryController(13432): Could not detect idle state.
06-12 19:34:03.596 D/UiDevice(13432): Searching for node with selector: BySelector [RES='\Qtech.gtt.frontapp.stb.demo:id/account_login_tv2\E'].
06-12 19:34:03.596 W/QueryController(13432): Could not detect idle state.
06-12 19:34:03.699 D/UiDevice(13432): Searching for node with selector: BySelector [RES='\Qtech.gtt.frontapp.stb.demo:id/account_login_tv2\E'].
06-12 19:34:03.700 W/QueryController(13432): Could not detect idle state.
06-12 19:34:03.803 D/UiDevice(13432): Searching for node with selector: BySelector [RES='\Qtech.gtt.frontapp.stb.demo:id/account_login_tv2\E'].
06-12 19:34:03.803 W/QueryController(13432): Could not detect idle state.
06-12 19:34:03.908 D/UiDevice(13432): Searching for node with selector: BySelector [RES='\Qtech.gtt.frontapp.stb.demo:id/account_login_tv2\E'].
06-12 19:34:03.909 W/QueryController(13432): Could not detect idle state.
06-12 19:34:04.013 D/UiDevice(13432): Searching for node with selector: BySelector [RES='\Qtech.gtt.frontapp.stb.demo:id/account_login_tv2\E'].
06-12 19:34:04.013 W/QueryController(13432): Could not detect idle state.
06-12 19:34:04.117 D/UiDevice(13432): Searching for node with selector: BySelector [RES='\Qtech.gtt.frontapp.stb.demo:id/account_login_tv2\E'].
06-12 19:34:04.118 W/QueryController(13432): Could not detect idle state.
06-12 19:34:04.222 D/UiDevice(13432): Searching for node with selector: BySelector [RES='\Qtech.gtt.frontapp.stb.demo:id/account_login_tv2\E'].
06-12 19:34:04.222 W/QueryController(13432): Could not detect idle state.
06-12 19:34:04.325 D/UiDevice(13432): Searching for node with selector: BySelector [RES='\Qtech.gtt.frontapp.stb.demo:id/account_login_tv2\E'].
06-12 19:34:04.325 W/QueryController(13432): Could not detect idle state.
06-12 19:34:04.428 D/UiDevice(13432): Searching for node with selector: BySelector [RES='\Qtech.gtt.frontapp.stb.demo:id/account_login_tv2\E'].
06-12 19:34:04.429 W/QueryController(13432): Could not detect idle state.
06-12 19:34:04.535 D/UiDevice(13432): Searching for node with selector: BySelector [RES='\Qtech.gtt.frontapp.stb.demo:id/account_login_tv2\E'].
06-12 19:34:04.535 W/QueryController(13432): Could not detect idle state.
06-12 19:34:04.641 D/UiDevice(13432): Searching for node with selector: BySelector [RES='\Qtech.gtt.frontapp.stb.demo:id/account_login_tv2\E'].
06-12 19:34:04.642 W/QueryController(13432): Could not detect idle state.
06-12 19:34:04.746 D/UiDevice(13432): Searching for node with selector: BySelector [RES='\Qtech.gtt.frontapp.stb.demo:id/account_login_tv2\E'].
06-12 19:34:04.747 W/QueryController(13432): Could not detect idle state.
06-12 19:34:04.837 E/TaskPersister( 1925): File error accessing recents directory (directory doesn't exist?).
06-12 19:34:04.851 D/UiDevice(13432): Searching for node with selector: BySelector [RES='\Qtech.gtt.frontapp.stb.demo:id/account_login_tv2\E'].
06-12 19:34:04.851 W/QueryController(13432): Could not detect idle state.
06-12 19:34:04.954 D/UiDevice(13432): Searching for node with selector: BySelector [RES='\Qtech.gtt.frontapp.stb.demo:id/account_login_tv2\E'].
06-12 19:34:04.954 W/QueryController(13432): Could not detect idle state.
06-12 19:34:05.057 D/UiDevice(13432): Searching for node with selector: BySelector [RES='\Qtech.gtt.frontapp.stb.demo:id/account_login_tv2\E'].
06-12 19:34:05.058 W/QueryController(13432): Could not detect idle state.
06-12 19:34:05.161 D/UiDevice(13432): Searching for node with selector: BySelector [RES='\Qtech.gtt.frontapp.stb.demo:id/account_login_tv2\E'].
06-12 19:34:05.162 W/QueryController(13432): Could not detect idle state.
06-12 19:34:05.265 D/UiDevice(13432): Searching for node with selector: BySelector [RES='\Qtech.gtt.frontapp.stb.demo:id/account_login_tv2\E'].
06-12 19:34:05.266 W/QueryController(13432): Could not detect idle state.
06-12 19:34:05.369 D/UiDevice(13432): Searching for node with selector: BySelector [RES='\Qtech.gtt.frontapp.stb.demo:id/account_login_tv2\E'].
06-12 19:34:05.370 W/QueryController(13432): Could not detect idle state.
06-12 19:34:05.472 D/UiDevice(13432): Searching for node with selector: BySelector [RES='\Qtech.gtt.frontapp.stb.demo:id/account_login_tv2\E'].
06-12 19:34:05.473 W/QueryController(13432): Could not detect idle state.
06-12 19:34:05.577 D/UiDevice(13432): Searching for node with selector: BySelector [RES='\Qtech.gtt.frontapp.stb.demo:id/account_login_tv2\E'].
06-12 19:34:05.577 W/QueryController(13432): Could not detect idle state.
06-12 19:34:05.681 D/UiDevice(13432): Searching for node with selector: BySelector [RES='\Qtech.gtt.frontapp.stb.demo:id/account_login_tv2\E'].
06-12 19:34:05.681 W/QueryController(13432): Could not detect idle state.
06-12 19:34:05.780 I/keystore2( 1707): keystore2::watchdog: Watchdog thread idle -> terminating. Have a great day.
06-12 19:34:05.784 D/UiDevice(13432): Searching for node with selector: BySelector [RES='\Qtech.gtt.frontapp.stb.demo:id/account_login_tv2\E'].
06-12 19:34:05.784 W/QueryController(13432): Could not detect idle state.
06-12 19:34:05.887 D/UiDevice(13432): Searching for node with selector: BySelector [RES='\Qtech.gtt.frontapp.stb.demo:id/account_login_tv2\E'].
06-12 19:34:05.888 W/QueryController(13432): Could not detect idle state.
06-12 19:34:05.990 D/AudioTrack( 1854): stop(25): called with 200704 frames delivered
06-12 19:34:05.991 D/UiDevice(13432): Searching for node with selector: BySelector [RES='\Qtech.gtt.frontapp.stb.demo:id/account_login_tv2\E'].
06-12 19:34:05.991 W/QueryController(13432): Could not detect idle state.
06-12 19:34:06.096 D/UiDevice(13432): Searching for node with selector: BySelector [RES='\Qtech.gtt.frontapp.stb.demo:id/account_login_tv2\E'].
06-12 19:34:06.097 W/QueryController(13432): Could not detect idle state.
06-12 19:34:06.208 D/UiDevice(13432): Searching for node with selector: BySelector [RES='\Qtech.gtt.frontapp.stb.demo:id/account_login_tv2\E'].
06-12 19:34:06.209 W/QueryController(13432): Could not detect idle state.
06-12 19:34:06.312 D/UiDevice(13432): Searching for node with selector: BySelector [RES='\Qtech.gtt.frontapp.stb.demo:id/account_login_tv2\E'].
06-12 19:34:06.312 W/QueryController(13432): Could not detect idle state.
06-12 19:34:06.410 D/NuPlayerDriver( 1854): stop(0xe97802e0)
06-12 19:34:06.410 V/MediaPlayer(13487): resetDrmState:  mDrmInfo=null mDrmProvisioningThread=null mPrepareDrmInProgress=false mActiveDrmScheme=false
06-12 19:34:06.410 V/MediaPlayer(13487): cleanDrmObj: mDrmObj=null mDrmSessionId=null
06-12 19:34:06.410 D/NuPlayerDriver( 1854): reset(0xe97802e0) at state 8
06-12 19:34:06.415 D/UiDevice(13432): Searching for node with selector: BySelector [RES='\Qtech.gtt.frontapp.stb.demo:id/account_login_tv2\E'].
06-12 19:34:06.415 D/SurfaceUtils( 1854): disconnecting from surface 0xe4380018, reason disconnectFromSurface
06-12 19:34:06.416 W/QueryController(13432): Could not detect idle state.
06-12 19:34:06.417 D/SurfaceUtils( 1854): connecting to surface 0xe4380018, reason onShutdown
06-12 19:34:06.419 D/NuPlayerDriver( 1854): notifyResetComplete(0xe97802e0)
06-12 19:34:06.419 D/SurfaceUtils( 1854): disconnecting from surface 0xe4383278, reason disconnectNativeWindow
06-12 19:34:06.419 W/AMessage( 1854): failed to post message as target looper for handler 0 is gone.
06-12 19:34:06.420 I/MediaFocusControl( 1925): abandonAudioFocus() from uid/pid 10058/13487 clientId=android.media.AudioManager@9c4699f
06-12 19:34:06.421 I/ActivityTaskManager( 1925): START u0 {cmp=tech.gtt.frontapp.stb.demo/tech.gtt.frontapp.stb.m.account.activity.LoginMethodSwitchActivity (has extras)} from uid 10058
06-12 19:34:06.422 D/CompatibilityChangeReporter( 1925): Compat change id reported: 174042980; UID 10058; state: DISABLED
06-12 19:34:06.423 D/CompatibilityChangeReporter( 1925): Compat change id reported: 184838306; UID 10058; state: DISABLED
06-12 19:34:06.423 D/CompatibilityChangeReporter( 1925): Compat change id reported: 185004937; UID 10058; state: DISABLED
06-12 19:34:06.423 D/CompatibilityChangeReporter( 1925): Compat change id reported: 181136395; UID 10058; state: DISABLED
06-12 19:34:06.424 D/CompatibilityChangeReporter( 1925): Compat change id reported: 174042936; UID 10058; state: DISABLED
06-12 19:34:06.424 D/CompatibilityChangeReporter( 1925): Compat change id reported: 197654537; UID 10058; state: ENABLED
06-12 19:34:06.425 D/CompatibilityChangeReporter( 1925): Compat change id reported: 168419799; UID 10058; state: DISABLED
06-12 19:34:06.427 I/MediaFocusControl( 1925): abandonAudioFocus() from uid/pid 10058/13487 clientId=android.media.AudioManager@9c4699f
06-12 19:34:06.427 W/MediaPlayer(13487): mediaplayer went away with unhandled events
06-12 19:34:06.429 W/MediaPlayer(13487): mediaplayer went away with unhandled events
06-12 19:34:06.434 W/ActivityTaskManager( 1925): Tried to set launchTime (0) < mLastActivityLaunchTime (2479860)
06-12 19:34:06.442 D/AndroidAutoSize(13487): tech.gtt.frontapp.stb.m.account.activity.LoginMethodSwitchActivity used the global configuration.
06-12 19:34:06.443 D/AndroidAutoSize(13487): The tech.gtt.frontapp.stb.m.account.activity.LoginMethodSwitchActivity has been adapted! 
06-12 19:34:06.443 D/AndroidAutoSize(13487): LoginMethodSwitchActivity Info: isBaseOnWidth = true, designWidthInDp = 1920.000000, designWidthInSubunits = 1920.000000, targetDensity = 1.000000, targetScaledDensity = 1.000000, targetDensityDpi = 160, targetXdpi = 1.000000, targetScreenWidthDp = 1920, targetScreenHeightDp = 1032
06-12 19:34:06.467 D/AndroidAutoSize(13487): tech.gtt.frontapp.stb.m.account.activity.LoginMethodSwitchActivity used the global configuration.
06-12 19:34:06.467 D/AndroidAutoSize(13487): The tech.gtt.frontapp.stb.m.account.activity.LoginMethodSwitchActivity has been adapted! 
06-12 19:34:06.467 D/AndroidAutoSize(13487): LoginMethodSwitchActivity Info: isBaseOnWidth = true, designWidthInDp = 1920.000000, designWidthInSubunits = 1920.000000, targetDensity = 1.000000, targetScaledDensity = 1.000000, targetDensityDpi = 160, targetXdpi = 1.000000, targetScreenWidthDp = 1920, targetScreenHeightDp = 1032
06-12 19:34:06.485 D/gralloc_nox( 1767): gralloc_alloc: Creating ashmem region of size 8298496
06-12 19:34:06.499 D/gralloc_nox( 1767): gralloc_alloc: Creating ashmem region of size 8298496
06-12 19:34:06.520 D/ProcessState(13884): Binder ioctl to enable oneway spam detection failed: Invalid argument
06-12 19:34:06.528 D/gralloc_nox( 1767): gralloc_alloc: Creating ashmem region of size 8298496
06-12 19:34:06.539 D/UiDevice(13432): Searching for node with selector: BySelector [RES='\Qtech.gtt.frontapp.stb.demo:id/account_login_tv2\E'].
06-12 19:34:06.540 W/QueryController(13432): Could not detect idle state.
06-12 19:34:06.565 E/libEGL  (13487): called unimplemented OpenGL ES API
06-12 19:34:06.612 I/ActivityTaskManager( 1925): Displayed tech.gtt.frontapp.stb.demo/tech.gtt.frontapp.stb.m.account.activity.LoginMethodSwitchActivity: +189ms
06-12 19:34:06.745 D/UiDevice(13432): Searching for node with selector: BySelector [RES='\Qtech.gtt.frontapp.stb.demo:id/account_login_tv2\E'].
06-12 19:34:06.746 W/QueryController(13432): Could not detect idle state.
06-12 19:34:06.770 D/UIAutomatorStub(13432): URI: /jsonrpc/0, Method: POST, params, {NanoHttpd.QUERY_STRING=null}, files: {postData={"jsonrpc": "2.0", "id": 1, "method": "objInfo", "params": [{"mask": 2097152, "childOrSibling": [], "childOrSiblingSelector": [], "resourceId": "tech.gtt.frontapp.stb.demo:id/account_login_tv2"}]}}
06-12 19:34:06.770 D/UiDevice(13432): Retrieving node with selector: BySelector [RES='\Qtech.gtt.frontapp.stb.demo:id/account_login_tv2\E'].
06-12 19:34:06.771 W/QueryController(13432): Could not detect idle state.
06-12 19:34:06.774 W/QueryController(13432): Could not detect idle state.
06-12 19:34:06.776 W/QueryController(13432): Could not detect idle state.
06-12 19:34:06.778 W/QueryController(13432): Could not detect idle state.
06-12 19:34:06.780 W/QueryController(13432): Could not detect idle state.
06-12 19:34:06.781 W/QueryController(13432): Could not detect idle state.
06-12 19:34:06.783 W/QueryController(13432): Could not detect idle state.
06-12 19:34:06.784 W/QueryController(13432): Could not detect idle state.
06-12 19:34:06.784 W/QueryController(13432): Could not detect idle state.
06-12 19:34:06.785 W/QueryController(13432): Could not detect idle state.
06-12 19:34:06.786 W/QueryController(13432): Could not detect idle state.
06-12 19:34:06.787 W/QueryController(13432): Could not detect idle state.
06-12 19:34:06.788 W/QueryController(13432): Could not detect idle state.
06-12 19:34:06.788 W/QueryController(13432): Could not detect idle state.
06-12 19:34:06.790 W/QueryController(13432): Could not detect idle state.
06-12 19:34:06.793 W/QueryController(13432): Could not detect idle state.
06-12 19:34:06.795 W/QueryController(13432): Could not detect idle state.
06-12 19:34:06.796 W/QueryController(13432): Could not detect idle state.
06-12 19:34:06.825 D/UIAutomatorStub(13432): URI: /jsonrpc/0, Method: POST, params, {NanoHttpd.QUERY_STRING=null}, files: {postData={"jsonrpc": "2.0", "id": 1, "method": "click", "params": [1390.0, 559.0]}}
06-12 19:34:06.848 W/InputManager-JNI( 1925): Input channel object '5f48d61 tech.gtt.frontapp.stb.demo/tech.gtt.frontapp.stb.m.home.activity.LoadingActivity (client)' was disposed without first being removed with the input manager!
06-12 19:34:06.961 I/ActivityTaskManager( 1925): START u0 {cmp=tech.gtt.frontapp.stb.demo/tech.gtt.frontapp.stb.m.account.activity.LoginActivity} from uid 10058
06-12 19:34:06.965 W/ActivityTaskManager( 1925): Tried to set launchTime (0) < mLastActivityLaunchTime (2484948)
06-12 19:34:06.971 D/AndroidAutoSize(13487): tech.gtt.frontapp.stb.m.account.activity.LoginActivity used the global configuration.
06-12 19:34:06.971 D/AndroidAutoSize(13487): The tech.gtt.frontapp.stb.m.account.activity.LoginActivity has been adapted! 
06-12 19:34:06.971 D/AndroidAutoSize(13487): LoginActivity Info: isBaseOnWidth = true, designWidthInDp = 1920.000000, designWidthInSubunits = 1920.000000, targetDensity = 1.000000, targetScaledDensity = 1.000000, targetDensityDpi = 160, targetXdpi = 1.000000, targetScreenWidthDp = 1920, targetScreenHeightDp = 1032
06-12 19:34:06.999 D/UIAutomatorStub(13432): URI: /jsonrpc/0, Method: POST, params, {NanoHttpd.QUERY_STRING=null}, files: {postData={"jsonrpc": "2.0", "id": 1, "method": "waitForExists", "params": [{"mask": 2097152, "childOrSibling": [], "childOrSiblingSelector": [], "resourceId": "tech.gtt.frontapp.stb.demo:id/loginf_et_username"}, 20000]}}
06-12 19:34:07.000 D/UiDevice(13432): Waiting 20000ms for SearchCondition[hasObject=BySelector [RES='\Qtech.gtt.frontapp.stb.demo:id/loginf_et_username\E']].
06-12 19:34:07.000 D/UiDevice(13432): Searching for node with selector: BySelector [RES='\Qtech.gtt.frontapp.stb.demo:id/loginf_et_username\E'].
06-12 19:34:07.001 W/QueryController(13432): Could not detect idle state.
06-12 19:34:07.030 D/AndroidAutoSize(13487): tech.gtt.frontapp.stb.m.account.activity.LoginActivity used the global configuration.
06-12 19:34:07.031 D/AndroidAutoSize(13487): The tech.gtt.frontapp.stb.m.account.activity.LoginActivity has been adapted! 
06-12 19:34:07.031 D/AndroidAutoSize(13487): LoginActivity Info: isBaseOnWidth = true, designWidthInDp = 1920.000000, designWidthInSubunits = 1920.000000, targetDensity = 1.000000, targetScaledDensity = 1.000000, targetDensityDpi = 160, targetXdpi = 1.000000, targetScreenWidthDp = 1920, targetScreenHeightDp = 1032
06-12 19:34:07.050 D/gralloc_nox( 1767): gralloc_alloc: Creating ashmem region of size 8298496
06-12 19:34:07.065 D/gralloc_nox( 1767): gralloc_alloc: Creating ashmem region of size 8298496
06-12 19:34:07.079 D/gralloc_nox( 1767): gralloc_alloc: Creating ashmem region of size 8298496
06-12 19:34:07.079 D/ProcessState(13896): Binder ioctl to enable oneway spam detection failed: Invalid argument
06-12 19:34:07.135 W/ByMatcher(13432): Node returned null child: android.view.accessibility.AccessibilityNodeInfo@112fe; boundsInParent: Rect(0, 0 - 1920, 1080); boundsInScreen: Rect(0, 0 - 1920, 1080); packageName: tech.gtt.frontapp.stb.demo; className: android.widget.RelativeLayout; text: null; error: null; maxTextLength: -1; stateDescription: null; contentDescription: null; tooltipText: null; viewIdResName: null; checkable: false; checked: false; focusable: false; focused: false; selected: false; clickable: false; longClickable: false; contextClickable: false; enabled: true; password: false; scrollable: false; importantForAccessibility: false; visible: true; actions: [AccessibilityAction: ACTION_SELECT - null, AccessibilityAction: ACTION_CLEAR_SELECTION - null, AccessibilityAction: ACTION_ACCESSIBILITY_FOCUS - null, AccessibilityAction: ACTION_SHOW_ON_SCREEN - null]
06-12 19:34:07.135 W/ByMatcher(13432): Skipping null child (2 of 3)
06-12 19:34:07.137 W/ByMatcher(13432): Node returned null child: android.view.accessibility.AccessibilityNodeInfo@80006dd2; boundsInParent: Rect(0, 0 - 1920, 1080); boundsInScreen: Rect(0, 0 - 1920, 1080); packageName: tech.gtt.frontapp.stb.demo; className: android.widget.FrameLayout; text: null; error: null; maxTextLength: -1; stateDescription: null; contentDescription: null; tooltipText: null; viewIdResName: null; checkable: false; checked: false; focusable: false; focused: false; selected: false; clickable: false; longClickable: false; contextClickable: false; enabled: true; password: false; scrollable: false; importantForAccessibility: true; visible: true; actions: [AccessibilityAction: ACTION_SELECT - null, AccessibilityAction: ACTION_CLEAR_SELECTION - null, AccessibilityAction: ACTION_ACCESSIBILITY_FOCUS - null, AccessibilityAction: ACTION_SHOW_ON_SCREEN - null]
06-12 19:34:07.137 W/ByMatcher(13432): Skipping null child (0 of 1)
06-12 19:34:07.141 I/ActivityTaskManager( 1925): Displayed tech.gtt.frontapp.stb.demo/tech.gtt.frontapp.stb.m.account.activity.LoginActivity: +180ms
06-12 19:34:07.238 D/UiDevice(13432): Searching for node with selector: BySelector [RES='\Qtech.gtt.frontapp.stb.demo:id/loginf_et_username\E'].
06-12 19:34:07.239 W/QueryController(13432): Could not detect idle state.
06-12 19:34:07.277 D/UIAutomatorStub(13432): URI: /jsonrpc/0, Method: POST, params, {NanoHttpd.QUERY_STRING=null}, files: {postData={"jsonrpc": "2.0", "id": 1, "method": "objInfo", "params": [{"mask": 2097152, "childOrSibling": [], "childOrSiblingSelector": [], "resourceId": "tech.gtt.frontapp.stb.demo:id/loginf_et_username"}]}}
06-12 19:34:07.278 D/UiDevice(13432): Retrieving node with selector: BySelector [RES='\Qtech.gtt.frontapp.stb.demo:id/loginf_et_username\E'].
06-12 19:34:07.279 W/QueryController(13432): Could not detect idle state.
06-12 19:34:07.282 W/QueryController(13432): Could not detect idle state.
06-12 19:34:07.283 W/QueryController(13432): Could not detect idle state.
06-12 19:34:07.284 W/QueryController(13432): Could not detect idle state.
06-12 19:34:07.285 W/QueryController(13432): Could not detect idle state.
06-12 19:34:07.285 W/QueryController(13432): Could not detect idle state.
06-12 19:34:07.286 W/QueryController(13432): Could not detect idle state.
06-12 19:34:07.287 W/QueryController(13432): Could not detect idle state.
06-12 19:34:07.288 W/QueryController(13432): Could not detect idle state.
06-12 19:34:07.289 W/QueryController(13432): Could not detect idle state.
06-12 19:34:07.290 W/QueryController(13432): Could not detect idle state.
06-12 19:34:07.291 W/QueryController(13432): Could not detect idle state.
06-12 19:34:07.292 W/QueryController(13432): Could not detect idle state.
06-12 19:34:07.293 W/QueryController(13432): Could not detect idle state.
06-12 19:34:07.295 W/QueryController(13432): Could not detect idle state.
06-12 19:34:07.295 W/QueryController(13432): Could not detect idle state.
06-12 19:34:07.296 W/QueryController(13432): Could not detect idle state.
06-12 19:34:07.297 W/QueryController(13432): Could not detect idle state.
06-12 19:34:07.324 D/UIAutomatorStub(13432): URI: /jsonrpc/0, Method: POST, params, {NanoHttpd.QUERY_STRING=null}, files: {postData={"jsonrpc": "2.0", "id": 1, "method": "click", "params": [1057.0, 437.0]}}
06-12 19:34:07.406 W/SurfaceFlinger( 1800): couldn't log to binary event log: overflow.
06-12 19:34:07.514 D/CompatibilityChangeReporter(13487): Compat change id reported: 163400105; UID 10058; state: ENABLED
06-12 19:34:07.514 D/InputMethodManager(13487): showSoftInput() view=tech.gtt.frontapp.stb.c.ui.edittext.EmailAutoCompleteTextView{a22f2f4 VFED..CL. .F.P..ID 0,0-700,92 #7f0b02ce app:id/loginf_et_username aid=1073741824} flags=0 reason=SHOW_SOFT_INPUT
06-12 19:34:07.515 V/InputMethodService( 2648): onEvaluateInputViewShown: config.hardKeyboardHidden = 2
06-12 19:34:07.515 V/InputMethodService( 2648): onEvaluateInputViewShown: config.hardKeyboardHidden = 2
06-12 19:34:07.515 I/AdbKeyboard( 2648): imeAction: 5 Next
06-12 19:34:07.525 D/gralloc_nox( 1767): gralloc_alloc: Creating ashmem region of size 647168
06-12 19:34:07.541 D/gralloc_nox( 1767): gralloc_alloc: Creating ashmem region of size 647168
06-12 19:34:07.545 D/gralloc_nox( 1767): gralloc_alloc: Creating ashmem region of size 647168
06-12 19:34:07.550 D/ProcessState(13904): Binder ioctl to enable oneway spam detection failed: Invalid argument
06-12 19:34:07.552 D/InsetsController(13487): show(ime(), fromIme=true)
06-12 19:34:07.568 D/UIAutomatorStub(13432): URI: /jsonrpc/0, Method: POST, params, {NanoHttpd.QUERY_STRING=null}, files: {postData={"jsonrpc": "2.0", "id": 1, "method": "waitForExists", "params": [{"mask": 2097152, "childOrSibling": [], "childOrSiblingSelector": [], "resourceId": "tech.gtt.frontapp.stb.demo:id/loginf_et_username"}, 20000]}}
06-12 19:34:07.569 D/UiDevice(13432): Waiting 20000ms for SearchCondition[hasObject=BySelector [RES='\Qtech.gtt.frontapp.stb.demo:id/loginf_et_username\E']].
06-12 19:34:07.569 D/UiDevice(13432): Searching for node with selector: BySelector [RES='\Qtech.gtt.frontapp.stb.demo:id/loginf_et_username\E'].
06-12 19:34:07.569 W/QueryController(13432): Could not detect idle state.
06-12 19:34:07.607 D/UIAutomatorStub(13432): URI: /jsonrpc/0, Method: POST, params, {NanoHttpd.QUERY_STRING=null}, files: {postData={"jsonrpc": "2.0", "id": 1, "method": "setText", "params": [{"mask": 2097152, "childOrSibling": [], "childOrSiblingSelector": [], "resourceId": "tech.gtt.frontapp.stb.demo:id/loginf_et_username"}, "0609@ipwangxin.cn"]}}
06-12 19:34:07.609 D/UiDevice(13432): Retrieving node with selector: BySelector [RES='\Qtech.gtt.frontapp.stb.demo:id/loginf_et_username\E'].
06-12 19:34:07.609 W/QueryController(13432): Could not detect idle state.
06-12 19:34:07.612 W/QueryController(13432): Could not detect idle state.
06-12 19:34:07.613 D/UiObject2(13432): Clicking on (1057, 437).
06-12 19:34:07.632 D/InputMethodManager(13487): showSoftInput() view=tech.gtt.frontapp.stb.c.ui.edittext.EmailAutoCompleteTextView{a22f2f4 VFED..CL. .F.P.... 0,0-700,92 #7f0b02ce app:id/loginf_et_username aid=1073741824} flags=0 reason=SHOW_SOFT_INPUT
06-12 19:34:07.633 V/InputMethodService( 2648): onEvaluateInputViewShown: config.hardKeyboardHidden = 2
06-12 19:34:07.633 V/InputMethodService( 2648): onEvaluateInputViewShown: config.hardKeyboardHidden = 2
06-12 19:34:07.634 D/InsetsController(13487): show(ime(), fromIme=true)
06-12 19:34:07.648 W/GestureController(13432): Gestures took longer than expected (34ms >> 16ms), device might be in a busy state.
06-12 19:34:07.649 D/UiDevice(13432): Retrieving node with selector: BySelector [RES='\Qtech.gtt.frontapp.stb.demo:id/loginf_et_username\E'].
06-12 19:34:07.649 W/QueryController(13432): Could not detect idle state.
06-12 19:34:07.652 W/QueryController(13432): Could not detect idle state.
06-12 19:34:07.653 D/UiObject2(13432): Setting text to '0609@ipwangxin.cn'.
06-12 19:34:07.658 I/AdbKeyboard( 2648): imeAction: 5 Next
06-12 19:34:07.659 V/InputMethodService( 2648): onEvaluateInputViewShown: config.hardKeyboardHidden = 2
06-12 19:34:07.659 V/InputMethodService( 2648): onEvaluateInputViewShown: config.hardKeyboardHidden = 2
06-12 19:34:07.697 D/InsetsController(13487): show(ime(), fromIme=true)
06-12 19:34:07.700 D/UIAutomatorStub(13432): URI: /jsonrpc/0, Method: POST, params, {NanoHttpd.QUERY_STRING=null}, files: {postData={"jsonrpc": "2.0", "id": 1, "method": "waitForExists", "params": [{"mask": 2097152, "childOrSibling": [], "childOrSiblingSelector": [], "resourceId": "tech.gtt.frontapp.stb.demo:id/et_pwd"}, 20000]}}
06-12 19:34:07.701 D/UiDevice(13432): Waiting 20000ms for SearchCondition[hasObject=BySelector [RES='\Qtech.gtt.frontapp.stb.demo:id/et_pwd\E']].
06-12 19:34:07.701 D/UiDevice(13432): Searching for node with selector: BySelector [RES='\Qtech.gtt.frontapp.stb.demo:id/et_pwd\E'].
06-12 19:34:07.702 W/QueryController(13432): Could not detect idle state.
06-12 19:34:07.728 D/UIAutomatorStub(13432): URI: /jsonrpc/0, Method: POST, params, {NanoHttpd.QUERY_STRING=null}, files: {postData={"jsonrpc": "2.0", "id": 1, "method": "objInfo", "params": [{"mask": 2097152, "childOrSibling": [], "childOrSiblingSelector": [], "resourceId": "tech.gtt.frontapp.stb.demo:id/et_pwd"}]}}
06-12 19:34:07.729 D/UiDevice(13432): Retrieving node with selector: BySelector [RES='\Qtech.gtt.frontapp.stb.demo:id/et_pwd\E'].
06-12 19:34:07.729 W/QueryController(13432): Could not detect idle state.
06-12 19:34:07.732 W/QueryController(13432): Could not detect idle state.
06-12 19:34:07.733 W/QueryController(13432): Could not detect idle state.
06-12 19:34:07.734 W/QueryController(13432): Could not detect idle state.
06-12 19:34:07.735 W/QueryController(13432): Could not detect idle state.
06-12 19:34:07.736 W/QueryController(13432): Could not detect idle state.
06-12 19:34:07.737 W/QueryController(13432): Could not detect idle state.
06-12 19:34:07.737 W/QueryController(13432): Could not detect idle state.
06-12 19:34:07.739 W/QueryController(13432): Could not detect idle state.
06-12 19:34:07.740 W/QueryController(13432): Could not detect idle state.
06-12 19:34:07.740 W/QueryController(13432): Could not detect idle state.
06-12 19:34:07.741 W/QueryController(13432): Could not detect idle state.
06-12 19:34:07.741 W/QueryController(13432): Could not detect idle state.
06-12 19:34:07.742 W/QueryController(13432): Could not detect idle state.
06-12 19:34:07.743 W/QueryController(13432): Could not detect idle state.
06-12 19:34:07.744 W/QueryController(13432): Could not detect idle state.
06-12 19:34:07.745 W/QueryController(13432): Could not detect idle state.
06-12 19:34:07.746 W/QueryController(13432): Could not detect idle state.
06-12 19:34:07.761 D/UIAutomatorStub(13432): URI: /jsonrpc/0, Method: POST, params, {NanoHttpd.QUERY_STRING=null}, files: {postData={"jsonrpc": "2.0", "id": 1, "method": "click", "params": [1057.0, 559.0]}}
06-12 19:34:07.792 W/NotificationHistory( 1925): Attempted to add notif for locked/gone/disabled user 0
06-12 19:34:07.796 D/InterruptionStateProvider( 2100): No bubble up: not allowed to bubble: -1|android|8|null|1000
06-12 19:34:07.796 D/InterruptionStateProvider( 2100): No heads up: unimportant notification: -1|android|8|null|1000
06-12 19:34:07.796 D/PeopleSpaceWidgetMgr( 2100): Sbn doesn't contain valid PeopleTileKey: null/-1/android
06-12 19:34:07.841 D/InterruptionStateProvider( 2100): No bubble up: not allowed to bubble: -1|android|8|null|1000
06-12 19:34:07.842 D/InterruptionStateProvider( 2100): No heads up: unimportant notification: -1|android|8|null|1000
06-12 19:34:07.845 D/PeopleSpaceWidgetMgr( 2100): Sbn doesn't contain valid PeopleTileKey: null/-1/android
06-12 19:34:07.874 D/InterruptionStateProvider( 2100): No bubble up: not allowed to bubble: -1|android|8|null|1000
06-12 19:34:07.875 D/InterruptionStateProvider( 2100): No heads up: unimportant notification: -1|android|8|null|1000
06-12 19:34:07.877 D/PeopleSpaceWidgetMgr( 2100): Sbn doesn't contain valid PeopleTileKey: null/-1/android
06-12 19:34:07.879 I/AdbKeyboard( 2648): imeAction: 5 Next
06-12 19:34:07.879 V/InputMethodService( 2648): onEvaluateInputViewShown: config.hardKeyboardHidden = 2
06-12 19:34:07.879 V/InputMethodService( 2648): onEvaluateInputViewShown: config.hardKeyboardHidden = 2
06-12 19:34:07.879 D/InputMethodManager(13487): showSoftInput() view=tech.gtt.frontapp.stb.c.ui.edittext.NormalFocusEditText{45e57de VFED..CL. .F.P..ID 0,0-700,92 #7f0b0172 app:id/et_pwd aid=1073741826} flags=0 reason=SHOW_SOFT_INPUT
06-12 19:34:07.880 V/InputMethodService( 2648): onEvaluateInputViewShown: config.hardKeyboardHidden = 2
06-12 19:34:07.880 V/InputMethodService( 2648): onEvaluateInputViewShown: config.hardKeyboardHidden = 2
06-12 19:34:07.892 D/InsetsController(13487): show(ime(), fromIme=true)
06-12 19:34:07.892 D/InsetsController(13487): show(ime(), fromIme=true)
06-12 19:34:07.932 D/UIAutomatorStub(13432): URI: /jsonrpc/0, Method: POST, params, {NanoHttpd.QUERY_STRING=null}, files: {postData={"jsonrpc": "2.0", "id": 1, "method": "waitForExists", "params": [{"mask": 2097152, "childOrSibling": [], "childOrSiblingSelector": [], "resourceId": "tech.gtt.frontapp.stb.demo:id/et_pwd"}, 20000]}}
06-12 19:34:07.933 D/UiDevice(13432): Waiting 20000ms for SearchCondition[hasObject=BySelector [RES='\Qtech.gtt.frontapp.stb.demo:id/et_pwd\E']].
06-12 19:34:07.933 D/UiDevice(13432): Searching for node with selector: BySelector [RES='\Qtech.gtt.frontapp.stb.demo:id/et_pwd\E'].
06-12 19:34:07.934 W/QueryController(13432): Could not detect idle state.
06-12 19:34:07.963 D/UIAutomatorStub(13432): URI: /jsonrpc/0, Method: POST, params, {NanoHttpd.QUERY_STRING=null}, files: {postData={"jsonrpc": "2.0", "id": 1, "method": "setText", "params": [{"mask": 2097152, "childOrSibling": [], "childOrSiblingSelector": [], "resourceId": "tech.gtt.frontapp.stb.demo:id/et_pwd"}, "123456"]}}
06-12 19:34:07.964 D/UiDevice(13432): Retrieving node with selector: BySelector [RES='\Qtech.gtt.frontapp.stb.demo:id/et_pwd\E'].
06-12 19:34:07.965 W/QueryController(13432): Could not detect idle state.
06-12 19:34:07.970 W/QueryController(13432): Could not detect idle state.
06-12 19:34:07.971 D/UiObject2(13432): Clicking on (1057, 559).
06-12 19:34:08.000 D/InputMethodManager(13487): showSoftInput() view=tech.gtt.frontapp.stb.c.ui.edittext.NormalFocusEditText{45e57de VFED..CL. .F.P.... 0,0-700,92 #7f0b0172 app:id/et_pwd aid=1073741826} flags=0 reason=SHOW_SOFT_INPUT
06-12 19:34:08.001 V/InputMethodService( 2648): onEvaluateInputViewShown: config.hardKeyboardHidden = 2
06-12 19:34:08.001 V/InputMethodService( 2648): onEvaluateInputViewShown: config.hardKeyboardHidden = 2
06-12 19:34:08.003 D/InsetsController(13487): show(ime(), fromIme=true)
06-12 19:34:08.015 W/GestureController(13432): Gestures took longer than expected (43ms >> 16ms), device might be in a busy state.
06-12 19:34:08.016 D/UiDevice(13432): Retrieving node with selector: BySelector [RES='\Qtech.gtt.frontapp.stb.demo:id/et_pwd\E'].
06-12 19:34:08.016 W/QueryController(13432): Could not detect idle state.
06-12 19:34:08.019 W/QueryController(13432): Could not detect idle state.
06-12 19:34:08.020 D/UiObject2(13432): Setting text to '123456'.
06-12 19:34:08.023 I/AdbKeyboard( 2648): imeAction: 5 Next
06-12 19:34:08.023 V/InputMethodService( 2648): onEvaluateInputViewShown: config.hardKeyboardHidden = 2
06-12 19:34:08.023 V/InputMethodService( 2648): onEvaluateInputViewShown: config.hardKeyboardHidden = 2
06-12 19:34:08.027 D/InsetsController(13487): show(ime(), fromIme=true)
06-12 19:34:08.052 D/UIAutomatorStub(13432): URI: /jsonrpc/0, Method: POST, params, {NanoHttpd.QUERY_STRING=null}, files: {postData={"jsonrpc": "2.0", "id": 1, "method": "waitForExists", "params": [{"mask": 2097152, "childOrSibling": [], "childOrSiblingSelector": [], "resourceId": "tech.gtt.frontapp.stb.demo:id/remember_pwd_cb"}, 20000]}}
06-12 19:34:08.053 D/UiDevice(13432): Waiting 20000ms for SearchCondition[hasObject=BySelector [RES='\Qtech.gtt.frontapp.stb.demo:id/remember_pwd_cb\E']].
06-12 19:34:08.053 D/UiDevice(13432): Searching for node with selector: BySelector [RES='\Qtech.gtt.frontapp.stb.demo:id/remember_pwd_cb\E'].
06-12 19:34:08.054 W/QueryController(13432): Could not detect idle state.
06-12 19:34:08.075 D/UIAutomatorStub(13432): URI: /jsonrpc/0, Method: POST, params, {NanoHttpd.QUERY_STRING=null}, files: {postData={"jsonrpc": "2.0", "id": 1, "method": "objInfo", "params": [{"mask": 2097152, "childOrSibling": [], "childOrSiblingSelector": [], "resourceId": "tech.gtt.frontapp.stb.demo:id/remember_pwd_cb"}]}}
06-12 19:34:08.076 D/UiDevice(13432): Retrieving node with selector: BySelector [RES='\Qtech.gtt.frontapp.stb.demo:id/remember_pwd_cb\E'].
06-12 19:34:08.076 W/QueryController(13432): Could not detect idle state.
06-12 19:34:08.079 W/QueryController(13432): Could not detect idle state.
06-12 19:34:08.080 W/QueryController(13432): Could not detect idle state.
06-12 19:34:08.081 W/QueryController(13432): Could not detect idle state.
06-12 19:34:08.084 D/InterruptionStateProvider( 2100): No bubble up: not allowed to bubble: -1|android|8|null|1000
06-12 19:34:08.084 D/InterruptionStateProvider( 2100): No heads up: unimportant notification: -1|android|8|null|1000
06-12 19:34:08.086 W/QueryController(13432): Could not detect idle state.
06-12 19:34:08.087 D/PeopleSpaceWidgetMgr( 2100): Sbn doesn't contain valid PeopleTileKey: null/-1/android
06-12 19:34:08.088 W/QueryController(13432): Could not detect idle state.
06-12 19:34:08.088 W/QueryController(13432): Could not detect idle state.
06-12 19:34:08.090 W/QueryController(13432): Could not detect idle state.
06-12 19:34:08.091 W/QueryController(13432): Could not detect idle state.
06-12 19:34:08.092 D/InterruptionStateProvider( 2100): No bubble up: not allowed to bubble: -1|android|8|null|1000
06-12 19:34:08.092 D/InterruptionStateProvider( 2100): No heads up: unimportant notification: -1|android|8|null|1000
06-12 19:34:08.093 W/QueryController(13432): Could not detect idle state.
06-12 19:34:08.094 W/QueryController(13432): Could not detect idle state.
06-12 19:34:08.094 W/QueryController(13432): Could not detect idle state.
06-12 19:34:08.095 D/PeopleSpaceWidgetMgr( 2100): Sbn doesn't contain valid PeopleTileKey: null/-1/android
06-12 19:34:08.095 W/QueryController(13432): Could not detect idle state.
06-12 19:34:08.096 W/QueryController(13432): Could not detect idle state.
06-12 19:34:08.097 W/QueryController(13432): Could not detect idle state.
06-12 19:34:08.098 W/QueryController(13432): Could not detect idle state.
06-12 19:34:08.098 W/QueryController(13432): Could not detect idle state.
06-12 19:34:08.099 W/QueryController(13432): Could not detect idle state.
06-12 19:34:08.127 D/UIAutomatorStub(13432): URI: /jsonrpc/0, Method: POST, params, {NanoHttpd.QUERY_STRING=null}, files: {postData={"jsonrpc": "2.0", "id": 1, "method": "click", "params": [729.0, 656.0]}}
06-12 19:34:08.162 E/libEGL  (13487): called unimplemented OpenGL ES API
06-12 19:34:08.208 D/InterruptionStateProvider( 2100): No bubble up: not allowed to bubble: -1|android|8|null|1000
06-12 19:34:08.208 D/InterruptionStateProvider( 2100): No heads up: unimportant notification: -1|android|8|null|1000
06-12 19:34:08.213 D/PeopleSpaceWidgetMgr( 2100): Sbn doesn't contain valid PeopleTileKey: null/-1/android
06-12 19:34:08.246 D/InterruptionStateProvider( 2100): No bubble up: not allowed to bubble: -1|android|8|null|1000
06-12 19:34:08.246 D/InterruptionStateProvider( 2100): No heads up: unimportant notification: -1|android|8|null|1000
06-12 19:34:08.252 D/PeopleSpaceWidgetMgr( 2100): Sbn doesn't contain valid PeopleTileKey: null/-1/android
06-12 19:34:08.265 D/UIAutomatorStub(13432): URI: /jsonrpc/0, Method: POST, params, {NanoHttpd.QUERY_STRING=null}, files: {postData={"jsonrpc": "2.0", "id": 1, "method": "count", "params": [{"mask": 2097152, "childOrSibling": [], "childOrSiblingSelector": [], "resourceId": "tech.gtt.frontapp.stb.demo:id/loginf_tv_login"}]}}
06-12 19:34:08.267 D/UiObject(13432): Waiting 0ms for UiSelector[RESOURCE_ID=tech.gtt.frontapp.stb.demo:id/loginf_tv_login].
06-12 19:34:08.267 W/QueryController(13432): Could not detect idle state.
06-12 19:34:08.277 I/QueryController(13432): Matched selector: UiSelector[RESOURCE_ID=tech.gtt.frontapp.stb.demo:id/loginf_tv_login] <<==>> [android.view.accessibility.AccessibilityNodeInfo@228c9; boundsInParent: Rect(0, 0 - 808, 92); boundsInScreen: Rect(707, 722 - 1515, 814); packageName: tech.gtt.frontapp.stb.demo; className: android.widget.TextView; text: Login; error: null; maxTextLength: -1; stateDescription: null; contentDescription: null; tooltipText: null; viewIdResName: tech.gtt.frontapp.stb.demo:id/loginf_tv_login; checkable: false; checked: false; focusable: true; focused: false; selected: false; clickable: true; longClickable: false; contextClickable: false; enabled: true; password: false; scrollable: false; importantForAccessibility: true; visible: true; actions: [AccessibilityAction: ACTION_FOCUS - null, AccessibilityAction: ACTION_SELECT - null, AccessibilityAction: ACTION_CLEAR_SELECTION - null, AccessibilityAction: ACTION_CLICK - null, AccessibilityAction: ACTION_ACCESSIBILITY_FOCUS - null, AccessibilityAction: ACTION_NEXT_AT_MOVEMENT_GRANULARITY - null, AccessibilityAction: ACTION_PREVIOUS_AT_MOVEMENT_GRANULARITY - null, AccessibilityAction: ACTION_SET_SELECTION - null, AccessibilityAction: ACTION_SHOW_ON_SCREEN - null]]
06-12 19:34:08.278 D/UiObject(13432): Waiting 0ms for UiSelector[INSTANCE=1, RESOURCE_ID=tech.gtt.frontapp.stb.demo:id/loginf_tv_login].
06-12 19:34:08.279 W/QueryController(13432): Could not detect idle state.
06-12 19:34:08.309 D/UIAutomatorStub(13432): URI: /jsonrpc/0, Method: POST, params, {NanoHttpd.QUERY_STRING=null}, files: {postData={"jsonrpc": "2.0", "id": 1, "method": "exist", "params": [{"mask": 2097152, "childOrSibling": [], "childOrSiblingSelector": [], "resourceId": "tech.gtt.frontapp.stb.demo:id/loginf_tv_login"}]}}
06-12 19:34:08.310 D/UiDevice(13432): Retrieving node with selector: BySelector [RES='\Qtech.gtt.frontapp.stb.demo:id/loginf_tv_login\E'].
06-12 19:34:08.310 W/QueryController(13432): Could not detect idle state.
06-12 19:34:08.342 D/UIAutomatorStub(13432): URI: /jsonrpc/0, Method: POST, params, {NanoHttpd.QUERY_STRING=null}, files: {postData={"jsonrpc": "2.0", "id": 1, "method": "waitForExists", "params": [{"mask": 2097152, "childOrSibling": [], "childOrSiblingSelector": [], "resourceId": "tech.gtt.frontapp.stb.demo:id/loginf_tv_login"}, 20000]}}
06-12 19:34:08.344 D/UiDevice(13432): Waiting 20000ms for SearchCondition[hasObject=BySelector [RES='\Qtech.gtt.frontapp.stb.demo:id/loginf_tv_login\E']].
06-12 19:34:08.344 D/UiDevice(13432): Searching for node with selector: BySelector [RES='\Qtech.gtt.frontapp.stb.demo:id/loginf_tv_login\E'].
06-12 19:34:08.345 W/QueryController(13432): Could not detect idle state.
06-12 19:34:08.378 D/UIAutomatorStub(13432): URI: /jsonrpc/0, Method: POST, params, {NanoHttpd.QUERY_STRING=null}, files: {postData={"jsonrpc": "2.0", "id": 1, "method": "objInfo", "params": [{"mask": 2097152, "childOrSibling": [], "childOrSiblingSelector": [], "resourceId": "tech.gtt.frontapp.stb.demo:id/loginf_tv_login"}]}}
06-12 19:34:08.379 D/UiDevice(13432): Retrieving node with selector: BySelector [RES='\Qtech.gtt.frontapp.stb.demo:id/loginf_tv_login\E'].
06-12 19:34:08.380 W/QueryController(13432): Could not detect idle state.
06-12 19:34:08.384 W/QueryController(13432): Could not detect idle state.
06-12 19:34:08.386 W/QueryController(13432): Could not detect idle state.
06-12 19:34:08.386 W/QueryController(13432): Could not detect idle state.
06-12 19:34:08.387 W/QueryController(13432): Could not detect idle state.
06-12 19:34:08.387 W/QueryController(13432): Could not detect idle state.
06-12 19:34:08.388 W/QueryController(13432): Could not detect idle state.
06-12 19:34:08.388 W/QueryController(13432): Could not detect idle state.
06-12 19:34:08.389 W/QueryController(13432): Could not detect idle state.
06-12 19:34:08.390 W/QueryController(13432): Could not detect idle state.
06-12 19:34:08.391 W/QueryController(13432): Could not detect idle state.
06-12 19:34:08.393 W/QueryController(13432): Could not detect idle state.
06-12 19:34:08.407 W/QueryController(13432): Could not detect idle state.
06-12 19:34:08.409 W/QueryController(13432): Could not detect idle state.
06-12 19:34:08.411 W/QueryController(13432): Could not detect idle state.
06-12 19:34:08.412 W/QueryController(13432): Could not detect idle state.
06-12 19:34:08.413 W/QueryController(13432): Could not detect idle state.
06-12 19:34:08.414 W/QueryController(13432): Could not detect idle state.
06-12 19:34:08.446 D/UIAutomatorStub(13432): URI: /jsonrpc/0, Method: POST, params, {NanoHttpd.QUERY_STRING=null}, files: {postData={"jsonrpc": "2.0", "id": 1, "method": "click", "params": [1111.0, 768.0]}}
06-12 19:34:08.566 V/GSK-Account:AccountManager(13487): disableSavePwd=false
06-12 19:34:08.567 V/GSK-Account:EmailOrPhoneLoginStrategy(13487): disableSavePwd=false
06-12 19:34:08.571 E/ActivityThread(13487): Failed to find provider info for com.uv.droid.uotaback.storage.provider
06-12 19:34:08.572 E/ActivityThread(13487): Failed to find provider info for com.uv.droid.booster.vod.provider
06-12 19:34:08.572 E/ontapp.stb.dem(13487): No implementation found for java.lang.String os.SystemPropertiesKt.native_get(java.lang.String) (tried Java_os_SystemPropertiesKt_native_1get and Java_os_SystemPropertiesKt_native_1get__Ljava_lang_String_2)
06-12 19:34:08.573 V/GSK-Account:AccountManager(13487): isLoggedIn=false
06-12 19:34:08.574 V/GSK-APIS(13487): =======================NEW REQUEST=========================
06-12 19:34:08.574 V/GSK-APIS(13487): Request:	/api/enduser/account/user/login/v1	POST
06-12 19:34:08.574 V/GSK-APIS(13487): RequestIdentify:	3b76fd2b
06-12 19:34:08.574 V/GSK-APIS(13487): 
06-12 19:34:08.574 V/GSK-APIS(13487): RequestHeaders in a readable format:
06-12 19:34:08.574 V/GSK-APIS(13487): X-App-Id: db589110cb7457cd607739664dc44e61c217d77681427dacfe2f262f1927cd8f
06-12 19:34:08.574 V/GSK-APIS(13487): X-Source-Id: 30006401-31002837
06-12 19:34:08.574 V/GSK-APIS(13487): X-Version-Code: 7
06-12 19:34:08.574 V/GSK-APIS(13487): X-Brand-Id: 66d009603c38ec6574e5b77ce48fb7070a3f7ed622c465b05fc56110bd72fc65
06-12 19:34:08.574 V/GSK-APIS(13487): X-Version-Seq: 1
06-12 19:34:08.574 V/GSK-APIS(13487): X-App-Type-Text: STB
06-12 19:34:08.574 V/GSK-APIS(13487): Accept-Language: en
06-12 19:34:08.574 V/GSK-APIS(13487): 
06-12 19:34:08.574 V/GSK-APIS(13487): 
06-12 19:34:08.574 V/GSK-APIS(13487): RequestParams in Json Format:
06-12 19:34:08.574 V/GSK-APIS(13487): {"loginSource":"TERMINAL","loginInfo":{"accountName":"0609@ipwangxin.cn","password":"e10adc3949ba59abbe56e057f20f883e","loginMethod":"EMAIL","loginToken":null,"serviceToken":null,"activeCode":null,"authenticationKey":null,"userRandomValue":null,"identityToken":null},"sourceId":"30006401-31002837","requestId":"3ac0ddf1-3e5a-468f-a35d-6f3ae6c06b33","brandId":"d0k7d3p3kdikth2o3q6g","appId":"d0jucrbq6bt4h33c0ma0","appTypeText":"STB","lang":"en","appVersionCode":7,"uuid":"978f4745-cb35-4cc9-a1e0-9d8bf8279296","mac":"978f4745-cb35-4cc9-a1e0-9d8bf8279296","appVersionSeq":"1","deviceInfo":{"hasMobileData":"false","versionRelease":"12","vendorId":"","ramSize":"4033400","AndroidID":"4788e19cc08204c8","type":"user","cpuInfo":"cHJvY2Vzc29yCTogMAp2ZW5kb3JfaWQJOiBHZW51aW5lSW50ZWwKY3B1IGZhbWlseQk6IDYKbW9kZWwJCTogMTU4Cm1vZGVsIG5hbWUJOiBJbnRlbChSKSBDb3JlKFRNKSBpNy05NzAwIENQVSBAIDMuMDBHSHoKc3RlcHBpbmcJOiAxMwpjcHUgTUh6CQk6IDAuMDAxCmNhY2hlIHNpemUJOiAxMjI4OCBLQgpwaHlzaWNhbCBpZAk6IDAKc2libGluZ3MJOiA0CmNvcmUgaWQJCTogMApjcHUgY29yZXMJOiA0CmFwaWNpZAkJOiAwCmluaXRpYWwgYXBpY2lkCTogMApmcHUJCTogeWVzCmZwdV9leGNlcHRpb24JOiB5ZXMKY3B1aWQgbGV2ZWwJOiAyMgp3cAkJOiB5ZXMKZmxhZ3MJCTogZnB1IHZtZSBkZSBwc2UgdHNjIG1zciBwYWUgbWNlIGN4OCBhcGljIHNlcCBtdHJyIHBnZSBtY2EgY21vdiBwYXQgcHNlMzYgY2xmbHVzaCBtbXggZnhzciBzc2Ugc3NlMiBodCBzeXNjYWxsIG54IHJkdHNjcCBsbSBjb25zdGFudF90c2MgcmVwX2dvb2Qgbm9wbCB4dG9wb2xvZ3kgbm9uc3RvcF90c2MgY3B1aWQgdHNjX2tub3duX2ZyZXEgcG5pIHBjbG11bHFkcSBzc3NlMyBjeDE2IHBjaWQgc3NlNF8xIHNzZTRfMiBtb3ZiZSBwb3BjbnQgYWVzIHhzYXZlIGF2eCByZHJhbmQgaHlwZXJ2aXNvciBsYWhmX2xtIGFibSAzZG5vd3ByZWZldGNoIGludnBjaWRfc2luZ2xlIGlicnNfZW5oYW5jZWQgZnNnc2Jhc2UgYXZ4MiBpbnZwY2lkIHJkc2VlZCBjbGZsdXNob3B0IG1kX2NsZWFyIGZsdXNoX2wxZCBhcmNoX2NhcGFiaWxpdGllcwpidWdzCQk6IHNwZWN0cmVfdjEgc3BlY3RyZV92MiBzcGVjX3N0b3JlX2J5cGFzcyBzd2FwZ3MgaXRsYl9tdWx0aWhpdApib2dvbWlwcwk6IDU5OTkuOTkKY2xmbHVzaCBzaXplCTogNjQKY2FjaGVfYWxpZ25tZW50CTogNjQKYWRkcmVzcyBzaXplcwk6IDM5IGJpdHMgcGh5c2ljYWwsIDQ4IGJpdHMgdmlydHVhbApwb3dlciBtYW5hZ2VtZW50OgoKcHJvY2Vzc29yCTogMQp2ZW5kb3JfaWQJOiBHZW51aW5lSW50ZWwKY3B1IGZhbWlseQk6IDYKbW9kZWwJCTogMTU4Cm1vZGVsIG5hbWUJOiBJbnRlbChSKSBDb3JlKFRNKSBpNy05NzAwIENQVSBAIDMuMDBHSHoKc3RlcHBpbmcJOiAxMwpjcHUgTUh6CQk6IDAuMDAxCmNhY2hlIHNpemUJOiAxMjI4OCBLQgpwaHlzaWNhbCBpZAk6IDAKc2libGluZ3MJOiA0CmNvcmUgaWQJCTogMQpjcHUgY29yZXMJOiA0CmFwaWNpZAkJOiAxCmluaXRpYWwgYXBpY2lkCTogMQpmcHUJCTogeWVzCmZwdV9leGNlcHRpb24JOiB5ZXMKY3B1aWQgbGV2ZWwJOiAyMgp3cAkJOiB5ZXMKZmxhZ3MJCTogZnB1IHZtZSBkZSBwc2UgdHNjIG1zciBwYWUgbWNlIGN4OCBhcGljIHNlcCBtdHJyIHBnZSBtY2EgY21vdiBwYXQgcHNlMzYgY2xmbHVzaCBtbXggZnhzciBzc2Ugc3NlMiBodCBzeXNjYWxsIG54IHJkdHNjcCBsbSBjb25zdGFudF90c2MgcmVwX2dvb2Qgbm9wbCB4dG9wb2xvZ3kgbm9uc3RvcF90c2MgY3B1aWQgdHNjX2tub3duX2ZyZXEgcG5pIHBjbG11bHFkcSBzc3NlMyBjeDE2IHBjaWQgc3NlNF8xIHNzZTRfMiBtb3ZiZSBwb3BjbnQgYWVzIHhzYXZlIGF2eCByZHJhbmQgaHlwZXJ2aXNvciBsYWhmX2xtIGFibSAzZG5vd3ByZWZldGNoIGludnBjaWRfc2luZ2xlIGlicnNfZW5oYW5jZWQgZnNnc2Jhc2UgYXZ4MiBpbnZwY2lkIHJkc2VlZCBjbGZsdXNob3B0IG1kX2NsZWFyIGZsdXNoX2wxZCBhcmNoX2NhcGFiaWxpdGllcwpidWdzCQk6IHNwZWN0cmVfdjEgc3BlY3RyZV92MiBzcGVjX3N0b3JlX2J5cGFzcyBzd2FwZ3MgaXRsYl9tdWx0aWhpdApib2dvbWlwcwk6IDU5OTkuOTkKY2xmbHVzaCBzaXplCTogNjQKY2FjaGVfYWxpZ25tZW50CTogNjQKYWRkcmVzcyBzaXplcwk6IDM5IGJpdHMgcGh5c2ljYWwsIDQ4IGJpdHMgdmlydHVhbApwb3dlciBtYW5hZ2VtZW50OgoKcHJvY2Vzc29yCTogMgp2ZW5kb3JfaWQJOiBHZW51aW5lSW50ZWwKY3B1IGZhbWlseQk6IDYKbW9kZWwJCTogMTU4Cm1vZGVsIG5hbWUJOiBJbnRlbChSKSBDb3JlKFRNKSBpNy05NzAwIENQVSBAIDMuMDBHSHoKc3RlcHBpbmcJOiAxMwpjcHUgTUh6CQk6IDAuMDAxCmNhY2hlIHNpemUJOiAxMjI4OCBLQgpwaHlzaWNhbCBpZAk6IDAKc2libGluZ3MJOiA0CmNvcmUgaWQJCTogMgpjcHUgY29yZXMJOiA0CmFwaWNpZAkJOiAyCmluaXRpYWwgYXBpY2lkCTogMgpmcHUJCTogeWVzCmZwdV9leGNlcHRpb24JOiB5ZXMKY3B1aWQgbGV2ZWwJOiAyMgp3cAkJOiB5ZXMKZmxhZ3MJCTogZnB1IHZtZSBkZSBwc2UgdHNjIG1zciBwYWUgbWNlIGN4OCBhcGljIHNlcCBtdHJyIHBnZSBtY2EgY21vdiBwYXQgcHNlMzYgY2xmbHVzaCBtbXggZnhzciBzc2Ugc3NlMiBodCBzeXNjYWxsIG54IHJkdHNjcCBsbSBjb25zdGFudF90c2MgcmVwX2dvb2Qgbm9wbCB4dG9wb2xvZ3kgbm9uc3RvcF90c2MgY3B1aWQgdHNjX2tub3duX2ZyZXEgcG5pIHBjbG11bHFkcSBzc3NlMyBjeDE2IHBjaWQgc3NlNF8xIHNzZTRfMiBtb3ZiZSBwb3BjbnQgYWVzIHhzYXZlIGF2eCByZHJhbmQgaHlwZXJ2a
