--------- beginning of main
06-18 14:13:20.618 D/ProcessState(22995): Binder ioctl to enable oneway spam detection failed: Invalid argument
--------- beginning of system
06-18 14:13:20.620 I/ActivityManager( 1936): Force stopping tech.gtt.frontapp.stb.demo appid=10058 user=0: clear data
06-18 14:13:20.622 I/ActivityManager( 1936): Force stopping tech.gtt.frontapp.stb.demo appid=10058 user=-1: clearApplicationUserData
06-18 14:13:20.647 I/MediaProvider( 2560): Begin Intent { act=android.intent.action.PACKAGE_DATA_CLEARED dat=package:tech.gtt.frontapp.stb.demo flg=0x1000010 cmp=com.android.providers.media.module/com.android.providers.media.MediaService (has extras) }
06-18 14:13:20.647 D/MediaProvider( 2560): Deleted 0 Android/media items belonging to tech.gtt.frontapp.stb.demo on /data/user/0/com.android.providers.media.module/databases/external.db
06-18 14:13:20.647 I/MediaProvider( 2560): End Intent { act=android.intent.action.PACKAGE_DATA_CLEARED dat=package:tech.gtt.frontapp.stb.demo flg=0x1000010 cmp=com.android.providers.media.module/com.android.providers.media.MediaService (has extras) }
06-18 14:13:20.692 D/AndroidRuntime(23009): >>>>>> START com.android.internal.os.RuntimeInit uid 0 <<<<<<
06-18 14:13:20.695 I/AndroidRuntime(23009): Using default boot image
06-18 14:13:20.695 I/AndroidRuntime(23009): Leaving lock profiling enabled
06-18 14:13:20.697 W/app_process(23009): ART APEX data files are untrusted.
06-18 14:13:20.697 I/app_process(23009): Core platform API reporting enabled, enforcing=false
06-18 14:13:20.786 D/app_process(23009): Time zone APEX ICU file found: /apex/com.android.tzdata/etc/icu/icu_tzdata.dat
06-18 14:13:20.786 D/app_process(23009): I18n APEX ICU file found: /apex/com.android.i18n/etc/icu/icudt68l.dat
06-18 14:13:20.790 W/app_process(23009): Unexpected CPU variant for X86 using defaults: x86_64
06-18 14:13:20.803 D/ProcessState(23009): Binder ioctl to enable oneway spam detection failed: Invalid argument
06-18 14:13:20.803 D/AndroidRuntime(23009): Calling main entry com.android.commands.monkey.Monkey
06-18 14:13:20.804 W/Monkey  (23009): args: [-p, tech.gtt.frontapp.stb.demo, -c, android.intent.category.LAUNCHER, 1]
06-18 14:13:20.804 W/Monkey  (23009):  arg: "-p"
06-18 14:13:20.804 W/Monkey  (23009):  arg: "tech.gtt.frontapp.stb.demo"
06-18 14:13:20.804 W/Monkey  (23009):  arg: "-c"
06-18 14:13:20.804 W/Monkey  (23009):  arg: "android.intent.category.LAUNCHER"
06-18 14:13:20.804 W/Monkey  (23009):  arg: "1"
06-18 14:13:20.804 W/Monkey  (23009): data="tech.gtt.frontapp.stb.demo"
06-18 14:13:20.804 W/Monkey  (23009): data="android.intent.category.LAUNCHER"
06-18 14:13:20.839 W/BroadcastQueue( 1936): Skipping deliver [background] BroadcastRecord{c4a8730 u-1 android.net.conn.CONNECTIVITY_CHANGE} to ReceiverList{c5fa9 23009 (unknown name)/0/u-1 remote:4d20e2}: process gone or crashing
06-18 14:13:20.844 I/ActivityTaskManager( 1936): START u0 {act=android.intent.action.MAIN cat=[android.intent.category.LAUNCHER] flg=0x10200000 cmp=tech.gtt.frontapp.stb.demo/tech.gtt.frontapp.stb.m.home.activity.SplashActivity} from uid 0
06-18 14:13:20.845 W/ActivityTaskManager( 1936): Can't find TaskDisplayArea to determine support for multi window. Task id=39 attached=false
06-18 14:13:20.856 I/Monkey  (23009): Events injected: 1
06-18 14:13:20.859 D/CompatibilityChangeReporter( 1936): Compat change id reported: 135634846; UID 10058; state: DISABLED
06-18 14:13:20.860 D/CompatibilityChangeReporter( 1936): Compat change id reported: 143937733; UID 10058; state: ENABLED
06-18 14:13:20.878 I/Monkey  (23009): ## Network stats: elapsed time=31ms (0ms mobile, 0ms wifi, 31ms not connected)
06-18 14:13:20.882 D/gralloc_nox( 1767): gralloc_alloc: Creating ashmem region of size 8298496
06-18 14:13:20.928 D/Zygote  ( 1756): Forked child process 23023
06-18 14:13:20.928 I/app_process(23009): System.exit called, status: 0
06-18 14:13:20.929 I/AndroidRuntime(23009): VM exiting with result code 0.
06-18 14:13:20.929 D/gralloc_nox( 1767): gralloc_alloc: Creating ashmem region of size 8298496
06-18 14:13:20.929 W/ActivityManager( 1936): Slow operation: 74ms so far, now at startProcess: returned from zygote!
06-18 14:13:20.934 I/Zygote  (23023): seccomp disabled by setenforce 0
06-18 14:13:20.935 W/ActivityManager( 1936): Slow operation: 80ms so far, now at startProcess: done updating battery stats
06-18 14:13:20.936 W/ActivityManager( 1936): Slow operation: 81ms so far, now at startProcess: building log message
06-18 14:13:20.937 I/ActivityManager( 1936): Start proc 23023:tech.gtt.frontapp.stb.demo/u0a58 for pre-top-activity {tech.gtt.frontapp.stb.demo/tech.gtt.frontapp.stb.m.home.activity.SplashActivity}
06-18 14:13:20.937 W/ActivityManager( 1936): Slow operation: 82ms so far, now at startProcess: starting to update pids map
06-18 14:13:20.942 W/ontapp.stb.dem(23023): Unexpected CPU variant for X86 using defaults: x86_64
06-18 14:13:20.945 W/ActivityManager( 1936): Slow operation: 90ms so far, now at startProcess: done updating pids map
06-18 14:13:20.962 D/gralloc_nox( 1767): gralloc_alloc: Creating ashmem region of size 8298496
06-18 14:13:20.962 D/ProcessState(23023): Binder ioctl to enable oneway spam detection failed: Invalid argument
06-18 14:13:21.005 E/ashmem  (23023): memfd: ro.vndk.version not defined or invalid (), this is mandated since P.
06-18 14:13:21.009 D/CompatibilityChangeReporter(23023): Compat change id reported: 171979766; UID 10058; state: ENABLED
06-18 14:13:21.034 V/GraphicsEnvironment(23023): ANGLE Developer option for 'tech.gtt.frontapp.stb.demo' set to: 'default'
06-18 14:13:21.034 V/GraphicsEnvironment(23023): ANGLE GameManagerService for tech.gtt.frontapp.stb.demo: false
06-18 14:13:21.034 V/GraphicsEnvironment(23023): Neither updatable production driver nor prerelease driver is supported.
06-18 14:13:21.037 D/NetworkSecurityConfig(23023): Using Network Security Config from resource network_security_config debugBuild: false
06-18 14:13:21.039 D/NetworkSecurityConfig(23023): Using Network Security Config from resource network_security_config debugBuild: false
06-18 14:13:21.043 I/MultiDex(23023): VM with version 2.1.0 has multidex support
06-18 14:13:21.044 I/MultiDex(23023): Installing application
06-18 14:13:21.044 I/MultiDex(23023): VM has multidex support, MultiDex support library is disabled.
06-18 14:13:21.044 E/[Package](23023): params: AppConfiguration(vnoId='11026504', brandId='d0k7d3p3kdikth2o3q6g', appId='d0jucrbq6bt4h33c0ma0', sourceId='30006401-31002837', authServers='https://gtt-app-apigateway-lion.vdemosit.com', shareKey='S2kQMgUSugYyMlk5QclHDaF0uDsFnB0oJoFeAFgsKb8=', packageName='tech.gtt.frontapp.stb.demo', appName='Goose TV', appVersionName='v1.0.0', appVersionCode='7', pluginVersionCode='1', pluginVersionName='6.0.0-beta-build5', packageSeq='1', buglyAppId='d76a04165f', buglyKey='13b89b2d-1c12-4c4f-93b8-46e3c2ef9f73', baseVersionCode='20000066', gitTag='2.1.4-beta6', supportLang='en,pt,es', defaultLang='en', bootLoadType='1')
06-18 14:13:21.044 W/System.err(23023): java.lang.ClassNotFoundException: tech.gtt.frontapp.stb.docker.plugin.PluginUtils
06-18 14:13:21.044 W/System.err(23023): 	at java.lang.Class.classForName(Native Method)
06-18 14:13:21.044 W/System.err(23023): 	at java.lang.Class.forName(Class.java:454)
06-18 14:13:21.044 W/System.err(23023): 	at java.lang.Class.forName(Class.java:379)
06-18 14:13:21.044 W/System.err(23023): 	at ot.e.b(SourceFile:3)
06-18 14:13:21.044 W/System.err(23023): 	at tech.gtt.frontapp.stb.app.MainApplication.attachBaseContext(SourceFile:130)
06-18 14:13:21.045 W/System.err(23023): 	at android.app.Application.attach(Application.java:338)
06-18 14:13:21.045 W/System.err(23023): 	at android.app.Instrumentation.newApplication(Instrumentation.java:1190)
06-18 14:13:21.045 W/System.err(23023): 	at android.app.LoadedApk.makeApplication(LoadedApk.java:1361)
06-18 14:13:21.045 W/System.err(23023): 	at android.app.ActivityThread.handleBindApplication(ActivityThread.java:6728)
06-18 14:13:21.045 W/System.err(23023): 	at android.app.ActivityThread.access$1500(ActivityThread.java:256)
06-18 14:13:21.045 W/System.err(23023): 	at android.app.ActivityThread$H.handleMessage(ActivityThread.java:2091)
06-18 14:13:21.045 W/System.err(23023): 	at android.os.Handler.dispatchMessage(Handler.java:106)
06-18 14:13:21.045 W/System.err(23023): 	at android.os.Looper.loopOnce(Looper.java:201)
06-18 14:13:21.045 W/System.err(23023): 	at android.os.Looper.loop(Looper.java:288)
06-18 14:13:21.045 W/System.err(23023): 	at android.app.ActivityThread.main(ActivityThread.java:7875)
06-18 14:13:21.045 W/System.err(23023): 	at java.lang.reflect.Method.invoke(Native Method)
06-18 14:13:21.045 W/System.err(23023): 	at com.android.internal.os.RuntimeInit$MethodAndArgsCaller.run(RuntimeInit.java:568)
06-18 14:13:21.045 W/System.err(23023): 	at com.android.internal.os.ZygoteInit.main(ZygoteInit.java:1005)
06-18 14:13:21.045 W/System.err(23023): Caused by: java.lang.ClassNotFoundException: tech.gtt.frontapp.stb.docker.plugin.PluginUtils
06-18 14:13:21.045 W/System.err(23023): 	... 18 more
06-18 14:13:21.045 E/[Package](23023): isInPluginMode: false
06-18 14:13:21.047 I/CustomActivityOnCrash(23023): CustomActivityOnCrash has been installed.
06-18 14:13:21.048 I/System.out(23023): Modular_Init : a - initialize
06-18 14:13:21.051 I/System.out(23023): Modular_Init : d - initialize
06-18 14:13:21.055 I/System.out(23023): Modular_Init : a - initialize
06-18 14:13:21.056 I/System.out(23023): Modular_Init : a - initialize
06-18 14:13:21.056 D/[CatchupInitModule](23023): init---
06-18 14:13:21.056 I/System.out(23023): Modular_Init : a - initialize
06-18 14:13:21.056 D/[ReplayInitialize](23023): init---
06-18 14:13:21.057 I/System.out(23023): Modular_Init : a - initialize
06-18 14:13:21.057 D/[LiveInitialize](23023): init---
06-18 14:13:21.057 I/System.out(23023): Modular_Init : b - initialize
06-18 14:13:21.062 D/AndroidAutoSize(23023): designWidthInDp = 1920, designHeightInDp = 1080, screenWidth = 1920, screenHeight = 1080
06-18 14:13:21.062 D/AndroidAutoSize(23023): initDensity = 2.0, initScaledDensity = 2.0
06-18 14:13:21.150 D/AndroidAutoSize(23023): tech.gtt.frontapp.stb.m.home.activity.SplashActivity used the global configuration.
06-18 14:13:21.162 D/AndroidAutoSize(23023): The tech.gtt.frontapp.stb.m.home.activity.SplashActivity has been adapted! 
06-18 14:13:21.162 D/AndroidAutoSize(23023): SplashActivity Info: isBaseOnWidth = true, designWidthInDp = 1920.000000, designWidthInSubunits = 1920.000000, targetDensity = 1.000000, targetScaledDensity = 1.000000, targetDensityDpi = 160, targetXdpi = 1.000000, targetScreenWidthDp = 1920, targetScreenHeightDp = 1032
06-18 14:13:21.221 D/AndroidAutoSize(23023): tech.gtt.frontapp.stb.m.home.activity.SplashActivity used the global configuration.
06-18 14:13:21.222 D/AndroidAutoSize(23023): The tech.gtt.frontapp.stb.m.home.activity.SplashActivity has been adapted! 
06-18 14:13:21.222 D/AndroidAutoSize(23023): SplashActivity Info: isBaseOnWidth = true, designWidthInDp = 1920.000000, designWidthInSubunits = 1920.000000, targetDensity = 1.000000, targetScaledDensity = 1.000000, targetDensityDpi = 160, targetXdpi = 1.000000, targetScreenWidthDp = 1920, targetScreenHeightDp = 1032
06-18 14:13:21.225 I/ActivityTaskManager( 1936): START u0 {act=android.content.pm.action.REQUEST_PERMISSIONS pkg=com.android.permissioncontroller cmp=com.android.permissioncontroller/.permission.ui.GrantPermissionsActivity (has extras)} from uid 10058
06-18 14:13:21.244 D/ontapp.stb.dem(23023): createUnique: call
06-18 14:13:21.245 D/ontapp.stb.dem(23023): HostComposition ext GL_OES_EGL_image GL_OES_EGL_image_external GL_OES_depth24 GL_OES_depth32 GL_OES_element_index_uint GL_OES_texture_float GL_OES_texture_float_linear GL_OES_compressed_paletted_texture GL_OES_compressed_ETC1_RGB8_texture GL_OES_depth_texture GL_EXT_texture_format_BGRA8888 GL_APPLE_texture_format_BGRA8888 GL_OES_texture_half_float GL_EXT_robustness GL_OES_texture_half_float_linear GL_OES_packed_depth_stencil GL_OES_vertex_half_float GL_OES_texture_npot GL_OES_rgb8_rgba8 GL_EXT_color_buffer_float GL_EXT_texture_sRGB_decode ANDROID_gles_max_version_3_1 GL_OES_vertex_array_object GL_EXT_texture_buffer GL_EXT_copy_image GL_KHR_texture_compression_astc_ldr GL_KHR_texture_compression_astc_hdr GL_OES_texture_compression_astc GL_OES_EGL_image_external
06-18 14:13:21.245 D/hw-ProcessState(23023): Binder ioctl to enable oneway spam detection failed: Invalid argument
06-18 14:13:21.247 W/OpenGLRenderer(23023): Failed to initialize 101010-2 format, error = EGL_SUCCESS
06-18 14:13:21.247 D/EGL_emulation(23023): rcCreateContext wated version 2.0  rc:4
06-18 14:13:21.261 D/EGL_emulation(23023): eglMakeCurrent: 0x74841c043610: ver 3 2 (tinfo 0x74839c04c750) (first time)
06-18 14:13:21.264 E/HWComposer( 1779): getSupportedContentTypes: getSupportedContentTypes failed for display 0: Unsupported (8)
06-18 14:13:21.264 I/hwservicemanager( 1567): getTransport: Cannot find entry android.hardware.graphics.mapper@4.0::IMapper/default in either framework or device VINTF manifest.
06-18 14:13:21.265 I/Gralloc4(23023): mapper 4.x is not supported
06-18 14:13:21.265 I/hwservicemanager( 1567): getTransport: Cannot find entry android.hardware.graphics.mapper@3.0::IMapper/default in either framework or device VINTF manifest.
06-18 14:13:21.265 W/Gralloc3(23023): mapper 3.x is not supported
06-18 14:13:21.265 I/hwservicemanager( 1567): getTransport: Cannot find entry android.hardware.graphics.allocator@4.0::IAllocator/default in either framework or device VINTF manifest.
06-18 14:13:21.265 W/Gralloc4(23023): allocator 4.x is not supported
06-18 14:13:21.265 I/hwservicemanager( 1567): getTransport: Cannot find entry android.hardware.graphics.allocator@3.0::IAllocator/default in either framework or device VINTF manifest.
06-18 14:13:21.265 W/Gralloc3(23023): allocator 3.x is not supported
06-18 14:13:21.266 D/gralloc_nox( 1767): gralloc_alloc: Creating ashmem region of size 8298496
06-18 14:13:21.292 D/ProcessState(23058): Binder ioctl to enable oneway spam detection failed: Invalid argument
06-18 14:13:21.299 D/ontapp.stb.dem(23023): createUnique: call
06-18 14:13:21.300 D/ontapp.stb.dem(23023): HostComposition ext GL_OES_EGL_image GL_OES_EGL_image_external GL_OES_depth24 GL_OES_depth32 GL_OES_element_index_uint GL_OES_texture_float GL_OES_texture_float_linear GL_OES_compressed_paletted_texture GL_OES_compressed_ETC1_RGB8_texture GL_OES_depth_texture GL_EXT_texture_format_BGRA8888 GL_APPLE_texture_format_BGRA8888 GL_OES_texture_half_float GL_EXT_robustness GL_OES_texture_half_float_linear GL_OES_packed_depth_stencil GL_OES_vertex_half_float GL_OES_texture_npot GL_OES_rgb8_rgba8 GL_EXT_color_buffer_float GL_EXT_texture_sRGB_decode ANDROID_gles_max_version_3_1 GL_OES_vertex_array_object GL_EXT_texture_buffer GL_EXT_copy_image GL_KHR_texture_compression_astc_ldr GL_KHR_texture_compression_astc_hdr GL_OES_texture_compression_astc GL_OES_EGL_image_external
06-18 14:13:21.301 D/gralloc_nox( 1767): gralloc_alloc: Creating ashmem region of size 8298496
06-18 14:13:21.337 D/gralloc_nox( 1767): gralloc_alloc: Creating ashmem region of size 8298496
06-18 14:13:21.403 E/libEGL  (23023): called unimplemented OpenGL ES API
06-18 14:13:21.462 W/ActivityTaskManager( 1936): Tried to set launchTime (0) < mLastActivityLaunchTime (70011793)
06-18 14:13:21.592 I/ActivityTaskManager( 1936): Displayed com.android.permissioncontroller/.permission.ui.GrantPermissionsActivity: +742ms
06-18 14:13:21.620 D/ProcessState(23069): Binder ioctl to enable oneway spam detection failed: Invalid argument
06-18 14:13:21.684 W/InputManager-JNI( 1936): Input channel object '2e696eb Splash Screen tech.gtt.frontapp.stb.demo (client)' was disposed without first being removed with the input manager!
06-18 14:13:21.722 D/gralloc_nox( 1767): gralloc_alloc: Creating ashmem region of size 5496832
06-18 14:13:21.808 D/gralloc_nox( 1767): gralloc_alloc: Creating ashmem region of size 5496832
06-18 14:13:21.964 D/gralloc_nox( 1767): gralloc_alloc: Creating ashmem region of size 5496832
06-18 14:13:22.707 W/adbd    ( 1785): timeout expired while flushing socket, closing
06-18 14:13:22.719 V/UiAutomationManager( 1936): UiAutomation service owner died
06-18 14:13:22.726 D/BatterySaverPolicy( 1936): accessibility changed to false, updating policy.
06-18 14:13:23.854 E/TaskPersister( 1936): File error accessing recents directory (directory doesn't exist?).
06-18 14:13:23.969 E/adbd    ( 1785): failed to connect to socket 'tcp:9008': Connection refused
06-18 14:13:23.982 E/adbd    ( 1785): failed to connect to socket 'tcp:9008': Connection refused
06-18 14:13:24.043 E/adbd    ( 1785): failed to connect to socket 'tcp:9008': Connection refused
06-18 14:13:24.074 E/adbd    ( 1785): failed to connect to socket 'tcp:9008': Connection refused
06-18 14:13:24.115 D/AndroidRuntime(23079): >>>>>> START com.android.internal.os.RuntimeInit uid 0 <<<<<<
06-18 14:13:24.117 I/AndroidRuntime(23079): Using default boot image
06-18 14:13:24.118 I/AndroidRuntime(23079): Leaving lock profiling enabled
06-18 14:13:24.119 W/app_process(23079): ART APEX data files are untrusted.
06-18 14:13:24.119 I/app_process(23079): Core platform API reporting enabled, enforcing=false
06-18 14:13:24.183 D/app_process(23079): Time zone APEX ICU file found: /apex/com.android.tzdata/etc/icu/icu_tzdata.dat
06-18 14:13:24.183 D/app_process(23079): I18n APEX ICU file found: /apex/com.android.i18n/etc/icu/icudt68l.dat
06-18 14:13:24.188 W/app_process(23079): Unexpected CPU variant for X86 using defaults: x86_64
06-18 14:13:24.244 D/ProcessState(23079): Binder ioctl to enable oneway spam detection failed: Invalid argument
06-18 14:13:24.244 D/AndroidRuntime(23079): Calling main entry com.wetest.uia2.Main
06-18 14:13:24.244 I/uidumper(23079): [UiAutomator2Server] Starting Server
06-18 14:13:24.303 I/UiDevice(23079): Creating a new instance, old instance exists: false
06-18 14:13:24.310 V/UiAutomation(23079): Init UiAutomation@f730e83[id=117, flags=0]
06-18 14:13:24.313 D/UiDevice(23079): Setting accessibility service flags: 65618
06-18 14:13:24.316 D/BatterySaverPolicy( 1936): accessibility changed to true, updating policy.
06-18 14:13:24.319 D/UiDevice(23079): Turning on screen.
06-18 14:13:24.324 W/Java7Support(23079): Unable to load JDK7 types (annotations, java.nio.file.Path): no Java7 support added
06-18 14:13:24.333 I/uidumper(23079): clipboardManager inited
06-18 14:13:24.334 I/uidumper(23079): tmpdir is /data/local/tmp/u2
06-18 14:13:24.348 I/uidumper(23079): http server listening on *:9008
06-18 14:13:24.598 D/UIAutomatorStub(23079): URI: /ping, Method: GET, params, {NanoHttpd.QUERY_STRING=null}, files: {}
06-18 14:13:24.616 D/UIAutomatorStub(23079): URI: /jsonrpc/0, Method: POST, params, {NanoHttpd.QUERY_STRING=null}, files: {postData={"jsonrpc": "2.0", "id": 1, "method": "count", "params": [{"mask": 2097152, "childOrSibling": [], "childOrSiblingSelector": [], "resourceId": "com.android.permissioncontroller:id/permission_allow_button"}]}}
06-18 14:13:24.625 D/UiObject(23079): Waiting 0ms for UiSelector[RESOURCE_ID=com.android.permissioncontroller:id/permission_allow_button].
06-18 14:13:24.626 W/QueryController(23079): Could not detect idle state.
06-18 14:13:24.633 I/QueryController(23079): Matched selector: UiSelector[RESOURCE_ID=com.android.permissioncontroller:id/permission_allow_button] <<==>> [android.view.accessibility.AccessibilityNodeInfo@12582; boundsInParent: Rect(0, 0 - 992, 112); boundsInScreen: Rect(464, 557 - 1456, 669); packageName: com.android.permissioncontroller; className: android.widget.Button; text: 允许; error: null; maxTextLength: -1; stateDescription: null; contentDescription: null; tooltipText: null; viewIdResName: com.android.permissioncontroller:id/permission_allow_button; checkable: false; checked: false; focusable: true; focused: false; selected: false; clickable: true; longClickable: false; contextClickable: false; enabled: true; password: false; scrollable: false; importantForAccessibility: true; visible: true; actions: [AccessibilityAction: ACTION_FOCUS - null, AccessibilityAction: ACTION_SELECT - null, AccessibilityAction: ACTION_CLEAR_SELECTION - null, AccessibilityAction: ACTION_CLICK - null, AccessibilityAction: ACTION_ACCESSIBILITY_FOCUS - null, AccessibilityAction: ACTION_NEXT_AT_MOVEMENT_GRANULARITY - null, AccessibilityAction: ACTION_PREVIOUS_AT_MOVEMENT_GRANULARITY - null, AccessibilityAction: ACTION_SET_SELECTION - null, AccessibilityAction: ACTION_SHOW_ON_SCREEN - null]]
06-18 14:13:24.634 D/UiObject(23079): Waiting 0ms for UiSelector[INSTANCE=1, RESOURCE_ID=com.android.permissioncontroller:id/permission_allow_button].
06-18 14:13:24.634 W/QueryController(23079): Could not detect idle state.
06-18 14:13:24.672 D/UIAutomatorStub(23079): URI: /jsonrpc/0, Method: POST, params, {NanoHttpd.QUERY_STRING=null}, files: {postData={"jsonrpc": "2.0", "id": 1, "method": "waitForExists", "params": [{"mask": 2097152, "childOrSibling": [], "childOrSiblingSelector": [], "resourceId": "com.android.permissioncontroller:id/permission_allow_button"}, 20000]}}
06-18 14:13:24.674 D/UiDevice(23079): Waiting 20000ms for SearchCondition[hasObject=BySelector [RES='\Qcom.android.permissioncontroller:id/permission_allow_button\E']].
06-18 14:13:24.674 D/UiDevice(23079): Searching for node with selector: BySelector [RES='\Qcom.android.permissioncontroller:id/permission_allow_button\E'].
06-18 14:13:24.676 W/QueryController(23079): Could not detect idle state.
06-18 14:13:24.714 D/UIAutomatorStub(23079): URI: /jsonrpc/0, Method: POST, params, {NanoHttpd.QUERY_STRING=null}, files: {postData={"jsonrpc": "2.0", "id": 1, "method": "objInfo", "params": [{"mask": 2097152, "childOrSibling": [], "childOrSiblingSelector": [], "resourceId": "com.android.permissioncontroller:id/permission_allow_button"}]}}
06-18 14:13:24.715 D/UiDevice(23079): Retrieving node with selector: BySelector [RES='\Qcom.android.permissioncontroller:id/permission_allow_button\E'].
06-18 14:13:24.716 W/QueryController(23079): Could not detect idle state.
06-18 14:13:24.724 W/QueryController(23079): Could not detect idle state.
06-18 14:13:24.727 W/QueryController(23079): Could not detect idle state.
06-18 14:13:24.729 W/QueryController(23079): Could not detect idle state.
06-18 14:13:24.732 W/QueryController(23079): Could not detect idle state.
06-18 14:13:24.733 W/QueryController(23079): Could not detect idle state.
06-18 14:13:24.735 W/QueryController(23079): Could not detect idle state.
06-18 14:13:24.738 W/QueryController(23079): Could not detect idle state.
06-18 14:13:24.740 W/QueryController(23079): Could not detect idle state.
06-18 14:13:24.743 W/QueryController(23079): Could not detect idle state.
06-18 14:13:24.746 W/QueryController(23079): Could not detect idle state.
06-18 14:13:24.748 W/QueryController(23079): Could not detect idle state.
06-18 14:13:24.749 W/QueryController(23079): Could not detect idle state.
06-18 14:13:24.750 W/QueryController(23079): Could not detect idle state.
06-18 14:13:24.751 W/QueryController(23079): Could not detect idle state.
06-18 14:13:24.753 W/QueryController(23079): Could not detect idle state.
06-18 14:13:24.757 W/QueryController(23079): Could not detect idle state.
06-18 14:13:24.760 W/QueryController(23079): Could not detect idle state.
06-18 14:13:24.776 D/UIAutomatorStub(23079): URI: /jsonrpc/0, Method: POST, params, {NanoHttpd.QUERY_STRING=null}, files: {postData={"jsonrpc": "2.0", "id": 1, "method": "click", "params": [960.0, 613.0]}}
06-18 14:13:24.790 V/DisplayPowerController[0]( 1936): Brightness [0.39763778] reason changing to: 'manual', previous reason: 'manual [ dim ]'.
06-18 14:13:24.805 E/DisplayDeviceConfig( 1936): requesting nits when no mapping exists.
06-18 14:13:24.806 E/DisplayDeviceConfig( 1936): requesting nits when no mapping exists.
06-18 14:13:24.806 I/DropBoxManagerService( 1936): add tag=system_server_wtf isTagEnabled=true flags=0x2
06-18 14:13:24.807 E/LightsService( 1936): Light requested not available on this device. 0
06-18 14:13:24.808 I/DropBoxManagerService( 1936): add tag=system_server_wtf isTagEnabled=true flags=0x2
06-18 14:13:24.822 E/DisplayDeviceConfig( 1936): requesting nits when no mapping exists.
06-18 14:13:24.822 E/DisplayDeviceConfig( 1936): requesting nits when no mapping exists.
06-18 14:13:24.823 I/DropBoxManagerService( 1936): add tag=system_server_wtf isTagEnabled=true flags=0x2
06-18 14:13:24.824 E/LightsService( 1936): Light requested not available on this device. 0
06-18 14:13:24.825 I/DropBoxManagerService( 1936): add tag=system_server_wtf isTagEnabled=true flags=0x2
06-18 14:13:24.839 E/DisplayDeviceConfig( 1936): requesting nits when no mapping exists.
06-18 14:13:24.839 E/DisplayDeviceConfig( 1936): requesting nits when no mapping exists.
06-18 14:13:24.839 I/DropBoxManagerService( 1936): add tag=system_server_wtf isTagEnabled=true flags=0x2
06-18 14:13:24.839 E/LightsService( 1936): Light requested not available on this device. 0
06-18 14:13:24.855 E/DisplayDeviceConfig( 1936): requesting nits when no mapping exists.
06-18 14:13:24.855 E/DisplayDeviceConfig( 1936): requesting nits when no mapping exists.
06-18 14:13:24.856 E/LightsService( 1936): Light requested not available on this device. 0
06-18 14:13:24.873 E/DisplayDeviceConfig( 1936): requesting nits when no mapping exists.
06-18 14:13:24.874 E/DisplayDeviceConfig( 1936): requesting nits when no mapping exists.
06-18 14:13:24.874 E/LightsService( 1936): Light requested not available on this device. 0
06-18 14:13:24.890 E/DisplayDeviceConfig( 1936): requesting nits when no mapping exists.
06-18 14:13:24.890 E/DisplayDeviceConfig( 1936): requesting nits when no mapping exists.
06-18 14:13:24.890 E/LightsService( 1936): Light requested not available on this device. 0
06-18 14:13:24.906 E/DisplayDeviceConfig( 1936): requesting nits when no mapping exists.
06-18 14:13:24.906 E/DisplayDeviceConfig( 1936): requesting nits when no mapping exists.
06-18 14:13:24.907 E/LightsService( 1936): Light requested not available on this device. 0
06-18 14:13:24.924 E/DisplayDeviceConfig( 1936): requesting nits when no mapping exists.
06-18 14:13:24.924 E/DisplayDeviceConfig( 1936): requesting nits when no mapping exists.
06-18 14:13:24.925 E/LightsService( 1936): Light requested not available on this device. 0
06-18 14:13:24.939 E/DisplayDeviceConfig( 1936): requesting nits when no mapping exists.
06-18 14:13:24.940 E/DisplayDeviceConfig( 1936): requesting nits when no mapping exists.
06-18 14:13:24.941 E/LightsService( 1936): Light requested not available on this device. 0
06-18 14:13:24.957 E/DisplayDeviceConfig( 1936): requesting nits when no mapping exists.
06-18 14:13:24.957 E/DisplayDeviceConfig( 1936): requesting nits when no mapping exists.
06-18 14:13:24.957 E/LightsService( 1936): Light requested not available on this device. 0
06-18 14:13:24.972 E/DisplayDeviceConfig( 1936): requesting nits when no mapping exists.
06-18 14:13:24.973 E/DisplayDeviceConfig( 1936): requesting nits when no mapping exists.
06-18 14:13:24.973 E/LightsService( 1936): Light requested not available on this device. 0
06-18 14:13:24.989 E/DisplayDeviceConfig( 1936): requesting nits when no mapping exists.
06-18 14:13:24.989 E/DisplayDeviceConfig( 1936): requesting nits when no mapping exists.
06-18 14:13:24.989 E/LightsService( 1936): Light requested not available on this device. 0
06-18 14:13:25.006 E/DisplayDeviceConfig( 1936): requesting nits when no mapping exists.
06-18 14:13:25.009 E/DisplayDeviceConfig( 1936): requesting nits when no mapping exists.
06-18 14:13:25.012 E/LightsService( 1936): Light requested not available on this device. 0
06-18 14:13:25.023 E/DisplayDeviceConfig( 1936): requesting nits when no mapping exists.
06-18 14:13:25.024 E/DisplayDeviceConfig( 1936): requesting nits when no mapping exists.
06-18 14:13:25.024 E/LightsService( 1936): Light requested not available on this device. 0
06-18 14:13:25.040 E/DisplayDeviceConfig( 1936): requesting nits when no mapping exists.
06-18 14:13:25.041 E/DisplayDeviceConfig( 1936): requesting nits when no mapping exists.
06-18 14:13:25.042 E/LightsService( 1936): Light requested not available on this device. 0
06-18 14:13:25.167 V/GrantPermissionsViewModel(22260): Logged buttons presented and clicked permissionGroupName=android.permission-group.STORAGE uid=10058 selectedLocations=0 package=tech.gtt.frontapp.stb.demo presentedButtons=9 clickedButton=1 sessionId=2959615011791374217 targetSdk=35
06-18 14:13:25.173 I/MediaProvider( 2560): Invalidating LocalCallingIdentity cache for package tech.gtt.frontapp.stb.demo. Reason: op android:read_external_storage
06-18 14:13:25.174 V/GrantPermissionsViewModel(22260): Permission grant result requestId=2959615011791374217 callingUid=10058 callingPackage=tech.gtt.frontapp.stb.demo permission=android.permission.READ_EXTERNAL_STORAGE isImplicit=false result=4
06-18 14:13:25.174 I/MediaProvider( 2560): Invalidating LocalCallingIdentity cache for package tech.gtt.frontapp.stb.demo. Reason: op android:read_external_storage
06-18 14:13:25.178 D/gralloc_nox( 1767): gralloc_alloc: Creating ashmem region of size 8298496
06-18 14:13:25.216 E/android.hardware.audio.service( 1759): pcm_open called create stream faild
06-18 14:13:25.252 W/ndroid.launche( 2386): Reducing the number of considered missed Gc histogram windows from 123 to 100
06-18 14:13:25.287 W/System  ( 2106): A resource failed to call close. 
06-18 14:13:25.290 W/System  ( 2106): A resource failed to call close. 
06-18 14:13:25.291 W/System  ( 2106): A resource failed to call release. 
06-18 14:13:25.291 W/System  ( 2106): A resource failed to call release. 
06-18 14:13:25.443 D/CompatibilityChangeReporter(23023): Compat change id reported: 78294732; UID 10058; state: ENABLED
06-18 14:13:25.446 I/b       (23023): freeSpace : 116666MB
06-18 14:13:25.526 D/ProcessState(23107): Binder ioctl to enable oneway spam detection failed: Invalid argument
06-18 14:13:25.585 D/ConnectivityService( 1936): NetReassign [no changes]
06-18 14:13:25.613 V/GSK     (23023): StorageServiceImpl initialization() executed in 2 ms.
06-18 14:13:25.614 V/GSK     (23023): SecurityServiceImpl initialization() executed in 1 ms.
06-18 14:13:25.711 W/System.err(23023): SLF4J(W): No SLF4J providers were found.
06-18 14:13:25.711 W/System.err(23023): SLF4J(W): Defaulting to no-operation (NOP) logger implementation
06-18 14:13:25.711 W/System.err(23023): SLF4J(W): See https://www.slf4j.org/codes.html#noProviders for further details.
06-18 14:13:25.721 W/InputManager-JNI( 1936): Input channel object 'f21019f com.android.permissioncontroller/com.android.permissioncontroller.permission.ui.GrantPermissionsActivity (client)' was disposed without first being removed with the input manager!
06-18 14:13:25.739 W/SurfaceFlinger( 1779): couldn't log to binary event log: overflow.
06-18 14:13:25.772 W/System.err(23023): kotlinx.serialization.json.internal.JsonDecodingException: Expected start of the object '{', but had 'EOF' instead at path: $
06-18 14:13:25.772 W/System.err(23023): JSON input: 
06-18 14:13:25.772 W/System.err(23023): 	at kotlinx.serialization.json.internal.JsonExceptionsKt.JsonDecodingException(SourceFile:1)
06-18 14:13:25.772 W/System.err(23023): 	at kotlinx.serialization.json.internal.JsonExceptionsKt.JsonDecodingException(SourceFile:2)
06-18 14:13:25.772 W/System.err(23023): 	at kotlinx.serialization.json.internal.AbstractJsonLexer.fail(SourceFile:52)
06-18 14:13:25.772 W/System.err(23023): 	at kotlinx.serialization.json.internal.AbstractJsonLexer.fail$default(SourceFile:15)
06-18 14:13:25.772 W/System.err(23023): 	at kotlinx.serialization.json.internal.AbstractJsonLexer.unexpectedToken(SourceFile:103)
06-18 14:13:25.772 W/System.err(23023): 	at kotlinx.serialization.json.internal.StringJsonLexer.consumeNextToken(SourceFile:16)
06-18 14:13:25.772 W/System.err(23023): 	at kotlinx.serialization.json.internal.StreamingJsonDecoder.beginStructure(SourceFile:23)
06-18 14:13:25.772 W/System.err(23023): 	at tech.gtt.frontapp.servicesdk.common.service.utility.apis.e2ee.E2eeConfigResponse$$serializer.deserialize(SourceFile:2)
06-18 14:13:25.773 W/System.err(23023): 	at tech.gtt.frontapp.servicesdk.common.service.utility.apis.e2ee.E2eeConfigResponse$$serializer.deserialize(SourceFile:1)
06-18 14:13:25.773 W/System.err(23023): 	at kotlinx.serialization.json.internal.StreamingJsonDecoder.decodeSerializableValue(SourceFile:320)
06-18 14:13:25.773 W/System.err(23023): 	at kotlinx.serialization.json.Json.decodeFromString(SourceFile:3)
06-18 14:13:25.773 W/System.err(23023): 	at tech.gtt.frontapp.servicesdk.common.service.utility.apis.e2ee.E2eeManager.syncE2eeConfig(SourceFile:74)
06-18 14:13:25.773 W/System.err(23023): 	at tech.gtt.frontapp.servicesdk.common.service.utility.apis.ApiUtilServiceImpl.onServiceInit(SourceFile:228)
06-18 14:13:25.773 W/System.err(23023): 	at tech.gtt.frontapp.servicesdk.common.core.ServiceSDKImpl.executeServiceInitialize(SourceFile:372)
06-18 14:13:25.773 W/System.err(23023): 	at tech.gtt.frontapp.servicesdk.common.core.ServiceSDKImpl.access$executeServiceInitialize(SourceFile:1)
06-18 14:13:25.773 W/System.err(23023): 	at tech.gtt.frontapp.servicesdk.common.core.ServiceSDKImpl$init$1.invokeSuspend(SourceFile:178)
06-18 14:13:25.773 W/System.err(23023): 	at tech.gtt.frontapp.servicesdk.common.core.ServiceSDKImpl$init$1.invoke(SourceFile:2)
06-18 14:13:25.773 W/System.err(23023): 	at tech.gtt.frontapp.servicesdk.common.core.ServiceSDKImpl$init$1.invoke(SourceFile:1)
06-18 14:13:25.773 W/System.err(23023): 	at kotlinx.coroutines.flow.SafeFlow.collectSafely(SourceFile:3)
06-18 14:13:25.773 W/System.err(23023): 	at kotlinx.coroutines.flow.AbstractFlow.collect(SourceFile:70)
06-18 14:13:25.773 W/System.err(23023): 	at tech.gtt.frontapp.servicesdk.common.core.SDKSetup$build$1.invokeSuspend(SourceFile:42)
06-18 14:13:25.774 W/System.err(23023): 	at tech.gtt.frontapp.servicesdk.common.core.SDKSetup$build$1.invoke(SourceFile:2)
06-18 14:13:25.774 W/System.err(23023): 	at tech.gtt.frontapp.servicesdk.common.core.SDKSetup$build$1.invoke(SourceFile:1)
06-18 14:13:25.774 W/System.err(23023): 	at tech.gtt.frontapp.servicesdk.common.core.Scheduler$scheduleDirect$1.invokeSuspend(SourceFile:61)
06-18 14:13:25.774 W/System.err(23023): 	at lh.a.resumeWith(SourceFile:14)
06-18 14:13:25.774 W/System.err(23023): 	at kotlinx.coroutines.DispatchedTask.run(SourceFile:123)
06-18 14:13:25.774 W/System.err(23023): 	at kotlinx.coroutines.internal.LimitedDispatcher$Worker.run(SourceFile:4)
06-18 14:13:25.774 W/System.err(23023): 	at kotlinx.coroutines.scheduling.TaskImpl.run(SourceFile:3)
06-18 14:13:25.774 W/System.err(23023): 	at kotlinx.coroutines.scheduling.CoroutineScheduler.runSafely(SourceFile:1)
06-18 14:13:25.774 W/System.err(23023): 	at kotlinx.coroutines.scheduling.CoroutineScheduler$Worker.executeTask(SourceFile:34)
06-18 14:13:25.774 W/System.err(23023): 	at kotlinx.coroutines.scheduling.CoroutineScheduler$Worker.runWorker(SourceFile:29)
06-18 14:13:25.774 W/System.err(23023): 	at kotlinx.coroutines.scheduling.CoroutineScheduler$Worker.run(SourceFile:1)
06-18 14:13:25.790 W/System.err(23023): java.io.FileNotFoundException: sys/class/sunxi_info/sys_info: open failed: ENOENT (No such file or directory)
06-18 14:13:25.790 W/System.err(23023): 	at libcore.io.IoBridge.open(IoBridge.java:575)
06-18 14:13:25.790 W/System.err(23023): 	at java.io.FileInputStream.<init>(FileInputStream.java:160)
06-18 14:13:25.790 W/System.err(23023): 	at java.io.FileInputStream.<init>(FileInputStream.java:115)
06-18 14:13:25.790 W/System.err(23023): 	at ip.b.b(SourceFile:5)
06-18 14:13:25.790 W/System.err(23023): 	at ip.b.a(SourceFile:155)
06-18 14:13:25.790 W/System.err(23023): 	at ip.a.invoke(SourceFile:589)
06-18 14:13:25.790 W/System.err(23023): 	at dh.v.getValue(SourceFile:21)
06-18 14:13:25.790 W/System.err(23023): 	at tech.gtt.frontapp.servicesdk.common.network.interceptor.params.ApiDeviceParams.handleFixedParams(SourceFile:52)
06-18 14:13:25.790 W/System.err(23023): 	at tech.gtt.frontapp.servicesdk.common.service.utility.apis.IParamsGetter.toMaps(SourceFile:87)
06-18 14:13:25.790 W/System.err(23023): 	at tech.gtt.frontapp.servicesdk.common.network.interceptor.DefaultParamsInterceptor.onRequest(SourceFile:127)
06-18 14:13:25.790 W/System.err(23023): 	at tech.gtt.frontapp.servicesdk.common.network.interceptor.SDKInterceptorsPluginKt$setupRequestInterception$1.invokeSuspend(SourceFile:103)
06-18 14:13:25.790 W/System.err(23023): 	at tech.gtt.frontapp.servicesdk.common.network.interceptor.SDKInterceptorsPluginKt$setupRequestInterception$1.invoke(SourceFile:1)
06-18 14:13:25.790 W/System.err(23023): 	at tech.gtt.frontapp.servicesdk.common.network.interceptor.SDKInterceptorsPluginKt$setupRequestInterception$1.invoke(SourceFile:2)
06-18 14:13:25.790 W/System.err(23023): 	at io.ktor.util.pipeline.DebugPipelineContext.proceedLoop(SourceFile:86)
06-18 14:13:25.790 W/System.err(23023): 	at io.ktor.util.pipeline.DebugPipelineContext.proceed(SourceFile:26)
06-18 14:13:25.791 W/System.err(23023): 	at io.ktor.client.plugins.RequestError$install$1.invokeSuspend(SourceFile:47)
06-18 14:13:25.791 W/System.err(23023): 	at io.ktor.client.plugins.RequestError$install$1.invoke(SourceFile:1)
06-18 14:13:25.791 W/System.err(23023): 	at io.ktor.client.plugins.RequestError$install$1.invoke(SourceFile:2)
06-18 14:13:25.791 W/System.err(23023): 	at io.ktor.util.pipeline.DebugPipelineContext.proceedLoop(SourceFile:86)
06-18 14:13:25.791 W/System.err(23023): 	at io.ktor.util.pipeline.DebugPipelineContext.proceed(SourceFile:26)
06-18 14:13:25.791 W/System.err(23023): 	at io.ktor.client.plugins.SetupRequestContext$install$1.invokeSuspend$proceed(SourceFile:1)
06-18 14:13:25.791 W/System.err(23023): 	at io.ktor.client.plugins.SetupRequestContext$install$1.access$invokeSuspend$proceed(SourceFile:1)
06-18 14:13:25.791 W/System.err(23023): 	at io.ktor.client.plugins.SetupRequestContext$install$1$1.invoke(SourceFile:2)
06-18 14:13:25.791 W/System.err(23023): 	at io.ktor.client.plugins.SetupRequestContext$install$1$1.invoke(SourceFile:1)
06-18 14:13:25.791 W/System.err(23023): 	at io.ktor.client.plugins.HttpRequestLifecycleKt$HttpRequestLifecycle$1$1.invokeSuspend(SourceFile:78)
06-18 14:13:25.791 W/System.err(23023): 	at io.ktor.client.plugins.HttpRequestLifecycleKt$HttpRequestLifecycle$1$1.invoke(SourceFile:1)
06-18 14:13:25.791 W/System.err(23023): 	at io.ktor.client.plugins.HttpRequestLifecycleKt$HttpRequestLifecycle$1$1.invoke(SourceFile:2)
06-18 14:13:25.791 W/System.err(23023): 	at io.ktor.client.plugins.SetupRequestContext$install$1.invokeSuspend(SourceFile:42)
06-18 14:13:25.791 W/System.err(23023): 	at io.ktor.client.plugins.SetupRequestContext$install$1.invoke(SourceFile:1)
06-18 14:13:25.791 W/System.err(23023): 	at io.ktor.client.plugins.SetupRequestContext$install$1.invoke(SourceFile:2)
06-18 14:13:25.791 W/System.err(23023): 	at io.ktor.util.pipeline.DebugPipelineContext.proceedLoop(SourceFile:86)
06-18 14:13:25.791 W/System.err(23023): 	at io.ktor.util.pipeline.DebugPipelineContext.proceed(SourceFile:26)
06-18 14:13:25.791 W/System.err(23023): 	at io.ktor.util.pipeline.DebugPipelineContext.execute$ktor_utils(SourceFile:7)
06-18 14:13:25.791 W/System.err(23023): 	at io.ktor.util.pipeline.Pipeline.execute(SourceFile:9)
06-18 14:13:25.791 W/System.err(23023): 	at io.ktor.client.HttpClient.execute$ktor_client_core(SourceFile:68)
06-18 14:13:25.791 W/System.err(23023): 	at io.ktor.client.statement.HttpStatement.fetchResponse(SourceFile:90)
06-18 14:13:25.791 W/System.err(23023): 	at io.ktor.client.statement.HttpStatement.execute(SourceFile:9)
06-18 14:13:25.791 W/System.err(23023): 	at de.jensklingenberg.ktorfit.internal.KtorfitConverterHelper.suspendRequest(SourceFile:127)
06-18 14:13:25.791 W/System.err(23023): 	at de.jensklingenberg.ktorfit.internal.KtorfitConverterHelper$request$1$1.invokeSuspend(SourceFile:58)
06-18 14:13:25.791 W/System.err(23023): 	at de.jensklingenberg.ktorfit.internal.KtorfitConverterHelper$request$1$1.invoke(SourceFile:2)
06-18 14:13:25.791 W/System.err(23023): 	at de.jensklingenberg.ktorfit.internal.KtorfitConverterHelper$request$1$1.invoke(SourceFile:1)
06-18 14:13:25.791 W/System.err(23023): 	at de.jensklingenberg.ktorfit.converter.FlowConverterFactory$responseConverter$1$convert$1.invokeSuspend(SourceFile:84)
06-18 14:13:25.791 W/System.err(23023): 	at de.jensklingenberg.ktorfit.converter.FlowConverterFactory$responseConverter$1$convert$1.invoke(SourceFile:2)
06-18 14:13:25.791 W/System.err(23023): 	at de.jensklingenberg.ktorfit.converter.FlowConverterFactory$responseConverter$1$convert$1.invoke(SourceFile:1)
06-18 14:13:25.791 W/System.err(23023): 	at kotlinx.coroutines.flow.SafeFlow.collectSafely(SourceFile:3)
06-18 14:13:25.791 W/System.err(23023): 	at kotlinx.coroutines.flow.AbstractFlow.collect(SourceFile:70)
06-18 14:13:25.791 W/System.err(23023): 	at kotlinx.coroutines.flow.FlowKt__MergeKt$flatMapConcat$$inlined$map$1.collect(SourceFile:10)
06-18 14:13:25.791 W/System.err(23023): 	at kotlinx.coroutines.flow.FlowKt__MergeKt$flattenConcat$$inlined$unsafeFlow$1.collect(SourceFile:8)
06-18 14:13:25.791 W/System.err(23023): 	at kotlinx.coroutines.flow.FlowKt__CollectKt.collect(SourceFile:1)
06-18 14:13:25.791 W/System.err(23023): 	at kotlinx.coroutines.flow.FlowKt.collect(SourceFile:1)
06-18 14:13:25.791 W/System.err(23023): 	at tech.gtt.frontapp.servicesdk.common.service.utility.apis.ApiUtilServiceImpl.onServiceInit(SourceFile:240)
06-18 14:13:25.791 W/System.err(23023): 	at tech.gtt.frontapp.servicesdk.common.core.ServiceSDKImpl.executeServiceInitialize(SourceFile:372)
06-18 14:13:25.791 W/System.err(23023): 	at tech.gtt.frontapp.servicesdk.common.core.ServiceSDKImpl.access$executeServiceInitialize(SourceFile:1)
06-18 14:13:25.791 W/System.err(23023): 	at tech.gtt.frontapp.servicesdk.common.core.ServiceSDKImpl$init$1.invokeSuspend(SourceFile:178)
06-18 14:13:25.791 W/System.err(23023): 	at tech.gtt.frontapp.servicesdk.common.core.ServiceSDKImpl$init$1.invoke(SourceFile:2)
06-18 14:13:25.792 W/System.err(23023): 	at tech.gtt.frontapp.servicesdk.common.core.ServiceSDKImpl$init$1.invoke(SourceFile:1)
06-18 14:13:25.792 W/System.err(23023): 	at kotlinx.coroutines.flow.SafeFlow.collectSafely(SourceFile:3)
06-18 14:13:25.792 W/System.err(23023): 	at kotlinx.coroutines.flow.AbstractFlow.collect(SourceFile:70)
06-18 14:13:25.792 W/System.err(23023): 	at tech.gtt.frontapp.servicesdk.common.core.SDKSetup$build$1.invokeSuspend(SourceFile:42)
06-18 14:13:25.792 W/System.err(23023): 	at tech.gtt.frontapp.servicesdk.common.core.SDKSetup$build$1.invoke(SourceFile:2)
06-18 14:13:25.792 W/System.err(23023): 	at tech.gtt.frontapp.servicesdk.common.core.SDKSetup$build$1.invoke(SourceFile:1)
06-18 14:13:25.792 W/System.err(23023): 	at tech.gtt.frontapp.servicesdk.common.core.Scheduler$scheduleDirect$1.invokeSuspend(SourceFile:61)
06-18 14:13:25.792 W/System.err(23023): 	at lh.a.resumeWith(SourceFile:14)
06-18 14:13:25.792 W/System.err(23023): 	at kotlinx.coroutines.DispatchedTask.run(SourceFile:123)
06-18 14:13:25.792 W/System.err(23023): 	at kotlinx.coroutines.internal.LimitedDispatcher$Worker.run(SourceFile:4)
06-18 14:13:25.792 W/System.err(23023): 	at kotlinx.coroutines.scheduling.TaskImpl.run(SourceFile:3)
06-18 14:13:25.792 W/System.err(23023): 	at kotlinx.coroutines.scheduling.CoroutineScheduler.runSafely(SourceFile:1)
06-18 14:13:25.792 W/System.err(23023): 	at kotlinx.coroutines.scheduling.CoroutineScheduler$Worker.executeTask(SourceFile:34)
06-18 14:13:25.792 W/System.err(23023): 	at kotlinx.coroutines.scheduling.CoroutineScheduler$Worker.runWorker(SourceFile:29)
06-18 14:13:25.792 W/System.err(23023): 	at kotlinx.coroutines.scheduling.CoroutineScheduler$Worker.run(SourceFile:1)
06-18 14:13:25.793 W/System.err(23023): Caused by: android.system.ErrnoException: open failed: ENOENT (No such file or directory)
06-18 14:13:25.793 W/System.err(23023): 	at libcore.io.Linux.open(Native Method)
06-18 14:13:25.793 W/System.err(23023): 	at libcore.io.ForwardingOs.open(ForwardingOs.java:567)
06-18 14:13:25.793 W/System.err(23023): 	at libcore.io.BlockGuardOs.open(BlockGuardOs.java:273)
06-18 14:13:25.793 W/System.err(23023): 	at libcore.io.ForwardingOs.open(ForwardingOs.java:567)
06-18 14:13:25.793 W/System.err(23023): 	at android.app.ActivityThread$AndroidOs.open(ActivityThread.java:7761)
06-18 14:13:25.794 W/System.err(23023): 	at libcore.io.IoBridge.open(IoBridge.java:561)
06-18 14:13:25.794 W/System.err(23023): 	... 69 more
06-18 14:13:25.797 W/System.err(23023): java.io.FileNotFoundException: sys/class/sunxi_info/sys_info: open failed: ENOENT (No such file or directory)
06-18 14:13:25.797 W/System.err(23023): 	at libcore.io.IoBridge.open(IoBridge.java:575)
06-18 14:13:25.797 W/System.err(23023): 	at java.io.FileInputStream.<init>(FileInputStream.java:160)
06-18 14:13:25.798 W/System.err(23023): 	at java.io.FileInputStream.<init>(FileInputStream.java:115)
06-18 14:13:25.798 W/System.err(23023): 	at ip.b.b(SourceFile:5)
06-18 14:13:25.798 W/System.err(23023): 	at ip.b.a(SourceFile:155)
06-18 14:13:25.798 W/System.err(23023): 	at ip.a.invoke(SourceFile:127)
06-18 14:13:25.798 W/System.err(23023): 	at dh.v.getValue(SourceFile:21)
06-18 14:13:25.798 W/System.err(23023): 	at tech.gtt.frontapp.servicesdk.common.network.interceptor.params.ApiDeviceParams.handleFixedParams(SourceFile:65)
06-18 14:13:25.798 W/System.err(23023): 	at tech.gtt.frontapp.servicesdk.common.service.utility.apis.IParamsGetter.toMaps(SourceFile:87)
06-18 14:13:25.798 W/System.err(23023): 	at tech.gtt.frontapp.servicesdk.common.network.interceptor.DefaultParamsInterceptor.onRequest(SourceFile:127)
06-18 14:13:25.798 W/System.err(23023): 	at tech.gtt.frontapp.servicesdk.common.network.interceptor.SDKInterceptorsPluginKt$setupRequestInterception$1.invokeSuspend(SourceFile:103)
06-18 14:13:25.798 W/System.err(23023): 	at tech.gtt.frontapp.servicesdk.common.network.interceptor.SDKInterceptorsPluginKt$setupRequestInterception$1.invoke(SourceFile:1)
06-18 14:13:25.798 W/System.err(23023): 	at tech.gtt.frontapp.servicesdk.common.network.interceptor.SDKInterceptorsPluginKt$setupRequestInterception$1.invoke(SourceFile:2)
06-18 14:13:25.798 W/System.err(23023): 	at io.ktor.util.pipeline.DebugPipelineContext.proceedLoop(SourceFile:86)
06-18 14:13:25.798 W/System.err(23023): 	at io.ktor.util.pipeline.DebugPipelineContext.proceed(SourceFile:26)
06-18 14:13:25.798 W/System.err(23023): 	at io.ktor.client.plugins.RequestError$install$1.invokeSuspend(SourceFile:47)
06-18 14:13:25.798 W/System.err(23023): 	at io.ktor.client.plugins.RequestError$install$1.invoke(SourceFile:1)
06-18 14:13:25.798 W/System.err(23023): 	at io.ktor.client.plugins.RequestError$install$1.invoke(SourceFile:2)
06-18 14:13:25.798 W/System.err(23023): 	at io.ktor.util.pipeline.DebugPipelineContext.proceedLoop(SourceFile:86)
06-18 14:13:25.798 W/System.err(23023): 	at io.ktor.util.pipeline.DebugPipelineContext.proceed(SourceFile:26)
06-18 14:13:25.798 W/System.err(23023): 	at io.ktor.client.plugins.SetupRequestContext$install$1.invokeSuspend$proceed(SourceFile:1)
06-18 14:13:25.798 W/System.err(23023): 	at io.ktor.client.plugins.SetupRequestContext$install$1.access$invokeSuspend$proceed(SourceFile:1)
06-18 14:13:25.798 W/System.err(23023): 	at io.ktor.client.plugins.SetupRequestContext$install$1$1.invoke(SourceFile:2)
06-18 14:13:25.798 W/System.err(23023): 	at io.ktor.client.plugins.SetupRequestContext$install$1$1.invoke(SourceFile:1)
06-18 14:13:25.798 W/System.err(23023): 	at io.ktor.client.plugins.HttpRequestLifecycleKt$HttpRequestLifecycle$1$1.invokeSuspend(SourceFile:78)
06-18 14:13:25.798 W/System.err(23023): 	at io.ktor.client.plugins.HttpRequestLifecycleKt$HttpRequestLifecycle$1$1.invoke(SourceFile:1)
06-18 14:13:25.798 W/System.err(23023): 	at io.ktor.client.plugins.HttpRequestLifecycleKt$HttpRequestLifecycle$1$1.invoke(SourceFile:2)
06-18 14:13:25.798 W/System.err(23023): 	at io.ktor.client.plugins.SetupRequestContext$install$1.invokeSuspend(SourceFile:42)
06-18 14:13:25.798 W/System.err(23023): 	at io.ktor.client.plugins.SetupRequestContext$install$1.invoke(SourceFile:1)
06-18 14:13:25.798 W/System.err(23023): 	at io.ktor.client.plugins.SetupRequestContext$install$1.invoke(SourceFile:2)
06-18 14:13:25.798 W/System.err(23023): 	at io.ktor.util.pipeline.DebugPipelineContext.proceedLoop(SourceFile:86)
06-18 14:13:25.798 W/System.err(23023): 	at io.ktor.util.pipeline.DebugPipelineContext.proceed(SourceFile:26)
06-18 14:13:25.798 W/System.err(23023): 	at io.ktor.util.pipeline.DebugPipelineContext.execute$ktor_utils(SourceFile:7)
06-18 14:13:25.798 W/System.err(23023): 	at io.ktor.util.pipeline.Pipeline.execute(SourceFile:9)
06-18 14:13:25.798 W/System.err(23023): 	at io.ktor.client.HttpClient.execute$ktor_client_core(SourceFile:68)
06-18 14:13:25.798 W/System.err(23023): 	at io.ktor.client.statement.HttpStatement.fetchResponse(SourceFile:90)
06-18 14:13:25.798 W/System.err(23023): 	at io.ktor.client.statement.HttpStatement.execute(SourceFile:9)
06-18 14:13:25.798 W/System.err(23023): 	at de.jensklingenberg.ktorfit.internal.KtorfitConverterHelper.suspendRequest(SourceFile:127)
06-18 14:13:25.798 W/System.err(23023): 	at de.jensklingenberg.ktorfit.internal.KtorfitConverterHelper$request$1$1.invokeSuspend(SourceFile:58)
06-18 14:13:25.798 W/System.err(23023): 	at de.jensklingenberg.ktorfit.internal.KtorfitConverterHelper$request$1$1.invoke(SourceFile:2)
06-18 14:13:25.798 W/System.err(23023): 	at de.jensklingenberg.ktorfit.internal.KtorfitConverterHelper$request$1$1.invoke(SourceFile:1)
06-18 14:13:25.798 W/System.err(23023): 	at de.jensklingenberg.ktorfit.converter.FlowConverterFactory$responseConverter$1$convert$1.invokeSuspend(SourceFile:84)
