06-18 14:13:27.740 W/ActivityTaskManager( 1936): Tried to set launchTime (0) < mLastActivityLaunchTime (70097667)
06-18 14:13:27.744 V/GSK-Upgrade:UpgradeManager(23023): startLoopUpdateApp
06-18 14:13:27.744 V/GSK     (23023): UpgradeServiceImp unnecessary initialization() executed in 61 ms.
06-18 14:13:27.751 V/GSK-Upgrade:ComponentUpdater(23023): init
06-18 14:13:27.752 V/GSK-Upgrade:ComponentUpdater(23023): loadLocalDex
06-18 14:13:27.753 V/GSK-Upgrade:ComponentUpdater(23023): local dex is empty
06-18 14:13:27.753 V/GSK-Upgrade:ComponentUpdater(23023): local dex is empty
06-18 14:13:27.753 V/GSK-Upgrade:ComponentUpdater(23023): local dex is empty
06-18 14:13:27.753 V/GSK-Upgrade:ComponentUpdater(23023): local dex is empty
06-18 14:13:27.753 V/GSK-Upgrade:ComponentUpdater(23023): local dex is empty
06-18 14:13:27.753 V/GSK-Upgrade:ComponentUpdater(23023): local dex is empty
06-18 14:13:27.764 D/AndroidAutoSize(23023): tech.gtt.frontapp.stb.m.home.activity.LoadingActivity used the global configuration.
06-18 14:13:27.764 D/AndroidAutoSize(23023): The tech.gtt.frontapp.stb.m.home.activity.LoadingActivity has been adapted! 
06-18 14:13:27.764 D/AndroidAutoSize(23023): LoadingActivity Info: isBaseOnWidth = true, designWidthInDp = 1920.000000, designWidthInSubunits = 1920.000000, targetDensity = 1.000000, targetScaledDensity = 1.000000, targetDensityDpi = 160, targetXdpi = 1.000000, targetScreenWidthDp = 1920, targetScreenHeightDp = 1032
06-18 14:13:27.805 V/GSK-Account:AccountManager(23023): isLoggedIn=false
06-18 14:13:27.806 D/AndroidAutoSize(23023): tech.gtt.frontapp.stb.m.home.activity.LoadingActivity used the global configuration.
06-18 14:13:27.806 D/AndroidAutoSize(23023): The tech.gtt.frontapp.stb.m.home.activity.LoadingActivity has been adapted! 
06-18 14:13:27.806 D/AndroidAutoSize(23023): LoadingActivity Info: isBaseOnWidth = true, designWidthInDp = 1920.000000, designWidthInSubunits = 1920.000000, targetDensity = 1.000000, targetScaledDensity = 1.000000, targetDensityDpi = 160, targetXdpi = 1.000000, targetScreenWidthDp = 1920, targetScreenHeightDp = 1032
06-18 14:13:27.814 W/WindowManager( 1936): Failed looking up window session=Session{cfc168e 23023:u0a10058} callers=com.android.server.wm.WindowManagerService.windowForClientLocked:5850 com.android.server.wm.Session.updateRequestedVisibilities:640 android.view.IWindowSession$Stub.onTransact:1175 
06-18 14:13:27.833 D/gralloc_nox( 1767): gralloc_alloc: Creating ashmem region of size 8298496
06-18 14:13:27.854 D/gralloc_nox( 1767): gralloc_alloc: Creating ashmem region of size 8298496
06-18 14:13:27.876 D/gralloc_nox( 1767): gralloc_alloc: Creating ashmem region of size 8298496
06-18 14:13:27.876 D/ProcessState(23149): Binder ioctl to enable oneway spam detection failed: Invalid argument
06-18 14:13:27.885 W/System  ( 1936): A resource failed to call close. 
06-18 14:13:27.886 W/System  ( 1936): A resource failed to call release. 
06-18 14:13:27.946 I/ActivityTaskManager( 1936): Displayed tech.gtt.frontapp.stb.demo/tech.gtt.frontapp.stb.m.home.activity.LoadingActivity: +238ms
06-18 14:13:27.966 D/CompatibilityChangeReporter(23023): Compat change id reported: 171228096; UID 10058; state: ENABLED
06-18 14:13:27.978 W/DataBinding(23023): Setting the fragment as the LifecycleOwner might cause memory leaks because views lives shorter than the Fragment. Consider using Fragment's view lifecycle
06-18 14:13:28.018 I/MediaFocusControl( 1936): requestAudioFocus() from uid/pid 10058/23023 AA=USAGE_MEDIA/CONTENT_TYPE_MOVIE clientId=android.media.AudioManager@1be4bcd callingPack=tech.gtt.frontapp.stb.demo req=1 flags=0x0 sdk=35
06-18 14:13:28.019 I/AudioService.FadeOutManager( 1936): unfadeOutUid() uid:10058
06-18 14:13:28.024 E/NOX     ( 1786): recv() error
06-18 14:13:28.024 D/NOX     ( 1786): Socket read error
06-18 14:13:28.031 W/MediaProvider( 2560): Failed to fetch original file descriptor
06-18 14:13:28.031 W/MediaProvider( 2560): java.io.IOException: stat failed: ENOENT (No such file or directory)
06-18 14:13:28.031 W/MediaProvider( 2560): 	at com.android.providers.media.MediaProvider.getFileFromFileDescriptor(MediaProvider.java:5822)
06-18 14:13:28.031 W/MediaProvider( 2560): 	at com.android.providers.media.MediaProvider.getOriginalMediaFormatFileDescriptor(MediaProvider.java:5739)
06-18 14:13:28.031 W/MediaProvider( 2560): 	at com.android.providers.media.MediaProvider.openTypedAssetFileCommon(MediaProvider.java:7162)
06-18 14:13:28.031 W/MediaProvider( 2560): 	at com.android.providers.media.MediaProvider.openTypedAssetFile(MediaProvider.java:7143)
06-18 14:13:28.031 W/MediaProvider( 2560): 	at android.content.ContentProvider$Transport.openTypedAssetFile(ContentProvider.java:548)
06-18 14:13:28.031 W/MediaProvider( 2560): 	at android.content.ContentProviderNative.onTransact(ContentProviderNative.java:327)
06-18 14:13:28.031 W/MediaProvider( 2560): 	at android.os.Binder.execTransactInternal(Binder.java:1179)
06-18 14:13:28.031 W/MediaProvider( 2560): 	at android.os.Binder.execTransact(Binder.java:1143)
06-18 14:13:28.031 W/MediaProvider( 2560): Caused by: android.system.ErrnoException: stat failed: ENOENT (No such file or directory)
06-18 14:13:28.031 W/MediaProvider( 2560): 	at libcore.io.Linux.stat(Native Method)
06-18 14:13:28.031 W/MediaProvider( 2560): 	at libcore.io.ForwardingOs.stat(ForwardingOs.java:853)
06-18 14:13:28.031 W/MediaProvider( 2560): 	at libcore.io.BlockGuardOs.stat(BlockGuardOs.java:420)
06-18 14:13:28.031 W/MediaProvider( 2560): 	at libcore.io.ForwardingOs.stat(ForwardingOs.java:853)
06-18 14:13:28.031 W/MediaProvider( 2560): 	at android.app.ActivityThread$AndroidOs.stat(ActivityThread.java:7775)
06-18 14:13:28.031 W/MediaProvider( 2560): 	at android.system.Os.stat(Os.java:919)
06-18 14:13:28.031 W/MediaProvider( 2560): 	at com.android.providers.media.MediaProvider.getFileFromFileDescriptor(MediaProvider.java:5816)
06-18 14:13:28.031 W/MediaProvider( 2560): 	... 7 more
06-18 14:13:28.032 D/NuPlayerDriver( 1809): NuPlayerDriver(0xf5c02920) created, clientPid(23023)
06-18 14:13:28.034 D/SurfaceUtils( 1809): connecting to surface 0xf0804ba8, reason setVideoSurfaceTexture
06-18 14:13:28.035 D/NuPlayer( 1809): onSetVideoSurface(0xf0800010, no video decoder)
06-18 14:13:28.041 D/GenericSource( 1809): FileSource remote
06-18 14:13:28.044 D/UIAutomatorStub(23079): URI: /jsonrpc/0, Method: POST, params, {NanoHttpd.QUERY_STRING=null}, files: {postData={"jsonrpc": "2.0", "id": 1, "method": "waitForExists", "params": [{"mask": 2097152, "childOrSibling": [], "childOrSiblingSelector": [], "resourceId": "tech.gtt.frontapp.stb.demo:id/account_login_tv2"}, 20000]}}
06-18 14:13:28.046 I/SampleTable( 1807): There are reordered frames present.
06-18 14:13:28.048 D/MediaBufferGroup( 1807): creating MemoryDealer
06-18 14:13:28.053 D/UiDevice(23079): Waiting 20000ms for SearchCondition[hasObject=BySelector [RES='\Qtech.gtt.frontapp.stb.demo:id/account_login_tv2\E']].
06-18 14:13:28.053 D/UiDevice(23079): Searching for node with selector: BySelector [RES='\Qtech.gtt.frontapp.stb.demo:id/account_login_tv2\E'].
06-18 14:13:28.056 W/QueryController(23079): Could not detect idle state.
06-18 14:13:28.059 D/MediaPlayerNative(23023): getMetadata
06-18 14:13:28.083 I/GenericSource( 1809): start
06-18 14:13:28.102 I/OMXClient( 1809): IOmx service obtained
06-18 14:13:28.103 I/OMXClient( 1809): IOmx service obtained
06-18 14:13:28.104 I/OMXStore( 1812): makeComponentInstance(OMX.google.h264.decoder) in android.hardwar process
06-18 14:13:28.106 I/OMXStore( 1812): makeComponentInstance(OMX.google.aac.decoder) in android.hardwar process
06-18 14:13:28.111 E/OMXNodeInstance( 1812): setConfig(0xe6d416d0:google.aac.decoder, ConfigPriority(0x6f800002)) ERROR: Undefined(0x80001001)
06-18 14:13:28.111 I/ACodec  ( 1809): codec does not support config priority (err -2147483648)
06-18 14:13:28.112 E/OMXNodeInstance( 1812): getConfig(0xe6d416d0:google.aac.decoder, ConfigAndroidVendorExtension(0x6f100004)) ERROR: Undefined(0x80001001)
06-18 14:13:28.112 D/SoftAAC2( 1812): get OMX_IndexParamAudioAndroidAacDrcPresentation
06-18 14:13:28.113 I/MediaCodec( 1809): MediaCodec will operate in async mode
06-18 14:13:28.113 D/MediaCodec( 1809): keep callback message for reclaim
06-18 14:13:28.116 D/SurfaceUtils( 1809): disconnecting from surface 0xf0800018, reason onConfigure
06-18 14:13:28.125 D/SurfaceUtils( 1809): connecting to surface 0xf0800018, reason connectToSurface
06-18 14:13:28.131 I/MediaCodec( 1809): [OMX.google.h264.decoder] setting surface generation to 1852438
06-18 14:13:28.131 D/SurfaceUtils( 1809): disconnecting from surface 0xf0800018, reason connectToSurface(reconnect)
06-18 14:13:28.133 D/SurfaceUtils( 1809): connecting to surface 0xf0800018, reason connectToSurface(reconnect)
06-18 14:13:28.143 E/OMXNodeInstance( 1812): getExtensionIndex(0xe6d40ef0:google.h264.decoder, OMX.google.android.index.enableAndroidNativeBuffers) ERROR: UnsupportedIndex(0x8000101a)
06-18 14:13:28.143 E/ACodec  ( 1809): [OMX.google.h264.decoder] setPortMode on output to DynamicANWBuffer failed w/ err -1010
06-18 14:13:28.144 E/OMXNodeInstance( 1812): getParameter(0xe6d40ef0:google.h264.decoder, ??(0x6f600011)) ERROR: UnsupportedIndex(0x8000101a)
06-18 14:13:28.144 W/OMXNodeInstance( 1812): [0xe6d40ef0:google.h264.decoder] component does not support metadata mode; using fallback
06-18 14:13:28.144 I/SoftAAC2( 1812): Reconfiguring decoder: 0->44100 Hz, 0->1 channels
06-18 14:13:28.145 D/SoftVideoDecoderOMXComponent( 1812): Color Aspects preference: 1 
06-18 14:13:28.146 D/SoftAAC2( 1812): get OMX_IndexParamAudioAndroidAacDrcPresentation
06-18 14:13:28.146 E/OMXNodeInstance( 1812): setConfig(0xe6d40ef0:google.h264.decoder, ConfigPriority(0x6f800002)) ERROR: UnsupportedIndex(0x8000101a)
06-18 14:13:28.146 I/ACodec  ( 1809): codec does not support config priority (err -1010)
06-18 14:13:28.146 E/OMXNodeInstance( 1812): setConfig(0xe6d40ef0:google.h264.decoder, ConfigOperatingRate(0x6f800003)) ERROR: UnsupportedIndex(0x8000101a)
06-18 14:13:28.146 I/ACodec  ( 1809): codec does not support config operating rate (err -1010)
06-18 14:13:28.146 E/OMXNodeInstance( 1812): getConfig(0xe6d40ef0:google.h264.decoder, ConfigAndroidVendorExtension(0x6f100004)) ERROR: UnsupportedIndex(0x8000101a)
06-18 14:13:28.150 E/OMXNodeInstance( 1812): getConfig(0xe6d40ef0:google.h264.decoder, ??(0x7f000003)) ERROR: UnsupportedSetting(0x80001019)
06-18 14:13:28.152 I/MediaCodec( 1809): MediaCodec will operate in async mode
06-18 14:13:28.152 D/MediaCodec( 1809): keep callback message for reclaim
06-18 14:13:28.173 D/AudioFlinger( 1776): Client defaulted notificationFrames to 11286 for frameCount 22572
06-18 14:13:28.175 D/AF::TrackHandle( 1776): OpPlayAudio: track:78 usage:1 not muted
06-18 14:13:28.176 W/ResourceManagerService( 1809): Ignoring request to add new resource entry with value <= 0
06-18 14:13:28.178 D/SoftVideoDecoderOMXComponent( 1812): Color Aspects preference: 1 
06-18 14:13:28.179 E/OMXNodeInstance( 1812): getConfig(0xe6d40ef0:google.h264.decoder, ??(0x7f000003)) ERROR: UnsupportedSetting(0x80001019)
06-18 14:13:28.184 W/InputManager-JNI( 1936): Input channel object '9266245 tech.gtt.frontapp.stb.demo/tech.gtt.frontapp.stb.m.home.activity.SplashActivity (client)' was disposed without first being removed with the input manager!
06-18 14:13:28.195 D/MediaCodec( 1809): [OMX.google.h264.decoder] setting dataspace on output surface to #102
06-18 14:13:28.222 D/gralloc_nox( 1767): gralloc_alloc: Creating ashmem region of size 589824
06-18 14:13:28.223 W/MediaPlayerNative(23023): info/warning (3, 0)
06-18 14:13:28.224 D/SoftwareRenderer( 1809): setting dataspace on output surface to #8000102
06-18 14:13:28.226 D/gralloc_nox( 1767): gralloc_alloc: Creating ashmem region of size 589824
06-18 14:13:28.252 D/UiDevice(23079): Searching for node with selector: BySelector [RES='\Qtech.gtt.frontapp.stb.demo:id/account_login_tv2\E'].
06-18 14:13:28.254 W/QueryController(23079): Could not detect idle state.
06-18 14:13:28.290 D/AudioFlinger( 1776): mixer(0x7e14b2cf8a60) throttle end: throttle time(38)
06-18 14:13:28.326 V/GSK-APIS(23023): received response >>> id: 6f0d2ff8 url: https://gtt-app-apigateway-lion.vdemosit.com/api/enduser/messagecenter/message/query/v1 statusCode: 400, exception: null
06-18 14:13:28.327 I/System.out(23023): [SDKInterceptorPlugin] Unhandled exception in request processing: Something went wrong while connecting to the server, statusCode: 400
06-18 14:13:28.374 D/UiDevice(23079): Searching for node with selector: BySelector [RES='\Qtech.gtt.frontapp.stb.demo:id/account_login_tv2\E'].
06-18 14:13:28.376 W/QueryController(23079): Could not detect idle state.
06-18 14:13:28.482 D/UiDevice(23079): Searching for node with selector: BySelector [RES='\Qtech.gtt.frontapp.stb.demo:id/account_login_tv2\E'].
06-18 14:13:28.482 W/QueryController(23079): Could not detect idle state.
06-18 14:13:28.586 D/UiDevice(23079): Searching for node with selector: BySelector [RES='\Qtech.gtt.frontapp.stb.demo:id/account_login_tv2\E'].
06-18 14:13:28.586 W/QueryController(23079): Could not detect idle state.
06-18 14:13:28.691 D/UiDevice(23079): Searching for node with selector: BySelector [RES='\Qtech.gtt.frontapp.stb.demo:id/account_login_tv2\E'].
06-18 14:13:28.691 W/QueryController(23079): Could not detect idle state.
06-18 14:13:28.795 D/UiDevice(23079): Searching for node with selector: BySelector [RES='\Qtech.gtt.frontapp.stb.demo:id/account_login_tv2\E'].
06-18 14:13:28.795 W/QueryController(23079): Could not detect idle state.
06-18 14:13:28.901 D/UiDevice(23079): Searching for node with selector: BySelector [RES='\Qtech.gtt.frontapp.stb.demo:id/account_login_tv2\E'].
06-18 14:13:28.902 W/QueryController(23079): Could not detect idle state.
06-18 14:13:29.013 D/UiDevice(23079): Searching for node with selector: BySelector [RES='\Qtech.gtt.frontapp.stb.demo:id/account_login_tv2\E'].
06-18 14:13:29.013 W/QueryController(23079): Could not detect idle state.
06-18 14:13:29.119 D/UiDevice(23079): Searching for node with selector: BySelector [RES='\Qtech.gtt.frontapp.stb.demo:id/account_login_tv2\E'].
06-18 14:13:29.119 W/QueryController(23079): Could not detect idle state.
06-18 14:13:29.228 D/UiDevice(23079): Searching for node with selector: BySelector [RES='\Qtech.gtt.frontapp.stb.demo:id/account_login_tv2\E'].
06-18 14:13:29.229 W/QueryController(23079): Could not detect idle state.
06-18 14:13:29.335 D/UiDevice(23079): Searching for node with selector: BySelector [RES='\Qtech.gtt.frontapp.stb.demo:id/account_login_tv2\E'].
06-18 14:13:29.336 W/QueryController(23079): Could not detect idle state.
06-18 14:13:29.439 D/UiDevice(23079): Searching for node with selector: BySelector [RES='\Qtech.gtt.frontapp.stb.demo:id/account_login_tv2\E'].
06-18 14:13:29.439 W/QueryController(23079): Could not detect idle state.
06-18 14:13:29.544 D/UiDevice(23079): Searching for node with selector: BySelector [RES='\Qtech.gtt.frontapp.stb.demo:id/account_login_tv2\E'].
06-18 14:13:29.545 W/QueryController(23079): Could not detect idle state.
06-18 14:13:29.649 D/UiDevice(23079): Searching for node with selector: BySelector [RES='\Qtech.gtt.frontapp.stb.demo:id/account_login_tv2\E'].
06-18 14:13:29.649 W/QueryController(23079): Could not detect idle state.
06-18 14:13:29.755 D/UiDevice(23079): Searching for node with selector: BySelector [RES='\Qtech.gtt.frontapp.stb.demo:id/account_login_tv2\E'].
06-18 14:13:29.755 W/QueryController(23079): Could not detect idle state.
06-18 14:13:29.859 D/UiDevice(23079): Searching for node with selector: BySelector [RES='\Qtech.gtt.frontapp.stb.demo:id/account_login_tv2\E'].
06-18 14:13:29.859 W/QueryController(23079): Could not detect idle state.
06-18 14:13:29.962 D/UiDevice(23079): Searching for node with selector: BySelector [RES='\Qtech.gtt.frontapp.stb.demo:id/account_login_tv2\E'].
06-18 14:13:29.962 W/QueryController(23079): Could not detect idle state.
06-18 14:13:30.065 D/UiDevice(23079): Searching for node with selector: BySelector [RES='\Qtech.gtt.frontapp.stb.demo:id/account_login_tv2\E'].
06-18 14:13:30.066 W/QueryController(23079): Could not detect idle state.
06-18 14:13:30.170 D/UiDevice(23079): Searching for node with selector: BySelector [RES='\Qtech.gtt.frontapp.stb.demo:id/account_login_tv2\E'].
06-18 14:13:30.170 W/QueryController(23079): Could not detect idle state.
06-18 14:13:30.274 D/UiDevice(23079): Searching for node with selector: BySelector [RES='\Qtech.gtt.frontapp.stb.demo:id/account_login_tv2\E'].
06-18 14:13:30.274 W/QueryController(23079): Could not detect idle state.
06-18 14:13:30.379 D/UiDevice(23079): Searching for node with selector: BySelector [RES='\Qtech.gtt.frontapp.stb.demo:id/account_login_tv2\E'].
06-18 14:13:30.380 W/QueryController(23079): Could not detect idle state.
06-18 14:13:30.486 D/UiDevice(23079): Searching for node with selector: BySelector [RES='\Qtech.gtt.frontapp.stb.demo:id/account_login_tv2\E'].
06-18 14:13:30.486 W/QueryController(23079): Could not detect idle state.
06-18 14:13:30.593 D/UiDevice(23079): Searching for node with selector: BySelector [RES='\Qtech.gtt.frontapp.stb.demo:id/account_login_tv2\E'].
06-18 14:13:30.594 W/QueryController(23079): Could not detect idle state.
06-18 14:13:30.701 D/UiDevice(23079): Searching for node with selector: BySelector [RES='\Qtech.gtt.frontapp.stb.demo:id/account_login_tv2\E'].
06-18 14:13:30.702 W/QueryController(23079): Could not detect idle state.
06-18 14:13:30.805 D/UiDevice(23079): Searching for node with selector: BySelector [RES='\Qtech.gtt.frontapp.stb.demo:id/account_login_tv2\E'].
06-18 14:13:30.806 W/QueryController(23079): Could not detect idle state.
06-18 14:13:30.912 D/UiDevice(23079): Searching for node with selector: BySelector [RES='\Qtech.gtt.frontapp.stb.demo:id/account_login_tv2\E'].
06-18 14:13:30.913 W/QueryController(23079): Could not detect idle state.
06-18 14:13:31.016 D/UiDevice(23079): Searching for node with selector: BySelector [RES='\Qtech.gtt.frontapp.stb.demo:id/account_login_tv2\E'].
06-18 14:13:31.016 W/QueryController(23079): Could not detect idle state.
06-18 14:13:31.119 D/UiDevice(23079): Searching for node with selector: BySelector [RES='\Qtech.gtt.frontapp.stb.demo:id/account_login_tv2\E'].
06-18 14:13:31.120 W/QueryController(23079): Could not detect idle state.
06-18 14:13:31.126 I/keystore2( 1710): keystore2::watchdog: Watchdog thread idle -> terminating. Have a great day.
06-18 14:13:31.224 D/UiDevice(23079): Searching for node with selector: BySelector [RES='\Qtech.gtt.frontapp.stb.demo:id/account_login_tv2\E'].
06-18 14:13:31.224 W/QueryController(23079): Could not detect idle state.
06-18 14:13:31.226 E/TaskPersister( 1936): File error accessing recents directory (directory doesn't exist?).
06-18 14:13:31.329 D/UiDevice(23079): Searching for node with selector: BySelector [RES='\Qtech.gtt.frontapp.stb.demo:id/account_login_tv2\E'].
06-18 14:13:31.330 W/QueryController(23079): Could not detect idle state.
06-18 14:13:31.434 D/UiDevice(23079): Searching for node with selector: BySelector [RES='\Qtech.gtt.frontapp.stb.demo:id/account_login_tv2\E'].
06-18 14:13:31.435 W/QueryController(23079): Could not detect idle state.
06-18 14:13:31.539 D/UiDevice(23079): Searching for node with selector: BySelector [RES='\Qtech.gtt.frontapp.stb.demo:id/account_login_tv2\E'].
06-18 14:13:31.539 W/QueryController(23079): Could not detect idle state.
06-18 14:13:31.645 D/UiDevice(23079): Searching for node with selector: BySelector [RES='\Qtech.gtt.frontapp.stb.demo:id/account_login_tv2\E'].
06-18 14:13:31.646 W/QueryController(23079): Could not detect idle state.
06-18 14:13:31.750 D/UiDevice(23079): Searching for node with selector: BySelector [RES='\Qtech.gtt.frontapp.stb.demo:id/account_login_tv2\E'].
06-18 14:13:31.751 W/QueryController(23079): Could not detect idle state.
06-18 14:13:31.857 D/UiDevice(23079): Searching for node with selector: BySelector [RES='\Qtech.gtt.frontapp.stb.demo:id/account_login_tv2\E'].
06-18 14:13:31.858 W/QueryController(23079): Could not detect idle state.
06-18 14:13:31.961 D/UiDevice(23079): Searching for node with selector: BySelector [RES='\Qtech.gtt.frontapp.stb.demo:id/account_login_tv2\E'].
06-18 14:13:31.961 W/QueryController(23079): Could not detect idle state.
06-18 14:13:32.066 D/UiDevice(23079): Searching for node with selector: BySelector [RES='\Qtech.gtt.frontapp.stb.demo:id/account_login_tv2\E'].
06-18 14:13:32.066 W/QueryController(23079): Could not detect idle state.
06-18 14:13:32.170 D/UiDevice(23079): Searching for node with selector: BySelector [RES='\Qtech.gtt.frontapp.stb.demo:id/account_login_tv2\E'].
06-18 14:13:32.171 W/QueryController(23079): Could not detect idle state.
06-18 14:13:32.275 D/UiDevice(23079): Searching for node with selector: BySelector [RES='\Qtech.gtt.frontapp.stb.demo:id/account_login_tv2\E'].
06-18 14:13:32.277 W/QueryController(23079): Could not detect idle state.
06-18 14:13:32.381 D/UiDevice(23079): Searching for node with selector: BySelector [RES='\Qtech.gtt.frontapp.stb.demo:id/account_login_tv2\E'].
06-18 14:13:32.382 W/QueryController(23079): Could not detect idle state.
06-18 14:13:32.383 D/AudioTrack( 1809): stop(30): called with 200704 frames delivered
06-18 14:13:32.486 D/UiDevice(23079): Searching for node with selector: BySelector [RES='\Qtech.gtt.frontapp.stb.demo:id/account_login_tv2\E'].
06-18 14:13:32.487 W/QueryController(23079): Could not detect idle state.
06-18 14:13:32.593 D/UiDevice(23079): Searching for node with selector: BySelector [RES='\Qtech.gtt.frontapp.stb.demo:id/account_login_tv2\E'].
06-18 14:13:32.593 W/QueryController(23079): Could not detect idle state.
06-18 14:13:32.700 D/UiDevice(23079): Searching for node with selector: BySelector [RES='\Qtech.gtt.frontapp.stb.demo:id/account_login_tv2\E'].
06-18 14:13:32.700 W/QueryController(23079): Could not detect idle state.
06-18 14:13:32.805 D/UiDevice(23079): Searching for node with selector: BySelector [RES='\Qtech.gtt.frontapp.stb.demo:id/account_login_tv2\E'].
06-18 14:13:32.805 W/QueryController(23079): Could not detect idle state.
06-18 14:13:32.845 D/NuPlayerDriver( 1809): stop(0xf5c02920)
06-18 14:13:32.845 V/MediaPlayer(23023): resetDrmState:  mDrmInfo=null mDrmProvisioningThread=null mPrepareDrmInProgress=false mActiveDrmScheme=false
06-18 14:13:32.845 V/MediaPlayer(23023): cleanDrmObj: mDrmObj=null mDrmSessionId=null
06-18 14:13:32.846 D/NuPlayerDriver( 1809): reset(0xf5c02920) at state 8
06-18 14:13:32.850 D/SurfaceUtils( 1809): disconnecting from surface 0xf0800018, reason disconnectFromSurface
06-18 14:13:32.851 D/SurfaceUtils( 1809): connecting to surface 0xf0800018, reason onShutdown
06-18 14:13:32.853 D/NuPlayerDriver( 1809): notifyResetComplete(0xf5c02920)
06-18 14:13:32.853 D/SurfaceUtils( 1809): disconnecting from surface 0xf0804ba8, reason disconnectNativeWindow
06-18 14:13:32.853 W/AMessage( 1809): failed to post message as target looper for handler 0 is gone.
06-18 14:13:32.854 I/MediaFocusControl( 1936): abandonAudioFocus() from uid/pid 10058/23023 clientId=android.media.AudioManager@1be4bcd
06-18 14:13:32.856 I/ActivityTaskManager( 1936): START u0 {cmp=tech.gtt.frontapp.stb.demo/tech.gtt.frontapp.stb.m.account.activity.LoginMethodSwitchActivity (has extras)} from uid 10058
06-18 14:13:32.857 D/CompatibilityChangeReporter( 1936): Compat change id reported: 174042980; UID 10058; state: DISABLED
06-18 14:13:32.857 D/CompatibilityChangeReporter( 1936): Compat change id reported: 184838306; UID 10058; state: DISABLED
06-18 14:13:32.858 D/CompatibilityChangeReporter( 1936): Compat change id reported: 185004937; UID 10058; state: DISABLED
06-18 14:13:32.858 D/CompatibilityChangeReporter( 1936): Compat change id reported: 181136395; UID 10058; state: DISABLED
06-18 14:13:32.858 D/CompatibilityChangeReporter( 1936): Compat change id reported: 174042936; UID 10058; state: DISABLED
06-18 14:13:32.859 D/CompatibilityChangeReporter( 1936): Compat change id reported: 197654537; UID 10058; state: ENABLED
06-18 14:13:32.859 D/CompatibilityChangeReporter( 1936): Compat change id reported: 168419799; UID 10058; state: DISABLED
06-18 14:13:32.861 I/MediaFocusControl( 1936): abandonAudioFocus() from uid/pid 10058/23023 clientId=android.media.AudioManager@1be4bcd
06-18 14:13:32.861 W/MediaPlayer(23023): mediaplayer went away with unhandled events
06-18 14:13:32.864 W/MediaPlayer(23023): mediaplayer went away with unhandled events
06-18 14:13:32.867 W/ActivityTaskManager( 1936): Tried to set launchTime (0) < mLastActivityLaunchTime (70104419)
06-18 14:13:32.879 D/AndroidAutoSize(23023): tech.gtt.frontapp.stb.m.account.activity.LoginMethodSwitchActivity used the global configuration.
06-18 14:13:32.880 D/AndroidAutoSize(23023): The tech.gtt.frontapp.stb.m.account.activity.LoginMethodSwitchActivity has been adapted! 
06-18 14:13:32.880 D/AndroidAutoSize(23023): LoginMethodSwitchActivity Info: isBaseOnWidth = true, designWidthInDp = 1920.000000, designWidthInSubunits = 1920.000000, targetDensity = 1.000000, targetScaledDensity = 1.000000, targetDensityDpi = 160, targetXdpi = 1.000000, targetScreenWidthDp = 1920, targetScreenHeightDp = 1032
06-18 14:13:32.908 D/UiDevice(23079): Searching for node with selector: BySelector [RES='\Qtech.gtt.frontapp.stb.demo:id/account_login_tv2\E'].
06-18 14:13:32.909 D/AndroidAutoSize(23023): tech.gtt.frontapp.stb.m.account.activity.LoginMethodSwitchActivity used the global configuration.
06-18 14:13:32.909 W/QueryController(23079): Could not detect idle state.
06-18 14:13:32.909 D/AndroidAutoSize(23023): The tech.gtt.frontapp.stb.m.account.activity.LoginMethodSwitchActivity has been adapted! 
06-18 14:13:32.909 D/AndroidAutoSize(23023): LoginMethodSwitchActivity Info: isBaseOnWidth = true, designWidthInDp = 1920.000000, designWidthInSubunits = 1920.000000, targetDensity = 1.000000, targetScaledDensity = 1.000000, targetDensityDpi = 160, targetXdpi = 1.000000, targetScreenWidthDp = 1920, targetScreenHeightDp = 1032
06-18 14:13:32.912 W/WindowManager( 1936): Failed looking up window session=Session{cfc168e 23023:u0a10058} callers=com.android.server.wm.WindowManagerService.windowForClientLocked:5850 com.android.server.wm.Session.updateRequestedVisibilities:640 android.view.IWindowSession$Stub.onTransact:1175 
06-18 14:13:32.922 D/gralloc_nox( 1767): gralloc_alloc: Creating ashmem region of size 8298496
06-18 14:13:32.948 D/gralloc_nox( 1767): gralloc_alloc: Creating ashmem region of size 8298496
06-18 14:13:32.969 D/ProcessState(23444): Binder ioctl to enable oneway spam detection failed: Invalid argument
06-18 14:13:32.989 D/gralloc_nox( 1767): gralloc_alloc: Creating ashmem region of size 8298496
06-18 14:13:33.049 E/libEGL  (23023): called unimplemented OpenGL ES API
06-18 14:13:33.081 I/ActivityTaskManager( 1936): Displayed tech.gtt.frontapp.stb.demo/tech.gtt.frontapp.stb.m.account.activity.LoginMethodSwitchActivity: +224ms
06-18 14:13:33.092 E/NOX     ( 1786): recv() error
06-18 14:13:33.092 D/NOX     ( 1786): Socket read error
06-18 14:13:33.160 D/UIAutomatorStub(23079): URI: /jsonrpc/0, Method: POST, params, {NanoHttpd.QUERY_STRING=null}, files: {postData={"jsonrpc": "2.0", "id": 1, "method": "objInfo", "params": [{"mask": 2097152, "childOrSibling": [], "childOrSiblingSelector": [], "resourceId": "tech.gtt.frontapp.stb.demo:id/account_login_tv2"}]}}
06-18 14:13:33.161 D/UiDevice(23079): Retrieving node with selector: BySelector [RES='\Qtech.gtt.frontapp.stb.demo:id/account_login_tv2\E'].
06-18 14:13:33.162 W/QueryController(23079): Could not detect idle state.
06-18 14:13:33.165 W/QueryController(23079): Could not detect idle state.
06-18 14:13:33.166 W/QueryController(23079): Could not detect idle state.
06-18 14:13:33.167 W/QueryController(23079): Could not detect idle state.
06-18 14:13:33.168 W/QueryController(23079): Could not detect idle state.
06-18 14:13:33.170 W/QueryController(23079): Could not detect idle state.
06-18 14:13:33.173 W/QueryController(23079): Could not detect idle state.
06-18 14:13:33.176 W/QueryController(23079): Could not detect idle state.
06-18 14:13:33.180 W/QueryController(23079): Could not detect idle state.
06-18 14:13:33.185 W/QueryController(23079): Could not detect idle state.
06-18 14:13:33.188 W/QueryController(23079): Could not detect idle state.
06-18 14:13:33.192 W/QueryController(23079): Could not detect idle state.
06-18 14:13:33.194 W/QueryController(23079): Could not detect idle state.
06-18 14:13:33.196 W/QueryController(23079): Could not detect idle state.
06-18 14:13:33.200 W/QueryController(23079): Could not detect idle state.
06-18 14:13:33.201 W/QueryController(23079): Could not detect idle state.
06-18 14:13:33.204 W/QueryController(23079): Could not detect idle state.
06-18 14:13:33.209 W/QueryController(23079): Could not detect idle state.
06-18 14:13:33.241 D/UIAutomatorStub(23079): URI: /jsonrpc/0, Method: POST, params, {NanoHttpd.QUERY_STRING=null}, files: {postData={"jsonrpc": "2.0", "id": 1, "method": "click", "params": [1390.0, 559.0]}}
06-18 14:13:33.301 W/InputManager-JNI( 1936): Input channel object '7d3d3b3 tech.gtt.frontapp.stb.demo/tech.gtt.frontapp.stb.m.home.activity.LoadingActivity (client)' was disposed without first being removed with the input manager!
06-18 14:13:33.429 I/ActivityTaskManager( 1936): START u0 {cmp=tech.gtt.frontapp.stb.demo/tech.gtt.frontapp.stb.m.account.activity.LoginActivity} from uid 10058
06-18 14:13:33.434 W/ActivityTaskManager( 1936): Tried to set launchTime (0) < mLastActivityLaunchTime (70109545)
06-18 14:13:33.444 D/AndroidAutoSize(23023): tech.gtt.frontapp.stb.m.account.activity.LoginActivity used the global configuration.
06-18 14:13:33.444 D/AndroidAutoSize(23023): The tech.gtt.frontapp.stb.m.account.activity.LoginActivity has been adapted! 
06-18 14:13:33.444 D/AndroidAutoSize(23023): LoginActivity Info: isBaseOnWidth = true, designWidthInDp = 1920.000000, designWidthInSubunits = 1920.000000, targetDensity = 1.000000, targetScaledDensity = 1.000000, targetDensityDpi = 160, targetXdpi = 1.000000, targetScreenWidthDp = 1920, targetScreenHeightDp = 1032
06-18 14:13:33.467 D/UIAutomatorStub(23079): URI: /jsonrpc/0, Method: POST, params, {NanoHttpd.QUERY_STRING=null}, files: {postData={"jsonrpc": "2.0", "id": 1, "method": "waitForExists", "params": [{"mask": 2097152, "childOrSibling": [], "childOrSiblingSelector": [], "resourceId": "tech.gtt.frontapp.stb.demo:id/loginf_et_username"}, 20000]}}
06-18 14:13:33.468 D/UiDevice(23079): Waiting 20000ms for SearchCondition[hasObject=BySelector [RES='\Qtech.gtt.frontapp.stb.demo:id/loginf_et_username\E']].
06-18 14:13:33.468 D/UiDevice(23079): Searching for node with selector: BySelector [RES='\Qtech.gtt.frontapp.stb.demo:id/loginf_et_username\E'].
06-18 14:13:33.469 W/QueryController(23079): Could not detect idle state.
06-18 14:13:33.506 D/AndroidAutoSize(23023): tech.gtt.frontapp.stb.m.account.activity.LoginActivity used the global configuration.
06-18 14:13:33.507 D/AndroidAutoSize(23023): The tech.gtt.frontapp.stb.m.account.activity.LoginActivity has been adapted! 
06-18 14:13:33.507 D/AndroidAutoSize(23023): LoginActivity Info: isBaseOnWidth = true, designWidthInDp = 1920.000000, designWidthInSubunits = 1920.000000, targetDensity = 1.000000, targetScaledDensity = 1.000000, targetDensityDpi = 160, targetXdpi = 1.000000, targetScreenWidthDp = 1920, targetScreenHeightDp = 1032
06-18 14:13:33.510 W/WindowManager( 1936): Failed looking up window session=Session{cfc168e 23023:u0a10058} callers=com.android.server.wm.WindowManagerService.windowForClientLocked:5850 com.android.server.wm.Session.updateRequestedVisibilities:640 android.view.IWindowSession$Stub.onTransact:1175 
06-18 14:13:33.527 D/gralloc_nox( 1767): gralloc_alloc: Creating ashmem region of size 8298496
06-18 14:13:33.545 D/gralloc_nox( 1767): gralloc_alloc: Creating ashmem region of size 8298496
06-18 14:13:33.561 D/ProcessState(23456): Binder ioctl to enable oneway spam detection failed: Invalid argument
06-18 14:13:33.564 D/gralloc_nox( 1767): gralloc_alloc: Creating ashmem region of size 8298496
06-18 14:13:33.623 W/ByMatcher(23079): Node returned null child: android.view.accessibility.AccessibilityNodeInfo@11e09; boundsInParent: Rect(0, 0 - 807, 364); boundsInScreen: Rect(120, 358 - 927, 722); packageName: tech.gtt.frontapp.stb.demo; className: android.widget.LinearLayout; text: null; error: null; maxTextLength: -1; stateDescription: null; contentDescription: null; tooltipText: null; viewIdResName: null; checkable: false; checked: false; focusable: false; focused: false; selected: false; clickable: false; longClickable: false; contextClickable: false; enabled: true; password: false; scrollable: false; importantForAccessibility: false; visible: true; actions: [AccessibilityAction: ACTION_SELECT - null, AccessibilityAction: ACTION_CLEAR_SELECTION - null, AccessibilityAction: ACTION_ACCESSIBILITY_FOCUS - null, AccessibilityAction: ACTION_SHOW_ON_SCREEN - null]
06-18 14:13:33.626 W/ByMatcher(23079): Skipping null child (1 of 3)
06-18 14:13:33.628 W/ByMatcher(23079): Skipping null child (2 of 3)
06-18 14:13:33.629 W/ByMatcher(23079): Node returned null child: android.view.accessibility.AccessibilityNodeInfo@11687; boundsInParent: Rect(0, 0 - 1920, 1080); boundsInScreen: Rect(0, 0 - 1920, 1080); packageName: tech.gtt.frontapp.stb.demo; className: android.widget.RelativeLayout; text: null; error: null; maxTextLength: -1; stateDescription: null; contentDescription: null; tooltipText: null; viewIdResName: null; checkable: false; checked: false; focusable: false; focused: false; selected: false; clickable: false; longClickable: false; contextClickable: false; enabled: true; password: false; scrollable: false; importantForAccessibility: false; visible: true; actions: [AccessibilityAction: ACTION_SELECT - null, AccessibilityAction: ACTION_CLEAR_SELECTION - null, AccessibilityAction: ACTION_ACCESSIBILITY_FOCUS - null, AccessibilityAction: ACTION_SHOW_ON_SCREEN - null]
06-18 14:13:33.629 W/ByMatcher(23079): Skipping null child (1 of 3)
06-18 14:13:33.629 W/ByMatcher(23079): Skipping null child (2 of 3)
06-18 14:13:33.630 W/ByMatcher(23079): Node returned null child: android.view.accessibility.AccessibilityNodeInfo@8000715b; boundsInParent: Rect(0, 0 - 1920, 1080); boundsInScreen: Rect(0, 0 - 1920, 1080); packageName: tech.gtt.frontapp.stb.demo; className: android.widget.FrameLayout; text: null; error: null; maxTextLength: -1; stateDescription: null; contentDescription: null; tooltipText: null; viewIdResName: null; checkable: false; checked: false; focusable: false; focused: false; selected: false; clickable: false; longClickable: false; contextClickable: false; enabled: true; password: false; scrollable: false; importantForAccessibility: true; visible: true; actions: [AccessibilityAction: ACTION_SELECT - null, AccessibilityAction: ACTION_CLEAR_SELECTION - null, AccessibilityAction: ACTION_ACCESSIBILITY_FOCUS - null, AccessibilityAction: ACTION_SHOW_ON_SCREEN - null]
06-18 14:13:33.630 W/ByMatcher(23079): Skipping null child (0 of 1)
06-18 14:13:33.630 I/ActivityTaskManager( 1936): Displayed tech.gtt.frontapp.stb.demo/tech.gtt.frontapp.stb.m.account.activity.LoginActivity: +200ms
06-18 14:13:33.732 D/UiDevice(23079): Searching for node with selector: BySelector [RES='\Qtech.gtt.frontapp.stb.demo:id/loginf_et_username\E'].
06-18 14:13:33.733 W/QueryController(23079): Could not detect idle state.
06-18 14:13:33.765 D/UIAutomatorStub(23079): URI: /jsonrpc/0, Method: POST, params, {NanoHttpd.QUERY_STRING=null}, files: {postData={"jsonrpc": "2.0", "id": 1, "method": "objInfo", "params": [{"mask": 2097152, "childOrSibling": [], "childOrSiblingSelector": [], "resourceId": "tech.gtt.frontapp.stb.demo:id/loginf_et_username"}]}}
06-18 14:13:33.766 D/UiDevice(23079): Retrieving node with selector: BySelector [RES='\Qtech.gtt.frontapp.stb.demo:id/loginf_et_username\E'].
06-18 14:13:33.766 W/QueryController(23079): Could not detect idle state.
06-18 14:13:33.769 W/QueryController(23079): Could not detect idle state.
06-18 14:13:33.770 W/QueryController(23079): Could not detect idle state.
06-18 14:13:33.773 W/QueryController(23079): Could not detect idle state.
06-18 14:13:33.774 W/QueryController(23079): Could not detect idle state.
06-18 14:13:33.776 W/QueryController(23079): Could not detect idle state.
06-18 14:13:33.778 W/QueryController(23079): Could not detect idle state.
06-18 14:13:33.780 W/QueryController(23079): Could not detect idle state.
06-18 14:13:33.781 W/QueryController(23079): Could not detect idle state.
06-18 14:13:33.781 W/QueryController(23079): Could not detect idle state.
06-18 14:13:33.782 W/QueryController(23079): Could not detect idle state.
06-18 14:13:33.783 W/QueryController(23079): Could not detect idle state.
06-18 14:13:33.785 W/QueryController(23079): Could not detect idle state.
06-18 14:13:33.786 W/QueryController(23079): Could not detect idle state.
06-18 14:13:33.789 W/QueryController(23079): Could not detect idle state.
06-18 14:13:33.790 W/QueryController(23079): Could not detect idle state.
06-18 14:13:33.793 W/QueryController(23079): Could not detect idle state.
06-18 14:13:33.796 W/QueryController(23079): Could not detect idle state.
06-18 14:13:33.825 D/UIAutomatorStub(23079): URI: /jsonrpc/0, Method: POST, params, {NanoHttpd.QUERY_STRING=null}, files: {postData={"jsonrpc": "2.0", "id": 1, "method": "click", "params": [1057.0, 437.0]}}
06-18 14:13:33.872 W/SurfaceFlinger( 1779): couldn't log to binary event log: overflow.
06-18 14:13:33.965 D/CompatibilityChangeReporter(23023): Compat change id reported: 163400105; UID 10058; state: ENABLED
06-18 14:13:33.965 D/InputMethodManager(23023): showSoftInput() view=tech.gtt.frontapp.stb.c.ui.edittext.EmailAutoCompleteTextView{b2e5e7d VFED..CL. .F.P..ID 0,0-700,92 #7f0b02ce app:id/loginf_et_username aid=1073741824} flags=0 reason=SHOW_SOFT_INPUT
06-18 14:13:33.966 V/InputMethodService( 3034): onEvaluateInputViewShown: config.hardKeyboardHidden = 2
06-18 14:13:33.966 V/InputMethodService( 3034): onEvaluateInputViewShown: config.hardKeyboardHidden = 2
06-18 14:13:33.966 I/AdbKeyboard( 3034): imeAction: 5 Next
06-18 14:13:33.975 D/gralloc_nox( 1767): gralloc_alloc: Creating ashmem region of size 647168
06-18 14:13:33.998 D/gralloc_nox( 1767): gralloc_alloc: Creating ashmem region of size 647168
06-18 14:13:34.002 D/gralloc_nox( 1767): gralloc_alloc: Creating ashmem region of size 647168
06-18 14:13:34.009 D/UIAutomatorStub(23079): URI: /jsonrpc/0, Method: POST, params, {NanoHttpd.QUERY_STRING=null}, files: {postData={"jsonrpc": "2.0", "id": 1, "method": "waitForExists", "params": [{"mask": 2097152, "childOrSibling": [], "childOrSiblingSelector": [], "resourceId": "tech.gtt.frontapp.stb.demo:id/loginf_et_username"}, 20000]}}
06-18 14:13:34.010 D/UiDevice(23079): Waiting 20000ms for SearchCondition[hasObject=BySelector [RES='\Qtech.gtt.frontapp.stb.demo:id/loginf_et_username\E']].
06-18 14:13:34.010 D/UiDevice(23079): Searching for node with selector: BySelector [RES='\Qtech.gtt.frontapp.stb.demo:id/loginf_et_username\E'].
06-18 14:13:34.011 W/QueryController(23079): Could not detect idle state.
06-18 14:13:34.011 D/ProcessState(23464): Binder ioctl to enable oneway spam detection failed: Invalid argument
06-18 14:13:34.030 D/InsetsController(23023): show(ime(), fromIme=true)
06-18 14:13:34.035 D/UIAutomatorStub(23079): URI: /jsonrpc/0, Method: POST, params, {NanoHttpd.QUERY_STRING=null}, files: {postData={"jsonrpc": "2.0", "id": 1, "method": "setText", "params": [{"mask": 2097152, "childOrSibling": [], "childOrSiblingSelector": [], "resourceId": "tech.gtt.frontapp.stb.demo:id/loginf_et_username"}, "0609@ipwangxin.cn"]}}
06-18 14:13:34.036 D/UiDevice(23079): Retrieving node with selector: BySelector [RES='\Qtech.gtt.frontapp.stb.demo:id/loginf_et_username\E'].
06-18 14:13:34.037 W/QueryController(23079): Could not detect idle state.
06-18 14:13:34.042 W/QueryController(23079): Could not detect idle state.
06-18 14:13:34.044 D/UiObject2(23079): Clicking on (1057, 437).
06-18 14:13:34.066 D/InputMethodManager(23023): showSoftInput() view=tech.gtt.frontapp.stb.c.ui.edittext.EmailAutoCompleteTextView{b2e5e7d VFED..CL. .F.P.... 0,0-700,92 #7f0b02ce app:id/loginf_et_username aid=1073741824} flags=0 reason=SHOW_SOFT_INPUT
06-18 14:13:34.067 V/InputMethodService( 3034): onEvaluateInputViewShown: config.hardKeyboardHidden = 2
06-18 14:13:34.067 V/InputMethodService( 3034): onEvaluateInputViewShown: config.hardKeyboardHidden = 2
06-18 14:13:34.069 D/InsetsController(23023): show(ime(), fromIme=true)
06-18 14:13:34.081 W/GestureController(23079): Gestures took longer than expected (36ms >> 16ms), device might be in a busy state.
06-18 14:13:34.081 D/UiDevice(23079): Retrieving node with selector: BySelector [RES='\Qtech.gtt.frontapp.stb.demo:id/loginf_et_username\E'].
06-18 14:13:34.082 W/QueryController(23079): Could not detect idle state.
06-18 14:13:34.084 W/QueryController(23079): Could not detect idle state.
06-18 14:13:34.085 D/UiObject2(23079): Setting text to '0609@ipwangxin.cn'.
06-18 14:13:34.094 I/AdbKeyboard( 3034): imeAction: 5 Next
06-18 14:13:34.095 V/InputMethodService( 3034): onEvaluateInputViewShown: config.hardKeyboardHidden = 2
06-18 14:13:34.095 V/InputMethodService( 3034): onEvaluateInputViewShown: config.hardKeyboardHidden = 2
06-18 14:13:34.165 D/InsetsController(23023): show(ime(), fromIme=true)
06-18 14:13:34.184 D/UIAutomatorStub(23079): URI: /jsonrpc/0, Method: POST, params, {NanoHttpd.QUERY_STRING=null}, files: {postData={"jsonrpc": "2.0", "id": 1, "method": "waitForExists", "params": [{"mask": 2097152, "childOrSibling": [], "childOrSiblingSelector": [], "resourceId": "tech.gtt.frontapp.stb.demo:id/et_pwd"}, 20000]}}
06-18 14:13:34.185 D/UiDevice(23079): Waiting 20000ms for SearchCondition[hasObject=BySelector [RES='\Qtech.gtt.frontapp.stb.demo:id/et_pwd\E']].
06-18 14:13:34.186 D/UiDevice(23079): Searching for node with selector: BySelector [RES='\Qtech.gtt.frontapp.stb.demo:id/et_pwd\E'].
06-18 14:13:34.186 W/QueryController(23079): Could not detect idle state.
06-18 14:13:34.210 D/UIAutomatorStub(23079): URI: /jsonrpc/0, Method: POST, params, {NanoHttpd.QUERY_STRING=null}, files: {postData={"jsonrpc": "2.0", "id": 1, "method": "objInfo", "params": [{"mask": 2097152, "childOrSibling": [], "childOrSiblingSelector": [], "resourceId": "tech.gtt.frontapp.stb.demo:id/et_pwd"}]}}
06-18 14:13:34.211 D/UiDevice(23079): Retrieving node with selector: BySelector [RES='\Qtech.gtt.frontapp.stb.demo:id/et_pwd\E'].
06-18 14:13:34.211 W/QueryController(23079): Could not detect idle state.
06-18 14:13:34.214 W/QueryController(23079): Could not detect idle state.
06-18 14:13:34.215 W/QueryController(23079): Could not detect idle state.
06-18 14:13:34.216 W/QueryController(23079): Could not detect idle state.
06-18 14:13:34.217 W/QueryController(23079): Could not detect idle state.
06-18 14:13:34.217 W/QueryController(23079): Could not detect idle state.
06-18 14:13:34.218 W/QueryController(23079): Could not detect idle state.
06-18 14:13:34.219 W/QueryController(23079): Could not detect idle state.
06-18 14:13:34.220 W/QueryController(23079): Could not detect idle state.
06-18 14:13:34.222 W/QueryController(23079): Could not detect idle state.
06-18 14:13:34.223 W/QueryController(23079): Could not detect idle state.
06-18 14:13:34.224 W/QueryController(23079): Could not detect idle state.
06-18 14:13:34.224 W/QueryController(23079): Could not detect idle state.
06-18 14:13:34.225 W/QueryController(23079): Could not detect idle state.
06-18 14:13:34.225 W/QueryController(23079): Could not detect idle state.
06-18 14:13:34.226 W/QueryController(23079): Could not detect idle state.
06-18 14:13:34.227 W/QueryController(23079): Could not detect idle state.
06-18 14:13:34.227 W/QueryController(23079): Could not detect idle state.
06-18 14:13:34.246 D/UIAutomatorStub(23079): URI: /jsonrpc/0, Method: POST, params, {NanoHttpd.QUERY_STRING=null}, files: {postData={"jsonrpc": "2.0", "id": 1, "method": "click", "params": [1057.0, 559.0]}}
06-18 14:13:34.279 W/NotificationHistory( 1936): Attempted to add notif for locked/gone/disabled user 0
06-18 14:13:34.283 D/InterruptionStateProvider( 2106): No bubble up: not allowed to bubble: -1|android|8|null|1000
06-18 14:13:34.283 D/InterruptionStateProvider( 2106): No heads up: unimportant notification: -1|android|8|null|1000
06-18 14:13:34.283 D/PeopleSpaceWidgetMgr( 2106): Sbn doesn't contain valid PeopleTileKey: null/-1/android
06-18 14:13:34.324 D/InterruptionStateProvider( 2106): No bubble up: not allowed to bubble: -1|android|8|null|1000
06-18 14:13:34.325 D/InterruptionStateProvider( 2106): No heads up: unimportant notification: -1|android|8|null|1000
06-18 14:13:34.329 D/PeopleSpaceWidgetMgr( 2106): Sbn doesn't contain valid PeopleTileKey: null/-1/android
06-18 14:13:34.361 I/AdbKeyboard( 3034): imeAction: 5 Next
06-18 14:13:34.361 D/InputMethodManager(23023): showSoftInput() view=tech.gtt.frontapp.stb.c.ui.edittext.NormalFocusEditText{ec17f1f VFED..CL. .F.P..ID 0,0-700,92 #7f0b0172 app:id/et_pwd aid=1073741826} flags=0 reason=SHOW_SOFT_INPUT
06-18 14:13:34.361 V/InputMethodService( 3034): onEvaluateInputViewShown: config.hardKeyboardHidden = 2
06-18 14:13:34.361 V/InputMethodService( 3034): onEvaluateInputViewShown: config.hardKeyboardHidden = 2
06-18 14:13:34.361 V/InputMethodService( 3034): onEvaluateInputViewShown: config.hardKeyboardHidden = 2
06-18 14:13:34.361 V/InputMethodService( 3034): onEvaluateInputViewShown: config.hardKeyboardHidden = 2
06-18 14:13:34.373 D/InsetsController(23023): show(ime(), fromIme=true)
06-18 14:13:34.373 D/InsetsController(23023): show(ime(), fromIme=true)
06-18 14:13:34.400 D/UIAutomatorStub(23079): URI: /jsonrpc/0, Method: POST, params, {NanoHttpd.QUERY_STRING=null}, files: {postData={"jsonrpc": "2.0", "id": 1, "method": "waitForExists", "params": [{"mask": 2097152, "childOrSibling": [], "childOrSiblingSelector": [], "resourceId": "tech.gtt.frontapp.stb.demo:id/et_pwd"}, 20000]}}
06-18 14:13:34.406 D/UiDevice(23079): Waiting 20000ms for SearchCondition[hasObject=BySelector [RES='\Qtech.gtt.frontapp.stb.demo:id/et_pwd\E']].
06-18 14:13:34.407 D/UiDevice(23079): Searching for node with selector: BySelector [RES='\Qtech.gtt.frontapp.stb.demo:id/et_pwd\E'].
06-18 14:13:34.408 W/QueryController(23079): Could not detect idle state.
06-18 14:13:34.442 D/UIAutomatorStub(23079): URI: /jsonrpc/0, Method: POST, params, {NanoHttpd.QUERY_STRING=null}, files: {postData={"jsonrpc": "2.0", "id": 1, "method": "setText", "params": [{"mask": 2097152, "childOrSibling": [], "childOrSiblingSelector": [], "resourceId": "tech.gtt.frontapp.stb.demo:id/et_pwd"}, "123456"]}}
06-18 14:13:34.443 D/UiDevice(23079): Retrieving node with selector: BySelector [RES='\Qtech.gtt.frontapp.stb.demo:id/et_pwd\E'].
06-18 14:13:34.444 W/QueryController(23079): Could not detect idle state.
06-18 14:13:34.448 W/QueryController(23079): Could not detect idle state.
06-18 14:13:34.450 D/UiObject2(23079): Clicking on (1057, 559).
06-18 14:13:34.469 D/InputMethodManager(23023): showSoftInput() view=tech.gtt.frontapp.stb.c.ui.edittext.NormalFocusEditText{ec17f1f VFED..CL. .F.P.... 0,0-700,92 #7f0b0172 app:id/et_pwd aid=1073741826} flags=0 reason=SHOW_SOFT_INPUT
06-18 14:13:34.472 V/InputMethodService( 3034): onEvaluateInputViewShown: config.hardKeyboardHidden = 2
06-18 14:13:34.472 V/InputMethodService( 3034): onEvaluateInputViewShown: config.hardKeyboardHidden = 2
06-18 14:13:34.478 D/InsetsController(23023): show(ime(), fromIme=true)
06-18 14:13:34.485 W/GestureController(23079): Gestures took longer than expected (34ms >> 16ms), device might be in a busy state.
06-18 14:13:34.486 D/UiDevice(23079): Retrieving node with selector: BySelector [RES='\Qtech.gtt.frontapp.stb.demo:id/et_pwd\E'].
06-18 14:13:34.486 W/QueryController(23079): Could not detect idle state.
06-18 14:13:34.491 W/QueryController(23079): Could not detect idle state.
06-18 14:13:34.492 D/UiObject2(23079): Setting text to '123456'.
06-18 14:13:34.495 I/AdbKeyboard( 3034): imeAction: 5 Next
06-18 14:13:34.495 V/InputMethodService( 3034): onEvaluateInputViewShown: config.hardKeyboardHidden = 2
06-18 14:13:34.495 V/InputMethodService( 3034): onEvaluateInputViewShown: config.hardKeyboardHidden = 2
06-18 14:13:34.514 D/InsetsController(23023): show(ime(), fromIme=true)
06-18 14:13:34.525 D/UIAutomatorStub(23079): URI: /jsonrpc/0, Method: POST, params, {NanoHttpd.QUERY_STRING=null}, files: {postData={"jsonrpc": "2.0", "id": 1, "method": "waitForExists", "params": [{"mask": 2097152, "childOrSibling": [], "childOrSiblingSelector": [], "resourceId": "tech.gtt.frontapp.stb.demo:id/remember_pwd_cb"}, 20000]}}
06-18 14:13:34.526 D/UiDevice(23079): Waiting 20000ms for SearchCondition[hasObject=BySelector [RES='\Qtech.gtt.frontapp.stb.demo:id/remember_pwd_cb\E']].
06-18 14:13:34.526 D/UiDevice(23079): Searching for node with selector: BySelector [RES='\Qtech.gtt.frontapp.stb.demo:id/remember_pwd_cb\E'].
06-18 14:13:34.527 W/QueryController(23079): Could not detect idle state.
06-18 14:13:34.551 D/UIAutomatorStub(23079): URI: /jsonrpc/0, Method: POST, params, {NanoHttpd.QUERY_STRING=null}, files: {postData={"jsonrpc": "2.0", "id": 1, "method": "objInfo", "params": [{"mask": 2097152, "childOrSibling": [], "childOrSiblingSelector": [], "resourceId": "tech.gtt.frontapp.stb.demo:id/remember_pwd_cb"}]}}
06-18 14:13:34.551 D/UiDevice(23079): Retrieving node with selector: BySelector [RES='\Qtech.gtt.frontapp.stb.demo:id/remember_pwd_cb\E'].
06-18 14:13:34.552 W/QueryController(23079): Could not detect idle state.
06-18 14:13:34.555 W/QueryController(23079): Could not detect idle state.
06-18 14:13:34.556 W/QueryController(23079): Could not detect idle state.
06-18 14:13:34.557 W/QueryController(23079): Could not detect idle state.
