06-24 10:14:40.728 D/UiDevice( 7494): Waiting 20000ms for SearchCondition[hasObject=BySelector [RES='\Qtech.gtt.frontapp.stb.demo:id/account_login_tv2\E']].
06-24 10:14:40.728 D/gralloc_nox( 1764): gralloc_alloc: Creating ashmem region of size 8298496
06-24 10:14:40.728 D/UiDevice( 7494): Searching for node with selector: BySelector [RES='\Qtech.gtt.frontapp.stb.demo:id/account_login_tv2\E'].
06-24 10:14:40.730 W/QueryController( 7494): Could not detect idle state.
06-24 10:14:40.743 D/gralloc_nox( 1764): gralloc_alloc: Creating ashmem region of size 8298496
06-24 10:14:40.746 D/ProcessState( 7652): Binder ioctl to enable oneway spam detection failed: Invalid argument
06-24 10:14:40.771 D/gralloc_nox( 1764): gralloc_alloc: Creating ashmem region of size 8298496
06-24 10:14:40.832 I/ActivityTaskManager( 1928): Displayed tech.gtt.frontapp.stb.demo/tech.gtt.frontapp.stb.m.home.activity.LoadingActivity: +316ms
06-24 10:14:40.847 D/CompatibilityChangeReporter( 7548): Compat change id reported: 171228096; UID 10058; state: ENABLED
06-24 10:14:40.865 W/DataBinding( 7548): Setting the fragment as the LifecycleOwner might cause memory leaks because views lives shorter than the Fragment. Consider using Fragment's view lifecycle
06-24 10:14:40.895 I/MediaFocusControl( 1928): requestAudioFocus() from uid/pid 10058/7548 AA=USAGE_MEDIA/CONTENT_TYPE_MOVIE clientId=android.media.AudioManager@72ec175 callingPack=tech.gtt.frontapp.stb.demo req=1 flags=0x0 sdk=35
06-24 10:14:40.897 I/AudioService.FadeOutManager( 1928): unfadeOutUid() uid:10058
06-24 10:14:40.904 W/MediaProvider( 2563): Failed to fetch original file descriptor
06-24 10:14:40.904 W/MediaProvider( 2563): java.io.IOException: stat failed: ENOENT (No such file or directory)
06-24 10:14:40.904 W/MediaProvider( 2563): 	at com.android.providers.media.MediaProvider.getFileFromFileDescriptor(MediaProvider.java:5822)
06-24 10:14:40.904 W/MediaProvider( 2563): 	at com.android.providers.media.MediaProvider.getOriginalMediaFormatFileDescriptor(MediaProvider.java:5739)
06-24 10:14:40.904 W/MediaProvider( 2563): 	at com.android.providers.media.MediaProvider.openTypedAssetFileCommon(MediaProvider.java:7162)
06-24 10:14:40.904 W/MediaProvider( 2563): 	at com.android.providers.media.MediaProvider.openTypedAssetFile(MediaProvider.java:7143)
06-24 10:14:40.904 W/MediaProvider( 2563): 	at android.content.ContentProvider$Transport.openTypedAssetFile(ContentProvider.java:548)
06-24 10:14:40.904 W/MediaProvider( 2563): 	at android.content.ContentProviderNative.onTransact(ContentProviderNative.java:327)
06-24 10:14:40.904 W/MediaProvider( 2563): 	at android.os.Binder.execTransactInternal(Binder.java:1179)
06-24 10:14:40.904 W/MediaProvider( 2563): 	at android.os.Binder.execTransact(Binder.java:1143)
06-24 10:14:40.904 W/MediaProvider( 2563): Caused by: android.system.ErrnoException: stat failed: ENOENT (No such file or directory)
06-24 10:14:40.904 W/MediaProvider( 2563): 	at libcore.io.Linux.stat(Native Method)
06-24 10:14:40.904 W/MediaProvider( 2563): 	at libcore.io.ForwardingOs.stat(ForwardingOs.java:853)
06-24 10:14:40.904 W/MediaProvider( 2563): 	at libcore.io.BlockGuardOs.stat(BlockGuardOs.java:420)
06-24 10:14:40.904 W/MediaProvider( 2563): 	at libcore.io.ForwardingOs.stat(ForwardingOs.java:853)
06-24 10:14:40.904 W/MediaProvider( 2563): 	at android.app.ActivityThread$AndroidOs.stat(ActivityThread.java:7775)
06-24 10:14:40.904 W/MediaProvider( 2563): 	at android.system.Os.stat(Os.java:919)
06-24 10:14:40.904 W/MediaProvider( 2563): 	at com.android.providers.media.MediaProvider.getFileFromFileDescriptor(MediaProvider.java:5816)
06-24 10:14:40.904 W/MediaProvider( 2563): 	... 7 more
06-24 10:14:40.908 D/NuPlayerDriver( 1806): NuPlayerDriver(0xeadc0ac0) created, clientPid(7548)
06-24 10:14:40.913 D/SurfaceUtils( 1806): connecting to surface 0xe5b04ba8, reason setVideoSurfaceTexture
06-24 10:14:40.914 D/NuPlayer( 1806): onSetVideoSurface(0xe5b01940, no video decoder)
06-24 10:14:40.920 D/GenericSource( 1806): FileSource remote
06-24 10:14:40.921 I/SampleTable( 1804): There are reordered frames present.
06-24 10:14:40.924 D/MediaBufferGroup( 1804): creating MemoryDealer
06-24 10:14:40.937 W/System  ( 1928): A resource failed to call close. 
06-24 10:14:40.937 W/System  ( 1928): A resource failed to call release. 
06-24 10:14:40.948 D/MediaPlayerNative( 7548): getMetadata
06-24 10:14:40.964 I/GenericSource( 1806): start
06-24 10:14:40.967 I/OMXClient( 1806): IOmx service obtained
06-24 10:14:40.968 I/OMXStore( 1809): makeComponentInstance(OMX.google.h264.decoder) in android.hardwar process
06-24 10:14:40.968 I/OMXClient( 1806): IOmx service obtained
06-24 10:14:40.968 I/OMXStore( 1809): makeComponentInstance(OMX.google.aac.decoder) in android.hardwar process
06-24 10:14:40.969 D/SurfaceUtils( 1806): disconnecting from surface 0xe5b01948, reason onConfigure
06-24 10:14:40.969 D/SurfaceUtils( 1806): connecting to surface 0xe5b01948, reason connectToSurface
06-24 10:14:40.969 E/OMXNodeInstance( 1809): setConfig(0xeaac1820:google.aac.decoder, ConfigPriority(0x6f800002)) ERROR: Undefined(0x80001001)
06-24 10:14:40.969 I/ACodec  ( 1806): codec does not support config priority (err -2147483648)
06-24 10:14:40.969 E/OMXNodeInstance( 1809): getConfig(0xeaac1820:google.aac.decoder, ConfigAndroidVendorExtension(0x6f100004)) ERROR: Undefined(0x80001001)
06-24 10:14:40.970 D/SoftAAC2( 1809): get OMX_IndexParamAudioAndroidAacDrcPresentation
06-24 10:14:40.970 I/MediaCodec( 1806): [OMX.google.h264.decoder] setting surface generation to 1849353
06-24 10:14:40.970 I/MediaCodec( 1806): MediaCodec will operate in async mode
06-24 10:14:40.970 D/SurfaceUtils( 1806): disconnecting from surface 0xe5b01948, reason connectToSurface(reconnect)
06-24 10:14:40.970 D/MediaCodec( 1806): keep callback message for reclaim
06-24 10:14:40.971 D/SurfaceUtils( 1806): connecting to surface 0xe5b01948, reason connectToSurface(reconnect)
06-24 10:14:40.977 E/OMXNodeInstance( 1809): getExtensionIndex(0xeaac04e0:google.h264.decoder, OMX.google.android.index.enableAndroidNativeBuffers) ERROR: UnsupportedIndex(0x8000101a)
06-24 10:14:40.977 E/ACodec  ( 1806): [OMX.google.h264.decoder] setPortMode on output to DynamicANWBuffer failed w/ err -1010
06-24 10:14:40.977 E/OMXNodeInstance( 1809): getParameter(0xeaac04e0:google.h264.decoder, ??(0x6f600011)) ERROR: UnsupportedIndex(0x8000101a)
06-24 10:14:40.977 W/OMXNodeInstance( 1809): [0xeaac04e0:google.h264.decoder] component does not support metadata mode; using fallback
06-24 10:14:40.980 I/SoftAAC2( 1809): Reconfiguring decoder: 0->44100 Hz, 0->1 channels
06-24 10:14:40.980 D/SoftVideoDecoderOMXComponent( 1809): Color Aspects preference: 1 
06-24 10:14:40.980 D/SoftAAC2( 1809): get OMX_IndexParamAudioAndroidAacDrcPresentation
06-24 10:14:40.980 E/OMXNodeInstance( 1809): setConfig(0xeaac04e0:google.h264.decoder, ConfigPriority(0x6f800002)) ERROR: UnsupportedIndex(0x8000101a)
06-24 10:14:40.980 I/ACodec  ( 1806): codec does not support config priority (err -1010)
06-24 10:14:40.980 E/OMXNodeInstance( 1809): setConfig(0xeaac04e0:google.h264.decoder, ConfigOperatingRate(0x6f800003)) ERROR: UnsupportedIndex(0x8000101a)
06-24 10:14:40.981 I/ACodec  ( 1806): codec does not support config operating rate (err -1010)
06-24 10:14:40.981 E/OMXNodeInstance( 1809): getConfig(0xeaac04e0:google.h264.decoder, ConfigAndroidVendorExtension(0x6f100004)) ERROR: UnsupportedIndex(0x8000101a)
06-24 10:14:40.982 E/OMXNodeInstance( 1809): getConfig(0xeaac04e0:google.h264.decoder, ??(0x7f000003)) ERROR: UnsupportedSetting(0x80001019)
06-24 10:14:40.983 I/MediaCodec( 1806): MediaCodec will operate in async mode
06-24 10:14:40.983 D/MediaCodec( 1806): keep callback message for reclaim
06-24 10:14:40.993 W/ResourceManagerService( 1806): Ignoring request to add new resource entry with value <= 0
06-24 10:14:40.996 D/AudioFlinger( 1773): Client defaulted notificationFrames to 11286 for frameCount 22572
06-24 10:14:40.998 D/SoftVideoDecoderOMXComponent( 1809): Color Aspects preference: 1 
06-24 10:14:41.000 E/OMXNodeInstance( 1809): getConfig(0xeaac04e0:google.h264.decoder, ??(0x7f000003)) ERROR: UnsupportedSetting(0x80001019)
06-24 10:14:41.004 D/AF::TrackHandle( 1773): OpPlayAudio: track:64 usage:1 not muted
06-24 10:14:41.039 V/GSK-APIS( 7548): received response >>> id: 18f5c7a9 url: https://gtt-app-apigateway-lion.vdemosit.com/api/enduser/messagecenter/message/query/v1 statusCode: 400, exception: null
06-24 10:14:41.040 I/System.out( 7548): [SDKInterceptorPlugin] Unhandled exception in request processing: Something went wrong while connecting to the server, statusCode: 400
06-24 10:14:41.046 D/MediaCodec( 1806): [OMX.google.h264.decoder] setting dataspace on output surface to #102
06-24 10:14:41.054 W/MediaPlayerNative( 7548): info/warning (3, 0)
06-24 10:14:41.055 E/android.hardware.audio.service( 1756): pcm_open called create stream faild
06-24 10:14:41.055 D/UiDevice( 7494): Searching for node with selector: BySelector [RES='\Qtech.gtt.frontapp.stb.demo:id/account_login_tv2\E'].
06-24 10:14:41.056 D/gralloc_nox( 1764): gralloc_alloc: Creating ashmem region of size 589824
06-24 10:14:41.060 W/QueryController( 7494): Could not detect idle state.
06-24 10:14:41.064 D/SoftwareRenderer( 1806): setting dataspace on output surface to #8000102
06-24 10:14:41.067 D/gralloc_nox( 1764): gralloc_alloc: Creating ashmem region of size 589824
06-24 10:14:41.079 W/InputManager-JNI( 1928): Input channel object '442963b tech.gtt.frontapp.stb.demo/tech.gtt.frontapp.stb.m.home.activity.SplashActivity (client)' was disposed without first being removed with the input manager!
06-24 10:14:41.099 D/AudioFlinger( 1773): mixer(0x75e25ceb0a60) throttle end: throttle time(40)
06-24 10:14:41.200 D/UiDevice( 7494): Searching for node with selector: BySelector [RES='\Qtech.gtt.frontapp.stb.demo:id/account_login_tv2\E'].
06-24 10:14:41.200 W/QueryController( 7494): Could not detect idle state.
06-24 10:14:41.308 D/UiDevice( 7494): Searching for node with selector: BySelector [RES='\Qtech.gtt.frontapp.stb.demo:id/account_login_tv2\E'].
06-24 10:14:41.309 W/QueryController( 7494): Could not detect idle state.
06-24 10:14:41.326 D/gralloc_nox( 1764): gralloc_alloc: Creating ashmem region of size 589824
06-24 10:14:41.331 D/gralloc_nox( 1764): gralloc_alloc: Creating ashmem region of size 589824
06-24 10:14:41.367 D/AudioFlinger( 1773): mixer(0x75e25ceb0a60) throttle end: throttle time(198)
06-24 10:14:41.415 D/UiDevice( 7494): Searching for node with selector: BySelector [RES='\Qtech.gtt.frontapp.stb.demo:id/account_login_tv2\E'].
06-24 10:14:41.415 W/QueryController( 7494): Could not detect idle state.
06-24 10:14:41.442 D/AudioFlinger( 1773): mixer(0x75e25ceb0a60) throttle end: throttle time(34)
06-24 10:14:41.519 D/UiDevice( 7494): Searching for node with selector: BySelector [RES='\Qtech.gtt.frontapp.stb.demo:id/account_login_tv2\E'].
06-24 10:14:41.520 W/QueryController( 7494): Could not detect idle state.
06-24 10:14:41.624 D/UiDevice( 7494): Searching for node with selector: BySelector [RES='\Qtech.gtt.frontapp.stb.demo:id/account_login_tv2\E'].
06-24 10:14:41.625 W/QueryController( 7494): Could not detect idle state.
06-24 10:14:41.733 D/UiDevice( 7494): Searching for node with selector: BySelector [RES='\Qtech.gtt.frontapp.stb.demo:id/account_login_tv2\E'].
06-24 10:14:41.733 W/QueryController( 7494): Could not detect idle state.
06-24 10:14:41.838 D/UiDevice( 7494): Searching for node with selector: BySelector [RES='\Qtech.gtt.frontapp.stb.demo:id/account_login_tv2\E'].
06-24 10:14:41.838 W/QueryController( 7494): Could not detect idle state.
06-24 10:14:41.944 D/UiDevice( 7494): Searching for node with selector: BySelector [RES='\Qtech.gtt.frontapp.stb.demo:id/account_login_tv2\E'].
06-24 10:14:41.944 W/QueryController( 7494): Could not detect idle state.
06-24 10:14:42.049 D/UiDevice( 7494): Searching for node with selector: BySelector [RES='\Qtech.gtt.frontapp.stb.demo:id/account_login_tv2\E'].
06-24 10:14:42.050 W/QueryController( 7494): Could not detect idle state.
06-24 10:14:42.153 D/UiDevice( 7494): Searching for node with selector: BySelector [RES='\Qtech.gtt.frontapp.stb.demo:id/account_login_tv2\E'].
06-24 10:14:42.153 W/QueryController( 7494): Could not detect idle state.
06-24 10:14:42.256 D/UiDevice( 7494): Searching for node with selector: BySelector [RES='\Qtech.gtt.frontapp.stb.demo:id/account_login_tv2\E'].
06-24 10:14:42.257 W/QueryController( 7494): Could not detect idle state.
06-24 10:14:42.364 D/UiDevice( 7494): Searching for node with selector: BySelector [RES='\Qtech.gtt.frontapp.stb.demo:id/account_login_tv2\E'].
06-24 10:14:42.364 W/QueryController( 7494): Could not detect idle state.
06-24 10:14:42.468 D/UiDevice( 7494): Searching for node with selector: BySelector [RES='\Qtech.gtt.frontapp.stb.demo:id/account_login_tv2\E'].
06-24 10:14:42.468 W/QueryController( 7494): Could not detect idle state.
06-24 10:14:42.571 D/UiDevice( 7494): Searching for node with selector: BySelector [RES='\Qtech.gtt.frontapp.stb.demo:id/account_login_tv2\E'].
06-24 10:14:42.571 W/QueryController( 7494): Could not detect idle state.
06-24 10:14:42.676 D/UiDevice( 7494): Searching for node with selector: BySelector [RES='\Qtech.gtt.frontapp.stb.demo:id/account_login_tv2\E'].
06-24 10:14:42.677 W/QueryController( 7494): Could not detect idle state.
06-24 10:14:42.782 D/UiDevice( 7494): Searching for node with selector: BySelector [RES='\Qtech.gtt.frontapp.stb.demo:id/account_login_tv2\E'].
06-24 10:14:42.782 W/QueryController( 7494): Could not detect idle state.
06-24 10:14:42.886 D/UiDevice( 7494): Searching for node with selector: BySelector [RES='\Qtech.gtt.frontapp.stb.demo:id/account_login_tv2\E'].
06-24 10:14:42.886 W/QueryController( 7494): Could not detect idle state.
06-24 10:14:42.992 D/UiDevice( 7494): Searching for node with selector: BySelector [RES='\Qtech.gtt.frontapp.stb.demo:id/account_login_tv2\E'].
06-24 10:14:42.992 W/QueryController( 7494): Could not detect idle state.
06-24 10:14:43.100 D/UiDevice( 7494): Searching for node with selector: BySelector [RES='\Qtech.gtt.frontapp.stb.demo:id/account_login_tv2\E'].
06-24 10:14:43.102 W/QueryController( 7494): Could not detect idle state.
06-24 10:14:43.210 D/UiDevice( 7494): Searching for node with selector: BySelector [RES='\Qtech.gtt.frontapp.stb.demo:id/account_login_tv2\E'].
06-24 10:14:43.210 W/QueryController( 7494): Could not detect idle state.
06-24 10:14:43.313 D/UiDevice( 7494): Searching for node with selector: BySelector [RES='\Qtech.gtt.frontapp.stb.demo:id/account_login_tv2\E'].
06-24 10:14:43.314 W/QueryController( 7494): Could not detect idle state.
06-24 10:14:43.417 D/UiDevice( 7494): Searching for node with selector: BySelector [RES='\Qtech.gtt.frontapp.stb.demo:id/account_login_tv2\E'].
06-24 10:14:43.418 W/QueryController( 7494): Could not detect idle state.
06-24 10:14:43.521 D/UiDevice( 7494): Searching for node with selector: BySelector [RES='\Qtech.gtt.frontapp.stb.demo:id/account_login_tv2\E'].
06-24 10:14:43.522 W/QueryController( 7494): Could not detect idle state.
06-24 10:14:43.628 D/UiDevice( 7494): Searching for node with selector: BySelector [RES='\Qtech.gtt.frontapp.stb.demo:id/account_login_tv2\E'].
06-24 10:14:43.628 W/QueryController( 7494): Could not detect idle state.
06-24 10:14:43.732 D/UiDevice( 7494): Searching for node with selector: BySelector [RES='\Qtech.gtt.frontapp.stb.demo:id/account_login_tv2\E'].
06-24 10:14:43.733 W/QueryController( 7494): Could not detect idle state.
06-24 10:14:43.836 D/UiDevice( 7494): Searching for node with selector: BySelector [RES='\Qtech.gtt.frontapp.stb.demo:id/account_login_tv2\E'].
06-24 10:14:43.836 W/QueryController( 7494): Could not detect idle state.
06-24 10:14:43.953 D/UiDevice( 7494): Searching for node with selector: BySelector [RES='\Qtech.gtt.frontapp.stb.demo:id/account_login_tv2\E'].
06-24 10:14:43.964 W/QueryController( 7494): Could not detect idle state.
06-24 10:14:44.028 E/TaskPersister( 1928): File error accessing recents directory (directory doesn't exist?).
06-24 10:14:44.045 I/keystore2( 1707): keystore2::watchdog: Watchdog thread idle -> terminating. Have a great day.
06-24 10:14:44.074 D/UiDevice( 7494): Searching for node with selector: BySelector [RES='\Qtech.gtt.frontapp.stb.demo:id/account_login_tv2\E'].
06-24 10:14:44.075 W/QueryController( 7494): Could not detect idle state.
06-24 10:14:44.191 D/UiDevice( 7494): Searching for node with selector: BySelector [RES='\Qtech.gtt.frontapp.stb.demo:id/account_login_tv2\E'].
06-24 10:14:44.192 W/QueryController( 7494): Could not detect idle state.
06-24 10:14:44.295 D/UiDevice( 7494): Searching for node with selector: BySelector [RES='\Qtech.gtt.frontapp.stb.demo:id/account_login_tv2\E'].
06-24 10:14:44.296 W/QueryController( 7494): Could not detect idle state.
06-24 10:14:44.400 D/UiDevice( 7494): Searching for node with selector: BySelector [RES='\Qtech.gtt.frontapp.stb.demo:id/account_login_tv2\E'].
06-24 10:14:44.401 W/QueryController( 7494): Could not detect idle state.
06-24 10:14:44.505 D/UiDevice( 7494): Searching for node with selector: BySelector [RES='\Qtech.gtt.frontapp.stb.demo:id/account_login_tv2\E'].
06-24 10:14:44.505 W/QueryController( 7494): Could not detect idle state.
06-24 10:14:44.612 D/UiDevice( 7494): Searching for node with selector: BySelector [RES='\Qtech.gtt.frontapp.stb.demo:id/account_login_tv2\E'].
06-24 10:14:44.612 W/QueryController( 7494): Could not detect idle state.
06-24 10:14:44.717 D/UiDevice( 7494): Searching for node with selector: BySelector [RES='\Qtech.gtt.frontapp.stb.demo:id/account_login_tv2\E'].
06-24 10:14:44.718 W/QueryController( 7494): Could not detect idle state.
06-24 10:14:44.822 D/UiDevice( 7494): Searching for node with selector: BySelector [RES='\Qtech.gtt.frontapp.stb.demo:id/account_login_tv2\E'].
06-24 10:14:44.823 W/QueryController( 7494): Could not detect idle state.
06-24 10:14:44.927 D/UiDevice( 7494): Searching for node with selector: BySelector [RES='\Qtech.gtt.frontapp.stb.demo:id/account_login_tv2\E'].
06-24 10:14:44.928 W/QueryController( 7494): Could not detect idle state.
06-24 10:14:45.037 D/UiDevice( 7494): Searching for node with selector: BySelector [RES='\Qtech.gtt.frontapp.stb.demo:id/account_login_tv2\E'].
06-24 10:14:45.037 W/QueryController( 7494): Could not detect idle state.
06-24 10:14:45.041 D/AudioTrack( 1806): stop(16): called with 200704 frames delivered
06-24 10:14:45.141 D/UiDevice( 7494): Searching for node with selector: BySelector [RES='\Qtech.gtt.frontapp.stb.demo:id/account_login_tv2\E'].
06-24 10:14:45.144 W/QueryController( 7494): Could not detect idle state.
06-24 10:14:45.254 D/UiDevice( 7494): Searching for node with selector: BySelector [RES='\Qtech.gtt.frontapp.stb.demo:id/account_login_tv2\E'].
06-24 10:14:45.254 W/QueryController( 7494): Could not detect idle state.
06-24 10:14:45.358 D/UiDevice( 7494): Searching for node with selector: BySelector [RES='\Qtech.gtt.frontapp.stb.demo:id/account_login_tv2\E'].
06-24 10:14:45.358 W/QueryController( 7494): Could not detect idle state.
06-24 10:14:45.401 D/NuPlayerDriver( 1806): stop(0xeadc0ac0)
06-24 10:14:45.402 V/MediaPlayer( 7548): resetDrmState:  mDrmInfo=null mDrmProvisioningThread=null mPrepareDrmInProgress=false mActiveDrmScheme=false
06-24 10:14:45.403 V/MediaPlayer( 7548): cleanDrmObj: mDrmObj=null mDrmSessionId=null
06-24 10:14:45.403 D/NuPlayerDriver( 1806): reset(0xeadc0ac0) at state 8
06-24 10:14:45.410 D/SurfaceUtils( 1806): disconnecting from surface 0xe5b01948, reason disconnectFromSurface
06-24 10:14:45.412 D/SurfaceUtils( 1806): connecting to surface 0xe5b01948, reason onShutdown
06-24 10:14:45.414 D/NuPlayerDriver( 1806): notifyResetComplete(0xeadc0ac0)
06-24 10:14:45.414 D/SurfaceUtils( 1806): disconnecting from surface 0xe5b04ba8, reason disconnectNativeWindow
06-24 10:14:45.414 W/AMessage( 1806): failed to post message as target looper for handler 0 is gone.
06-24 10:14:45.415 I/MediaFocusControl( 1928): abandonAudioFocus() from uid/pid 10058/7548 clientId=android.media.AudioManager@72ec175
06-24 10:14:45.416 I/ActivityTaskManager( 1928): START u0 {cmp=tech.gtt.frontapp.stb.demo/tech.gtt.frontapp.stb.m.account.activity.LoginMethodSwitchActivity (has extras)} from uid 10058
06-24 10:14:45.417 D/CompatibilityChangeReporter( 1928): Compat change id reported: 174042980; UID 10058; state: DISABLED
06-24 10:14:45.417 D/CompatibilityChangeReporter( 1928): Compat change id reported: 184838306; UID 10058; state: DISABLED
06-24 10:14:45.417 D/CompatibilityChangeReporter( 1928): Compat change id reported: 185004937; UID 10058; state: DISABLED
06-24 10:14:45.418 D/CompatibilityChangeReporter( 1928): Compat change id reported: 181136395; UID 10058; state: DISABLED
06-24 10:14:45.418 D/CompatibilityChangeReporter( 1928): Compat change id reported: 174042936; UID 10058; state: DISABLED
06-24 10:14:45.419 D/CompatibilityChangeReporter( 1928): Compat change id reported: 197654537; UID 10058; state: ENABLED
06-24 10:14:45.419 D/CompatibilityChangeReporter( 1928): Compat change id reported: 168419799; UID 10058; state: DISABLED
06-24 10:14:45.421 I/MediaFocusControl( 1928): abandonAudioFocus() from uid/pid 10058/7548 clientId=android.media.AudioManager@72ec175
06-24 10:14:45.422 W/MediaPlayer( 7548): mediaplayer went away with unhandled events
06-24 10:14:45.427 W/MediaPlayer( 7548): mediaplayer went away with unhandled events
06-24 10:14:45.431 W/ActivityTaskManager( 1928): Tried to set launchTime (0) < mLastActivityLaunchTime (320568199)
06-24 10:14:45.441 D/AndroidAutoSize( 7548): tech.gtt.frontapp.stb.m.account.activity.LoginMethodSwitchActivity used the global configuration.
06-24 10:14:45.442 D/AndroidAutoSize( 7548): The tech.gtt.frontapp.stb.m.account.activity.LoginMethodSwitchActivity has been adapted! 
06-24 10:14:45.442 D/AndroidAutoSize( 7548): LoginMethodSwitchActivity Info: isBaseOnWidth = true, designWidthInDp = 1920.000000, designWidthInSubunits = 1920.000000, targetDensity = 1.000000, targetScaledDensity = 1.000000, targetDensityDpi = 160, targetXdpi = 1.000000, targetScreenWidthDp = 1920, targetScreenHeightDp = 1032
06-24 10:14:45.462 D/UiDevice( 7494): Searching for node with selector: BySelector [RES='\Qtech.gtt.frontapp.stb.demo:id/account_login_tv2\E'].
06-24 10:14:45.463 W/QueryController( 7494): Could not detect idle state.
06-24 10:14:45.479 D/AndroidAutoSize( 7548): tech.gtt.frontapp.stb.m.account.activity.LoginMethodSwitchActivity used the global configuration.
06-24 10:14:45.479 D/AndroidAutoSize( 7548): The tech.gtt.frontapp.stb.m.account.activity.LoginMethodSwitchActivity has been adapted! 
06-24 10:14:45.479 D/AndroidAutoSize( 7548): LoginMethodSwitchActivity Info: isBaseOnWidth = true, designWidthInDp = 1920.000000, designWidthInSubunits = 1920.000000, targetDensity = 1.000000, targetScaledDensity = 1.000000, targetDensityDpi = 160, targetXdpi = 1.000000, targetScreenWidthDp = 1920, targetScreenHeightDp = 1032
06-24 10:14:45.481 W/WindowManager( 1928): Failed looking up window session=Session{79cca6c 7548:u0a10058} callers=com.android.server.wm.WindowManagerService.windowForClientLocked:5850 com.android.server.wm.Session.updateRequestedVisibilities:640 android.view.IWindowSession$Stub.onTransact:1175 
06-24 10:14:45.494 D/gralloc_nox( 1764): gralloc_alloc: Creating ashmem region of size 8298496
06-24 10:14:45.515 D/gralloc_nox( 1764): gralloc_alloc: Creating ashmem region of size 8298496
06-24 10:14:45.532 D/ProcessState( 7947): Binder ioctl to enable oneway spam detection failed: Invalid argument
06-24 10:14:45.549 D/gralloc_nox( 1764): gralloc_alloc: Creating ashmem region of size 8298496
06-24 10:14:45.605 E/libEGL  ( 7548): called unimplemented OpenGL ES API
06-24 10:14:45.625 I/ActivityTaskManager( 1928): Displayed tech.gtt.frontapp.stb.demo/tech.gtt.frontapp.stb.m.account.activity.LoginMethodSwitchActivity: +205ms
06-24 10:14:45.711 D/UIAutomatorStub( 7494): URI: /jsonrpc/0, Method: POST, params, {NanoHttpd.QUERY_STRING=null}, files: {postData={"jsonrpc": "2.0", "id": 1, "method": "objInfo", "params": [{"mask": 2097152, "childOrSibling": [], "childOrSiblingSelector": [], "resourceId": "tech.gtt.frontapp.stb.demo:id/account_login_tv2"}]}}
06-24 10:14:45.712 D/UiDevice( 7494): Retrieving node with selector: BySelector [RES='\Qtech.gtt.frontapp.stb.demo:id/account_login_tv2\E'].
06-24 10:14:45.713 W/QueryController( 7494): Could not detect idle state.
06-24 10:14:45.716 W/QueryController( 7494): Could not detect idle state.
06-24 10:14:45.717 W/QueryController( 7494): Could not detect idle state.
06-24 10:14:45.718 W/QueryController( 7494): Could not detect idle state.
06-24 10:14:45.719 W/QueryController( 7494): Could not detect idle state.
06-24 10:14:45.727 W/QueryController( 7494): Could not detect idle state.
06-24 10:14:45.729 W/QueryController( 7494): Could not detect idle state.
06-24 10:14:45.730 W/QueryController( 7494): Could not detect idle state.
06-24 10:14:45.731 W/QueryController( 7494): Could not detect idle state.
06-24 10:14:45.732 W/QueryController( 7494): Could not detect idle state.
06-24 10:14:45.733 W/QueryController( 7494): Could not detect idle state.
06-24 10:14:45.734 W/QueryController( 7494): Could not detect idle state.
06-24 10:14:45.735 W/QueryController( 7494): Could not detect idle state.
06-24 10:14:45.737 W/QueryController( 7494): Could not detect idle state.
06-24 10:14:45.741 W/QueryController( 7494): Could not detect idle state.
06-24 10:14:45.744 W/QueryController( 7494): Could not detect idle state.
06-24 10:14:45.751 W/QueryController( 7494): Could not detect idle state.
06-24 10:14:45.752 W/QueryController( 7494): Could not detect idle state.
06-24 10:14:45.768 D/UIAutomatorStub( 7494): URI: /jsonrpc/0, Method: POST, params, {NanoHttpd.QUERY_STRING=null}, files: {postData={"jsonrpc": "2.0", "id": 1, "method": "click", "params": [1390.0, 559.0]}}
06-24 10:14:45.876 W/InputManager-JNI( 1928): Input channel object '674aadd tech.gtt.frontapp.stb.demo/tech.gtt.frontapp.stb.m.home.activity.LoadingActivity (client)' was disposed without first being removed with the input manager!
06-24 10:14:46.000 I/ActivityTaskManager( 1928): START u0 {cmp=tech.gtt.frontapp.stb.demo/tech.gtt.frontapp.stb.m.account.activity.LoginActivity} from uid 10058
06-24 10:14:46.009 W/ActivityTaskManager( 1928): Tried to set launchTime (0) < mLastActivityLaunchTime (320573082)
06-24 10:14:46.016 D/AndroidAutoSize( 7548): tech.gtt.frontapp.stb.m.account.activity.LoginActivity used the global configuration.
06-24 10:14:46.017 D/AndroidAutoSize( 7548): The tech.gtt.frontapp.stb.m.account.activity.LoginActivity has been adapted! 
06-24 10:14:46.017 D/AndroidAutoSize( 7548): LoginActivity Info: isBaseOnWidth = true, designWidthInDp = 1920.000000, designWidthInSubunits = 1920.000000, targetDensity = 1.000000, targetScaledDensity = 1.000000, targetDensityDpi = 160, targetXdpi = 1.000000, targetScreenWidthDp = 1920, targetScreenHeightDp = 1032
06-24 10:14:46.038 D/UIAutomatorStub( 7494): URI: /jsonrpc/0, Method: POST, params, {NanoHttpd.QUERY_STRING=null}, files: {postData={"jsonrpc": "2.0", "id": 1, "method": "waitForExists", "params": [{"mask": 2097152, "childOrSibling": [], "childOrSiblingSelector": [], "resourceId": "tech.gtt.frontapp.stb.demo:id/loginf_et_username"}, 20000]}}
06-24 10:14:46.039 D/UiDevice( 7494): Waiting 20000ms for SearchCondition[hasObject=BySelector [RES='\Qtech.gtt.frontapp.stb.demo:id/loginf_et_username\E']].
06-24 10:14:46.039 D/UiDevice( 7494): Searching for node with selector: BySelector [RES='\Qtech.gtt.frontapp.stb.demo:id/loginf_et_username\E'].
06-24 10:14:46.039 W/QueryController( 7494): Could not detect idle state.
06-24 10:14:46.084 D/AndroidAutoSize( 7548): tech.gtt.frontapp.stb.m.account.activity.LoginActivity used the global configuration.
06-24 10:14:46.084 D/AndroidAutoSize( 7548): The tech.gtt.frontapp.stb.m.account.activity.LoginActivity has been adapted! 
06-24 10:14:46.084 D/AndroidAutoSize( 7548): LoginActivity Info: isBaseOnWidth = true, designWidthInDp = 1920.000000, designWidthInSubunits = 1920.000000, targetDensity = 1.000000, targetScaledDensity = 1.000000, targetDensityDpi = 160, targetXdpi = 1.000000, targetScreenWidthDp = 1920, targetScreenHeightDp = 1032
06-24 10:14:46.087 W/WindowManager( 1928): Failed looking up window session=Session{79cca6c 7548:u0a10058} callers=com.android.server.wm.WindowManagerService.windowForClientLocked:5850 com.android.server.wm.Session.updateRequestedVisibilities:640 android.view.IWindowSession$Stub.onTransact:1175 
06-24 10:14:46.110 D/gralloc_nox( 1764): gralloc_alloc: Creating ashmem region of size 8298496
06-24 10:14:46.132 D/gralloc_nox( 1764): gralloc_alloc: Creating ashmem region of size 8298496
06-24 10:14:46.155 D/gralloc_nox( 1764): gralloc_alloc: Creating ashmem region of size 8298496
06-24 10:14:46.157 D/ProcessState( 7959): Binder ioctl to enable oneway spam detection failed: Invalid argument
06-24 10:14:46.237 W/ByMatcher( 7494): Node returned null child: android.view.accessibility.AccessibilityNodeInfo@11a25; boundsInParent: Rect(0, 0 - 807, 364); boundsInScreen: Rect(120, 358 - 927, 722); packageName: tech.gtt.frontapp.stb.demo; className: android.widget.LinearLayout; text: null; error: null; maxTextLength: -1; stateDescription: null; contentDescription: null; tooltipText: null; viewIdResName: null; checkable: false; checked: false; focusable: false; focused: false; selected: false; clickable: false; longClickable: false; contextClickable: false; enabled: true; password: false; scrollable: false; importantForAccessibility: false; visible: true; actions: [AccessibilityAction: ACTION_SELECT - null, AccessibilityAction: ACTION_CLEAR_SELECTION - null, AccessibilityAction: ACTION_ACCESSIBILITY_FOCUS - null, AccessibilityAction: ACTION_SHOW_ON_SCREEN - null]
06-24 10:14:46.237 W/ByMatcher( 7494): Skipping null child (1 of 3)
06-24 10:14:46.238 I/ActivityTaskManager( 1928): Displayed tech.gtt.frontapp.stb.demo/tech.gtt.frontapp.stb.m.account.activity.LoginActivity: +237ms
06-24 10:14:46.238 W/ByMatcher( 7494): Skipping null child (2 of 3)
06-24 10:14:46.238 W/ByMatcher( 7494): Node returned null child: android.view.accessibility.AccessibilityNodeInfo@112a3; boundsInParent: Rect(0, 0 - 1920, 1080); boundsInScreen: Rect(0, 0 - 1920, 1080); packageName: tech.gtt.frontapp.stb.demo; className: android.widget.RelativeLayout; text: null; error: null; maxTextLength: -1; stateDescription: null; contentDescription: null; tooltipText: null; viewIdResName: null; checkable: false; checked: false; focusable: false; focused: false; selected: false; clickable: false; longClickable: false; contextClickable: false; enabled: true; password: false; scrollable: false; importantForAccessibility: false; visible: true; actions: [AccessibilityAction: ACTION_SELECT - null, AccessibilityAction: ACTION_CLEAR_SELECTION - null, AccessibilityAction: ACTION_ACCESSIBILITY_FOCUS - null, AccessibilityAction: ACTION_SHOW_ON_SCREEN - null]
06-24 10:14:46.239 W/ByMatcher( 7494): Skipping null child (1 of 3)
06-24 10:14:46.239 W/ByMatcher( 7494): Skipping null child (2 of 3)
06-24 10:14:46.240 W/ByMatcher( 7494): Node returned null child: android.view.accessibility.AccessibilityNodeInfo@80006d77; boundsInParent: Rect(0, 0 - 1920, 1080); boundsInScreen: Rect(0, 0 - 1920, 1080); packageName: tech.gtt.frontapp.stb.demo; className: android.widget.FrameLayout; text: null; error: null; maxTextLength: -1; stateDescription: null; contentDescription: null; tooltipText: null; viewIdResName: null; checkable: false; checked: false; focusable: false; focused: false; selected: false; clickable: false; longClickable: false; contextClickable: false; enabled: true; password: false; scrollable: false; importantForAccessibility: true; visible: true; actions: [AccessibilityAction: ACTION_SELECT - null, AccessibilityAction: ACTION_CLEAR_SELECTION - null, AccessibilityAction: ACTION_ACCESSIBILITY_FOCUS - null, AccessibilityAction: ACTION_SHOW_ON_SCREEN - null]
06-24 10:14:46.241 W/ByMatcher( 7494): Skipping null child (0 of 1)
06-24 10:14:46.342 D/UiDevice( 7494): Searching for node with selector: BySelector [RES='\Qtech.gtt.frontapp.stb.demo:id/loginf_et_username\E'].
06-24 10:14:46.343 W/QueryController( 7494): Could not detect idle state.
06-24 10:14:46.376 D/UIAutomatorStub( 7494): URI: /jsonrpc/0, Method: POST, params, {NanoHttpd.QUERY_STRING=null}, files: {postData={"jsonrpc": "2.0", "id": 1, "method": "objInfo", "params": [{"mask": 2097152, "childOrSibling": [], "childOrSiblingSelector": [], "resourceId": "tech.gtt.frontapp.stb.demo:id/loginf_et_username"}]}}
06-24 10:14:46.378 D/UiDevice( 7494): Retrieving node with selector: BySelector [RES='\Qtech.gtt.frontapp.stb.demo:id/loginf_et_username\E'].
06-24 10:14:46.378 W/QueryController( 7494): Could not detect idle state.
06-24 10:14:46.382 W/QueryController( 7494): Could not detect idle state.
06-24 10:14:46.383 W/QueryController( 7494): Could not detect idle state.
06-24 10:14:46.384 W/QueryController( 7494): Could not detect idle state.
06-24 10:14:46.385 W/QueryController( 7494): Could not detect idle state.
06-24 10:14:46.385 W/QueryController( 7494): Could not detect idle state.
06-24 10:14:46.386 W/QueryController( 7494): Could not detect idle state.
06-24 10:14:46.387 W/QueryController( 7494): Could not detect idle state.
06-24 10:14:46.388 W/QueryController( 7494): Could not detect idle state.
06-24 10:14:46.388 W/QueryController( 7494): Could not detect idle state.
06-24 10:14:46.389 W/QueryController( 7494): Could not detect idle state.
06-24 10:14:46.396 W/QueryController( 7494): Could not detect idle state.
06-24 10:14:46.399 W/QueryController( 7494): Could not detect idle state.
06-24 10:14:46.402 W/QueryController( 7494): Could not detect idle state.
06-24 10:14:46.403 W/QueryController( 7494): Could not detect idle state.
06-24 10:14:46.404 W/QueryController( 7494): Could not detect idle state.
06-24 10:14:46.406 W/QueryController( 7494): Could not detect idle state.
06-24 10:14:46.407 W/QueryController( 7494): Could not detect idle state.
06-24 10:14:46.438 D/UIAutomatorStub( 7494): URI: /jsonrpc/0, Method: POST, params, {NanoHttpd.QUERY_STRING=null}, files: {postData={"jsonrpc": "2.0", "id": 1, "method": "click", "params": [1057.0, 437.0]}}
06-24 10:14:46.489 W/SurfaceFlinger( 1776): couldn't log to binary event log: overflow.
06-24 10:14:46.606 D/CompatibilityChangeReporter( 7548): Compat change id reported: 163400105; UID 10058; state: ENABLED
06-24 10:14:46.606 D/InputMethodManager( 7548): showSoftInput() view=tech.gtt.frontapp.stb.c.ui.edittext.EmailAutoCompleteTextView{1b6e625 VFED..CL. .F.P..ID 0,0-700,92 #7f0b02ce app:id/loginf_et_username aid=1073741824} flags=0 reason=SHOW_SOFT_INPUT
06-24 10:14:46.607 V/InputMethodService( 2581): onEvaluateInputViewShown: config.hardKeyboardHidden = 2
06-24 10:14:46.608 V/InputMethodService( 2581): onEvaluateInputViewShown: config.hardKeyboardHidden = 2
06-24 10:14:46.608 I/AdbKeyboard( 2581): imeAction: 5 Next
06-24 10:14:46.631 D/gralloc_nox( 1764): gralloc_alloc: Creating ashmem region of size 647168
06-24 10:14:46.668 D/gralloc_nox( 1764): gralloc_alloc: Creating ashmem region of size 647168
06-24 10:14:46.673 D/gralloc_nox( 1764): gralloc_alloc: Creating ashmem region of size 647168
06-24 10:14:46.675 D/UIAutomatorStub( 7494): URI: /jsonrpc/0, Method: POST, params, {NanoHttpd.QUERY_STRING=null}, files: {postData={"jsonrpc": "2.0", "id": 1, "method": "waitForExists", "params": [{"mask": 2097152, "childOrSibling": [], "childOrSiblingSelector": [], "resourceId": "tech.gtt.frontapp.stb.demo:id/loginf_et_username"}, 20000]}}
06-24 10:14:46.678 D/UiDevice( 7494): Waiting 20000ms for SearchCondition[hasObject=BySelector [RES='\Qtech.gtt.frontapp.stb.demo:id/loginf_et_username\E']].
06-24 10:14:46.678 D/UiDevice( 7494): Searching for node with selector: BySelector [RES='\Qtech.gtt.frontapp.stb.demo:id/loginf_et_username\E'].
06-24 10:14:46.678 W/QueryController( 7494): Could not detect idle state.
06-24 10:14:46.683 D/ProcessState( 7968): Binder ioctl to enable oneway spam detection failed: Invalid argument
06-24 10:14:46.693 D/InsetsController( 7548): show(ime(), fromIme=true)
06-24 10:14:46.719 D/UIAutomatorStub( 7494): URI: /jsonrpc/0, Method: POST, params, {NanoHttpd.QUERY_STRING=null}, files: {postData={"jsonrpc": "2.0", "id": 1, "method": "setText", "params": [{"mask": 2097152, "childOrSibling": [], "childOrSiblingSelector": [], "resourceId": "tech.gtt.frontapp.stb.demo:id/loginf_et_username"}, "0609@ipwangxin.cn"]}}
06-24 10:14:46.720 D/UiDevice( 7494): Retrieving node with selector: BySelector [RES='\Qtech.gtt.frontapp.stb.demo:id/loginf_et_username\E'].
06-24 10:14:46.721 W/QueryController( 7494): Could not detect idle state.
06-24 10:14:46.723 W/QueryController( 7494): Could not detect idle state.
06-24 10:14:46.726 D/UiObject2( 7494): Clicking on (1057, 437).
06-24 10:14:46.751 D/InputMethodManager( 7548): showSoftInput() view=tech.gtt.frontapp.stb.c.ui.edittext.EmailAutoCompleteTextView{1b6e625 VFED..CL. .F.P.... 0,0-700,92 #7f0b02ce app:id/loginf_et_username aid=1073741824} flags=0 reason=SHOW_SOFT_INPUT
06-24 10:14:46.752 V/InputMethodService( 2581): onEvaluateInputViewShown: config.hardKeyboardHidden = 2
06-24 10:14:46.752 V/InputMethodService( 2581): onEvaluateInputViewShown: config.hardKeyboardHidden = 2
06-24 10:14:46.754 D/InsetsController( 7548): show(ime(), fromIme=true)
06-24 10:14:46.765 W/GestureController( 7494): Gestures took longer than expected (38ms >> 16ms), device might be in a busy state.
06-24 10:14:46.765 D/UiDevice( 7494): Retrieving node with selector: BySelector [RES='\Qtech.gtt.frontapp.stb.demo:id/loginf_et_username\E'].
06-24 10:14:46.766 W/QueryController( 7494): Could not detect idle state.
06-24 10:14:46.768 W/QueryController( 7494): Could not detect idle state.
06-24 10:14:46.769 D/UiObject2( 7494): Setting text to '0609@ipwangxin.cn'.
06-24 10:14:46.777 I/AdbKeyboard( 2581): imeAction: 5 Next
06-24 10:14:46.778 V/InputMethodService( 2581): onEvaluateInputViewShown: config.hardKeyboardHidden = 2
06-24 10:14:46.778 V/InputMethodService( 2581): onEvaluateInputViewShown: config.hardKeyboardHidden = 2
06-24 10:14:46.853 D/InsetsController( 7548): show(ime(), fromIme=true)
06-24 10:14:46.869 D/UIAutomatorStub( 7494): URI: /jsonrpc/0, Method: POST, params, {NanoHttpd.QUERY_STRING=null}, files: {postData={"jsonrpc": "2.0", "id": 1, "method": "waitForExists", "params": [{"mask": 2097152, "childOrSibling": [], "childOrSiblingSelector": [], "resourceId": "tech.gtt.frontapp.stb.demo:id/et_pwd"}, 20000]}}
06-24 10:14:46.871 D/UiDevice( 7494): Waiting 20000ms for SearchCondition[hasObject=BySelector [RES='\Qtech.gtt.frontapp.stb.demo:id/et_pwd\E']].
06-24 10:14:46.871 D/UiDevice( 7494): Searching for node with selector: BySelector [RES='\Qtech.gtt.frontapp.stb.demo:id/et_pwd\E'].
06-24 10:14:46.872 W/QueryController( 7494): Could not detect idle state.
06-24 10:14:46.900 D/UIAutomatorStub( 7494): URI: /jsonrpc/0, Method: POST, params, {NanoHttpd.QUERY_STRING=null}, files: {postData={"jsonrpc": "2.0", "id": 1, "method": "objInfo", "params": [{"mask": 2097152, "childOrSibling": [], "childOrSiblingSelector": [], "resourceId": "tech.gtt.frontapp.stb.demo:id/et_pwd"}]}}
06-24 10:14:46.901 D/UiDevice( 7494): Retrieving node with selector: BySelector [RES='\Qtech.gtt.frontapp.stb.demo:id/et_pwd\E'].
06-24 10:14:46.902 W/QueryController( 7494): Could not detect idle state.
06-24 10:14:46.906 W/QueryController( 7494): Could not detect idle state.
06-24 10:14:46.907 W/QueryController( 7494): Could not detect idle state.
06-24 10:14:46.908 W/QueryController( 7494): Could not detect idle state.
06-24 10:14:46.909 W/QueryController( 7494): Could not detect idle state.
06-24 10:14:46.910 W/QueryController( 7494): Could not detect idle state.
06-24 10:14:46.911 W/QueryController( 7494): Could not detect idle state.
06-24 10:14:46.912 W/QueryController( 7494): Could not detect idle state.
06-24 10:14:46.913 W/QueryController( 7494): Could not detect idle state.
06-24 10:14:46.913 W/QueryController( 7494): Could not detect idle state.
06-24 10:14:46.914 W/QueryController( 7494): Could not detect idle state.
06-24 10:14:46.915 W/QueryController( 7494): Could not detect idle state.
06-24 10:14:46.915 W/QueryController( 7494): Could not detect idle state.
06-24 10:14:46.916 W/QueryController( 7494): Could not detect idle state.
06-24 10:14:46.917 W/QueryController( 7494): Could not detect idle state.
06-24 10:14:46.917 W/QueryController( 7494): Could not detect idle state.
06-24 10:14:46.918 W/QueryController( 7494): Could not detect idle state.
06-24 10:14:46.919 W/QueryController( 7494): Could not detect idle state.
06-24 10:14:46.948 D/UIAutomatorStub( 7494): URI: /jsonrpc/0, Method: POST, params, {NanoHttpd.QUERY_STRING=null}, files: {postData={"jsonrpc": "2.0", "id": 1, "method": "click", "params": [1057.0, 559.0]}}
06-24 10:14:46.949 W/NotificationHistory( 1928): Attempted to add notif for locked/gone/disabled user 0
06-24 10:14:46.953 D/InterruptionStateProvider( 2095): No bubble up: not allowed to bubble: -1|android|8|null|1000
06-24 10:14:46.953 D/InterruptionStateProvider( 2095): No heads up: unimportant notification: -1|android|8|null|1000
06-24 10:14:46.954 D/PeopleSpaceWidgetMgr( 2095): Sbn doesn't contain valid PeopleTileKey: null/-1/android
06-24 10:14:46.966 D/InterruptionStateProvider( 2095): No bubble up: not allowed to bubble: -1|android|8|null|1000
06-24 10:14:46.966 D/InterruptionStateProvider( 2095): No heads up: unimportant notification: -1|android|8|null|1000
06-24 10:14:46.969 D/PeopleSpaceWidgetMgr( 2095): Sbn doesn't contain valid PeopleTileKey: null/-1/android
06-24 10:14:47.009 D/InterruptionStateProvider( 2095): No bubble up: not allowed to bubble: -1|android|8|null|1000
06-24 10:14:47.009 D/InterruptionStateProvider( 2095): No heads up: unimportant notification: -1|android|8|null|1000
06-24 10:14:47.013 D/PeopleSpaceWidgetMgr( 2095): Sbn doesn't contain valid PeopleTileKey: null/-1/android
06-24 10:14:47.063 I/AdbKeyboard( 2581): imeAction: 5 Next
06-24 10:14:47.063 V/InputMethodService( 2581): onEvaluateInputViewShown: config.hardKeyboardHidden = 2
06-24 10:14:47.063 D/InputMethodManager( 7548): showSoftInput() view=tech.gtt.frontapp.stb.c.ui.edittext.NormalFocusEditText{c078987 VFED..CL. .F.P..ID 0,0-700,92 #7f0b0172 app:id/et_pwd aid=1073741826} flags=0 reason=SHOW_SOFT_INPUT
06-24 10:14:47.064 V/InputMethodService( 2581): onEvaluateInputViewShown: config.hardKeyboardHidden = 2
06-24 10:14:47.064 V/InputMethodService( 2581): onEvaluateInputViewShown: config.hardKeyboardHidden = 2
06-24 10:14:47.064 V/InputMethodService( 2581): onEvaluateInputViewShown: config.hardKeyboardHidden = 2
06-24 10:14:47.077 D/InsetsController( 7548): show(ime(), fromIme=true)
06-24 10:14:47.077 D/InsetsController( 7548): show(ime(), fromIme=true)
06-24 10:14:47.103 D/UIAutomatorStub( 7494): URI: /jsonrpc/0, Method: POST, params, {NanoHttpd.QUERY_STRING=null}, files: {postData={"jsonrpc": "2.0", "id": 1, "method": "waitForExists", "params": [{"mask": 2097152, "childOrSibling": [], "childOrSiblingSelector": [], "resourceId": "tech.gtt.frontapp.stb.demo:id/et_pwd"}, 20000]}}
06-24 10:14:47.104 D/UiDevice( 7494): Waiting 20000ms for SearchCondition[hasObject=BySelector [RES='\Qtech.gtt.frontapp.stb.demo:id/et_pwd\E']].
06-24 10:14:47.104 D/UiDevice( 7494): Searching for node with selector: BySelector [RES='\Qtech.gtt.frontapp.stb.demo:id/et_pwd\E'].
06-24 10:14:47.105 W/QueryController( 7494): Could not detect idle state.
06-24 10:14:47.131 D/UIAutomatorStub( 7494): URI: /jsonrpc/0, Method: POST, params, {NanoHttpd.QUERY_STRING=null}, files: {postData={"jsonrpc": "2.0", "id": 1, "method": "setText", "params": [{"mask": 2097152, "childOrSibling": [], "childOrSiblingSelector": [], "resourceId": "tech.gtt.frontapp.stb.demo:id/et_pwd"}, "123456"]}}
06-24 10:14:47.132 D/UiDevice( 7494): Retrieving node with selector: BySelector [RES='\Qtech.gtt.frontapp.stb.demo:id/et_pwd\E'].
06-24 10:14:47.133 W/QueryController( 7494): Could not detect idle state.
06-24 10:14:47.143 W/QueryController( 7494): Could not detect idle state.
06-24 10:14:47.145 D/UiObject2( 7494): Clicking on (1057, 559).
06-24 10:14:47.166 D/InputMethodManager( 7548): showSoftInput() view=tech.gtt.frontapp.stb.c.ui.edittext.NormalFocusEditText{c078987 VFED..CL. .F.P.... 0,0-700,92 #7f0b0172 app:id/et_pwd aid=1073741826} flags=0 reason=SHOW_SOFT_INPUT
06-24 10:14:47.167 V/InputMethodService( 2581): onEvaluateInputViewShown: config.hardKeyboardHidden = 2
06-24 10:14:47.167 V/InputMethodService( 2581): onEvaluateInputViewShown: config.hardKeyboardHidden = 2
06-24 10:14:47.169 D/InsetsController( 7548): show(ime(), fromIme=true)
06-24 10:14:47.182 W/GestureController( 7494): Gestures took longer than expected (36ms >> 16ms), device might be in a busy state.
06-24 10:14:47.182 D/UiDevice( 7494): Retrieving node with selector: BySelector [RES='\Qtech.gtt.frontapp.stb.demo:id/et_pwd\E'].
06-24 10:14:47.182 W/QueryController( 7494): Could not detect idle state.
06-24 10:14:47.186 W/QueryController( 7494): Could not detect idle state.
06-24 10:14:47.187 D/UiObject2( 7494): Setting text to '123456'.
06-24 10:14:47.193 I/AdbKeyboard( 2581): imeAction: 5 Next
06-24 10:14:47.194 V/InputMethodService( 2581): onEvaluateInputViewShown: config.hardKeyboardHidden = 2
06-24 10:14:47.194 V/InputMethodService( 2581): onEvaluateInputViewShown: config.hardKeyboardHidden = 2
06-24 10:14:47.198 D/InsetsController( 7548): show(ime(), fromIme=true)
06-24 10:14:47.211 D/UIAutomatorStub( 7494): URI: /jsonrpc/0, Method: POST, params, {NanoHttpd.QUERY_STRING=null}, files: {postData={"jsonrpc": "2.0", "id": 1, "method": "waitForExists", "params": [{"mask": 2097152, "childOrSibling": [], "childOrSiblingSelector": [], "resourceId": "tech.gtt.frontapp.stb.demo:id/remember_pwd_cb"}, 20000]}}
06-24 10:14:47.212 D/UiDevice( 7494): Waiting 20000ms for SearchCondition[hasObject=BySelector [RES='\Qtech.gtt.frontapp.stb.demo:id/remember_pwd_cb\E']].
06-24 10:14:47.213 D/UiDevice( 7494): Searching for node with selector: BySelector [RES='\Qtech.gtt.frontapp.stb.demo:id/remember_pwd_cb\E'].
06-24 10:14:47.213 W/QueryController( 7494): Could not detect idle state.
06-24 10:14:47.239 D/UIAutomatorStub( 7494): URI: /jsonrpc/0, Method: POST, params, {NanoHttpd.QUERY_STRING=null}, files: {postData={"jsonrpc": "2.0", "id": 1, "method": "objInfo", "params": [{"mask": 2097152, "childOrSibling": [], "childOrSiblingSelector": [], "resourceId": "tech.gtt.frontapp.stb.demo:id/remember_pwd_cb"}]}}
06-24 10:14:47.240 D/UiDevice( 7494): Retrieving node with selector: BySelector [RES='\Qtech.gtt.frontapp.stb.demo:id/remember_pwd_cb\E'].
06-24 10:14:47.240 W/QueryController( 7494): Could not detect idle state.
06-24 10:14:47.247 W/QueryController( 7494): Could not detect idle state.
06-24 10:14:47.248 W/QueryController( 7494): Could not detect idle state.
06-24 10:14:47.249 W/QueryController( 7494): Could not detect idle state.
06-24 10:14:47.249 W/QueryController( 7494): Could not detect idle state.
06-24 10:14:47.250 W/QueryController( 7494): Could not detect idle state.
06-24 10:14:47.251 W/QueryController( 7494): Could not detect idle state.
06-24 10:14:47.252 W/QueryController( 7494): Could not detect idle state.
06-24 10:14:47.253 W/QueryController( 7494): Could not detect idle state.
06-24 10:14:47.254 W/QueryController( 7494): Could not detect idle state.
06-24 10:14:47.255 W/QueryController( 7494): Could not detect idle state.
06-24 10:14:47.256 W/QueryController( 7494): Could not detect idle state.
06-24 10:14:47.256 W/QueryController( 7494): Could not detect idle state.
06-24 10:14:47.258 W/QueryController( 7494): Could not detect idle state.
06-24 10:14:47.259 W/QueryController( 7494): Could not detect idle state.
06-24 10:14:47.260 W/QueryController( 7494): Could not detect idle state.
06-24 10:14:47.261 W/QueryController( 7494): Could not detect idle state.
06-24 10:14:47.261 W/QueryController( 7494): Could not detect idle state.
06-24 10:14:47.276 D/InterruptionStateProvider( 2095): No bubble up: not allowed to bubble: -1|android|8|null|1000
06-24 10:14:47.276 D/InterruptionStateProvider( 2095): No heads up: unimportant notification: -1|android|8|null|1000
06-24 10:14:47.278 D/UIAutomatorStub( 7494): URI: /jsonrpc/0, Method: POST, params, {NanoHttpd.QUERY_STRING=null}, files: {postData={"jsonrpc": "2.0", "id": 1, "method": "click", "params": [729.0, 656.0]}}
06-24 10:14:47.281 D/PeopleSpaceWidgetMgr( 2095): Sbn doesn't contain valid PeopleTileKey: null/-1/android
06-24 10:14:47.297 D/InterruptionStateProvider( 2095): No bubble up: not allowed to bubble: -1|android|8|null|1000
06-24 10:14:47.298 D/InterruptionStateProvider( 2095): No heads up: unimportant notification: -1|android|8|null|1000
06-24 10:14:47.301 D/PeopleSpaceWidgetMgr( 2095): Sbn doesn't contain valid PeopleTileKey: null/-1/android
06-24 10:14:47.331 E/libEGL  ( 7548): called unimplemented OpenGL ES API
06-24 10:14:47.378 D/InterruptionStateProvider( 2095): No bubble up: not allowed to bubble: -1|android|8|null|1000
06-24 10:14:47.378 D/InterruptionStateProvider( 2095): No heads up: unimportant notification: -1|android|8|null|1000
06-24 10:14:47.383 D/PeopleSpaceWidgetMgr( 2095): Sbn doesn't contain valid PeopleTileKey: null/-1/android
06-24 10:14:47.412 D/InterruptionStateProvider( 2095): No bubble up: not allowed to bubble: -1|android|8|null|1000
06-24 10:14:47.413 D/InterruptionStateProvider( 2095): No heads up: unimportant notification: -1|android|8|null|1000
06-24 10:14:47.426 D/PeopleSpaceWidgetMgr( 2095): Sbn doesn't contain valid PeopleTileKey: null/-1/android
06-24 10:14:47.435 D/ProcessState( 7983): Binder ioctl to enable oneway spam detection failed: Invalid argument
