--------- beginning of main
06-24 10:14:34.036 D/ProcessState( 7520): Binder ioctl to enable oneway spam detection failed: Invalid argument
--------- beginning of system
06-24 10:14:34.038 I/ActivityManager( 1928): Force stopping tech.gtt.frontapp.stb.demo appid=10058 user=0: clear data
06-24 10:14:34.039 I/ActivityManager( 1928): Force stopping tech.gtt.frontapp.stb.demo appid=10058 user=-1: clearApplicationUserData
06-24 10:14:34.059 I/MediaProvider( 2563): Begin Intent { act=android.intent.action.PACKAGE_DATA_CLEARED dat=package:tech.gtt.frontapp.stb.demo flg=0x1000010 cmp=com.android.providers.media.module/com.android.providers.media.MediaService (has extras) }
06-24 10:14:34.060 D/MediaProvider( 2563): Deleted 0 Android/media items belonging to tech.gtt.frontapp.stb.demo on /data/user/0/com.android.providers.media.module/databases/external.db
06-24 10:14:34.061 I/MediaProvider( 2563): End Intent { act=android.intent.action.PACKAGE_DATA_CLEARED dat=package:tech.gtt.frontapp.stb.demo flg=0x1000010 cmp=com.android.providers.media.module/com.android.providers.media.MediaService (has extras) }
06-24 10:14:34.126 D/AndroidRuntime( 7534): >>>>>> START com.android.internal.os.RuntimeInit uid 0 <<<<<<
06-24 10:14:34.129 I/AndroidRuntime( 7534): Using default boot image
06-24 10:14:34.129 I/AndroidRuntime( 7534): Leaving lock profiling enabled
06-24 10:14:34.130 W/app_process( 7534): ART APEX data files are untrusted.
06-24 10:14:34.130 I/app_process( 7534): Core platform API reporting enabled, enforcing=false
06-24 10:14:34.169 D/app_process( 7534): Time zone APEX ICU file found: /apex/com.android.tzdata/etc/icu/icu_tzdata.dat
06-24 10:14:34.169 D/app_process( 7534): I18n APEX ICU file found: /apex/com.android.i18n/etc/icu/icudt68l.dat
06-24 10:14:34.173 W/app_process( 7534): Unexpected CPU variant for X86 using defaults: x86_64
06-24 10:14:34.187 D/ProcessState( 7534): Binder ioctl to enable oneway spam detection failed: Invalid argument
06-24 10:14:34.187 D/AndroidRuntime( 7534): Calling main entry com.android.commands.monkey.Monkey
06-24 10:14:34.187 W/Monkey  ( 7534): args: [-p, tech.gtt.frontapp.stb.demo, -c, android.intent.category.LAUNCHER, 1]
06-24 10:14:34.188 W/Monkey  ( 7534):  arg: "-p"
06-24 10:14:34.188 W/Monkey  ( 7534):  arg: "tech.gtt.frontapp.stb.demo"
06-24 10:14:34.188 W/Monkey  ( 7534):  arg: "-c"
06-24 10:14:34.188 W/Monkey  ( 7534):  arg: "android.intent.category.LAUNCHER"
06-24 10:14:34.188 W/Monkey  ( 7534):  arg: "1"
06-24 10:14:34.188 W/Monkey  ( 7534): data="tech.gtt.frontapp.stb.demo"
06-24 10:14:34.188 W/Monkey  ( 7534): data="android.intent.category.LAUNCHER"
06-24 10:14:34.221 W/BroadcastQueue( 1928): Skipping deliver [background] BroadcastRecord{9bc855e u-1 android.net.conn.CONNECTIVITY_CHANGE} to ReceiverList{a9b9d3f 7534 (unknown name)/0/u-1 remote:2465be0}: process gone or crashing
06-24 10:14:34.229 I/ActivityTaskManager( 1928): START u0 {act=android.intent.action.MAIN cat=[android.intent.category.LAUNCHER] flg=0x10200000 cmp=tech.gtt.frontapp.stb.demo/tech.gtt.frontapp.stb.m.home.activity.SplashActivity} from uid 0
06-24 10:14:34.230 W/ActivityTaskManager( 1928): Can't find TaskDisplayArea to determine support for multi window. Task id=42 attached=false
06-24 10:14:34.237 D/CompatibilityChangeReporter( 1928): Compat change id reported: 135634846; UID 10058; state: DISABLED
06-24 10:14:34.238 D/CompatibilityChangeReporter( 1928): Compat change id reported: 143937733; UID 10058; state: ENABLED
06-24 10:14:34.247 I/Monkey  ( 7534): Events injected: 1
06-24 10:14:34.254 I/Monkey  ( 7534): ## Network stats: elapsed time=26ms (0ms mobile, 0ms wifi, 26ms not connected)
06-24 10:14:34.261 D/gralloc_nox( 1764): gralloc_alloc: Creating ashmem region of size 8298496
06-24 10:14:34.309 D/Zygote  ( 1753): Forked child process 7548
06-24 10:14:34.311 W/ActivityManager( 1928): Slow operation: 75ms so far, now at startProcess: returned from zygote!
06-24 10:14:34.311 I/app_process( 7534): System.exit called, status: 0
06-24 10:14:34.311 I/AndroidRuntime( 7534): VM exiting with result code 0.
06-24 10:14:34.316 I/Zygote  ( 7548): seccomp disabled by setenforce 0
06-24 10:14:34.320 W/ActivityManager( 1928): Slow operation: 84ms so far, now at startProcess: done updating battery stats
06-24 10:14:34.320 W/ActivityManager( 1928): Slow operation: 84ms so far, now at startProcess: building log message
06-24 10:14:34.320 I/ActivityManager( 1928): Start proc 7548:tech.gtt.frontapp.stb.demo/u0a58 for pre-top-activity {tech.gtt.frontapp.stb.demo/tech.gtt.frontapp.stb.m.home.activity.SplashActivity}
06-24 10:14:34.320 W/ActivityManager( 1928): Slow operation: 84ms so far, now at startProcess: starting to update pids map
06-24 10:14:34.321 W/ActivityManager( 1928): Slow operation: 85ms so far, now at startProcess: done updating pids map
06-24 10:14:34.322 W/ontapp.stb.dem( 7548): Unexpected CPU variant for X86 using defaults: x86_64
06-24 10:14:34.328 D/gralloc_nox( 1764): gralloc_alloc: Creating ashmem region of size 8298496
06-24 10:14:34.333 D/ProcessState( 7548): Binder ioctl to enable oneway spam detection failed: Invalid argument
06-24 10:14:34.361 E/ashmem  ( 7548): memfd: ro.vndk.version not defined or invalid (), this is mandated since P.
06-24 10:14:34.370 D/CompatibilityChangeReporter( 7548): Compat change id reported: 171979766; UID 10058; state: ENABLED
06-24 10:14:34.386 D/gralloc_nox( 1764): gralloc_alloc: Creating ashmem region of size 8298496
06-24 10:14:34.425 V/GraphicsEnvironment( 7548): ANGLE Developer option for 'tech.gtt.frontapp.stb.demo' set to: 'default'
06-24 10:14:34.428 V/GraphicsEnvironment( 7548): ANGLE GameManagerService for tech.gtt.frontapp.stb.demo: false
06-24 10:14:34.428 V/GraphicsEnvironment( 7548): Neither updatable production driver nor prerelease driver is supported.
06-24 10:14:34.431 D/NetworkSecurityConfig( 7548): Using Network Security Config from resource network_security_config debugBuild: false
06-24 10:14:34.432 D/NetworkSecurityConfig( 7548): Using Network Security Config from resource network_security_config debugBuild: false
06-24 10:14:34.438 I/MultiDex( 7548): VM with version 2.1.0 has multidex support
06-24 10:14:34.438 I/MultiDex( 7548): Installing application
06-24 10:14:34.438 I/MultiDex( 7548): VM has multidex support, MultiDex support library is disabled.
06-24 10:14:34.438 E/[Package]( 7548): params: AppConfiguration(vnoId='11026504', brandId='d0k7d3p3kdikth2o3q6g', appId='d0jucrbq6bt4h33c0ma0', sourceId='30006401-31002837', authServers='https://gtt-app-apigateway-lion.vdemosit.com', shareKey='S2kQMgUSugYyMlk5QclHDaF0uDsFnB0oJoFeAFgsKb8=', packageName='tech.gtt.frontapp.stb.demo', appName='Goose TV', appVersionName='v1.0.0', appVersionCode='7', pluginVersionCode='1', pluginVersionName='6.0.0-beta-build5', packageSeq='1', buglyAppId='d76a04165f', buglyKey='13b89b2d-1c12-4c4f-93b8-46e3c2ef9f73', baseVersionCode='20000066', gitTag='2.1.4-beta6', supportLang='en,pt,es', defaultLang='en', bootLoadType='1')
06-24 10:14:34.439 W/System.err( 7548): java.lang.ClassNotFoundException: tech.gtt.frontapp.stb.docker.plugin.PluginUtils
06-24 10:14:34.439 W/System.err( 7548): 	at java.lang.Class.classForName(Native Method)
06-24 10:14:34.439 W/System.err( 7548): 	at java.lang.Class.forName(Class.java:454)
06-24 10:14:34.439 W/System.err( 7548): 	at java.lang.Class.forName(Class.java:379)
06-24 10:14:34.439 W/System.err( 7548): 	at ot.e.b(SourceFile:3)
06-24 10:14:34.439 W/System.err( 7548): 	at tech.gtt.frontapp.stb.app.MainApplication.attachBaseContext(SourceFile:130)
06-24 10:14:34.440 W/System.err( 7548): 	at android.app.Application.attach(Application.java:338)
06-24 10:14:34.440 W/System.err( 7548): 	at android.app.Instrumentation.newApplication(Instrumentation.java:1190)
06-24 10:14:34.440 W/System.err( 7548): 	at android.app.LoadedApk.makeApplication(LoadedApk.java:1361)
06-24 10:14:34.440 W/System.err( 7548): 	at android.app.ActivityThread.handleBindApplication(ActivityThread.java:6728)
06-24 10:14:34.440 W/System.err( 7548): 	at android.app.ActivityThread.access$1500(ActivityThread.java:256)
06-24 10:14:34.440 W/System.err( 7548): 	at android.app.ActivityThread$H.handleMessage(ActivityThread.java:2091)
06-24 10:14:34.440 W/System.err( 7548): 	at android.os.Handler.dispatchMessage(Handler.java:106)
06-24 10:14:34.440 W/System.err( 7548): 	at android.os.Looper.loopOnce(Looper.java:201)
06-24 10:14:34.440 W/System.err( 7548): 	at android.os.Looper.loop(Looper.java:288)
06-24 10:14:34.440 W/System.err( 7548): 	at android.app.ActivityThread.main(ActivityThread.java:7875)
06-24 10:14:34.440 W/System.err( 7548): 	at java.lang.reflect.Method.invoke(Native Method)
06-24 10:14:34.441 W/System.err( 7548): 	at com.android.internal.os.RuntimeInit$MethodAndArgsCaller.run(RuntimeInit.java:568)
06-24 10:14:34.441 W/System.err( 7548): 	at com.android.internal.os.ZygoteInit.main(ZygoteInit.java:1005)
06-24 10:14:34.442 W/System.err( 7548): Caused by: java.lang.ClassNotFoundException: tech.gtt.frontapp.stb.docker.plugin.PluginUtils
06-24 10:14:34.442 W/System.err( 7548): 	... 18 more
06-24 10:14:34.442 E/[Package]( 7548): isInPluginMode: false
06-24 10:14:34.445 I/CustomActivityOnCrash( 7548): CustomActivityOnCrash has been installed.
06-24 10:14:34.446 I/System.out( 7548): Modular_Init : a - initialize
06-24 10:14:34.452 I/System.out( 7548): Modular_Init : a - initialize
06-24 10:14:34.452 D/[LiveInitialize]( 7548): init---
06-24 10:14:34.452 I/System.out( 7548): Modular_Init : d - initialize
06-24 10:14:34.453 I/System.out( 7548): Modular_Init : a - initialize
06-24 10:14:34.453 D/[ReplayInitialize]( 7548): init---
06-24 10:14:34.453 I/System.out( 7548): Modular_Init : a - initialize
06-24 10:14:34.453 D/[CatchupInitModule]( 7548): init---
06-24 10:14:34.453 I/System.out( 7548): Modular_Init : a - initialize
06-24 10:14:34.453 I/System.out( 7548): Modular_Init : b - initialize
06-24 10:14:34.455 D/AndroidAutoSize( 7548): designWidthInDp = 360, designHeightInDp = 640, screenWidth = 1920, screenHeight = 1080
06-24 10:14:34.456 D/AndroidAutoSize( 7548): initDensity = 2.0, initScaledDensity = 2.0
06-24 10:14:34.466 W/System  ( 2095): A resource failed to call close. 
06-24 10:14:34.466 W/System  ( 2095): A resource failed to call release. 
06-24 10:14:34.466 W/System  ( 2095): A resource failed to call release. 
06-24 10:14:34.505 D/AndroidAutoSize( 7548): tech.gtt.frontapp.stb.m.home.activity.SplashActivity used the global configuration.
06-24 10:14:34.515 D/AndroidAutoSize( 7548): The tech.gtt.frontapp.stb.m.home.activity.SplashActivity has been adapted! 
06-24 10:14:34.515 D/AndroidAutoSize( 7548): SplashActivity Info: isBaseOnWidth = true, designWidthInDp = 1920.000000, designWidthInSubunits = 1920.000000, targetDensity = 1.000000, targetScaledDensity = 1.000000, targetDensityDpi = 160, targetXdpi = 1.000000, targetScreenWidthDp = 1920, targetScreenHeightDp = 1032
06-24 10:14:34.573 D/AndroidAutoSize( 7548): tech.gtt.frontapp.stb.m.home.activity.SplashActivity used the global configuration.
06-24 10:14:34.574 D/AndroidAutoSize( 7548): The tech.gtt.frontapp.stb.m.home.activity.SplashActivity has been adapted! 
06-24 10:14:34.574 D/AndroidAutoSize( 7548): SplashActivity Info: isBaseOnWidth = true, designWidthInDp = 1920.000000, designWidthInSubunits = 1920.000000, targetDensity = 1.000000, targetScaledDensity = 1.000000, targetDensityDpi = 160, targetXdpi = 1.000000, targetScreenWidthDp = 1920, targetScreenHeightDp = 1032
06-24 10:14:34.583 I/ActivityTaskManager( 1928): START u0 {act=android.content.pm.action.REQUEST_PERMISSIONS pkg=com.android.permissioncontroller cmp=com.android.permissioncontroller/.permission.ui.GrantPermissionsActivity (has extras)} from uid 10058
06-24 10:14:34.608 D/ontapp.stb.dem( 7548): createUnique: call
06-24 10:14:34.620 D/ontapp.stb.dem( 7548): HostComposition ext GL_OES_EGL_image GL_OES_EGL_image_external GL_OES_depth24 GL_OES_depth32 GL_OES_element_index_uint GL_OES_texture_float GL_OES_texture_float_linear GL_OES_compressed_paletted_texture GL_OES_compressed_ETC1_RGB8_texture GL_OES_depth_texture GL_EXT_texture_format_BGRA8888 GL_APPLE_texture_format_BGRA8888 GL_OES_texture_half_float GL_EXT_robustness GL_OES_texture_half_float_linear GL_OES_packed_depth_stencil GL_OES_vertex_half_float GL_OES_texture_npot GL_OES_rgb8_rgba8 GL_EXT_color_buffer_float GL_EXT_texture_sRGB_decode ANDROID_gles_max_version_3_1 GL_OES_vertex_array_object GL_EXT_texture_buffer GL_EXT_copy_image GL_KHR_texture_compression_astc_ldr GL_KHR_texture_compression_astc_hdr GL_OES_texture_compression_astc GL_OES_EGL_image_external
06-24 10:14:34.621 D/hw-ProcessState( 7548): Binder ioctl to enable oneway spam detection failed: Invalid argument
06-24 10:14:34.629 W/OpenGLRenderer( 7548): Failed to initialize 101010-2 format, error = EGL_SUCCESS
06-24 10:14:34.629 D/EGL_emulation( 7548): rcCreateContext wated version 2.0  rc:4
06-24 10:14:34.643 D/ProcessState( 7584): Binder ioctl to enable oneway spam detection failed: Invalid argument
06-24 10:14:34.654 D/EGL_emulation( 7548): eglMakeCurrent: 0x7b456421b190: ver 3 2 (tinfo 0x7b44e4242900) (first time)
06-24 10:14:34.656 E/HWComposer( 1776): getSupportedContentTypes: getSupportedContentTypes failed for display 0: Unsupported (8)
06-24 10:14:34.657 I/hwservicemanager( 1563): getTransport: Cannot find entry android.hardware.graphics.mapper@4.0::IMapper/default in either framework or device VINTF manifest.
06-24 10:14:34.657 I/Gralloc4( 7548): mapper 4.x is not supported
06-24 10:14:34.657 I/hwservicemanager( 1563): getTransport: Cannot find entry android.hardware.graphics.mapper@3.0::IMapper/default in either framework or device VINTF manifest.
06-24 10:14:34.657 W/Gralloc3( 7548): mapper 3.x is not supported
06-24 10:14:34.658 I/hwservicemanager( 1563): getTransport: Cannot find entry android.hardware.graphics.allocator@4.0::IAllocator/default in either framework or device VINTF manifest.
06-24 10:14:34.658 W/Gralloc4( 7548): allocator 4.x is not supported
06-24 10:14:34.658 I/hwservicemanager( 1563): getTransport: Cannot find entry android.hardware.graphics.allocator@3.0::IAllocator/default in either framework or device VINTF manifest.
06-24 10:14:34.658 W/Gralloc3( 7548): allocator 3.x is not supported
06-24 10:14:34.659 D/gralloc_nox( 1764): gralloc_alloc: Creating ashmem region of size 8298496
06-24 10:14:34.698 D/ontapp.stb.dem( 7548): createUnique: call
06-24 10:14:34.699 D/ontapp.stb.dem( 7548): HostComposition ext GL_OES_EGL_image GL_OES_EGL_image_external GL_OES_depth24 GL_OES_depth32 GL_OES_element_index_uint GL_OES_texture_float GL_OES_texture_float_linear GL_OES_compressed_paletted_texture GL_OES_compressed_ETC1_RGB8_texture GL_OES_depth_texture GL_EXT_texture_format_BGRA8888 GL_APPLE_texture_format_BGRA8888 GL_OES_texture_half_float GL_EXT_robustness GL_OES_texture_half_float_linear GL_OES_packed_depth_stencil GL_OES_vertex_half_float GL_OES_texture_npot GL_OES_rgb8_rgba8 GL_EXT_color_buffer_float GL_EXT_texture_sRGB_decode ANDROID_gles_max_version_3_1 GL_OES_vertex_array_object GL_EXT_texture_buffer GL_EXT_copy_image GL_KHR_texture_compression_astc_ldr GL_KHR_texture_compression_astc_hdr GL_OES_texture_compression_astc GL_OES_EGL_image_external
06-24 10:14:34.700 D/gralloc_nox( 1764): gralloc_alloc: Creating ashmem region of size 8298496
06-24 10:14:34.739 D/gralloc_nox( 1764): gralloc_alloc: Creating ashmem region of size 8298496
06-24 10:14:34.815 E/libEGL  ( 7548): called unimplemented OpenGL ES API
06-24 10:14:34.874 W/ActivityTaskManager( 1928): Tried to set launchTime (0) < mLastActivityLaunchTime (320342032)
06-24 10:14:35.034 I/ActivityTaskManager( 1928): Displayed com.android.permissioncontroller/.permission.ui.GrantPermissionsActivity: +774ms
06-24 10:14:35.048 D/ProcessState( 7595): Binder ioctl to enable oneway spam detection failed: Invalid argument
06-24 10:14:35.151 W/InputManager-JNI( 1928): Input channel object '50f77d1 Splash Screen tech.gtt.frontapp.stb.demo (client)' was disposed without first being removed with the input manager!
06-24 10:14:35.177 D/gralloc_nox( 1764): gralloc_alloc: Creating ashmem region of size 5496832
06-24 10:14:35.350 D/gralloc_nox( 1764): gralloc_alloc: Creating ashmem region of size 5496832
06-24 10:14:35.557 D/gralloc_nox( 1764): gralloc_alloc: Creating ashmem region of size 5496832
06-24 10:14:37.236 E/TaskPersister( 1928): File error accessing recents directory (directory doesn't exist?).
06-24 10:14:37.351 D/UIAutomatorStub( 7494): URI: /jsonrpc/0, Method: POST, params, {NanoHttpd.QUERY_STRING=null}, files: {postData={"jsonrpc": "2.0", "id": 1, "method": "count", "params": [{"mask": 2097152, "childOrSibling": [], "childOrSiblingSelector": [], "resourceId": "com.android.permissioncontroller:id/permission_allow_button"}]}}
06-24 10:14:37.364 D/UiObject( 7494): Waiting 0ms for UiSelector[RESOURCE_ID=com.android.permissioncontroller:id/permission_allow_button].
06-24 10:14:37.365 W/QueryController( 7494): Could not detect idle state.
06-24 10:14:37.371 I/QueryController( 7494): Matched selector: UiSelector[RESOURCE_ID=com.android.permissioncontroller:id/permission_allow_button] <<==>> [android.view.accessibility.AccessibilityNodeInfo@121a5; boundsInParent: Rect(0, 0 - 992, 112); boundsInScreen: Rect(464, 557 - 1456, 669); packageName: com.android.permissioncontroller; className: android.widget.Button; text: 允许; error: null; maxTextLength: -1; stateDescription: null; contentDescription: null; tooltipText: null; viewIdResName: com.android.permissioncontroller:id/permission_allow_button; checkable: false; checked: false; focusable: true; focused: false; selected: false; clickable: true; longClickable: false; contextClickable: false; enabled: true; password: false; scrollable: false; importantForAccessibility: true; visible: true; actions: [AccessibilityAction: ACTION_FOCUS - null, AccessibilityAction: ACTION_SELECT - null, AccessibilityAction: ACTION_CLEAR_SELECTION - null, AccessibilityAction: ACTION_CLICK - null, AccessibilityAction: ACTION_ACCESSIBILITY_FOCUS - null, AccessibilityAction: ACTION_NEXT_AT_MOVEMENT_GRANULARITY - null, AccessibilityAction: ACTION_PREVIOUS_AT_MOVEMENT_GRANULARITY - null, AccessibilityAction: ACTION_SET_SELECTION - null, AccessibilityAction: ACTION_SHOW_ON_SCREEN - null]]
06-24 10:14:37.371 D/UiObject( 7494): Waiting 0ms for UiSelector[INSTANCE=1, RESOURCE_ID=com.android.permissioncontroller:id/permission_allow_button].
06-24 10:14:37.372 W/QueryController( 7494): Could not detect idle state.
06-24 10:14:37.410 D/UIAutomatorStub( 7494): URI: /jsonrpc/0, Method: POST, params, {NanoHttpd.QUERY_STRING=null}, files: {postData={"jsonrpc": "2.0", "id": 1, "method": "waitForExists", "params": [{"mask": 2097152, "childOrSibling": [], "childOrSiblingSelector": [], "resourceId": "com.android.permissioncontroller:id/permission_allow_button"}, 20000]}}
06-24 10:14:37.414 D/UiDevice( 7494): Waiting 20000ms for SearchCondition[hasObject=BySelector [RES='\Qcom.android.permissioncontroller:id/permission_allow_button\E']].
06-24 10:14:37.414 D/UiDevice( 7494): Searching for node with selector: BySelector [RES='\Qcom.android.permissioncontroller:id/permission_allow_button\E'].
06-24 10:14:37.416 W/QueryController( 7494): Could not detect idle state.
06-24 10:14:37.461 D/UIAutomatorStub( 7494): URI: /jsonrpc/0, Method: POST, params, {NanoHttpd.QUERY_STRING=null}, files: {postData={"jsonrpc": "2.0", "id": 1, "method": "objInfo", "params": [{"mask": 2097152, "childOrSibling": [], "childOrSiblingSelector": [], "resourceId": "com.android.permissioncontroller:id/permission_allow_button"}]}}
06-24 10:14:37.463 D/UiDevice( 7494): Retrieving node with selector: BySelector [RES='\Qcom.android.permissioncontroller:id/permission_allow_button\E'].
06-24 10:14:37.464 W/QueryController( 7494): Could not detect idle state.
06-24 10:14:37.479 W/QueryController( 7494): Could not detect idle state.
06-24 10:14:37.482 W/QueryController( 7494): Could not detect idle state.
06-24 10:14:37.485 W/QueryController( 7494): Could not detect idle state.
06-24 10:14:37.486 W/QueryController( 7494): Could not detect idle state.
06-24 10:14:37.487 W/QueryController( 7494): Could not detect idle state.
06-24 10:14:37.488 W/QueryController( 7494): Could not detect idle state.
06-24 10:14:37.490 W/QueryController( 7494): Could not detect idle state.
06-24 10:14:37.496 W/QueryController( 7494): Could not detect idle state.
06-24 10:14:37.500 W/QueryController( 7494): Could not detect idle state.
06-24 10:14:37.501 W/QueryController( 7494): Could not detect idle state.
06-24 10:14:37.502 W/QueryController( 7494): Could not detect idle state.
06-24 10:14:37.503 W/QueryController( 7494): Could not detect idle state.
06-24 10:14:37.504 W/QueryController( 7494): Could not detect idle state.
06-24 10:14:37.505 W/QueryController( 7494): Could not detect idle state.
06-24 10:14:37.509 W/QueryController( 7494): Could not detect idle state.
06-24 10:14:37.513 W/QueryController( 7494): Could not detect idle state.
06-24 10:14:37.516 W/QueryController( 7494): Could not detect idle state.
06-24 10:14:37.565 D/UIAutomatorStub( 7494): URI: /jsonrpc/0, Method: POST, params, {NanoHttpd.QUERY_STRING=null}, files: {postData={"jsonrpc": "2.0", "id": 1, "method": "click", "params": [960.0, 613.0]}}
06-24 10:14:37.574 V/DisplayPowerController[0]( 1928): Brightness [0.39763778] reason changing to: 'manual', previous reason: 'manual [ dim ]'.
06-24 10:14:37.590 E/DisplayDeviceConfig( 1928): requesting nits when no mapping exists.
06-24 10:14:37.592 E/DisplayDeviceConfig( 1928): requesting nits when no mapping exists.
06-24 10:14:37.594 E/LightsService( 1928): Light requested not available on this device. 0
06-24 10:14:37.594 I/DropBoxManagerService( 1928): add tag=system_server_wtf isTagEnabled=true flags=0x2
06-24 10:14:37.596 I/DropBoxManagerService( 1928): add tag=system_server_wtf isTagEnabled=true flags=0x2
06-24 10:14:37.610 E/DisplayDeviceConfig( 1928): requesting nits when no mapping exists.
06-24 10:14:37.611 E/DisplayDeviceConfig( 1928): requesting nits when no mapping exists.
06-24 10:14:37.613 I/DropBoxManagerService( 1928): add tag=system_server_wtf isTagEnabled=true flags=0x2
06-24 10:14:37.614 E/LightsService( 1928): Light requested not available on this device. 0
06-24 10:14:37.617 I/DropBoxManagerService( 1928): add tag=system_server_wtf isTagEnabled=true flags=0x2
06-24 10:14:37.626 E/DisplayDeviceConfig( 1928): requesting nits when no mapping exists.
06-24 10:14:37.628 E/DisplayDeviceConfig( 1928): requesting nits when no mapping exists.
06-24 10:14:37.630 I/DropBoxManagerService( 1928): add tag=system_server_wtf isTagEnabled=true flags=0x2
06-24 10:14:37.631 E/LightsService( 1928): Light requested not available on this device. 0
06-24 10:14:37.644 E/DisplayDeviceConfig( 1928): requesting nits when no mapping exists.
06-24 10:14:37.645 E/DisplayDeviceConfig( 1928): requesting nits when no mapping exists.
06-24 10:14:37.647 E/LightsService( 1928): Light requested not available on this device. 0
06-24 10:14:37.660 E/DisplayDeviceConfig( 1928): requesting nits when no mapping exists.
06-24 10:14:37.661 E/DisplayDeviceConfig( 1928): requesting nits when no mapping exists.
06-24 10:14:37.663 E/LightsService( 1928): Light requested not available on this device. 0
06-24 10:14:37.677 E/DisplayDeviceConfig( 1928): requesting nits when no mapping exists.
06-24 10:14:37.678 E/DisplayDeviceConfig( 1928): requesting nits when no mapping exists.
06-24 10:14:37.679 E/LightsService( 1928): Light requested not available on this device. 0
06-24 10:14:37.689 E/DisplayDeviceConfig( 1928): requesting nits when no mapping exists.
06-24 10:14:37.689 E/DisplayDeviceConfig( 1928): requesting nits when no mapping exists.
06-24 10:14:37.691 E/LightsService( 1928): Light requested not available on this device. 0
06-24 10:14:37.709 E/DisplayDeviceConfig( 1928): requesting nits when no mapping exists.
06-24 10:14:37.709 E/DisplayDeviceConfig( 1928): requesting nits when no mapping exists.
06-24 10:14:37.722 E/LightsService( 1928): Light requested not available on this device. 0
06-24 10:14:37.724 E/DisplayDeviceConfig( 1928): requesting nits when no mapping exists.
06-24 10:14:37.727 E/DisplayDeviceConfig( 1928): requesting nits when no mapping exists.
06-24 10:14:37.730 E/LightsService( 1928): Light requested not available on this device. 0
06-24 10:14:37.739 E/DisplayDeviceConfig( 1928): requesting nits when no mapping exists.
06-24 10:14:37.740 E/DisplayDeviceConfig( 1928): requesting nits when no mapping exists.
06-24 10:14:37.744 E/LightsService( 1928): Light requested not available on this device. 0
06-24 10:14:37.756 E/DisplayDeviceConfig( 1928): requesting nits when no mapping exists.
06-24 10:14:37.757 E/DisplayDeviceConfig( 1928): requesting nits when no mapping exists.
06-24 10:14:37.765 E/LightsService( 1928): Light requested not available on this device. 0
06-24 10:14:37.778 E/DisplayDeviceConfig( 1928): requesting nits when no mapping exists.
06-24 10:14:37.779 E/DisplayDeviceConfig( 1928): requesting nits when no mapping exists.
06-24 10:14:37.781 E/LightsService( 1928): Light requested not available on this device. 0
06-24 10:14:37.793 E/DisplayDeviceConfig( 1928): requesting nits when no mapping exists.
06-24 10:14:37.794 E/DisplayDeviceConfig( 1928): requesting nits when no mapping exists.
06-24 10:14:37.798 E/LightsService( 1928): Light requested not available on this device. 0
06-24 10:14:37.811 E/DisplayDeviceConfig( 1928): requesting nits when no mapping exists.
06-24 10:14:37.812 E/DisplayDeviceConfig( 1928): requesting nits when no mapping exists.
06-24 10:14:37.814 E/LightsService( 1928): Light requested not available on this device. 0
06-24 10:14:37.827 E/DisplayDeviceConfig( 1928): requesting nits when no mapping exists.
06-24 10:14:37.827 E/DisplayDeviceConfig( 1928): requesting nits when no mapping exists.
06-24 10:14:37.828 E/LightsService( 1928): Light requested not available on this device. 0
06-24 10:14:37.834 V/GrantPermissionsViewModel( 6787): Logged buttons presented and clicked permissionGroupName=android.permission-group.STORAGE uid=10058 selectedLocations=0 package=tech.gtt.frontapp.stb.demo presentedButtons=9 clickedButton=1 sessionId=-604631696628400476 targetSdk=35
06-24 10:14:37.839 I/MediaProvider( 2563): Invalidating LocalCallingIdentity cache for package tech.gtt.frontapp.stb.demo. Reason: op android:read_external_storage
06-24 10:14:37.839 I/MediaProvider( 2563): Invalidating LocalCallingIdentity cache for package tech.gtt.frontapp.stb.demo. Reason: op android:read_external_storage
06-24 10:14:37.839 V/GrantPermissionsViewModel( 6787): Permission grant result requestId=-604631696628400476 callingUid=10058 callingPackage=tech.gtt.frontapp.stb.demo permission=android.permission.READ_EXTERNAL_STORAGE isImplicit=false result=4
06-24 10:14:37.848 D/gralloc_nox( 1764): gralloc_alloc: Creating ashmem region of size 8298496
06-24 10:14:37.882 E/android.hardware.audio.service( 1756): pcm_open called create stream faild
06-24 10:14:37.884 D/AudioFlinger( 1773): mixer(0x75e25ceb0a60) throttle end: throttle time(41)
06-24 10:14:37.932 W/ndroid.launche( 2375): Reducing the number of considered missed Gc histogram windows from 205 to 100
06-24 10:14:37.933 W/System  ( 2375): A resource failed to call release. 
06-24 10:14:37.933 W/System  ( 2375): A resource failed to call release. 
06-24 10:14:37.933 W/System  ( 2375): A resource failed to call release. 
06-24 10:14:38.126 D/CompatibilityChangeReporter( 7548): Compat change id reported: 78294732; UID 10058; state: ENABLED
06-24 10:14:38.129 I/b       ( 7548): freeSpace : 116669MB
06-24 10:14:38.221 D/ProcessState( 7608): Binder ioctl to enable oneway spam detection failed: Invalid argument
06-24 10:14:38.267 D/ConnectivityService( 1928): NetReassign [no changes]
06-24 10:14:38.286 V/GSK     ( 7548): StorageServiceImpl initialization() executed in 1 ms.
06-24 10:14:38.286 V/GSK     ( 7548): SecurityServiceImpl initialization() executed in 0 ms.
06-24 10:14:38.378 W/System.err( 7548): SLF4J(W): No SLF4J providers were found.
06-24 10:14:38.378 W/System.err( 7548): SLF4J(W): Defaulting to no-operation (NOP) logger implementation
06-24 10:14:38.378 W/System.err( 7548): SLF4J(W): See https://www.slf4j.org/codes.html#noProviders for further details.
06-24 10:14:38.430 W/InputManager-JNI( 1928): Input channel object '78ba8a5 com.android.permissioncontroller/com.android.permissioncontroller.permission.ui.GrantPermissionsActivity (client)' was disposed without first being removed with the input manager!
06-24 10:14:38.438 W/System.err( 7548): kotlinx.serialization.json.internal.JsonDecodingException: Expected start of the object '{', but had 'EOF' instead at path: $
06-24 10:14:38.438 W/System.err( 7548): JSON input: 
06-24 10:14:38.438 W/System.err( 7548): 	at kotlinx.serialization.json.internal.JsonExceptionsKt.JsonDecodingException(SourceFile:1)
06-24 10:14:38.438 W/System.err( 7548): 	at kotlinx.serialization.json.internal.JsonExceptionsKt.JsonDecodingException(SourceFile:2)
06-24 10:14:38.438 W/System.err( 7548): 	at kotlinx.serialization.json.internal.AbstractJsonLexer.fail(SourceFile:52)
06-24 10:14:38.438 W/System.err( 7548): 	at kotlinx.serialization.json.internal.AbstractJsonLexer.fail$default(SourceFile:15)
06-24 10:14:38.438 W/System.err( 7548): 	at kotlinx.serialization.json.internal.AbstractJsonLexer.unexpectedToken(SourceFile:103)
06-24 10:14:38.438 W/System.err( 7548): 	at kotlinx.serialization.json.internal.StringJsonLexer.consumeNextToken(SourceFile:16)
06-24 10:14:38.438 W/System.err( 7548): 	at kotlinx.serialization.json.internal.StreamingJsonDecoder.beginStructure(SourceFile:23)
06-24 10:14:38.438 W/System.err( 7548): 	at tech.gtt.frontapp.servicesdk.common.service.utility.apis.e2ee.E2eeConfigResponse$$serializer.deserialize(SourceFile:2)
06-24 10:14:38.438 W/System.err( 7548): 	at tech.gtt.frontapp.servicesdk.common.service.utility.apis.e2ee.E2eeConfigResponse$$serializer.deserialize(SourceFile:1)
06-24 10:14:38.438 W/System.err( 7548): 	at kotlinx.serialization.json.internal.StreamingJsonDecoder.decodeSerializableValue(SourceFile:320)
06-24 10:14:38.438 W/System.err( 7548): 	at kotlinx.serialization.json.Json.decodeFromString(SourceFile:3)
06-24 10:14:38.438 W/System.err( 7548): 	at tech.gtt.frontapp.servicesdk.common.service.utility.apis.e2ee.E2eeManager.syncE2eeConfig(SourceFile:74)
06-24 10:14:38.438 W/System.err( 7548): 	at tech.gtt.frontapp.servicesdk.common.service.utility.apis.ApiUtilServiceImpl.onServiceInit(SourceFile:228)
06-24 10:14:38.438 W/System.err( 7548): 	at tech.gtt.frontapp.servicesdk.common.core.ServiceSDKImpl.executeServiceInitialize(SourceFile:372)
06-24 10:14:38.438 W/System.err( 7548): 	at tech.gtt.frontapp.servicesdk.common.core.ServiceSDKImpl.access$executeServiceInitialize(SourceFile:1)
06-24 10:14:38.438 W/System.err( 7548): 	at tech.gtt.frontapp.servicesdk.common.core.ServiceSDKImpl$init$1.invokeSuspend(SourceFile:178)
06-24 10:14:38.438 W/System.err( 7548): 	at tech.gtt.frontapp.servicesdk.common.core.ServiceSDKImpl$init$1.invoke(SourceFile:2)
06-24 10:14:38.438 W/System.err( 7548): 	at tech.gtt.frontapp.servicesdk.common.core.ServiceSDKImpl$init$1.invoke(SourceFile:1)
06-24 10:14:38.438 W/System.err( 7548): 	at kotlinx.coroutines.flow.SafeFlow.collectSafely(SourceFile:3)
06-24 10:14:38.438 W/System.err( 7548): 	at kotlinx.coroutines.flow.AbstractFlow.collect(SourceFile:70)
06-24 10:14:38.438 W/System.err( 7548): 	at tech.gtt.frontapp.servicesdk.common.core.SDKSetup$build$1.invokeSuspend(SourceFile:42)
06-24 10:14:38.438 W/System.err( 7548): 	at tech.gtt.frontapp.servicesdk.common.core.SDKSetup$build$1.invoke(SourceFile:2)
06-24 10:14:38.438 W/System.err( 7548): 	at tech.gtt.frontapp.servicesdk.common.core.SDKSetup$build$1.invoke(SourceFile:1)
06-24 10:14:38.438 W/System.err( 7548): 	at tech.gtt.frontapp.servicesdk.common.core.Scheduler$scheduleDirect$1.invokeSuspend(SourceFile:61)
06-24 10:14:38.438 W/System.err( 7548): 	at lh.a.resumeWith(SourceFile:14)
06-24 10:14:38.438 W/System.err( 7548): 	at kotlinx.coroutines.DispatchedTask.run(SourceFile:123)
06-24 10:14:38.438 W/System.err( 7548): 	at kotlinx.coroutines.internal.LimitedDispatcher$Worker.run(SourceFile:4)
06-24 10:14:38.438 W/System.err( 7548): 	at kotlinx.coroutines.scheduling.TaskImpl.run(SourceFile:3)
06-24 10:14:38.438 W/System.err( 7548): 	at kotlinx.coroutines.scheduling.CoroutineScheduler.runSafely(SourceFile:1)
06-24 10:14:38.438 W/System.err( 7548): 	at kotlinx.coroutines.scheduling.CoroutineScheduler$Worker.executeTask(SourceFile:34)
06-24 10:14:38.438 W/System.err( 7548): 	at kotlinx.coroutines.scheduling.CoroutineScheduler$Worker.runWorker(SourceFile:29)
06-24 10:14:38.438 W/System.err( 7548): 	at kotlinx.coroutines.scheduling.CoroutineScheduler$Worker.run(SourceFile:1)
06-24 10:14:38.439 W/SurfaceFlinger( 1776): couldn't log to binary event log: overflow.
06-24 10:14:38.450 W/System.err( 7548): java.io.FileNotFoundException: sys/class/sunxi_info/sys_info: open failed: ENOENT (No such file or directory)
06-24 10:14:38.451 W/System.err( 7548): 	at libcore.io.IoBridge.open(IoBridge.java:575)
06-24 10:14:38.451 W/System.err( 7548): 	at java.io.FileInputStream.<init>(FileInputStream.java:160)
06-24 10:14:38.451 W/System.err( 7548): 	at java.io.FileInputStream.<init>(FileInputStream.java:115)
06-24 10:14:38.451 W/System.err( 7548): 	at ip.b.b(SourceFile:5)
06-24 10:14:38.451 W/System.err( 7548): 	at ip.b.a(SourceFile:155)
06-24 10:14:38.451 W/System.err( 7548): 	at ip.a.invoke(SourceFile:589)
06-24 10:14:38.451 W/System.err( 7548): 	at dh.v.getValue(SourceFile:21)
06-24 10:14:38.451 W/System.err( 7548): 	at tech.gtt.frontapp.servicesdk.common.network.interceptor.params.ApiDeviceParams.handleFixedParams(SourceFile:52)
06-24 10:14:38.451 W/System.err( 7548): 	at tech.gtt.frontapp.servicesdk.common.service.utility.apis.IParamsGetter.toMaps(SourceFile:87)
06-24 10:14:38.451 W/System.err( 7548): 	at tech.gtt.frontapp.servicesdk.common.network.interceptor.DefaultParamsInterceptor.onRequest(SourceFile:127)
06-24 10:14:38.451 W/System.err( 7548): 	at tech.gtt.frontapp.servicesdk.common.network.interceptor.SDKInterceptorsPluginKt$setupRequestInterception$1.invokeSuspend(SourceFile:103)
06-24 10:14:38.451 W/System.err( 7548): 	at tech.gtt.frontapp.servicesdk.common.network.interceptor.SDKInterceptorsPluginKt$setupRequestInterception$1.invoke(SourceFile:1)
06-24 10:14:38.451 W/System.err( 7548): 	at tech.gtt.frontapp.servicesdk.common.network.interceptor.SDKInterceptorsPluginKt$setupRequestInterception$1.invoke(SourceFile:2)
06-24 10:14:38.451 W/System.err( 7548): 	at io.ktor.util.pipeline.DebugPipelineContext.proceedLoop(SourceFile:86)
06-24 10:14:38.451 W/System.err( 7548): 	at io.ktor.util.pipeline.DebugPipelineContext.proceed(SourceFile:26)
06-24 10:14:38.451 W/System.err( 7548): 	at io.ktor.client.plugins.RequestError$install$1.invokeSuspend(SourceFile:47)
06-24 10:14:38.451 W/System.err( 7548): 	at io.ktor.client.plugins.RequestError$install$1.invoke(SourceFile:1)
06-24 10:14:38.451 W/System.err( 7548): 	at io.ktor.client.plugins.RequestError$install$1.invoke(SourceFile:2)
06-24 10:14:38.451 W/System.err( 7548): 	at io.ktor.util.pipeline.DebugPipelineContext.proceedLoop(SourceFile:86)
06-24 10:14:38.451 W/System.err( 7548): 	at io.ktor.util.pipeline.DebugPipelineContext.proceed(SourceFile:26)
06-24 10:14:38.451 W/System.err( 7548): 	at io.ktor.client.plugins.SetupRequestContext$install$1.invokeSuspend$proceed(SourceFile:1)
06-24 10:14:38.451 W/System.err( 7548): 	at io.ktor.client.plugins.SetupRequestContext$install$1.access$invokeSuspend$proceed(SourceFile:1)
06-24 10:14:38.451 W/System.err( 7548): 	at io.ktor.client.plugins.SetupRequestContext$install$1$1.invoke(SourceFile:2)
06-24 10:14:38.451 W/System.err( 7548): 	at io.ktor.client.plugins.SetupRequestContext$install$1$1.invoke(SourceFile:1)
06-24 10:14:38.451 W/System.err( 7548): 	at io.ktor.client.plugins.HttpRequestLifecycleKt$HttpRequestLifecycle$1$1.invokeSuspend(SourceFile:78)
06-24 10:14:38.451 W/System.err( 7548): 	at io.ktor.client.plugins.HttpRequestLifecycleKt$HttpRequestLifecycle$1$1.invoke(SourceFile:1)
06-24 10:14:38.451 W/System.err( 7548): 	at io.ktor.client.plugins.HttpRequestLifecycleKt$HttpRequestLifecycle$1$1.invoke(SourceFile:2)
06-24 10:14:38.451 W/System.err( 7548): 	at io.ktor.client.plugins.SetupRequestContext$install$1.invokeSuspend(SourceFile:42)
06-24 10:14:38.451 W/System.err( 7548): 	at io.ktor.client.plugins.SetupRequestContext$install$1.invoke(SourceFile:1)
06-24 10:14:38.451 W/System.err( 7548): 	at io.ktor.client.plugins.SetupRequestContext$install$1.invoke(SourceFile:2)
06-24 10:14:38.451 W/System.err( 7548): 	at io.ktor.util.pipeline.DebugPipelineContext.proceedLoop(SourceFile:86)
06-24 10:14:38.451 W/System.err( 7548): 	at io.ktor.util.pipeline.DebugPipelineContext.proceed(SourceFile:26)
06-24 10:14:38.451 W/System.err( 7548): 	at io.ktor.util.pipeline.DebugPipelineContext.execute$ktor_utils(SourceFile:7)
06-24 10:14:38.451 W/System.err( 7548): 	at io.ktor.util.pipeline.Pipeline.execute(SourceFile:9)
06-24 10:14:38.451 W/System.err( 7548): 	at io.ktor.client.HttpClient.execute$ktor_client_core(SourceFile:68)
06-24 10:14:38.451 W/System.err( 7548): 	at io.ktor.client.statement.HttpStatement.fetchResponse(SourceFile:90)
06-24 10:14:38.451 W/System.err( 7548): 	at io.ktor.client.statement.HttpStatement.execute(SourceFile:9)
06-24 10:14:38.451 W/System.err( 7548): 	at de.jensklingenberg.ktorfit.internal.KtorfitConverterHelper.suspendRequest(SourceFile:127)
06-24 10:14:38.451 W/System.err( 7548): 	at de.jensklingenberg.ktorfit.internal.KtorfitConverterHelper$request$1$1.invokeSuspend(SourceFile:58)
06-24 10:14:38.451 W/System.err( 7548): 	at de.jensklingenberg.ktorfit.internal.KtorfitConverterHelper$request$1$1.invoke(SourceFile:2)
06-24 10:14:38.451 W/System.err( 7548): 	at de.jensklingenberg.ktorfit.internal.KtorfitConverterHelper$request$1$1.invoke(SourceFile:1)
06-24 10:14:38.451 W/System.err( 7548): 	at de.jensklingenberg.ktorfit.converter.FlowConverterFactory$responseConverter$1$convert$1.invokeSuspend(SourceFile:84)
06-24 10:14:38.451 W/System.err( 7548): 	at de.jensklingenberg.ktorfit.converter.FlowConverterFactory$responseConverter$1$convert$1.invoke(SourceFile:2)
06-24 10:14:38.451 W/System.err( 7548): 	at de.jensklingenberg.ktorfit.converter.FlowConverterFactory$responseConverter$1$convert$1.invoke(SourceFile:1)
06-24 10:14:38.451 W/System.err( 7548): 	at kotlinx.coroutines.flow.SafeFlow.collectSafely(SourceFile:3)
06-24 10:14:38.451 W/System.err( 7548): 	at kotlinx.coroutines.flow.AbstractFlow.collect(SourceFile:70)
06-24 10:14:38.451 W/System.err( 7548): 	at kotlinx.coroutines.flow.FlowKt__MergeKt$flatMapConcat$$inlined$map$1.collect(SourceFile:10)
06-24 10:14:38.451 W/System.err( 7548): 	at kotlinx.coroutines.flow.FlowKt__MergeKt$flattenConcat$$inlined$unsafeFlow$1.collect(SourceFile:8)
06-24 10:14:38.451 W/System.err( 7548): 	at kotlinx.coroutines.flow.FlowKt__CollectKt.collect(SourceFile:1)
06-24 10:14:38.451 W/System.err( 7548): 	at kotlinx.coroutines.flow.FlowKt.collect(SourceFile:1)
06-24 10:14:38.451 W/System.err( 7548): 	at tech.gtt.frontapp.servicesdk.common.service.utility.apis.ApiUtilServiceImpl.onServiceInit(SourceFile:240)
06-24 10:14:38.451 W/System.err( 7548): 	at tech.gtt.frontapp.servicesdk.common.core.ServiceSDKImpl.executeServiceInitialize(SourceFile:372)
06-24 10:14:38.451 W/System.err( 7548): 	at tech.gtt.frontapp.servicesdk.common.core.ServiceSDKImpl.access$executeServiceInitialize(SourceFile:1)
06-24 10:14:38.451 W/System.err( 7548): 	at tech.gtt.frontapp.servicesdk.common.core.ServiceSDKImpl$init$1.invokeSuspend(SourceFile:178)
06-24 10:14:38.451 W/System.err( 7548): 	at tech.gtt.frontapp.servicesdk.common.core.ServiceSDKImpl$init$1.invoke(SourceFile:2)
06-24 10:14:38.451 W/System.err( 7548): 	at tech.gtt.frontapp.servicesdk.common.core.ServiceSDKImpl$init$1.invoke(SourceFile:1)
06-24 10:14:38.451 W/System.err( 7548): 	at kotlinx.coroutines.flow.SafeFlow.collectSafely(SourceFile:3)
06-24 10:14:38.451 W/System.err( 7548): 	at kotlinx.coroutines.flow.AbstractFlow.collect(SourceFile:70)
06-24 10:14:38.451 W/System.err( 7548): 	at tech.gtt.frontapp.servicesdk.common.core.SDKSetup$build$1.invokeSuspend(SourceFile:42)
06-24 10:14:38.451 W/System.err( 7548): 	at tech.gtt.frontapp.servicesdk.common.core.SDKSetup$build$1.invoke(SourceFile:2)
06-24 10:14:38.451 W/System.err( 7548): 	at tech.gtt.frontapp.servicesdk.common.core.SDKSetup$build$1.invoke(SourceFile:1)
06-24 10:14:38.451 W/System.err( 7548): 	at tech.gtt.frontapp.servicesdk.common.core.Scheduler$scheduleDirect$1.invokeSuspend(SourceFile:61)
06-24 10:14:38.451 W/System.err( 7548): 	at lh.a.resumeWith(SourceFile:14)
06-24 10:14:38.451 W/System.err( 7548): 	at kotlinx.coroutines.DispatchedTask.run(SourceFile:123)
06-24 10:14:38.451 W/System.err( 7548): 	at kotlinx.coroutines.internal.LimitedDispatcher$Worker.run(SourceFile:4)
06-24 10:14:38.451 W/System.err( 7548): 	at kotlinx.coroutines.scheduling.TaskImpl.run(SourceFile:3)
06-24 10:14:38.451 W/System.err( 7548): 	at kotlinx.coroutines.scheduling.CoroutineScheduler.runSafely(SourceFile:1)
06-24 10:14:38.451 W/System.err( 7548): 	at kotlinx.coroutines.scheduling.CoroutineScheduler$Worker.executeTask(SourceFile:34)
06-24 10:14:38.451 W/System.err( 7548): 	at kotlinx.coroutines.scheduling.CoroutineScheduler$Worker.runWorker(SourceFile:29)
06-24 10:14:38.451 W/System.err( 7548): 	at kotlinx.coroutines.scheduling.CoroutineScheduler$Worker.run(SourceFile:1)
06-24 10:14:38.451 W/System.err( 7548): Caused by: android.system.ErrnoException: open failed: ENOENT (No such file or directory)
06-24 10:14:38.451 W/System.err( 7548): 	at libcore.io.Linux.open(Native Method)
06-24 10:14:38.451 W/System.err( 7548): 	at libcore.io.ForwardingOs.open(ForwardingOs.java:567)
06-24 10:14:38.451 W/System.err( 7548): 	at libcore.io.BlockGuardOs.open(BlockGuardOs.java:273)
06-24 10:14:38.451 W/System.err( 7548): 	at libcore.io.ForwardingOs.open(ForwardingOs.java:567)
06-24 10:14:38.451 W/System.err( 7548): 	at android.app.ActivityThread$AndroidOs.open(ActivityThread.java:7761)
06-24 10:14:38.451 W/System.err( 7548): 	at libcore.io.IoBridge.open(IoBridge.java:561)
06-24 10:14:38.451 W/System.err( 7548): 	... 69 more
06-24 10:14:38.452 W/System.err( 7548): java.io.FileNotFoundException: sys/class/sunxi_info/sys_info: open failed: ENOENT (No such file or directory)
06-24 10:14:38.452 W/System.err( 7548): 	at libcore.io.IoBridge.open(IoBridge.java:575)
06-24 10:14:38.452 W/System.err( 7548): 	at java.io.FileInputStream.<init>(FileInputStream.java:160)
06-24 10:14:38.452 W/System.err( 7548): 	at java.io.FileInputStream.<init>(FileInputStream.java:115)
06-24 10:14:38.452 W/System.err( 7548): 	at ip.b.b(SourceFile:5)
06-24 10:14:38.452 W/System.err( 7548): 	at ip.b.a(SourceFile:155)
06-24 10:14:38.452 W/System.err( 7548): 	at ip.a.invoke(SourceFile:127)
06-24 10:14:38.452 W/System.err( 7548): 	at dh.v.getValue(SourceFile:21)
06-24 10:14:38.452 W/System.err( 7548): 	at tech.gtt.frontapp.servicesdk.common.network.interceptor.params.ApiDeviceParams.handleFixedParams(SourceFile:65)
06-24 10:14:38.452 W/System.err( 7548): 	at tech.gtt.frontapp.servicesdk.common.service.utility.apis.IParamsGetter.toMaps(SourceFile:87)
06-24 10:14:38.452 W/System.err( 7548): 	at tech.gtt.frontapp.servicesdk.common.network.interceptor.DefaultParamsInterceptor.onRequest(SourceFile:127)
06-24 10:14:38.452 W/System.err( 7548): 	at tech.gtt.frontapp.servicesdk.common.network.interceptor.SDKInterceptorsPluginKt$setupRequestInterception$1.invokeSuspend(SourceFile:103)
06-24 10:14:38.452 W/System.err( 7548): 	at tech.gtt.frontapp.servicesdk.common.network.interceptor.SDKInterceptorsPluginKt$setupRequestInterception$1.invoke(SourceFile:1)
06-24 10:14:38.452 W/System.err( 7548): 	at tech.gtt.frontapp.servicesdk.common.network.interceptor.SDKInterceptorsPluginKt$setupRequestInterception$1.invoke(SourceFile:2)
06-24 10:14:38.452 W/System.err( 7548): 	at io.ktor.util.pipeline.DebugPipelineContext.proceedLoop(SourceFile:86)
06-24 10:14:38.452 W/System.err( 7548): 	at io.ktor.util.pipeline.DebugPipelineContext.proceed(SourceFile:26)
06-24 10:14:38.452 W/System.err( 7548): 	at io.ktor.client.plugins.RequestError$install$1.invokeSuspend(SourceFile:47)
06-24 10:14:38.452 W/System.err( 7548): 	at io.ktor.client.plugins.RequestError$install$1.invoke(SourceFile:1)
06-24 10:14:38.452 W/System.err( 7548): 	at io.ktor.client.plugins.RequestError$install$1.invoke(SourceFile:2)
06-24 10:14:38.452 W/System.err( 7548): 	at io.ktor.util.pipeline.DebugPipelineContext.proceedLoop(SourceFile:86)
06-24 10:14:38.452 W/System.err( 7548): 	at io.ktor.util.pipeline.DebugPipelineContext.proceed(SourceFile:26)
06-24 10:14:38.452 W/System.err( 7548): 	at io.ktor.client.plugins.SetupRequestContext$install$1.invokeSuspend$proceed(SourceFile:1)
06-24 10:14:38.452 W/System.err( 7548): 	at io.ktor.client.plugins.SetupRequestContext$install$1.access$invokeSuspend$proceed(SourceFile:1)
06-24 10:14:38.452 W/System.err( 7548): 	at io.ktor.client.plugins.SetupRequestContext$install$1$1.invoke(SourceFile:2)
06-24 10:14:38.452 W/System.err( 7548): 	at io.ktor.client.plugins.SetupRequestContext$install$1$1.invoke(SourceFile:1)
06-24 10:14:38.452 W/System.err( 7548): 	at io.ktor.client.plugins.HttpRequestLifecycleKt$HttpRequestLifecycle$1$1.invokeSuspend(SourceFile:78)
06-24 10:14:38.452 W/System.err( 7548): 	at io.ktor.client.plugins.HttpRequestLifecycleKt$HttpRequestLifecycle$1$1.invoke(SourceFile:1)
06-24 10:14:38.452 W/System.err( 7548): 	at io.ktor.client.plugins.HttpRequestLifecycleKt$HttpRequestLifecycle$1$1.invoke(SourceFile:2)
06-24 10:14:38.452 W/System.err( 7548): 	at io.ktor.client.plugins.SetupRequestContext$install$1.invokeSuspend(SourceFile:42)
06-24 10:14:38.452 W/System.err( 7548): 	at io.ktor.client.plugins.SetupRequestContext$install$1.invoke(SourceFile:1)
06-24 10:14:38.452 W/System.err( 7548): 	at io.ktor.client.plugins.SetupRequestContext$install$1.invoke(SourceFile:2)
06-24 10:14:38.452 W/System.err( 7548): 	at io.ktor.util.pipeline.DebugPipelineContext.proceedLoop(SourceFile:86)
06-24 10:14:38.452 W/System.err( 7548): 	at io.ktor.util.pipeline.DebugPipelineContext.proceed(SourceFile:26)
06-24 10:14:38.452 W/System.err( 7548): 	at io.ktor.util.pipeline.DebugPipelineContext.execute$ktor_utils(SourceFile:7)
06-24 10:14:38.452 W/System.err( 7548): 	at io.ktor.util.pipeline.Pipeline.execute(SourceFile:9)
06-24 10:14:38.452 W/System.err( 7548): 	at io.ktor.client.HttpClient.execute$ktor_client_core(SourceFile:68)
06-24 10:14:38.452 W/System.err( 7548): 	at io.ktor.client.statement.HttpStatement.fetchResponse(SourceFile:90)
06-24 10:14:38.452 W/System.err( 7548): 	at io.ktor.client.statement.HttpStatement.execute(SourceFile:9)
06-24 10:14:38.452 W/System.err( 7548): 	at de.jensklingenberg.ktorfit.internal.KtorfitConverterHelper.suspendRequest(SourceFile:127)
06-24 10:14:38.452 W/System.err( 7548): 	at de.jensklingenberg.ktorfit.internal.KtorfitConverterHelper$request$1$1.invokeSuspend(SourceFile:58)
06-24 10:14:38.452 W/System.err( 7548): 	at de.jensklingenberg.ktorfit.internal.KtorfitConverterHelper$request$1$1.invoke(SourceFile:2)
06-24 10:14:38.452 W/System.err( 7548): 	at de.jensklingenberg.ktorfit.internal.KtorfitConverterHelper$request$1$1.invoke(SourceFile:1)
06-24 10:14:38.452 W/System.err( 7548): 	at de.jensklingenberg.ktorfit.converter.FlowConverterFactory$responseConverter$1$convert$1.invokeSuspend(SourceFile:84)
06-24 10:14:38.452 W/System.err( 7548): 	at de.jensklingenberg.ktorfit.converter.FlowConverterFactory$responseConverter$1$convert$1.invoke(SourceFile:2)
06-24 10:14:38.452 W/System.err( 7548): 	at de.jensklingenberg.ktorfit.converter.FlowConverterFactory$responseConverter$1$convert$1.invoke(SourceFile:1)
06-24 10:14:38.452 W/System.err( 7548): 	at kotlinx.coroutines.flow.SafeFlow.collectSafely(SourceFile:3)
06-24 10:14:38.452 W/System.err( 7548): 	at kotlinx.coroutines.flow.AbstractFlow.collect(SourceFile:70)
06-24 10:14:38.452 W/System.err( 7548): 	at kotlinx.coroutines.flow.FlowKt__MergeKt$flatMapConcat$$inlined$map$1.collect(SourceFile:10)
06-24 10:14:38.452 W/System.err( 7548): 	at kotlinx.coroutines.flow.FlowKt__MergeKt$flattenConcat$$inlined$unsafeFlow$1.collect(SourceFile:8)
06-24 10:14:38.452 W/System.err( 7548): 	at kotlinx.coroutines.flow.FlowKt__CollectKt.collect(SourceFile:1)
06-24 10:14:38.452 W/System.err( 7548): 	at kotlinx.coroutines.flow.FlowKt.collect(SourceFile:1)
06-24 10:14:38.452 W/System.err( 7548): 	at tech.gtt.frontapp.servicesdk.common.service.utility.apis.ApiUtilServiceImpl.onServiceInit(SourceFile:240)
06-24 10:14:38.452 W/System.err( 7548): 	at tech.gtt.frontapp.servicesdk.common.core.ServiceSDKImpl.executeServiceInitialize(SourceFile:372)
06-24 10:14:38.452 W/System.err( 7548): 	at tech.gtt.frontapp.servicesdk.common.core.ServiceSDKImpl.access$executeServiceInitialize(SourceFile:1)
06-24 10:14:38.452 W/System.err( 7548): 	at tech.gtt.frontapp.servicesdk.common.core.ServiceSDKImpl$init$1.invokeSuspend(SourceFile:178)
06-24 10:14:38.452 W/System.err( 7548): 	at tech.gtt.frontapp.servicesdk.common.core.ServiceSDKImpl$init$1.invoke(SourceFile:2)
06-24 10:14:38.452 W/System.err( 7548): 	at tech.gtt.frontapp.servicesdk.common.core.ServiceSDKImpl$init$1.invoke(SourceFile:1)
06-24 10:14:38.452 W/System.err( 7548): 	at kotlinx.coroutines.flow.SafeFlow.collectSafely(SourceFile:3)
06-24 10:14:38.452 W/System.err( 7548): 	at kotlinx.coroutines.flow.AbstractFlow.collect(SourceFile:70)
06-24 10:14:38.452 W/System.err( 7548): 	at tech.gtt.frontapp.servicesdk.common.core.SDKSetup$build$1.invokeSuspend(SourceFile:42)
06-24 10:14:38.452 W/System.err( 7548): 	at tech.gtt.frontapp.servicesdk.common.core.SDKSetup$build$1.invoke(SourceFile:2)
