--------- beginning of main
06-16 10:09:33.521 D/ProcessState( 3924): Binder ioctl to enable oneway spam detection failed: Invalid argument
--------- beginning of system
06-16 10:09:33.523 I/ActivityManager( 1936): Force stopping tech.gtt.frontapp.stb.demo appid=10058 user=0: clear data
06-16 10:09:33.524 I/ActivityManager( 1936): Killing 3079:tech.gtt.frontapp.stb.demo/u0a58 (adj 0): stop tech.gtt.frontapp.stb.demo due to clear data
06-16 10:09:33.525 W/ActivityTaskManager( 1936): Force removing ActivityRecord{772fd9e u0 tech.gtt.frontapp.stb.demo/tech.gtt.frontapp.stb.m.account.activity.LoginMethodSwitchActivity t14 f}}: app died, no saved state
06-16 10:09:33.530 I/libprocessgroup( 1936): Successfully killed process cgroup uid 10058 pid 3079 in 5ms
06-16 10:09:33.530 W/InputManager-JNI( 1936): Input channel object '3b78095 tech.gtt.frontapp.stb.demo/tech.gtt.frontapp.stb.m.account.activity.LoginMethodSwitchActivity (client)' was disposed without first being removed with the input manager!
06-16 10:09:33.537 I/Zygote  ( 1753): Process 3079 exited due to signal 9 (Killed)
06-16 10:09:33.537 D/CompatibilityChangeReporter( 1936): Compat change id reported: 181136395; UID 1000; state: DISABLED
06-16 10:09:33.538 D/CompatibilityChangeReporter( 1936): Compat change id reported: 174042936; UID 1000; state: DISABLED
06-16 10:09:33.538 D/CompatibilityChangeReporter( 1936): Compat change id reported: 174042980; UID 1000; state: DISABLED
06-16 10:09:33.540 W/ActivityTaskManager( 1936): Can't find TaskDisplayArea to determine support for multi window. Task id=14 attached=false
06-16 10:09:33.540 W/ActivityTaskManager( 1936): Can't find TaskDisplayArea to determine support for multi window. Task id=14 attached=false
06-16 10:09:33.541 W/WindowManager( 1936): Cannot find window which accessibility connection is added to
06-16 10:09:33.541 V/WindowManager( 1936): Unknown focus tokens, dropping reportFocusChanged
06-16 10:09:33.545 V/ActivityManager( 1936): Got obituary of 3079:tech.gtt.frontapp.stb.demo
06-16 10:09:33.546 E/TaskPersister( 1936): File error accessing recents directory (directory doesn't exist?).
06-16 10:09:33.546 I/ActivityManager( 1936): Force stopping tech.gtt.frontapp.stb.demo appid=10058 user=-1: clearApplicationUserData
06-16 10:09:33.547 W/ActivityManager( 1936): setHasOverlayUi called on unknown pid: 3079
06-16 10:09:33.548 I/MediaProvider( 2641): Invalidating LocalCallingIdentity cache for package tech.gtt.frontapp.stb.demo. Reason: op android:read_external_storage
06-16 10:09:33.549 E/BpTransactionCompletedListener( 1776): Failed to transact (-32)
06-16 10:09:33.549 W/SurfaceFlinger( 1776): couldn't log to binary event log: overflow.
06-16 10:09:33.549 E/BpTransactionCompletedListener( 1776): Failed to transact (-32)
06-16 10:09:33.549 W/SurfaceFlinger( 1776): couldn't log to binary event log: overflow.
06-16 10:09:33.612 D/CompatibilityChangeReporter( 1936): Compat change id reported: 135634846; UID 10019; state: DISABLED
06-16 10:09:33.612 D/CompatibilityChangeReporter( 1936): Compat change id reported: 177438394; UID 10019; state: DISABLED
06-16 10:09:33.612 D/CompatibilityChangeReporter( 1936): Compat change id reported: 135772972; UID 10019; state: DISABLED
06-16 10:09:33.612 D/CompatibilityChangeReporter( 1936): Compat change id reported: 135754954; UID 10019; state: ENABLED
06-16 10:09:33.613 D/CompatibilityChangeReporter( 1936): Compat change id reported: 143937733; UID 10019; state: ENABLED
06-16 10:09:33.619 D/Zygote  ( 1753): Forked child process 3933
06-16 10:09:33.620 I/ActivityManager( 1936): Start proc 3933:com.android.documentsui/u0a19 for broadcast {com.android.documentsui/com.android.documentsui.PackageReceiver}
06-16 10:09:33.624 I/Zygote  ( 3933): seccomp disabled by setenforce 0
06-16 10:09:33.628 W/oid.documentsu( 3933): Unexpected CPU variant for X86 using defaults: x86_64
06-16 10:09:33.634 D/ProcessState( 3933): Binder ioctl to enable oneway spam detection failed: Invalid argument
06-16 10:09:33.638 D/CompatibilityChangeReporter( 1936): Compat change id reported: 168419799; UID 10019; state: DISABLED
06-16 10:09:33.644 E/ashmem  ( 3933): memfd: ro.vndk.version not defined or invalid (), this is mandated since P.
06-16 10:09:33.649 D/CompatibilityChangeReporter( 3933): Compat change id reported: 171979766; UID 10019; state: DISABLED
06-16 10:09:33.679 V/GraphicsEnvironment( 3933): ANGLE Developer option for 'com.android.documentsui' set to: 'default'
06-16 10:09:33.681 V/GraphicsEnvironment( 3933): ANGLE GameManagerService for com.android.documentsui: false
06-16 10:09:33.681 V/GraphicsEnvironment( 3933): Neither updatable production driver nor prerelease driver is supported.
06-16 10:09:33.685 D/NetworkSecurityConfig( 3933): No Network Security Config specified, using platform default
06-16 10:09:33.685 D/NetworkSecurityConfig( 3933): No Network Security Config specified, using platform default
06-16 10:09:33.687 D/AndroidRuntime( 3950): >>>>>> START com.android.internal.os.RuntimeInit uid 0 <<<<<<
06-16 10:09:33.688 D/gralloc_nox( 1764): gralloc_alloc: Creating ashmem region of size 8298496
06-16 10:09:33.690 I/AndroidRuntime( 3950): Using default boot image
06-16 10:09:33.690 I/AndroidRuntime( 3950): Leaving lock profiling enabled
06-16 10:09:33.692 W/app_process( 3950): ART APEX data files are untrusted.
06-16 10:09:33.692 I/app_process( 3950): Core platform API reporting enabled, enforcing=false
06-16 10:09:33.715 D/ProcessState( 3957): Binder ioctl to enable oneway spam detection failed: Invalid argument
06-16 10:09:33.745 D/gralloc_nox( 1764): gralloc_alloc: Creating ashmem region of size 8298496
06-16 10:09:33.796 D/gralloc_nox( 1764): gralloc_alloc: Creating ashmem region of size 8298496
06-16 10:09:33.817 D/CompatibilityChangeReporter( 1936): Compat change id reported: 135634846; UID 10014; state: DISABLED
06-16 10:09:33.817 D/CompatibilityChangeReporter( 1936): Compat change id reported: 177438394; UID 10014; state: DISABLED
06-16 10:09:33.817 D/CompatibilityChangeReporter( 1936): Compat change id reported: 135772972; UID 10014; state: DISABLED
06-16 10:09:33.817 D/CompatibilityChangeReporter( 1936): Compat change id reported: 135754954; UID 10014; state: ENABLED
06-16 10:09:33.818 D/CompatibilityChangeReporter( 1936): Compat change id reported: 143937733; UID 10014; state: ENABLED
06-16 10:09:33.831 D/Zygote  ( 1753): Forked child process 3970
06-16 10:09:33.831 I/ActivityManager( 1936): Start proc 3970:android.process.media/u0a14 for content provider {com.android.providers.downloads/com.android.providers.downloads.DownloadStorageProvider}
06-16 10:09:33.848 I/Zygote  ( 3970): seccomp disabled by setenforce 0
06-16 10:09:33.851 D/app_process( 3950): Time zone APEX ICU file found: /apex/com.android.tzdata/etc/icu/icu_tzdata.dat
06-16 10:09:33.851 D/app_process( 3950): I18n APEX ICU file found: /apex/com.android.i18n/etc/icu/icudt68l.dat
06-16 10:09:33.852 W/d.process.medi( 3970): Unexpected CPU variant for X86 using defaults: x86_64
06-16 10:09:33.857 D/DocumentsApplication( 3933): OverlayManager.setEnabled() result: true
06-16 10:09:33.860 W/app_process( 3950): Unexpected CPU variant for X86 using defaults: x86_64
06-16 10:09:33.862 D/ProcessState( 3970): Binder ioctl to enable oneway spam detection failed: Invalid argument
06-16 10:09:33.869 D/CompatibilityChangeReporter( 1936): Compat change id reported: 135634846; UID 10053; state: DISABLED
06-16 10:09:33.869 D/CompatibilityChangeReporter( 1936): Compat change id reported: 177438394; UID 10053; state: DISABLED
06-16 10:09:33.869 D/CompatibilityChangeReporter( 1936): Compat change id reported: 135772972; UID 10053; state: DISABLED
06-16 10:09:33.869 D/CompatibilityChangeReporter( 1936): Compat change id reported: 135754954; UID 10053; state: ENABLED
06-16 10:09:33.869 D/CompatibilityChangeReporter( 1936): Compat change id reported: 143937733; UID 10053; state: ENABLED
06-16 10:09:33.873 D/Zygote  ( 1753): Forked child process 3997
06-16 10:09:33.875 I/ActivityManager( 1936): Start proc 3997:com.android.permissioncontroller/u0a53 for broadcast {com.android.permissioncontroller/com.android.permissioncontroller.permission.service.LocationAccessCheck$PackageResetHandler}
06-16 10:09:33.879 E/ashmem  ( 3970): memfd: ro.vndk.version not defined or invalid (), this is mandated since P.
06-16 10:09:33.881 D/CompatibilityChangeReporter( 3970): Compat change id reported: 171979766; UID 10014; state: ENABLED
06-16 10:09:33.890 V/GraphicsEnvironment( 3970): ANGLE Developer option for 'com.android.providers.downloads' set to: 'default'
06-16 10:09:33.890 V/GraphicsEnvironment( 3970): ANGLE GameManagerService for com.android.providers.downloads: false
06-16 10:09:33.890 V/GraphicsEnvironment( 3970): Neither updatable production driver nor prerelease driver is supported.
06-16 10:09:33.892 D/NetworkSecurityConfig( 3970): No Network Security Config specified, using platform default
06-16 10:09:33.892 D/ProcessState( 3950): Binder ioctl to enable oneway spam detection failed: Invalid argument
06-16 10:09:33.893 D/NetworkSecurityConfig( 3970): No Network Security Config specified, using platform default
06-16 10:09:33.910 D/AndroidRuntime( 3950): Calling main entry com.android.commands.monkey.Monkey
06-16 10:09:33.911 I/Zygote  ( 3997): seccomp disabled by setenforce 0
06-16 10:09:33.912 W/Monkey  ( 3950): args: [-p, tech.gtt.frontapp.stb.demo, -c, android.intent.category.LAUNCHER, 1]
06-16 10:09:33.912 W/Monkey  ( 3950):  arg: "-p"
06-16 10:09:33.912 W/Monkey  ( 3950):  arg: "tech.gtt.frontapp.stb.demo"
06-16 10:09:33.912 W/Monkey  ( 3950):  arg: "-c"
06-16 10:09:33.912 W/Monkey  ( 3950):  arg: "android.intent.category.LAUNCHER"
06-16 10:09:33.912 W/Monkey  ( 3950):  arg: "1"
06-16 10:09:33.912 W/Monkey  ( 3950): data="tech.gtt.frontapp.stb.demo"
06-16 10:09:33.912 W/Monkey  ( 3950): data="android.intent.category.LAUNCHER"
06-16 10:09:33.915 W/ssioncontrolle( 3997): Unexpected CPU variant for X86 using defaults: x86_64
06-16 10:09:33.921 D/ProcessState( 3997): Binder ioctl to enable oneway spam detection failed: Invalid argument
06-16 10:09:33.938 E/ashmem  ( 3997): memfd: ro.vndk.version not defined or invalid (), this is mandated since P.
06-16 10:09:33.947 D/CompatibilityChangeReporter( 3997): Compat change id reported: 171979766; UID 10053; state: ENABLED
06-16 10:09:33.982 W/BroadcastQueue( 1936): Skipping deliver [background] BroadcastRecord{c371c0f u-1 android.net.conn.CONNECTIVITY_CHANGE} to ReceiverList{9db49c 3950 (unknown name)/0/u-1 remote:4911ce9}: process gone or crashing
06-16 10:09:33.985 V/GraphicsEnvironment( 3997): ANGLE Developer option for 'com.android.permissioncontroller' set to: 'default'
06-16 10:09:33.985 V/GraphicsEnvironment( 3997): ANGLE GameManagerService for com.android.permissioncontroller: false
06-16 10:09:33.985 V/GraphicsEnvironment( 3997): Neither updatable production driver nor prerelease driver is supported.
06-16 10:09:33.987 D/NetworkSecurityConfig( 3997): No Network Security Config specified, using platform default
06-16 10:09:33.987 D/NetworkSecurityConfig( 3997): No Network Security Config specified, using platform default
06-16 10:09:34.006 I/ActivityTaskManager( 1936): START u0 {act=android.intent.action.MAIN cat=[android.intent.category.LAUNCHER] flg=0x10200000 cmp=tech.gtt.frontapp.stb.demo/tech.gtt.frontapp.stb.m.home.activity.SplashActivity} from uid 0
06-16 10:09:34.007 W/ActivityTaskManager( 1936): Can't find TaskDisplayArea to determine support for multi window. Task id=15 attached=false
06-16 10:09:34.010 W/oid.documentsu( 3933): Long monitor contention with owner pool-2-thread-1 (3963) at void com.android.documentsui.roots.ProvidersCache$MultiProviderUpdateTask.handleDocumentsProvider(android.content.pm.ProviderInfo, com.android.documentsui.base.UserId)(ProvidersCache.java:646) waiters=3 in void com.android.documentsui.roots.ProvidersCache$MultiProviderUpdateTask.handleDocumentsProvider(android.content.pm.ProviderInfo, com.android.documentsui.base.UserId) for 266ms
06-16 10:09:34.029 I/Monkey  ( 3950): Events injected: 1
06-16 10:09:34.033 D/CompatibilityChangeReporter( 1936): Compat change id reported: 135634846; UID 10018; state: DISABLED
06-16 10:09:34.033 D/CompatibilityChangeReporter( 1936): Compat change id reported: 177438394; UID 10018; state: DISABLED
06-16 10:09:34.033 D/CompatibilityChangeReporter( 1936): Compat change id reported: 135772972; UID 10018; state: DISABLED
06-16 10:09:34.033 D/CompatibilityChangeReporter( 1936): Compat change id reported: 135754954; UID 10018; state: ENABLED
06-16 10:09:34.034 D/CompatibilityChangeReporter( 1936): Compat change id reported: 143937733; UID 10018; state: ENABLED
06-16 10:09:34.038 D/Zygote  ( 1753): Forked child process 4021
06-16 10:09:34.038 D/CompatibilityChangeReporter( 1936): Compat change id reported: 135634846; UID 10058; state: DISABLED
06-16 10:09:34.043 I/ActivityManager( 1936): Start proc 4021:com.android.externalstorage/u0a18 for content provider {com.android.externalstorage/com.android.externalstorage.ExternalStorageProvider}
06-16 10:09:34.046 D/CompatibilityChangeReporter( 1936): Compat change id reported: 143937733; UID 10058; state: ENABLED
06-16 10:09:34.047 I/Monkey  ( 3950): ## Network stats: elapsed time=33ms (0ms mobile, 0ms wifi, 33ms not connected)
06-16 10:09:34.048 D/gralloc_nox( 1764): gralloc_alloc: Creating ashmem region of size 8298496
06-16 10:09:34.053 I/MediaProvider( 2641): Begin Intent { act=android.intent.action.PACKAGE_DATA_CLEARED dat=package:tech.gtt.frontapp.stb.demo flg=0x1000010 cmp=com.android.providers.media.module/com.android.providers.media.MediaService (has extras) }
06-16 10:09:34.054 D/MediaProvider( 2641): Deleted 0 Android/media items belonging to tech.gtt.frontapp.stb.demo on /data/user/0/com.android.providers.media.module/databases/external.db
06-16 10:09:34.054 I/MediaProvider( 2641): End Intent { act=android.intent.action.PACKAGE_DATA_CLEARED dat=package:tech.gtt.frontapp.stb.demo flg=0x1000010 cmp=com.android.providers.media.module/com.android.providers.media.MediaService (has extras) }
06-16 10:09:34.100 D/gralloc_nox( 1764): gralloc_alloc: Creating ashmem region of size 8298496
06-16 10:09:34.100 I/app_process( 3950): System.exit called, status: 0
06-16 10:09:34.100 I/AndroidRuntime( 3950): VM exiting with result code 0.
06-16 10:09:34.100 D/Zygote  ( 1753): Forked child process 4023
06-16 10:09:34.100 W/ActivityManager( 1936): Slow operation: 63ms so far, now at startProcess: returned from zygote!
06-16 10:09:34.101 I/Zygote  ( 4021): seccomp disabled by setenforce 0
06-16 10:09:34.101 W/ActivityManager( 1936): Slow operation: 63ms so far, now at startProcess: done updating battery stats
06-16 10:09:34.101 W/ActivityManager( 1936): Slow operation: 63ms so far, now at startProcess: building log message
06-16 10:09:34.101 I/ActivityManager( 1936): Start proc 4023:tech.gtt.frontapp.stb.demo/u0a58 for pre-top-activity {tech.gtt.frontapp.stb.demo/tech.gtt.frontapp.stb.m.home.activity.SplashActivity}
06-16 10:09:34.101 W/ActivityManager( 1936): Slow operation: 63ms so far, now at startProcess: starting to update pids map
06-16 10:09:34.101 W/ActivityManager( 1936): Slow operation: 64ms so far, now at startProcess: done updating pids map
06-16 10:09:34.103 I/Zygote  ( 4023): seccomp disabled by setenforce 0
06-16 10:09:34.103 W/externalstorag( 4021): Unexpected CPU variant for X86 using defaults: x86_64
06-16 10:09:34.106 W/ontapp.stb.dem( 4023): Unexpected CPU variant for X86 using defaults: x86_64
06-16 10:09:34.111 D/ProcessState( 4021): Binder ioctl to enable oneway spam detection failed: Invalid argument
06-16 10:09:34.112 D/ProcessState( 4023): Binder ioctl to enable oneway spam detection failed: Invalid argument
06-16 10:09:34.130 D/CompatibilityChangeReporter( 1936): Compat change id reported: 168419799; UID 10018; state: DISABLED
06-16 10:09:34.137 E/ashmem  ( 4023): memfd: ro.vndk.version not defined or invalid (), this is mandated since P.
06-16 10:09:34.151 D/gralloc_nox( 1764): gralloc_alloc: Creating ashmem region of size 8298496
06-16 10:09:34.155 D/CompatibilityChangeReporter( 4023): Compat change id reported: 171979766; UID 10058; state: ENABLED
06-16 10:09:34.156 E/ashmem  ( 4021): memfd: ro.vndk.version not defined or invalid (), this is mandated since P.
06-16 10:09:34.158 D/CompatibilityChangeReporter( 4021): Compat change id reported: 171979766; UID 10018; state: ENABLED
06-16 10:09:34.189 V/GraphicsEnvironment( 4021): ANGLE Developer option for 'com.android.externalstorage' set to: 'default'
06-16 10:09:34.190 V/GraphicsEnvironment( 4021): ANGLE GameManagerService for com.android.externalstorage: false
06-16 10:09:34.190 V/GraphicsEnvironment( 4021): Neither updatable production driver nor prerelease driver is supported.
06-16 10:09:34.201 D/NetworkSecurityConfig( 4021): No Network Security Config specified, using platform default
06-16 10:09:34.201 D/NetworkSecurityConfig( 4021): No Network Security Config specified, using platform default
06-16 10:09:34.206 V/GraphicsEnvironment( 4023): ANGLE Developer option for 'tech.gtt.frontapp.stb.demo' set to: 'default'
06-16 10:09:34.207 V/GraphicsEnvironment( 4023): ANGLE GameManagerService for tech.gtt.frontapp.stb.demo: false
06-16 10:09:34.207 V/GraphicsEnvironment( 4023): Neither updatable production driver nor prerelease driver is supported.
06-16 10:09:34.215 D/ExternalStorage( 4021): After updating volumes, found 1 active roots
06-16 10:09:34.216 D/NetworkSecurityConfig( 4023): Using Network Security Config from resource network_security_config debugBuild: false
06-16 10:09:34.218 D/NetworkSecurityConfig( 4023): Using Network Security Config from resource network_security_config debugBuild: false
06-16 10:09:34.222 W/oid.documentsu( 3933): Long monitor contention with owner pool-2-thread-1 (3963) at void com.android.documentsui.roots.ProvidersCache$MultiProviderUpdateTask.handleDocumentsProvider(android.content.pm.ProviderInfo, com.android.documentsui.base.UserId)(ProvidersCache.java:646) waiters=4 in void com.android.documentsui.roots.ProvidersCache$MultiProviderUpdateTask.handleDocumentsProvider(android.content.pm.ProviderInfo, com.android.documentsui.base.UserId) for 478ms
06-16 10:09:34.222 I/MultiDex( 4023): VM with version 2.1.0 has multidex support
06-16 10:09:34.222 I/MultiDex( 4023): Installing application
06-16 10:09:34.222 I/MultiDex( 4023): VM has multidex support, MultiDex support library is disabled.
06-16 10:09:34.223 E/[Package]( 4023): params: AppConfiguration(vnoId='11026504', brandId='d0k7d3p3kdikth2o3q6g', appId='d0jucrbq6bt4h33c0ma0', sourceId='30006401-31002837', authServers='https://gtt-app-apigateway-lion.vdemosit.com', shareKey='S2kQMgUSugYyMlk5QclHDaF0uDsFnB0oJoFeAFgsKb8=', packageName='tech.gtt.frontapp.stb.demo', appName='Goose TV', appVersionName='v1.0.0', appVersionCode='7', pluginVersionCode='1', pluginVersionName='6.0.0-beta-build5', packageSeq='1', buglyAppId='d76a04165f', buglyKey='13b89b2d-1c12-4c4f-93b8-46e3c2ef9f73', baseVersionCode='20000066', gitTag='2.1.4-beta6', supportLang='en,pt,es', defaultLang='en', bootLoadType='1')
06-16 10:09:34.223 W/System.err( 4023): java.lang.ClassNotFoundException: tech.gtt.frontapp.stb.docker.plugin.PluginUtils
06-16 10:09:34.223 W/System.err( 4023): 	at java.lang.Class.classForName(Native Method)
06-16 10:09:34.223 W/System.err( 4023): 	at java.lang.Class.forName(Class.java:454)
06-16 10:09:34.223 W/System.err( 4023): 	at java.lang.Class.forName(Class.java:379)
06-16 10:09:34.223 W/System.err( 4023): 	at ot.e.b(SourceFile:3)
06-16 10:09:34.223 W/System.err( 4023): 	at tech.gtt.frontapp.stb.app.MainApplication.attachBaseContext(SourceFile:130)
06-16 10:09:34.223 W/System.err( 4023): 	at android.app.Application.attach(Application.java:338)
06-16 10:09:34.223 W/System.err( 4023): 	at android.app.Instrumentation.newApplication(Instrumentation.java:1190)
06-16 10:09:34.223 W/System.err( 4023): 	at android.app.LoadedApk.makeApplication(LoadedApk.java:1361)
06-16 10:09:34.223 W/System.err( 4023): 	at android.app.ActivityThread.handleBindApplication(ActivityThread.java:6728)
06-16 10:09:34.223 W/System.err( 4023): 	at android.app.ActivityThread.access$1500(ActivityThread.java:256)
06-16 10:09:34.223 W/System.err( 4023): 	at android.app.ActivityThread$H.handleMessage(ActivityThread.java:2091)
06-16 10:09:34.223 W/System.err( 4023): 	at android.os.Handler.dispatchMessage(Handler.java:106)
06-16 10:09:34.223 W/System.err( 4023): 	at android.os.Looper.loopOnce(Looper.java:201)
06-16 10:09:34.223 W/System.err( 4023): 	at android.os.Looper.loop(Looper.java:288)
06-16 10:09:34.223 W/System.err( 4023): 	at android.app.ActivityThread.main(ActivityThread.java:7875)
06-16 10:09:34.223 W/System.err( 4023): 	at java.lang.reflect.Method.invoke(Native Method)
06-16 10:09:34.223 W/System.err( 4023): 	at com.android.internal.os.RuntimeInit$MethodAndArgsCaller.run(RuntimeInit.java:568)
06-16 10:09:34.223 W/System.err( 4023): 	at com.android.internal.os.ZygoteInit.main(ZygoteInit.java:1005)
06-16 10:09:34.223 W/System.err( 4023): Caused by: java.lang.ClassNotFoundException: tech.gtt.frontapp.stb.docker.plugin.PluginUtils
06-16 10:09:34.223 W/System.err( 4023): 	... 18 more
06-16 10:09:34.223 E/[Package]( 4023): isInPluginMode: false
06-16 10:09:34.229 I/CustomActivityOnCrash( 4023): CustomActivityOnCrash has been installed.
06-16 10:09:34.232 I/System.out( 4023): Modular_Init : a - initialize
06-16 10:09:34.234 I/System.out( 4023): Modular_Init : a - initialize
06-16 10:09:34.234 D/[CatchupInitModule]( 4023): init---
06-16 10:09:34.235 I/System.out( 4023): Modular_Init : d - initialize
06-16 10:09:34.235 I/System.out( 4023): Modular_Init : a - initialize
06-16 10:09:34.235 I/System.out( 4023): Modular_Init : b - initialize
06-16 10:09:34.236 I/System.out( 4023): Modular_Init : a - initialize
06-16 10:09:34.236 D/[ReplayInitialize]( 4023): init---
06-16 10:09:34.236 I/System.out( 4023): Modular_Init : a - initialize
06-16 10:09:34.236 D/[LiveInitialize]( 4023): init---
06-16 10:09:34.237 D/AndroidAutoSize( 4023): designWidthInDp = 360, designHeightInDp = 640, screenWidth = 1920, screenHeight = 1080
06-16 10:09:34.237 D/AndroidAutoSize( 4023): initDensity = 2.0, initScaledDensity = 2.0
06-16 10:09:34.339 D/AndroidAutoSize( 4023): tech.gtt.frontapp.stb.m.home.activity.SplashActivity used the global configuration.
06-16 10:09:34.346 D/AndroidAutoSize( 4023): The tech.gtt.frontapp.stb.m.home.activity.SplashActivity has been adapted! 
06-16 10:09:34.346 D/AndroidAutoSize( 4023): SplashActivity Info: isBaseOnWidth = true, designWidthInDp = 1920.000000, designWidthInSubunits = 1920.000000, targetDensity = 1.000000, targetScaledDensity = 1.000000, targetDensityDpi = 160, targetXdpi = 1.000000, targetScreenWidthDp = 1920, targetScreenHeightDp = 1032
06-16 10:09:34.391 D/ProcessState( 4073): Binder ioctl to enable oneway spam detection failed: Invalid argument
06-16 10:09:34.398 D/AndroidAutoSize( 4023): tech.gtt.frontapp.stb.m.home.activity.SplashActivity used the global configuration.
06-16 10:09:34.399 D/AndroidAutoSize( 4023): The tech.gtt.frontapp.stb.m.home.activity.SplashActivity has been adapted! 
06-16 10:09:34.399 D/AndroidAutoSize( 4023): SplashActivity Info: isBaseOnWidth = true, designWidthInDp = 1920.000000, designWidthInSubunits = 1920.000000, targetDensity = 1.000000, targetScaledDensity = 1.000000, targetDensityDpi = 160, targetXdpi = 1.000000, targetScreenWidthDp = 1920, targetScreenHeightDp = 1032
06-16 10:09:34.406 I/ActivityTaskManager( 1936): START u0 {act=android.content.pm.action.REQUEST_PERMISSIONS pkg=com.android.permissioncontroller cmp=com.android.permissioncontroller/.permission.ui.GrantPermissionsActivity (has extras)} from uid 10058
06-16 10:09:34.407 D/CompatibilityChangeReporter( 1936): Compat change id reported: 174042980; UID 10053; state: DISABLED
06-16 10:09:34.408 D/CompatibilityChangeReporter( 1936): Compat change id reported: 184838306; UID 10053; state: DISABLED
06-16 10:09:34.408 D/CompatibilityChangeReporter( 1936): Compat change id reported: 185004937; UID 10053; state: DISABLED
06-16 10:09:34.408 D/CompatibilityChangeReporter( 1936): Compat change id reported: 181136395; UID 10053; state: DISABLED
06-16 10:09:34.408 D/CompatibilityChangeReporter( 1936): Compat change id reported: 174042936; UID 10053; state: DISABLED
06-16 10:09:34.435 D/ontapp.stb.dem( 4023): createUnique: call
06-16 10:09:34.447 D/ontapp.stb.dem( 4023): HostComposition ext GL_OES_EGL_image GL_OES_EGL_image_external GL_OES_depth24 GL_OES_depth32 GL_OES_element_index_uint GL_OES_texture_float GL_OES_texture_float_linear GL_OES_compressed_paletted_texture GL_OES_compressed_ETC1_RGB8_texture GL_OES_depth_texture GL_EXT_texture_format_BGRA8888 GL_APPLE_texture_format_BGRA8888 GL_OES_texture_half_float GL_EXT_robustness GL_OES_texture_half_float_linear GL_OES_packed_depth_stencil GL_OES_vertex_half_float GL_OES_texture_npot GL_OES_rgb8_rgba8 GL_EXT_color_buffer_float GL_EXT_texture_sRGB_decode ANDROID_gles_max_version_3_1 GL_OES_vertex_array_object GL_EXT_texture_buffer GL_EXT_copy_image GL_KHR_texture_compression_astc_ldr GL_KHR_texture_compression_astc_hdr GL_OES_texture_compression_astc GL_OES_EGL_image_external
06-16 10:09:34.448 D/hw-ProcessState( 4023): Binder ioctl to enable oneway spam detection failed: Invalid argument
06-16 10:09:34.450 W/OpenGLRenderer( 4023): Failed to initialize 101010-2 format, error = EGL_SUCCESS
06-16 10:09:34.450 D/EGL_emulation( 4023): rcCreateContext wated version 2.0  rc:4
06-16 10:09:34.465 D/EGL_emulation( 4023): eglMakeCurrent: 0x7530b53d5910: ver 3 2 (tinfo 0x7530353e0c90) (first time)
06-16 10:09:34.468 E/HWComposer( 1776): getSupportedContentTypes: getSupportedContentTypes failed for display 0: Unsupported (8)
06-16 10:09:34.468 I/hwservicemanager( 1563): getTransport: Cannot find entry android.hardware.graphics.mapper@4.0::IMapper/default in either framework or device VINTF manifest.
06-16 10:09:34.468 I/Gralloc4( 4023): mapper 4.x is not supported
06-16 10:09:34.468 I/hwservicemanager( 1563): getTransport: Cannot find entry android.hardware.graphics.mapper@3.0::IMapper/default in either framework or device VINTF manifest.
06-16 10:09:34.468 W/Gralloc3( 4023): mapper 3.x is not supported
06-16 10:09:34.469 I/hwservicemanager( 1563): getTransport: Cannot find entry android.hardware.graphics.allocator@4.0::IAllocator/default in either framework or device VINTF manifest.
06-16 10:09:34.469 W/Gralloc4( 4023): allocator 4.x is not supported
06-16 10:09:34.469 I/hwservicemanager( 1563): getTransport: Cannot find entry android.hardware.graphics.allocator@3.0::IAllocator/default in either framework or device VINTF manifest.
06-16 10:09:34.469 W/Gralloc3( 4023): allocator 3.x is not supported
06-16 10:09:34.469 D/gralloc_nox( 1764): gralloc_alloc: Creating ashmem region of size 8298496
06-16 10:09:34.472 D/ProcessState( 4081): Binder ioctl to enable oneway spam detection failed: Invalid argument
06-16 10:09:34.489 D/ontapp.stb.dem( 4023): createUnique: call
06-16 10:09:34.490 D/ontapp.stb.dem( 4023): HostComposition ext GL_OES_EGL_image GL_OES_EGL_image_external GL_OES_depth24 GL_OES_depth32 GL_OES_element_index_uint GL_OES_texture_float GL_OES_texture_float_linear GL_OES_compressed_paletted_texture GL_OES_compressed_ETC1_RGB8_texture GL_OES_depth_texture GL_EXT_texture_format_BGRA8888 GL_APPLE_texture_format_BGRA8888 GL_OES_texture_half_float GL_EXT_robustness GL_OES_texture_half_float_linear GL_OES_packed_depth_stencil GL_OES_vertex_half_float GL_OES_texture_npot GL_OES_rgb8_rgba8 GL_EXT_color_buffer_float GL_EXT_texture_sRGB_decode ANDROID_gles_max_version_3_1 GL_OES_vertex_array_object GL_EXT_texture_buffer GL_EXT_copy_image GL_KHR_texture_compression_astc_ldr GL_KHR_texture_compression_astc_hdr GL_OES_texture_compression_astc GL_OES_EGL_image_external
06-16 10:09:34.490 D/gralloc_nox( 1764): gralloc_alloc: Creating ashmem region of size 8298496
06-16 10:09:34.504 D/gralloc_nox( 1764): gralloc_alloc: Creating ashmem region of size 8298496
06-16 10:09:34.566 E/libEGL  ( 4023): called unimplemented OpenGL ES API
06-16 10:09:34.656 D/CompatibilityChangeReporter( 3997): Compat change id reported: 171228096; UID 10053; state: ENABLED
06-16 10:09:34.790 I/ActivityTaskManager( 1936): Displayed com.android.permissioncontroller/.permission.ui.GrantPermissionsActivity: +776ms
06-16 10:09:34.812 D/ProcessState( 4097): Binder ioctl to enable oneway spam detection failed: Invalid argument
06-16 10:09:34.848 W/InputManager-JNI( 1936): Input channel object '31d26ff Splash Screen tech.gtt.frontapp.stb.demo (client)' was disposed without first being removed with the input manager!
06-16 10:09:34.898 D/hw-ProcessState( 3997): Binder ioctl to enable oneway spam detection failed: Invalid argument
06-16 10:09:34.898 I/hwservicemanager( 1563): getTransport: Cannot find entry android.hardware.graphics.mapper@4.0::IMapper/default in either framework or device VINTF manifest.
06-16 10:09:34.898 I/Gralloc4( 3997): mapper 4.x is not supported
06-16 10:09:34.898 I/hwservicemanager( 1563): getTransport: Cannot find entry android.hardware.graphics.mapper@3.0::IMapper/default in either framework or device VINTF manifest.
06-16 10:09:34.898 W/Gralloc3( 3997): mapper 3.x is not supported
06-16 10:09:34.900 I/hwservicemanager( 1563): getTransport: Cannot find entry android.hardware.graphics.allocator@4.0::IAllocator/default in either framework or device VINTF manifest.
06-16 10:09:34.900 W/Gralloc4( 3997): allocator 4.x is not supported
06-16 10:09:34.901 I/hwservicemanager( 1563): getTransport: Cannot find entry android.hardware.graphics.allocator@3.0::IAllocator/default in either framework or device VINTF manifest.
06-16 10:09:34.901 W/Gralloc3( 3997): allocator 3.x is not supported
06-16 10:09:34.902 D/gralloc_nox( 1764): gralloc_alloc: Creating ashmem region of size 5496832
06-16 10:09:34.919 D/ssioncontrolle( 3997): createUnique: call
06-16 10:09:34.962 D/ssioncontrolle( 3997): HostComposition ext GL_OES_EGL_image GL_OES_EGL_image_external GL_OES_depth24 GL_OES_depth32 GL_OES_element_index_uint GL_OES_texture_float GL_OES_texture_float_linear GL_OES_compressed_paletted_texture GL_OES_compressed_ETC1_RGB8_texture GL_OES_depth_texture GL_EXT_texture_format_BGRA8888 GL_APPLE_texture_format_BGRA8888 GL_OES_texture_half_float GL_EXT_robustness GL_OES_texture_half_float_linear GL_OES_packed_depth_stencil GL_OES_vertex_half_float GL_OES_texture_npot GL_OES_rgb8_rgba8 GL_EXT_color_buffer_float GL_EXT_texture_sRGB_decode ANDROID_gles_max_version_3_1 GL_OES_vertex_array_object GL_EXT_texture_buffer GL_EXT_copy_image GL_KHR_texture_compression_astc_ldr GL_KHR_texture_compression_astc_hdr GL_OES_texture_compression_astc GL_OES_EGL_image_external
06-16 10:09:35.065 D/gralloc_nox( 1764): gralloc_alloc: Creating ashmem region of size 5496832
06-16 10:09:35.221 D/gralloc_nox( 1764): gralloc_alloc: Creating ashmem region of size 5496832
06-16 10:09:37.016 E/TaskPersister( 1936): File error accessing recents directory (directory doesn't exist?).
06-16 10:09:37.114 D/UIAutomatorStub( 3899): URI: /jsonrpc/0, Method: POST, params, {NanoHttpd.QUERY_STRING=null}, files: {postData={"jsonrpc": "2.0", "id": 1, "method": "count", "params": [{"mask": 2097152, "childOrSibling": [], "childOrSiblingSelector": [], "resourceId": "com.android.permissioncontroller:id/permission_allow_button"}]}}
06-16 10:09:37.127 D/UiObject( 3899): Waiting 0ms for UiSelector[RESOURCE_ID=com.android.permissioncontroller:id/permission_allow_button].
06-16 10:09:37.128 W/QueryController( 3899): Could not detect idle state.
06-16 10:09:37.139 I/QueryController( 3899): Matched selector: UiSelector[RESOURCE_ID=com.android.permissioncontroller:id/permission_allow_button] <<==>> [android.view.accessibility.AccessibilityNodeInfo@b7ef; boundsInParent: Rect(0, 0 - 992, 112); boundsInScreen: Rect(464, 557 - 1456, 669); packageName: com.android.permissioncontroller; className: android.widget.Button; text: 允许; error: null; maxTextLength: -1; stateDescription: null; contentDescription: null; tooltipText: null; viewIdResName: com.android.permissioncontroller:id/permission_allow_button; checkable: false; checked: false; focusable: true; focused: false; selected: false; clickable: true; longClickable: false; contextClickable: false; enabled: true; password: false; scrollable: false; importantForAccessibility: true; visible: true; actions: [AccessibilityAction: ACTION_FOCUS - null, AccessibilityAction: ACTION_SELECT - null, AccessibilityAction: ACTION_CLEAR_SELECTION - null, AccessibilityAction: ACTION_CLICK - null, AccessibilityAction: ACTION_ACCESSIBILITY_FOCUS - null, AccessibilityAction: ACTION_NEXT_AT_MOVEMENT_GRANULARITY - null, AccessibilityAction: ACTION_PREVIOUS_AT_MOVEMENT_GRANULARITY - null, AccessibilityAction: ACTION_SET_SELECTION - null, AccessibilityAction: ACTION_SHOW_ON_SCREEN - null]]
06-16 10:09:37.141 D/UiObject( 3899): Waiting 0ms for UiSelector[INSTANCE=1, RESOURCE_ID=com.android.permissioncontroller:id/permission_allow_button].
06-16 10:09:37.143 W/QueryController( 3899): Could not detect idle state.
06-16 10:09:37.186 D/UIAutomatorStub( 3899): URI: /jsonrpc/0, Method: POST, params, {NanoHttpd.QUERY_STRING=null}, files: {postData={"jsonrpc": "2.0", "id": 1, "method": "waitForExists", "params": [{"mask": 2097152, "childOrSibling": [], "childOrSiblingSelector": [], "resourceId": "com.android.permissioncontroller:id/permission_allow_button"}, 20000]}}
06-16 10:09:37.192 D/UiDevice( 3899): Waiting 20000ms for SearchCondition[hasObject=BySelector [RES='\Qcom.android.permissioncontroller:id/permission_allow_button\E']].
06-16 10:09:37.192 D/UiDevice( 3899): Searching for node with selector: BySelector [RES='\Qcom.android.permissioncontroller:id/permission_allow_button\E'].
06-16 10:09:37.195 W/QueryController( 3899): Could not detect idle state.
06-16 10:09:37.249 D/UIAutomatorStub( 3899): URI: /jsonrpc/0, Method: POST, params, {NanoHttpd.QUERY_STRING=null}, files: {postData={"jsonrpc": "2.0", "id": 1, "method": "objInfo", "params": [{"mask": 2097152, "childOrSibling": [], "childOrSiblingSelector": [], "resourceId": "com.android.permissioncontroller:id/permission_allow_button"}]}}
06-16 10:09:37.250 D/UiDevice( 3899): Retrieving node with selector: BySelector [RES='\Qcom.android.permissioncontroller:id/permission_allow_button\E'].
06-16 10:09:37.250 W/QueryController( 3899): Could not detect idle state.
06-16 10:09:37.263 W/QueryController( 3899): Could not detect idle state.
06-16 10:09:37.265 W/QueryController( 3899): Could not detect idle state.
06-16 10:09:37.266 W/QueryController( 3899): Could not detect idle state.
06-16 10:09:37.267 W/QueryController( 3899): Could not detect idle state.
06-16 10:09:37.269 W/QueryController( 3899): Could not detect idle state.
06-16 10:09:37.270 W/QueryController( 3899): Could not detect idle state.
06-16 10:09:37.272 W/QueryController( 3899): Could not detect idle state.
06-16 10:09:37.275 W/QueryController( 3899): Could not detect idle state.
06-16 10:09:37.275 W/QueryController( 3899): Could not detect idle state.
06-16 10:09:37.276 W/QueryController( 3899): Could not detect idle state.
06-16 10:09:37.278 W/QueryController( 3899): Could not detect idle state.
06-16 10:09:37.280 W/QueryController( 3899): Could not detect idle state.
06-16 10:09:37.281 W/QueryController( 3899): Could not detect idle state.
06-16 10:09:37.282 W/QueryController( 3899): Could not detect idle state.
06-16 10:09:37.283 W/QueryController( 3899): Could not detect idle state.
06-16 10:09:37.284 W/QueryController( 3899): Could not detect idle state.
06-16 10:09:37.286 W/QueryController( 3899): Could not detect idle state.
06-16 10:09:37.315 D/UIAutomatorStub( 3899): URI: /jsonrpc/0, Method: POST, params, {NanoHttpd.QUERY_STRING=null}, files: {postData={"jsonrpc": "2.0", "id": 1, "method": "click", "params": [960.0, 613.0]}}
06-16 10:09:37.334 V/DisplayPowerController[0]( 1936): Brightness [0.39763778] reason changing to: 'manual', previous reason: 'manual [ dim ]'.
06-16 10:09:37.350 E/DisplayDeviceConfig( 1936): requesting nits when no mapping exists.
06-16 10:09:37.351 E/DisplayDeviceConfig( 1936): requesting nits when no mapping exists.
06-16 10:09:37.353 I/DropBoxManagerService( 1936): add tag=system_server_wtf isTagEnabled=true flags=0x2
06-16 10:09:37.353 E/LightsService( 1936): Light requested not available on this device. 0
06-16 10:09:37.357 I/DropBoxManagerService( 1936): add tag=system_server_wtf isTagEnabled=true flags=0x2
06-16 10:09:37.369 E/DisplayDeviceConfig( 1936): requesting nits when no mapping exists.
06-16 10:09:37.371 E/DisplayDeviceConfig( 1936): requesting nits when no mapping exists.
06-16 10:09:37.373 I/DropBoxManagerService( 1936): add tag=system_server_wtf isTagEnabled=true flags=0x2
06-16 10:09:37.373 E/LightsService( 1936): Light requested not available on this device. 0
06-16 10:09:37.375 I/DropBoxManagerService( 1936): add tag=system_server_wtf isTagEnabled=true flags=0x2
06-16 10:09:37.385 E/DisplayDeviceConfig( 1936): requesting nits when no mapping exists.
06-16 10:09:37.385 E/DisplayDeviceConfig( 1936): requesting nits when no mapping exists.
06-16 10:09:37.387 E/LightsService( 1936): Light requested not available on this device. 0
06-16 10:09:37.387 I/DropBoxManagerService( 1936): add tag=system_server_wtf isTagEnabled=true flags=0x2
06-16 10:09:37.399 E/DisplayDeviceConfig( 1936): requesting nits when no mapping exists.
06-16 10:09:37.400 E/DisplayDeviceConfig( 1936): requesting nits when no mapping exists.
06-16 10:09:37.402 E/LightsService( 1936): Light requested not available on this device. 0
06-16 10:09:37.417 E/DisplayDeviceConfig( 1936): requesting nits when no mapping exists.
06-16 10:09:37.417 E/DisplayDeviceConfig( 1936): requesting nits when no mapping exists.
06-16 10:09:37.419 E/LightsService( 1936): Light requested not available on this device. 0
06-16 10:09:37.433 E/DisplayDeviceConfig( 1936): requesting nits when no mapping exists.
06-16 10:09:37.437 E/DisplayDeviceConfig( 1936): requesting nits when no mapping exists.
06-16 10:09:37.444 E/LightsService( 1936): Light requested not available on this device. 0
06-16 10:09:37.450 E/DisplayDeviceConfig( 1936): requesting nits when no mapping exists.
06-16 10:09:37.451 E/DisplayDeviceConfig( 1936): requesting nits when no mapping exists.
06-16 10:09:37.459 E/LightsService( 1936): Light requested not available on this device. 0
06-16 10:09:37.466 E/DisplayDeviceConfig( 1936): requesting nits when no mapping exists.
06-16 10:09:37.466 E/DisplayDeviceConfig( 1936): requesting nits when no mapping exists.
06-16 10:09:37.470 E/LightsService( 1936): Light requested not available on this device. 0
06-16 10:09:37.482 E/DisplayDeviceConfig( 1936): requesting nits when no mapping exists.
06-16 10:09:37.483 E/DisplayDeviceConfig( 1936): requesting nits when no mapping exists.
06-16 10:09:37.485 E/LightsService( 1936): Light requested not available on this device. 0
06-16 10:09:37.499 E/DisplayDeviceConfig( 1936): requesting nits when no mapping exists.
06-16 10:09:37.500 E/DisplayDeviceConfig( 1936): requesting nits when no mapping exists.
06-16 10:09:37.502 E/LightsService( 1936): Light requested not available on this device. 0
06-16 10:09:37.516 E/DisplayDeviceConfig( 1936): requesting nits when no mapping exists.
06-16 10:09:37.517 E/DisplayDeviceConfig( 1936): requesting nits when no mapping exists.
06-16 10:09:37.518 E/LightsService( 1936): Light requested not available on this device. 0
06-16 10:09:37.537 E/DisplayDeviceConfig( 1936): requesting nits when no mapping exists.
06-16 10:09:37.537 E/DisplayDeviceConfig( 1936): requesting nits when no mapping exists.
06-16 10:09:37.538 E/LightsService( 1936): Light requested not available on this device. 0
06-16 10:09:37.551 E/DisplayDeviceConfig( 1936): requesting nits when no mapping exists.
06-16 10:09:37.551 E/DisplayDeviceConfig( 1936): requesting nits when no mapping exists.
06-16 10:09:37.552 E/LightsService( 1936): Light requested not available on this device. 0
06-16 10:09:37.557 V/GrantPermissionsViewModel( 3997): Logged buttons presented and clicked permissionGroupName=android.permission-group.STORAGE uid=10058 selectedLocations=0 package=tech.gtt.frontapp.stb.demo presentedButtons=9 clickedButton=1 sessionId=8269127962123414588 targetSdk=35
06-16 10:09:37.567 I/MediaProvider( 2641): Invalidating LocalCallingIdentity cache for package tech.gtt.frontapp.stb.demo. Reason: op android:read_external_storage
06-16 10:09:37.567 V/GrantPermissionsViewModel( 3997): Permission grant result requestId=8269127962123414588 callingUid=10058 callingPackage=tech.gtt.frontapp.stb.demo permission=android.permission.READ_EXTERNAL_STORAGE isImplicit=false result=4
06-16 10:09:37.568 E/DisplayDeviceConfig( 1936): requesting nits when no mapping exists.
06-16 10:09:37.570 E/DisplayDeviceConfig( 1936): requesting nits when no mapping exists.
06-16 10:09:37.572 E/LightsService( 1936): Light requested not available on this device. 0
06-16 10:09:37.573 D/gralloc_nox( 1764): gralloc_alloc: Creating ashmem region of size 8298496
06-16 10:09:37.580 W/System  ( 1936): A resource failed to call release. 
06-16 10:09:37.583 E/DisplayDeviceConfig( 1936): requesting nits when no mapping exists.
06-16 10:09:37.583 E/DisplayDeviceConfig( 1936): requesting nits when no mapping exists.
06-16 10:09:37.585 E/LightsService( 1936): Light requested not available on this device. 0
06-16 10:09:37.602 E/android.hardware.audio.service( 1756): pcm_open called create stream faild
06-16 10:09:37.790 D/CompatibilityChangeReporter( 4023): Compat change id reported: 78294732; UID 10058; state: ENABLED
06-16 10:09:37.792 I/b       ( 4023): freeSpace : 116667MB
06-16 10:09:37.854 D/ProcessState( 4116): Binder ioctl to enable oneway spam detection failed: Invalid argument
06-16 10:09:37.936 D/ConnectivityService( 1936): NetReassign [no changes]
06-16 10:09:37.945 V/GSK     ( 4023): StorageServiceImpl initialization() executed in 1 ms.
06-16 10:09:37.945 V/GSK     ( 4023): SecurityServiceImpl initialization() executed in 0 ms.
06-16 10:09:38.007 W/System.err( 4023): SLF4J(W): No SLF4J providers were found.
06-16 10:09:38.007 W/System.err( 4023): SLF4J(W): Defaulting to no-operation (NOP) logger implementation
06-16 10:09:38.007 W/System.err( 4023): SLF4J(W): See https://www.slf4j.org/codes.html#noProviders for further details.
06-16 10:09:38.045 W/InputManager-JNI( 1936): Input channel object 'b9c7b63 com.android.permissioncontroller/com.android.permissioncontroller.permission.ui.GrantPermissionsActivity (client)' was disposed without first being removed with the input manager!
06-16 10:09:38.056 W/System.err( 4023): kotlinx.serialization.json.internal.JsonDecodingException: Expected start of the object '{', but had 'EOF' instead at path: $
06-16 10:09:38.056 W/System.err( 4023): JSON input: 
06-16 10:09:38.056 W/System.err( 4023): 	at kotlinx.serialization.json.internal.JsonExceptionsKt.JsonDecodingException(SourceFile:1)
06-16 10:09:38.056 W/System.err( 4023): 	at kotlinx.serialization.json.internal.JsonExceptionsKt.JsonDecodingException(SourceFile:2)
06-16 10:09:38.056 W/System.err( 4023): 	at kotlinx.serialization.json.internal.AbstractJsonLexer.fail(SourceFile:52)
06-16 10:09:38.056 W/System.err( 4023): 	at kotlinx.serialization.json.internal.AbstractJsonLexer.fail$default(SourceFile:15)
06-16 10:09:38.056 W/System.err( 4023): 	at kotlinx.serialization.json.internal.AbstractJsonLexer.unexpectedToken(SourceFile:103)
06-16 10:09:38.056 W/System.err( 4023): 	at kotlinx.serialization.json.internal.StringJsonLexer.consumeNextToken(SourceFile:16)
06-16 10:09:38.057 W/System.err( 4023): 	at kotlinx.serialization.json.internal.StreamingJsonDecoder.beginStructure(SourceFile:23)
06-16 10:09:38.057 W/System.err( 4023): 	at tech.gtt.frontapp.servicesdk.common.service.utility.apis.e2ee.E2eeConfigResponse$$serializer.deserialize(SourceFile:2)
06-16 10:09:38.057 W/System.err( 4023): 	at tech.gtt.frontapp.servicesdk.common.service.utility.apis.e2ee.E2eeConfigResponse$$serializer.deserialize(SourceFile:1)
06-16 10:09:38.057 W/System.err( 4023): 	at kotlinx.serialization.json.internal.StreamingJsonDecoder.decodeSerializableValue(SourceFile:320)
06-16 10:09:38.057 W/System.err( 4023): 	at kotlinx.serialization.json.Json.decodeFromString(SourceFile:3)
06-16 10:09:38.057 W/System.err( 4023): 	at tech.gtt.frontapp.servicesdk.common.service.utility.apis.e2ee.E2eeManager.syncE2eeConfig(SourceFile:74)
06-16 10:09:38.057 W/System.err( 4023): 	at tech.gtt.frontapp.servicesdk.common.service.utility.apis.ApiUtilServiceImpl.onServiceInit(SourceFile:228)
06-16 10:09:38.057 W/System.err( 4023): 	at tech.gtt.frontapp.servicesdk.common.core.ServiceSDKImpl.executeServiceInitialize(SourceFile:372)
06-16 10:09:38.057 W/System.err( 4023): 	at tech.gtt.frontapp.servicesdk.common.core.ServiceSDKImpl.access$executeServiceInitialize(SourceFile:1)
06-16 10:09:38.057 W/System.err( 4023): 	at tech.gtt.frontapp.servicesdk.common.core.ServiceSDKImpl$init$1.invokeSuspend(SourceFile:178)
06-16 10:09:38.057 W/System.err( 4023): 	at tech.gtt.frontapp.servicesdk.common.core.ServiceSDKImpl$init$1.invoke(SourceFile:2)
06-16 10:09:38.057 W/System.err( 4023): 	at tech.gtt.frontapp.servicesdk.common.core.ServiceSDKImpl$init$1.invoke(SourceFile:1)
06-16 10:09:38.057 W/System.err( 4023): 	at kotlinx.coroutines.flow.SafeFlow.collectSafely(SourceFile:3)
06-16 10:09:38.057 W/System.err( 4023): 	at kotlinx.coroutines.flow.AbstractFlow.collect(SourceFile:70)
06-16 10:09:38.057 W/System.err( 4023): 	at tech.gtt.frontapp.servicesdk.common.core.SDKSetup$build$1.invokeSuspend(SourceFile:42)
06-16 10:09:38.057 W/System.err( 4023): 	at tech.gtt.frontapp.servicesdk.common.core.SDKSetup$build$1.invoke(SourceFile:2)
06-16 10:09:38.057 W/System.err( 4023): 	at tech.gtt.frontapp.servicesdk.common.core.SDKSetup$build$1.invoke(SourceFile:1)
06-16 10:09:38.057 W/System.err( 4023): 	at tech.gtt.frontapp.servicesdk.common.core.Scheduler$scheduleDirect$1.invokeSuspend(SourceFile:61)
06-16 10:09:38.057 W/System.err( 4023): 	at lh.a.resumeWith(SourceFile:14)
06-16 10:09:38.057 W/System.err( 4023): 	at kotlinx.coroutines.DispatchedTask.run(SourceFile:123)
06-16 10:09:38.057 W/System.err( 4023): 	at kotlinx.coroutines.internal.LimitedDispatcher$Worker.run(SourceFile:4)
06-16 10:09:38.057 W/System.err( 4023): 	at kotlinx.coroutines.scheduling.TaskImpl.run(SourceFile:3)
06-16 10:09:38.057 W/System.err( 4023): 	at kotlinx.coroutines.scheduling.CoroutineScheduler.runSafely(SourceFile:1)
06-16 10:09:38.057 W/System.err( 4023): 	at kotlinx.coroutines.scheduling.CoroutineScheduler$Worker.executeTask(SourceFile:34)
06-16 10:09:38.057 W/System.err( 4023): 	at kotlinx.coroutines.scheduling.CoroutineScheduler$Worker.runWorker(SourceFile:29)
06-16 10:09:38.057 W/System.err( 4023): 	at kotlinx.coroutines.scheduling.CoroutineScheduler$Worker.run(SourceFile:1)
06-16 10:09:38.065 W/System.err( 4023): java.io.FileNotFoundException: sys/class/sunxi_info/sys_info: open failed: ENOENT (No such file or directory)
06-16 10:09:38.065 W/System.err( 4023): 	at libcore.io.IoBridge.open(IoBridge.java:575)
06-16 10:09:38.065 W/System.err( 4023): 	at java.io.FileInputStream.<init>(FileInputStream.java:160)
06-16 10:09:38.065 W/System.err( 4023): 	at java.io.FileInputStream.<init>(FileInputStream.java:115)
06-16 10:09:38.065 W/System.err( 4023): 	at ip.b.b(SourceFile:5)
06-16 10:09:38.065 W/System.err( 4023): 	at ip.b.a(SourceFile:155)
06-16 10:09:38.065 W/System.err( 4023): 	at ip.a.invoke(SourceFile:589)
06-16 10:09:38.065 W/System.err( 4023): 	at dh.v.getValue(SourceFile:21)
06-16 10:09:38.065 W/System.err( 4023): 	at tech.gtt.frontapp.servicesdk.common.network.interceptor.params.ApiDeviceParams.handleFixedParams(SourceFile:52)
06-16 10:09:38.065 W/System.err( 4023): 	at tech.gtt.frontapp.servicesdk.common.service.utility.apis.IParamsGetter.toMaps(SourceFile:87)
06-16 10:09:38.065 W/System.err( 4023): 	at tech.gtt.frontapp.servicesdk.common.network.interceptor.DefaultParamsInterceptor.onRequest(SourceFile:127)
06-16 10:09:38.065 W/System.err( 4023): 	at tech.gtt.frontapp.servicesdk.common.network.interceptor.SDKInterceptorsPluginKt$setupRequestInterception$1.invokeSuspend(SourceFile:103)
06-16 10:09:38.065 W/System.err( 4023): 	at tech.gtt.frontapp.servicesdk.common.network.interceptor.SDKInterceptorsPluginKt$setupRequestInterception$1.invoke(SourceFile:1)
06-16 10:09:38.065 W/System.err( 4023): 	at tech.gtt.frontapp.servicesdk.common.network.interceptor.SDKInterceptorsPluginKt$setupRequestInterception$1.invoke(SourceFile:2)
06-16 10:09:38.065 W/System.err( 4023): 	at io.ktor.util.pipeline.DebugPipelineContext.proceedLoop(SourceFile:86)
06-16 10:09:38.065 W/System.err( 4023): 	at io.ktor.util.pipeline.DebugPipelineContext.proceed(SourceFile:26)
06-16 10:09:38.065 W/System.err( 4023): 	at io.ktor.client.plugins.RequestError$install$1.invokeSuspend(SourceFile:47)
06-16 10:09:38.065 W/System.err( 4023): 	at io.ktor.client.plugins.RequestError$install$1.invoke(SourceFile:1)
06-16 10:09:38.065 W/System.err( 4023): 	at io.ktor.client.plugins.RequestError$install$1.invoke(SourceFile:2)
06-16 10:09:38.065 W/System.err( 4023): 	at io.ktor.util.pipeline.DebugPipelineContext.proceedLoop(SourceFile:86)
06-16 10:09:38.065 W/System.err( 4023): 	at io.ktor.util.pipeline.DebugPipelineContext.proceed(SourceFile:26)
06-16 10:09:38.065 W/System.err( 4023): 	at io.ktor.client.plugins.SetupRequestContext$install$1.invokeSuspend$proceed(SourceFile:1)
06-16 10:09:38.065 W/System.err( 4023): 	at io.ktor.client.plugins.SetupRequestContext$install$1.access$invokeSuspend$proceed(SourceFile:1)
06-16 10:09:38.065 W/System.err( 4023): 	at io.ktor.client.plugins.SetupRequestContext$install$1$1.invoke(SourceFile:2)
06-16 10:09:38.065 W/System.err( 4023): 	at io.ktor.client.plugins.SetupRequestContext$install$1$1.invoke(SourceFile:1)
