06-15 22:16:05.192 V/GSK-APIS(10389): 6py+YVsaSEQn5fxAlMOcSpDh1KDnAXrOyE83NTxODQuuYg9t9An5gAn49+suAlDZ785bL66sZtMtqen59gyjowok9OZycx3juBJWJFURquDX6sxtWyRzbFTvbsqOZ86JnWM7a6sJe18oVzK8lZpZQpkP+5OMlHpejjAWMfXMDU55DB43tjZjrR2rEDru4RntT83TfdnbhYPptU1nIR371E9beqJ6EXOhOuZrMsWCpVAWOPPb2p5rK0Meu2Wvb459yfJF9H24H+tGFDlwfkPkBsq+WMFkuco4I7fJsH0ut+3m5acFNQJmqaONwynB2M+zNUbSmg+DZlExEF4ZRKabGGDwothSupto0FxFj6MRw8VyOSHOwIxxQ8Cf3q4TOesY9S5gYnmSkJbaB60YApEy3HTB69kFvpu6orDono5NNbwi9lOCBZjX+p1FXtKlZD48Q/DW+nmaUg2q3zycvcI8K3LlzJn50s+fkLSEYpB1OchaHjNcCo5AKSrZtJmI+0MbqE8eblCgEmly+yLDa2ZqkiCgkPcYmccBx3rOxY0b0UXn/HJUiCmRG6Ejf3aDSrk6P6n0dKOiObQQZq3onWvPXg/kC69ebi/xDsnB9vYcX9MfTPuR3Q1rt2h7UOKy5BiJhfLKw8KFuVa0KmwKfbLlkHM1mxZPUOu6Jl+lXfnoB0LvFR+9BpzT1+m11YVHXDW5pRYuz29NeHAw9ttCC8auuzbPJKEhMNWfLs2WwOE8pYePN75djOF9Uj1eKQGNRS+wLPw7MPb8k/Td2P3b48PcGm5QYJRM5WuHH8f2bQJa0392BJJtxi3ocdKBe0hrNECN+IcdTZVRXBuBVEW94omDJgBcXOGv/PIc+AgM9QRNLuB5A0FfSZKxhUDDOKui0QjUWrUMZ7F1SUOZ5hOTs2UOR4ad16JUy7qH9OJ2dibwkQn+6qMZiMzeZebZ/loFz9cWW7M5VFjikFEhG99TuNCpnvin/D1hNfVGjNTYMho4axq4/UJeznetnZnxtx5JdfWwyw1m1c9bkVAjytj2O3bYtfzvBSe9orKp+M4AWCtzMoOfFeJMzRYxvJHjqPrZRDL0m3AeoyWIfKMZo6sLzZBZLx7431zrLYxQs+IhaxlOxwWg0z6ascTHm0iAZtjX5kNxaYyj6QFQulO2VKaX1Oam7LzdayJKk4X9SOSqzcVzxvDeYP+wWENu34cJpml8+gxjIIDHaEjo92qFWMvw4K0LW+vWKKmjvjjzk4BYhFJqNR/B5kHsufyNEE8RMNkHGPv99OUG2m5qE/mJd/F8mdpVo5TMnyKJa7u68HOKGywA4wBeIjX/WJA4GiTlDJtNufg63olLNFLMRaOFhsJgF6+HkzD3Ol3Ss5ol3aj71fLol1QuBSzPAIHRmEn085YduW/NBU17vgElaZAMXHODX2H3r070rLaMuXLytyy3hwad1E1jwo2stD8uwKwqlNR52NcsbgXrLOd49MX4gg1LEP5z+tnTMoEtaxd8MsZZhT8Od8McPc4w66TpP01D4+q7x/R6e80hz7NFpVMFaQQvf5lPl27KhsYjMttYLU30BNKIjR8We+r6GuUgkBmvZEzCkbpSyTBv4f3l2LUn2o9eL6Yhlm1qA07z+lQka0edVk437e5rBwlVS/2A8+ELMGP26m3cZ9YEP1TT8sgd0UxbzswP5RMIIeITjaxCw6nCT56PlydcNFjHC5+JAWo3Uz7h2RhJUM1Mvg+FAaMxGGJefzIEPRCI0hzxXrym5rXLnw8CyZbhOBGmxDMQiiwIMyjzTYUJzNIxCCv8Bd9aHn8Q4A7nnXAMpRAo1/QxVZtJ7Lo3iyzb61k3oPY6lFvK6prrGwjOJTpJM71D7GI4MU1BG/xDz9l1LaljeO4LRQUqUNMuKlF8pVyt07ytB3HuwUeA2Qv1amBUv97d456CiiYGTtdA2qRlaK7v9MQ2A2CpFrf7+tEBnoG5wwBn8x1TbXOx8+obVXYcW7NzvHAVr1IkcMFK3uBN1900v8dG42nwVsdv0CsoLVS2ebnZA6JQSm/wuea/SH9d0mPKse2lJZDd/DLWA0IMxq7AJNI7OQ30HMwWzfQhNjkZNLYezU1Aaxz3do2XuYhdZJMdyJKX3KpIFPL8ICD/rgDjhT2fwQ8i3N7vtzShr7qMRYenHgOXTJKwHWt0Wh8MfoSw58mizC6SQuCcozVEWCX6Uz1kzKLk7o36jmSvN0iPqLdpdDZPKd8+e9Kvz9R6b3bRpyaOSMgXBjl8NMBgCWhkRn6AQU0pD1MoNg53+CZCr+21KUNTEUE6aQVloqPhgnySBy27TTtw6Bdr7NWpJuJ3m55b6sNX9o//7Oo+ZF8LW6wCDwrNlj3/E3rJCH3HXDRUmA1r2n/mxjiLUD4VtQ+VZK6Rk/EKV9wTuWb3x/Utbv0JqXfB5ew22vtRiB23ZpPX1b6MEug9f4vzHqqwWv+mIzYM8+qKecEqUa4FacUt80aQjlGODg6V8UEn7wTTRDsbZ6LrLnIL6Ea/uJ1+cWmK926nV93aYCa5fbLJRKVdBrKuyGBShKf/cS8vmGJ9nj/DDMh0bvTlwjLBD2Fw4qC1BlYc4Iiw+daxEJnHT/tSsgpUtgV8qqPNLIthxqVy1YWT0imnwKQE0qCYBbc/QmhBXJwy3sF9YFw+wiz2HlZGkebdJ8ETsSBYBGd5W3OmzuooOa1UiJTDwD8rBP4u4LpwPD5ocSvTPWFfMN4/cYrVt8IKxHqs7zux1ab9JSqnLvvkuO5Icdq1mZSI1p+CNxkYWBoKqOqVI+kokGM8RnVqjnlXX7s4SXPR4l2iyMjcrd7cLvqEhCy2aqR7UjGrRrgUph3TRk/eEjcD7PdpbtkXkWrAqKNiY/uf5SqUtW0ZKnbV3SknV1RRRmvBJMds1nMnnEeDVhnycX1t7HOVrVWuj46ohVC5izb8TMBG4edfJMuTMljYclC0Uv3cKLWBY9TiTPFtK0jUsjxQEeEF/eSIAGMsnudfW2Q/ZI/3KuDT6/5VGP9IFfeFOLM0btLbiy935f1j0BX52/nLU9ImjteP85dusFDm8oQQtZLj8yhNA8y7aE7k3NvZLBscECXoeJ77nlEOVCmhM6TBFFWN6GMBgwyHlZqErSZNir5HBdk7X7MG83zeIIJcrORoII6+VKxVk9gJhjCBOpZmi92tW1K4HPRFOVSAKB2zAAYoPvVZOM09SeVGonJKl6/3erdlvMDUWCbF1BeQATiJvpngLld4beF3CCKwW2npHlPNZaDxXvHCF8syzHhnhz9fgwESOa1gCPMmPlm7ewEOCk+APiKj2UKem1KVrKe48j6YjzywSk4+gkTAOMcuPOBzOo0tPQbF/OBXGyweTMkSqJcwzT9+IvxNau79HvqnteFHyTpwmnaDcgS4EygAhiz1+X7gdhYCbsLSQjfOH+UqA45Ok0qc0E48ctuW9ekeTO6P2Gh9V+DLg6R1a2VI2FDJPu2YWCm1yogTp44zs5C9nv/AN4+i40p9tZH29DF2pqaWsyA4m9A6yKmMCcIN/ubOMW/VABjQ23coTH9eC5pB8k+kmAcA0RZGK43bR4+4MdVdM/WcafIFzKK11dOZnutZXCjPnlRnYtZn+rFFNTC+OaxW1Dxn5K4ovwbgRh/fcY+NfTppIxwCmjZweGHvLG9gPwseK1eOwnsWLCJSoLG+YdLzDzj3g//ea42yWzXoAufIxHcNuOwSvdHefwYjd51fbQuVeCNclxUwIUnt7myCAldF44+8nSUsoCiyL4yuWMrS9XGDyAsezarJIsciJu88Yf2XBO0qlj9Kr5mUQLq6B+O25fQql27fA215Pt1h10ImOg5snrp9bRdmMHgV2QKSb50TWH+mJvCrQvx4m/q7j+EjS8mGMPzTWOHlL9LTvjCA63owgM7YUVEP+23KhNJgOwWH5wwjLX7M+21eqiy5rNY3HqvJqiQajxniqX409mFWQaUzTFXdmLkhfuAcPO5Iv6CA5boUbzuMsShrUd7Ktm/daqI8anuZR5Mhpf
06-15 22:16:05.192 V/GSK-APIS(10389): 3nMRQfq69LumYbu+Kep7IMBY74YoAWxTqwy4sfiJpC3c+nskBZd7qvn88Vj93ObTLTYl3MHTLcM5f/rsfxLQPjhyaRoz8fUM4OFK0cwvbc/rXyMTopMSi5zdVzxUbrAnVOtRZnKcvXJVqaNGBT0VMtYygu1pKJhj4gNb5DgQdL9doaFWpmaoOm5ezGZFXMRE6M4WQ5yaWoo/m1ENK6xkYDyZwXEC/xVmk1lTGajAwXehpzmUWv2sI7gUjWytMXxRUFk8uo9tTIxF7CI38JSiTK/MHIAoLgX/SJT20+ZtDfce/ig0x+M1dIRQ2kz7wRUHgjtkL42j/hMGZ9aeNnYARWS1ZyDmpnEscItu+yTOFuGEs4CMnYqQHqsyfdjEaqh710=
06-15 22:16:05.192 V/GSK-APIS(10389): 	prot:	ACM30
06-15 22:16:05.192 V/GSK-APIS(10389): 	signature:	994c9c1b44e557deb2ac3fb1e7154bc32633e86a
06-15 22:16:05.192 V/GSK-APIS(10389): }
06-15 22:16:05.193 V/GSK-APIS(10389): request to: https://gtt-app-apigateway-lion.vdemosit.com/api/enduser/messagecenter/message/query/v1
06-15 22:16:05.240 V/GSK-Account:AccountManager(10389): isLoggedIn=false
06-15 22:16:05.241 D/AndroidAutoSize(10389): tech.gtt.frontapp.stb.m.home.activity.LoadingActivity used the global configuration.
06-15 22:16:05.241 D/AndroidAutoSize(10389): The tech.gtt.frontapp.stb.m.home.activity.LoadingActivity has been adapted! 
06-15 22:16:05.241 D/AndroidAutoSize(10389): LoadingActivity Info: isBaseOnWidth = true, designWidthInDp = 1920.000000, designWidthInSubunits = 1920.000000, targetDensity = 1.000000, targetScaledDensity = 1.000000, targetDensityDpi = 160, targetXdpi = 1.000000, targetScreenWidthDp = 1920, targetScreenHeightDp = 1032
06-15 22:16:05.249 W/WindowManager( 1965): Failed looking up window session=Session{6e3f1fc 10389:u0a10058} callers=com.android.server.wm.WindowManagerService.windowForClientLocked:5850 com.android.server.wm.Session.updateRequestedVisibilities:640 android.view.IWindowSession$Stub.onTransact:1175 
06-15 22:16:05.261 V/GSK-Upgrade:ComponentUpdater(10389): init
06-15 22:16:05.261 V/GSK-Upgrade:ComponentUpdater(10389): loadLocalDex
06-15 22:16:05.261 V/GSK-Upgrade:ComponentUpdater(10389): local dex is empty
06-15 22:16:05.261 V/GSK-Upgrade:ComponentUpdater(10389): local dex is empty
06-15 22:16:05.261 V/GSK-Upgrade:ComponentUpdater(10389): local dex is empty
06-15 22:16:05.261 V/GSK-Upgrade:ComponentUpdater(10389): local dex is empty
06-15 22:16:05.261 V/GSK-Upgrade:ComponentUpdater(10389): local dex is empty
06-15 22:16:05.261 V/GSK-Upgrade:ComponentUpdater(10389): local dex is empty
06-15 22:16:05.270 W/UiDevice(10335): Skipping null root node for window: AccessibilityWindowInfo[title=允许v-demo访问您设备上的照片和媒体吗？, displayId=0, id=706, taskId=47, type=TYPE_APPLICATION, layer=1, region=SkRegion((432,48,1488,1080)), bounds=Rect(432, 48 - 1488, 1080), focused=false, active=false, pictureInPicture=false, hasParent=false, isAnchored=false, hasChildren=false]
06-15 22:16:05.316 D/gralloc_nox( 1771): gralloc_alloc: Creating ashmem region of size 8298496
06-15 22:16:05.356 D/ProcessState(10491): Binder ioctl to enable oneway spam detection failed: Invalid argument
06-15 22:16:05.356 D/gralloc_nox( 1771): gralloc_alloc: Creating ashmem region of size 8298496
06-15 22:16:05.392 D/gralloc_nox( 1771): gralloc_alloc: Creating ashmem region of size 8298496
06-15 22:16:05.470 W/ByMatcher(10335): Node returned null child: android.view.accessibility.AccessibilityNodeInfo@30f70; boundsInParent: Rect(0, 0 - 1920, 48); boundsInScreen: Rect(0, 0 - 1920, 48); packageName: com.android.systemui; className: android.widget.FrameLayout; text: null; error: null; maxTextLength: -1; stateDescription: null; contentDescription: null; tooltipText: null; viewIdResName: null; checkable: false; checked: false; focusable: false; focused: false; selected: false; clickable: false; longClickable: false; contextClickable: false; enabled: true; password: false; scrollable: false; importantForAccessibility: true; visible: true; actions: [AccessibilityAction: ACTION_SELECT - null, AccessibilityAction: ACTION_CLEAR_SELECTION - null, AccessibilityAction: ACTION_ACCESSIBILITY_FOCUS - null, AccessibilityAction: ACTION_SHOW_ON_SCREEN - null]
06-15 22:16:05.472 W/ByMatcher(10335): Skipping null child (0 of 2)
06-15 22:16:05.477 W/ByMatcher(10335): Skipping null child (1 of 2)
06-15 22:16:05.482 W/ByMatcher(10335): Node returned null child: android.view.accessibility.AccessibilityNodeInfo@30f70; boundsInParent: Rect(0, 0 - 1920, 48); boundsInScreen: Rect(0, 0 - 1920, 48); packageName: com.android.systemui; className: android.widget.FrameLayout; text: null; error: null; maxTextLength: -1; stateDescription: null; contentDescription: null; tooltipText: null; viewIdResName: null; checkable: false; checked: false; focusable: false; focused: false; selected: false; clickable: false; longClickable: false; contextClickable: false; enabled: true; password: false; scrollable: false; importantForAccessibility: true; visible: true; actions: [AccessibilityAction: ACTION_SELECT - null, AccessibilityAction: ACTION_CLEAR_SELECTION - null, AccessibilityAction: ACTION_ACCESSIBILITY_FOCUS - null, AccessibilityAction: ACTION_SHOW_ON_SCREEN - null]
06-15 22:16:05.483 W/ByMatcher(10335): Skipping null child (0 of 2)
06-15 22:16:05.486 W/ByMatcher(10335): Skipping null child (1 of 2)
06-15 22:16:05.489 W/ByMatcher(10335): Node returned null child: android.view.accessibility.AccessibilityNodeInfo@80006f7f; boundsInParent: Rect(0, 0 - 1920, 1080); boundsInScreen: Rect(0, 0 - 1920, 1080); packageName: tech.gtt.frontapp.stb.demo; className: android.widget.FrameLayout; text: null; error: null; maxTextLength: -1; stateDescription: null; contentDescription: null; tooltipText: null; viewIdResName: null; checkable: false; checked: false; focusable: false; focused: false; selected: false; clickable: false; longClickable: false; contextClickable: false; enabled: true; password: false; scrollable: false; importantForAccessibility: true; visible: true; actions: [AccessibilityAction: ACTION_SELECT - null, AccessibilityAction: ACTION_CLEAR_SELECTION - null, AccessibilityAction: ACTION_ACCESSIBILITY_FOCUS - null, AccessibilityAction: ACTION_SHOW_ON_SCREEN - null]
06-15 22:16:05.489 W/ByMatcher(10335): Skipping null child (0 of 2)
06-15 22:16:05.493 W/ByMatcher(10335): Skipping null child (1 of 2)
06-15 22:16:05.499 W/ByMatcher(10335): Node returned null child: android.view.accessibility.AccessibilityNodeInfo@80006f7f; boundsInParent: Rect(0, 0 - 1920, 1080); boundsInScreen: Rect(0, 0 - 1920, 1080); packageName: tech.gtt.frontapp.stb.demo; className: android.widget.FrameLayout; text: null; error: null; maxTextLength: -1; stateDescription: null; contentDescription: null; tooltipText: null; viewIdResName: null; checkable: false; checked: false; focusable: false; focused: false; selected: false; clickable: false; longClickable: false; contextClickable: false; enabled: true; password: false; scrollable: false; importantForAccessibility: true; visible: true; actions: [AccessibilityAction: ACTION_SELECT - null, AccessibilityAction: ACTION_CLEAR_SELECTION - null, AccessibilityAction: ACTION_ACCESSIBILITY_FOCUS - null, AccessibilityAction: ACTION_SHOW_ON_SCREEN - null]
06-15 22:16:05.505 W/ByMatcher(10335): Skipping null child (0 of 2)
06-15 22:16:05.510 W/ByMatcher(10335): Skipping null child (1 of 2)
06-15 22:16:05.519 I/ActivityTaskManager( 1965): Displayed tech.gtt.frontapp.stb.demo/tech.gtt.frontapp.stb.m.home.activity.LoadingActivity: +388ms
06-15 22:16:05.533 D/CompatibilityChangeReporter(10389): Compat change id reported: 171228096; UID 10058; state: ENABLED
06-15 22:16:05.575 W/DataBinding(10389): Setting the fragment as the LifecycleOwner might cause memory leaks because views lives shorter than the Fragment. Consider using Fragment's view lifecycle
06-15 22:16:05.616 D/UiDevice(10335): Searching for node with selector: BySelector [RES='\Qtech.gtt.frontapp.stb.demo:id/account_login_tv2\E'].
06-15 22:16:05.618 W/QueryController(10335): Could not detect idle state.
06-15 22:16:05.644 I/MediaFocusControl( 1965): requestAudioFocus() from uid/pid 10058/10389 AA=USAGE_MEDIA/CONTENT_TYPE_MOVIE clientId=android.media.AudioManager@55a729e callingPack=tech.gtt.frontapp.stb.demo req=1 flags=0x0 sdk=35
06-15 22:16:05.648 I/AudioService.FadeOutManager( 1965): unfadeOutUid() uid:10058
06-15 22:16:05.663 W/MediaProvider( 2579): Failed to fetch original file descriptor
06-15 22:16:05.663 W/MediaProvider( 2579): java.io.IOException: stat failed: ENOENT (No such file or directory)
06-15 22:16:05.663 W/MediaProvider( 2579): 	at com.android.providers.media.MediaProvider.getFileFromFileDescriptor(MediaProvider.java:5822)
06-15 22:16:05.663 W/MediaProvider( 2579): 	at com.android.providers.media.MediaProvider.getOriginalMediaFormatFileDescriptor(MediaProvider.java:5739)
06-15 22:16:05.663 W/MediaProvider( 2579): 	at com.android.providers.media.MediaProvider.openTypedAssetFileCommon(MediaProvider.java:7162)
06-15 22:16:05.663 W/MediaProvider( 2579): 	at com.android.providers.media.MediaProvider.openTypedAssetFile(MediaProvider.java:7143)
06-15 22:16:05.663 W/MediaProvider( 2579): 	at android.content.ContentProvider$Transport.openTypedAssetFile(ContentProvider.java:548)
06-15 22:16:05.663 W/MediaProvider( 2579): 	at android.content.ContentProviderNative.onTransact(ContentProviderNative.java:327)
06-15 22:16:05.663 W/MediaProvider( 2579): 	at android.os.Binder.execTransactInternal(Binder.java:1179)
06-15 22:16:05.663 W/MediaProvider( 2579): 	at android.os.Binder.execTransact(Binder.java:1143)
06-15 22:16:05.663 W/MediaProvider( 2579): Caused by: android.system.ErrnoException: stat failed: ENOENT (No such file or directory)
06-15 22:16:05.663 W/MediaProvider( 2579): 	at libcore.io.Linux.stat(Native Method)
06-15 22:16:05.663 W/MediaProvider( 2579): 	at libcore.io.ForwardingOs.stat(ForwardingOs.java:853)
06-15 22:16:05.663 W/MediaProvider( 2579): 	at libcore.io.BlockGuardOs.stat(BlockGuardOs.java:420)
06-15 22:16:05.663 W/MediaProvider( 2579): 	at libcore.io.ForwardingOs.stat(ForwardingOs.java:853)
06-15 22:16:05.663 W/MediaProvider( 2579): 	at android.app.ActivityThread$AndroidOs.stat(ActivityThread.java:7775)
06-15 22:16:05.663 W/MediaProvider( 2579): 	at android.system.Os.stat(Os.java:919)
06-15 22:16:05.663 W/MediaProvider( 2579): 	at com.android.providers.media.MediaProvider.getFileFromFileDescriptor(MediaProvider.java:5816)
06-15 22:16:05.663 W/MediaProvider( 2579): 	... 7 more
06-15 22:16:05.666 D/NuPlayerDriver( 1870): NuPlayerDriver(0xf09c1cc0) created, clientPid(10389)
06-15 22:16:05.671 D/SurfaceUtils( 1870): connecting to surface 0xeb5c3278, reason setVideoSurfaceTexture
06-15 22:16:05.672 D/NuPlayer( 1870): onSetVideoSurface(0xeb5c4ba0, no video decoder)
06-15 22:16:05.677 D/GenericSource( 1870): FileSource remote
06-15 22:16:05.682 I/SampleTable( 1859): There are reordered frames present.
06-15 22:16:05.684 D/MediaBufferGroup( 1859): creating MemoryDealer
06-15 22:16:05.709 D/MediaPlayerNative(10389): getMetadata
06-15 22:16:05.714 I/GenericSource( 1870): start
06-15 22:16:05.719 I/OMXClient( 1870): IOmx service obtained
06-15 22:16:05.719 I/OMXClient( 1870): IOmx service obtained
06-15 22:16:05.719 I/OMXStore( 1880): makeComponentInstance(OMX.google.aac.decoder) in android.hardwar process
06-15 22:16:05.720 I/OMXStore( 1880): makeComponentInstance(OMX.google.h264.decoder) in android.hardwar process
06-15 22:16:05.721 E/OMXNodeInstance( 1880): setConfig(0xf2600860:google.aac.decoder, ConfigPriority(0x6f800002)) ERROR: Undefined(0x80001001)
06-15 22:16:05.721 I/ACodec  ( 1870): codec does not support config priority (err -2147483648)
06-15 22:16:05.721 E/OMXNodeInstance( 1880): getConfig(0xf2600860:google.aac.decoder, ConfigAndroidVendorExtension(0x6f100004)) ERROR: Undefined(0x80001001)
06-15 22:16:05.721 D/SoftAAC2( 1880): get OMX_IndexParamAudioAndroidAacDrcPresentation
06-15 22:16:05.721 I/MediaCodec( 1870): MediaCodec will operate in async mode
06-15 22:16:05.721 D/MediaCodec( 1870): keep callback message for reclaim
06-15 22:16:05.723 D/SurfaceUtils( 1870): disconnecting from surface 0xeb5c4ba8, reason onConfigure
06-15 22:16:05.723 D/SurfaceUtils( 1870): connecting to surface 0xeb5c4ba8, reason connectToSurface
06-15 22:16:05.723 I/MediaCodec( 1870): [OMX.google.h264.decoder] setting surface generation to 1914889
06-15 22:16:05.723 D/SurfaceUtils( 1870): disconnecting from surface 0xeb5c4ba8, reason connectToSurface(reconnect)
06-15 22:16:05.723 D/SurfaceUtils( 1870): connecting to surface 0xeb5c4ba8, reason connectToSurface(reconnect)
06-15 22:16:05.724 E/OMXNodeInstance( 1880): getExtensionIndex(0xf26015f0:google.h264.decoder, OMX.google.android.index.enableAndroidNativeBuffers) ERROR: UnsupportedIndex(0x8000101a)
06-15 22:16:05.724 E/ACodec  ( 1870): [OMX.google.h264.decoder] setPortMode on output to DynamicANWBuffer failed w/ err -1010
06-15 22:16:05.724 I/SoftAAC2( 1880): Reconfiguring decoder: 0->44100 Hz, 0->1 channels
06-15 22:16:05.724 E/OMXNodeInstance( 1880): getParameter(0xf26015f0:google.h264.decoder, ??(0x6f600011)) ERROR: UnsupportedIndex(0x8000101a)
06-15 22:16:05.724 W/OMXNodeInstance( 1880): [0xf26015f0:google.h264.decoder] component does not support metadata mode; using fallback
06-15 22:16:05.725 D/SoftAAC2( 1880): get OMX_IndexParamAudioAndroidAacDrcPresentation
06-15 22:16:05.725 D/SoftVideoDecoderOMXComponent( 1880): Color Aspects preference: 1 
06-15 22:16:05.725 E/OMXNodeInstance( 1880): setConfig(0xf26015f0:google.h264.decoder, ConfigPriority(0x6f800002)) ERROR: UnsupportedIndex(0x8000101a)
06-15 22:16:05.725 I/ACodec  ( 1870): codec does not support config priority (err -1010)
06-15 22:16:05.725 E/OMXNodeInstance( 1880): setConfig(0xf26015f0:google.h264.decoder, ConfigOperatingRate(0x6f800003)) ERROR: UnsupportedIndex(0x8000101a)
06-15 22:16:05.725 I/ACodec  ( 1870): codec does not support config operating rate (err -1010)
06-15 22:16:05.725 E/OMXNodeInstance( 1880): getConfig(0xf26015f0:google.h264.decoder, ConfigAndroidVendorExtension(0x6f100004)) ERROR: UnsupportedIndex(0x8000101a)
06-15 22:16:05.726 E/OMXNodeInstance( 1880): getConfig(0xf26015f0:google.h264.decoder, ??(0x7f000003)) ERROR: UnsupportedSetting(0x80001019)
06-15 22:16:05.726 I/MediaCodec( 1870): MediaCodec will operate in async mode
06-15 22:16:05.727 D/MediaCodec( 1870): keep callback message for reclaim
06-15 22:16:05.736 D/AudioFlinger( 1780): Client defaulted notificationFrames to 11286 for frameCount 22572
06-15 22:16:05.740 D/AF::TrackHandle( 1780): OpPlayAudio: track:64 usage:1 not muted
06-15 22:16:05.744 W/ResourceManagerService( 1870): Ignoring request to add new resource entry with value <= 0
06-15 22:16:05.750 D/SoftVideoDecoderOMXComponent( 1880): Color Aspects preference: 1 
06-15 22:16:05.757 E/OMXNodeInstance( 1880): getConfig(0xf26015f0:google.h264.decoder, ??(0x7f000003)) ERROR: UnsupportedSetting(0x80001019)
06-15 22:16:05.759 D/MediaCodec( 1870): [OMX.google.h264.decoder] setting dataspace on output surface to #102
06-15 22:16:05.780 W/InputManager-JNI( 1965): Input channel object '3ef4f0b tech.gtt.frontapp.stb.demo/tech.gtt.frontapp.stb.m.home.activity.SplashActivity (client)' was disposed without first being removed with the input manager!
06-15 22:16:05.801 E/android.hardware.audio.service( 1760): pcm_open called create stream faild
06-15 22:16:05.816 D/UiDevice(10335): Searching for node with selector: BySelector [RES='\Qtech.gtt.frontapp.stb.demo:id/account_login_tv2\E'].
06-15 22:16:05.817 W/QueryController(10335): Could not detect idle state.
06-15 22:16:05.827 W/MediaPlayerNative(10389): info/warning (3, 0)
06-15 22:16:05.833 D/gralloc_nox( 1771): gralloc_alloc: Creating ashmem region of size 589824
06-15 22:16:05.851 D/SoftwareRenderer( 1870): setting dataspace on output surface to #8000102
06-15 22:16:05.862 D/gralloc_nox( 1771): gralloc_alloc: Creating ashmem region of size 589824
06-15 22:16:05.875 V/GSK-APIS(10389): received response >>> id: 3f3f8d6 url: https://gtt-app-apigateway-lion.vdemosit.com/api/enduser/messagecenter/message/query/v1 statusCode: 400, exception: null
06-15 22:16:05.875 I/System.out(10389): [SDKInterceptorPlugin] Unhandled exception in request processing: Something went wrong while connecting to the server, statusCode: 400
06-15 22:16:05.880 D/gralloc_nox( 1771): gralloc_alloc: Creating ashmem region of size 589824
06-15 22:16:05.939 D/UiDevice(10335): Searching for node with selector: BySelector [RES='\Qtech.gtt.frontapp.stb.demo:id/account_login_tv2\E'].
06-15 22:16:05.940 W/QueryController(10335): Could not detect idle state.
06-15 22:16:06.051 D/UiDevice(10335): Searching for node with selector: BySelector [RES='\Qtech.gtt.frontapp.stb.demo:id/account_login_tv2\E'].
06-15 22:16:06.054 W/QueryController(10335): Could not detect idle state.
06-15 22:16:06.178 D/UiDevice(10335): Searching for node with selector: BySelector [RES='\Qtech.gtt.frontapp.stb.demo:id/account_login_tv2\E'].
06-15 22:16:06.180 W/QueryController(10335): Could not detect idle state.
06-15 22:16:06.200 D/AudioFlinger( 1780): mixer(0x7476fcea3a60) throttle end: throttle time(284)
06-15 22:16:06.287 D/UiDevice(10335): Searching for node with selector: BySelector [RES='\Qtech.gtt.frontapp.stb.demo:id/account_login_tv2\E'].
06-15 22:16:06.289 W/QueryController(10335): Could not detect idle state.
06-15 22:16:06.401 D/UiDevice(10335): Searching for node with selector: BySelector [RES='\Qtech.gtt.frontapp.stb.demo:id/account_login_tv2\E'].
06-15 22:16:06.405 W/QueryController(10335): Could not detect idle state.
06-15 22:16:06.421 D/gralloc_nox( 1771): gralloc_alloc: Creating ashmem region of size 589824
06-15 22:16:06.521 D/UiDevice(10335): Searching for node with selector: BySelector [RES='\Qtech.gtt.frontapp.stb.demo:id/account_login_tv2\E'].
06-15 22:16:06.531 W/QueryController(10335): Could not detect idle state.
06-15 22:16:06.649 D/UiDevice(10335): Searching for node with selector: BySelector [RES='\Qtech.gtt.frontapp.stb.demo:id/account_login_tv2\E'].
06-15 22:16:06.651 W/QueryController(10335): Could not detect idle state.
06-15 22:16:06.777 D/UiDevice(10335): Searching for node with selector: BySelector [RES='\Qtech.gtt.frontapp.stb.demo:id/account_login_tv2\E'].
06-15 22:16:06.777 W/QueryController(10335): Could not detect idle state.
06-15 22:16:06.884 D/UiDevice(10335): Searching for node with selector: BySelector [RES='\Qtech.gtt.frontapp.stb.demo:id/account_login_tv2\E'].
06-15 22:16:06.885 W/QueryController(10335): Could not detect idle state.
06-15 22:16:06.992 D/UiDevice(10335): Searching for node with selector: BySelector [RES='\Qtech.gtt.frontapp.stb.demo:id/account_login_tv2\E'].
06-15 22:16:06.992 W/QueryController(10335): Could not detect idle state.
06-15 22:16:07.099 D/UiDevice(10335): Searching for node with selector: BySelector [RES='\Qtech.gtt.frontapp.stb.demo:id/account_login_tv2\E'].
06-15 22:16:07.099 W/QueryController(10335): Could not detect idle state.
06-15 22:16:07.202 D/UiDevice(10335): Searching for node with selector: BySelector [RES='\Qtech.gtt.frontapp.stb.demo:id/account_login_tv2\E'].
06-15 22:16:07.202 W/QueryController(10335): Could not detect idle state.
06-15 22:16:07.304 D/UiDevice(10335): Searching for node with selector: BySelector [RES='\Qtech.gtt.frontapp.stb.demo:id/account_login_tv2\E'].
06-15 22:16:07.305 W/QueryController(10335): Could not detect idle state.
06-15 22:16:07.409 D/UiDevice(10335): Searching for node with selector: BySelector [RES='\Qtech.gtt.frontapp.stb.demo:id/account_login_tv2\E'].
06-15 22:16:07.409 W/QueryController(10335): Could not detect idle state.
06-15 22:16:07.513 D/UiDevice(10335): Searching for node with selector: BySelector [RES='\Qtech.gtt.frontapp.stb.demo:id/account_login_tv2\E'].
06-15 22:16:07.514 W/QueryController(10335): Could not detect idle state.
06-15 22:16:07.618 D/UiDevice(10335): Searching for node with selector: BySelector [RES='\Qtech.gtt.frontapp.stb.demo:id/account_login_tv2\E'].
06-15 22:16:07.620 W/QueryController(10335): Could not detect idle state.
06-15 22:16:07.725 D/UiDevice(10335): Searching for node with selector: BySelector [RES='\Qtech.gtt.frontapp.stb.demo:id/account_login_tv2\E'].
06-15 22:16:07.727 W/QueryController(10335): Could not detect idle state.
06-15 22:16:07.843 D/UiDevice(10335): Searching for node with selector: BySelector [RES='\Qtech.gtt.frontapp.stb.demo:id/account_login_tv2\E'].
06-15 22:16:07.846 W/QueryController(10335): Could not detect idle state.
06-15 22:16:07.931 I/keystore2( 1708): keystore2::watchdog: Watchdog thread idle -> terminating. Have a great day.
06-15 22:16:07.956 D/UiDevice(10335): Searching for node with selector: BySelector [RES='\Qtech.gtt.frontapp.stb.demo:id/account_login_tv2\E'].
06-15 22:16:07.958 W/QueryController(10335): Could not detect idle state.
06-15 22:16:08.063 D/UiDevice(10335): Searching for node with selector: BySelector [RES='\Qtech.gtt.frontapp.stb.demo:id/account_login_tv2\E'].
06-15 22:16:08.065 W/QueryController(10335): Could not detect idle state.
06-15 22:16:08.193 D/UiDevice(10335): Searching for node with selector: BySelector [RES='\Qtech.gtt.frontapp.stb.demo:id/account_login_tv2\E'].
06-15 22:16:08.205 W/QueryController(10335): Could not detect idle state.
06-15 22:16:08.337 D/UiDevice(10335): Searching for node with selector: BySelector [RES='\Qtech.gtt.frontapp.stb.demo:id/account_login_tv2\E'].
06-15 22:16:08.339 W/QueryController(10335): Could not detect idle state.
06-15 22:16:08.465 D/UiDevice(10335): Searching for node with selector: BySelector [RES='\Qtech.gtt.frontapp.stb.demo:id/account_login_tv2\E'].
06-15 22:16:08.466 W/QueryController(10335): Could not detect idle state.
06-15 22:16:08.588 D/UiDevice(10335): Searching for node with selector: BySelector [RES='\Qtech.gtt.frontapp.stb.demo:id/account_login_tv2\E'].
06-15 22:16:08.589 W/QueryController(10335): Could not detect idle state.
06-15 22:16:08.642 E/TaskPersister( 1965): File error accessing recents directory (directory doesn't exist?).
06-15 22:16:08.693 D/UiDevice(10335): Searching for node with selector: BySelector [RES='\Qtech.gtt.frontapp.stb.demo:id/account_login_tv2\E'].
06-15 22:16:08.696 W/QueryController(10335): Could not detect idle state.
06-15 22:16:08.808 D/UiDevice(10335): Searching for node with selector: BySelector [RES='\Qtech.gtt.frontapp.stb.demo:id/account_login_tv2\E'].
06-15 22:16:08.808 W/QueryController(10335): Could not detect idle state.
06-15 22:16:08.912 D/UiDevice(10335): Searching for node with selector: BySelector [RES='\Qtech.gtt.frontapp.stb.demo:id/account_login_tv2\E'].
06-15 22:16:08.912 W/QueryController(10335): Could not detect idle state.
06-15 22:16:09.016 D/UiDevice(10335): Searching for node with selector: BySelector [RES='\Qtech.gtt.frontapp.stb.demo:id/account_login_tv2\E'].
06-15 22:16:09.017 W/QueryController(10335): Could not detect idle state.
06-15 22:16:09.120 D/UiDevice(10335): Searching for node with selector: BySelector [RES='\Qtech.gtt.frontapp.stb.demo:id/account_login_tv2\E'].
06-15 22:16:09.120 W/QueryController(10335): Could not detect idle state.
06-15 22:16:09.223 D/UiDevice(10335): Searching for node with selector: BySelector [RES='\Qtech.gtt.frontapp.stb.demo:id/account_login_tv2\E'].
06-15 22:16:09.224 W/QueryController(10335): Could not detect idle state.
06-15 22:16:09.342 D/UiDevice(10335): Searching for node with selector: BySelector [RES='\Qtech.gtt.frontapp.stb.demo:id/account_login_tv2\E'].
06-15 22:16:09.343 W/QueryController(10335): Could not detect idle state.
06-15 22:16:09.448 D/UiDevice(10335): Searching for node with selector: BySelector [RES='\Qtech.gtt.frontapp.stb.demo:id/account_login_tv2\E'].
06-15 22:16:09.450 W/QueryController(10335): Could not detect idle state.
06-15 22:16:09.553 D/UiDevice(10335): Searching for node with selector: BySelector [RES='\Qtech.gtt.frontapp.stb.demo:id/account_login_tv2\E'].
06-15 22:16:09.554 W/QueryController(10335): Could not detect idle state.
06-15 22:16:09.657 D/UiDevice(10335): Searching for node with selector: BySelector [RES='\Qtech.gtt.frontapp.stb.demo:id/account_login_tv2\E'].
06-15 22:16:09.657 W/QueryController(10335): Could not detect idle state.
06-15 22:16:09.761 D/UiDevice(10335): Searching for node with selector: BySelector [RES='\Qtech.gtt.frontapp.stb.demo:id/account_login_tv2\E'].
06-15 22:16:09.761 W/QueryController(10335): Could not detect idle state.
06-15 22:16:09.865 D/UiDevice(10335): Searching for node with selector: BySelector [RES='\Qtech.gtt.frontapp.stb.demo:id/account_login_tv2\E'].
06-15 22:16:09.868 D/AudioTrack( 1870): stop(16): called with 200704 frames delivered
06-15 22:16:09.870 W/QueryController(10335): Could not detect idle state.
06-15 22:16:09.979 D/UiDevice(10335): Searching for node with selector: BySelector [RES='\Qtech.gtt.frontapp.stb.demo:id/account_login_tv2\E'].
06-15 22:16:09.981 W/QueryController(10335): Could not detect idle state.
06-15 22:16:10.085 D/UiDevice(10335): Searching for node with selector: BySelector [RES='\Qtech.gtt.frontapp.stb.demo:id/account_login_tv2\E'].
06-15 22:16:10.086 W/QueryController(10335): Could not detect idle state.
06-15 22:16:10.195 D/UiDevice(10335): Searching for node with selector: BySelector [RES='\Qtech.gtt.frontapp.stb.demo:id/account_login_tv2\E'].
06-15 22:16:10.196 W/QueryController(10335): Could not detect idle state.
06-15 22:16:10.197 D/NuPlayerDriver( 1870): stop(0xf09c1cc0)
06-15 22:16:10.197 V/MediaPlayer(10389): resetDrmState:  mDrmInfo=null mDrmProvisioningThread=null mPrepareDrmInProgress=false mActiveDrmScheme=false
06-15 22:16:10.197 V/MediaPlayer(10389): cleanDrmObj: mDrmObj=null mDrmSessionId=null
06-15 22:16:10.197 D/NuPlayerDriver( 1870): reset(0xf09c1cc0) at state 8
06-15 22:16:10.203 D/SurfaceUtils( 1870): disconnecting from surface 0xeb5c4ba8, reason disconnectFromSurface
06-15 22:16:10.204 D/SurfaceUtils( 1870): connecting to surface 0xeb5c4ba8, reason onShutdown
06-15 22:16:10.206 D/NuPlayerDriver( 1870): notifyResetComplete(0xf09c1cc0)
06-15 22:16:10.206 D/SurfaceUtils( 1870): disconnecting from surface 0xeb5c3278, reason disconnectNativeWindow
06-15 22:16:10.206 W/AMessage( 1870): failed to post message as target looper for handler 0 is gone.
06-15 22:16:10.207 I/MediaFocusControl( 1965): abandonAudioFocus() from uid/pid 10058/10389 clientId=android.media.AudioManager@55a729e
06-15 22:16:10.209 I/ActivityTaskManager( 1965): START u0 {cmp=tech.gtt.frontapp.stb.demo/tech.gtt.frontapp.stb.m.account.activity.LoginMethodSwitchActivity (has extras)} from uid 10058
06-15 22:16:10.210 D/CompatibilityChangeReporter( 1965): Compat change id reported: 174042980; UID 10058; state: DISABLED
06-15 22:16:10.210 D/CompatibilityChangeReporter( 1965): Compat change id reported: 184838306; UID 10058; state: DISABLED
06-15 22:16:10.210 D/CompatibilityChangeReporter( 1965): Compat change id reported: 185004937; UID 10058; state: DISABLED
06-15 22:16:10.210 D/CompatibilityChangeReporter( 1965): Compat change id reported: 181136395; UID 10058; state: DISABLED
06-15 22:16:10.211 D/CompatibilityChangeReporter( 1965): Compat change id reported: 174042936; UID 10058; state: DISABLED
06-15 22:16:10.212 D/CompatibilityChangeReporter( 1965): Compat change id reported: 197654537; UID 10058; state: ENABLED
06-15 22:16:10.216 D/CompatibilityChangeReporter( 1965): Compat change id reported: 168419799; UID 10058; state: DISABLED
06-15 22:16:10.226 I/MediaFocusControl( 1965): abandonAudioFocus() from uid/pid 10058/10389 clientId=android.media.AudioManager@55a729e
06-15 22:16:10.226 W/MediaPlayer(10389): mediaplayer went away with unhandled events
06-15 22:16:10.233 W/MediaPlayer(10389): mediaplayer went away with unhandled events
06-15 22:16:10.239 W/ActivityTaskManager( 1965): Tried to set launchTime (0) < mLastActivityLaunchTime (4555981)
06-15 22:16:10.257 D/AndroidAutoSize(10389): tech.gtt.frontapp.stb.m.account.activity.LoginMethodSwitchActivity used the global configuration.
06-15 22:16:10.258 D/AndroidAutoSize(10389): The tech.gtt.frontapp.stb.m.account.activity.LoginMethodSwitchActivity has been adapted! 
06-15 22:16:10.258 D/AndroidAutoSize(10389): LoginMethodSwitchActivity Info: isBaseOnWidth = true, designWidthInDp = 1920.000000, designWidthInSubunits = 1920.000000, targetDensity = 1.000000, targetScaledDensity = 1.000000, targetDensityDpi = 160, targetXdpi = 1.000000, targetScreenWidthDp = 1920, targetScreenHeightDp = 1032
06-15 22:16:10.295 D/AndroidAutoSize(10389): tech.gtt.frontapp.stb.m.account.activity.LoginMethodSwitchActivity used the global configuration.
06-15 22:16:10.296 D/AndroidAutoSize(10389): The tech.gtt.frontapp.stb.m.account.activity.LoginMethodSwitchActivity has been adapted! 
06-15 22:16:10.296 D/AndroidAutoSize(10389): LoginMethodSwitchActivity Info: isBaseOnWidth = true, designWidthInDp = 1920.000000, designWidthInSubunits = 1920.000000, targetDensity = 1.000000, targetScaledDensity = 1.000000, targetDensityDpi = 160, targetXdpi = 1.000000, targetScreenWidthDp = 1920, targetScreenHeightDp = 1032
06-15 22:16:10.309 D/gralloc_nox( 1771): gralloc_alloc: Creating ashmem region of size 8298496
06-15 22:16:10.346 D/UiDevice(10335): Searching for node with selector: BySelector [RES='\Qtech.gtt.frontapp.stb.demo:id/account_login_tv2\E'].
06-15 22:16:10.347 W/QueryController(10335): Could not detect idle state.
06-15 22:16:10.356 D/gralloc_nox( 1771): gralloc_alloc: Creating ashmem region of size 8298496
06-15 22:16:10.356 D/ProcessState(10787): Binder ioctl to enable oneway spam detection failed: Invalid argument
06-15 22:16:10.406 D/gralloc_nox( 1771): gralloc_alloc: Creating ashmem region of size 8298496
06-15 22:16:10.473 E/libEGL  (10389): called unimplemented OpenGL ES API
06-15 22:16:10.510 I/ActivityTaskManager( 1965): Displayed tech.gtt.frontapp.stb.demo/tech.gtt.frontapp.stb.m.account.activity.LoginMethodSwitchActivity: +300ms
06-15 22:16:10.647 D/UiDevice(10335): Searching for node with selector: BySelector [RES='\Qtech.gtt.frontapp.stb.demo:id/account_login_tv2\E'].
06-15 22:16:10.649 W/QueryController(10335): Could not detect idle state.
06-15 22:16:10.705 D/UIAutomatorStub(10335): URI: /jsonrpc/0, Method: POST, params, {NanoHttpd.QUERY_STRING=null}, files: {postData={"jsonrpc": "2.0", "id": 1, "method": "objInfo", "params": [{"mask": 2097152, "childOrSibling": [], "childOrSiblingSelector": [], "resourceId": "tech.gtt.frontapp.stb.demo:id/account_login_tv2"}]}}
06-15 22:16:10.707 D/UiDevice(10335): Retrieving node with selector: BySelector [RES='\Qtech.gtt.frontapp.stb.demo:id/account_login_tv2\E'].
06-15 22:16:10.707 W/QueryController(10335): Could not detect idle state.
06-15 22:16:10.760 W/InputManager-JNI( 1965): Input channel object 'fa59662 tech.gtt.frontapp.stb.demo/tech.gtt.frontapp.stb.m.home.activity.LoadingActivity (client)' was disposed without first being removed with the input manager!
06-15 22:16:10.772 W/QueryController(10335): Could not detect idle state.
06-15 22:16:10.774 W/QueryController(10335): Could not detect idle state.
06-15 22:16:10.775 W/QueryController(10335): Could not detect idle state.
06-15 22:16:10.780 W/QueryController(10335): Could not detect idle state.
06-15 22:16:10.784 W/QueryController(10335): Could not detect idle state.
06-15 22:16:10.786 W/QueryController(10335): Could not detect idle state.
06-15 22:16:10.787 W/QueryController(10335): Could not detect idle state.
06-15 22:16:10.790 W/QueryController(10335): Could not detect idle state.
06-15 22:16:10.794 W/QueryController(10335): Could not detect idle state.
06-15 22:16:10.796 W/QueryController(10335): Could not detect idle state.
06-15 22:16:10.800 W/QueryController(10335): Could not detect idle state.
06-15 22:16:10.801 W/QueryController(10335): Could not detect idle state.
06-15 22:16:10.803 W/QueryController(10335): Could not detect idle state.
06-15 22:16:10.804 W/QueryController(10335): Could not detect idle state.
06-15 22:16:10.808 W/QueryController(10335): Could not detect idle state.
06-15 22:16:10.809 W/QueryController(10335): Could not detect idle state.
06-15 22:16:10.810 W/QueryController(10335): Could not detect idle state.
06-15 22:16:10.820 D/UIAutomatorStub(10335): URI: /jsonrpc/0, Method: POST, params, {NanoHttpd.QUERY_STRING=null}, files: {postData={"jsonrpc": "2.0", "id": 1, "method": "click", "params": [1390.0, 559.0]}}
06-15 22:16:10.942 I/ActivityTaskManager( 1965): START u0 {cmp=tech.gtt.frontapp.stb.demo/tech.gtt.frontapp.stb.m.account.activity.LoginActivity} from uid 10058
06-15 22:16:10.949 W/ActivityTaskManager( 1965): Tried to set launchTime (0) < mLastActivityLaunchTime (4561064)
06-15 22:16:10.956 D/AndroidAutoSize(10389): tech.gtt.frontapp.stb.m.account.activity.LoginActivity used the global configuration.
06-15 22:16:10.956 D/AndroidAutoSize(10389): The tech.gtt.frontapp.stb.m.account.activity.LoginActivity has been adapted! 
06-15 22:16:10.956 D/AndroidAutoSize(10389): LoginActivity Info: isBaseOnWidth = true, designWidthInDp = 1920.000000, designWidthInSubunits = 1920.000000, targetDensity = 1.000000, targetScaledDensity = 1.000000, targetDensityDpi = 160, targetXdpi = 1.000000, targetScreenWidthDp = 1920, targetScreenHeightDp = 1032
06-15 22:16:10.966 D/UIAutomatorStub(10335): URI: /jsonrpc/0, Method: POST, params, {NanoHttpd.QUERY_STRING=null}, files: {postData={"jsonrpc": "2.0", "id": 1, "method": "waitForExists", "params": [{"mask": 2097152, "childOrSibling": [], "childOrSiblingSelector": [], "resourceId": "tech.gtt.frontapp.stb.demo:id/loginf_et_username"}, 20000]}}
06-15 22:16:10.969 D/UiDevice(10335): Waiting 20000ms for SearchCondition[hasObject=BySelector [RES='\Qtech.gtt.frontapp.stb.demo:id/loginf_et_username\E']].
06-15 22:16:10.969 D/UiDevice(10335): Searching for node with selector: BySelector [RES='\Qtech.gtt.frontapp.stb.demo:id/loginf_et_username\E'].
06-15 22:16:10.971 W/QueryController(10335): Could not detect idle state.
06-15 22:16:11.049 D/AndroidAutoSize(10389): tech.gtt.frontapp.stb.m.account.activity.LoginActivity used the global configuration.
06-15 22:16:11.049 D/AndroidAutoSize(10389): The tech.gtt.frontapp.stb.m.account.activity.LoginActivity has been adapted! 
06-15 22:16:11.049 D/AndroidAutoSize(10389): LoginActivity Info: isBaseOnWidth = true, designWidthInDp = 1920.000000, designWidthInSubunits = 1920.000000, targetDensity = 1.000000, targetScaledDensity = 1.000000, targetDensityDpi = 160, targetXdpi = 1.000000, targetScreenWidthDp = 1920, targetScreenHeightDp = 1032
06-15 22:16:11.054 W/WindowManager( 1965): Failed looking up window session=Session{6e3f1fc 10389:u0a10058} callers=com.android.server.wm.WindowManagerService.windowForClientLocked:5850 com.android.server.wm.Session.updateRequestedVisibilities:640 android.view.IWindowSession$Stub.onTransact:1175 
06-15 22:16:11.080 D/gralloc_nox( 1771): gralloc_alloc: Creating ashmem region of size 8298496
06-15 22:16:11.100 D/gralloc_nox( 1771): gralloc_alloc: Creating ashmem region of size 8298496
06-15 22:16:11.124 D/gralloc_nox( 1771): gralloc_alloc: Creating ashmem region of size 8298496
06-15 22:16:11.130 D/ProcessState(10801): Binder ioctl to enable oneway spam detection failed: Invalid argument
06-15 22:16:11.164 D/UiDevice(10335): Searching for node with selector: BySelector [RES='\Qtech.gtt.frontapp.stb.demo:id/loginf_et_username\E'].
06-15 22:16:11.165 W/QueryController(10335): Could not detect idle state.
06-15 22:16:11.252 I/ActivityTaskManager( 1965): Displayed tech.gtt.frontapp.stb.demo/tech.gtt.frontapp.stb.m.account.activity.LoginActivity: +299ms
06-15 22:16:11.358 D/UIAutomatorStub(10335): URI: /jsonrpc/0, Method: POST, params, {NanoHttpd.QUERY_STRING=null}, files: {postData={"jsonrpc": "2.0", "id": 1, "method": "objInfo", "params": [{"mask": 2097152, "childOrSibling": [], "childOrSiblingSelector": [], "resourceId": "tech.gtt.frontapp.stb.demo:id/loginf_et_username"}]}}
06-15 22:16:11.366 D/UiDevice(10335): Retrieving node with selector: BySelector [RES='\Qtech.gtt.frontapp.stb.demo:id/loginf_et_username\E'].
06-15 22:16:11.367 W/QueryController(10335): Could not detect idle state.
06-15 22:16:11.374 W/QueryController(10335): Could not detect idle state.
06-15 22:16:11.379 W/QueryController(10335): Could not detect idle state.
06-15 22:16:11.384 W/QueryController(10335): Could not detect idle state.
06-15 22:16:11.390 W/QueryController(10335): Could not detect idle state.
06-15 22:16:11.396 W/QueryController(10335): Could not detect idle state.
06-15 22:16:11.399 W/QueryController(10335): Could not detect idle state.
06-15 22:16:11.401 W/QueryController(10335): Could not detect idle state.
06-15 22:16:11.406 W/QueryController(10335): Could not detect idle state.
06-15 22:16:11.409 W/QueryController(10335): Could not detect idle state.
06-15 22:16:11.410 W/QueryController(10335): Could not detect idle state.
06-15 22:16:11.414 W/QueryController(10335): Could not detect idle state.
06-15 22:16:11.419 W/QueryController(10335): Could not detect idle state.
06-15 22:16:11.421 W/QueryController(10335): Could not detect idle state.
06-15 22:16:11.422 W/QueryController(10335): Could not detect idle state.
06-15 22:16:11.423 W/QueryController(10335): Could not detect idle state.
06-15 22:16:11.423 W/QueryController(10335): Could not detect idle state.
06-15 22:16:11.424 W/QueryController(10335): Could not detect idle state.
06-15 22:16:11.434 D/UIAutomatorStub(10335): URI: /jsonrpc/0, Method: POST, params, {NanoHttpd.QUERY_STRING=null}, files: {postData={"jsonrpc": "2.0", "id": 1, "method": "click", "params": [1057.0, 437.0]}}
06-15 22:16:11.513 W/SurfaceFlinger( 1783): couldn't log to binary event log: overflow.
06-15 22:16:11.622 D/CompatibilityChangeReporter(10389): Compat change id reported: 163400105; UID 10058; state: ENABLED
06-15 22:16:11.623 D/InputMethodManager(10389): showSoftInput() view=tech.gtt.frontapp.stb.c.ui.edittext.EmailAutoCompleteTextView{3872a8e VFED..CL. .F.P..ID 0,0-700,92 #7f0b02ce app:id/loginf_et_username aid=1073741824} flags=0 reason=SHOW_SOFT_INPUT
06-15 22:16:11.623 V/InputMethodService( 2965): onEvaluateInputViewShown: config.hardKeyboardHidden = 2
06-15 22:16:11.623 V/InputMethodService( 2965): onEvaluateInputViewShown: config.hardKeyboardHidden = 2
06-15 22:16:11.623 I/AdbKeyboard( 2965): imeAction: 5 Next
06-15 22:16:11.633 D/gralloc_nox( 1771): gralloc_alloc: Creating ashmem region of size 647168
06-15 22:16:11.655 D/gralloc_nox( 1771): gralloc_alloc: Creating ashmem region of size 647168
06-15 22:16:11.661 D/gralloc_nox( 1771): gralloc_alloc: Creating ashmem region of size 647168
06-15 22:16:11.672 D/ProcessState(10810): Binder ioctl to enable oneway spam detection failed: Invalid argument
06-15 22:16:11.673 D/UIAutomatorStub(10335): URI: /jsonrpc/0, Method: POST, params, {NanoHttpd.QUERY_STRING=null}, files: {postData={"jsonrpc": "2.0", "id": 1, "method": "waitForExists", "params": [{"mask": 2097152, "childOrSibling": [], "childOrSiblingSelector": [], "resourceId": "tech.gtt.frontapp.stb.demo:id/loginf_et_username"}, 20000]}}
06-15 22:16:11.677 D/InsetsController(10389): show(ime(), fromIme=true)
06-15 22:16:11.684 D/UiDevice(10335): Waiting 20000ms for SearchCondition[hasObject=BySelector [RES='\Qtech.gtt.frontapp.stb.demo:id/loginf_et_username\E']].
06-15 22:16:11.684 D/UiDevice(10335): Searching for node with selector: BySelector [RES='\Qtech.gtt.frontapp.stb.demo:id/loginf_et_username\E'].
06-15 22:16:11.688 W/QueryController(10335): Could not detect idle state.
06-15 22:16:11.733 D/UIAutomatorStub(10335): URI: /jsonrpc/0, Method: POST, params, {NanoHttpd.QUERY_STRING=null}, files: {postData={"jsonrpc": "2.0", "id": 1, "method": "setText", "params": [{"mask": 2097152, "childOrSibling": [], "childOrSiblingSelector": [], "resourceId": "tech.gtt.frontapp.stb.demo:id/loginf_et_username"}, "0609@ipwangxin.cn"]}}
06-15 22:16:11.735 D/UiDevice(10335): Retrieving node with selector: BySelector [RES='\Qtech.gtt.frontapp.stb.demo:id/loginf_et_username\E'].
06-15 22:16:11.735 W/QueryController(10335): Could not detect idle state.
06-15 22:16:11.741 W/QueryController(10335): Could not detect idle state.
06-15 22:16:11.757 D/UiObject2(10335): Clicking on (1057, 437).
06-15 22:16:11.774 D/InputMethodManager(10389): showSoftInput() view=tech.gtt.frontapp.stb.c.ui.edittext.EmailAutoCompleteTextView{3872a8e VFED..CL. .F.P.... 0,0-700,92 #7f0b02ce app:id/loginf_et_username aid=1073741824} flags=0 reason=SHOW_SOFT_INPUT
06-15 22:16:11.775 V/InputMethodService( 2965): onEvaluateInputViewShown: config.hardKeyboardHidden = 2
06-15 22:16:11.775 V/InputMethodService( 2965): onEvaluateInputViewShown: config.hardKeyboardHidden = 2
06-15 22:16:11.776 D/InsetsController(10389): show(ime(), fromIme=true)
06-15 22:16:11.797 W/GestureController(10335): Gestures took longer than expected (40ms >> 16ms), device might be in a busy state.
06-15 22:16:11.799 D/UiDevice(10335): Retrieving node with selector: BySelector [RES='\Qtech.gtt.frontapp.stb.demo:id/loginf_et_username\E'].
06-15 22:16:11.800 W/QueryController(10335): Could not detect idle state.
06-15 22:16:11.808 W/QueryController(10335): Could not detect idle state.
06-15 22:16:11.810 D/UiObject2(10335): Setting text to '0609@ipwangxin.cn'.
06-15 22:16:11.824 I/AdbKeyboard( 2965): imeAction: 5 Next
06-15 22:16:11.824 V/InputMethodService( 2965): onEvaluateInputViewShown: config.hardKeyboardHidden = 2
06-15 22:16:11.824 V/InputMethodService( 2965): onEvaluateInputViewShown: config.hardKeyboardHidden = 2
06-15 22:16:11.864 D/InsetsController(10389): show(ime(), fromIme=true)
06-15 22:16:11.882 D/UIAutomatorStub(10335): URI: /jsonrpc/0, Method: POST, params, {NanoHttpd.QUERY_STRING=null}, files: {postData={"jsonrpc": "2.0", "id": 1, "method": "waitForExists", "params": [{"mask": 2097152, "childOrSibling": [], "childOrSiblingSelector": [], "resourceId": "tech.gtt.frontapp.stb.demo:id/et_pwd"}, 20000]}}
06-15 22:16:11.884 D/UiDevice(10335): Waiting 20000ms for SearchCondition[hasObject=BySelector [RES='\Qtech.gtt.frontapp.stb.demo:id/et_pwd\E']].
06-15 22:16:11.885 D/UiDevice(10335): Searching for node with selector: BySelector [RES='\Qtech.gtt.frontapp.stb.demo:id/et_pwd\E'].
06-15 22:16:11.889 W/QueryController(10335): Could not detect idle state.
06-15 22:16:11.923 D/UIAutomatorStub(10335): URI: /jsonrpc/0, Method: POST, params, {NanoHttpd.QUERY_STRING=null}, files: {postData={"jsonrpc": "2.0", "id": 1, "method": "objInfo", "params": [{"mask": 2097152, "childOrSibling": [], "childOrSiblingSelector": [], "resourceId": "tech.gtt.frontapp.stb.demo:id/et_pwd"}]}}
06-15 22:16:11.925 D/UiDevice(10335): Retrieving node with selector: BySelector [RES='\Qtech.gtt.frontapp.stb.demo:id/et_pwd\E'].
06-15 22:16:11.925 W/QueryController(10335): Could not detect idle state.
06-15 22:16:11.930 W/QueryController(10335): Could not detect idle state.
06-15 22:16:11.931 W/QueryController(10335): Could not detect idle state.
06-15 22:16:11.932 W/QueryController(10335): Could not detect idle state.
06-15 22:16:11.933 W/QueryController(10335): Could not detect idle state.
06-15 22:16:11.934 W/QueryController(10335): Could not detect idle state.
06-15 22:16:11.934 W/QueryController(10335): Could not detect idle state.
06-15 22:16:11.935 W/QueryController(10335): Could not detect idle state.
06-15 22:16:11.936 W/QueryController(10335): Could not detect idle state.
06-15 22:16:11.937 W/QueryController(10335): Could not detect idle state.
06-15 22:16:11.938 W/QueryController(10335): Could not detect idle state.
06-15 22:16:11.938 W/QueryController(10335): Could not detect idle state.
06-15 22:16:11.939 W/QueryController(10335): Could not detect idle state.
06-15 22:16:11.940 W/QueryController(10335): Could not detect idle state.
06-15 22:16:11.941 W/QueryController(10335): Could not detect idle state.
06-15 22:16:11.941 W/QueryController(10335): Could not detect idle state.
06-15 22:16:11.942 W/QueryController(10335): Could not detect idle state.
06-15 22:16:11.943 W/QueryController(10335): Could not detect idle state.
06-15 22:16:11.952 D/UIAutomatorStub(10335): URI: /jsonrpc/0, Method: POST, params, {NanoHttpd.QUERY_STRING=null}, files: {postData={"jsonrpc": "2.0", "id": 1, "method": "click", "params": [1057.0, 559.0]}}
06-15 22:16:11.964 W/NotificationHistory( 1965): Attempted to add notif for locked/gone/disabled user 0
06-15 22:16:11.970 D/InterruptionStateProvider( 2130): No bubble up: not allowed to bubble: -1|android|8|null|1000
06-15 22:16:11.971 D/InterruptionStateProvider( 2130): No heads up: unimportant notification: -1|android|8|null|1000
06-15 22:16:11.971 D/PeopleSpaceWidgetMgr( 2130): Sbn doesn't contain valid PeopleTileKey: null/-1/android
06-15 22:16:12.020 D/InterruptionStateProvider( 2130): No bubble up: not allowed to bubble: -1|android|8|null|1000
06-15 22:16:12.022 D/InterruptionStateProvider( 2130): No heads up: unimportant notification: -1|android|8|null|1000
06-15 22:16:12.031 D/PeopleSpaceWidgetMgr( 2130): Sbn doesn't contain valid PeopleTileKey: null/-1/android
06-15 22:16:12.039 D/InterruptionStateProvider( 2130): No bubble up: not allowed to bubble: -1|android|8|null|1000
06-15 22:16:12.040 D/InterruptionStateProvider( 2130): No heads up: unimportant notification: -1|android|8|null|1000
06-15 22:16:12.043 D/PeopleSpaceWidgetMgr( 2130): Sbn doesn't contain valid PeopleTileKey: null/-1/android
06-15 22:16:12.072 I/AdbKeyboard( 2965): imeAction: 5 Next
06-15 22:16:12.073 D/InputMethodManager(10389): showSoftInput() view=tech.gtt.frontapp.stb.c.ui.edittext.NormalFocusEditText{c15c2a8 VFED..CL. .F.P..ID 0,0-700,92 #7f0b0172 app:id/et_pwd aid=1073741826} flags=0 reason=SHOW_SOFT_INPUT
06-15 22:16:12.073 V/InputMethodService( 2965): onEvaluateInputViewShown: config.hardKeyboardHidden = 2
06-15 22:16:12.073 V/InputMethodService( 2965): onEvaluateInputViewShown: config.hardKeyboardHidden = 2
06-15 22:16:12.073 V/InputMethodService( 2965): onEvaluateInputViewShown: config.hardKeyboardHidden = 2
06-15 22:16:12.073 V/InputMethodService( 2965): onEvaluateInputViewShown: config.hardKeyboardHidden = 2
06-15 22:16:12.087 D/InsetsController(10389): show(ime(), fromIme=true)
