--------- beginning of main
06-15 22:15:57.419 D/ProcessState(10361): Binder ioctl to enable oneway spam detection failed: Invalid argument
--------- beginning of system
06-15 22:15:57.421 I/ActivityManager( 1965): Force stopping tech.gtt.frontapp.stb.demo appid=10058 user=0: clear data
06-15 22:15:57.426 I/ActivityManager( 1965): Force stopping tech.gtt.frontapp.stb.demo appid=10058 user=-1: clearApplicationUserData
06-15 22:15:57.451 I/MediaProvider( 2579): Begin Intent { act=android.intent.action.PACKAGE_DATA_CLEARED dat=package:tech.gtt.frontapp.stb.demo flg=0x1000010 cmp=com.android.providers.media.module/com.android.providers.media.MediaService (has extras) }
06-15 22:15:57.452 D/MediaProvider( 2579): Deleted 0 Android/media items belonging to tech.gtt.frontapp.stb.demo on /data/user/0/com.android.providers.media.module/databases/external.db
06-15 22:15:57.452 I/MediaProvider( 2579): End Intent { act=android.intent.action.PACKAGE_DATA_CLEARED dat=package:tech.gtt.frontapp.stb.demo flg=0x1000010 cmp=com.android.providers.media.module/com.android.providers.media.MediaService (has extras) }
06-15 22:15:57.510 D/AndroidRuntime(10375): >>>>>> START com.android.internal.os.RuntimeInit uid 0 <<<<<<
06-15 22:15:57.513 I/AndroidRuntime(10375): Using default boot image
06-15 22:15:57.513 I/AndroidRuntime(10375): Leaving lock profiling enabled
06-15 22:15:57.514 W/app_process(10375): ART APEX data files are untrusted.
06-15 22:15:57.514 I/app_process(10375): Core platform API reporting enabled, enforcing=false
06-15 22:15:57.556 D/app_process(10375): Time zone APEX ICU file found: /apex/com.android.tzdata/etc/icu/icu_tzdata.dat
06-15 22:15:57.556 D/app_process(10375): I18n APEX ICU file found: /apex/com.android.i18n/etc/icu/icudt68l.dat
06-15 22:15:57.564 W/app_process(10375): Unexpected CPU variant for X86 using defaults: x86_64
06-15 22:15:57.578 D/ProcessState(10375): Binder ioctl to enable oneway spam detection failed: Invalid argument
06-15 22:15:57.578 D/AndroidRuntime(10375): Calling main entry com.android.commands.monkey.Monkey
06-15 22:15:57.579 W/Monkey  (10375): args: [-p, tech.gtt.frontapp.stb.demo, -c, android.intent.category.LAUNCHER, 1]
06-15 22:15:57.580 W/Monkey  (10375):  arg: "-p"
06-15 22:15:57.580 W/Monkey  (10375):  arg: "tech.gtt.frontapp.stb.demo"
06-15 22:15:57.580 W/Monkey  (10375):  arg: "-c"
06-15 22:15:57.580 W/Monkey  (10375):  arg: "android.intent.category.LAUNCHER"
06-15 22:15:57.580 W/Monkey  (10375):  arg: "1"
06-15 22:15:57.581 W/Monkey  (10375): data="tech.gtt.frontapp.stb.demo"
06-15 22:15:57.581 W/Monkey  (10375): data="android.intent.category.LAUNCHER"
06-15 22:15:57.618 W/BroadcastQueue( 1965): Skipping deliver [background] BroadcastRecord{ad6166e u-1 android.net.conn.CONNECTIVITY_CHANGE} to ReceiverList{f11410f 10375 (unknown name)/0/u-1 remote:520a270}: process gone or crashing
06-15 22:15:57.622 I/ActivityTaskManager( 1965): START u0 {act=android.intent.action.MAIN cat=[android.intent.category.LAUNCHER] flg=0x10200000 cmp=tech.gtt.frontapp.stb.demo/tech.gtt.frontapp.stb.m.home.activity.SplashActivity} from uid 0
06-15 22:15:57.624 W/ActivityTaskManager( 1965): Can't find TaskDisplayArea to determine support for multi window. Task id=47 attached=false
06-15 22:15:57.640 I/Monkey  (10375): Events injected: 1
06-15 22:15:57.644 D/CompatibilityChangeReporter( 1965): Compat change id reported: 135634846; UID 10058; state: DISABLED
06-15 22:15:57.645 D/CompatibilityChangeReporter( 1965): Compat change id reported: 143937733; UID 10058; state: ENABLED
06-15 22:15:57.656 I/Monkey  (10375): ## Network stats: elapsed time=28ms (0ms mobile, 0ms wifi, 28ms not connected)
06-15 22:15:57.674 D/gralloc_nox( 1771): gralloc_alloc: Creating ashmem region of size 8298496
06-15 22:15:57.698 I/app_process(10375): System.exit called, status: 0
06-15 22:15:57.698 I/AndroidRuntime(10375): VM exiting with result code 0.
06-15 22:15:57.698 D/Zygote  ( 1754): Forked child process 10389
06-15 22:15:57.701 W/ActivityManager( 1965): Slow operation: 58ms so far, now at startProcess: returned from zygote!
06-15 22:15:57.704 W/ActivityManager( 1965): Slow operation: 61ms so far, now at startProcess: done updating battery stats
06-15 22:15:57.705 W/ActivityManager( 1965): Slow operation: 61ms so far, now at startProcess: building log message
06-15 22:15:57.705 I/ActivityManager( 1965): Start proc 10389:tech.gtt.frontapp.stb.demo/u0a58 for pre-top-activity {tech.gtt.frontapp.stb.demo/tech.gtt.frontapp.stb.m.home.activity.SplashActivity}
06-15 22:15:57.705 W/ActivityManager( 1965): Slow operation: 61ms so far, now at startProcess: starting to update pids map
06-15 22:15:57.705 W/ActivityManager( 1965): Slow operation: 62ms so far, now at startProcess: done updating pids map
06-15 22:15:57.709 I/Zygote  (10389): seccomp disabled by setenforce 0
06-15 22:15:57.720 W/ontapp.stb.dem(10389): Unexpected CPU variant for X86 using defaults: x86_64
06-15 22:15:57.734 D/ProcessState(10389): Binder ioctl to enable oneway spam detection failed: Invalid argument
06-15 22:15:57.741 D/gralloc_nox( 1771): gralloc_alloc: Creating ashmem region of size 8298496
06-15 22:15:57.758 E/ashmem  (10389): memfd: ro.vndk.version not defined or invalid (), this is mandated since P.
06-15 22:15:57.766 D/CompatibilityChangeReporter(10389): Compat change id reported: 171979766; UID 10058; state: ENABLED
06-15 22:15:57.787 D/gralloc_nox( 1771): gralloc_alloc: Creating ashmem region of size 8298496
06-15 22:15:57.840 V/GraphicsEnvironment(10389): ANGLE Developer option for 'tech.gtt.frontapp.stb.demo' set to: 'default'
06-15 22:15:57.841 V/GraphicsEnvironment(10389): ANGLE GameManagerService for tech.gtt.frontapp.stb.demo: false
06-15 22:15:57.841 V/GraphicsEnvironment(10389): Neither updatable production driver nor prerelease driver is supported.
06-15 22:15:57.850 D/NetworkSecurityConfig(10389): Using Network Security Config from resource network_security_config debugBuild: false
06-15 22:15:57.851 D/NetworkSecurityConfig(10389): Using Network Security Config from resource network_security_config debugBuild: false
06-15 22:15:57.856 I/MultiDex(10389): VM with version 2.1.0 has multidex support
06-15 22:15:57.856 I/MultiDex(10389): Installing application
06-15 22:15:57.856 I/MultiDex(10389): VM has multidex support, MultiDex support library is disabled.
06-15 22:15:57.856 E/[Package](10389): params: AppConfiguration(vnoId='11026504', brandId='d0k7d3p3kdikth2o3q6g', appId='d0jucrbq6bt4h33c0ma0', sourceId='30006401-31002837', authServers='https://gtt-app-apigateway-lion.vdemosit.com', shareKey='S2kQMgUSugYyMlk5QclHDaF0uDsFnB0oJoFeAFgsKb8=', packageName='tech.gtt.frontapp.stb.demo', appName='Goose TV', appVersionName='v1.0.0', appVersionCode='7', pluginVersionCode='1', pluginVersionName='6.0.0-beta-build5', packageSeq='1', buglyAppId='d76a04165f', buglyKey='13b89b2d-1c12-4c4f-93b8-46e3c2ef9f73', baseVersionCode='20000066', gitTag='2.1.4-beta6', supportLang='en,pt,es', defaultLang='en', bootLoadType='1')
06-15 22:15:57.856 W/System.err(10389): java.lang.ClassNotFoundException: tech.gtt.frontapp.stb.docker.plugin.PluginUtils
06-15 22:15:57.856 W/System.err(10389): 	at java.lang.Class.classForName(Native Method)
06-15 22:15:57.857 W/System.err(10389): 	at java.lang.Class.forName(Class.java:454)
06-15 22:15:57.857 W/System.err(10389): 	at java.lang.Class.forName(Class.java:379)
06-15 22:15:57.857 W/System.err(10389): 	at ot.e.b(SourceFile:3)
06-15 22:15:57.857 W/System.err(10389): 	at tech.gtt.frontapp.stb.app.MainApplication.attachBaseContext(SourceFile:130)
06-15 22:15:57.857 W/System.err(10389): 	at android.app.Application.attach(Application.java:338)
06-15 22:15:57.857 W/System.err(10389): 	at android.app.Instrumentation.newApplication(Instrumentation.java:1190)
06-15 22:15:57.857 W/System.err(10389): 	at android.app.LoadedApk.makeApplication(LoadedApk.java:1361)
06-15 22:15:57.857 W/System.err(10389): 	at android.app.ActivityThread.handleBindApplication(ActivityThread.java:6728)
06-15 22:15:57.857 W/System.err(10389): 	at android.app.ActivityThread.access$1500(ActivityThread.java:256)
06-15 22:15:57.857 W/System.err(10389): 	at android.app.ActivityThread$H.handleMessage(ActivityThread.java:2091)
06-15 22:15:57.857 W/System.err(10389): 	at android.os.Handler.dispatchMessage(Handler.java:106)
06-15 22:15:57.857 W/System.err(10389): 	at android.os.Looper.loopOnce(Looper.java:201)
06-15 22:15:57.857 W/System.err(10389): 	at android.os.Looper.loop(Looper.java:288)
06-15 22:15:57.857 W/System.err(10389): 	at android.app.ActivityThread.main(ActivityThread.java:7875)
06-15 22:15:57.857 W/System.err(10389): 	at java.lang.reflect.Method.invoke(Native Method)
06-15 22:15:57.857 W/System.err(10389): 	at com.android.internal.os.RuntimeInit$MethodAndArgsCaller.run(RuntimeInit.java:568)
06-15 22:15:57.857 W/System.err(10389): 	at com.android.internal.os.ZygoteInit.main(ZygoteInit.java:1005)
06-15 22:15:57.857 W/System.err(10389): Caused by: java.lang.ClassNotFoundException: tech.gtt.frontapp.stb.docker.plugin.PluginUtils
06-15 22:15:57.857 W/System.err(10389): 	... 18 more
06-15 22:15:57.857 E/[Package](10389): isInPluginMode: false
06-15 22:15:57.859 I/CustomActivityOnCrash(10389): CustomActivityOnCrash has been installed.
06-15 22:15:57.861 I/System.out(10389): Modular_Init : a - initialize
06-15 22:15:57.861 D/[ReplayInitialize](10389): init---
06-15 22:15:57.861 I/System.out(10389): Modular_Init : a - initialize
06-15 22:15:57.869 I/System.out(10389): Modular_Init : d - initialize
06-15 22:15:57.869 I/System.out(10389): Modular_Init : a - initialize
06-15 22:15:57.869 I/System.out(10389): Modular_Init : a - initialize
06-15 22:15:57.870 D/[LiveInitialize](10389): init---
06-15 22:15:57.871 I/System.out(10389): Modular_Init : a - initialize
06-15 22:15:57.871 D/[CatchupInitModule](10389): init---
06-15 22:15:57.871 I/System.out(10389): Modular_Init : b - initialize
06-15 22:15:57.873 D/AndroidAutoSize(10389): designWidthInDp = 1920, designHeightInDp = 1080, screenWidth = 1920, screenHeight = 1080
06-15 22:15:57.873 D/AndroidAutoSize(10389): initDensity = 2.0, initScaledDensity = 2.0
06-15 22:15:57.944 D/AndroidAutoSize(10389): tech.gtt.frontapp.stb.m.home.activity.SplashActivity used the global configuration.
06-15 22:15:57.954 D/AndroidAutoSize(10389): The tech.gtt.frontapp.stb.m.home.activity.SplashActivity has been adapted! 
06-15 22:15:57.954 D/AndroidAutoSize(10389): SplashActivity Info: isBaseOnWidth = true, designWidthInDp = 1920.000000, designWidthInSubunits = 1920.000000, targetDensity = 1.000000, targetScaledDensity = 1.000000, targetDensityDpi = 160, targetXdpi = 1.000000, targetScreenWidthDp = 1920, targetScreenHeightDp = 1032
06-15 22:15:58.026 D/AndroidAutoSize(10389): tech.gtt.frontapp.stb.m.home.activity.SplashActivity used the global configuration.
06-15 22:15:58.026 D/AndroidAutoSize(10389): The tech.gtt.frontapp.stb.m.home.activity.SplashActivity has been adapted! 
06-15 22:15:58.026 D/AndroidAutoSize(10389): SplashActivity Info: isBaseOnWidth = true, designWidthInDp = 1920.000000, designWidthInSubunits = 1920.000000, targetDensity = 1.000000, targetScaledDensity = 1.000000, targetDensityDpi = 160, targetXdpi = 1.000000, targetScreenWidthDp = 1920, targetScreenHeightDp = 1032
06-15 22:15:58.040 I/ActivityTaskManager( 1965): START u0 {act=android.content.pm.action.REQUEST_PERMISSIONS pkg=com.android.permissioncontroller cmp=com.android.permissioncontroller/.permission.ui.GrantPermissionsActivity (has extras)} from uid 10058
06-15 22:15:58.068 D/ontapp.stb.dem(10389): createUnique: call
06-15 22:15:58.079 D/ontapp.stb.dem(10389): HostComposition ext GL_OES_EGL_image GL_OES_EGL_image_external GL_OES_depth24 GL_OES_depth32 GL_OES_element_index_uint GL_OES_texture_float GL_OES_texture_float_linear GL_OES_compressed_paletted_texture GL_OES_compressed_ETC1_RGB8_texture GL_OES_depth_texture GL_EXT_texture_format_BGRA8888 GL_APPLE_texture_format_BGRA8888 GL_OES_texture_half_float GL_EXT_robustness GL_OES_texture_half_float_linear GL_OES_packed_depth_stencil GL_OES_vertex_half_float GL_OES_texture_npot GL_OES_rgb8_rgba8 GL_EXT_color_buffer_float GL_EXT_texture_sRGB_decode ANDROID_gles_max_version_3_1 GL_OES_vertex_array_object GL_EXT_texture_buffer GL_EXT_copy_image GL_KHR_texture_compression_astc_ldr GL_KHR_texture_compression_astc_hdr GL_OES_texture_compression_astc GL_OES_EGL_image_external
06-15 22:15:58.080 D/hw-ProcessState(10389): Binder ioctl to enable oneway spam detection failed: Invalid argument
06-15 22:15:58.081 W/OpenGLRenderer(10389): Failed to initialize 101010-2 format, error = EGL_SUCCESS
06-15 22:15:58.081 D/EGL_emulation(10389): rcCreateContext wated version 2.0  rc:4
06-15 22:15:58.091 D/EGL_emulation(10389): eglMakeCurrent: 0x713a04914710: ver 3 2 (tinfo 0x713984924ff0) (first time)
06-15 22:15:58.095 E/HWComposer( 1783): getSupportedContentTypes: getSupportedContentTypes failed for display 0: Unsupported (8)
06-15 22:15:58.096 I/hwservicemanager( 1565): getTransport: Cannot find entry android.hardware.graphics.mapper@4.0::IMapper/default in either framework or device VINTF manifest.
06-15 22:15:58.096 I/Gralloc4(10389): mapper 4.x is not supported
06-15 22:15:58.096 I/hwservicemanager( 1565): getTransport: Cannot find entry android.hardware.graphics.mapper@3.0::IMapper/default in either framework or device VINTF manifest.
06-15 22:15:58.096 W/Gralloc3(10389): mapper 3.x is not supported
06-15 22:15:58.097 I/hwservicemanager( 1565): getTransport: Cannot find entry android.hardware.graphics.allocator@4.0::IAllocator/default in either framework or device VINTF manifest.
06-15 22:15:58.097 W/Gralloc4(10389): allocator 4.x is not supported
06-15 22:15:58.097 I/hwservicemanager( 1565): getTransport: Cannot find entry android.hardware.graphics.allocator@3.0::IAllocator/default in either framework or device VINTF manifest.
06-15 22:15:58.097 W/Gralloc3(10389): allocator 3.x is not supported
06-15 22:15:58.098 D/gralloc_nox( 1771): gralloc_alloc: Creating ashmem region of size 8298496
06-15 22:15:58.109 D/ProcessState(10424): Binder ioctl to enable oneway spam detection failed: Invalid argument
06-15 22:15:58.130 D/ontapp.stb.dem(10389): createUnique: call
06-15 22:15:58.131 D/ontapp.stb.dem(10389): HostComposition ext GL_OES_EGL_image GL_OES_EGL_image_external GL_OES_depth24 GL_OES_depth32 GL_OES_element_index_uint GL_OES_texture_float GL_OES_texture_float_linear GL_OES_compressed_paletted_texture GL_OES_compressed_ETC1_RGB8_texture GL_OES_depth_texture GL_EXT_texture_format_BGRA8888 GL_APPLE_texture_format_BGRA8888 GL_OES_texture_half_float GL_EXT_robustness GL_OES_texture_half_float_linear GL_OES_packed_depth_stencil GL_OES_vertex_half_float GL_OES_texture_npot GL_OES_rgb8_rgba8 GL_EXT_color_buffer_float GL_EXT_texture_sRGB_decode ANDROID_gles_max_version_3_1 GL_OES_vertex_array_object GL_EXT_texture_buffer GL_EXT_copy_image GL_KHR_texture_compression_astc_ldr GL_KHR_texture_compression_astc_hdr GL_OES_texture_compression_astc GL_OES_EGL_image_external
06-15 22:15:58.132 D/gralloc_nox( 1771): gralloc_alloc: Creating ashmem region of size 8298496
06-15 22:15:58.184 D/gralloc_nox( 1771): gralloc_alloc: Creating ashmem region of size 8298496
06-15 22:15:58.256 E/libEGL  (10389): called unimplemented OpenGL ES API
06-15 22:15:58.321 W/ActivityTaskManager( 1965): Tried to set launchTime (0) < mLastActivityLaunchTime (4091729)
06-15 22:15:58.550 W/InputManager-JNI( 1965): Input channel object 'ce77d21 Splash Screen tech.gtt.frontapp.stb.demo (client)' was disposed without first being removed with the input manager!
06-15 22:15:58.632 I/ActivityTaskManager( 1965): Displayed com.android.permissioncontroller/.permission.ui.GrantPermissionsActivity: +986ms
06-15 22:15:58.656 D/ProcessState(10436): Binder ioctl to enable oneway spam detection failed: Invalid argument
06-15 22:15:58.746 D/gralloc_nox( 1771): gralloc_alloc: Creating ashmem region of size 5496832
06-15 22:15:58.876 D/gralloc_nox( 1771): gralloc_alloc: Creating ashmem region of size 5496832
06-15 22:15:59.082 D/gralloc_nox( 1771): gralloc_alloc: Creating ashmem region of size 5496832
06-15 22:16:00.643 E/TaskPersister( 1965): File error accessing recents directory (directory doesn't exist?).
06-15 22:16:00.752 D/UIAutomatorStub(10335): URI: /jsonrpc/0, Method: POST, params, {NanoHttpd.QUERY_STRING=null}, files: {postData={"jsonrpc": "2.0", "id": 1, "method": "count", "params": [{"mask": 2097152, "childOrSibling": [], "childOrSiblingSelector": [], "resourceId": "com.android.permissioncontroller:id/permission_allow_button"}]}}
06-15 22:16:00.837 D/UiObject(10335): Waiting 0ms for UiSelector[RESOURCE_ID=com.android.permissioncontroller:id/permission_allow_button].
06-15 22:16:00.844 W/QueryController(10335): Could not detect idle state.
06-15 22:16:00.886 I/QueryController(10335): Matched selector: UiSelector[RESOURCE_ID=com.android.permissioncontroller:id/permission_allow_button] <<==>> [android.view.accessibility.AccessibilityNodeInfo@123b0; boundsInParent: Rect(0, 0 - 992, 112); boundsInScreen: Rect(464, 557 - 1456, 669); packageName: com.android.permissioncontroller; className: android.widget.Button; text: 允许; error: null; maxTextLength: -1; stateDescription: null; contentDescription: null; tooltipText: null; viewIdResName: com.android.permissioncontroller:id/permission_allow_button; checkable: false; checked: false; focusable: true; focused: false; selected: false; clickable: true; longClickable: false; contextClickable: false; enabled: true; password: false; scrollable: false; importantForAccessibility: true; visible: true; actions: [AccessibilityAction: ACTION_FOCUS - null, AccessibilityAction: ACTION_SELECT - null, AccessibilityAction: ACTION_CLEAR_SELECTION - null, AccessibilityAction: ACTION_CLICK - null, AccessibilityAction: ACTION_ACCESSIBILITY_FOCUS - null, AccessibilityAction: ACTION_NEXT_AT_MOVEMENT_GRANULARITY - null, AccessibilityAction: ACTION_PREVIOUS_AT_MOVEMENT_GRANULARITY - null, AccessibilityAction: ACTION_SET_SELECTION - null, AccessibilityAction: ACTION_SHOW_ON_SCREEN - null]]
06-15 22:16:00.888 D/UiObject(10335): Waiting 0ms for UiSelector[INSTANCE=1, RESOURCE_ID=com.android.permissioncontroller:id/permission_allow_button].
06-15 22:16:00.890 W/QueryController(10335): Could not detect idle state.
06-15 22:16:00.962 D/UIAutomatorStub(10335): URI: /jsonrpc/0, Method: POST, params, {NanoHttpd.QUERY_STRING=null}, files: {postData={"jsonrpc": "2.0", "id": 1, "method": "waitForExists", "params": [{"mask": 2097152, "childOrSibling": [], "childOrSiblingSelector": [], "resourceId": "com.android.permissioncontroller:id/permission_allow_button"}, 20000]}}
06-15 22:16:00.977 D/UiDevice(10335): Waiting 20000ms for SearchCondition[hasObject=BySelector [RES='\Qcom.android.permissioncontroller:id/permission_allow_button\E']].
06-15 22:16:00.985 D/UiDevice(10335): Searching for node with selector: BySelector [RES='\Qcom.android.permissioncontroller:id/permission_allow_button\E'].
06-15 22:16:00.986 W/QueryController(10335): Could not detect idle state.
06-15 22:16:01.052 D/UIAutomatorStub(10335): URI: /jsonrpc/0, Method: POST, params, {NanoHttpd.QUERY_STRING=null}, files: {postData={"jsonrpc": "2.0", "id": 1, "method": "objInfo", "params": [{"mask": 2097152, "childOrSibling": [], "childOrSiblingSelector": [], "resourceId": "com.android.permissioncontroller:id/permission_allow_button"}]}}
06-15 22:16:01.055 D/UiDevice(10335): Retrieving node with selector: BySelector [RES='\Qcom.android.permissioncontroller:id/permission_allow_button\E'].
06-15 22:16:01.058 W/QueryController(10335): Could not detect idle state.
06-15 22:16:01.091 W/QueryController(10335): Could not detect idle state.
06-15 22:16:01.094 W/QueryController(10335): Could not detect idle state.
06-15 22:16:01.102 W/QueryController(10335): Could not detect idle state.
06-15 22:16:01.113 W/QueryController(10335): Could not detect idle state.
06-15 22:16:01.122 W/QueryController(10335): Could not detect idle state.
06-15 22:16:01.131 W/QueryController(10335): Could not detect idle state.
06-15 22:16:01.144 W/QueryController(10335): Could not detect idle state.
06-15 22:16:01.154 W/QueryController(10335): Could not detect idle state.
06-15 22:16:01.160 W/QueryController(10335): Could not detect idle state.
06-15 22:16:01.168 W/QueryController(10335): Could not detect idle state.
06-15 22:16:01.174 W/QueryController(10335): Could not detect idle state.
06-15 22:16:01.183 W/QueryController(10335): Could not detect idle state.
06-15 22:16:01.190 W/QueryController(10335): Could not detect idle state.
06-15 22:16:01.197 W/QueryController(10335): Could not detect idle state.
06-15 22:16:01.210 W/QueryController(10335): Could not detect idle state.
06-15 22:16:01.223 W/QueryController(10335): Could not detect idle state.
06-15 22:16:01.234 W/QueryController(10335): Could not detect idle state.
06-15 22:16:01.310 D/UIAutomatorStub(10335): URI: /jsonrpc/0, Method: POST, params, {NanoHttpd.QUERY_STRING=null}, files: {postData={"jsonrpc": "2.0", "id": 1, "method": "click", "params": [960.0, 613.0]}}
06-15 22:16:01.338 V/DisplayPowerController[0]( 1965): Brightness [0.39763778] reason changing to: 'manual', previous reason: 'manual [ dim ]'.
06-15 22:16:01.353 E/DisplayDeviceConfig( 1965): requesting nits when no mapping exists.
06-15 22:16:01.355 E/DisplayDeviceConfig( 1965): requesting nits when no mapping exists.
06-15 22:16:01.357 E/LightsService( 1965): Light requested not available on this device. 0
06-15 22:16:01.357 I/DropBoxManagerService( 1965): add tag=system_server_wtf isTagEnabled=true flags=0x2
06-15 22:16:01.364 I/DropBoxManagerService( 1965): add tag=system_server_wtf isTagEnabled=true flags=0x2
06-15 22:16:01.369 E/DisplayDeviceConfig( 1965): requesting nits when no mapping exists.
06-15 22:16:01.371 E/DisplayDeviceConfig( 1965): requesting nits when no mapping exists.
06-15 22:16:01.374 I/DropBoxManagerService( 1965): add tag=system_server_wtf isTagEnabled=true flags=0x2
06-15 22:16:01.375 E/LightsService( 1965): Light requested not available on this device. 0
06-15 22:16:01.381 I/DropBoxManagerService( 1965): add tag=system_server_wtf isTagEnabled=true flags=0x2
06-15 22:16:01.383 E/DisplayDeviceConfig( 1965): requesting nits when no mapping exists.
06-15 22:16:01.388 E/DisplayDeviceConfig( 1965): requesting nits when no mapping exists.
06-15 22:16:01.389 I/DropBoxManagerService( 1965): add tag=system_server_wtf isTagEnabled=true flags=0x2
06-15 22:16:01.393 E/LightsService( 1965): Light requested not available on this device. 0
06-15 22:16:01.397 E/DisplayDeviceConfig( 1965): requesting nits when no mapping exists.
06-15 22:16:01.398 E/DisplayDeviceConfig( 1965): requesting nits when no mapping exists.
06-15 22:16:01.406 E/LightsService( 1965): Light requested not available on this device. 0
06-15 22:16:01.418 E/DisplayDeviceConfig( 1965): requesting nits when no mapping exists.
06-15 22:16:01.419 E/DisplayDeviceConfig( 1965): requesting nits when no mapping exists.
06-15 22:16:01.421 E/LightsService( 1965): Light requested not available on this device. 0
06-15 22:16:01.431 E/DisplayDeviceConfig( 1965): requesting nits when no mapping exists.
06-15 22:16:01.432 E/DisplayDeviceConfig( 1965): requesting nits when no mapping exists.
06-15 22:16:01.440 E/LightsService( 1965): Light requested not available on this device. 0
06-15 22:16:01.454 E/DisplayDeviceConfig( 1965): requesting nits when no mapping exists.
06-15 22:16:01.455 E/DisplayDeviceConfig( 1965): requesting nits when no mapping exists.
06-15 22:16:01.458 E/LightsService( 1965): Light requested not available on this device. 0
06-15 22:16:01.463 E/DisplayDeviceConfig( 1965): requesting nits when no mapping exists.
06-15 22:16:01.463 E/DisplayDeviceConfig( 1965): requesting nits when no mapping exists.
06-15 22:16:01.466 E/LightsService( 1965): Light requested not available on this device. 0
06-15 22:16:01.486 E/DisplayDeviceConfig( 1965): requesting nits when no mapping exists.
06-15 22:16:01.489 E/DisplayDeviceConfig( 1965): requesting nits when no mapping exists.
06-15 22:16:01.497 E/LightsService( 1965): Light requested not available on this device. 0
06-15 22:16:01.497 E/DisplayDeviceConfig( 1965): requesting nits when no mapping exists.
06-15 22:16:01.500 E/DisplayDeviceConfig( 1965): requesting nits when no mapping exists.
06-15 22:16:01.506 E/LightsService( 1965): Light requested not available on this device. 0
06-15 22:16:01.513 E/DisplayDeviceConfig( 1965): requesting nits when no mapping exists.
06-15 22:16:01.517 E/DisplayDeviceConfig( 1965): requesting nits when no mapping exists.
06-15 22:16:01.526 E/LightsService( 1965): Light requested not available on this device. 0
06-15 22:16:01.535 E/DisplayDeviceConfig( 1965): requesting nits when no mapping exists.
06-15 22:16:01.538 E/DisplayDeviceConfig( 1965): requesting nits when no mapping exists.
06-15 22:16:01.541 E/LightsService( 1965): Light requested not available on this device. 0
06-15 22:16:01.560 E/DisplayDeviceConfig( 1965): requesting nits when no mapping exists.
06-15 22:16:01.561 E/DisplayDeviceConfig( 1965): requesting nits when no mapping exists.
06-15 22:16:01.568 E/LightsService( 1965): Light requested not available on this device. 0
06-15 22:16:01.572 E/DisplayDeviceConfig( 1965): requesting nits when no mapping exists.
06-15 22:16:01.574 E/DisplayDeviceConfig( 1965): requesting nits when no mapping exists.
06-15 22:16:01.575 E/LightsService( 1965): Light requested not available on this device. 0
06-15 22:16:01.582 E/DisplayDeviceConfig( 1965): requesting nits when no mapping exists.
06-15 22:16:01.583 E/DisplayDeviceConfig( 1965): requesting nits when no mapping exists.
06-15 22:16:01.584 E/LightsService( 1965): Light requested not available on this device. 0
06-15 22:16:01.597 E/DisplayDeviceConfig( 1965): requesting nits when no mapping exists.
06-15 22:16:01.598 E/DisplayDeviceConfig( 1965): requesting nits when no mapping exists.
06-15 22:16:01.602 E/LightsService( 1965): Light requested not available on this device. 0
06-15 22:16:01.725 V/GrantPermissionsViewModel( 9632): Logged buttons presented and clicked permissionGroupName=android.permission-group.STORAGE uid=10058 selectedLocations=0 package=tech.gtt.frontapp.stb.demo presentedButtons=9 clickedButton=1 sessionId=2070821373725244452 targetSdk=35
06-15 22:16:01.727 I/MediaProvider( 2579): Invalidating LocalCallingIdentity cache for package tech.gtt.frontapp.stb.demo. Reason: op android:read_external_storage
06-15 22:16:01.729 V/GrantPermissionsViewModel( 9632): Permission grant result requestId=2070821373725244452 callingUid=10058 callingPackage=tech.gtt.frontapp.stb.demo permission=android.permission.READ_EXTERNAL_STORAGE isImplicit=false result=4
06-15 22:16:01.737 D/gralloc_nox( 1771): gralloc_alloc: Creating ashmem region of size 8298496
06-15 22:16:01.772 E/android.hardware.audio.service( 1760): pcm_open called create stream faild
06-15 22:16:01.793 W/ndroid.launche( 2415): Reducing the number of considered missed Gc histogram windows from 454 to 100
06-15 22:16:02.174 D/CompatibilityChangeReporter(10389): Compat change id reported: 78294732; UID 10058; state: ENABLED
06-15 22:16:02.177 I/b       (10389): freeSpace : 116665MB
06-15 22:16:02.295 D/ProcessState(10449): Binder ioctl to enable oneway spam detection failed: Invalid argument
06-15 22:16:02.471 D/ConnectivityService( 1965): NetReassign [no changes]
06-15 22:16:02.515 V/GSK     (10389): StorageServiceImpl initialization() executed in 4 ms.
06-15 22:16:02.515 V/GSK     (10389): SecurityServiceImpl initialization() executed in 0 ms.
06-15 22:16:02.740 W/InputManager-JNI( 1965): Input channel object '28c14f5 com.android.permissioncontroller/com.android.permissioncontroller.permission.ui.GrantPermissionsActivity (client)' was disposed without first being removed with the input manager!
06-15 22:16:02.767 W/SurfaceFlinger( 1783): couldn't log to binary event log: overflow.
06-15 22:16:02.770 W/System.err(10389): SLF4J(W): No SLF4J providers were found.
06-15 22:16:02.770 W/System.err(10389): SLF4J(W): Defaulting to no-operation (NOP) logger implementation
06-15 22:16:02.770 W/System.err(10389): SLF4J(W): See https://www.slf4j.org/codes.html#noProviders for further details.
06-15 22:16:02.823 W/System.err(10389): kotlinx.serialization.json.internal.JsonDecodingException: Expected start of the object '{', but had 'EOF' instead at path: $
06-15 22:16:02.823 W/System.err(10389): JSON input: 
06-15 22:16:02.823 W/System.err(10389): 	at kotlinx.serialization.json.internal.JsonExceptionsKt.JsonDecodingException(SourceFile:1)
06-15 22:16:02.823 W/System.err(10389): 	at kotlinx.serialization.json.internal.JsonExceptionsKt.JsonDecodingException(SourceFile:2)
06-15 22:16:02.823 W/System.err(10389): 	at kotlinx.serialization.json.internal.AbstractJsonLexer.fail(SourceFile:52)
06-15 22:16:02.823 W/System.err(10389): 	at kotlinx.serialization.json.internal.AbstractJsonLexer.fail$default(SourceFile:15)
06-15 22:16:02.823 W/System.err(10389): 	at kotlinx.serialization.json.internal.AbstractJsonLexer.unexpectedToken(SourceFile:103)
06-15 22:16:02.823 W/System.err(10389): 	at kotlinx.serialization.json.internal.StringJsonLexer.consumeNextToken(SourceFile:16)
06-15 22:16:02.823 W/System.err(10389): 	at kotlinx.serialization.json.internal.StreamingJsonDecoder.beginStructure(SourceFile:23)
06-15 22:16:02.823 W/System.err(10389): 	at tech.gtt.frontapp.servicesdk.common.service.utility.apis.e2ee.E2eeConfigResponse$$serializer.deserialize(SourceFile:2)
06-15 22:16:02.823 W/System.err(10389): 	at tech.gtt.frontapp.servicesdk.common.service.utility.apis.e2ee.E2eeConfigResponse$$serializer.deserialize(SourceFile:1)
06-15 22:16:02.823 W/System.err(10389): 	at kotlinx.serialization.json.internal.StreamingJsonDecoder.decodeSerializableValue(SourceFile:320)
06-15 22:16:02.823 W/System.err(10389): 	at kotlinx.serialization.json.Json.decodeFromString(SourceFile:3)
06-15 22:16:02.823 W/System.err(10389): 	at tech.gtt.frontapp.servicesdk.common.service.utility.apis.e2ee.E2eeManager.syncE2eeConfig(SourceFile:74)
06-15 22:16:02.823 W/System.err(10389): 	at tech.gtt.frontapp.servicesdk.common.service.utility.apis.ApiUtilServiceImpl.onServiceInit(SourceFile:228)
06-15 22:16:02.823 W/System.err(10389): 	at tech.gtt.frontapp.servicesdk.common.core.ServiceSDKImpl.executeServiceInitialize(SourceFile:372)
06-15 22:16:02.823 W/System.err(10389): 	at tech.gtt.frontapp.servicesdk.common.core.ServiceSDKImpl.access$executeServiceInitialize(SourceFile:1)
06-15 22:16:02.823 W/System.err(10389): 	at tech.gtt.frontapp.servicesdk.common.core.ServiceSDKImpl$init$1.invokeSuspend(SourceFile:178)
06-15 22:16:02.823 W/System.err(10389): 	at tech.gtt.frontapp.servicesdk.common.core.ServiceSDKImpl$init$1.invoke(SourceFile:2)
06-15 22:16:02.823 W/System.err(10389): 	at tech.gtt.frontapp.servicesdk.common.core.ServiceSDKImpl$init$1.invoke(SourceFile:1)
06-15 22:16:02.823 W/System.err(10389): 	at kotlinx.coroutines.flow.SafeFlow.collectSafely(SourceFile:3)
06-15 22:16:02.823 W/System.err(10389): 	at kotlinx.coroutines.flow.AbstractFlow.collect(SourceFile:70)
06-15 22:16:02.823 W/System.err(10389): 	at tech.gtt.frontapp.servicesdk.common.core.SDKSetup$build$1.invokeSuspend(SourceFile:42)
06-15 22:16:02.823 W/System.err(10389): 	at tech.gtt.frontapp.servicesdk.common.core.SDKSetup$build$1.invoke(SourceFile:2)
06-15 22:16:02.823 W/System.err(10389): 	at tech.gtt.frontapp.servicesdk.common.core.SDKSetup$build$1.invoke(SourceFile:1)
06-15 22:16:02.823 W/System.err(10389): 	at tech.gtt.frontapp.servicesdk.common.core.Scheduler$scheduleDirect$1.invokeSuspend(SourceFile:61)
06-15 22:16:02.823 W/System.err(10389): 	at lh.a.resumeWith(SourceFile:14)
06-15 22:16:02.823 W/System.err(10389): 	at kotlinx.coroutines.DispatchedTask.run(SourceFile:123)
06-15 22:16:02.823 W/System.err(10389): 	at kotlinx.coroutines.internal.LimitedDispatcher$Worker.run(SourceFile:4)
06-15 22:16:02.823 W/System.err(10389): 	at kotlinx.coroutines.scheduling.TaskImpl.run(SourceFile:3)
06-15 22:16:02.823 W/System.err(10389): 	at kotlinx.coroutines.scheduling.CoroutineScheduler.runSafely(SourceFile:1)
06-15 22:16:02.823 W/System.err(10389): 	at kotlinx.coroutines.scheduling.CoroutineScheduler$Worker.executeTask(SourceFile:34)
06-15 22:16:02.823 W/System.err(10389): 	at kotlinx.coroutines.scheduling.CoroutineScheduler$Worker.runWorker(SourceFile:29)
06-15 22:16:02.823 W/System.err(10389): 	at kotlinx.coroutines.scheduling.CoroutineScheduler$Worker.run(SourceFile:1)
06-15 22:16:02.837 W/System.err(10389): java.io.FileNotFoundException: sys/class/sunxi_info/sys_info: open failed: ENOENT (No such file or directory)
06-15 22:16:02.838 W/System.err(10389): 	at libcore.io.IoBridge.open(IoBridge.java:575)
06-15 22:16:02.838 W/System.err(10389): 	at java.io.FileInputStream.<init>(FileInputStream.java:160)
06-15 22:16:02.838 W/System.err(10389): 	at java.io.FileInputStream.<init>(FileInputStream.java:115)
06-15 22:16:02.838 W/System.err(10389): 	at ip.b.b(SourceFile:5)
06-15 22:16:02.838 W/System.err(10389): 	at ip.b.a(SourceFile:155)
06-15 22:16:02.838 W/System.err(10389): 	at ip.a.invoke(SourceFile:589)
06-15 22:16:02.838 W/System.err(10389): 	at dh.v.getValue(SourceFile:21)
06-15 22:16:02.838 W/System.err(10389): 	at tech.gtt.frontapp.servicesdk.common.network.interceptor.params.ApiDeviceParams.handleFixedParams(SourceFile:52)
06-15 22:16:02.838 W/System.err(10389): 	at tech.gtt.frontapp.servicesdk.common.service.utility.apis.IParamsGetter.toMaps(SourceFile:87)
06-15 22:16:02.838 W/System.err(10389): 	at tech.gtt.frontapp.servicesdk.common.network.interceptor.DefaultParamsInterceptor.onRequest(SourceFile:127)
06-15 22:16:02.838 W/System.err(10389): 	at tech.gtt.frontapp.servicesdk.common.network.interceptor.SDKInterceptorsPluginKt$setupRequestInterception$1.invokeSuspend(SourceFile:103)
06-15 22:16:02.838 W/System.err(10389): 	at tech.gtt.frontapp.servicesdk.common.network.interceptor.SDKInterceptorsPluginKt$setupRequestInterception$1.invoke(SourceFile:1)
06-15 22:16:02.838 W/System.err(10389): 	at tech.gtt.frontapp.servicesdk.common.network.interceptor.SDKInterceptorsPluginKt$setupRequestInterception$1.invoke(SourceFile:2)
06-15 22:16:02.838 W/System.err(10389): 	at io.ktor.util.pipeline.DebugPipelineContext.proceedLoop(SourceFile:86)
06-15 22:16:02.838 W/System.err(10389): 	at io.ktor.util.pipeline.DebugPipelineContext.proceed(SourceFile:26)
06-15 22:16:02.838 W/System.err(10389): 	at io.ktor.client.plugins.RequestError$install$1.invokeSuspend(SourceFile:47)
06-15 22:16:02.838 W/System.err(10389): 	at io.ktor.client.plugins.RequestError$install$1.invoke(SourceFile:1)
06-15 22:16:02.838 W/System.err(10389): 	at io.ktor.client.plugins.RequestError$install$1.invoke(SourceFile:2)
06-15 22:16:02.838 W/System.err(10389): 	at io.ktor.util.pipeline.DebugPipelineContext.proceedLoop(SourceFile:86)
06-15 22:16:02.838 W/System.err(10389): 	at io.ktor.util.pipeline.DebugPipelineContext.proceed(SourceFile:26)
06-15 22:16:02.838 W/System.err(10389): 	at io.ktor.client.plugins.SetupRequestContext$install$1.invokeSuspend$proceed(SourceFile:1)
06-15 22:16:02.838 W/System.err(10389): 	at io.ktor.client.plugins.SetupRequestContext$install$1.access$invokeSuspend$proceed(SourceFile:1)
06-15 22:16:02.838 W/System.err(10389): 	at io.ktor.client.plugins.SetupRequestContext$install$1$1.invoke(SourceFile:2)
06-15 22:16:02.838 W/System.err(10389): 	at io.ktor.client.plugins.SetupRequestContext$install$1$1.invoke(SourceFile:1)
06-15 22:16:02.838 W/System.err(10389): 	at io.ktor.client.plugins.HttpRequestLifecycleKt$HttpRequestLifecycle$1$1.invokeSuspend(SourceFile:78)
06-15 22:16:02.838 W/System.err(10389): 	at io.ktor.client.plugins.HttpRequestLifecycleKt$HttpRequestLifecycle$1$1.invoke(SourceFile:1)
06-15 22:16:02.838 W/System.err(10389): 	at io.ktor.client.plugins.HttpRequestLifecycleKt$HttpRequestLifecycle$1$1.invoke(SourceFile:2)
06-15 22:16:02.838 W/System.err(10389): 	at io.ktor.client.plugins.SetupRequestContext$install$1.invokeSuspend(SourceFile:42)
06-15 22:16:02.838 W/System.err(10389): 	at io.ktor.client.plugins.SetupRequestContext$install$1.invoke(SourceFile:1)
06-15 22:16:02.838 W/System.err(10389): 	at io.ktor.client.plugins.SetupRequestContext$install$1.invoke(SourceFile:2)
06-15 22:16:02.838 W/System.err(10389): 	at io.ktor.util.pipeline.DebugPipelineContext.proceedLoop(SourceFile:86)
06-15 22:16:02.838 W/System.err(10389): 	at io.ktor.util.pipeline.DebugPipelineContext.proceed(SourceFile:26)
06-15 22:16:02.838 W/System.err(10389): 	at io.ktor.util.pipeline.DebugPipelineContext.execute$ktor_utils(SourceFile:7)
06-15 22:16:02.838 W/System.err(10389): 	at io.ktor.util.pipeline.Pipeline.execute(SourceFile:9)
06-15 22:16:02.838 W/System.err(10389): 	at io.ktor.client.HttpClient.execute$ktor_client_core(SourceFile:68)
06-15 22:16:02.838 W/System.err(10389): 	at io.ktor.client.statement.HttpStatement.fetchResponse(SourceFile:90)
06-15 22:16:02.838 W/System.err(10389): 	at io.ktor.client.statement.HttpStatement.execute(SourceFile:9)
06-15 22:16:02.838 W/System.err(10389): 	at de.jensklingenberg.ktorfit.internal.KtorfitConverterHelper.suspendRequest(SourceFile:127)
06-15 22:16:02.838 W/System.err(10389): 	at de.jensklingenberg.ktorfit.internal.KtorfitConverterHelper$request$1$1.invokeSuspend(SourceFile:58)
06-15 22:16:02.838 W/System.err(10389): 	at de.jensklingenberg.ktorfit.internal.KtorfitConverterHelper$request$1$1.invoke(SourceFile:2)
06-15 22:16:02.838 W/System.err(10389): 	at de.jensklingenberg.ktorfit.internal.KtorfitConverterHelper$request$1$1.invoke(SourceFile:1)
06-15 22:16:02.838 W/System.err(10389): 	at de.jensklingenberg.ktorfit.converter.FlowConverterFactory$responseConverter$1$convert$1.invokeSuspend(SourceFile:84)
06-15 22:16:02.838 W/System.err(10389): 	at de.jensklingenberg.ktorfit.converter.FlowConverterFactory$responseConverter$1$convert$1.invoke(SourceFile:2)
06-15 22:16:02.838 W/System.err(10389): 	at de.jensklingenberg.ktorfit.converter.FlowConverterFactory$responseConverter$1$convert$1.invoke(SourceFile:1)
06-15 22:16:02.838 W/System.err(10389): 	at kotlinx.coroutines.flow.SafeFlow.collectSafely(SourceFile:3)
06-15 22:16:02.838 W/System.err(10389): 	at kotlinx.coroutines.flow.AbstractFlow.collect(SourceFile:70)
06-15 22:16:02.838 W/System.err(10389): 	at kotlinx.coroutines.flow.FlowKt__MergeKt$flatMapConcat$$inlined$map$1.collect(SourceFile:10)
06-15 22:16:02.838 W/System.err(10389): 	at kotlinx.coroutines.flow.FlowKt__MergeKt$flattenConcat$$inlined$unsafeFlow$1.collect(SourceFile:8)
06-15 22:16:02.838 W/System.err(10389): 	at kotlinx.coroutines.flow.FlowKt__CollectKt.collect(SourceFile:1)
06-15 22:16:02.838 W/System.err(10389): 	at kotlinx.coroutines.flow.FlowKt.collect(SourceFile:1)
06-15 22:16:02.838 W/System.err(10389): 	at tech.gtt.frontapp.servicesdk.common.service.utility.apis.ApiUtilServiceImpl.onServiceInit(SourceFile:240)
06-15 22:16:02.838 W/System.err(10389): 	at tech.gtt.frontapp.servicesdk.common.core.ServiceSDKImpl.executeServiceInitialize(SourceFile:372)
06-15 22:16:02.838 W/System.err(10389): 	at tech.gtt.frontapp.servicesdk.common.core.ServiceSDKImpl.access$executeServiceInitialize(SourceFile:1)
06-15 22:16:02.838 W/System.err(10389): 	at tech.gtt.frontapp.servicesdk.common.core.ServiceSDKImpl$init$1.invokeSuspend(SourceFile:178)
06-15 22:16:02.838 W/System.err(10389): 	at tech.gtt.frontapp.servicesdk.common.core.ServiceSDKImpl$init$1.invoke(SourceFile:2)
06-15 22:16:02.839 W/System.err(10389): 	at tech.gtt.frontapp.servicesdk.common.core.ServiceSDKImpl$init$1.invoke(SourceFile:1)
06-15 22:16:02.839 W/System.err(10389): 	at kotlinx.coroutines.flow.SafeFlow.collectSafely(SourceFile:3)
06-15 22:16:02.839 W/System.err(10389): 	at kotlinx.coroutines.flow.AbstractFlow.collect(SourceFile:70)
06-15 22:16:02.839 W/System.err(10389): 	at tech.gtt.frontapp.servicesdk.common.core.SDKSetup$build$1.invokeSuspend(SourceFile:42)
06-15 22:16:02.839 W/System.err(10389): 	at tech.gtt.frontapp.servicesdk.common.core.SDKSetup$build$1.invoke(SourceFile:2)
06-15 22:16:02.839 W/System.err(10389): 	at tech.gtt.frontapp.servicesdk.common.core.SDKSetup$build$1.invoke(SourceFile:1)
06-15 22:16:02.839 W/System.err(10389): 	at tech.gtt.frontapp.servicesdk.common.core.Scheduler$scheduleDirect$1.invokeSuspend(SourceFile:61)
06-15 22:16:02.839 W/System.err(10389): 	at lh.a.resumeWith(SourceFile:14)
06-15 22:16:02.839 W/System.err(10389): 	at kotlinx.coroutines.DispatchedTask.run(SourceFile:123)
06-15 22:16:02.839 W/System.err(10389): 	at kotlinx.coroutines.internal.LimitedDispatcher$Worker.run(SourceFile:4)
06-15 22:16:02.839 W/System.err(10389): 	at kotlinx.coroutines.scheduling.TaskImpl.run(SourceFile:3)
06-15 22:16:02.839 W/System.err(10389): 	at kotlinx.coroutines.scheduling.CoroutineScheduler.runSafely(SourceFile:1)
06-15 22:16:02.839 W/System.err(10389): 	at kotlinx.coroutines.scheduling.CoroutineScheduler$Worker.executeTask(SourceFile:34)
06-15 22:16:02.839 W/System.err(10389): 	at kotlinx.coroutines.scheduling.CoroutineScheduler$Worker.runWorker(SourceFile:29)
06-15 22:16:02.839 W/System.err(10389): 	at kotlinx.coroutines.scheduling.CoroutineScheduler$Worker.run(SourceFile:1)
06-15 22:16:02.840 W/System.err(10389): Caused by: android.system.ErrnoException: open failed: ENOENT (No such file or directory)
06-15 22:16:02.840 W/System.err(10389): 	at libcore.io.Linux.open(Native Method)
06-15 22:16:02.840 W/System.err(10389): 	at libcore.io.ForwardingOs.open(ForwardingOs.java:567)
06-15 22:16:02.840 W/System.err(10389): 	at libcore.io.BlockGuardOs.open(BlockGuardOs.java:273)
06-15 22:16:02.840 W/System.err(10389): 	at libcore.io.ForwardingOs.open(ForwardingOs.java:567)
06-15 22:16:02.840 W/System.err(10389): 	at android.app.ActivityThread$AndroidOs.open(ActivityThread.java:7761)
06-15 22:16:02.840 W/System.err(10389): 	at libcore.io.IoBridge.open(IoBridge.java:561)
06-15 22:16:02.840 W/System.err(10389): 	... 69 more
06-15 22:16:02.843 W/System.err(10389): java.io.FileNotFoundException: sys/class/sunxi_info/sys_info: open failed: ENOENT (No such file or directory)
06-15 22:16:02.843 W/System.err(10389): 	at libcore.io.IoBridge.open(IoBridge.java:575)
06-15 22:16:02.843 W/System.err(10389): 	at java.io.FileInputStream.<init>(FileInputStream.java:160)
06-15 22:16:02.843 W/System.err(10389): 	at java.io.FileInputStream.<init>(FileInputStream.java:115)
06-15 22:16:02.843 W/System.err(10389): 	at ip.b.b(SourceFile:5)
06-15 22:16:02.843 W/System.err(10389): 	at ip.b.a(SourceFile:155)
06-15 22:16:02.843 W/System.err(10389): 	at ip.a.invoke(SourceFile:127)
06-15 22:16:02.843 W/System.err(10389): 	at dh.v.getValue(SourceFile:21)
06-15 22:16:02.843 W/System.err(10389): 	at tech.gtt.frontapp.servicesdk.common.network.interceptor.params.ApiDeviceParams.handleFixedParams(SourceFile:65)
06-15 22:16:02.843 W/System.err(10389): 	at tech.gtt.frontapp.servicesdk.common.service.utility.apis.IParamsGetter.toMaps(SourceFile:87)
06-15 22:16:02.843 W/System.err(10389): 	at tech.gtt.frontapp.servicesdk.common.network.interceptor.DefaultParamsInterceptor.onRequest(SourceFile:127)
06-15 22:16:02.843 W/System.err(10389): 	at tech.gtt.frontapp.servicesdk.common.network.interceptor.SDKInterceptorsPluginKt$setupRequestInterception$1.invokeSuspend(SourceFile:103)
06-15 22:16:02.843 W/System.err(10389): 	at tech.gtt.frontapp.servicesdk.common.network.interceptor.SDKInterceptorsPluginKt$setupRequestInterception$1.invoke(SourceFile:1)
06-15 22:16:02.843 W/System.err(10389): 	at tech.gtt.frontapp.servicesdk.common.network.interceptor.SDKInterceptorsPluginKt$setupRequestInterception$1.invoke(SourceFile:2)
06-15 22:16:02.843 W/System.err(10389): 	at io.ktor.util.pipeline.DebugPipelineContext.proceedLoop(SourceFile:86)
06-15 22:16:02.843 W/System.err(10389): 	at io.ktor.util.pipeline.DebugPipelineContext.proceed(SourceFile:26)
06-15 22:16:02.843 W/System.err(10389): 	at io.ktor.client.plugins.RequestError$install$1.invokeSuspend(SourceFile:47)
06-15 22:16:02.843 W/System.err(10389): 	at io.ktor.client.plugins.RequestError$install$1.invoke(SourceFile:1)
06-15 22:16:02.843 W/System.err(10389): 	at io.ktor.client.plugins.RequestError$install$1.invoke(SourceFile:2)
06-15 22:16:02.843 W/System.err(10389): 	at io.ktor.util.pipeline.DebugPipelineContext.proceedLoop(SourceFile:86)
06-15 22:16:02.843 W/System.err(10389): 	at io.ktor.util.pipeline.DebugPipelineContext.proceed(SourceFile:26)
06-15 22:16:02.843 W/System.err(10389): 	at io.ktor.client.plugins.SetupRequestContext$install$1.invokeSuspend$proceed(SourceFile:1)
06-15 22:16:02.843 W/System.err(10389): 	at io.ktor.client.plugins.SetupRequestContext$install$1.access$invokeSuspend$proceed(SourceFile:1)
06-15 22:16:02.843 W/System.err(10389): 	at io.ktor.client.plugins.SetupRequestContext$install$1$1.invoke(SourceFile:2)
06-15 22:16:02.843 W/System.err(10389): 	at io.ktor.client.plugins.SetupRequestContext$install$1$1.invoke(SourceFile:1)
06-15 22:16:02.843 W/System.err(10389): 	at io.ktor.client.plugins.HttpRequestLifecycleKt$HttpRequestLifecycle$1$1.invokeSuspend(SourceFile:78)
06-15 22:16:02.843 W/System.err(10389): 	at io.ktor.client.plugins.HttpRequestLifecycleKt$HttpRequestLifecycle$1$1.invoke(SourceFile:1)
06-15 22:16:02.843 W/System.err(10389): 	at io.ktor.client.plugins.HttpRequestLifecycleKt$HttpRequestLifecycle$1$1.invoke(SourceFile:2)
06-15 22:16:02.843 W/System.err(10389): 	at io.ktor.client.plugins.SetupRequestContext$install$1.invokeSuspend(SourceFile:42)
06-15 22:16:02.843 W/System.err(10389): 	at io.ktor.client.plugins.SetupRequestContext$install$1.invoke(SourceFile:1)
06-15 22:16:02.843 W/System.err(10389): 	at io.ktor.client.plugins.SetupRequestContext$install$1.invoke(SourceFile:2)
06-15 22:16:02.843 W/System.err(10389): 	at io.ktor.util.pipeline.DebugPipelineContext.proceedLoop(SourceFile:86)
06-15 22:16:02.843 W/System.err(10389): 	at io.ktor.util.pipeline.DebugPipelineContext.proceed(SourceFile:26)
06-15 22:16:02.843 W/System.err(10389): 	at io.ktor.util.pipeline.DebugPipelineContext.execute$ktor_utils(SourceFile:7)
06-15 22:16:02.843 W/System.err(10389): 	at io.ktor.util.pipeline.Pipeline.execute(SourceFile:9)
06-15 22:16:02.843 W/System.err(10389): 	at io.ktor.client.HttpClient.execute$ktor_client_core(SourceFile:68)
06-15 22:16:02.843 W/System.err(10389): 	at io.ktor.client.statement.HttpStatement.fetchResponse(SourceFile:90)
06-15 22:16:02.843 W/System.err(10389): 	at io.ktor.client.statement.HttpStatement.execute(SourceFile:9)
06-15 22:16:02.843 W/System.err(10389): 	at de.jensklingenberg.ktorfit.internal.KtorfitConverterHelper.suspendRequest(SourceFile:127)
06-15 22:16:02.843 W/System.err(10389): 	at de.jensklingenberg.ktorfit.internal.KtorfitConverterHelper$request$1$1.invokeSuspend(SourceFile:58)
06-15 22:16:02.843 W/System.err(10389): 	at de.jensklingenberg.ktorfit.internal.KtorfitConverterHelper$request$1$1.invoke(SourceFile:2)
06-15 22:16:02.843 W/System.err(10389): 	at de.jensklingenberg.ktorfit.internal.KtorfitConverterHelper$request$1$1.invoke(SourceFile:1)
06-15 22:16:02.843 W/System.err(10389): 	at de.jensklingenberg.ktorfit.converter.FlowConverterFactory$responseConverter$1$convert$1.invokeSuspend(SourceFile:84)
06-15 22:16:02.843 W/System.err(10389): 	at de.jensklingenberg.ktorfit.converter.FlowConverterFactory$responseConverter$1$convert$1.invoke(SourceFile:2)
06-15 22:16:02.843 W/System.err(10389): 	at de.jensklingenberg.ktorfit.converter.FlowConverterFactory$responseConverter$1$convert$1.invoke(SourceFile:1)
06-15 22:16:02.843 W/System.err(10389): 	at kotlinx.coroutines.flow.SafeFlow.collectSafely(SourceFile:3)
06-15 22:16:02.843 W/System.err(10389): 	at kotlinx.coroutines.flow.AbstractFlow.collect(SourceFile:70)
06-15 22:16:02.843 W/System.err(10389): 	at kotlinx.coroutines.flow.FlowKt__MergeKt$flatMapConcat$$inlined$map$1.collect(SourceFile:10)
06-15 22:16:02.843 W/System.err(10389): 	at kotlinx.coroutines.flow.FlowKt__MergeKt$flattenConcat$$inlined$unsafeFlow$1.collect(SourceFile:8)
06-15 22:16:02.843 W/System.err(10389): 	at kotlinx.coroutines.flow.FlowKt__CollectKt.collect(SourceFile:1)
06-15 22:16:02.843 W/System.err(10389): 	at kotlinx.coroutines.flow.FlowKt.collect(SourceFile:1)
06-15 22:16:02.843 W/System.err(10389): 	at tech.gtt.frontapp.servicesdk.common.service.utility.apis.ApiUtilServiceImpl.onServiceInit(SourceFile:240)
06-15 22:16:02.843 W/System.err(10389): 	at tech.gtt.frontapp.servicesdk.common.core.ServiceSDKImpl.executeServiceInitialize(SourceFile:372)
06-15 22:16:02.843 W/System.err(10389): 	at tech.gtt.frontapp.servicesdk.common.core.ServiceSDKImpl.access$executeServiceInitialize(SourceFile:1)
06-15 22:16:02.843 W/System.err(10389): 	at tech.gtt.frontapp.servicesdk.common.core.ServiceSDKImpl$init$1.invokeSuspend(SourceFile:178)
06-15 22:16:02.843 W/System.err(10389): 	at tech.gtt.frontapp.servicesdk.common.core.ServiceSDKImpl$init$1.invoke(SourceFile:2)
06-15 22:16:02.843 W/System.err(10389): 	at tech.gtt.frontapp.servicesdk.common.core.ServiceSDKImpl$init$1.invoke(SourceFile:1)
06-15 22:16:02.843 W/System.err(10389): 	at kotlinx.coroutines.flow.SafeFlow.collectSafely(SourceFile:3)
06-15 22:16:02.843 W/System.err(10389): 	at kotlinx.coroutines.flow.AbstractFlow.collect(SourceFile:70)
06-15 22:16:02.843 W/System.err(10389): 	at tech.gtt.frontapp.servicesdk.common.core.SDKSetup$build$1.invokeSuspend(SourceFile:42)
06-15 22:16:02.843 W/System.err(10389): 	at tech.gtt.frontapp.servicesdk.common.core.SDKSetup$build$1.invoke(SourceFile:2)
06-15 22:16:02.843 W/System.err(10389): 	at tech.gtt.frontapp.servicesdk.common.core.SDKSetup$build$1.invoke(SourceFile:1)
06-15 22:16:02.843 W/System.err(10389): 	at tech.gtt.frontapp.servicesdk.common.core.Scheduler$scheduleDirect$1.invokeSuspend(SourceFile:61)
06-15 22:16:02.843 W/System.err(10389): 	at lh.a.resumeWith(SourceFile:14)
06-15 22:16:02.843 W/System.err(10389): 	at kotlinx.coroutines.DispatchedTask.run(SourceFile:123)
