06-17 19:13:57.525 W/ontapp.stb.dem( 5159): ClassLoaderContext parent mismatch.  (PCL[] | PCL[];PCL[/data/app/~~-tMPAvyTMYMhU6nbl0NqBw==/tech.gtt.frontapp.stb.demo-qA9iw4qsktyjEZ3tBIQvtg==/base.apk*930720720:/data/app/~~-tMPAvyTMYMhU6nbl0NqBw==/tech.gtt.frontapp.stb.demo-qA9iw4qsktyjEZ3tBIQvtg==/base.apk!classes2.dex*2103280642:/data/app/~~-tMPAvyTMYMhU6nbl0NqBw==/tech.gtt.frontapp.stb.demo-qA9iw4qsktyjEZ3tBIQvtg==/base.apk!classes3.dex*2004927299])
06-17 19:13:57.528 W/ActivityTaskManager( 1936): Tried to set launchTime (0) < mLastActivityLaunchTime (1728110)
06-17 19:13:57.533 V/GSK-Upgrade:UpgradeManager( 5159): startLoopUpdateApp
06-17 19:13:57.534 V/GSK     ( 5159): UpgradeServiceImp unnecessary initialization() executed in 47 ms.
06-17 19:13:57.537 V/GSK-Upgrade:ComponentUpdater( 5159): init
06-17 19:13:57.537 V/GSK-Upgrade:ComponentUpdater( 5159): loadLocalDex
06-17 19:13:57.537 V/GSK-Upgrade:ComponentUpdater( 5159): local dex is empty
06-17 19:13:57.537 V/GSK-Upgrade:ComponentUpdater( 5159): local dex is empty
06-17 19:13:57.537 V/GSK-Upgrade:ComponentUpdater( 5159): local dex is empty
06-17 19:13:57.537 V/GSK-Upgrade:ComponentUpdater( 5159): local dex is empty
06-17 19:13:57.537 V/GSK-Upgrade:ComponentUpdater( 5159): local dex is empty
06-17 19:13:57.537 V/GSK-Upgrade:ComponentUpdater( 5159): local dex is empty
06-17 19:13:57.551 D/AndroidAutoSize( 5159): tech.gtt.frontapp.stb.m.home.activity.LoadingActivity used the global configuration.
06-17 19:13:57.553 D/AndroidAutoSize( 5159): The tech.gtt.frontapp.stb.m.home.activity.LoadingActivity has been adapted! 
06-17 19:13:57.553 D/AndroidAutoSize( 5159): LoadingActivity Info: isBaseOnWidth = true, designWidthInDp = 1920.000000, designWidthInSubunits = 1920.000000, targetDensity = 1.000000, targetScaledDensity = 1.000000, targetDensityDpi = 160, targetXdpi = 1.000000, targetScreenWidthDp = 1920, targetScreenHeightDp = 1032
06-17 19:13:57.588 V/GSK-Account:AccountManager( 5159): isLoggedIn=false
06-17 19:13:57.589 D/AndroidAutoSize( 5159): tech.gtt.frontapp.stb.m.home.activity.LoadingActivity used the global configuration.
06-17 19:13:57.589 D/AndroidAutoSize( 5159): The tech.gtt.frontapp.stb.m.home.activity.LoadingActivity has been adapted! 
06-17 19:13:57.589 D/AndroidAutoSize( 5159): LoadingActivity Info: isBaseOnWidth = true, designWidthInDp = 1920.000000, designWidthInSubunits = 1920.000000, targetDensity = 1.000000, targetScaledDensity = 1.000000, targetDensityDpi = 160, targetXdpi = 1.000000, targetScreenWidthDp = 1920, targetScreenHeightDp = 1032
06-17 19:13:57.596 W/WindowManager( 1936): Failed looking up window session=Session{be726c5 5159:u0a10058} callers=com.android.server.wm.WindowManagerService.windowForClientLocked:5850 com.android.server.wm.Session.updateRequestedVisibilities:640 android.view.IWindowSession$Stub.onTransact:1175 
06-17 19:13:57.628 D/gralloc_nox( 1767): gralloc_alloc: Creating ashmem region of size 8298496
06-17 19:13:57.648 D/ProcessState( 5257): Binder ioctl to enable oneway spam detection failed: Invalid argument
06-17 19:13:57.709 D/gralloc_nox( 1767): gralloc_alloc: Creating ashmem region of size 8298496
06-17 19:13:57.714 D/UIAutomatorStub( 5104): URI: /jsonrpc/0, Method: POST, params, {NanoHttpd.QUERY_STRING=null}, files: {postData={"jsonrpc": "2.0", "id": 1, "method": "waitForExists", "params": [{"mask": 2097152, "childOrSibling": [], "childOrSiblingSelector": [], "resourceId": "tech.gtt.frontapp.stb.demo:id/account_login_tv2"}, 20000]}}
06-17 19:13:57.716 D/UiDevice( 5104): Waiting 20000ms for SearchCondition[hasObject=BySelector [RES='\Qtech.gtt.frontapp.stb.demo:id/account_login_tv2\E']].
06-17 19:13:57.716 D/UiDevice( 5104): Searching for node with selector: BySelector [RES='\Qtech.gtt.frontapp.stb.demo:id/account_login_tv2\E'].
06-17 19:13:57.717 W/QueryController( 5104): Could not detect idle state.
06-17 19:13:57.730 D/gralloc_nox( 1767): gralloc_alloc: Creating ashmem region of size 8298496
06-17 19:13:57.787 I/ActivityTaskManager( 1936): Displayed tech.gtt.frontapp.stb.demo/tech.gtt.frontapp.stb.m.home.activity.LoadingActivity: +279ms
06-17 19:13:57.800 D/CompatibilityChangeReporter( 5159): Compat change id reported: 171228096; UID 10058; state: ENABLED
06-17 19:13:57.807 W/DataBinding( 5159): Setting the fragment as the LifecycleOwner might cause memory leaks because views lives shorter than the Fragment. Consider using Fragment's view lifecycle
06-17 19:13:57.822 I/MediaFocusControl( 1936): requestAudioFocus() from uid/pid 10058/5159 AA=USAGE_MEDIA/CONTENT_TYPE_MOVIE clientId=android.media.AudioManager@1be4bcd callingPack=tech.gtt.frontapp.stb.demo req=1 flags=0x0 sdk=35
06-17 19:13:57.822 I/AudioService.FadeOutManager( 1936): unfadeOutUid() uid:10058
06-17 19:13:57.834 W/MediaProvider( 2560): Failed to fetch original file descriptor
06-17 19:13:57.834 W/MediaProvider( 2560): java.io.IOException: stat failed: ENOENT (No such file or directory)
06-17 19:13:57.834 W/MediaProvider( 2560): 	at com.android.providers.media.MediaProvider.getFileFromFileDescriptor(MediaProvider.java:5822)
06-17 19:13:57.834 W/MediaProvider( 2560): 	at com.android.providers.media.MediaProvider.getOriginalMediaFormatFileDescriptor(MediaProvider.java:5739)
06-17 19:13:57.834 W/MediaProvider( 2560): 	at com.android.providers.media.MediaProvider.openTypedAssetFileCommon(MediaProvider.java:7162)
06-17 19:13:57.834 W/MediaProvider( 2560): 	at com.android.providers.media.MediaProvider.openTypedAssetFile(MediaProvider.java:7143)
06-17 19:13:57.834 W/MediaProvider( 2560): 	at android.content.ContentProvider$Transport.openTypedAssetFile(ContentProvider.java:548)
06-17 19:13:57.834 W/MediaProvider( 2560): 	at android.content.ContentProviderNative.onTransact(ContentProviderNative.java:327)
06-17 19:13:57.834 W/MediaProvider( 2560): 	at android.os.Binder.execTransactInternal(Binder.java:1179)
06-17 19:13:57.834 W/MediaProvider( 2560): 	at android.os.Binder.execTransact(Binder.java:1143)
06-17 19:13:57.834 W/MediaProvider( 2560): Caused by: android.system.ErrnoException: stat failed: ENOENT (No such file or directory)
06-17 19:13:57.834 W/MediaProvider( 2560): 	at libcore.io.Linux.stat(Native Method)
06-17 19:13:57.834 W/MediaProvider( 2560): 	at libcore.io.ForwardingOs.stat(ForwardingOs.java:853)
06-17 19:13:57.834 W/MediaProvider( 2560): 	at libcore.io.BlockGuardOs.stat(BlockGuardOs.java:420)
06-17 19:13:57.834 W/MediaProvider( 2560): 	at libcore.io.ForwardingOs.stat(ForwardingOs.java:853)
06-17 19:13:57.834 W/MediaProvider( 2560): 	at android.app.ActivityThread$AndroidOs.stat(ActivityThread.java:7775)
06-17 19:13:57.834 W/MediaProvider( 2560): 	at android.system.Os.stat(Os.java:919)
06-17 19:13:57.834 W/MediaProvider( 2560): 	at com.android.providers.media.MediaProvider.getFileFromFileDescriptor(MediaProvider.java:5816)
06-17 19:13:57.834 W/MediaProvider( 2560): 	... 7 more
06-17 19:13:57.835 D/NuPlayerDriver( 1809): NuPlayerDriver(0xf5c01600) created, clientPid(5159)
06-17 19:13:57.837 D/SurfaceUtils( 1809): connecting to surface 0xf0801948, reason setVideoSurfaceTexture
06-17 19:13:57.838 D/NuPlayer( 1809): onSetVideoSurface(0xf0803270, no video decoder)
06-17 19:13:57.839 D/GenericSource( 1809): FileSource remote
06-17 19:13:57.842 I/SampleTable( 1807): There are reordered frames present.
06-17 19:13:57.845 D/MediaBufferGroup( 1807): creating MemoryDealer
06-17 19:13:57.855 D/MediaPlayerNative( 5159): getMetadata
06-17 19:13:57.861 I/GenericSource( 1809): start
06-17 19:13:57.866 I/OMXClient( 1809): IOmx service obtained
06-17 19:13:57.866 I/OMXStore( 1812): makeComponentInstance(OMX.google.h264.decoder) in android.hardwar process
06-17 19:13:57.866 I/OMXClient( 1809): IOmx service obtained
06-17 19:13:57.866 I/OMXStore( 1812): makeComponentInstance(OMX.google.aac.decoder) in android.hardwar process
06-17 19:13:57.869 D/SurfaceUtils( 1809): disconnecting from surface 0xf0803278, reason onConfigure
06-17 19:13:57.870 D/SurfaceUtils( 1809): connecting to surface 0xf0803278, reason connectToSurface
06-17 19:13:57.871 I/MediaCodec( 1809): [OMX.google.h264.decoder] setting surface generation to 1852419
06-17 19:13:57.871 D/SurfaceUtils( 1809): disconnecting from surface 0xf0803278, reason connectToSurface(reconnect)
06-17 19:13:57.871 D/SurfaceUtils( 1809): connecting to surface 0xf0803278, reason connectToSurface(reconnect)
06-17 19:13:57.872 E/OMXNodeInstance( 1812): setConfig(0xe6d41580:google.aac.decoder, ConfigPriority(0x6f800002)) ERROR: Undefined(0x80001001)
06-17 19:13:57.872 I/ACodec  ( 1809): codec does not support config priority (err -2147483648)
06-17 19:13:57.872 E/OMXNodeInstance( 1812): getExtensionIndex(0xe6d400f0:google.h264.decoder, OMX.google.android.index.enableAndroidNativeBuffers) ERROR: UnsupportedIndex(0x8000101a)
06-17 19:13:57.872 E/ACodec  ( 1809): [OMX.google.h264.decoder] setPortMode on output to DynamicANWBuffer failed w/ err -1010
06-17 19:13:57.872 E/OMXNodeInstance( 1812): getParameter(0xe6d400f0:google.h264.decoder, ??(0x6f600011)) ERROR: UnsupportedIndex(0x8000101a)
06-17 19:13:57.872 E/OMXNodeInstance( 1812): getConfig(0xe6d41580:google.aac.decoder, ConfigAndroidVendorExtension(0x6f100004)) ERROR: Undefined(0x80001001)
06-17 19:13:57.872 W/OMXNodeInstance( 1812): [0xe6d400f0:google.h264.decoder] component does not support metadata mode; using fallback
06-17 19:13:57.873 D/SoftAAC2( 1812): get OMX_IndexParamAudioAndroidAacDrcPresentation
06-17 19:13:57.873 D/SoftVideoDecoderOMXComponent( 1812): Color Aspects preference: 1 
06-17 19:13:57.873 E/OMXNodeInstance( 1812): setConfig(0xe6d400f0:google.h264.decoder, ConfigPriority(0x6f800002)) ERROR: UnsupportedIndex(0x8000101a)
06-17 19:13:57.873 I/ACodec  ( 1809): codec does not support config priority (err -1010)
06-17 19:13:57.873 E/OMXNodeInstance( 1812): setConfig(0xe6d400f0:google.h264.decoder, ConfigOperatingRate(0x6f800003)) ERROR: UnsupportedIndex(0x8000101a)
06-17 19:13:57.873 I/ACodec  ( 1809): codec does not support config operating rate (err -1010)
06-17 19:13:57.873 E/OMXNodeInstance( 1812): getConfig(0xe6d400f0:google.h264.decoder, ConfigAndroidVendorExtension(0x6f100004)) ERROR: UnsupportedIndex(0x8000101a)
06-17 19:13:57.873 I/MediaCodec( 1809): MediaCodec will operate in async mode
06-17 19:13:57.873 D/MediaCodec( 1809): keep callback message for reclaim
06-17 19:13:57.873 E/OMXNodeInstance( 1812): getConfig(0xe6d400f0:google.h264.decoder, ??(0x7f000003)) ERROR: UnsupportedSetting(0x80001019)
06-17 19:13:57.873 I/MediaCodec( 1809): MediaCodec will operate in async mode
06-17 19:13:57.873 D/MediaCodec( 1809): keep callback message for reclaim
06-17 19:13:57.880 I/SoftAAC2( 1812): Reconfiguring decoder: 0->44100 Hz, 0->1 channels
06-17 19:13:57.880 D/SoftAAC2( 1812): get OMX_IndexParamAudioAndroidAacDrcPresentation
06-17 19:13:57.884 W/ResourceManagerService( 1809): Ignoring request to add new resource entry with value <= 0
06-17 19:13:57.887 D/SoftVideoDecoderOMXComponent( 1812): Color Aspects preference: 1 
06-17 19:13:57.889 E/OMXNodeInstance( 1812): getConfig(0xe6d400f0:google.h264.decoder, ??(0x7f000003)) ERROR: UnsupportedSetting(0x80001019)
06-17 19:13:57.895 D/AudioFlinger( 1776): Client defaulted notificationFrames to 11286 for frameCount 22572
06-17 19:13:57.897 D/AF::TrackHandle( 1776): OpPlayAudio: track:59 usage:1 not muted
06-17 19:13:57.962 E/android.hardware.audio.service( 1759): pcm_open called create stream faild
06-17 19:13:57.966 D/MediaCodec( 1809): [OMX.google.h264.decoder] setting dataspace on output surface to #102
06-17 19:13:57.969 D/gralloc_nox( 1767): gralloc_alloc: Creating ashmem region of size 589824
06-17 19:13:57.969 W/MediaPlayerNative( 5159): info/warning (3, 0)
06-17 19:13:57.979 D/SoftwareRenderer( 1809): setting dataspace on output surface to #8000102
06-17 19:13:57.979 D/UiDevice( 5104): Searching for node with selector: BySelector [RES='\Qtech.gtt.frontapp.stb.demo:id/account_login_tv2\E'].
06-17 19:13:57.980 W/QueryController( 5104): Could not detect idle state.
06-17 19:13:57.992 D/gralloc_nox( 1767): gralloc_alloc: Creating ashmem region of size 589824
06-17 19:13:58.003 D/gralloc_nox( 1767): gralloc_alloc: Creating ashmem region of size 589824
06-17 19:13:58.006 D/AudioFlinger( 1776): mixer(0x7e14b2cf8a60) throttle end: throttle time(40)
06-17 19:13:58.018 W/InputManager-JNI( 1936): Input channel object '1c3d28 tech.gtt.frontapp.stb.demo/tech.gtt.frontapp.stb.m.home.activity.SplashActivity (client)' was disposed without first being removed with the input manager!
06-17 19:13:58.123 D/UiDevice( 5104): Searching for node with selector: BySelector [RES='\Qtech.gtt.frontapp.stb.demo:id/account_login_tv2\E'].
06-17 19:13:58.124 W/QueryController( 5104): Could not detect idle state.
06-17 19:13:58.237 D/UiDevice( 5104): Searching for node with selector: BySelector [RES='\Qtech.gtt.frontapp.stb.demo:id/account_login_tv2\E'].
06-17 19:13:58.238 W/QueryController( 5104): Could not detect idle state.
06-17 19:13:58.249 V/GSK-APIS( 5159): received response >>> id: 854888b7 url: https://gtt-app-apigateway-lion.vdemosit.com/api/enduser/messagecenter/message/query/v1 statusCode: 400, exception: null
06-17 19:13:58.249 I/System.out( 5159): [SDKInterceptorPlugin] Unhandled exception in request processing: Something went wrong while connecting to the server, statusCode: 400
06-17 19:13:58.276 D/AudioFlinger( 1776): mixer(0x7e14b2cf8a60) throttle end: throttle time(200)
06-17 19:13:58.341 D/UiDevice( 5104): Searching for node with selector: BySelector [RES='\Qtech.gtt.frontapp.stb.demo:id/account_login_tv2\E'].
06-17 19:13:58.342 W/QueryController( 5104): Could not detect idle state.
06-17 19:13:58.348 D/AudioFlinger( 1776): mixer(0x7e14b2cf8a60) throttle end: throttle time(33)
06-17 19:13:58.448 D/UiDevice( 5104): Searching for node with selector: BySelector [RES='\Qtech.gtt.frontapp.stb.demo:id/account_login_tv2\E'].
06-17 19:13:58.449 W/QueryController( 5104): Could not detect idle state.
06-17 19:13:58.522 D/gralloc_nox( 1767): gralloc_alloc: Creating ashmem region of size 589824
06-17 19:13:58.559 D/UiDevice( 5104): Searching for node with selector: BySelector [RES='\Qtech.gtt.frontapp.stb.demo:id/account_login_tv2\E'].
06-17 19:13:58.560 W/QueryController( 5104): Could not detect idle state.
06-17 19:13:58.665 D/UiDevice( 5104): Searching for node with selector: BySelector [RES='\Qtech.gtt.frontapp.stb.demo:id/account_login_tv2\E'].
06-17 19:13:58.666 W/QueryController( 5104): Could not detect idle state.
06-17 19:13:58.779 D/UiDevice( 5104): Searching for node with selector: BySelector [RES='\Qtech.gtt.frontapp.stb.demo:id/account_login_tv2\E'].
06-17 19:13:58.780 W/QueryController( 5104): Could not detect idle state.
06-17 19:13:58.884 D/UiDevice( 5104): Searching for node with selector: BySelector [RES='\Qtech.gtt.frontapp.stb.demo:id/account_login_tv2\E'].
06-17 19:13:58.884 W/QueryController( 5104): Could not detect idle state.
06-17 19:13:58.989 D/UiDevice( 5104): Searching for node with selector: BySelector [RES='\Qtech.gtt.frontapp.stb.demo:id/account_login_tv2\E'].
06-17 19:13:58.990 W/QueryController( 5104): Could not detect idle state.
06-17 19:13:59.097 D/UiDevice( 5104): Searching for node with selector: BySelector [RES='\Qtech.gtt.frontapp.stb.demo:id/account_login_tv2\E'].
06-17 19:13:59.097 W/QueryController( 5104): Could not detect idle state.
06-17 19:13:59.202 D/UiDevice( 5104): Searching for node with selector: BySelector [RES='\Qtech.gtt.frontapp.stb.demo:id/account_login_tv2\E'].
06-17 19:13:59.202 W/QueryController( 5104): Could not detect idle state.
06-17 19:13:59.306 D/UiDevice( 5104): Searching for node with selector: BySelector [RES='\Qtech.gtt.frontapp.stb.demo:id/account_login_tv2\E'].
06-17 19:13:59.307 W/QueryController( 5104): Could not detect idle state.
06-17 19:13:59.410 D/UiDevice( 5104): Searching for node with selector: BySelector [RES='\Qtech.gtt.frontapp.stb.demo:id/account_login_tv2\E'].
06-17 19:13:59.411 W/QueryController( 5104): Could not detect idle state.
06-17 19:13:59.515 D/UiDevice( 5104): Searching for node with selector: BySelector [RES='\Qtech.gtt.frontapp.stb.demo:id/account_login_tv2\E'].
06-17 19:13:59.515 W/QueryController( 5104): Could not detect idle state.
06-17 19:13:59.618 D/UiDevice( 5104): Searching for node with selector: BySelector [RES='\Qtech.gtt.frontapp.stb.demo:id/account_login_tv2\E'].
06-17 19:13:59.619 W/QueryController( 5104): Could not detect idle state.
06-17 19:13:59.722 D/UiDevice( 5104): Searching for node with selector: BySelector [RES='\Qtech.gtt.frontapp.stb.demo:id/account_login_tv2\E'].
06-17 19:13:59.722 W/QueryController( 5104): Could not detect idle state.
06-17 19:13:59.826 D/UiDevice( 5104): Searching for node with selector: BySelector [RES='\Qtech.gtt.frontapp.stb.demo:id/account_login_tv2\E'].
06-17 19:13:59.826 W/QueryController( 5104): Could not detect idle state.
06-17 19:13:59.932 D/UiDevice( 5104): Searching for node with selector: BySelector [RES='\Qtech.gtt.frontapp.stb.demo:id/account_login_tv2\E'].
06-17 19:13:59.932 W/QueryController( 5104): Could not detect idle state.
06-17 19:14:00.036 D/UiDevice( 5104): Searching for node with selector: BySelector [RES='\Qtech.gtt.frontapp.stb.demo:id/account_login_tv2\E'].
06-17 19:14:00.037 W/QueryController( 5104): Could not detect idle state.
06-17 19:14:00.142 D/UiDevice( 5104): Searching for node with selector: BySelector [RES='\Qtech.gtt.frontapp.stb.demo:id/account_login_tv2\E'].
06-17 19:14:00.143 W/QueryController( 5104): Could not detect idle state.
06-17 19:14:00.247 D/UiDevice( 5104): Searching for node with selector: BySelector [RES='\Qtech.gtt.frontapp.stb.demo:id/account_login_tv2\E'].
06-17 19:14:00.247 W/QueryController( 5104): Could not detect idle state.
06-17 19:14:00.352 D/UiDevice( 5104): Searching for node with selector: BySelector [RES='\Qtech.gtt.frontapp.stb.demo:id/account_login_tv2\E'].
06-17 19:14:00.352 W/QueryController( 5104): Could not detect idle state.
06-17 19:14:00.461 D/UiDevice( 5104): Searching for node with selector: BySelector [RES='\Qtech.gtt.frontapp.stb.demo:id/account_login_tv2\E'].
06-17 19:14:00.461 W/QueryController( 5104): Could not detect idle state.
06-17 19:14:00.565 D/UiDevice( 5104): Searching for node with selector: BySelector [RES='\Qtech.gtt.frontapp.stb.demo:id/account_login_tv2\E'].
06-17 19:14:00.565 W/QueryController( 5104): Could not detect idle state.
06-17 19:14:00.669 D/UiDevice( 5104): Searching for node with selector: BySelector [RES='\Qtech.gtt.frontapp.stb.demo:id/account_login_tv2\E'].
06-17 19:14:00.670 W/QueryController( 5104): Could not detect idle state.
06-17 19:14:00.774 D/UiDevice( 5104): Searching for node with selector: BySelector [RES='\Qtech.gtt.frontapp.stb.demo:id/account_login_tv2\E'].
06-17 19:14:00.775 W/QueryController( 5104): Could not detect idle state.
06-17 19:14:00.882 D/UiDevice( 5104): Searching for node with selector: BySelector [RES='\Qtech.gtt.frontapp.stb.demo:id/account_login_tv2\E'].
06-17 19:14:00.882 W/QueryController( 5104): Could not detect idle state.
06-17 19:14:00.985 D/UiDevice( 5104): Searching for node with selector: BySelector [RES='\Qtech.gtt.frontapp.stb.demo:id/account_login_tv2\E'].
06-17 19:14:00.986 W/QueryController( 5104): Could not detect idle state.
06-17 19:14:01.018 E/TaskPersister( 1936): File error accessing recents directory (directory doesn't exist?).
06-17 19:14:01.088 D/UiDevice( 5104): Searching for node with selector: BySelector [RES='\Qtech.gtt.frontapp.stb.demo:id/account_login_tv2\E'].
06-17 19:14:01.089 W/QueryController( 5104): Could not detect idle state.
06-17 19:14:01.193 D/UiDevice( 5104): Searching for node with selector: BySelector [RES='\Qtech.gtt.frontapp.stb.demo:id/account_login_tv2\E'].
06-17 19:14:01.193 W/QueryController( 5104): Could not detect idle state.
06-17 19:14:01.297 D/UiDevice( 5104): Searching for node with selector: BySelector [RES='\Qtech.gtt.frontapp.stb.demo:id/account_login_tv2\E'].
06-17 19:14:01.297 W/QueryController( 5104): Could not detect idle state.
06-17 19:14:01.402 D/UiDevice( 5104): Searching for node with selector: BySelector [RES='\Qtech.gtt.frontapp.stb.demo:id/account_login_tv2\E'].
06-17 19:14:01.403 W/QueryController( 5104): Could not detect idle state.
06-17 19:14:01.510 D/UiDevice( 5104): Searching for node with selector: BySelector [RES='\Qtech.gtt.frontapp.stb.demo:id/account_login_tv2\E'].
06-17 19:14:01.511 W/QueryController( 5104): Could not detect idle state.
06-17 19:14:01.620 D/UiDevice( 5104): Searching for node with selector: BySelector [RES='\Qtech.gtt.frontapp.stb.demo:id/account_login_tv2\E'].
06-17 19:14:01.621 W/QueryController( 5104): Could not detect idle state.
06-17 19:14:01.632 I/keystore2( 1710): keystore2::watchdog: Watchdog thread idle -> terminating. Have a great day.
06-17 19:14:01.727 D/UiDevice( 5104): Searching for node with selector: BySelector [RES='\Qtech.gtt.frontapp.stb.demo:id/account_login_tv2\E'].
06-17 19:14:01.728 W/QueryController( 5104): Could not detect idle state.
06-17 19:14:01.838 D/UiDevice( 5104): Searching for node with selector: BySelector [RES='\Qtech.gtt.frontapp.stb.demo:id/account_login_tv2\E'].
06-17 19:14:01.838 W/QueryController( 5104): Could not detect idle state.
06-17 19:14:01.928 D/AudioTrack( 1809): stop(11): called with 200704 frames delivered
06-17 19:14:01.946 D/UiDevice( 5104): Searching for node with selector: BySelector [RES='\Qtech.gtt.frontapp.stb.demo:id/account_login_tv2\E'].
06-17 19:14:01.948 W/QueryController( 5104): Could not detect idle state.
06-17 19:14:02.058 D/UiDevice( 5104): Searching for node with selector: BySelector [RES='\Qtech.gtt.frontapp.stb.demo:id/account_login_tv2\E'].
06-17 19:14:02.059 W/QueryController( 5104): Could not detect idle state.
06-17 19:14:02.164 D/UiDevice( 5104): Searching for node with selector: BySelector [RES='\Qtech.gtt.frontapp.stb.demo:id/account_login_tv2\E'].
06-17 19:14:02.164 W/QueryController( 5104): Could not detect idle state.
06-17 19:14:02.270 D/UiDevice( 5104): Searching for node with selector: BySelector [RES='\Qtech.gtt.frontapp.stb.demo:id/account_login_tv2\E'].
06-17 19:14:02.270 W/QueryController( 5104): Could not detect idle state.
06-17 19:14:02.303 D/NuPlayerDriver( 1809): stop(0xf5c01600)
06-17 19:14:02.303 V/MediaPlayer( 5159): resetDrmState:  mDrmInfo=null mDrmProvisioningThread=null mPrepareDrmInProgress=false mActiveDrmScheme=false
06-17 19:14:02.303 V/MediaPlayer( 5159): cleanDrmObj: mDrmObj=null mDrmSessionId=null
06-17 19:14:02.304 D/NuPlayerDriver( 1809): reset(0xf5c01600) at state 8
06-17 19:14:02.309 D/SurfaceUtils( 1809): disconnecting from surface 0xf0803278, reason disconnectFromSurface
06-17 19:14:02.310 D/SurfaceUtils( 1809): connecting to surface 0xf0803278, reason onShutdown
06-17 19:14:02.311 D/NuPlayerDriver( 1809): notifyResetComplete(0xf5c01600)
06-17 19:14:02.311 D/SurfaceUtils( 1809): disconnecting from surface 0xf0801948, reason disconnectNativeWindow
06-17 19:14:02.312 W/AMessage( 1809): failed to post message as target looper for handler 0 is gone.
06-17 19:14:02.312 I/MediaFocusControl( 1936): abandonAudioFocus() from uid/pid 10058/5159 clientId=android.media.AudioManager@1be4bcd
06-17 19:14:02.313 I/ActivityTaskManager( 1936): START u0 {cmp=tech.gtt.frontapp.stb.demo/tech.gtt.frontapp.stb.m.account.activity.LoginMethodSwitchActivity (has extras)} from uid 10058
06-17 19:14:02.315 D/CompatibilityChangeReporter( 1936): Compat change id reported: 174042980; UID 10058; state: DISABLED
06-17 19:14:02.315 D/CompatibilityChangeReporter( 1936): Compat change id reported: 184838306; UID 10058; state: DISABLED
06-17 19:14:02.316 D/CompatibilityChangeReporter( 1936): Compat change id reported: 185004937; UID 10058; state: DISABLED
06-17 19:14:02.316 D/CompatibilityChangeReporter( 1936): Compat change id reported: 181136395; UID 10058; state: DISABLED
06-17 19:14:02.317 D/CompatibilityChangeReporter( 1936): Compat change id reported: 174042936; UID 10058; state: DISABLED
06-17 19:14:02.318 D/CompatibilityChangeReporter( 1936): Compat change id reported: 197654537; UID 10058; state: ENABLED
06-17 19:14:02.319 D/CompatibilityChangeReporter( 1936): Compat change id reported: 168419799; UID 10058; state: DISABLED
06-17 19:14:02.322 I/MediaFocusControl( 1936): abandonAudioFocus() from uid/pid 10058/5159 clientId=android.media.AudioManager@1be4bcd
06-17 19:14:02.322 W/MediaPlayer( 5159): mediaplayer went away with unhandled events
06-17 19:14:02.325 W/MediaPlayer( 5159): mediaplayer went away with unhandled events
06-17 19:14:02.330 W/ActivityTaskManager( 1936): Tried to set launchTime (0) < mLastActivityLaunchTime (1734208)
06-17 19:14:02.340 D/AndroidAutoSize( 5159): tech.gtt.frontapp.stb.m.account.activity.LoginMethodSwitchActivity used the global configuration.
06-17 19:14:02.340 D/AndroidAutoSize( 5159): The tech.gtt.frontapp.stb.m.account.activity.LoginMethodSwitchActivity has been adapted! 
06-17 19:14:02.340 D/AndroidAutoSize( 5159): LoginMethodSwitchActivity Info: isBaseOnWidth = true, designWidthInDp = 1920.000000, designWidthInSubunits = 1920.000000, targetDensity = 1.000000, targetScaledDensity = 1.000000, targetDensityDpi = 160, targetXdpi = 1.000000, targetScreenWidthDp = 1920, targetScreenHeightDp = 1032
06-17 19:14:02.369 D/AndroidAutoSize( 5159): tech.gtt.frontapp.stb.m.account.activity.LoginMethodSwitchActivity used the global configuration.
06-17 19:14:02.370 D/AndroidAutoSize( 5159): The tech.gtt.frontapp.stb.m.account.activity.LoginMethodSwitchActivity has been adapted! 
06-17 19:14:02.370 D/AndroidAutoSize( 5159): LoginMethodSwitchActivity Info: isBaseOnWidth = true, designWidthInDp = 1920.000000, designWidthInSubunits = 1920.000000, targetDensity = 1.000000, targetScaledDensity = 1.000000, targetDensityDpi = 160, targetXdpi = 1.000000, targetScreenWidthDp = 1920, targetScreenHeightDp = 1032
06-17 19:14:02.372 W/WindowManager( 1936): Failed looking up window session=Session{be726c5 5159:u0a10058} callers=com.android.server.wm.WindowManagerService.windowForClientLocked:5850 com.android.server.wm.Session.updateRequestedVisibilities:640 android.view.IWindowSession$Stub.onTransact:1175 
06-17 19:14:02.373 D/UiDevice( 5104): Searching for node with selector: BySelector [RES='\Qtech.gtt.frontapp.stb.demo:id/account_login_tv2\E'].
06-17 19:14:02.373 W/QueryController( 5104): Could not detect idle state.
06-17 19:14:02.386 D/gralloc_nox( 1767): gralloc_alloc: Creating ashmem region of size 8298496
06-17 19:14:02.411 D/gralloc_nox( 1767): gralloc_alloc: Creating ashmem region of size 8298496
06-17 19:14:02.423 D/ProcessState( 5553): Binder ioctl to enable oneway spam detection failed: Invalid argument
06-17 19:14:02.438 D/gralloc_nox( 1767): gralloc_alloc: Creating ashmem region of size 8298496
06-17 19:14:02.489 E/libEGL  ( 5159): called unimplemented OpenGL ES API
06-17 19:14:02.507 I/ActivityTaskManager( 1936): Displayed tech.gtt.frontapp.stb.demo/tech.gtt.frontapp.stb.m.account.activity.LoginMethodSwitchActivity: +192ms
06-17 19:14:02.583 D/UIAutomatorStub( 5104): URI: /jsonrpc/0, Method: POST, params, {NanoHttpd.QUERY_STRING=null}, files: {postData={"jsonrpc": "2.0", "id": 1, "method": "objInfo", "params": [{"mask": 2097152, "childOrSibling": [], "childOrSiblingSelector": [], "resourceId": "tech.gtt.frontapp.stb.demo:id/account_login_tv2"}]}}
06-17 19:14:02.584 D/UiDevice( 5104): Retrieving node with selector: BySelector [RES='\Qtech.gtt.frontapp.stb.demo:id/account_login_tv2\E'].
06-17 19:14:02.585 W/QueryController( 5104): Could not detect idle state.
06-17 19:14:02.588 W/QueryController( 5104): Could not detect idle state.
06-17 19:14:02.589 W/QueryController( 5104): Could not detect idle state.
06-17 19:14:02.590 W/QueryController( 5104): Could not detect idle state.
06-17 19:14:02.592 W/QueryController( 5104): Could not detect idle state.
06-17 19:14:02.595 W/QueryController( 5104): Could not detect idle state.
06-17 19:14:02.597 W/QueryController( 5104): Could not detect idle state.
06-17 19:14:02.599 W/QueryController( 5104): Could not detect idle state.
06-17 19:14:02.601 W/QueryController( 5104): Could not detect idle state.
06-17 19:14:02.602 W/QueryController( 5104): Could not detect idle state.
06-17 19:14:02.603 W/QueryController( 5104): Could not detect idle state.
06-17 19:14:02.604 W/QueryController( 5104): Could not detect idle state.
06-17 19:14:02.605 W/QueryController( 5104): Could not detect idle state.
06-17 19:14:02.606 W/QueryController( 5104): Could not detect idle state.
06-17 19:14:02.607 W/QueryController( 5104): Could not detect idle state.
06-17 19:14:02.611 W/QueryController( 5104): Could not detect idle state.
06-17 19:14:02.617 W/QueryController( 5104): Could not detect idle state.
06-17 19:14:02.618 W/QueryController( 5104): Could not detect idle state.
06-17 19:14:02.650 D/UIAutomatorStub( 5104): URI: /jsonrpc/0, Method: POST, params, {NanoHttpd.QUERY_STRING=null}, files: {postData={"jsonrpc": "2.0", "id": 1, "method": "click", "params": [1390.0, 559.0]}}
06-17 19:14:02.735 W/InputManager-JNI( 1936): Input channel object '86dbbf0 tech.gtt.frontapp.stb.demo/tech.gtt.frontapp.stb.m.home.activity.LoadingActivity (client)' was disposed without first being removed with the input manager!
06-17 19:14:02.864 I/ActivityTaskManager( 1936): START u0 {cmp=tech.gtt.frontapp.stb.demo/tech.gtt.frontapp.stb.m.account.activity.LoginActivity} from uid 10058
06-17 19:14:02.868 W/ActivityTaskManager( 1936): Tried to set launchTime (0) < mLastActivityLaunchTime (1739009)
06-17 19:14:02.875 D/AndroidAutoSize( 5159): tech.gtt.frontapp.stb.m.account.activity.LoginActivity used the global configuration.
06-17 19:14:02.876 D/AndroidAutoSize( 5159): The tech.gtt.frontapp.stb.m.account.activity.LoginActivity has been adapted! 
06-17 19:14:02.876 D/AndroidAutoSize( 5159): LoginActivity Info: isBaseOnWidth = true, designWidthInDp = 1920.000000, designWidthInSubunits = 1920.000000, targetDensity = 1.000000, targetScaledDensity = 1.000000, targetDensityDpi = 160, targetXdpi = 1.000000, targetScreenWidthDp = 1920, targetScreenHeightDp = 1032
06-17 19:14:02.904 D/UIAutomatorStub( 5104): URI: /jsonrpc/0, Method: POST, params, {NanoHttpd.QUERY_STRING=null}, files: {postData={"jsonrpc": "2.0", "id": 1, "method": "waitForExists", "params": [{"mask": 2097152, "childOrSibling": [], "childOrSiblingSelector": [], "resourceId": "tech.gtt.frontapp.stb.demo:id/loginf_et_username"}, 20000]}}
06-17 19:14:02.905 D/UiDevice( 5104): Waiting 20000ms for SearchCondition[hasObject=BySelector [RES='\Qtech.gtt.frontapp.stb.demo:id/loginf_et_username\E']].
06-17 19:14:02.905 D/UiDevice( 5104): Searching for node with selector: BySelector [RES='\Qtech.gtt.frontapp.stb.demo:id/loginf_et_username\E'].
06-17 19:14:02.906 W/QueryController( 5104): Could not detect idle state.
06-17 19:14:02.939 D/AndroidAutoSize( 5159): tech.gtt.frontapp.stb.m.account.activity.LoginActivity used the global configuration.
06-17 19:14:02.939 D/AndroidAutoSize( 5159): The tech.gtt.frontapp.stb.m.account.activity.LoginActivity has been adapted! 
06-17 19:14:02.939 D/AndroidAutoSize( 5159): LoginActivity Info: isBaseOnWidth = true, designWidthInDp = 1920.000000, designWidthInSubunits = 1920.000000, targetDensity = 1.000000, targetScaledDensity = 1.000000, targetDensityDpi = 160, targetXdpi = 1.000000, targetScreenWidthDp = 1920, targetScreenHeightDp = 1032
06-17 19:14:02.943 W/WindowManager( 1936): Failed looking up window session=Session{be726c5 5159:u0a10058} callers=com.android.server.wm.WindowManagerService.windowForClientLocked:5850 com.android.server.wm.Session.updateRequestedVisibilities:640 android.view.IWindowSession$Stub.onTransact:1175 
06-17 19:14:02.963 D/gralloc_nox( 1767): gralloc_alloc: Creating ashmem region of size 8298496
06-17 19:14:02.983 D/gralloc_nox( 1767): gralloc_alloc: Creating ashmem region of size 8298496
06-17 19:14:03.001 D/gralloc_nox( 1767): gralloc_alloc: Creating ashmem region of size 8298496
06-17 19:14:03.002 D/ProcessState( 5565): Binder ioctl to enable oneway spam detection failed: Invalid argument
06-17 19:14:03.010 W/System  ( 1936): A resource failed to call close. 
06-17 19:14:03.010 W/System  ( 1936): A resource failed to call release. 
06-17 19:14:03.068 W/ByMatcher( 5104): Node returned null child: android.view.accessibility.AccessibilityNodeInfo@130ad; boundsInParent: Rect(0, 0 - 680, 65); boundsInScreen: Rect(1050, 318 - 1730, 383); packageName: tech.gtt.frontapp.stb.demo; className: android.widget.LinearLayout; text: null; error: null; maxTextLength: -1; stateDescription: null; contentDescription: null; tooltipText: null; viewIdResName: null; checkable: false; checked: false; focusable: false; focused: false; selected: false; clickable: false; longClickable: false; contextClickable: false; enabled: true; password: false; scrollable: false; importantForAccessibility: false; visible: true; actions: [AccessibilityAction: ACTION_SELECT - null, AccessibilityAction: ACTION_CLEAR_SELECTION - null, AccessibilityAction: ACTION_ACCESSIBILITY_FOCUS - null, AccessibilityAction: ACTION_SHOW_ON_SCREEN - null]
06-17 19:14:03.068 W/ByMatcher( 5104): Skipping null child (0 of 3)
06-17 19:14:03.070 W/ByMatcher( 5104): Node returned null child: android.view.accessibility.AccessibilityNodeInfo@12cec; boundsInParent: Rect(0, 0 - 820, 573); boundsInScreen: Rect(980, 253 - 1800, 826); packageName: tech.gtt.frontapp.stb.demo; className: android.widget.LinearLayout; text: null; error: null; maxTextLength: -1; stateDescription: null; contentDescription: null; tooltipText: null; viewIdResName: null; checkable: false; checked: false; focusable: false; focused: false; selected: false; clickable: false; longClickable: false; contextClickable: false; enabled: true; password: false; scrollable: false; importantForAccessibility: false; visible: true; actions: [AccessibilityAction: ACTION_SELECT - null, AccessibilityAction: ACTION_CLEAR_SELECTION - null, AccessibilityAction: ACTION_ACCESSIBILITY_FOCUS - null, AccessibilityAction: ACTION_SHOW_ON_SCREEN - null]
06-17 19:14:03.070 W/ByMatcher( 5104): Skipping null child (1 of 4)
06-17 19:14:03.071 W/ByMatcher( 5104): Skipping null child (2 of 4)
06-17 19:14:03.072 W/ByMatcher( 5104): Skipping null child (3 of 4)
06-17 19:14:03.073 W/ByMatcher( 5104): Node returned null child: android.view.accessibility.AccessibilityNodeInfo@112a5; boundsInParent: Rect(0, 0 - 1920, 1080); boundsInScreen: Rect(0, 0 - 1920, 1080); packageName: tech.gtt.frontapp.stb.demo; className: android.widget.RelativeLayout; text: null; error: null; maxTextLength: -1; stateDescription: null; contentDescription: null; tooltipText: null; viewIdResName: null; checkable: false; checked: false; focusable: false; focused: false; selected: false; clickable: false; longClickable: false; contextClickable: false; enabled: true; password: false; scrollable: false; importantForAccessibility: false; visible: true; actions: [AccessibilityAction: ACTION_SELECT - null, AccessibilityAction: ACTION_CLEAR_SELECTION - null, AccessibilityAction: ACTION_ACCESSIBILITY_FOCUS - null, AccessibilityAction: ACTION_SHOW_ON_SCREEN - null]
06-17 19:14:03.073 W/ByMatcher( 5104): Skipping null child (2 of 3)
06-17 19:14:03.074 W/ByMatcher( 5104): Node returned null child: android.view.accessibility.AccessibilityNodeInfo@80006d79; boundsInParent: Rect(0, 0 - 1920, 1080); boundsInScreen: Rect(0, 0 - 1920, 1080); packageName: tech.gtt.frontapp.stb.demo; className: android.widget.FrameLayout; text: null; error: null; maxTextLength: -1; stateDescription: null; contentDescription: null; tooltipText: null; viewIdResName: null; checkable: false; checked: false; focusable: false; focused: false; selected: false; clickable: false; longClickable: false; contextClickable: false; enabled: true; password: false; scrollable: false; importantForAccessibility: true; visible: true; actions: [AccessibilityAction: ACTION_SELECT - null, AccessibilityAction: ACTION_CLEAR_SELECTION - null, AccessibilityAction: ACTION_ACCESSIBILITY_FOCUS - null, AccessibilityAction: ACTION_SHOW_ON_SCREEN - null]
06-17 19:14:03.079 I/ActivityTaskManager( 1936): Displayed tech.gtt.frontapp.stb.demo/tech.gtt.frontapp.stb.m.account.activity.LoginActivity: +212ms
06-17 19:14:03.079 W/ByMatcher( 5104): Skipping null child (0 of 1)
06-17 19:14:03.180 D/UiDevice( 5104): Searching for node with selector: BySelector [RES='\Qtech.gtt.frontapp.stb.demo:id/loginf_et_username\E'].
06-17 19:14:03.181 W/QueryController( 5104): Could not detect idle state.
06-17 19:14:03.234 D/UIAutomatorStub( 5104): URI: /jsonrpc/0, Method: POST, params, {NanoHttpd.QUERY_STRING=null}, files: {postData={"jsonrpc": "2.0", "id": 1, "method": "objInfo", "params": [{"mask": 2097152, "childOrSibling": [], "childOrSiblingSelector": [], "resourceId": "tech.gtt.frontapp.stb.demo:id/loginf_et_username"}]}}
06-17 19:14:03.238 D/UiDevice( 5104): Retrieving node with selector: BySelector [RES='\Qtech.gtt.frontapp.stb.demo:id/loginf_et_username\E'].
06-17 19:14:03.240 W/QueryController( 5104): Could not detect idle state.
06-17 19:14:03.251 W/QueryController( 5104): Could not detect idle state.
06-17 19:14:03.256 W/QueryController( 5104): Could not detect idle state.
06-17 19:14:03.259 W/QueryController( 5104): Could not detect idle state.
06-17 19:14:03.261 W/QueryController( 5104): Could not detect idle state.
06-17 19:14:03.264 W/QueryController( 5104): Could not detect idle state.
06-17 19:14:03.265 W/QueryController( 5104): Could not detect idle state.
06-17 19:14:03.267 W/QueryController( 5104): Could not detect idle state.
06-17 19:14:03.267 W/QueryController( 5104): Could not detect idle state.
06-17 19:14:03.268 W/QueryController( 5104): Could not detect idle state.
06-17 19:14:03.270 W/QueryController( 5104): Could not detect idle state.
06-17 19:14:03.271 W/QueryController( 5104): Could not detect idle state.
06-17 19:14:03.272 W/QueryController( 5104): Could not detect idle state.
06-17 19:14:03.273 W/QueryController( 5104): Could not detect idle state.
06-17 19:14:03.273 W/QueryController( 5104): Could not detect idle state.
06-17 19:14:03.275 W/QueryController( 5104): Could not detect idle state.
06-17 19:14:03.278 W/QueryController( 5104): Could not detect idle state.
06-17 19:14:03.280 W/QueryController( 5104): Could not detect idle state.
06-17 19:14:03.300 D/UIAutomatorStub( 5104): URI: /jsonrpc/0, Method: POST, params, {NanoHttpd.QUERY_STRING=null}, files: {postData={"jsonrpc": "2.0", "id": 1, "method": "click", "params": [1057.0, 437.0]}}
06-17 19:14:03.342 W/SurfaceFlinger( 1779): couldn't log to binary event log: overflow.
06-17 19:14:03.433 D/CompatibilityChangeReporter( 5159): Compat change id reported: 163400105; UID 10058; state: ENABLED
06-17 19:14:03.434 D/InputMethodManager( 5159): showSoftInput() view=tech.gtt.frontapp.stb.c.ui.edittext.EmailAutoCompleteTextView{b2e5e7d VFED..CL. .F.P..ID 0,0-700,92 #7f0b02ce app:id/loginf_et_username aid=1073741824} flags=0 reason=SHOW_SOFT_INPUT
06-17 19:14:03.434 V/InputMethodService( 3034): onEvaluateInputViewShown: config.hardKeyboardHidden = 2
06-17 19:14:03.434 V/InputMethodService( 3034): onEvaluateInputViewShown: config.hardKeyboardHidden = 2
06-17 19:14:03.434 I/AdbKeyboard( 3034): imeAction: 5 Next
06-17 19:14:03.446 D/gralloc_nox( 1767): gralloc_alloc: Creating ashmem region of size 647168
06-17 19:14:03.469 D/gralloc_nox( 1767): gralloc_alloc: Creating ashmem region of size 647168
06-17 19:14:03.472 D/gralloc_nox( 1767): gralloc_alloc: Creating ashmem region of size 647168
06-17 19:14:03.479 D/UIAutomatorStub( 5104): URI: /jsonrpc/0, Method: POST, params, {NanoHttpd.QUERY_STRING=null}, files: {postData={"jsonrpc": "2.0", "id": 1, "method": "waitForExists", "params": [{"mask": 2097152, "childOrSibling": [], "childOrSiblingSelector": [], "resourceId": "tech.gtt.frontapp.stb.demo:id/loginf_et_username"}, 20000]}}
06-17 19:14:03.480 D/ProcessState( 5575): Binder ioctl to enable oneway spam detection failed: Invalid argument
06-17 19:14:03.481 E/SELinux ( 1566): avc:  denied  { find } for pid=5575 uid=0 name=settings scontext=u:r:init:s0 tcontext=u:object_r:settings_service:s0 tclass=service_manager permissive=1
06-17 19:14:03.481 D/UiDevice( 5104): Waiting 20000ms for SearchCondition[hasObject=BySelector [RES='\Qtech.gtt.frontapp.stb.demo:id/loginf_et_username\E']].
06-17 19:14:03.481 D/UiDevice( 5104): Searching for node with selector: BySelector [RES='\Qtech.gtt.frontapp.stb.demo:id/loginf_et_username\E'].
06-17 19:14:03.482 W/QueryController( 5104): Could not detect idle state.
06-17 19:14:03.483 D/InsetsController( 5159): show(ime(), fromIme=true)
06-17 19:14:03.526 D/UIAutomatorStub( 5104): URI: /jsonrpc/0, Method: POST, params, {NanoHttpd.QUERY_STRING=null}, files: {postData={"jsonrpc": "2.0", "id": 1, "method": "setText", "params": [{"mask": 2097152, "childOrSibling": [], "childOrSiblingSelector": [], "resourceId": "tech.gtt.frontapp.stb.demo:id/loginf_et_username"}, "0609@ipwangxin.cn"]}}
06-17 19:14:03.528 D/UiDevice( 5104): Retrieving node with selector: BySelector [RES='\Qtech.gtt.frontapp.stb.demo:id/loginf_et_username\E'].
06-17 19:14:03.529 W/QueryController( 5104): Could not detect idle state.
06-17 19:14:03.532 W/QueryController( 5104): Could not detect idle state.
06-17 19:14:03.534 D/UiObject2( 5104): Clicking on (1057, 437).
06-17 19:14:03.553 D/InputMethodManager( 5159): showSoftInput() view=tech.gtt.frontapp.stb.c.ui.edittext.EmailAutoCompleteTextView{b2e5e7d VFED..CL. .F.P.... 0,0-700,92 #7f0b02ce app:id/loginf_et_username aid=1073741824} flags=0 reason=SHOW_SOFT_INPUT
06-17 19:14:03.554 V/InputMethodService( 3034): onEvaluateInputViewShown: config.hardKeyboardHidden = 2
06-17 19:14:03.554 V/InputMethodService( 3034): onEvaluateInputViewShown: config.hardKeyboardHidden = 2
06-17 19:14:03.556 D/InsetsController( 5159): show(ime(), fromIme=true)
06-17 19:14:03.568 W/GestureController( 5104): Gestures took longer than expected (33ms >> 16ms), device might be in a busy state.
06-17 19:14:03.568 D/UiDevice( 5104): Retrieving node with selector: BySelector [RES='\Qtech.gtt.frontapp.stb.demo:id/loginf_et_username\E'].
06-17 19:14:03.569 W/QueryController( 5104): Could not detect idle state.
06-17 19:14:03.571 W/QueryController( 5104): Could not detect idle state.
06-17 19:14:03.572 D/UiObject2( 5104): Setting text to '0609@ipwangxin.cn'.
06-17 19:14:03.579 I/AdbKeyboard( 3034): imeAction: 5 Next
06-17 19:14:03.580 V/InputMethodService( 3034): onEvaluateInputViewShown: config.hardKeyboardHidden = 2
06-17 19:14:03.580 V/InputMethodService( 3034): onEvaluateInputViewShown: config.hardKeyboardHidden = 2
06-17 19:14:03.644 D/InsetsController( 5159): show(ime(), fromIme=true)
06-17 19:14:03.667 D/UIAutomatorStub( 5104): URI: /jsonrpc/0, Method: POST, params, {NanoHttpd.QUERY_STRING=null}, files: {postData={"jsonrpc": "2.0", "id": 1, "method": "waitForExists", "params": [{"mask": 2097152, "childOrSibling": [], "childOrSiblingSelector": [], "resourceId": "tech.gtt.frontapp.stb.demo:id/et_pwd"}, 20000]}}
06-17 19:14:03.668 D/UiDevice( 5104): Waiting 20000ms for SearchCondition[hasObject=BySelector [RES='\Qtech.gtt.frontapp.stb.demo:id/et_pwd\E']].
06-17 19:14:03.668 D/UiDevice( 5104): Searching for node with selector: BySelector [RES='\Qtech.gtt.frontapp.stb.demo:id/et_pwd\E'].
06-17 19:14:03.669 W/QueryController( 5104): Could not detect idle state.
06-17 19:14:03.709 D/UIAutomatorStub( 5104): URI: /jsonrpc/0, Method: POST, params, {NanoHttpd.QUERY_STRING=null}, files: {postData={"jsonrpc": "2.0", "id": 1, "method": "objInfo", "params": [{"mask": 2097152, "childOrSibling": [], "childOrSiblingSelector": [], "resourceId": "tech.gtt.frontapp.stb.demo:id/et_pwd"}]}}
06-17 19:14:03.713 D/UiDevice( 5104): Retrieving node with selector: BySelector [RES='\Qtech.gtt.frontapp.stb.demo:id/et_pwd\E'].
06-17 19:14:03.714 W/QueryController( 5104): Could not detect idle state.
06-17 19:14:03.731 W/QueryController( 5104): Could not detect idle state.
06-17 19:14:03.734 W/QueryController( 5104): Could not detect idle state.
06-17 19:14:03.736 W/NotificationHistory( 1936): Attempted to add notif for locked/gone/disabled user 0
06-17 19:14:03.736 W/QueryController( 5104): Could not detect idle state.
06-17 19:14:03.739 W/QueryController( 5104): Could not detect idle state.
06-17 19:14:03.741 W/QueryController( 5104): Could not detect idle state.
06-17 19:14:03.743 W/QueryController( 5104): Could not detect idle state.
06-17 19:14:03.745 W/QueryController( 5104): Could not detect idle state.
06-17 19:14:03.747 W/QueryController( 5104): Could not detect idle state.
06-17 19:14:03.748 D/InterruptionStateProvider( 2106): No bubble up: not allowed to bubble: -1|android|8|null|1000
06-17 19:14:03.749 D/InterruptionStateProvider( 2106): No heads up: unimportant notification: -1|android|8|null|1000
06-17 19:14:03.749 D/PeopleSpaceWidgetMgr( 2106): Sbn doesn't contain valid PeopleTileKey: null/-1/android
06-17 19:14:03.749 W/QueryController( 5104): Could not detect idle state.
06-17 19:14:03.751 W/QueryController( 5104): Could not detect idle state.
06-17 19:14:03.753 W/QueryController( 5104): Could not detect idle state.
06-17 19:14:03.754 W/QueryController( 5104): Could not detect idle state.
06-17 19:14:03.755 W/QueryController( 5104): Could not detect idle state.
06-17 19:14:03.756 W/QueryController( 5104): Could not detect idle state.
06-17 19:14:03.758 W/QueryController( 5104): Could not detect idle state.
06-17 19:14:03.761 W/QueryController( 5104): Could not detect idle state.
06-17 19:14:03.762 W/QueryController( 5104): Could not detect idle state.
06-17 19:14:03.765 D/InterruptionStateProvider( 2106): No bubble up: not allowed to bubble: -1|android|8|null|1000
06-17 19:14:03.765 D/InterruptionStateProvider( 2106): No heads up: unimportant notification: -1|android|8|null|1000
06-17 19:14:03.767 D/PeopleSpaceWidgetMgr( 2106): Sbn doesn't contain valid PeopleTileKey: null/-1/android
06-17 19:14:03.780 D/UIAutomatorStub( 5104): URI: /jsonrpc/0, Method: POST, params, {NanoHttpd.QUERY_STRING=null}, files: {postData={"jsonrpc": "2.0", "id": 1, "method": "click", "params": [1057.0, 559.0]}}
06-17 19:14:03.811 D/InterruptionStateProvider( 2106): No bubble up: not allowed to bubble: -1|android|8|null|1000
06-17 19:14:03.811 D/InterruptionStateProvider( 2106): No heads up: unimportant notification: -1|android|8|null|1000
06-17 19:14:03.816 D/PeopleSpaceWidgetMgr( 2106): Sbn doesn't contain valid PeopleTileKey: null/-1/android
06-17 19:14:03.904 I/AdbKeyboard( 3034): imeAction: 5 Next
06-17 19:14:03.904 D/InputMethodManager( 5159): showSoftInput() view=tech.gtt.frontapp.stb.c.ui.edittext.NormalFocusEditText{ec17f1f VFED..CL. .F.P..ID 0,0-700,92 #7f0b0172 app:id/et_pwd aid=1073741826} flags=0 reason=SHOW_SOFT_INPUT
06-17 19:14:03.904 V/InputMethodService( 3034): onEvaluateInputViewShown: config.hardKeyboardHidden = 2
06-17 19:14:03.904 V/InputMethodService( 3034): onEvaluateInputViewShown: config.hardKeyboardHidden = 2
06-17 19:14:03.905 V/InputMethodService( 3034): onEvaluateInputViewShown: config.hardKeyboardHidden = 2
06-17 19:14:03.905 V/InputMethodService( 3034): onEvaluateInputViewShown: config.hardKeyboardHidden = 2
06-17 19:14:03.911 D/InsetsController( 5159): show(ime(), fromIme=true)
06-17 19:14:03.912 D/InsetsController( 5159): show(ime(), fromIme=true)
06-17 19:14:03.961 D/UIAutomatorStub( 5104): URI: /jsonrpc/0, Method: POST, params, {NanoHttpd.QUERY_STRING=null}, files: {postData={"jsonrpc": "2.0", "id": 1, "method": "waitForExists", "params": [{"mask": 2097152, "childOrSibling": [], "childOrSiblingSelector": [], "resourceId": "tech.gtt.frontapp.stb.demo:id/et_pwd"}, 20000]}}
06-17 19:14:03.964 D/UiDevice( 5104): Waiting 20000ms for SearchCondition[hasObject=BySelector [RES='\Qtech.gtt.frontapp.stb.demo:id/et_pwd\E']].
06-17 19:14:03.964 D/UiDevice( 5104): Searching for node with selector: BySelector [RES='\Qtech.gtt.frontapp.stb.demo:id/et_pwd\E'].
06-17 19:14:03.965 W/QueryController( 5104): Could not detect idle state.
06-17 19:14:04.012 D/UIAutomatorStub( 5104): URI: /jsonrpc/0, Method: POST, params, {NanoHttpd.QUERY_STRING=null}, files: {postData={"jsonrpc": "2.0", "id": 1, "method": "setText", "params": [{"mask": 2097152, "childOrSibling": [], "childOrSiblingSelector": [], "resourceId": "tech.gtt.frontapp.stb.demo:id/et_pwd"}, "123456"]}}
06-17 19:14:04.015 D/UiDevice( 5104): Retrieving node with selector: BySelector [RES='\Qtech.gtt.frontapp.stb.demo:id/et_pwd\E'].
06-17 19:14:04.016 W/QueryController( 5104): Could not detect idle state.
06-17 19:14:04.034 W/QueryController( 5104): Could not detect idle state.
06-17 19:14:04.038 D/UiObject2( 5104): Clicking on (1057, 559).
06-17 19:14:04.052 D/InputMethodManager( 5159): showSoftInput() view=tech.gtt.frontapp.stb.c.ui.edittext.NormalFocusEditText{ec17f1f VFED..CL. .F.P.... 0,0-700,92 #7f0b0172 app:id/et_pwd aid=1073741826} flags=0 reason=SHOW_SOFT_INPUT
06-17 19:14:04.052 V/InputMethodService( 3034): onEvaluateInputViewShown: config.hardKeyboardHidden = 2
06-17 19:14:04.053 V/InputMethodService( 3034): onEvaluateInputViewShown: config.hardKeyboardHidden = 2
06-17 19:14:04.054 D/InsetsController( 5159): show(ime(), fromIme=true)
06-17 19:14:04.068 D/UiDevice( 5104): Retrieving node with selector: BySelector [RES='\Qtech.gtt.frontapp.stb.demo:id/et_pwd\E'].
06-17 19:14:04.068 W/QueryController( 5104): Could not detect idle state.
06-17 19:14:04.071 W/QueryController( 5104): Could not detect idle state.
06-17 19:14:04.073 D/UiObject2( 5104): Setting text to '123456'.
06-17 19:14:04.078 I/AdbKeyboard( 3034): imeAction: 5 Next
06-17 19:14:04.078 V/InputMethodService( 3034): onEvaluateInputViewShown: config.hardKeyboardHidden = 2
06-17 19:14:04.078 V/InputMethodService( 3034): onEvaluateInputViewShown: config.hardKeyboardHidden = 2
06-17 19:14:04.096 D/InsetsController( 5159): show(ime(), fromIme=true)
