--------- beginning of main
06-17 19:13:51.121 D/ProcessState( 5130): Binder ioctl to enable oneway spam detection failed: Invalid argument
--------- beginning of system
06-17 19:13:51.123 I/ActivityManager( 1936): Force stopping tech.gtt.frontapp.stb.demo appid=10058 user=0: clear data
06-17 19:13:51.127 I/ActivityManager( 1936): Force stopping tech.gtt.frontapp.stb.demo appid=10058 user=-1: clearApplicationUserData
06-17 19:13:51.151 I/MediaProvider( 2560): Begin Intent { act=android.intent.action.PACKAGE_DATA_CLEARED dat=package:tech.gtt.frontapp.stb.demo flg=0x1000010 cmp=com.android.providers.media.module/com.android.providers.media.MediaService (has extras) }
06-17 19:13:51.151 D/MediaProvider( 2560): Deleted 0 Android/media items belonging to tech.gtt.frontapp.stb.demo on /data/user/0/com.android.providers.media.module/databases/external.db
06-17 19:13:51.151 I/MediaProvider( 2560): End Intent { act=android.intent.action.PACKAGE_DATA_CLEARED dat=package:tech.gtt.frontapp.stb.demo flg=0x1000010 cmp=com.android.providers.media.module/com.android.providers.media.MediaService (has extras) }
06-17 19:13:51.195 D/AndroidRuntime( 5144): >>>>>> START com.android.internal.os.RuntimeInit uid 0 <<<<<<
06-17 19:13:51.197 I/AndroidRuntime( 5144): Using default boot image
06-17 19:13:51.197 I/AndroidRuntime( 5144): Leaving lock profiling enabled
06-17 19:13:51.198 W/app_process( 5144): ART APEX data files are untrusted.
06-17 19:13:51.198 I/app_process( 5144): Core platform API reporting enabled, enforcing=false
06-17 19:13:51.229 D/app_process( 5144): Time zone APEX ICU file found: /apex/com.android.tzdata/etc/icu/icu_tzdata.dat
06-17 19:13:51.229 D/app_process( 5144): I18n APEX ICU file found: /apex/com.android.i18n/etc/icu/icudt68l.dat
06-17 19:13:51.233 W/app_process( 5144): Unexpected CPU variant for X86 using defaults: x86_64
06-17 19:13:51.245 D/ProcessState( 5144): Binder ioctl to enable oneway spam detection failed: Invalid argument
06-17 19:13:51.245 D/AndroidRuntime( 5144): Calling main entry com.android.commands.monkey.Monkey
06-17 19:13:51.245 W/Monkey  ( 5144): args: [-p, tech.gtt.frontapp.stb.demo, -c, android.intent.category.LAUNCHER, 1]
06-17 19:13:51.246 W/Monkey  ( 5144):  arg: "-p"
06-17 19:13:51.246 W/Monkey  ( 5144):  arg: "tech.gtt.frontapp.stb.demo"
06-17 19:13:51.246 W/Monkey  ( 5144):  arg: "-c"
06-17 19:13:51.246 W/Monkey  ( 5144):  arg: "android.intent.category.LAUNCHER"
06-17 19:13:51.246 W/Monkey  ( 5144):  arg: "1"
06-17 19:13:51.248 W/Monkey  ( 5144): data="tech.gtt.frontapp.stb.demo"
06-17 19:13:51.248 W/Monkey  ( 5144): data="android.intent.category.LAUNCHER"
06-17 19:13:51.276 W/BroadcastQueue( 1936): Skipping deliver [background] BroadcastRecord{a7fcd4f u-1 android.net.conn.CONNECTIVITY_CHANGE} to ReceiverList{312acdc 5144 (unknown name)/0/u-1 remote:6599c29}: process gone or crashing
06-17 19:13:51.281 I/ActivityTaskManager( 1936): START u0 {act=android.intent.action.MAIN cat=[android.intent.category.LAUNCHER] flg=0x10200000 cmp=tech.gtt.frontapp.stb.demo/tech.gtt.frontapp.stb.m.home.activity.SplashActivity} from uid 0
06-17 19:13:51.282 W/ActivityTaskManager( 1936): Can't find TaskDisplayArea to determine support for multi window. Task id=20 attached=false
06-17 19:13:51.288 I/Monkey  ( 5144): Events injected: 1
06-17 19:13:51.300 D/CompatibilityChangeReporter( 1936): Compat change id reported: 135634846; UID 10058; state: DISABLED
06-17 19:13:51.300 D/CompatibilityChangeReporter( 1936): Compat change id reported: 143937733; UID 10058; state: ENABLED
06-17 19:13:51.300 I/Monkey  ( 5144): ## Network stats: elapsed time=14ms (0ms mobile, 0ms wifi, 14ms not connected)
06-17 19:13:51.315 D/gralloc_nox( 1767): gralloc_alloc: Creating ashmem region of size 8298496
06-17 19:13:51.379 D/Zygote  ( 1756): Forked child process 5159
06-17 19:13:51.379 W/ActivityManager( 1936): Slow operation: 81ms so far, now at startProcess: returned from zygote!
06-17 19:13:51.379 D/gralloc_nox( 1767): gralloc_alloc: Creating ashmem region of size 8298496
06-17 19:13:51.380 I/app_process( 5144): System.exit called, status: 0
06-17 19:13:51.380 I/AndroidRuntime( 5144): VM exiting with result code 0.
06-17 19:13:51.380 W/ActivityManager( 1936): Slow operation: 82ms so far, now at startProcess: done updating battery stats
06-17 19:13:51.380 W/ActivityManager( 1936): Slow operation: 82ms so far, now at startProcess: building log message
06-17 19:13:51.381 I/ActivityManager( 1936): Start proc 5159:tech.gtt.frontapp.stb.demo/u0a58 for pre-top-activity {tech.gtt.frontapp.stb.demo/tech.gtt.frontapp.stb.m.home.activity.SplashActivity}
06-17 19:13:51.381 W/ActivityManager( 1936): Slow operation: 82ms so far, now at startProcess: starting to update pids map
06-17 19:13:51.381 W/ActivityManager( 1936): Slow operation: 82ms so far, now at startProcess: done updating pids map
06-17 19:13:51.391 I/Zygote  ( 5159): seccomp disabled by setenforce 0
06-17 19:13:51.401 W/ontapp.stb.dem( 5159): Unexpected CPU variant for X86 using defaults: x86_64
06-17 19:13:51.413 D/ProcessState( 5159): Binder ioctl to enable oneway spam detection failed: Invalid argument
06-17 19:13:51.419 D/gralloc_nox( 1767): gralloc_alloc: Creating ashmem region of size 8298496
06-17 19:13:51.438 E/ashmem  ( 5159): memfd: ro.vndk.version not defined or invalid (), this is mandated since P.
06-17 19:13:51.446 D/CompatibilityChangeReporter( 5159): Compat change id reported: 171979766; UID 10058; state: ENABLED
06-17 19:13:51.486 V/GraphicsEnvironment( 5159): ANGLE Developer option for 'tech.gtt.frontapp.stb.demo' set to: 'default'
06-17 19:13:51.486 V/GraphicsEnvironment( 5159): ANGLE GameManagerService for tech.gtt.frontapp.stb.demo: false
06-17 19:13:51.486 V/GraphicsEnvironment( 5159): Neither updatable production driver nor prerelease driver is supported.
06-17 19:13:51.489 D/NetworkSecurityConfig( 5159): Using Network Security Config from resource network_security_config debugBuild: false
06-17 19:13:51.490 D/NetworkSecurityConfig( 5159): Using Network Security Config from resource network_security_config debugBuild: false
06-17 19:13:51.495 I/MultiDex( 5159): VM with version 2.1.0 has multidex support
06-17 19:13:51.495 I/MultiDex( 5159): Installing application
06-17 19:13:51.495 I/MultiDex( 5159): VM has multidex support, MultiDex support library is disabled.
06-17 19:13:51.495 E/[Package]( 5159): params: AppConfiguration(vnoId='11026504', brandId='d0k7d3p3kdikth2o3q6g', appId='d0jucrbq6bt4h33c0ma0', sourceId='30006401-31002837', authServers='https://gtt-app-apigateway-lion.vdemosit.com', shareKey='S2kQMgUSugYyMlk5QclHDaF0uDsFnB0oJoFeAFgsKb8=', packageName='tech.gtt.frontapp.stb.demo', appName='Goose TV', appVersionName='v1.0.0', appVersionCode='7', pluginVersionCode='1', pluginVersionName='6.0.0-beta-build5', packageSeq='1', buglyAppId='d76a04165f', buglyKey='13b89b2d-1c12-4c4f-93b8-46e3c2ef9f73', baseVersionCode='20000066', gitTag='2.1.4-beta6', supportLang='en,pt,es', defaultLang='en', bootLoadType='1')
06-17 19:13:51.495 W/System.err( 5159): java.lang.ClassNotFoundException: tech.gtt.frontapp.stb.docker.plugin.PluginUtils
06-17 19:13:51.495 W/System.err( 5159): 	at java.lang.Class.classForName(Native Method)
06-17 19:13:51.495 W/System.err( 5159): 	at java.lang.Class.forName(Class.java:454)
06-17 19:13:51.495 W/System.err( 5159): 	at java.lang.Class.forName(Class.java:379)
06-17 19:13:51.495 W/System.err( 5159): 	at ot.e.b(SourceFile:3)
06-17 19:13:51.495 W/System.err( 5159): 	at tech.gtt.frontapp.stb.app.MainApplication.attachBaseContext(SourceFile:130)
06-17 19:13:51.495 W/System.err( 5159): 	at android.app.Application.attach(Application.java:338)
06-17 19:13:51.495 W/System.err( 5159): 	at android.app.Instrumentation.newApplication(Instrumentation.java:1190)
06-17 19:13:51.495 W/System.err( 5159): 	at android.app.LoadedApk.makeApplication(LoadedApk.java:1361)
06-17 19:13:51.495 W/System.err( 5159): 	at android.app.ActivityThread.handleBindApplication(ActivityThread.java:6728)
06-17 19:13:51.495 W/System.err( 5159): 	at android.app.ActivityThread.access$1500(ActivityThread.java:256)
06-17 19:13:51.495 W/System.err( 5159): 	at android.app.ActivityThread$H.handleMessage(ActivityThread.java:2091)
06-17 19:13:51.495 W/System.err( 5159): 	at android.os.Handler.dispatchMessage(Handler.java:106)
06-17 19:13:51.495 W/System.err( 5159): 	at android.os.Looper.loopOnce(Looper.java:201)
06-17 19:13:51.495 W/System.err( 5159): 	at android.os.Looper.loop(Looper.java:288)
06-17 19:13:51.495 W/System.err( 5159): 	at android.app.ActivityThread.main(ActivityThread.java:7875)
06-17 19:13:51.495 W/System.err( 5159): 	at java.lang.reflect.Method.invoke(Native Method)
06-17 19:13:51.495 W/System.err( 5159): 	at com.android.internal.os.RuntimeInit$MethodAndArgsCaller.run(RuntimeInit.java:568)
06-17 19:13:51.495 W/System.err( 5159): 	at com.android.internal.os.ZygoteInit.main(ZygoteInit.java:1005)
06-17 19:13:51.495 W/System.err( 5159): Caused by: java.lang.ClassNotFoundException: tech.gtt.frontapp.stb.docker.plugin.PluginUtils
06-17 19:13:51.495 W/System.err( 5159): 	... 18 more
06-17 19:13:51.495 E/[Package]( 5159): isInPluginMode: false
06-17 19:13:51.497 I/CustomActivityOnCrash( 5159): CustomActivityOnCrash has been installed.
06-17 19:13:51.497 I/System.out( 5159): Modular_Init : a - initialize
06-17 19:13:51.499 I/System.out( 5159): Modular_Init : d - initialize
06-17 19:13:51.500 I/System.out( 5159): Modular_Init : a - initialize
06-17 19:13:51.501 I/System.out( 5159): Modular_Init : a - initialize
06-17 19:13:51.501 D/[CatchupInitModule]( 5159): init---
06-17 19:13:51.501 I/System.out( 5159): Modular_Init : a - initialize
06-17 19:13:51.501 D/[ReplayInitialize]( 5159): init---
06-17 19:13:51.501 I/System.out( 5159): Modular_Init : a - initialize
06-17 19:13:51.501 D/[LiveInitialize]( 5159): init---
06-17 19:13:51.501 I/System.out( 5159): Modular_Init : b - initialize
06-17 19:13:51.502 D/AndroidAutoSize( 5159): designWidthInDp = 360, designHeightInDp = 640, screenWidth = 1920, screenHeight = 1080
06-17 19:13:51.502 D/AndroidAutoSize( 5159): initDensity = 2.0, initScaledDensity = 2.0
06-17 19:13:51.566 D/AndroidAutoSize( 5159): tech.gtt.frontapp.stb.m.home.activity.SplashActivity used the global configuration.
06-17 19:13:51.580 D/AndroidAutoSize( 5159): The tech.gtt.frontapp.stb.m.home.activity.SplashActivity has been adapted! 
06-17 19:13:51.580 D/AndroidAutoSize( 5159): SplashActivity Info: isBaseOnWidth = true, designWidthInDp = 1920.000000, designWidthInSubunits = 1920.000000, targetDensity = 1.000000, targetScaledDensity = 1.000000, targetDensityDpi = 160, targetXdpi = 1.000000, targetScreenWidthDp = 1920, targetScreenHeightDp = 1032
06-17 19:13:51.632 D/AndroidAutoSize( 5159): tech.gtt.frontapp.stb.m.home.activity.SplashActivity used the global configuration.
06-17 19:13:51.632 D/AndroidAutoSize( 5159): The tech.gtt.frontapp.stb.m.home.activity.SplashActivity has been adapted! 
06-17 19:13:51.632 D/AndroidAutoSize( 5159): SplashActivity Info: isBaseOnWidth = true, designWidthInDp = 1920.000000, designWidthInSubunits = 1920.000000, targetDensity = 1.000000, targetScaledDensity = 1.000000, targetDensityDpi = 160, targetXdpi = 1.000000, targetScreenWidthDp = 1920, targetScreenHeightDp = 1032
06-17 19:13:51.636 I/ActivityTaskManager( 1936): START u0 {act=android.content.pm.action.REQUEST_PERMISSIONS pkg=com.android.permissioncontroller cmp=com.android.permissioncontroller/.permission.ui.GrantPermissionsActivity (has extras)} from uid 10058
06-17 19:13:51.665 D/ontapp.stb.dem( 5159): createUnique: call
06-17 19:13:51.666 D/ontapp.stb.dem( 5159): HostComposition ext GL_OES_EGL_image GL_OES_EGL_image_external GL_OES_depth24 GL_OES_depth32 GL_OES_element_index_uint GL_OES_texture_float GL_OES_texture_float_linear GL_OES_compressed_paletted_texture GL_OES_compressed_ETC1_RGB8_texture GL_OES_depth_texture GL_EXT_texture_format_BGRA8888 GL_APPLE_texture_format_BGRA8888 GL_OES_texture_half_float GL_EXT_robustness GL_OES_texture_half_float_linear GL_OES_packed_depth_stencil GL_OES_vertex_half_float GL_OES_texture_npot GL_OES_rgb8_rgba8 GL_EXT_color_buffer_float GL_EXT_texture_sRGB_decode ANDROID_gles_max_version_3_1 GL_OES_vertex_array_object GL_EXT_texture_buffer GL_EXT_copy_image GL_KHR_texture_compression_astc_ldr GL_KHR_texture_compression_astc_hdr GL_OES_texture_compression_astc GL_OES_EGL_image_external
06-17 19:13:51.667 D/hw-ProcessState( 5159): Binder ioctl to enable oneway spam detection failed: Invalid argument
06-17 19:13:51.668 W/OpenGLRenderer( 5159): Failed to initialize 101010-2 format, error = EGL_SUCCESS
06-17 19:13:51.668 D/EGL_emulation( 5159): rcCreateContext wated version 2.0  rc:4
06-17 19:13:51.684 D/EGL_emulation( 5159): eglMakeCurrent: 0x74841c042030: ver 3 2 (tinfo 0x74839c04db90) (first time)
06-17 19:13:51.686 E/HWComposer( 1779): getSupportedContentTypes: getSupportedContentTypes failed for display 0: Unsupported (8)
06-17 19:13:51.686 I/hwservicemanager( 1567): getTransport: Cannot find entry android.hardware.graphics.mapper@4.0::IMapper/default in either framework or device VINTF manifest.
06-17 19:13:51.686 I/Gralloc4( 5159): mapper 4.x is not supported
06-17 19:13:51.686 I/hwservicemanager( 1567): getTransport: Cannot find entry android.hardware.graphics.mapper@3.0::IMapper/default in either framework or device VINTF manifest.
06-17 19:13:51.687 W/Gralloc3( 5159): mapper 3.x is not supported
06-17 19:13:51.687 I/hwservicemanager( 1567): getTransport: Cannot find entry android.hardware.graphics.allocator@4.0::IAllocator/default in either framework or device VINTF manifest.
06-17 19:13:51.687 W/Gralloc4( 5159): allocator 4.x is not supported
06-17 19:13:51.687 I/hwservicemanager( 1567): getTransport: Cannot find entry android.hardware.graphics.allocator@3.0::IAllocator/default in either framework or device VINTF manifest.
06-17 19:13:51.687 W/Gralloc3( 5159): allocator 3.x is not supported
06-17 19:13:51.687 D/gralloc_nox( 1767): gralloc_alloc: Creating ashmem region of size 8298496
06-17 19:13:51.687 D/ProcessState( 5193): Binder ioctl to enable oneway spam detection failed: Invalid argument
06-17 19:13:51.723 D/ontapp.stb.dem( 5159): createUnique: call
06-17 19:13:51.724 D/ontapp.stb.dem( 5159): HostComposition ext GL_OES_EGL_image GL_OES_EGL_image_external GL_OES_depth24 GL_OES_depth32 GL_OES_element_index_uint GL_OES_texture_float GL_OES_texture_float_linear GL_OES_compressed_paletted_texture GL_OES_compressed_ETC1_RGB8_texture GL_OES_depth_texture GL_EXT_texture_format_BGRA8888 GL_APPLE_texture_format_BGRA8888 GL_OES_texture_half_float GL_EXT_robustness GL_OES_texture_half_float_linear GL_OES_packed_depth_stencil GL_OES_vertex_half_float GL_OES_texture_npot GL_OES_rgb8_rgba8 GL_EXT_color_buffer_float GL_EXT_texture_sRGB_decode ANDROID_gles_max_version_3_1 GL_OES_vertex_array_object GL_EXT_texture_buffer GL_EXT_copy_image GL_KHR_texture_compression_astc_ldr GL_KHR_texture_compression_astc_hdr GL_OES_texture_compression_astc GL_OES_EGL_image_external
06-17 19:13:51.728 D/gralloc_nox( 1767): gralloc_alloc: Creating ashmem region of size 8298496
06-17 19:13:51.767 D/gralloc_nox( 1767): gralloc_alloc: Creating ashmem region of size 8298496
06-17 19:13:51.819 E/libEGL  ( 5159): called unimplemented OpenGL ES API
06-17 19:13:51.869 W/ActivityTaskManager( 1936): Tried to set launchTime (0) < mLastActivityLaunchTime (1220108)
06-17 19:13:51.977 I/ActivityTaskManager( 1936): Displayed com.android.permissioncontroller/.permission.ui.GrantPermissionsActivity: +687ms
06-17 19:13:51.992 D/ProcessState( 5204): Binder ioctl to enable oneway spam detection failed: Invalid argument
06-17 19:13:52.065 D/gralloc_nox( 1767): gralloc_alloc: Creating ashmem region of size 5496832
06-17 19:13:52.076 W/InputManager-JNI( 1936): Input channel object '9180286 Splash Screen tech.gtt.frontapp.stb.demo (client)' was disposed without first being removed with the input manager!
06-17 19:13:52.141 D/gralloc_nox( 1767): gralloc_alloc: Creating ashmem region of size 5496832
06-17 19:13:52.281 D/gralloc_nox( 1767): gralloc_alloc: Creating ashmem region of size 5496832
06-17 19:13:54.288 E/TaskPersister( 1936): File error accessing recents directory (directory doesn't exist?).
06-17 19:13:54.391 D/UIAutomatorStub( 5104): URI: /jsonrpc/0, Method: POST, params, {NanoHttpd.QUERY_STRING=null}, files: {postData={"jsonrpc": "2.0", "id": 1, "method": "count", "params": [{"mask": 2097152, "childOrSibling": [], "childOrSiblingSelector": [], "resourceId": "com.android.permissioncontroller:id/permission_allow_button"}]}}
06-17 19:13:54.402 D/UiObject( 5104): Waiting 0ms for UiSelector[RESOURCE_ID=com.android.permissioncontroller:id/permission_allow_button].
06-17 19:13:54.402 W/QueryController( 5104): Could not detect idle state.
06-17 19:13:54.408 I/QueryController( 5104): Matched selector: UiSelector[RESOURCE_ID=com.android.permissioncontroller:id/permission_allow_button] <<==>> [android.view.accessibility.AccessibilityNodeInfo@121a7; boundsInParent: Rect(0, 0 - 992, 112); boundsInScreen: Rect(464, 557 - 1456, 669); packageName: com.android.permissioncontroller; className: android.widget.Button; text: 允许; error: null; maxTextLength: -1; stateDescription: null; contentDescription: null; tooltipText: null; viewIdResName: com.android.permissioncontroller:id/permission_allow_button; checkable: false; checked: false; focusable: true; focused: false; selected: false; clickable: true; longClickable: false; contextClickable: false; enabled: true; password: false; scrollable: false; importantForAccessibility: true; visible: true; actions: [AccessibilityAction: ACTION_FOCUS - null, AccessibilityAction: ACTION_SELECT - null, AccessibilityAction: ACTION_CLEAR_SELECTION - null, AccessibilityAction: ACTION_CLICK - null, AccessibilityAction: ACTION_ACCESSIBILITY_FOCUS - null, AccessibilityAction: ACTION_NEXT_AT_MOVEMENT_GRANULARITY - null, AccessibilityAction: ACTION_PREVIOUS_AT_MOVEMENT_GRANULARITY - null, AccessibilityAction: ACTION_SET_SELECTION - null, AccessibilityAction: ACTION_SHOW_ON_SCREEN - null]]
06-17 19:13:54.408 D/UiObject( 5104): Waiting 0ms for UiSelector[INSTANCE=1, RESOURCE_ID=com.android.permissioncontroller:id/permission_allow_button].
06-17 19:13:54.409 W/QueryController( 5104): Could not detect idle state.
06-17 19:13:54.433 D/UIAutomatorStub( 5104): URI: /jsonrpc/0, Method: POST, params, {NanoHttpd.QUERY_STRING=null}, files: {postData={"jsonrpc": "2.0", "id": 1, "method": "waitForExists", "params": [{"mask": 2097152, "childOrSibling": [], "childOrSiblingSelector": [], "resourceId": "com.android.permissioncontroller:id/permission_allow_button"}, 20000]}}
06-17 19:13:54.435 D/UiDevice( 5104): Waiting 20000ms for SearchCondition[hasObject=BySelector [RES='\Qcom.android.permissioncontroller:id/permission_allow_button\E']].
06-17 19:13:54.435 D/UiDevice( 5104): Searching for node with selector: BySelector [RES='\Qcom.android.permissioncontroller:id/permission_allow_button\E'].
06-17 19:13:54.436 W/QueryController( 5104): Could not detect idle state.
06-17 19:13:54.470 D/UIAutomatorStub( 5104): URI: /jsonrpc/0, Method: POST, params, {NanoHttpd.QUERY_STRING=null}, files: {postData={"jsonrpc": "2.0", "id": 1, "method": "objInfo", "params": [{"mask": 2097152, "childOrSibling": [], "childOrSiblingSelector": [], "resourceId": "com.android.permissioncontroller:id/permission_allow_button"}]}}
06-17 19:13:54.471 D/UiDevice( 5104): Retrieving node with selector: BySelector [RES='\Qcom.android.permissioncontroller:id/permission_allow_button\E'].
06-17 19:13:54.472 W/QueryController( 5104): Could not detect idle state.
06-17 19:13:54.486 W/QueryController( 5104): Could not detect idle state.
06-17 19:13:54.487 W/QueryController( 5104): Could not detect idle state.
06-17 19:13:54.489 W/QueryController( 5104): Could not detect idle state.
06-17 19:13:54.489 W/QueryController( 5104): Could not detect idle state.
06-17 19:13:54.490 W/QueryController( 5104): Could not detect idle state.
06-17 19:13:54.492 W/QueryController( 5104): Could not detect idle state.
06-17 19:13:54.497 W/QueryController( 5104): Could not detect idle state.
06-17 19:13:54.501 W/QueryController( 5104): Could not detect idle state.
06-17 19:13:54.502 W/QueryController( 5104): Could not detect idle state.
06-17 19:13:54.503 W/QueryController( 5104): Could not detect idle state.
06-17 19:13:54.504 W/QueryController( 5104): Could not detect idle state.
06-17 19:13:54.504 W/QueryController( 5104): Could not detect idle state.
06-17 19:13:54.505 W/QueryController( 5104): Could not detect idle state.
06-17 19:13:54.506 W/QueryController( 5104): Could not detect idle state.
06-17 19:13:54.506 W/QueryController( 5104): Could not detect idle state.
06-17 19:13:54.507 W/QueryController( 5104): Could not detect idle state.
06-17 19:13:54.508 W/QueryController( 5104): Could not detect idle state.
06-17 19:13:54.546 D/UIAutomatorStub( 5104): URI: /jsonrpc/0, Method: POST, params, {NanoHttpd.QUERY_STRING=null}, files: {postData={"jsonrpc": "2.0", "id": 1, "method": "click", "params": [960.0, 613.0]}}
06-17 19:13:54.561 V/DisplayPowerController[0]( 1936): Brightness [0.39763778] reason changing to: 'manual', previous reason: 'manual [ dim ]'.
06-17 19:13:54.576 E/DisplayDeviceConfig( 1936): requesting nits when no mapping exists.
06-17 19:13:54.577 E/DisplayDeviceConfig( 1936): requesting nits when no mapping exists.
06-17 19:13:54.578 I/DropBoxManagerService( 1936): add tag=system_server_wtf isTagEnabled=true flags=0x2
06-17 19:13:54.579 E/LightsService( 1936): Light requested not available on this device. 0
06-17 19:13:54.584 I/DropBoxManagerService( 1936): add tag=system_server_wtf isTagEnabled=true flags=0x2
06-17 19:13:54.592 E/DisplayDeviceConfig( 1936): requesting nits when no mapping exists.
06-17 19:13:54.594 E/DisplayDeviceConfig( 1936): requesting nits when no mapping exists.
06-17 19:13:54.595 I/DropBoxManagerService( 1936): add tag=system_server_wtf isTagEnabled=true flags=0x2
06-17 19:13:54.596 E/LightsService( 1936): Light requested not available on this device. 0
06-17 19:13:54.597 I/DropBoxManagerService( 1936): add tag=system_server_wtf isTagEnabled=true flags=0x2
06-17 19:13:54.609 E/DisplayDeviceConfig( 1936): requesting nits when no mapping exists.
06-17 19:13:54.610 E/DisplayDeviceConfig( 1936): requesting nits when no mapping exists.
06-17 19:13:54.611 I/DropBoxManagerService( 1936): add tag=system_server_wtf isTagEnabled=true flags=0x2
06-17 19:13:54.611 E/LightsService( 1936): Light requested not available on this device. 0
06-17 19:13:54.626 E/DisplayDeviceConfig( 1936): requesting nits when no mapping exists.
06-17 19:13:54.626 E/DisplayDeviceConfig( 1936): requesting nits when no mapping exists.
06-17 19:13:54.629 E/LightsService( 1936): Light requested not available on this device. 0
06-17 19:13:54.642 E/DisplayDeviceConfig( 1936): requesting nits when no mapping exists.
06-17 19:13:54.643 E/DisplayDeviceConfig( 1936): requesting nits when no mapping exists.
06-17 19:13:54.644 E/LightsService( 1936): Light requested not available on this device. 0
06-17 19:13:54.658 E/DisplayDeviceConfig( 1936): requesting nits when no mapping exists.
06-17 19:13:54.659 E/DisplayDeviceConfig( 1936): requesting nits when no mapping exists.
06-17 19:13:54.661 E/LightsService( 1936): Light requested not available on this device. 0
06-17 19:13:54.675 E/DisplayDeviceConfig( 1936): requesting nits when no mapping exists.
06-17 19:13:54.676 E/DisplayDeviceConfig( 1936): requesting nits when no mapping exists.
06-17 19:13:54.678 E/LightsService( 1936): Light requested not available on this device. 0
06-17 19:13:54.696 E/DisplayDeviceConfig( 1936): requesting nits when no mapping exists.
06-17 19:13:54.697 E/DisplayDeviceConfig( 1936): requesting nits when no mapping exists.
06-17 19:13:54.699 E/LightsService( 1936): Light requested not available on this device. 0
06-17 19:13:54.711 E/DisplayDeviceConfig( 1936): requesting nits when no mapping exists.
06-17 19:13:54.713 E/DisplayDeviceConfig( 1936): requesting nits when no mapping exists.
06-17 19:13:54.714 E/LightsService( 1936): Light requested not available on this device. 0
06-17 19:13:54.727 E/DisplayDeviceConfig( 1936): requesting nits when no mapping exists.
06-17 19:13:54.728 E/DisplayDeviceConfig( 1936): requesting nits when no mapping exists.
06-17 19:13:54.729 E/LightsService( 1936): Light requested not available on this device. 0
06-17 19:13:54.745 E/DisplayDeviceConfig( 1936): requesting nits when no mapping exists.
06-17 19:13:54.745 E/DisplayDeviceConfig( 1936): requesting nits when no mapping exists.
06-17 19:13:54.748 E/LightsService( 1936): Light requested not available on this device. 0
06-17 19:13:54.759 E/DisplayDeviceConfig( 1936): requesting nits when no mapping exists.
06-17 19:13:54.759 E/DisplayDeviceConfig( 1936): requesting nits when no mapping exists.
06-17 19:13:54.763 E/LightsService( 1936): Light requested not available on this device. 0
06-17 19:13:54.776 E/DisplayDeviceConfig( 1936): requesting nits when no mapping exists.
06-17 19:13:54.777 E/DisplayDeviceConfig( 1936): requesting nits when no mapping exists.
06-17 19:13:54.779 E/LightsService( 1936): Light requested not available on this device. 0
06-17 19:13:54.784 V/GrantPermissionsViewModel( 4417): Logged buttons presented and clicked permissionGroupName=android.permission-group.STORAGE uid=10058 selectedLocations=0 package=tech.gtt.frontapp.stb.demo presentedButtons=9 clickedButton=1 sessionId=6291102014802689531 targetSdk=35
06-17 19:13:54.790 I/MediaProvider( 2560): Invalidating LocalCallingIdentity cache for package tech.gtt.frontapp.stb.demo. Reason: op android:read_external_storage
06-17 19:13:54.791 V/GrantPermissionsViewModel( 4417): Permission grant result requestId=6291102014802689531 callingUid=10058 callingPackage=tech.gtt.frontapp.stb.demo permission=android.permission.READ_EXTERNAL_STORAGE isImplicit=false result=4
06-17 19:13:54.791 E/DisplayDeviceConfig( 1936): requesting nits when no mapping exists.
06-17 19:13:54.792 E/DisplayDeviceConfig( 1936): requesting nits when no mapping exists.
06-17 19:13:54.793 E/LightsService( 1936): Light requested not available on this device. 0
06-17 19:13:54.802 D/gralloc_nox( 1767): gralloc_alloc: Creating ashmem region of size 8298496
06-17 19:13:54.811 E/DisplayDeviceConfig( 1936): requesting nits when no mapping exists.
06-17 19:13:54.812 E/DisplayDeviceConfig( 1936): requesting nits when no mapping exists.
06-17 19:13:54.813 E/LightsService( 1936): Light requested not available on this device. 0
06-17 19:13:54.830 E/DisplayDeviceConfig( 1936): requesting nits when no mapping exists.
06-17 19:13:54.833 E/DisplayDeviceConfig( 1936): requesting nits when no mapping exists.
06-17 19:13:54.834 E/android.hardware.audio.service( 1759): pcm_open called create stream faild
06-17 19:13:55.019 D/CompatibilityChangeReporter( 5159): Compat change id reported: 78294732; UID 10058; state: ENABLED
06-17 19:13:55.020 I/b       ( 5159): freeSpace : 116666MB
06-17 19:13:55.085 D/ProcessState( 5218): Binder ioctl to enable oneway spam detection failed: Invalid argument
06-17 19:13:55.130 D/ConnectivityService( 1936): NetReassign [no changes]
06-17 19:13:55.144 V/GSK     ( 5159): StorageServiceImpl initialization() executed in 1 ms.
06-17 19:13:55.146 V/GSK     ( 5159): SecurityServiceImpl initialization() executed in 0 ms.
06-17 19:13:55.222 W/System.err( 5159): SLF4J(W): No SLF4J providers were found.
06-17 19:13:55.223 W/System.err( 5159): SLF4J(W): Defaulting to no-operation (NOP) logger implementation
06-17 19:13:55.223 W/System.err( 5159): SLF4J(W): See https://www.slf4j.org/codes.html#noProviders for further details.
06-17 19:13:55.268 W/System.err( 5159): kotlinx.serialization.json.internal.JsonDecodingException: Expected start of the object '{', but had 'EOF' instead at path: $
06-17 19:13:55.268 W/System.err( 5159): JSON input: 
06-17 19:13:55.268 W/System.err( 5159): 	at kotlinx.serialization.json.internal.JsonExceptionsKt.JsonDecodingException(SourceFile:1)
06-17 19:13:55.268 W/System.err( 5159): 	at kotlinx.serialization.json.internal.JsonExceptionsKt.JsonDecodingException(SourceFile:2)
06-17 19:13:55.268 W/System.err( 5159): 	at kotlinx.serialization.json.internal.AbstractJsonLexer.fail(SourceFile:52)
06-17 19:13:55.268 W/System.err( 5159): 	at kotlinx.serialization.json.internal.AbstractJsonLexer.fail$default(SourceFile:15)
06-17 19:13:55.268 W/System.err( 5159): 	at kotlinx.serialization.json.internal.AbstractJsonLexer.unexpectedToken(SourceFile:103)
06-17 19:13:55.268 W/System.err( 5159): 	at kotlinx.serialization.json.internal.StringJsonLexer.consumeNextToken(SourceFile:16)
06-17 19:13:55.268 W/System.err( 5159): 	at kotlinx.serialization.json.internal.StreamingJsonDecoder.beginStructure(SourceFile:23)
06-17 19:13:55.269 W/System.err( 5159): 	at tech.gtt.frontapp.servicesdk.common.service.utility.apis.e2ee.E2eeConfigResponse$$serializer.deserialize(SourceFile:2)
06-17 19:13:55.269 W/System.err( 5159): 	at tech.gtt.frontapp.servicesdk.common.service.utility.apis.e2ee.E2eeConfigResponse$$serializer.deserialize(SourceFile:1)
06-17 19:13:55.269 W/System.err( 5159): 	at kotlinx.serialization.json.internal.StreamingJsonDecoder.decodeSerializableValue(SourceFile:320)
06-17 19:13:55.269 W/System.err( 5159): 	at kotlinx.serialization.json.Json.decodeFromString(SourceFile:3)
06-17 19:13:55.269 W/System.err( 5159): 	at tech.gtt.frontapp.servicesdk.common.service.utility.apis.e2ee.E2eeManager.syncE2eeConfig(SourceFile:74)
06-17 19:13:55.269 W/System.err( 5159): 	at tech.gtt.frontapp.servicesdk.common.service.utility.apis.ApiUtilServiceImpl.onServiceInit(SourceFile:228)
06-17 19:13:55.269 W/System.err( 5159): 	at tech.gtt.frontapp.servicesdk.common.core.ServiceSDKImpl.executeServiceInitialize(SourceFile:372)
06-17 19:13:55.269 W/System.err( 5159): 	at tech.gtt.frontapp.servicesdk.common.core.ServiceSDKImpl.access$executeServiceInitialize(SourceFile:1)
06-17 19:13:55.269 W/System.err( 5159): 	at tech.gtt.frontapp.servicesdk.common.core.ServiceSDKImpl$init$1.invokeSuspend(SourceFile:178)
06-17 19:13:55.269 W/System.err( 5159): 	at tech.gtt.frontapp.servicesdk.common.core.ServiceSDKImpl$init$1.invoke(SourceFile:2)
06-17 19:13:55.269 W/System.err( 5159): 	at tech.gtt.frontapp.servicesdk.common.core.ServiceSDKImpl$init$1.invoke(SourceFile:1)
06-17 19:13:55.269 W/System.err( 5159): 	at kotlinx.coroutines.flow.SafeFlow.collectSafely(SourceFile:3)
06-17 19:13:55.269 W/System.err( 5159): 	at kotlinx.coroutines.flow.AbstractFlow.collect(SourceFile:70)
06-17 19:13:55.269 W/System.err( 5159): 	at tech.gtt.frontapp.servicesdk.common.core.SDKSetup$build$1.invokeSuspend(SourceFile:42)
06-17 19:13:55.269 W/System.err( 5159): 	at tech.gtt.frontapp.servicesdk.common.core.SDKSetup$build$1.invoke(SourceFile:2)
06-17 19:13:55.269 W/System.err( 5159): 	at tech.gtt.frontapp.servicesdk.common.core.SDKSetup$build$1.invoke(SourceFile:1)
06-17 19:13:55.269 W/System.err( 5159): 	at tech.gtt.frontapp.servicesdk.common.core.Scheduler$scheduleDirect$1.invokeSuspend(SourceFile:61)
06-17 19:13:55.269 W/System.err( 5159): 	at lh.a.resumeWith(SourceFile:14)
06-17 19:13:55.269 W/System.err( 5159): 	at kotlinx.coroutines.DispatchedTask.run(SourceFile:123)
06-17 19:13:55.269 W/System.err( 5159): 	at kotlinx.coroutines.internal.LimitedDispatcher$Worker.run(SourceFile:4)
06-17 19:13:55.269 W/System.err( 5159): 	at kotlinx.coroutines.scheduling.TaskImpl.run(SourceFile:3)
06-17 19:13:55.269 W/System.err( 5159): 	at kotlinx.coroutines.scheduling.CoroutineScheduler.runSafely(SourceFile:1)
06-17 19:13:55.269 W/System.err( 5159): 	at kotlinx.coroutines.scheduling.CoroutineScheduler$Worker.executeTask(SourceFile:34)
06-17 19:13:55.269 W/System.err( 5159): 	at kotlinx.coroutines.scheduling.CoroutineScheduler$Worker.runWorker(SourceFile:29)
06-17 19:13:55.269 W/System.err( 5159): 	at kotlinx.coroutines.scheduling.CoroutineScheduler$Worker.run(SourceFile:1)
06-17 19:13:55.284 W/InputManager-JNI( 1936): Input channel object 'd605bca com.android.permissioncontroller/com.android.permissioncontroller.permission.ui.GrantPermissionsActivity (client)' was disposed without first being removed with the input manager!
06-17 19:13:55.285 W/System.err( 5159): java.io.FileNotFoundException: sys/class/sunxi_info/sys_info: open failed: ENOENT (No such file or directory)
06-17 19:13:55.285 W/System.err( 5159): 	at libcore.io.IoBridge.open(IoBridge.java:575)
06-17 19:13:55.285 W/System.err( 5159): 	at java.io.FileInputStream.<init>(FileInputStream.java:160)
06-17 19:13:55.285 W/System.err( 5159): 	at java.io.FileInputStream.<init>(FileInputStream.java:115)
06-17 19:13:55.285 W/System.err( 5159): 	at ip.b.b(SourceFile:5)
06-17 19:13:55.285 W/System.err( 5159): 	at ip.b.a(SourceFile:155)
06-17 19:13:55.285 W/System.err( 5159): 	at ip.a.invoke(SourceFile:589)
06-17 19:13:55.285 W/System.err( 5159): 	at dh.v.getValue(SourceFile:21)
06-17 19:13:55.285 W/System.err( 5159): 	at tech.gtt.frontapp.servicesdk.common.network.interceptor.params.ApiDeviceParams.handleFixedParams(SourceFile:52)
06-17 19:13:55.285 W/System.err( 5159): 	at tech.gtt.frontapp.servicesdk.common.service.utility.apis.IParamsGetter.toMaps(SourceFile:87)
06-17 19:13:55.285 W/System.err( 5159): 	at tech.gtt.frontapp.servicesdk.common.network.interceptor.DefaultParamsInterceptor.onRequest(SourceFile:127)
06-17 19:13:55.285 W/System.err( 5159): 	at tech.gtt.frontapp.servicesdk.common.network.interceptor.SDKInterceptorsPluginKt$setupRequestInterception$1.invokeSuspend(SourceFile:103)
06-17 19:13:55.285 W/System.err( 5159): 	at tech.gtt.frontapp.servicesdk.common.network.interceptor.SDKInterceptorsPluginKt$setupRequestInterception$1.invoke(SourceFile:1)
06-17 19:13:55.285 W/System.err( 5159): 	at tech.gtt.frontapp.servicesdk.common.network.interceptor.SDKInterceptorsPluginKt$setupRequestInterception$1.invoke(SourceFile:2)
06-17 19:13:55.285 W/System.err( 5159): 	at io.ktor.util.pipeline.DebugPipelineContext.proceedLoop(SourceFile:86)
06-17 19:13:55.285 W/System.err( 5159): 	at io.ktor.util.pipeline.DebugPipelineContext.proceed(SourceFile:26)
06-17 19:13:55.285 W/System.err( 5159): 	at io.ktor.client.plugins.RequestError$install$1.invokeSuspend(SourceFile:47)
06-17 19:13:55.285 W/System.err( 5159): 	at io.ktor.client.plugins.RequestError$install$1.invoke(SourceFile:1)
06-17 19:13:55.285 W/System.err( 5159): 	at io.ktor.client.plugins.RequestError$install$1.invoke(SourceFile:2)
06-17 19:13:55.285 W/System.err( 5159): 	at io.ktor.util.pipeline.DebugPipelineContext.proceedLoop(SourceFile:86)
06-17 19:13:55.285 W/System.err( 5159): 	at io.ktor.util.pipeline.DebugPipelineContext.proceed(SourceFile:26)
06-17 19:13:55.285 W/System.err( 5159): 	at io.ktor.client.plugins.SetupRequestContext$install$1.invokeSuspend$proceed(SourceFile:1)
06-17 19:13:55.285 W/System.err( 5159): 	at io.ktor.client.plugins.SetupRequestContext$install$1.access$invokeSuspend$proceed(SourceFile:1)
06-17 19:13:55.285 W/System.err( 5159): 	at io.ktor.client.plugins.SetupRequestContext$install$1$1.invoke(SourceFile:2)
06-17 19:13:55.285 W/System.err( 5159): 	at io.ktor.client.plugins.SetupRequestContext$install$1$1.invoke(SourceFile:1)
06-17 19:13:55.285 W/System.err( 5159): 	at io.ktor.client.plugins.HttpRequestLifecycleKt$HttpRequestLifecycle$1$1.invokeSuspend(SourceFile:78)
06-17 19:13:55.285 W/System.err( 5159): 	at io.ktor.client.plugins.HttpRequestLifecycleKt$HttpRequestLifecycle$1$1.invoke(SourceFile:1)
06-17 19:13:55.285 W/System.err( 5159): 	at io.ktor.client.plugins.HttpRequestLifecycleKt$HttpRequestLifecycle$1$1.invoke(SourceFile:2)
06-17 19:13:55.285 W/System.err( 5159): 	at io.ktor.client.plugins.SetupRequestContext$install$1.invokeSuspend(SourceFile:42)
06-17 19:13:55.285 W/System.err( 5159): 	at io.ktor.client.plugins.SetupRequestContext$install$1.invoke(SourceFile:1)
06-17 19:13:55.285 W/System.err( 5159): 	at io.ktor.client.plugins.SetupRequestContext$install$1.invoke(SourceFile:2)
06-17 19:13:55.285 W/System.err( 5159): 	at io.ktor.util.pipeline.DebugPipelineContext.proceedLoop(SourceFile:86)
06-17 19:13:55.285 W/System.err( 5159): 	at io.ktor.util.pipeline.DebugPipelineContext.proceed(SourceFile:26)
06-17 19:13:55.285 W/System.err( 5159): 	at io.ktor.util.pipeline.DebugPipelineContext.execute$ktor_utils(SourceFile:7)
06-17 19:13:55.285 W/System.err( 5159): 	at io.ktor.util.pipeline.Pipeline.execute(SourceFile:9)
06-17 19:13:55.285 W/System.err( 5159): 	at io.ktor.client.HttpClient.execute$ktor_client_core(SourceFile:68)
06-17 19:13:55.285 W/System.err( 5159): 	at io.ktor.client.statement.HttpStatement.fetchResponse(SourceFile:90)
06-17 19:13:55.285 W/System.err( 5159): 	at io.ktor.client.statement.HttpStatement.execute(SourceFile:9)
06-17 19:13:55.285 W/System.err( 5159): 	at de.jensklingenberg.ktorfit.internal.KtorfitConverterHelper.suspendRequest(SourceFile:127)
06-17 19:13:55.285 W/System.err( 5159): 	at de.jensklingenberg.ktorfit.internal.KtorfitConverterHelper$request$1$1.invokeSuspend(SourceFile:58)
06-17 19:13:55.285 W/System.err( 5159): 	at de.jensklingenberg.ktorfit.internal.KtorfitConverterHelper$request$1$1.invoke(SourceFile:2)
06-17 19:13:55.285 W/System.err( 5159): 	at de.jensklingenberg.ktorfit.internal.KtorfitConverterHelper$request$1$1.invoke(SourceFile:1)
06-17 19:13:55.285 W/System.err( 5159): 	at de.jensklingenberg.ktorfit.converter.FlowConverterFactory$responseConverter$1$convert$1.invokeSuspend(SourceFile:84)
06-17 19:13:55.285 W/System.err( 5159): 	at de.jensklingenberg.ktorfit.converter.FlowConverterFactory$responseConverter$1$convert$1.invoke(SourceFile:2)
06-17 19:13:55.285 W/System.err( 5159): 	at de.jensklingenberg.ktorfit.converter.FlowConverterFactory$responseConverter$1$convert$1.invoke(SourceFile:1)
06-17 19:13:55.285 W/System.err( 5159): 	at kotlinx.coroutines.flow.SafeFlow.collectSafely(SourceFile:3)
06-17 19:13:55.285 W/System.err( 5159): 	at kotlinx.coroutines.flow.AbstractFlow.collect(SourceFile:70)
06-17 19:13:55.285 W/System.err( 5159): 	at kotlinx.coroutines.flow.FlowKt__MergeKt$flatMapConcat$$inlined$map$1.collect(SourceFile:10)
06-17 19:13:55.285 W/System.err( 5159): 	at kotlinx.coroutines.flow.FlowKt__MergeKt$flattenConcat$$inlined$unsafeFlow$1.collect(SourceFile:8)
06-17 19:13:55.285 W/System.err( 5159): 	at kotlinx.coroutines.flow.FlowKt__CollectKt.collect(SourceFile:1)
06-17 19:13:55.285 W/System.err( 5159): 	at kotlinx.coroutines.flow.FlowKt.collect(SourceFile:1)
06-17 19:13:55.285 W/System.err( 5159): 	at tech.gtt.frontapp.servicesdk.common.service.utility.apis.ApiUtilServiceImpl.onServiceInit(SourceFile:240)
06-17 19:13:55.285 W/System.err( 5159): 	at tech.gtt.frontapp.servicesdk.common.core.ServiceSDKImpl.executeServiceInitialize(SourceFile:372)
06-17 19:13:55.285 W/System.err( 5159): 	at tech.gtt.frontapp.servicesdk.common.core.ServiceSDKImpl.access$executeServiceInitialize(SourceFile:1)
06-17 19:13:55.285 W/System.err( 5159): 	at tech.gtt.frontapp.servicesdk.common.core.ServiceSDKImpl$init$1.invokeSuspend(SourceFile:178)
06-17 19:13:55.285 W/System.err( 5159): 	at tech.gtt.frontapp.servicesdk.common.core.ServiceSDKImpl$init$1.invoke(SourceFile:2)
06-17 19:13:55.285 W/System.err( 5159): 	at tech.gtt.frontapp.servicesdk.common.core.ServiceSDKImpl$init$1.invoke(SourceFile:1)
06-17 19:13:55.285 W/System.err( 5159): 	at kotlinx.coroutines.flow.SafeFlow.collectSafely(SourceFile:3)
06-17 19:13:55.285 W/System.err( 5159): 	at kotlinx.coroutines.flow.AbstractFlow.collect(SourceFile:70)
06-17 19:13:55.285 W/System.err( 5159): 	at tech.gtt.frontapp.servicesdk.common.core.SDKSetup$build$1.invokeSuspend(SourceFile:42)
06-17 19:13:55.285 W/System.err( 5159): 	at tech.gtt.frontapp.servicesdk.common.core.SDKSetup$build$1.invoke(SourceFile:2)
06-17 19:13:55.285 W/System.err( 5159): 	at tech.gtt.frontapp.servicesdk.common.core.SDKSetup$build$1.invoke(SourceFile:1)
06-17 19:13:55.285 W/System.err( 5159): 	at tech.gtt.frontapp.servicesdk.common.core.Scheduler$scheduleDirect$1.invokeSuspend(SourceFile:61)
06-17 19:13:55.285 W/System.err( 5159): 	at lh.a.resumeWith(SourceFile:14)
06-17 19:13:55.285 W/System.err( 5159): 	at kotlinx.coroutines.DispatchedTask.run(SourceFile:123)
06-17 19:13:55.285 W/System.err( 5159): 	at kotlinx.coroutines.internal.LimitedDispatcher$Worker.run(SourceFile:4)
06-17 19:13:55.285 W/System.err( 5159): 	at kotlinx.coroutines.scheduling.TaskImpl.run(SourceFile:3)
06-17 19:13:55.285 W/System.err( 5159): 	at kotlinx.coroutines.scheduling.CoroutineScheduler.runSafely(SourceFile:1)
06-17 19:13:55.285 W/System.err( 5159): 	at kotlinx.coroutines.scheduling.CoroutineScheduler$Worker.executeTask(SourceFile:34)
06-17 19:13:55.286 W/System.err( 5159): 	at kotlinx.coroutines.scheduling.CoroutineScheduler$Worker.runWorker(SourceFile:29)
06-17 19:13:55.286 W/System.err( 5159): 	at kotlinx.coroutines.scheduling.CoroutineScheduler$Worker.run(SourceFile:1)
06-17 19:13:55.286 W/System.err( 5159): Caused by: android.system.ErrnoException: open failed: ENOENT (No such file or directory)
06-17 19:13:55.286 W/System.err( 5159): 	at libcore.io.Linux.open(Native Method)
06-17 19:13:55.286 W/System.err( 5159): 	at libcore.io.ForwardingOs.open(ForwardingOs.java:567)
06-17 19:13:55.286 W/System.err( 5159): 	at libcore.io.BlockGuardOs.open(BlockGuardOs.java:273)
06-17 19:13:55.286 W/System.err( 5159): 	at libcore.io.ForwardingOs.open(ForwardingOs.java:567)
06-17 19:13:55.286 W/System.err( 5159): 	at android.app.ActivityThread$AndroidOs.open(ActivityThread.java:7761)
06-17 19:13:55.286 W/System.err( 5159): 	at libcore.io.IoBridge.open(IoBridge.java:561)
06-17 19:13:55.286 W/System.err( 5159): 	... 69 more
06-17 19:13:55.287 W/System.err( 5159): java.io.FileNotFoundException: sys/class/sunxi_info/sys_info: open failed: ENOENT (No such file or directory)
06-17 19:13:55.288 W/System.err( 5159): 	at libcore.io.IoBridge.open(IoBridge.java:575)
06-17 19:13:55.288 W/System.err( 5159): 	at java.io.FileInputStream.<init>(FileInputStream.java:160)
06-17 19:13:55.288 W/System.err( 5159): 	at java.io.FileInputStream.<init>(FileInputStream.java:115)
06-17 19:13:55.288 W/System.err( 5159): 	at ip.b.b(SourceFile:5)
06-17 19:13:55.288 W/System.err( 5159): 	at ip.b.a(SourceFile:155)
06-17 19:13:55.288 W/System.err( 5159): 	at ip.a.invoke(SourceFile:127)
06-17 19:13:55.288 W/System.err( 5159): 	at dh.v.getValue(SourceFile:21)
06-17 19:13:55.288 W/System.err( 5159): 	at tech.gtt.frontapp.servicesdk.common.network.interceptor.params.ApiDeviceParams.handleFixedParams(SourceFile:65)
06-17 19:13:55.288 W/System.err( 5159): 	at tech.gtt.frontapp.servicesdk.common.service.utility.apis.IParamsGetter.toMaps(SourceFile:87)
06-17 19:13:55.288 W/System.err( 5159): 	at tech.gtt.frontapp.servicesdk.common.network.interceptor.DefaultParamsInterceptor.onRequest(SourceFile:127)
06-17 19:13:55.288 W/System.err( 5159): 	at tech.gtt.frontapp.servicesdk.common.network.interceptor.SDKInterceptorsPluginKt$setupRequestInterception$1.invokeSuspend(SourceFile:103)
06-17 19:13:55.288 W/System.err( 5159): 	at tech.gtt.frontapp.servicesdk.common.network.interceptor.SDKInterceptorsPluginKt$setupRequestInterception$1.invoke(SourceFile:1)
06-17 19:13:55.288 W/System.err( 5159): 	at tech.gtt.frontapp.servicesdk.common.network.interceptor.SDKInterceptorsPluginKt$setupRequestInterception$1.invoke(SourceFile:2)
06-17 19:13:55.288 W/System.err( 5159): 	at io.ktor.util.pipeline.DebugPipelineContext.proceedLoop(SourceFile:86)
06-17 19:13:55.288 W/System.err( 5159): 	at io.ktor.util.pipeline.DebugPipelineContext.proceed(SourceFile:26)
06-17 19:13:55.288 W/System.err( 5159): 	at io.ktor.client.plugins.RequestError$install$1.invokeSuspend(SourceFile:47)
06-17 19:13:55.288 W/System.err( 5159): 	at io.ktor.client.plugins.RequestError$install$1.invoke(SourceFile:1)
06-17 19:13:55.288 W/System.err( 5159): 	at io.ktor.client.plugins.RequestError$install$1.invoke(SourceFile:2)
06-17 19:13:55.288 W/System.err( 5159): 	at io.ktor.util.pipeline.DebugPipelineContext.proceedLoop(SourceFile:86)
06-17 19:13:55.288 W/System.err( 5159): 	at io.ktor.util.pipeline.DebugPipelineContext.proceed(SourceFile:26)
06-17 19:13:55.288 W/System.err( 5159): 	at io.ktor.client.plugins.SetupRequestContext$install$1.invokeSuspend$proceed(SourceFile:1)
06-17 19:13:55.288 W/System.err( 5159): 	at io.ktor.client.plugins.SetupRequestContext$install$1.access$invokeSuspend$proceed(SourceFile:1)
06-17 19:13:55.288 W/System.err( 5159): 	at io.ktor.client.plugins.SetupRequestContext$install$1$1.invoke(SourceFile:2)
06-17 19:13:55.288 W/System.err( 5159): 	at io.ktor.client.plugins.SetupRequestContext$install$1$1.invoke(SourceFile:1)
06-17 19:13:55.288 W/System.err( 5159): 	at io.ktor.client.plugins.HttpRequestLifecycleKt$HttpRequestLifecycle$1$1.invokeSuspend(SourceFile:78)
06-17 19:13:55.288 W/System.err( 5159): 	at io.ktor.client.plugins.HttpRequestLifecycleKt$HttpRequestLifecycle$1$1.invoke(SourceFile:1)
06-17 19:13:55.288 W/System.err( 5159): 	at io.ktor.client.plugins.HttpRequestLifecycleKt$HttpRequestLifecycle$1$1.invoke(SourceFile:2)
06-17 19:13:55.289 W/System.err( 5159): 	at io.ktor.client.plugins.SetupRequestContext$install$1.invokeSuspend(SourceFile:42)
06-17 19:13:55.289 W/System.err( 5159): 	at io.ktor.client.plugins.SetupRequestContext$install$1.invoke(SourceFile:1)
06-17 19:13:55.289 W/System.err( 5159): 	at io.ktor.client.plugins.SetupRequestContext$install$1.invoke(SourceFile:2)
06-17 19:13:55.289 W/System.err( 5159): 	at io.ktor.util.pipeline.DebugPipelineContext.proceedLoop(SourceFile:86)
06-17 19:13:55.289 W/System.err( 5159): 	at io.ktor.util.pipeline.DebugPipelineContext.proceed(SourceFile:26)
06-17 19:13:55.289 W/System.err( 5159): 	at io.ktor.util.pipeline.DebugPipelineContext.execute$ktor_utils(SourceFile:7)
06-17 19:13:55.289 W/System.err( 5159): 	at io.ktor.util.pipeline.Pipeline.execute(SourceFile:9)
06-17 19:13:55.289 W/System.err( 5159): 	at io.ktor.client.HttpClient.execute$ktor_client_core(SourceFile:68)
06-17 19:13:55.289 W/System.err( 5159): 	at io.ktor.client.statement.HttpStatement.fetchResponse(SourceFile:90)
06-17 19:13:55.289 W/System.err( 5159): 	at io.ktor.client.statement.HttpStatement.execute(SourceFile:9)
06-17 19:13:55.289 W/System.err( 5159): 	at de.jensklingenberg.ktorfit.internal.KtorfitConverterHelper.suspendRequest(SourceFile:127)
06-17 19:13:55.289 W/System.err( 5159): 	at de.jensklingenberg.ktorfit.internal.KtorfitConverterHelper$request$1$1.invokeSuspend(SourceFile:58)
06-17 19:13:55.289 W/System.err( 5159): 	at de.jensklingenberg.ktorfit.internal.KtorfitConverterHelper$request$1$1.invoke(SourceFile:2)
06-17 19:13:55.289 W/System.err( 5159): 	at de.jensklingenberg.ktorfit.internal.KtorfitConverterHelper$request$1$1.invoke(SourceFile:1)
06-17 19:13:55.289 W/System.err( 5159): 	at de.jensklingenberg.ktorfit.converter.FlowConverterFactory$responseConverter$1$convert$1.invokeSuspend(SourceFile:84)
06-17 19:13:55.289 W/System.err( 5159): 	at de.jensklingenberg.ktorfit.converter.FlowConverterFactory$responseConverter$1$convert$1.invoke(SourceFile:2)
06-17 19:13:55.289 W/System.err( 5159): 	at de.jensklingenberg.ktorfit.converter.FlowConverterFactory$responseConverter$1$convert$1.invoke(SourceFile:1)
06-17 19:13:55.289 W/System.err( 5159): 	at kotlinx.coroutines.flow.SafeFlow.collectSafely(SourceFile:3)
06-17 19:13:55.289 W/System.err( 5159): 	at kotlinx.coroutines.flow.AbstractFlow.collect(SourceFile:70)
06-17 19:13:55.289 W/System.err( 5159): 	at kotlinx.coroutines.flow.FlowKt__MergeKt$flatMapConcat$$inlined$map$1.collect(SourceFile:10)
06-17 19:13:55.289 W/System.err( 5159): 	at kotlinx.coroutines.flow.FlowKt__MergeKt$flattenConcat$$inlined$unsafeFlow$1.collect(SourceFile:8)
06-17 19:13:55.289 W/System.err( 5159): 	at kotlinx.coroutines.flow.FlowKt__CollectKt.collect(SourceFile:1)
06-17 19:13:55.289 W/System.err( 5159): 	at kotlinx.coroutines.flow.FlowKt.collect(SourceFile:1)
06-17 19:13:55.289 W/System.err( 5159): 	at tech.gtt.frontapp.servicesdk.common.service.utility.apis.ApiUtilServiceImpl.onServiceInit(SourceFile:240)
06-17 19:13:55.289 W/System.err( 5159): 	at tech.gtt.frontapp.servicesdk.common.core.ServiceSDKImpl.executeServiceInitialize(SourceFile:372)
06-17 19:13:55.289 W/System.err( 5159): 	at tech.gtt.frontapp.servicesdk.common.core.ServiceSDKImpl.access$executeServiceInitialize(SourceFile:1)
06-17 19:13:55.289 W/System.err( 5159): 	at tech.gtt.frontapp.servicesdk.common.core.ServiceSDKImpl$init$1.invokeSuspend(SourceFile:178)
06-17 19:13:55.289 W/System.err( 5159): 	at tech.gtt.frontapp.servicesdk.common.core.ServiceSDKImpl$init$1.invoke(SourceFile:2)
06-17 19:13:55.289 W/System.err( 5159): 	at tech.gtt.frontapp.servicesdk.common.core.ServiceSDKImpl$init$1.invoke(SourceFile:1)
06-17 19:13:55.289 W/System.err( 5159): 	at kotlinx.coroutines.flow.SafeFlow.collectSafely(SourceFile:3)
06-17 19:13:55.289 W/System.err( 5159): 	at kotlinx.coroutines.flow.AbstractFlow.collect(SourceFile:70)
06-17 19:13:55.289 W/System.err( 5159): 	at tech.gtt.frontapp.servicesdk.common.core.SDKSetup$build$1.invokeSuspend(SourceFile:42)
06-17 19:13:55.289 W/System.err( 5159): 	at tech.gtt.frontapp.servicesdk.common.core.SDKSetup$build$1.invoke(SourceFile:2)
06-17 19:13:55.289 W/System.err( 5159): 	at tech.gtt.frontapp.servicesdk.common.core.SDKSetup$build$1.invoke(SourceFile:1)
06-17 19:13:55.289 W/System.err( 5159): 	at tech.gtt.frontapp.servicesdk.common.core.Scheduler$scheduleDirect$1.invokeSuspend(SourceFile:61)
06-17 19:13:55.289 W/System.err( 5159): 	at lh.a.resumeWith(SourceFile:14)
06-17 19:13:55.289 W/System.err( 5159): 	at kotlinx.coroutines.DispatchedTask.run(SourceFile:123)
06-17 19:13:55.289 W/System.err( 5159): 	at kotlinx.coroutines.internal.LimitedDispatcher$Worker.run(SourceFile:4)
06-17 19:13:55.289 W/System.err( 5159): 	at kotlinx.coroutines.scheduling.TaskImpl.run(SourceFile:3)
06-17 19:13:55.289 W/System.err( 5159): 	at kotlinx.coroutines.scheduling.CoroutineScheduler.runSafely(SourceFile:1)
