06-15 22:18:00.647 V/GSK-APIS(11039): Zv5PAzOpqMnp/I/gHm7+aHGCJhbKBW46Pj45kwTfBm5wTjQATQeGQakFm7lWj/Wg7Nf6rD93dzagZ5JMdzp8ZgQavh2TmwKMfeg9E6SmmFILp7JMy7g3RNYk/wyiXQJmSzzGoKBmt6S7f8RoHMxx/Xi7HyyE30izph5T2AW+ZlAKr5ab7gatfZXbNfdE3T3nLx7aC0oLocFLDUvpV9guEOmpmerXqdjzs2r8zoexxj+lZix7gTc85F/CWP8Mo6wNpQgQiVWdf5/nMg6qahUKcADavDk1947Yr4AoUYAfKbon1kG5yn/gCtnjGYl4ERaWJpTEe1Dq0/uwu5itiKoYlsTbE/d2loEXjOTNAo/MlQqAaaMDuIGpM6oxUxlJ+HDmw4=
06-15 22:18:00.647 V/GSK-APIS(11039): 	prot:	ACM30
06-15 22:18:00.647 V/GSK-APIS(11039): 	signature:	a6a1607b6c48aa6d7dec1a85e6a395d49dd626a1
06-15 22:18:00.647 V/GSK-APIS(11039): }
06-15 22:18:00.648 V/GSK-APIS(11039): request to: https://gtt-app-apigateway-lion.vdemosit.com/api/enduser/messagecenter/message/query/v1
06-15 22:18:00.658 V/GSK-Upgrade:ComponentUpdater(11039): init
06-15 22:18:00.658 V/GSK-Upgrade:ComponentUpdater(11039): loadLocalDex
06-15 22:18:00.658 V/GSK-Upgrade:ComponentUpdater(11039): local dex is empty
06-15 22:18:00.658 V/GSK-Upgrade:ComponentUpdater(11039): local dex is empty
06-15 22:18:00.658 V/GSK-Upgrade:ComponentUpdater(11039): local dex is empty
06-15 22:18:00.658 V/GSK-Upgrade:ComponentUpdater(11039): local dex is empty
06-15 22:18:00.658 V/GSK-Upgrade:ComponentUpdater(11039): local dex is empty
06-15 22:18:00.658 V/GSK-Upgrade:ComponentUpdater(11039): local dex is empty
06-15 22:18:00.679 D/AndroidAutoSize(11039): tech.gtt.frontapp.stb.m.home.activity.LoadingActivity used the global configuration.
06-15 22:18:00.680 D/AndroidAutoSize(11039): The tech.gtt.frontapp.stb.m.home.activity.LoadingActivity has been adapted! 
06-15 22:18:00.680 D/AndroidAutoSize(11039): LoadingActivity Info: isBaseOnWidth = true, designWidthInDp = 1920.000000, designWidthInSubunits = 1920.000000, targetDensity = 1.000000, targetScaledDensity = 1.000000, targetDensityDpi = 160, targetXdpi = 1.000000, targetScreenWidthDp = 1920, targetScreenHeightDp = 1032
06-15 22:18:00.807 V/GSK-Account:AccountManager(11039): isLoggedIn=false
06-15 22:18:00.808 D/AndroidAutoSize(11039): tech.gtt.frontapp.stb.m.home.activity.LoadingActivity used the global configuration.
06-15 22:18:00.809 D/AndroidAutoSize(11039): The tech.gtt.frontapp.stb.m.home.activity.LoadingActivity has been adapted! 
06-15 22:18:00.809 D/AndroidAutoSize(11039): LoadingActivity Info: isBaseOnWidth = true, designWidthInDp = 1920.000000, designWidthInSubunits = 1920.000000, targetDensity = 1.000000, targetScaledDensity = 1.000000, targetDensityDpi = 160, targetXdpi = 1.000000, targetScreenWidthDp = 1920, targetScreenHeightDp = 1032
06-15 22:18:00.859 W/WindowManager( 1965): Failed looking up window session=Session{d234b19 11039:u0a10058} callers=com.android.server.wm.WindowManagerService.windowForClientLocked:5850 com.android.server.wm.Session.updateRequestedVisibilities:640 android.view.IWindowSession$Stub.onTransact:1175 
06-15 22:18:00.909 W/UiDevice(10987): Skipping null root node for window: AccessibilityWindowInfo[title=允许v-demo访问您设备上的照片和媒体吗？, displayId=0, id=731, taskId=48, type=TYPE_APPLICATION, layer=1, region=SkRegion((432,48,1488,1080)), bounds=Rect(432, 48 - 1488, 1080), focused=false, active=false, pictureInPicture=false, hasParent=false, isAnchored=false, hasChildren=false]
06-15 22:18:01.057 D/gralloc_nox( 1771): gralloc_alloc: Creating ashmem region of size 8298496
06-15 22:18:01.120 V/GSK-APIS(11039): received response >>> id: 35bd0d10 url: https://gtt-app-apigateway-lion.vdemosit.com/api/enduser/messagecenter/message/query/v1 statusCode: 400, exception: null
06-15 22:18:01.126 I/System.out(11039): [SDKInterceptorPlugin] Unhandled exception in request processing: Something went wrong while connecting to the server, statusCode: 400
06-15 22:18:01.151 D/gralloc_nox( 1771): gralloc_alloc: Creating ashmem region of size 8298496
06-15 22:18:01.154 D/ProcessState(11143): Binder ioctl to enable oneway spam detection failed: Invalid argument
06-15 22:18:01.208 D/gralloc_nox( 1771): gralloc_alloc: Creating ashmem region of size 8298496
06-15 22:18:01.318 W/ByMatcher(10987): Node returned null child: android.view.accessibility.AccessibilityNodeInfo@80006f98; boundsInParent: Rect(0, 0 - 1920, 1080); boundsInScreen: Rect(0, 0 - 1920, 1080); packageName: tech.gtt.frontapp.stb.demo; className: android.widget.FrameLayout; text: null; error: null; maxTextLength: -1; stateDescription: null; contentDescription: null; tooltipText: null; viewIdResName: null; checkable: false; checked: false; focusable: false; focused: false; selected: false; clickable: false; longClickable: false; contextClickable: false; enabled: true; password: false; scrollable: false; importantForAccessibility: true; visible: true; actions: [AccessibilityAction: ACTION_SELECT - null, AccessibilityAction: ACTION_CLEAR_SELECTION - null, AccessibilityAction: ACTION_ACCESSIBILITY_FOCUS - null, AccessibilityAction: ACTION_SHOW_ON_SCREEN - null]
06-15 22:18:01.321 W/ByMatcher(10987): Skipping null child (0 of 2)
06-15 22:18:01.327 W/ByMatcher(10987): Skipping null child (1 of 2)
06-15 22:18:01.338 W/ByMatcher(10987): Node returned null child: android.view.accessibility.AccessibilityNodeInfo@80006f98; boundsInParent: Rect(0, 0 - 1920, 1080); boundsInScreen: Rect(0, 0 - 1920, 1080); packageName: tech.gtt.frontapp.stb.demo; className: android.widget.FrameLayout; text: null; error: null; maxTextLength: -1; stateDescription: null; contentDescription: null; tooltipText: null; viewIdResName: null; checkable: false; checked: false; focusable: false; focused: false; selected: false; clickable: false; longClickable: false; contextClickable: false; enabled: true; password: false; scrollable: false; importantForAccessibility: true; visible: true; actions: [AccessibilityAction: ACTION_SELECT - null, AccessibilityAction: ACTION_CLEAR_SELECTION - null, AccessibilityAction: ACTION_ACCESSIBILITY_FOCUS - null, AccessibilityAction: ACTION_SHOW_ON_SCREEN - null]
06-15 22:18:01.342 W/ByMatcher(10987): Skipping null child (0 of 2)
06-15 22:18:01.344 I/ActivityTaskManager( 1965): Displayed tech.gtt.frontapp.stb.demo/tech.gtt.frontapp.stb.m.home.activity.LoadingActivity: +783ms
06-15 22:18:01.351 W/ByMatcher(10987): Skipping null child (1 of 2)
06-15 22:18:01.352 W/ByMatcher(10987): Node returned null child: android.view.accessibility.AccessibilityNodeInfo@30f89; boundsInParent: Rect(0, 0 - 1920, 48); boundsInScreen: Rect(0, 0 - 1920, 48); packageName: com.android.systemui; className: android.widget.FrameLayout; text: null; error: null; maxTextLength: -1; stateDescription: null; contentDescription: null; tooltipText: null; viewIdResName: null; checkable: false; checked: false; focusable: false; focused: false; selected: false; clickable: false; longClickable: false; contextClickable: false; enabled: true; password: false; scrollable: false; importantForAccessibility: true; visible: true; actions: [AccessibilityAction: ACTION_SELECT - null, AccessibilityAction: ACTION_CLEAR_SELECTION - null, AccessibilityAction: ACTION_ACCESSIBILITY_FOCUS - null, AccessibilityAction: ACTION_SHOW_ON_SCREEN - null]
06-15 22:18:01.354 W/ByMatcher(10987): Skipping null child (0 of 2)
06-15 22:18:01.359 W/ByMatcher(10987): Skipping null child (1 of 2)
06-15 22:18:01.368 W/ByMatcher(10987): Node returned null child: android.view.accessibility.AccessibilityNodeInfo@30f89; boundsInParent: Rect(0, 0 - 1920, 48); boundsInScreen: Rect(0, 0 - 1920, 48); packageName: com.android.systemui; className: android.widget.FrameLayout; text: null; error: null; maxTextLength: -1; stateDescription: null; contentDescription: null; tooltipText: null; viewIdResName: null; checkable: false; checked: false; focusable: false; focused: false; selected: false; clickable: false; longClickable: false; contextClickable: false; enabled: true; password: false; scrollable: false; importantForAccessibility: true; visible: true; actions: [AccessibilityAction: ACTION_SELECT - null, AccessibilityAction: ACTION_CLEAR_SELECTION - null, AccessibilityAction: ACTION_ACCESSIBILITY_FOCUS - null, AccessibilityAction: ACTION_SHOW_ON_SCREEN - null]
06-15 22:18:01.376 W/ByMatcher(10987): Skipping null child (0 of 2)
06-15 22:18:01.384 W/ByMatcher(10987): Skipping null child (1 of 2)
06-15 22:18:01.388 D/CompatibilityChangeReporter(11039): Compat change id reported: 171228096; UID 10058; state: ENABLED
06-15 22:18:01.462 W/DataBinding(11039): Setting the fragment as the LifecycleOwner might cause memory leaks because views lives shorter than the Fragment. Consider using Fragment's view lifecycle
06-15 22:18:01.487 D/UiDevice(10987): Searching for node with selector: BySelector [RES='\Qtech.gtt.frontapp.stb.demo:id/account_login_tv2\E'].
06-15 22:18:01.488 W/QueryController(10987): Could not detect idle state.
06-15 22:18:01.514 I/MediaFocusControl( 1965): requestAudioFocus() from uid/pid 10058/11039 AA=USAGE_MEDIA/CONTENT_TYPE_MOVIE clientId=android.media.AudioManager@55a729e callingPack=tech.gtt.frontapp.stb.demo req=1 flags=0x0 sdk=35
06-15 22:18:01.518 I/AudioService.FadeOutManager( 1965): unfadeOutUid() uid:10058
06-15 22:18:01.549 W/MediaProvider( 2579): Failed to fetch original file descriptor
06-15 22:18:01.549 W/MediaProvider( 2579): java.io.IOException: stat failed: ENOENT (No such file or directory)
06-15 22:18:01.549 W/MediaProvider( 2579): 	at com.android.providers.media.MediaProvider.getFileFromFileDescriptor(MediaProvider.java:5822)
06-15 22:18:01.549 W/MediaProvider( 2579): 	at com.android.providers.media.MediaProvider.getOriginalMediaFormatFileDescriptor(MediaProvider.java:5739)
06-15 22:18:01.549 W/MediaProvider( 2579): 	at com.android.providers.media.MediaProvider.openTypedAssetFileCommon(MediaProvider.java:7162)
06-15 22:18:01.549 W/MediaProvider( 2579): 	at com.android.providers.media.MediaProvider.openTypedAssetFile(MediaProvider.java:7143)
06-15 22:18:01.549 W/MediaProvider( 2579): 	at android.content.ContentProvider$Transport.openTypedAssetFile(ContentProvider.java:548)
06-15 22:18:01.549 W/MediaProvider( 2579): 	at android.content.ContentProviderNative.onTransact(ContentProviderNative.java:327)
06-15 22:18:01.549 W/MediaProvider( 2579): 	at android.os.Binder.execTransactInternal(Binder.java:1179)
06-15 22:18:01.549 W/MediaProvider( 2579): 	at android.os.Binder.execTransact(Binder.java:1143)
06-15 22:18:01.549 W/MediaProvider( 2579): Caused by: android.system.ErrnoException: stat failed: ENOENT (No such file or directory)
06-15 22:18:01.549 W/MediaProvider( 2579): 	at libcore.io.Linux.stat(Native Method)
06-15 22:18:01.549 W/MediaProvider( 2579): 	at libcore.io.ForwardingOs.stat(ForwardingOs.java:853)
06-15 22:18:01.549 W/MediaProvider( 2579): 	at libcore.io.BlockGuardOs.stat(BlockGuardOs.java:420)
06-15 22:18:01.549 W/MediaProvider( 2579): 	at libcore.io.ForwardingOs.stat(ForwardingOs.java:853)
06-15 22:18:01.549 W/MediaProvider( 2579): 	at android.app.ActivityThread$AndroidOs.stat(ActivityThread.java:7775)
06-15 22:18:01.549 W/MediaProvider( 2579): 	at android.system.Os.stat(Os.java:919)
06-15 22:18:01.549 W/MediaProvider( 2579): 	at com.android.providers.media.MediaProvider.getFileFromFileDescriptor(MediaProvider.java:5816)
06-15 22:18:01.549 W/MediaProvider( 2579): 	... 7 more
06-15 22:18:01.554 D/NuPlayerDriver( 1870): NuPlayerDriver(0xf09c1cc0) created, clientPid(11039)
06-15 22:18:01.561 D/SurfaceUtils( 1870): connecting to surface 0xeb5c4ba8, reason setVideoSurfaceTexture
06-15 22:18:01.561 D/NuPlayer( 1870): onSetVideoSurface(0xeb5c3270, no video decoder)
06-15 22:18:01.570 D/GenericSource( 1870): FileSource remote
06-15 22:18:01.573 I/SampleTable( 1859): There are reordered frames present.
06-15 22:18:01.587 D/MediaBufferGroup( 1859): creating MemoryDealer
06-15 22:18:01.623 W/InputManager-JNI( 1965): Input channel object '7539c8c tech.gtt.frontapp.stb.demo/tech.gtt.frontapp.stb.m.home.activity.SplashActivity (client)' was disposed without first being removed with the input manager!
06-15 22:18:01.632 D/MediaPlayerNative(11039): getMetadata
06-15 22:18:01.637 I/GenericSource( 1870): start
06-15 22:18:01.641 I/OMXClient( 1870): IOmx service obtained
06-15 22:18:01.641 I/OMXStore( 1880): makeComponentInstance(OMX.google.h264.decoder) in android.hardwar process
06-15 22:18:01.644 D/SurfaceUtils( 1870): disconnecting from surface 0xeb5c3278, reason onConfigure
06-15 22:18:01.654 D/SurfaceUtils( 1870): connecting to surface 0xeb5c3278, reason connectToSurface
06-15 22:18:01.657 I/MediaCodec( 1870): [OMX.google.h264.decoder] setting surface generation to 1914890
06-15 22:18:01.657 D/SurfaceUtils( 1870): disconnecting from surface 0xeb5c3278, reason connectToSurface(reconnect)
06-15 22:18:01.659 D/SurfaceUtils( 1870): connecting to surface 0xeb5c3278, reason connectToSurface(reconnect)
06-15 22:18:01.659 I/OMXClient( 1870): IOmx service obtained
06-15 22:18:01.660 I/OMXStore( 1880): makeComponentInstance(OMX.google.aac.decoder) in android.hardwar process
06-15 22:18:01.661 E/OMXNodeInstance( 1880): setConfig(0xf2600d30:google.aac.decoder, ConfigPriority(0x6f800002)) ERROR: Undefined(0x80001001)
06-15 22:18:01.661 I/ACodec  ( 1870): codec does not support config priority (err -2147483648)
06-15 22:18:01.661 E/OMXNodeInstance( 1880): getConfig(0xf2600d30:google.aac.decoder, ConfigAndroidVendorExtension(0x6f100004)) ERROR: Undefined(0x80001001)
06-15 22:18:01.661 D/SoftAAC2( 1880): get OMX_IndexParamAudioAndroidAacDrcPresentation
06-15 22:18:01.662 I/MediaCodec( 1870): MediaCodec will operate in async mode
06-15 22:18:01.663 E/OMXNodeInstance( 1880): getExtensionIndex(0xf26015f0:google.h264.decoder, OMX.google.android.index.enableAndroidNativeBuffers) ERROR: UnsupportedIndex(0x8000101a)
06-15 22:18:01.664 I/ActivityManager( 1965): PendingStartActivityUids startActivity to updateOomAdj delay:1016ms, uid:10058
06-15 22:18:01.665 E/ACodec  ( 1870): [OMX.google.h264.decoder] setPortMode on output to DynamicANWBuffer failed w/ err -1010
06-15 22:18:01.666 D/MediaCodec( 1870): keep callback message for reclaim
06-15 22:18:01.666 E/OMXNodeInstance( 1880): getParameter(0xf26015f0:google.h264.decoder, ??(0x6f600011)) ERROR: UnsupportedIndex(0x8000101a)
06-15 22:18:01.666 W/OMXNodeInstance( 1880): [0xf26015f0:google.h264.decoder] component does not support metadata mode; using fallback
06-15 22:18:01.667 D/SoftVideoDecoderOMXComponent( 1880): Color Aspects preference: 1 
06-15 22:18:01.667 E/OMXNodeInstance( 1880): setConfig(0xf26015f0:google.h264.decoder, ConfigPriority(0x6f800002)) ERROR: UnsupportedIndex(0x8000101a)
06-15 22:18:01.668 I/ACodec  ( 1870): codec does not support config priority (err -1010)
06-15 22:18:01.668 E/OMXNodeInstance( 1880): setConfig(0xf26015f0:google.h264.decoder, ConfigOperatingRate(0x6f800003)) ERROR: UnsupportedIndex(0x8000101a)
06-15 22:18:01.668 I/ACodec  ( 1870): codec does not support config operating rate (err -1010)
06-15 22:18:01.668 E/OMXNodeInstance( 1880): getConfig(0xf26015f0:google.h264.decoder, ConfigAndroidVendorExtension(0x6f100004)) ERROR: UnsupportedIndex(0x8000101a)
06-15 22:18:01.668 E/OMXNodeInstance( 1880): getConfig(0xf26015f0:google.h264.decoder, ??(0x7f000003)) ERROR: UnsupportedSetting(0x80001019)
06-15 22:18:01.669 I/MediaCodec( 1870): MediaCodec will operate in async mode
06-15 22:18:01.669 D/MediaCodec( 1870): keep callback message for reclaim
06-15 22:18:01.671 I/SoftAAC2( 1880): Reconfiguring decoder: 0->44100 Hz, 0->1 channels
06-15 22:18:01.672 D/SoftAAC2( 1880): get OMX_IndexParamAudioAndroidAacDrcPresentation
06-15 22:18:01.672 W/ResourceManagerService( 1870): Ignoring request to add new resource entry with value <= 0
06-15 22:18:01.672 D/SoftVideoDecoderOMXComponent( 1880): Color Aspects preference: 1 
06-15 22:18:01.673 E/OMXNodeInstance( 1880): getConfig(0xf26015f0:google.h264.decoder, ??(0x7f000003)) ERROR: UnsupportedSetting(0x80001019)
06-15 22:18:01.685 D/AudioFlinger( 1780): Client defaulted notificationFrames to 11286 for frameCount 22572
06-15 22:18:01.686 D/AF::TrackHandle( 1780): OpPlayAudio: track:65 usage:1 not muted
06-15 22:18:01.723 D/MediaCodec( 1870): [OMX.google.h264.decoder] setting dataspace on output surface to #102
06-15 22:18:01.734 W/MediaPlayerNative(11039): info/warning (3, 0)
06-15 22:18:01.735 D/gralloc_nox( 1771): gralloc_alloc: Creating ashmem region of size 589824
06-15 22:18:01.735 E/android.hardware.audio.service( 1760): pcm_open called create stream faild
06-15 22:18:01.738 D/SoftwareRenderer( 1870): setting dataspace on output surface to #8000102
06-15 22:18:01.740 D/gralloc_nox( 1771): gralloc_alloc: Creating ashmem region of size 589824
06-15 22:18:01.761 D/UiDevice(10987): Searching for node with selector: BySelector [RES='\Qtech.gtt.frontapp.stb.demo:id/account_login_tv2\E'].
06-15 22:18:01.763 W/QueryController(10987): Could not detect idle state.
06-15 22:18:01.786 D/AudioFlinger( 1780): mixer(0x7476fcea3a60) throttle end: throttle time(36)
06-15 22:18:01.870 D/UiDevice(10987): Searching for node with selector: BySelector [RES='\Qtech.gtt.frontapp.stb.demo:id/account_login_tv2\E'].
06-15 22:18:01.871 W/QueryController(10987): Could not detect idle state.
06-15 22:18:01.980 D/UiDevice(10987): Searching for node with selector: BySelector [RES='\Qtech.gtt.frontapp.stb.demo:id/account_login_tv2\E'].
06-15 22:18:01.983 W/QueryController(10987): Could not detect idle state.
06-15 22:18:02.047 D/gralloc_nox( 1771): gralloc_alloc: Creating ashmem region of size 589824
06-15 22:18:02.056 D/gralloc_nox( 1771): gralloc_alloc: Creating ashmem region of size 589824
06-15 22:18:02.060 D/gralloc_nox( 1771): gralloc_alloc: Creating ashmem region of size 589824
06-15 22:18:02.080 D/AudioFlinger( 1780): mixer(0x7476fcea3a60) throttle end: throttle time(216)
06-15 22:18:02.107 D/UiDevice(10987): Searching for node with selector: BySelector [RES='\Qtech.gtt.frontapp.stb.demo:id/account_login_tv2\E'].
06-15 22:18:02.108 W/QueryController(10987): Could not detect idle state.
06-15 22:18:02.242 D/UiDevice(10987): Searching for node with selector: BySelector [RES='\Qtech.gtt.frontapp.stb.demo:id/account_login_tv2\E'].
06-15 22:18:02.243 W/QueryController(10987): Could not detect idle state.
06-15 22:18:02.363 D/UiDevice(10987): Searching for node with selector: BySelector [RES='\Qtech.gtt.frontapp.stb.demo:id/account_login_tv2\E'].
06-15 22:18:02.368 W/QueryController(10987): Could not detect idle state.
06-15 22:18:02.480 D/UiDevice(10987): Searching for node with selector: BySelector [RES='\Qtech.gtt.frontapp.stb.demo:id/account_login_tv2\E'].
06-15 22:18:02.482 W/QueryController(10987): Could not detect idle state.
06-15 22:18:02.585 D/UiDevice(10987): Searching for node with selector: BySelector [RES='\Qtech.gtt.frontapp.stb.demo:id/account_login_tv2\E'].
06-15 22:18:02.586 W/QueryController(10987): Could not detect idle state.
06-15 22:18:02.689 D/UiDevice(10987): Searching for node with selector: BySelector [RES='\Qtech.gtt.frontapp.stb.demo:id/account_login_tv2\E'].
06-15 22:18:02.689 W/QueryController(10987): Could not detect idle state.
06-15 22:18:02.792 D/UiDevice(10987): Searching for node with selector: BySelector [RES='\Qtech.gtt.frontapp.stb.demo:id/account_login_tv2\E'].
06-15 22:18:02.793 W/QueryController(10987): Could not detect idle state.
06-15 22:18:02.900 D/UiDevice(10987): Searching for node with selector: BySelector [RES='\Qtech.gtt.frontapp.stb.demo:id/account_login_tv2\E'].
06-15 22:18:02.901 W/QueryController(10987): Could not detect idle state.
06-15 22:18:02.935 I/keystore2( 1708): keystore2::watchdog: Watchdog thread idle -> terminating. Have a great day.
06-15 22:18:03.009 D/UiDevice(10987): Searching for node with selector: BySelector [RES='\Qtech.gtt.frontapp.stb.demo:id/account_login_tv2\E'].
06-15 22:18:03.010 W/QueryController(10987): Could not detect idle state.
06-15 22:18:03.120 D/UiDevice(10987): Searching for node with selector: BySelector [RES='\Qtech.gtt.frontapp.stb.demo:id/account_login_tv2\E'].
06-15 22:18:03.121 W/QueryController(10987): Could not detect idle state.
06-15 22:18:03.224 D/UiDevice(10987): Searching for node with selector: BySelector [RES='\Qtech.gtt.frontapp.stb.demo:id/account_login_tv2\E'].
06-15 22:18:03.225 W/QueryController(10987): Could not detect idle state.
06-15 22:18:03.329 D/UiDevice(10987): Searching for node with selector: BySelector [RES='\Qtech.gtt.frontapp.stb.demo:id/account_login_tv2\E'].
06-15 22:18:03.330 W/QueryController(10987): Could not detect idle state.
06-15 22:18:03.437 D/UiDevice(10987): Searching for node with selector: BySelector [RES='\Qtech.gtt.frontapp.stb.demo:id/account_login_tv2\E'].
06-15 22:18:03.438 W/QueryController(10987): Could not detect idle state.
06-15 22:18:03.546 D/UiDevice(10987): Searching for node with selector: BySelector [RES='\Qtech.gtt.frontapp.stb.demo:id/account_login_tv2\E'].
06-15 22:18:03.547 W/QueryController(10987): Could not detect idle state.
06-15 22:18:03.664 D/UiDevice(10987): Searching for node with selector: BySelector [RES='\Qtech.gtt.frontapp.stb.demo:id/account_login_tv2\E'].
06-15 22:18:03.665 W/QueryController(10987): Could not detect idle state.
06-15 22:18:03.774 D/UiDevice(10987): Searching for node with selector: BySelector [RES='\Qtech.gtt.frontapp.stb.demo:id/account_login_tv2\E'].
06-15 22:18:03.775 W/QueryController(10987): Could not detect idle state.
06-15 22:18:03.879 D/UiDevice(10987): Searching for node with selector: BySelector [RES='\Qtech.gtt.frontapp.stb.demo:id/account_login_tv2\E'].
06-15 22:18:03.881 W/QueryController(10987): Could not detect idle state.
06-15 22:18:03.990 D/UiDevice(10987): Searching for node with selector: BySelector [RES='\Qtech.gtt.frontapp.stb.demo:id/account_login_tv2\E'].
06-15 22:18:03.991 W/QueryController(10987): Could not detect idle state.
06-15 22:18:04.070 E/TaskPersister( 1965): File error accessing recents directory (directory doesn't exist?).
06-15 22:18:04.097 D/UiDevice(10987): Searching for node with selector: BySelector [RES='\Qtech.gtt.frontapp.stb.demo:id/account_login_tv2\E'].
06-15 22:18:04.100 W/QueryController(10987): Could not detect idle state.
06-15 22:18:04.208 D/UiDevice(10987): Searching for node with selector: BySelector [RES='\Qtech.gtt.frontapp.stb.demo:id/account_login_tv2\E'].
06-15 22:18:04.208 W/QueryController(10987): Could not detect idle state.
06-15 22:18:04.319 D/UiDevice(10987): Searching for node with selector: BySelector [RES='\Qtech.gtt.frontapp.stb.demo:id/account_login_tv2\E'].
06-15 22:18:04.319 W/QueryController(10987): Could not detect idle state.
06-15 22:18:04.423 D/UiDevice(10987): Searching for node with selector: BySelector [RES='\Qtech.gtt.frontapp.stb.demo:id/account_login_tv2\E'].
06-15 22:18:04.424 W/QueryController(10987): Could not detect idle state.
06-15 22:18:04.529 D/UiDevice(10987): Searching for node with selector: BySelector [RES='\Qtech.gtt.frontapp.stb.demo:id/account_login_tv2\E'].
06-15 22:18:04.530 W/QueryController(10987): Could not detect idle state.
06-15 22:18:04.643 D/UiDevice(10987): Searching for node with selector: BySelector [RES='\Qtech.gtt.frontapp.stb.demo:id/account_login_tv2\E'].
06-15 22:18:04.643 W/QueryController(10987): Could not detect idle state.
06-15 22:18:04.751 D/UiDevice(10987): Searching for node with selector: BySelector [RES='\Qtech.gtt.frontapp.stb.demo:id/account_login_tv2\E'].
06-15 22:18:04.752 W/QueryController(10987): Could not detect idle state.
06-15 22:18:04.858 D/UiDevice(10987): Searching for node with selector: BySelector [RES='\Qtech.gtt.frontapp.stb.demo:id/account_login_tv2\E'].
06-15 22:18:04.859 W/QueryController(10987): Could not detect idle state.
06-15 22:18:04.966 D/UiDevice(10987): Searching for node with selector: BySelector [RES='\Qtech.gtt.frontapp.stb.demo:id/account_login_tv2\E'].
06-15 22:18:04.967 W/QueryController(10987): Could not detect idle state.
06-15 22:18:05.076 D/UiDevice(10987): Searching for node with selector: BySelector [RES='\Qtech.gtt.frontapp.stb.demo:id/account_login_tv2\E'].
06-15 22:18:05.076 W/QueryController(10987): Could not detect idle state.
06-15 22:18:05.184 D/UiDevice(10987): Searching for node with selector: BySelector [RES='\Qtech.gtt.frontapp.stb.demo:id/account_login_tv2\E'].
06-15 22:18:05.186 W/QueryController(10987): Could not detect idle state.
06-15 22:18:05.293 D/UiDevice(10987): Searching for node with selector: BySelector [RES='\Qtech.gtt.frontapp.stb.demo:id/account_login_tv2\E'].
06-15 22:18:05.293 W/QueryController(10987): Could not detect idle state.
06-15 22:18:05.400 D/UiDevice(10987): Searching for node with selector: BySelector [RES='\Qtech.gtt.frontapp.stb.demo:id/account_login_tv2\E'].
06-15 22:18:05.402 W/QueryController(10987): Could not detect idle state.
06-15 22:18:05.501 D/AudioTrack( 1870): stop(17): called with 200704 frames delivered
06-15 22:18:05.509 D/UiDevice(10987): Searching for node with selector: BySelector [RES='\Qtech.gtt.frontapp.stb.demo:id/account_login_tv2\E'].
06-15 22:18:05.510 W/QueryController(10987): Could not detect idle state.
06-15 22:18:05.614 D/UiDevice(10987): Searching for node with selector: BySelector [RES='\Qtech.gtt.frontapp.stb.demo:id/account_login_tv2\E'].
06-15 22:18:05.616 W/QueryController(10987): Could not detect idle state.
06-15 22:18:05.722 D/UiDevice(10987): Searching for node with selector: BySelector [RES='\Qtech.gtt.frontapp.stb.demo:id/account_login_tv2\E'].
06-15 22:18:05.723 W/QueryController(10987): Could not detect idle state.
06-15 22:18:05.832 D/UiDevice(10987): Searching for node with selector: BySelector [RES='\Qtech.gtt.frontapp.stb.demo:id/account_login_tv2\E'].
06-15 22:18:05.834 W/QueryController(10987): Could not detect idle state.
06-15 22:18:05.946 D/UiDevice(10987): Searching for node with selector: BySelector [RES='\Qtech.gtt.frontapp.stb.demo:id/account_login_tv2\E'].
06-15 22:18:05.947 W/QueryController(10987): Could not detect idle state.
06-15 22:18:06.051 D/UiDevice(10987): Searching for node with selector: BySelector [RES='\Qtech.gtt.frontapp.stb.demo:id/account_login_tv2\E'].
06-15 22:18:06.052 W/QueryController(10987): Could not detect idle state.
06-15 22:18:06.080 D/NuPlayerDriver( 1870): stop(0xf09c1cc0)
06-15 22:18:06.080 V/MediaPlayer(11039): resetDrmState:  mDrmInfo=null mDrmProvisioningThread=null mPrepareDrmInProgress=false mActiveDrmScheme=false
06-15 22:18:06.080 V/MediaPlayer(11039): cleanDrmObj: mDrmObj=null mDrmSessionId=null
06-15 22:18:06.080 D/NuPlayerDriver( 1870): reset(0xf09c1cc0) at state 8
06-15 22:18:06.086 D/SurfaceUtils( 1870): disconnecting from surface 0xeb5c3278, reason disconnectFromSurface
06-15 22:18:06.088 D/SurfaceUtils( 1870): connecting to surface 0xeb5c3278, reason onShutdown
06-15 22:18:06.089 D/NuPlayerDriver( 1870): notifyResetComplete(0xf09c1cc0)
06-15 22:18:06.090 D/SurfaceUtils( 1870): disconnecting from surface 0xeb5c4ba8, reason disconnectNativeWindow
06-15 22:18:06.090 W/AMessage( 1870): failed to post message as target looper for handler 0 is gone.
06-15 22:18:06.091 I/MediaFocusControl( 1965): abandonAudioFocus() from uid/pid 10058/11039 clientId=android.media.AudioManager@55a729e
06-15 22:18:06.092 I/ActivityTaskManager( 1965): START u0 {cmp=tech.gtt.frontapp.stb.demo/tech.gtt.frontapp.stb.m.account.activity.LoginMethodSwitchActivity (has extras)} from uid 10058
06-15 22:18:06.094 D/CompatibilityChangeReporter( 1965): Compat change id reported: 174042980; UID 10058; state: DISABLED
06-15 22:18:06.094 D/CompatibilityChangeReporter( 1965): Compat change id reported: 184838306; UID 10058; state: DISABLED
06-15 22:18:06.094 D/CompatibilityChangeReporter( 1965): Compat change id reported: 185004937; UID 10058; state: DISABLED
06-15 22:18:06.095 D/CompatibilityChangeReporter( 1965): Compat change id reported: 181136395; UID 10058; state: DISABLED
06-15 22:18:06.095 D/CompatibilityChangeReporter( 1965): Compat change id reported: 174042936; UID 10058; state: DISABLED
06-15 22:18:06.097 D/CompatibilityChangeReporter( 1965): Compat change id reported: 197654537; UID 10058; state: ENABLED
06-15 22:18:06.101 D/CompatibilityChangeReporter( 1965): Compat change id reported: 168419799; UID 10058; state: DISABLED
06-15 22:18:06.107 I/MediaFocusControl( 1965): abandonAudioFocus() from uid/pid 10058/11039 clientId=android.media.AudioManager@55a729e
06-15 22:18:06.107 W/MediaPlayer(11039): mediaplayer went away with unhandled events
06-15 22:18:06.111 W/MediaPlayer(11039): mediaplayer went away with unhandled events
06-15 22:18:06.122 W/ActivityTaskManager( 1965): Tried to set launchTime (0) < mLastActivityLaunchTime (4671461)
06-15 22:18:06.154 D/UiDevice(10987): Searching for node with selector: BySelector [RES='\Qtech.gtt.frontapp.stb.demo:id/account_login_tv2\E'].
06-15 22:18:06.155 W/QueryController(10987): Could not detect idle state.
06-15 22:18:06.156 D/AndroidAutoSize(11039): tech.gtt.frontapp.stb.m.account.activity.LoginMethodSwitchActivity used the global configuration.
06-15 22:18:06.157 D/AndroidAutoSize(11039): The tech.gtt.frontapp.stb.m.account.activity.LoginMethodSwitchActivity has been adapted! 
06-15 22:18:06.157 D/AndroidAutoSize(11039): LoginMethodSwitchActivity Info: isBaseOnWidth = true, designWidthInDp = 1920.000000, designWidthInSubunits = 1920.000000, targetDensity = 1.000000, targetScaledDensity = 1.000000, targetDensityDpi = 160, targetXdpi = 1.000000, targetScreenWidthDp = 1920, targetScreenHeightDp = 1032
06-15 22:18:06.194 D/AndroidAutoSize(11039): tech.gtt.frontapp.stb.m.account.activity.LoginMethodSwitchActivity used the global configuration.
06-15 22:18:06.194 D/AndroidAutoSize(11039): The tech.gtt.frontapp.stb.m.account.activity.LoginMethodSwitchActivity has been adapted! 
06-15 22:18:06.194 D/AndroidAutoSize(11039): LoginMethodSwitchActivity Info: isBaseOnWidth = true, designWidthInDp = 1920.000000, designWidthInSubunits = 1920.000000, targetDensity = 1.000000, targetScaledDensity = 1.000000, targetDensityDpi = 160, targetXdpi = 1.000000, targetScreenWidthDp = 1920, targetScreenHeightDp = 1032
06-15 22:18:06.204 W/WindowManager( 1965): Failed looking up window session=Session{d234b19 11039:u0a10058} callers=com.android.server.wm.WindowManagerService.windowForClientLocked:5850 com.android.server.wm.Session.updateRequestedVisibilities:640 android.view.IWindowSession$Stub.onTransact:1175 
06-15 22:18:06.225 D/gralloc_nox( 1771): gralloc_alloc: Creating ashmem region of size 8298496
06-15 22:18:06.253 D/gralloc_nox( 1771): gralloc_alloc: Creating ashmem region of size 8298496
06-15 22:18:06.267 D/ProcessState(11438): Binder ioctl to enable oneway spam detection failed: Invalid argument
06-15 22:18:06.294 D/gralloc_nox( 1771): gralloc_alloc: Creating ashmem region of size 8298496
06-15 22:18:06.370 E/libEGL  (11039): called unimplemented OpenGL ES API
06-15 22:18:06.395 I/ActivityTaskManager( 1965): Displayed tech.gtt.frontapp.stb.demo/tech.gtt.frontapp.stb.m.account.activity.LoginMethodSwitchActivity: +301ms
06-15 22:18:06.543 D/UIAutomatorStub(10987): URI: /jsonrpc/0, Method: POST, params, {NanoHttpd.QUERY_STRING=null}, files: {postData={"jsonrpc": "2.0", "id": 1, "method": "objInfo", "params": [{"mask": 2097152, "childOrSibling": [], "childOrSiblingSelector": [], "resourceId": "tech.gtt.frontapp.stb.demo:id/account_login_tv2"}]}}
06-15 22:18:06.554 D/UiDevice(10987): Retrieving node with selector: BySelector [RES='\Qtech.gtt.frontapp.stb.demo:id/account_login_tv2\E'].
06-15 22:18:06.555 W/QueryController(10987): Could not detect idle state.
06-15 22:18:06.571 W/QueryController(10987): Could not detect idle state.
06-15 22:18:06.573 W/QueryController(10987): Could not detect idle state.
06-15 22:18:06.576 W/QueryController(10987): Could not detect idle state.
06-15 22:18:06.583 W/QueryController(10987): Could not detect idle state.
06-15 22:18:06.589 W/QueryController(10987): Could not detect idle state.
06-15 22:18:06.592 W/QueryController(10987): Could not detect idle state.
06-15 22:18:06.600 W/QueryController(10987): Could not detect idle state.
06-15 22:18:06.623 W/QueryController(10987): Could not detect idle state.
06-15 22:18:06.626 W/InputManager-JNI( 1965): Input channel object 'b40bce6 tech.gtt.frontapp.stb.demo/tech.gtt.frontapp.stb.m.home.activity.LoadingActivity (client)' was disposed without first being removed with the input manager!
06-15 22:18:06.630 W/QueryController(10987): Could not detect idle state.
06-15 22:18:06.634 W/QueryController(10987): Could not detect idle state.
06-15 22:18:06.636 W/QueryController(10987): Could not detect idle state.
06-15 22:18:06.637 W/QueryController(10987): Could not detect idle state.
06-15 22:18:06.637 W/QueryController(10987): Could not detect idle state.
06-15 22:18:06.638 W/QueryController(10987): Could not detect idle state.
06-15 22:18:06.638 W/QueryController(10987): Could not detect idle state.
06-15 22:18:06.639 W/QueryController(10987): Could not detect idle state.
06-15 22:18:06.639 W/QueryController(10987): Could not detect idle state.
06-15 22:18:06.660 D/UIAutomatorStub(10987): URI: /jsonrpc/0, Method: POST, params, {NanoHttpd.QUERY_STRING=null}, files: {postData={"jsonrpc": "2.0", "id": 1, "method": "click", "params": [1390.0, 559.0]}}
06-15 22:18:06.769 I/ActivityTaskManager( 1965): START u0 {cmp=tech.gtt.frontapp.stb.demo/tech.gtt.frontapp.stb.m.account.activity.LoginActivity} from uid 10058
06-15 22:18:06.774 W/ActivityTaskManager( 1965): Tried to set launchTime (0) < mLastActivityLaunchTime (4676948)
06-15 22:18:06.788 D/AndroidAutoSize(11039): tech.gtt.frontapp.stb.m.account.activity.LoginActivity used the global configuration.
06-15 22:18:06.789 D/AndroidAutoSize(11039): The tech.gtt.frontapp.stb.m.account.activity.LoginActivity has been adapted! 
06-15 22:18:06.789 D/AndroidAutoSize(11039): LoginActivity Info: isBaseOnWidth = true, designWidthInDp = 1920.000000, designWidthInSubunits = 1920.000000, targetDensity = 1.000000, targetScaledDensity = 1.000000, targetDensityDpi = 160, targetXdpi = 1.000000, targetScreenWidthDp = 1920, targetScreenHeightDp = 1032
06-15 22:18:06.823 D/UIAutomatorStub(10987): URI: /jsonrpc/0, Method: POST, params, {NanoHttpd.QUERY_STRING=null}, files: {postData={"jsonrpc": "2.0", "id": 1, "method": "waitForExists", "params": [{"mask": 2097152, "childOrSibling": [], "childOrSiblingSelector": [], "resourceId": "tech.gtt.frontapp.stb.demo:id/loginf_et_username"}, 20000]}}
06-15 22:18:06.825 D/UiDevice(10987): Waiting 20000ms for SearchCondition[hasObject=BySelector [RES='\Qtech.gtt.frontapp.stb.demo:id/loginf_et_username\E']].
06-15 22:18:06.825 D/UiDevice(10987): Searching for node with selector: BySelector [RES='\Qtech.gtt.frontapp.stb.demo:id/loginf_et_username\E'].
06-15 22:18:06.826 W/QueryController(10987): Could not detect idle state.
06-15 22:18:06.911 D/AndroidAutoSize(11039): tech.gtt.frontapp.stb.m.account.activity.LoginActivity used the global configuration.
06-15 22:18:06.912 D/AndroidAutoSize(11039): The tech.gtt.frontapp.stb.m.account.activity.LoginActivity has been adapted! 
06-15 22:18:06.912 D/AndroidAutoSize(11039): LoginActivity Info: isBaseOnWidth = true, designWidthInDp = 1920.000000, designWidthInSubunits = 1920.000000, targetDensity = 1.000000, targetScaledDensity = 1.000000, targetDensityDpi = 160, targetXdpi = 1.000000, targetScreenWidthDp = 1920, targetScreenHeightDp = 1032
06-15 22:18:06.922 W/WindowManager( 1965): Failed looking up window session=Session{d234b19 11039:u0a10058} callers=com.android.server.wm.WindowManagerService.windowForClientLocked:5850 com.android.server.wm.Session.updateRequestedVisibilities:640 android.view.IWindowSession$Stub.onTransact:1175 
06-15 22:18:06.953 D/gralloc_nox( 1771): gralloc_alloc: Creating ashmem region of size 8298496
06-15 22:18:06.980 D/gralloc_nox( 1771): gralloc_alloc: Creating ashmem region of size 8298496
06-15 22:18:07.009 D/gralloc_nox( 1771): gralloc_alloc: Creating ashmem region of size 8298496
06-15 22:18:07.012 D/ProcessState(11451): Binder ioctl to enable oneway spam detection failed: Invalid argument
06-15 22:18:07.033 D/UiDevice(10987): Searching for node with selector: BySelector [RES='\Qtech.gtt.frontapp.stb.demo:id/loginf_et_username\E'].
06-15 22:18:07.035 W/QueryController(10987): Could not detect idle state.
06-15 22:18:07.108 I/ActivityTaskManager( 1965): Displayed tech.gtt.frontapp.stb.demo/tech.gtt.frontapp.stb.m.account.activity.LoginActivity: +338ms
06-15 22:18:07.189 D/UIAutomatorStub(10987): URI: /jsonrpc/0, Method: POST, params, {NanoHttpd.QUERY_STRING=null}, files: {postData={"jsonrpc": "2.0", "id": 1, "method": "objInfo", "params": [{"mask": 2097152, "childOrSibling": [], "childOrSiblingSelector": [], "resourceId": "tech.gtt.frontapp.stb.demo:id/loginf_et_username"}]}}
06-15 22:18:07.191 D/UiDevice(10987): Retrieving node with selector: BySelector [RES='\Qtech.gtt.frontapp.stb.demo:id/loginf_et_username\E'].
06-15 22:18:07.192 W/QueryController(10987): Could not detect idle state.
06-15 22:18:07.215 W/QueryController(10987): Could not detect idle state.
06-15 22:18:07.220 W/QueryController(10987): Could not detect idle state.
06-15 22:18:07.223 W/QueryController(10987): Could not detect idle state.
06-15 22:18:07.225 W/QueryController(10987): Could not detect idle state.
06-15 22:18:07.227 W/QueryController(10987): Could not detect idle state.
06-15 22:18:07.228 W/QueryController(10987): Could not detect idle state.
06-15 22:18:07.233 W/QueryController(10987): Could not detect idle state.
06-15 22:18:07.238 W/QueryController(10987): Could not detect idle state.
06-15 22:18:07.240 W/QueryController(10987): Could not detect idle state.
06-15 22:18:07.241 W/QueryController(10987): Could not detect idle state.
06-15 22:18:07.242 W/QueryController(10987): Could not detect idle state.
06-15 22:18:07.243 W/QueryController(10987): Could not detect idle state.
06-15 22:18:07.244 W/QueryController(10987): Could not detect idle state.
06-15 22:18:07.244 W/QueryController(10987): Could not detect idle state.
06-15 22:18:07.247 W/QueryController(10987): Could not detect idle state.
06-15 22:18:07.252 W/QueryController(10987): Could not detect idle state.
06-15 22:18:07.254 W/QueryController(10987): Could not detect idle state.
06-15 22:18:07.274 D/UIAutomatorStub(10987): URI: /jsonrpc/0, Method: POST, params, {NanoHttpd.QUERY_STRING=null}, files: {postData={"jsonrpc": "2.0", "id": 1, "method": "click", "params": [1057.0, 437.0]}}
06-15 22:18:07.362 W/SurfaceFlinger( 1783): couldn't log to binary event log: overflow.
06-15 22:18:07.454 D/CompatibilityChangeReporter(11039): Compat change id reported: 163400105; UID 10058; state: ENABLED
06-15 22:18:07.454 D/InputMethodManager(11039): showSoftInput() view=tech.gtt.frontapp.stb.c.ui.edittext.EmailAutoCompleteTextView{3872a8e VFED..CL. .F.P..ID 0,0-700,92 #7f0b02ce app:id/loginf_et_username aid=1073741824} flags=0 reason=SHOW_SOFT_INPUT
06-15 22:18:07.455 V/InputMethodService( 2965): onEvaluateInputViewShown: config.hardKeyboardHidden = 2
06-15 22:18:07.455 V/InputMethodService( 2965): onEvaluateInputViewShown: config.hardKeyboardHidden = 2
06-15 22:18:07.455 I/AdbKeyboard( 2965): imeAction: 5 Next
06-15 22:18:07.476 D/gralloc_nox( 1771): gralloc_alloc: Creating ashmem region of size 647168
06-15 22:18:07.502 D/gralloc_nox( 1771): gralloc_alloc: Creating ashmem region of size 647168
06-15 22:18:07.505 D/gralloc_nox( 1771): gralloc_alloc: Creating ashmem region of size 647168
06-15 22:18:07.526 D/InsetsController(11039): show(ime(), fromIme=true)
06-15 22:18:07.533 D/ProcessState(11459): Binder ioctl to enable oneway spam detection failed: Invalid argument
06-15 22:18:07.550 D/UIAutomatorStub(10987): URI: /jsonrpc/0, Method: POST, params, {NanoHttpd.QUERY_STRING=null}, files: {postData={"jsonrpc": "2.0", "id": 1, "method": "waitForExists", "params": [{"mask": 2097152, "childOrSibling": [], "childOrSiblingSelector": [], "resourceId": "tech.gtt.frontapp.stb.demo:id/loginf_et_username"}, 20000]}}
06-15 22:18:07.554 D/UiDevice(10987): Waiting 20000ms for SearchCondition[hasObject=BySelector [RES='\Qtech.gtt.frontapp.stb.demo:id/loginf_et_username\E']].
06-15 22:18:07.555 D/UiDevice(10987): Searching for node with selector: BySelector [RES='\Qtech.gtt.frontapp.stb.demo:id/loginf_et_username\E'].
06-15 22:18:07.555 W/QueryController(10987): Could not detect idle state.
06-15 22:18:07.618 D/UIAutomatorStub(10987): URI: /jsonrpc/0, Method: POST, params, {NanoHttpd.QUERY_STRING=null}, files: {postData={"jsonrpc": "2.0", "id": 1, "method": "setText", "params": [{"mask": 2097152, "childOrSibling": [], "childOrSiblingSelector": [], "resourceId": "tech.gtt.frontapp.stb.demo:id/loginf_et_username"}, "0609@ipwangxin.cn"]}}
06-15 22:18:07.621 D/UiDevice(10987): Retrieving node with selector: BySelector [RES='\Qtech.gtt.frontapp.stb.demo:id/loginf_et_username\E'].
06-15 22:18:07.621 W/QueryController(10987): Could not detect idle state.
06-15 22:18:07.623 W/QueryController(10987): Could not detect idle state.
06-15 22:18:07.624 D/UiObject2(10987): Clicking on (1057, 437).
06-15 22:18:07.644 D/InputMethodManager(11039): showSoftInput() view=tech.gtt.frontapp.stb.c.ui.edittext.EmailAutoCompleteTextView{3872a8e VFED..CL. .F.P.... 0,0-700,92 #7f0b02ce app:id/loginf_et_username aid=1073741824} flags=0 reason=SHOW_SOFT_INPUT
06-15 22:18:07.644 V/InputMethodService( 2965): onEvaluateInputViewShown: config.hardKeyboardHidden = 2
06-15 22:18:07.644 V/InputMethodService( 2965): onEvaluateInputViewShown: config.hardKeyboardHidden = 2
06-15 22:18:07.655 D/InsetsController(11039): show(ime(), fromIme=true)
06-15 22:18:07.655 D/UiDevice(10987): Retrieving node with selector: BySelector [RES='\Qtech.gtt.frontapp.stb.demo:id/loginf_et_username\E'].
06-15 22:18:07.655 W/QueryController(10987): Could not detect idle state.
06-15 22:18:07.672 W/QueryController(10987): Could not detect idle state.
06-15 22:18:07.674 D/UiObject2(10987): Setting text to '0609@ipwangxin.cn'.
06-15 22:18:07.679 I/AdbKeyboard( 2965): imeAction: 5 Next
06-15 22:18:07.679 V/InputMethodService( 2965): onEvaluateInputViewShown: config.hardKeyboardHidden = 2
06-15 22:18:07.680 V/InputMethodService( 2965): onEvaluateInputViewShown: config.hardKeyboardHidden = 2
06-15 22:18:07.742 D/InsetsController(11039): show(ime(), fromIme=true)
06-15 22:18:07.757 D/UIAutomatorStub(10987): URI: /jsonrpc/0, Method: POST, params, {NanoHttpd.QUERY_STRING=null}, files: {postData={"jsonrpc": "2.0", "id": 1, "method": "waitForExists", "params": [{"mask": 2097152, "childOrSibling": [], "childOrSiblingSelector": [], "resourceId": "tech.gtt.frontapp.stb.demo:id/et_pwd"}, 20000]}}
06-15 22:18:07.758 D/UiDevice(10987): Waiting 20000ms for SearchCondition[hasObject=BySelector [RES='\Qtech.gtt.frontapp.stb.demo:id/et_pwd\E']].
06-15 22:18:07.758 D/UiDevice(10987): Searching for node with selector: BySelector [RES='\Qtech.gtt.frontapp.stb.demo:id/et_pwd\E'].
06-15 22:18:07.759 W/QueryController(10987): Could not detect idle state.
06-15 22:18:07.782 W/NotificationHistory( 1965): Attempted to add notif for locked/gone/disabled user 0
06-15 22:18:07.789 D/InterruptionStateProvider( 2130): No bubble up: not allowed to bubble: -1|android|8|null|1000
06-15 22:18:07.789 D/InterruptionStateProvider( 2130): No heads up: unimportant notification: -1|android|8|null|1000
06-15 22:18:07.789 D/PeopleSpaceWidgetMgr( 2130): Sbn doesn't contain valid PeopleTileKey: null/-1/android
06-15 22:18:07.803 D/UIAutomatorStub(10987): URI: /jsonrpc/0, Method: POST, params, {NanoHttpd.QUERY_STRING=null}, files: {postData={"jsonrpc": "2.0", "id": 1, "method": "objInfo", "params": [{"mask": 2097152, "childOrSibling": [], "childOrSiblingSelector": [], "resourceId": "tech.gtt.frontapp.stb.demo:id/et_pwd"}]}}
06-15 22:18:07.804 D/UiDevice(10987): Retrieving node with selector: BySelector [RES='\Qtech.gtt.frontapp.stb.demo:id/et_pwd\E'].
06-15 22:18:07.805 W/QueryController(10987): Could not detect idle state.
06-15 22:18:07.809 W/QueryController(10987): Could not detect idle state.
06-15 22:18:07.810 W/QueryController(10987): Could not detect idle state.
06-15 22:18:07.811 W/QueryController(10987): Could not detect idle state.
06-15 22:18:07.813 W/QueryController(10987): Could not detect idle state.
06-15 22:18:07.818 W/QueryController(10987): Could not detect idle state.
06-15 22:18:07.819 W/QueryController(10987): Could not detect idle state.
06-15 22:18:07.820 W/QueryController(10987): Could not detect idle state.
06-15 22:18:07.820 W/QueryController(10987): Could not detect idle state.
06-15 22:18:07.821 W/QueryController(10987): Could not detect idle state.
06-15 22:18:07.822 W/QueryController(10987): Could not detect idle state.
06-15 22:18:07.823 W/QueryController(10987): Could not detect idle state.
06-15 22:18:07.823 W/QueryController(10987): Could not detect idle state.
06-15 22:18:07.824 W/QueryController(10987): Could not detect idle state.
06-15 22:18:07.825 W/QueryController(10987): Could not detect idle state.
06-15 22:18:07.825 W/QueryController(10987): Could not detect idle state.
06-15 22:18:07.826 W/QueryController(10987): Could not detect idle state.
06-15 22:18:07.826 W/QueryController(10987): Could not detect idle state.
06-15 22:18:07.854 D/UIAutomatorStub(10987): URI: /jsonrpc/0, Method: POST, params, {NanoHttpd.QUERY_STRING=null}, files: {postData={"jsonrpc": "2.0", "id": 1, "method": "click", "params": [1057.0, 559.0]}}
06-15 22:18:07.877 D/InterruptionStateProvider( 2130): No bubble up: not allowed to bubble: -1|android|8|null|1000
06-15 22:18:07.878 D/InterruptionStateProvider( 2130): No heads up: unimportant notification: -1|android|8|null|1000
06-15 22:18:07.893 D/PeopleSpaceWidgetMgr( 2130): Sbn doesn't contain valid PeopleTileKey: null/-1/android
06-15 22:18:07.908 D/InterruptionStateProvider( 2130): No bubble up: not allowed to bubble: -1|android|8|null|1000
06-15 22:18:07.909 D/InterruptionStateProvider( 2130): No heads up: unimportant notification: -1|android|8|null|1000
06-15 22:18:07.921 D/PeopleSpaceWidgetMgr( 2130): Sbn doesn't contain valid PeopleTileKey: null/-1/android
06-15 22:18:07.975 D/InputMethodManager(11039): showSoftInput() view=tech.gtt.frontapp.stb.c.ui.edittext.NormalFocusEditText{c15c2a8 VFED..CL. .F.P..ID 0,0-700,92 #7f0b0172 app:id/et_pwd aid=1073741826} flags=0 reason=SHOW_SOFT_INPUT
06-15 22:18:07.975 I/AdbKeyboard( 2965): imeAction: 5 Next
06-15 22:18:07.975 V/InputMethodService( 2965): onEvaluateInputViewShown: config.hardKeyboardHidden = 2
06-15 22:18:07.975 V/InputMethodService( 2965): onEvaluateInputViewShown: config.hardKeyboardHidden = 2
06-15 22:18:07.980 V/InputMethodService( 2965): onEvaluateInputViewShown: config.hardKeyboardHidden = 2
06-15 22:18:07.980 V/InputMethodService( 2965): onEvaluateInputViewShown: config.hardKeyboardHidden = 2
06-15 22:18:07.985 D/InsetsController(11039): show(ime(), fromIme=true)
06-15 22:18:07.992 D/InsetsController(11039): show(ime(), fromIme=true)
06-15 22:18:08.041 D/UIAutomatorStub(10987): URI: /jsonrpc/0, Method: POST, params, {NanoHttpd.QUERY_STRING=null}, files: {postData={"jsonrpc": "2.0", "id": 1, "method": "waitForExists", "params": [{"mask": 2097152, "childOrSibling": [], "childOrSiblingSelector": [], "resourceId": "tech.gtt.frontapp.stb.demo:id/et_pwd"}, 20000]}}
06-15 22:18:08.042 D/UiDevice(10987): Waiting 20000ms for SearchCondition[hasObject=BySelector [RES='\Qtech.gtt.frontapp.stb.demo:id/et_pwd\E']].
06-15 22:18:08.043 D/UiDevice(10987): Searching for node with selector: BySelector [RES='\Qtech.gtt.frontapp.stb.demo:id/et_pwd\E'].
06-15 22:18:08.043 W/QueryController(10987): Could not detect idle state.
06-15 22:18:08.080 D/UIAutomatorStub(10987): URI: /jsonrpc/0, Method: POST, params, {NanoHttpd.QUERY_STRING=null}, files: {postData={"jsonrpc": "2.0", "id": 1, "method": "setText", "params": [{"mask": 2097152, "childOrSibling": [], "childOrSiblingSelector": [], "resourceId": "tech.gtt.frontapp.stb.demo:id/et_pwd"}, "123456"]}}
06-15 22:18:08.085 D/UiDevice(10987): Retrieving node with selector: BySelector [RES='\Qtech.gtt.frontapp.stb.demo:id/et_pwd\E'].
06-15 22:18:08.087 W/QueryController(10987): Could not detect idle state.
06-15 22:18:08.098 W/QueryController(10987): Could not detect idle state.
06-15 22:18:08.106 D/UiObject2(10987): Clicking on (1057, 559).
06-15 22:18:08.124 D/InputMethodManager(11039): showSoftInput() view=tech.gtt.frontapp.stb.c.ui.edittext.NormalFocusEditText{c15c2a8 VFED..CL. .F.P.... 0,0-700,92 #7f0b0172 app:id/et_pwd aid=1073741826} flags=0 reason=SHOW_SOFT_INPUT
06-15 22:18:08.124 V/InputMethodService( 2965): onEvaluateInputViewShown: config.hardKeyboardHidden = 2
06-15 22:18:08.124 V/InputMethodService( 2965): onEvaluateInputViewShown: config.hardKeyboardHidden = 2
06-15 22:18:08.125 D/InsetsController(11039): show(ime(), fromIme=true)
06-15 22:18:08.142 W/GestureController(10987): Gestures took longer than expected (35ms >> 16ms), device might be in a busy state.
06-15 22:18:08.142 D/UiDevice(10987): Retrieving node with selector: BySelector [RES='\Qtech.gtt.frontapp.stb.demo:id/et_pwd\E'].
06-15 22:18:08.143 W/QueryController(10987): Could not detect idle state.
06-15 22:18:08.150 W/QueryController(10987): Could not detect idle state.
06-15 22:18:08.152 D/UiObject2(10987): Setting text to '123456'.
06-15 22:18:08.155 I/AdbKeyboard( 2965): imeAction: 5 Next
06-15 22:18:08.155 V/InputMethodService( 2965): onEvaluateInputViewShown: config.hardKeyboardHidden = 2
06-15 22:18:08.155 V/InputMethodService( 2965): onEvaluateInputViewShown: config.hardKeyboardHidden = 2
06-15 22:18:08.174 D/UIAutomatorStub(10987): URI: /jsonrpc/0, Method: POST, params, {NanoHttpd.QUERY_STRING=null}, files: {postData={"jsonrpc": "2.0", "id": 1, "method": "count", "params": [{"mask": 2097152, "childOrSibling": [], "childOrSiblingSelector": [], "resourceId": "tech.gtt.frontapp.stb.demo:id/loginf_tv_logi"}]}}
06-15 22:18:08.177 D/UiObject(10987): Waiting 0ms for UiSelector[RESOURCE_ID=tech.gtt.frontapp.stb.demo:id/loginf_tv_logi].
06-15 22:18:08.176 D/InsetsController(11039): show(ime(), fromIme=true)
06-15 22:18:08.178 W/QueryController(10987): Could not detect idle state.
