--------- beginning of main
06-15 22:17:52.424 D/ProcessState(11012): Binder ioctl to enable oneway spam detection failed: Invalid argument
--------- beginning of system
06-15 22:17:52.427 I/ActivityManager( 1965): Force stopping tech.gtt.frontapp.stb.demo appid=10058 user=0: clear data
06-15 22:17:52.428 I/ActivityManager( 1965): Force stopping tech.gtt.frontapp.stb.demo appid=10058 user=-1: clearApplicationUserData
06-15 22:17:52.456 I/MediaProvider( 2579): Begin Intent { act=android.intent.action.PACKAGE_DATA_CLEARED dat=package:tech.gtt.frontapp.stb.demo flg=0x1000010 cmp=com.android.providers.media.module/com.android.providers.media.MediaService (has extras) }
06-15 22:17:52.457 D/MediaProvider( 2579): Deleted 0 Android/media items belonging to tech.gtt.frontapp.stb.demo on /data/user/0/com.android.providers.media.module/databases/external.db
06-15 22:17:52.457 I/MediaProvider( 2579): End Intent { act=android.intent.action.PACKAGE_DATA_CLEARED dat=package:tech.gtt.frontapp.stb.demo flg=0x1000010 cmp=com.android.providers.media.module/com.android.providers.media.MediaService (has extras) }
06-15 22:17:52.518 D/AndroidRuntime(11025): >>>>>> START com.android.internal.os.RuntimeInit uid 0 <<<<<<
06-15 22:17:52.520 I/AndroidRuntime(11025): Using default boot image
06-15 22:17:52.520 I/AndroidRuntime(11025): Leaving lock profiling enabled
06-15 22:17:52.521 W/app_process(11025): ART APEX data files are untrusted.
06-15 22:17:52.521 I/app_process(11025): Core platform API reporting enabled, enforcing=false
06-15 22:17:52.575 D/app_process(11025): Time zone APEX ICU file found: /apex/com.android.tzdata/etc/icu/icu_tzdata.dat
06-15 22:17:52.575 D/app_process(11025): I18n APEX ICU file found: /apex/com.android.i18n/etc/icu/icudt68l.dat
06-15 22:17:52.582 W/app_process(11025): Unexpected CPU variant for X86 using defaults: x86_64
06-15 22:17:52.600 D/ProcessState(11025): Binder ioctl to enable oneway spam detection failed: Invalid argument
06-15 22:17:52.601 D/AndroidRuntime(11025): Calling main entry com.android.commands.monkey.Monkey
06-15 22:17:52.602 W/Monkey  (11025): args: [-p, tech.gtt.frontapp.stb.demo, -c, android.intent.category.LAUNCHER, 1]
06-15 22:17:52.603 W/Monkey  (11025):  arg: "-p"
06-15 22:17:52.603 W/Monkey  (11025):  arg: "tech.gtt.frontapp.stb.demo"
06-15 22:17:52.603 W/Monkey  (11025):  arg: "-c"
06-15 22:17:52.603 W/Monkey  (11025):  arg: "android.intent.category.LAUNCHER"
06-15 22:17:52.603 W/Monkey  (11025):  arg: "1"
06-15 22:17:52.603 W/Monkey  (11025): data="tech.gtt.frontapp.stb.demo"
06-15 22:17:52.603 W/Monkey  (11025): data="android.intent.category.LAUNCHER"
06-15 22:17:52.643 W/BroadcastQueue( 1965): Skipping deliver [background] BroadcastRecord{4ccd283 u-1 android.net.conn.CONNECTIVITY_CHANGE} to ReceiverList{7abbc00 11025 (unknown name)/0/u-1 remote:79a493d}: process gone or crashing
06-15 22:17:52.650 I/ActivityTaskManager( 1965): START u0 {act=android.intent.action.MAIN cat=[android.intent.category.LAUNCHER] flg=0x10200000 cmp=tech.gtt.frontapp.stb.demo/tech.gtt.frontapp.stb.m.home.activity.SplashActivity} from uid 0
06-15 22:17:52.651 W/ActivityTaskManager( 1965): Can't find TaskDisplayArea to determine support for multi window. Task id=48 attached=false
06-15 22:17:52.658 I/Monkey  (11025): Events injected: 1
06-15 22:17:52.659 D/CompatibilityChangeReporter( 1965): Compat change id reported: 135634846; UID 10058; state: DISABLED
06-15 22:17:52.659 D/CompatibilityChangeReporter( 1965): Compat change id reported: 143937733; UID 10058; state: ENABLED
06-15 22:17:52.688 I/Monkey  (11025): ## Network stats: elapsed time=38ms (0ms mobile, 0ms wifi, 38ms not connected)
06-15 22:17:52.693 D/gralloc_nox( 1771): gralloc_alloc: Creating ashmem region of size 8298496
06-15 22:17:52.694 W/System  ( 2130): A resource failed to call close. 
06-15 22:17:52.694 W/System  ( 2130): A resource failed to call release. 
06-15 22:17:52.698 D/Zygote  ( 1754): Forked child process 11039
06-15 22:17:52.698 I/app_process(11025): System.exit called, status: 0
06-15 22:17:52.698 I/AndroidRuntime(11025): VM exiting with result code 0.
06-15 22:17:52.705 I/ActivityManager( 1965): Start proc 11039:tech.gtt.frontapp.stb.demo/u0a58 for pre-top-activity {tech.gtt.frontapp.stb.demo/tech.gtt.frontapp.stb.m.home.activity.SplashActivity}
06-15 22:17:52.720 W/ActivityManager( 1965): Slow operation: 63ms so far, now at startProcess: starting to update pids map
06-15 22:17:52.720 W/ActivityManager( 1965): Slow operation: 63ms so far, now at startProcess: done updating pids map
06-15 22:17:52.729 I/Zygote  (11039): seccomp disabled by setenforce 0
06-15 22:17:52.748 W/ontapp.stb.dem(11039): Unexpected CPU variant for X86 using defaults: x86_64
06-15 22:17:52.756 D/gralloc_nox( 1771): gralloc_alloc: Creating ashmem region of size 8298496
06-15 22:17:52.776 D/ProcessState(11039): Binder ioctl to enable oneway spam detection failed: Invalid argument
06-15 22:17:52.807 E/ashmem  (11039): memfd: ro.vndk.version not defined or invalid (), this is mandated since P.
06-15 22:17:52.808 D/gralloc_nox( 1771): gralloc_alloc: Creating ashmem region of size 8298496
06-15 22:17:52.823 D/CompatibilityChangeReporter(11039): Compat change id reported: 171979766; UID 10058; state: ENABLED
06-15 22:17:52.893 V/GraphicsEnvironment(11039): ANGLE Developer option for 'tech.gtt.frontapp.stb.demo' set to: 'default'
06-15 22:17:52.894 V/GraphicsEnvironment(11039): ANGLE GameManagerService for tech.gtt.frontapp.stb.demo: false
06-15 22:17:52.894 V/GraphicsEnvironment(11039): Neither updatable production driver nor prerelease driver is supported.
06-15 22:17:52.909 D/NetworkSecurityConfig(11039): Using Network Security Config from resource network_security_config debugBuild: false
06-15 22:17:52.910 D/NetworkSecurityConfig(11039): Using Network Security Config from resource network_security_config debugBuild: false
06-15 22:17:52.923 I/MultiDex(11039): VM with version 2.1.0 has multidex support
06-15 22:17:52.924 I/MultiDex(11039): Installing application
06-15 22:17:52.924 I/MultiDex(11039): VM has multidex support, MultiDex support library is disabled.
06-15 22:17:52.924 E/[Package](11039): params: AppConfiguration(vnoId='11026504', brandId='d0k7d3p3kdikth2o3q6g', appId='d0jucrbq6bt4h33c0ma0', sourceId='30006401-31002837', authServers='https://gtt-app-apigateway-lion.vdemosit.com', shareKey='S2kQMgUSugYyMlk5QclHDaF0uDsFnB0oJoFeAFgsKb8=', packageName='tech.gtt.frontapp.stb.demo', appName='Goose TV', appVersionName='v1.0.0', appVersionCode='7', pluginVersionCode='1', pluginVersionName='6.0.0-beta-build5', packageSeq='1', buglyAppId='d76a04165f', buglyKey='13b89b2d-1c12-4c4f-93b8-46e3c2ef9f73', baseVersionCode='20000066', gitTag='2.1.4-beta6', supportLang='en,pt,es', defaultLang='en', bootLoadType='1')
06-15 22:17:52.924 W/System.err(11039): java.lang.ClassNotFoundException: tech.gtt.frontapp.stb.docker.plugin.PluginUtils
06-15 22:17:52.925 W/System.err(11039): 	at java.lang.Class.classForName(Native Method)
06-15 22:17:52.925 W/System.err(11039): 	at java.lang.Class.forName(Class.java:454)
06-15 22:17:52.925 W/System.err(11039): 	at java.lang.Class.forName(Class.java:379)
06-15 22:17:52.925 W/System.err(11039): 	at ot.e.b(SourceFile:3)
06-15 22:17:52.925 W/System.err(11039): 	at tech.gtt.frontapp.stb.app.MainApplication.attachBaseContext(SourceFile:130)
06-15 22:17:52.925 W/System.err(11039): 	at android.app.Application.attach(Application.java:338)
06-15 22:17:52.925 W/System.err(11039): 	at android.app.Instrumentation.newApplication(Instrumentation.java:1190)
06-15 22:17:52.925 W/System.err(11039): 	at android.app.LoadedApk.makeApplication(LoadedApk.java:1361)
06-15 22:17:52.925 W/System.err(11039): 	at android.app.ActivityThread.handleBindApplication(ActivityThread.java:6728)
06-15 22:17:52.925 W/System.err(11039): 	at android.app.ActivityThread.access$1500(ActivityThread.java:256)
06-15 22:17:52.925 W/System.err(11039): 	at android.app.ActivityThread$H.handleMessage(ActivityThread.java:2091)
06-15 22:17:52.925 W/System.err(11039): 	at android.os.Handler.dispatchMessage(Handler.java:106)
06-15 22:17:52.925 W/System.err(11039): 	at android.os.Looper.loopOnce(Looper.java:201)
06-15 22:17:52.925 W/System.err(11039): 	at android.os.Looper.loop(Looper.java:288)
06-15 22:17:52.925 W/System.err(11039): 	at android.app.ActivityThread.main(ActivityThread.java:7875)
06-15 22:17:52.925 W/System.err(11039): 	at java.lang.reflect.Method.invoke(Native Method)
06-15 22:17:52.925 W/System.err(11039): 	at com.android.internal.os.RuntimeInit$MethodAndArgsCaller.run(RuntimeInit.java:568)
06-15 22:17:52.925 W/System.err(11039): 	at com.android.internal.os.ZygoteInit.main(ZygoteInit.java:1005)
06-15 22:17:52.925 W/System.err(11039): Caused by: java.lang.ClassNotFoundException: tech.gtt.frontapp.stb.docker.plugin.PluginUtils
06-15 22:17:52.925 W/System.err(11039): 	... 18 more
06-15 22:17:52.925 E/[Package](11039): isInPluginMode: false
06-15 22:17:52.930 I/CustomActivityOnCrash(11039): CustomActivityOnCrash has been installed.
06-15 22:17:52.934 I/System.out(11039): Modular_Init : a - initialize
06-15 22:17:52.934 D/[ReplayInitialize](11039): init---
06-15 22:17:52.934 I/System.out(11039): Modular_Init : a - initialize
06-15 22:17:52.942 I/System.out(11039): Modular_Init : d - initialize
06-15 22:17:52.943 I/System.out(11039): Modular_Init : a - initialize
06-15 22:17:52.943 I/System.out(11039): Modular_Init : a - initialize
06-15 22:17:52.943 D/[LiveInitialize](11039): init---
06-15 22:17:52.944 I/System.out(11039): Modular_Init : a - initialize
06-15 22:17:52.944 D/[CatchupInitModule](11039): init---
06-15 22:17:52.944 I/System.out(11039): Modular_Init : b - initialize
06-15 22:17:52.953 D/AndroidAutoSize(11039): designWidthInDp = 360, designHeightInDp = 640, screenWidth = 1920, screenHeight = 1080
06-15 22:17:52.953 D/AndroidAutoSize(11039): initDensity = 2.0, initScaledDensity = 2.0
06-15 22:17:53.025 D/AndroidAutoSize(11039): tech.gtt.frontapp.stb.m.home.activity.SplashActivity used the global configuration.
06-15 22:17:53.035 D/AndroidAutoSize(11039): The tech.gtt.frontapp.stb.m.home.activity.SplashActivity has been adapted! 
06-15 22:17:53.035 D/AndroidAutoSize(11039): SplashActivity Info: isBaseOnWidth = true, designWidthInDp = 1920.000000, designWidthInSubunits = 1920.000000, targetDensity = 1.000000, targetScaledDensity = 1.000000, targetDensityDpi = 160, targetXdpi = 1.000000, targetScreenWidthDp = 1920, targetScreenHeightDp = 1032
06-15 22:17:53.101 D/AndroidAutoSize(11039): tech.gtt.frontapp.stb.m.home.activity.SplashActivity used the global configuration.
06-15 22:17:53.101 D/AndroidAutoSize(11039): The tech.gtt.frontapp.stb.m.home.activity.SplashActivity has been adapted! 
06-15 22:17:53.101 D/AndroidAutoSize(11039): SplashActivity Info: isBaseOnWidth = true, designWidthInDp = 1920.000000, designWidthInSubunits = 1920.000000, targetDensity = 1.000000, targetScaledDensity = 1.000000, targetDensityDpi = 160, targetXdpi = 1.000000, targetScreenWidthDp = 1920, targetScreenHeightDp = 1032
06-15 22:17:53.105 I/ActivityTaskManager( 1965): START u0 {act=android.content.pm.action.REQUEST_PERMISSIONS pkg=com.android.permissioncontroller cmp=com.android.permissioncontroller/.permission.ui.GrantPermissionsActivity (has extras)} from uid 10058
06-15 22:17:53.138 D/ontapp.stb.dem(11039): createUnique: call
06-15 22:17:53.149 D/ontapp.stb.dem(11039): HostComposition ext GL_OES_EGL_image GL_OES_EGL_image_external GL_OES_depth24 GL_OES_depth32 GL_OES_element_index_uint GL_OES_texture_float GL_OES_texture_float_linear GL_OES_compressed_paletted_texture GL_OES_compressed_ETC1_RGB8_texture GL_OES_depth_texture GL_EXT_texture_format_BGRA8888 GL_APPLE_texture_format_BGRA8888 GL_OES_texture_half_float GL_EXT_robustness GL_OES_texture_half_float_linear GL_OES_packed_depth_stencil GL_OES_vertex_half_float GL_OES_texture_npot GL_OES_rgb8_rgba8 GL_EXT_color_buffer_float GL_EXT_texture_sRGB_decode ANDROID_gles_max_version_3_1 GL_OES_vertex_array_object GL_EXT_texture_buffer GL_EXT_copy_image GL_KHR_texture_compression_astc_ldr GL_KHR_texture_compression_astc_hdr GL_OES_texture_compression_astc GL_OES_EGL_image_external
06-15 22:17:53.151 D/hw-ProcessState(11039): Binder ioctl to enable oneway spam detection failed: Invalid argument
06-15 22:17:53.152 W/OpenGLRenderer(11039): Failed to initialize 101010-2 format, error = EGL_SUCCESS
06-15 22:17:53.152 D/EGL_emulation(11039): rcCreateContext wated version 2.0  rc:4
06-15 22:17:53.174 D/EGL_emulation(11039): eglMakeCurrent: 0x713a049110d0: ver 3 2 (tinfo 0x7139849252c0) (first time)
06-15 22:17:53.178 E/HWComposer( 1783): getSupportedContentTypes: getSupportedContentTypes failed for display 0: Unsupported (8)
06-15 22:17:53.179 I/hwservicemanager( 1565): getTransport: Cannot find entry android.hardware.graphics.mapper@4.0::IMapper/default in either framework or device VINTF manifest.
06-15 22:17:53.179 I/Gralloc4(11039): mapper 4.x is not supported
06-15 22:17:53.180 I/hwservicemanager( 1565): getTransport: Cannot find entry android.hardware.graphics.mapper@3.0::IMapper/default in either framework or device VINTF manifest.
06-15 22:17:53.180 W/Gralloc3(11039): mapper 3.x is not supported
06-15 22:17:53.181 D/ProcessState(11075): Binder ioctl to enable oneway spam detection failed: Invalid argument
06-15 22:17:53.181 I/hwservicemanager( 1565): getTransport: Cannot find entry android.hardware.graphics.allocator@4.0::IAllocator/default in either framework or device VINTF manifest.
06-15 22:17:53.181 W/Gralloc4(11039): allocator 4.x is not supported
06-15 22:17:53.181 I/hwservicemanager( 1565): getTransport: Cannot find entry android.hardware.graphics.allocator@3.0::IAllocator/default in either framework or device VINTF manifest.
06-15 22:17:53.181 W/Gralloc3(11039): allocator 3.x is not supported
06-15 22:17:53.182 D/gralloc_nox( 1771): gralloc_alloc: Creating ashmem region of size 8298496
06-15 22:17:53.216 D/ontapp.stb.dem(11039): createUnique: call
06-15 22:17:53.218 D/ontapp.stb.dem(11039): HostComposition ext GL_OES_EGL_image GL_OES_EGL_image_external GL_OES_depth24 GL_OES_depth32 GL_OES_element_index_uint GL_OES_texture_float GL_OES_texture_float_linear GL_OES_compressed_paletted_texture GL_OES_compressed_ETC1_RGB8_texture GL_OES_depth_texture GL_EXT_texture_format_BGRA8888 GL_APPLE_texture_format_BGRA8888 GL_OES_texture_half_float GL_EXT_robustness GL_OES_texture_half_float_linear GL_OES_packed_depth_stencil GL_OES_vertex_half_float GL_OES_texture_npot GL_OES_rgb8_rgba8 GL_EXT_color_buffer_float GL_EXT_texture_sRGB_decode ANDROID_gles_max_version_3_1 GL_OES_vertex_array_object GL_EXT_texture_buffer GL_EXT_copy_image GL_KHR_texture_compression_astc_ldr GL_KHR_texture_compression_astc_hdr GL_OES_texture_compression_astc GL_OES_EGL_image_external
06-15 22:17:53.219 D/gralloc_nox( 1771): gralloc_alloc: Creating ashmem region of size 8298496
06-15 22:17:53.268 D/gralloc_nox( 1771): gralloc_alloc: Creating ashmem region of size 8298496
06-15 22:17:53.341 E/libEGL  (11039): called unimplemented OpenGL ES API
06-15 22:17:53.407 W/ActivityTaskManager( 1965): Tried to set launchTime (0) < mLastActivityLaunchTime (4549148)
06-15 22:17:53.646 I/ActivityTaskManager( 1965): Displayed com.android.permissioncontroller/.permission.ui.GrantPermissionsActivity: +976ms
06-15 22:17:53.713 D/ProcessState(11087): Binder ioctl to enable oneway spam detection failed: Invalid argument
06-15 22:17:53.761 W/InputManager-JNI( 1965): Input channel object '50cf88a Splash Screen tech.gtt.frontapp.stb.demo (client)' was disposed without first being removed with the input manager!
06-15 22:17:53.939 D/gralloc_nox( 1771): gralloc_alloc: Creating ashmem region of size 5496832
06-15 22:17:54.101 D/gralloc_nox( 1771): gralloc_alloc: Creating ashmem region of size 5496832
06-15 22:17:54.396 D/gralloc_nox( 1771): gralloc_alloc: Creating ashmem region of size 5496832
06-15 22:17:55.658 E/TaskPersister( 1965): File error accessing recents directory (directory doesn't exist?).
06-15 22:17:55.772 D/UIAutomatorStub(10987): URI: /jsonrpc/0, Method: POST, params, {NanoHttpd.QUERY_STRING=null}, files: {postData={"jsonrpc": "2.0", "id": 1, "method": "count", "params": [{"mask": 2097152, "childOrSibling": [], "childOrSiblingSelector": [], "resourceId": "com.android.permissioncontroller:id/permission_allow_button"}]}}
06-15 22:17:55.842 D/UiObject(10987): Waiting 0ms for UiSelector[RESOURCE_ID=com.android.permissioncontroller:id/permission_allow_button].
06-15 22:17:55.852 W/QueryController(10987): Could not detect idle state.
06-15 22:17:55.907 I/QueryController(10987): Matched selector: UiSelector[RESOURCE_ID=com.android.permissioncontroller:id/permission_allow_button] <<==>> [android.view.accessibility.AccessibilityNodeInfo@18ce5; boundsInParent: Rect(0, 0 - 992, 112); boundsInScreen: Rect(464, 557 - 1456, 669); packageName: com.android.permissioncontroller; className: android.widget.Button; text: 允许; error: null; maxTextLength: -1; stateDescription: null; contentDescription: null; tooltipText: null; viewIdResName: com.android.permissioncontroller:id/permission_allow_button; checkable: false; checked: false; focusable: true; focused: false; selected: false; clickable: true; longClickable: false; contextClickable: false; enabled: true; password: false; scrollable: false; importantForAccessibility: true; visible: true; actions: [AccessibilityAction: ACTION_FOCUS - null, AccessibilityAction: ACTION_SELECT - null, AccessibilityAction: ACTION_CLEAR_SELECTION - null, AccessibilityAction: ACTION_CLICK - null, AccessibilityAction: ACTION_ACCESSIBILITY_FOCUS - null, AccessibilityAction: ACTION_NEXT_AT_MOVEMENT_GRANULARITY - null, AccessibilityAction: ACTION_PREVIOUS_AT_MOVEMENT_GRANULARITY - null, AccessibilityAction: ACTION_SET_SELECTION - null, AccessibilityAction: ACTION_SHOW_ON_SCREEN - null]]
06-15 22:17:55.909 D/UiObject(10987): Waiting 0ms for UiSelector[INSTANCE=1, RESOURCE_ID=com.android.permissioncontroller:id/permission_allow_button].
06-15 22:17:55.915 W/QueryController(10987): Could not detect idle state.
06-15 22:17:55.988 D/UIAutomatorStub(10987): URI: /jsonrpc/0, Method: POST, params, {NanoHttpd.QUERY_STRING=null}, files: {postData={"jsonrpc": "2.0", "id": 1, "method": "waitForExists", "params": [{"mask": 2097152, "childOrSibling": [], "childOrSiblingSelector": [], "resourceId": "com.android.permissioncontroller:id/permission_allow_button"}, 20000]}}
06-15 22:17:56.002 D/UiDevice(10987): Waiting 20000ms for SearchCondition[hasObject=BySelector [RES='\Qcom.android.permissioncontroller:id/permission_allow_button\E']].
06-15 22:17:56.009 D/UiDevice(10987): Searching for node with selector: BySelector [RES='\Qcom.android.permissioncontroller:id/permission_allow_button\E'].
06-15 22:17:56.013 W/QueryController(10987): Could not detect idle state.
06-15 22:17:56.163 D/UIAutomatorStub(10987): URI: /jsonrpc/0, Method: POST, params, {NanoHttpd.QUERY_STRING=null}, files: {postData={"jsonrpc": "2.0", "id": 1, "method": "objInfo", "params": [{"mask": 2097152, "childOrSibling": [], "childOrSiblingSelector": [], "resourceId": "com.android.permissioncontroller:id/permission_allow_button"}]}}
06-15 22:17:56.176 D/UiDevice(10987): Retrieving node with selector: BySelector [RES='\Qcom.android.permissioncontroller:id/permission_allow_button\E'].
06-15 22:17:56.177 W/QueryController(10987): Could not detect idle state.
06-15 22:17:56.262 W/QueryController(10987): Could not detect idle state.
06-15 22:17:56.275 W/QueryController(10987): Could not detect idle state.
06-15 22:17:56.279 W/QueryController(10987): Could not detect idle state.
06-15 22:17:56.292 W/QueryController(10987): Could not detect idle state.
06-15 22:17:56.309 W/QueryController(10987): Could not detect idle state.
06-15 22:17:56.325 W/QueryController(10987): Could not detect idle state.
06-15 22:17:56.344 W/QueryController(10987): Could not detect idle state.
06-15 22:17:56.372 W/QueryController(10987): Could not detect idle state.
06-15 22:17:56.389 W/QueryController(10987): Could not detect idle state.
06-15 22:17:56.407 W/QueryController(10987): Could not detect idle state.
06-15 22:17:56.416 W/QueryController(10987): Could not detect idle state.
06-15 22:17:56.425 W/QueryController(10987): Could not detect idle state.
06-15 22:17:56.439 W/QueryController(10987): Could not detect idle state.
06-15 22:17:56.456 W/QueryController(10987): Could not detect idle state.
06-15 22:17:56.489 W/QueryController(10987): Could not detect idle state.
06-15 22:17:56.511 W/QueryController(10987): Could not detect idle state.
06-15 22:17:56.523 W/QueryController(10987): Could not detect idle state.
06-15 22:17:56.581 D/UIAutomatorStub(10987): URI: /jsonrpc/0, Method: POST, params, {NanoHttpd.QUERY_STRING=null}, files: {postData={"jsonrpc": "2.0", "id": 1, "method": "click", "params": [960.0, 613.0]}}
06-15 22:17:56.604 V/DisplayPowerController[0]( 1965): Brightness [0.39763778] reason changing to: 'manual', previous reason: 'manual [ dim ]'.
06-15 22:17:56.617 E/DisplayDeviceConfig( 1965): requesting nits when no mapping exists.
06-15 22:17:56.618 E/DisplayDeviceConfig( 1965): requesting nits when no mapping exists.
06-15 22:17:56.623 I/DropBoxManagerService( 1965): add tag=system_server_wtf isTagEnabled=true flags=0x2
06-15 22:17:56.624 E/LightsService( 1965): Light requested not available on this device. 0
06-15 22:17:56.631 E/DisplayDeviceConfig( 1965): requesting nits when no mapping exists.
06-15 22:17:56.633 E/DisplayDeviceConfig( 1965): requesting nits when no mapping exists.
06-15 22:17:56.636 E/LightsService( 1965): Light requested not available on this device. 0
06-15 22:17:56.637 I/DropBoxManagerService( 1965): add tag=system_server_wtf isTagEnabled=true flags=0x2
06-15 22:17:56.642 I/DropBoxManagerService( 1965): add tag=system_server_wtf isTagEnabled=true flags=0x2
06-15 22:17:56.653 E/DisplayDeviceConfig( 1965): requesting nits when no mapping exists.
06-15 22:17:56.653 I/DropBoxManagerService( 1965): add tag=system_server_wtf isTagEnabled=true flags=0x2
06-15 22:17:56.654 E/DisplayDeviceConfig( 1965): requesting nits when no mapping exists.
06-15 22:17:56.659 E/LightsService( 1965): Light requested not available on this device. 0
06-15 22:17:56.667 E/DisplayDeviceConfig( 1965): requesting nits when no mapping exists.
06-15 22:17:56.669 E/DisplayDeviceConfig( 1965): requesting nits when no mapping exists.
06-15 22:17:56.670 I/DropBoxManagerService( 1965): add tag=system_server_wtf isTagEnabled=true flags=0x2
06-15 22:17:56.676 E/LightsService( 1965): Light requested not available on this device. 0
06-15 22:17:56.685 E/DisplayDeviceConfig( 1965): requesting nits when no mapping exists.
06-15 22:17:56.686 E/DisplayDeviceConfig( 1965): requesting nits when no mapping exists.
06-15 22:17:56.695 E/LightsService( 1965): Light requested not available on this device. 0
06-15 22:17:56.701 E/DisplayDeviceConfig( 1965): requesting nits when no mapping exists.
06-15 22:17:56.703 E/DisplayDeviceConfig( 1965): requesting nits when no mapping exists.
06-15 22:17:56.711 E/LightsService( 1965): Light requested not available on this device. 0
06-15 22:17:56.715 E/DisplayDeviceConfig( 1965): requesting nits when no mapping exists.
06-15 22:17:56.718 E/DisplayDeviceConfig( 1965): requesting nits when no mapping exists.
06-15 22:17:56.723 E/LightsService( 1965): Light requested not available on this device. 0
06-15 22:17:56.735 E/DisplayDeviceConfig( 1965): requesting nits when no mapping exists.
06-15 22:17:56.736 E/DisplayDeviceConfig( 1965): requesting nits when no mapping exists.
06-15 22:17:56.738 E/LightsService( 1965): Light requested not available on this device. 0
06-15 22:17:56.752 E/DisplayDeviceConfig( 1965): requesting nits when no mapping exists.
06-15 22:17:56.753 E/DisplayDeviceConfig( 1965): requesting nits when no mapping exists.
06-15 22:17:56.759 E/LightsService( 1965): Light requested not available on this device. 0
06-15 22:17:56.768 E/DisplayDeviceConfig( 1965): requesting nits when no mapping exists.
06-15 22:17:56.773 E/DisplayDeviceConfig( 1965): requesting nits when no mapping exists.
06-15 22:17:56.778 E/LightsService( 1965): Light requested not available on this device. 0
06-15 22:17:56.784 E/DisplayDeviceConfig( 1965): requesting nits when no mapping exists.
06-15 22:17:56.789 E/DisplayDeviceConfig( 1965): requesting nits when no mapping exists.
06-15 22:17:56.794 E/LightsService( 1965): Light requested not available on this device. 0
06-15 22:17:56.802 E/DisplayDeviceConfig( 1965): requesting nits when no mapping exists.
06-15 22:17:56.810 E/DisplayDeviceConfig( 1965): requesting nits when no mapping exists.
06-15 22:17:56.817 E/LightsService( 1965): Light requested not available on this device. 0
06-15 22:17:56.821 E/DisplayDeviceConfig( 1965): requesting nits when no mapping exists.
06-15 22:17:56.825 E/DisplayDeviceConfig( 1965): requesting nits when no mapping exists.
06-15 22:17:56.832 E/LightsService( 1965): Light requested not available on this device. 0
06-15 22:17:56.834 E/DisplayDeviceConfig( 1965): requesting nits when no mapping exists.
06-15 22:17:56.837 E/DisplayDeviceConfig( 1965): requesting nits when no mapping exists.
06-15 22:17:56.838 E/LightsService( 1965): Light requested not available on this device. 0
06-15 22:17:56.848 E/DisplayDeviceConfig( 1965): requesting nits when no mapping exists.
06-15 22:17:56.849 E/DisplayDeviceConfig( 1965): requesting nits when no mapping exists.
06-15 22:17:56.854 E/LightsService( 1965): Light requested not available on this device. 0
06-15 22:17:56.869 E/DisplayDeviceConfig( 1965): requesting nits when no mapping exists.
06-15 22:17:56.871 E/DisplayDeviceConfig( 1965): requesting nits when no mapping exists.
06-15 22:17:56.877 E/LightsService( 1965): Light requested not available on this device. 0
06-15 22:17:57.028 V/GrantPermissionsViewModel( 9632): Logged buttons presented and clicked permissionGroupName=android.permission-group.STORAGE uid=10058 selectedLocations=0 package=tech.gtt.frontapp.stb.demo presentedButtons=9 clickedButton=1 sessionId=1590770754711113094 targetSdk=35
06-15 22:17:57.047 I/MediaProvider( 2579): Invalidating LocalCallingIdentity cache for package tech.gtt.frontapp.stb.demo. Reason: op android:read_external_storage
06-15 22:17:57.056 V/GrantPermissionsViewModel( 9632): Permission grant result requestId=1590770754711113094 callingUid=10058 callingPackage=tech.gtt.frontapp.stb.demo permission=android.permission.READ_EXTERNAL_STORAGE isImplicit=false result=4
06-15 22:17:57.070 D/gralloc_nox( 1771): gralloc_alloc: Creating ashmem region of size 8298496
06-15 22:17:57.078 E/android.hardware.audio.service( 1760): pcm_open called create stream faild
06-15 22:17:57.081 D/AudioFlinger( 1780): mixer(0x7476fcea3a60) throttle end: throttle time(41)
06-15 22:17:57.351 W/System  ( 1965): A resource failed to call release. 
06-15 22:17:57.489 D/CompatibilityChangeReporter(11039): Compat change id reported: 78294732; UID 10058; state: ENABLED
06-15 22:17:57.493 I/b       (11039): freeSpace : 116665MB
06-15 22:17:57.588 D/ProcessState(11100): Binder ioctl to enable oneway spam detection failed: Invalid argument
06-15 22:17:57.722 D/ConnectivityService( 1965): NetReassign [no changes]
06-15 22:17:57.743 V/GSK     (11039): StorageServiceImpl initialization() executed in 0 ms.
06-15 22:17:57.743 V/GSK     (11039): SecurityServiceImpl initialization() executed in 0 ms.
06-15 22:17:57.972 W/System.err(11039): SLF4J(W): No SLF4J providers were found.
06-15 22:17:57.972 W/System.err(11039): SLF4J(W): Defaulting to no-operation (NOP) logger implementation
06-15 22:17:57.972 W/System.err(11039): SLF4J(W): See https://www.slf4j.org/codes.html#noProviders for further details.
06-15 22:17:58.091 W/InputManager-JNI( 1965): Input channel object '1ae48e com.android.permissioncontroller/com.android.permissioncontroller.permission.ui.GrantPermissionsActivity (client)' was disposed without first being removed with the input manager!
06-15 22:17:58.113 W/SurfaceFlinger( 1783): couldn't log to binary event log: overflow.
06-15 22:17:58.120 W/System.err(11039): kotlinx.serialization.json.internal.JsonDecodingException: Expected start of the object '{', but had 'EOF' instead at path: $
06-15 22:17:58.120 W/System.err(11039): JSON input: 
06-15 22:17:58.121 W/System.err(11039): 	at kotlinx.serialization.json.internal.JsonExceptionsKt.JsonDecodingException(SourceFile:1)
06-15 22:17:58.121 W/System.err(11039): 	at kotlinx.serialization.json.internal.JsonExceptionsKt.JsonDecodingException(SourceFile:2)
06-15 22:17:58.121 W/System.err(11039): 	at kotlinx.serialization.json.internal.AbstractJsonLexer.fail(SourceFile:52)
06-15 22:17:58.121 W/System.err(11039): 	at kotlinx.serialization.json.internal.AbstractJsonLexer.fail$default(SourceFile:15)
06-15 22:17:58.121 W/System.err(11039): 	at kotlinx.serialization.json.internal.AbstractJsonLexer.unexpectedToken(SourceFile:103)
06-15 22:17:58.121 W/System.err(11039): 	at kotlinx.serialization.json.internal.StringJsonLexer.consumeNextToken(SourceFile:16)
06-15 22:17:58.121 W/System.err(11039): 	at kotlinx.serialization.json.internal.StreamingJsonDecoder.beginStructure(SourceFile:23)
06-15 22:17:58.121 W/System.err(11039): 	at tech.gtt.frontapp.servicesdk.common.service.utility.apis.e2ee.E2eeConfigResponse$$serializer.deserialize(SourceFile:2)
06-15 22:17:58.121 W/System.err(11039): 	at tech.gtt.frontapp.servicesdk.common.service.utility.apis.e2ee.E2eeConfigResponse$$serializer.deserialize(SourceFile:1)
06-15 22:17:58.121 W/System.err(11039): 	at kotlinx.serialization.json.internal.StreamingJsonDecoder.decodeSerializableValue(SourceFile:320)
06-15 22:17:58.121 W/System.err(11039): 	at kotlinx.serialization.json.Json.decodeFromString(SourceFile:3)
06-15 22:17:58.121 W/System.err(11039): 	at tech.gtt.frontapp.servicesdk.common.service.utility.apis.e2ee.E2eeManager.syncE2eeConfig(SourceFile:74)
06-15 22:17:58.121 W/System.err(11039): 	at tech.gtt.frontapp.servicesdk.common.service.utility.apis.ApiUtilServiceImpl.onServiceInit(SourceFile:228)
06-15 22:17:58.121 W/System.err(11039): 	at tech.gtt.frontapp.servicesdk.common.core.ServiceSDKImpl.executeServiceInitialize(SourceFile:372)
06-15 22:17:58.121 W/System.err(11039): 	at tech.gtt.frontapp.servicesdk.common.core.ServiceSDKImpl.access$executeServiceInitialize(SourceFile:1)
06-15 22:17:58.121 W/System.err(11039): 	at tech.gtt.frontapp.servicesdk.common.core.ServiceSDKImpl$init$1.invokeSuspend(SourceFile:178)
06-15 22:17:58.121 W/System.err(11039): 	at tech.gtt.frontapp.servicesdk.common.core.ServiceSDKImpl$init$1.invoke(SourceFile:2)
06-15 22:17:58.121 W/System.err(11039): 	at tech.gtt.frontapp.servicesdk.common.core.ServiceSDKImpl$init$1.invoke(SourceFile:1)
06-15 22:17:58.121 W/System.err(11039): 	at kotlinx.coroutines.flow.SafeFlow.collectSafely(SourceFile:3)
06-15 22:17:58.121 W/System.err(11039): 	at kotlinx.coroutines.flow.AbstractFlow.collect(SourceFile:70)
06-15 22:17:58.121 W/System.err(11039): 	at tech.gtt.frontapp.servicesdk.common.core.SDKSetup$build$1.invokeSuspend(SourceFile:42)
06-15 22:17:58.121 W/System.err(11039): 	at tech.gtt.frontapp.servicesdk.common.core.SDKSetup$build$1.invoke(SourceFile:2)
06-15 22:17:58.121 W/System.err(11039): 	at tech.gtt.frontapp.servicesdk.common.core.SDKSetup$build$1.invoke(SourceFile:1)
06-15 22:17:58.121 W/System.err(11039): 	at tech.gtt.frontapp.servicesdk.common.core.Scheduler$scheduleDirect$1.invokeSuspend(SourceFile:61)
06-15 22:17:58.121 W/System.err(11039): 	at lh.a.resumeWith(SourceFile:14)
06-15 22:17:58.121 W/System.err(11039): 	at kotlinx.coroutines.DispatchedTask.run(SourceFile:123)
06-15 22:17:58.121 W/System.err(11039): 	at kotlinx.coroutines.internal.LimitedDispatcher$Worker.run(SourceFile:4)
06-15 22:17:58.121 W/System.err(11039): 	at kotlinx.coroutines.scheduling.TaskImpl.run(SourceFile:3)
06-15 22:17:58.121 W/System.err(11039): 	at kotlinx.coroutines.scheduling.CoroutineScheduler.runSafely(SourceFile:1)
06-15 22:17:58.121 W/System.err(11039): 	at kotlinx.coroutines.scheduling.CoroutineScheduler$Worker.executeTask(SourceFile:34)
06-15 22:17:58.121 W/System.err(11039): 	at kotlinx.coroutines.scheduling.CoroutineScheduler$Worker.runWorker(SourceFile:29)
06-15 22:17:58.121 W/System.err(11039): 	at kotlinx.coroutines.scheduling.CoroutineScheduler$Worker.run(SourceFile:1)
06-15 22:17:58.146 W/System.err(11039): java.io.FileNotFoundException: sys/class/sunxi_info/sys_info: open failed: ENOENT (No such file or directory)
06-15 22:17:58.146 W/System.err(11039): 	at libcore.io.IoBridge.open(IoBridge.java:575)
06-15 22:17:58.146 W/System.err(11039): 	at java.io.FileInputStream.<init>(FileInputStream.java:160)
06-15 22:17:58.146 W/System.err(11039): 	at java.io.FileInputStream.<init>(FileInputStream.java:115)
06-15 22:17:58.146 W/System.err(11039): 	at ip.b.b(SourceFile:5)
06-15 22:17:58.146 W/System.err(11039): 	at ip.b.a(SourceFile:155)
06-15 22:17:58.146 W/System.err(11039): 	at ip.a.invoke(SourceFile:589)
06-15 22:17:58.146 W/System.err(11039): 	at dh.v.getValue(SourceFile:21)
06-15 22:17:58.146 W/System.err(11039): 	at tech.gtt.frontapp.servicesdk.common.network.interceptor.params.ApiDeviceParams.handleFixedParams(SourceFile:52)
06-15 22:17:58.146 W/System.err(11039): 	at tech.gtt.frontapp.servicesdk.common.service.utility.apis.IParamsGetter.toMaps(SourceFile:87)
06-15 22:17:58.146 W/System.err(11039): 	at tech.gtt.frontapp.servicesdk.common.network.interceptor.DefaultParamsInterceptor.onRequest(SourceFile:127)
06-15 22:17:58.146 W/System.err(11039): 	at tech.gtt.frontapp.servicesdk.common.network.interceptor.SDKInterceptorsPluginKt$setupRequestInterception$1.invokeSuspend(SourceFile:103)
06-15 22:17:58.146 W/System.err(11039): 	at tech.gtt.frontapp.servicesdk.common.network.interceptor.SDKInterceptorsPluginKt$setupRequestInterception$1.invoke(SourceFile:1)
06-15 22:17:58.146 W/System.err(11039): 	at tech.gtt.frontapp.servicesdk.common.network.interceptor.SDKInterceptorsPluginKt$setupRequestInterception$1.invoke(SourceFile:2)
06-15 22:17:58.146 W/System.err(11039): 	at io.ktor.util.pipeline.DebugPipelineContext.proceedLoop(SourceFile:86)
06-15 22:17:58.146 W/System.err(11039): 	at io.ktor.util.pipeline.DebugPipelineContext.proceed(SourceFile:26)
06-15 22:17:58.146 W/System.err(11039): 	at io.ktor.client.plugins.RequestError$install$1.invokeSuspend(SourceFile:47)
06-15 22:17:58.146 W/System.err(11039): 	at io.ktor.client.plugins.RequestError$install$1.invoke(SourceFile:1)
06-15 22:17:58.146 W/System.err(11039): 	at io.ktor.client.plugins.RequestError$install$1.invoke(SourceFile:2)
06-15 22:17:58.146 W/System.err(11039): 	at io.ktor.util.pipeline.DebugPipelineContext.proceedLoop(SourceFile:86)
06-15 22:17:58.146 W/System.err(11039): 	at io.ktor.util.pipeline.DebugPipelineContext.proceed(SourceFile:26)
06-15 22:17:58.146 W/System.err(11039): 	at io.ktor.client.plugins.SetupRequestContext$install$1.invokeSuspend$proceed(SourceFile:1)
06-15 22:17:58.146 W/System.err(11039): 	at io.ktor.client.plugins.SetupRequestContext$install$1.access$invokeSuspend$proceed(SourceFile:1)
06-15 22:17:58.146 W/System.err(11039): 	at io.ktor.client.plugins.SetupRequestContext$install$1$1.invoke(SourceFile:2)
06-15 22:17:58.146 W/System.err(11039): 	at io.ktor.client.plugins.SetupRequestContext$install$1$1.invoke(SourceFile:1)
06-15 22:17:58.146 W/System.err(11039): 	at io.ktor.client.plugins.HttpRequestLifecycleKt$HttpRequestLifecycle$1$1.invokeSuspend(SourceFile:78)
06-15 22:17:58.146 W/System.err(11039): 	at io.ktor.client.plugins.HttpRequestLifecycleKt$HttpRequestLifecycle$1$1.invoke(SourceFile:1)
06-15 22:17:58.146 W/System.err(11039): 	at io.ktor.client.plugins.HttpRequestLifecycleKt$HttpRequestLifecycle$1$1.invoke(SourceFile:2)
06-15 22:17:58.146 W/System.err(11039): 	at io.ktor.client.plugins.SetupRequestContext$install$1.invokeSuspend(SourceFile:42)
06-15 22:17:58.146 W/System.err(11039): 	at io.ktor.client.plugins.SetupRequestContext$install$1.invoke(SourceFile:1)
06-15 22:17:58.146 W/System.err(11039): 	at io.ktor.client.plugins.SetupRequestContext$install$1.invoke(SourceFile:2)
06-15 22:17:58.146 W/System.err(11039): 	at io.ktor.util.pipeline.DebugPipelineContext.proceedLoop(SourceFile:86)
06-15 22:17:58.146 W/System.err(11039): 	at io.ktor.util.pipeline.DebugPipelineContext.proceed(SourceFile:26)
06-15 22:17:58.146 W/System.err(11039): 	at io.ktor.util.pipeline.DebugPipelineContext.execute$ktor_utils(SourceFile:7)
06-15 22:17:58.146 W/System.err(11039): 	at io.ktor.util.pipeline.Pipeline.execute(SourceFile:9)
06-15 22:17:58.146 W/System.err(11039): 	at io.ktor.client.HttpClient.execute$ktor_client_core(SourceFile:68)
06-15 22:17:58.146 W/System.err(11039): 	at io.ktor.client.statement.HttpStatement.fetchResponse(SourceFile:90)
06-15 22:17:58.146 W/System.err(11039): 	at io.ktor.client.statement.HttpStatement.execute(SourceFile:9)
06-15 22:17:58.146 W/System.err(11039): 	at de.jensklingenberg.ktorfit.internal.KtorfitConverterHelper.suspendRequest(SourceFile:127)
06-15 22:17:58.146 W/System.err(11039): 	at de.jensklingenberg.ktorfit.internal.KtorfitConverterHelper$request$1$1.invokeSuspend(SourceFile:58)
06-15 22:17:58.146 W/System.err(11039): 	at de.jensklingenberg.ktorfit.internal.KtorfitConverterHelper$request$1$1.invoke(SourceFile:2)
06-15 22:17:58.146 W/System.err(11039): 	at de.jensklingenberg.ktorfit.internal.KtorfitConverterHelper$request$1$1.invoke(SourceFile:1)
06-15 22:17:58.146 W/System.err(11039): 	at de.jensklingenberg.ktorfit.converter.FlowConverterFactory$responseConverter$1$convert$1.invokeSuspend(SourceFile:84)
06-15 22:17:58.146 W/System.err(11039): 	at de.jensklingenberg.ktorfit.converter.FlowConverterFactory$responseConverter$1$convert$1.invoke(SourceFile:2)
06-15 22:17:58.146 W/System.err(11039): 	at de.jensklingenberg.ktorfit.converter.FlowConverterFactory$responseConverter$1$convert$1.invoke(SourceFile:1)
06-15 22:17:58.146 W/System.err(11039): 	at kotlinx.coroutines.flow.SafeFlow.collectSafely(SourceFile:3)
06-15 22:17:58.146 W/System.err(11039): 	at kotlinx.coroutines.flow.AbstractFlow.collect(SourceFile:70)
06-15 22:17:58.146 W/System.err(11039): 	at kotlinx.coroutines.flow.FlowKt__MergeKt$flatMapConcat$$inlined$map$1.collect(SourceFile:10)
06-15 22:17:58.146 W/System.err(11039): 	at kotlinx.coroutines.flow.FlowKt__MergeKt$flattenConcat$$inlined$unsafeFlow$1.collect(SourceFile:8)
06-15 22:17:58.146 W/System.err(11039): 	at kotlinx.coroutines.flow.FlowKt__CollectKt.collect(SourceFile:1)
06-15 22:17:58.146 W/System.err(11039): 	at kotlinx.coroutines.flow.FlowKt.collect(SourceFile:1)
06-15 22:17:58.146 W/System.err(11039): 	at tech.gtt.frontapp.servicesdk.common.service.utility.apis.ApiUtilServiceImpl.onServiceInit(SourceFile:240)
06-15 22:17:58.146 W/System.err(11039): 	at tech.gtt.frontapp.servicesdk.common.core.ServiceSDKImpl.executeServiceInitialize(SourceFile:372)
06-15 22:17:58.146 W/System.err(11039): 	at tech.gtt.frontapp.servicesdk.common.core.ServiceSDKImpl.access$executeServiceInitialize(SourceFile:1)
06-15 22:17:58.146 W/System.err(11039): 	at tech.gtt.frontapp.servicesdk.common.core.ServiceSDKImpl$init$1.invokeSuspend(SourceFile:178)
06-15 22:17:58.146 W/System.err(11039): 	at tech.gtt.frontapp.servicesdk.common.core.ServiceSDKImpl$init$1.invoke(SourceFile:2)
06-15 22:17:58.146 W/System.err(11039): 	at tech.gtt.frontapp.servicesdk.common.core.ServiceSDKImpl$init$1.invoke(SourceFile:1)
06-15 22:17:58.147 W/System.err(11039): 	at kotlinx.coroutines.flow.SafeFlow.collectSafely(SourceFile:3)
06-15 22:17:58.147 W/System.err(11039): 	at kotlinx.coroutines.flow.AbstractFlow.collect(SourceFile:70)
06-15 22:17:58.147 W/System.err(11039): 	at tech.gtt.frontapp.servicesdk.common.core.SDKSetup$build$1.invokeSuspend(SourceFile:42)
06-15 22:17:58.147 W/System.err(11039): 	at tech.gtt.frontapp.servicesdk.common.core.SDKSetup$build$1.invoke(SourceFile:2)
06-15 22:17:58.147 W/System.err(11039): 	at tech.gtt.frontapp.servicesdk.common.core.SDKSetup$build$1.invoke(SourceFile:1)
06-15 22:17:58.147 W/System.err(11039): 	at tech.gtt.frontapp.servicesdk.common.core.Scheduler$scheduleDirect$1.invokeSuspend(SourceFile:61)
06-15 22:17:58.147 W/System.err(11039): 	at lh.a.resumeWith(SourceFile:14)
06-15 22:17:58.147 W/System.err(11039): 	at kotlinx.coroutines.DispatchedTask.run(SourceFile:123)
06-15 22:17:58.147 W/System.err(11039): 	at kotlinx.coroutines.internal.LimitedDispatcher$Worker.run(SourceFile:4)
06-15 22:17:58.147 W/System.err(11039): 	at kotlinx.coroutines.scheduling.TaskImpl.run(SourceFile:3)
06-15 22:17:58.147 W/System.err(11039): 	at kotlinx.coroutines.scheduling.CoroutineScheduler.runSafely(SourceFile:1)
06-15 22:17:58.147 W/System.err(11039): 	at kotlinx.coroutines.scheduling.CoroutineScheduler$Worker.executeTask(SourceFile:34)
06-15 22:17:58.147 W/System.err(11039): 	at kotlinx.coroutines.scheduling.CoroutineScheduler$Worker.runWorker(SourceFile:29)
06-15 22:17:58.147 W/System.err(11039): 	at kotlinx.coroutines.scheduling.CoroutineScheduler$Worker.run(SourceFile:1)
06-15 22:17:58.147 W/System.err(11039): Caused by: android.system.ErrnoException: open failed: ENOENT (No such file or directory)
06-15 22:17:58.147 W/System.err(11039): 	at libcore.io.Linux.open(Native Method)
06-15 22:17:58.147 W/System.err(11039): 	at libcore.io.ForwardingOs.open(ForwardingOs.java:567)
06-15 22:17:58.147 W/System.err(11039): 	at libcore.io.BlockGuardOs.open(BlockGuardOs.java:273)
06-15 22:17:58.147 W/System.err(11039): 	at libcore.io.ForwardingOs.open(ForwardingOs.java:567)
06-15 22:17:58.147 W/System.err(11039): 	at android.app.ActivityThread$AndroidOs.open(ActivityThread.java:7761)
06-15 22:17:58.147 W/System.err(11039): 	at libcore.io.IoBridge.open(IoBridge.java:561)
06-15 22:17:58.147 W/System.err(11039): 	... 69 more
06-15 22:17:58.151 W/System.err(11039): java.io.FileNotFoundException: sys/class/sunxi_info/sys_info: open failed: ENOENT (No such file or directory)
06-15 22:17:58.151 W/System.err(11039): 	at libcore.io.IoBridge.open(IoBridge.java:575)
06-15 22:17:58.151 W/System.err(11039): 	at java.io.FileInputStream.<init>(FileInputStream.java:160)
06-15 22:17:58.151 W/System.err(11039): 	at java.io.FileInputStream.<init>(FileInputStream.java:115)
06-15 22:17:58.151 W/System.err(11039): 	at ip.b.b(SourceFile:5)
06-15 22:17:58.151 W/System.err(11039): 	at ip.b.a(SourceFile:155)
06-15 22:17:58.151 W/System.err(11039): 	at ip.a.invoke(SourceFile:127)
06-15 22:17:58.151 W/System.err(11039): 	at dh.v.getValue(SourceFile:21)
06-15 22:17:58.151 W/System.err(11039): 	at tech.gtt.frontapp.servicesdk.common.network.interceptor.params.ApiDeviceParams.handleFixedParams(SourceFile:65)
06-15 22:17:58.151 W/System.err(11039): 	at tech.gtt.frontapp.servicesdk.common.service.utility.apis.IParamsGetter.toMaps(SourceFile:87)
06-15 22:17:58.151 W/System.err(11039): 	at tech.gtt.frontapp.servicesdk.common.network.interceptor.DefaultParamsInterceptor.onRequest(SourceFile:127)
06-15 22:17:58.151 W/System.err(11039): 	at tech.gtt.frontapp.servicesdk.common.network.interceptor.SDKInterceptorsPluginKt$setupRequestInterception$1.invokeSuspend(SourceFile:103)
06-15 22:17:58.151 W/System.err(11039): 	at tech.gtt.frontapp.servicesdk.common.network.interceptor.SDKInterceptorsPluginKt$setupRequestInterception$1.invoke(SourceFile:1)
06-15 22:17:58.151 W/System.err(11039): 	at tech.gtt.frontapp.servicesdk.common.network.interceptor.SDKInterceptorsPluginKt$setupRequestInterception$1.invoke(SourceFile:2)
06-15 22:17:58.151 W/System.err(11039): 	at io.ktor.util.pipeline.DebugPipelineContext.proceedLoop(SourceFile:86)
06-15 22:17:58.151 W/System.err(11039): 	at io.ktor.util.pipeline.DebugPipelineContext.proceed(SourceFile:26)
06-15 22:17:58.151 W/System.err(11039): 	at io.ktor.client.plugins.RequestError$install$1.invokeSuspend(SourceFile:47)
06-15 22:17:58.151 W/System.err(11039): 	at io.ktor.client.plugins.RequestError$install$1.invoke(SourceFile:1)
06-15 22:17:58.151 W/System.err(11039): 	at io.ktor.client.plugins.RequestError$install$1.invoke(SourceFile:2)
06-15 22:17:58.151 W/System.err(11039): 	at io.ktor.util.pipeline.DebugPipelineContext.proceedLoop(SourceFile:86)
06-15 22:17:58.151 W/System.err(11039): 	at io.ktor.util.pipeline.DebugPipelineContext.proceed(SourceFile:26)
06-15 22:17:58.151 W/System.err(11039): 	at io.ktor.client.plugins.SetupRequestContext$install$1.invokeSuspend$proceed(SourceFile:1)
06-15 22:17:58.151 W/System.err(11039): 	at io.ktor.client.plugins.SetupRequestContext$install$1.access$invokeSuspend$proceed(SourceFile:1)
06-15 22:17:58.151 W/System.err(11039): 	at io.ktor.client.plugins.SetupRequestContext$install$1$1.invoke(SourceFile:2)
06-15 22:17:58.151 W/System.err(11039): 	at io.ktor.client.plugins.SetupRequestContext$install$1$1.invoke(SourceFile:1)
06-15 22:17:58.151 W/System.err(11039): 	at io.ktor.client.plugins.HttpRequestLifecycleKt$HttpRequestLifecycle$1$1.invokeSuspend(SourceFile:78)
06-15 22:17:58.151 W/System.err(11039): 	at io.ktor.client.plugins.HttpRequestLifecycleKt$HttpRequestLifecycle$1$1.invoke(SourceFile:1)
06-15 22:17:58.151 W/System.err(11039): 	at io.ktor.client.plugins.HttpRequestLifecycleKt$HttpRequestLifecycle$1$1.invoke(SourceFile:2)
06-15 22:17:58.151 W/System.err(11039): 	at io.ktor.client.plugins.SetupRequestContext$install$1.invokeSuspend(SourceFile:42)
06-15 22:17:58.151 W/System.err(11039): 	at io.ktor.client.plugins.SetupRequestContext$install$1.invoke(SourceFile:1)
06-15 22:17:58.151 W/System.err(11039): 	at io.ktor.client.plugins.SetupRequestContext$install$1.invoke(SourceFile:2)
06-15 22:17:58.151 W/System.err(11039): 	at io.ktor.util.pipeline.DebugPipelineContext.proceedLoop(SourceFile:86)
06-15 22:17:58.151 W/System.err(11039): 	at io.ktor.util.pipeline.DebugPipelineContext.proceed(SourceFile:26)
06-15 22:17:58.151 W/System.err(11039): 	at io.ktor.util.pipeline.DebugPipelineContext.execute$ktor_utils(SourceFile:7)
06-15 22:17:58.151 W/System.err(11039): 	at io.ktor.util.pipeline.Pipeline.execute(SourceFile:9)
06-15 22:17:58.151 W/System.err(11039): 	at io.ktor.client.HttpClient.execute$ktor_client_core(SourceFile:68)
06-15 22:17:58.151 W/System.err(11039): 	at io.ktor.client.statement.HttpStatement.fetchResponse(SourceFile:90)
06-15 22:17:58.151 W/System.err(11039): 	at io.ktor.client.statement.HttpStatement.execute(SourceFile:9)
06-15 22:17:58.151 W/System.err(11039): 	at de.jensklingenberg.ktorfit.internal.KtorfitConverterHelper.suspendRequest(SourceFile:127)
06-15 22:17:58.151 W/System.err(11039): 	at de.jensklingenberg.ktorfit.internal.KtorfitConverterHelper$request$1$1.invokeSuspend(SourceFile:58)
06-15 22:17:58.151 W/System.err(11039): 	at de.jensklingenberg.ktorfit.internal.KtorfitConverterHelper$request$1$1.invoke(SourceFile:2)
06-15 22:17:58.151 W/System.err(11039): 	at de.jensklingenberg.ktorfit.internal.KtorfitConverterHelper$request$1$1.invoke(SourceFile:1)
06-15 22:17:58.151 W/System.err(11039): 	at de.jensklingenberg.ktorfit.converter.FlowConverterFactory$responseConverter$1$convert$1.invokeSuspend(SourceFile:84)
06-15 22:17:58.151 W/System.err(11039): 	at de.jensklingenberg.ktorfit.converter.FlowConverterFactory$responseConverter$1$convert$1.invoke(SourceFile:2)
06-15 22:17:58.151 W/System.err(11039): 	at de.jensklingenberg.ktorfit.converter.FlowConverterFactory$responseConverter$1$convert$1.invoke(SourceFile:1)
06-15 22:17:58.151 W/System.err(11039): 	at kotlinx.coroutines.flow.SafeFlow.collectSafely(SourceFile:3)
06-15 22:17:58.151 W/System.err(11039): 	at kotlinx.coroutines.flow.AbstractFlow.collect(SourceFile:70)
06-15 22:17:58.151 W/System.err(11039): 	at kotlinx.coroutines.flow.FlowKt__MergeKt$flatMapConcat$$inlined$map$1.collect(SourceFile:10)
06-15 22:17:58.152 W/System.err(11039): 	at kotlinx.coroutines.flow.FlowKt__MergeKt$flattenConcat$$inlined$unsafeFlow$1.collect(SourceFile:8)
06-15 22:17:58.152 W/System.err(11039): 	at kotlinx.coroutines.flow.FlowKt__CollectKt.collect(SourceFile:1)
06-15 22:17:58.152 W/System.err(11039): 	at kotlinx.coroutines.flow.FlowKt.collect(SourceFile:1)
06-15 22:17:58.152 W/System.err(11039): 	at tech.gtt.frontapp.servicesdk.common.service.utility.apis.ApiUtilServiceImpl.onServiceInit(SourceFile:240)
06-15 22:17:58.152 W/System.err(11039): 	at tech.gtt.frontapp.servicesdk.common.core.ServiceSDKImpl.executeServiceInitialize(SourceFile:372)
06-15 22:17:58.152 W/System.err(11039): 	at tech.gtt.frontapp.servicesdk.common.core.ServiceSDKImpl.access$executeServiceInitialize(SourceFile:1)
06-15 22:17:58.152 W/System.err(11039): 	at tech.gtt.frontapp.servicesdk.common.core.ServiceSDKImpl$init$1.invokeSuspend(SourceFile:178)
06-15 22:17:58.152 W/System.err(11039): 	at tech.gtt.frontapp.servicesdk.common.core.ServiceSDKImpl$init$1.invoke(SourceFile:2)
06-15 22:17:58.152 W/System.err(11039): 	at tech.gtt.frontapp.servicesdk.common.core.ServiceSDKImpl$init$1.invoke(SourceFile:1)
06-15 22:17:58.152 W/System.err(11039): 	at kotlinx.coroutines.flow.SafeFlow.collectSafely(SourceFile:3)
06-15 22:17:58.152 W/System.err(11039): 	at kotlinx.coroutines.flow.AbstractFlow.collect(SourceFile:70)
06-15 22:17:58.152 W/System.err(11039): 	at tech.gtt.frontapp.servicesdk.common.core.SDKSetup$build$1.invokeSuspend(SourceFile:42)
06-15 22:17:58.152 W/System.err(11039): 	at tech.gtt.frontapp.servicesdk.common.core.SDKSetup$build$1.invoke(SourceFile:2)
06-15 22:17:58.152 W/System.err(11039): 	at tech.gtt.frontapp.servicesdk.common.core.SDKSetup$build$1.invoke(SourceFile:1)
06-15 22:17:58.152 W/System.err(11039): 	at tech.gtt.frontapp.servicesdk.common.core.Scheduler$scheduleDirect$1.invokeSuspend(SourceFile:61)
06-15 22:17:58.152 W/System.err(11039): 	at lh.a.resumeWith(SourceFile:14)
06-15 22:17:58.152 W/System.err(11039): 	at kotlinx.coroutines.DispatchedTask.run(SourceFile:123)
06-15 22:17:58.152 W/System.err(11039): 	at kotlinx.coroutines.internal.LimitedDispatcher$Worker.run(SourceFile:4)
