06-15 21:46:07.363 V/GSK-Upgrade:ComponentUpdater( 8492): local dex is empty
06-15 21:46:07.363 V/GSK-Upgrade:ComponentUpdater( 8492): local dex is empty
06-15 21:46:07.363 V/GSK-Upgrade:ComponentUpdater( 8492): local dex is empty
06-15 21:46:07.403 D/gralloc_nox( 1771): gralloc_alloc: Creating ashmem region of size 8298496
06-15 21:46:07.465 D/gralloc_nox( 1771): gralloc_alloc: Creating ashmem region of size 8298496
06-15 21:46:07.467 D/ProcessState( 8603): Binder ioctl to enable oneway spam detection failed: Invalid argument
06-15 21:46:07.467 D/UiDevice( 8437): Searching for node with selector: BySelector [RES='\Qtech.gtt.frontapp.stb.demo:id/account_login_tv2\E'].
06-15 21:46:07.468 W/QueryController( 8437): Could not detect idle state.
06-15 21:46:07.509 D/gralloc_nox( 1771): gralloc_alloc: Creating ashmem region of size 8298496
06-15 21:46:07.596 V/GSK-APIS( 8492): received response >>> id: 31adc9a1 url: https://gtt-app-apigateway-lion.vdemosit.com/api/enduser/messagecenter/message/query/v1 statusCode: 400, exception: null
06-15 21:46:07.596 I/System.out( 8492): [SDKInterceptorPlugin] Unhandled exception in request processing: Something went wrong while connecting to the server, statusCode: 400
06-15 21:46:07.621 I/ActivityTaskManager( 1965): Displayed tech.gtt.frontapp.stb.demo/tech.gtt.frontapp.stb.m.home.activity.LoadingActivity: +543ms
06-15 21:46:07.655 D/CompatibilityChangeReporter( 8492): Compat change id reported: 171228096; UID 10058; state: ENABLED
06-15 21:46:07.677 W/DataBinding( 8492): Setting the fragment as the LifecycleOwner might cause memory leaks because views lives shorter than the Fragment. Consider using Fragment's view lifecycle
06-15 21:46:07.709 I/MediaFocusControl( 1965): requestAudioFocus() from uid/pid 10058/8492 AA=USAGE_MEDIA/CONTENT_TYPE_MOVIE clientId=android.media.AudioManager@aa3217f callingPack=tech.gtt.frontapp.stb.demo req=1 flags=0x0 sdk=35
06-15 21:46:07.713 I/AudioService.FadeOutManager( 1965): unfadeOutUid() uid:10058
06-15 21:46:07.730 W/MediaProvider( 2579): Failed to fetch original file descriptor
06-15 21:46:07.730 W/MediaProvider( 2579): java.io.IOException: stat failed: ENOENT (No such file or directory)
06-15 21:46:07.730 W/MediaProvider( 2579): 	at com.android.providers.media.MediaProvider.getFileFromFileDescriptor(MediaProvider.java:5822)
06-15 21:46:07.730 W/MediaProvider( 2579): 	at com.android.providers.media.MediaProvider.getOriginalMediaFormatFileDescriptor(MediaProvider.java:5739)
06-15 21:46:07.730 W/MediaProvider( 2579): 	at com.android.providers.media.MediaProvider.openTypedAssetFileCommon(MediaProvider.java:7162)
06-15 21:46:07.730 W/MediaProvider( 2579): 	at com.android.providers.media.MediaProvider.openTypedAssetFile(MediaProvider.java:7143)
06-15 21:46:07.730 W/MediaProvider( 2579): 	at android.content.ContentProvider$Transport.openTypedAssetFile(ContentProvider.java:548)
06-15 21:46:07.730 W/MediaProvider( 2579): 	at android.content.ContentProviderNative.onTransact(ContentProviderNative.java:327)
06-15 21:46:07.730 W/MediaProvider( 2579): 	at android.os.Binder.execTransactInternal(Binder.java:1179)
06-15 21:46:07.730 W/MediaProvider( 2579): 	at android.os.Binder.execTransact(Binder.java:1143)
06-15 21:46:07.730 W/MediaProvider( 2579): Caused by: android.system.ErrnoException: stat failed: ENOENT (No such file or directory)
06-15 21:46:07.730 W/MediaProvider( 2579): 	at libcore.io.Linux.stat(Native Method)
06-15 21:46:07.730 W/MediaProvider( 2579): 	at libcore.io.ForwardingOs.stat(ForwardingOs.java:853)
06-15 21:46:07.730 W/MediaProvider( 2579): 	at libcore.io.BlockGuardOs.stat(BlockGuardOs.java:420)
06-15 21:46:07.730 W/MediaProvider( 2579): 	at libcore.io.ForwardingOs.stat(ForwardingOs.java:853)
06-15 21:46:07.730 W/MediaProvider( 2579): 	at android.app.ActivityThread$AndroidOs.stat(ActivityThread.java:7775)
06-15 21:46:07.730 W/MediaProvider( 2579): 	at android.system.Os.stat(Os.java:919)
06-15 21:46:07.730 W/MediaProvider( 2579): 	at com.android.providers.media.MediaProvider.getFileFromFileDescriptor(MediaProvider.java:5816)
06-15 21:46:07.730 W/MediaProvider( 2579): 	... 7 more
06-15 21:46:07.732 D/NuPlayerDriver( 1870): NuPlayerDriver(0xf09c1cc0) created, clientPid(8492)
06-15 21:46:07.736 D/SurfaceUtils( 1870): connecting to surface 0xeb5c3278, reason setVideoSurfaceTexture
06-15 21:46:07.736 D/NuPlayer( 1870): onSetVideoSurface(0xeb5c4ba0, no video decoder)
06-15 21:46:07.743 D/GenericSource( 1870): FileSource remote
06-15 21:46:07.745 I/SampleTable( 1859): There are reordered frames present.
06-15 21:46:07.748 D/MediaBufferGroup( 1859): creating MemoryDealer
06-15 21:46:07.777 D/MediaPlayerNative( 8492): getMetadata
06-15 21:46:07.786 I/GenericSource( 1870): start
06-15 21:46:07.799 I/OMXClient( 1870): IOmx service obtained
06-15 21:46:07.800 I/OMXStore( 1880): makeComponentInstance(OMX.google.h264.decoder) in android.hardwar process
06-15 21:46:07.801 D/SurfaceUtils( 1870): disconnecting from surface 0xeb5c4ba8, reason onConfigure
06-15 21:46:07.802 I/OMXClient( 1870): IOmx service obtained
06-15 21:46:07.802 D/SurfaceUtils( 1870): connecting to surface 0xeb5c4ba8, reason connectToSurface
06-15 21:46:07.802 I/OMXStore( 1880): makeComponentInstance(OMX.google.aac.decoder) in android.hardwar process
06-15 21:46:07.803 I/MediaCodec( 1870): [OMX.google.h264.decoder] setting surface generation to 1914887
06-15 21:46:07.804 D/SurfaceUtils( 1870): disconnecting from surface 0xeb5c4ba8, reason connectToSurface(reconnect)
06-15 21:46:07.804 D/SurfaceUtils( 1870): connecting to surface 0xeb5c4ba8, reason connectToSurface(reconnect)
06-15 21:46:07.806 E/OMXNodeInstance( 1880): getExtensionIndex(0xf26015f0:google.h264.decoder, OMX.google.android.index.enableAndroidNativeBuffers) ERROR: UnsupportedIndex(0x8000101a)
06-15 21:46:07.806 E/OMXNodeInstance( 1880): setConfig(0xf2600860:google.aac.decoder, ConfigPriority(0x6f800002)) ERROR: Undefined(0x80001001)
06-15 21:46:07.806 I/ACodec  ( 1870): codec does not support config priority (err -2147483648)
06-15 21:46:07.806 E/OMXNodeInstance( 1880): getConfig(0xf2600860:google.aac.decoder, ConfigAndroidVendorExtension(0x6f100004)) ERROR: Undefined(0x80001001)
06-15 21:46:07.806 D/SoftAAC2( 1880): get OMX_IndexParamAudioAndroidAacDrcPresentation
06-15 21:46:07.806 E/ACodec  ( 1870): [OMX.google.h264.decoder] setPortMode on output to DynamicANWBuffer failed w/ err -1010
06-15 21:46:07.807 E/OMXNodeInstance( 1880): getParameter(0xf26015f0:google.h264.decoder, ??(0x6f600011)) ERROR: UnsupportedIndex(0x8000101a)
06-15 21:46:07.808 W/OMXNodeInstance( 1880): [0xf26015f0:google.h264.decoder] component does not support metadata mode; using fallback
06-15 21:46:07.809 I/MediaCodec( 1870): MediaCodec will operate in async mode
06-15 21:46:07.809 D/MediaCodec( 1870): keep callback message for reclaim
06-15 21:46:07.810 D/SoftVideoDecoderOMXComponent( 1880): Color Aspects preference: 1 
06-15 21:46:07.810 E/OMXNodeInstance( 1880): setConfig(0xf26015f0:google.h264.decoder, ConfigPriority(0x6f800002)) ERROR: UnsupportedIndex(0x8000101a)
06-15 21:46:07.810 I/ACodec  ( 1870): codec does not support config priority (err -1010)
06-15 21:46:07.811 E/OMXNodeInstance( 1880): setConfig(0xf26015f0:google.h264.decoder, ConfigOperatingRate(0x6f800003)) ERROR: UnsupportedIndex(0x8000101a)
06-15 21:46:07.811 I/ACodec  ( 1870): codec does not support config operating rate (err -1010)
06-15 21:46:07.811 E/OMXNodeInstance( 1880): getConfig(0xf26015f0:google.h264.decoder, ConfigAndroidVendorExtension(0x6f100004)) ERROR: UnsupportedIndex(0x8000101a)
06-15 21:46:07.814 E/OMXNodeInstance( 1880): getConfig(0xf26015f0:google.h264.decoder, ??(0x7f000003)) ERROR: UnsupportedSetting(0x80001019)
06-15 21:46:07.814 W/ByMatcher( 8437): Node returned null child: android.view.accessibility.AccessibilityNodeInfo@30e98; boundsInParent: Rect(0, 0 - 1920, 48); boundsInScreen: Rect(0, 0 - 1920, 48); packageName: com.android.systemui; className: android.widget.FrameLayout; text: null; error: null; maxTextLength: -1; stateDescription: null; contentDescription: null; tooltipText: null; viewIdResName: null; checkable: false; checked: false; focusable: false; focused: false; selected: false; clickable: false; longClickable: false; contextClickable: false; enabled: true; password: false; scrollable: false; importantForAccessibility: true; visible: true; actions: [AccessibilityAction: ACTION_SELECT - null, AccessibilityAction: ACTION_CLEAR_SELECTION - null, AccessibilityAction: ACTION_ACCESSIBILITY_FOCUS - null, AccessibilityAction: ACTION_SHOW_ON_SCREEN - null]
06-15 21:46:07.815 W/ByMatcher( 8437): Skipping null child (0 of 2)
06-15 21:46:07.819 W/ByMatcher( 8437): Skipping null child (1 of 2)
06-15 21:46:07.827 W/ByMatcher( 8437): Node returned null child: android.view.accessibility.AccessibilityNodeInfo@30e98; boundsInParent: Rect(0, 0 - 1920, 48); boundsInScreen: Rect(0, 0 - 1920, 48); packageName: com.android.systemui; className: android.widget.FrameLayout; text: null; error: null; maxTextLength: -1; stateDescription: null; contentDescription: null; tooltipText: null; viewIdResName: null; checkable: false; checked: false; focusable: false; focused: false; selected: false; clickable: false; longClickable: false; contextClickable: false; enabled: true; password: false; scrollable: false; importantForAccessibility: true; visible: true; actions: [AccessibilityAction: ACTION_SELECT - null, AccessibilityAction: ACTION_CLEAR_SELECTION - null, AccessibilityAction: ACTION_ACCESSIBILITY_FOCUS - null, AccessibilityAction: ACTION_SHOW_ON_SCREEN - null]
06-15 21:46:07.830 W/ByMatcher( 8437): Skipping null child (0 of 2)
06-15 21:46:07.834 I/MediaCodec( 1870): MediaCodec will operate in async mode
06-15 21:46:07.834 D/MediaCodec( 1870): keep callback message for reclaim
06-15 21:46:07.839 W/ByMatcher( 8437): Skipping null child (1 of 2)
06-15 21:46:07.839 I/SoftAAC2( 1880): Reconfiguring decoder: 0->44100 Hz, 0->1 channels
06-15 21:46:07.843 D/SoftAAC2( 1880): get OMX_IndexParamAudioAndroidAacDrcPresentation
06-15 21:46:07.848 W/ResourceManagerService( 1870): Ignoring request to add new resource entry with value <= 0
06-15 21:46:07.852 D/SoftVideoDecoderOMXComponent( 1880): Color Aspects preference: 1 
06-15 21:46:07.854 E/OMXNodeInstance( 1880): getConfig(0xf26015f0:google.h264.decoder, ??(0x7f000003)) ERROR: UnsupportedSetting(0x80001019)
06-15 21:46:07.866 D/MediaCodec( 1870): [OMX.google.h264.decoder] setting dataspace on output surface to #102
06-15 21:46:07.869 D/AudioFlinger( 1780): Client defaulted notificationFrames to 11286 for frameCount 22572
06-15 21:46:07.874 D/AF::TrackHandle( 1780): OpPlayAudio: track:62 usage:1 not muted
06-15 21:46:07.884 W/InputManager-JNI( 1965): Input channel object 'cc1e370 tech.gtt.frontapp.stb.demo/tech.gtt.frontapp.stb.m.home.activity.SplashActivity (client)' was disposed without first being removed with the input manager!
06-15 21:46:07.932 W/MediaPlayerNative( 8492): info/warning (3, 0)
06-15 21:46:07.932 D/gralloc_nox( 1771): gralloc_alloc: Creating ashmem region of size 589824
06-15 21:46:07.948 D/SoftwareRenderer( 1870): setting dataspace on output surface to #8000102
06-15 21:46:07.949 D/UiDevice( 8437): Searching for node with selector: BySelector [RES='\Qtech.gtt.frontapp.stb.demo:id/account_login_tv2\E'].
06-15 21:46:07.950 E/android.hardware.audio.service( 1760): pcm_open called create stream faild
06-15 21:46:07.954 W/QueryController( 8437): Could not detect idle state.
06-15 21:46:07.959 D/gralloc_nox( 1771): gralloc_alloc: Creating ashmem region of size 589824
06-15 21:46:07.972 D/gralloc_nox( 1771): gralloc_alloc: Creating ashmem region of size 589824
06-15 21:46:08.003 D/AudioFlinger( 1780): mixer(0x7476fcea3a60) throttle end: throttle time(40)
06-15 21:46:08.098 D/UiDevice( 8437): Searching for node with selector: BySelector [RES='\Qtech.gtt.frontapp.stb.demo:id/account_login_tv2\E'].
06-15 21:46:08.099 W/QueryController( 8437): Could not detect idle state.
06-15 21:46:08.205 D/UiDevice( 8437): Searching for node with selector: BySelector [RES='\Qtech.gtt.frontapp.stb.demo:id/account_login_tv2\E'].
06-15 21:46:08.221 W/QueryController( 8437): Could not detect idle state.
06-15 21:46:08.270 D/gralloc_nox( 1771): gralloc_alloc: Creating ashmem region of size 589824
06-15 21:46:08.279 D/AudioFlinger( 1780): mixer(0x7476fcea3a60) throttle end: throttle time(201)
06-15 21:46:08.338 D/UiDevice( 8437): Searching for node with selector: BySelector [RES='\Qtech.gtt.frontapp.stb.demo:id/account_login_tv2\E'].
06-15 21:46:08.339 W/QueryController( 8437): Could not detect idle state.
06-15 21:46:08.350 D/AudioFlinger( 1780): mixer(0x7476fcea3a60) throttle end: throttle time(39)
06-15 21:46:08.467 D/UiDevice( 8437): Searching for node with selector: BySelector [RES='\Qtech.gtt.frontapp.stb.demo:id/account_login_tv2\E'].
06-15 21:46:08.471 W/QueryController( 8437): Could not detect idle state.
06-15 21:46:08.590 D/UiDevice( 8437): Searching for node with selector: BySelector [RES='\Qtech.gtt.frontapp.stb.demo:id/account_login_tv2\E'].
06-15 21:46:08.594 W/QueryController( 8437): Could not detect idle state.
06-15 21:46:08.711 D/UiDevice( 8437): Searching for node with selector: BySelector [RES='\Qtech.gtt.frontapp.stb.demo:id/account_login_tv2\E'].
06-15 21:46:08.714 W/QueryController( 8437): Could not detect idle state.
06-15 21:46:08.736 I/keystore2( 1708): keystore2::watchdog: Watchdog thread idle -> terminating. Have a great day.
06-15 21:46:08.823 D/UiDevice( 8437): Searching for node with selector: BySelector [RES='\Qtech.gtt.frontapp.stb.demo:id/account_login_tv2\E'].
06-15 21:46:08.826 W/QueryController( 8437): Could not detect idle state.
06-15 21:46:08.951 D/UiDevice( 8437): Searching for node with selector: BySelector [RES='\Qtech.gtt.frontapp.stb.demo:id/account_login_tv2\E'].
06-15 21:46:08.953 W/QueryController( 8437): Could not detect idle state.
06-15 21:46:09.069 D/UiDevice( 8437): Searching for node with selector: BySelector [RES='\Qtech.gtt.frontapp.stb.demo:id/account_login_tv2\E'].
06-15 21:46:09.072 W/QueryController( 8437): Could not detect idle state.
06-15 21:46:09.211 D/UiDevice( 8437): Searching for node with selector: BySelector [RES='\Qtech.gtt.frontapp.stb.demo:id/account_login_tv2\E'].
06-15 21:46:09.212 W/QueryController( 8437): Could not detect idle state.
06-15 21:46:09.245 D/AudioFlinger( 1780): mixer(0x7476fcea3a60) throttle end: throttle time(8)
06-15 21:46:09.322 D/UiDevice( 8437): Searching for node with selector: BySelector [RES='\Qtech.gtt.frontapp.stb.demo:id/account_login_tv2\E'].
06-15 21:46:09.324 W/QueryController( 8437): Could not detect idle state.
06-15 21:46:09.438 D/UiDevice( 8437): Searching for node with selector: BySelector [RES='\Qtech.gtt.frontapp.stb.demo:id/account_login_tv2\E'].
06-15 21:46:09.439 W/QueryController( 8437): Could not detect idle state.
06-15 21:46:09.548 D/UiDevice( 8437): Searching for node with selector: BySelector [RES='\Qtech.gtt.frontapp.stb.demo:id/account_login_tv2\E'].
06-15 21:46:09.549 W/QueryController( 8437): Could not detect idle state.
06-15 21:46:09.658 D/UiDevice( 8437): Searching for node with selector: BySelector [RES='\Qtech.gtt.frontapp.stb.demo:id/account_login_tv2\E'].
06-15 21:46:09.659 W/QueryController( 8437): Could not detect idle state.
06-15 21:46:09.767 D/UiDevice( 8437): Searching for node with selector: BySelector [RES='\Qtech.gtt.frontapp.stb.demo:id/account_login_tv2\E'].
06-15 21:46:09.769 W/QueryController( 8437): Could not detect idle state.
06-15 21:46:09.884 D/UiDevice( 8437): Searching for node with selector: BySelector [RES='\Qtech.gtt.frontapp.stb.demo:id/account_login_tv2\E'].
06-15 21:46:09.885 W/QueryController( 8437): Could not detect idle state.
06-15 21:46:09.992 D/UiDevice( 8437): Searching for node with selector: BySelector [RES='\Qtech.gtt.frontapp.stb.demo:id/account_login_tv2\E'].
06-15 21:46:09.996 W/QueryController( 8437): Could not detect idle state.
06-15 21:46:10.104 D/UiDevice( 8437): Searching for node with selector: BySelector [RES='\Qtech.gtt.frontapp.stb.demo:id/account_login_tv2\E'].
06-15 21:46:10.107 W/QueryController( 8437): Could not detect idle state.
06-15 21:46:10.216 D/UiDevice( 8437): Searching for node with selector: BySelector [RES='\Qtech.gtt.frontapp.stb.demo:id/account_login_tv2\E'].
06-15 21:46:10.217 W/QueryController( 8437): Could not detect idle state.
06-15 21:46:10.320 D/UiDevice( 8437): Searching for node with selector: BySelector [RES='\Qtech.gtt.frontapp.stb.demo:id/account_login_tv2\E'].
06-15 21:46:10.321 W/QueryController( 8437): Could not detect idle state.
06-15 21:46:10.432 D/UiDevice( 8437): Searching for node with selector: BySelector [RES='\Qtech.gtt.frontapp.stb.demo:id/account_login_tv2\E'].
06-15 21:46:10.432 W/QueryController( 8437): Could not detect idle state.
06-15 21:46:10.536 D/UiDevice( 8437): Searching for node with selector: BySelector [RES='\Qtech.gtt.frontapp.stb.demo:id/account_login_tv2\E'].
06-15 21:46:10.537 W/QueryController( 8437): Could not detect idle state.
06-15 21:46:10.614 E/TaskPersister( 1965): File error accessing recents directory (directory doesn't exist?).
06-15 21:46:10.641 D/UiDevice( 8437): Searching for node with selector: BySelector [RES='\Qtech.gtt.frontapp.stb.demo:id/account_login_tv2\E'].
06-15 21:46:10.642 W/QueryController( 8437): Could not detect idle state.
06-15 21:46:10.752 D/UiDevice( 8437): Searching for node with selector: BySelector [RES='\Qtech.gtt.frontapp.stb.demo:id/account_login_tv2\E'].
06-15 21:46:10.753 W/QueryController( 8437): Could not detect idle state.
06-15 21:46:10.858 D/UiDevice( 8437): Searching for node with selector: BySelector [RES='\Qtech.gtt.frontapp.stb.demo:id/account_login_tv2\E'].
06-15 21:46:10.860 W/QueryController( 8437): Could not detect idle state.
06-15 21:46:10.967 D/UiDevice( 8437): Searching for node with selector: BySelector [RES='\Qtech.gtt.frontapp.stb.demo:id/account_login_tv2\E'].
06-15 21:46:10.967 W/QueryController( 8437): Could not detect idle state.
06-15 21:46:11.071 D/UiDevice( 8437): Searching for node with selector: BySelector [RES='\Qtech.gtt.frontapp.stb.demo:id/account_login_tv2\E'].
06-15 21:46:11.073 W/QueryController( 8437): Could not detect idle state.
06-15 21:46:11.183 D/UiDevice( 8437): Searching for node with selector: BySelector [RES='\Qtech.gtt.frontapp.stb.demo:id/account_login_tv2\E'].
06-15 21:46:11.184 W/QueryController( 8437): Could not detect idle state.
06-15 21:46:11.298 D/UiDevice( 8437): Searching for node with selector: BySelector [RES='\Qtech.gtt.frontapp.stb.demo:id/account_login_tv2\E'].
06-15 21:46:11.299 W/QueryController( 8437): Could not detect idle state.
06-15 21:46:11.405 D/UiDevice( 8437): Searching for node with selector: BySelector [RES='\Qtech.gtt.frontapp.stb.demo:id/account_login_tv2\E'].
06-15 21:46:11.405 W/QueryController( 8437): Could not detect idle state.
06-15 21:46:11.513 D/UiDevice( 8437): Searching for node with selector: BySelector [RES='\Qtech.gtt.frontapp.stb.demo:id/account_login_tv2\E'].
06-15 21:46:11.514 W/QueryController( 8437): Could not detect idle state.
06-15 21:46:11.617 D/UiDevice( 8437): Searching for node with selector: BySelector [RES='\Qtech.gtt.frontapp.stb.demo:id/account_login_tv2\E'].
06-15 21:46:11.618 W/QueryController( 8437): Could not detect idle state.
06-15 21:46:11.725 D/UiDevice( 8437): Searching for node with selector: BySelector [RES='\Qtech.gtt.frontapp.stb.demo:id/account_login_tv2\E'].
06-15 21:46:11.728 W/QueryController( 8437): Could not detect idle state.
06-15 21:46:11.735 D/AudioTrack( 1870): stop(14): called with 200704 frames delivered
06-15 21:46:11.839 D/UiDevice( 8437): Searching for node with selector: BySelector [RES='\Qtech.gtt.frontapp.stb.demo:id/account_login_tv2\E'].
06-15 21:46:11.841 W/QueryController( 8437): Could not detect idle state.
06-15 21:46:11.949 D/UiDevice( 8437): Searching for node with selector: BySelector [RES='\Qtech.gtt.frontapp.stb.demo:id/account_login_tv2\E'].
06-15 21:46:11.950 W/QueryController( 8437): Could not detect idle state.
06-15 21:46:12.053 D/UiDevice( 8437): Searching for node with selector: BySelector [RES='\Qtech.gtt.frontapp.stb.demo:id/account_login_tv2\E'].
06-15 21:46:12.054 W/QueryController( 8437): Could not detect idle state.
06-15 21:46:12.160 D/UiDevice( 8437): Searching for node with selector: BySelector [RES='\Qtech.gtt.frontapp.stb.demo:id/account_login_tv2\E'].
06-15 21:46:12.162 W/QueryController( 8437): Could not detect idle state.
06-15 21:46:12.267 D/UiDevice( 8437): Searching for node with selector: BySelector [RES='\Qtech.gtt.frontapp.stb.demo:id/account_login_tv2\E'].
06-15 21:46:12.267 W/QueryController( 8437): Could not detect idle state.
06-15 21:46:12.303 D/NuPlayerDriver( 1870): stop(0xf09c1cc0)
06-15 21:46:12.303 V/MediaPlayer( 8492): resetDrmState:  mDrmInfo=null mDrmProvisioningThread=null mPrepareDrmInProgress=false mActiveDrmScheme=false
06-15 21:46:12.303 V/MediaPlayer( 8492): cleanDrmObj: mDrmObj=null mDrmSessionId=null
06-15 21:46:12.303 D/NuPlayerDriver( 1870): reset(0xf09c1cc0) at state 8
06-15 21:46:12.307 D/SurfaceUtils( 1870): disconnecting from surface 0xeb5c4ba8, reason disconnectFromSurface
06-15 21:46:12.311 D/SurfaceUtils( 1870): connecting to surface 0xeb5c4ba8, reason onShutdown
06-15 21:46:12.317 D/NuPlayerDriver( 1870): notifyResetComplete(0xf09c1cc0)
06-15 21:46:12.317 D/SurfaceUtils( 1870): disconnecting from surface 0xeb5c3278, reason disconnectNativeWindow
06-15 21:46:12.318 W/AMessage( 1870): failed to post message as target looper for handler 0 is gone.
06-15 21:46:12.320 I/MediaFocusControl( 1965): abandonAudioFocus() from uid/pid 10058/8492 clientId=android.media.AudioManager@aa3217f
06-15 21:46:12.322 I/ActivityTaskManager( 1965): START u0 {cmp=tech.gtt.frontapp.stb.demo/tech.gtt.frontapp.stb.m.account.activity.LoginMethodSwitchActivity (has extras)} from uid 10058
06-15 21:46:12.324 D/CompatibilityChangeReporter( 1965): Compat change id reported: 174042980; UID 10058; state: DISABLED
06-15 21:46:12.327 D/CompatibilityChangeReporter( 1965): Compat change id reported: 184838306; UID 10058; state: DISABLED
06-15 21:46:12.330 D/CompatibilityChangeReporter( 1965): Compat change id reported: 185004937; UID 10058; state: DISABLED
06-15 21:46:12.331 D/CompatibilityChangeReporter( 1965): Compat change id reported: 181136395; UID 10058; state: DISABLED
06-15 21:46:12.331 D/CompatibilityChangeReporter( 1965): Compat change id reported: 174042936; UID 10058; state: DISABLED
06-15 21:46:12.332 D/CompatibilityChangeReporter( 1965): Compat change id reported: 197654537; UID 10058; state: ENABLED
06-15 21:46:12.334 D/CompatibilityChangeReporter( 1965): Compat change id reported: 168419799; UID 10058; state: DISABLED
06-15 21:46:12.337 I/MediaFocusControl( 1965): abandonAudioFocus() from uid/pid 10058/8492 clientId=android.media.AudioManager@aa3217f
06-15 21:46:12.337 W/MediaPlayer( 8492): mediaplayer went away with unhandled events
06-15 21:46:12.340 W/MediaPlayer( 8492): mediaplayer went away with unhandled events
06-15 21:46:12.349 W/ActivityTaskManager( 1965): Tried to set launchTime (0) < mLastActivityLaunchTime (2757989)
06-15 21:46:12.370 D/UiDevice( 8437): Searching for node with selector: BySelector [RES='\Qtech.gtt.frontapp.stb.demo:id/account_login_tv2\E'].
06-15 21:46:12.371 W/QueryController( 8437): Could not detect idle state.
06-15 21:46:12.373 D/AndroidAutoSize( 8492): tech.gtt.frontapp.stb.m.account.activity.LoginMethodSwitchActivity used the global configuration.
06-15 21:46:12.374 D/AndroidAutoSize( 8492): The tech.gtt.frontapp.stb.m.account.activity.LoginMethodSwitchActivity has been adapted! 
06-15 21:46:12.374 D/AndroidAutoSize( 8492): LoginMethodSwitchActivity Info: isBaseOnWidth = true, designWidthInDp = 1920.000000, designWidthInSubunits = 1920.000000, targetDensity = 1.000000, targetScaledDensity = 1.000000, targetDensityDpi = 160, targetXdpi = 1.000000, targetScreenWidthDp = 1920, targetScreenHeightDp = 1032
06-15 21:46:12.417 D/AndroidAutoSize( 8492): tech.gtt.frontapp.stb.m.account.activity.LoginMethodSwitchActivity used the global configuration.
06-15 21:46:12.418 D/AndroidAutoSize( 8492): The tech.gtt.frontapp.stb.m.account.activity.LoginMethodSwitchActivity has been adapted! 
06-15 21:46:12.418 D/AndroidAutoSize( 8492): LoginMethodSwitchActivity Info: isBaseOnWidth = true, designWidthInDp = 1920.000000, designWidthInSubunits = 1920.000000, targetDensity = 1.000000, targetScaledDensity = 1.000000, targetDensityDpi = 160, targetXdpi = 1.000000, targetScreenWidthDp = 1920, targetScreenHeightDp = 1032
06-15 21:46:12.426 W/WindowManager( 1965): Failed looking up window session=Session{a4ae8ed 8492:u0a10058} callers=com.android.server.wm.WindowManagerService.windowForClientLocked:5850 com.android.server.wm.Session.updateRequestedVisibilities:640 android.view.IWindowSession$Stub.onTransact:1175 
06-15 21:46:12.440 D/gralloc_nox( 1771): gralloc_alloc: Creating ashmem region of size 8298496
06-15 21:46:12.487 D/gralloc_nox( 1771): gralloc_alloc: Creating ashmem region of size 8298496
06-15 21:46:12.497 D/ProcessState( 8898): Binder ioctl to enable oneway spam detection failed: Invalid argument
06-15 21:46:12.536 D/UiDevice( 8437): Searching for node with selector: BySelector [RES='\Qtech.gtt.frontapp.stb.demo:id/account_login_tv2\E'].
06-15 21:46:12.537 W/QueryController( 8437): Could not detect idle state.
06-15 21:46:12.547 D/gralloc_nox( 1771): gralloc_alloc: Creating ashmem region of size 8298496
06-15 21:46:12.632 E/libEGL  ( 8492): called unimplemented OpenGL ES API
06-15 21:46:12.656 I/ActivityTaskManager( 1965): Displayed tech.gtt.frontapp.stb.demo/tech.gtt.frontapp.stb.m.account.activity.LoginMethodSwitchActivity: +330ms
06-15 21:46:12.793 D/UiDevice( 8437): Searching for node with selector: BySelector [RES='\Qtech.gtt.frontapp.stb.demo:id/account_login_tv2\E'].
06-15 21:46:12.798 W/QueryController( 8437): Could not detect idle state.
06-15 21:46:12.896 W/InputManager-JNI( 1965): Input channel object '2dfd654 tech.gtt.frontapp.stb.demo/tech.gtt.frontapp.stb.m.home.activity.LoadingActivity (client)' was disposed without first being removed with the input manager!
06-15 21:46:12.933 D/UIAutomatorStub( 8437): URI: /jsonrpc/0, Method: POST, params, {NanoHttpd.QUERY_STRING=null}, files: {postData={"jsonrpc": "2.0", "id": 1, "method": "objInfo", "params": [{"mask": 2097152, "childOrSibling": [], "childOrSiblingSelector": [], "resourceId": "tech.gtt.frontapp.stb.demo:id/account_login_tv2"}]}}
06-15 21:46:12.938 D/UiDevice( 8437): Retrieving node with selector: BySelector [RES='\Qtech.gtt.frontapp.stb.demo:id/account_login_tv2\E'].
06-15 21:46:12.939 W/QueryController( 8437): Could not detect idle state.
06-15 21:46:12.953 W/QueryController( 8437): Could not detect idle state.
06-15 21:46:12.958 W/QueryController( 8437): Could not detect idle state.
06-15 21:46:12.967 W/QueryController( 8437): Could not detect idle state.
06-15 21:46:12.972 W/QueryController( 8437): Could not detect idle state.
06-15 21:46:12.981 W/QueryController( 8437): Could not detect idle state.
06-15 21:46:12.988 W/QueryController( 8437): Could not detect idle state.
06-15 21:46:12.992 W/QueryController( 8437): Could not detect idle state.
06-15 21:46:13.003 W/QueryController( 8437): Could not detect idle state.
06-15 21:46:13.004 W/QueryController( 8437): Could not detect idle state.
06-15 21:46:13.005 W/QueryController( 8437): Could not detect idle state.
06-15 21:46:13.006 W/QueryController( 8437): Could not detect idle state.
06-15 21:46:13.008 W/QueryController( 8437): Could not detect idle state.
06-15 21:46:13.014 W/QueryController( 8437): Could not detect idle state.
06-15 21:46:13.015 W/QueryController( 8437): Could not detect idle state.
06-15 21:46:13.016 W/QueryController( 8437): Could not detect idle state.
06-15 21:46:13.017 W/QueryController( 8437): Could not detect idle state.
06-15 21:46:13.018 W/QueryController( 8437): Could not detect idle state.
06-15 21:46:13.027 D/UIAutomatorStub( 8437): URI: /jsonrpc/0, Method: POST, params, {NanoHttpd.QUERY_STRING=null}, files: {postData={"jsonrpc": "2.0", "id": 1, "method": "click", "params": [1390.0, 559.0]}}
06-15 21:46:13.152 I/ActivityTaskManager( 1965): START u0 {cmp=tech.gtt.frontapp.stb.demo/tech.gtt.frontapp.stb.m.account.activity.LoginActivity} from uid 10058
06-15 21:46:13.165 W/ActivityTaskManager( 1965): Tried to set launchTime (0) < mLastActivityLaunchTime (2763176)
06-15 21:46:13.188 D/AndroidAutoSize( 8492): tech.gtt.frontapp.stb.m.account.activity.LoginActivity used the global configuration.
06-15 21:46:13.188 D/AndroidAutoSize( 8492): The tech.gtt.frontapp.stb.m.account.activity.LoginActivity has been adapted! 
06-15 21:46:13.188 D/AndroidAutoSize( 8492): LoginActivity Info: isBaseOnWidth = true, designWidthInDp = 1920.000000, designWidthInSubunits = 1920.000000, targetDensity = 1.000000, targetScaledDensity = 1.000000, targetDensityDpi = 160, targetXdpi = 1.000000, targetScreenWidthDp = 1920, targetScreenHeightDp = 1032
06-15 21:46:13.192 D/UIAutomatorStub( 8437): URI: /jsonrpc/0, Method: POST, params, {NanoHttpd.QUERY_STRING=null}, files: {postData={"jsonrpc": "2.0", "id": 1, "method": "waitForExists", "params": [{"mask": 2097152, "childOrSibling": [], "childOrSiblingSelector": [], "resourceId": "tech.gtt.frontapp.stb.demo:id/loginf_et_username"}, 20000]}}
06-15 21:46:13.197 D/UiDevice( 8437): Waiting 20000ms for SearchCondition[hasObject=BySelector [RES='\Qtech.gtt.frontapp.stb.demo:id/loginf_et_username\E']].
06-15 21:46:13.197 D/UiDevice( 8437): Searching for node with selector: BySelector [RES='\Qtech.gtt.frontapp.stb.demo:id/loginf_et_username\E'].
06-15 21:46:13.198 W/QueryController( 8437): Could not detect idle state.
06-15 21:46:13.297 D/AndroidAutoSize( 8492): tech.gtt.frontapp.stb.m.account.activity.LoginActivity used the global configuration.
06-15 21:46:13.298 D/AndroidAutoSize( 8492): The tech.gtt.frontapp.stb.m.account.activity.LoginActivity has been adapted! 
06-15 21:46:13.298 D/AndroidAutoSize( 8492): LoginActivity Info: isBaseOnWidth = true, designWidthInDp = 1920.000000, designWidthInSubunits = 1920.000000, targetDensity = 1.000000, targetScaledDensity = 1.000000, targetDensityDpi = 160, targetXdpi = 1.000000, targetScreenWidthDp = 1920, targetScreenHeightDp = 1032
06-15 21:46:13.301 W/WindowManager( 1965): Failed looking up window session=Session{a4ae8ed 8492:u0a10058} callers=com.android.server.wm.WindowManagerService.windowForClientLocked:5850 com.android.server.wm.Session.updateRequestedVisibilities:640 android.view.IWindowSession$Stub.onTransact:1175 
06-15 21:46:13.331 D/gralloc_nox( 1771): gralloc_alloc: Creating ashmem region of size 8298496
06-15 21:46:13.367 D/gralloc_nox( 1771): gralloc_alloc: Creating ashmem region of size 8298496
06-15 21:46:13.389 D/ProcessState( 8912): Binder ioctl to enable oneway spam detection failed: Invalid argument
06-15 21:46:13.396 D/gralloc_nox( 1771): gralloc_alloc: Creating ashmem region of size 8298496
06-15 21:46:13.487 W/ByMatcher( 8437): Node returned null child: android.view.accessibility.AccessibilityNodeInfo@113d6; boundsInParent: Rect(0, 0 - 1920, 1080); boundsInScreen: Rect(0, 0 - 1920, 1080); packageName: tech.gtt.frontapp.stb.demo; className: android.widget.RelativeLayout; text: null; error: null; maxTextLength: -1; stateDescription: null; contentDescription: null; tooltipText: null; viewIdResName: null; checkable: false; checked: false; focusable: false; focused: false; selected: false; clickable: false; longClickable: false; contextClickable: false; enabled: true; password: false; scrollable: false; importantForAccessibility: false; visible: true; actions: [AccessibilityAction: ACTION_SELECT - null, AccessibilityAction: ACTION_CLEAR_SELECTION - null, AccessibilityAction: ACTION_ACCESSIBILITY_FOCUS - null, AccessibilityAction: ACTION_SHOW_ON_SCREEN - null]
06-15 21:46:13.488 W/ByMatcher( 8437): Skipping null child (2 of 3)
06-15 21:46:13.488 W/ByMatcher( 8437): Node returned null child: android.view.accessibility.AccessibilityNodeInfo@80006eaa; boundsInParent: Rect(0, 0 - 1920, 1080); boundsInScreen: Rect(0, 0 - 1920, 1080); packageName: tech.gtt.frontapp.stb.demo; className: android.widget.FrameLayout; text: null; error: null; maxTextLength: -1; stateDescription: null; contentDescription: null; tooltipText: null; viewIdResName: null; checkable: false; checked: false; focusable: false; focused: false; selected: false; clickable: false; longClickable: false; contextClickable: false; enabled: true; password: false; scrollable: false; importantForAccessibility: true; visible: true; actions: [AccessibilityAction: ACTION_SELECT - null, AccessibilityAction: ACTION_CLEAR_SELECTION - null, AccessibilityAction: ACTION_ACCESSIBILITY_FOCUS - null, AccessibilityAction: ACTION_SHOW_ON_SCREEN - null]
06-15 21:46:13.488 W/ByMatcher( 8437): Skipping null child (0 of 1)
06-15 21:46:13.492 I/ActivityTaskManager( 1965): Displayed tech.gtt.frontapp.stb.demo/tech.gtt.frontapp.stb.m.account.activity.LoginActivity: +338ms
06-15 21:46:13.590 D/UiDevice( 8437): Searching for node with selector: BySelector [RES='\Qtech.gtt.frontapp.stb.demo:id/loginf_et_username\E'].
06-15 21:46:13.592 W/QueryController( 8437): Could not detect idle state.
06-15 21:46:13.658 D/UIAutomatorStub( 8437): URI: /jsonrpc/0, Method: POST, params, {NanoHttpd.QUERY_STRING=null}, files: {postData={"jsonrpc": "2.0", "id": 1, "method": "objInfo", "params": [{"mask": 2097152, "childOrSibling": [], "childOrSiblingSelector": [], "resourceId": "tech.gtt.frontapp.stb.demo:id/loginf_et_username"}]}}
06-15 21:46:13.664 D/UiDevice( 8437): Retrieving node with selector: BySelector [RES='\Qtech.gtt.frontapp.stb.demo:id/loginf_et_username\E'].
06-15 21:46:13.667 W/QueryController( 8437): Could not detect idle state.
06-15 21:46:13.689 W/QueryController( 8437): Could not detect idle state.
06-15 21:46:13.700 W/QueryController( 8437): Could not detect idle state.
06-15 21:46:13.732 W/QueryController( 8437): Could not detect idle state.
06-15 21:46:13.737 W/QueryController( 8437): Could not detect idle state.
06-15 21:46:13.738 W/QueryController( 8437): Could not detect idle state.
06-15 21:46:13.738 W/QueryController( 8437): Could not detect idle state.
06-15 21:46:13.739 W/QueryController( 8437): Could not detect idle state.
06-15 21:46:13.740 W/QueryController( 8437): Could not detect idle state.
06-15 21:46:13.743 W/QueryController( 8437): Could not detect idle state.
06-15 21:46:13.744 W/QueryController( 8437): Could not detect idle state.
06-15 21:46:13.746 W/SurfaceFlinger( 1783): couldn't log to binary event log: overflow.
06-15 21:46:13.751 W/QueryController( 8437): Could not detect idle state.
06-15 21:46:13.753 W/QueryController( 8437): Could not detect idle state.
06-15 21:46:13.754 W/QueryController( 8437): Could not detect idle state.
06-15 21:46:13.755 W/QueryController( 8437): Could not detect idle state.
06-15 21:46:13.757 W/QueryController( 8437): Could not detect idle state.
06-15 21:46:13.763 W/QueryController( 8437): Could not detect idle state.
06-15 21:46:13.765 W/QueryController( 8437): Could not detect idle state.
06-15 21:46:13.777 D/UIAutomatorStub( 8437): URI: /jsonrpc/0, Method: POST, params, {NanoHttpd.QUERY_STRING=null}, files: {postData={"jsonrpc": "2.0", "id": 1, "method": "click", "params": [1057.0, 437.0]}}
06-15 21:46:13.906 D/CompatibilityChangeReporter( 8492): Compat change id reported: 163400105; UID 10058; state: ENABLED
06-15 21:46:13.907 D/InputMethodManager( 8492): showSoftInput() view=tech.gtt.frontapp.stb.c.ui.edittext.EmailAutoCompleteTextView{75892af VFED..CL. .F.P..ID 0,0-700,92 #7f0b02ce app:id/loginf_et_username aid=1073741824} flags=0 reason=SHOW_SOFT_INPUT
06-15 21:46:13.908 V/InputMethodService( 2965): onEvaluateInputViewShown: config.hardKeyboardHidden = 2
06-15 21:46:13.909 V/InputMethodService( 2965): onEvaluateInputViewShown: config.hardKeyboardHidden = 2
06-15 21:46:13.909 I/AdbKeyboard( 2965): imeAction: 5 Next
06-15 21:46:13.923 D/gralloc_nox( 1771): gralloc_alloc: Creating ashmem region of size 647168
06-15 21:46:13.946 D/gralloc_nox( 1771): gralloc_alloc: Creating ashmem region of size 647168
06-15 21:46:13.951 D/gralloc_nox( 1771): gralloc_alloc: Creating ashmem region of size 647168
06-15 21:46:13.970 D/ProcessState( 8920): Binder ioctl to enable oneway spam detection failed: Invalid argument
06-15 21:46:13.976 D/InsetsController( 8492): show(ime(), fromIme=true)
06-15 21:46:13.986 D/UIAutomatorStub( 8437): URI: /jsonrpc/0, Method: POST, params, {NanoHttpd.QUERY_STRING=null}, files: {postData={"jsonrpc": "2.0", "id": 1, "method": "waitForExists", "params": [{"mask": 2097152, "childOrSibling": [], "childOrSiblingSelector": [], "resourceId": "tech.gtt.frontapp.stb.demo:id/loginf_et_username"}, 20000]}}
06-15 21:46:13.989 D/UiDevice( 8437): Waiting 20000ms for SearchCondition[hasObject=BySelector [RES='\Qtech.gtt.frontapp.stb.demo:id/loginf_et_username\E']].
06-15 21:46:13.989 D/UiDevice( 8437): Searching for node with selector: BySelector [RES='\Qtech.gtt.frontapp.stb.demo:id/loginf_et_username\E'].
06-15 21:46:13.990 W/QueryController( 8437): Could not detect idle state.
06-15 21:46:14.034 D/UIAutomatorStub( 8437): URI: /jsonrpc/0, Method: POST, params, {NanoHttpd.QUERY_STRING=null}, files: {postData={"jsonrpc": "2.0", "id": 1, "method": "setText", "params": [{"mask": 2097152, "childOrSibling": [], "childOrSiblingSelector": [], "resourceId": "tech.gtt.frontapp.stb.demo:id/loginf_et_username"}, "0609@ipwangxin.cn"]}}
06-15 21:46:14.036 D/UiDevice( 8437): Retrieving node with selector: BySelector [RES='\Qtech.gtt.frontapp.stb.demo:id/loginf_et_username\E'].
06-15 21:46:14.037 W/QueryController( 8437): Could not detect idle state.
06-15 21:46:14.040 W/QueryController( 8437): Could not detect idle state.
06-15 21:46:14.051 D/UiObject2( 8437): Clicking on (1057, 437).
06-15 21:46:14.084 D/InputMethodManager( 8492): showSoftInput() view=tech.gtt.frontapp.stb.c.ui.edittext.EmailAutoCompleteTextView{75892af VFED..CL. .F.P.... 0,0-700,92 #7f0b02ce app:id/loginf_et_username aid=1073741824} flags=0 reason=SHOW_SOFT_INPUT
06-15 21:46:14.087 V/InputMethodService( 2965): onEvaluateInputViewShown: config.hardKeyboardHidden = 2
06-15 21:46:14.087 V/InputMethodService( 2965): onEvaluateInputViewShown: config.hardKeyboardHidden = 2
06-15 21:46:14.106 D/InsetsController( 8492): show(ime(), fromIme=true)
06-15 21:46:14.112 W/GestureController( 8437): Gestures took longer than expected (58ms >> 16ms), device might be in a busy state.
06-15 21:46:14.113 D/UiDevice( 8437): Retrieving node with selector: BySelector [RES='\Qtech.gtt.frontapp.stb.demo:id/loginf_et_username\E'].
06-15 21:46:14.116 W/QueryController( 8437): Could not detect idle state.
06-15 21:46:14.132 W/QueryController( 8437): Could not detect idle state.
06-15 21:46:14.134 D/UiObject2( 8437): Setting text to '0609@ipwangxin.cn'.
06-15 21:46:14.138 I/AdbKeyboard( 2965): imeAction: 5 Next
06-15 21:46:14.139 V/InputMethodService( 2965): onEvaluateInputViewShown: config.hardKeyboardHidden = 2
06-15 21:46:14.139 V/InputMethodService( 2965): onEvaluateInputViewShown: config.hardKeyboardHidden = 2
06-15 21:46:14.201 D/InsetsController( 8492): show(ime(), fromIme=true)
06-15 21:46:14.229 D/UIAutomatorStub( 8437): URI: /jsonrpc/0, Method: POST, params, {NanoHttpd.QUERY_STRING=null}, files: {postData={"jsonrpc": "2.0", "id": 1, "method": "waitForExists", "params": [{"mask": 2097152, "childOrSibling": [], "childOrSiblingSelector": [], "resourceId": "tech.gtt.frontapp.stb.demo:id/et_pwd"}, 20000]}}
06-15 21:46:14.233 D/UiDevice( 8437): Waiting 20000ms for SearchCondition[hasObject=BySelector [RES='\Qtech.gtt.frontapp.stb.demo:id/et_pwd\E']].
06-15 21:46:14.235 D/UiDevice( 8437): Searching for node with selector: BySelector [RES='\Qtech.gtt.frontapp.stb.demo:id/et_pwd\E'].
06-15 21:46:14.235 W/QueryController( 8437): Could not detect idle state.
06-15 21:46:14.243 W/NotificationHistory( 1965): Attempted to add notif for locked/gone/disabled user 0
06-15 21:46:14.260 D/InterruptionStateProvider( 2130): No bubble up: not allowed to bubble: -1|android|8|null|1000
06-15 21:46:14.263 D/InterruptionStateProvider( 2130): No heads up: unimportant notification: -1|android|8|null|1000
06-15 21:46:14.264 D/PeopleSpaceWidgetMgr( 2130): Sbn doesn't contain valid PeopleTileKey: null/-1/android
06-15 21:46:14.266 D/UIAutomatorStub( 8437): URI: /jsonrpc/0, Method: POST, params, {NanoHttpd.QUERY_STRING=null}, files: {postData={"jsonrpc": "2.0", "id": 1, "method": "objInfo", "params": [{"mask": 2097152, "childOrSibling": [], "childOrSiblingSelector": [], "resourceId": "tech.gtt.frontapp.stb.demo:id/et_pwd"}]}}
06-15 21:46:14.267 D/UiDevice( 8437): Retrieving node with selector: BySelector [RES='\Qtech.gtt.frontapp.stb.demo:id/et_pwd\E'].
06-15 21:46:14.268 W/QueryController( 8437): Could not detect idle state.
06-15 21:46:14.273 W/QueryController( 8437): Could not detect idle state.
06-15 21:46:14.278 W/QueryController( 8437): Could not detect idle state.
06-15 21:46:14.279 W/QueryController( 8437): Could not detect idle state.
06-15 21:46:14.280 W/QueryController( 8437): Could not detect idle state.
06-15 21:46:14.281 W/QueryController( 8437): Could not detect idle state.
06-15 21:46:14.281 W/QueryController( 8437): Could not detect idle state.
06-15 21:46:14.282 W/QueryController( 8437): Could not detect idle state.
06-15 21:46:14.283 W/QueryController( 8437): Could not detect idle state.
06-15 21:46:14.288 W/QueryController( 8437): Could not detect idle state.
06-15 21:46:14.289 W/QueryController( 8437): Could not detect idle state.
06-15 21:46:14.292 W/QueryController( 8437): Could not detect idle state.
06-15 21:46:14.296 W/QueryController( 8437): Could not detect idle state.
06-15 21:46:14.298 W/QueryController( 8437): Could not detect idle state.
06-15 21:46:14.299 W/QueryController( 8437): Could not detect idle state.
06-15 21:46:14.301 W/QueryController( 8437): Could not detect idle state.
06-15 21:46:14.303 W/QueryController( 8437): Could not detect idle state.
06-15 21:46:14.304 W/QueryController( 8437): Could not detect idle state.
06-15 21:46:14.332 D/UIAutomatorStub( 8437): URI: /jsonrpc/0, Method: POST, params, {NanoHttpd.QUERY_STRING=null}, files: {postData={"jsonrpc": "2.0", "id": 1, "method": "click", "params": [1057.0, 559.0]}}
06-15 21:46:14.346 D/InterruptionStateProvider( 2130): No bubble up: not allowed to bubble: -1|android|8|null|1000
06-15 21:46:14.347 D/InterruptionStateProvider( 2130): No heads up: unimportant notification: -1|android|8|null|1000
06-15 21:46:14.354 D/PeopleSpaceWidgetMgr( 2130): Sbn doesn't contain valid PeopleTileKey: null/-1/android
06-15 21:46:14.369 D/InterruptionStateProvider( 2130): No bubble up: not allowed to bubble: -1|android|8|null|1000
06-15 21:46:14.369 D/InterruptionStateProvider( 2130): No heads up: unimportant notification: -1|android|8|null|1000
06-15 21:46:14.372 D/PeopleSpaceWidgetMgr( 2130): Sbn doesn't contain valid PeopleTileKey: null/-1/android
06-15 21:46:14.467 I/AdbKeyboard( 2965): imeAction: 5 Next
06-15 21:46:14.467 V/InputMethodService( 2965): onEvaluateInputViewShown: config.hardKeyboardHidden = 2
06-15 21:46:14.467 V/InputMethodService( 2965): onEvaluateInputViewShown: config.hardKeyboardHidden = 2
06-15 21:46:14.470 D/InputMethodManager( 8492): showSoftInput() view=tech.gtt.frontapp.stb.c.ui.edittext.NormalFocusEditText{c8341c1 VFED..CL. .F.P..ID 0,0-700,92 #7f0b0172 app:id/et_pwd aid=1073741826} flags=0 reason=SHOW_SOFT_INPUT
06-15 21:46:14.471 V/InputMethodService( 2965): onEvaluateInputViewShown: config.hardKeyboardHidden = 2
06-15 21:46:14.472 V/InputMethodService( 2965): onEvaluateInputViewShown: config.hardKeyboardHidden = 2
06-15 21:46:14.480 D/InsetsController( 8492): show(ime(), fromIme=true)
06-15 21:46:14.481 D/InsetsController( 8492): show(ime(), fromIme=true)
06-15 21:46:14.517 D/UIAutomatorStub( 8437): URI: /jsonrpc/0, Method: POST, params, {NanoHttpd.QUERY_STRING=null}, files: {postData={"jsonrpc": "2.0", "id": 1, "method": "waitForExists", "params": [{"mask": 2097152, "childOrSibling": [], "childOrSiblingSelector": [], "resourceId": "tech.gtt.frontapp.stb.demo:id/et_pwd"}, 20000]}}
06-15 21:46:14.521 D/UiDevice( 8437): Waiting 20000ms for SearchCondition[hasObject=BySelector [RES='\Qtech.gtt.frontapp.stb.demo:id/et_pwd\E']].
06-15 21:46:14.522 D/UiDevice( 8437): Searching for node with selector: BySelector [RES='\Qtech.gtt.frontapp.stb.demo:id/et_pwd\E'].
06-15 21:46:14.523 W/QueryController( 8437): Could not detect idle state.
06-15 21:46:14.563 D/UIAutomatorStub( 8437): URI: /jsonrpc/0, Method: POST, params, {NanoHttpd.QUERY_STRING=null}, files: {postData={"jsonrpc": "2.0", "id": 1, "method": "setText", "params": [{"mask": 2097152, "childOrSibling": [], "childOrSiblingSelector": [], "resourceId": "tech.gtt.frontapp.stb.demo:id/et_pwd"}, "123456"]}}
06-15 21:46:14.564 D/UiDevice( 8437): Retrieving node with selector: BySelector [RES='\Qtech.gtt.frontapp.stb.demo:id/et_pwd\E'].
06-15 21:46:14.565 W/QueryController( 8437): Could not detect idle state.
06-15 21:46:14.570 W/QueryController( 8437): Could not detect idle state.
06-15 21:46:14.572 D/UiObject2( 8437): Clicking on (1057, 559).
06-15 21:46:14.596 D/InputMethodManager( 8492): showSoftInput() view=tech.gtt.frontapp.stb.c.ui.edittext.NormalFocusEditText{c8341c1 VFED..CL. .F.P.... 0,0-700,92 #7f0b0172 app:id/et_pwd aid=1073741826} flags=0 reason=SHOW_SOFT_INPUT
06-15 21:46:14.596 V/InputMethodService( 2965): onEvaluateInputViewShown: config.hardKeyboardHidden = 2
06-15 21:46:14.596 V/InputMethodService( 2965): onEvaluateInputViewShown: config.hardKeyboardHidden = 2
06-15 21:46:14.600 D/InsetsController( 8492): show(ime(), fromIme=true)
06-15 21:46:14.605 W/GestureController( 8437): Gestures took longer than expected (33ms >> 16ms), device might be in a busy state.
06-15 21:46:14.605 D/UiDevice( 8437): Retrieving node with selector: BySelector [RES='\Qtech.gtt.frontapp.stb.demo:id/et_pwd\E'].
06-15 21:46:14.606 W/QueryController( 8437): Could not detect idle state.
06-15 21:46:14.612 W/QueryController( 8437): Could not detect idle state.
06-15 21:46:14.614 D/UiObject2( 8437): Setting text to '123456'.
06-15 21:46:14.618 I/AdbKeyboard( 2965): imeAction: 5 Next
06-15 21:46:14.618 V/InputMethodService( 2965): onEvaluateInputViewShown: config.hardKeyboardHidden = 2
06-15 21:46:14.618 V/InputMethodService( 2965): onEvaluateInputViewShown: config.hardKeyboardHidden = 2
06-15 21:46:14.637 D/InsetsController( 8492): show(ime(), fromIme=true)
06-15 21:46:14.647 D/ProcessState( 8933): Binder ioctl to enable oneway spam detection failed: Invalid argument
06-15 21:46:14.669 D/ProcessState( 8936): Binder ioctl to enable oneway spam detection failed: Invalid argument
06-15 21:46:14.682 D/InterruptionStateProvider( 2130): No bubble up: not allowed to bubble: -1|android|8|null|1000
06-15 21:46:14.683 D/InterruptionStateProvider( 2130): No heads up: unimportant notification: -1|android|8|null|1000
06-15 21:46:14.684 D/UIAutomatorStub( 8437): URI: /jsonrpc/0, Method: POST, params, {NanoHttpd.QUERY_STRING=null}, files: {postData={"jsonrpc": "2.0", "id": 1, "method": "click", "params": [1105, 764]}}
06-15 21:46:14.687 D/PeopleSpaceWidgetMgr( 2130): Sbn doesn't contain valid PeopleTileKey: null/-1/android
06-15 21:46:14.715 D/InterruptionStateProvider( 2130): No bubble up: not allowed to bubble: -1|android|8|null|1000
06-15 21:46:14.715 D/InterruptionStateProvider( 2130): No heads up: unimportant notification: -1|android|8|null|1000
06-15 21:46:14.718 D/PeopleSpaceWidgetMgr( 2130): Sbn doesn't contain valid PeopleTileKey: null/-1/android
06-15 21:46:14.807 V/GSK-Account:AccountManager( 8492): disableSavePwd=false
06-15 21:46:14.813 V/GSK-Account:EmailOrPhoneLoginStrategy( 8492): disableSavePwd=false
06-15 21:46:14.836 D/UIAutomatorStub( 8437): URI: /jsonrpc/0, Method: POST, params, {NanoHttpd.QUERY_STRING=null}, files: {postData={"jsonrpc": "2.0", "id": 1, "method": "exist", "params": [{"mask": 2097152, "childOrSibling": [], "childOrSiblingSelector": [], "resourceId": "tech.gtt.frontapp.stb.demo:id/imageView"}]}}
06-15 21:46:14.839 D/UiDevice( 8437): Retrieving node with selector: BySelector [RES='\Qtech.gtt.frontapp.stb.demo:id/imageView\E'].
06-15 21:46:14.841 W/QueryController( 8437): Could not detect idle state.
06-15 21:46:14.847 D/InterruptionStateProvider( 2130): No bubble up: not allowed to bubble: -1|android|8|null|1000
06-15 21:46:14.848 D/InterruptionStateProvider( 2130): No heads up: unimportant notification: -1|android|8|null|1000
06-15 21:46:14.853 E/ActivityThread( 8492): Failed to find provider info for com.uv.droid.uotaback.storage.provider
06-15 21:46:14.854 E/ActivityThread( 8492): Failed to find provider info for com.uv.droid.booster.vod.provider
06-15 21:46:14.854 E/ontapp.stb.dem( 8492): No implementation found for java.lang.String os.SystemPropertiesKt.native_get(java.lang.String) (tried Java_os_SystemPropertiesKt_native_1get and Java_os_SystemPropertiesKt_native_1get__Ljava_lang_String_2)
06-15 21:46:14.854 D/PeopleSpaceWidgetMgr( 2130): Sbn doesn't contain valid PeopleTileKey: null/-1/android
06-15 21:46:14.855 V/GSK-Account:AccountManager( 8492): isLoggedIn=false
06-15 21:46:14.856 V/GSK-APIS( 8492): =======================NEW REQUEST=========================
06-15 21:46:14.856 V/GSK-APIS( 8492): Request:	/api/enduser/account/user/login/v1	POST
06-15 21:46:14.856 V/GSK-APIS( 8492): RequestIdentify:	c538b12b
06-15 21:46:14.856 V/GSK-APIS( 8492): 
06-15 21:46:14.856 V/GSK-APIS( 8492): RequestHeaders in a readable format:
06-15 21:46:14.856 V/GSK-APIS( 8492): X-App-Id: db589110cb7457cd607739664dc44e61c217d77681427dacfe2f262f1927cd8f
06-15 21:46:14.856 V/GSK-APIS( 8492): X-Source-Id: 30006401-31002837
06-15 21:46:14.856 V/GSK-APIS( 8492): X-Version-Code: 7
