--------- beginning of main
06-15 21:42:50.390 D/ProcessState( 7786): Binder ioctl to enable oneway spam detection failed: Invalid argument
--------- beginning of system
06-15 21:42:50.393 I/ActivityManager( 1965): Force stopping tech.gtt.frontapp.stb.demo appid=10058 user=0: clear data
06-15 21:42:50.394 I/ActivityManager( 1965): Force stopping tech.gtt.frontapp.stb.demo appid=10058 user=-1: clearApplicationUserData
06-15 21:42:50.416 I/MediaProvider( 2579): Begin Intent { act=android.intent.action.PACKAGE_DATA_CLEARED dat=package:tech.gtt.frontapp.stb.demo flg=0x1000010 cmp=com.android.providers.media.module/com.android.providers.media.MediaService (has extras) }
06-15 21:42:50.416 D/MediaProvider( 2579): Deleted 0 Android/media items belonging to tech.gtt.frontapp.stb.demo on /data/user/0/com.android.providers.media.module/databases/external.db
06-15 21:42:50.416 I/MediaProvider( 2579): End Intent { act=android.intent.action.PACKAGE_DATA_CLEARED dat=package:tech.gtt.frontapp.stb.demo flg=0x1000010 cmp=com.android.providers.media.module/com.android.providers.media.MediaService (has extras) }
06-15 21:42:50.473 D/AndroidRuntime( 7800): >>>>>> START com.android.internal.os.RuntimeInit uid 0 <<<<<<
06-15 21:42:50.478 I/AndroidRuntime( 7800): Using default boot image
06-15 21:42:50.478 I/AndroidRuntime( 7800): Leaving lock profiling enabled
06-15 21:42:50.479 W/app_process( 7800): ART APEX data files are untrusted.
06-15 21:42:50.479 I/app_process( 7800): Core platform API reporting enabled, enforcing=false
06-15 21:42:50.516 D/app_process( 7800): Time zone APEX ICU file found: /apex/com.android.tzdata/etc/icu/icu_tzdata.dat
06-15 21:42:50.516 D/app_process( 7800): I18n APEX ICU file found: /apex/com.android.i18n/etc/icu/icudt68l.dat
06-15 21:42:50.519 W/app_process( 7800): Unexpected CPU variant for X86 using defaults: x86_64
06-15 21:42:50.533 D/ProcessState( 7800): Binder ioctl to enable oneway spam detection failed: Invalid argument
06-15 21:42:50.533 D/AndroidRuntime( 7800): Calling main entry com.android.commands.monkey.Monkey
06-15 21:42:50.533 W/Monkey  ( 7800): args: [-p, tech.gtt.frontapp.stb.demo, -c, android.intent.category.LAUNCHER, 1]
06-15 21:42:50.534 W/Monkey  ( 7800):  arg: "-p"
06-15 21:42:50.534 W/Monkey  ( 7800):  arg: "tech.gtt.frontapp.stb.demo"
06-15 21:42:50.534 W/Monkey  ( 7800):  arg: "-c"
06-15 21:42:50.534 W/Monkey  ( 7800):  arg: "android.intent.category.LAUNCHER"
06-15 21:42:50.534 W/Monkey  ( 7800):  arg: "1"
06-15 21:42:50.534 W/Monkey  ( 7800): data="tech.gtt.frontapp.stb.demo"
06-15 21:42:50.534 W/Monkey  ( 7800): data="android.intent.category.LAUNCHER"
06-15 21:42:50.565 W/BroadcastQueue( 1965): Skipping deliver [background] BroadcastRecord{ac19d22 u-1 android.net.conn.CONNECTIVITY_CHANGE} to ReceiverList{c9c73b3 7800 (unknown name)/0/u-1 remote:d1c9504}: process gone or crashing
06-15 21:42:50.571 I/ActivityTaskManager( 1965): START u0 {act=android.intent.action.MAIN cat=[android.intent.category.LAUNCHER] flg=0x10200000 cmp=tech.gtt.frontapp.stb.demo/tech.gtt.frontapp.stb.m.home.activity.SplashActivity} from uid 0
06-15 21:42:50.573 W/ActivityTaskManager( 1965): Can't find TaskDisplayArea to determine support for multi window. Task id=44 attached=false
06-15 21:42:50.587 I/Monkey  ( 7800): Events injected: 1
06-15 21:42:50.599 D/CompatibilityChangeReporter( 1965): Compat change id reported: 135634846; UID 10058; state: DISABLED
06-15 21:42:50.601 I/Monkey  ( 7800): ## Network stats: elapsed time=20ms (0ms mobile, 0ms wifi, 20ms not connected)
06-15 21:42:50.603 D/CompatibilityChangeReporter( 1965): Compat change id reported: 143937733; UID 10058; state: ENABLED
06-15 21:42:50.614 D/gralloc_nox( 1771): gralloc_alloc: Creating ashmem region of size 8298496
06-15 21:42:50.636 D/Zygote  ( 1754): Forked child process 7815
06-15 21:42:50.637 I/app_process( 7800): System.exit called, status: 0
06-15 21:42:50.637 I/AndroidRuntime( 7800): VM exiting with result code 0.
06-15 21:42:50.645 I/ActivityManager( 1965): Start proc 7815:tech.gtt.frontapp.stb.demo/u0a58 for pre-top-activity {tech.gtt.frontapp.stb.demo/tech.gtt.frontapp.stb.m.home.activity.SplashActivity}
06-15 21:42:50.652 I/Zygote  ( 7815): seccomp disabled by setenforce 0
06-15 21:42:50.662 W/ontapp.stb.dem( 7815): Unexpected CPU variant for X86 using defaults: x86_64
06-15 21:42:50.673 D/ProcessState( 7815): Binder ioctl to enable oneway spam detection failed: Invalid argument
06-15 21:42:50.674 D/gralloc_nox( 1771): gralloc_alloc: Creating ashmem region of size 8298496
06-15 21:42:50.677 W/System  ( 2130): A resource failed to call close. 
06-15 21:42:50.677 W/System  ( 2130): A resource failed to call release. 
06-15 21:42:50.696 E/ashmem  ( 7815): memfd: ro.vndk.version not defined or invalid (), this is mandated since P.
06-15 21:42:50.710 D/CompatibilityChangeReporter( 7815): Compat change id reported: 171979766; UID 10058; state: ENABLED
06-15 21:42:50.731 D/gralloc_nox( 1771): gralloc_alloc: Creating ashmem region of size 8298496
06-15 21:42:50.762 V/GraphicsEnvironment( 7815): ANGLE Developer option for 'tech.gtt.frontapp.stb.demo' set to: 'default'
06-15 21:42:50.763 V/GraphicsEnvironment( 7815): ANGLE GameManagerService for tech.gtt.frontapp.stb.demo: false
06-15 21:42:50.764 V/GraphicsEnvironment( 7815): Neither updatable production driver nor prerelease driver is supported.
06-15 21:42:50.771 D/NetworkSecurityConfig( 7815): Using Network Security Config from resource network_security_config debugBuild: false
06-15 21:42:50.775 D/NetworkSecurityConfig( 7815): Using Network Security Config from resource network_security_config debugBuild: false
06-15 21:42:50.783 I/MultiDex( 7815): VM with version 2.1.0 has multidex support
06-15 21:42:50.783 I/MultiDex( 7815): Installing application
06-15 21:42:50.783 I/MultiDex( 7815): VM has multidex support, MultiDex support library is disabled.
06-15 21:42:50.783 E/[Package]( 7815): params: AppConfiguration(vnoId='11026504', brandId='d0k7d3p3kdikth2o3q6g', appId='d0jucrbq6bt4h33c0ma0', sourceId='30006401-31002837', authServers='https://gtt-app-apigateway-lion.vdemosit.com', shareKey='S2kQMgUSugYyMlk5QclHDaF0uDsFnB0oJoFeAFgsKb8=', packageName='tech.gtt.frontapp.stb.demo', appName='Goose TV', appVersionName='v1.0.0', appVersionCode='7', pluginVersionCode='1', pluginVersionName='6.0.0-beta-build5', packageSeq='1', buglyAppId='d76a04165f', buglyKey='13b89b2d-1c12-4c4f-93b8-46e3c2ef9f73', baseVersionCode='20000066', gitTag='2.1.4-beta6', supportLang='en,pt,es', defaultLang='en', bootLoadType='1')
06-15 21:42:50.783 W/System.err( 7815): java.lang.ClassNotFoundException: tech.gtt.frontapp.stb.docker.plugin.PluginUtils
06-15 21:42:50.784 W/System.err( 7815): 	at java.lang.Class.classForName(Native Method)
06-15 21:42:50.784 W/System.err( 7815): 	at java.lang.Class.forName(Class.java:454)
06-15 21:42:50.784 W/System.err( 7815): 	at java.lang.Class.forName(Class.java:379)
06-15 21:42:50.784 W/System.err( 7815): 	at ot.e.b(SourceFile:3)
06-15 21:42:50.784 W/System.err( 7815): 	at tech.gtt.frontapp.stb.app.MainApplication.attachBaseContext(SourceFile:130)
06-15 21:42:50.784 W/System.err( 7815): 	at android.app.Application.attach(Application.java:338)
06-15 21:42:50.784 W/System.err( 7815): 	at android.app.Instrumentation.newApplication(Instrumentation.java:1190)
06-15 21:42:50.784 W/System.err( 7815): 	at android.app.LoadedApk.makeApplication(LoadedApk.java:1361)
06-15 21:42:50.784 W/System.err( 7815): 	at android.app.ActivityThread.handleBindApplication(ActivityThread.java:6728)
06-15 21:42:50.784 W/System.err( 7815): 	at android.app.ActivityThread.access$1500(ActivityThread.java:256)
06-15 21:42:50.784 W/System.err( 7815): 	at android.app.ActivityThread$H.handleMessage(ActivityThread.java:2091)
06-15 21:42:50.784 W/System.err( 7815): 	at android.os.Handler.dispatchMessage(Handler.java:106)
06-15 21:42:50.784 W/System.err( 7815): 	at android.os.Looper.loopOnce(Looper.java:201)
06-15 21:42:50.784 W/System.err( 7815): 	at android.os.Looper.loop(Looper.java:288)
06-15 21:42:50.784 W/System.err( 7815): 	at android.app.ActivityThread.main(ActivityThread.java:7875)
06-15 21:42:50.784 W/System.err( 7815): 	at java.lang.reflect.Method.invoke(Native Method)
06-15 21:42:50.784 W/System.err( 7815): 	at com.android.internal.os.RuntimeInit$MethodAndArgsCaller.run(RuntimeInit.java:568)
06-15 21:42:50.784 W/System.err( 7815): 	at com.android.internal.os.ZygoteInit.main(ZygoteInit.java:1005)
06-15 21:42:50.784 W/System.err( 7815): Caused by: java.lang.ClassNotFoundException: tech.gtt.frontapp.stb.docker.plugin.PluginUtils
06-15 21:42:50.785 W/System.err( 7815): 	... 18 more
06-15 21:42:50.785 E/[Package]( 7815): isInPluginMode: false
06-15 21:42:50.787 I/CustomActivityOnCrash( 7815): CustomActivityOnCrash has been installed.
06-15 21:42:50.790 I/System.out( 7815): Modular_Init : a - initialize
06-15 21:42:50.790 D/[ReplayInitialize]( 7815): init---
06-15 21:42:50.792 I/System.out( 7815): Modular_Init : a - initialize
06-15 21:42:50.794 I/System.out( 7815): Modular_Init : d - initialize
06-15 21:42:50.795 I/System.out( 7815): Modular_Init : a - initialize
06-15 21:42:50.795 I/System.out( 7815): Modular_Init : a - initialize
06-15 21:42:50.795 D/[LiveInitialize]( 7815): init---
06-15 21:42:50.797 I/System.out( 7815): Modular_Init : a - initialize
06-15 21:42:50.797 D/[CatchupInitModule]( 7815): init---
06-15 21:42:50.797 I/System.out( 7815): Modular_Init : b - initialize
06-15 21:42:50.799 D/AndroidAutoSize( 7815): designWidthInDp = 1920, designHeightInDp = 1080, screenWidth = 1920, screenHeight = 1080
06-15 21:42:50.799 D/AndroidAutoSize( 7815): initDensity = 2.0, initScaledDensity = 2.0
06-15 21:42:50.880 D/AndroidAutoSize( 7815): tech.gtt.frontapp.stb.m.home.activity.SplashActivity used the global configuration.
06-15 21:42:50.898 D/AndroidAutoSize( 7815): The tech.gtt.frontapp.stb.m.home.activity.SplashActivity has been adapted! 
06-15 21:42:50.898 D/AndroidAutoSize( 7815): SplashActivity Info: isBaseOnWidth = true, designWidthInDp = 1920.000000, designWidthInSubunits = 1920.000000, targetDensity = 1.000000, targetScaledDensity = 1.000000, targetDensityDpi = 160, targetXdpi = 1.000000, targetScreenWidthDp = 1920, targetScreenHeightDp = 1032
06-15 21:42:50.981 D/AndroidAutoSize( 7815): tech.gtt.frontapp.stb.m.home.activity.SplashActivity used the global configuration.
06-15 21:42:50.981 D/AndroidAutoSize( 7815): The tech.gtt.frontapp.stb.m.home.activity.SplashActivity has been adapted! 
06-15 21:42:50.981 D/AndroidAutoSize( 7815): SplashActivity Info: isBaseOnWidth = true, designWidthInDp = 1920.000000, designWidthInSubunits = 1920.000000, targetDensity = 1.000000, targetScaledDensity = 1.000000, targetDensityDpi = 160, targetXdpi = 1.000000, targetScreenWidthDp = 1920, targetScreenHeightDp = 1032
06-15 21:42:50.986 I/ActivityTaskManager( 1965): START u0 {act=android.content.pm.action.REQUEST_PERMISSIONS pkg=com.android.permissioncontroller cmp=com.android.permissioncontroller/.permission.ui.GrantPermissionsActivity (has extras)} from uid 10058
06-15 21:42:51.015 D/ontapp.stb.dem( 7815): createUnique: call
06-15 21:42:51.027 D/ontapp.stb.dem( 7815): HostComposition ext GL_OES_EGL_image GL_OES_EGL_image_external GL_OES_depth24 GL_OES_depth32 GL_OES_element_index_uint GL_OES_texture_float GL_OES_texture_float_linear GL_OES_compressed_paletted_texture GL_OES_compressed_ETC1_RGB8_texture GL_OES_depth_texture GL_EXT_texture_format_BGRA8888 GL_APPLE_texture_format_BGRA8888 GL_OES_texture_half_float GL_EXT_robustness GL_OES_texture_half_float_linear GL_OES_packed_depth_stencil GL_OES_vertex_half_float GL_OES_texture_npot GL_OES_rgb8_rgba8 GL_EXT_color_buffer_float GL_EXT_texture_sRGB_decode ANDROID_gles_max_version_3_1 GL_OES_vertex_array_object GL_EXT_texture_buffer GL_EXT_copy_image GL_KHR_texture_compression_astc_ldr GL_KHR_texture_compression_astc_hdr GL_OES_texture_compression_astc GL_OES_EGL_image_external
06-15 21:42:51.030 D/hw-ProcessState( 7815): Binder ioctl to enable oneway spam detection failed: Invalid argument
06-15 21:42:51.032 W/OpenGLRenderer( 7815): Failed to initialize 101010-2 format, error = EGL_SUCCESS
06-15 21:42:51.032 D/EGL_emulation( 7815): rcCreateContext wated version 2.0  rc:4
06-15 21:42:51.049 D/EGL_emulation( 7815): eglMakeCurrent: 0x713a04917810: ver 3 2 (tinfo 0x713984924cf0) (first time)
06-15 21:42:51.051 E/HWComposer( 1783): getSupportedContentTypes: getSupportedContentTypes failed for display 0: Unsupported (8)
06-15 21:42:51.052 I/hwservicemanager( 1565): getTransport: Cannot find entry android.hardware.graphics.mapper@4.0::IMapper/default in either framework or device VINTF manifest.
06-15 21:42:51.052 I/Gralloc4( 7815): mapper 4.x is not supported
06-15 21:42:51.052 I/hwservicemanager( 1565): getTransport: Cannot find entry android.hardware.graphics.mapper@3.0::IMapper/default in either framework or device VINTF manifest.
06-15 21:42:51.052 W/Gralloc3( 7815): mapper 3.x is not supported
06-15 21:42:51.053 I/hwservicemanager( 1565): getTransport: Cannot find entry android.hardware.graphics.allocator@4.0::IAllocator/default in either framework or device VINTF manifest.
06-15 21:42:51.053 W/Gralloc4( 7815): allocator 4.x is not supported
06-15 21:42:51.053 I/hwservicemanager( 1565): getTransport: Cannot find entry android.hardware.graphics.allocator@3.0::IAllocator/default in either framework or device VINTF manifest.
06-15 21:42:51.053 W/Gralloc3( 7815): allocator 3.x is not supported
06-15 21:42:51.054 D/gralloc_nox( 1771): gralloc_alloc: Creating ashmem region of size 8298496
06-15 21:42:51.055 D/ProcessState( 7850): Binder ioctl to enable oneway spam detection failed: Invalid argument
06-15 21:42:51.087 D/ontapp.stb.dem( 7815): createUnique: call
06-15 21:42:51.087 D/ontapp.stb.dem( 7815): HostComposition ext GL_OES_EGL_image GL_OES_EGL_image_external GL_OES_depth24 GL_OES_depth32 GL_OES_element_index_uint GL_OES_texture_float GL_OES_texture_float_linear GL_OES_compressed_paletted_texture GL_OES_compressed_ETC1_RGB8_texture GL_OES_depth_texture GL_EXT_texture_format_BGRA8888 GL_APPLE_texture_format_BGRA8888 GL_OES_texture_half_float GL_EXT_robustness GL_OES_texture_half_float_linear GL_OES_packed_depth_stencil GL_OES_vertex_half_float GL_OES_texture_npot GL_OES_rgb8_rgba8 GL_EXT_color_buffer_float GL_EXT_texture_sRGB_decode ANDROID_gles_max_version_3_1 GL_OES_vertex_array_object GL_EXT_texture_buffer GL_EXT_copy_image GL_KHR_texture_compression_astc_ldr GL_KHR_texture_compression_astc_hdr GL_OES_texture_compression_astc GL_OES_EGL_image_external
06-15 21:42:51.088 D/gralloc_nox( 1771): gralloc_alloc: Creating ashmem region of size 8298496
06-15 21:42:51.140 D/gralloc_nox( 1771): gralloc_alloc: Creating ashmem region of size 8298496
06-15 21:42:51.207 E/libEGL  ( 7815): called unimplemented OpenGL ES API
06-15 21:42:51.266 W/ActivityTaskManager( 1965): Tried to set launchTime (0) < mLastActivityLaunchTime (2305483)
06-15 21:42:51.604 W/InputManager-JNI( 1965): Input channel object '40f809c Splash Screen tech.gtt.frontapp.stb.demo (client)' was disposed without first being removed with the input manager!
06-15 21:42:51.686 D/ProcessState( 7862): Binder ioctl to enable oneway spam detection failed: Invalid argument
06-15 21:42:51.702 I/ActivityTaskManager( 1965): Displayed com.android.permissioncontroller/.permission.ui.GrantPermissionsActivity: +1s116ms
06-15 21:42:51.816 D/gralloc_nox( 1771): gralloc_alloc: Creating ashmem region of size 5496832
06-15 21:42:51.931 D/gralloc_nox( 1771): gralloc_alloc: Creating ashmem region of size 5496832
06-15 21:42:52.135 D/gralloc_nox( 1771): gralloc_alloc: Creating ashmem region of size 5496832
06-15 21:42:53.577 I/system_server( 1965): Background concurrent copying GC freed 166074(7488KB) AllocSpace objects, 51(1712KB) LOS objects, 49% free, 10050KB/19MB, paused 1.388ms,171us total 157.939ms
06-15 21:42:53.588 W/System  ( 1965): A resource failed to call release. 
06-15 21:42:53.589 E/TaskPersister( 1965): File error accessing recents directory (directory doesn't exist?).
06-15 21:42:53.592 W/System  ( 1965): A resource failed to call close. 
06-15 21:42:53.672 D/UIAutomatorStub( 7760): URI: /jsonrpc/0, Method: POST, params, {NanoHttpd.QUERY_STRING=null}, files: {postData={"jsonrpc": "2.0", "id": 1, "method": "count", "params": [{"mask": 2097152, "childOrSibling": [], "childOrSiblingSelector": [], "resourceId": "com.android.permissioncontroller:id/permission_allow_button"}]}}
06-15 21:42:53.751 D/UiObject( 7760): Waiting 0ms for UiSelector[RESOURCE_ID=com.android.permissioncontroller:id/permission_allow_button].
06-15 21:42:53.754 W/QueryController( 7760): Could not detect idle state.
06-15 21:42:53.782 I/QueryController( 7760): Matched selector: UiSelector[RESOURCE_ID=com.android.permissioncontroller:id/permission_allow_button] <<==>> [android.view.accessibility.AccessibilityNodeInfo@1f4e7; boundsInParent: Rect(0, 0 - 992, 112); boundsInScreen: Rect(464, 557 - 1456, 669); packageName: com.android.permissioncontroller; className: android.widget.Button; text: 允许; error: null; maxTextLength: -1; stateDescription: null; contentDescription: null; tooltipText: null; viewIdResName: com.android.permissioncontroller:id/permission_allow_button; checkable: false; checked: false; focusable: true; focused: false; selected: false; clickable: true; longClickable: false; contextClickable: false; enabled: true; password: false; scrollable: false; importantForAccessibility: true; visible: true; actions: [AccessibilityAction: ACTION_FOCUS - null, AccessibilityAction: ACTION_SELECT - null, AccessibilityAction: ACTION_CLEAR_SELECTION - null, AccessibilityAction: ACTION_CLICK - null, AccessibilityAction: ACTION_ACCESSIBILITY_FOCUS - null, AccessibilityAction: ACTION_NEXT_AT_MOVEMENT_GRANULARITY - null, AccessibilityAction: ACTION_PREVIOUS_AT_MOVEMENT_GRANULARITY - null, AccessibilityAction: ACTION_SET_SELECTION - null, AccessibilityAction: ACTION_SHOW_ON_SCREEN - null]]
06-15 21:42:53.788 D/UiObject( 7760): Waiting 0ms for UiSelector[INSTANCE=1, RESOURCE_ID=com.android.permissioncontroller:id/permission_allow_button].
06-15 21:42:53.790 W/QueryController( 7760): Could not detect idle state.
06-15 21:42:53.844 D/UIAutomatorStub( 7760): URI: /jsonrpc/0, Method: POST, params, {NanoHttpd.QUERY_STRING=null}, files: {postData={"jsonrpc": "2.0", "id": 1, "method": "waitForExists", "params": [{"mask": 2097152, "childOrSibling": [], "childOrSiblingSelector": [], "resourceId": "com.android.permissioncontroller:id/permission_allow_button"}, 20000]}}
06-15 21:42:53.851 D/UiDevice( 7760): Waiting 20000ms for SearchCondition[hasObject=BySelector [RES='\Qcom.android.permissioncontroller:id/permission_allow_button\E']].
06-15 21:42:53.851 D/UiDevice( 7760): Searching for node with selector: BySelector [RES='\Qcom.android.permissioncontroller:id/permission_allow_button\E'].
06-15 21:42:53.852 W/QueryController( 7760): Could not detect idle state.
06-15 21:42:53.946 D/UIAutomatorStub( 7760): URI: /jsonrpc/0, Method: POST, params, {NanoHttpd.QUERY_STRING=null}, files: {postData={"jsonrpc": "2.0", "id": 1, "method": "objInfo", "params": [{"mask": 2097152, "childOrSibling": [], "childOrSiblingSelector": [], "resourceId": "com.android.permissioncontroller:id/permission_allow_button"}]}}
06-15 21:42:53.949 D/UiDevice( 7760): Retrieving node with selector: BySelector [RES='\Qcom.android.permissioncontroller:id/permission_allow_button\E'].
06-15 21:42:53.951 W/QueryController( 7760): Could not detect idle state.
06-15 21:42:53.977 W/QueryController( 7760): Could not detect idle state.
06-15 21:42:53.978 W/QueryController( 7760): Could not detect idle state.
06-15 21:42:53.979 W/QueryController( 7760): Could not detect idle state.
06-15 21:42:53.982 W/QueryController( 7760): Could not detect idle state.
06-15 21:42:53.986 W/QueryController( 7760): Could not detect idle state.
06-15 21:42:53.994 W/QueryController( 7760): Could not detect idle state.
06-15 21:42:53.998 W/QueryController( 7760): Could not detect idle state.
06-15 21:42:54.003 W/QueryController( 7760): Could not detect idle state.
06-15 21:42:54.006 W/QueryController( 7760): Could not detect idle state.
06-15 21:42:54.009 W/QueryController( 7760): Could not detect idle state.
06-15 21:42:54.010 W/QueryController( 7760): Could not detect idle state.
06-15 21:42:54.011 W/QueryController( 7760): Could not detect idle state.
06-15 21:42:54.011 W/QueryController( 7760): Could not detect idle state.
06-15 21:42:54.012 W/QueryController( 7760): Could not detect idle state.
06-15 21:42:54.014 W/QueryController( 7760): Could not detect idle state.
06-15 21:42:54.019 W/QueryController( 7760): Could not detect idle state.
06-15 21:42:54.022 W/QueryController( 7760): Could not detect idle state.
06-15 21:42:54.046 D/UIAutomatorStub( 7760): URI: /jsonrpc/0, Method: POST, params, {NanoHttpd.QUERY_STRING=null}, files: {postData={"jsonrpc": "2.0", "id": 1, "method": "click", "params": [960.0, 613.0]}}
06-15 21:42:54.344 V/GrantPermissionsViewModel( 5803): Logged buttons presented and clicked permissionGroupName=android.permission-group.STORAGE uid=10058 selectedLocations=0 package=tech.gtt.frontapp.stb.demo presentedButtons=9 clickedButton=1 sessionId=572417716356399052 targetSdk=35
06-15 21:42:54.353 I/MediaProvider( 2579): Invalidating LocalCallingIdentity cache for package tech.gtt.frontapp.stb.demo. Reason: op android:read_external_storage
06-15 21:42:54.355 V/GrantPermissionsViewModel( 5803): Permission grant result requestId=572417716356399052 callingUid=10058 callingPackage=tech.gtt.frontapp.stb.demo permission=android.permission.READ_EXTERNAL_STORAGE isImplicit=false result=4
06-15 21:42:54.363 D/gralloc_nox( 1771): gralloc_alloc: Creating ashmem region of size 8298496
06-15 21:42:54.393 E/android.hardware.audio.service( 1760): pcm_open called create stream faild
06-15 21:42:54.706 D/CompatibilityChangeReporter( 7815): Compat change id reported: 78294732; UID 10058; state: ENABLED
06-15 21:42:54.710 I/b       ( 7815): freeSpace : 116665MB
06-15 21:42:54.783 D/ProcessState( 7877): Binder ioctl to enable oneway spam detection failed: Invalid argument
06-15 21:42:54.949 D/ConnectivityService( 1965): NetReassign [no changes]
06-15 21:42:54.967 V/GSK     ( 7815): StorageServiceImpl initialization() executed in 1 ms.
06-15 21:42:54.967 V/GSK     ( 7815): SecurityServiceImpl initialization() executed in 0 ms.
06-15 21:42:55.101 W/System.err( 7815): SLF4J(W): No SLF4J providers were found.
06-15 21:42:55.101 W/System.err( 7815): SLF4J(W): Defaulting to no-operation (NOP) logger implementation
06-15 21:42:55.101 W/System.err( 7815): SLF4J(W): See https://www.slf4j.org/codes.html#noProviders for further details.
06-15 21:42:55.189 W/System.err( 7815): kotlinx.serialization.json.internal.JsonDecodingException: Expected start of the object '{', but had 'EOF' instead at path: $
06-15 21:42:55.189 W/System.err( 7815): JSON input: 
06-15 21:42:55.189 W/System.err( 7815): 	at kotlinx.serialization.json.internal.JsonExceptionsKt.JsonDecodingException(SourceFile:1)
06-15 21:42:55.189 W/System.err( 7815): 	at kotlinx.serialization.json.internal.JsonExceptionsKt.JsonDecodingException(SourceFile:2)
06-15 21:42:55.189 W/System.err( 7815): 	at kotlinx.serialization.json.internal.AbstractJsonLexer.fail(SourceFile:52)
06-15 21:42:55.189 W/System.err( 7815): 	at kotlinx.serialization.json.internal.AbstractJsonLexer.fail$default(SourceFile:15)
06-15 21:42:55.189 W/System.err( 7815): 	at kotlinx.serialization.json.internal.AbstractJsonLexer.unexpectedToken(SourceFile:103)
06-15 21:42:55.189 W/System.err( 7815): 	at kotlinx.serialization.json.internal.StringJsonLexer.consumeNextToken(SourceFile:16)
06-15 21:42:55.189 W/System.err( 7815): 	at kotlinx.serialization.json.internal.StreamingJsonDecoder.beginStructure(SourceFile:23)
06-15 21:42:55.189 W/System.err( 7815): 	at tech.gtt.frontapp.servicesdk.common.service.utility.apis.e2ee.E2eeConfigResponse$$serializer.deserialize(SourceFile:2)
06-15 21:42:55.189 W/System.err( 7815): 	at tech.gtt.frontapp.servicesdk.common.service.utility.apis.e2ee.E2eeConfigResponse$$serializer.deserialize(SourceFile:1)
06-15 21:42:55.189 W/System.err( 7815): 	at kotlinx.serialization.json.internal.StreamingJsonDecoder.decodeSerializableValue(SourceFile:320)
06-15 21:42:55.189 W/System.err( 7815): 	at kotlinx.serialization.json.Json.decodeFromString(SourceFile:3)
06-15 21:42:55.189 W/System.err( 7815): 	at tech.gtt.frontapp.servicesdk.common.service.utility.apis.e2ee.E2eeManager.syncE2eeConfig(SourceFile:74)
06-15 21:42:55.189 W/System.err( 7815): 	at tech.gtt.frontapp.servicesdk.common.service.utility.apis.ApiUtilServiceImpl.onServiceInit(SourceFile:228)
06-15 21:42:55.189 W/System.err( 7815): 	at tech.gtt.frontapp.servicesdk.common.core.ServiceSDKImpl.executeServiceInitialize(SourceFile:372)
06-15 21:42:55.189 W/System.err( 7815): 	at tech.gtt.frontapp.servicesdk.common.core.ServiceSDKImpl.access$executeServiceInitialize(SourceFile:1)
06-15 21:42:55.189 W/System.err( 7815): 	at tech.gtt.frontapp.servicesdk.common.core.ServiceSDKImpl$init$1.invokeSuspend(SourceFile:178)
06-15 21:42:55.189 W/System.err( 7815): 	at tech.gtt.frontapp.servicesdk.common.core.ServiceSDKImpl$init$1.invoke(SourceFile:2)
06-15 21:42:55.190 W/System.err( 7815): 	at tech.gtt.frontapp.servicesdk.common.core.ServiceSDKImpl$init$1.invoke(SourceFile:1)
06-15 21:42:55.190 W/System.err( 7815): 	at kotlinx.coroutines.flow.SafeFlow.collectSafely(SourceFile:3)
06-15 21:42:55.190 W/System.err( 7815): 	at kotlinx.coroutines.flow.AbstractFlow.collect(SourceFile:70)
06-15 21:42:55.190 W/System.err( 7815): 	at tech.gtt.frontapp.servicesdk.common.core.SDKSetup$build$1.invokeSuspend(SourceFile:42)
06-15 21:42:55.190 W/System.err( 7815): 	at tech.gtt.frontapp.servicesdk.common.core.SDKSetup$build$1.invoke(SourceFile:2)
06-15 21:42:55.190 W/System.err( 7815): 	at tech.gtt.frontapp.servicesdk.common.core.SDKSetup$build$1.invoke(SourceFile:1)
06-15 21:42:55.190 W/System.err( 7815): 	at tech.gtt.frontapp.servicesdk.common.core.Scheduler$scheduleDirect$1.invokeSuspend(SourceFile:61)
06-15 21:42:55.190 W/System.err( 7815): 	at lh.a.resumeWith(SourceFile:14)
06-15 21:42:55.190 W/System.err( 7815): 	at kotlinx.coroutines.DispatchedTask.run(SourceFile:123)
06-15 21:42:55.190 W/System.err( 7815): 	at kotlinx.coroutines.internal.LimitedDispatcher$Worker.run(SourceFile:4)
06-15 21:42:55.190 W/System.err( 7815): 	at kotlinx.coroutines.scheduling.TaskImpl.run(SourceFile:3)
06-15 21:42:55.190 W/System.err( 7815): 	at kotlinx.coroutines.scheduling.CoroutineScheduler.runSafely(SourceFile:1)
06-15 21:42:55.190 W/System.err( 7815): 	at kotlinx.coroutines.scheduling.CoroutineScheduler$Worker.executeTask(SourceFile:34)
06-15 21:42:55.190 W/System.err( 7815): 	at kotlinx.coroutines.scheduling.CoroutineScheduler$Worker.runWorker(SourceFile:29)
06-15 21:42:55.190 W/System.err( 7815): 	at kotlinx.coroutines.scheduling.CoroutineScheduler$Worker.run(SourceFile:1)
06-15 21:42:55.204 W/System.err( 7815): java.io.FileNotFoundException: sys/class/sunxi_info/sys_info: open failed: ENOENT (No such file or directory)
06-15 21:42:55.205 W/System.err( 7815): 	at libcore.io.IoBridge.open(IoBridge.java:575)
06-15 21:42:55.205 W/System.err( 7815): 	at java.io.FileInputStream.<init>(FileInputStream.java:160)
06-15 21:42:55.205 W/System.err( 7815): 	at java.io.FileInputStream.<init>(FileInputStream.java:115)
06-15 21:42:55.205 W/System.err( 7815): 	at ip.b.b(SourceFile:5)
06-15 21:42:55.205 W/System.err( 7815): 	at ip.b.a(SourceFile:155)
06-15 21:42:55.205 W/System.err( 7815): 	at ip.a.invoke(SourceFile:589)
06-15 21:42:55.205 W/System.err( 7815): 	at dh.v.getValue(SourceFile:21)
06-15 21:42:55.205 W/System.err( 7815): 	at tech.gtt.frontapp.servicesdk.common.network.interceptor.params.ApiDeviceParams.handleFixedParams(SourceFile:52)
06-15 21:42:55.205 W/System.err( 7815): 	at tech.gtt.frontapp.servicesdk.common.service.utility.apis.IParamsGetter.toMaps(SourceFile:87)
06-15 21:42:55.205 W/System.err( 7815): 	at tech.gtt.frontapp.servicesdk.common.network.interceptor.DefaultParamsInterceptor.onRequest(SourceFile:127)
06-15 21:42:55.205 W/System.err( 7815): 	at tech.gtt.frontapp.servicesdk.common.network.interceptor.SDKInterceptorsPluginKt$setupRequestInterception$1.invokeSuspend(SourceFile:103)
06-15 21:42:55.205 W/System.err( 7815): 	at tech.gtt.frontapp.servicesdk.common.network.interceptor.SDKInterceptorsPluginKt$setupRequestInterception$1.invoke(SourceFile:1)
06-15 21:42:55.205 W/System.err( 7815): 	at tech.gtt.frontapp.servicesdk.common.network.interceptor.SDKInterceptorsPluginKt$setupRequestInterception$1.invoke(SourceFile:2)
06-15 21:42:55.205 W/System.err( 7815): 	at io.ktor.util.pipeline.DebugPipelineContext.proceedLoop(SourceFile:86)
06-15 21:42:55.205 W/System.err( 7815): 	at io.ktor.util.pipeline.DebugPipelineContext.proceed(SourceFile:26)
06-15 21:42:55.205 W/System.err( 7815): 	at io.ktor.client.plugins.RequestError$install$1.invokeSuspend(SourceFile:47)
06-15 21:42:55.205 W/System.err( 7815): 	at io.ktor.client.plugins.RequestError$install$1.invoke(SourceFile:1)
06-15 21:42:55.205 W/System.err( 7815): 	at io.ktor.client.plugins.RequestError$install$1.invoke(SourceFile:2)
06-15 21:42:55.205 W/System.err( 7815): 	at io.ktor.util.pipeline.DebugPipelineContext.proceedLoop(SourceFile:86)
06-15 21:42:55.205 W/System.err( 7815): 	at io.ktor.util.pipeline.DebugPipelineContext.proceed(SourceFile:26)
06-15 21:42:55.205 W/System.err( 7815): 	at io.ktor.client.plugins.SetupRequestContext$install$1.invokeSuspend$proceed(SourceFile:1)
06-15 21:42:55.205 W/System.err( 7815): 	at io.ktor.client.plugins.SetupRequestContext$install$1.access$invokeSuspend$proceed(SourceFile:1)
06-15 21:42:55.205 W/System.err( 7815): 	at io.ktor.client.plugins.SetupRequestContext$install$1$1.invoke(SourceFile:2)
06-15 21:42:55.205 W/System.err( 7815): 	at io.ktor.client.plugins.SetupRequestContext$install$1$1.invoke(SourceFile:1)
06-15 21:42:55.205 W/System.err( 7815): 	at io.ktor.client.plugins.HttpRequestLifecycleKt$HttpRequestLifecycle$1$1.invokeSuspend(SourceFile:78)
06-15 21:42:55.205 W/System.err( 7815): 	at io.ktor.client.plugins.HttpRequestLifecycleKt$HttpRequestLifecycle$1$1.invoke(SourceFile:1)
06-15 21:42:55.205 W/System.err( 7815): 	at io.ktor.client.plugins.HttpRequestLifecycleKt$HttpRequestLifecycle$1$1.invoke(SourceFile:2)
06-15 21:42:55.205 W/System.err( 7815): 	at io.ktor.client.plugins.SetupRequestContext$install$1.invokeSuspend(SourceFile:42)
06-15 21:42:55.205 W/System.err( 7815): 	at io.ktor.client.plugins.SetupRequestContext$install$1.invoke(SourceFile:1)
06-15 21:42:55.205 W/System.err( 7815): 	at io.ktor.client.plugins.SetupRequestContext$install$1.invoke(SourceFile:2)
06-15 21:42:55.205 W/System.err( 7815): 	at io.ktor.util.pipeline.DebugPipelineContext.proceedLoop(SourceFile:86)
06-15 21:42:55.205 W/System.err( 7815): 	at io.ktor.util.pipeline.DebugPipelineContext.proceed(SourceFile:26)
06-15 21:42:55.205 W/System.err( 7815): 	at io.ktor.util.pipeline.DebugPipelineContext.execute$ktor_utils(SourceFile:7)
06-15 21:42:55.205 W/System.err( 7815): 	at io.ktor.util.pipeline.Pipeline.execute(SourceFile:9)
06-15 21:42:55.205 W/System.err( 7815): 	at io.ktor.client.HttpClient.execute$ktor_client_core(SourceFile:68)
06-15 21:42:55.205 W/System.err( 7815): 	at io.ktor.client.statement.HttpStatement.fetchResponse(SourceFile:90)
06-15 21:42:55.205 W/System.err( 7815): 	at io.ktor.client.statement.HttpStatement.execute(SourceFile:9)
06-15 21:42:55.205 W/System.err( 7815): 	at de.jensklingenberg.ktorfit.internal.KtorfitConverterHelper.suspendRequest(SourceFile:127)
06-15 21:42:55.205 W/System.err( 7815): 	at de.jensklingenberg.ktorfit.internal.KtorfitConverterHelper$request$1$1.invokeSuspend(SourceFile:58)
06-15 21:42:55.205 W/System.err( 7815): 	at de.jensklingenberg.ktorfit.internal.KtorfitConverterHelper$request$1$1.invoke(SourceFile:2)
06-15 21:42:55.205 W/System.err( 7815): 	at de.jensklingenberg.ktorfit.internal.KtorfitConverterHelper$request$1$1.invoke(SourceFile:1)
06-15 21:42:55.205 W/System.err( 7815): 	at de.jensklingenberg.ktorfit.converter.FlowConverterFactory$responseConverter$1$convert$1.invokeSuspend(SourceFile:84)
06-15 21:42:55.205 W/System.err( 7815): 	at de.jensklingenberg.ktorfit.converter.FlowConverterFactory$responseConverter$1$convert$1.invoke(SourceFile:2)
06-15 21:42:55.205 W/System.err( 7815): 	at de.jensklingenberg.ktorfit.converter.FlowConverterFactory$responseConverter$1$convert$1.invoke(SourceFile:1)
06-15 21:42:55.205 W/System.err( 7815): 	at kotlinx.coroutines.flow.SafeFlow.collectSafely(SourceFile:3)
06-15 21:42:55.205 W/System.err( 7815): 	at kotlinx.coroutines.flow.AbstractFlow.collect(SourceFile:70)
06-15 21:42:55.205 W/System.err( 7815): 	at kotlinx.coroutines.flow.FlowKt__MergeKt$flatMapConcat$$inlined$map$1.collect(SourceFile:10)
06-15 21:42:55.205 W/System.err( 7815): 	at kotlinx.coroutines.flow.FlowKt__MergeKt$flattenConcat$$inlined$unsafeFlow$1.collect(SourceFile:8)
06-15 21:42:55.205 W/System.err( 7815): 	at kotlinx.coroutines.flow.FlowKt__CollectKt.collect(SourceFile:1)
06-15 21:42:55.205 W/System.err( 7815): 	at kotlinx.coroutines.flow.FlowKt.collect(SourceFile:1)
06-15 21:42:55.205 W/System.err( 7815): 	at tech.gtt.frontapp.servicesdk.common.service.utility.apis.ApiUtilServiceImpl.onServiceInit(SourceFile:240)
06-15 21:42:55.205 W/System.err( 7815): 	at tech.gtt.frontapp.servicesdk.common.core.ServiceSDKImpl.executeServiceInitialize(SourceFile:372)
06-15 21:42:55.205 W/System.err( 7815): 	at tech.gtt.frontapp.servicesdk.common.core.ServiceSDKImpl.access$executeServiceInitialize(SourceFile:1)
06-15 21:42:55.205 W/System.err( 7815): 	at tech.gtt.frontapp.servicesdk.common.core.ServiceSDKImpl$init$1.invokeSuspend(SourceFile:178)
06-15 21:42:55.205 W/System.err( 7815): 	at tech.gtt.frontapp.servicesdk.common.core.ServiceSDKImpl$init$1.invoke(SourceFile:2)
06-15 21:42:55.205 W/System.err( 7815): 	at tech.gtt.frontapp.servicesdk.common.core.ServiceSDKImpl$init$1.invoke(SourceFile:1)
06-15 21:42:55.205 W/System.err( 7815): 	at kotlinx.coroutines.flow.SafeFlow.collectSafely(SourceFile:3)
06-15 21:42:55.205 W/System.err( 7815): 	at kotlinx.coroutines.flow.AbstractFlow.collect(SourceFile:70)
06-15 21:42:55.205 W/System.err( 7815): 	at tech.gtt.frontapp.servicesdk.common.core.SDKSetup$build$1.invokeSuspend(SourceFile:42)
06-15 21:42:55.205 W/System.err( 7815): 	at tech.gtt.frontapp.servicesdk.common.core.SDKSetup$build$1.invoke(SourceFile:2)
06-15 21:42:55.205 W/System.err( 7815): 	at tech.gtt.frontapp.servicesdk.common.core.SDKSetup$build$1.invoke(SourceFile:1)
06-15 21:42:55.205 W/System.err( 7815): 	at tech.gtt.frontapp.servicesdk.common.core.Scheduler$scheduleDirect$1.invokeSuspend(SourceFile:61)
06-15 21:42:55.205 W/System.err( 7815): 	at lh.a.resumeWith(SourceFile:14)
06-15 21:42:55.205 W/System.err( 7815): 	at kotlinx.coroutines.DispatchedTask.run(SourceFile:123)
06-15 21:42:55.205 W/System.err( 7815): 	at kotlinx.coroutines.internal.LimitedDispatcher$Worker.run(SourceFile:4)
06-15 21:42:55.205 W/System.err( 7815): 	at kotlinx.coroutines.scheduling.TaskImpl.run(SourceFile:3)
06-15 21:42:55.205 W/System.err( 7815): 	at kotlinx.coroutines.scheduling.CoroutineScheduler.runSafely(SourceFile:1)
06-15 21:42:55.205 W/System.err( 7815): 	at kotlinx.coroutines.scheduling.CoroutineScheduler$Worker.executeTask(SourceFile:34)
06-15 21:42:55.205 W/System.err( 7815): 	at kotlinx.coroutines.scheduling.CoroutineScheduler$Worker.runWorker(SourceFile:29)
06-15 21:42:55.205 W/System.err( 7815): 	at kotlinx.coroutines.scheduling.CoroutineScheduler$Worker.run(SourceFile:1)
06-15 21:42:55.205 W/System.err( 7815): Caused by: android.system.ErrnoException: open failed: ENOENT (No such file or directory)
06-15 21:42:55.205 W/System.err( 7815): 	at libcore.io.Linux.open(Native Method)
06-15 21:42:55.205 W/System.err( 7815): 	at libcore.io.ForwardingOs.open(ForwardingOs.java:567)
06-15 21:42:55.205 W/System.err( 7815): 	at libcore.io.BlockGuardOs.open(BlockGuardOs.java:273)
06-15 21:42:55.205 W/System.err( 7815): 	at libcore.io.ForwardingOs.open(ForwardingOs.java:567)
06-15 21:42:55.205 W/System.err( 7815): 	at android.app.ActivityThread$AndroidOs.open(ActivityThread.java:7761)
06-15 21:42:55.205 W/System.err( 7815): 	at libcore.io.IoBridge.open(IoBridge.java:561)
06-15 21:42:55.205 W/System.err( 7815): 	... 69 more
06-15 21:42:55.209 W/System.err( 7815): java.io.FileNotFoundException: sys/class/sunxi_info/sys_info: open failed: ENOENT (No such file or directory)
06-15 21:42:55.210 W/System.err( 7815): 	at libcore.io.IoBridge.open(IoBridge.java:575)
06-15 21:42:55.210 W/System.err( 7815): 	at java.io.FileInputStream.<init>(FileInputStream.java:160)
06-15 21:42:55.210 W/System.err( 7815): 	at java.io.FileInputStream.<init>(FileInputStream.java:115)
06-15 21:42:55.210 W/System.err( 7815): 	at ip.b.b(SourceFile:5)
06-15 21:42:55.210 W/System.err( 7815): 	at ip.b.a(SourceFile:155)
06-15 21:42:55.210 W/System.err( 7815): 	at ip.a.invoke(SourceFile:127)
06-15 21:42:55.210 W/System.err( 7815): 	at dh.v.getValue(SourceFile:21)
06-15 21:42:55.210 W/System.err( 7815): 	at tech.gtt.frontapp.servicesdk.common.network.interceptor.params.ApiDeviceParams.handleFixedParams(SourceFile:65)
06-15 21:42:55.210 W/System.err( 7815): 	at tech.gtt.frontapp.servicesdk.common.service.utility.apis.IParamsGetter.toMaps(SourceFile:87)
06-15 21:42:55.210 W/System.err( 7815): 	at tech.gtt.frontapp.servicesdk.common.network.interceptor.DefaultParamsInterceptor.onRequest(SourceFile:127)
06-15 21:42:55.210 W/System.err( 7815): 	at tech.gtt.frontapp.servicesdk.common.network.interceptor.SDKInterceptorsPluginKt$setupRequestInterception$1.invokeSuspend(SourceFile:103)
06-15 21:42:55.210 W/System.err( 7815): 	at tech.gtt.frontapp.servicesdk.common.network.interceptor.SDKInterceptorsPluginKt$setupRequestInterception$1.invoke(SourceFile:1)
06-15 21:42:55.210 W/System.err( 7815): 	at tech.gtt.frontapp.servicesdk.common.network.interceptor.SDKInterceptorsPluginKt$setupRequestInterception$1.invoke(SourceFile:2)
06-15 21:42:55.210 W/System.err( 7815): 	at io.ktor.util.pipeline.DebugPipelineContext.proceedLoop(SourceFile:86)
06-15 21:42:55.210 W/System.err( 7815): 	at io.ktor.util.pipeline.DebugPipelineContext.proceed(SourceFile:26)
06-15 21:42:55.210 W/System.err( 7815): 	at io.ktor.client.plugins.RequestError$install$1.invokeSuspend(SourceFile:47)
06-15 21:42:55.210 W/System.err( 7815): 	at io.ktor.client.plugins.RequestError$install$1.invoke(SourceFile:1)
06-15 21:42:55.210 W/System.err( 7815): 	at io.ktor.client.plugins.RequestError$install$1.invoke(SourceFile:2)
06-15 21:42:55.210 W/System.err( 7815): 	at io.ktor.util.pipeline.DebugPipelineContext.proceedLoop(SourceFile:86)
06-15 21:42:55.210 W/System.err( 7815): 	at io.ktor.util.pipeline.DebugPipelineContext.proceed(SourceFile:26)
06-15 21:42:55.210 W/System.err( 7815): 	at io.ktor.client.plugins.SetupRequestContext$install$1.invokeSuspend$proceed(SourceFile:1)
06-15 21:42:55.210 W/System.err( 7815): 	at io.ktor.client.plugins.SetupRequestContext$install$1.access$invokeSuspend$proceed(SourceFile:1)
06-15 21:42:55.210 W/System.err( 7815): 	at io.ktor.client.plugins.SetupRequestContext$install$1$1.invoke(SourceFile:2)
06-15 21:42:55.210 W/System.err( 7815): 	at io.ktor.client.plugins.SetupRequestContext$install$1$1.invoke(SourceFile:1)
06-15 21:42:55.210 W/System.err( 7815): 	at io.ktor.client.plugins.HttpRequestLifecycleKt$HttpRequestLifecycle$1$1.invokeSuspend(SourceFile:78)
06-15 21:42:55.210 W/System.err( 7815): 	at io.ktor.client.plugins.HttpRequestLifecycleKt$HttpRequestLifecycle$1$1.invoke(SourceFile:1)
06-15 21:42:55.210 W/System.err( 7815): 	at io.ktor.client.plugins.HttpRequestLifecycleKt$HttpRequestLifecycle$1$1.invoke(SourceFile:2)
06-15 21:42:55.210 W/System.err( 7815): 	at io.ktor.client.plugins.SetupRequestContext$install$1.invokeSuspend(SourceFile:42)
06-15 21:42:55.210 W/System.err( 7815): 	at io.ktor.client.plugins.SetupRequestContext$install$1.invoke(SourceFile:1)
06-15 21:42:55.210 W/System.err( 7815): 	at io.ktor.client.plugins.SetupRequestContext$install$1.invoke(SourceFile:2)
06-15 21:42:55.210 W/System.err( 7815): 	at io.ktor.util.pipeline.DebugPipelineContext.proceedLoop(SourceFile:86)
06-15 21:42:55.210 W/System.err( 7815): 	at io.ktor.util.pipeline.DebugPipelineContext.proceed(SourceFile:26)
06-15 21:42:55.210 W/System.err( 7815): 	at io.ktor.util.pipeline.DebugPipelineContext.execute$ktor_utils(SourceFile:7)
06-15 21:42:55.210 W/System.err( 7815): 	at io.ktor.util.pipeline.Pipeline.execute(SourceFile:9)
06-15 21:42:55.210 W/System.err( 7815): 	at io.ktor.client.HttpClient.execute$ktor_client_core(SourceFile:68)
06-15 21:42:55.210 W/System.err( 7815): 	at io.ktor.client.statement.HttpStatement.fetchResponse(SourceFile:90)
06-15 21:42:55.210 W/System.err( 7815): 	at io.ktor.client.statement.HttpStatement.execute(SourceFile:9)
06-15 21:42:55.210 W/System.err( 7815): 	at de.jensklingenberg.ktorfit.internal.KtorfitConverterHelper.suspendRequest(SourceFile:127)
06-15 21:42:55.210 W/System.err( 7815): 	at de.jensklingenberg.ktorfit.internal.KtorfitConverterHelper$request$1$1.invokeSuspend(SourceFile:58)
06-15 21:42:55.210 W/System.err( 7815): 	at de.jensklingenberg.ktorfit.internal.KtorfitConverterHelper$request$1$1.invoke(SourceFile:2)
06-15 21:42:55.210 W/System.err( 7815): 	at de.jensklingenberg.ktorfit.internal.KtorfitConverterHelper$request$1$1.invoke(SourceFile:1)
06-15 21:42:55.210 W/System.err( 7815): 	at de.jensklingenberg.ktorfit.converter.FlowConverterFactory$responseConverter$1$convert$1.invokeSuspend(SourceFile:84)
06-15 21:42:55.210 W/System.err( 7815): 	at de.jensklingenberg.ktorfit.converter.FlowConverterFactory$responseConverter$1$convert$1.invoke(SourceFile:2)
06-15 21:42:55.210 W/System.err( 7815): 	at de.jensklingenberg.ktorfit.converter.FlowConverterFactory$responseConverter$1$convert$1.invoke(SourceFile:1)
06-15 21:42:55.210 W/System.err( 7815): 	at kotlinx.coroutines.flow.SafeFlow.collectSafely(SourceFile:3)
06-15 21:42:55.210 W/System.err( 7815): 	at kotlinx.coroutines.flow.AbstractFlow.collect(SourceFile:70)
06-15 21:42:55.210 W/System.err( 7815): 	at kotlinx.coroutines.flow.FlowKt__MergeKt$flatMapConcat$$inlined$map$1.collect(SourceFile:10)
06-15 21:42:55.210 W/System.err( 7815): 	at kotlinx.coroutines.flow.FlowKt__MergeKt$flattenConcat$$inlined$unsafeFlow$1.collect(SourceFile:8)
06-15 21:42:55.210 W/System.err( 7815): 	at kotlinx.coroutines.flow.FlowKt__CollectKt.collect(SourceFile:1)
06-15 21:42:55.210 W/System.err( 7815): 	at kotlinx.coroutines.flow.FlowKt.collect(SourceFile:1)
06-15 21:42:55.210 W/System.err( 7815): 	at tech.gtt.frontapp.servicesdk.common.service.utility.apis.ApiUtilServiceImpl.onServiceInit(SourceFile:240)
06-15 21:42:55.210 W/System.err( 7815): 	at tech.gtt.frontapp.servicesdk.common.core.ServiceSDKImpl.executeServiceInitialize(SourceFile:372)
06-15 21:42:55.210 W/System.err( 7815): 	at tech.gtt.frontapp.servicesdk.common.core.ServiceSDKImpl.access$executeServiceInitialize(SourceFile:1)
06-15 21:42:55.210 W/System.err( 7815): 	at tech.gtt.frontapp.servicesdk.common.core.ServiceSDKImpl$init$1.invokeSuspend(SourceFile:178)
06-15 21:42:55.210 W/System.err( 7815): 	at tech.gtt.frontapp.servicesdk.common.core.ServiceSDKImpl$init$1.invoke(SourceFile:2)
06-15 21:42:55.210 W/System.err( 7815): 	at tech.gtt.frontapp.servicesdk.common.core.ServiceSDKImpl$init$1.invoke(SourceFile:1)
06-15 21:42:55.210 W/System.err( 7815): 	at kotlinx.coroutines.flow.SafeFlow.collectSafely(SourceFile:3)
06-15 21:42:55.210 W/System.err( 7815): 	at kotlinx.coroutines.flow.AbstractFlow.collect(SourceFile:70)
06-15 21:42:55.210 W/System.err( 7815): 	at tech.gtt.frontapp.servicesdk.common.core.SDKSetup$build$1.invokeSuspend(SourceFile:42)
06-15 21:42:55.210 W/System.err( 7815): 	at tech.gtt.frontapp.servicesdk.common.core.SDKSetup$build$1.invoke(SourceFile:2)
06-15 21:42:55.210 W/System.err( 7815): 	at tech.gtt.frontapp.servicesdk.common.core.SDKSetup$build$1.invoke(SourceFile:1)
06-15 21:42:55.210 W/System.err( 7815): 	at tech.gtt.frontapp.servicesdk.common.core.Scheduler$scheduleDirect$1.invokeSuspend(SourceFile:61)
06-15 21:42:55.210 W/System.err( 7815): 	at lh.a.resumeWith(SourceFile:14)
06-15 21:42:55.210 W/System.err( 7815): 	at kotlinx.coroutines.DispatchedTask.run(SourceFile:123)
06-15 21:42:55.210 W/System.err( 7815): 	at kotlinx.coroutines.internal.LimitedDispatcher$Worker.run(SourceFile:4)
06-15 21:42:55.210 W/System.err( 7815): 	at kotlinx.coroutines.scheduling.TaskImpl.run(SourceFile:3)
06-15 21:42:55.210 W/System.err( 7815): 	at kotlinx.coroutines.scheduling.CoroutineScheduler.runSafely(SourceFile:1)
06-15 21:42:55.210 W/System.err( 7815): 	at kotlinx.coroutines.scheduling.CoroutineScheduler$Worker.executeTask(SourceFile:34)
06-15 21:42:55.210 W/System.err( 7815): 	at kotlinx.coroutines.scheduling.CoroutineScheduler$Worker.runWorker(SourceFile:29)
06-15 21:42:55.210 W/System.err( 7815): 	at kotlinx.coroutines.scheduling.CoroutineScheduler$Worker.run(SourceFile:1)
06-15 21:42:55.210 W/System.err( 7815): Caused by: android.system.ErrnoException: open failed: ENOENT (No such file or directory)
06-15 21:42:55.210 W/System.err( 7815): 	at libcore.io.Linux.open(Native Method)
06-15 21:42:55.210 W/System.err( 7815): 	at libcore.io.ForwardingOs.open(ForwardingOs.java:567)
06-15 21:42:55.210 W/System.err( 7815): 	at libcore.io.BlockGuardOs.open(BlockGuardOs.java:273)
06-15 21:42:55.210 W/System.err( 7815): 	at libcore.io.ForwardingOs.open(ForwardingOs.java:567)
06-15 21:42:55.210 W/System.err( 7815): 	at android.app.ActivityThread$AndroidOs.open(ActivityThread.java:7761)
06-15 21:42:55.210 W/System.err( 7815): 	at libcore.io.IoBridge.open(IoBridge.java:561)
06-15 21:42:55.210 W/System.err( 7815): 	... 69 more
06-15 21:42:55.221 W/System.err( 7815): java.io.FileNotFoundException: sys/class/sunxi_info/sys_info: open failed: ENOENT (No such file or directory)
06-15 21:42:55.221 W/System.err( 7815): 	at libcore.io.IoBridge.open(IoBridge.java:575)
06-15 21:42:55.221 W/System.err( 7815): 	at java.io.FileInputStream.<init>(FileInputStream.java:160)
06-15 21:42:55.221 W/System.err( 7815): 	at java.io.FileInputStream.<init>(FileInputStream.java:115)
06-15 21:42:55.221 W/System.err( 7815): 	at ip.b.b(SourceFile:5)
06-15 21:42:55.221 W/System.err( 7815): 	at ip.b.a(SourceFile:155)
06-15 21:42:55.221 W/System.err( 7815): 	at ip.a.invoke(SourceFile:340)
06-15 21:42:55.221 W/System.err( 7815): 	at dh.v.getValue(SourceFile:21)
06-15 21:42:55.221 W/System.err( 7815): 	at tech.gtt.frontapp.servicesdk.common.network.interceptor.params.ApiDeviceParams.handleFixedParams(SourceFile:120)
06-15 21:42:55.221 W/System.err( 7815): 	at tech.gtt.frontapp.servicesdk.common.service.utility.apis.IParamsGetter.toMaps(SourceFile:87)
06-15 21:42:55.221 W/System.err( 7815): 	at tech.gtt.frontapp.servicesdk.common.network.interceptor.DefaultParamsInterceptor.onRequest(SourceFile:127)
06-15 21:42:55.221 W/System.err( 7815): 	at tech.gtt.frontapp.servicesdk.common.network.interceptor.SDKInterceptorsPluginKt$setupRequestInterception$1.invokeSuspend(SourceFile:103)
06-15 21:42:55.221 W/System.err( 7815): 	at tech.gtt.frontapp.servicesdk.common.network.interceptor.SDKInterceptorsPluginKt$setupRequestInterception$1.invoke(SourceFile:1)
06-15 21:42:55.221 W/System.err( 7815): 	at tech.gtt.frontapp.servicesdk.common.network.interceptor.SDKInterceptorsPluginKt$setupRequestInterception$1.invoke(SourceFile:2)
06-15 21:42:55.221 W/System.err( 7815): 	at io.ktor.util.pipeline.DebugPipelineContext.proceedLoop(SourceFile:86)
06-15 21:42:55.221 W/System.err( 7815): 	at io.ktor.util.pipeline.DebugPipelineContext.proceed(SourceFile:26)
06-15 21:42:55.221 W/System.err( 7815): 	at io.ktor.client.plugins.RequestError$install$1.invokeSuspend(SourceFile:47)
06-15 21:42:55.221 W/System.err( 7815): 	at io.ktor.client.plugins.RequestError$install$1.invoke(SourceFile:1)
06-15 21:42:55.221 W/System.err( 7815): 	at io.ktor.client.plugins.RequestError$install$1.invoke(SourceFile:2)
06-15 21:42:55.221 W/System.err( 7815): 	at io.ktor.util.pipeline.DebugPipelineContext.proceedLoop(SourceFile:86)
06-15 21:42:55.221 W/System.err( 7815): 	at io.ktor.util.pipeline.DebugPipelineContext.proceed(SourceFile:26)
06-15 21:42:55.221 W/System.err( 7815): 	at io.ktor.client.plugins.SetupRequestContext$install$1.invokeSuspend$proceed(SourceFile:1)
06-15 21:42:55.221 W/System.err( 7815): 	at io.ktor.client.plugins.SetupRequestContext$install$1.access$invokeSuspend$proceed(SourceFile:1)
06-15 21:42:55.221 W/System.err( 7815): 	at io.ktor.client.plugins.SetupRequestContext$install$1$1.invoke(SourceFile:2)
06-15 21:42:55.221 W/System.err( 7815): 	at io.ktor.client.plugins.SetupRequestContext$install$1$1.invoke(SourceFile:1)
06-15 21:42:55.221 W/System.err( 7815): 	at io.ktor.client.plugins.HttpRequestLifecycleKt$HttpRequestLifecycle$1$1.invokeSuspend(SourceFile:78)
06-15 21:42:55.221 W/System.err( 7815): 	at io.ktor.client.plugins.HttpRequestLifecycleKt$HttpRequestLifecycle$1$1.invoke(SourceFile:1)
06-15 21:42:55.221 W/System.err( 7815): 	at io.ktor.client.plugins.HttpRequestLifecycleKt$HttpRequestLifecycle$1$1.invoke(SourceFile:2)
06-15 21:42:55.221 W/System.err( 7815): 	at io.ktor.client.plugins.SetupRequestContext$install$1.invokeSuspend(SourceFile:42)
06-15 21:42:55.221 W/System.err( 7815): 	at io.ktor.client.plugins.SetupRequestContext$install$1.invoke(SourceFile:1)
06-15 21:42:55.221 W/System.err( 7815): 	at io.ktor.client.plugins.SetupRequestContext$install$1.invoke(SourceFile:2)
06-15 21:42:55.221 W/System.err( 7815): 	at io.ktor.util.pipeline.DebugPipelineContext.proceedLoop(SourceFile:86)
06-15 21:42:55.221 W/System.err( 7815): 	at io.ktor.util.pipeline.DebugPipelineContext.proceed(SourceFile:26)
06-15 21:42:55.221 W/System.err( 7815): 	at io.ktor.util.pipeline.DebugPipelineContext.execute$ktor_utils(SourceFile:7)
