06-15 21:42:58.263 D/AndroidAutoSize( 7815): LoadingActivity Info: isBaseOnWidth = true, designWidthInDp = 1920.000000, designWidthInSubunits = 1920.000000, targetDensity = 1.000000, targetScaledDensity = 1.000000, targetDensityDpi = 160, targetXdpi = 1.000000, targetScreenWidthDp = 1920, targetScreenHeightDp = 1032
06-15 21:42:58.300 W/WindowManager( 1965): Failed looking up window session=Session{f66f3d0 7815:u0a10058} callers=com.android.server.wm.WindowManagerService.windowForClientLocked:5850 com.android.server.wm.Session.updateRequestedVisibilities:640 android.view.IWindowSession$Stub.onTransact:1175 
06-15 21:42:58.310 V/GSK-Upgrade:ComponentUpdater( 7815): init
06-15 21:42:58.310 V/GSK-Upgrade:ComponentUpdater( 7815): loadLocalDex
06-15 21:42:58.311 V/GSK-Upgrade:ComponentUpdater( 7815): local dex is empty
06-15 21:42:58.311 V/GSK-Upgrade:ComponentUpdater( 7815): local dex is empty
06-15 21:42:58.311 V/GSK-Upgrade:ComponentUpdater( 7815): local dex is empty
06-15 21:42:58.311 V/GSK-Upgrade:ComponentUpdater( 7815): local dex is empty
06-15 21:42:58.311 V/GSK-Upgrade:ComponentUpdater( 7815): local dex is empty
06-15 21:42:58.311 V/GSK-Upgrade:ComponentUpdater( 7815): local dex is empty
06-15 21:42:58.316 W/UiDevice( 7760): Skipping null root node for window: AccessibilityWindowInfo[title=允许v-demo访问您设备上的照片和媒体吗？, displayId=0, id=449, taskId=44, type=TYPE_APPLICATION, layer=1, region=SkRegion((432,48,1488,1080)), bounds=Rect(432, 48 - 1488, 1080), focused=false, active=false, pictureInPicture=false, hasParent=false, isAnchored=false, hasChildren=false]
06-15 21:42:58.350 D/gralloc_nox( 1771): gralloc_alloc: Creating ashmem region of size 8298496
06-15 21:42:58.384 D/ProcessState( 7919): Binder ioctl to enable oneway spam detection failed: Invalid argument
06-15 21:42:58.390 D/gralloc_nox( 1771): gralloc_alloc: Creating ashmem region of size 8298496
06-15 21:42:58.440 D/gralloc_nox( 1771): gralloc_alloc: Creating ashmem region of size 8298496
06-15 21:42:58.545 W/ByMatcher( 7760): Node returned null child: android.view.accessibility.AccessibilityNodeInfo@30e6f; boundsInParent: Rect(0, 0 - 1920, 48); boundsInScreen: Rect(0, 0 - 1920, 48); packageName: com.android.systemui; className: android.widget.FrameLayout; text: null; error: null; maxTextLength: -1; stateDescription: null; contentDescription: null; tooltipText: null; viewIdResName: null; checkable: false; checked: false; focusable: false; focused: false; selected: false; clickable: false; longClickable: false; contextClickable: false; enabled: true; password: false; scrollable: false; importantForAccessibility: true; visible: true; actions: [AccessibilityAction: ACTION_SELECT - null, AccessibilityAction: ACTION_CLEAR_SELECTION - null, AccessibilityAction: ACTION_ACCESSIBILITY_FOCUS - null, AccessibilityAction: ACTION_SHOW_ON_SCREEN - null]
06-15 21:42:58.547 W/ByMatcher( 7760): Skipping null child (0 of 2)
06-15 21:42:58.550 W/ByMatcher( 7760): Skipping null child (1 of 2)
06-15 21:42:58.553 W/ByMatcher( 7760): Node returned null child: android.view.accessibility.AccessibilityNodeInfo@30e6f; boundsInParent: Rect(0, 0 - 1920, 48); boundsInScreen: Rect(0, 0 - 1920, 48); packageName: com.android.systemui; className: android.widget.FrameLayout; text: null; error: null; maxTextLength: -1; stateDescription: null; contentDescription: null; tooltipText: null; viewIdResName: null; checkable: false; checked: false; focusable: false; focused: false; selected: false; clickable: false; longClickable: false; contextClickable: false; enabled: true; password: false; scrollable: false; importantForAccessibility: true; visible: true; actions: [AccessibilityAction: ACTION_SELECT - null, AccessibilityAction: ACTION_CLEAR_SELECTION - null, AccessibilityAction: ACTION_ACCESSIBILITY_FOCUS - null, AccessibilityAction: ACTION_SHOW_ON_SCREEN - null]
06-15 21:42:58.554 I/ActivityTaskManager( 1965): Displayed tech.gtt.frontapp.stb.demo/tech.gtt.frontapp.stb.m.home.activity.LoadingActivity: +498ms
06-15 21:42:58.554 W/ByMatcher( 7760): Skipping null child (0 of 2)
06-15 21:42:58.557 W/ByMatcher( 7760): Skipping null child (1 of 2)
06-15 21:42:58.559 W/ByMatcher( 7760): Node returned null child: android.view.accessibility.AccessibilityNodeInfo@80006e7e; boundsInParent: Rect(0, 0 - 1920, 1080); boundsInScreen: Rect(0, 0 - 1920, 1080); packageName: tech.gtt.frontapp.stb.demo; className: android.widget.FrameLayout; text: null; error: null; maxTextLength: -1; stateDescription: null; contentDescription: null; tooltipText: null; viewIdResName: null; checkable: false; checked: false; focusable: false; focused: false; selected: false; clickable: false; longClickable: false; contextClickable: false; enabled: true; password: false; scrollable: false; importantForAccessibility: true; visible: true; actions: [AccessibilityAction: ACTION_SELECT - null, AccessibilityAction: ACTION_CLEAR_SELECTION - null, AccessibilityAction: ACTION_ACCESSIBILITY_FOCUS - null, AccessibilityAction: ACTION_SHOW_ON_SCREEN - null]
06-15 21:42:58.561 W/ByMatcher( 7760): Skipping null child (0 of 2)
06-15 21:42:58.566 W/ByMatcher( 7760): Skipping null child (1 of 2)
06-15 21:42:58.568 W/ByMatcher( 7760): Node returned null child: android.view.accessibility.AccessibilityNodeInfo@80006e7e; boundsInParent: Rect(0, 0 - 1920, 1080); boundsInScreen: Rect(0, 0 - 1920, 1080); packageName: tech.gtt.frontapp.stb.demo; className: android.widget.FrameLayout; text: null; error: null; maxTextLength: -1; stateDescription: null; contentDescription: null; tooltipText: null; viewIdResName: null; checkable: false; checked: false; focusable: false; focused: false; selected: false; clickable: false; longClickable: false; contextClickable: false; enabled: true; password: false; scrollable: false; importantForAccessibility: true; visible: true; actions: [AccessibilityAction: ACTION_SELECT - null, AccessibilityAction: ACTION_CLEAR_SELECTION - null, AccessibilityAction: ACTION_ACCESSIBILITY_FOCUS - null, AccessibilityAction: ACTION_SHOW_ON_SCREEN - null]
06-15 21:42:58.569 W/ByMatcher( 7760): Skipping null child (0 of 2)
06-15 21:42:58.571 W/ByMatcher( 7760): Skipping null child (1 of 2)
06-15 21:42:58.576 V/GSK-APIS( 7815): received response >>> id: e5ec3d14 url: https://gtt-app-apigateway-lion.vdemosit.com/api/enduser/messagecenter/message/query/v1 statusCode: 400, exception: null
06-15 21:42:58.578 I/System.out( 7815): [SDKInterceptorPlugin] Unhandled exception in request processing: Something went wrong while connecting to the server, statusCode: 400
06-15 21:42:58.599 D/CompatibilityChangeReporter( 7815): Compat change id reported: 171228096; UID 10058; state: ENABLED
06-15 21:42:58.633 W/DataBinding( 7815): Setting the fragment as the LifecycleOwner might cause memory leaks because views lives shorter than the Fragment. Consider using Fragment's view lifecycle
06-15 21:42:58.660 I/MediaFocusControl( 1965): requestAudioFocus() from uid/pid 10058/7815 AA=USAGE_MEDIA/CONTENT_TYPE_MOVIE clientId=android.media.AudioManager@aa3217f callingPack=tech.gtt.frontapp.stb.demo req=1 flags=0x0 sdk=35
06-15 21:42:58.661 I/AudioService.FadeOutManager( 1965): unfadeOutUid() uid:10058
06-15 21:42:58.672 D/UiDevice( 7760): Searching for node with selector: BySelector [RES='\Qtech.gtt.frontapp.stb.demo:id/account_login_tv2\E'].
06-15 21:42:58.674 W/QueryController( 7760): Could not detect idle state.
06-15 21:42:58.675 W/MediaProvider( 2579): Failed to fetch original file descriptor
06-15 21:42:58.675 W/MediaProvider( 2579): java.io.IOException: stat failed: ENOENT (No such file or directory)
06-15 21:42:58.675 W/MediaProvider( 2579): 	at com.android.providers.media.MediaProvider.getFileFromFileDescriptor(MediaProvider.java:5822)
06-15 21:42:58.675 W/MediaProvider( 2579): 	at com.android.providers.media.MediaProvider.getOriginalMediaFormatFileDescriptor(MediaProvider.java:5739)
06-15 21:42:58.675 W/MediaProvider( 2579): 	at com.android.providers.media.MediaProvider.openTypedAssetFileCommon(MediaProvider.java:7162)
06-15 21:42:58.675 W/MediaProvider( 2579): 	at com.android.providers.media.MediaProvider.openTypedAssetFile(MediaProvider.java:7143)
06-15 21:42:58.675 W/MediaProvider( 2579): 	at android.content.ContentProvider$Transport.openTypedAssetFile(ContentProvider.java:548)
06-15 21:42:58.675 W/MediaProvider( 2579): 	at android.content.ContentProviderNative.onTransact(ContentProviderNative.java:327)
06-15 21:42:58.675 W/MediaProvider( 2579): 	at android.os.Binder.execTransactInternal(Binder.java:1179)
06-15 21:42:58.675 W/MediaProvider( 2579): 	at android.os.Binder.execTransact(Binder.java:1143)
06-15 21:42:58.675 W/MediaProvider( 2579): Caused by: android.system.ErrnoException: stat failed: ENOENT (No such file or directory)
06-15 21:42:58.675 W/MediaProvider( 2579): 	at libcore.io.Linux.stat(Native Method)
06-15 21:42:58.675 W/MediaProvider( 2579): 	at libcore.io.ForwardingOs.stat(ForwardingOs.java:853)
06-15 21:42:58.675 W/MediaProvider( 2579): 	at libcore.io.BlockGuardOs.stat(BlockGuardOs.java:420)
06-15 21:42:58.675 W/MediaProvider( 2579): 	at libcore.io.ForwardingOs.stat(ForwardingOs.java:853)
06-15 21:42:58.675 W/MediaProvider( 2579): 	at android.app.ActivityThread$AndroidOs.stat(ActivityThread.java:7775)
06-15 21:42:58.675 W/MediaProvider( 2579): 	at android.system.Os.stat(Os.java:919)
06-15 21:42:58.675 W/MediaProvider( 2579): 	at com.android.providers.media.MediaProvider.getFileFromFileDescriptor(MediaProvider.java:5816)
06-15 21:42:58.675 W/MediaProvider( 2579): 	... 7 more
06-15 21:42:58.677 D/NuPlayerDriver( 1870): NuPlayerDriver(0xf09c1cc0) created, clientPid(7815)
06-15 21:42:58.679 D/SurfaceUtils( 1870): connecting to surface 0xeb5c4ba8, reason setVideoSurfaceTexture
06-15 21:42:58.679 D/NuPlayer( 1870): onSetVideoSurface(0xeb5c3270, no video decoder)
06-15 21:42:58.682 D/GenericSource( 1870): FileSource remote
06-15 21:42:58.684 I/SampleTable( 1859): There are reordered frames present.
06-15 21:42:58.697 D/MediaBufferGroup( 1859): creating MemoryDealer
06-15 21:42:58.717 D/MediaPlayerNative( 7815): getMetadata
06-15 21:42:58.730 I/GenericSource( 1870): start
06-15 21:42:58.735 I/OMXClient( 1870): IOmx service obtained
06-15 21:42:58.736 I/OMXStore( 1880): makeComponentInstance(OMX.google.h264.decoder) in android.hardwar process
06-15 21:42:58.744 D/SurfaceUtils( 1870): disconnecting from surface 0xeb5c3278, reason onConfigure
06-15 21:42:58.744 D/SurfaceUtils( 1870): connecting to surface 0xeb5c3278, reason connectToSurface
06-15 21:42:58.745 I/MediaCodec( 1870): [OMX.google.h264.decoder] setting surface generation to 1914886
06-15 21:42:58.745 D/SurfaceUtils( 1870): disconnecting from surface 0xeb5c3278, reason connectToSurface(reconnect)
06-15 21:42:58.745 D/SurfaceUtils( 1870): connecting to surface 0xeb5c3278, reason connectToSurface(reconnect)
06-15 21:42:58.748 I/OMXClient( 1870): IOmx service obtained
06-15 21:42:58.748 I/OMXStore( 1880): makeComponentInstance(OMX.google.aac.decoder) in android.hardwar process
06-15 21:42:58.748 E/OMXNodeInstance( 1880): getExtensionIndex(0xf26015f0:google.h264.decoder, OMX.google.android.index.enableAndroidNativeBuffers) ERROR: UnsupportedIndex(0x8000101a)
06-15 21:42:58.749 E/ACodec  ( 1870): [OMX.google.h264.decoder] setPortMode on output to DynamicANWBuffer failed w/ err -1010
06-15 21:42:58.749 E/OMXNodeInstance( 1880): getParameter(0xf26015f0:google.h264.decoder, ??(0x6f600011)) ERROR: UnsupportedIndex(0x8000101a)
06-15 21:42:58.750 W/OMXNodeInstance( 1880): [0xf26015f0:google.h264.decoder] component does not support metadata mode; using fallback
06-15 21:42:58.752 E/OMXNodeInstance( 1880): setConfig(0xf2600390:google.aac.decoder, ConfigPriority(0x6f800002)) ERROR: Undefined(0x80001001)
06-15 21:42:58.752 I/ACodec  ( 1870): codec does not support config priority (err -2147483648)
06-15 21:42:58.752 E/OMXNodeInstance( 1880): getConfig(0xf2600390:google.aac.decoder, ConfigAndroidVendorExtension(0x6f100004)) ERROR: Undefined(0x80001001)
06-15 21:42:58.752 D/SoftAAC2( 1880): get OMX_IndexParamAudioAndroidAacDrcPresentation
06-15 21:42:58.752 D/SoftVideoDecoderOMXComponent( 1880): Color Aspects preference: 1 
06-15 21:42:58.753 E/OMXNodeInstance( 1880): setConfig(0xf26015f0:google.h264.decoder, ConfigPriority(0x6f800002)) ERROR: UnsupportedIndex(0x8000101a)
06-15 21:42:58.753 I/ACodec  ( 1870): codec does not support config priority (err -1010)
06-15 21:42:58.753 E/OMXNodeInstance( 1880): setConfig(0xf26015f0:google.h264.decoder, ConfigOperatingRate(0x6f800003)) ERROR: UnsupportedIndex(0x8000101a)
06-15 21:42:58.753 I/ACodec  ( 1870): codec does not support config operating rate (err -1010)
06-15 21:42:58.753 E/OMXNodeInstance( 1880): getConfig(0xf26015f0:google.h264.decoder, ConfigAndroidVendorExtension(0x6f100004)) ERROR: UnsupportedIndex(0x8000101a)
06-15 21:42:58.754 E/OMXNodeInstance( 1880): getConfig(0xf26015f0:google.h264.decoder, ??(0x7f000003)) ERROR: UnsupportedSetting(0x80001019)
06-15 21:42:58.756 I/MediaCodec( 1870): MediaCodec will operate in async mode
06-15 21:42:58.756 D/MediaCodec( 1870): keep callback message for reclaim
06-15 21:42:58.759 I/MediaCodec( 1870): MediaCodec will operate in async mode
06-15 21:42:58.761 D/MediaCodec( 1870): keep callback message for reclaim
06-15 21:42:58.783 W/ResourceManagerService( 1870): Ignoring request to add new resource entry with value <= 0
06-15 21:42:58.784 I/SoftAAC2( 1880): Reconfiguring decoder: 0->44100 Hz, 0->1 channels
06-15 21:42:58.785 D/SoftVideoDecoderOMXComponent( 1880): Color Aspects preference: 1 
06-15 21:42:58.797 D/SoftAAC2( 1880): get OMX_IndexParamAudioAndroidAacDrcPresentation
06-15 21:42:58.807 D/AudioFlinger( 1780): Client defaulted notificationFrames to 11286 for frameCount 22572
06-15 21:42:58.811 D/AF::TrackHandle( 1780): OpPlayAudio: track:61 usage:1 not muted
06-15 21:42:58.817 W/InputManager-JNI( 1965): Input channel object '26b49ef tech.gtt.frontapp.stb.demo/tech.gtt.frontapp.stb.m.home.activity.SplashActivity (client)' was disposed without first being removed with the input manager!
06-15 21:42:58.829 D/UiDevice( 7760): Searching for node with selector: BySelector [RES='\Qtech.gtt.frontapp.stb.demo:id/account_login_tv2\E'].
06-15 21:42:58.830 W/QueryController( 7760): Could not detect idle state.
06-15 21:42:58.835 E/OMXNodeInstance( 1880): getConfig(0xf26015f0:google.h264.decoder, ??(0x7f000003)) ERROR: UnsupportedSetting(0x80001019)
06-15 21:42:58.838 D/MediaCodec( 1870): [OMX.google.h264.decoder] setting dataspace on output surface to #102
06-15 21:42:58.861 D/gralloc_nox( 1771): gralloc_alloc: Creating ashmem region of size 589824
06-15 21:42:58.861 W/MediaPlayerNative( 7815): info/warning (3, 0)
06-15 21:42:58.862 E/android.hardware.audio.service( 1760): pcm_open called create stream faild
06-15 21:42:58.865 D/SoftwareRenderer( 1870): setting dataspace on output surface to #8000102
06-15 21:42:58.867 D/gralloc_nox( 1771): gralloc_alloc: Creating ashmem region of size 589824
06-15 21:42:58.911 D/AudioFlinger( 1780): mixer(0x7476fcea3a60) throttle end: throttle time(39)
06-15 21:42:58.948 D/UiDevice( 7760): Searching for node with selector: BySelector [RES='\Qtech.gtt.frontapp.stb.demo:id/account_login_tv2\E'].
06-15 21:42:58.950 W/QueryController( 7760): Could not detect idle state.
06-15 21:42:59.070 D/UiDevice( 7760): Searching for node with selector: BySelector [RES='\Qtech.gtt.frontapp.stb.demo:id/account_login_tv2\E'].
06-15 21:42:59.071 W/QueryController( 7760): Could not detect idle state.
06-15 21:42:59.134 D/gralloc_nox( 1771): gralloc_alloc: Creating ashmem region of size 589824
06-15 21:42:59.146 D/gralloc_nox( 1771): gralloc_alloc: Creating ashmem region of size 589824
06-15 21:42:59.195 D/UiDevice( 7760): Searching for node with selector: BySelector [RES='\Qtech.gtt.frontapp.stb.demo:id/account_login_tv2\E'].
06-15 21:42:59.196 W/QueryController( 7760): Could not detect idle state.
06-15 21:42:59.212 D/AudioFlinger( 1780): mixer(0x7476fcea3a60) throttle end: throttle time(232)
06-15 21:42:59.308 D/UiDevice( 7760): Searching for node with selector: BySelector [RES='\Qtech.gtt.frontapp.stb.demo:id/account_login_tv2\E'].
06-15 21:42:59.313 W/QueryController( 7760): Could not detect idle state.
06-15 21:42:59.440 D/UiDevice( 7760): Searching for node with selector: BySelector [RES='\Qtech.gtt.frontapp.stb.demo:id/account_login_tv2\E'].
06-15 21:42:59.443 W/QueryController( 7760): Could not detect idle state.
06-15 21:42:59.566 D/UiDevice( 7760): Searching for node with selector: BySelector [RES='\Qtech.gtt.frontapp.stb.demo:id/account_login_tv2\E'].
06-15 21:42:59.567 W/QueryController( 7760): Could not detect idle state.
06-15 21:42:59.673 D/UiDevice( 7760): Searching for node with selector: BySelector [RES='\Qtech.gtt.frontapp.stb.demo:id/account_login_tv2\E'].
06-15 21:42:59.674 W/QueryController( 7760): Could not detect idle state.
06-15 21:42:59.783 D/UiDevice( 7760): Searching for node with selector: BySelector [RES='\Qtech.gtt.frontapp.stb.demo:id/account_login_tv2\E'].
06-15 21:42:59.784 W/QueryController( 7760): Could not detect idle state.
06-15 21:42:59.887 D/UiDevice( 7760): Searching for node with selector: BySelector [RES='\Qtech.gtt.frontapp.stb.demo:id/account_login_tv2\E'].
06-15 21:42:59.888 W/QueryController( 7760): Could not detect idle state.
06-15 21:42:59.992 D/UiDevice( 7760): Searching for node with selector: BySelector [RES='\Qtech.gtt.frontapp.stb.demo:id/account_login_tv2\E'].
06-15 21:42:59.993 W/QueryController( 7760): Could not detect idle state.
06-15 21:43:00.100 D/UiDevice( 7760): Searching for node with selector: BySelector [RES='\Qtech.gtt.frontapp.stb.demo:id/account_login_tv2\E'].
06-15 21:43:00.101 W/QueryController( 7760): Could not detect idle state.
06-15 21:43:00.204 D/UiDevice( 7760): Searching for node with selector: BySelector [RES='\Qtech.gtt.frontapp.stb.demo:id/account_login_tv2\E'].
06-15 21:43:00.204 W/QueryController( 7760): Could not detect idle state.
06-15 21:43:00.310 D/UiDevice( 7760): Searching for node with selector: BySelector [RES='\Qtech.gtt.frontapp.stb.demo:id/account_login_tv2\E'].
06-15 21:43:00.310 W/QueryController( 7760): Could not detect idle state.
06-15 21:43:00.398 I/keystore2( 1708): keystore2::watchdog: Watchdog thread idle -> terminating. Have a great day.
06-15 21:43:00.416 D/UiDevice( 7760): Searching for node with selector: BySelector [RES='\Qtech.gtt.frontapp.stb.demo:id/account_login_tv2\E'].
06-15 21:43:00.418 W/QueryController( 7760): Could not detect idle state.
06-15 21:43:00.529 D/UiDevice( 7760): Searching for node with selector: BySelector [RES='\Qtech.gtt.frontapp.stb.demo:id/account_login_tv2\E'].
06-15 21:43:00.530 W/QueryController( 7760): Could not detect idle state.
06-15 21:43:00.635 D/UiDevice( 7760): Searching for node with selector: BySelector [RES='\Qtech.gtt.frontapp.stb.demo:id/account_login_tv2\E'].
06-15 21:43:00.636 W/QueryController( 7760): Could not detect idle state.
06-15 21:43:00.739 D/UiDevice( 7760): Searching for node with selector: BySelector [RES='\Qtech.gtt.frontapp.stb.demo:id/account_login_tv2\E'].
06-15 21:43:00.740 W/QueryController( 7760): Could not detect idle state.
06-15 21:43:00.845 D/UiDevice( 7760): Searching for node with selector: BySelector [RES='\Qtech.gtt.frontapp.stb.demo:id/account_login_tv2\E'].
06-15 21:43:00.846 W/QueryController( 7760): Could not detect idle state.
06-15 21:43:00.950 D/UiDevice( 7760): Searching for node with selector: BySelector [RES='\Qtech.gtt.frontapp.stb.demo:id/account_login_tv2\E'].
06-15 21:43:00.950 W/QueryController( 7760): Could not detect idle state.
06-15 21:43:01.054 D/UiDevice( 7760): Searching for node with selector: BySelector [RES='\Qtech.gtt.frontapp.stb.demo:id/account_login_tv2\E'].
06-15 21:43:01.055 W/QueryController( 7760): Could not detect idle state.
06-15 21:43:01.162 D/UiDevice( 7760): Searching for node with selector: BySelector [RES='\Qtech.gtt.frontapp.stb.demo:id/account_login_tv2\E'].
06-15 21:43:01.165 W/QueryController( 7760): Could not detect idle state.
06-15 21:43:01.272 D/UiDevice( 7760): Searching for node with selector: BySelector [RES='\Qtech.gtt.frontapp.stb.demo:id/account_login_tv2\E'].
06-15 21:43:01.274 W/QueryController( 7760): Could not detect idle state.
06-15 21:43:01.379 D/UiDevice( 7760): Searching for node with selector: BySelector [RES='\Qtech.gtt.frontapp.stb.demo:id/account_login_tv2\E'].
06-15 21:43:01.380 W/QueryController( 7760): Could not detect idle state.
06-15 21:43:01.484 D/UiDevice( 7760): Searching for node with selector: BySelector [RES='\Qtech.gtt.frontapp.stb.demo:id/account_login_tv2\E'].
06-15 21:43:01.485 W/QueryController( 7760): Could not detect idle state.
06-15 21:43:01.569 E/TaskPersister( 1965): File error accessing recents directory (directory doesn't exist?).
06-15 21:43:01.593 D/UiDevice( 7760): Searching for node with selector: BySelector [RES='\Qtech.gtt.frontapp.stb.demo:id/account_login_tv2\E'].
06-15 21:43:01.594 W/QueryController( 7760): Could not detect idle state.
06-15 21:43:01.705 D/UiDevice( 7760): Searching for node with selector: BySelector [RES='\Qtech.gtt.frontapp.stb.demo:id/account_login_tv2\E'].
06-15 21:43:01.706 W/QueryController( 7760): Could not detect idle state.
06-15 21:43:01.815 D/UiDevice( 7760): Searching for node with selector: BySelector [RES='\Qtech.gtt.frontapp.stb.demo:id/account_login_tv2\E'].
06-15 21:43:01.816 W/QueryController( 7760): Could not detect idle state.
06-15 21:43:01.922 D/UiDevice( 7760): Searching for node with selector: BySelector [RES='\Qtech.gtt.frontapp.stb.demo:id/account_login_tv2\E'].
06-15 21:43:01.922 W/QueryController( 7760): Could not detect idle state.
06-15 21:43:02.028 D/UiDevice( 7760): Searching for node with selector: BySelector [RES='\Qtech.gtt.frontapp.stb.demo:id/account_login_tv2\E'].
06-15 21:43:02.028 W/QueryController( 7760): Could not detect idle state.
06-15 21:43:02.134 D/UiDevice( 7760): Searching for node with selector: BySelector [RES='\Qtech.gtt.frontapp.stb.demo:id/account_login_tv2\E'].
06-15 21:43:02.135 W/QueryController( 7760): Could not detect idle state.
06-15 21:43:02.237 D/UiDevice( 7760): Searching for node with selector: BySelector [RES='\Qtech.gtt.frontapp.stb.demo:id/account_login_tv2\E'].
06-15 21:43:02.238 W/QueryController( 7760): Could not detect idle state.
06-15 21:43:02.345 D/UiDevice( 7760): Searching for node with selector: BySelector [RES='\Qtech.gtt.frontapp.stb.demo:id/account_login_tv2\E'].
06-15 21:43:02.345 W/QueryController( 7760): Could not detect idle state.
06-15 21:43:02.453 D/UiDevice( 7760): Searching for node with selector: BySelector [RES='\Qtech.gtt.frontapp.stb.demo:id/account_login_tv2\E'].
06-15 21:43:02.457 W/QueryController( 7760): Could not detect idle state.
06-15 21:43:02.564 D/UiDevice( 7760): Searching for node with selector: BySelector [RES='\Qtech.gtt.frontapp.stb.demo:id/account_login_tv2\E'].
06-15 21:43:02.564 W/QueryController( 7760): Could not detect idle state.
06-15 21:43:02.668 D/UiDevice( 7760): Searching for node with selector: BySelector [RES='\Qtech.gtt.frontapp.stb.demo:id/account_login_tv2\E'].
06-15 21:43:02.668 W/QueryController( 7760): Could not detect idle state.
06-15 21:43:02.772 D/UiDevice( 7760): Searching for node with selector: BySelector [RES='\Qtech.gtt.frontapp.stb.demo:id/account_login_tv2\E'].
06-15 21:43:02.773 W/QueryController( 7760): Could not detect idle state.
06-15 21:43:02.843 D/AudioTrack( 1870): stop(13): called with 200704 frames delivered
06-15 21:43:02.878 D/UiDevice( 7760): Searching for node with selector: BySelector [RES='\Qtech.gtt.frontapp.stb.demo:id/account_login_tv2\E'].
06-15 21:43:02.879 W/QueryController( 7760): Could not detect idle state.
06-15 21:43:02.988 D/UiDevice( 7760): Searching for node with selector: BySelector [RES='\Qtech.gtt.frontapp.stb.demo:id/account_login_tv2\E'].
06-15 21:43:02.989 W/QueryController( 7760): Could not detect idle state.
06-15 21:43:03.099 D/UiDevice( 7760): Searching for node with selector: BySelector [RES='\Qtech.gtt.frontapp.stb.demo:id/account_login_tv2\E'].
06-15 21:43:03.100 W/QueryController( 7760): Could not detect idle state.
06-15 21:43:03.210 D/UiDevice( 7760): Searching for node with selector: BySelector [RES='\Qtech.gtt.frontapp.stb.demo:id/account_login_tv2\E'].
06-15 21:43:03.213 W/QueryController( 7760): Could not detect idle state.
06-15 21:43:03.215 D/NuPlayerDriver( 1870): stop(0xf09c1cc0)
06-15 21:43:03.218 V/MediaPlayer( 7815): resetDrmState:  mDrmInfo=null mDrmProvisioningThread=null mPrepareDrmInProgress=false mActiveDrmScheme=false
06-15 21:43:03.218 V/MediaPlayer( 7815): cleanDrmObj: mDrmObj=null mDrmSessionId=null
06-15 21:43:03.218 D/NuPlayerDriver( 1870): reset(0xf09c1cc0) at state 8
06-15 21:43:03.225 D/SurfaceUtils( 1870): disconnecting from surface 0xeb5c3278, reason disconnectFromSurface
06-15 21:43:03.227 D/SurfaceUtils( 1870): connecting to surface 0xeb5c3278, reason onShutdown
06-15 21:43:03.228 D/NuPlayerDriver( 1870): notifyResetComplete(0xf09c1cc0)
06-15 21:43:03.228 D/SurfaceUtils( 1870): disconnecting from surface 0xeb5c4ba8, reason disconnectNativeWindow
06-15 21:43:03.229 W/AMessage( 1870): failed to post message as target looper for handler 0 is gone.
06-15 21:43:03.230 I/MediaFocusControl( 1965): abandonAudioFocus() from uid/pid 10058/7815 clientId=android.media.AudioManager@aa3217f
06-15 21:43:03.231 I/ActivityTaskManager( 1965): START u0 {cmp=tech.gtt.frontapp.stb.demo/tech.gtt.frontapp.stb.m.account.activity.LoginMethodSwitchActivity (has extras)} from uid 10058
06-15 21:43:03.232 D/CompatibilityChangeReporter( 1965): Compat change id reported: 174042980; UID 10058; state: DISABLED
06-15 21:43:03.233 D/CompatibilityChangeReporter( 1965): Compat change id reported: 184838306; UID 10058; state: DISABLED
06-15 21:43:03.233 D/CompatibilityChangeReporter( 1965): Compat change id reported: 185004937; UID 10058; state: DISABLED
06-15 21:43:03.233 D/CompatibilityChangeReporter( 1965): Compat change id reported: 181136395; UID 10058; state: DISABLED
06-15 21:43:03.234 D/CompatibilityChangeReporter( 1965): Compat change id reported: 174042936; UID 10058; state: DISABLED
06-15 21:43:03.235 D/CompatibilityChangeReporter( 1965): Compat change id reported: 197654537; UID 10058; state: ENABLED
06-15 21:43:03.236 D/CompatibilityChangeReporter( 1965): Compat change id reported: 168419799; UID 10058; state: DISABLED
06-15 21:43:03.238 I/MediaFocusControl( 1965): abandonAudioFocus() from uid/pid 10058/7815 clientId=android.media.AudioManager@aa3217f
06-15 21:43:03.239 W/MediaPlayer( 7815): mediaplayer went away with unhandled events
06-15 21:43:03.246 W/MediaPlayer( 7815): mediaplayer went away with unhandled events
06-15 21:43:03.251 W/ActivityTaskManager( 1965): Tried to set launchTime (0) < mLastActivityLaunchTime (2568952)
06-15 21:43:03.267 D/AndroidAutoSize( 7815): tech.gtt.frontapp.stb.m.account.activity.LoginMethodSwitchActivity used the global configuration.
06-15 21:43:03.268 D/AndroidAutoSize( 7815): The tech.gtt.frontapp.stb.m.account.activity.LoginMethodSwitchActivity has been adapted! 
06-15 21:43:03.268 D/AndroidAutoSize( 7815): LoginMethodSwitchActivity Info: isBaseOnWidth = true, designWidthInDp = 1920.000000, designWidthInSubunits = 1920.000000, targetDensity = 1.000000, targetScaledDensity = 1.000000, targetDensityDpi = 160, targetXdpi = 1.000000, targetScreenWidthDp = 1920, targetScreenHeightDp = 1032
06-15 21:43:03.304 D/AndroidAutoSize( 7815): tech.gtt.frontapp.stb.m.account.activity.LoginMethodSwitchActivity used the global configuration.
06-15 21:43:03.304 D/AndroidAutoSize( 7815): The tech.gtt.frontapp.stb.m.account.activity.LoginMethodSwitchActivity has been adapted! 
06-15 21:43:03.304 D/AndroidAutoSize( 7815): LoginMethodSwitchActivity Info: isBaseOnWidth = true, designWidthInDp = 1920.000000, designWidthInSubunits = 1920.000000, targetDensity = 1.000000, targetScaledDensity = 1.000000, targetDensityDpi = 160, targetXdpi = 1.000000, targetScreenWidthDp = 1920, targetScreenHeightDp = 1032
06-15 21:43:03.316 W/WindowManager( 1965): Failed looking up window session=Session{f66f3d0 7815:u0a10058} callers=com.android.server.wm.WindowManagerService.windowForClientLocked:5850 com.android.server.wm.Session.updateRequestedVisibilities:640 android.view.IWindowSession$Stub.onTransact:1175 
06-15 21:43:03.327 D/gralloc_nox( 1771): gralloc_alloc: Creating ashmem region of size 8298496
06-15 21:43:03.350 D/UiDevice( 7760): Searching for node with selector: BySelector [RES='\Qtech.gtt.frontapp.stb.demo:id/account_login_tv2\E'].
06-15 21:43:03.353 D/gralloc_nox( 1771): gralloc_alloc: Creating ashmem region of size 8298496
06-15 21:43:03.355 W/QueryController( 7760): Could not detect idle state.
06-15 21:43:03.379 D/ProcessState( 8215): Binder ioctl to enable oneway spam detection failed: Invalid argument
06-15 21:43:03.405 D/gralloc_nox( 1771): gralloc_alloc: Creating ashmem region of size 8298496
06-15 21:43:03.458 E/libEGL  ( 7815): called unimplemented OpenGL ES API
06-15 21:43:03.482 I/ActivityTaskManager( 1965): Displayed tech.gtt.frontapp.stb.demo/tech.gtt.frontapp.stb.m.account.activity.LoginMethodSwitchActivity: +250ms
06-15 21:43:03.600 D/UIAutomatorStub( 7760): URI: /jsonrpc/0, Method: POST, params, {NanoHttpd.QUERY_STRING=null}, files: {postData={"jsonrpc": "2.0", "id": 1, "method": "objInfo", "params": [{"mask": 2097152, "childOrSibling": [], "childOrSiblingSelector": [], "resourceId": "tech.gtt.frontapp.stb.demo:id/account_login_tv2"}]}}
06-15 21:43:03.603 D/UiDevice( 7760): Retrieving node with selector: BySelector [RES='\Qtech.gtt.frontapp.stb.demo:id/account_login_tv2\E'].
06-15 21:43:03.610 W/QueryController( 7760): Could not detect idle state.
06-15 21:43:03.620 W/QueryController( 7760): Could not detect idle state.
06-15 21:43:03.623 W/QueryController( 7760): Could not detect idle state.
06-15 21:43:03.631 W/QueryController( 7760): Could not detect idle state.
06-15 21:43:03.633 W/QueryController( 7760): Could not detect idle state.
06-15 21:43:03.636 W/QueryController( 7760): Could not detect idle state.
06-15 21:43:03.639 W/QueryController( 7760): Could not detect idle state.
06-15 21:43:03.642 W/QueryController( 7760): Could not detect idle state.
06-15 21:43:03.645 W/QueryController( 7760): Could not detect idle state.
06-15 21:43:03.649 W/QueryController( 7760): Could not detect idle state.
06-15 21:43:03.652 W/QueryController( 7760): Could not detect idle state.
06-15 21:43:03.656 W/QueryController( 7760): Could not detect idle state.
06-15 21:43:03.662 W/QueryController( 7760): Could not detect idle state.
06-15 21:43:03.665 W/QueryController( 7760): Could not detect idle state.
06-15 21:43:03.668 W/QueryController( 7760): Could not detect idle state.
06-15 21:43:03.670 W/QueryController( 7760): Could not detect idle state.
06-15 21:43:03.672 W/QueryController( 7760): Could not detect idle state.
06-15 21:43:03.672 W/QueryController( 7760): Could not detect idle state.
06-15 21:43:03.695 D/UIAutomatorStub( 7760): URI: /jsonrpc/0, Method: POST, params, {NanoHttpd.QUERY_STRING=null}, files: {postData={"jsonrpc": "2.0", "id": 1, "method": "click", "params": [1390.0, 559.0]}}
06-15 21:43:03.734 W/InputManager-JNI( 1965): Input channel object 'cd67f23 tech.gtt.frontapp.stb.demo/tech.gtt.frontapp.stb.m.home.activity.LoadingActivity (client)' was disposed without first being removed with the input manager!
06-15 21:43:03.854 I/ActivityTaskManager( 1965): START u0 {cmp=tech.gtt.frontapp.stb.demo/tech.gtt.frontapp.stb.m.account.activity.LoginActivity} from uid 10058
06-15 21:43:03.862 W/ActivityTaskManager( 1965): Tried to set launchTime (0) < mLastActivityLaunchTime (2574075)
06-15 21:43:03.872 D/AndroidAutoSize( 7815): tech.gtt.frontapp.stb.m.account.activity.LoginActivity used the global configuration.
06-15 21:43:03.872 D/AndroidAutoSize( 7815): The tech.gtt.frontapp.stb.m.account.activity.LoginActivity has been adapted! 
06-15 21:43:03.872 D/AndroidAutoSize( 7815): LoginActivity Info: isBaseOnWidth = true, designWidthInDp = 1920.000000, designWidthInSubunits = 1920.000000, targetDensity = 1.000000, targetScaledDensity = 1.000000, targetDensityDpi = 160, targetXdpi = 1.000000, targetScreenWidthDp = 1920, targetScreenHeightDp = 1032
06-15 21:43:03.883 D/UIAutomatorStub( 7760): URI: /jsonrpc/0, Method: POST, params, {NanoHttpd.QUERY_STRING=null}, files: {postData={"jsonrpc": "2.0", "id": 1, "method": "waitForExists", "params": [{"mask": 2097152, "childOrSibling": [], "childOrSiblingSelector": [], "resourceId": "tech.gtt.frontapp.stb.demo:id/loginf_et_username"}, 20000]}}
06-15 21:43:03.887 D/UiDevice( 7760): Waiting 20000ms for SearchCondition[hasObject=BySelector [RES='\Qtech.gtt.frontapp.stb.demo:id/loginf_et_username\E']].
06-15 21:43:03.887 D/UiDevice( 7760): Searching for node with selector: BySelector [RES='\Qtech.gtt.frontapp.stb.demo:id/loginf_et_username\E'].
06-15 21:43:03.888 W/QueryController( 7760): Could not detect idle state.
06-15 21:43:03.967 D/AndroidAutoSize( 7815): tech.gtt.frontapp.stb.m.account.activity.LoginActivity used the global configuration.
06-15 21:43:03.967 D/AndroidAutoSize( 7815): The tech.gtt.frontapp.stb.m.account.activity.LoginActivity has been adapted! 
06-15 21:43:03.967 D/AndroidAutoSize( 7815): LoginActivity Info: isBaseOnWidth = true, designWidthInDp = 1920.000000, designWidthInSubunits = 1920.000000, targetDensity = 1.000000, targetScaledDensity = 1.000000, targetDensityDpi = 160, targetXdpi = 1.000000, targetScreenWidthDp = 1920, targetScreenHeightDp = 1032
06-15 21:43:03.971 W/WindowManager( 1965): Failed looking up window session=Session{f66f3d0 7815:u0a10058} callers=com.android.server.wm.WindowManagerService.windowForClientLocked:5850 com.android.server.wm.Session.updateRequestedVisibilities:640 android.view.IWindowSession$Stub.onTransact:1175 
06-15 21:43:04.004 D/gralloc_nox( 1771): gralloc_alloc: Creating ashmem region of size 8298496
06-15 21:43:04.037 D/gralloc_nox( 1771): gralloc_alloc: Creating ashmem region of size 8298496
06-15 21:43:04.064 D/gralloc_nox( 1771): gralloc_alloc: Creating ashmem region of size 8298496
06-15 21:43:04.068 D/ProcessState( 8228): Binder ioctl to enable oneway spam detection failed: Invalid argument
06-15 21:43:04.082 D/UiDevice( 7760): Searching for node with selector: BySelector [RES='\Qtech.gtt.frontapp.stb.demo:id/loginf_et_username\E'].
06-15 21:43:04.084 W/QueryController( 7760): Could not detect idle state.
06-15 21:43:04.139 I/ActivityTaskManager( 1965): Displayed tech.gtt.frontapp.stb.demo/tech.gtt.frontapp.stb.m.account.activity.LoginActivity: +284ms
06-15 21:43:04.152 D/UIAutomatorStub( 7760): URI: /jsonrpc/0, Method: POST, params, {NanoHttpd.QUERY_STRING=null}, files: {postData={"jsonrpc": "2.0", "id": 1, "method": "objInfo", "params": [{"mask": 2097152, "childOrSibling": [], "childOrSiblingSelector": [], "resourceId": "tech.gtt.frontapp.stb.demo:id/loginf_et_username"}]}}
06-15 21:43:04.153 D/UiDevice( 7760): Retrieving node with selector: BySelector [RES='\Qtech.gtt.frontapp.stb.demo:id/loginf_et_username\E'].
06-15 21:43:04.153 W/QueryController( 7760): Could not detect idle state.
06-15 21:43:04.220 W/QueryController( 7760): Could not detect idle state.
06-15 21:43:04.224 W/QueryController( 7760): Could not detect idle state.
06-15 21:43:04.227 W/QueryController( 7760): Could not detect idle state.
06-15 21:43:04.235 W/QueryController( 7760): Could not detect idle state.
06-15 21:43:04.240 W/QueryController( 7760): Could not detect idle state.
06-15 21:43:04.248 W/QueryController( 7760): Could not detect idle state.
06-15 21:43:04.252 W/QueryController( 7760): Could not detect idle state.
06-15 21:43:04.254 W/QueryController( 7760): Could not detect idle state.
06-15 21:43:04.257 W/QueryController( 7760): Could not detect idle state.
06-15 21:43:04.260 W/QueryController( 7760): Could not detect idle state.
06-15 21:43:04.271 W/QueryController( 7760): Could not detect idle state.
06-15 21:43:04.277 W/QueryController( 7760): Could not detect idle state.
06-15 21:43:04.281 W/QueryController( 7760): Could not detect idle state.
06-15 21:43:04.284 W/QueryController( 7760): Could not detect idle state.
06-15 21:43:04.286 W/QueryController( 7760): Could not detect idle state.
06-15 21:43:04.287 W/QueryController( 7760): Could not detect idle state.
06-15 21:43:04.296 W/QueryController( 7760): Could not detect idle state.
06-15 21:43:04.326 D/UIAutomatorStub( 7760): URI: /jsonrpc/0, Method: POST, params, {NanoHttpd.QUERY_STRING=null}, files: {postData={"jsonrpc": "2.0", "id": 1, "method": "click", "params": [1057.0, 437.0]}}
06-15 21:43:04.398 W/SurfaceFlinger( 1783): couldn't log to binary event log: overflow.
06-15 21:43:04.512 D/CompatibilityChangeReporter( 7815): Compat change id reported: 163400105; UID 10058; state: ENABLED
06-15 21:43:04.512 D/InputMethodManager( 7815): showSoftInput() view=tech.gtt.frontapp.stb.c.ui.edittext.EmailAutoCompleteTextView{8d089f2 VFED..CL. .F.P..ID 0,0-700,92 #7f0b02ce app:id/loginf_et_username aid=1073741824} flags=0 reason=SHOW_SOFT_INPUT
06-15 21:43:04.513 V/InputMethodService( 2965): onEvaluateInputViewShown: config.hardKeyboardHidden = 2
06-15 21:43:04.513 V/InputMethodService( 2965): onEvaluateInputViewShown: config.hardKeyboardHidden = 2
06-15 21:43:04.513 I/AdbKeyboard( 2965): imeAction: 5 Next
06-15 21:43:04.537 D/gralloc_nox( 1771): gralloc_alloc: Creating ashmem region of size 647168
06-15 21:43:04.575 D/gralloc_nox( 1771): gralloc_alloc: Creating ashmem region of size 647168
06-15 21:43:04.589 D/UIAutomatorStub( 7760): URI: /jsonrpc/0, Method: POST, params, {NanoHttpd.QUERY_STRING=null}, files: {postData={"jsonrpc": "2.0", "id": 1, "method": "waitForExists", "params": [{"mask": 2097152, "childOrSibling": [], "childOrSiblingSelector": [], "resourceId": "tech.gtt.frontapp.stb.demo:id/loginf_et_username"}, 20000]}}
06-15 21:43:04.591 D/gralloc_nox( 1771): gralloc_alloc: Creating ashmem region of size 647168
06-15 21:43:04.591 D/UiDevice( 7760): Waiting 20000ms for SearchCondition[hasObject=BySelector [RES='\Qtech.gtt.frontapp.stb.demo:id/loginf_et_username\E']].
06-15 21:43:04.592 D/UiDevice( 7760): Searching for node with selector: BySelector [RES='\Qtech.gtt.frontapp.stb.demo:id/loginf_et_username\E'].
06-15 21:43:04.599 W/QueryController( 7760): Could not detect idle state.
06-15 21:43:04.614 D/ProcessState( 8237): Binder ioctl to enable oneway spam detection failed: Invalid argument
06-15 21:43:04.617 D/InsetsController( 7815): show(ime(), fromIme=true)
06-15 21:43:04.651 D/UIAutomatorStub( 7760): URI: /jsonrpc/0, Method: POST, params, {NanoHttpd.QUERY_STRING=null}, files: {postData={"jsonrpc": "2.0", "id": 1, "method": "setText", "params": [{"mask": 2097152, "childOrSibling": [], "childOrSiblingSelector": [], "resourceId": "tech.gtt.frontapp.stb.demo:id/loginf_et_username"}, "0609@ipwangxin.cn"]}}
06-15 21:43:04.651 D/UiDevice( 7760): Retrieving node with selector: BySelector [RES='\Qtech.gtt.frontapp.stb.demo:id/loginf_et_username\E'].
06-15 21:43:04.652 W/QueryController( 7760): Could not detect idle state.
06-15 21:43:04.654 W/QueryController( 7760): Could not detect idle state.
06-15 21:43:04.658 D/UiObject2( 7760): Clicking on (1057, 437).
06-15 21:43:04.686 D/InputMethodManager( 7815): showSoftInput() view=tech.gtt.frontapp.stb.c.ui.edittext.EmailAutoCompleteTextView{8d089f2 VFED..CL. .F.P.... 0,0-700,92 #7f0b02ce app:id/loginf_et_username aid=1073741824} flags=0 reason=SHOW_SOFT_INPUT
06-15 21:43:04.690 V/InputMethodService( 2965): onEvaluateInputViewShown: config.hardKeyboardHidden = 2
06-15 21:43:04.692 V/InputMethodService( 2965): onEvaluateInputViewShown: config.hardKeyboardHidden = 2
06-15 21:43:04.697 D/InsetsController( 7815): show(ime(), fromIme=true)
06-15 21:43:04.706 W/GestureController( 7760): Gestures took longer than expected (47ms >> 16ms), device might be in a busy state.
06-15 21:43:04.706 D/UiDevice( 7760): Retrieving node with selector: BySelector [RES='\Qtech.gtt.frontapp.stb.demo:id/loginf_et_username\E'].
06-15 21:43:04.707 W/QueryController( 7760): Could not detect idle state.
06-15 21:43:04.716 W/QueryController( 7760): Could not detect idle state.
06-15 21:43:04.720 D/UiObject2( 7760): Setting text to '0609@ipwangxin.cn'.
06-15 21:43:04.726 I/AdbKeyboard( 2965): imeAction: 5 Next
06-15 21:43:04.726 V/InputMethodService( 2965): onEvaluateInputViewShown: config.hardKeyboardHidden = 2
06-15 21:43:04.726 V/InputMethodService( 2965): onEvaluateInputViewShown: config.hardKeyboardHidden = 2
06-15 21:43:04.738 D/InsetsController( 7815): show(ime(), fromIme=true)
06-15 21:43:04.751 D/UIAutomatorStub( 7760): URI: /jsonrpc/0, Method: POST, params, {NanoHttpd.QUERY_STRING=null}, files: {postData={"jsonrpc": "2.0", "id": 1, "method": "waitForExists", "params": [{"mask": 2097152, "childOrSibling": [], "childOrSiblingSelector": [], "resourceId": "tech.gtt.frontapp.stb.demo:id/et_pwd"}, 20000]}}
06-15 21:43:04.754 D/UiDevice( 7760): Waiting 20000ms for SearchCondition[hasObject=BySelector [RES='\Qtech.gtt.frontapp.stb.demo:id/et_pwd\E']].
06-15 21:43:04.754 D/UiDevice( 7760): Searching for node with selector: BySelector [RES='\Qtech.gtt.frontapp.stb.demo:id/et_pwd\E'].
06-15 21:43:04.755 W/QueryController( 7760): Could not detect idle state.
06-15 21:43:04.793 D/UIAutomatorStub( 7760): URI: /jsonrpc/0, Method: POST, params, {NanoHttpd.QUERY_STRING=null}, files: {postData={"jsonrpc": "2.0", "id": 1, "method": "objInfo", "params": [{"mask": 2097152, "childOrSibling": [], "childOrSiblingSelector": [], "resourceId": "tech.gtt.frontapp.stb.demo:id/et_pwd"}]}}
06-15 21:43:04.795 D/UiDevice( 7760): Retrieving node with selector: BySelector [RES='\Qtech.gtt.frontapp.stb.demo:id/et_pwd\E'].
06-15 21:43:04.796 W/QueryController( 7760): Could not detect idle state.
06-15 21:43:04.812 W/QueryController( 7760): Could not detect idle state.
06-15 21:43:04.815 W/QueryController( 7760): Could not detect idle state.
06-15 21:43:04.818 W/QueryController( 7760): Could not detect idle state.
06-15 21:43:04.819 W/QueryController( 7760): Could not detect idle state.
06-15 21:43:04.821 W/QueryController( 7760): Could not detect idle state.
06-15 21:43:04.823 W/QueryController( 7760): Could not detect idle state.
06-15 21:43:04.826 W/QueryController( 7760): Could not detect idle state.
06-15 21:43:04.828 W/QueryController( 7760): Could not detect idle state.
06-15 21:43:04.830 W/QueryController( 7760): Could not detect idle state.
06-15 21:43:04.831 W/QueryController( 7760): Could not detect idle state.
06-15 21:43:04.832 W/QueryController( 7760): Could not detect idle state.
06-15 21:43:04.834 W/QueryController( 7760): Could not detect idle state.
06-15 21:43:04.836 W/QueryController( 7760): Could not detect idle state.
06-15 21:43:04.837 W/QueryController( 7760): Could not detect idle state.
06-15 21:43:04.839 W/QueryController( 7760): Could not detect idle state.
06-15 21:43:04.841 W/QueryController( 7760): Could not detect idle state.
06-15 21:43:04.845 W/QueryController( 7760): Could not detect idle state.
06-15 21:43:04.854 D/UIAutomatorStub( 7760): URI: /jsonrpc/0, Method: POST, params, {NanoHttpd.QUERY_STRING=null}, files: {postData={"jsonrpc": "2.0", "id": 1, "method": "click", "params": [1057.0, 559.0]}}
06-15 21:43:04.876 W/NotificationHistory( 1965): Attempted to add notif for locked/gone/disabled user 0
06-15 21:43:04.888 D/InterruptionStateProvider( 2130): No bubble up: not allowed to bubble: -1|android|8|null|1000
06-15 21:43:04.888 D/InterruptionStateProvider( 2130): No heads up: unimportant notification: -1|android|8|null|1000
06-15 21:43:04.888 D/PeopleSpaceWidgetMgr( 2130): Sbn doesn't contain valid PeopleTileKey: null/-1/android
06-15 21:43:04.913 D/InterruptionStateProvider( 2130): No bubble up: not allowed to bubble: -1|android|8|null|1000
06-15 21:43:04.914 D/InterruptionStateProvider( 2130): No heads up: unimportant notification: -1|android|8|null|1000
06-15 21:43:04.917 D/PeopleSpaceWidgetMgr( 2130): Sbn doesn't contain valid PeopleTileKey: null/-1/android
06-15 21:43:04.931 D/InterruptionStateProvider( 2130): No bubble up: not allowed to bubble: -1|android|8|null|1000
06-15 21:43:04.932 D/InterruptionStateProvider( 2130): No heads up: unimportant notification: -1|android|8|null|1000
06-15 21:43:04.935 D/PeopleSpaceWidgetMgr( 2130): Sbn doesn't contain valid PeopleTileKey: null/-1/android
06-15 21:43:04.969 I/AdbKeyboard( 2965): imeAction: 5 Next
06-15 21:43:04.971 V/InputMethodService( 2965): onEvaluateInputViewShown: config.hardKeyboardHidden = 2
06-15 21:43:04.971 V/InputMethodService( 2965): onEvaluateInputViewShown: config.hardKeyboardHidden = 2
06-15 21:43:04.972 D/InputMethodManager( 7815): showSoftInput() view=tech.gtt.frontapp.stb.c.ui.edittext.NormalFocusEditText{5ce86ec VFED..CL. .F.P..ID 0,0-700,92 #7f0b0172 app:id/et_pwd aid=1073741826} flags=0 reason=SHOW_SOFT_INPUT
06-15 21:43:04.972 V/InputMethodService( 2965): onEvaluateInputViewShown: config.hardKeyboardHidden = 2
06-15 21:43:04.972 V/InputMethodService( 2965): onEvaluateInputViewShown: config.hardKeyboardHidden = 2
06-15 21:43:04.984 D/InsetsController( 7815): show(ime(), fromIme=true)
06-15 21:43:04.984 D/InsetsController( 7815): show(ime(), fromIme=true)
06-15 21:43:05.016 D/UIAutomatorStub( 7760): URI: /jsonrpc/0, Method: POST, params, {NanoHttpd.QUERY_STRING=null}, files: {postData={"jsonrpc": "2.0", "id": 1, "method": "waitForExists", "params": [{"mask": 2097152, "childOrSibling": [], "childOrSiblingSelector": [], "resourceId": "tech.gtt.frontapp.stb.demo:id/et_pwd"}, 20000]}}
06-15 21:43:05.019 D/UiDevice( 7760): Waiting 20000ms for SearchCondition[hasObject=BySelector [RES='\Qtech.gtt.frontapp.stb.demo:id/et_pwd\E']].
06-15 21:43:05.020 D/UiDevice( 7760): Searching for node with selector: BySelector [RES='\Qtech.gtt.frontapp.stb.demo:id/et_pwd\E'].
06-15 21:43:05.021 W/QueryController( 7760): Could not detect idle state.
06-15 21:43:05.066 D/UIAutomatorStub( 7760): URI: /jsonrpc/0, Method: POST, params, {NanoHttpd.QUERY_STRING=null}, files: {postData={"jsonrpc": "2.0", "id": 1, "method": "setText", "params": [{"mask": 2097152, "childOrSibling": [], "childOrSiblingSelector": [], "resourceId": "tech.gtt.frontapp.stb.demo:id/et_pwd"}, "123456"]}}
06-15 21:43:05.067 D/UiDevice( 7760): Retrieving node with selector: BySelector [RES='\Qtech.gtt.frontapp.stb.demo:id/et_pwd\E'].
06-15 21:43:05.067 W/QueryController( 7760): Could not detect idle state.
06-15 21:43:05.070 W/QueryController( 7760): Could not detect idle state.
06-15 21:43:05.072 D/UiObject2( 7760): Clicking on (1057, 559).
06-15 21:43:05.092 D/InputMethodManager( 7815): showSoftInput() view=tech.gtt.frontapp.stb.c.ui.edittext.NormalFocusEditText{5ce86ec VFED..CL. .F.P.... 0,0-700,92 #7f0b0172 app:id/et_pwd aid=1073741826} flags=0 reason=SHOW_SOFT_INPUT
06-15 21:43:05.093 V/InputMethodService( 2965): onEvaluateInputViewShown: config.hardKeyboardHidden = 2
06-15 21:43:05.093 V/InputMethodService( 2965): onEvaluateInputViewShown: config.hardKeyboardHidden = 2
06-15 21:43:05.095 D/InsetsController( 7815): show(ime(), fromIme=true)
06-15 21:43:05.106 W/GestureController( 7760): Gestures took longer than expected (34ms >> 16ms), device might be in a busy state.
06-15 21:43:05.110 D/UiDevice( 7760): Retrieving node with selector: BySelector [RES='\Qtech.gtt.frontapp.stb.demo:id/et_pwd\E'].
06-15 21:43:05.111 W/QueryController( 7760): Could not detect idle state.
06-15 21:43:05.118 W/QueryController( 7760): Could not detect idle state.
06-15 21:43:05.119 D/UiObject2( 7760): Setting text to '123456'.
06-15 21:43:05.126 I/AdbKeyboard( 2965): imeAction: 5 Next
06-15 21:43:05.126 V/InputMethodService( 2965): onEvaluateInputViewShown: config.hardKeyboardHidden = 2
06-15 21:43:05.126 V/InputMethodService( 2965): onEvaluateInputViewShown: config.hardKeyboardHidden = 2
06-15 21:43:05.135 D/InsetsController( 7815): show(ime(), fromIme=true)
06-15 21:43:05.158 D/UIAutomatorStub( 7760): URI: /jsonrpc/0, Method: POST, params, {NanoHttpd.QUERY_STRING=null}, files: {postData={"jsonrpc": "2.0", "id": 1, "method": "count", "params": [{"mask": 2097152, "childOrSibling": [], "childOrSiblingSelector": [], "resourceId": "tech.gtt.frontapp.stb.demo:id/loginf_tv_login"}]}}
06-15 21:43:05.160 D/UiObject( 7760): Waiting 0ms for UiSelector[RESOURCE_ID=tech.gtt.frontapp.stb.demo:id/loginf_tv_login].
06-15 21:43:05.161 W/QueryController( 7760): Could not detect idle state.
06-15 21:43:05.164 I/QueryController( 7760): Matched selector: UiSelector[RESOURCE_ID=tech.gtt.frontapp.stb.demo:id/loginf_tv_login] <<==>> [android.view.accessibility.AccessibilityNodeInfo@22978; boundsInParent: Rect(0, 0 - 808, 92); boundsInScreen: Rect(707, 722 - 1515, 814); packageName: tech.gtt.frontapp.stb.demo; className: android.widget.TextView; text: Login; error: null; maxTextLength: -1; stateDescription: null; contentDescription: null; tooltipText: null; viewIdResName: tech.gtt.frontapp.stb.demo:id/loginf_tv_login; checkable: false; checked: false; focusable: true; focused: false; selected: false; clickable: true; longClickable: false; contextClickable: false; enabled: true; password: false; scrollable: false; importantForAccessibility: true; visible: true; actions: [AccessibilityAction: ACTION_FOCUS - null, AccessibilityAction: ACTION_SELECT - null, AccessibilityAction: ACTION_CLEAR_SELECTION - null, AccessibilityAction: ACTION_CLICK - null, AccessibilityAction: ACTION_ACCESSIBILITY_FOCUS - null, AccessibilityAction: ACTION_NEXT_AT_MOVEMENT_GRANULARITY - null, AccessibilityAction: ACTION_PREVIOUS_AT_MOVEMENT_GRANULARITY - null, AccessibilityAction: ACTION_SET_SELECTION - null, AccessibilityAction: ACTION_SHOW_ON_SCREEN - null]]
06-15 21:43:05.164 D/UiObject( 7760): Waiting 0ms for UiSelector[INSTANCE=1, RESOURCE_ID=tech.gtt.frontapp.stb.demo:id/loginf_tv_login].
06-15 21:43:05.164 W/QueryController( 7760): Could not detect idle state.
