--------- beginning of main
06-18 13:36:45.159 D/ProcessState(16066): Binder ioctl to enable oneway spam detection failed: Invalid argument
--------- beginning of system
06-18 13:36:45.161 I/ActivityManager( 1936): Force stopping tech.gtt.frontapp.stb.demo appid=10058 user=0: clear data
06-18 13:36:45.162 I/ActivityManager( 1936): Force stopping tech.gtt.frontapp.stb.demo appid=10058 user=-1: clearApplicationUserData
06-18 13:36:45.172 D/CompatibilityChangeReporter( 1936): Compat change id reported: 135634846; UID 10019; state: DISABLED
06-18 13:36:45.172 D/CompatibilityChangeReporter( 1936): Compat change id reported: 177438394; UID 10019; state: DISABLED
06-18 13:36:45.172 D/CompatibilityChangeReporter( 1936): Compat change id reported: 135772972; UID 10019; state: DISABLED
06-18 13:36:45.173 D/CompatibilityChangeReporter( 1936): Compat change id reported: 135754954; UID 10019; state: ENABLED
06-18 13:36:45.173 D/CompatibilityChangeReporter( 1936): Compat change id reported: 143937733; UID 10019; state: ENABLED
06-18 13:36:45.176 D/Zygote  ( 1756): Forked child process 16072
06-18 13:36:45.176 I/ActivityManager( 1936): Start proc 16072:com.android.documentsui/u0a19 for broadcast {com.android.documentsui/com.android.documentsui.PackageReceiver}
06-18 13:36:45.178 I/Zygote  (16072): seccomp disabled by setenforce 0
06-18 13:36:45.180 W/oid.documentsu(16072): Unexpected CPU variant for X86 using defaults: x86_64
06-18 13:36:45.184 D/ProcessState(16072): Binder ioctl to enable oneway spam detection failed: Invalid argument
06-18 13:36:45.195 E/ashmem  (16072): memfd: ro.vndk.version not defined or invalid (), this is mandated since P.
06-18 13:36:45.196 D/CompatibilityChangeReporter(16072): Compat change id reported: 171979766; UID 10019; state: DISABLED
06-18 13:36:45.244 V/GraphicsEnvironment(16072): ANGLE Developer option for 'com.android.documentsui' set to: 'default'
06-18 13:36:45.244 V/GraphicsEnvironment(16072): ANGLE GameManagerService for com.android.documentsui: false
06-18 13:36:45.244 V/GraphicsEnvironment(16072): Neither updatable production driver nor prerelease driver is supported.
06-18 13:36:45.246 D/NetworkSecurityConfig(16072): No Network Security Config specified, using platform default
06-18 13:36:45.247 D/NetworkSecurityConfig(16072): No Network Security Config specified, using platform default
06-18 13:36:45.278 D/DocumentsApplication(16072): OverlayManager.setEnabled() result: true
06-18 13:36:45.278 D/CompatibilityChangeReporter( 1936): Compat change id reported: 135634846; UID 10053; state: DISABLED
06-18 13:36:45.278 D/CompatibilityChangeReporter( 1936): Compat change id reported: 177438394; UID 10053; state: DISABLED
06-18 13:36:45.279 D/CompatibilityChangeReporter( 1936): Compat change id reported: 135772972; UID 10053; state: DISABLED
06-18 13:36:45.279 D/CompatibilityChangeReporter( 1936): Compat change id reported: 135754954; UID 10053; state: ENABLED
06-18 13:36:45.279 D/CompatibilityChangeReporter( 1936): Compat change id reported: 143937733; UID 10053; state: ENABLED
06-18 13:36:45.282 D/Zygote  ( 1756): Forked child process 16100
06-18 13:36:45.283 I/ActivityManager( 1936): Start proc 16100:com.android.permissioncontroller/u0a53 for broadcast {com.android.permissioncontroller/com.android.permissioncontroller.permission.service.LocationAccessCheck$PackageResetHandler}
06-18 13:36:45.285 I/Zygote  (16100): seccomp disabled by setenforce 0
06-18 13:36:45.287 W/ssioncontrolle(16100): Unexpected CPU variant for X86 using defaults: x86_64
06-18 13:36:45.288 D/AndroidRuntime(16091): >>>>>> START com.android.internal.os.RuntimeInit uid 0 <<<<<<
06-18 13:36:45.294 D/ProcessState(16100): Binder ioctl to enable oneway spam detection failed: Invalid argument
06-18 13:36:45.294 I/AndroidRuntime(16091): Using default boot image
06-18 13:36:45.294 I/AndroidRuntime(16091): Leaving lock profiling enabled
06-18 13:36:45.296 W/app_process(16091): ART APEX data files are untrusted.
06-18 13:36:45.296 I/app_process(16091): Core platform API reporting enabled, enforcing=false
06-18 13:36:45.332 E/ashmem  (16100): memfd: ro.vndk.version not defined or invalid (), this is mandated since P.
06-18 13:36:45.338 D/CompatibilityChangeReporter(16100): Compat change id reported: 171979766; UID 10053; state: ENABLED
06-18 13:36:45.356 V/GraphicsEnvironment(16100): ANGLE Developer option for 'com.android.permissioncontroller' set to: 'default'
06-18 13:36:45.356 V/GraphicsEnvironment(16100): ANGLE GameManagerService for com.android.permissioncontroller: false
06-18 13:36:45.356 V/GraphicsEnvironment(16100): Neither updatable production driver nor prerelease driver is supported.
06-18 13:36:45.358 D/NetworkSecurityConfig(16100): No Network Security Config specified, using platform default
06-18 13:36:45.358 D/NetworkSecurityConfig(16100): No Network Security Config specified, using platform default
06-18 13:36:45.380 D/app_process(16091): Time zone APEX ICU file found: /apex/com.android.tzdata/etc/icu/icu_tzdata.dat
06-18 13:36:45.380 D/app_process(16091): I18n APEX ICU file found: /apex/com.android.i18n/etc/icu/icudt68l.dat
06-18 13:36:45.386 W/app_process(16091): Unexpected CPU variant for X86 using defaults: x86_64
06-18 13:36:45.391 I/MediaProvider( 2560): Begin Intent { act=android.intent.action.PACKAGE_DATA_CLEARED dat=package:tech.gtt.frontapp.stb.demo flg=0x1000010 cmp=com.android.providers.media.module/com.android.providers.media.MediaService (has extras) }
06-18 13:36:45.391 D/MediaProvider( 2560): Deleted 0 Android/media items belonging to tech.gtt.frontapp.stb.demo on /data/user/0/com.android.providers.media.module/databases/external.db
06-18 13:36:45.391 I/MediaProvider( 2560): End Intent { act=android.intent.action.PACKAGE_DATA_CLEARED dat=package:tech.gtt.frontapp.stb.demo flg=0x1000010 cmp=com.android.providers.media.module/com.android.providers.media.MediaService (has extras) }
06-18 13:36:45.402 D/ProcessState(16091): Binder ioctl to enable oneway spam detection failed: Invalid argument
06-18 13:36:45.402 D/AndroidRuntime(16091): Calling main entry com.android.commands.monkey.Monkey
06-18 13:36:45.403 W/Monkey  (16091): args: [-p, tech.gtt.frontapp.stb.demo, -c, android.intent.category.LAUNCHER, 1]
06-18 13:36:45.403 W/Monkey  (16091):  arg: "-p"
06-18 13:36:45.403 W/Monkey  (16091):  arg: "tech.gtt.frontapp.stb.demo"
06-18 13:36:45.403 W/Monkey  (16091):  arg: "-c"
06-18 13:36:45.403 W/Monkey  (16091):  arg: "android.intent.category.LAUNCHER"
06-18 13:36:45.403 W/Monkey  (16091):  arg: "1"
06-18 13:36:45.403 W/Monkey  (16091): data="tech.gtt.frontapp.stb.demo"
06-18 13:36:45.403 W/Monkey  (16091): data="android.intent.category.LAUNCHER"
06-18 13:36:45.435 W/BroadcastQueue( 1936): Skipping deliver [background] BroadcastRecord{b62d765 u-1 android.net.conn.CONNECTIVITY_CHANGE} to ReceiverList{3d4ac3a 16091 (unknown name)/0/u-1 remote:4f3f6cf}: process gone or crashing
06-18 13:36:45.440 I/ActivityTaskManager( 1936): START u0 {act=android.intent.action.MAIN cat=[android.intent.category.LAUNCHER] flg=0x10200000 cmp=tech.gtt.frontapp.stb.demo/tech.gtt.frontapp.stb.m.home.activity.SplashActivity} from uid 0
06-18 13:36:45.441 W/ActivityTaskManager( 1936): Can't find TaskDisplayArea to determine support for multi window. Task id=30 attached=false
06-18 13:36:45.460 D/CompatibilityChangeReporter( 1936): Compat change id reported: 135634846; UID 10058; state: DISABLED
06-18 13:36:45.461 D/CompatibilityChangeReporter( 1936): Compat change id reported: 143937733; UID 10058; state: ENABLED
06-18 13:36:45.462 I/Monkey  (16091): Events injected: 1
06-18 13:36:45.475 I/Monkey  (16091): ## Network stats: elapsed time=34ms (0ms mobile, 0ms wifi, 34ms not connected)
06-18 13:36:45.479 D/gralloc_nox( 1767): gralloc_alloc: Creating ashmem region of size 8298496
06-18 13:36:45.509 D/Zygote  ( 1756): Forked child process 16133
06-18 13:36:45.510 I/app_process(16091): System.exit called, status: 0
06-18 13:36:45.510 I/AndroidRuntime(16091): VM exiting with result code 0.
06-18 13:36:45.510 W/ActivityManager( 1936): Slow operation: 55ms so far, now at startProcess: returned from zygote!
06-18 13:36:45.510 W/ActivityManager( 1936): Slow operation: 55ms so far, now at startProcess: done updating battery stats
06-18 13:36:45.510 W/ActivityManager( 1936): Slow operation: 55ms so far, now at startProcess: building log message
06-18 13:36:45.510 I/ActivityManager( 1936): Start proc 16133:tech.gtt.frontapp.stb.demo/u0a58 for pre-top-activity {tech.gtt.frontapp.stb.demo/tech.gtt.frontapp.stb.m.home.activity.SplashActivity}
06-18 13:36:45.510 W/ActivityManager( 1936): Slow operation: 55ms so far, now at startProcess: starting to update pids map
06-18 13:36:45.510 W/ActivityManager( 1936): Slow operation: 55ms so far, now at startProcess: done updating pids map
06-18 13:36:45.513 I/Zygote  (16133): seccomp disabled by setenforce 0
06-18 13:36:45.522 W/ontapp.stb.dem(16133): Unexpected CPU variant for X86 using defaults: x86_64
06-18 13:36:45.532 D/ProcessState(16133): Binder ioctl to enable oneway spam detection failed: Invalid argument
06-18 13:36:45.540 D/gralloc_nox( 1767): gralloc_alloc: Creating ashmem region of size 8298496
06-18 13:36:45.557 E/ashmem  (16133): memfd: ro.vndk.version not defined or invalid (), this is mandated since P.
06-18 13:36:45.558 D/CompatibilityChangeReporter(16133): Compat change id reported: 171979766; UID 10058; state: ENABLED
06-18 13:36:45.595 D/gralloc_nox( 1767): gralloc_alloc: Creating ashmem region of size 8298496
06-18 13:36:45.601 V/GraphicsEnvironment(16133): ANGLE Developer option for 'tech.gtt.frontapp.stb.demo' set to: 'default'
06-18 13:36:45.604 V/GraphicsEnvironment(16133): ANGLE GameManagerService for tech.gtt.frontapp.stb.demo: false
06-18 13:36:45.605 V/GraphicsEnvironment(16133): Neither updatable production driver nor prerelease driver is supported.
06-18 13:36:45.613 D/NetworkSecurityConfig(16133): Using Network Security Config from resource network_security_config debugBuild: false
06-18 13:36:45.613 D/NetworkSecurityConfig(16133): Using Network Security Config from resource network_security_config debugBuild: false
06-18 13:36:45.628 I/MultiDex(16133): VM with version 2.1.0 has multidex support
06-18 13:36:45.628 I/MultiDex(16133): Installing application
06-18 13:36:45.628 I/MultiDex(16133): VM has multidex support, MultiDex support library is disabled.
06-18 13:36:45.628 E/[Package](16133): params: AppConfiguration(vnoId='11026504', brandId='d0k7d3p3kdikth2o3q6g', appId='d0jucrbq6bt4h33c0ma0', sourceId='30006401-31002837', authServers='https://gtt-app-apigateway-lion.vdemosit.com', shareKey='S2kQMgUSugYyMlk5QclHDaF0uDsFnB0oJoFeAFgsKb8=', packageName='tech.gtt.frontapp.stb.demo', appName='Goose TV', appVersionName='v1.0.0', appVersionCode='7', pluginVersionCode='1', pluginVersionName='6.0.0-beta-build5', packageSeq='1', buglyAppId='d76a04165f', buglyKey='13b89b2d-1c12-4c4f-93b8-46e3c2ef9f73', baseVersionCode='20000066', gitTag='2.1.4-beta6', supportLang='en,pt,es', defaultLang='en', bootLoadType='1')
06-18 13:36:45.629 W/System.err(16133): java.lang.ClassNotFoundException: tech.gtt.frontapp.stb.docker.plugin.PluginUtils
06-18 13:36:45.629 W/System.err(16133): 	at java.lang.Class.classForName(Native Method)
06-18 13:36:45.629 W/System.err(16133): 	at java.lang.Class.forName(Class.java:454)
06-18 13:36:45.629 W/System.err(16133): 	at java.lang.Class.forName(Class.java:379)
06-18 13:36:45.629 W/System.err(16133): 	at ot.e.b(SourceFile:3)
06-18 13:36:45.629 W/System.err(16133): 	at tech.gtt.frontapp.stb.app.MainApplication.attachBaseContext(SourceFile:130)
06-18 13:36:45.629 W/System.err(16133): 	at android.app.Application.attach(Application.java:338)
06-18 13:36:45.629 W/System.err(16133): 	at android.app.Instrumentation.newApplication(Instrumentation.java:1190)
06-18 13:36:45.629 W/System.err(16133): 	at android.app.LoadedApk.makeApplication(LoadedApk.java:1361)
06-18 13:36:45.629 W/System.err(16133): 	at android.app.ActivityThread.handleBindApplication(ActivityThread.java:6728)
06-18 13:36:45.629 W/System.err(16133): 	at android.app.ActivityThread.access$1500(ActivityThread.java:256)
06-18 13:36:45.629 W/System.err(16133): 	at android.app.ActivityThread$H.handleMessage(ActivityThread.java:2091)
06-18 13:36:45.629 W/System.err(16133): 	at android.os.Handler.dispatchMessage(Handler.java:106)
06-18 13:36:45.629 W/System.err(16133): 	at android.os.Looper.loopOnce(Looper.java:201)
06-18 13:36:45.629 W/System.err(16133): 	at android.os.Looper.loop(Looper.java:288)
06-18 13:36:45.629 W/System.err(16133): 	at android.app.ActivityThread.main(ActivityThread.java:7875)
06-18 13:36:45.629 W/System.err(16133): 	at java.lang.reflect.Method.invoke(Native Method)
06-18 13:36:45.629 W/System.err(16133): 	at com.android.internal.os.RuntimeInit$MethodAndArgsCaller.run(RuntimeInit.java:568)
06-18 13:36:45.629 W/System.err(16133): 	at com.android.internal.os.ZygoteInit.main(ZygoteInit.java:1005)
06-18 13:36:45.629 W/System.err(16133): Caused by: java.lang.ClassNotFoundException: tech.gtt.frontapp.stb.docker.plugin.PluginUtils
06-18 13:36:45.629 W/System.err(16133): 	... 18 more
06-18 13:36:45.629 E/[Package](16133): isInPluginMode: false
06-18 13:36:45.631 I/CustomActivityOnCrash(16133): CustomActivityOnCrash has been installed.
06-18 13:36:45.634 I/System.out(16133): Modular_Init : a - initialize
06-18 13:36:45.636 I/System.out(16133): Modular_Init : d - initialize
06-18 13:36:45.639 I/System.out(16133): Modular_Init : a - initialize
06-18 13:36:45.641 I/System.out(16133): Modular_Init : a - initialize
06-18 13:36:45.641 D/[CatchupInitModule](16133): init---
06-18 13:36:45.641 I/System.out(16133): Modular_Init : a - initialize
06-18 13:36:45.641 D/[ReplayInitialize](16133): init---
06-18 13:36:45.641 I/System.out(16133): Modular_Init : a - initialize
06-18 13:36:45.641 D/[LiveInitialize](16133): init---
06-18 13:36:45.641 I/System.out(16133): Modular_Init : b - initialize
06-18 13:36:45.642 D/AndroidAutoSize(16133): designWidthInDp = 360, designHeightInDp = 640, screenWidth = 1920, screenHeight = 1080
06-18 13:36:45.642 D/AndroidAutoSize(16133): initDensity = 2.0, initScaledDensity = 2.0
06-18 13:36:45.715 D/AndroidAutoSize(16133): tech.gtt.frontapp.stb.m.home.activity.SplashActivity used the global configuration.
06-18 13:36:45.726 D/AndroidAutoSize(16133): The tech.gtt.frontapp.stb.m.home.activity.SplashActivity has been adapted! 
06-18 13:36:45.726 D/AndroidAutoSize(16133): SplashActivity Info: isBaseOnWidth = true, designWidthInDp = 1920.000000, designWidthInSubunits = 1920.000000, targetDensity = 1.000000, targetScaledDensity = 1.000000, targetDensityDpi = 160, targetXdpi = 1.000000, targetScreenWidthDp = 1920, targetScreenHeightDp = 1032
06-18 13:36:45.787 D/AndroidAutoSize(16133): tech.gtt.frontapp.stb.m.home.activity.SplashActivity used the global configuration.
06-18 13:36:45.787 D/AndroidAutoSize(16133): The tech.gtt.frontapp.stb.m.home.activity.SplashActivity has been adapted! 
06-18 13:36:45.787 D/AndroidAutoSize(16133): SplashActivity Info: isBaseOnWidth = true, designWidthInDp = 1920.000000, designWidthInSubunits = 1920.000000, targetDensity = 1.000000, targetScaledDensity = 1.000000, targetDensityDpi = 160, targetXdpi = 1.000000, targetScreenWidthDp = 1920, targetScreenHeightDp = 1032
06-18 13:36:45.797 I/ActivityTaskManager( 1936): START u0 {act=android.content.pm.action.REQUEST_PERMISSIONS pkg=com.android.permissioncontroller cmp=com.android.permissioncontroller/.permission.ui.GrantPermissionsActivity (has extras)} from uid 10058
06-18 13:36:45.799 D/CompatibilityChangeReporter( 1936): Compat change id reported: 174042980; UID 10053; state: DISABLED
06-18 13:36:45.801 D/CompatibilityChangeReporter( 1936): Compat change id reported: 184838306; UID 10053; state: DISABLED
06-18 13:36:45.802 D/CompatibilityChangeReporter( 1936): Compat change id reported: 185004937; UID 10053; state: DISABLED
06-18 13:36:45.804 D/CompatibilityChangeReporter( 1936): Compat change id reported: 181136395; UID 10053; state: DISABLED
06-18 13:36:45.804 D/CompatibilityChangeReporter( 1936): Compat change id reported: 174042936; UID 10053; state: DISABLED
06-18 13:36:45.833 D/ontapp.stb.dem(16133): createUnique: call
06-18 13:36:45.873 D/ontapp.stb.dem(16133): HostComposition ext GL_OES_EGL_image GL_OES_EGL_image_external GL_OES_depth24 GL_OES_depth32 GL_OES_element_index_uint GL_OES_texture_float GL_OES_texture_float_linear GL_OES_compressed_paletted_texture GL_OES_compressed_ETC1_RGB8_texture GL_OES_depth_texture GL_EXT_texture_format_BGRA8888 GL_APPLE_texture_format_BGRA8888 GL_OES_texture_half_float GL_EXT_robustness GL_OES_texture_half_float_linear GL_OES_packed_depth_stencil GL_OES_vertex_half_float GL_OES_texture_npot GL_OES_rgb8_rgba8 GL_EXT_color_buffer_float GL_EXT_texture_sRGB_decode ANDROID_gles_max_version_3_1 GL_OES_vertex_array_object GL_EXT_texture_buffer GL_EXT_copy_image GL_KHR_texture_compression_astc_ldr GL_KHR_texture_compression_astc_hdr GL_OES_texture_compression_astc GL_OES_EGL_image_external
06-18 13:36:45.874 D/hw-ProcessState(16133): Binder ioctl to enable oneway spam detection failed: Invalid argument
06-18 13:36:45.877 W/OpenGLRenderer(16133): Failed to initialize 101010-2 format, error = EGL_SUCCESS
06-18 13:36:45.877 D/EGL_emulation(16133): rcCreateContext wated version 2.0  rc:4
06-18 13:36:45.885 D/ProcessState(16169): Binder ioctl to enable oneway spam detection failed: Invalid argument
06-18 13:36:45.919 D/EGL_emulation(16133): eglMakeCurrent: 0x74841c046d30: ver 3 2 (tinfo 0x74839c04c780) (first time)
06-18 13:36:45.922 E/HWComposer( 1779): getSupportedContentTypes: getSupportedContentTypes failed for display 0: Unsupported (8)
06-18 13:36:45.922 I/hwservicemanager( 1567): getTransport: Cannot find entry android.hardware.graphics.mapper@4.0::IMapper/default in either framework or device VINTF manifest.
06-18 13:36:45.923 I/Gralloc4(16133): mapper 4.x is not supported
06-18 13:36:45.923 I/hwservicemanager( 1567): getTransport: Cannot find entry android.hardware.graphics.mapper@3.0::IMapper/default in either framework or device VINTF manifest.
06-18 13:36:45.923 W/Gralloc3(16133): mapper 3.x is not supported
06-18 13:36:45.924 I/hwservicemanager( 1567): getTransport: Cannot find entry android.hardware.graphics.allocator@4.0::IAllocator/default in either framework or device VINTF manifest.
06-18 13:36:45.924 W/Gralloc4(16133): allocator 4.x is not supported
06-18 13:36:45.924 I/hwservicemanager( 1567): getTransport: Cannot find entry android.hardware.graphics.allocator@3.0::IAllocator/default in either framework or device VINTF manifest.
06-18 13:36:45.924 W/Gralloc3(16133): allocator 3.x is not supported
06-18 13:36:45.925 D/gralloc_nox( 1767): gralloc_alloc: Creating ashmem region of size 8298496
06-18 13:36:45.954 D/ontapp.stb.dem(16133): createUnique: call
06-18 13:36:45.954 D/ontapp.stb.dem(16133): HostComposition ext GL_OES_EGL_image GL_OES_EGL_image_external GL_OES_depth24 GL_OES_depth32 GL_OES_element_index_uint GL_OES_texture_float GL_OES_texture_float_linear GL_OES_compressed_paletted_texture GL_OES_compressed_ETC1_RGB8_texture GL_OES_depth_texture GL_EXT_texture_format_BGRA8888 GL_APPLE_texture_format_BGRA8888 GL_OES_texture_half_float GL_EXT_robustness GL_OES_texture_half_float_linear GL_OES_packed_depth_stencil GL_OES_vertex_half_float GL_OES_texture_npot GL_OES_rgb8_rgba8 GL_EXT_color_buffer_float GL_EXT_texture_sRGB_decode ANDROID_gles_max_version_3_1 GL_OES_vertex_array_object GL_EXT_texture_buffer GL_EXT_copy_image GL_KHR_texture_compression_astc_ldr GL_KHR_texture_compression_astc_hdr GL_OES_texture_compression_astc GL_OES_EGL_image_external
06-18 13:36:45.955 D/gralloc_nox( 1767): gralloc_alloc: Creating ashmem region of size 8298496
06-18 13:36:46.010 D/gralloc_nox( 1767): gralloc_alloc: Creating ashmem region of size 8298496
06-18 13:36:46.091 E/libEGL  (16133): called unimplemented OpenGL ES API
06-18 13:36:46.239 I/BackgroundDexOptService( 1936): Performing idle optimizations
06-18 13:36:46.291 D/CompatibilityChangeReporter(16100): Compat change id reported: 171228096; UID 10053; state: ENABLED
06-18 13:36:46.435 W/InputManager-JNI( 1936): Input channel object '25a56f4 Splash Screen tech.gtt.frontapp.stb.demo (client)' was disposed without first being removed with the input manager!
06-18 13:36:46.505 I/ActivityTaskManager( 1936): Displayed com.android.permissioncontroller/.permission.ui.GrantPermissionsActivity: +1s54ms
06-18 13:36:46.525 D/ProcessState(16201): Binder ioctl to enable oneway spam detection failed: Invalid argument
06-18 13:36:46.593 I/PackageDexOptimizer( 1936): Running dexopt (dexoptNeeded=3) on: /system/app/InputService/inputService.apk pkg=com.android.inputmethod.pinyin isa=x86_64 dexoptFlags=boot_complete,profile_guided,idle_background_job,enable_hidden_api_checks targetFilter=speed-profile oatDir=null classLoaderContext=PCL[]{PCL[/system/framework/android.test.base.jar]#PCL[/system/framework/android.hidl.manager-V1.0-java.jar]#PCL[/system/framework/android.hidl.base-V1.0-java.jar]}
06-18 13:36:46.594 V/installd( 1806): DexInv: --- BEGIN '/system/app/InputService/inputService.apk' ---
06-18 13:36:46.594 V/installd( 1806): Running /apex/com.android.art/bin/dex2oat32 in=inputService.apk out=/data/dalvik-cache/x86_64/system@app@InputService@inputService.apk@classes.dex
06-18 13:36:46.599 W/libprocessgroup(16209): Failed to open /dev/blkio/background/tasks: No such file or directory
06-18 13:36:46.617 W/dex2oat32(16209): Unexpected CPU variant for X86 using defaults: x86_64
06-18 13:36:46.619 I/dex2oat32(16209): /apex/com.android.art/bin/dex2oat32 --input-vdex-fd=9 --output-vdex-fd=10 --profile-file-fd=12 --classpath-dir=/system/app/InputService --class-loader-context=PCL[]{PCL[/system/framework/android.test.base.jar]#PCL[/system/framework/android.hidl.manager-V1.0-java.jar]#PCL[/system/framework/android.hidl.base-V1.0-java.jar]} --compiler-filter=speed-profile --compilation-reason=bg-dexopt --max-image-block-size=524288 --resolve-startup-const-strings=true --generate-mini-debug-info
06-18 13:36:46.625 D/hw-ProcessState(16100): Binder ioctl to enable oneway spam detection failed: Invalid argument
06-18 13:36:46.625 I/hwservicemanager( 1567): getTransport: Cannot find entry android.hardware.graphics.mapper@4.0::IMapper/default in either framework or device VINTF manifest.
06-18 13:36:46.625 I/Gralloc4(16100): mapper 4.x is not supported
06-18 13:36:46.625 I/hwservicemanager( 1567): getTransport: Cannot find entry android.hardware.graphics.mapper@3.0::IMapper/default in either framework or device VINTF manifest.
06-18 13:36:46.625 W/Gralloc3(16100): mapper 3.x is not supported
06-18 13:36:46.627 I/hwservicemanager( 1567): getTransport: Cannot find entry android.hardware.graphics.allocator@4.0::IAllocator/default in either framework or device VINTF manifest.
06-18 13:36:46.627 W/Gralloc4(16100): allocator 4.x is not supported
06-18 13:36:46.627 I/hwservicemanager( 1567): getTransport: Cannot find entry android.hardware.graphics.allocator@3.0::IAllocator/default in either framework or device VINTF manifest.
06-18 13:36:46.627 W/Gralloc3(16100): allocator 3.x is not supported
06-18 13:36:46.627 D/gralloc_nox( 1767): gralloc_alloc: Creating ashmem region of size 5496832
06-18 13:36:46.645 D/ssioncontrolle(16100): createUnique: call
06-18 13:36:46.670 W/dex2oat32(16209): ART APEX data files are untrusted.
06-18 13:36:46.689 D/ssioncontrolle(16100): HostComposition ext GL_OES_EGL_image GL_OES_EGL_image_external GL_OES_depth24 GL_OES_depth32 GL_OES_element_index_uint GL_OES_texture_float GL_OES_texture_float_linear GL_OES_compressed_paletted_texture GL_OES_compressed_ETC1_RGB8_texture GL_OES_depth_texture GL_EXT_texture_format_BGRA8888 GL_APPLE_texture_format_BGRA8888 GL_OES_texture_half_float GL_EXT_robustness GL_OES_texture_half_float_linear GL_OES_packed_depth_stencil GL_OES_vertex_half_float GL_OES_texture_npot GL_OES_rgb8_rgba8 GL_EXT_color_buffer_float GL_EXT_texture_sRGB_decode ANDROID_gles_max_version_3_1 GL_OES_vertex_array_object GL_EXT_texture_buffer GL_EXT_copy_image GL_KHR_texture_compression_astc_ldr GL_KHR_texture_compression_astc_hdr GL_OES_texture_compression_astc GL_OES_EGL_image_external
06-18 13:36:46.826 I/dex2oat32(16209): Explicit concurrent copying GC freed 1994(1372KB) AllocSpace objects, 0(0B) LOS objects, 99% free, 3896B/1539KB, paused 19us,6us total 2.204ms
06-18 13:36:46.845 D/gralloc_nox( 1767): gralloc_alloc: Creating ashmem region of size 5496832
06-18 13:36:46.853 I/dex2oat32(16209): dex2oat took 237.467ms (215.731ms cpu) (threads: 4) arena alloc=0B (0B) java alloc=19KB (20280B) native alloc=19MB (20281664B) free=4873KB (4990624B)
06-18 13:36:46.859 V/installd( 1806): DexInv: --- END '/system/app/InputService/inputService.apk' (success) ---
06-18 13:36:46.961 W/System  ( 1936): A resource failed to call release. 
06-18 13:36:47.021 D/gralloc_nox( 1767): gralloc_alloc: Creating ashmem region of size 5496832
06-18 13:36:47.268 W/system_server( 1936): ClassLoaderContext shared library size mismatch. Expected=1, found=0 (PCL[]{PCL[/system/vendor/framework/androidx.camera.extensions.impl.jar*2982445658]} | PCL[])
06-18 13:36:47.286 I/PackageDexOptimizer( 1936): Running dexopt (dexoptNeeded=3) on: /system/priv-app/PackageInstaller/PackageInstaller.apk pkg=com.android.packageinstaller isa=x86_64 dexoptFlags=boot_complete,profile_guided,idle_background_job targetFilter=speed-profile oatDir=null classLoaderContext=PCL[]{}
06-18 13:36:47.286 V/installd( 1806): DexInv: --- BEGIN '/system/priv-app/PackageInstaller/PackageInstaller.apk' ---
06-18 13:36:47.286 V/installd( 1806): Running /apex/com.android.art/bin/dex2oat32 in=PackageInstaller.apk out=/data/dalvik-cache/x86_64/system@priv-app@PackageInstaller@PackageInstaller.apk@classes.dex
06-18 13:36:47.288 W/libprocessgroup(16242): Failed to open /dev/blkio/background/tasks: No such file or directory
06-18 13:36:47.303 W/dex2oat32(16242): Unexpected CPU variant for X86 using defaults: x86_64
06-18 13:36:47.305 I/dex2oat32(16242): /apex/com.android.art/bin/dex2oat32 --input-vdex-fd=9 --output-vdex-fd=10 --profile-file-fd=12 --classpath-dir=/system/priv-app/PackageInstaller --class-loader-context=PCL[]{} --compiler-filter=speed-profile --compilation-reason=bg-dexopt --max-image-block-size=524288 --resolve-startup-const-strings=true --generate-mini-debug-info
06-18 13:36:47.307 W/dex2oat32(16242): ART APEX data files are untrusted.
06-18 13:36:47.307 W/dex2oat32(16242): Could not reserve sentinel fault page
06-18 13:36:47.382 I/dex2oat32(16242): Explicit concurrent copying GC freed 6310(3306KB) AllocSpace objects, 0(0B) LOS objects, 99% free, 2920B/1538KB, paused 72us,9us total 2.171ms
06-18 13:36:47.399 I/dex2oat32(16242): dex2oat took 96.344ms (114.329ms cpu) (threads: 4) arena alloc=0B (0B) java alloc=18KB (19304B) native alloc=19MB (20750192B) free=1495KB (1531696B)
06-18 13:36:47.404 V/installd( 1806): DexInv: --- END '/system/priv-app/PackageInstaller/PackageInstaller.apk' (success) ---
06-18 13:36:47.461 I/PackageDexOptimizer( 1936): Running dexopt (dexoptNeeded=3) on: /system/app/Facebook/Facebook.apk pkg=com.facebook.lite isa=x86 dexoptFlags=boot_complete,profile_guided,idle_background_job,enable_hidden_api_checks targetFilter=speed-profile oatDir=null classLoaderContext=PCL[]{PCL[/system/framework/android.test.base.jar]#PCL[/system/framework/android.hidl.manager-V1.0-java.jar]#PCL[/system/framework/android.hidl.base-V1.0-java.jar]#PCL[/system/framework/org.apache.http.legacy.jar]}
06-18 13:36:47.461 V/installd( 1806): DexInv: --- BEGIN '/system/app/Facebook/Facebook.apk' ---
06-18 13:36:47.461 V/installd( 1806): Running /apex/com.android.art/bin/dex2oat32 in=Facebook.apk out=/data/dalvik-cache/x86/system@app@Facebook@Facebook.apk@classes.dex
06-18 13:36:47.463 W/libprocessgroup(16252): Failed to open /dev/blkio/background/tasks: No such file or directory
06-18 13:36:47.478 W/dex2oat32(16252): Unexpected CPU variant for X86 using defaults: x86_64
06-18 13:36:47.479 W/dex2oat32(16252): Mismatch between dex2oat instruction set features to use (ISA: X86 Feature string: -ssse3,-sse4.1,-sse4.2,-avx,-avx2,-popcnt) and those from CPP defines (ISA: X86 Feature string: ssse3,sse4.1,sse4.2,-avx,-avx2,popcnt) for the command line:
06-18 13:36:47.479 W/dex2oat32(16252): /apex/com.android.art/bin/dex2oat32 --zip-fd=7 --zip-location=Facebook.apk --oat-fd=8 --oat-location=/data/dalvik-cache/x86/system@app@Facebook@Facebook.apk@classes.dex --input-vdex-fd=9 --output-vdex-fd=10 --app-image-fd=13 --image-format=lz4 --profile-file-fd=12 --swap-fd=11 --classpath-dir=/system/app/Facebook --class-loader-context=PCL[]{PCL[/system/framework/android.test.base.jar]#PCL[/system/framework/android.hidl.manager-V1.0-java.jar]#PCL[/system/framework/android.hidl.base-V1.0-java.jar]#PCL[/system/framework/org.apache.http.legacy.jar]} --instruction-set=x86 --instruction-set-features=default --instruction-set-variant=x86_64 --compiler-filter=speed-profile --compilation-reason=bg-dexopt --max-image-block-size=524288 --resolve-startup-const-strings=true --generate-mini-debug-info --runtime-arg -Xdeny-art-apex-data-files --runtime-arg -Xtarget-sdk-version:26 --runtime-arg -Xhidden-api-policy:enabled --runtime-arg -Xms64m --runtime-arg -Xmx512m
06-18 13:36:47.481 I/dex2oat32(16252): /apex/com.android.art/bin/dex2oat32 --input-vdex-fd=9 --output-vdex-fd=10 --profile-file-fd=12 --classpath-dir=/system/app/Facebook --class-loader-context=PCL[]{PCL[/system/framework/android.test.base.jar]#PCL[/system/framework/android.hidl.manager-V1.0-java.jar]#PCL[/system/framework/android.hidl.base-V1.0-java.jar]#PCL[/system/framework/org.apache.http.legacy.jar]} --compiler-filter=speed-profile --compilation-reason=bg-dexopt --max-image-block-size=524288 --resolve-startup-const-strings=true --generate-mini-debug-info
06-18 13:36:47.486 W/dex2oat32(16252): ART APEX data files are untrusted.
06-18 13:36:47.525 I/dex2oat32(16252): Explicit concurrent copying GC freed 239(121KB) AllocSpace objects, 0(0B) LOS objects, 99% free, 4224B/1540KB, paused 11us,1us total 1.069ms
06-18 13:36:47.541 I/dex2oat32(16252): dex2oat took 63.981ms (55.995ms cpu) (threads: 4) arena alloc=0B (0B) java alloc=20KB (20608B) native alloc=18MB (19854352B) free=1761KB (1804240B)
06-18 13:36:47.545 V/installd( 1806): DexInv: --- END '/system/app/Facebook/Facebook.apk' (success) ---
06-18 13:36:47.856 I/BackgroundDexOptService( 1936): Pinning optimized code {com.android.inputmethod.pinyin, com.android.packageinstaller, com.facebook.lite}
06-18 13:36:47.856 I/BackgroundDexOptService( 1936): Idle optimizations completed.
06-18 13:36:48.451 E/TaskPersister( 1936): File error accessing recents directory (directory doesn't exist?).
06-18 13:36:48.551 D/UIAutomatorStub(16040): URI: /jsonrpc/0, Method: POST, params, {NanoHttpd.QUERY_STRING=null}, files: {postData={"jsonrpc": "2.0", "id": 1, "method": "count", "params": [{"mask": 2097152, "childOrSibling": [], "childOrSiblingSelector": [], "resourceId": "com.android.permissioncontroller:id/permission_allow_button"}]}}
06-18 13:36:48.566 D/UiObject(16040): Waiting 0ms for UiSelector[RESOURCE_ID=com.android.permissioncontroller:id/permission_allow_button].
06-18 13:36:48.568 W/QueryController(16040): Could not detect idle state.
06-18 13:36:48.575 I/QueryController(16040): Matched selector: UiSelector[RESOURCE_ID=com.android.permissioncontroller:id/permission_allow_button] <<==>> [android.view.accessibility.AccessibilityNodeInfo@bb3c; boundsInParent: Rect(0, 0 - 992, 112); boundsInScreen: Rect(464, 557 - 1456, 669); packageName: com.android.permissioncontroller; className: android.widget.Button; text: 允许; error: null; maxTextLength: -1; stateDescription: null; contentDescription: null; tooltipText: null; viewIdResName: com.android.permissioncontroller:id/permission_allow_button; checkable: false; checked: false; focusable: true; focused: false; selected: false; clickable: true; longClickable: false; contextClickable: false; enabled: true; password: false; scrollable: false; importantForAccessibility: true; visible: true; actions: [AccessibilityAction: ACTION_FOCUS - null, AccessibilityAction: ACTION_SELECT - null, AccessibilityAction: ACTION_CLEAR_SELECTION - null, AccessibilityAction: ACTION_CLICK - null, AccessibilityAction: ACTION_ACCESSIBILITY_FOCUS - null, AccessibilityAction: ACTION_NEXT_AT_MOVEMENT_GRANULARITY - null, AccessibilityAction: ACTION_PREVIOUS_AT_MOVEMENT_GRANULARITY - null, AccessibilityAction: ACTION_SET_SELECTION - null, AccessibilityAction: ACTION_SHOW_ON_SCREEN - null]]
06-18 13:36:48.576 D/UiObject(16040): Waiting 0ms for UiSelector[INSTANCE=1, RESOURCE_ID=com.android.permissioncontroller:id/permission_allow_button].
06-18 13:36:48.576 W/QueryController(16040): Could not detect idle state.
06-18 13:36:48.616 D/UIAutomatorStub(16040): URI: /jsonrpc/0, Method: POST, params, {NanoHttpd.QUERY_STRING=null}, files: {postData={"jsonrpc": "2.0", "id": 1, "method": "waitForExists", "params": [{"mask": 2097152, "childOrSibling": [], "childOrSiblingSelector": [], "resourceId": "com.android.permissioncontroller:id/permission_allow_button"}, 20000]}}
06-18 13:36:48.620 D/UiDevice(16040): Waiting 20000ms for SearchCondition[hasObject=BySelector [RES='\Qcom.android.permissioncontroller:id/permission_allow_button\E']].
06-18 13:36:48.621 D/UiDevice(16040): Searching for node with selector: BySelector [RES='\Qcom.android.permissioncontroller:id/permission_allow_button\E'].
06-18 13:36:48.621 W/QueryController(16040): Could not detect idle state.
06-18 13:36:48.670 D/UIAutomatorStub(16040): URI: /jsonrpc/0, Method: POST, params, {NanoHttpd.QUERY_STRING=null}, files: {postData={"jsonrpc": "2.0", "id": 1, "method": "objInfo", "params": [{"mask": 2097152, "childOrSibling": [], "childOrSiblingSelector": [], "resourceId": "com.android.permissioncontroller:id/permission_allow_button"}]}}
06-18 13:36:48.671 D/UiDevice(16040): Retrieving node with selector: BySelector [RES='\Qcom.android.permissioncontroller:id/permission_allow_button\E'].
06-18 13:36:48.672 W/QueryController(16040): Could not detect idle state.
06-18 13:36:48.685 W/QueryController(16040): Could not detect idle state.
06-18 13:36:48.687 W/QueryController(16040): Could not detect idle state.
06-18 13:36:48.688 W/QueryController(16040): Could not detect idle state.
06-18 13:36:48.691 W/QueryController(16040): Could not detect idle state.
06-18 13:36:48.693 W/QueryController(16040): Could not detect idle state.
06-18 13:36:48.695 W/QueryController(16040): Could not detect idle state.
06-18 13:36:48.698 W/QueryController(16040): Could not detect idle state.
06-18 13:36:48.702 W/QueryController(16040): Could not detect idle state.
06-18 13:36:48.704 W/QueryController(16040): Could not detect idle state.
06-18 13:36:48.706 W/QueryController(16040): Could not detect idle state.
06-18 13:36:48.709 W/QueryController(16040): Could not detect idle state.
06-18 13:36:48.713 W/QueryController(16040): Could not detect idle state.
06-18 13:36:48.715 W/QueryController(16040): Could not detect idle state.
06-18 13:36:48.719 W/QueryController(16040): Could not detect idle state.
06-18 13:36:48.720 W/QueryController(16040): Could not detect idle state.
06-18 13:36:48.720 W/QueryController(16040): Could not detect idle state.
06-18 13:36:48.722 W/QueryController(16040): Could not detect idle state.
06-18 13:36:48.766 D/UIAutomatorStub(16040): URI: /jsonrpc/0, Method: POST, params, {NanoHttpd.QUERY_STRING=null}, files: {postData={"jsonrpc": "2.0", "id": 1, "method": "click", "params": [960.0, 613.0]}}
06-18 13:36:48.775 V/DisplayPowerController[0]( 1936): Brightness [0.39763778] reason changing to: 'manual', previous reason: 'manual [ dim ]'.
06-18 13:36:48.789 E/DisplayDeviceConfig( 1936): requesting nits when no mapping exists.
06-18 13:36:48.790 E/DisplayDeviceConfig( 1936): requesting nits when no mapping exists.
06-18 13:36:48.790 I/DropBoxManagerService( 1936): add tag=system_server_wtf isTagEnabled=true flags=0x2
06-18 13:36:48.792 E/LightsService( 1936): Light requested not available on this device. 0
06-18 13:36:48.793 I/DropBoxManagerService( 1936): add tag=system_server_wtf isTagEnabled=true flags=0x2
06-18 13:36:48.806 E/DisplayDeviceConfig( 1936): requesting nits when no mapping exists.
06-18 13:36:48.806 E/DisplayDeviceConfig( 1936): requesting nits when no mapping exists.
06-18 13:36:48.807 I/DropBoxManagerService( 1936): add tag=system_server_wtf isTagEnabled=true flags=0x2
06-18 13:36:48.808 E/LightsService( 1936): Light requested not available on this device. 0
06-18 13:36:48.809 I/DropBoxManagerService( 1936): add tag=system_server_wtf isTagEnabled=true flags=0x2
06-18 13:36:48.822 E/DisplayDeviceConfig( 1936): requesting nits when no mapping exists.
06-18 13:36:48.822 E/DisplayDeviceConfig( 1936): requesting nits when no mapping exists.
06-18 13:36:48.823 E/LightsService( 1936): Light requested not available on this device. 0
06-18 13:36:48.823 I/DropBoxManagerService( 1936): add tag=system_server_wtf isTagEnabled=true flags=0x2
06-18 13:36:48.839 E/DisplayDeviceConfig( 1936): requesting nits when no mapping exists.
06-18 13:36:48.840 E/DisplayDeviceConfig( 1936): requesting nits when no mapping exists.
06-18 13:36:48.840 E/LightsService( 1936): Light requested not available on this device. 0
06-18 13:36:48.856 E/DisplayDeviceConfig( 1936): requesting nits when no mapping exists.
06-18 13:36:48.857 E/DisplayDeviceConfig( 1936): requesting nits when no mapping exists.
06-18 13:36:48.858 E/LightsService( 1936): Light requested not available on this device. 0
06-18 13:36:48.872 E/DisplayDeviceConfig( 1936): requesting nits when no mapping exists.
06-18 13:36:48.872 E/DisplayDeviceConfig( 1936): requesting nits when no mapping exists.
06-18 13:36:48.874 E/LightsService( 1936): Light requested not available on this device. 0
06-18 13:36:48.889 E/DisplayDeviceConfig( 1936): requesting nits when no mapping exists.
06-18 13:36:48.890 E/DisplayDeviceConfig( 1936): requesting nits when no mapping exists.
06-18 13:36:48.892 E/LightsService( 1936): Light requested not available on this device. 0
06-18 13:36:48.906 E/DisplayDeviceConfig( 1936): requesting nits when no mapping exists.
06-18 13:36:48.906 E/DisplayDeviceConfig( 1936): requesting nits when no mapping exists.
06-18 13:36:48.909 E/LightsService( 1936): Light requested not available on this device. 0
06-18 13:36:48.924 E/DisplayDeviceConfig( 1936): requesting nits when no mapping exists.
06-18 13:36:48.926 E/DisplayDeviceConfig( 1936): requesting nits when no mapping exists.
06-18 13:36:48.929 E/LightsService( 1936): Light requested not available on this device. 0
06-18 13:36:48.941 E/DisplayDeviceConfig( 1936): requesting nits when no mapping exists.
06-18 13:36:48.943 E/DisplayDeviceConfig( 1936): requesting nits when no mapping exists.
06-18 13:36:48.948 E/LightsService( 1936): Light requested not available on this device. 0
06-18 13:36:48.956 E/DisplayDeviceConfig( 1936): requesting nits when no mapping exists.
06-18 13:36:48.956 E/DisplayDeviceConfig( 1936): requesting nits when no mapping exists.
06-18 13:36:48.957 E/LightsService( 1936): Light requested not available on this device. 0
06-18 13:36:48.972 E/DisplayDeviceConfig( 1936): requesting nits when no mapping exists.
06-18 13:36:48.972 E/DisplayDeviceConfig( 1936): requesting nits when no mapping exists.
06-18 13:36:48.974 E/LightsService( 1936): Light requested not available on this device. 0
06-18 13:36:48.990 E/DisplayDeviceConfig( 1936): requesting nits when no mapping exists.
06-18 13:36:48.991 E/DisplayDeviceConfig( 1936): requesting nits when no mapping exists.
06-18 13:36:48.994 E/LightsService( 1936): Light requested not available on this device. 0
06-18 13:36:49.005 E/DisplayDeviceConfig( 1936): requesting nits when no mapping exists.
06-18 13:36:49.006 E/DisplayDeviceConfig( 1936): requesting nits when no mapping exists.
06-18 13:36:49.011 E/LightsService( 1936): Light requested not available on this device. 0
06-18 13:36:49.022 E/DisplayDeviceConfig( 1936): requesting nits when no mapping exists.
06-18 13:36:49.023 E/DisplayDeviceConfig( 1936): requesting nits when no mapping exists.
06-18 13:36:49.025 E/LightsService( 1936): Light requested not available on this device. 0
06-18 13:36:49.066 V/GrantPermissionsViewModel(16100): Logged buttons presented and clicked permissionGroupName=android.permission-group.STORAGE uid=10058 selectedLocations=0 package=tech.gtt.frontapp.stb.demo presentedButtons=9 clickedButton=1 sessionId=8480288257390490570 targetSdk=35
06-18 13:36:49.072 I/MediaProvider( 2560): Invalidating LocalCallingIdentity cache for package tech.gtt.frontapp.stb.demo. Reason: op android:read_external_storage
06-18 13:36:49.073 V/GrantPermissionsViewModel(16100): Permission grant result requestId=8480288257390490570 callingUid=10058 callingPackage=tech.gtt.frontapp.stb.demo permission=android.permission.READ_EXTERNAL_STORAGE isImplicit=false result=4
06-18 13:36:49.079 D/gralloc_nox( 1767): gralloc_alloc: Creating ashmem region of size 8298496
06-18 13:36:49.113 E/android.hardware.audio.service( 1759): pcm_open called create stream faild
06-18 13:36:49.434 D/CompatibilityChangeReporter(16133): Compat change id reported: 78294732; UID 10058; state: ENABLED
06-18 13:36:49.437 I/b       (16133): freeSpace : 116666MB
06-18 13:36:49.562 D/ProcessState(16282): Binder ioctl to enable oneway spam detection failed: Invalid argument
06-18 13:36:49.594 D/ConnectivityService( 1936): NetReassign [no changes]
06-18 13:36:49.621 V/GSK     (16133): StorageServiceImpl initialization() executed in 1 ms.
06-18 13:36:49.621 V/GSK     (16133): SecurityServiceImpl initialization() executed in 0 ms.
06-18 13:36:49.728 W/System.err(16133): SLF4J(W): No SLF4J providers were found.
06-18 13:36:49.728 W/System.err(16133): SLF4J(W): Defaulting to no-operation (NOP) logger implementation
06-18 13:36:49.728 W/System.err(16133): SLF4J(W): See https://www.slf4j.org/codes.html#noProviders for further details.
06-18 13:36:49.788 W/System.err(16133): kotlinx.serialization.json.internal.JsonDecodingException: Expected start of the object '{', but had 'EOF' instead at path: $
06-18 13:36:49.791 W/System.err(16133): JSON input: 
06-18 13:36:49.791 W/System.err(16133): 	at kotlinx.serialization.json.internal.JsonExceptionsKt.JsonDecodingException(SourceFile:1)
06-18 13:36:49.791 W/System.err(16133): 	at kotlinx.serialization.json.internal.JsonExceptionsKt.JsonDecodingException(SourceFile:2)
06-18 13:36:49.791 W/System.err(16133): 	at kotlinx.serialization.json.internal.AbstractJsonLexer.fail(SourceFile:52)
06-18 13:36:49.791 W/System.err(16133): 	at kotlinx.serialization.json.internal.AbstractJsonLexer.fail$default(SourceFile:15)
06-18 13:36:49.791 W/System.err(16133): 	at kotlinx.serialization.json.internal.AbstractJsonLexer.unexpectedToken(SourceFile:103)
06-18 13:36:49.791 W/System.err(16133): 	at kotlinx.serialization.json.internal.StringJsonLexer.consumeNextToken(SourceFile:16)
06-18 13:36:49.791 W/System.err(16133): 	at kotlinx.serialization.json.internal.StreamingJsonDecoder.beginStructure(SourceFile:23)
06-18 13:36:49.791 W/System.err(16133): 	at tech.gtt.frontapp.servicesdk.common.service.utility.apis.e2ee.E2eeConfigResponse$$serializer.deserialize(SourceFile:2)
06-18 13:36:49.792 W/System.err(16133): 	at tech.gtt.frontapp.servicesdk.common.service.utility.apis.e2ee.E2eeConfigResponse$$serializer.deserialize(SourceFile:1)
06-18 13:36:49.792 W/System.err(16133): 	at kotlinx.serialization.json.internal.StreamingJsonDecoder.decodeSerializableValue(SourceFile:320)
06-18 13:36:49.792 W/System.err(16133): 	at kotlinx.serialization.json.Json.decodeFromString(SourceFile:3)
06-18 13:36:49.792 W/System.err(16133): 	at tech.gtt.frontapp.servicesdk.common.service.utility.apis.e2ee.E2eeManager.syncE2eeConfig(SourceFile:74)
06-18 13:36:49.792 W/System.err(16133): 	at tech.gtt.frontapp.servicesdk.common.service.utility.apis.ApiUtilServiceImpl.onServiceInit(SourceFile:228)
06-18 13:36:49.792 W/System.err(16133): 	at tech.gtt.frontapp.servicesdk.common.core.ServiceSDKImpl.executeServiceInitialize(SourceFile:372)
06-18 13:36:49.792 W/System.err(16133): 	at tech.gtt.frontapp.servicesdk.common.core.ServiceSDKImpl.access$executeServiceInitialize(SourceFile:1)
06-18 13:36:49.792 W/System.err(16133): 	at tech.gtt.frontapp.servicesdk.common.core.ServiceSDKImpl$init$1.invokeSuspend(SourceFile:178)
06-18 13:36:49.792 W/System.err(16133): 	at tech.gtt.frontapp.servicesdk.common.core.ServiceSDKImpl$init$1.invoke(SourceFile:2)
06-18 13:36:49.792 W/System.err(16133): 	at tech.gtt.frontapp.servicesdk.common.core.ServiceSDKImpl$init$1.invoke(SourceFile:1)
06-18 13:36:49.792 W/System.err(16133): 	at kotlinx.coroutines.flow.SafeFlow.collectSafely(SourceFile:3)
06-18 13:36:49.792 W/System.err(16133): 	at kotlinx.coroutines.flow.AbstractFlow.collect(SourceFile:70)
06-18 13:36:49.792 W/System.err(16133): 	at tech.gtt.frontapp.servicesdk.common.core.SDKSetup$build$1.invokeSuspend(SourceFile:42)
06-18 13:36:49.792 W/System.err(16133): 	at tech.gtt.frontapp.servicesdk.common.core.SDKSetup$build$1.invoke(SourceFile:2)
06-18 13:36:49.792 W/System.err(16133): 	at tech.gtt.frontapp.servicesdk.common.core.SDKSetup$build$1.invoke(SourceFile:1)
06-18 13:36:49.792 W/System.err(16133): 	at tech.gtt.frontapp.servicesdk.common.core.Scheduler$scheduleDirect$1.invokeSuspend(SourceFile:61)
06-18 13:36:49.792 W/System.err(16133): 	at lh.a.resumeWith(SourceFile:14)
06-18 13:36:49.792 W/System.err(16133): 	at kotlinx.coroutines.DispatchedTask.run(SourceFile:123)
06-18 13:36:49.792 W/System.err(16133): 	at kotlinx.coroutines.internal.LimitedDispatcher$Worker.run(SourceFile:4)
06-18 13:36:49.792 W/System.err(16133): 	at kotlinx.coroutines.scheduling.TaskImpl.run(SourceFile:3)
06-18 13:36:49.792 W/System.err(16133): 	at kotlinx.coroutines.scheduling.CoroutineScheduler.runSafely(SourceFile:1)
06-18 13:36:49.792 W/System.err(16133): 	at kotlinx.coroutines.scheduling.CoroutineScheduler$Worker.executeTask(SourceFile:34)
06-18 13:36:49.792 W/System.err(16133): 	at kotlinx.coroutines.scheduling.CoroutineScheduler$Worker.runWorker(SourceFile:29)
06-18 13:36:49.792 W/System.err(16133): 	at kotlinx.coroutines.scheduling.CoroutineScheduler$Worker.run(SourceFile:1)
06-18 13:36:49.806 W/InputManager-JNI( 1936): Input channel object '87635f0 com.android.permissioncontroller/com.android.permissioncontroller.permission.ui.GrantPermissionsActivity (client)' was disposed without first being removed with the input manager!
06-18 13:36:49.820 W/System.err(16133): java.io.FileNotFoundException: sys/class/sunxi_info/sys_info: open failed: ENOENT (No such file or directory)
06-18 13:36:49.820 W/System.err(16133): 	at libcore.io.IoBridge.open(IoBridge.java:575)
06-18 13:36:49.820 W/System.err(16133): 	at java.io.FileInputStream.<init>(FileInputStream.java:160)
06-18 13:36:49.820 W/System.err(16133): 	at java.io.FileInputStream.<init>(FileInputStream.java:115)
06-18 13:36:49.820 W/System.err(16133): 	at ip.b.b(SourceFile:5)
06-18 13:36:49.820 W/System.err(16133): 	at ip.b.a(SourceFile:155)
06-18 13:36:49.820 W/System.err(16133): 	at ip.a.invoke(SourceFile:589)
06-18 13:36:49.820 W/System.err(16133): 	at dh.v.getValue(SourceFile:21)
06-18 13:36:49.820 W/System.err(16133): 	at tech.gtt.frontapp.servicesdk.common.network.interceptor.params.ApiDeviceParams.handleFixedParams(SourceFile:52)
06-18 13:36:49.820 W/System.err(16133): 	at tech.gtt.frontapp.servicesdk.common.service.utility.apis.IParamsGetter.toMaps(SourceFile:87)
06-18 13:36:49.820 W/System.err(16133): 	at tech.gtt.frontapp.servicesdk.common.network.interceptor.DefaultParamsInterceptor.onRequest(SourceFile:127)
06-18 13:36:49.820 W/System.err(16133): 	at tech.gtt.frontapp.servicesdk.common.network.interceptor.SDKInterceptorsPluginKt$setupRequestInterception$1.invokeSuspend(SourceFile:103)
06-18 13:36:49.820 W/System.err(16133): 	at tech.gtt.frontapp.servicesdk.common.network.interceptor.SDKInterceptorsPluginKt$setupRequestInterception$1.invoke(SourceFile:1)
06-18 13:36:49.820 W/System.err(16133): 	at tech.gtt.frontapp.servicesdk.common.network.interceptor.SDKInterceptorsPluginKt$setupRequestInterception$1.invoke(SourceFile:2)
06-18 13:36:49.820 W/System.err(16133): 	at io.ktor.util.pipeline.DebugPipelineContext.proceedLoop(SourceFile:86)
06-18 13:36:49.820 W/System.err(16133): 	at io.ktor.util.pipeline.DebugPipelineContext.proceed(SourceFile:26)
06-18 13:36:49.820 W/System.err(16133): 	at io.ktor.client.plugins.RequestError$install$1.invokeSuspend(SourceFile:47)
06-18 13:36:49.820 W/System.err(16133): 	at io.ktor.client.plugins.RequestError$install$1.invoke(SourceFile:1)
06-18 13:36:49.820 W/System.err(16133): 	at io.ktor.client.plugins.RequestError$install$1.invoke(SourceFile:2)
06-18 13:36:49.820 W/System.err(16133): 	at io.ktor.util.pipeline.DebugPipelineContext.proceedLoop(SourceFile:86)
06-18 13:36:49.820 W/System.err(16133): 	at io.ktor.util.pipeline.DebugPipelineContext.proceed(SourceFile:26)
06-18 13:36:49.820 W/System.err(16133): 	at io.ktor.client.plugins.SetupRequestContext$install$1.invokeSuspend$proceed(SourceFile:1)
06-18 13:36:49.820 W/System.err(16133): 	at io.ktor.client.plugins.SetupRequestContext$install$1.access$invokeSuspend$proceed(SourceFile:1)
06-18 13:36:49.820 W/System.err(16133): 	at io.ktor.client.plugins.SetupRequestContext$install$1$1.invoke(SourceFile:2)
06-18 13:36:49.820 W/System.err(16133): 	at io.ktor.client.plugins.SetupRequestContext$install$1$1.invoke(SourceFile:1)
06-18 13:36:49.820 W/System.err(16133): 	at io.ktor.client.plugins.HttpRequestLifecycleKt$HttpRequestLifecycle$1$1.invokeSuspend(SourceFile:78)
06-18 13:36:49.820 W/System.err(16133): 	at io.ktor.client.plugins.HttpRequestLifecycleKt$HttpRequestLifecycle$1$1.invoke(SourceFile:1)
