--------- beginning of main
06-17 19:34:48.074 D/ProcessState( 6885): Binder ioctl to enable oneway spam detection failed: Invalid argument
--------- beginning of system
06-17 19:34:48.075 I/ActivityManager( 1936): Force stopping tech.gtt.frontapp.stb.demo appid=10058 user=0: clear data
06-17 19:34:48.078 I/ActivityManager( 1936): Force stopping tech.gtt.frontapp.stb.demo appid=10058 user=-1: clearApplicationUserData
06-17 19:34:48.083 D/CompatibilityChangeReporter( 1936): Compat change id reported: 135634846; UID 10019; state: DISABLED
06-17 19:34:48.084 D/CompatibilityChangeReporter( 1936): Compat change id reported: 177438394; UID 10019; state: DISABLED
06-17 19:34:48.084 D/CompatibilityChangeReporter( 1936): Compat change id reported: 135772972; UID 10019; state: DISABLED
06-17 19:34:48.084 D/CompatibilityChangeReporter( 1936): Compat change id reported: 135754954; UID 10019; state: ENABLED
06-17 19:34:48.085 D/CompatibilityChangeReporter( 1936): Compat change id reported: 143937733; UID 10019; state: ENABLED
06-17 19:34:48.088 D/Zygote  ( 1756): Forked child process 6891
06-17 19:34:48.088 I/ActivityManager( 1936): Start proc 6891:com.android.documentsui/u0a19 for broadcast {com.android.documentsui/com.android.documentsui.PackageReceiver}
06-17 19:34:48.090 I/Zygote  ( 6891): seccomp disabled by setenforce 0
06-17 19:34:48.092 W/oid.documentsu( 6891): Unexpected CPU variant for X86 using defaults: x86_64
06-17 19:34:48.096 D/ProcessState( 6891): Binder ioctl to enable oneway spam detection failed: Invalid argument
06-17 19:34:48.105 E/ashmem  ( 6891): memfd: ro.vndk.version not defined or invalid (), this is mandated since P.
06-17 19:34:48.106 D/CompatibilityChangeReporter( 6891): Compat change id reported: 171979766; UID 10019; state: DISABLED
06-17 19:34:48.132 V/GraphicsEnvironment( 6891): ANGLE Developer option for 'com.android.documentsui' set to: 'default'
06-17 19:34:48.133 V/GraphicsEnvironment( 6891): ANGLE GameManagerService for com.android.documentsui: false
06-17 19:34:48.133 V/GraphicsEnvironment( 6891): Neither updatable production driver nor prerelease driver is supported.
06-17 19:34:48.134 D/NetworkSecurityConfig( 6891): No Network Security Config specified, using platform default
06-17 19:34:48.134 D/NetworkSecurityConfig( 6891): No Network Security Config specified, using platform default
06-17 19:34:48.162 D/DocumentsApplication( 6891): OverlayManager.setEnabled() result: true
06-17 19:34:48.162 D/CompatibilityChangeReporter( 1936): Compat change id reported: 135634846; UID 10053; state: DISABLED
06-17 19:34:48.162 D/CompatibilityChangeReporter( 1936): Compat change id reported: 177438394; UID 10053; state: DISABLED
06-17 19:34:48.162 D/CompatibilityChangeReporter( 1936): Compat change id reported: 135772972; UID 10053; state: DISABLED
06-17 19:34:48.162 D/CompatibilityChangeReporter( 1936): Compat change id reported: 135754954; UID 10053; state: ENABLED
06-17 19:34:48.162 D/CompatibilityChangeReporter( 1936): Compat change id reported: 143937733; UID 10053; state: ENABLED
06-17 19:34:48.165 D/Zygote  ( 1756): Forked child process 6919
06-17 19:34:48.165 I/ActivityManager( 1936): Start proc 6919:com.android.permissioncontroller/u0a53 for broadcast {com.android.permissioncontroller/com.android.permissioncontroller.permission.service.LocationAccessCheck$PackageResetHandler}
06-17 19:34:48.166 I/Zygote  ( 6919): seccomp disabled by setenforce 0
06-17 19:34:48.169 W/ssioncontrolle( 6919): Unexpected CPU variant for X86 using defaults: x86_64
06-17 19:34:48.172 D/ProcessState( 6919): Binder ioctl to enable oneway spam detection failed: Invalid argument
06-17 19:34:48.173 D/AndroidRuntime( 6908): >>>>>> START com.android.internal.os.RuntimeInit uid 0 <<<<<<
06-17 19:34:48.176 I/AndroidRuntime( 6908): Using default boot image
06-17 19:34:48.176 I/AndroidRuntime( 6908): Leaving lock profiling enabled
06-17 19:34:48.178 W/app_process( 6908): ART APEX data files are untrusted.
06-17 19:34:48.178 I/app_process( 6908): Core platform API reporting enabled, enforcing=false
06-17 19:34:48.183 E/ashmem  ( 6919): memfd: ro.vndk.version not defined or invalid (), this is mandated since P.
06-17 19:34:48.184 D/CompatibilityChangeReporter( 6919): Compat change id reported: 171979766; UID 10053; state: ENABLED
06-17 19:34:48.195 V/GraphicsEnvironment( 6919): ANGLE Developer option for 'com.android.permissioncontroller' set to: 'default'
06-17 19:34:48.195 V/GraphicsEnvironment( 6919): ANGLE GameManagerService for com.android.permissioncontroller: false
06-17 19:34:48.196 V/GraphicsEnvironment( 6919): Neither updatable production driver nor prerelease driver is supported.
06-17 19:34:48.198 D/NetworkSecurityConfig( 6919): No Network Security Config specified, using platform default
06-17 19:34:48.198 D/NetworkSecurityConfig( 6919): No Network Security Config specified, using platform default
06-17 19:34:48.215 D/app_process( 6908): Time zone APEX ICU file found: /apex/com.android.tzdata/etc/icu/icu_tzdata.dat
06-17 19:34:48.215 D/app_process( 6908): I18n APEX ICU file found: /apex/com.android.i18n/etc/icu/icudt68l.dat
06-17 19:34:48.215 I/MediaProvider( 2560): Begin Intent { act=android.intent.action.PACKAGE_DATA_CLEARED dat=package:tech.gtt.frontapp.stb.demo flg=0x1000010 cmp=com.android.providers.media.module/com.android.providers.media.MediaService (has extras) }
06-17 19:34:48.216 D/MediaProvider( 2560): Deleted 0 Android/media items belonging to tech.gtt.frontapp.stb.demo on /data/user/0/com.android.providers.media.module/databases/external.db
06-17 19:34:48.216 I/MediaProvider( 2560): End Intent { act=android.intent.action.PACKAGE_DATA_CLEARED dat=package:tech.gtt.frontapp.stb.demo flg=0x1000010 cmp=com.android.providers.media.module/com.android.providers.media.MediaService (has extras) }
06-17 19:34:48.219 W/app_process( 6908): Unexpected CPU variant for X86 using defaults: x86_64
06-17 19:34:48.231 D/ProcessState( 6908): Binder ioctl to enable oneway spam detection failed: Invalid argument
06-17 19:34:48.231 D/AndroidRuntime( 6908): Calling main entry com.android.commands.monkey.Monkey
06-17 19:34:48.232 W/Monkey  ( 6908): args: [-p, tech.gtt.frontapp.stb.demo, -c, android.intent.category.LAUNCHER, 1]
06-17 19:34:48.232 W/Monkey  ( 6908):  arg: "-p"
06-17 19:34:48.232 W/Monkey  ( 6908):  arg: "tech.gtt.frontapp.stb.demo"
06-17 19:34:48.232 W/Monkey  ( 6908):  arg: "-c"
06-17 19:34:48.232 W/Monkey  ( 6908):  arg: "android.intent.category.LAUNCHER"
06-17 19:34:48.232 W/Monkey  ( 6908):  arg: "1"
06-17 19:34:48.232 W/Monkey  ( 6908): data="tech.gtt.frontapp.stb.demo"
06-17 19:34:48.232 W/Monkey  ( 6908): data="android.intent.category.LAUNCHER"
06-17 19:34:48.261 W/BroadcastQueue( 1936): Skipping deliver [background] BroadcastRecord{3bf14d5 u-1 android.net.conn.CONNECTIVITY_CHANGE} to ReceiverList{272f4ea 6908 (unknown name)/0/u-1 remote:6263abf}: process gone or crashing
06-17 19:34:48.266 I/ActivityTaskManager( 1936): START u0 {act=android.intent.action.MAIN cat=[android.intent.category.LAUNCHER] flg=0x10200000 cmp=tech.gtt.frontapp.stb.demo/tech.gtt.frontapp.stb.m.home.activity.SplashActivity} from uid 0
06-17 19:34:48.267 W/ActivityTaskManager( 1936): Can't find TaskDisplayArea to determine support for multi window. Task id=22 attached=false
06-17 19:34:48.273 I/Monkey  ( 6908): Events injected: 1
06-17 19:34:48.275 D/CompatibilityChangeReporter( 1936): Compat change id reported: 135634846; UID 10058; state: DISABLED
06-17 19:34:48.276 D/CompatibilityChangeReporter( 1936): Compat change id reported: 143937733; UID 10058; state: ENABLED
06-17 19:34:48.280 I/Monkey  ( 6908): ## Network stats: elapsed time=13ms (0ms mobile, 0ms wifi, 13ms not connected)
06-17 19:34:48.302 D/gralloc_nox( 1767): gralloc_alloc: Creating ashmem region of size 8298496
06-17 19:34:48.321 D/Zygote  ( 1756): Forked child process 6952
06-17 19:34:48.323 I/app_process( 6908): System.exit called, status: 0
06-17 19:34:48.324 I/AndroidRuntime( 6908): VM exiting with result code 0.
06-17 19:34:48.330 W/ActivityManager( 1936): Slow operation: 53ms so far, now at startProcess: done updating battery stats
06-17 19:34:48.330 W/ActivityManager( 1936): Slow operation: 57ms so far, now at startProcess: building log message
06-17 19:34:48.330 I/ActivityManager( 1936): Start proc 6952:tech.gtt.frontapp.stb.demo/u0a58 for pre-top-activity {tech.gtt.frontapp.stb.demo/tech.gtt.frontapp.stb.m.home.activity.SplashActivity}
06-17 19:34:48.331 W/ActivityManager( 1936): Slow operation: 57ms so far, now at startProcess: starting to update pids map
06-17 19:34:48.331 W/ActivityManager( 1936): Slow operation: 58ms so far, now at startProcess: done updating pids map
06-17 19:34:48.331 I/Zygote  ( 6952): seccomp disabled by setenforce 0
06-17 19:34:48.343 W/ontapp.stb.dem( 6952): Unexpected CPU variant for X86 using defaults: x86_64
06-17 19:34:48.351 D/ProcessState( 6952): Binder ioctl to enable oneway spam detection failed: Invalid argument
06-17 19:34:48.351 D/gralloc_nox( 1767): gralloc_alloc: Creating ashmem region of size 8298496
06-17 19:34:48.371 E/ashmem  ( 6952): memfd: ro.vndk.version not defined or invalid (), this is mandated since P.
06-17 19:34:48.374 D/CompatibilityChangeReporter( 6952): Compat change id reported: 171979766; UID 10058; state: ENABLED
06-17 19:34:48.409 D/gralloc_nox( 1767): gralloc_alloc: Creating ashmem region of size 8298496
06-17 19:34:48.409 V/GraphicsEnvironment( 6952): ANGLE Developer option for 'tech.gtt.frontapp.stb.demo' set to: 'default'
06-17 19:34:48.410 V/GraphicsEnvironment( 6952): ANGLE GameManagerService for tech.gtt.frontapp.stb.demo: false
06-17 19:34:48.410 V/GraphicsEnvironment( 6952): Neither updatable production driver nor prerelease driver is supported.
06-17 19:34:48.414 D/NetworkSecurityConfig( 6952): Using Network Security Config from resource network_security_config debugBuild: false
06-17 19:34:48.416 D/NetworkSecurityConfig( 6952): Using Network Security Config from resource network_security_config debugBuild: false
06-17 19:34:48.425 I/MultiDex( 6952): VM with version 2.1.0 has multidex support
06-17 19:34:48.425 I/MultiDex( 6952): Installing application
06-17 19:34:48.425 I/MultiDex( 6952): VM has multidex support, MultiDex support library is disabled.
06-17 19:34:48.426 E/[Package]( 6952): params: AppConfiguration(vnoId='11026504', brandId='d0k7d3p3kdikth2o3q6g', appId='d0jucrbq6bt4h33c0ma0', sourceId='30006401-31002837', authServers='https://gtt-app-apigateway-lion.vdemosit.com', shareKey='S2kQMgUSugYyMlk5QclHDaF0uDsFnB0oJoFeAFgsKb8=', packageName='tech.gtt.frontapp.stb.demo', appName='Goose TV', appVersionName='v1.0.0', appVersionCode='7', pluginVersionCode='1', pluginVersionName='6.0.0-beta-build5', packageSeq='1', buglyAppId='d76a04165f', buglyKey='13b89b2d-1c12-4c4f-93b8-46e3c2ef9f73', baseVersionCode='20000066', gitTag='2.1.4-beta6', supportLang='en,pt,es', defaultLang='en', bootLoadType='1')
06-17 19:34:48.426 W/System.err( 6952): java.lang.ClassNotFoundException: tech.gtt.frontapp.stb.docker.plugin.PluginUtils
06-17 19:34:48.427 W/System.err( 6952): 	at java.lang.Class.classForName(Native Method)
06-17 19:34:48.427 W/System.err( 6952): 	at java.lang.Class.forName(Class.java:454)
06-17 19:34:48.428 W/System.err( 6952): 	at java.lang.Class.forName(Class.java:379)
06-17 19:34:48.428 W/System.err( 6952): 	at ot.e.b(SourceFile:3)
06-17 19:34:48.428 W/System.err( 6952): 	at tech.gtt.frontapp.stb.app.MainApplication.attachBaseContext(SourceFile:130)
06-17 19:34:48.428 W/System.err( 6952): 	at android.app.Application.attach(Application.java:338)
06-17 19:34:48.428 W/System.err( 6952): 	at android.app.Instrumentation.newApplication(Instrumentation.java:1190)
06-17 19:34:48.428 W/System.err( 6952): 	at android.app.LoadedApk.makeApplication(LoadedApk.java:1361)
06-17 19:34:48.428 W/System.err( 6952): 	at android.app.ActivityThread.handleBindApplication(ActivityThread.java:6728)
06-17 19:34:48.428 W/System.err( 6952): 	at android.app.ActivityThread.access$1500(ActivityThread.java:256)
06-17 19:34:48.428 W/System.err( 6952): 	at android.app.ActivityThread$H.handleMessage(ActivityThread.java:2091)
06-17 19:34:48.428 W/System.err( 6952): 	at android.os.Handler.dispatchMessage(Handler.java:106)
06-17 19:34:48.428 W/System.err( 6952): 	at android.os.Looper.loopOnce(Looper.java:201)
06-17 19:34:48.428 W/System.err( 6952): 	at android.os.Looper.loop(Looper.java:288)
06-17 19:34:48.428 W/System.err( 6952): 	at android.app.ActivityThread.main(ActivityThread.java:7875)
06-17 19:34:48.428 W/System.err( 6952): 	at java.lang.reflect.Method.invoke(Native Method)
06-17 19:34:48.428 W/System.err( 6952): 	at com.android.internal.os.RuntimeInit$MethodAndArgsCaller.run(RuntimeInit.java:568)
06-17 19:34:48.428 W/System.err( 6952): 	at com.android.internal.os.ZygoteInit.main(ZygoteInit.java:1005)
06-17 19:34:48.429 W/System.err( 6952): Caused by: java.lang.ClassNotFoundException: tech.gtt.frontapp.stb.docker.plugin.PluginUtils
06-17 19:34:48.429 W/System.err( 6952): 	... 18 more
06-17 19:34:48.429 E/[Package]( 6952): isInPluginMode: false
06-17 19:34:48.432 I/CustomActivityOnCrash( 6952): CustomActivityOnCrash has been installed.
06-17 19:34:48.434 I/System.out( 6952): Modular_Init : a - initialize
06-17 19:34:48.440 I/System.out( 6952): Modular_Init : d - initialize
06-17 19:34:48.444 I/System.out( 6952): Modular_Init : a - initialize
06-17 19:34:48.447 I/System.out( 6952): Modular_Init : a - initialize
06-17 19:34:48.447 D/[CatchupInitModule]( 6952): init---
06-17 19:34:48.447 I/System.out( 6952): Modular_Init : a - initialize
06-17 19:34:48.447 D/[ReplayInitialize]( 6952): init---
06-17 19:34:48.448 I/System.out( 6952): Modular_Init : a - initialize
06-17 19:34:48.448 D/[LiveInitialize]( 6952): init---
06-17 19:34:48.448 I/System.out( 6952): Modular_Init : b - initialize
06-17 19:34:48.451 D/AndroidAutoSize( 6952): designWidthInDp = 360, designHeightInDp = 640, screenWidth = 1920, screenHeight = 1080
06-17 19:34:48.451 D/AndroidAutoSize( 6952): initDensity = 2.0, initScaledDensity = 2.0
06-17 19:34:48.535 D/AndroidAutoSize( 6952): tech.gtt.frontapp.stb.m.home.activity.SplashActivity used the global configuration.
06-17 19:34:48.541 D/AndroidAutoSize( 6952): The tech.gtt.frontapp.stb.m.home.activity.SplashActivity has been adapted! 
06-17 19:34:48.541 D/AndroidAutoSize( 6952): SplashActivity Info: isBaseOnWidth = true, designWidthInDp = 1920.000000, designWidthInSubunits = 1920.000000, targetDensity = 1.000000, targetScaledDensity = 1.000000, targetDensityDpi = 160, targetXdpi = 1.000000, targetScreenWidthDp = 1920, targetScreenHeightDp = 1032
06-17 19:34:48.591 D/AndroidAutoSize( 6952): tech.gtt.frontapp.stb.m.home.activity.SplashActivity used the global configuration.
06-17 19:34:48.591 D/AndroidAutoSize( 6952): The tech.gtt.frontapp.stb.m.home.activity.SplashActivity has been adapted! 
06-17 19:34:48.591 D/AndroidAutoSize( 6952): SplashActivity Info: isBaseOnWidth = true, designWidthInDp = 1920.000000, designWidthInSubunits = 1920.000000, targetDensity = 1.000000, targetScaledDensity = 1.000000, targetDensityDpi = 160, targetXdpi = 1.000000, targetScreenWidthDp = 1920, targetScreenHeightDp = 1032
06-17 19:34:48.598 I/ActivityTaskManager( 1936): START u0 {act=android.content.pm.action.REQUEST_PERMISSIONS pkg=com.android.permissioncontroller cmp=com.android.permissioncontroller/.permission.ui.GrantPermissionsActivity (has extras)} from uid 10058
06-17 19:34:48.599 D/CompatibilityChangeReporter( 1936): Compat change id reported: 174042980; UID 10053; state: DISABLED
06-17 19:34:48.600 D/CompatibilityChangeReporter( 1936): Compat change id reported: 184838306; UID 10053; state: DISABLED
06-17 19:34:48.600 D/CompatibilityChangeReporter( 1936): Compat change id reported: 185004937; UID 10053; state: DISABLED
06-17 19:34:48.600 D/CompatibilityChangeReporter( 1936): Compat change id reported: 181136395; UID 10053; state: DISABLED
06-17 19:34:48.600 D/CompatibilityChangeReporter( 1936): Compat change id reported: 174042936; UID 10053; state: DISABLED
06-17 19:34:48.623 D/ontapp.stb.dem( 6952): createUnique: call
06-17 19:34:48.623 D/ontapp.stb.dem( 6952): HostComposition ext GL_OES_EGL_image GL_OES_EGL_image_external GL_OES_depth24 GL_OES_depth32 GL_OES_element_index_uint GL_OES_texture_float GL_OES_texture_float_linear GL_OES_compressed_paletted_texture GL_OES_compressed_ETC1_RGB8_texture GL_OES_depth_texture GL_EXT_texture_format_BGRA8888 GL_APPLE_texture_format_BGRA8888 GL_OES_texture_half_float GL_EXT_robustness GL_OES_texture_half_float_linear GL_OES_packed_depth_stencil GL_OES_vertex_half_float GL_OES_texture_npot GL_OES_rgb8_rgba8 GL_EXT_color_buffer_float GL_EXT_texture_sRGB_decode ANDROID_gles_max_version_3_1 GL_OES_vertex_array_object GL_EXT_texture_buffer GL_EXT_copy_image GL_KHR_texture_compression_astc_ldr GL_KHR_texture_compression_astc_hdr GL_OES_texture_compression_astc GL_OES_EGL_image_external
06-17 19:34:48.625 D/hw-ProcessState( 6952): Binder ioctl to enable oneway spam detection failed: Invalid argument
06-17 19:34:48.627 W/OpenGLRenderer( 6952): Failed to initialize 101010-2 format, error = EGL_SUCCESS
06-17 19:34:48.627 D/EGL_emulation( 6952): rcCreateContext wated version 2.0  rc:4
06-17 19:34:48.647 D/EGL_emulation( 6952): eglMakeCurrent: 0x74841c043610: ver 3 2 (tinfo 0x74839c04c6c0) (first time)
06-17 19:34:48.649 E/HWComposer( 1779): getSupportedContentTypes: getSupportedContentTypes failed for display 0: Unsupported (8)
06-17 19:34:48.649 I/hwservicemanager( 1567): getTransport: Cannot find entry android.hardware.graphics.mapper@4.0::IMapper/default in either framework or device VINTF manifest.
06-17 19:34:48.650 I/Gralloc4( 6952): mapper 4.x is not supported
06-17 19:34:48.650 I/hwservicemanager( 1567): getTransport: Cannot find entry android.hardware.graphics.mapper@3.0::IMapper/default in either framework or device VINTF manifest.
06-17 19:34:48.650 W/Gralloc3( 6952): mapper 3.x is not supported
06-17 19:34:48.650 I/hwservicemanager( 1567): getTransport: Cannot find entry android.hardware.graphics.allocator@4.0::IAllocator/default in either framework or device VINTF manifest.
06-17 19:34:48.650 W/Gralloc4( 6952): allocator 4.x is not supported
06-17 19:34:48.650 I/hwservicemanager( 1567): getTransport: Cannot find entry android.hardware.graphics.allocator@3.0::IAllocator/default in either framework or device VINTF manifest.
06-17 19:34:48.650 W/Gralloc3( 6952): allocator 3.x is not supported
06-17 19:34:48.650 D/gralloc_nox( 1767): gralloc_alloc: Creating ashmem region of size 8298496
06-17 19:34:48.656 D/ProcessState( 6988): Binder ioctl to enable oneway spam detection failed: Invalid argument
06-17 19:34:48.681 D/ontapp.stb.dem( 6952): createUnique: call
06-17 19:34:48.684 D/ontapp.stb.dem( 6952): HostComposition ext GL_OES_EGL_image GL_OES_EGL_image_external GL_OES_depth24 GL_OES_depth32 GL_OES_element_index_uint GL_OES_texture_float GL_OES_texture_float_linear GL_OES_compressed_paletted_texture GL_OES_compressed_ETC1_RGB8_texture GL_OES_depth_texture GL_EXT_texture_format_BGRA8888 GL_APPLE_texture_format_BGRA8888 GL_OES_texture_half_float GL_EXT_robustness GL_OES_texture_half_float_linear GL_OES_packed_depth_stencil GL_OES_vertex_half_float GL_OES_texture_npot GL_OES_rgb8_rgba8 GL_EXT_color_buffer_float GL_EXT_texture_sRGB_decode ANDROID_gles_max_version_3_1 GL_OES_vertex_array_object GL_EXT_texture_buffer GL_EXT_copy_image GL_KHR_texture_compression_astc_ldr GL_KHR_texture_compression_astc_hdr GL_OES_texture_compression_astc GL_OES_EGL_image_external
06-17 19:34:48.684 D/gralloc_nox( 1767): gralloc_alloc: Creating ashmem region of size 8298496
06-17 19:34:48.717 D/gralloc_nox( 1767): gralloc_alloc: Creating ashmem region of size 8298496
06-17 19:34:48.783 E/libEGL  ( 6952): called unimplemented OpenGL ES API
06-17 19:34:48.889 D/CompatibilityChangeReporter( 6919): Compat change id reported: 171228096; UID 10053; state: ENABLED
06-17 19:34:48.957 I/ActivityTaskManager( 1936): Displayed com.android.permissioncontroller/.permission.ui.GrantPermissionsActivity: +684ms
06-17 19:34:48.975 D/ProcessState( 7004): Binder ioctl to enable oneway spam detection failed: Invalid argument
06-17 19:34:49.038 W/InputManager-JNI( 1936): Input channel object 'c42da24 Splash Screen tech.gtt.frontapp.stb.demo (client)' was disposed without first being removed with the input manager!
06-17 19:34:49.091 D/hw-ProcessState( 6919): Binder ioctl to enable oneway spam detection failed: Invalid argument
06-17 19:34:49.092 I/hwservicemanager( 1567): getTransport: Cannot find entry android.hardware.graphics.mapper@4.0::IMapper/default in either framework or device VINTF manifest.
06-17 19:34:49.092 I/Gralloc4( 6919): mapper 4.x is not supported
06-17 19:34:49.092 I/hwservicemanager( 1567): getTransport: Cannot find entry android.hardware.graphics.mapper@3.0::IMapper/default in either framework or device VINTF manifest.
06-17 19:34:49.092 W/Gralloc3( 6919): mapper 3.x is not supported
06-17 19:34:49.097 I/hwservicemanager( 1567): getTransport: Cannot find entry android.hardware.graphics.allocator@4.0::IAllocator/default in either framework or device VINTF manifest.
06-17 19:34:49.097 W/Gralloc4( 6919): allocator 4.x is not supported
06-17 19:34:49.097 I/hwservicemanager( 1567): getTransport: Cannot find entry android.hardware.graphics.allocator@3.0::IAllocator/default in either framework or device VINTF manifest.
06-17 19:34:49.097 W/Gralloc3( 6919): allocator 3.x is not supported
06-17 19:34:49.098 D/gralloc_nox( 1767): gralloc_alloc: Creating ashmem region of size 5496832
06-17 19:34:49.112 D/ssioncontrolle( 6919): createUnique: call
06-17 19:34:49.183 D/ssioncontrolle( 6919): HostComposition ext GL_OES_EGL_image GL_OES_EGL_image_external GL_OES_depth24 GL_OES_depth32 GL_OES_element_index_uint GL_OES_texture_float GL_OES_texture_float_linear GL_OES_compressed_paletted_texture GL_OES_compressed_ETC1_RGB8_texture GL_OES_depth_texture GL_EXT_texture_format_BGRA8888 GL_APPLE_texture_format_BGRA8888 GL_OES_texture_half_float GL_EXT_robustness GL_OES_texture_half_float_linear GL_OES_packed_depth_stencil GL_OES_vertex_half_float GL_OES_texture_npot GL_OES_rgb8_rgba8 GL_EXT_color_buffer_float GL_EXT_texture_sRGB_decode ANDROID_gles_max_version_3_1 GL_OES_vertex_array_object GL_EXT_texture_buffer GL_EXT_copy_image GL_KHR_texture_compression_astc_ldr GL_KHR_texture_compression_astc_hdr GL_OES_texture_compression_astc GL_OES_EGL_image_external
06-17 19:34:49.234 D/gralloc_nox( 1767): gralloc_alloc: Creating ashmem region of size 5496832
06-17 19:34:49.340 D/gralloc_nox( 1767): gralloc_alloc: Creating ashmem region of size 5496832
06-17 19:34:51.274 E/TaskPersister( 1936): File error accessing recents directory (directory doesn't exist?).
06-17 19:34:51.371 D/UIAutomatorStub( 6860): URI: /jsonrpc/0, Method: POST, params, {NanoHttpd.QUERY_STRING=null}, files: {postData={"jsonrpc": "2.0", "id": 1, "method": "count", "params": [{"mask": 2097152, "childOrSibling": [], "childOrSiblingSelector": [], "resourceId": "com.android.permissioncontroller:id/permission_allow_button"}]}}
06-17 19:34:51.382 D/UiObject( 6860): Waiting 0ms for UiSelector[RESOURCE_ID=com.android.permissioncontroller:id/permission_allow_button].
06-17 19:34:51.383 W/QueryController( 6860): Could not detect idle state.
06-17 19:34:51.390 I/QueryController( 6860): Matched selector: UiSelector[RESOURCE_ID=com.android.permissioncontroller:id/permission_allow_button] <<==>> [android.view.accessibility.AccessibilityNodeInfo@b93e; boundsInParent: Rect(0, 0 - 992, 112); boundsInScreen: Rect(464, 557 - 1456, 669); packageName: com.android.permissioncontroller; className: android.widget.Button; text: 允许; error: null; maxTextLength: -1; stateDescription: null; contentDescription: null; tooltipText: null; viewIdResName: com.android.permissioncontroller:id/permission_allow_button; checkable: false; checked: false; focusable: true; focused: false; selected: false; clickable: true; longClickable: false; contextClickable: false; enabled: true; password: false; scrollable: false; importantForAccessibility: true; visible: true; actions: [AccessibilityAction: ACTION_FOCUS - null, AccessibilityAction: ACTION_SELECT - null, AccessibilityAction: ACTION_CLEAR_SELECTION - null, AccessibilityAction: ACTION_CLICK - null, AccessibilityAction: ACTION_ACCESSIBILITY_FOCUS - null, AccessibilityAction: ACTION_NEXT_AT_MOVEMENT_GRANULARITY - null, AccessibilityAction: ACTION_PREVIOUS_AT_MOVEMENT_GRANULARITY - null, AccessibilityAction: ACTION_SET_SELECTION - null, AccessibilityAction: ACTION_SHOW_ON_SCREEN - null]]
06-17 19:34:51.390 D/UiObject( 6860): Waiting 0ms for UiSelector[INSTANCE=1, RESOURCE_ID=com.android.permissioncontroller:id/permission_allow_button].
06-17 19:34:51.390 W/QueryController( 6860): Could not detect idle state.
06-17 19:34:51.429 D/UIAutomatorStub( 6860): URI: /jsonrpc/0, Method: POST, params, {NanoHttpd.QUERY_STRING=null}, files: {postData={"jsonrpc": "2.0", "id": 1, "method": "waitForExists", "params": [{"mask": 2097152, "childOrSibling": [], "childOrSiblingSelector": [], "resourceId": "com.android.permissioncontroller:id/permission_allow_button"}, 20000]}}
06-17 19:34:51.433 D/UiDevice( 6860): Waiting 20000ms for SearchCondition[hasObject=BySelector [RES='\Qcom.android.permissioncontroller:id/permission_allow_button\E']].
06-17 19:34:51.434 D/UiDevice( 6860): Searching for node with selector: BySelector [RES='\Qcom.android.permissioncontroller:id/permission_allow_button\E'].
06-17 19:34:51.435 W/QueryController( 6860): Could not detect idle state.
06-17 19:34:51.484 D/UIAutomatorStub( 6860): URI: /jsonrpc/0, Method: POST, params, {NanoHttpd.QUERY_STRING=null}, files: {postData={"jsonrpc": "2.0", "id": 1, "method": "objInfo", "params": [{"mask": 2097152, "childOrSibling": [], "childOrSiblingSelector": [], "resourceId": "com.android.permissioncontroller:id/permission_allow_button"}]}}
06-17 19:34:51.486 D/UiDevice( 6860): Retrieving node with selector: BySelector [RES='\Qcom.android.permissioncontroller:id/permission_allow_button\E'].
06-17 19:34:51.488 W/QueryController( 6860): Could not detect idle state.
06-17 19:34:51.502 W/QueryController( 6860): Could not detect idle state.
06-17 19:34:51.504 W/QueryController( 6860): Could not detect idle state.
06-17 19:34:51.504 W/QueryController( 6860): Could not detect idle state.
06-17 19:34:51.505 W/QueryController( 6860): Could not detect idle state.
06-17 19:34:51.506 W/QueryController( 6860): Could not detect idle state.
06-17 19:34:51.506 W/QueryController( 6860): Could not detect idle state.
06-17 19:34:51.507 W/QueryController( 6860): Could not detect idle state.
06-17 19:34:51.508 W/QueryController( 6860): Could not detect idle state.
06-17 19:34:51.509 W/QueryController( 6860): Could not detect idle state.
06-17 19:34:51.514 W/QueryController( 6860): Could not detect idle state.
06-17 19:34:51.516 W/QueryController( 6860): Could not detect idle state.
06-17 19:34:51.519 W/QueryController( 6860): Could not detect idle state.
06-17 19:34:51.520 W/QueryController( 6860): Could not detect idle state.
06-17 19:34:51.521 W/QueryController( 6860): Could not detect idle state.
06-17 19:34:51.521 W/QueryController( 6860): Could not detect idle state.
06-17 19:34:51.522 W/QueryController( 6860): Could not detect idle state.
06-17 19:34:51.523 W/QueryController( 6860): Could not detect idle state.
06-17 19:34:51.558 D/UIAutomatorStub( 6860): URI: /jsonrpc/0, Method: POST, params, {NanoHttpd.QUERY_STRING=null}, files: {postData={"jsonrpc": "2.0", "id": 1, "method": "click", "params": [960.0, 613.0]}}
06-17 19:34:51.576 V/DisplayPowerController[0]( 1936): Brightness [0.39763778] reason changing to: 'manual', previous reason: 'manual [ dim ]'.
06-17 19:34:51.591 E/DisplayDeviceConfig( 1936): requesting nits when no mapping exists.
06-17 19:34:51.592 E/DisplayDeviceConfig( 1936): requesting nits when no mapping exists.
06-17 19:34:51.593 I/DropBoxManagerService( 1936): add tag=system_server_wtf isTagEnabled=true flags=0x2
06-17 19:34:51.593 E/LightsService( 1936): Light requested not available on this device. 0
06-17 19:34:51.597 I/DropBoxManagerService( 1936): add tag=system_server_wtf isTagEnabled=true flags=0x2
06-17 19:34:51.608 E/DisplayDeviceConfig( 1936): requesting nits when no mapping exists.
06-17 19:34:51.608 E/DisplayDeviceConfig( 1936): requesting nits when no mapping exists.
06-17 19:34:51.609 I/DropBoxManagerService( 1936): add tag=system_server_wtf isTagEnabled=true flags=0x2
06-17 19:34:51.609 E/LightsService( 1936): Light requested not available on this device. 0
06-17 19:34:51.611 I/DropBoxManagerService( 1936): add tag=system_server_wtf isTagEnabled=true flags=0x2
06-17 19:34:51.625 E/DisplayDeviceConfig( 1936): requesting nits when no mapping exists.
06-17 19:34:51.627 E/DisplayDeviceConfig( 1936): requesting nits when no mapping exists.
06-17 19:34:51.629 I/DropBoxManagerService( 1936): add tag=system_server_wtf isTagEnabled=true flags=0x2
06-17 19:34:51.630 E/LightsService( 1936): Light requested not available on this device. 0
06-17 19:34:51.642 E/DisplayDeviceConfig( 1936): requesting nits when no mapping exists.
06-17 19:34:51.644 E/DisplayDeviceConfig( 1936): requesting nits when no mapping exists.
06-17 19:34:51.647 E/LightsService( 1936): Light requested not available on this device. 0
06-17 19:34:51.658 E/DisplayDeviceConfig( 1936): requesting nits when no mapping exists.
06-17 19:34:51.658 E/DisplayDeviceConfig( 1936): requesting nits when no mapping exists.
06-17 19:34:51.659 E/LightsService( 1936): Light requested not available on this device. 0
06-17 19:34:51.678 E/DisplayDeviceConfig( 1936): requesting nits when no mapping exists.
06-17 19:34:51.678 E/DisplayDeviceConfig( 1936): requesting nits when no mapping exists.
06-17 19:34:51.680 E/LightsService( 1936): Light requested not available on this device. 0
06-17 19:34:51.695 E/DisplayDeviceConfig( 1936): requesting nits when no mapping exists.
06-17 19:34:51.696 E/DisplayDeviceConfig( 1936): requesting nits when no mapping exists.
06-17 19:34:51.697 E/LightsService( 1936): Light requested not available on this device. 0
06-17 19:34:51.708 E/DisplayDeviceConfig( 1936): requesting nits when no mapping exists.
06-17 19:34:51.713 E/DisplayDeviceConfig( 1936): requesting nits when no mapping exists.
06-17 19:34:51.721 E/LightsService( 1936): Light requested not available on this device. 0
06-17 19:34:51.724 E/DisplayDeviceConfig( 1936): requesting nits when no mapping exists.
06-17 19:34:51.729 E/DisplayDeviceConfig( 1936): requesting nits when no mapping exists.
06-17 19:34:51.732 E/LightsService( 1936): Light requested not available on this device. 0
06-17 19:34:51.741 E/DisplayDeviceConfig( 1936): requesting nits when no mapping exists.
06-17 19:34:51.742 E/DisplayDeviceConfig( 1936): requesting nits when no mapping exists.
06-17 19:34:51.743 E/LightsService( 1936): Light requested not available on this device. 0
06-17 19:34:51.757 E/DisplayDeviceConfig( 1936): requesting nits when no mapping exists.
06-17 19:34:51.758 E/DisplayDeviceConfig( 1936): requesting nits when no mapping exists.
06-17 19:34:51.759 E/LightsService( 1936): Light requested not available on this device. 0
06-17 19:34:51.775 E/DisplayDeviceConfig( 1936): requesting nits when no mapping exists.
06-17 19:34:51.775 E/DisplayDeviceConfig( 1936): requesting nits when no mapping exists.
06-17 19:34:51.778 E/LightsService( 1936): Light requested not available on this device. 0
06-17 19:34:51.792 E/DisplayDeviceConfig( 1936): requesting nits when no mapping exists.
06-17 19:34:51.793 E/DisplayDeviceConfig( 1936): requesting nits when no mapping exists.
06-17 19:34:51.794 E/LightsService( 1936): Light requested not available on this device. 0
06-17 19:34:51.799 V/GrantPermissionsViewModel( 6919): Logged buttons presented and clicked permissionGroupName=android.permission-group.STORAGE uid=10058 selectedLocations=0 package=tech.gtt.frontapp.stb.demo presentedButtons=9 clickedButton=1 sessionId=947575416263622943 targetSdk=35
06-17 19:34:51.804 I/MediaProvider( 2560): Invalidating LocalCallingIdentity cache for package tech.gtt.frontapp.stb.demo. Reason: op android:read_external_storage
06-17 19:34:51.804 V/GrantPermissionsViewModel( 6919): Permission grant result requestId=947575416263622943 callingUid=10058 callingPackage=tech.gtt.frontapp.stb.demo permission=android.permission.READ_EXTERNAL_STORAGE isImplicit=false result=4
06-17 19:34:51.806 D/gralloc_nox( 1767): gralloc_alloc: Creating ashmem region of size 8298496
06-17 19:34:51.808 E/DisplayDeviceConfig( 1936): requesting nits when no mapping exists.
06-17 19:34:51.809 E/DisplayDeviceConfig( 1936): requesting nits when no mapping exists.
06-17 19:34:51.811 E/LightsService( 1936): Light requested not available on this device. 0
06-17 19:34:51.825 E/DisplayDeviceConfig( 1936): requesting nits when no mapping exists.
06-17 19:34:51.825 E/DisplayDeviceConfig( 1936): requesting nits when no mapping exists.
06-17 19:34:51.828 E/LightsService( 1936): Light requested not available on this device. 0
06-17 19:34:51.843 E/android.hardware.audio.service( 1759): pcm_open called create stream faild
06-17 19:34:51.843 D/AudioFlinger( 1776): mixer(0x7e14b2cf8a60) throttle end: throttle time(39)
06-17 19:34:52.022 D/CompatibilityChangeReporter( 6952): Compat change id reported: 78294732; UID 10058; state: ENABLED
06-17 19:34:52.023 I/b       ( 6952): freeSpace : 116666MB
06-17 19:34:52.099 D/ProcessState( 7023): Binder ioctl to enable oneway spam detection failed: Invalid argument
06-17 19:34:52.133 D/ConnectivityService( 1936): NetReassign [no changes]
06-17 19:34:52.138 V/GSK     ( 6952): StorageServiceImpl initialization() executed in 0 ms.
06-17 19:34:52.138 V/GSK     ( 6952): SecurityServiceImpl initialization() executed in 0 ms.
06-17 19:34:52.217 W/System.err( 6952): SLF4J(W): No SLF4J providers were found.
06-17 19:34:52.217 W/System.err( 6952): SLF4J(W): Defaulting to no-operation (NOP) logger implementation
06-17 19:34:52.217 W/System.err( 6952): SLF4J(W): See https://www.slf4j.org/codes.html#noProviders for further details.
06-17 19:34:52.272 W/InputManager-JNI( 1936): Input channel object 'f874cb4 com.android.permissioncontroller/com.android.permissioncontroller.permission.ui.GrantPermissionsActivity (client)' was disposed without first being removed with the input manager!
06-17 19:34:52.277 W/System.err( 6952): kotlinx.serialization.json.internal.JsonDecodingException: Expected start of the object '{', but had 'EOF' instead at path: $
06-17 19:34:52.277 W/System.err( 6952): JSON input: 
06-17 19:34:52.278 W/System.err( 6952): 	at kotlinx.serialization.json.internal.JsonExceptionsKt.JsonDecodingException(SourceFile:1)
06-17 19:34:52.278 W/System.err( 6952): 	at kotlinx.serialization.json.internal.JsonExceptionsKt.JsonDecodingException(SourceFile:2)
06-17 19:34:52.278 W/System.err( 6952): 	at kotlinx.serialization.json.internal.AbstractJsonLexer.fail(SourceFile:52)
06-17 19:34:52.278 W/System.err( 6952): 	at kotlinx.serialization.json.internal.AbstractJsonLexer.fail$default(SourceFile:15)
06-17 19:34:52.278 W/System.err( 6952): 	at kotlinx.serialization.json.internal.AbstractJsonLexer.unexpectedToken(SourceFile:103)
06-17 19:34:52.278 W/System.err( 6952): 	at kotlinx.serialization.json.internal.StringJsonLexer.consumeNextToken(SourceFile:16)
06-17 19:34:52.278 W/System.err( 6952): 	at kotlinx.serialization.json.internal.StreamingJsonDecoder.beginStructure(SourceFile:23)
06-17 19:34:52.278 W/System.err( 6952): 	at tech.gtt.frontapp.servicesdk.common.service.utility.apis.e2ee.E2eeConfigResponse$$serializer.deserialize(SourceFile:2)
06-17 19:34:52.278 W/System.err( 6952): 	at tech.gtt.frontapp.servicesdk.common.service.utility.apis.e2ee.E2eeConfigResponse$$serializer.deserialize(SourceFile:1)
06-17 19:34:52.278 W/System.err( 6952): 	at kotlinx.serialization.json.internal.StreamingJsonDecoder.decodeSerializableValue(SourceFile:320)
06-17 19:34:52.278 W/System.err( 6952): 	at kotlinx.serialization.json.Json.decodeFromString(SourceFile:3)
06-17 19:34:52.278 W/System.err( 6952): 	at tech.gtt.frontapp.servicesdk.common.service.utility.apis.e2ee.E2eeManager.syncE2eeConfig(SourceFile:74)
06-17 19:34:52.278 W/System.err( 6952): 	at tech.gtt.frontapp.servicesdk.common.service.utility.apis.ApiUtilServiceImpl.onServiceInit(SourceFile:228)
06-17 19:34:52.278 W/System.err( 6952): 	at tech.gtt.frontapp.servicesdk.common.core.ServiceSDKImpl.executeServiceInitialize(SourceFile:372)
06-17 19:34:52.278 W/System.err( 6952): 	at tech.gtt.frontapp.servicesdk.common.core.ServiceSDKImpl.access$executeServiceInitialize(SourceFile:1)
06-17 19:34:52.278 W/System.err( 6952): 	at tech.gtt.frontapp.servicesdk.common.core.ServiceSDKImpl$init$1.invokeSuspend(SourceFile:178)
06-17 19:34:52.278 W/System.err( 6952): 	at tech.gtt.frontapp.servicesdk.common.core.ServiceSDKImpl$init$1.invoke(SourceFile:2)
06-17 19:34:52.278 W/System.err( 6952): 	at tech.gtt.frontapp.servicesdk.common.core.ServiceSDKImpl$init$1.invoke(SourceFile:1)
06-17 19:34:52.278 W/System.err( 6952): 	at kotlinx.coroutines.flow.SafeFlow.collectSafely(SourceFile:3)
06-17 19:34:52.278 W/System.err( 6952): 	at kotlinx.coroutines.flow.AbstractFlow.collect(SourceFile:70)
06-17 19:34:52.278 W/System.err( 6952): 	at tech.gtt.frontapp.servicesdk.common.core.SDKSetup$build$1.invokeSuspend(SourceFile:42)
06-17 19:34:52.278 W/System.err( 6952): 	at tech.gtt.frontapp.servicesdk.common.core.SDKSetup$build$1.invoke(SourceFile:2)
06-17 19:34:52.278 W/System.err( 6952): 	at tech.gtt.frontapp.servicesdk.common.core.SDKSetup$build$1.invoke(SourceFile:1)
06-17 19:34:52.278 W/System.err( 6952): 	at tech.gtt.frontapp.servicesdk.common.core.Scheduler$scheduleDirect$1.invokeSuspend(SourceFile:61)
06-17 19:34:52.278 W/System.err( 6952): 	at lh.a.resumeWith(SourceFile:14)
06-17 19:34:52.278 W/System.err( 6952): 	at kotlinx.coroutines.DispatchedTask.run(SourceFile:123)
06-17 19:34:52.278 W/System.err( 6952): 	at kotlinx.coroutines.internal.LimitedDispatcher$Worker.run(SourceFile:4)
06-17 19:34:52.278 W/System.err( 6952): 	at kotlinx.coroutines.scheduling.TaskImpl.run(SourceFile:3)
06-17 19:34:52.278 W/System.err( 6952): 	at kotlinx.coroutines.scheduling.CoroutineScheduler.runSafely(SourceFile:1)
06-17 19:34:52.278 W/System.err( 6952): 	at kotlinx.coroutines.scheduling.CoroutineScheduler$Worker.executeTask(SourceFile:34)
06-17 19:34:52.278 W/System.err( 6952): 	at kotlinx.coroutines.scheduling.CoroutineScheduler$Worker.runWorker(SourceFile:29)
06-17 19:34:52.278 W/System.err( 6952): 	at kotlinx.coroutines.scheduling.CoroutineScheduler$Worker.run(SourceFile:1)
06-17 19:34:52.289 W/System.err( 6952): java.io.FileNotFoundException: sys/class/sunxi_info/sys_info: open failed: ENOENT (No such file or directory)
06-17 19:34:52.289 W/System.err( 6952): 	at libcore.io.IoBridge.open(IoBridge.java:575)
06-17 19:34:52.289 W/System.err( 6952): 	at java.io.FileInputStream.<init>(FileInputStream.java:160)
06-17 19:34:52.289 W/System.err( 6952): 	at java.io.FileInputStream.<init>(FileInputStream.java:115)
06-17 19:34:52.289 W/System.err( 6952): 	at ip.b.b(SourceFile:5)
06-17 19:34:52.289 W/System.err( 6952): 	at ip.b.a(SourceFile:155)
06-17 19:34:52.289 W/System.err( 6952): 	at ip.a.invoke(SourceFile:589)
06-17 19:34:52.289 W/System.err( 6952): 	at dh.v.getValue(SourceFile:21)
06-17 19:34:52.289 W/System.err( 6952): 	at tech.gtt.frontapp.servicesdk.common.network.interceptor.params.ApiDeviceParams.handleFixedParams(SourceFile:52)
06-17 19:34:52.289 W/System.err( 6952): 	at tech.gtt.frontapp.servicesdk.common.service.utility.apis.IParamsGetter.toMaps(SourceFile:87)
06-17 19:34:52.289 W/System.err( 6952): 	at tech.gtt.frontapp.servicesdk.common.network.interceptor.DefaultParamsInterceptor.onRequest(SourceFile:127)
06-17 19:34:52.289 W/System.err( 6952): 	at tech.gtt.frontapp.servicesdk.common.network.interceptor.SDKInterceptorsPluginKt$setupRequestInterception$1.invokeSuspend(SourceFile:103)
06-17 19:34:52.289 W/System.err( 6952): 	at tech.gtt.frontapp.servicesdk.common.network.interceptor.SDKInterceptorsPluginKt$setupRequestInterception$1.invoke(SourceFile:1)
06-17 19:34:52.289 W/System.err( 6952): 	at tech.gtt.frontapp.servicesdk.common.network.interceptor.SDKInterceptorsPluginKt$setupRequestInterception$1.invoke(SourceFile:2)
06-17 19:34:52.289 W/System.err( 6952): 	at io.ktor.util.pipeline.DebugPipelineContext.proceedLoop(SourceFile:86)
06-17 19:34:52.289 W/System.err( 6952): 	at io.ktor.util.pipeline.DebugPipelineContext.proceed(SourceFile:26)
06-17 19:34:52.289 W/System.err( 6952): 	at io.ktor.client.plugins.RequestError$install$1.invokeSuspend(SourceFile:47)
06-17 19:34:52.289 W/System.err( 6952): 	at io.ktor.client.plugins.RequestError$install$1.invoke(SourceFile:1)
06-17 19:34:52.289 W/System.err( 6952): 	at io.ktor.client.plugins.RequestError$install$1.invoke(SourceFile:2)
06-17 19:34:52.289 W/System.err( 6952): 	at io.ktor.util.pipeline.DebugPipelineContext.proceedLoop(SourceFile:86)
06-17 19:34:52.289 W/System.err( 6952): 	at io.ktor.util.pipeline.DebugPipelineContext.proceed(SourceFile:26)
06-17 19:34:52.289 W/System.err( 6952): 	at io.ktor.client.plugins.SetupRequestContext$install$1.invokeSuspend$proceed(SourceFile:1)
06-17 19:34:52.289 W/System.err( 6952): 	at io.ktor.client.plugins.SetupRequestContext$install$1.access$invokeSuspend$proceed(SourceFile:1)
06-17 19:34:52.289 W/System.err( 6952): 	at io.ktor.client.plugins.SetupRequestContext$install$1$1.invoke(SourceFile:2)
06-17 19:34:52.289 W/System.err( 6952): 	at io.ktor.client.plugins.SetupRequestContext$install$1$1.invoke(SourceFile:1)
06-17 19:34:52.289 W/System.err( 6952): 	at io.ktor.client.plugins.HttpRequestLifecycleKt$HttpRequestLifecycle$1$1.invokeSuspend(SourceFile:78)
06-17 19:34:52.289 W/System.err( 6952): 	at io.ktor.client.plugins.HttpRequestLifecycleKt$HttpRequestLifecycle$1$1.invoke(SourceFile:1)
06-17 19:34:52.289 W/System.err( 6952): 	at io.ktor.client.plugins.HttpRequestLifecycleKt$HttpRequestLifecycle$1$1.invoke(SourceFile:2)
06-17 19:34:52.289 W/System.err( 6952): 	at io.ktor.client.plugins.SetupRequestContext$install$1.invokeSuspend(SourceFile:42)
06-17 19:34:52.289 W/System.err( 6952): 	at io.ktor.client.plugins.SetupRequestContext$install$1.invoke(SourceFile:1)
06-17 19:34:52.289 W/System.err( 6952): 	at io.ktor.client.plugins.SetupRequestContext$install$1.invoke(SourceFile:2)
06-17 19:34:52.289 W/System.err( 6952): 	at io.ktor.util.pipeline.DebugPipelineContext.proceedLoop(SourceFile:86)
06-17 19:34:52.289 W/System.err( 6952): 	at io.ktor.util.pipeline.DebugPipelineContext.proceed(SourceFile:26)
06-17 19:34:52.289 W/System.err( 6952): 	at io.ktor.util.pipeline.DebugPipelineContext.execute$ktor_utils(SourceFile:7)
06-17 19:34:52.289 W/System.err( 6952): 	at io.ktor.util.pipeline.Pipeline.execute(SourceFile:9)
06-17 19:34:52.289 W/System.err( 6952): 	at io.ktor.client.HttpClient.execute$ktor_client_core(SourceFile:68)
06-17 19:34:52.289 W/System.err( 6952): 	at io.ktor.client.statement.HttpStatement.fetchResponse(SourceFile:90)
06-17 19:34:52.289 W/System.err( 6952): 	at io.ktor.client.statement.HttpStatement.execute(SourceFile:9)
06-17 19:34:52.289 W/System.err( 6952): 	at de.jensklingenberg.ktorfit.internal.KtorfitConverterHelper.suspendRequest(SourceFile:127)
06-17 19:34:52.290 W/System.err( 6952): 	at de.jensklingenberg.ktorfit.internal.KtorfitConverterHelper$request$1$1.invokeSuspend(SourceFile:58)
06-17 19:34:52.290 W/System.err( 6952): 	at de.jensklingenberg.ktorfit.internal.KtorfitConverterHelper$request$1$1.invoke(SourceFile:2)
06-17 19:34:52.290 W/System.err( 6952): 	at de.jensklingenberg.ktorfit.internal.KtorfitConverterHelper$request$1$1.invoke(SourceFile:1)
06-17 19:34:52.290 W/System.err( 6952): 	at de.jensklingenberg.ktorfit.converter.FlowConverterFactory$responseConverter$1$convert$1.invokeSuspend(SourceFile:84)
06-17 19:34:52.290 W/System.err( 6952): 	at de.jensklingenberg.ktorfit.converter.FlowConverterFactory$responseConverter$1$convert$1.invoke(SourceFile:2)
06-17 19:34:52.290 W/System.err( 6952): 	at de.jensklingenberg.ktorfit.converter.FlowConverterFactory$responseConverter$1$convert$1.invoke(SourceFile:1)
06-17 19:34:52.290 W/System.err( 6952): 	at kotlinx.coroutines.flow.SafeFlow.collectSafely(SourceFile:3)
06-17 19:34:52.290 W/System.err( 6952): 	at kotlinx.coroutines.flow.AbstractFlow.collect(SourceFile:70)
06-17 19:34:52.290 W/System.err( 6952): 	at kotlinx.coroutines.flow.FlowKt__MergeKt$flatMapConcat$$inlined$map$1.collect(SourceFile:10)
06-17 19:34:52.290 W/System.err( 6952): 	at kotlinx.coroutines.flow.FlowKt__MergeKt$flattenConcat$$inlined$unsafeFlow$1.collect(SourceFile:8)
06-17 19:34:52.290 W/System.err( 6952): 	at kotlinx.coroutines.flow.FlowKt__CollectKt.collect(SourceFile:1)
06-17 19:34:52.290 W/System.err( 6952): 	at kotlinx.coroutines.flow.FlowKt.collect(SourceFile:1)
06-17 19:34:52.290 W/System.err( 6952): 	at tech.gtt.frontapp.servicesdk.common.service.utility.apis.ApiUtilServiceImpl.onServiceInit(SourceFile:240)
06-17 19:34:52.290 W/System.err( 6952): 	at tech.gtt.frontapp.servicesdk.common.core.ServiceSDKImpl.executeServiceInitialize(SourceFile:372)
06-17 19:34:52.290 W/System.err( 6952): 	at tech.gtt.frontapp.servicesdk.common.core.ServiceSDKImpl.access$executeServiceInitialize(SourceFile:1)
06-17 19:34:52.290 W/System.err( 6952): 	at tech.gtt.frontapp.servicesdk.common.core.ServiceSDKImpl$init$1.invokeSuspend(SourceFile:178)
06-17 19:34:52.290 W/System.err( 6952): 	at tech.gtt.frontapp.servicesdk.common.core.ServiceSDKImpl$init$1.invoke(SourceFile:2)
06-17 19:34:52.290 W/System.err( 6952): 	at tech.gtt.frontapp.servicesdk.common.core.ServiceSDKImpl$init$1.invoke(SourceFile:1)
06-17 19:34:52.290 W/System.err( 6952): 	at kotlinx.coroutines.flow.SafeFlow.collectSafely(SourceFile:3)
06-17 19:34:52.290 W/System.err( 6952): 	at kotlinx.coroutines.flow.AbstractFlow.collect(SourceFile:70)
06-17 19:34:52.290 W/System.err( 6952): 	at tech.gtt.frontapp.servicesdk.common.core.SDKSetup$build$1.invokeSuspend(SourceFile:42)
06-17 19:34:52.290 W/System.err( 6952): 	at tech.gtt.frontapp.servicesdk.common.core.SDKSetup$build$1.invoke(SourceFile:2)
06-17 19:34:52.290 W/System.err( 6952): 	at tech.gtt.frontapp.servicesdk.common.core.SDKSetup$build$1.invoke(SourceFile:1)
06-17 19:34:52.290 W/System.err( 6952): 	at tech.gtt.frontapp.servicesdk.common.core.Scheduler$scheduleDirect$1.invokeSuspend(SourceFile:61)
06-17 19:34:52.290 W/System.err( 6952): 	at lh.a.resumeWith(SourceFile:14)
06-17 19:34:52.290 W/System.err( 6952): 	at kotlinx.coroutines.DispatchedTask.run(SourceFile:123)
06-17 19:34:52.290 W/System.err( 6952): 	at kotlinx.coroutines.internal.LimitedDispatcher$Worker.run(SourceFile:4)
06-17 19:34:52.290 W/System.err( 6952): 	at kotlinx.coroutines.scheduling.TaskImpl.run(SourceFile:3)
06-17 19:34:52.290 W/System.err( 6952): 	at kotlinx.coroutines.scheduling.CoroutineScheduler.runSafely(SourceFile:1)
06-17 19:34:52.290 W/System.err( 6952): 	at kotlinx.coroutines.scheduling.CoroutineScheduler$Worker.executeTask(SourceFile:34)
06-17 19:34:52.290 W/System.err( 6952): 	at kotlinx.coroutines.scheduling.CoroutineScheduler$Worker.runWorker(SourceFile:29)
06-17 19:34:52.290 W/System.err( 6952): 	at kotlinx.coroutines.scheduling.CoroutineScheduler$Worker.run(SourceFile:1)
06-17 19:34:52.290 W/System.err( 6952): Caused by: android.system.ErrnoException: open failed: ENOENT (No such file or directory)
06-17 19:34:52.290 W/System.err( 6952): 	at libcore.io.Linux.open(Native Method)
06-17 19:34:52.290 W/System.err( 6952): 	at libcore.io.ForwardingOs.open(ForwardingOs.java:567)
06-17 19:34:52.290 W/System.err( 6952): 	at libcore.io.BlockGuardOs.open(BlockGuardOs.java:273)
06-17 19:34:52.290 W/System.err( 6952): 	at libcore.io.ForwardingOs.open(ForwardingOs.java:567)
06-17 19:34:52.290 W/System.err( 6952): 	at android.app.ActivityThread$AndroidOs.open(ActivityThread.java:7761)
06-17 19:34:52.290 W/System.err( 6952): 	at libcore.io.IoBridge.open(IoBridge.java:561)
06-17 19:34:52.290 W/System.err( 6952): 	... 69 more
06-17 19:34:52.291 W/SurfaceFlinger( 1779): couldn't log to binary event log: overflow.
06-17 19:34:52.291 W/System.err( 6952): java.io.FileNotFoundException: sys/class/sunxi_info/sys_info: open failed: ENOENT (No such file or directory)
06-17 19:34:52.291 W/System.err( 6952): 	at libcore.io.IoBridge.open(IoBridge.java:575)
06-17 19:34:52.292 W/System.err( 6952): 	at java.io.FileInputStream.<init>(FileInputStream.java:160)
06-17 19:34:52.292 W/System.err( 6952): 	at java.io.FileInputStream.<init>(FileInputStream.java:115)
06-17 19:34:52.292 W/System.err( 6952): 	at ip.b.b(SourceFile:5)
06-17 19:34:52.292 W/System.err( 6952): 	at ip.b.a(SourceFile:155)
06-17 19:34:52.292 W/System.err( 6952): 	at ip.a.invoke(SourceFile:127)
06-17 19:34:52.292 W/System.err( 6952): 	at dh.v.getValue(SourceFile:21)
06-17 19:34:52.292 W/System.err( 6952): 	at tech.gtt.frontapp.servicesdk.common.network.interceptor.params.ApiDeviceParams.handleFixedParams(SourceFile:65)
06-17 19:34:52.292 W/System.err( 6952): 	at tech.gtt.frontapp.servicesdk.common.service.utility.apis.IParamsGetter.toMaps(SourceFile:87)
06-17 19:34:52.292 W/System.err( 6952): 	at tech.gtt.frontapp.servicesdk.common.network.interceptor.DefaultParamsInterceptor.onRequest(SourceFile:127)
06-17 19:34:52.292 W/System.err( 6952): 	at tech.gtt.frontapp.servicesdk.common.network.interceptor.SDKInterceptorsPluginKt$setupRequestInterception$1.invokeSuspend(SourceFile:103)
06-17 19:34:52.292 W/System.err( 6952): 	at tech.gtt.frontapp.servicesdk.common.network.interceptor.SDKInterceptorsPluginKt$setupRequestInterception$1.invoke(SourceFile:1)
06-17 19:34:52.292 W/System.err( 6952): 	at tech.gtt.frontapp.servicesdk.common.network.interceptor.SDKInterceptorsPluginKt$setupRequestInterception$1.invoke(SourceFile:2)
