06-17 19:34:54.288 V/GSK-APIS( 6952): Vm8LQPGZMdi2fb7AwDFiHx5FTg3FMKY+HLW43WWXe4fXnIw/Ye/ed8/x5yWMjsswuewZvTuRCDAW9N+bKVCFoKIjyD5mXpZTNC2y+FCU7lVyx4xk3OG141wzNOqT4qgLa5I9FkdIjL+fcMyhjJUY8MXqr2OT6WEfjOtLP0tQVTLXjtQ4rzuWQpbIaJez3tRsSsTxzykT23Di3uMB/1IM0TZPG1ARAt8l8pAKPklM2SdSyJq7mA0n5QuKnQmr7ES7ey9kecCVB5m6zNZcAR6vxldgBDXbkqbqJTA83CGHhsQXUm4sMm2L46WefuQJg1I/CqhUWAvqATmEwNwakPobqYybK+TR9G9HYVsK4T8kAW0wCzw4Hw+LEiJSUyzTKSHgLhkX22vBEYSAGp1b7TZec4MmC/D/x83lpTF8T98s4yqGotvun8sso67CaJ9LIs1bNT+Dyawpz9mcD10UlDOerIGmzBnjAOSMj/Fd0aP1xNY1R5RKnzdkd9CUhEfwV9uTBAFY7DPVK6dwj8GVQkGYUeTtU4SAwryaHqHilIRu4rmOWiV0tIH3OCZuU4A+k+13pWcYe2ryOxdERK9hOJtIH5V0GDltUC0/B/+FwEY0jgvDyQFypuv2HixBilqrYI5MJTPPXsMBxvynZ/SbcVIfiu/Puy0o3nR3xXUI+aHOcqVVnxDC9AuxpOMPRN/oJTz9mSFTBFafBj3/1/sQ7DFnzUcvSR6SHTudP/2JJsCnji68mrlTaCHd2ExqpB+d8FEv7fl4iF73IjMtG8+hE2pThPgqfy8QTUTv8igNBmnn1SpNFY8Ek1RNZmz/ZOwCqtEJEwDgCgCsPpjLnmWfjH0RivvaXJE+YwFiFqwQy4QzxIcGk8ifBlUL0M6j4V8EhHlJSavjPsrdOvF/z3DaWFZL3iKTQgtr07GkYzL35+vhEOIYcZA0Gk1E+kc6qLZiC81lquIXGJ6yEGRQXao6m+D2KAPPi+Z2ZXC/o9JB33uAg2lNd4jFIwcCXgJQ3f5OaNLL6mWWi41EuwyZMFllNF+a7k6MO321yK1Vg9BnmhT8IiKqi4TnbpDKoUuWRBWaTR1AvQo0KPLPuxysVD6ub88gb+u9Gqy8bnFesrP7zOtPpf0tFSY6Swuolo6XcU8U1iMm4vUDbto4+d4Esbrv/5qk+LmyUT187qUMbIw3EU6m6VScjFwdfoEv5Y1VdiWaDrkNQb++0TVD0cLYWIQjrUdYhN1ELMBQd4Lm3mBOtHABAg1O+7mD8HB0z4nuno90q1po945Xg/O8Hj3cG4nOqVHgfCIbQTadnHR3IOqJhgKBm76nxFl5TLUmX672XecqPCftX/5LZ3XWjoDq2y8OECYcQrXe1t0nhek3W1sUrUQuXi9esUYuoDp/re4/ddNrOaHoF2xse+TQ1pTEiQ5AIhdJ3vwRnOFcGrAE/IjurMRbmJKqde664WUs2Lf/xMRxg0zMc0GlrsfCx8mp52QRB1q0xcuR17UK3FeDm8dpgK+imXh53T6mKWyECOWVu2yVUg7nERSa44YFGer06tAPUH6p0OGhjlpDwzF7ySL1qE7hWUlp/OBQIrnBCfL/tTQjl4PrlbQDvxTQ0Bn7Ja7ksiGrOJezZ2h1vUufNC1NJ1HJH869kNM9nQjidOOsJduJ5LOPI0ab+5Rvw0gLi7sHX8BzEFGLlpdM8OG9W46ISU6cnmM1nWdrzPFUpJoFy4AejMc/8imAwzz8LnGCLY0kZEPA+EgGHzyvdeMtRsdADIcvDd+Rzz0RUtnH7Rhld8EoE/wM9cdcLHhiQgK1gC/ouzk11b0f7UmjG0Jrs5P1wXQbPx+oRggC7jBZXhaEUSy7Vl46C0Op8aT2qOE+U4FFMjfLZ7b5l5N54bltzxi275DUgvUfinrgxJMGAOJMmDw7i7j/GzlMGBm79oVraAT0Eo5QiVeNvN3csKOkMOGoSX1QXGt15Il7Z/jFFlPWLFIn82L0wZBsjAaOJsk1rVLMV7/YxZz0fnArjm9SKfQg+DJKq3n/oVqbm7skXX/FAP2102Y4S7TYt7xur/7u+1D7gFd75ExshO5noXPwKV97t7gl/GixE8A5MoJ4Jkhevw1REQWPdGF9/jP85E2DvggtfCqgrixBBqO4AkPOEg5Jq3upJdrG5ATllDcDSVuvDpc5t4gGb/7u3oGeJmczE0+TWv4xoNxtFclRKkoIRr/VzyTfejSliLl4P4LLE38yN/v/KO7L3c9AGurfUhvBP+rOWrAMkWgkviWBb/iZ1zudmXHl23aLw4pUJ3cNDmR1241y07zuv3mSh11b4mWM0CS4CmhpsWbDYBd2p9V8BPqGlsrDy5s3rMAhH6ih0pz+TqS7MSGYBZKPTgto1P/kOISNwBmQX7xMx8AHwsMt7m22jFMqcX+Q/pB4a4DrmQR4bRi0FgD1gaPSh/0o1qnbWLH1pkEZ7zbS8JRD/VvATRPUNHiFwtDoLHgS8VJV2XXLo8zl/bM/W9e9bIjpLcTUhVT4igwa713Qbq2xInLRm7/f/mGz7wk8nWej92Kk+e2UUJTfvHZSuu5RgG3aJ9FiYe89MvB2aYO9IX7DjiN1pQ4JTXGCvnS/wocEI0yekgLuSDZnmEBIuEgUMcjd2xgpdIq7mGbYJxdzJvc6JXw5jrAjbROX4m0KPY7l22r0uiOBxOlF6/XZpsBi+5R/aug/reYgetXoJGdXhDA2/FEXUZ+SLhZfS7L3pBtHI4g5UMxAPOp5DHJCrrEm9vhbGAo8DGE3q4o9EFJLlYOGuAFs8UpSN/v0XfWf99tl3hldeXiZjofmIw+P7m2Z3DPVw88C9jnL+tDuSf9jhaSb7lopirNaJ/NBQdTy/rolhkzalnngczzAxUcuva7lZH6r7JJ0YgeJ5CzIE8e3La6eb83fM+I4N1myAYhpP3mI5W3TTLEStmprwpKJtKrfRSOS0G/YyaoY7+wkdXuj36kEwavBTPZg/9wio/UtyVSaEw5kLqmJuv1RwNynbqlTH940mTAWzrkJ8baABgowS9bIXyAL7yZ3jYEzkib8YnluMHnVRa1LrbefoXAZ1Wb1a4yvz4eGzgHtIG8GYu16mnkgs6QYzaBepBi1u7k3taLjHynDEgxKw0pWHFCRTu9WfAqu+jbV8lRF339TcJkLXc/1nczUmD4deHwBd/ZzcfLDNU03BvOJSMSP92hTobbxNaL+u2a9ebVBvU/QXrdB2bzeKelknxcOMV9huPKDmjh5GBUxjgWkGFt7BGvsn0w/5OYiRegHNpXgddIAjA3LH/PQ4cXl/UeeKwPghg9YFN5YDvo6RORyVcJ7bgaSiKluf2UOe3axsoK4YOzh2vZMq7FQyLuVX8wrFiTDDxdgY5WsQXyL7EGbyd1kzFAKfm0d4bikMzoEr/GQY0uYK3cEkzEsVQ/3qt1JAkUVfxue2g9p/ZOPZ5Q5siU4VVmpA5GjxWjG/dbwdTooxvp6P7j8oCLnzXH2R02SR1R3HEOV2HsK6hnuWISxK7kLG8odSbwmXhaSFTH9wav3PqOBx5AGK4EgmUiS6ghgMtKeaooVJOcMZg80lnWDeOJqKklaqSl+oPu0SenGO/iEoKQy4xC9a5vO3BnY8hFGvU/d9HO3B2aIb3+WNf2xgOdhUnoqYyPLcgupGPNdzXFOtsBsDKb9eFDL/EwiW9sW3UOVAjQkxabEZmbEsHPRqUvx4kNMZr8/EOyU4xbrSFIRX3BWPJRG1C+6FlVMU/HDvP/KOUGiFmc686XA6Wu36Qy3ofks8QdG5A79k7stlhQfHa0k0aWqxx7KBNInu/wtSBWcqVPYk/blZMQ/Ub9Bw+ppez6/QcoZyiJmN87+78tLh61gjEndIEhiEh760yyD7Fj6hu6NSA3uRGT0vLCh4MHH/UQauD31fgGxwDyfinU8lpCa6nPSuwWyIB+O3hPfwwyuWGmyhcQPQFLOY1/glvzKZvoRloUtnElwVML9ChxWPBtqUZlQJ9a27BufdUiQ3dW6aaAUseD4cSr79gWZF5
06-17 19:34:54.288 V/GSK-APIS( 6952): FbG6I2z6yxk88xcypM5ZevcoqrykKuqdY/AQa+d5OGoWDMWU19a06zaaQ50e1/FNdQLQf9UPY8Galc/KwQT8Hq1a+cEWSeJir0GmZfkmcZ5LVoFqj1pAEPFKCshjLb+KbsU6FEGaiMNpXgAjSMqfYXBxBE3IebCnaWy6e7bG4Bmd0DF46L3dCig7yMCiwwZ7UUtZTUdGnM1QbWu1aEoJUF8e5p93UvNayCxuvrfGvCMbRyzfyLFBAkz1P49NWHpk37vi3vUcDV2ki3IkHYJpfaM9JWIOwcJOE+Ptn2ChvpbRt1ortKXphkxGMhGxKc+0S0Z+Lhocm7OqNhY3N97c7AHtDBPDwCKq7Ksclpp6srFyN+OGHLPogspz/g4YiEKe4w=
06-17 19:34:54.288 V/GSK-APIS( 6952): 	prot:	ACM30
06-17 19:34:54.288 V/GSK-APIS( 6952): 	signature:	65b9a0824eeccae3b44e04978e94879ede19ccf3
06-17 19:34:54.288 V/GSK-APIS( 6952): }
06-17 19:34:54.288 V/GSK-Upgrade:UpgradeManager( 6952): startLoopUpdateApp
06-17 19:34:54.288 V/GSK-APIS( 6952): request to: https://gtt-app-apigateway-lion.vdemosit.com/api/enduser/messagecenter/message/query/v1
06-17 19:34:54.288 V/GSK     ( 6952): UpgradeServiceImp unnecessary initialization() executed in 37 ms.
06-17 19:34:54.291 W/ActivityTaskManager( 1936): Tried to set launchTime (0) < mLastActivityLaunchTime (2985041)
06-17 19:34:54.299 V/GSK-Upgrade:ComponentUpdater( 6952): init
06-17 19:34:54.300 V/GSK-Upgrade:ComponentUpdater( 6952): loadLocalDex
06-17 19:34:54.301 V/GSK-Upgrade:ComponentUpdater( 6952): local dex is empty
06-17 19:34:54.302 V/GSK-Upgrade:ComponentUpdater( 6952): local dex is empty
06-17 19:34:54.302 V/GSK-Upgrade:ComponentUpdater( 6952): local dex is empty
06-17 19:34:54.302 V/GSK-Upgrade:ComponentUpdater( 6952): local dex is empty
06-17 19:34:54.302 V/GSK-Upgrade:ComponentUpdater( 6952): local dex is empty
06-17 19:34:54.302 V/GSK-Upgrade:ComponentUpdater( 6952): local dex is empty
06-17 19:34:54.307 D/AndroidAutoSize( 6952): tech.gtt.frontapp.stb.m.home.activity.LoadingActivity used the global configuration.
06-17 19:34:54.307 D/AndroidAutoSize( 6952): The tech.gtt.frontapp.stb.m.home.activity.LoadingActivity has been adapted! 
06-17 19:34:54.307 D/AndroidAutoSize( 6952): LoadingActivity Info: isBaseOnWidth = true, designWidthInDp = 1920.000000, designWidthInSubunits = 1920.000000, targetDensity = 1.000000, targetScaledDensity = 1.000000, targetDensityDpi = 160, targetXdpi = 1.000000, targetScreenWidthDp = 1920, targetScreenHeightDp = 1032
06-17 19:34:54.349 V/GSK-Account:AccountManager( 6952): isLoggedIn=false
06-17 19:34:54.350 D/AndroidAutoSize( 6952): tech.gtt.frontapp.stb.m.home.activity.LoadingActivity used the global configuration.
06-17 19:34:54.351 D/AndroidAutoSize( 6952): The tech.gtt.frontapp.stb.m.home.activity.LoadingActivity has been adapted! 
06-17 19:34:54.351 D/AndroidAutoSize( 6952): LoadingActivity Info: isBaseOnWidth = true, designWidthInDp = 1920.000000, designWidthInSubunits = 1920.000000, targetDensity = 1.000000, targetScaledDensity = 1.000000, targetDensityDpi = 160, targetXdpi = 1.000000, targetScreenWidthDp = 1920, targetScreenHeightDp = 1032
06-17 19:34:54.362 W/WindowManager( 1936): Failed looking up window session=Session{a5ba1b5 6952:u0a10058} callers=com.android.server.wm.WindowManagerService.windowForClientLocked:5850 com.android.server.wm.Session.updateRequestedVisibilities:640 android.view.IWindowSession$Stub.onTransact:1175 
06-17 19:34:54.433 D/gralloc_nox( 1767): gralloc_alloc: Creating ashmem region of size 8298496
06-17 19:34:54.449 D/ProcessState( 7064): Binder ioctl to enable oneway spam detection failed: Invalid argument
06-17 19:34:54.455 D/gralloc_nox( 1767): gralloc_alloc: Creating ashmem region of size 8298496
06-17 19:34:54.502 D/gralloc_nox( 1767): gralloc_alloc: Creating ashmem region of size 8298496
06-17 19:34:54.570 I/ActivityTaskManager( 1936): Displayed tech.gtt.frontapp.stb.demo/tech.gtt.frontapp.stb.m.home.activity.LoadingActivity: +302ms
06-17 19:34:54.573 D/CompatibilityChangeReporter( 6952): Compat change id reported: 171228096; UID 10058; state: ENABLED
06-17 19:34:54.586 W/DataBinding( 6952): Setting the fragment as the LifecycleOwner might cause memory leaks because views lives shorter than the Fragment. Consider using Fragment's view lifecycle
06-17 19:34:54.600 I/MediaFocusControl( 1936): requestAudioFocus() from uid/pid 10058/6952 AA=USAGE_MEDIA/CONTENT_TYPE_MOVIE clientId=android.media.AudioManager@1be4bcd callingPack=tech.gtt.frontapp.stb.demo req=1 flags=0x0 sdk=35
06-17 19:34:54.601 I/AudioService.FadeOutManager( 1936): unfadeOutUid() uid:10058
06-17 19:34:54.605 W/MediaProvider( 2560): Failed to fetch original file descriptor
06-17 19:34:54.605 W/MediaProvider( 2560): java.io.IOException: stat failed: ENOENT (No such file or directory)
06-17 19:34:54.605 W/MediaProvider( 2560): 	at com.android.providers.media.MediaProvider.getFileFromFileDescriptor(MediaProvider.java:5822)
06-17 19:34:54.605 W/MediaProvider( 2560): 	at com.android.providers.media.MediaProvider.getOriginalMediaFormatFileDescriptor(MediaProvider.java:5739)
06-17 19:34:54.605 W/MediaProvider( 2560): 	at com.android.providers.media.MediaProvider.openTypedAssetFileCommon(MediaProvider.java:7162)
06-17 19:34:54.605 W/MediaProvider( 2560): 	at com.android.providers.media.MediaProvider.openTypedAssetFile(MediaProvider.java:7143)
06-17 19:34:54.605 W/MediaProvider( 2560): 	at android.content.ContentProvider$Transport.openTypedAssetFile(ContentProvider.java:548)
06-17 19:34:54.605 W/MediaProvider( 2560): 	at android.content.ContentProviderNative.onTransact(ContentProviderNative.java:327)
06-17 19:34:54.605 W/MediaProvider( 2560): 	at android.os.Binder.execTransactInternal(Binder.java:1179)
06-17 19:34:54.605 W/MediaProvider( 2560): 	at android.os.Binder.execTransact(Binder.java:1143)
06-17 19:34:54.605 W/MediaProvider( 2560): Caused by: android.system.ErrnoException: stat failed: ENOENT (No such file or directory)
06-17 19:34:54.605 W/MediaProvider( 2560): 	at libcore.io.Linux.stat(Native Method)
06-17 19:34:54.605 W/MediaProvider( 2560): 	at libcore.io.ForwardingOs.stat(ForwardingOs.java:853)
06-17 19:34:54.605 W/MediaProvider( 2560): 	at libcore.io.BlockGuardOs.stat(BlockGuardOs.java:420)
06-17 19:34:54.605 W/MediaProvider( 2560): 	at libcore.io.ForwardingOs.stat(ForwardingOs.java:853)
06-17 19:34:54.605 W/MediaProvider( 2560): 	at android.app.ActivityThread$AndroidOs.stat(ActivityThread.java:7775)
06-17 19:34:54.605 W/MediaProvider( 2560): 	at android.system.Os.stat(Os.java:919)
06-17 19:34:54.605 W/MediaProvider( 2560): 	at com.android.providers.media.MediaProvider.getFileFromFileDescriptor(MediaProvider.java:5816)
06-17 19:34:54.605 W/MediaProvider( 2560): 	... 7 more
06-17 19:34:54.605 D/NuPlayerDriver( 1809): NuPlayerDriver(0xf5c00d00) created, clientPid(6952)
06-17 19:34:54.607 D/SurfaceUtils( 1809): connecting to surface 0xf0800018, reason setVideoSurfaceTexture
06-17 19:34:54.607 D/NuPlayer( 1809): onSetVideoSurface(0xf0804ba0, no video decoder)
06-17 19:34:54.609 D/GenericSource( 1809): FileSource remote
06-17 19:34:54.611 I/SampleTable( 1807): There are reordered frames present.
06-17 19:34:54.613 D/MediaBufferGroup( 1807): creating MemoryDealer
06-17 19:34:54.633 D/MediaPlayerNative( 6952): getMetadata
06-17 19:34:54.649 I/GenericSource( 1809): start
06-17 19:34:54.660 I/OMXClient( 1809): IOmx service obtained
06-17 19:34:54.662 I/OMXStore( 1812): makeComponentInstance(OMX.google.h264.decoder) in android.hardwar process
06-17 19:34:54.666 I/OMXClient( 1809): IOmx service obtained
06-17 19:34:54.666 I/OMXStore( 1812): makeComponentInstance(OMX.google.aac.decoder) in android.hardwar process
06-17 19:34:54.667 D/SurfaceUtils( 1809): disconnecting from surface 0xf0804ba8, reason onConfigure
06-17 19:34:54.668 D/SurfaceUtils( 1809): connecting to surface 0xf0804ba8, reason connectToSurface
06-17 19:34:54.669 I/MediaCodec( 1809): [OMX.google.h264.decoder] setting surface generation to 1852421
06-17 19:34:54.669 D/SurfaceUtils( 1809): disconnecting from surface 0xf0804ba8, reason connectToSurface(reconnect)
06-17 19:34:54.669 D/SurfaceUtils( 1809): connecting to surface 0xf0804ba8, reason connectToSurface(reconnect)
06-17 19:34:54.670 E/OMXNodeInstance( 1812): setConfig(0xe6d41580:google.aac.decoder, ConfigPriority(0x6f800002)) ERROR: Undefined(0x80001001)
06-17 19:34:54.670 I/ACodec  ( 1809): codec does not support config priority (err -2147483648)
06-17 19:34:54.670 E/OMXNodeInstance( 1812): getConfig(0xe6d41580:google.aac.decoder, ConfigAndroidVendorExtension(0x6f100004)) ERROR: Undefined(0x80001001)
06-17 19:34:54.670 D/SoftAAC2( 1812): get OMX_IndexParamAudioAndroidAacDrcPresentation
06-17 19:34:54.671 E/OMXNodeInstance( 1812): getExtensionIndex(0xe6d40da0:google.h264.decoder, OMX.google.android.index.enableAndroidNativeBuffers) ERROR: UnsupportedIndex(0x8000101a)
06-17 19:34:54.671 E/ACodec  ( 1809): [OMX.google.h264.decoder] setPortMode on output to DynamicANWBuffer failed w/ err -1010
06-17 19:34:54.671 I/MediaCodec( 1809): MediaCodec will operate in async mode
06-17 19:34:54.672 D/MediaCodec( 1809): keep callback message for reclaim
06-17 19:34:54.672 E/OMXNodeInstance( 1812): getParameter(0xe6d40da0:google.h264.decoder, ??(0x6f600011)) ERROR: UnsupportedIndex(0x8000101a)
06-17 19:34:54.672 W/OMXNodeInstance( 1812): [0xe6d40da0:google.h264.decoder] component does not support metadata mode; using fallback
06-17 19:34:54.673 D/SoftVideoDecoderOMXComponent( 1812): Color Aspects preference: 1 
06-17 19:34:54.675 E/OMXNodeInstance( 1812): setConfig(0xe6d40da0:google.h264.decoder, ConfigPriority(0x6f800002)) ERROR: UnsupportedIndex(0x8000101a)
06-17 19:34:54.675 I/ACodec  ( 1809): codec does not support config priority (err -1010)
06-17 19:34:54.675 E/OMXNodeInstance( 1812): setConfig(0xe6d40da0:google.h264.decoder, ConfigOperatingRate(0x6f800003)) ERROR: UnsupportedIndex(0x8000101a)
06-17 19:34:54.675 I/ACodec  ( 1809): codec does not support config operating rate (err -1010)
06-17 19:34:54.676 E/OMXNodeInstance( 1812): getConfig(0xe6d40da0:google.h264.decoder, ConfigAndroidVendorExtension(0x6f100004)) ERROR: UnsupportedIndex(0x8000101a)
06-17 19:34:54.678 E/OMXNodeInstance( 1812): getConfig(0xe6d40da0:google.h264.decoder, ??(0x7f000003)) ERROR: UnsupportedSetting(0x80001019)
06-17 19:34:54.680 I/SoftAAC2( 1812): Reconfiguring decoder: 0->44100 Hz, 0->1 channels
06-17 19:34:54.680 D/SoftAAC2( 1812): get OMX_IndexParamAudioAndroidAacDrcPresentation
06-17 19:34:54.681 I/MediaCodec( 1809): MediaCodec will operate in async mode
06-17 19:34:54.682 D/MediaCodec( 1809): keep callback message for reclaim
06-17 19:34:54.688 D/AudioFlinger( 1776): Client defaulted notificationFrames to 11286 for frameCount 22572
06-17 19:34:54.688 D/AF::TrackHandle( 1776): OpPlayAudio: track:61 usage:1 not muted
06-17 19:34:54.692 W/ResourceManagerService( 1809): Ignoring request to add new resource entry with value <= 0
06-17 19:34:54.694 D/SoftVideoDecoderOMXComponent( 1812): Color Aspects preference: 1 
06-17 19:34:54.723 D/UIAutomatorStub( 6860): URI: /jsonrpc/0, Method: POST, params, {NanoHttpd.QUERY_STRING=null}, files: {postData={"jsonrpc": "2.0", "id": 1, "method": "waitForExists", "params": [{"mask": 2097152, "childOrSibling": [], "childOrSiblingSelector": [], "resourceId": "tech.gtt.frontapp.stb.demo:id/account_login_tv2"}, 20000]}}
06-17 19:34:54.723 E/OMXNodeInstance( 1812): getConfig(0xe6d40da0:google.h264.decoder, ??(0x7f000003)) ERROR: UnsupportedSetting(0x80001019)
06-17 19:34:54.724 D/UiDevice( 6860): Waiting 20000ms for SearchCondition[hasObject=BySelector [RES='\Qtech.gtt.frontapp.stb.demo:id/account_login_tv2\E']].
06-17 19:34:54.724 D/UiDevice( 6860): Searching for node with selector: BySelector [RES='\Qtech.gtt.frontapp.stb.demo:id/account_login_tv2\E'].
06-17 19:34:54.725 W/QueryController( 6860): Could not detect idle state.
06-17 19:34:54.725 D/MediaCodec( 1809): [OMX.google.h264.decoder] setting dataspace on output surface to #102
06-17 19:34:54.742 V/GSK-APIS( 6952): received response >>> id: 49dfe366 url: https://gtt-app-apigateway-lion.vdemosit.com/api/enduser/messagecenter/message/query/v1 statusCode: 400, exception: null
06-17 19:34:54.743 I/System.out( 6952): [SDKInterceptorPlugin] Unhandled exception in request processing: Something went wrong while connecting to the server, statusCode: 400
06-17 19:34:54.752 W/MediaPlayerNative( 6952): info/warning (3, 0)
06-17 19:34:54.752 D/gralloc_nox( 1767): gralloc_alloc: Creating ashmem region of size 589824
06-17 19:34:54.755 D/SoftwareRenderer( 1809): setting dataspace on output surface to #8000102
06-17 19:34:54.757 D/gralloc_nox( 1767): gralloc_alloc: Creating ashmem region of size 589824
06-17 19:34:54.783 W/InputManager-JNI( 1936): Input channel object '9ef68d8 tech.gtt.frontapp.stb.demo/tech.gtt.frontapp.stb.m.home.activity.SplashActivity (client)' was disposed without first being removed with the input manager!
06-17 19:34:54.837 D/AudioFlinger( 1776): mixer(0x7e14b2cf8a60) throttle end: throttle time(38)
06-17 19:34:54.849 D/UiDevice( 6860): Searching for node with selector: BySelector [RES='\Qtech.gtt.frontapp.stb.demo:id/account_login_tv2\E'].
06-17 19:34:54.850 W/QueryController( 6860): Could not detect idle state.
06-17 19:34:54.959 D/UiDevice( 6860): Searching for node with selector: BySelector [RES='\Qtech.gtt.frontapp.stb.demo:id/account_login_tv2\E'].
06-17 19:34:54.960 W/QueryController( 6860): Could not detect idle state.
06-17 19:34:55.066 D/UiDevice( 6860): Searching for node with selector: BySelector [RES='\Qtech.gtt.frontapp.stb.demo:id/account_login_tv2\E'].
06-17 19:34:55.066 W/QueryController( 6860): Could not detect idle state.
06-17 19:34:55.169 D/UiDevice( 6860): Searching for node with selector: BySelector [RES='\Qtech.gtt.frontapp.stb.demo:id/account_login_tv2\E'].
06-17 19:34:55.170 W/QueryController( 6860): Could not detect idle state.
06-17 19:34:55.275 D/UiDevice( 6860): Searching for node with selector: BySelector [RES='\Qtech.gtt.frontapp.stb.demo:id/account_login_tv2\E'].
06-17 19:34:55.275 W/QueryController( 6860): Could not detect idle state.
06-17 19:34:55.380 D/UiDevice( 6860): Searching for node with selector: BySelector [RES='\Qtech.gtt.frontapp.stb.demo:id/account_login_tv2\E'].
06-17 19:34:55.380 W/QueryController( 6860): Could not detect idle state.
06-17 19:34:55.483 D/UiDevice( 6860): Searching for node with selector: BySelector [RES='\Qtech.gtt.frontapp.stb.demo:id/account_login_tv2\E'].
06-17 19:34:55.483 W/QueryController( 6860): Could not detect idle state.
06-17 19:34:55.586 D/UiDevice( 6860): Searching for node with selector: BySelector [RES='\Qtech.gtt.frontapp.stb.demo:id/account_login_tv2\E'].
06-17 19:34:55.586 W/QueryController( 6860): Could not detect idle state.
06-17 19:34:55.692 D/UiDevice( 6860): Searching for node with selector: BySelector [RES='\Qtech.gtt.frontapp.stb.demo:id/account_login_tv2\E'].
06-17 19:34:55.692 W/QueryController( 6860): Could not detect idle state.
06-17 19:34:55.797 D/UiDevice( 6860): Searching for node with selector: BySelector [RES='\Qtech.gtt.frontapp.stb.demo:id/account_login_tv2\E'].
06-17 19:34:55.798 W/QueryController( 6860): Could not detect idle state.
06-17 19:34:55.900 D/UiDevice( 6860): Searching for node with selector: BySelector [RES='\Qtech.gtt.frontapp.stb.demo:id/account_login_tv2\E'].
06-17 19:34:55.901 W/QueryController( 6860): Could not detect idle state.
06-17 19:34:56.008 D/UiDevice( 6860): Searching for node with selector: BySelector [RES='\Qtech.gtt.frontapp.stb.demo:id/account_login_tv2\E'].
06-17 19:34:56.009 W/QueryController( 6860): Could not detect idle state.
06-17 19:34:56.121 D/UiDevice( 6860): Searching for node with selector: BySelector [RES='\Qtech.gtt.frontapp.stb.demo:id/account_login_tv2\E'].
06-17 19:34:56.121 W/QueryController( 6860): Could not detect idle state.
06-17 19:34:56.224 D/UiDevice( 6860): Searching for node with selector: BySelector [RES='\Qtech.gtt.frontapp.stb.demo:id/account_login_tv2\E'].
06-17 19:34:56.224 W/QueryController( 6860): Could not detect idle state.
06-17 19:34:56.329 D/UiDevice( 6860): Searching for node with selector: BySelector [RES='\Qtech.gtt.frontapp.stb.demo:id/account_login_tv2\E'].
06-17 19:34:56.329 W/QueryController( 6860): Could not detect idle state.
06-17 19:34:56.434 D/UiDevice( 6860): Searching for node with selector: BySelector [RES='\Qtech.gtt.frontapp.stb.demo:id/account_login_tv2\E'].
06-17 19:34:56.435 W/QueryController( 6860): Could not detect idle state.
06-17 19:34:56.539 D/UiDevice( 6860): Searching for node with selector: BySelector [RES='\Qtech.gtt.frontapp.stb.demo:id/account_login_tv2\E'].
06-17 19:34:56.540 W/QueryController( 6860): Could not detect idle state.
06-17 19:34:56.648 D/UiDevice( 6860): Searching for node with selector: BySelector [RES='\Qtech.gtt.frontapp.stb.demo:id/account_login_tv2\E'].
06-17 19:34:56.650 W/QueryController( 6860): Could not detect idle state.
06-17 19:34:56.762 D/UiDevice( 6860): Searching for node with selector: BySelector [RES='\Qtech.gtt.frontapp.stb.demo:id/account_login_tv2\E'].
06-17 19:34:56.763 W/QueryController( 6860): Could not detect idle state.
06-17 19:34:56.872 D/UiDevice( 6860): Searching for node with selector: BySelector [RES='\Qtech.gtt.frontapp.stb.demo:id/account_login_tv2\E'].
06-17 19:34:56.873 W/QueryController( 6860): Could not detect idle state.
06-17 19:34:56.976 D/UiDevice( 6860): Searching for node with selector: BySelector [RES='\Qtech.gtt.frontapp.stb.demo:id/account_login_tv2\E'].
06-17 19:34:56.976 W/QueryController( 6860): Could not detect idle state.
06-17 19:34:57.082 D/UiDevice( 6860): Searching for node with selector: BySelector [RES='\Qtech.gtt.frontapp.stb.demo:id/account_login_tv2\E'].
06-17 19:34:57.082 W/QueryController( 6860): Could not detect idle state.
06-17 19:34:57.187 D/UiDevice( 6860): Searching for node with selector: BySelector [RES='\Qtech.gtt.frontapp.stb.demo:id/account_login_tv2\E'].
06-17 19:34:57.188 W/QueryController( 6860): Could not detect idle state.
06-17 19:34:57.290 D/UiDevice( 6860): Searching for node with selector: BySelector [RES='\Qtech.gtt.frontapp.stb.demo:id/account_login_tv2\E'].
06-17 19:34:57.290 W/QueryController( 6860): Could not detect idle state.
06-17 19:34:57.394 D/UiDevice( 6860): Searching for node with selector: BySelector [RES='\Qtech.gtt.frontapp.stb.demo:id/account_login_tv2\E'].
06-17 19:34:57.395 W/QueryController( 6860): Could not detect idle state.
06-17 19:34:57.499 D/UiDevice( 6860): Searching for node with selector: BySelector [RES='\Qtech.gtt.frontapp.stb.demo:id/account_login_tv2\E'].
06-17 19:34:57.499 W/QueryController( 6860): Could not detect idle state.
06-17 19:34:57.603 D/UiDevice( 6860): Searching for node with selector: BySelector [RES='\Qtech.gtt.frontapp.stb.demo:id/account_login_tv2\E'].
06-17 19:34:57.603 W/QueryController( 6860): Could not detect idle state.
06-17 19:34:57.707 D/UiDevice( 6860): Searching for node with selector: BySelector [RES='\Qtech.gtt.frontapp.stb.demo:id/account_login_tv2\E'].
06-17 19:34:57.707 W/QueryController( 6860): Could not detect idle state.
06-17 19:34:57.789 E/TaskPersister( 1936): File error accessing recents directory (directory doesn't exist?).
06-17 19:34:57.813 D/UiDevice( 6860): Searching for node with selector: BySelector [RES='\Qtech.gtt.frontapp.stb.demo:id/account_login_tv2\E'].
06-17 19:34:57.814 W/QueryController( 6860): Could not detect idle state.
06-17 19:34:57.919 D/UiDevice( 6860): Searching for node with selector: BySelector [RES='\Qtech.gtt.frontapp.stb.demo:id/account_login_tv2\E'].
06-17 19:34:57.919 W/QueryController( 6860): Could not detect idle state.
06-17 19:34:58.023 D/UiDevice( 6860): Searching for node with selector: BySelector [RES='\Qtech.gtt.frontapp.stb.demo:id/account_login_tv2\E'].
06-17 19:34:58.023 W/QueryController( 6860): Could not detect idle state.
06-17 19:34:58.136 D/UiDevice( 6860): Searching for node with selector: BySelector [RES='\Qtech.gtt.frontapp.stb.demo:id/account_login_tv2\E'].
06-17 19:34:58.136 W/QueryController( 6860): Could not detect idle state.
06-17 19:34:58.240 D/UiDevice( 6860): Searching for node with selector: BySelector [RES='\Qtech.gtt.frontapp.stb.demo:id/account_login_tv2\E'].
06-17 19:34:58.240 W/QueryController( 6860): Could not detect idle state.
06-17 19:34:58.343 D/UiDevice( 6860): Searching for node with selector: BySelector [RES='\Qtech.gtt.frontapp.stb.demo:id/account_login_tv2\E'].
06-17 19:34:58.344 W/QueryController( 6860): Could not detect idle state.
06-17 19:34:58.449 D/UiDevice( 6860): Searching for node with selector: BySelector [RES='\Qtech.gtt.frontapp.stb.demo:id/account_login_tv2\E'].
06-17 19:34:58.449 W/QueryController( 6860): Could not detect idle state.
06-17 19:34:58.552 D/UiDevice( 6860): Searching for node with selector: BySelector [RES='\Qtech.gtt.frontapp.stb.demo:id/account_login_tv2\E'].
06-17 19:34:58.552 W/QueryController( 6860): Could not detect idle state.
06-17 19:34:58.582 I/keystore2( 1710): keystore2::watchdog: Watchdog thread idle -> terminating. Have a great day.
06-17 19:34:58.655 D/UiDevice( 6860): Searching for node with selector: BySelector [RES='\Qtech.gtt.frontapp.stb.demo:id/account_login_tv2\E'].
06-17 19:34:58.656 W/QueryController( 6860): Could not detect idle state.
06-17 19:34:58.764 D/UiDevice( 6860): Searching for node with selector: BySelector [RES='\Qtech.gtt.frontapp.stb.demo:id/account_login_tv2\E'].
06-17 19:34:58.765 W/QueryController( 6860): Could not detect idle state.
06-17 19:34:58.875 D/UiDevice( 6860): Searching for node with selector: BySelector [RES='\Qtech.gtt.frontapp.stb.demo:id/account_login_tv2\E'].
06-17 19:34:58.876 W/QueryController( 6860): Could not detect idle state.
06-17 19:34:58.938 D/AudioTrack( 1809): stop(13): called with 200704 frames delivered
06-17 19:34:58.981 D/UiDevice( 6860): Searching for node with selector: BySelector [RES='\Qtech.gtt.frontapp.stb.demo:id/account_login_tv2\E'].
06-17 19:34:58.981 W/QueryController( 6860): Could not detect idle state.
06-17 19:34:59.084 D/UiDevice( 6860): Searching for node with selector: BySelector [RES='\Qtech.gtt.frontapp.stb.demo:id/account_login_tv2\E'].
06-17 19:34:59.085 W/QueryController( 6860): Could not detect idle state.
06-17 19:34:59.199 D/UiDevice( 6860): Searching for node with selector: BySelector [RES='\Qtech.gtt.frontapp.stb.demo:id/account_login_tv2\E'].
06-17 19:34:59.199 W/QueryController( 6860): Could not detect idle state.
06-17 19:34:59.307 D/UiDevice( 6860): Searching for node with selector: BySelector [RES='\Qtech.gtt.frontapp.stb.demo:id/account_login_tv2\E'].
06-17 19:34:59.308 W/QueryController( 6860): Could not detect idle state.
06-17 19:34:59.390 D/NuPlayerDriver( 1809): stop(0xf5c00d00)
06-17 19:34:59.391 V/MediaPlayer( 6952): resetDrmState:  mDrmInfo=null mDrmProvisioningThread=null mPrepareDrmInProgress=false mActiveDrmScheme=false
06-17 19:34:59.391 V/MediaPlayer( 6952): cleanDrmObj: mDrmObj=null mDrmSessionId=null
06-17 19:34:59.391 D/NuPlayerDriver( 1809): reset(0xf5c00d00) at state 8
06-17 19:34:59.395 D/SurfaceUtils( 1809): disconnecting from surface 0xf0804ba8, reason disconnectFromSurface
06-17 19:34:59.396 D/SurfaceUtils( 1809): connecting to surface 0xf0804ba8, reason onShutdown
06-17 19:34:59.398 D/NuPlayerDriver( 1809): notifyResetComplete(0xf5c00d00)
06-17 19:34:59.398 D/SurfaceUtils( 1809): disconnecting from surface 0xf0800018, reason disconnectNativeWindow
06-17 19:34:59.398 W/AMessage( 1809): failed to post message as target looper for handler 0 is gone.
06-17 19:34:59.400 I/MediaFocusControl( 1936): abandonAudioFocus() from uid/pid 10058/6952 clientId=android.media.AudioManager@1be4bcd
06-17 19:34:59.402 I/ActivityTaskManager( 1936): START u0 {cmp=tech.gtt.frontapp.stb.demo/tech.gtt.frontapp.stb.m.account.activity.LoginMethodSwitchActivity (has extras)} from uid 10058
06-17 19:34:59.403 D/CompatibilityChangeReporter( 1936): Compat change id reported: 174042980; UID 10058; state: DISABLED
06-17 19:34:59.404 D/CompatibilityChangeReporter( 1936): Compat change id reported: 184838306; UID 10058; state: DISABLED
06-17 19:34:59.404 D/CompatibilityChangeReporter( 1936): Compat change id reported: 185004937; UID 10058; state: DISABLED
06-17 19:34:59.404 D/CompatibilityChangeReporter( 1936): Compat change id reported: 181136395; UID 10058; state: DISABLED
06-17 19:34:59.404 D/CompatibilityChangeReporter( 1936): Compat change id reported: 174042936; UID 10058; state: DISABLED
06-17 19:34:59.405 D/CompatibilityChangeReporter( 1936): Compat change id reported: 197654537; UID 10058; state: ENABLED
06-17 19:34:59.407 D/CompatibilityChangeReporter( 1936): Compat change id reported: 168419799; UID 10058; state: DISABLED
06-17 19:34:59.412 I/MediaFocusControl( 1936): abandonAudioFocus() from uid/pid 10058/6952 clientId=android.media.AudioManager@1be4bcd
06-17 19:34:59.412 W/MediaPlayer( 6952): mediaplayer went away with unhandled events
06-17 19:34:59.415 W/MediaPlayer( 6952): mediaplayer went away with unhandled events
06-17 19:34:59.418 D/UiDevice( 6860): Searching for node with selector: BySelector [RES='\Qtech.gtt.frontapp.stb.demo:id/account_login_tv2\E'].
06-17 19:34:59.419 W/QueryController( 6860): Could not detect idle state.
06-17 19:34:59.419 W/ActivityTaskManager( 1936): Tried to set launchTime (0) < mLastActivityLaunchTime (2990969)
06-17 19:34:59.430 D/AndroidAutoSize( 6952): tech.gtt.frontapp.stb.m.account.activity.LoginMethodSwitchActivity used the global configuration.
06-17 19:34:59.431 D/AndroidAutoSize( 6952): The tech.gtt.frontapp.stb.m.account.activity.LoginMethodSwitchActivity has been adapted! 
06-17 19:34:59.431 D/AndroidAutoSize( 6952): LoginMethodSwitchActivity Info: isBaseOnWidth = true, designWidthInDp = 1920.000000, designWidthInSubunits = 1920.000000, targetDensity = 1.000000, targetScaledDensity = 1.000000, targetDensityDpi = 160, targetXdpi = 1.000000, targetScreenWidthDp = 1920, targetScreenHeightDp = 1032
06-17 19:34:59.457 D/AndroidAutoSize( 6952): tech.gtt.frontapp.stb.m.account.activity.LoginMethodSwitchActivity used the global configuration.
06-17 19:34:59.457 D/AndroidAutoSize( 6952): The tech.gtt.frontapp.stb.m.account.activity.LoginMethodSwitchActivity has been adapted! 
06-17 19:34:59.457 D/AndroidAutoSize( 6952): LoginMethodSwitchActivity Info: isBaseOnWidth = true, designWidthInDp = 1920.000000, designWidthInSubunits = 1920.000000, targetDensity = 1.000000, targetScaledDensity = 1.000000, targetDensityDpi = 160, targetXdpi = 1.000000, targetScreenWidthDp = 1920, targetScreenHeightDp = 1032
06-17 19:34:59.460 W/WindowManager( 1936): Failed looking up window session=Session{a5ba1b5 6952:u0a10058} callers=com.android.server.wm.WindowManagerService.windowForClientLocked:5850 com.android.server.wm.Session.updateRequestedVisibilities:640 android.view.IWindowSession$Stub.onTransact:1175 
06-17 19:34:59.470 D/gralloc_nox( 1767): gralloc_alloc: Creating ashmem region of size 8298496
06-17 19:34:59.489 D/gralloc_nox( 1767): gralloc_alloc: Creating ashmem region of size 8298496
06-17 19:34:59.497 D/ProcessState( 7361): Binder ioctl to enable oneway spam detection failed: Invalid argument
06-17 19:34:59.520 D/gralloc_nox( 1767): gralloc_alloc: Creating ashmem region of size 8298496
06-17 19:34:59.572 E/libEGL  ( 6952): called unimplemented OpenGL ES API
06-17 19:34:59.587 I/ActivityTaskManager( 1936): Displayed tech.gtt.frontapp.stb.demo/tech.gtt.frontapp.stb.m.account.activity.LoginMethodSwitchActivity: +185ms
06-17 19:34:59.680 D/UIAutomatorStub( 6860): URI: /jsonrpc/0, Method: POST, params, {NanoHttpd.QUERY_STRING=null}, files: {postData={"jsonrpc": "2.0", "id": 1, "method": "objInfo", "params": [{"mask": 2097152, "childOrSibling": [], "childOrSiblingSelector": [], "resourceId": "tech.gtt.frontapp.stb.demo:id/account_login_tv2"}]}}
06-17 19:34:59.682 D/UiDevice( 6860): Retrieving node with selector: BySelector [RES='\Qtech.gtt.frontapp.stb.demo:id/account_login_tv2\E'].
06-17 19:34:59.683 W/QueryController( 6860): Could not detect idle state.
06-17 19:34:59.686 W/QueryController( 6860): Could not detect idle state.
06-17 19:34:59.686 W/QueryController( 6860): Could not detect idle state.
06-17 19:34:59.687 W/QueryController( 6860): Could not detect idle state.
06-17 19:34:59.688 W/QueryController( 6860): Could not detect idle state.
06-17 19:34:59.688 W/QueryController( 6860): Could not detect idle state.
06-17 19:34:59.689 W/QueryController( 6860): Could not detect idle state.
06-17 19:34:59.689 W/QueryController( 6860): Could not detect idle state.
06-17 19:34:59.689 W/QueryController( 6860): Could not detect idle state.
06-17 19:34:59.690 W/QueryController( 6860): Could not detect idle state.
06-17 19:34:59.690 W/QueryController( 6860): Could not detect idle state.
06-17 19:34:59.691 W/QueryController( 6860): Could not detect idle state.
06-17 19:34:59.695 W/QueryController( 6860): Could not detect idle state.
06-17 19:34:59.700 W/QueryController( 6860): Could not detect idle state.
06-17 19:34:59.701 W/QueryController( 6860): Could not detect idle state.
06-17 19:34:59.702 W/QueryController( 6860): Could not detect idle state.
06-17 19:34:59.704 W/QueryController( 6860): Could not detect idle state.
06-17 19:34:59.705 W/QueryController( 6860): Could not detect idle state.
06-17 19:34:59.722 D/UIAutomatorStub( 6860): URI: /jsonrpc/0, Method: POST, params, {NanoHttpd.QUERY_STRING=null}, files: {postData={"jsonrpc": "2.0", "id": 1, "method": "click", "params": [1390.0, 559.0]}}
06-17 19:34:59.818 W/InputManager-JNI( 1936): Input channel object '1541a91 tech.gtt.frontapp.stb.demo/tech.gtt.frontapp.stb.m.home.activity.LoadingActivity (client)' was disposed without first being removed with the input manager!
06-17 19:34:59.956 I/ActivityTaskManager( 1936): START u0 {cmp=tech.gtt.frontapp.stb.demo/tech.gtt.frontapp.stb.m.account.activity.LoginActivity} from uid 10058
06-17 19:34:59.964 W/ActivityTaskManager( 1936): Tried to set launchTime (0) < mLastActivityLaunchTime (2996098)
06-17 19:34:59.970 D/AndroidAutoSize( 6952): tech.gtt.frontapp.stb.m.account.activity.LoginActivity used the global configuration.
06-17 19:34:59.970 D/AndroidAutoSize( 6952): The tech.gtt.frontapp.stb.m.account.activity.LoginActivity has been adapted! 
06-17 19:34:59.970 D/AndroidAutoSize( 6952): LoginActivity Info: isBaseOnWidth = true, designWidthInDp = 1920.000000, designWidthInSubunits = 1920.000000, targetDensity = 1.000000, targetScaledDensity = 1.000000, targetDensityDpi = 160, targetXdpi = 1.000000, targetScreenWidthDp = 1920, targetScreenHeightDp = 1032
06-17 19:34:59.985 D/UIAutomatorStub( 6860): URI: /jsonrpc/0, Method: POST, params, {NanoHttpd.QUERY_STRING=null}, files: {postData={"jsonrpc": "2.0", "id": 1, "method": "waitForExists", "params": [{"mask": 2097152, "childOrSibling": [], "childOrSiblingSelector": [], "resourceId": "tech.gtt.frontapp.stb.demo:id/loginf_et_username"}, 20000]}}
06-17 19:34:59.986 D/UiDevice( 6860): Waiting 20000ms for SearchCondition[hasObject=BySelector [RES='\Qtech.gtt.frontapp.stb.demo:id/loginf_et_username\E']].
06-17 19:34:59.986 D/UiDevice( 6860): Searching for node with selector: BySelector [RES='\Qtech.gtt.frontapp.stb.demo:id/loginf_et_username\E'].
06-17 19:34:59.987 W/QueryController( 6860): Could not detect idle state.
06-17 19:35:00.030 D/AndroidAutoSize( 6952): tech.gtt.frontapp.stb.m.account.activity.LoginActivity used the global configuration.
06-17 19:35:00.030 D/AndroidAutoSize( 6952): The tech.gtt.frontapp.stb.m.account.activity.LoginActivity has been adapted! 
06-17 19:35:00.030 D/AndroidAutoSize( 6952): LoginActivity Info: isBaseOnWidth = true, designWidthInDp = 1920.000000, designWidthInSubunits = 1920.000000, targetDensity = 1.000000, targetScaledDensity = 1.000000, targetDensityDpi = 160, targetXdpi = 1.000000, targetScreenWidthDp = 1920, targetScreenHeightDp = 1032
06-17 19:35:00.050 D/gralloc_nox( 1767): gralloc_alloc: Creating ashmem region of size 8298496
06-17 19:35:00.066 D/gralloc_nox( 1767): gralloc_alloc: Creating ashmem region of size 8298496
06-17 19:35:00.084 D/ProcessState( 7373): Binder ioctl to enable oneway spam detection failed: Invalid argument
06-17 19:35:00.084 D/gralloc_nox( 1767): gralloc_alloc: Creating ashmem region of size 8298496
06-17 19:35:00.151 W/ByMatcher( 6860): Node returned null child: android.view.accessibility.AccessibilityNodeInfo@11ada; boundsInParent: Rect(0, 0 - 807, 364); boundsInScreen: Rect(120, 358 - 927, 722); packageName: tech.gtt.frontapp.stb.demo; className: android.widget.LinearLayout; text: null; error: null; maxTextLength: -1; stateDescription: null; contentDescription: null; tooltipText: null; viewIdResName: null; checkable: false; checked: false; focusable: false; focused: false; selected: false; clickable: false; longClickable: false; contextClickable: false; enabled: true; password: false; scrollable: false; importantForAccessibility: false; visible: true; actions: [AccessibilityAction: ACTION_SELECT - null, AccessibilityAction: ACTION_CLEAR_SELECTION - null, AccessibilityAction: ACTION_ACCESSIBILITY_FOCUS - null, AccessibilityAction: ACTION_SHOW_ON_SCREEN - null]
06-17 19:35:00.151 W/ByMatcher( 6860): Skipping null child (2 of 3)
06-17 19:35:00.152 W/ByMatcher( 6860): Node returned null child: android.view.accessibility.AccessibilityNodeInfo@11358; boundsInParent: Rect(0, 0 - 1920, 1080); boundsInScreen: Rect(0, 0 - 1920, 1080); packageName: tech.gtt.frontapp.stb.demo; className: android.widget.RelativeLayout; text: null; error: null; maxTextLength: -1; stateDescription: null; contentDescription: null; tooltipText: null; viewIdResName: null; checkable: false; checked: false; focusable: false; focused: false; selected: false; clickable: false; longClickable: false; contextClickable: false; enabled: true; password: false; scrollable: false; importantForAccessibility: false; visible: true; actions: [AccessibilityAction: ACTION_SELECT - null, AccessibilityAction: ACTION_CLEAR_SELECTION - null, AccessibilityAction: ACTION_ACCESSIBILITY_FOCUS - null, AccessibilityAction: ACTION_SHOW_ON_SCREEN - null]
06-17 19:35:00.153 W/ByMatcher( 6860): Skipping null child (1 of 3)
06-17 19:35:00.154 W/ByMatcher( 6860): Skipping null child (2 of 3)
06-17 19:35:00.155 W/ByMatcher( 6860): Node returned null child: android.view.accessibility.AccessibilityNodeInfo@80006e2c; boundsInParent: Rect(0, 0 - 1920, 1080); boundsInScreen: Rect(0, 0 - 1920, 1080); packageName: tech.gtt.frontapp.stb.demo; className: android.widget.FrameLayout; text: null; error: null; maxTextLength: -1; stateDescription: null; contentDescription: null; tooltipText: null; viewIdResName: null; checkable: false; checked: false; focusable: false; focused: false; selected: false; clickable: false; longClickable: false; contextClickable: false; enabled: true; password: false; scrollable: false; importantForAccessibility: true; visible: true; actions: [AccessibilityAction: ACTION_SELECT - null, AccessibilityAction: ACTION_CLEAR_SELECTION - null, AccessibilityAction: ACTION_ACCESSIBILITY_FOCUS - null, AccessibilityAction: ACTION_SHOW_ON_SCREEN - null]
06-17 19:35:00.156 W/ByMatcher( 6860): Skipping null child (0 of 1)
06-17 19:35:00.160 I/ActivityTaskManager( 1936): Displayed tech.gtt.frontapp.stb.demo/tech.gtt.frontapp.stb.m.account.activity.LoginActivity: +201ms
06-17 19:35:00.257 D/UiDevice( 6860): Searching for node with selector: BySelector [RES='\Qtech.gtt.frontapp.stb.demo:id/loginf_et_username\E'].
06-17 19:35:00.257 W/QueryController( 6860): Could not detect idle state.
06-17 19:35:00.299 D/UIAutomatorStub( 6860): URI: /jsonrpc/0, Method: POST, params, {NanoHttpd.QUERY_STRING=null}, files: {postData={"jsonrpc": "2.0", "id": 1, "method": "objInfo", "params": [{"mask": 2097152, "childOrSibling": [], "childOrSiblingSelector": [], "resourceId": "tech.gtt.frontapp.stb.demo:id/loginf_et_username"}]}}
06-17 19:35:00.300 D/UiDevice( 6860): Retrieving node with selector: BySelector [RES='\Qtech.gtt.frontapp.stb.demo:id/loginf_et_username\E'].
06-17 19:35:00.301 W/QueryController( 6860): Could not detect idle state.
06-17 19:35:00.303 W/QueryController( 6860): Could not detect idle state.
06-17 19:35:00.304 W/QueryController( 6860): Could not detect idle state.
06-17 19:35:00.305 W/QueryController( 6860): Could not detect idle state.
06-17 19:35:00.306 W/QueryController( 6860): Could not detect idle state.
06-17 19:35:00.306 W/QueryController( 6860): Could not detect idle state.
06-17 19:35:00.307 W/QueryController( 6860): Could not detect idle state.
06-17 19:35:00.308 W/QueryController( 6860): Could not detect idle state.
06-17 19:35:00.310 W/QueryController( 6860): Could not detect idle state.
06-17 19:35:00.313 W/QueryController( 6860): Could not detect idle state.
06-17 19:35:00.314 W/QueryController( 6860): Could not detect idle state.
06-17 19:35:00.315 W/QueryController( 6860): Could not detect idle state.
06-17 19:35:00.316 W/QueryController( 6860): Could not detect idle state.
06-17 19:35:00.317 W/QueryController( 6860): Could not detect idle state.
06-17 19:35:00.317 W/QueryController( 6860): Could not detect idle state.
06-17 19:35:00.318 W/QueryController( 6860): Could not detect idle state.
06-17 19:35:00.319 W/QueryController( 6860): Could not detect idle state.
06-17 19:35:00.319 W/QueryController( 6860): Could not detect idle state.
06-17 19:35:00.346 D/UIAutomatorStub( 6860): URI: /jsonrpc/0, Method: POST, params, {NanoHttpd.QUERY_STRING=null}, files: {postData={"jsonrpc": "2.0", "id": 1, "method": "click", "params": [1057.0, 437.0]}}
06-17 19:35:00.410 W/SurfaceFlinger( 1779): couldn't log to binary event log: overflow.
06-17 19:35:00.507 D/CompatibilityChangeReporter( 6952): Compat change id reported: 163400105; UID 10058; state: ENABLED
06-17 19:35:00.513 D/InputMethodManager( 6952): showSoftInput() view=tech.gtt.frontapp.stb.c.ui.edittext.EmailAutoCompleteTextView{b2e5e7d VFED..CL. .F.P..ID 0,0-700,92 #7f0b02ce app:id/loginf_et_username aid=1073741824} flags=0 reason=SHOW_SOFT_INPUT
06-17 19:35:00.515 V/InputMethodService( 3034): onEvaluateInputViewShown: config.hardKeyboardHidden = 2
06-17 19:35:00.516 V/InputMethodService( 3034): onEvaluateInputViewShown: config.hardKeyboardHidden = 2
06-17 19:35:00.516 I/AdbKeyboard( 3034): imeAction: 5 Next
06-17 19:35:00.531 D/gralloc_nox( 1767): gralloc_alloc: Creating ashmem region of size 647168
06-17 19:35:00.568 D/gralloc_nox( 1767): gralloc_alloc: Creating ashmem region of size 647168
06-17 19:35:00.570 D/UIAutomatorStub( 6860): URI: /jsonrpc/0, Method: POST, params, {NanoHttpd.QUERY_STRING=null}, files: {postData={"jsonrpc": "2.0", "id": 1, "method": "waitForExists", "params": [{"mask": 2097152, "childOrSibling": [], "childOrSiblingSelector": [], "resourceId": "tech.gtt.frontapp.stb.demo:id/loginf_et_username"}, 20000]}}
06-17 19:35:00.570 D/gralloc_nox( 1767): gralloc_alloc: Creating ashmem region of size 647168
06-17 19:35:00.572 D/UiDevice( 6860): Waiting 20000ms for SearchCondition[hasObject=BySelector [RES='\Qtech.gtt.frontapp.stb.demo:id/loginf_et_username\E']].
06-17 19:35:00.572 D/UiDevice( 6860): Searching for node with selector: BySelector [RES='\Qtech.gtt.frontapp.stb.demo:id/loginf_et_username\E'].
06-17 19:35:00.572 W/QueryController( 6860): Could not detect idle state.
06-17 19:35:00.578 D/InsetsController( 6952): show(ime(), fromIme=true)
06-17 19:35:00.580 D/ProcessState( 7382): Binder ioctl to enable oneway spam detection failed: Invalid argument
06-17 19:35:00.581 E/SELinux ( 1566): avc:  denied  { find } for pid=7382 uid=0 name=settings scontext=u:r:init:s0 tcontext=u:object_r:settings_service:s0 tclass=service_manager permissive=1
06-17 19:35:00.629 D/UIAutomatorStub( 6860): URI: /jsonrpc/0, Method: POST, params, {NanoHttpd.QUERY_STRING=null}, files: {postData={"jsonrpc": "2.0", "id": 1, "method": "setText", "params": [{"mask": 2097152, "childOrSibling": [], "childOrSiblingSelector": [], "resourceId": "tech.gtt.frontapp.stb.demo:id/loginf_et_username"}, "0609@ipwangxin.cn"]}}
06-17 19:35:00.631 D/UiDevice( 6860): Retrieving node with selector: BySelector [RES='\Qtech.gtt.frontapp.stb.demo:id/loginf_et_username\E'].
06-17 19:35:00.631 W/QueryController( 6860): Could not detect idle state.
06-17 19:35:00.634 W/QueryController( 6860): Could not detect idle state.
06-17 19:35:00.635 D/UiObject2( 6860): Clicking on (1057, 437).
06-17 19:35:00.652 D/InputMethodManager( 6952): showSoftInput() view=tech.gtt.frontapp.stb.c.ui.edittext.EmailAutoCompleteTextView{b2e5e7d VFED..CL. .F.P.... 0,0-700,92 #7f0b02ce app:id/loginf_et_username aid=1073741824} flags=0 reason=SHOW_SOFT_INPUT
06-17 19:35:00.652 V/InputMethodService( 3034): onEvaluateInputViewShown: config.hardKeyboardHidden = 2
06-17 19:35:00.652 V/InputMethodService( 3034): onEvaluateInputViewShown: config.hardKeyboardHidden = 2
06-17 19:35:00.654 D/InsetsController( 6952): show(ime(), fromIme=true)
06-17 19:35:00.673 W/GestureController( 6860): Gestures took longer than expected (37ms >> 16ms), device might be in a busy state.
06-17 19:35:00.675 D/UiDevice( 6860): Retrieving node with selector: BySelector [RES='\Qtech.gtt.frontapp.stb.demo:id/loginf_et_username\E'].
06-17 19:35:00.677 W/QueryController( 6860): Could not detect idle state.
06-17 19:35:00.702 W/QueryController( 6860): Could not detect idle state.
06-17 19:35:00.704 D/UiObject2( 6860): Setting text to '0609@ipwangxin.cn'.
06-17 19:35:00.709 I/AdbKeyboard( 3034): imeAction: 5 Next
06-17 19:35:00.710 V/InputMethodService( 3034): onEvaluateInputViewShown: config.hardKeyboardHidden = 2
06-17 19:35:00.710 V/InputMethodService( 3034): onEvaluateInputViewShown: config.hardKeyboardHidden = 2
06-17 19:35:00.771 D/InsetsController( 6952): show(ime(), fromIme=true)
06-17 19:35:00.803 D/UIAutomatorStub( 6860): URI: /jsonrpc/0, Method: POST, params, {NanoHttpd.QUERY_STRING=null}, files: {postData={"jsonrpc": "2.0", "id": 1, "method": "waitForExists", "params": [{"mask": 2097152, "childOrSibling": [], "childOrSiblingSelector": [], "resourceId": "tech.gtt.frontapp.stb.demo:id/et_pwd"}, 20000]}}
06-17 19:35:00.811 D/UiDevice( 6860): Waiting 20000ms for SearchCondition[hasObject=BySelector [RES='\Qtech.gtt.frontapp.stb.demo:id/et_pwd\E']].
06-17 19:35:00.813 D/UiDevice( 6860): Searching for node with selector: BySelector [RES='\Qtech.gtt.frontapp.stb.demo:id/et_pwd\E'].
06-17 19:35:00.814 W/QueryController( 6860): Could not detect idle state.
06-17 19:35:00.835 W/NotificationHistory( 1936): Attempted to add notif for locked/gone/disabled user 0
06-17 19:35:00.842 D/InterruptionStateProvider( 2106): No bubble up: not allowed to bubble: -1|android|8|null|1000
06-17 19:35:00.842 D/InterruptionStateProvider( 2106): No heads up: unimportant notification: -1|android|8|null|1000
06-17 19:35:00.843 D/PeopleSpaceWidgetMgr( 2106): Sbn doesn't contain valid PeopleTileKey: null/-1/android
06-17 19:35:00.853 D/UIAutomatorStub( 6860): URI: /jsonrpc/0, Method: POST, params, {NanoHttpd.QUERY_STRING=null}, files: {postData={"jsonrpc": "2.0", "id": 1, "method": "objInfo", "params": [{"mask": 2097152, "childOrSibling": [], "childOrSiblingSelector": [], "resourceId": "tech.gtt.frontapp.stb.demo:id/et_pwd"}]}}
06-17 19:35:00.854 D/UiDevice( 6860): Retrieving node with selector: BySelector [RES='\Qtech.gtt.frontapp.stb.demo:id/et_pwd\E'].
06-17 19:35:00.854 W/QueryController( 6860): Could not detect idle state.
06-17 19:35:00.859 W/QueryController( 6860): Could not detect idle state.
06-17 19:35:00.860 W/QueryController( 6860): Could not detect idle state.
06-17 19:35:00.860 D/InterruptionStateProvider( 2106): No bubble up: not allowed to bubble: -1|android|8|null|1000
06-17 19:35:00.861 D/InterruptionStateProvider( 2106): No heads up: unimportant notification: -1|android|8|null|1000
06-17 19:35:00.863 W/QueryController( 6860): Could not detect idle state.
06-17 19:35:00.863 W/QueryController( 6860): Could not detect idle state.
06-17 19:35:00.864 D/PeopleSpaceWidgetMgr( 2106): Sbn doesn't contain valid PeopleTileKey: null/-1/android
06-17 19:35:00.864 W/QueryController( 6860): Could not detect idle state.
06-17 19:35:00.866 W/QueryController( 6860): Could not detect idle state.
06-17 19:35:00.867 W/QueryController( 6860): Could not detect idle state.
06-17 19:35:00.867 W/QueryController( 6860): Could not detect idle state.
06-17 19:35:00.868 W/QueryController( 6860): Could not detect idle state.
06-17 19:35:00.869 W/QueryController( 6860): Could not detect idle state.
06-17 19:35:00.870 W/QueryController( 6860): Could not detect idle state.
06-17 19:35:00.871 W/QueryController( 6860): Could not detect idle state.
06-17 19:35:00.872 W/QueryController( 6860): Could not detect idle state.
06-17 19:35:00.873 W/QueryController( 6860): Could not detect idle state.
06-17 19:35:00.874 W/QueryController( 6860): Could not detect idle state.
06-17 19:35:00.876 W/QueryController( 6860): Could not detect idle state.
06-17 19:35:00.877 W/QueryController( 6860): Could not detect idle state.
06-17 19:35:00.906 W/System  ( 2106): A resource failed to call close. 
06-17 19:35:00.909 D/UIAutomatorStub( 6860): URI: /jsonrpc/0, Method: POST, params, {NanoHttpd.QUERY_STRING=null}, files: {postData={"jsonrpc": "2.0", "id": 1, "method": "click", "params": [1057.0, 559.0]}}
06-17 19:35:00.917 D/InterruptionStateProvider( 2106): No bubble up: not allowed to bubble: -1|android|8|null|1000
06-17 19:35:00.917 D/InterruptionStateProvider( 2106): No heads up: unimportant notification: -1|android|8|null|1000
06-17 19:35:00.920 D/PeopleSpaceWidgetMgr( 2106): Sbn doesn't contain valid PeopleTileKey: null/-1/android
06-17 19:35:01.030 I/AdbKeyboard( 3034): imeAction: 5 Next
06-17 19:35:01.030 D/InputMethodManager( 6952): showSoftInput() view=tech.gtt.frontapp.stb.c.ui.edittext.NormalFocusEditText{ec17f1f VFED..CL. .F.P..ID 0,0-700,92 #7f0b0172 app:id/et_pwd aid=1073741826} flags=0 reason=SHOW_SOFT_INPUT
06-17 19:35:01.031 V/InputMethodService( 3034): onEvaluateInputViewShown: config.hardKeyboardHidden = 2
06-17 19:35:01.031 V/InputMethodService( 3034): onEvaluateInputViewShown: config.hardKeyboardHidden = 2
