06-17 19:18:38.056 V/GSK-Upgrade:ComponentUpdater( 5985): get soVersions = 
06-17 19:18:38.056 V/GSK-Upgrade:ComponentUpdater( 5985): initConfig
06-17 19:18:38.057 W/ontapp.stb.dem( 5985): ClassLoaderContext parent mismatch.  (PCL[] | PCL[];PCL[/data/app/~~-tMPAvyTMYMhU6nbl0NqBw==/tech.gtt.frontapp.stb.demo-qA9iw4qsktyjEZ3tBIQvtg==/base.apk*930720720:/data/app/~~-tMPAvyTMYMhU6nbl0NqBw==/tech.gtt.frontapp.stb.demo-qA9iw4qsktyjEZ3tBIQvtg==/base.apk!classes2.dex*2103280642:/data/app/~~-tMPAvyTMYMhU6nbl0NqBw==/tech.gtt.frontapp.stb.demo-qA9iw4qsktyjEZ3tBIQvtg==/base.apk!classes3.dex*2004927299])
06-17 19:18:38.063 V/GSK-Upgrade:UpgradeManager( 5985): startLoopUpdateApp
06-17 19:18:38.065 D/AndroidAutoSize( 5985): tech.gtt.frontapp.stb.m.home.activity.LoadingActivity used the global configuration.
06-17 19:18:38.066 V/GSK     ( 5985): UpgradeServiceImp unnecessary initialization() executed in 61 ms.
06-17 19:18:38.066 D/AndroidAutoSize( 5985): The tech.gtt.frontapp.stb.m.home.activity.LoadingActivity has been adapted! 
06-17 19:18:38.066 D/AndroidAutoSize( 5985): LoadingActivity Info: isBaseOnWidth = true, designWidthInDp = 1920.000000, designWidthInSubunits = 1920.000000, targetDensity = 1.000000, targetScaledDensity = 1.000000, targetDensityDpi = 160, targetXdpi = 1.000000, targetScreenWidthDp = 1920, targetScreenHeightDp = 1032
06-17 19:18:38.108 V/GSK-Account:AccountManager( 5985): isLoggedIn=false
06-17 19:18:38.111 D/AndroidAutoSize( 5985): tech.gtt.frontapp.stb.m.home.activity.LoadingActivity used the global configuration.
06-17 19:18:38.112 D/AndroidAutoSize( 5985): The tech.gtt.frontapp.stb.m.home.activity.LoadingActivity has been adapted! 
06-17 19:18:38.112 D/AndroidAutoSize( 5985): LoadingActivity Info: isBaseOnWidth = true, designWidthInDp = 1920.000000, designWidthInSubunits = 1920.000000, targetDensity = 1.000000, targetScaledDensity = 1.000000, targetDensityDpi = 160, targetXdpi = 1.000000, targetScreenWidthDp = 1920, targetScreenHeightDp = 1032
06-17 19:18:38.154 W/WindowManager( 1936): Failed looking up window session=Session{cfeb653 5985:u0a10058} callers=com.android.server.wm.WindowManagerService.windowForClientLocked:5850 com.android.server.wm.Session.updateRequestedVisibilities:640 android.view.IWindowSession$Stub.onTransact:1175 
06-17 19:18:38.167 V/GSK-Upgrade:ComponentUpdater( 5985): init
06-17 19:18:38.167 V/GSK-Upgrade:ComponentUpdater( 5985): loadLocalDex
06-17 19:18:38.168 V/GSK-Upgrade:ComponentUpdater( 5985): local dex is empty
06-17 19:18:38.168 V/GSK-Upgrade:ComponentUpdater( 5985): local dex is empty
06-17 19:18:38.168 V/GSK-Upgrade:ComponentUpdater( 5985): local dex is empty
06-17 19:18:38.168 V/GSK-Upgrade:ComponentUpdater( 5985): local dex is empty
06-17 19:18:38.168 V/GSK-Upgrade:ComponentUpdater( 5985): local dex is empty
06-17 19:18:38.168 V/GSK-Upgrade:ComponentUpdater( 5985): local dex is empty
06-17 19:18:38.194 D/gralloc_nox( 1767): gralloc_alloc: Creating ashmem region of size 8298496
06-17 19:18:38.218 D/ProcessState( 6084): Binder ioctl to enable oneway spam detection failed: Invalid argument
06-17 19:18:38.219 D/gralloc_nox( 1767): gralloc_alloc: Creating ashmem region of size 8298496
06-17 19:18:38.258 D/gralloc_nox( 1767): gralloc_alloc: Creating ashmem region of size 8298496
06-17 19:18:38.353 I/ActivityTaskManager( 1936): Displayed tech.gtt.frontapp.stb.demo/tech.gtt.frontapp.stb.m.home.activity.LoadingActivity: +329ms
06-17 19:18:38.365 D/CompatibilityChangeReporter( 5985): Compat change id reported: 171228096; UID 10058; state: ENABLED
06-17 19:18:38.377 W/DataBinding( 5985): Setting the fragment as the LifecycleOwner might cause memory leaks because views lives shorter than the Fragment. Consider using Fragment's view lifecycle
06-17 19:18:38.390 I/MediaFocusControl( 1936): requestAudioFocus() from uid/pid 10058/5985 AA=USAGE_MEDIA/CONTENT_TYPE_MOVIE clientId=android.media.AudioManager@7524f15 callingPack=tech.gtt.frontapp.stb.demo req=1 flags=0x0 sdk=35
06-17 19:18:38.391 I/AudioService.FadeOutManager( 1936): unfadeOutUid() uid:10058
06-17 19:18:38.403 W/MediaProvider( 2560): Failed to fetch original file descriptor
06-17 19:18:38.403 W/MediaProvider( 2560): java.io.IOException: stat failed: ENOENT (No such file or directory)
06-17 19:18:38.403 W/MediaProvider( 2560): 	at com.android.providers.media.MediaProvider.getFileFromFileDescriptor(MediaProvider.java:5822)
06-17 19:18:38.403 W/MediaProvider( 2560): 	at com.android.providers.media.MediaProvider.getOriginalMediaFormatFileDescriptor(MediaProvider.java:5739)
06-17 19:18:38.403 W/MediaProvider( 2560): 	at com.android.providers.media.MediaProvider.openTypedAssetFileCommon(MediaProvider.java:7162)
06-17 19:18:38.403 W/MediaProvider( 2560): 	at com.android.providers.media.MediaProvider.openTypedAssetFile(MediaProvider.java:7143)
06-17 19:18:38.403 W/MediaProvider( 2560): 	at android.content.ContentProvider$Transport.openTypedAssetFile(ContentProvider.java:548)
06-17 19:18:38.403 W/MediaProvider( 2560): 	at android.content.ContentProviderNative.onTransact(ContentProviderNative.java:327)
06-17 19:18:38.403 W/MediaProvider( 2560): 	at android.os.Binder.execTransactInternal(Binder.java:1179)
06-17 19:18:38.403 W/MediaProvider( 2560): 	at android.os.Binder.execTransact(Binder.java:1143)
06-17 19:18:38.403 W/MediaProvider( 2560): Caused by: android.system.ErrnoException: stat failed: ENOENT (No such file or directory)
06-17 19:18:38.403 W/MediaProvider( 2560): 	at libcore.io.Linux.stat(Native Method)
06-17 19:18:38.403 W/MediaProvider( 2560): 	at libcore.io.ForwardingOs.stat(ForwardingOs.java:853)
06-17 19:18:38.403 W/MediaProvider( 2560): 	at libcore.io.BlockGuardOs.stat(BlockGuardOs.java:420)
06-17 19:18:38.403 W/MediaProvider( 2560): 	at libcore.io.ForwardingOs.stat(ForwardingOs.java:853)
06-17 19:18:38.403 W/MediaProvider( 2560): 	at android.app.ActivityThread$AndroidOs.stat(ActivityThread.java:7775)
06-17 19:18:38.403 W/MediaProvider( 2560): 	at android.system.Os.stat(Os.java:919)
06-17 19:18:38.403 W/MediaProvider( 2560): 	at com.android.providers.media.MediaProvider.getFileFromFileDescriptor(MediaProvider.java:5816)
06-17 19:18:38.403 W/MediaProvider( 2560): 	... 7 more
06-17 19:18:38.404 D/NuPlayerDriver( 1809): NuPlayerDriver(0xf5c01600) created, clientPid(5985)
06-17 19:18:38.406 D/SurfaceUtils( 1809): connecting to surface 0xf0803278, reason setVideoSurfaceTexture
06-17 19:18:38.407 D/NuPlayer( 1809): onSetVideoSurface(0xf0801940, no video decoder)
06-17 19:18:38.411 D/GenericSource( 1809): FileSource remote
06-17 19:18:38.414 I/SampleTable( 1807): There are reordered frames present.
06-17 19:18:38.421 D/MediaBufferGroup( 1807): creating MemoryDealer
06-17 19:18:38.429 D/MediaPlayerNative( 5985): getMetadata
06-17 19:18:38.451 I/GenericSource( 1809): start
06-17 19:18:38.455 I/OMXClient( 1809): IOmx service obtained
06-17 19:18:38.455 I/OMXStore( 1812): makeComponentInstance(OMX.google.h264.decoder) in android.hardwar process
06-17 19:18:38.462 I/OMXClient( 1809): IOmx service obtained
06-17 19:18:38.462 I/OMXStore( 1812): makeComponentInstance(OMX.google.aac.decoder) in android.hardwar process
06-17 19:18:38.463 D/SurfaceUtils( 1809): disconnecting from surface 0xf0801948, reason onConfigure
06-17 19:18:38.464 D/SurfaceUtils( 1809): connecting to surface 0xf0801948, reason connectToSurface
06-17 19:18:38.465 I/MediaCodec( 1809): [OMX.google.h264.decoder] setting surface generation to 1852420
06-17 19:18:38.465 D/SurfaceUtils( 1809): disconnecting from surface 0xf0801948, reason connectToSurface(reconnect)
06-17 19:18:38.465 D/SurfaceUtils( 1809): connecting to surface 0xf0801948, reason connectToSurface(reconnect)
06-17 19:18:38.465 E/OMXNodeInstance( 1812): setConfig(0xe6d40da0:google.aac.decoder, ConfigPriority(0x6f800002)) ERROR: Undefined(0x80001001)
06-17 19:18:38.466 I/ACodec  ( 1809): codec does not support config priority (err -2147483648)
06-17 19:18:38.466 E/OMXNodeInstance( 1812): getConfig(0xe6d40da0:google.aac.decoder, ConfigAndroidVendorExtension(0x6f100004)) ERROR: Undefined(0x80001001)
06-17 19:18:38.466 D/SoftAAC2( 1812): get OMX_IndexParamAudioAndroidAacDrcPresentation
06-17 19:18:38.466 E/OMXNodeInstance( 1812): getExtensionIndex(0xe6d400f0:google.h264.decoder, OMX.google.android.index.enableAndroidNativeBuffers) ERROR: UnsupportedIndex(0x8000101a)
06-17 19:18:38.466 E/ACodec  ( 1809): [OMX.google.h264.decoder] setPortMode on output to DynamicANWBuffer failed w/ err -1010
06-17 19:18:38.466 E/OMXNodeInstance( 1812): getParameter(0xe6d400f0:google.h264.decoder, ??(0x6f600011)) ERROR: UnsupportedIndex(0x8000101a)
06-17 19:18:38.466 W/OMXNodeInstance( 1812): [0xe6d400f0:google.h264.decoder] component does not support metadata mode; using fallback
06-17 19:18:38.467 D/SoftVideoDecoderOMXComponent( 1812): Color Aspects preference: 1 
06-17 19:18:38.467 E/OMXNodeInstance( 1812): setConfig(0xe6d400f0:google.h264.decoder, ConfigPriority(0x6f800002)) ERROR: UnsupportedIndex(0x8000101a)
06-17 19:18:38.467 I/ACodec  ( 1809): codec does not support config priority (err -1010)
06-17 19:18:38.467 E/OMXNodeInstance( 1812): setConfig(0xe6d400f0:google.h264.decoder, ConfigOperatingRate(0x6f800003)) ERROR: UnsupportedIndex(0x8000101a)
06-17 19:18:38.467 I/ACodec  ( 1809): codec does not support config operating rate (err -1010)
06-17 19:18:38.467 E/OMXNodeInstance( 1812): getConfig(0xe6d400f0:google.h264.decoder, ConfigAndroidVendorExtension(0x6f100004)) ERROR: UnsupportedIndex(0x8000101a)
06-17 19:18:38.467 E/OMXNodeInstance( 1812): getConfig(0xe6d400f0:google.h264.decoder, ??(0x7f000003)) ERROR: UnsupportedSetting(0x80001019)
06-17 19:18:38.467 I/MediaCodec( 1809): MediaCodec will operate in async mode
06-17 19:18:38.467 D/MediaCodec( 1809): keep callback message for reclaim
06-17 19:18:38.468 I/MediaCodec( 1809): MediaCodec will operate in async mode
06-17 19:18:38.468 D/MediaCodec( 1809): keep callback message for reclaim
06-17 19:18:38.473 W/ResourceManagerService( 1809): Ignoring request to add new resource entry with value <= 0
06-17 19:18:38.473 I/SoftAAC2( 1812): Reconfiguring decoder: 0->44100 Hz, 0->1 channels
06-17 19:18:38.478 D/SoftAAC2( 1812): get OMX_IndexParamAudioAndroidAacDrcPresentation
06-17 19:18:38.480 D/SoftVideoDecoderOMXComponent( 1812): Color Aspects preference: 1 
06-17 19:18:38.491 D/AudioFlinger( 1776): Client defaulted notificationFrames to 11286 for frameCount 22572
06-17 19:18:38.494 D/AF::TrackHandle( 1776): OpPlayAudio: track:60 usage:1 not muted
06-17 19:18:38.504 V/GSK-APIS( 5985): received response >>> id: 31ebd1ed url: https://gtt-app-apigateway-lion.vdemosit.com/api/enduser/messagecenter/message/query/v1 statusCode: 400, exception: null
06-17 19:18:38.505 I/System.out( 5985): [SDKInterceptorPlugin] Unhandled exception in request processing: Something went wrong while connecting to the server, statusCode: 400
06-17 19:18:38.529 D/ProfileInstaller( 5985): Installing profile for tech.gtt.frontapp.stb.demo
06-17 19:18:38.532 E/OMXNodeInstance( 1812): getConfig(0xe6d400f0:google.h264.decoder, ??(0x7f000003)) ERROR: UnsupportedSetting(0x80001019)
06-17 19:18:38.535 D/MediaCodec( 1809): [OMX.google.h264.decoder] setting dataspace on output surface to #102
06-17 19:18:38.548 W/MediaPlayerNative( 5985): info/warning (3, 0)
06-17 19:18:38.549 D/gralloc_nox( 1767): gralloc_alloc: Creating ashmem region of size 589824
06-17 19:18:38.554 D/UIAutomatorStub( 5931): URI: /jsonrpc/0, Method: POST, params, {NanoHttpd.QUERY_STRING=null}, files: {postData={"jsonrpc": "2.0", "id": 1, "method": "waitForExists", "params": [{"mask": 2097152, "childOrSibling": [], "childOrSiblingSelector": [], "resourceId": "tech.gtt.frontapp.stb.demo:id/account_login_tv2"}, 20000]}}
06-17 19:18:38.556 D/UiDevice( 5931): Waiting 20000ms for SearchCondition[hasObject=BySelector [RES='\Qtech.gtt.frontapp.stb.demo:id/account_login_tv2\E']].
06-17 19:18:38.556 D/UiDevice( 5931): Searching for node with selector: BySelector [RES='\Qtech.gtt.frontapp.stb.demo:id/account_login_tv2\E'].
06-17 19:18:38.562 W/QueryController( 5931): Could not detect idle state.
06-17 19:18:38.564 D/SoftwareRenderer( 1809): setting dataspace on output surface to #8000102
06-17 19:18:38.567 D/gralloc_nox( 1767): gralloc_alloc: Creating ashmem region of size 589824
06-17 19:18:38.587 W/InputManager-JNI( 1936): Input channel object 'b87048e tech.gtt.frontapp.stb.demo/tech.gtt.frontapp.stb.m.home.activity.SplashActivity (client)' was disposed without first being removed with the input manager!
06-17 19:18:38.632 D/AudioFlinger( 1776): mixer(0x7e14b2cf8a60) throttle end: throttle time(41)
06-17 19:18:38.697 D/UiDevice( 5931): Searching for node with selector: BySelector [RES='\Qtech.gtt.frontapp.stb.demo:id/account_login_tv2\E'].
06-17 19:18:38.697 W/QueryController( 5931): Could not detect idle state.
06-17 19:18:38.802 D/UiDevice( 5931): Searching for node with selector: BySelector [RES='\Qtech.gtt.frontapp.stb.demo:id/account_login_tv2\E'].
06-17 19:18:38.802 W/QueryController( 5931): Could not detect idle state.
06-17 19:18:38.905 D/UiDevice( 5931): Searching for node with selector: BySelector [RES='\Qtech.gtt.frontapp.stb.demo:id/account_login_tv2\E'].
06-17 19:18:38.906 W/QueryController( 5931): Could not detect idle state.
06-17 19:18:39.012 D/UiDevice( 5931): Searching for node with selector: BySelector [RES='\Qtech.gtt.frontapp.stb.demo:id/account_login_tv2\E'].
06-17 19:18:39.016 W/QueryController( 5931): Could not detect idle state.
06-17 19:18:39.121 D/UiDevice( 5931): Searching for node with selector: BySelector [RES='\Qtech.gtt.frontapp.stb.demo:id/account_login_tv2\E'].
06-17 19:18:39.123 W/QueryController( 5931): Could not detect idle state.
06-17 19:18:39.234 D/UiDevice( 5931): Searching for node with selector: BySelector [RES='\Qtech.gtt.frontapp.stb.demo:id/account_login_tv2\E'].
06-17 19:18:39.235 W/QueryController( 5931): Could not detect idle state.
06-17 19:18:39.338 D/UiDevice( 5931): Searching for node with selector: BySelector [RES='\Qtech.gtt.frontapp.stb.demo:id/account_login_tv2\E'].
06-17 19:18:39.338 W/QueryController( 5931): Could not detect idle state.
06-17 19:18:39.445 D/UiDevice( 5931): Searching for node with selector: BySelector [RES='\Qtech.gtt.frontapp.stb.demo:id/account_login_tv2\E'].
06-17 19:18:39.447 W/QueryController( 5931): Could not detect idle state.
06-17 19:18:39.498 D/gralloc_nox( 1767): gralloc_alloc: Creating ashmem region of size 589824
06-17 19:18:39.553 D/UiDevice( 5931): Searching for node with selector: BySelector [RES='\Qtech.gtt.frontapp.stb.demo:id/account_login_tv2\E'].
06-17 19:18:39.554 W/QueryController( 5931): Could not detect idle state.
06-17 19:18:39.661 D/UiDevice( 5931): Searching for node with selector: BySelector [RES='\Qtech.gtt.frontapp.stb.demo:id/account_login_tv2\E'].
06-17 19:18:39.661 W/QueryController( 5931): Could not detect idle state.
06-17 19:18:39.766 D/UiDevice( 5931): Searching for node with selector: BySelector [RES='\Qtech.gtt.frontapp.stb.demo:id/account_login_tv2\E'].
06-17 19:18:39.766 W/QueryController( 5931): Could not detect idle state.
06-17 19:18:39.871 D/UiDevice( 5931): Searching for node with selector: BySelector [RES='\Qtech.gtt.frontapp.stb.demo:id/account_login_tv2\E'].
06-17 19:18:39.871 W/QueryController( 5931): Could not detect idle state.
06-17 19:18:39.976 D/UiDevice( 5931): Searching for node with selector: BySelector [RES='\Qtech.gtt.frontapp.stb.demo:id/account_login_tv2\E'].
06-17 19:18:39.977 W/QueryController( 5931): Could not detect idle state.
06-17 19:18:40.080 D/UiDevice( 5931): Searching for node with selector: BySelector [RES='\Qtech.gtt.frontapp.stb.demo:id/account_login_tv2\E'].
06-17 19:18:40.081 W/QueryController( 5931): Could not detect idle state.
06-17 19:18:40.188 D/UiDevice( 5931): Searching for node with selector: BySelector [RES='\Qtech.gtt.frontapp.stb.demo:id/account_login_tv2\E'].
06-17 19:18:40.188 W/QueryController( 5931): Could not detect idle state.
06-17 19:18:40.291 D/UiDevice( 5931): Searching for node with selector: BySelector [RES='\Qtech.gtt.frontapp.stb.demo:id/account_login_tv2\E'].
06-17 19:18:40.292 W/QueryController( 5931): Could not detect idle state.
06-17 19:18:40.399 D/UiDevice( 5931): Searching for node with selector: BySelector [RES='\Qtech.gtt.frontapp.stb.demo:id/account_login_tv2\E'].
06-17 19:18:40.399 W/QueryController( 5931): Could not detect idle state.
06-17 19:18:40.503 D/UiDevice( 5931): Searching for node with selector: BySelector [RES='\Qtech.gtt.frontapp.stb.demo:id/account_login_tv2\E'].
06-17 19:18:40.504 W/QueryController( 5931): Could not detect idle state.
06-17 19:18:40.616 D/UiDevice( 5931): Searching for node with selector: BySelector [RES='\Qtech.gtt.frontapp.stb.demo:id/account_login_tv2\E'].
06-17 19:18:40.617 W/QueryController( 5931): Could not detect idle state.
06-17 19:18:40.721 D/UiDevice( 5931): Searching for node with selector: BySelector [RES='\Qtech.gtt.frontapp.stb.demo:id/account_login_tv2\E'].
06-17 19:18:40.722 W/QueryController( 5931): Could not detect idle state.
06-17 19:18:40.827 D/UiDevice( 5931): Searching for node with selector: BySelector [RES='\Qtech.gtt.frontapp.stb.demo:id/account_login_tv2\E'].
06-17 19:18:40.829 W/QueryController( 5931): Could not detect idle state.
06-17 19:18:40.948 D/UiDevice( 5931): Searching for node with selector: BySelector [RES='\Qtech.gtt.frontapp.stb.demo:id/account_login_tv2\E'].
06-17 19:18:40.949 W/QueryController( 5931): Could not detect idle state.
06-17 19:18:41.053 D/UiDevice( 5931): Searching for node with selector: BySelector [RES='\Qtech.gtt.frontapp.stb.demo:id/account_login_tv2\E'].
06-17 19:18:41.054 W/QueryController( 5931): Could not detect idle state.
06-17 19:18:41.167 D/UiDevice( 5931): Searching for node with selector: BySelector [RES='\Qtech.gtt.frontapp.stb.demo:id/account_login_tv2\E'].
06-17 19:18:41.168 W/QueryController( 5931): Could not detect idle state.
06-17 19:18:41.283 D/UiDevice( 5931): Searching for node with selector: BySelector [RES='\Qtech.gtt.frontapp.stb.demo:id/account_login_tv2\E'].
06-17 19:18:41.284 W/QueryController( 5931): Could not detect idle state.
06-17 19:18:41.392 D/UiDevice( 5931): Searching for node with selector: BySelector [RES='\Qtech.gtt.frontapp.stb.demo:id/account_login_tv2\E'].
06-17 19:18:41.393 W/QueryController( 5931): Could not detect idle state.
06-17 19:18:41.498 D/UiDevice( 5931): Searching for node with selector: BySelector [RES='\Qtech.gtt.frontapp.stb.demo:id/account_login_tv2\E'].
06-17 19:18:41.500 W/QueryController( 5931): Could not detect idle state.
06-17 19:18:41.534 E/TaskPersister( 1936): File error accessing recents directory (directory doesn't exist?).
06-17 19:18:41.615 D/UiDevice( 5931): Searching for node with selector: BySelector [RES='\Qtech.gtt.frontapp.stb.demo:id/account_login_tv2\E'].
06-17 19:18:41.618 W/QueryController( 5931): Could not detect idle state.
06-17 19:18:41.726 D/UiDevice( 5931): Searching for node with selector: BySelector [RES='\Qtech.gtt.frontapp.stb.demo:id/account_login_tv2\E'].
06-17 19:18:41.727 W/QueryController( 5931): Could not detect idle state.
06-17 19:18:41.833 D/UiDevice( 5931): Searching for node with selector: BySelector [RES='\Qtech.gtt.frontapp.stb.demo:id/account_login_tv2\E'].
06-17 19:18:41.834 W/QueryController( 5931): Could not detect idle state.
06-17 19:18:41.938 D/UiDevice( 5931): Searching for node with selector: BySelector [RES='\Qtech.gtt.frontapp.stb.demo:id/account_login_tv2\E'].
06-17 19:18:41.939 W/QueryController( 5931): Could not detect idle state.
06-17 19:18:42.043 D/UiDevice( 5931): Searching for node with selector: BySelector [RES='\Qtech.gtt.frontapp.stb.demo:id/account_login_tv2\E'].
06-17 19:18:42.045 W/QueryController( 5931): Could not detect idle state.
06-17 19:18:42.149 D/UiDevice( 5931): Searching for node with selector: BySelector [RES='\Qtech.gtt.frontapp.stb.demo:id/account_login_tv2\E'].
06-17 19:18:42.149 W/QueryController( 5931): Could not detect idle state.
06-17 19:18:42.252 D/UiDevice( 5931): Searching for node with selector: BySelector [RES='\Qtech.gtt.frontapp.stb.demo:id/account_login_tv2\E'].
06-17 19:18:42.252 W/QueryController( 5931): Could not detect idle state.
06-17 19:18:42.355 D/UiDevice( 5931): Searching for node with selector: BySelector [RES='\Qtech.gtt.frontapp.stb.demo:id/account_login_tv2\E'].
06-17 19:18:42.355 W/QueryController( 5931): Could not detect idle state.
06-17 19:18:42.459 D/UiDevice( 5931): Searching for node with selector: BySelector [RES='\Qtech.gtt.frontapp.stb.demo:id/account_login_tv2\E'].
06-17 19:18:42.460 W/QueryController( 5931): Could not detect idle state.
06-17 19:18:42.496 I/keystore2( 1710): keystore2::watchdog: Watchdog thread idle -> terminating. Have a great day.
06-17 19:18:42.564 D/UiDevice( 5931): Searching for node with selector: BySelector [RES='\Qtech.gtt.frontapp.stb.demo:id/account_login_tv2\E'].
06-17 19:18:42.565 W/QueryController( 5931): Could not detect idle state.
06-17 19:18:42.670 D/UiDevice( 5931): Searching for node with selector: BySelector [RES='\Qtech.gtt.frontapp.stb.demo:id/account_login_tv2\E'].
06-17 19:18:42.671 W/QueryController( 5931): Could not detect idle state.
06-17 19:18:42.734 D/AudioTrack( 1809): stop(12): called with 200704 frames delivered
06-17 19:18:42.775 D/UiDevice( 5931): Searching for node with selector: BySelector [RES='\Qtech.gtt.frontapp.stb.demo:id/account_login_tv2\E'].
06-17 19:18:42.778 W/QueryController( 5931): Could not detect idle state.
06-17 19:18:42.889 D/UiDevice( 5931): Searching for node with selector: BySelector [RES='\Qtech.gtt.frontapp.stb.demo:id/account_login_tv2\E'].
06-17 19:18:42.889 W/QueryController( 5931): Could not detect idle state.
06-17 19:18:42.992 D/UiDevice( 5931): Searching for node with selector: BySelector [RES='\Qtech.gtt.frontapp.stb.demo:id/account_login_tv2\E'].
06-17 19:18:42.993 W/QueryController( 5931): Could not detect idle state.
06-17 19:18:43.098 D/UiDevice( 5931): Searching for node with selector: BySelector [RES='\Qtech.gtt.frontapp.stb.demo:id/account_login_tv2\E'].
06-17 19:18:43.098 W/QueryController( 5931): Could not detect idle state.
06-17 19:18:43.182 D/NuPlayerDriver( 1809): stop(0xf5c01600)
06-17 19:18:43.182 V/MediaPlayer( 5985): resetDrmState:  mDrmInfo=null mDrmProvisioningThread=null mPrepareDrmInProgress=false mActiveDrmScheme=false
06-17 19:18:43.182 V/MediaPlayer( 5985): cleanDrmObj: mDrmObj=null mDrmSessionId=null
06-17 19:18:43.182 D/NuPlayerDriver( 1809): reset(0xf5c01600) at state 8
06-17 19:18:43.186 D/SurfaceUtils( 1809): disconnecting from surface 0xf0801948, reason disconnectFromSurface
06-17 19:18:43.187 D/SurfaceUtils( 1809): connecting to surface 0xf0801948, reason onShutdown
06-17 19:18:43.187 D/NuPlayerDriver( 1809): notifyResetComplete(0xf5c01600)
06-17 19:18:43.187 D/SurfaceUtils( 1809): disconnecting from surface 0xf0803278, reason disconnectNativeWindow
06-17 19:18:43.188 I/MediaFocusControl( 1936): abandonAudioFocus() from uid/pid 10058/5985 clientId=android.media.AudioManager@7524f15
06-17 19:18:43.189 I/ActivityTaskManager( 1936): START u0 {cmp=tech.gtt.frontapp.stb.demo/tech.gtt.frontapp.stb.m.account.activity.LoginMethodSwitchActivity (has extras)} from uid 10058
06-17 19:18:43.191 D/CompatibilityChangeReporter( 1936): Compat change id reported: 174042980; UID 10058; state: DISABLED
06-17 19:18:43.191 D/CompatibilityChangeReporter( 1936): Compat change id reported: 184838306; UID 10058; state: DISABLED
06-17 19:18:43.191 D/CompatibilityChangeReporter( 1936): Compat change id reported: 185004937; UID 10058; state: DISABLED
06-17 19:18:43.191 D/CompatibilityChangeReporter( 1936): Compat change id reported: 181136395; UID 10058; state: DISABLED
06-17 19:18:43.191 D/CompatibilityChangeReporter( 1936): Compat change id reported: 174042936; UID 10058; state: DISABLED
06-17 19:18:43.192 W/AMessage( 1809): failed to post message as target looper for handler 0 is gone.
06-17 19:18:43.193 D/CompatibilityChangeReporter( 1936): Compat change id reported: 197654537; UID 10058; state: ENABLED
06-17 19:18:43.195 D/CompatibilityChangeReporter( 1936): Compat change id reported: 168419799; UID 10058; state: DISABLED
06-17 19:18:43.199 I/MediaFocusControl( 1936): abandonAudioFocus() from uid/pid 10058/5985 clientId=android.media.AudioManager@7524f15
06-17 19:18:43.199 W/MediaPlayer( 5985): mediaplayer went away with unhandled events
06-17 19:18:43.201 W/MediaPlayer( 5985): mediaplayer went away with unhandled events
06-17 19:18:43.201 D/UiDevice( 5931): Searching for node with selector: BySelector [RES='\Qtech.gtt.frontapp.stb.demo:id/account_login_tv2\E'].
06-17 19:18:43.202 W/QueryController( 5931): Could not detect idle state.
06-17 19:18:43.205 W/ActivityTaskManager( 1936): Tried to set launchTime (0) < mLastActivityLaunchTime (2014716)
06-17 19:18:43.218 D/AndroidAutoSize( 5985): tech.gtt.frontapp.stb.m.account.activity.LoginMethodSwitchActivity used the global configuration.
06-17 19:18:43.219 D/AndroidAutoSize( 5985): The tech.gtt.frontapp.stb.m.account.activity.LoginMethodSwitchActivity has been adapted! 
06-17 19:18:43.219 D/AndroidAutoSize( 5985): LoginMethodSwitchActivity Info: isBaseOnWidth = true, designWidthInDp = 1920.000000, designWidthInSubunits = 1920.000000, targetDensity = 1.000000, targetScaledDensity = 1.000000, targetDensityDpi = 160, targetXdpi = 1.000000, targetScreenWidthDp = 1920, targetScreenHeightDp = 1032
06-17 19:18:43.248 D/AndroidAutoSize( 5985): tech.gtt.frontapp.stb.m.account.activity.LoginMethodSwitchActivity used the global configuration.
06-17 19:18:43.249 D/AndroidAutoSize( 5985): The tech.gtt.frontapp.stb.m.account.activity.LoginMethodSwitchActivity has been adapted! 
06-17 19:18:43.249 D/AndroidAutoSize( 5985): LoginMethodSwitchActivity Info: isBaseOnWidth = true, designWidthInDp = 1920.000000, designWidthInSubunits = 1920.000000, targetDensity = 1.000000, targetScaledDensity = 1.000000, targetDensityDpi = 160, targetXdpi = 1.000000, targetScreenWidthDp = 1920, targetScreenHeightDp = 1032
06-17 19:18:43.251 W/WindowManager( 1936): Failed looking up window session=Session{cfeb653 5985:u0a10058} callers=com.android.server.wm.WindowManagerService.windowForClientLocked:5850 com.android.server.wm.Session.updateRequestedVisibilities:640 android.view.IWindowSession$Stub.onTransact:1175 
06-17 19:18:43.264 D/gralloc_nox( 1767): gralloc_alloc: Creating ashmem region of size 8298496
06-17 19:18:43.288 D/gralloc_nox( 1767): gralloc_alloc: Creating ashmem region of size 8298496
06-17 19:18:43.295 D/ProcessState( 6381): Binder ioctl to enable oneway spam detection failed: Invalid argument
06-17 19:18:43.316 D/gralloc_nox( 1767): gralloc_alloc: Creating ashmem region of size 8298496
06-17 19:18:43.354 D/UiDevice( 5931): Searching for node with selector: BySelector [RES='\Qtech.gtt.frontapp.stb.demo:id/account_login_tv2\E'].
06-17 19:18:43.356 W/QueryController( 5931): Could not detect idle state.
06-17 19:18:43.362 E/libEGL  ( 5985): called unimplemented OpenGL ES API
06-17 19:18:43.383 I/ActivityTaskManager( 1936): Displayed tech.gtt.frontapp.stb.demo/tech.gtt.frontapp.stb.m.account.activity.LoginMethodSwitchActivity: +193ms
06-17 19:18:43.529 D/UiDevice( 5931): Searching for node with selector: BySelector [RES='\Qtech.gtt.frontapp.stb.demo:id/account_login_tv2\E'].
06-17 19:18:43.530 W/QueryController( 5931): Could not detect idle state.
06-17 19:18:43.575 D/UIAutomatorStub( 5931): URI: /jsonrpc/0, Method: POST, params, {NanoHttpd.QUERY_STRING=null}, files: {postData={"jsonrpc": "2.0", "id": 1, "method": "objInfo", "params": [{"mask": 2097152, "childOrSibling": [], "childOrSiblingSelector": [], "resourceId": "tech.gtt.frontapp.stb.demo:id/account_login_tv2"}]}}
06-17 19:18:43.578 D/UiDevice( 5931): Retrieving node with selector: BySelector [RES='\Qtech.gtt.frontapp.stb.demo:id/account_login_tv2\E'].
06-17 19:18:43.580 W/QueryController( 5931): Could not detect idle state.
06-17 19:18:43.584 W/QueryController( 5931): Could not detect idle state.
06-17 19:18:43.585 W/QueryController( 5931): Could not detect idle state.
06-17 19:18:43.586 W/QueryController( 5931): Could not detect idle state.
06-17 19:18:43.587 W/QueryController( 5931): Could not detect idle state.
06-17 19:18:43.588 W/QueryController( 5931): Could not detect idle state.
06-17 19:18:43.589 W/QueryController( 5931): Could not detect idle state.
06-17 19:18:43.590 W/QueryController( 5931): Could not detect idle state.
06-17 19:18:43.593 W/QueryController( 5931): Could not detect idle state.
06-17 19:18:43.616 W/QueryController( 5931): Could not detect idle state.
06-17 19:18:43.619 W/InputManager-JNI( 1936): Input channel object 'a004b96 tech.gtt.frontapp.stb.demo/tech.gtt.frontapp.stb.m.home.activity.LoadingActivity (client)' was disposed without first being removed with the input manager!
06-17 19:18:43.622 W/QueryController( 5931): Could not detect idle state.
06-17 19:18:43.623 W/QueryController( 5931): Could not detect idle state.
06-17 19:18:43.627 W/QueryController( 5931): Could not detect idle state.
06-17 19:18:43.629 W/QueryController( 5931): Could not detect idle state.
06-17 19:18:43.630 W/QueryController( 5931): Could not detect idle state.
06-17 19:18:43.631 W/QueryController( 5931): Could not detect idle state.
06-17 19:18:43.632 W/QueryController( 5931): Could not detect idle state.
06-17 19:18:43.633 W/QueryController( 5931): Could not detect idle state.
06-17 19:18:43.661 D/UIAutomatorStub( 5931): URI: /jsonrpc/0, Method: POST, params, {NanoHttpd.QUERY_STRING=null}, files: {postData={"jsonrpc": "2.0", "id": 1, "method": "click", "params": [1390.0, 559.0]}}
06-17 19:18:43.786 I/ActivityTaskManager( 1936): START u0 {cmp=tech.gtt.frontapp.stb.demo/tech.gtt.frontapp.stb.m.account.activity.LoginActivity} from uid 10058
06-17 19:18:43.798 W/ActivityTaskManager( 1936): Tried to set launchTime (0) < mLastActivityLaunchTime (2019884)
06-17 19:18:43.803 D/AndroidAutoSize( 5985): tech.gtt.frontapp.stb.m.account.activity.LoginActivity used the global configuration.
06-17 19:18:43.804 D/AndroidAutoSize( 5985): The tech.gtt.frontapp.stb.m.account.activity.LoginActivity has been adapted! 
06-17 19:18:43.804 D/AndroidAutoSize( 5985): LoginActivity Info: isBaseOnWidth = true, designWidthInDp = 1920.000000, designWidthInSubunits = 1920.000000, targetDensity = 1.000000, targetScaledDensity = 1.000000, targetDensityDpi = 160, targetXdpi = 1.000000, targetScreenWidthDp = 1920, targetScreenHeightDp = 1032
06-17 19:18:43.819 D/UIAutomatorStub( 5931): URI: /jsonrpc/0, Method: POST, params, {NanoHttpd.QUERY_STRING=null}, files: {postData={"jsonrpc": "2.0", "id": 1, "method": "waitForExists", "params": [{"mask": 2097152, "childOrSibling": [], "childOrSiblingSelector": [], "resourceId": "tech.gtt.frontapp.stb.demo:id/loginf_et_username"}, 20000]}}
06-17 19:18:43.820 D/UiDevice( 5931): Waiting 20000ms for SearchCondition[hasObject=BySelector [RES='\Qtech.gtt.frontapp.stb.demo:id/loginf_et_username\E']].
06-17 19:18:43.820 D/UiDevice( 5931): Searching for node with selector: BySelector [RES='\Qtech.gtt.frontapp.stb.demo:id/loginf_et_username\E'].
06-17 19:18:43.821 W/QueryController( 5931): Could not detect idle state.
06-17 19:18:43.864 D/AndroidAutoSize( 5985): tech.gtt.frontapp.stb.m.account.activity.LoginActivity used the global configuration.
06-17 19:18:43.864 D/AndroidAutoSize( 5985): The tech.gtt.frontapp.stb.m.account.activity.LoginActivity has been adapted! 
06-17 19:18:43.864 D/AndroidAutoSize( 5985): LoginActivity Info: isBaseOnWidth = true, designWidthInDp = 1920.000000, designWidthInSubunits = 1920.000000, targetDensity = 1.000000, targetScaledDensity = 1.000000, targetDensityDpi = 160, targetXdpi = 1.000000, targetScreenWidthDp = 1920, targetScreenHeightDp = 1032
06-17 19:18:43.867 W/WindowManager( 1936): Failed looking up window session=Session{cfeb653 5985:u0a10058} callers=com.android.server.wm.WindowManagerService.windowForClientLocked:5850 com.android.server.wm.Session.updateRequestedVisibilities:640 android.view.IWindowSession$Stub.onTransact:1175 
06-17 19:18:43.891 D/gralloc_nox( 1767): gralloc_alloc: Creating ashmem region of size 8298496
06-17 19:18:43.912 D/gralloc_nox( 1767): gralloc_alloc: Creating ashmem region of size 8298496
06-17 19:18:43.923 D/ProcessState( 6393): Binder ioctl to enable oneway spam detection failed: Invalid argument
06-17 19:18:43.930 D/gralloc_nox( 1767): gralloc_alloc: Creating ashmem region of size 8298496
06-17 19:18:43.990 W/ByMatcher( 5931): Node returned null child: android.view.accessibility.AccessibilityNodeInfo@80006dca; boundsInParent: Rect(0, 0 - 1920, 1080); boundsInScreen: Rect(0, 0 - 1920, 1080); packageName: tech.gtt.frontapp.stb.demo; className: android.widget.FrameLayout; text: null; error: null; maxTextLength: -1; stateDescription: null; contentDescription: null; tooltipText: null; viewIdResName: null; checkable: false; checked: false; focusable: false; focused: false; selected: false; clickable: false; longClickable: false; contextClickable: false; enabled: true; password: false; scrollable: false; importantForAccessibility: true; visible: true; actions: [AccessibilityAction: ACTION_SELECT - null, AccessibilityAction: ACTION_CLEAR_SELECTION - null, AccessibilityAction: ACTION_ACCESSIBILITY_FOCUS - null, AccessibilityAction: ACTION_SHOW_ON_SCREEN - null]
06-17 19:18:43.990 W/ByMatcher( 5931): Skipping null child (0 of 1)
06-17 19:18:43.998 I/ActivityTaskManager( 1936): Displayed tech.gtt.frontapp.stb.demo/tech.gtt.frontapp.stb.m.account.activity.LoginActivity: +212ms
06-17 19:18:44.093 D/UiDevice( 5931): Searching for node with selector: BySelector [RES='\Qtech.gtt.frontapp.stb.demo:id/loginf_et_username\E'].
06-17 19:18:44.094 W/QueryController( 5931): Could not detect idle state.
06-17 19:18:44.140 D/UIAutomatorStub( 5931): URI: /jsonrpc/0, Method: POST, params, {NanoHttpd.QUERY_STRING=null}, files: {postData={"jsonrpc": "2.0", "id": 1, "method": "objInfo", "params": [{"mask": 2097152, "childOrSibling": [], "childOrSiblingSelector": [], "resourceId": "tech.gtt.frontapp.stb.demo:id/loginf_et_username"}]}}
06-17 19:18:44.141 D/UiDevice( 5931): Retrieving node with selector: BySelector [RES='\Qtech.gtt.frontapp.stb.demo:id/loginf_et_username\E'].
06-17 19:18:44.142 W/QueryController( 5931): Could not detect idle state.
06-17 19:18:44.147 W/QueryController( 5931): Could not detect idle state.
06-17 19:18:44.149 W/QueryController( 5931): Could not detect idle state.
06-17 19:18:44.150 W/QueryController( 5931): Could not detect idle state.
06-17 19:18:44.151 W/QueryController( 5931): Could not detect idle state.
06-17 19:18:44.151 W/QueryController( 5931): Could not detect idle state.
06-17 19:18:44.152 W/QueryController( 5931): Could not detect idle state.
06-17 19:18:44.153 W/QueryController( 5931): Could not detect idle state.
06-17 19:18:44.153 W/QueryController( 5931): Could not detect idle state.
06-17 19:18:44.154 W/QueryController( 5931): Could not detect idle state.
06-17 19:18:44.155 W/QueryController( 5931): Could not detect idle state.
06-17 19:18:44.156 W/QueryController( 5931): Could not detect idle state.
06-17 19:18:44.157 W/QueryController( 5931): Could not detect idle state.
06-17 19:18:44.158 W/QueryController( 5931): Could not detect idle state.
06-17 19:18:44.160 W/QueryController( 5931): Could not detect idle state.
06-17 19:18:44.162 W/QueryController( 5931): Could not detect idle state.
06-17 19:18:44.164 W/QueryController( 5931): Could not detect idle state.
06-17 19:18:44.165 W/QueryController( 5931): Could not detect idle state.
06-17 19:18:44.193 D/UIAutomatorStub( 5931): URI: /jsonrpc/0, Method: POST, params, {NanoHttpd.QUERY_STRING=null}, files: {postData={"jsonrpc": "2.0", "id": 1, "method": "click", "params": [1057.0, 437.0]}}
06-17 19:18:44.258 W/SurfaceFlinger( 1779): couldn't log to binary event log: overflow.
06-17 19:18:44.369 D/CompatibilityChangeReporter( 5985): Compat change id reported: 163400105; UID 10058; state: ENABLED
06-17 19:18:44.369 D/InputMethodManager( 5985): showSoftInput() view=tech.gtt.frontapp.stb.c.ui.edittext.EmailAutoCompleteTextView{c08ee3b VFED..CL. .F.P..ID 0,0-700,92 #7f0b02ce app:id/loginf_et_username aid=1073741824} flags=0 reason=SHOW_SOFT_INPUT
06-17 19:18:44.369 V/InputMethodService( 3034): onEvaluateInputViewShown: config.hardKeyboardHidden = 2
06-17 19:18:44.370 V/InputMethodService( 3034): onEvaluateInputViewShown: config.hardKeyboardHidden = 2
06-17 19:18:44.370 I/AdbKeyboard( 3034): imeAction: 5 Next
06-17 19:18:44.380 D/gralloc_nox( 1767): gralloc_alloc: Creating ashmem region of size 647168
06-17 19:18:44.410 D/gralloc_nox( 1767): gralloc_alloc: Creating ashmem region of size 647168
06-17 19:18:44.412 D/UIAutomatorStub( 5931): URI: /jsonrpc/0, Method: POST, params, {NanoHttpd.QUERY_STRING=null}, files: {postData={"jsonrpc": "2.0", "id": 1, "method": "waitForExists", "params": [{"mask": 2097152, "childOrSibling": [], "childOrSiblingSelector": [], "resourceId": "tech.gtt.frontapp.stb.demo:id/loginf_et_username"}, 20000]}}
06-17 19:18:44.413 D/gralloc_nox( 1767): gralloc_alloc: Creating ashmem region of size 647168
06-17 19:18:44.414 D/UiDevice( 5931): Waiting 20000ms for SearchCondition[hasObject=BySelector [RES='\Qtech.gtt.frontapp.stb.demo:id/loginf_et_username\E']].
06-17 19:18:44.414 D/UiDevice( 5931): Searching for node with selector: BySelector [RES='\Qtech.gtt.frontapp.stb.demo:id/loginf_et_username\E'].
06-17 19:18:44.415 W/QueryController( 5931): Could not detect idle state.
06-17 19:18:44.421 D/ProcessState( 6402): Binder ioctl to enable oneway spam detection failed: Invalid argument
06-17 19:18:44.422 E/SELinux ( 1566): avc:  denied  { find } for pid=6402 uid=0 name=settings scontext=u:r:init:s0 tcontext=u:object_r:settings_service:s0 tclass=service_manager permissive=1
06-17 19:18:44.425 D/InsetsController( 5985): show(ime(), fromIme=true)
06-17 19:18:44.473 D/UIAutomatorStub( 5931): URI: /jsonrpc/0, Method: POST, params, {NanoHttpd.QUERY_STRING=null}, files: {postData={"jsonrpc": "2.0", "id": 1, "method": "setText", "params": [{"mask": 2097152, "childOrSibling": [], "childOrSiblingSelector": [], "resourceId": "tech.gtt.frontapp.stb.demo:id/loginf_et_username"}, "0609@ipwangxin.cn"]}}
06-17 19:18:44.473 D/UiDevice( 5931): Retrieving node with selector: BySelector [RES='\Qtech.gtt.frontapp.stb.demo:id/loginf_et_username\E'].
06-17 19:18:44.476 W/QueryController( 5931): Could not detect idle state.
06-17 19:18:44.482 W/QueryController( 5931): Could not detect idle state.
06-17 19:18:44.484 D/UiObject2( 5931): Clicking on (1057, 437).
06-17 19:18:44.502 D/InputMethodManager( 5985): showSoftInput() view=tech.gtt.frontapp.stb.c.ui.edittext.EmailAutoCompleteTextView{c08ee3b VFED..CL. .F.P.... 0,0-700,92 #7f0b02ce app:id/loginf_et_username aid=1073741824} flags=0 reason=SHOW_SOFT_INPUT
06-17 19:18:44.502 V/InputMethodService( 3034): onEvaluateInputViewShown: config.hardKeyboardHidden = 2
06-17 19:18:44.502 V/InputMethodService( 3034): onEvaluateInputViewShown: config.hardKeyboardHidden = 2
06-17 19:18:44.505 D/InsetsController( 5985): show(ime(), fromIme=true)
06-17 19:18:44.519 W/GestureController( 5931): Gestures took longer than expected (34ms >> 16ms), device might be in a busy state.
06-17 19:18:44.519 D/UiDevice( 5931): Retrieving node with selector: BySelector [RES='\Qtech.gtt.frontapp.stb.demo:id/loginf_et_username\E'].
06-17 19:18:44.519 W/QueryController( 5931): Could not detect idle state.
06-17 19:18:44.521 W/QueryController( 5931): Could not detect idle state.
06-17 19:18:44.522 D/UiObject2( 5931): Setting text to '0609@ipwangxin.cn'.
06-17 19:18:44.531 I/AdbKeyboard( 3034): imeAction: 5 Next
06-17 19:18:44.531 V/InputMethodService( 3034): onEvaluateInputViewShown: config.hardKeyboardHidden = 2
06-17 19:18:44.531 V/InputMethodService( 3034): onEvaluateInputViewShown: config.hardKeyboardHidden = 2
06-17 19:18:44.623 D/InsetsController( 5985): show(ime(), fromIme=true)
06-17 19:18:44.644 D/UIAutomatorStub( 5931): URI: /jsonrpc/0, Method: POST, params, {NanoHttpd.QUERY_STRING=null}, files: {postData={"jsonrpc": "2.0", "id": 1, "method": "waitForExists", "params": [{"mask": 2097152, "childOrSibling": [], "childOrSiblingSelector": [], "resourceId": "tech.gtt.frontapp.stb.demo:id/et_pwd"}, 20000]}}
06-17 19:18:44.646 D/UiDevice( 5931): Waiting 20000ms for SearchCondition[hasObject=BySelector [RES='\Qtech.gtt.frontapp.stb.demo:id/et_pwd\E']].
06-17 19:18:44.646 D/UiDevice( 5931): Searching for node with selector: BySelector [RES='\Qtech.gtt.frontapp.stb.demo:id/et_pwd\E'].
06-17 19:18:44.647 W/QueryController( 5931): Could not detect idle state.
06-17 19:18:44.686 W/NotificationHistory( 1936): Attempted to add notif for locked/gone/disabled user 0
06-17 19:18:44.687 D/UIAutomatorStub( 5931): URI: /jsonrpc/0, Method: POST, params, {NanoHttpd.QUERY_STRING=null}, files: {postData={"jsonrpc": "2.0", "id": 1, "method": "objInfo", "params": [{"mask": 2097152, "childOrSibling": [], "childOrSiblingSelector": [], "resourceId": "tech.gtt.frontapp.stb.demo:id/et_pwd"}]}}
06-17 19:18:44.693 D/UiDevice( 5931): Retrieving node with selector: BySelector [RES='\Qtech.gtt.frontapp.stb.demo:id/et_pwd\E'].
06-17 19:18:44.694 W/QueryController( 5931): Could not detect idle state.
06-17 19:18:44.701 W/QueryController( 5931): Could not detect idle state.
06-17 19:18:44.702 W/QueryController( 5931): Could not detect idle state.
06-17 19:18:44.703 W/QueryController( 5931): Could not detect idle state.
06-17 19:18:44.704 D/InterruptionStateProvider( 2106): No bubble up: not allowed to bubble: -1|android|8|null|1000
06-17 19:18:44.704 W/QueryController( 5931): Could not detect idle state.
06-17 19:18:44.704 D/InterruptionStateProvider( 2106): No heads up: unimportant notification: -1|android|8|null|1000
06-17 19:18:44.704 D/PeopleSpaceWidgetMgr( 2106): Sbn doesn't contain valid PeopleTileKey: null/-1/android
06-17 19:18:44.706 W/QueryController( 5931): Could not detect idle state.
06-17 19:18:44.710 W/QueryController( 5931): Could not detect idle state.
06-17 19:18:44.711 D/InterruptionStateProvider( 2106): No bubble up: not allowed to bubble: -1|android|8|null|1000
06-17 19:18:44.711 D/InterruptionStateProvider( 2106): No heads up: unimportant notification: -1|android|8|null|1000
06-17 19:18:44.711 D/PeopleSpaceWidgetMgr( 2106): Sbn doesn't contain valid PeopleTileKey: null/-1/android
06-17 19:18:44.712 W/QueryController( 5931): Could not detect idle state.
06-17 19:18:44.713 W/QueryController( 5931): Could not detect idle state.
06-17 19:18:44.714 W/QueryController( 5931): Could not detect idle state.
06-17 19:18:44.715 W/QueryController( 5931): Could not detect idle state.
06-17 19:18:44.716 W/QueryController( 5931): Could not detect idle state.
06-17 19:18:44.716 W/QueryController( 5931): Could not detect idle state.
06-17 19:18:44.717 W/QueryController( 5931): Could not detect idle state.
06-17 19:18:44.718 W/QueryController( 5931): Could not detect idle state.
06-17 19:18:44.718 W/QueryController( 5931): Could not detect idle state.
06-17 19:18:44.719 W/QueryController( 5931): Could not detect idle state.
06-17 19:18:44.720 W/QueryController( 5931): Could not detect idle state.
06-17 19:18:44.747 D/UIAutomatorStub( 5931): URI: /jsonrpc/0, Method: POST, params, {NanoHttpd.QUERY_STRING=null}, files: {postData={"jsonrpc": "2.0", "id": 1, "method": "click", "params": [1057.0, 559.0]}}
06-17 19:18:44.761 D/InterruptionStateProvider( 2106): No bubble up: not allowed to bubble: -1|android|8|null|1000
06-17 19:18:44.762 D/InterruptionStateProvider( 2106): No heads up: unimportant notification: -1|android|8|null|1000
06-17 19:18:44.766 D/PeopleSpaceWidgetMgr( 2106): Sbn doesn't contain valid PeopleTileKey: null/-1/android
06-17 19:18:44.865 I/AdbKeyboard( 3034): imeAction: 5 Next
06-17 19:18:44.865 D/InputMethodManager( 5985): showSoftInput() view=tech.gtt.frontapp.stb.c.ui.edittext.NormalFocusEditText{b78e0ed VFED..CL. .F.P..ID 0,0-700,92 #7f0b0172 app:id/et_pwd aid=1073741826} flags=0 reason=SHOW_SOFT_INPUT
06-17 19:18:44.865 V/InputMethodService( 3034): onEvaluateInputViewShown: config.hardKeyboardHidden = 2
06-17 19:18:44.865 V/InputMethodService( 3034): onEvaluateInputViewShown: config.hardKeyboardHidden = 2
06-17 19:18:44.865 V/InputMethodService( 3034): onEvaluateInputViewShown: config.hardKeyboardHidden = 2
06-17 19:18:44.865 V/InputMethodService( 3034): onEvaluateInputViewShown: config.hardKeyboardHidden = 2
06-17 19:18:44.880 D/InsetsController( 5985): show(ime(), fromIme=true)
06-17 19:18:44.881 D/InsetsController( 5985): show(ime(), fromIme=true)
06-17 19:18:44.921 D/UIAutomatorStub( 5931): URI: /jsonrpc/0, Method: POST, params, {NanoHttpd.QUERY_STRING=null}, files: {postData={"jsonrpc": "2.0", "id": 1, "method": "waitForExists", "params": [{"mask": 2097152, "childOrSibling": [], "childOrSiblingSelector": [], "resourceId": "tech.gtt.frontapp.stb.demo:id/et_pwd"}, 20000]}}
06-17 19:18:44.923 D/UiDevice( 5931): Waiting 20000ms for SearchCondition[hasObject=BySelector [RES='\Qtech.gtt.frontapp.stb.demo:id/et_pwd\E']].
06-17 19:18:44.923 D/UiDevice( 5931): Searching for node with selector: BySelector [RES='\Qtech.gtt.frontapp.stb.demo:id/et_pwd\E'].
06-17 19:18:44.924 W/QueryController( 5931): Could not detect idle state.
06-17 19:18:44.957 D/UIAutomatorStub( 5931): URI: /jsonrpc/0, Method: POST, params, {NanoHttpd.QUERY_STRING=null}, files: {postData={"jsonrpc": "2.0", "id": 1, "method": "setText", "params": [{"mask": 2097152, "childOrSibling": [], "childOrSiblingSelector": [], "resourceId": "tech.gtt.frontapp.stb.demo:id/et_pwd"}, "123456"]}}
06-17 19:18:44.957 D/UiDevice( 5931): Retrieving node with selector: BySelector [RES='\Qtech.gtt.frontapp.stb.demo:id/et_pwd\E'].
06-17 19:18:44.958 W/QueryController( 5931): Could not detect idle state.
06-17 19:18:44.963 W/QueryController( 5931): Could not detect idle state.
06-17 19:18:44.965 D/UiObject2( 5931): Clicking on (1057, 559).
06-17 19:18:44.986 D/InputMethodManager( 5985): showSoftInput() view=tech.gtt.frontapp.stb.c.ui.edittext.NormalFocusEditText{b78e0ed VFED..CL. .F.P.... 0,0-700,92 #7f0b0172 app:id/et_pwd aid=1073741826} flags=0 reason=SHOW_SOFT_INPUT
06-17 19:18:44.987 V/InputMethodService( 3034): onEvaluateInputViewShown: config.hardKeyboardHidden = 2
06-17 19:18:44.987 V/InputMethodService( 3034): onEvaluateInputViewShown: config.hardKeyboardHidden = 2
06-17 19:18:44.988 D/InsetsController( 5985): show(ime(), fromIme=true)
06-17 19:18:45.000 W/GestureController( 5931): Gestures took longer than expected (34ms >> 16ms), device might be in a busy state.
06-17 19:18:45.000 D/UiDevice( 5931): Retrieving node with selector: BySelector [RES='\Qtech.gtt.frontapp.stb.demo:id/et_pwd\E'].
06-17 19:18:45.000 W/QueryController( 5931): Could not detect idle state.
06-17 19:18:45.004 W/QueryController( 5931): Could not detect idle state.
06-17 19:18:45.005 D/UiObject2( 5931): Setting text to '123456'.
06-17 19:18:45.010 I/AdbKeyboard( 3034): imeAction: 5 Next
06-17 19:18:45.010 V/InputMethodService( 3034): onEvaluateInputViewShown: config.hardKeyboardHidden = 2
06-17 19:18:45.010 V/InputMethodService( 3034): onEvaluateInputViewShown: config.hardKeyboardHidden = 2
06-17 19:18:45.016 D/InsetsController( 5985): show(ime(), fromIme=true)
06-17 19:18:45.030 D/UIAutomatorStub( 5931): URI: /jsonrpc/0, Method: POST, params, {NanoHttpd.QUERY_STRING=null}, files: {postData={"jsonrpc": "2.0", "id": 1, "method": "waitForExists", "params": [{"mask": 2097152, "childOrSibling": [], "childOrSiblingSelector": [], "resourceId": "tech.gtt.frontapp.stb.demo:id/remember_pwd_cb"}, 20000]}}
06-17 19:18:45.032 D/UiDevice( 5931): Waiting 20000ms for SearchCondition[hasObject=BySelector [RES='\Qtech.gtt.frontapp.stb.demo:id/remember_pwd_cb\E']].
06-17 19:18:45.032 D/UiDevice( 5931): Searching for node with selector: BySelector [RES='\Qtech.gtt.frontapp.stb.demo:id/remember_pwd_cb\E'].
06-17 19:18:45.032 W/QueryController( 5931): Could not detect idle state.
06-17 19:18:45.053 D/UIAutomatorStub( 5931): URI: /jsonrpc/0, Method: POST, params, {NanoHttpd.QUERY_STRING=null}, files: {postData={"jsonrpc": "2.0", "id": 1, "method": "objInfo", "params": [{"mask": 2097152, "childOrSibling": [], "childOrSiblingSelector": [], "resourceId": "tech.gtt.frontapp.stb.demo:id/remember_pwd_cb"}]}}
06-17 19:18:45.054 D/UiDevice( 5931): Retrieving node with selector: BySelector [RES='\Qtech.gtt.frontapp.stb.demo:id/remember_pwd_cb\E'].
06-17 19:18:45.054 W/QueryController( 5931): Could not detect idle state.
06-17 19:18:45.057 W/QueryController( 5931): Could not detect idle state.
06-17 19:18:45.058 W/QueryController( 5931): Could not detect idle state.
06-17 19:18:45.060 W/QueryController( 5931): Could not detect idle state.
06-17 19:18:45.061 W/QueryController( 5931): Could not detect idle state.
06-17 19:18:45.062 W/QueryController( 5931): Could not detect idle state.
06-17 19:18:45.063 W/QueryController( 5931): Could not detect idle state.
06-17 19:18:45.063 W/QueryController( 5931): Could not detect idle state.
06-17 19:18:45.064 W/QueryController( 5931): Could not detect idle state.
06-17 19:18:45.064 W/QueryController( 5931): Could not detect idle state.
06-17 19:18:45.065 W/QueryController( 5931): Could not detect idle state.
06-17 19:18:45.066 W/QueryController( 5931): Could not detect idle state.
06-17 19:18:45.066 W/QueryController( 5931): Could not detect idle state.
06-17 19:18:45.067 W/QueryController( 5931): Could not detect idle state.
06-17 19:18:45.068 W/QueryController( 5931): Could not detect idle state.
06-17 19:18:45.068 W/QueryController( 5931): Could not detect idle state.
06-17 19:18:45.069 W/QueryController( 5931): Could not detect idle state.
06-17 19:18:45.071 W/QueryController( 5931): Could not detect idle state.
06-17 19:18:45.072 D/InterruptionStateProvider( 2106): No bubble up: not allowed to bubble: -1|android|8|null|1000
