--------- beginning of main
06-17 19:18:31.987 D/ProcessState( 5957): Binder ioctl to enable oneway spam detection failed: Invalid argument
--------- beginning of system
06-17 19:18:31.988 I/ActivityManager( 1936): Force stopping tech.gtt.frontapp.stb.demo appid=10058 user=0: clear data
06-17 19:18:31.991 I/ActivityManager( 1936): Force stopping tech.gtt.frontapp.stb.demo appid=10058 user=-1: clearApplicationUserData
06-17 19:18:32.011 I/MediaProvider( 2560): Begin Intent { act=android.intent.action.PACKAGE_DATA_CLEARED dat=package:tech.gtt.frontapp.stb.demo flg=0x1000010 cmp=com.android.providers.media.module/com.android.providers.media.MediaService (has extras) }
06-17 19:18:32.011 D/MediaProvider( 2560): Deleted 0 Android/media items belonging to tech.gtt.frontapp.stb.demo on /data/user/0/com.android.providers.media.module/databases/external.db
06-17 19:18:32.011 I/MediaProvider( 2560): End Intent { act=android.intent.action.PACKAGE_DATA_CLEARED dat=package:tech.gtt.frontapp.stb.demo flg=0x1000010 cmp=com.android.providers.media.module/com.android.providers.media.MediaService (has extras) }
06-17 19:18:32.070 D/AndroidRuntime( 5971): >>>>>> START com.android.internal.os.RuntimeInit uid 0 <<<<<<
06-17 19:18:32.072 I/AndroidRuntime( 5971): Using default boot image
06-17 19:18:32.072 I/AndroidRuntime( 5971): Leaving lock profiling enabled
06-17 19:18:32.073 W/app_process( 5971): ART APEX data files are untrusted.
06-17 19:18:32.073 I/app_process( 5971): Core platform API reporting enabled, enforcing=false
06-17 19:18:32.105 D/app_process( 5971): Time zone APEX ICU file found: /apex/com.android.tzdata/etc/icu/icu_tzdata.dat
06-17 19:18:32.105 D/app_process( 5971): I18n APEX ICU file found: /apex/com.android.i18n/etc/icu/icudt68l.dat
06-17 19:18:32.110 W/app_process( 5971): Unexpected CPU variant for X86 using defaults: x86_64
06-17 19:18:32.122 D/ProcessState( 5971): Binder ioctl to enable oneway spam detection failed: Invalid argument
06-17 19:18:32.122 D/AndroidRuntime( 5971): Calling main entry com.android.commands.monkey.Monkey
06-17 19:18:32.122 W/Monkey  ( 5971): args: [-p, tech.gtt.frontapp.stb.demo, -c, android.intent.category.LAUNCHER, 1]
06-17 19:18:32.123 W/Monkey  ( 5971):  arg: "-p"
06-17 19:18:32.123 W/Monkey  ( 5971):  arg: "tech.gtt.frontapp.stb.demo"
06-17 19:18:32.123 W/Monkey  ( 5971):  arg: "-c"
06-17 19:18:32.123 W/Monkey  ( 5971):  arg: "android.intent.category.LAUNCHER"
06-17 19:18:32.123 W/Monkey  ( 5971):  arg: "1"
06-17 19:18:32.123 W/Monkey  ( 5971): data="tech.gtt.frontapp.stb.demo"
06-17 19:18:32.123 W/Monkey  ( 5971): data="android.intent.category.LAUNCHER"
06-17 19:18:32.153 W/BroadcastQueue( 1936): Skipping deliver [background] BroadcastRecord{9039bad u-1 android.net.conn.CONNECTIVITY_CHANGE} to ReceiverList{4c62ee2 5971 (unknown name)/0/u-1 remote:2d83fd7}: process gone or crashing
06-17 19:18:32.158 I/ActivityTaskManager( 1936): START u0 {act=android.intent.action.MAIN cat=[android.intent.category.LAUNCHER] flg=0x10200000 cmp=tech.gtt.frontapp.stb.demo/tech.gtt.frontapp.stb.m.home.activity.SplashActivity} from uid 0
06-17 19:18:32.160 W/ActivityTaskManager( 1936): Can't find TaskDisplayArea to determine support for multi window. Task id=21 attached=false
06-17 19:18:32.171 D/CompatibilityChangeReporter( 1936): Compat change id reported: 135634846; UID 10058; state: DISABLED
06-17 19:18:32.171 D/CompatibilityChangeReporter( 1936): Compat change id reported: 143937733; UID 10058; state: ENABLED
06-17 19:18:32.173 D/Zygote  ( 1756): Forked child process 5985
06-17 19:18:32.174 I/Monkey  ( 5971): Events injected: 1
06-17 19:18:32.179 I/ActivityManager( 1936): Start proc 5985:tech.gtt.frontapp.stb.demo/u0a58 for pre-top-activity {tech.gtt.frontapp.stb.demo/tech.gtt.frontapp.stb.m.home.activity.SplashActivity}
06-17 19:18:32.186 I/Monkey  ( 5971): ## Network stats: elapsed time=26ms (0ms mobile, 0ms wifi, 26ms not connected)
06-17 19:18:32.188 D/gralloc_nox( 1767): gralloc_alloc: Creating ashmem region of size 8298496
06-17 19:18:32.238 I/app_process( 5971): System.exit called, status: 0
06-17 19:18:32.238 I/AndroidRuntime( 5971): VM exiting with result code 0.
06-17 19:18:32.238 I/Zygote  ( 5985): seccomp disabled by setenforce 0
06-17 19:18:32.239 D/gralloc_nox( 1767): gralloc_alloc: Creating ashmem region of size 8298496
06-17 19:18:32.246 W/ontapp.stb.dem( 5985): Unexpected CPU variant for X86 using defaults: x86_64
06-17 19:18:32.260 D/ProcessState( 5985): Binder ioctl to enable oneway spam detection failed: Invalid argument
06-17 19:18:32.274 D/gralloc_nox( 1767): gralloc_alloc: Creating ashmem region of size 8298496
06-17 19:18:32.288 E/ashmem  ( 5985): memfd: ro.vndk.version not defined or invalid (), this is mandated since P.
06-17 19:18:32.292 D/CompatibilityChangeReporter( 5985): Compat change id reported: 171979766; UID 10058; state: ENABLED
06-17 19:18:32.332 V/GraphicsEnvironment( 5985): ANGLE Developer option for 'tech.gtt.frontapp.stb.demo' set to: 'default'
06-17 19:18:32.333 V/GraphicsEnvironment( 5985): ANGLE GameManagerService for tech.gtt.frontapp.stb.demo: false
06-17 19:18:32.333 V/GraphicsEnvironment( 5985): Neither updatable production driver nor prerelease driver is supported.
06-17 19:18:32.336 D/NetworkSecurityConfig( 5985): Using Network Security Config from resource network_security_config debugBuild: false
06-17 19:18:32.338 D/NetworkSecurityConfig( 5985): Using Network Security Config from resource network_security_config debugBuild: false
06-17 19:18:32.342 I/MultiDex( 5985): VM with version 2.1.0 has multidex support
06-17 19:18:32.342 I/MultiDex( 5985): Installing application
06-17 19:18:32.342 I/MultiDex( 5985): VM has multidex support, MultiDex support library is disabled.
06-17 19:18:32.343 E/[Package]( 5985): params: AppConfiguration(vnoId='11026504', brandId='d0k7d3p3kdikth2o3q6g', appId='d0jucrbq6bt4h33c0ma0', sourceId='30006401-31002837', authServers='https://gtt-app-apigateway-lion.vdemosit.com', shareKey='S2kQMgUSugYyMlk5QclHDaF0uDsFnB0oJoFeAFgsKb8=', packageName='tech.gtt.frontapp.stb.demo', appName='Goose TV', appVersionName='v1.0.0', appVersionCode='7', pluginVersionCode='1', pluginVersionName='6.0.0-beta-build5', packageSeq='1', buglyAppId='d76a04165f', buglyKey='13b89b2d-1c12-4c4f-93b8-46e3c2ef9f73', baseVersionCode='20000066', gitTag='2.1.4-beta6', supportLang='en,pt,es', defaultLang='en', bootLoadType='1')
06-17 19:18:32.343 W/System.err( 5985): java.lang.ClassNotFoundException: tech.gtt.frontapp.stb.docker.plugin.PluginUtils
06-17 19:18:32.344 W/System.err( 5985): 	at java.lang.Class.classForName(Native Method)
06-17 19:18:32.344 W/System.err( 5985): 	at java.lang.Class.forName(Class.java:454)
06-17 19:18:32.344 W/System.err( 5985): 	at java.lang.Class.forName(Class.java:379)
06-17 19:18:32.344 W/System.err( 5985): 	at ot.e.b(SourceFile:3)
06-17 19:18:32.344 W/System.err( 5985): 	at tech.gtt.frontapp.stb.app.MainApplication.attachBaseContext(SourceFile:130)
06-17 19:18:32.344 W/System.err( 5985): 	at android.app.Application.attach(Application.java:338)
06-17 19:18:32.344 W/System.err( 5985): 	at android.app.Instrumentation.newApplication(Instrumentation.java:1190)
06-17 19:18:32.344 W/System.err( 5985): 	at android.app.LoadedApk.makeApplication(LoadedApk.java:1361)
06-17 19:18:32.344 W/System.err( 5985): 	at android.app.ActivityThread.handleBindApplication(ActivityThread.java:6728)
06-17 19:18:32.344 W/System.err( 5985): 	at android.app.ActivityThread.access$1500(ActivityThread.java:256)
06-17 19:18:32.344 W/System.err( 5985): 	at android.app.ActivityThread$H.handleMessage(ActivityThread.java:2091)
06-17 19:18:32.344 W/System.err( 5985): 	at android.os.Handler.dispatchMessage(Handler.java:106)
06-17 19:18:32.344 W/System.err( 5985): 	at android.os.Looper.loopOnce(Looper.java:201)
06-17 19:18:32.344 W/System.err( 5985): 	at android.os.Looper.loop(Looper.java:288)
06-17 19:18:32.344 W/System.err( 5985): 	at android.app.ActivityThread.main(ActivityThread.java:7875)
06-17 19:18:32.344 W/System.err( 5985): 	at java.lang.reflect.Method.invoke(Native Method)
06-17 19:18:32.344 W/System.err( 5985): 	at com.android.internal.os.RuntimeInit$MethodAndArgsCaller.run(RuntimeInit.java:568)
06-17 19:18:32.344 W/System.err( 5985): 	at com.android.internal.os.ZygoteInit.main(ZygoteInit.java:1005)
06-17 19:18:32.344 W/System.err( 5985): Caused by: java.lang.ClassNotFoundException: tech.gtt.frontapp.stb.docker.plugin.PluginUtils
06-17 19:18:32.344 W/System.err( 5985): 	... 18 more
06-17 19:18:32.344 E/[Package]( 5985): isInPluginMode: false
06-17 19:18:32.345 I/CustomActivityOnCrash( 5985): CustomActivityOnCrash has been installed.
06-17 19:18:32.346 I/System.out( 5985): Modular_Init : a - initialize
06-17 19:18:32.348 I/System.out( 5985): Modular_Init : d - initialize
06-17 19:18:32.349 I/System.out( 5985): Modular_Init : a - initialize
06-17 19:18:32.350 I/System.out( 5985): Modular_Init : a - initialize
06-17 19:18:32.350 D/[CatchupInitModule]( 5985): init---
06-17 19:18:32.350 I/System.out( 5985): Modular_Init : a - initialize
06-17 19:18:32.350 D/[ReplayInitialize]( 5985): init---
06-17 19:18:32.350 I/System.out( 5985): Modular_Init : a - initialize
06-17 19:18:32.350 D/[LiveInitialize]( 5985): init---
06-17 19:18:32.350 I/System.out( 5985): Modular_Init : b - initialize
06-17 19:18:32.351 D/AndroidAutoSize( 5985): designWidthInDp = 360, designHeightInDp = 640, screenWidth = 1920, screenHeight = 1080
06-17 19:18:32.351 D/AndroidAutoSize( 5985): initDensity = 2.0, initScaledDensity = 2.0
06-17 19:18:32.416 D/AndroidAutoSize( 5985): tech.gtt.frontapp.stb.m.home.activity.SplashActivity used the global configuration.
06-17 19:18:32.422 D/AndroidAutoSize( 5985): The tech.gtt.frontapp.stb.m.home.activity.SplashActivity has been adapted! 
06-17 19:18:32.422 D/AndroidAutoSize( 5985): SplashActivity Info: isBaseOnWidth = true, designWidthInDp = 1920.000000, designWidthInSubunits = 1920.000000, targetDensity = 1.000000, targetScaledDensity = 1.000000, targetDensityDpi = 160, targetXdpi = 1.000000, targetScreenWidthDp = 1920, targetScreenHeightDp = 1032
06-17 19:18:32.471 D/AndroidAutoSize( 5985): tech.gtt.frontapp.stb.m.home.activity.SplashActivity used the global configuration.
06-17 19:18:32.472 D/AndroidAutoSize( 5985): The tech.gtt.frontapp.stb.m.home.activity.SplashActivity has been adapted! 
06-17 19:18:32.472 D/AndroidAutoSize( 5985): SplashActivity Info: isBaseOnWidth = true, designWidthInDp = 1920.000000, designWidthInSubunits = 1920.000000, targetDensity = 1.000000, targetScaledDensity = 1.000000, targetDensityDpi = 160, targetXdpi = 1.000000, targetScreenWidthDp = 1920, targetScreenHeightDp = 1032
06-17 19:18:32.481 I/ActivityTaskManager( 1936): START u0 {act=android.content.pm.action.REQUEST_PERMISSIONS pkg=com.android.permissioncontroller cmp=com.android.permissioncontroller/.permission.ui.GrantPermissionsActivity (has extras)} from uid 10058
06-17 19:18:32.504 D/ontapp.stb.dem( 5985): createUnique: call
06-17 19:18:32.516 D/ontapp.stb.dem( 5985): HostComposition ext GL_OES_EGL_image GL_OES_EGL_image_external GL_OES_depth24 GL_OES_depth32 GL_OES_element_index_uint GL_OES_texture_float GL_OES_texture_float_linear GL_OES_compressed_paletted_texture GL_OES_compressed_ETC1_RGB8_texture GL_OES_depth_texture GL_EXT_texture_format_BGRA8888 GL_APPLE_texture_format_BGRA8888 GL_OES_texture_half_float GL_EXT_robustness GL_OES_texture_half_float_linear GL_OES_packed_depth_stencil GL_OES_vertex_half_float GL_OES_texture_npot GL_OES_rgb8_rgba8 GL_EXT_color_buffer_float GL_EXT_texture_sRGB_decode ANDROID_gles_max_version_3_1 GL_OES_vertex_array_object GL_EXT_texture_buffer GL_EXT_copy_image GL_KHR_texture_compression_astc_ldr GL_KHR_texture_compression_astc_hdr GL_OES_texture_compression_astc GL_OES_EGL_image_external
06-17 19:18:32.517 D/hw-ProcessState( 5985): Binder ioctl to enable oneway spam detection failed: Invalid argument
06-17 19:18:32.518 W/OpenGLRenderer( 5985): Failed to initialize 101010-2 format, error = EGL_SUCCESS
06-17 19:18:32.518 D/EGL_emulation( 5985): rcCreateContext wated version 2.0  rc:4
06-17 19:18:32.533 D/ProcessState( 6020): Binder ioctl to enable oneway spam detection failed: Invalid argument
06-17 19:18:32.536 D/EGL_emulation( 5985): eglMakeCurrent: 0x74841c0166d0: ver 3 2 (tinfo 0x74839c04cdb0) (first time)
06-17 19:18:32.539 E/HWComposer( 1779): getSupportedContentTypes: getSupportedContentTypes failed for display 0: Unsupported (8)
06-17 19:18:32.540 I/hwservicemanager( 1567): getTransport: Cannot find entry android.hardware.graphics.mapper@4.0::IMapper/default in either framework or device VINTF manifest.
06-17 19:18:32.540 I/Gralloc4( 5985): mapper 4.x is not supported
06-17 19:18:32.540 I/hwservicemanager( 1567): getTransport: Cannot find entry android.hardware.graphics.mapper@3.0::IMapper/default in either framework or device VINTF manifest.
06-17 19:18:32.540 W/Gralloc3( 5985): mapper 3.x is not supported
06-17 19:18:32.541 I/hwservicemanager( 1567): getTransport: Cannot find entry android.hardware.graphics.allocator@4.0::IAllocator/default in either framework or device VINTF manifest.
06-17 19:18:32.541 W/Gralloc4( 5985): allocator 4.x is not supported
06-17 19:18:32.541 I/hwservicemanager( 1567): getTransport: Cannot find entry android.hardware.graphics.allocator@3.0::IAllocator/default in either framework or device VINTF manifest.
06-17 19:18:32.541 W/Gralloc3( 5985): allocator 3.x is not supported
06-17 19:18:32.542 D/gralloc_nox( 1767): gralloc_alloc: Creating ashmem region of size 8298496
06-17 19:18:32.568 D/ontapp.stb.dem( 5985): createUnique: call
06-17 19:18:32.569 D/ontapp.stb.dem( 5985): HostComposition ext GL_OES_EGL_image GL_OES_EGL_image_external GL_OES_depth24 GL_OES_depth32 GL_OES_element_index_uint GL_OES_texture_float GL_OES_texture_float_linear GL_OES_compressed_paletted_texture GL_OES_compressed_ETC1_RGB8_texture GL_OES_depth_texture GL_EXT_texture_format_BGRA8888 GL_APPLE_texture_format_BGRA8888 GL_OES_texture_half_float GL_EXT_robustness GL_OES_texture_half_float_linear GL_OES_packed_depth_stencil GL_OES_vertex_half_float GL_OES_texture_npot GL_OES_rgb8_rgba8 GL_EXT_color_buffer_float GL_EXT_texture_sRGB_decode ANDROID_gles_max_version_3_1 GL_OES_vertex_array_object GL_EXT_texture_buffer GL_EXT_copy_image GL_KHR_texture_compression_astc_ldr GL_KHR_texture_compression_astc_hdr GL_OES_texture_compression_astc GL_OES_EGL_image_external
06-17 19:18:32.569 D/gralloc_nox( 1767): gralloc_alloc: Creating ashmem region of size 8298496
06-17 19:18:32.618 D/gralloc_nox( 1767): gralloc_alloc: Creating ashmem region of size 8298496
06-17 19:18:32.674 E/libEGL  ( 5985): called unimplemented OpenGL ES API
06-17 19:18:32.723 W/ActivityTaskManager( 1936): Tried to set launchTime (0) < mLastActivityLaunchTime (1728547)
06-17 19:18:32.810 I/ActivityTaskManager( 1936): Displayed com.android.permissioncontroller/.permission.ui.GrantPermissionsActivity: +642ms
06-17 19:18:32.831 D/ProcessState( 6031): Binder ioctl to enable oneway spam detection failed: Invalid argument
06-17 19:18:32.939 W/InputManager-JNI( 1936): Input channel object '109845c Splash Screen tech.gtt.frontapp.stb.demo (client)' was disposed without first being removed with the input manager!
06-17 19:18:32.939 D/gralloc_nox( 1767): gralloc_alloc: Creating ashmem region of size 5496832
06-17 19:18:33.018 D/gralloc_nox( 1767): gralloc_alloc: Creating ashmem region of size 5496832
06-17 19:18:33.128 D/gralloc_nox( 1767): gralloc_alloc: Creating ashmem region of size 5496832
06-17 19:18:35.171 E/TaskPersister( 1936): File error accessing recents directory (directory doesn't exist?).
06-17 19:18:35.254 D/UIAutomatorStub( 5931): URI: /jsonrpc/0, Method: POST, params, {NanoHttpd.QUERY_STRING=null}, files: {postData={"jsonrpc": "2.0", "id": 1, "method": "count", "params": [{"mask": 2097152, "childOrSibling": [], "childOrSiblingSelector": [], "resourceId": "com.android.permissioncontroller:id/permission_allow_button"}]}}
06-17 19:18:35.270 D/UiObject( 5931): Waiting 0ms for UiSelector[RESOURCE_ID=com.android.permissioncontroller:id/permission_allow_button].
06-17 19:18:35.273 W/QueryController( 5931): Could not detect idle state.
06-17 19:18:35.281 I/QueryController( 5931): Matched selector: UiSelector[RESOURCE_ID=com.android.permissioncontroller:id/permission_allow_button] <<==>> [android.view.accessibility.AccessibilityNodeInfo@18b14; boundsInParent: Rect(0, 0 - 992, 112); boundsInScreen: Rect(464, 557 - 1456, 669); packageName: com.android.permissioncontroller; className: android.widget.Button; text: 允许; error: null; maxTextLength: -1; stateDescription: null; contentDescription: null; tooltipText: null; viewIdResName: com.android.permissioncontroller:id/permission_allow_button; checkable: false; checked: false; focusable: true; focused: false; selected: false; clickable: true; longClickable: false; contextClickable: false; enabled: true; password: false; scrollable: false; importantForAccessibility: true; visible: true; actions: [AccessibilityAction: ACTION_FOCUS - null, AccessibilityAction: ACTION_SELECT - null, AccessibilityAction: ACTION_CLEAR_SELECTION - null, AccessibilityAction: ACTION_CLICK - null, AccessibilityAction: ACTION_ACCESSIBILITY_FOCUS - null, AccessibilityAction: ACTION_NEXT_AT_MOVEMENT_GRANULARITY - null, AccessibilityAction: ACTION_PREVIOUS_AT_MOVEMENT_GRANULARITY - null, AccessibilityAction: ACTION_SET_SELECTION - null, AccessibilityAction: ACTION_SHOW_ON_SCREEN - null]]
06-17 19:18:35.282 D/UiObject( 5931): Waiting 0ms for UiSelector[INSTANCE=1, RESOURCE_ID=com.android.permissioncontroller:id/permission_allow_button].
06-17 19:18:35.282 W/QueryController( 5931): Could not detect idle state.
06-17 19:18:35.319 D/UIAutomatorStub( 5931): URI: /jsonrpc/0, Method: POST, params, {NanoHttpd.QUERY_STRING=null}, files: {postData={"jsonrpc": "2.0", "id": 1, "method": "waitForExists", "params": [{"mask": 2097152, "childOrSibling": [], "childOrSiblingSelector": [], "resourceId": "com.android.permissioncontroller:id/permission_allow_button"}, 20000]}}
06-17 19:18:35.321 D/UiDevice( 5931): Waiting 20000ms for SearchCondition[hasObject=BySelector [RES='\Qcom.android.permissioncontroller:id/permission_allow_button\E']].
06-17 19:18:35.321 D/UiDevice( 5931): Searching for node with selector: BySelector [RES='\Qcom.android.permissioncontroller:id/permission_allow_button\E'].
06-17 19:18:35.322 W/QueryController( 5931): Could not detect idle state.
06-17 19:18:35.344 D/UIAutomatorStub( 5931): URI: /jsonrpc/0, Method: POST, params, {NanoHttpd.QUERY_STRING=null}, files: {postData={"jsonrpc": "2.0", "id": 1, "method": "objInfo", "params": [{"mask": 2097152, "childOrSibling": [], "childOrSiblingSelector": [], "resourceId": "com.android.permissioncontroller:id/permission_allow_button"}]}}
06-17 19:18:35.345 D/UiDevice( 5931): Retrieving node with selector: BySelector [RES='\Qcom.android.permissioncontroller:id/permission_allow_button\E'].
06-17 19:18:35.346 W/QueryController( 5931): Could not detect idle state.
06-17 19:18:35.355 W/QueryController( 5931): Could not detect idle state.
06-17 19:18:35.356 W/QueryController( 5931): Could not detect idle state.
06-17 19:18:35.357 W/QueryController( 5931): Could not detect idle state.
06-17 19:18:35.357 W/QueryController( 5931): Could not detect idle state.
06-17 19:18:35.358 W/QueryController( 5931): Could not detect idle state.
06-17 19:18:35.361 W/QueryController( 5931): Could not detect idle state.
06-17 19:18:35.365 W/QueryController( 5931): Could not detect idle state.
06-17 19:18:35.368 W/QueryController( 5931): Could not detect idle state.
06-17 19:18:35.369 W/QueryController( 5931): Could not detect idle state.
06-17 19:18:35.369 W/QueryController( 5931): Could not detect idle state.
06-17 19:18:35.370 W/QueryController( 5931): Could not detect idle state.
06-17 19:18:35.371 W/QueryController( 5931): Could not detect idle state.
06-17 19:18:35.371 W/QueryController( 5931): Could not detect idle state.
06-17 19:18:35.372 W/QueryController( 5931): Could not detect idle state.
06-17 19:18:35.373 W/QueryController( 5931): Could not detect idle state.
06-17 19:18:35.373 W/QueryController( 5931): Could not detect idle state.
06-17 19:18:35.374 W/QueryController( 5931): Could not detect idle state.
06-17 19:18:35.391 D/UIAutomatorStub( 5931): URI: /jsonrpc/0, Method: POST, params, {NanoHttpd.QUERY_STRING=null}, files: {postData={"jsonrpc": "2.0", "id": 1, "method": "click", "params": [960.0, 613.0]}}
06-17 19:18:35.414 V/DisplayPowerController[0]( 1936): Brightness [0.39763778] reason changing to: 'manual', previous reason: 'manual [ dim ]'.
06-17 19:18:35.428 E/DisplayDeviceConfig( 1936): requesting nits when no mapping exists.
06-17 19:18:35.430 E/DisplayDeviceConfig( 1936): requesting nits when no mapping exists.
06-17 19:18:35.432 E/LightsService( 1936): Light requested not available on this device. 0
06-17 19:18:35.433 I/DropBoxManagerService( 1936): add tag=system_server_wtf isTagEnabled=true flags=0x2
06-17 19:18:35.438 I/DropBoxManagerService( 1936): add tag=system_server_wtf isTagEnabled=true flags=0x2
06-17 19:18:35.443 E/DisplayDeviceConfig( 1936): requesting nits when no mapping exists.
06-17 19:18:35.444 E/DisplayDeviceConfig( 1936): requesting nits when no mapping exists.
06-17 19:18:35.446 E/LightsService( 1936): Light requested not available on this device. 0
06-17 19:18:35.447 I/DropBoxManagerService( 1936): add tag=system_server_wtf isTagEnabled=true flags=0x2
06-17 19:18:35.450 I/DropBoxManagerService( 1936): add tag=system_server_wtf isTagEnabled=true flags=0x2
06-17 19:18:35.459 E/DisplayDeviceConfig( 1936): requesting nits when no mapping exists.
06-17 19:18:35.459 E/DisplayDeviceConfig( 1936): requesting nits when no mapping exists.
06-17 19:18:35.460 E/LightsService( 1936): Light requested not available on this device. 0
06-17 19:18:35.461 I/DropBoxManagerService( 1936): add tag=system_server_wtf isTagEnabled=true flags=0x2
06-17 19:18:35.476 E/DisplayDeviceConfig( 1936): requesting nits when no mapping exists.
06-17 19:18:35.477 E/DisplayDeviceConfig( 1936): requesting nits when no mapping exists.
06-17 19:18:35.480 E/LightsService( 1936): Light requested not available on this device. 0
06-17 19:18:35.493 E/DisplayDeviceConfig( 1936): requesting nits when no mapping exists.
06-17 19:18:35.494 E/DisplayDeviceConfig( 1936): requesting nits when no mapping exists.
06-17 19:18:35.496 E/LightsService( 1936): Light requested not available on this device. 0
06-17 19:18:35.508 E/DisplayDeviceConfig( 1936): requesting nits when no mapping exists.
06-17 19:18:35.509 E/DisplayDeviceConfig( 1936): requesting nits when no mapping exists.
06-17 19:18:35.510 E/LightsService( 1936): Light requested not available on this device. 0
06-17 19:18:35.528 E/DisplayDeviceConfig( 1936): requesting nits when no mapping exists.
06-17 19:18:35.529 E/DisplayDeviceConfig( 1936): requesting nits when no mapping exists.
06-17 19:18:35.534 E/LightsService( 1936): Light requested not available on this device. 0
06-17 19:18:35.543 E/DisplayDeviceConfig( 1936): requesting nits when no mapping exists.
06-17 19:18:35.544 E/DisplayDeviceConfig( 1936): requesting nits when no mapping exists.
06-17 19:18:35.546 E/LightsService( 1936): Light requested not available on this device. 0
06-17 19:18:35.558 E/DisplayDeviceConfig( 1936): requesting nits when no mapping exists.
06-17 19:18:35.559 E/DisplayDeviceConfig( 1936): requesting nits when no mapping exists.
06-17 19:18:35.562 E/LightsService( 1936): Light requested not available on this device. 0
06-17 19:18:35.575 E/DisplayDeviceConfig( 1936): requesting nits when no mapping exists.
06-17 19:18:35.579 E/DisplayDeviceConfig( 1936): requesting nits when no mapping exists.
06-17 19:18:35.580 E/LightsService( 1936): Light requested not available on this device. 0
06-17 19:18:35.593 E/DisplayDeviceConfig( 1936): requesting nits when no mapping exists.
06-17 19:18:35.593 E/DisplayDeviceConfig( 1936): requesting nits when no mapping exists.
06-17 19:18:35.594 E/LightsService( 1936): Light requested not available on this device. 0
06-17 19:18:35.609 E/DisplayDeviceConfig( 1936): requesting nits when no mapping exists.
06-17 19:18:35.611 E/DisplayDeviceConfig( 1936): requesting nits when no mapping exists.
06-17 19:18:35.614 E/LightsService( 1936): Light requested not available on this device. 0
06-17 19:18:35.629 E/DisplayDeviceConfig( 1936): requesting nits when no mapping exists.
06-17 19:18:35.629 E/DisplayDeviceConfig( 1936): requesting nits when no mapping exists.
06-17 19:18:35.630 E/LightsService( 1936): Light requested not available on this device. 0
06-17 19:18:35.635 V/GrantPermissionsViewModel( 4417): Logged buttons presented and clicked permissionGroupName=android.permission-group.STORAGE uid=10058 selectedLocations=0 package=tech.gtt.frontapp.stb.demo presentedButtons=9 clickedButton=1 sessionId=113654662466200067 targetSdk=35
06-17 19:18:35.641 I/MediaProvider( 2560): Invalidating LocalCallingIdentity cache for package tech.gtt.frontapp.stb.demo. Reason: op android:read_external_storage
06-17 19:18:35.641 V/GrantPermissionsViewModel( 4417): Permission grant result requestId=113654662466200067 callingUid=10058 callingPackage=tech.gtt.frontapp.stb.demo permission=android.permission.READ_EXTERNAL_STORAGE isImplicit=false result=4
06-17 19:18:35.644 E/DisplayDeviceConfig( 1936): requesting nits when no mapping exists.
06-17 19:18:35.644 E/DisplayDeviceConfig( 1936): requesting nits when no mapping exists.
06-17 19:18:35.647 D/gralloc_nox( 1767): gralloc_alloc: Creating ashmem region of size 8298496
06-17 19:18:35.648 E/LightsService( 1936): Light requested not available on this device. 0
06-17 19:18:35.661 E/DisplayDeviceConfig( 1936): requesting nits when no mapping exists.
06-17 19:18:35.662 E/DisplayDeviceConfig( 1936): requesting nits when no mapping exists.
06-17 19:18:35.666 E/LightsService( 1936): Light requested not available on this device. 0
06-17 19:18:35.676 E/DisplayDeviceConfig( 1936): requesting nits when no mapping exists.
06-17 19:18:35.676 E/DisplayDeviceConfig( 1936): requesting nits when no mapping exists.
06-17 19:18:35.680 E/LightsService( 1936): Light requested not available on this device. 0
06-17 19:18:35.683 E/android.hardware.audio.service( 1759): pcm_open called create stream faild
06-17 19:18:35.749 W/System  ( 2106): A resource failed to call release. 
06-17 19:18:35.749 W/System  ( 2106): A resource failed to call close. 
06-17 19:18:35.749 W/System  ( 2106): A resource failed to call close. 
06-17 19:18:35.749 W/System  ( 2106): A resource failed to call release. 
06-17 19:18:35.886 D/CompatibilityChangeReporter( 5985): Compat change id reported: 78294732; UID 10058; state: ENABLED
06-17 19:18:35.887 I/b       ( 5985): freeSpace : 116666MB
06-17 19:18:35.978 D/ProcessState( 6045): Binder ioctl to enable oneway spam detection failed: Invalid argument
06-17 19:18:36.064 D/ConnectivityService( 1936): NetReassign [no changes]
06-17 19:18:36.068 W/ConnectivityManager.CallbackHandler( 5985): callback not found for CALLBACK_AVAILABLE message
06-17 19:18:36.072 V/GSK     ( 5985): StorageServiceImpl initialization() executed in 0 ms.
06-17 19:18:36.073 V/GSK     ( 5985): SecurityServiceImpl initialization() executed in 1 ms.
06-17 19:18:36.157 W/System.err( 5985): SLF4J(W): No SLF4J providers were found.
06-17 19:18:36.157 W/System.err( 5985): SLF4J(W): Defaulting to no-operation (NOP) logger implementation
06-17 19:18:36.157 W/System.err( 5985): SLF4J(W): See https://www.slf4j.org/codes.html#noProviders for further details.
06-17 19:18:36.181 W/InputManager-JNI( 1936): Input channel object 'e4c88c0 com.android.permissioncontroller/com.android.permissioncontroller.permission.ui.GrantPermissionsActivity (client)' was disposed without first being removed with the input manager!
06-17 19:18:36.191 W/SurfaceFlinger( 1779): couldn't log to binary event log: overflow.
06-17 19:18:36.205 W/System.err( 5985): kotlinx.serialization.json.internal.JsonDecodingException: Expected start of the object '{', but had 'EOF' instead at path: $
06-17 19:18:36.205 W/System.err( 5985): JSON input: 
06-17 19:18:36.205 W/System.err( 5985): 	at kotlinx.serialization.json.internal.JsonExceptionsKt.JsonDecodingException(SourceFile:1)
06-17 19:18:36.205 W/System.err( 5985): 	at kotlinx.serialization.json.internal.JsonExceptionsKt.JsonDecodingException(SourceFile:2)
06-17 19:18:36.205 W/System.err( 5985): 	at kotlinx.serialization.json.internal.AbstractJsonLexer.fail(SourceFile:52)
06-17 19:18:36.205 W/System.err( 5985): 	at kotlinx.serialization.json.internal.AbstractJsonLexer.fail$default(SourceFile:15)
06-17 19:18:36.205 W/System.err( 5985): 	at kotlinx.serialization.json.internal.AbstractJsonLexer.unexpectedToken(SourceFile:103)
06-17 19:18:36.205 W/System.err( 5985): 	at kotlinx.serialization.json.internal.StringJsonLexer.consumeNextToken(SourceFile:16)
06-17 19:18:36.205 W/System.err( 5985): 	at kotlinx.serialization.json.internal.StreamingJsonDecoder.beginStructure(SourceFile:23)
06-17 19:18:36.205 W/System.err( 5985): 	at tech.gtt.frontapp.servicesdk.common.service.utility.apis.e2ee.E2eeConfigResponse$$serializer.deserialize(SourceFile:2)
06-17 19:18:36.205 W/System.err( 5985): 	at tech.gtt.frontapp.servicesdk.common.service.utility.apis.e2ee.E2eeConfigResponse$$serializer.deserialize(SourceFile:1)
06-17 19:18:36.205 W/System.err( 5985): 	at kotlinx.serialization.json.internal.StreamingJsonDecoder.decodeSerializableValue(SourceFile:320)
06-17 19:18:36.205 W/System.err( 5985): 	at kotlinx.serialization.json.Json.decodeFromString(SourceFile:3)
06-17 19:18:36.205 W/System.err( 5985): 	at tech.gtt.frontapp.servicesdk.common.service.utility.apis.e2ee.E2eeManager.syncE2eeConfig(SourceFile:74)
06-17 19:18:36.205 W/System.err( 5985): 	at tech.gtt.frontapp.servicesdk.common.service.utility.apis.ApiUtilServiceImpl.onServiceInit(SourceFile:228)
06-17 19:18:36.205 W/System.err( 5985): 	at tech.gtt.frontapp.servicesdk.common.core.ServiceSDKImpl.executeServiceInitialize(SourceFile:372)
06-17 19:18:36.205 W/System.err( 5985): 	at tech.gtt.frontapp.servicesdk.common.core.ServiceSDKImpl.access$executeServiceInitialize(SourceFile:1)
06-17 19:18:36.205 W/System.err( 5985): 	at tech.gtt.frontapp.servicesdk.common.core.ServiceSDKImpl$init$1.invokeSuspend(SourceFile:178)
06-17 19:18:36.205 W/System.err( 5985): 	at tech.gtt.frontapp.servicesdk.common.core.ServiceSDKImpl$init$1.invoke(SourceFile:2)
06-17 19:18:36.205 W/System.err( 5985): 	at tech.gtt.frontapp.servicesdk.common.core.ServiceSDKImpl$init$1.invoke(SourceFile:1)
06-17 19:18:36.205 W/System.err( 5985): 	at kotlinx.coroutines.flow.SafeFlow.collectSafely(SourceFile:3)
06-17 19:18:36.205 W/System.err( 5985): 	at kotlinx.coroutines.flow.AbstractFlow.collect(SourceFile:70)
06-17 19:18:36.205 W/System.err( 5985): 	at tech.gtt.frontapp.servicesdk.common.core.SDKSetup$build$1.invokeSuspend(SourceFile:42)
06-17 19:18:36.205 W/System.err( 5985): 	at tech.gtt.frontapp.servicesdk.common.core.SDKSetup$build$1.invoke(SourceFile:2)
06-17 19:18:36.205 W/System.err( 5985): 	at tech.gtt.frontapp.servicesdk.common.core.SDKSetup$build$1.invoke(SourceFile:1)
06-17 19:18:36.205 W/System.err( 5985): 	at tech.gtt.frontapp.servicesdk.common.core.Scheduler$scheduleDirect$1.invokeSuspend(SourceFile:61)
06-17 19:18:36.205 W/System.err( 5985): 	at lh.a.resumeWith(SourceFile:14)
06-17 19:18:36.205 W/System.err( 5985): 	at kotlinx.coroutines.DispatchedTask.run(SourceFile:123)
06-17 19:18:36.205 W/System.err( 5985): 	at kotlinx.coroutines.internal.LimitedDispatcher$Worker.run(SourceFile:4)
06-17 19:18:36.205 W/System.err( 5985): 	at kotlinx.coroutines.scheduling.TaskImpl.run(SourceFile:3)
06-17 19:18:36.205 W/System.err( 5985): 	at kotlinx.coroutines.scheduling.CoroutineScheduler.runSafely(SourceFile:1)
06-17 19:18:36.205 W/System.err( 5985): 	at kotlinx.coroutines.scheduling.CoroutineScheduler$Worker.executeTask(SourceFile:34)
06-17 19:18:36.205 W/System.err( 5985): 	at kotlinx.coroutines.scheduling.CoroutineScheduler$Worker.runWorker(SourceFile:29)
06-17 19:18:36.205 W/System.err( 5985): 	at kotlinx.coroutines.scheduling.CoroutineScheduler$Worker.run(SourceFile:1)
06-17 19:18:36.217 W/System.err( 5985): java.io.FileNotFoundException: sys/class/sunxi_info/sys_info: open failed: ENOENT (No such file or directory)
06-17 19:18:36.217 W/System.err( 5985): 	at libcore.io.IoBridge.open(IoBridge.java:575)
06-17 19:18:36.217 W/System.err( 5985): 	at java.io.FileInputStream.<init>(FileInputStream.java:160)
06-17 19:18:36.217 W/System.err( 5985): 	at java.io.FileInputStream.<init>(FileInputStream.java:115)
06-17 19:18:36.217 W/System.err( 5985): 	at ip.b.b(SourceFile:5)
06-17 19:18:36.217 W/System.err( 5985): 	at ip.b.a(SourceFile:155)
06-17 19:18:36.217 W/System.err( 5985): 	at ip.a.invoke(SourceFile:589)
06-17 19:18:36.217 W/System.err( 5985): 	at dh.v.getValue(SourceFile:21)
06-17 19:18:36.217 W/System.err( 5985): 	at tech.gtt.frontapp.servicesdk.common.network.interceptor.params.ApiDeviceParams.handleFixedParams(SourceFile:52)
06-17 19:18:36.217 W/System.err( 5985): 	at tech.gtt.frontapp.servicesdk.common.service.utility.apis.IParamsGetter.toMaps(SourceFile:87)
06-17 19:18:36.217 W/System.err( 5985): 	at tech.gtt.frontapp.servicesdk.common.network.interceptor.DefaultParamsInterceptor.onRequest(SourceFile:127)
06-17 19:18:36.217 W/System.err( 5985): 	at tech.gtt.frontapp.servicesdk.common.network.interceptor.SDKInterceptorsPluginKt$setupRequestInterception$1.invokeSuspend(SourceFile:103)
06-17 19:18:36.217 W/System.err( 5985): 	at tech.gtt.frontapp.servicesdk.common.network.interceptor.SDKInterceptorsPluginKt$setupRequestInterception$1.invoke(SourceFile:1)
06-17 19:18:36.217 W/System.err( 5985): 	at tech.gtt.frontapp.servicesdk.common.network.interceptor.SDKInterceptorsPluginKt$setupRequestInterception$1.invoke(SourceFile:2)
06-17 19:18:36.217 W/System.err( 5985): 	at io.ktor.util.pipeline.DebugPipelineContext.proceedLoop(SourceFile:86)
06-17 19:18:36.217 W/System.err( 5985): 	at io.ktor.util.pipeline.DebugPipelineContext.proceed(SourceFile:26)
06-17 19:18:36.217 W/System.err( 5985): 	at io.ktor.client.plugins.RequestError$install$1.invokeSuspend(SourceFile:47)
06-17 19:18:36.217 W/System.err( 5985): 	at io.ktor.client.plugins.RequestError$install$1.invoke(SourceFile:1)
06-17 19:18:36.217 W/System.err( 5985): 	at io.ktor.client.plugins.RequestError$install$1.invoke(SourceFile:2)
06-17 19:18:36.217 W/System.err( 5985): 	at io.ktor.util.pipeline.DebugPipelineContext.proceedLoop(SourceFile:86)
06-17 19:18:36.217 W/System.err( 5985): 	at io.ktor.util.pipeline.DebugPipelineContext.proceed(SourceFile:26)
06-17 19:18:36.217 W/System.err( 5985): 	at io.ktor.client.plugins.SetupRequestContext$install$1.invokeSuspend$proceed(SourceFile:1)
06-17 19:18:36.217 W/System.err( 5985): 	at io.ktor.client.plugins.SetupRequestContext$install$1.access$invokeSuspend$proceed(SourceFile:1)
06-17 19:18:36.218 W/System.err( 5985): 	at io.ktor.client.plugins.SetupRequestContext$install$1$1.invoke(SourceFile:2)
06-17 19:18:36.218 W/System.err( 5985): 	at io.ktor.client.plugins.SetupRequestContext$install$1$1.invoke(SourceFile:1)
06-17 19:18:36.218 W/System.err( 5985): 	at io.ktor.client.plugins.HttpRequestLifecycleKt$HttpRequestLifecycle$1$1.invokeSuspend(SourceFile:78)
06-17 19:18:36.218 W/System.err( 5985): 	at io.ktor.client.plugins.HttpRequestLifecycleKt$HttpRequestLifecycle$1$1.invoke(SourceFile:1)
06-17 19:18:36.218 W/System.err( 5985): 	at io.ktor.client.plugins.HttpRequestLifecycleKt$HttpRequestLifecycle$1$1.invoke(SourceFile:2)
06-17 19:18:36.218 W/System.err( 5985): 	at io.ktor.client.plugins.SetupRequestContext$install$1.invokeSuspend(SourceFile:42)
06-17 19:18:36.218 W/System.err( 5985): 	at io.ktor.client.plugins.SetupRequestContext$install$1.invoke(SourceFile:1)
06-17 19:18:36.218 W/System.err( 5985): 	at io.ktor.client.plugins.SetupRequestContext$install$1.invoke(SourceFile:2)
06-17 19:18:36.218 W/System.err( 5985): 	at io.ktor.util.pipeline.DebugPipelineContext.proceedLoop(SourceFile:86)
06-17 19:18:36.218 W/System.err( 5985): 	at io.ktor.util.pipeline.DebugPipelineContext.proceed(SourceFile:26)
06-17 19:18:36.218 W/System.err( 5985): 	at io.ktor.util.pipeline.DebugPipelineContext.execute$ktor_utils(SourceFile:7)
06-17 19:18:36.218 W/System.err( 5985): 	at io.ktor.util.pipeline.Pipeline.execute(SourceFile:9)
06-17 19:18:36.218 W/System.err( 5985): 	at io.ktor.client.HttpClient.execute$ktor_client_core(SourceFile:68)
06-17 19:18:36.218 W/System.err( 5985): 	at io.ktor.client.statement.HttpStatement.fetchResponse(SourceFile:90)
06-17 19:18:36.218 W/System.err( 5985): 	at io.ktor.client.statement.HttpStatement.execute(SourceFile:9)
06-17 19:18:36.218 W/System.err( 5985): 	at de.jensklingenberg.ktorfit.internal.KtorfitConverterHelper.suspendRequest(SourceFile:127)
06-17 19:18:36.218 W/System.err( 5985): 	at de.jensklingenberg.ktorfit.internal.KtorfitConverterHelper$request$1$1.invokeSuspend(SourceFile:58)
06-17 19:18:36.218 W/System.err( 5985): 	at de.jensklingenberg.ktorfit.internal.KtorfitConverterHelper$request$1$1.invoke(SourceFile:2)
06-17 19:18:36.218 W/System.err( 5985): 	at de.jensklingenberg.ktorfit.internal.KtorfitConverterHelper$request$1$1.invoke(SourceFile:1)
06-17 19:18:36.218 W/System.err( 5985): 	at de.jensklingenberg.ktorfit.converter.FlowConverterFactory$responseConverter$1$convert$1.invokeSuspend(SourceFile:84)
06-17 19:18:36.218 W/System.err( 5985): 	at de.jensklingenberg.ktorfit.converter.FlowConverterFactory$responseConverter$1$convert$1.invoke(SourceFile:2)
06-17 19:18:36.218 W/System.err( 5985): 	at de.jensklingenberg.ktorfit.converter.FlowConverterFactory$responseConverter$1$convert$1.invoke(SourceFile:1)
06-17 19:18:36.218 W/System.err( 5985): 	at kotlinx.coroutines.flow.SafeFlow.collectSafely(SourceFile:3)
06-17 19:18:36.218 W/System.err( 5985): 	at kotlinx.coroutines.flow.AbstractFlow.collect(SourceFile:70)
06-17 19:18:36.218 W/System.err( 5985): 	at kotlinx.coroutines.flow.FlowKt__MergeKt$flatMapConcat$$inlined$map$1.collect(SourceFile:10)
06-17 19:18:36.218 W/System.err( 5985): 	at kotlinx.coroutines.flow.FlowKt__MergeKt$flattenConcat$$inlined$unsafeFlow$1.collect(SourceFile:8)
06-17 19:18:36.218 W/System.err( 5985): 	at kotlinx.coroutines.flow.FlowKt__CollectKt.collect(SourceFile:1)
06-17 19:18:36.218 W/System.err( 5985): 	at kotlinx.coroutines.flow.FlowKt.collect(SourceFile:1)
06-17 19:18:36.218 W/System.err( 5985): 	at tech.gtt.frontapp.servicesdk.common.service.utility.apis.ApiUtilServiceImpl.onServiceInit(SourceFile:240)
06-17 19:18:36.218 W/System.err( 5985): 	at tech.gtt.frontapp.servicesdk.common.core.ServiceSDKImpl.executeServiceInitialize(SourceFile:372)
06-17 19:18:36.218 W/System.err( 5985): 	at tech.gtt.frontapp.servicesdk.common.core.ServiceSDKImpl.access$executeServiceInitialize(SourceFile:1)
06-17 19:18:36.218 W/System.err( 5985): 	at tech.gtt.frontapp.servicesdk.common.core.ServiceSDKImpl$init$1.invokeSuspend(SourceFile:178)
06-17 19:18:36.218 W/System.err( 5985): 	at tech.gtt.frontapp.servicesdk.common.core.ServiceSDKImpl$init$1.invoke(SourceFile:2)
06-17 19:18:36.218 W/System.err( 5985): 	at tech.gtt.frontapp.servicesdk.common.core.ServiceSDKImpl$init$1.invoke(SourceFile:1)
06-17 19:18:36.218 W/System.err( 5985): 	at kotlinx.coroutines.flow.SafeFlow.collectSafely(SourceFile:3)
06-17 19:18:36.218 W/System.err( 5985): 	at kotlinx.coroutines.flow.AbstractFlow.collect(SourceFile:70)
06-17 19:18:36.218 W/System.err( 5985): 	at tech.gtt.frontapp.servicesdk.common.core.SDKSetup$build$1.invokeSuspend(SourceFile:42)
06-17 19:18:36.218 W/System.err( 5985): 	at tech.gtt.frontapp.servicesdk.common.core.SDKSetup$build$1.invoke(SourceFile:2)
06-17 19:18:36.218 W/System.err( 5985): 	at tech.gtt.frontapp.servicesdk.common.core.SDKSetup$build$1.invoke(SourceFile:1)
06-17 19:18:36.218 W/System.err( 5985): 	at tech.gtt.frontapp.servicesdk.common.core.Scheduler$scheduleDirect$1.invokeSuspend(SourceFile:61)
06-17 19:18:36.218 W/System.err( 5985): 	at lh.a.resumeWith(SourceFile:14)
06-17 19:18:36.218 W/System.err( 5985): 	at kotlinx.coroutines.DispatchedTask.run(SourceFile:123)
06-17 19:18:36.218 W/System.err( 5985): 	at kotlinx.coroutines.internal.LimitedDispatcher$Worker.run(SourceFile:4)
06-17 19:18:36.218 W/System.err( 5985): 	at kotlinx.coroutines.scheduling.TaskImpl.run(SourceFile:3)
06-17 19:18:36.218 W/System.err( 5985): 	at kotlinx.coroutines.scheduling.CoroutineScheduler.runSafely(SourceFile:1)
06-17 19:18:36.218 W/System.err( 5985): 	at kotlinx.coroutines.scheduling.CoroutineScheduler$Worker.executeTask(SourceFile:34)
06-17 19:18:36.218 W/System.err( 5985): 	at kotlinx.coroutines.scheduling.CoroutineScheduler$Worker.runWorker(SourceFile:29)
06-17 19:18:36.218 W/System.err( 5985): 	at kotlinx.coroutines.scheduling.CoroutineScheduler$Worker.run(SourceFile:1)
06-17 19:18:36.218 W/System.err( 5985): Caused by: android.system.ErrnoException: open failed: ENOENT (No such file or directory)
06-17 19:18:36.218 W/System.err( 5985): 	at libcore.io.Linux.open(Native Method)
06-17 19:18:36.218 W/System.err( 5985): 	at libcore.io.ForwardingOs.open(ForwardingOs.java:567)
06-17 19:18:36.218 W/System.err( 5985): 	at libcore.io.BlockGuardOs.open(BlockGuardOs.java:273)
06-17 19:18:36.218 W/System.err( 5985): 	at libcore.io.ForwardingOs.open(ForwardingOs.java:567)
06-17 19:18:36.218 W/System.err( 5985): 	at android.app.ActivityThread$AndroidOs.open(ActivityThread.java:7761)
06-17 19:18:36.218 W/System.err( 5985): 	at libcore.io.IoBridge.open(IoBridge.java:561)
06-17 19:18:36.218 W/System.err( 5985): 	... 69 more
06-17 19:18:36.219 W/System.err( 5985): java.io.FileNotFoundException: sys/class/sunxi_info/sys_info: open failed: ENOENT (No such file or directory)
06-17 19:18:36.219 W/System.err( 5985): 	at libcore.io.IoBridge.open(IoBridge.java:575)
06-17 19:18:36.219 W/System.err( 5985): 	at java.io.FileInputStream.<init>(FileInputStream.java:160)
06-17 19:18:36.219 W/System.err( 5985): 	at java.io.FileInputStream.<init>(FileInputStream.java:115)
06-17 19:18:36.219 W/System.err( 5985): 	at ip.b.b(SourceFile:5)
06-17 19:18:36.219 W/System.err( 5985): 	at ip.b.a(SourceFile:155)
06-17 19:18:36.219 W/System.err( 5985): 	at ip.a.invoke(SourceFile:127)
06-17 19:18:36.219 W/System.err( 5985): 	at dh.v.getValue(SourceFile:21)
06-17 19:18:36.219 W/System.err( 5985): 	at tech.gtt.frontapp.servicesdk.common.network.interceptor.params.ApiDeviceParams.handleFixedParams(SourceFile:65)
06-17 19:18:36.219 W/System.err( 5985): 	at tech.gtt.frontapp.servicesdk.common.service.utility.apis.IParamsGetter.toMaps(SourceFile:87)
06-17 19:18:36.219 W/System.err( 5985): 	at tech.gtt.frontapp.servicesdk.common.network.interceptor.DefaultParamsInterceptor.onRequest(SourceFile:127)
06-17 19:18:36.219 W/System.err( 5985): 	at tech.gtt.frontapp.servicesdk.common.network.interceptor.SDKInterceptorsPluginKt$setupRequestInterception$1.invokeSuspend(SourceFile:103)
06-17 19:18:36.219 W/System.err( 5985): 	at tech.gtt.frontapp.servicesdk.common.network.interceptor.SDKInterceptorsPluginKt$setupRequestInterception$1.invoke(SourceFile:1)
06-17 19:18:36.219 W/System.err( 5985): 	at tech.gtt.frontapp.servicesdk.common.network.interceptor.SDKInterceptorsPluginKt$setupRequestInterception$1.invoke(SourceFile:2)
06-17 19:18:36.219 W/System.err( 5985): 	at io.ktor.util.pipeline.DebugPipelineContext.proceedLoop(SourceFile:86)
06-17 19:18:36.219 W/System.err( 5985): 	at io.ktor.util.pipeline.DebugPipelineContext.proceed(SourceFile:26)
06-17 19:18:36.219 W/System.err( 5985): 	at io.ktor.client.plugins.RequestError$install$1.invokeSuspend(SourceFile:47)
06-17 19:18:36.219 W/System.err( 5985): 	at io.ktor.client.plugins.RequestError$install$1.invoke(SourceFile:1)
06-17 19:18:36.219 W/System.err( 5985): 	at io.ktor.client.plugins.RequestError$install$1.invoke(SourceFile:2)
06-17 19:18:36.219 W/System.err( 5985): 	at io.ktor.util.pipeline.DebugPipelineContext.proceedLoop(SourceFile:86)
06-17 19:18:36.219 W/System.err( 5985): 	at io.ktor.util.pipeline.DebugPipelineContext.proceed(SourceFile:26)
06-17 19:18:36.219 W/System.err( 5985): 	at io.ktor.client.plugins.SetupRequestContext$install$1.invokeSuspend$proceed(SourceFile:1)
06-17 19:18:36.219 W/System.err( 5985): 	at io.ktor.client.plugins.SetupRequestContext$install$1.access$invokeSuspend$proceed(SourceFile:1)
06-17 19:18:36.219 W/System.err( 5985): 	at io.ktor.client.plugins.SetupRequestContext$install$1$1.invoke(SourceFile:2)
06-17 19:18:36.219 W/System.err( 5985): 	at io.ktor.client.plugins.SetupRequestContext$install$1$1.invoke(SourceFile:1)
06-17 19:18:36.219 W/System.err( 5985): 	at io.ktor.client.plugins.HttpRequestLifecycleKt$HttpRequestLifecycle$1$1.invokeSuspend(SourceFile:78)
06-17 19:18:36.219 W/System.err( 5985): 	at io.ktor.client.plugins.HttpRequestLifecycleKt$HttpRequestLifecycle$1$1.invoke(SourceFile:1)
06-17 19:18:36.219 W/System.err( 5985): 	at io.ktor.client.plugins.HttpRequestLifecycleKt$HttpRequestLifecycle$1$1.invoke(SourceFile:2)
06-17 19:18:36.219 W/System.err( 5985): 	at io.ktor.client.plugins.SetupRequestContext$install$1.invokeSuspend(SourceFile:42)
06-17 19:18:36.219 W/System.err( 5985): 	at io.ktor.client.plugins.SetupRequestContext$install$1.invoke(SourceFile:1)
06-17 19:18:36.219 W/System.err( 5985): 	at io.ktor.client.plugins.SetupRequestContext$install$1.invoke(SourceFile:2)
06-17 19:18:36.219 W/System.err( 5985): 	at io.ktor.util.pipeline.DebugPipelineContext.proceedLoop(SourceFile:86)
06-17 19:18:36.219 W/System.err( 5985): 	at io.ktor.util.pipeline.DebugPipelineContext.proceed(SourceFile:26)
06-17 19:18:36.219 W/System.err( 5985): 	at io.ktor.util.pipeline.DebugPipelineContext.execute$ktor_utils(SourceFile:7)
06-17 19:18:36.219 W/System.err( 5985): 	at io.ktor.util.pipeline.Pipeline.execute(SourceFile:9)
06-17 19:18:36.219 W/System.err( 5985): 	at io.ktor.client.HttpClient.execute$ktor_client_core(SourceFile:68)
06-17 19:18:36.219 W/System.err( 5985): 	at io.ktor.client.statement.HttpStatement.fetchResponse(SourceFile:90)
06-17 19:18:36.219 W/System.err( 5985): 	at io.ktor.client.statement.HttpStatement.execute(SourceFile:9)
06-17 19:18:36.219 W/System.err( 5985): 	at de.jensklingenberg.ktorfit.internal.KtorfitConverterHelper.suspendRequest(SourceFile:127)
06-17 19:18:36.219 W/System.err( 5985): 	at de.jensklingenberg.ktorfit.internal.KtorfitConverterHelper$request$1$1.invokeSuspend(SourceFile:58)
06-17 19:18:36.219 W/System.err( 5985): 	at de.jensklingenberg.ktorfit.internal.KtorfitConverterHelper$request$1$1.invoke(SourceFile:2)
06-17 19:18:36.219 W/System.err( 5985): 	at de.jensklingenberg.ktorfit.internal.KtorfitConverterHelper$request$1$1.invoke(SourceFile:1)
06-17 19:18:36.219 W/System.err( 5985): 	at de.jensklingenberg.ktorfit.converter.FlowConverterFactory$responseConverter$1$convert$1.invokeSuspend(SourceFile:84)
06-17 19:18:36.219 W/System.err( 5985): 	at de.jensklingenberg.ktorfit.converter.FlowConverterFactory$responseConverter$1$convert$1.invoke(SourceFile:2)
06-17 19:18:36.219 W/System.err( 5985): 	at de.jensklingenberg.ktorfit.converter.FlowConverterFactory$responseConverter$1$convert$1.invoke(SourceFile:1)
06-17 19:18:36.219 W/System.err( 5985): 	at kotlinx.coroutines.flow.SafeFlow.collectSafely(SourceFile:3)
06-17 19:18:36.219 W/System.err( 5985): 	at kotlinx.coroutines.flow.AbstractFlow.collect(SourceFile:70)
06-17 19:18:36.219 W/System.err( 5985): 	at kotlinx.coroutines.flow.FlowKt__MergeKt$flatMapConcat$$inlined$map$1.collect(SourceFile:10)
06-17 19:18:36.219 W/System.err( 5985): 	at kotlinx.coroutines.flow.FlowKt__MergeKt$flattenConcat$$inlined$unsafeFlow$1.collect(SourceFile:8)
06-17 19:18:36.219 W/System.err( 5985): 	at kotlinx.coroutines.flow.FlowKt__CollectKt.collect(SourceFile:1)
06-17 19:18:36.219 W/System.err( 5985): 	at kotlinx.coroutines.flow.FlowKt.collect(SourceFile:1)
06-17 19:18:36.219 W/System.err( 5985): 	at tech.gtt.frontapp.servicesdk.common.service.utility.apis.ApiUtilServiceImpl.onServiceInit(SourceFile:240)
06-17 19:18:36.219 W/System.err( 5985): 	at tech.gtt.frontapp.servicesdk.common.core.ServiceSDKImpl.executeServiceInitialize(SourceFile:372)
06-17 19:18:36.219 W/System.err( 5985): 	at tech.gtt.frontapp.servicesdk.common.core.ServiceSDKImpl.access$executeServiceInitialize(SourceFile:1)
06-17 19:18:36.220 W/System.err( 5985): 	at tech.gtt.frontapp.servicesdk.common.core.ServiceSDKImpl$init$1.invokeSuspend(SourceFile:178)
06-17 19:18:36.220 W/System.err( 5985): 	at tech.gtt.frontapp.servicesdk.common.core.ServiceSDKImpl$init$1.invoke(SourceFile:2)
06-17 19:18:36.220 W/System.err( 5985): 	at tech.gtt.frontapp.servicesdk.common.core.ServiceSDKImpl$init$1.invoke(SourceFile:1)
06-17 19:18:36.220 W/System.err( 5985): 	at kotlinx.coroutines.flow.SafeFlow.collectSafely(SourceFile:3)
06-17 19:18:36.220 W/System.err( 5985): 	at kotlinx.coroutines.flow.AbstractFlow.collect(SourceFile:70)
06-17 19:18:36.220 W/System.err( 5985): 	at tech.gtt.frontapp.servicesdk.common.core.SDKSetup$build$1.invokeSuspend(SourceFile:42)
06-17 19:18:36.220 W/System.err( 5985): 	at tech.gtt.frontapp.servicesdk.common.core.SDKSetup$build$1.invoke(SourceFile:2)
06-17 19:18:36.220 W/System.err( 5985): 	at tech.gtt.frontapp.servicesdk.common.core.SDKSetup$build$1.invoke(SourceFile:1)
06-17 19:18:36.220 W/System.err( 5985): 	at tech.gtt.frontapp.servicesdk.common.core.Scheduler$scheduleDirect$1.invokeSuspend(SourceFile:61)
06-17 19:18:36.220 W/System.err( 5985): 	at lh.a.resumeWith(SourceFile:14)
06-17 19:18:36.220 W/System.err( 5985): 	at kotlinx.coroutines.DispatchedTask.run(SourceFile:123)
06-17 19:18:36.220 W/System.err( 5985): 	at kotlinx.coroutines.internal.LimitedDispatcher$Worker.run(SourceFile:4)
06-17 19:18:36.220 W/System.err( 5985): 	at kotlinx.coroutines.scheduling.TaskImpl.run(SourceFile:3)
06-17 19:18:36.220 W/System.err( 5985): 	at kotlinx.coroutines.scheduling.CoroutineScheduler.runSafely(SourceFile:1)
