06-18 13:50:19.026 V/GSK-Upgrade:ComponentUpdater(20145): get soVersions = 
06-18 13:50:19.026 V/GSK-Upgrade:ComponentUpdater(20145): initConfig
06-18 13:50:19.030 W/ontapp.stb.dem(20145): ClassLoaderContext parent mismatch.  (PCL[] | PCL[];PCL[/data/app/~~-tMPAvyTMYMhU6nbl0NqBw==/tech.gtt.frontapp.stb.demo-qA9iw4qsktyjEZ3tBIQvtg==/base.apk*930720720:/data/app/~~-tMPAvyTMYMhU6nbl0NqBw==/tech.gtt.frontapp.stb.demo-qA9iw4qsktyjEZ3tBIQvtg==/base.apk!classes2.dex*2103280642:/data/app/~~-tMPAvyTMYMhU6nbl0NqBw==/tech.gtt.frontapp.stb.demo-qA9iw4qsktyjEZ3tBIQvtg==/base.apk!classes3.dex*2004927299])
06-18 13:50:19.033 V/GSK-Upgrade:UpgradeManager(20145): startLoopUpdateApp
06-18 13:50:19.034 V/GSK     (20145): UpgradeServiceImp unnecessary initialization() executed in 47 ms.
06-18 13:50:19.037 D/AndroidAutoSize(20145): tech.gtt.frontapp.stb.m.home.activity.LoadingActivity used the global configuration.
06-18 13:50:19.038 D/AndroidAutoSize(20145): The tech.gtt.frontapp.stb.m.home.activity.LoadingActivity has been adapted! 
06-18 13:50:19.038 D/AndroidAutoSize(20145): LoadingActivity Info: isBaseOnWidth = true, designWidthInDp = 1920.000000, designWidthInSubunits = 1920.000000, targetDensity = 1.000000, targetScaledDensity = 1.000000, targetDensityDpi = 160, targetXdpi = 1.000000, targetScreenWidthDp = 1920, targetScreenHeightDp = 1032
06-18 13:50:19.081 V/GSK-Account:AccountManager(20145): isLoggedIn=false
06-18 13:50:19.082 D/AndroidAutoSize(20145): tech.gtt.frontapp.stb.m.home.activity.LoadingActivity used the global configuration.
06-18 13:50:19.082 D/AndroidAutoSize(20145): The tech.gtt.frontapp.stb.m.home.activity.LoadingActivity has been adapted! 
06-18 13:50:19.082 D/AndroidAutoSize(20145): LoadingActivity Info: isBaseOnWidth = true, designWidthInDp = 1920.000000, designWidthInSubunits = 1920.000000, targetDensity = 1.000000, targetScaledDensity = 1.000000, targetDensityDpi = 160, targetXdpi = 1.000000, targetScreenWidthDp = 1920, targetScreenHeightDp = 1032
06-18 13:50:19.086 W/WindowManager( 1936): Failed looking up window session=Session{b411cdb 20145:u0a10058} callers=com.android.server.wm.WindowManagerService.windowForClientLocked:5850 com.android.server.wm.Session.updateRequestedVisibilities:640 android.view.IWindowSession$Stub.onTransact:1175 
06-18 13:50:19.088 V/GSK-Upgrade:ComponentUpdater(20145): init
06-18 13:50:19.088 V/GSK-Upgrade:ComponentUpdater(20145): loadLocalDex
06-18 13:50:19.089 V/GSK-Upgrade:ComponentUpdater(20145): local dex is empty
06-18 13:50:19.089 V/GSK-Upgrade:ComponentUpdater(20145): local dex is empty
06-18 13:50:19.089 V/GSK-Upgrade:ComponentUpdater(20145): local dex is empty
06-18 13:50:19.089 V/GSK-Upgrade:ComponentUpdater(20145): local dex is empty
06-18 13:50:19.089 V/GSK-Upgrade:ComponentUpdater(20145): local dex is empty
06-18 13:50:19.089 V/GSK-Upgrade:ComponentUpdater(20145): local dex is empty
06-18 13:50:19.104 D/gralloc_nox( 1767): gralloc_alloc: Creating ashmem region of size 8298496
06-18 13:50:19.136 D/gralloc_nox( 1767): gralloc_alloc: Creating ashmem region of size 8298496
06-18 13:50:19.150 D/ProcessState(20246): Binder ioctl to enable oneway spam detection failed: Invalid argument
06-18 13:50:19.169 D/gralloc_nox( 1767): gralloc_alloc: Creating ashmem region of size 8298496
06-18 13:50:19.250 I/ActivityTaskManager( 1936): Displayed tech.gtt.frontapp.stb.demo/tech.gtt.frontapp.stb.m.home.activity.LoadingActivity: +246ms
06-18 13:50:19.259 D/CompatibilityChangeReporter(20145): Compat change id reported: 171228096; UID 10058; state: ENABLED
06-18 13:50:19.283 W/DataBinding(20145): Setting the fragment as the LifecycleOwner might cause memory leaks because views lives shorter than the Fragment. Consider using Fragment's view lifecycle
06-18 13:50:19.306 I/MediaFocusControl( 1936): requestAudioFocus() from uid/pid 10058/20145 AA=USAGE_MEDIA/CONTENT_TYPE_MOVIE clientId=android.media.AudioManager@945bd64 callingPack=tech.gtt.frontapp.stb.demo req=1 flags=0x0 sdk=35
06-18 13:50:19.308 I/AudioService.FadeOutManager( 1936): unfadeOutUid() uid:10058
06-18 13:50:19.326 W/MediaProvider( 2560): Failed to fetch original file descriptor
06-18 13:50:19.326 W/MediaProvider( 2560): java.io.IOException: stat failed: ENOENT (No such file or directory)
06-18 13:50:19.326 W/MediaProvider( 2560): 	at com.android.providers.media.MediaProvider.getFileFromFileDescriptor(MediaProvider.java:5822)
06-18 13:50:19.326 W/MediaProvider( 2560): 	at com.android.providers.media.MediaProvider.getOriginalMediaFormatFileDescriptor(MediaProvider.java:5739)
06-18 13:50:19.326 W/MediaProvider( 2560): 	at com.android.providers.media.MediaProvider.openTypedAssetFileCommon(MediaProvider.java:7162)
06-18 13:50:19.326 W/MediaProvider( 2560): 	at com.android.providers.media.MediaProvider.openTypedAssetFile(MediaProvider.java:7143)
06-18 13:50:19.326 W/MediaProvider( 2560): 	at android.content.ContentProvider$Transport.openTypedAssetFile(ContentProvider.java:548)
06-18 13:50:19.326 W/MediaProvider( 2560): 	at android.content.ContentProviderNative.onTransact(ContentProviderNative.java:327)
06-18 13:50:19.326 W/MediaProvider( 2560): 	at android.os.Binder.execTransactInternal(Binder.java:1179)
06-18 13:50:19.326 W/MediaProvider( 2560): 	at android.os.Binder.execTransact(Binder.java:1143)
06-18 13:50:19.326 W/MediaProvider( 2560): Caused by: android.system.ErrnoException: stat failed: ENOENT (No such file or directory)
06-18 13:50:19.326 W/MediaProvider( 2560): 	at libcore.io.Linux.stat(Native Method)
06-18 13:50:19.326 W/MediaProvider( 2560): 	at libcore.io.ForwardingOs.stat(ForwardingOs.java:853)
06-18 13:50:19.326 W/MediaProvider( 2560): 	at libcore.io.BlockGuardOs.stat(BlockGuardOs.java:420)
06-18 13:50:19.326 W/MediaProvider( 2560): 	at libcore.io.ForwardingOs.stat(ForwardingOs.java:853)
06-18 13:50:19.326 W/MediaProvider( 2560): 	at android.app.ActivityThread$AndroidOs.stat(ActivityThread.java:7775)
06-18 13:50:19.326 W/MediaProvider( 2560): 	at android.system.Os.stat(Os.java:919)
06-18 13:50:19.326 W/MediaProvider( 2560): 	at com.android.providers.media.MediaProvider.getFileFromFileDescriptor(MediaProvider.java:5816)
06-18 13:50:19.326 W/MediaProvider( 2560): 	... 7 more
06-18 13:50:19.327 D/NuPlayerDriver( 1809): NuPlayerDriver(0xf5c02920) created, clientPid(20145)
06-18 13:50:19.330 D/SurfaceUtils( 1809): connecting to surface 0xf0804ba8, reason setVideoSurfaceTexture
06-18 13:50:19.332 D/NuPlayer( 1809): onSetVideoSurface(0xf0800010, no video decoder)
06-18 13:50:19.342 D/GenericSource( 1809): FileSource remote
06-18 13:50:19.345 I/SampleTable( 1807): There are reordered frames present.
06-18 13:50:19.350 D/MediaBufferGroup( 1807): creating MemoryDealer
06-18 13:50:19.360 D/UIAutomatorStub(20088): URI: /jsonrpc/0, Method: POST, params, {NanoHttpd.QUERY_STRING=null}, files: {postData={"jsonrpc": "2.0", "id": 1, "method": "waitForExists", "params": [{"mask": 2097152, "childOrSibling": [], "childOrSiblingSelector": [], "resourceId": "tech.gtt.frontapp.stb.demo:id/account_login_tv2"}, 20000]}}
06-18 13:50:19.364 D/UiDevice(20088): Waiting 20000ms for SearchCondition[hasObject=BySelector [RES='\Qtech.gtt.frontapp.stb.demo:id/account_login_tv2\E']].
06-18 13:50:19.366 D/UiDevice(20088): Searching for node with selector: BySelector [RES='\Qtech.gtt.frontapp.stb.demo:id/account_login_tv2\E'].
06-18 13:50:19.368 W/QueryController(20088): Could not detect idle state.
06-18 13:50:19.394 D/MediaPlayerNative(20145): getMetadata
06-18 13:50:19.415 I/GenericSource( 1809): start
06-18 13:50:19.429 I/OMXClient( 1809): IOmx service obtained
06-18 13:50:19.431 I/OMXStore( 1812): makeComponentInstance(OMX.google.aac.decoder) in android.hardwar process
06-18 13:50:19.439 I/OMXClient( 1809): IOmx service obtained
06-18 13:50:19.439 I/OMXStore( 1812): makeComponentInstance(OMX.google.h264.decoder) in android.hardwar process
06-18 13:50:19.445 D/SurfaceUtils( 1809): disconnecting from surface 0xf0800018, reason onConfigure
06-18 13:50:19.446 D/SurfaceUtils( 1809): connecting to surface 0xf0800018, reason connectToSurface
06-18 13:50:19.447 E/OMXNodeInstance( 1812): setConfig(0xe6d400f0:google.aac.decoder, ConfigPriority(0x6f800002)) ERROR: Undefined(0x80001001)
06-18 13:50:19.447 I/ACodec  ( 1809): codec does not support config priority (err -2147483648)
06-18 13:50:19.448 I/MediaCodec( 1809): [OMX.google.h264.decoder] setting surface generation to 1852434
06-18 13:50:19.448 D/SurfaceUtils( 1809): disconnecting from surface 0xf0800018, reason connectToSurface(reconnect)
06-18 13:50:19.449 D/SurfaceUtils( 1809): connecting to surface 0xf0800018, reason connectToSurface(reconnect)
06-18 13:50:19.449 E/OMXNodeInstance( 1812): getConfig(0xe6d400f0:google.aac.decoder, ConfigAndroidVendorExtension(0x6f100004)) ERROR: Undefined(0x80001001)
06-18 13:50:19.450 D/SoftAAC2( 1812): get OMX_IndexParamAudioAndroidAacDrcPresentation
06-18 13:50:19.452 I/MediaCodec( 1809): MediaCodec will operate in async mode
06-18 13:50:19.453 D/MediaCodec( 1809): keep callback message for reclaim
06-18 13:50:19.455 E/OMXNodeInstance( 1812): getExtensionIndex(0xe6d402b0:google.h264.decoder, OMX.google.android.index.enableAndroidNativeBuffers) ERROR: UnsupportedIndex(0x8000101a)
06-18 13:50:19.455 E/ACodec  ( 1809): [OMX.google.h264.decoder] setPortMode on output to DynamicANWBuffer failed w/ err -1010
06-18 13:50:19.455 E/OMXNodeInstance( 1812): getParameter(0xe6d402b0:google.h264.decoder, ??(0x6f600011)) ERROR: UnsupportedIndex(0x8000101a)
06-18 13:50:19.456 W/OMXNodeInstance( 1812): [0xe6d402b0:google.h264.decoder] component does not support metadata mode; using fallback
06-18 13:50:19.456 D/SoftVideoDecoderOMXComponent( 1812): Color Aspects preference: 1 
06-18 13:50:19.456 E/OMXNodeInstance( 1812): setConfig(0xe6d402b0:google.h264.decoder, ConfigPriority(0x6f800002)) ERROR: UnsupportedIndex(0x8000101a)
06-18 13:50:19.456 I/ACodec  ( 1809): codec does not support config priority (err -1010)
06-18 13:50:19.456 E/OMXNodeInstance( 1812): setConfig(0xe6d402b0:google.h264.decoder, ConfigOperatingRate(0x6f800003)) ERROR: UnsupportedIndex(0x8000101a)
06-18 13:50:19.456 I/ACodec  ( 1809): codec does not support config operating rate (err -1010)
06-18 13:50:19.456 E/OMXNodeInstance( 1812): getConfig(0xe6d402b0:google.h264.decoder, ConfigAndroidVendorExtension(0x6f100004)) ERROR: UnsupportedIndex(0x8000101a)
06-18 13:50:19.457 E/OMXNodeInstance( 1812): getConfig(0xe6d402b0:google.h264.decoder, ??(0x7f000003)) ERROR: UnsupportedSetting(0x80001019)
06-18 13:50:19.457 I/MediaCodec( 1809): MediaCodec will operate in async mode
06-18 13:50:19.457 D/MediaCodec( 1809): keep callback message for reclaim
06-18 13:50:19.475 W/ResourceManagerService( 1809): Ignoring request to add new resource entry with value <= 0
06-18 13:50:19.476 I/SoftAAC2( 1812): Reconfiguring decoder: 0->44100 Hz, 0->1 channels
06-18 13:50:19.480 D/SoftAAC2( 1812): get OMX_IndexParamAudioAndroidAacDrcPresentation
06-18 13:50:19.482 D/SoftVideoDecoderOMXComponent( 1812): Color Aspects preference: 1 
06-18 13:50:19.511 D/AudioFlinger( 1776): Client defaulted notificationFrames to 11286 for frameCount 22572
06-18 13:50:19.512 D/AF::TrackHandle( 1776): OpPlayAudio: track:74 usage:1 not muted
06-18 13:50:19.525 E/OMXNodeInstance( 1812): getConfig(0xe6d402b0:google.h264.decoder, ??(0x7f000003)) ERROR: UnsupportedSetting(0x80001019)
06-18 13:50:19.530 D/MediaCodec( 1809): [OMX.google.h264.decoder] setting dataspace on output surface to #102
06-18 13:50:19.541 W/InputManager-JNI( 1936): Input channel object '42d62b6 tech.gtt.frontapp.stb.demo/tech.gtt.frontapp.stb.m.home.activity.SplashActivity (client)' was disposed without first being removed with the input manager!
06-18 13:50:19.558 D/UiDevice(20088): Searching for node with selector: BySelector [RES='\Qtech.gtt.frontapp.stb.demo:id/account_login_tv2\E'].
06-18 13:50:19.560 W/QueryController(20088): Could not detect idle state.
06-18 13:50:19.561 E/android.hardware.audio.service( 1759): pcm_open called create stream faild
06-18 13:50:19.562 W/MediaPlayerNative(20145): info/warning (3, 0)
06-18 13:50:19.562 D/gralloc_nox( 1767): gralloc_alloc: Creating ashmem region of size 589824
06-18 13:50:19.566 D/SoftwareRenderer( 1809): setting dataspace on output surface to #8000102
06-18 13:50:19.570 D/gralloc_nox( 1767): gralloc_alloc: Creating ashmem region of size 589824
06-18 13:50:19.607 D/AudioFlinger( 1776): mixer(0x7e14b2cf8a60) throttle end: throttle time(40)
06-18 13:50:19.623 V/GSK-APIS(20145): received response >>> id: ec1a543d url: https://gtt-app-apigateway-lion.vdemosit.com/api/enduser/messagecenter/message/query/v1 statusCode: 400, exception: null
06-18 13:50:19.623 I/System.out(20145): [SDKInterceptorPlugin] Unhandled exception in request processing: Something went wrong while connecting to the server, statusCode: 400
06-18 13:50:19.687 D/UiDevice(20088): Searching for node with selector: BySelector [RES='\Qtech.gtt.frontapp.stb.demo:id/account_login_tv2\E'].
06-18 13:50:19.688 W/QueryController(20088): Could not detect idle state.
06-18 13:50:19.792 D/UiDevice(20088): Searching for node with selector: BySelector [RES='\Qtech.gtt.frontapp.stb.demo:id/account_login_tv2\E'].
06-18 13:50:19.792 W/QueryController(20088): Could not detect idle state.
06-18 13:50:19.834 D/gralloc_nox( 1767): gralloc_alloc: Creating ashmem region of size 589824
06-18 13:50:19.841 D/gralloc_nox( 1767): gralloc_alloc: Creating ashmem region of size 589824
06-18 13:50:19.896 D/UiDevice(20088): Searching for node with selector: BySelector [RES='\Qtech.gtt.frontapp.stb.demo:id/account_login_tv2\E'].
06-18 13:50:19.897 W/QueryController(20088): Could not detect idle state.
06-18 13:50:19.906 D/AudioFlinger( 1776): mixer(0x7e14b2cf8a60) throttle end: throttle time(218)
06-18 13:50:20.003 D/UiDevice(20088): Searching for node with selector: BySelector [RES='\Qtech.gtt.frontapp.stb.demo:id/account_login_tv2\E'].
06-18 13:50:20.004 W/QueryController(20088): Could not detect idle state.
06-18 13:50:20.108 D/UiDevice(20088): Searching for node with selector: BySelector [RES='\Qtech.gtt.frontapp.stb.demo:id/account_login_tv2\E'].
06-18 13:50:20.109 W/QueryController(20088): Could not detect idle state.
06-18 13:50:20.219 D/UiDevice(20088): Searching for node with selector: BySelector [RES='\Qtech.gtt.frontapp.stb.demo:id/account_login_tv2\E'].
06-18 13:50:20.220 W/QueryController(20088): Could not detect idle state.
06-18 13:50:20.324 D/UiDevice(20088): Searching for node with selector: BySelector [RES='\Qtech.gtt.frontapp.stb.demo:id/account_login_tv2\E'].
06-18 13:50:20.325 W/QueryController(20088): Could not detect idle state.
06-18 13:50:20.428 D/UiDevice(20088): Searching for node with selector: BySelector [RES='\Qtech.gtt.frontapp.stb.demo:id/account_login_tv2\E'].
06-18 13:50:20.429 W/QueryController(20088): Could not detect idle state.
06-18 13:50:20.532 D/UiDevice(20088): Searching for node with selector: BySelector [RES='\Qtech.gtt.frontapp.stb.demo:id/account_login_tv2\E'].
06-18 13:50:20.533 W/QueryController(20088): Could not detect idle state.
06-18 13:50:20.637 D/UiDevice(20088): Searching for node with selector: BySelector [RES='\Qtech.gtt.frontapp.stb.demo:id/account_login_tv2\E'].
06-18 13:50:20.637 W/QueryController(20088): Could not detect idle state.
06-18 13:50:20.741 D/UiDevice(20088): Searching for node with selector: BySelector [RES='\Qtech.gtt.frontapp.stb.demo:id/account_login_tv2\E'].
06-18 13:50:20.742 W/QueryController(20088): Could not detect idle state.
06-18 13:50:20.847 D/UiDevice(20088): Searching for node with selector: BySelector [RES='\Qtech.gtt.frontapp.stb.demo:id/account_login_tv2\E'].
06-18 13:50:20.847 W/QueryController(20088): Could not detect idle state.
06-18 13:50:20.951 D/UiDevice(20088): Searching for node with selector: BySelector [RES='\Qtech.gtt.frontapp.stb.demo:id/account_login_tv2\E'].
06-18 13:50:20.952 W/QueryController(20088): Could not detect idle state.
06-18 13:50:21.060 D/UiDevice(20088): Searching for node with selector: BySelector [RES='\Qtech.gtt.frontapp.stb.demo:id/account_login_tv2\E'].
06-18 13:50:21.060 W/QueryController(20088): Could not detect idle state.
06-18 13:50:21.165 D/UiDevice(20088): Searching for node with selector: BySelector [RES='\Qtech.gtt.frontapp.stb.demo:id/account_login_tv2\E'].
06-18 13:50:21.166 W/QueryController(20088): Could not detect idle state.
06-18 13:50:21.273 D/UiDevice(20088): Searching for node with selector: BySelector [RES='\Qtech.gtt.frontapp.stb.demo:id/account_login_tv2\E'].
06-18 13:50:21.274 W/QueryController(20088): Could not detect idle state.
06-18 13:50:21.380 D/UiDevice(20088): Searching for node with selector: BySelector [RES='\Qtech.gtt.frontapp.stb.demo:id/account_login_tv2\E'].
06-18 13:50:21.381 W/QueryController(20088): Could not detect idle state.
06-18 13:50:21.490 D/UiDevice(20088): Searching for node with selector: BySelector [RES='\Qtech.gtt.frontapp.stb.demo:id/account_login_tv2\E'].
06-18 13:50:21.491 W/QueryController(20088): Could not detect idle state.
06-18 13:50:21.595 D/UiDevice(20088): Searching for node with selector: BySelector [RES='\Qtech.gtt.frontapp.stb.demo:id/account_login_tv2\E'].
06-18 13:50:21.595 W/QueryController(20088): Could not detect idle state.
06-18 13:50:21.699 D/UiDevice(20088): Searching for node with selector: BySelector [RES='\Qtech.gtt.frontapp.stb.demo:id/account_login_tv2\E'].
06-18 13:50:21.700 W/QueryController(20088): Could not detect idle state.
06-18 13:50:21.805 D/UiDevice(20088): Searching for node with selector: BySelector [RES='\Qtech.gtt.frontapp.stb.demo:id/account_login_tv2\E'].
06-18 13:50:21.805 W/QueryController(20088): Could not detect idle state.
06-18 13:50:21.908 D/UiDevice(20088): Searching for node with selector: BySelector [RES='\Qtech.gtt.frontapp.stb.demo:id/account_login_tv2\E'].
06-18 13:50:21.909 W/QueryController(20088): Could not detect idle state.
06-18 13:50:22.016 D/UiDevice(20088): Searching for node with selector: BySelector [RES='\Qtech.gtt.frontapp.stb.demo:id/account_login_tv2\E'].
06-18 13:50:22.019 W/QueryController(20088): Could not detect idle state.
06-18 13:50:22.123 D/UiDevice(20088): Searching for node with selector: BySelector [RES='\Qtech.gtt.frontapp.stb.demo:id/account_login_tv2\E'].
06-18 13:50:22.124 W/QueryController(20088): Could not detect idle state.
06-18 13:50:22.228 D/UiDevice(20088): Searching for node with selector: BySelector [RES='\Qtech.gtt.frontapp.stb.demo:id/account_login_tv2\E'].
06-18 13:50:22.228 W/QueryController(20088): Could not detect idle state.
06-18 13:50:22.335 D/UiDevice(20088): Searching for node with selector: BySelector [RES='\Qtech.gtt.frontapp.stb.demo:id/account_login_tv2\E'].
06-18 13:50:22.336 W/QueryController(20088): Could not detect idle state.
06-18 13:50:22.439 D/UiDevice(20088): Searching for node with selector: BySelector [RES='\Qtech.gtt.frontapp.stb.demo:id/account_login_tv2\E'].
06-18 13:50:22.440 W/QueryController(20088): Could not detect idle state.
06-18 13:50:22.509 E/TaskPersister( 1936): File error accessing recents directory (directory doesn't exist?).
06-18 13:50:22.545 D/UiDevice(20088): Searching for node with selector: BySelector [RES='\Qtech.gtt.frontapp.stb.demo:id/account_login_tv2\E'].
06-18 13:50:22.547 W/QueryController(20088): Could not detect idle state.
06-18 13:50:22.661 D/UiDevice(20088): Searching for node with selector: BySelector [RES='\Qtech.gtt.frontapp.stb.demo:id/account_login_tv2\E'].
06-18 13:50:22.662 W/QueryController(20088): Could not detect idle state.
06-18 13:50:22.765 D/UiDevice(20088): Searching for node with selector: BySelector [RES='\Qtech.gtt.frontapp.stb.demo:id/account_login_tv2\E'].
06-18 13:50:22.766 W/QueryController(20088): Could not detect idle state.
06-18 13:50:22.873 D/UiDevice(20088): Searching for node with selector: BySelector [RES='\Qtech.gtt.frontapp.stb.demo:id/account_login_tv2\E'].
06-18 13:50:22.874 W/QueryController(20088): Could not detect idle state.
06-18 13:50:22.983 D/UiDevice(20088): Searching for node with selector: BySelector [RES='\Qtech.gtt.frontapp.stb.demo:id/account_login_tv2\E'].
06-18 13:50:22.985 W/QueryController(20088): Could not detect idle state.
06-18 13:50:23.093 D/UiDevice(20088): Searching for node with selector: BySelector [RES='\Qtech.gtt.frontapp.stb.demo:id/account_login_tv2\E'].
06-18 13:50:23.093 W/QueryController(20088): Could not detect idle state.
06-18 13:50:23.200 D/UiDevice(20088): Searching for node with selector: BySelector [RES='\Qtech.gtt.frontapp.stb.demo:id/account_login_tv2\E'].
06-18 13:50:23.200 W/QueryController(20088): Could not detect idle state.
06-18 13:50:23.288 I/keystore2( 1710): keystore2::watchdog: Watchdog thread idle -> terminating. Have a great day.
06-18 13:50:23.304 D/UiDevice(20088): Searching for node with selector: BySelector [RES='\Qtech.gtt.frontapp.stb.demo:id/account_login_tv2\E'].
06-18 13:50:23.304 W/QueryController(20088): Could not detect idle state.
06-18 13:50:23.407 D/UiDevice(20088): Searching for node with selector: BySelector [RES='\Qtech.gtt.frontapp.stb.demo:id/account_login_tv2\E'].
06-18 13:50:23.408 W/QueryController(20088): Could not detect idle state.
06-18 13:50:23.506 D/AudioTrack( 1809): stop(26): called with 200704 frames delivered
06-18 13:50:23.514 D/UiDevice(20088): Searching for node with selector: BySelector [RES='\Qtech.gtt.frontapp.stb.demo:id/account_login_tv2\E'].
06-18 13:50:23.515 W/QueryController(20088): Could not detect idle state.
06-18 13:50:23.623 D/UiDevice(20088): Searching for node with selector: BySelector [RES='\Qtech.gtt.frontapp.stb.demo:id/account_login_tv2\E'].
06-18 13:50:23.623 W/QueryController(20088): Could not detect idle state.
06-18 13:50:23.727 D/UiDevice(20088): Searching for node with selector: BySelector [RES='\Qtech.gtt.frontapp.stb.demo:id/account_login_tv2\E'].
06-18 13:50:23.728 W/QueryController(20088): Could not detect idle state.
06-18 13:50:23.832 D/UiDevice(20088): Searching for node with selector: BySelector [RES='\Qtech.gtt.frontapp.stb.demo:id/account_login_tv2\E'].
06-18 13:50:23.833 W/QueryController(20088): Could not detect idle state.
06-18 13:50:23.908 D/NuPlayerDriver( 1809): stop(0xf5c02920)
06-18 13:50:23.909 V/MediaPlayer(20145): resetDrmState:  mDrmInfo=null mDrmProvisioningThread=null mPrepareDrmInProgress=false mActiveDrmScheme=false
06-18 13:50:23.909 V/MediaPlayer(20145): cleanDrmObj: mDrmObj=null mDrmSessionId=null
06-18 13:50:23.909 D/NuPlayerDriver( 1809): reset(0xf5c02920) at state 8
06-18 13:50:23.912 D/SurfaceUtils( 1809): disconnecting from surface 0xf0800018, reason disconnectFromSurface
06-18 13:50:23.914 D/SurfaceUtils( 1809): connecting to surface 0xf0800018, reason onShutdown
06-18 13:50:23.915 D/NuPlayerDriver( 1809): notifyResetComplete(0xf5c02920)
06-18 13:50:23.915 D/SurfaceUtils( 1809): disconnecting from surface 0xf0804ba8, reason disconnectNativeWindow
06-18 13:50:23.916 W/AMessage( 1809): failed to post message as target looper for handler 0 is gone.
06-18 13:50:23.917 I/MediaFocusControl( 1936): abandonAudioFocus() from uid/pid 10058/20145 clientId=android.media.AudioManager@945bd64
06-18 13:50:23.919 I/ActivityTaskManager( 1936): START u0 {cmp=tech.gtt.frontapp.stb.demo/tech.gtt.frontapp.stb.m.account.activity.LoginMethodSwitchActivity (has extras)} from uid 10058
06-18 13:50:23.922 D/CompatibilityChangeReporter( 1936): Compat change id reported: 174042980; UID 10058; state: DISABLED
06-18 13:50:23.923 D/CompatibilityChangeReporter( 1936): Compat change id reported: 184838306; UID 10058; state: DISABLED
06-18 13:50:23.923 D/CompatibilityChangeReporter( 1936): Compat change id reported: 185004937; UID 10058; state: DISABLED
06-18 13:50:23.923 D/CompatibilityChangeReporter( 1936): Compat change id reported: 181136395; UID 10058; state: DISABLED
06-18 13:50:23.923 D/CompatibilityChangeReporter( 1936): Compat change id reported: 174042936; UID 10058; state: DISABLED
06-18 13:50:23.924 D/CompatibilityChangeReporter( 1936): Compat change id reported: 197654537; UID 10058; state: ENABLED
06-18 13:50:23.925 D/CompatibilityChangeReporter( 1936): Compat change id reported: 168419799; UID 10058; state: DISABLED
06-18 13:50:23.928 I/MediaFocusControl( 1936): abandonAudioFocus() from uid/pid 10058/20145 clientId=android.media.AudioManager@945bd64
06-18 13:50:23.928 W/MediaPlayer(20145): mediaplayer went away with unhandled events
06-18 13:50:23.931 W/MediaPlayer(20145): mediaplayer went away with unhandled events
06-18 13:50:23.938 W/ActivityTaskManager( 1936): Tried to set launchTime (0) < mLastActivityLaunchTime (68715696)
06-18 13:50:23.938 D/UiDevice(20088): Searching for node with selector: BySelector [RES='\Qtech.gtt.frontapp.stb.demo:id/account_login_tv2\E'].
06-18 13:50:23.938 W/QueryController(20088): Could not detect idle state.
06-18 13:50:23.948 D/AndroidAutoSize(20145): tech.gtt.frontapp.stb.m.account.activity.LoginMethodSwitchActivity used the global configuration.
06-18 13:50:23.948 D/AndroidAutoSize(20145): The tech.gtt.frontapp.stb.m.account.activity.LoginMethodSwitchActivity has been adapted! 
06-18 13:50:23.948 D/AndroidAutoSize(20145): LoginMethodSwitchActivity Info: isBaseOnWidth = true, designWidthInDp = 1920.000000, designWidthInSubunits = 1920.000000, targetDensity = 1.000000, targetScaledDensity = 1.000000, targetDensityDpi = 160, targetXdpi = 1.000000, targetScreenWidthDp = 1920, targetScreenHeightDp = 1032
06-18 13:50:23.980 D/AndroidAutoSize(20145): tech.gtt.frontapp.stb.m.account.activity.LoginMethodSwitchActivity used the global configuration.
06-18 13:50:23.980 D/AndroidAutoSize(20145): The tech.gtt.frontapp.stb.m.account.activity.LoginMethodSwitchActivity has been adapted! 
06-18 13:50:23.980 D/AndroidAutoSize(20145): LoginMethodSwitchActivity Info: isBaseOnWidth = true, designWidthInDp = 1920.000000, designWidthInSubunits = 1920.000000, targetDensity = 1.000000, targetScaledDensity = 1.000000, targetDensityDpi = 160, targetXdpi = 1.000000, targetScreenWidthDp = 1920, targetScreenHeightDp = 1032
06-18 13:50:23.987 W/WindowManager( 1936): Failed looking up window session=Session{b411cdb 20145:u0a10058} callers=com.android.server.wm.WindowManagerService.windowForClientLocked:5850 com.android.server.wm.Session.updateRequestedVisibilities:640 android.view.IWindowSession$Stub.onTransact:1175 
06-18 13:50:23.998 D/gralloc_nox( 1767): gralloc_alloc: Creating ashmem region of size 8298496
06-18 13:50:24.033 D/gralloc_nox( 1767): gralloc_alloc: Creating ashmem region of size 8298496
06-18 13:50:24.036 D/ProcessState(20540): Binder ioctl to enable oneway spam detection failed: Invalid argument
06-18 13:50:24.093 D/gralloc_nox( 1767): gralloc_alloc: Creating ashmem region of size 8298496
06-18 13:50:24.138 E/libEGL  (20145): called unimplemented OpenGL ES API
06-18 13:50:24.153 W/ByMatcher(20088): Node returned null child: android.view.accessibility.AccessibilityNodeInfo@b0ba; boundsInParent: Rect(0, 0 - 231, 392); boundsInScreen: Rect(844, 270 - 1075, 662); packageName: tech.gtt.frontapp.stb.demo; className: android.widget.LinearLayout; text: null; error: null; maxTextLength: -1; stateDescription: null; contentDescription: null; tooltipText: null; viewIdResName: null; checkable: false; checked: false; focusable: false; focused: false; selected: false; clickable: false; longClickable: false; contextClickable: false; enabled: true; password: false; scrollable: false; importantForAccessibility: false; visible: true; actions: [AccessibilityAction: ACTION_SELECT - null, AccessibilityAction: ACTION_CLEAR_SELECTION - null, AccessibilityAction: ACTION_ACCESSIBILITY_FOCUS - null, AccessibilityAction: ACTION_SHOW_ON_SCREEN - null]
06-18 13:50:24.154 W/ByMatcher(20088): Skipping null child (1 of 2)
06-18 13:50:24.156 W/ByMatcher(20088): Node returned null child: android.view.accessibility.AccessibilityNodeInfo@acf9; boundsInParent: Rect(0, 0 - 231, 539); boundsInScreen: Rect(844, 270 - 1075, 809); packageName: tech.gtt.frontapp.stb.demo; className: android.widget.LinearLayout; text: null; error: null; maxTextLength: -1; stateDescription: null; contentDescription: null; tooltipText: null; viewIdResName: null; checkable: false; checked: false; focusable: false; focused: false; selected: false; clickable: false; longClickable: false; contextClickable: false; enabled: true; password: false; scrollable: false; importantForAccessibility: false; visible: true; actions: [AccessibilityAction: ACTION_SELECT - null, AccessibilityAction: ACTION_CLEAR_SELECTION - null, AccessibilityAction: ACTION_ACCESSIBILITY_FOCUS - null, AccessibilityAction: ACTION_SHOW_ON_SCREEN - null]
06-18 13:50:24.158 W/ByMatcher(20088): Skipping null child (1 of 3)
06-18 13:50:24.160 W/ByMatcher(20088): Skipping null child (2 of 3)
06-18 13:50:24.161 I/ActivityTaskManager( 1936): Displayed tech.gtt.frontapp.stb.demo/tech.gtt.frontapp.stb.m.account.activity.LoginMethodSwitchActivity: +240ms
06-18 13:50:24.164 W/ByMatcher(20088): Node returned null child: android.view.accessibility.AccessibilityNodeInfo@800070e9; boundsInParent: Rect(0, 0 - 1920, 1080); boundsInScreen: Rect(0, 0 - 1920, 1080); packageName: tech.gtt.frontapp.stb.demo; className: android.widget.FrameLayout; text: null; error: null; maxTextLength: -1; stateDescription: null; contentDescription: null; tooltipText: null; viewIdResName: null; checkable: false; checked: false; focusable: false; focused: false; selected: false; clickable: false; longClickable: false; contextClickable: false; enabled: true; password: false; scrollable: false; importantForAccessibility: true; visible: true; actions: [AccessibilityAction: ACTION_SELECT - null, AccessibilityAction: ACTION_CLEAR_SELECTION - null, AccessibilityAction: ACTION_ACCESSIBILITY_FOCUS - null, AccessibilityAction: ACTION_SHOW_ON_SCREEN - null]
06-18 13:50:24.164 W/ByMatcher(20088): Skipping null child (0 of 1)
06-18 13:50:24.267 D/UiDevice(20088): Searching for node with selector: BySelector [RES='\Qtech.gtt.frontapp.stb.demo:id/account_login_tv2\E'].
06-18 13:50:24.269 W/QueryController(20088): Could not detect idle state.
06-18 13:50:24.306 D/UIAutomatorStub(20088): URI: /jsonrpc/0, Method: POST, params, {NanoHttpd.QUERY_STRING=null}, files: {postData={"jsonrpc": "2.0", "id": 1, "method": "objInfo", "params": [{"mask": 2097152, "childOrSibling": [], "childOrSiblingSelector": [], "resourceId": "tech.gtt.frontapp.stb.demo:id/account_login_tv2"}]}}
06-18 13:50:24.307 D/UiDevice(20088): Retrieving node with selector: BySelector [RES='\Qtech.gtt.frontapp.stb.demo:id/account_login_tv2\E'].
06-18 13:50:24.308 W/QueryController(20088): Could not detect idle state.
06-18 13:50:24.313 W/QueryController(20088): Could not detect idle state.
06-18 13:50:24.316 W/QueryController(20088): Could not detect idle state.
06-18 13:50:24.320 W/QueryController(20088): Could not detect idle state.
06-18 13:50:24.322 W/QueryController(20088): Could not detect idle state.
06-18 13:50:24.324 W/QueryController(20088): Could not detect idle state.
06-18 13:50:24.327 W/QueryController(20088): Could not detect idle state.
06-18 13:50:24.330 W/QueryController(20088): Could not detect idle state.
06-18 13:50:24.332 W/QueryController(20088): Could not detect idle state.
06-18 13:50:24.334 W/QueryController(20088): Could not detect idle state.
06-18 13:50:24.337 W/QueryController(20088): Could not detect idle state.
06-18 13:50:24.338 W/QueryController(20088): Could not detect idle state.
06-18 13:50:24.341 W/QueryController(20088): Could not detect idle state.
06-18 13:50:24.344 W/QueryController(20088): Could not detect idle state.
06-18 13:50:24.347 W/QueryController(20088): Could not detect idle state.
06-18 13:50:24.349 W/QueryController(20088): Could not detect idle state.
06-18 13:50:24.354 W/QueryController(20088): Could not detect idle state.
06-18 13:50:24.355 W/QueryController(20088): Could not detect idle state.
06-18 13:50:24.392 D/UIAutomatorStub(20088): URI: /jsonrpc/0, Method: POST, params, {NanoHttpd.QUERY_STRING=null}, files: {postData={"jsonrpc": "2.0", "id": 1, "method": "click", "params": [1390.0, 559.0]}}
06-18 13:50:24.405 W/InputManager-JNI( 1936): Input channel object '8948040 tech.gtt.frontapp.stb.demo/tech.gtt.frontapp.stb.m.home.activity.LoadingActivity (client)' was disposed without first being removed with the input manager!
06-18 13:50:24.548 I/ActivityTaskManager( 1936): START u0 {cmp=tech.gtt.frontapp.stb.demo/tech.gtt.frontapp.stb.m.account.activity.LoginActivity} from uid 10058
06-18 13:50:24.553 W/ActivityTaskManager( 1936): Tried to set launchTime (0) < mLastActivityLaunchTime (68720616)
06-18 13:50:24.565 D/AndroidAutoSize(20145): tech.gtt.frontapp.stb.m.account.activity.LoginActivity used the global configuration.
06-18 13:50:24.566 D/AndroidAutoSize(20145): The tech.gtt.frontapp.stb.m.account.activity.LoginActivity has been adapted! 
06-18 13:50:24.566 D/AndroidAutoSize(20145): LoginActivity Info: isBaseOnWidth = true, designWidthInDp = 1920.000000, designWidthInSubunits = 1920.000000, targetDensity = 1.000000, targetScaledDensity = 1.000000, targetDensityDpi = 160, targetXdpi = 1.000000, targetScreenWidthDp = 1920, targetScreenHeightDp = 1032
06-18 13:50:24.587 D/UIAutomatorStub(20088): URI: /jsonrpc/0, Method: POST, params, {NanoHttpd.QUERY_STRING=null}, files: {postData={"jsonrpc": "2.0", "id": 1, "method": "waitForExists", "params": [{"mask": 2097152, "childOrSibling": [], "childOrSiblingSelector": [], "resourceId": "tech.gtt.frontapp.stb.demo:id/loginf_et_username"}, 20000]}}
06-18 13:50:24.591 D/UiDevice(20088): Waiting 20000ms for SearchCondition[hasObject=BySelector [RES='\Qtech.gtt.frontapp.stb.demo:id/loginf_et_username\E']].
06-18 13:50:24.594 D/UiDevice(20088): Searching for node with selector: BySelector [RES='\Qtech.gtt.frontapp.stb.demo:id/loginf_et_username\E'].
06-18 13:50:24.596 W/QueryController(20088): Could not detect idle state.
06-18 13:50:24.661 D/AndroidAutoSize(20145): tech.gtt.frontapp.stb.m.account.activity.LoginActivity used the global configuration.
06-18 13:50:24.662 D/AndroidAutoSize(20145): The tech.gtt.frontapp.stb.m.account.activity.LoginActivity has been adapted! 
06-18 13:50:24.662 D/AndroidAutoSize(20145): LoginActivity Info: isBaseOnWidth = true, designWidthInDp = 1920.000000, designWidthInSubunits = 1920.000000, targetDensity = 1.000000, targetScaledDensity = 1.000000, targetDensityDpi = 160, targetXdpi = 1.000000, targetScreenWidthDp = 1920, targetScreenHeightDp = 1032
06-18 13:50:24.666 W/WindowManager( 1936): Failed looking up window session=Session{b411cdb 20145:u0a10058} callers=com.android.server.wm.WindowManagerService.windowForClientLocked:5850 com.android.server.wm.Session.updateRequestedVisibilities:640 android.view.IWindowSession$Stub.onTransact:1175 
06-18 13:50:24.691 D/gralloc_nox( 1767): gralloc_alloc: Creating ashmem region of size 8298496
06-18 13:50:24.713 D/gralloc_nox( 1767): gralloc_alloc: Creating ashmem region of size 8298496
06-18 13:50:24.733 D/gralloc_nox( 1767): gralloc_alloc: Creating ashmem region of size 8298496
06-18 13:50:24.736 D/ProcessState(20553): Binder ioctl to enable oneway spam detection failed: Invalid argument
06-18 13:50:24.809 W/ByMatcher(20088): Node returned null child: android.view.accessibility.AccessibilityNodeInfo@11616; boundsInParent: Rect(0, 0 - 1920, 1080); boundsInScreen: Rect(0, 0 - 1920, 1080); packageName: tech.gtt.frontapp.stb.demo; className: android.widget.RelativeLayout; text: null; error: null; maxTextLength: -1; stateDescription: null; contentDescription: null; tooltipText: null; viewIdResName: null; checkable: false; checked: false; focusable: false; focused: false; selected: false; clickable: false; longClickable: false; contextClickable: false; enabled: true; password: false; scrollable: false; importantForAccessibility: false; visible: true; actions: [AccessibilityAction: ACTION_SELECT - null, AccessibilityAction: ACTION_CLEAR_SELECTION - null, AccessibilityAction: ACTION_ACCESSIBILITY_FOCUS - null, AccessibilityAction: ACTION_SHOW_ON_SCREEN - null]
06-18 13:50:24.809 W/ByMatcher(20088): Skipping null child (2 of 3)
06-18 13:50:24.810 W/ByMatcher(20088): Node returned null child: android.view.accessibility.AccessibilityNodeInfo@800070ea; boundsInParent: Rect(0, 0 - 1920, 1080); boundsInScreen: Rect(0, 0 - 1920, 1080); packageName: tech.gtt.frontapp.stb.demo; className: android.widget.FrameLayout; text: null; error: null; maxTextLength: -1; stateDescription: null; contentDescription: null; tooltipText: null; viewIdResName: null; checkable: false; checked: false; focusable: false; focused: false; selected: false; clickable: false; longClickable: false; contextClickable: false; enabled: true; password: false; scrollable: false; importantForAccessibility: true; visible: true; actions: [AccessibilityAction: ACTION_SELECT - null, AccessibilityAction: ACTION_CLEAR_SELECTION - null, AccessibilityAction: ACTION_ACCESSIBILITY_FOCUS - null, AccessibilityAction: ACTION_SHOW_ON_SCREEN - null]
06-18 13:50:24.811 W/ByMatcher(20088): Skipping null child (0 of 1)
06-18 13:50:24.817 I/ActivityTaskManager( 1936): Displayed tech.gtt.frontapp.stb.demo/tech.gtt.frontapp.stb.m.account.activity.LoginActivity: +264ms
06-18 13:50:24.912 D/UiDevice(20088): Searching for node with selector: BySelector [RES='\Qtech.gtt.frontapp.stb.demo:id/loginf_et_username\E'].
06-18 13:50:24.913 W/QueryController(20088): Could not detect idle state.
06-18 13:50:24.955 D/UIAutomatorStub(20088): URI: /jsonrpc/0, Method: POST, params, {NanoHttpd.QUERY_STRING=null}, files: {postData={"jsonrpc": "2.0", "id": 1, "method": "objInfo", "params": [{"mask": 2097152, "childOrSibling": [], "childOrSiblingSelector": [], "resourceId": "tech.gtt.frontapp.stb.demo:id/loginf_et_username"}]}}
06-18 13:50:24.957 D/UiDevice(20088): Retrieving node with selector: BySelector [RES='\Qtech.gtt.frontapp.stb.demo:id/loginf_et_username\E'].
06-18 13:50:24.958 W/QueryController(20088): Could not detect idle state.
06-18 13:50:24.961 W/QueryController(20088): Could not detect idle state.
06-18 13:50:24.963 W/QueryController(20088): Could not detect idle state.
06-18 13:50:24.964 W/QueryController(20088): Could not detect idle state.
06-18 13:50:24.965 W/QueryController(20088): Could not detect idle state.
06-18 13:50:24.965 W/QueryController(20088): Could not detect idle state.
06-18 13:50:24.969 W/QueryController(20088): Could not detect idle state.
06-18 13:50:24.971 W/QueryController(20088): Could not detect idle state.
06-18 13:50:24.973 W/QueryController(20088): Could not detect idle state.
06-18 13:50:24.975 W/QueryController(20088): Could not detect idle state.
06-18 13:50:24.978 W/QueryController(20088): Could not detect idle state.
06-18 13:50:24.980 W/QueryController(20088): Could not detect idle state.
06-18 13:50:24.981 W/QueryController(20088): Could not detect idle state.
06-18 13:50:24.986 W/QueryController(20088): Could not detect idle state.
06-18 13:50:24.988 W/QueryController(20088): Could not detect idle state.
06-18 13:50:24.991 W/QueryController(20088): Could not detect idle state.
06-18 13:50:24.994 W/QueryController(20088): Could not detect idle state.
06-18 13:50:24.996 W/QueryController(20088): Could not detect idle state.
06-18 13:50:25.006 D/UIAutomatorStub(20088): URI: /jsonrpc/0, Method: POST, params, {NanoHttpd.QUERY_STRING=null}, files: {postData={"jsonrpc": "2.0", "id": 1, "method": "click", "params": [1057.0, 437.0]}}
06-18 13:50:25.072 W/SurfaceFlinger( 1779): couldn't log to binary event log: overflow.
06-18 13:50:25.196 D/CompatibilityChangeReporter(20145): Compat change id reported: 163400105; UID 10058; state: ENABLED
06-18 13:50:25.197 D/InputMethodManager(20145): showSoftInput() view=tech.gtt.frontapp.stb.c.ui.edittext.EmailAutoCompleteTextView{74fe035 VFED..CL. .F.P..ID 0,0-700,92 #7f0b02ce app:id/loginf_et_username aid=1073741824} flags=0 reason=SHOW_SOFT_INPUT
06-18 13:50:25.197 V/InputMethodService( 3034): onEvaluateInputViewShown: config.hardKeyboardHidden = 2
06-18 13:50:25.198 V/InputMethodService( 3034): onEvaluateInputViewShown: config.hardKeyboardHidden = 2
06-18 13:50:25.198 I/AdbKeyboard( 3034): imeAction: 5 Next
06-18 13:50:25.210 D/gralloc_nox( 1767): gralloc_alloc: Creating ashmem region of size 647168
06-18 13:50:25.258 D/gralloc_nox( 1767): gralloc_alloc: Creating ashmem region of size 647168
06-18 13:50:25.260 D/gralloc_nox( 1767): gralloc_alloc: Creating ashmem region of size 647168
06-18 13:50:25.270 D/ProcessState(20562): Binder ioctl to enable oneway spam detection failed: Invalid argument
06-18 13:50:25.270 D/InsetsController(20145): show(ime(), fromIme=true)
06-18 13:50:25.272 D/UIAutomatorStub(20088): URI: /jsonrpc/0, Method: POST, params, {NanoHttpd.QUERY_STRING=null}, files: {postData={"jsonrpc": "2.0", "id": 1, "method": "waitForExists", "params": [{"mask": 2097152, "childOrSibling": [], "childOrSiblingSelector": [], "resourceId": "tech.gtt.frontapp.stb.demo:id/loginf_et_username"}, 20000]}}
06-18 13:50:25.273 D/UiDevice(20088): Waiting 20000ms for SearchCondition[hasObject=BySelector [RES='\Qtech.gtt.frontapp.stb.demo:id/loginf_et_username\E']].
06-18 13:50:25.274 D/UiDevice(20088): Searching for node with selector: BySelector [RES='\Qtech.gtt.frontapp.stb.demo:id/loginf_et_username\E'].
06-18 13:50:25.275 W/QueryController(20088): Could not detect idle state.
06-18 13:50:25.320 D/UIAutomatorStub(20088): URI: /jsonrpc/0, Method: POST, params, {NanoHttpd.QUERY_STRING=null}, files: {postData={"jsonrpc": "2.0", "id": 1, "method": "setText", "params": [{"mask": 2097152, "childOrSibling": [], "childOrSiblingSelector": [], "resourceId": "tech.gtt.frontapp.stb.demo:id/loginf_et_username"}, "0609@ipwangxin.cn"]}}
06-18 13:50:25.321 D/UiDevice(20088): Retrieving node with selector: BySelector [RES='\Qtech.gtt.frontapp.stb.demo:id/loginf_et_username\E'].
06-18 13:50:25.322 W/QueryController(20088): Could not detect idle state.
06-18 13:50:25.330 W/QueryController(20088): Could not detect idle state.
06-18 13:50:25.332 D/UiObject2(20088): Clicking on (1057, 437).
06-18 13:50:25.352 D/InputMethodManager(20145): showSoftInput() view=tech.gtt.frontapp.stb.c.ui.edittext.EmailAutoCompleteTextView{74fe035 VFED..CL. .F.P.... 0,0-700,92 #7f0b02ce app:id/loginf_et_username aid=1073741824} flags=0 reason=SHOW_SOFT_INPUT
06-18 13:50:25.353 V/InputMethodService( 3034): onEvaluateInputViewShown: config.hardKeyboardHidden = 2
06-18 13:50:25.353 V/InputMethodService( 3034): onEvaluateInputViewShown: config.hardKeyboardHidden = 2
06-18 13:50:25.355 D/InsetsController(20145): show(ime(), fromIme=true)
06-18 13:50:25.366 W/GestureController(20088): Gestures took longer than expected (32ms >> 16ms), device might be in a busy state.
06-18 13:50:25.370 D/UiDevice(20088): Retrieving node with selector: BySelector [RES='\Qtech.gtt.frontapp.stb.demo:id/loginf_et_username\E'].
06-18 13:50:25.371 W/QueryController(20088): Could not detect idle state.
06-18 13:50:25.374 W/QueryController(20088): Could not detect idle state.
06-18 13:50:25.377 D/UiObject2(20088): Setting text to '0609@ipwangxin.cn'.
06-18 13:50:25.383 I/AdbKeyboard( 3034): imeAction: 5 Next
06-18 13:50:25.383 V/InputMethodService( 3034): onEvaluateInputViewShown: config.hardKeyboardHidden = 2
06-18 13:50:25.384 V/InputMethodService( 3034): onEvaluateInputViewShown: config.hardKeyboardHidden = 2
06-18 13:50:25.421 D/InsetsController(20145): show(ime(), fromIme=true)
06-18 13:50:25.446 D/UIAutomatorStub(20088): URI: /jsonrpc/0, Method: POST, params, {NanoHttpd.QUERY_STRING=null}, files: {postData={"jsonrpc": "2.0", "id": 1, "method": "waitForExists", "params": [{"mask": 2097152, "childOrSibling": [], "childOrSiblingSelector": [], "resourceId": "tech.gtt.frontapp.stb.demo:id/et_pwd"}, 20000]}}
06-18 13:50:25.448 D/UiDevice(20088): Waiting 20000ms for SearchCondition[hasObject=BySelector [RES='\Qtech.gtt.frontapp.stb.demo:id/et_pwd\E']].
06-18 13:50:25.448 D/UiDevice(20088): Searching for node with selector: BySelector [RES='\Qtech.gtt.frontapp.stb.demo:id/et_pwd\E'].
06-18 13:50:25.448 W/QueryController(20088): Could not detect idle state.
06-18 13:50:25.470 D/UIAutomatorStub(20088): URI: /jsonrpc/0, Method: POST, params, {NanoHttpd.QUERY_STRING=null}, files: {postData={"jsonrpc": "2.0", "id": 1, "method": "objInfo", "params": [{"mask": 2097152, "childOrSibling": [], "childOrSiblingSelector": [], "resourceId": "tech.gtt.frontapp.stb.demo:id/et_pwd"}]}}
06-18 13:50:25.470 D/UiDevice(20088): Retrieving node with selector: BySelector [RES='\Qtech.gtt.frontapp.stb.demo:id/et_pwd\E'].
06-18 13:50:25.471 W/QueryController(20088): Could not detect idle state.
06-18 13:50:25.474 W/QueryController(20088): Could not detect idle state.
06-18 13:50:25.474 W/QueryController(20088): Could not detect idle state.
06-18 13:50:25.475 W/QueryController(20088): Could not detect idle state.
06-18 13:50:25.476 W/QueryController(20088): Could not detect idle state.
06-18 13:50:25.476 W/QueryController(20088): Could not detect idle state.
06-18 13:50:25.477 W/QueryController(20088): Could not detect idle state.
06-18 13:50:25.478 W/QueryController(20088): Could not detect idle state.
06-18 13:50:25.478 W/QueryController(20088): Could not detect idle state.
06-18 13:50:25.479 W/QueryController(20088): Could not detect idle state.
06-18 13:50:25.480 W/QueryController(20088): Could not detect idle state.
06-18 13:50:25.480 W/QueryController(20088): Could not detect idle state.
06-18 13:50:25.481 W/QueryController(20088): Could not detect idle state.
06-18 13:50:25.481 W/QueryController(20088): Could not detect idle state.
06-18 13:50:25.482 W/QueryController(20088): Could not detect idle state.
06-18 13:50:25.483 W/QueryController(20088): Could not detect idle state.
06-18 13:50:25.484 W/QueryController(20088): Could not detect idle state.
06-18 13:50:25.485 W/QueryController(20088): Could not detect idle state.
06-18 13:50:25.495 D/UIAutomatorStub(20088): URI: /jsonrpc/0, Method: POST, params, {NanoHttpd.QUERY_STRING=null}, files: {postData={"jsonrpc": "2.0", "id": 1, "method": "click", "params": [1057.0, 559.0]}}
06-18 13:50:25.535 W/NotificationHistory( 1936): Attempted to add notif for locked/gone/disabled user 0
06-18 13:50:25.541 D/InterruptionStateProvider( 2106): No bubble up: not allowed to bubble: -1|android|8|null|1000
06-18 13:50:25.541 D/InterruptionStateProvider( 2106): No heads up: unimportant notification: -1|android|8|null|1000
06-18 13:50:25.541 D/PeopleSpaceWidgetMgr( 2106): Sbn doesn't contain valid PeopleTileKey: null/-1/android
06-18 13:50:25.573 D/InterruptionStateProvider( 2106): No bubble up: not allowed to bubble: -1|android|8|null|1000
06-18 13:50:25.574 D/InterruptionStateProvider( 2106): No heads up: unimportant notification: -1|android|8|null|1000
06-18 13:50:25.580 D/PeopleSpaceWidgetMgr( 2106): Sbn doesn't contain valid PeopleTileKey: null/-1/android
06-18 13:50:25.607 D/InterruptionStateProvider( 2106): No bubble up: not allowed to bubble: -1|android|8|null|1000
06-18 13:50:25.607 D/InterruptionStateProvider( 2106): No heads up: unimportant notification: -1|android|8|null|1000
06-18 13:50:25.609 D/PeopleSpaceWidgetMgr( 2106): Sbn doesn't contain valid PeopleTileKey: null/-1/android
06-18 13:50:25.612 D/InputMethodManager(20145): showSoftInput() view=tech.gtt.frontapp.stb.c.ui.edittext.NormalFocusEditText{8e3317 VFED..CL. .F.P..ID 0,0-700,92 #7f0b0172 app:id/et_pwd aid=1073741826} flags=0 reason=SHOW_SOFT_INPUT
06-18 13:50:25.612 I/AdbKeyboard( 3034): imeAction: 5 Next
06-18 13:50:25.612 V/InputMethodService( 3034): onEvaluateInputViewShown: config.hardKeyboardHidden = 2
06-18 13:50:25.612 V/InputMethodService( 3034): onEvaluateInputViewShown: config.hardKeyboardHidden = 2
06-18 13:50:25.612 V/InputMethodService( 3034): onEvaluateInputViewShown: config.hardKeyboardHidden = 2
06-18 13:50:25.612 V/InputMethodService( 3034): onEvaluateInputViewShown: config.hardKeyboardHidden = 2
06-18 13:50:25.628 D/InsetsController(20145): show(ime(), fromIme=true)
06-18 13:50:25.628 D/InsetsController(20145): show(ime(), fromIme=true)
06-18 13:50:25.653 D/UIAutomatorStub(20088): URI: /jsonrpc/0, Method: POST, params, {NanoHttpd.QUERY_STRING=null}, files: {postData={"jsonrpc": "2.0", "id": 1, "method": "waitForExists", "params": [{"mask": 2097152, "childOrSibling": [], "childOrSiblingSelector": [], "resourceId": "tech.gtt.frontapp.stb.demo:id/et_pwd"}, 20000]}}
06-18 13:50:25.654 D/UiDevice(20088): Waiting 20000ms for SearchCondition[hasObject=BySelector [RES='\Qtech.gtt.frontapp.stb.demo:id/et_pwd\E']].
06-18 13:50:25.655 D/UiDevice(20088): Searching for node with selector: BySelector [RES='\Qtech.gtt.frontapp.stb.demo:id/et_pwd\E'].
06-18 13:50:25.657 W/QueryController(20088): Could not detect idle state.
06-18 13:50:25.678 D/UIAutomatorStub(20088): URI: /jsonrpc/0, Method: POST, params, {NanoHttpd.QUERY_STRING=null}, files: {postData={"jsonrpc": "2.0", "id": 1, "method": "setText", "params": [{"mask": 2097152, "childOrSibling": [], "childOrSiblingSelector": [], "resourceId": "tech.gtt.frontapp.stb.demo:id/et_pwd"}, "123456"]}}
06-18 13:50:25.679 D/UiDevice(20088): Retrieving node with selector: BySelector [RES='\Qtech.gtt.frontapp.stb.demo:id/et_pwd\E'].
06-18 13:50:25.680 W/QueryController(20088): Could not detect idle state.
06-18 13:50:25.683 W/QueryController(20088): Could not detect idle state.
06-18 13:50:25.687 D/UiObject2(20088): Clicking on (1057, 559).
06-18 13:50:25.698 D/InputMethodManager(20145): showSoftInput() view=tech.gtt.frontapp.stb.c.ui.edittext.NormalFocusEditText{8e3317 VFED..CL. .F.P.... 0,0-700,92 #7f0b0172 app:id/et_pwd aid=1073741826} flags=0 reason=SHOW_SOFT_INPUT
06-18 13:50:25.699 V/InputMethodService( 3034): onEvaluateInputViewShown: config.hardKeyboardHidden = 2
06-18 13:50:25.699 V/InputMethodService( 3034): onEvaluateInputViewShown: config.hardKeyboardHidden = 2
06-18 13:50:25.702 D/InsetsController(20145): show(ime(), fromIme=true)
