--------- beginning of main
06-18 13:50:12.781 D/ProcessState(20116): Binder ioctl to enable oneway spam detection failed: Invalid argument
--------- beginning of system
06-18 13:50:12.783 I/ActivityManager( 1936): Force stopping tech.gtt.frontapp.stb.demo appid=10058 user=0: clear data
06-18 13:50:12.785 I/ActivityManager( 1936): Force stopping tech.gtt.frontapp.stb.demo appid=10058 user=-1: clearApplicationUserData
06-18 13:50:12.803 I/MediaProvider( 2560): Begin Intent { act=android.intent.action.PACKAGE_DATA_CLEARED dat=package:tech.gtt.frontapp.stb.demo flg=0x1000010 cmp=com.android.providers.media.module/com.android.providers.media.MediaService (has extras) }
06-18 13:50:12.803 D/MediaProvider( 2560): Deleted 0 Android/media items belonging to tech.gtt.frontapp.stb.demo on /data/user/0/com.android.providers.media.module/databases/external.db
06-18 13:50:12.803 I/MediaProvider( 2560): End Intent { act=android.intent.action.PACKAGE_DATA_CLEARED dat=package:tech.gtt.frontapp.stb.demo flg=0x1000010 cmp=com.android.providers.media.module/com.android.providers.media.MediaService (has extras) }
06-18 13:50:12.839 D/AndroidRuntime(20130): >>>>>> START com.android.internal.os.RuntimeInit uid 0 <<<<<<
06-18 13:50:12.841 I/AndroidRuntime(20130): Using default boot image
06-18 13:50:12.841 I/AndroidRuntime(20130): Leaving lock profiling enabled
06-18 13:50:12.843 W/app_process(20130): ART APEX data files are untrusted.
06-18 13:50:12.843 I/app_process(20130): Core platform API reporting enabled, enforcing=false
06-18 13:50:12.873 D/app_process(20130): Time zone APEX ICU file found: /apex/com.android.tzdata/etc/icu/icu_tzdata.dat
06-18 13:50:12.873 D/app_process(20130): I18n APEX ICU file found: /apex/com.android.i18n/etc/icu/icudt68l.dat
06-18 13:50:12.876 W/app_process(20130): Unexpected CPU variant for X86 using defaults: x86_64
06-18 13:50:12.888 D/ProcessState(20130): Binder ioctl to enable oneway spam detection failed: Invalid argument
06-18 13:50:12.888 D/AndroidRuntime(20130): Calling main entry com.android.commands.monkey.Monkey
06-18 13:50:12.888 W/Monkey  (20130): args: [-p, tech.gtt.frontapp.stb.demo, -c, android.intent.category.LAUNCHER, 1]
06-18 13:50:12.889 W/Monkey  (20130):  arg: "-p"
06-18 13:50:12.889 W/Monkey  (20130):  arg: "tech.gtt.frontapp.stb.demo"
06-18 13:50:12.889 W/Monkey  (20130):  arg: "-c"
06-18 13:50:12.889 W/Monkey  (20130):  arg: "android.intent.category.LAUNCHER"
06-18 13:50:12.889 W/Monkey  (20130):  arg: "1"
06-18 13:50:12.889 W/Monkey  (20130): data="tech.gtt.frontapp.stb.demo"
06-18 13:50:12.889 W/Monkey  (20130): data="android.intent.category.LAUNCHER"
06-18 13:50:12.917 W/BroadcastQueue( 1936): Skipping deliver [background] BroadcastRecord{c7968f5 u-1 android.net.conn.CONNECTIVITY_CHANGE} to ReceiverList{2a868a 20130 (unknown name)/0/u-1 remote:c8e29df}: process gone or crashing
06-18 13:50:12.921 I/ActivityTaskManager( 1936): START u0 {act=android.intent.action.MAIN cat=[android.intent.category.LAUNCHER] flg=0x10200000 cmp=tech.gtt.frontapp.stb.demo/tech.gtt.frontapp.stb.m.home.activity.SplashActivity} from uid 0
06-18 13:50:12.922 W/ActivityTaskManager( 1936): Can't find TaskDisplayArea to determine support for multi window. Task id=35 attached=false
06-18 13:50:12.927 I/Monkey  (20130): Events injected: 1
06-18 13:50:12.934 D/CompatibilityChangeReporter( 1936): Compat change id reported: 135634846; UID 10058; state: DISABLED
06-18 13:50:12.934 D/CompatibilityChangeReporter( 1936): Compat change id reported: 143937733; UID 10058; state: ENABLED
06-18 13:50:12.934 I/Monkey  (20130): ## Network stats: elapsed time=12ms (0ms mobile, 0ms wifi, 12ms not connected)
06-18 13:50:12.944 D/gralloc_nox( 1767): gralloc_alloc: Creating ashmem region of size 8298496
06-18 13:50:12.998 D/gralloc_nox( 1767): gralloc_alloc: Creating ashmem region of size 8298496
06-18 13:50:12.998 I/app_process(20130): System.exit called, status: 0
06-18 13:50:12.998 I/AndroidRuntime(20130): VM exiting with result code 0.
06-18 13:50:12.998 D/Zygote  ( 1756): Forked child process 20145
06-18 13:50:12.999 W/ActivityManager( 1936): Slow operation: 65ms so far, now at startProcess: returned from zygote!
06-18 13:50:12.999 W/ActivityManager( 1936): Slow operation: 66ms so far, now at startProcess: done updating battery stats
06-18 13:50:12.999 W/ActivityManager( 1936): Slow operation: 66ms so far, now at startProcess: building log message
06-18 13:50:12.999 I/ActivityManager( 1936): Start proc 20145:tech.gtt.frontapp.stb.demo/u0a58 for pre-top-activity {tech.gtt.frontapp.stb.demo/tech.gtt.frontapp.stb.m.home.activity.SplashActivity}
06-18 13:50:12.999 W/ActivityManager( 1936): Slow operation: 66ms so far, now at startProcess: starting to update pids map
06-18 13:50:12.999 W/ActivityManager( 1936): Slow operation: 66ms so far, now at startProcess: done updating pids map
06-18 13:50:13.008 I/Zygote  (20145): seccomp disabled by setenforce 0
06-18 13:50:13.016 W/ontapp.stb.dem(20145): Unexpected CPU variant for X86 using defaults: x86_64
06-18 13:50:13.024 D/ProcessState(20145): Binder ioctl to enable oneway spam detection failed: Invalid argument
06-18 13:50:13.038 D/gralloc_nox( 1767): gralloc_alloc: Creating ashmem region of size 8298496
06-18 13:50:13.052 E/ashmem  (20145): memfd: ro.vndk.version not defined or invalid (), this is mandated since P.
06-18 13:50:13.054 D/CompatibilityChangeReporter(20145): Compat change id reported: 171979766; UID 10058; state: ENABLED
06-18 13:50:13.090 V/GraphicsEnvironment(20145): ANGLE Developer option for 'tech.gtt.frontapp.stb.demo' set to: 'default'
06-18 13:50:13.090 V/GraphicsEnvironment(20145): ANGLE GameManagerService for tech.gtt.frontapp.stb.demo: false
06-18 13:50:13.090 V/GraphicsEnvironment(20145): Neither updatable production driver nor prerelease driver is supported.
06-18 13:50:13.093 D/NetworkSecurityConfig(20145): Using Network Security Config from resource network_security_config debugBuild: false
06-18 13:50:13.094 D/NetworkSecurityConfig(20145): Using Network Security Config from resource network_security_config debugBuild: false
06-18 13:50:13.100 I/MultiDex(20145): VM with version 2.1.0 has multidex support
06-18 13:50:13.100 I/MultiDex(20145): Installing application
06-18 13:50:13.100 I/MultiDex(20145): VM has multidex support, MultiDex support library is disabled.
06-18 13:50:13.100 E/[Package](20145): params: AppConfiguration(vnoId='11026504', brandId='d0k7d3p3kdikth2o3q6g', appId='d0jucrbq6bt4h33c0ma0', sourceId='30006401-31002837', authServers='https://gtt-app-apigateway-lion.vdemosit.com', shareKey='S2kQMgUSugYyMlk5QclHDaF0uDsFnB0oJoFeAFgsKb8=', packageName='tech.gtt.frontapp.stb.demo', appName='Goose TV', appVersionName='v1.0.0', appVersionCode='7', pluginVersionCode='1', pluginVersionName='6.0.0-beta-build5', packageSeq='1', buglyAppId='d76a04165f', buglyKey='13b89b2d-1c12-4c4f-93b8-46e3c2ef9f73', baseVersionCode='20000066', gitTag='2.1.4-beta6', supportLang='en,pt,es', defaultLang='en', bootLoadType='1')
06-18 13:50:13.100 W/System.err(20145): java.lang.ClassNotFoundException: tech.gtt.frontapp.stb.docker.plugin.PluginUtils
06-18 13:50:13.101 W/System.err(20145): 	at java.lang.Class.classForName(Native Method)
06-18 13:50:13.101 W/System.err(20145): 	at java.lang.Class.forName(Class.java:454)
06-18 13:50:13.101 W/System.err(20145): 	at java.lang.Class.forName(Class.java:379)
06-18 13:50:13.101 W/System.err(20145): 	at ot.e.b(SourceFile:3)
06-18 13:50:13.101 W/System.err(20145): 	at tech.gtt.frontapp.stb.app.MainApplication.attachBaseContext(SourceFile:130)
06-18 13:50:13.101 W/System.err(20145): 	at android.app.Application.attach(Application.java:338)
06-18 13:50:13.101 W/System.err(20145): 	at android.app.Instrumentation.newApplication(Instrumentation.java:1190)
06-18 13:50:13.101 W/System.err(20145): 	at android.app.LoadedApk.makeApplication(LoadedApk.java:1361)
06-18 13:50:13.101 W/System.err(20145): 	at android.app.ActivityThread.handleBindApplication(ActivityThread.java:6728)
06-18 13:50:13.101 W/System.err(20145): 	at android.app.ActivityThread.access$1500(ActivityThread.java:256)
06-18 13:50:13.101 W/System.err(20145): 	at android.app.ActivityThread$H.handleMessage(ActivityThread.java:2091)
06-18 13:50:13.101 W/System.err(20145): 	at android.os.Handler.dispatchMessage(Handler.java:106)
06-18 13:50:13.101 W/System.err(20145): 	at android.os.Looper.loopOnce(Looper.java:201)
06-18 13:50:13.101 W/System.err(20145): 	at android.os.Looper.loop(Looper.java:288)
06-18 13:50:13.101 W/System.err(20145): 	at android.app.ActivityThread.main(ActivityThread.java:7875)
06-18 13:50:13.101 W/System.err(20145): 	at java.lang.reflect.Method.invoke(Native Method)
06-18 13:50:13.101 W/System.err(20145): 	at com.android.internal.os.RuntimeInit$MethodAndArgsCaller.run(RuntimeInit.java:568)
06-18 13:50:13.101 W/System.err(20145): 	at com.android.internal.os.ZygoteInit.main(ZygoteInit.java:1005)
06-18 13:50:13.101 W/System.err(20145): Caused by: java.lang.ClassNotFoundException: tech.gtt.frontapp.stb.docker.plugin.PluginUtils
06-18 13:50:13.101 W/System.err(20145): 	... 18 more
06-18 13:50:13.101 E/[Package](20145): isInPluginMode: false
06-18 13:50:13.103 I/CustomActivityOnCrash(20145): CustomActivityOnCrash has been installed.
06-18 13:50:13.104 I/System.out(20145): Modular_Init : a - initialize
06-18 13:50:13.109 I/System.out(20145): Modular_Init : d - initialize
06-18 13:50:13.110 I/System.out(20145): Modular_Init : a - initialize
06-18 13:50:13.111 I/System.out(20145): Modular_Init : a - initialize
06-18 13:50:13.111 D/[CatchupInitModule](20145): init---
06-18 13:50:13.111 I/System.out(20145): Modular_Init : a - initialize
06-18 13:50:13.111 D/[ReplayInitialize](20145): init---
06-18 13:50:13.111 I/System.out(20145): Modular_Init : a - initialize
06-18 13:50:13.111 D/[LiveInitialize](20145): init---
06-18 13:50:13.111 I/System.out(20145): Modular_Init : b - initialize
06-18 13:50:13.113 D/AndroidAutoSize(20145): designWidthInDp = 360, designHeightInDp = 640, screenWidth = 1920, screenHeight = 1080
06-18 13:50:13.113 D/AndroidAutoSize(20145): initDensity = 2.0, initScaledDensity = 2.0
06-18 13:50:13.158 D/AndroidAutoSize(20145): tech.gtt.frontapp.stb.m.home.activity.SplashActivity used the global configuration.
06-18 13:50:13.165 D/AndroidAutoSize(20145): The tech.gtt.frontapp.stb.m.home.activity.SplashActivity has been adapted! 
06-18 13:50:13.165 D/AndroidAutoSize(20145): SplashActivity Info: isBaseOnWidth = true, designWidthInDp = 1920.000000, designWidthInSubunits = 1920.000000, targetDensity = 1.000000, targetScaledDensity = 1.000000, targetDensityDpi = 160, targetXdpi = 1.000000, targetScreenWidthDp = 1920, targetScreenHeightDp = 1032
06-18 13:50:13.226 D/AndroidAutoSize(20145): tech.gtt.frontapp.stb.m.home.activity.SplashActivity used the global configuration.
06-18 13:50:13.226 D/AndroidAutoSize(20145): The tech.gtt.frontapp.stb.m.home.activity.SplashActivity has been adapted! 
06-18 13:50:13.226 D/AndroidAutoSize(20145): SplashActivity Info: isBaseOnWidth = true, designWidthInDp = 1920.000000, designWidthInSubunits = 1920.000000, targetDensity = 1.000000, targetScaledDensity = 1.000000, targetDensityDpi = 160, targetXdpi = 1.000000, targetScreenWidthDp = 1920, targetScreenHeightDp = 1032
06-18 13:50:13.232 I/ActivityTaskManager( 1936): START u0 {act=android.content.pm.action.REQUEST_PERMISSIONS pkg=com.android.permissioncontroller cmp=com.android.permissioncontroller/.permission.ui.GrantPermissionsActivity (has extras)} from uid 10058
06-18 13:50:13.260 D/ontapp.stb.dem(20145): createUnique: call
06-18 13:50:13.271 D/ontapp.stb.dem(20145): HostComposition ext GL_OES_EGL_image GL_OES_EGL_image_external GL_OES_depth24 GL_OES_depth32 GL_OES_element_index_uint GL_OES_texture_float GL_OES_texture_float_linear GL_OES_compressed_paletted_texture GL_OES_compressed_ETC1_RGB8_texture GL_OES_depth_texture GL_EXT_texture_format_BGRA8888 GL_APPLE_texture_format_BGRA8888 GL_OES_texture_half_float GL_EXT_robustness GL_OES_texture_half_float_linear GL_OES_packed_depth_stencil GL_OES_vertex_half_float GL_OES_texture_npot GL_OES_rgb8_rgba8 GL_EXT_color_buffer_float GL_EXT_texture_sRGB_decode ANDROID_gles_max_version_3_1 GL_OES_vertex_array_object GL_EXT_texture_buffer GL_EXT_copy_image GL_KHR_texture_compression_astc_ldr GL_KHR_texture_compression_astc_hdr GL_OES_texture_compression_astc GL_OES_EGL_image_external
06-18 13:50:13.273 D/hw-ProcessState(20145): Binder ioctl to enable oneway spam detection failed: Invalid argument
06-18 13:50:13.274 W/OpenGLRenderer(20145): Failed to initialize 101010-2 format, error = EGL_SUCCESS
06-18 13:50:13.274 D/EGL_emulation(20145): rcCreateContext wated version 2.0  rc:4
06-18 13:50:13.289 D/EGL_emulation(20145): eglMakeCurrent: 0x74841c042030: ver 3 2 (tinfo 0x74839c04d0b0) (first time)
06-18 13:50:13.293 D/ProcessState(20180): Binder ioctl to enable oneway spam detection failed: Invalid argument
06-18 13:50:13.297 E/HWComposer( 1779): getSupportedContentTypes: getSupportedContentTypes failed for display 0: Unsupported (8)
06-18 13:50:13.298 I/hwservicemanager( 1567): getTransport: Cannot find entry android.hardware.graphics.mapper@4.0::IMapper/default in either framework or device VINTF manifest.
06-18 13:50:13.298 I/Gralloc4(20145): mapper 4.x is not supported
06-18 13:50:13.299 I/hwservicemanager( 1567): getTransport: Cannot find entry android.hardware.graphics.mapper@3.0::IMapper/default in either framework or device VINTF manifest.
06-18 13:50:13.300 W/Gralloc3(20145): mapper 3.x is not supported
06-18 13:50:13.304 I/hwservicemanager( 1567): getTransport: Cannot find entry android.hardware.graphics.allocator@4.0::IAllocator/default in either framework or device VINTF manifest.
06-18 13:50:13.304 W/Gralloc4(20145): allocator 4.x is not supported
06-18 13:50:13.304 I/hwservicemanager( 1567): getTransport: Cannot find entry android.hardware.graphics.allocator@3.0::IAllocator/default in either framework or device VINTF manifest.
06-18 13:50:13.304 W/Gralloc3(20145): allocator 3.x is not supported
06-18 13:50:13.305 D/gralloc_nox( 1767): gralloc_alloc: Creating ashmem region of size 8298496
06-18 13:50:13.330 D/ontapp.stb.dem(20145): createUnique: call
06-18 13:50:13.331 D/ontapp.stb.dem(20145): HostComposition ext GL_OES_EGL_image GL_OES_EGL_image_external GL_OES_depth24 GL_OES_depth32 GL_OES_element_index_uint GL_OES_texture_float GL_OES_texture_float_linear GL_OES_compressed_paletted_texture GL_OES_compressed_ETC1_RGB8_texture GL_OES_depth_texture GL_EXT_texture_format_BGRA8888 GL_APPLE_texture_format_BGRA8888 GL_OES_texture_half_float GL_EXT_robustness GL_OES_texture_half_float_linear GL_OES_packed_depth_stencil GL_OES_vertex_half_float GL_OES_texture_npot GL_OES_rgb8_rgba8 GL_EXT_color_buffer_float GL_EXT_texture_sRGB_decode ANDROID_gles_max_version_3_1 GL_OES_vertex_array_object GL_EXT_texture_buffer GL_EXT_copy_image GL_KHR_texture_compression_astc_ldr GL_KHR_texture_compression_astc_hdr GL_OES_texture_compression_astc GL_OES_EGL_image_external
06-18 13:50:13.331 D/gralloc_nox( 1767): gralloc_alloc: Creating ashmem region of size 8298496
06-18 13:50:13.373 D/gralloc_nox( 1767): gralloc_alloc: Creating ashmem region of size 8298496
06-18 13:50:13.442 E/libEGL  (20145): called unimplemented OpenGL ES API
06-18 13:50:13.499 W/ActivityTaskManager( 1936): Tried to set launchTime (0) < mLastActivityLaunchTime (68599280)
06-18 13:50:13.593 I/ActivityTaskManager( 1936): Displayed com.android.permissioncontroller/.permission.ui.GrantPermissionsActivity: +662ms
06-18 13:50:13.615 D/ProcessState(20191): Binder ioctl to enable oneway spam detection failed: Invalid argument
06-18 13:50:13.636 D/gralloc_nox( 1767): gralloc_alloc: Creating ashmem region of size 5496832
06-18 13:50:13.724 W/InputManager-JNI( 1936): Input channel object '86d75d7 Splash Screen tech.gtt.frontapp.stb.demo (client)' was disposed without first being removed with the input manager!
06-18 13:50:13.761 D/gralloc_nox( 1767): gralloc_alloc: Creating ashmem region of size 5496832
06-18 13:50:13.892 D/gralloc_nox( 1767): gralloc_alloc: Creating ashmem region of size 5496832
06-18 13:50:15.929 E/TaskPersister( 1936): File error accessing recents directory (directory doesn't exist?).
06-18 13:50:16.040 D/UIAutomatorStub(20088): URI: /jsonrpc/0, Method: POST, params, {NanoHttpd.QUERY_STRING=null}, files: {postData={"jsonrpc": "2.0", "id": 1, "method": "count", "params": [{"mask": 2097152, "childOrSibling": [], "childOrSiblingSelector": [], "resourceId": "com.android.permissioncontroller:id/permission_allow_button"}]}}
06-18 13:50:16.052 D/UiObject(20088): Waiting 0ms for UiSelector[RESOURCE_ID=com.android.permissioncontroller:id/permission_allow_button].
06-18 13:50:16.052 W/QueryController(20088): Could not detect idle state.
06-18 13:50:16.055 I/QueryController(20088): Matched selector: UiSelector[RESOURCE_ID=com.android.permissioncontroller:id/permission_allow_button] <<==>> [android.view.accessibility.AccessibilityNodeInfo@2c988; boundsInParent: Rect(0, 0 - 992, 112); boundsInScreen: Rect(464, 557 - 1456, 669); packageName: com.android.permissioncontroller; className: android.widget.Button; text: 允许; error: null; maxTextLength: -1; stateDescription: null; contentDescription: null; tooltipText: null; viewIdResName: com.android.permissioncontroller:id/permission_allow_button; checkable: false; checked: false; focusable: true; focused: false; selected: false; clickable: true; longClickable: false; contextClickable: false; enabled: true; password: false; scrollable: false; importantForAccessibility: true; visible: true; actions: [AccessibilityAction: ACTION_FOCUS - null, AccessibilityAction: ACTION_SELECT - null, AccessibilityAction: ACTION_CLEAR_SELECTION - null, AccessibilityAction: ACTION_CLICK - null, AccessibilityAction: ACTION_ACCESSIBILITY_FOCUS - null, AccessibilityAction: ACTION_NEXT_AT_MOVEMENT_GRANULARITY - null, AccessibilityAction: ACTION_PREVIOUS_AT_MOVEMENT_GRANULARITY - null, AccessibilityAction: ACTION_SET_SELECTION - null, AccessibilityAction: ACTION_SHOW_ON_SCREEN - null]]
06-18 13:50:16.057 D/UiObject(20088): Waiting 0ms for UiSelector[INSTANCE=1, RESOURCE_ID=com.android.permissioncontroller:id/permission_allow_button].
06-18 13:50:16.058 W/QueryController(20088): Could not detect idle state.
06-18 13:50:16.084 D/UIAutomatorStub(20088): URI: /jsonrpc/0, Method: POST, params, {NanoHttpd.QUERY_STRING=null}, files: {postData={"jsonrpc": "2.0", "id": 1, "method": "waitForExists", "params": [{"mask": 2097152, "childOrSibling": [], "childOrSiblingSelector": [], "resourceId": "com.android.permissioncontroller:id/permission_allow_button"}, 20000]}}
06-18 13:50:16.087 D/UiDevice(20088): Waiting 20000ms for SearchCondition[hasObject=BySelector [RES='\Qcom.android.permissioncontroller:id/permission_allow_button\E']].
06-18 13:50:16.087 D/UiDevice(20088): Searching for node with selector: BySelector [RES='\Qcom.android.permissioncontroller:id/permission_allow_button\E'].
06-18 13:50:16.088 W/QueryController(20088): Could not detect idle state.
06-18 13:50:16.133 D/UIAutomatorStub(20088): URI: /jsonrpc/0, Method: POST, params, {NanoHttpd.QUERY_STRING=null}, files: {postData={"jsonrpc": "2.0", "id": 1, "method": "objInfo", "params": [{"mask": 2097152, "childOrSibling": [], "childOrSiblingSelector": [], "resourceId": "com.android.permissioncontroller:id/permission_allow_button"}]}}
06-18 13:50:16.136 D/UiDevice(20088): Retrieving node with selector: BySelector [RES='\Qcom.android.permissioncontroller:id/permission_allow_button\E'].
06-18 13:50:16.136 W/QueryController(20088): Could not detect idle state.
06-18 13:50:16.148 W/QueryController(20088): Could not detect idle state.
06-18 13:50:16.151 W/QueryController(20088): Could not detect idle state.
06-18 13:50:16.153 W/QueryController(20088): Could not detect idle state.
06-18 13:50:16.154 W/QueryController(20088): Could not detect idle state.
06-18 13:50:16.155 W/QueryController(20088): Could not detect idle state.
06-18 13:50:16.156 W/QueryController(20088): Could not detect idle state.
06-18 13:50:16.160 W/QueryController(20088): Could not detect idle state.
06-18 13:50:16.163 W/QueryController(20088): Could not detect idle state.
06-18 13:50:16.166 W/QueryController(20088): Could not detect idle state.
06-18 13:50:16.170 W/QueryController(20088): Could not detect idle state.
06-18 13:50:16.171 W/QueryController(20088): Could not detect idle state.
06-18 13:50:16.172 W/QueryController(20088): Could not detect idle state.
06-18 13:50:16.175 W/QueryController(20088): Could not detect idle state.
06-18 13:50:16.177 W/QueryController(20088): Could not detect idle state.
06-18 13:50:16.180 W/QueryController(20088): Could not detect idle state.
06-18 13:50:16.182 W/QueryController(20088): Could not detect idle state.
06-18 13:50:16.183 W/QueryController(20088): Could not detect idle state.
06-18 13:50:16.211 D/UIAutomatorStub(20088): URI: /jsonrpc/0, Method: POST, params, {NanoHttpd.QUERY_STRING=null}, files: {postData={"jsonrpc": "2.0", "id": 1, "method": "click", "params": [960.0, 613.0]}}
06-18 13:50:16.225 V/DisplayPowerController[0]( 1936): Brightness [0.39763778] reason changing to: 'manual', previous reason: 'manual [ dim ]'.
06-18 13:50:16.238 E/DisplayDeviceConfig( 1936): requesting nits when no mapping exists.
06-18 13:50:16.238 E/DisplayDeviceConfig( 1936): requesting nits when no mapping exists.
06-18 13:50:16.239 I/DropBoxManagerService( 1936): add tag=system_server_wtf isTagEnabled=true flags=0x2
06-18 13:50:16.240 E/LightsService( 1936): Light requested not available on this device. 0
06-18 13:50:16.241 I/DropBoxManagerService( 1936): add tag=system_server_wtf isTagEnabled=true flags=0x2
06-18 13:50:16.258 E/DisplayDeviceConfig( 1936): requesting nits when no mapping exists.
06-18 13:50:16.258 E/DisplayDeviceConfig( 1936): requesting nits when no mapping exists.
06-18 13:50:16.259 I/DropBoxManagerService( 1936): add tag=system_server_wtf isTagEnabled=true flags=0x2
06-18 13:50:16.259 E/LightsService( 1936): Light requested not available on this device. 0
06-18 13:50:16.261 I/DropBoxManagerService( 1936): add tag=system_server_wtf isTagEnabled=true flags=0x2
06-18 13:50:16.278 E/DisplayDeviceConfig( 1936): requesting nits when no mapping exists.
06-18 13:50:16.278 E/DisplayDeviceConfig( 1936): requesting nits when no mapping exists.
06-18 13:50:16.279 I/DropBoxManagerService( 1936): add tag=system_server_wtf isTagEnabled=true flags=0x2
06-18 13:50:16.279 E/LightsService( 1936): Light requested not available on this device. 0
06-18 13:50:16.289 E/DisplayDeviceConfig( 1936): requesting nits when no mapping exists.
06-18 13:50:16.289 E/DisplayDeviceConfig( 1936): requesting nits when no mapping exists.
06-18 13:50:16.291 E/LightsService( 1936): Light requested not available on this device. 0
06-18 13:50:16.306 E/DisplayDeviceConfig( 1936): requesting nits when no mapping exists.
06-18 13:50:16.306 E/DisplayDeviceConfig( 1936): requesting nits when no mapping exists.
06-18 13:50:16.307 E/LightsService( 1936): Light requested not available on this device. 0
06-18 13:50:16.322 E/DisplayDeviceConfig( 1936): requesting nits when no mapping exists.
06-18 13:50:16.323 E/DisplayDeviceConfig( 1936): requesting nits when no mapping exists.
06-18 13:50:16.323 E/LightsService( 1936): Light requested not available on this device. 0
06-18 13:50:16.339 E/DisplayDeviceConfig( 1936): requesting nits when no mapping exists.
06-18 13:50:16.339 E/DisplayDeviceConfig( 1936): requesting nits when no mapping exists.
06-18 13:50:16.340 E/LightsService( 1936): Light requested not available on this device. 0
06-18 13:50:16.356 E/DisplayDeviceConfig( 1936): requesting nits when no mapping exists.
06-18 13:50:16.357 E/DisplayDeviceConfig( 1936): requesting nits when no mapping exists.
06-18 13:50:16.357 E/LightsService( 1936): Light requested not available on this device. 0
06-18 13:50:16.372 E/DisplayDeviceConfig( 1936): requesting nits when no mapping exists.
06-18 13:50:16.373 E/DisplayDeviceConfig( 1936): requesting nits when no mapping exists.
06-18 13:50:16.373 E/LightsService( 1936): Light requested not available on this device. 0
06-18 13:50:16.389 E/DisplayDeviceConfig( 1936): requesting nits when no mapping exists.
06-18 13:50:16.389 E/DisplayDeviceConfig( 1936): requesting nits when no mapping exists.
06-18 13:50:16.390 E/LightsService( 1936): Light requested not available on this device. 0
06-18 13:50:16.409 E/DisplayDeviceConfig( 1936): requesting nits when no mapping exists.
06-18 13:50:16.410 E/DisplayDeviceConfig( 1936): requesting nits when no mapping exists.
06-18 13:50:16.411 E/LightsService( 1936): Light requested not available on this device. 0
06-18 13:50:16.425 E/DisplayDeviceConfig( 1936): requesting nits when no mapping exists.
06-18 13:50:16.425 E/DisplayDeviceConfig( 1936): requesting nits when no mapping exists.
06-18 13:50:16.426 E/LightsService( 1936): Light requested not available on this device. 0
06-18 13:50:16.448 E/DisplayDeviceConfig( 1936): requesting nits when no mapping exists.
06-18 13:50:16.448 E/DisplayDeviceConfig( 1936): requesting nits when no mapping exists.
06-18 13:50:16.449 E/LightsService( 1936): Light requested not available on this device. 0
06-18 13:50:16.458 E/DisplayDeviceConfig( 1936): requesting nits when no mapping exists.
06-18 13:50:16.458 E/DisplayDeviceConfig( 1936): requesting nits when no mapping exists.
06-18 13:50:16.459 E/LightsService( 1936): Light requested not available on this device. 0
06-18 13:50:16.469 V/GrantPermissionsViewModel(16100): Logged buttons presented and clicked permissionGroupName=android.permission-group.STORAGE uid=10058 selectedLocations=0 package=tech.gtt.frontapp.stb.demo presentedButtons=9 clickedButton=1 sessionId=-8428154090900954793 targetSdk=35
06-18 13:50:16.472 E/DisplayDeviceConfig( 1936): requesting nits when no mapping exists.
06-18 13:50:16.472 E/DisplayDeviceConfig( 1936): requesting nits when no mapping exists.
06-18 13:50:16.473 E/LightsService( 1936): Light requested not available on this device. 0
06-18 13:50:16.474 I/MediaProvider( 2560): Invalidating LocalCallingIdentity cache for package tech.gtt.frontapp.stb.demo. Reason: op android:read_external_storage
06-18 13:50:16.476 I/MediaProvider( 2560): Invalidating LocalCallingIdentity cache for package tech.gtt.frontapp.stb.demo. Reason: op android:read_external_storage
06-18 13:50:16.477 V/GrantPermissionsViewModel(16100): Permission grant result requestId=-8428154090900954793 callingUid=10058 callingPackage=tech.gtt.frontapp.stb.demo permission=android.permission.READ_EXTERNAL_STORAGE isImplicit=false result=4
06-18 13:50:16.480 D/gralloc_nox( 1767): gralloc_alloc: Creating ashmem region of size 8298496
06-18 13:50:16.516 E/android.hardware.audio.service( 1759): pcm_open called create stream faild
06-18 13:50:16.713 D/CompatibilityChangeReporter(20145): Compat change id reported: 78294732; UID 10058; state: ENABLED
06-18 13:50:16.715 I/b       (20145): freeSpace : 116666MB
06-18 13:50:16.794 D/ProcessState(20204): Binder ioctl to enable oneway spam detection failed: Invalid argument
06-18 13:50:16.873 E/NOX     ( 1786): recv() error
06-18 13:50:16.873 D/NOX     ( 1786): Socket read error
06-18 13:50:16.885 D/ConnectivityService( 1936): NetReassign [no changes]
06-18 13:50:16.895 V/GSK     (20145): StorageServiceImpl initialization() executed in 1 ms.
06-18 13:50:16.896 V/GSK     (20145): SecurityServiceImpl initialization() executed in 0 ms.
06-18 13:50:16.982 W/System.err(20145): SLF4J(W): No SLF4J providers were found.
06-18 13:50:16.982 W/System.err(20145): SLF4J(W): Defaulting to no-operation (NOP) logger implementation
06-18 13:50:16.982 W/System.err(20145): SLF4J(W): See https://www.slf4j.org/codes.html#noProviders for further details.
06-18 13:50:17.032 W/System.err(20145): kotlinx.serialization.json.internal.JsonDecodingException: Expected start of the object '{', but had 'EOF' instead at path: $
06-18 13:50:17.032 W/System.err(20145): JSON input: 
06-18 13:50:17.032 W/System.err(20145): 	at kotlinx.serialization.json.internal.JsonExceptionsKt.JsonDecodingException(SourceFile:1)
06-18 13:50:17.032 W/System.err(20145): 	at kotlinx.serialization.json.internal.JsonExceptionsKt.JsonDecodingException(SourceFile:2)
06-18 13:50:17.032 W/System.err(20145): 	at kotlinx.serialization.json.internal.AbstractJsonLexer.fail(SourceFile:52)
06-18 13:50:17.032 W/System.err(20145): 	at kotlinx.serialization.json.internal.AbstractJsonLexer.fail$default(SourceFile:15)
06-18 13:50:17.032 W/System.err(20145): 	at kotlinx.serialization.json.internal.AbstractJsonLexer.unexpectedToken(SourceFile:103)
06-18 13:50:17.032 W/System.err(20145): 	at kotlinx.serialization.json.internal.StringJsonLexer.consumeNextToken(SourceFile:16)
06-18 13:50:17.032 W/System.err(20145): 	at kotlinx.serialization.json.internal.StreamingJsonDecoder.beginStructure(SourceFile:23)
06-18 13:50:17.032 W/System.err(20145): 	at tech.gtt.frontapp.servicesdk.common.service.utility.apis.e2ee.E2eeConfigResponse$$serializer.deserialize(SourceFile:2)
06-18 13:50:17.032 W/System.err(20145): 	at tech.gtt.frontapp.servicesdk.common.service.utility.apis.e2ee.E2eeConfigResponse$$serializer.deserialize(SourceFile:1)
06-18 13:50:17.032 W/System.err(20145): 	at kotlinx.serialization.json.internal.StreamingJsonDecoder.decodeSerializableValue(SourceFile:320)
06-18 13:50:17.032 W/System.err(20145): 	at kotlinx.serialization.json.Json.decodeFromString(SourceFile:3)
06-18 13:50:17.032 W/System.err(20145): 	at tech.gtt.frontapp.servicesdk.common.service.utility.apis.e2ee.E2eeManager.syncE2eeConfig(SourceFile:74)
06-18 13:50:17.032 W/System.err(20145): 	at tech.gtt.frontapp.servicesdk.common.service.utility.apis.ApiUtilServiceImpl.onServiceInit(SourceFile:228)
06-18 13:50:17.032 W/System.err(20145): 	at tech.gtt.frontapp.servicesdk.common.core.ServiceSDKImpl.executeServiceInitialize(SourceFile:372)
06-18 13:50:17.032 W/System.err(20145): 	at tech.gtt.frontapp.servicesdk.common.core.ServiceSDKImpl.access$executeServiceInitialize(SourceFile:1)
06-18 13:50:17.032 W/System.err(20145): 	at tech.gtt.frontapp.servicesdk.common.core.ServiceSDKImpl$init$1.invokeSuspend(SourceFile:178)
06-18 13:50:17.032 W/System.err(20145): 	at tech.gtt.frontapp.servicesdk.common.core.ServiceSDKImpl$init$1.invoke(SourceFile:2)
06-18 13:50:17.032 W/System.err(20145): 	at tech.gtt.frontapp.servicesdk.common.core.ServiceSDKImpl$init$1.invoke(SourceFile:1)
06-18 13:50:17.032 W/System.err(20145): 	at kotlinx.coroutines.flow.SafeFlow.collectSafely(SourceFile:3)
06-18 13:50:17.032 W/System.err(20145): 	at kotlinx.coroutines.flow.AbstractFlow.collect(SourceFile:70)
06-18 13:50:17.032 W/System.err(20145): 	at tech.gtt.frontapp.servicesdk.common.core.SDKSetup$build$1.invokeSuspend(SourceFile:42)
06-18 13:50:17.032 W/System.err(20145): 	at tech.gtt.frontapp.servicesdk.common.core.SDKSetup$build$1.invoke(SourceFile:2)
06-18 13:50:17.032 W/System.err(20145): 	at tech.gtt.frontapp.servicesdk.common.core.SDKSetup$build$1.invoke(SourceFile:1)
06-18 13:50:17.032 W/System.err(20145): 	at tech.gtt.frontapp.servicesdk.common.core.Scheduler$scheduleDirect$1.invokeSuspend(SourceFile:61)
06-18 13:50:17.032 W/System.err(20145): 	at lh.a.resumeWith(SourceFile:14)
06-18 13:50:17.032 W/System.err(20145): 	at kotlinx.coroutines.DispatchedTask.run(SourceFile:123)
06-18 13:50:17.032 W/System.err(20145): 	at kotlinx.coroutines.internal.LimitedDispatcher$Worker.run(SourceFile:4)
06-18 13:50:17.032 W/System.err(20145): 	at kotlinx.coroutines.scheduling.TaskImpl.run(SourceFile:3)
06-18 13:50:17.032 W/System.err(20145): 	at kotlinx.coroutines.scheduling.CoroutineScheduler.runSafely(SourceFile:1)
06-18 13:50:17.032 W/System.err(20145): 	at kotlinx.coroutines.scheduling.CoroutineScheduler$Worker.executeTask(SourceFile:34)
06-18 13:50:17.032 W/System.err(20145): 	at kotlinx.coroutines.scheduling.CoroutineScheduler$Worker.runWorker(SourceFile:29)
06-18 13:50:17.032 W/System.err(20145): 	at kotlinx.coroutines.scheduling.CoroutineScheduler$Worker.run(SourceFile:1)
06-18 13:50:17.041 W/InputManager-JNI( 1936): Input channel object '97ef2cb com.android.permissioncontroller/com.android.permissioncontroller.permission.ui.GrantPermissionsActivity (client)' was disposed without first being removed with the input manager!
06-18 13:50:17.056 W/SurfaceFlinger( 1779): couldn't log to binary event log: overflow.
06-18 13:50:17.058 W/System.err(20145): java.io.FileNotFoundException: sys/class/sunxi_info/sys_info: open failed: ENOENT (No such file or directory)
06-18 13:50:17.058 W/System.err(20145): 	at libcore.io.IoBridge.open(IoBridge.java:575)
06-18 13:50:17.058 W/System.err(20145): 	at java.io.FileInputStream.<init>(FileInputStream.java:160)
06-18 13:50:17.058 W/System.err(20145): 	at java.io.FileInputStream.<init>(FileInputStream.java:115)
06-18 13:50:17.058 W/System.err(20145): 	at ip.b.b(SourceFile:5)
06-18 13:50:17.058 W/System.err(20145): 	at ip.b.a(SourceFile:155)
06-18 13:50:17.058 W/System.err(20145): 	at ip.a.invoke(SourceFile:589)
06-18 13:50:17.058 W/System.err(20145): 	at dh.v.getValue(SourceFile:21)
06-18 13:50:17.058 W/System.err(20145): 	at tech.gtt.frontapp.servicesdk.common.network.interceptor.params.ApiDeviceParams.handleFixedParams(SourceFile:52)
06-18 13:50:17.058 W/System.err(20145): 	at tech.gtt.frontapp.servicesdk.common.service.utility.apis.IParamsGetter.toMaps(SourceFile:87)
06-18 13:50:17.058 W/System.err(20145): 	at tech.gtt.frontapp.servicesdk.common.network.interceptor.DefaultParamsInterceptor.onRequest(SourceFile:127)
06-18 13:50:17.058 W/System.err(20145): 	at tech.gtt.frontapp.servicesdk.common.network.interceptor.SDKInterceptorsPluginKt$setupRequestInterception$1.invokeSuspend(SourceFile:103)
06-18 13:50:17.058 W/System.err(20145): 	at tech.gtt.frontapp.servicesdk.common.network.interceptor.SDKInterceptorsPluginKt$setupRequestInterception$1.invoke(SourceFile:1)
06-18 13:50:17.058 W/System.err(20145): 	at tech.gtt.frontapp.servicesdk.common.network.interceptor.SDKInterceptorsPluginKt$setupRequestInterception$1.invoke(SourceFile:2)
06-18 13:50:17.058 W/System.err(20145): 	at io.ktor.util.pipeline.DebugPipelineContext.proceedLoop(SourceFile:86)
06-18 13:50:17.058 W/System.err(20145): 	at io.ktor.util.pipeline.DebugPipelineContext.proceed(SourceFile:26)
06-18 13:50:17.058 W/System.err(20145): 	at io.ktor.client.plugins.RequestError$install$1.invokeSuspend(SourceFile:47)
06-18 13:50:17.058 W/System.err(20145): 	at io.ktor.client.plugins.RequestError$install$1.invoke(SourceFile:1)
06-18 13:50:17.058 W/System.err(20145): 	at io.ktor.client.plugins.RequestError$install$1.invoke(SourceFile:2)
06-18 13:50:17.058 W/System.err(20145): 	at io.ktor.util.pipeline.DebugPipelineContext.proceedLoop(SourceFile:86)
06-18 13:50:17.058 W/System.err(20145): 	at io.ktor.util.pipeline.DebugPipelineContext.proceed(SourceFile:26)
06-18 13:50:17.058 W/System.err(20145): 	at io.ktor.client.plugins.SetupRequestContext$install$1.invokeSuspend$proceed(SourceFile:1)
06-18 13:50:17.058 W/System.err(20145): 	at io.ktor.client.plugins.SetupRequestContext$install$1.access$invokeSuspend$proceed(SourceFile:1)
06-18 13:50:17.058 W/System.err(20145): 	at io.ktor.client.plugins.SetupRequestContext$install$1$1.invoke(SourceFile:2)
06-18 13:50:17.058 W/System.err(20145): 	at io.ktor.client.plugins.SetupRequestContext$install$1$1.invoke(SourceFile:1)
06-18 13:50:17.058 W/System.err(20145): 	at io.ktor.client.plugins.HttpRequestLifecycleKt$HttpRequestLifecycle$1$1.invokeSuspend(SourceFile:78)
06-18 13:50:17.059 W/System.err(20145): 	at io.ktor.client.plugins.HttpRequestLifecycleKt$HttpRequestLifecycle$1$1.invoke(SourceFile:1)
06-18 13:50:17.059 W/System.err(20145): 	at io.ktor.client.plugins.HttpRequestLifecycleKt$HttpRequestLifecycle$1$1.invoke(SourceFile:2)
06-18 13:50:17.059 W/System.err(20145): 	at io.ktor.client.plugins.SetupRequestContext$install$1.invokeSuspend(SourceFile:42)
06-18 13:50:17.059 W/System.err(20145): 	at io.ktor.client.plugins.SetupRequestContext$install$1.invoke(SourceFile:1)
06-18 13:50:17.059 W/System.err(20145): 	at io.ktor.client.plugins.SetupRequestContext$install$1.invoke(SourceFile:2)
06-18 13:50:17.059 W/System.err(20145): 	at io.ktor.util.pipeline.DebugPipelineContext.proceedLoop(SourceFile:86)
06-18 13:50:17.059 W/System.err(20145): 	at io.ktor.util.pipeline.DebugPipelineContext.proceed(SourceFile:26)
06-18 13:50:17.059 W/System.err(20145): 	at io.ktor.util.pipeline.DebugPipelineContext.execute$ktor_utils(SourceFile:7)
06-18 13:50:17.059 W/System.err(20145): 	at io.ktor.util.pipeline.Pipeline.execute(SourceFile:9)
06-18 13:50:17.059 W/System.err(20145): 	at io.ktor.client.HttpClient.execute$ktor_client_core(SourceFile:68)
06-18 13:50:17.059 W/System.err(20145): 	at io.ktor.client.statement.HttpStatement.fetchResponse(SourceFile:90)
06-18 13:50:17.059 W/System.err(20145): 	at io.ktor.client.statement.HttpStatement.execute(SourceFile:9)
06-18 13:50:17.059 W/System.err(20145): 	at de.jensklingenberg.ktorfit.internal.KtorfitConverterHelper.suspendRequest(SourceFile:127)
06-18 13:50:17.059 W/System.err(20145): 	at de.jensklingenberg.ktorfit.internal.KtorfitConverterHelper$request$1$1.invokeSuspend(SourceFile:58)
06-18 13:50:17.059 W/System.err(20145): 	at de.jensklingenberg.ktorfit.internal.KtorfitConverterHelper$request$1$1.invoke(SourceFile:2)
06-18 13:50:17.059 W/System.err(20145): 	at de.jensklingenberg.ktorfit.internal.KtorfitConverterHelper$request$1$1.invoke(SourceFile:1)
06-18 13:50:17.059 W/System.err(20145): 	at de.jensklingenberg.ktorfit.converter.FlowConverterFactory$responseConverter$1$convert$1.invokeSuspend(SourceFile:84)
06-18 13:50:17.059 W/System.err(20145): 	at de.jensklingenberg.ktorfit.converter.FlowConverterFactory$responseConverter$1$convert$1.invoke(SourceFile:2)
06-18 13:50:17.059 W/System.err(20145): 	at de.jensklingenberg.ktorfit.converter.FlowConverterFactory$responseConverter$1$convert$1.invoke(SourceFile:1)
06-18 13:50:17.059 W/System.err(20145): 	at kotlinx.coroutines.flow.SafeFlow.collectSafely(SourceFile:3)
06-18 13:50:17.059 W/System.err(20145): 	at kotlinx.coroutines.flow.AbstractFlow.collect(SourceFile:70)
06-18 13:50:17.059 W/System.err(20145): 	at kotlinx.coroutines.flow.FlowKt__MergeKt$flatMapConcat$$inlined$map$1.collect(SourceFile:10)
06-18 13:50:17.059 W/System.err(20145): 	at kotlinx.coroutines.flow.FlowKt__MergeKt$flattenConcat$$inlined$unsafeFlow$1.collect(SourceFile:8)
06-18 13:50:17.059 W/System.err(20145): 	at kotlinx.coroutines.flow.FlowKt__CollectKt.collect(SourceFile:1)
06-18 13:50:17.059 W/System.err(20145): 	at kotlinx.coroutines.flow.FlowKt.collect(SourceFile:1)
06-18 13:50:17.059 W/System.err(20145): 	at tech.gtt.frontapp.servicesdk.common.service.utility.apis.ApiUtilServiceImpl.onServiceInit(SourceFile:240)
06-18 13:50:17.059 W/System.err(20145): 	at tech.gtt.frontapp.servicesdk.common.core.ServiceSDKImpl.executeServiceInitialize(SourceFile:372)
06-18 13:50:17.059 W/System.err(20145): 	at tech.gtt.frontapp.servicesdk.common.core.ServiceSDKImpl.access$executeServiceInitialize(SourceFile:1)
06-18 13:50:17.059 W/System.err(20145): 	at tech.gtt.frontapp.servicesdk.common.core.ServiceSDKImpl$init$1.invokeSuspend(SourceFile:178)
06-18 13:50:17.059 W/System.err(20145): 	at tech.gtt.frontapp.servicesdk.common.core.ServiceSDKImpl$init$1.invoke(SourceFile:2)
06-18 13:50:17.059 W/System.err(20145): 	at tech.gtt.frontapp.servicesdk.common.core.ServiceSDKImpl$init$1.invoke(SourceFile:1)
06-18 13:50:17.059 W/System.err(20145): 	at kotlinx.coroutines.flow.SafeFlow.collectSafely(SourceFile:3)
06-18 13:50:17.059 W/System.err(20145): 	at kotlinx.coroutines.flow.AbstractFlow.collect(SourceFile:70)
06-18 13:50:17.059 W/System.err(20145): 	at tech.gtt.frontapp.servicesdk.common.core.SDKSetup$build$1.invokeSuspend(SourceFile:42)
06-18 13:50:17.059 W/System.err(20145): 	at tech.gtt.frontapp.servicesdk.common.core.SDKSetup$build$1.invoke(SourceFile:2)
06-18 13:50:17.059 W/System.err(20145): 	at tech.gtt.frontapp.servicesdk.common.core.SDKSetup$build$1.invoke(SourceFile:1)
06-18 13:50:17.059 W/System.err(20145): 	at tech.gtt.frontapp.servicesdk.common.core.Scheduler$scheduleDirect$1.invokeSuspend(SourceFile:61)
06-18 13:50:17.059 W/System.err(20145): 	at lh.a.resumeWith(SourceFile:14)
06-18 13:50:17.059 W/System.err(20145): 	at kotlinx.coroutines.DispatchedTask.run(SourceFile:123)
06-18 13:50:17.059 W/System.err(20145): 	at kotlinx.coroutines.internal.LimitedDispatcher$Worker.run(SourceFile:4)
06-18 13:50:17.059 W/System.err(20145): 	at kotlinx.coroutines.scheduling.TaskImpl.run(SourceFile:3)
06-18 13:50:17.059 W/System.err(20145): 	at kotlinx.coroutines.scheduling.CoroutineScheduler.runSafely(SourceFile:1)
06-18 13:50:17.059 W/System.err(20145): 	at kotlinx.coroutines.scheduling.CoroutineScheduler$Worker.executeTask(SourceFile:34)
06-18 13:50:17.059 W/System.err(20145): 	at kotlinx.coroutines.scheduling.CoroutineScheduler$Worker.runWorker(SourceFile:29)
06-18 13:50:17.059 W/System.err(20145): 	at kotlinx.coroutines.scheduling.CoroutineScheduler$Worker.run(SourceFile:1)
06-18 13:50:17.060 W/System.err(20145): Caused by: android.system.ErrnoException: open failed: ENOENT (No such file or directory)
06-18 13:50:17.060 W/System.err(20145): 	at libcore.io.Linux.open(Native Method)
06-18 13:50:17.060 W/System.err(20145): 	at libcore.io.ForwardingOs.open(ForwardingOs.java:567)
06-18 13:50:17.060 W/System.err(20145): 	at libcore.io.BlockGuardOs.open(BlockGuardOs.java:273)
06-18 13:50:17.060 W/System.err(20145): 	at libcore.io.ForwardingOs.open(ForwardingOs.java:567)
06-18 13:50:17.060 W/System.err(20145): 	at android.app.ActivityThread$AndroidOs.open(ActivityThread.java:7761)
06-18 13:50:17.060 W/System.err(20145): 	at libcore.io.IoBridge.open(IoBridge.java:561)
06-18 13:50:17.060 W/System.err(20145): 	... 69 more
06-18 13:50:17.062 W/System.err(20145): java.io.FileNotFoundException: sys/class/sunxi_info/sys_info: open failed: ENOENT (No such file or directory)
06-18 13:50:17.064 W/System.err(20145): 	at libcore.io.IoBridge.open(IoBridge.java:575)
06-18 13:50:17.064 W/System.err(20145): 	at java.io.FileInputStream.<init>(FileInputStream.java:160)
06-18 13:50:17.064 W/System.err(20145): 	at java.io.FileInputStream.<init>(FileInputStream.java:115)
06-18 13:50:17.064 W/System.err(20145): 	at ip.b.b(SourceFile:5)
06-18 13:50:17.064 W/System.err(20145): 	at ip.b.a(SourceFile:155)
06-18 13:50:17.064 W/System.err(20145): 	at ip.a.invoke(SourceFile:127)
06-18 13:50:17.064 W/System.err(20145): 	at dh.v.getValue(SourceFile:21)
06-18 13:50:17.064 W/System.err(20145): 	at tech.gtt.frontapp.servicesdk.common.network.interceptor.params.ApiDeviceParams.handleFixedParams(SourceFile:65)
06-18 13:50:17.064 W/System.err(20145): 	at tech.gtt.frontapp.servicesdk.common.service.utility.apis.IParamsGetter.toMaps(SourceFile:87)
06-18 13:50:17.064 W/System.err(20145): 	at tech.gtt.frontapp.servicesdk.common.network.interceptor.DefaultParamsInterceptor.onRequest(SourceFile:127)
06-18 13:50:17.064 W/System.err(20145): 	at tech.gtt.frontapp.servicesdk.common.network.interceptor.SDKInterceptorsPluginKt$setupRequestInterception$1.invokeSuspend(SourceFile:103)
06-18 13:50:17.064 W/System.err(20145): 	at tech.gtt.frontapp.servicesdk.common.network.interceptor.SDKInterceptorsPluginKt$setupRequestInterception$1.invoke(SourceFile:1)
06-18 13:50:17.064 W/System.err(20145): 	at tech.gtt.frontapp.servicesdk.common.network.interceptor.SDKInterceptorsPluginKt$setupRequestInterception$1.invoke(SourceFile:2)
06-18 13:50:17.064 W/System.err(20145): 	at io.ktor.util.pipeline.DebugPipelineContext.proceedLoop(SourceFile:86)
06-18 13:50:17.064 W/System.err(20145): 	at io.ktor.util.pipeline.DebugPipelineContext.proceed(SourceFile:26)
06-18 13:50:17.064 W/System.err(20145): 	at io.ktor.client.plugins.RequestError$install$1.invokeSuspend(SourceFile:47)
06-18 13:50:17.064 W/System.err(20145): 	at io.ktor.client.plugins.RequestError$install$1.invoke(SourceFile:1)
06-18 13:50:17.064 W/System.err(20145): 	at io.ktor.client.plugins.RequestError$install$1.invoke(SourceFile:2)
06-18 13:50:17.064 W/System.err(20145): 	at io.ktor.util.pipeline.DebugPipelineContext.proceedLoop(SourceFile:86)
06-18 13:50:17.064 W/System.err(20145): 	at io.ktor.util.pipeline.DebugPipelineContext.proceed(SourceFile:26)
06-18 13:50:17.064 W/System.err(20145): 	at io.ktor.client.plugins.SetupRequestContext$install$1.invokeSuspend$proceed(SourceFile:1)
06-18 13:50:17.064 W/System.err(20145): 	at io.ktor.client.plugins.SetupRequestContext$install$1.access$invokeSuspend$proceed(SourceFile:1)
06-18 13:50:17.064 W/System.err(20145): 	at io.ktor.client.plugins.SetupRequestContext$install$1$1.invoke(SourceFile:2)
06-18 13:50:17.064 W/System.err(20145): 	at io.ktor.client.plugins.SetupRequestContext$install$1$1.invoke(SourceFile:1)
06-18 13:50:17.064 W/System.err(20145): 	at io.ktor.client.plugins.HttpRequestLifecycleKt$HttpRequestLifecycle$1$1.invokeSuspend(SourceFile:78)
06-18 13:50:17.064 W/System.err(20145): 	at io.ktor.client.plugins.HttpRequestLifecycleKt$HttpRequestLifecycle$1$1.invoke(SourceFile:1)
06-18 13:50:17.064 W/System.err(20145): 	at io.ktor.client.plugins.HttpRequestLifecycleKt$HttpRequestLifecycle$1$1.invoke(SourceFile:2)
06-18 13:50:17.064 W/System.err(20145): 	at io.ktor.client.plugins.SetupRequestContext$install$1.invokeSuspend(SourceFile:42)
06-18 13:50:17.064 W/System.err(20145): 	at io.ktor.client.plugins.SetupRequestContext$install$1.invoke(SourceFile:1)
06-18 13:50:17.064 W/System.err(20145): 	at io.ktor.client.plugins.SetupRequestContext$install$1.invoke(SourceFile:2)
06-18 13:50:17.064 W/System.err(20145): 	at io.ktor.util.pipeline.DebugPipelineContext.proceedLoop(SourceFile:86)
06-18 13:50:17.064 W/System.err(20145): 	at io.ktor.util.pipeline.DebugPipelineContext.proceed(SourceFile:26)
06-18 13:50:17.064 W/System.err(20145): 	at io.ktor.util.pipeline.DebugPipelineContext.execute$ktor_utils(SourceFile:7)
06-18 13:50:17.064 W/System.err(20145): 	at io.ktor.util.pipeline.Pipeline.execute(SourceFile:9)
06-18 13:50:17.064 W/System.err(20145): 	at io.ktor.client.HttpClient.execute$ktor_client_core(SourceFile:68)
06-18 13:50:17.064 W/System.err(20145): 	at io.ktor.client.statement.HttpStatement.fetchResponse(SourceFile:90)
06-18 13:50:17.064 W/System.err(20145): 	at io.ktor.client.statement.HttpStatement.execute(SourceFile:9)
06-18 13:50:17.064 W/System.err(20145): 	at de.jensklingenberg.ktorfit.internal.KtorfitConverterHelper.suspendRequest(SourceFile:127)
06-18 13:50:17.064 W/System.err(20145): 	at de.jensklingenberg.ktorfit.internal.KtorfitConverterHelper$request$1$1.invokeSuspend(SourceFile:58)
06-18 13:50:17.064 W/System.err(20145): 	at de.jensklingenberg.ktorfit.internal.KtorfitConverterHelper$request$1$1.invoke(SourceFile:2)
06-18 13:50:17.064 W/System.err(20145): 	at de.jensklingenberg.ktorfit.internal.KtorfitConverterHelper$request$1$1.invoke(SourceFile:1)
06-18 13:50:17.064 W/System.err(20145): 	at de.jensklingenberg.ktorfit.converter.FlowConverterFactory$responseConverter$1$convert$1.invokeSuspend(SourceFile:84)
06-18 13:50:17.064 W/System.err(20145): 	at de.jensklingenberg.ktorfit.converter.FlowConverterFactory$responseConverter$1$convert$1.invoke(SourceFile:2)
06-18 13:50:17.064 W/System.err(20145): 	at de.jensklingenberg.ktorfit.converter.FlowConverterFactory$responseConverter$1$convert$1.invoke(SourceFile:1)
06-18 13:50:17.064 W/System.err(20145): 	at kotlinx.coroutines.flow.SafeFlow.collectSafely(SourceFile:3)
06-18 13:50:17.064 W/System.err(20145): 	at kotlinx.coroutines.flow.AbstractFlow.collect(SourceFile:70)
06-18 13:50:17.064 W/System.err(20145): 	at kotlinx.coroutines.flow.FlowKt__MergeKt$flatMapConcat$$inlined$map$1.collect(SourceFile:10)
06-18 13:50:17.064 W/System.err(20145): 	at kotlinx.coroutines.flow.FlowKt__MergeKt$flattenConcat$$inlined$unsafeFlow$1.collect(SourceFile:8)
06-18 13:50:17.064 W/System.err(20145): 	at kotlinx.coroutines.flow.FlowKt__CollectKt.collect(SourceFile:1)
06-18 13:50:17.064 W/System.err(20145): 	at kotlinx.coroutines.flow.FlowKt.collect(SourceFile:1)
06-18 13:50:17.064 W/System.err(20145): 	at tech.gtt.frontapp.servicesdk.common.service.utility.apis.ApiUtilServiceImpl.onServiceInit(SourceFile:240)
06-18 13:50:17.064 W/System.err(20145): 	at tech.gtt.frontapp.servicesdk.common.core.ServiceSDKImpl.executeServiceInitialize(SourceFile:372)
06-18 13:50:17.064 W/System.err(20145): 	at tech.gtt.frontapp.servicesdk.common.core.ServiceSDKImpl.access$executeServiceInitialize(SourceFile:1)
06-18 13:50:17.064 W/System.err(20145): 	at tech.gtt.frontapp.servicesdk.common.core.ServiceSDKImpl$init$1.invokeSuspend(SourceFile:178)
06-18 13:50:17.064 W/System.err(20145): 	at tech.gtt.frontapp.servicesdk.common.core.ServiceSDKImpl$init$1.invoke(SourceFile:2)
06-18 13:50:17.064 W/System.err(20145): 	at tech.gtt.frontapp.servicesdk.common.core.ServiceSDKImpl$init$1.invoke(SourceFile:1)
06-18 13:50:17.064 W/System.err(20145): 	at kotlinx.coroutines.flow.SafeFlow.collectSafely(SourceFile:3)
06-18 13:50:17.064 W/System.err(20145): 	at kotlinx.coroutines.flow.AbstractFlow.collect(SourceFile:70)
06-18 13:50:17.064 W/System.err(20145): 	at tech.gtt.frontapp.servicesdk.common.core.SDKSetup$build$1.invokeSuspend(SourceFile:42)
06-18 13:50:17.064 W/System.err(20145): 	at tech.gtt.frontapp.servicesdk.common.core.SDKSetup$build$1.invoke(SourceFile:2)
06-18 13:50:17.064 W/System.err(20145): 	at tech.gtt.frontapp.servicesdk.common.core.SDKSetup$build$1.invoke(SourceFile:1)
06-18 13:50:17.065 W/System.err(20145): 	at tech.gtt.frontapp.servicesdk.common.core.Scheduler$scheduleDirect$1.invokeSuspend(SourceFile:61)
06-18 13:50:17.065 W/System.err(20145): 	at lh.a.resumeWith(SourceFile:14)
06-18 13:50:17.065 W/System.err(20145): 	at kotlinx.coroutines.DispatchedTask.run(SourceFile:123)
06-18 13:50:17.065 W/System.err(20145): 	at kotlinx.coroutines.internal.LimitedDispatcher$Worker.run(SourceFile:4)
