06-18 14:12:01.012 V/GSK-APIS(22295): 1ZzSFGjkDIeiCXMId4PDgGVVlSIyASwkK101zpHYiBFLkyHomTyKx2qg8M5Z8/ULY/KHIV7SkWL1eB4DGBaPvjw8wvP6aenhVOQouO5gyFm85ICpgWwM8+WTO3SijaOKslLz8zts47VQ3dVF37Gf327ooe/kvDU95ZNK/stHiF0tXaY1/caiVY93nI4Nhfat6C+epEApjoRyOXNhmY4bpbBmmY83x5VNWA+appSHLxcMzrGPUX2nFYZzdC5A6f8e/pu9+lkGyiF0xm1EX96YFPXwgvWRX1XiJByyPfv4UEANRm7CNC7cMcZKHLGDiG3YI5Dv5S32lpJsjWSGhwVImjely38c4QTrpaEU9x98IlbS5fQR7MyGwpjJaYmhyE549k9fc/ifDQpVklUrkhU7rzIMXJWTbQlgCnswZGSiD/wAvcNv5jTrf70j1pRdHVadoze7zFIP5rhWpxKDyi+zoMpThNC1K0agFPOm6uFsQnTVhmRdYRj0yJR9KFR661574Z5Ct/csaRoeFRdtTXPlyf8SGOQ/kU0KpYZdVt8cmf+L/sYMiPbfm43En4mHcIycrsDBcxu/P/4Ac0PjuxIy97Loct2VMTwlp6NKMd+uP5BxtF8ph1i4ymkZ7famRNVvxdNn0lLxgQo6Cl4HFxFfR902Iwsg+PIWBWisOsS2Z34zGeKVQx/Q+GZWaHzRsvCSfcK3uhgU27tIPF60JzhkVO/0lAt2AWBdJgfanwvMzG0PfG7pRMLyEN5OqD0AJaISrFfn8xGpQvuVNCC8mr+2ZAa61dMZecP1GT+pkBjrnoLYJKZyuc8uxUsV8p1Cx7C477EKVO+ECQ3KormMkV/44G56AeAo2dLOS6jeSffbAiWqQbccMxr5BGUU3N+LKLUx8e5RZL/8R0uYSOsqJcZH5YeM3kGxAnAQf+eV1y2zx6FB0CBpfEiLUBhO6XK0GLeO5zEpvnFqNJxbskUwIUlVkTgzC6Mn21Iq1oI8l+GBDriwkgRXS+kR7/KCvJltdnQqBbTBrv439AXdNcTgHJCZLVb3baCD53449Q+OfnxUsyaCB3r14nS1gf6442Q56URXZ37Ajh/xwcV/g8SU5AU441arDd+pybMqXEGygXDNCo2WdbrTRk8ncMgsXVftPGpESD1kT37fow5QVgsjGIObiMxh0nn90jlHNSSxeyPnTu2fkaVGQVWraoUUtnpFsYVjpAdN3b9htZgzUj+LPlU7xeNRULRTujzMnjbIhRjVEZFRSYpdNitNrrpB7/BYM8pO6qZlgytsuUa663uSVRtbC5koDLXB5mATAmKdPEWWyeM1Ew2RLkwaokuqlwJnT97cz6pY/DuIM1nPJZtYAlmOnQIyhb9Ul0CGp4iZCVjEsbiYZLq1r+9KdfeJOvz2kj3IVirDM64FbooBSu1I5NpSWGMGX4La6Kt/3zE933xJURGw9ZDVSex1F6bS6bHWvDivMI0zDFVkhlkUxDxEsnQeawqENre+Dvrci+SlrkH29p1SbBo5+ldeoqz0Vlq2GWCh0ci/XZ6iUaTM0K5dyF2tv0zhJsMYMPxz0TwygUJaWvI/18TxhAq15/YPcTjylxvLW6tsbvOFyuDYRgzipPIg5adttaWQt1IrhEoBwucPrPkaanp9PiaHw1b30yZbNZWJ1vr/rq4VYFyBXPFD4khKbQRUV4Sm/WB6QBHlfED2h88HDG0Bnz04tRtVaNlQ1xYFvqfwxFQdpHBzpuswdHDpkr5rKlLWcMHKjzizj8pJi7DgC2yAmw86LISo2QmiRrhm5GLyXO35dLIp9kedxcFXXFN0J01Nc+HXsrWW8EpbmuQoVt491dCHd3PMTWuH+2OnBm5mapyVoDklT2eFcDPgSOSY6/+Em+2sknpphXX2P/Ekn9oec+4bQMzRaPqWHgKdKQIcltWNDebeEPsYknpeGQtO42y5nP+8wmnwSU/wslXin5CwH3TN9iCGy0IYxgCQRhF3olQurqXnhxBiZsjTg2D02PSYm98UmTQax40AUzION52f+kOHce/Z0ntsyhnKe0SLIBGAq/CxJrCpfm/OLnRCi+OL/0KyOClgI3/vbcVE+3EhSxkRZQfJSQo59leD47WaI8Pgz9RZDjoz+FkxP9oRN21N4A13cxFtArty4kYk12HCgSUY44/0qkHuUW0gJe0jcvihU93iVsyCXUmo7+SsNnxQl3L2XY6g9TRrwwR95j2LGXmCIf+0gwYHOXxViC9DbygF8S1KtVtfppZDheOzMgLaGCWrg5jK2+Olz1QJtyCGCpjKloRFXoIj8F9YijBhTHdkINxtD9vj+D3S4HKoumaSRdQA9g2JMC3Rnf8Q0VdyeDtCeDwCAP2ZY63ilyOW59EKgmPrgd9HDDN8ZpGbA4wKuDYbARxepCiXrgJqlNUfE0Ktx2OoJviEE2QI3vxyveXR2cI0UHRTgJ/c4Fi6R84HMETmFzXJuABLARSDS3vx9TcndOLQ92XDbDQLAKnMQ7SK/Xng7lm5YCi4ue9lGXN/GyY+hsUgSBzOLuJd9PZGsRTfw6tegu6Vr7tHQKY6DRXO5PnJCdSOYnRpJZedTxgfTLD1quhSbW9ADKWeGC5SUB2RN/x6rF20yjmK9k5c0Ex2fpG1Tm/tfpX3tmak7+w6cCjEqrdJcCAnjEfSHY/7mlIPwGbuJkRQEUKbg8xnXhDDTit0smZJHC9O1yT5djsNLQE1g8DCiZ+vMbQ55ovVuqdRo0b6mv2+yeFY7XtiYKbh+H6Hwa/aQMC9Y+OHq10nY8Y5L0AHCrXoPhK3UWI5FMRc3Nz7vK7eiNrrDsFhzlhyk3hGGB7InDeGLltXpFJfsH68tQatF8CUcCc36pXpt3sIhSTNQCP4PmJ+nqV9dC5XZxzpkZe3yKSJv4+yiQ9iG3BNEZe3+pFQbjkiLI7kGcqYVQlxHQxDzMH/JV4Tw8dWYdFxwofqItmzQPIr7dJs2Ew/ESuYXqKyTVpG8LM71foYFEJ4FBHUK3PKjsnhnXvKwW+Gbhp7svGSNMTcYgdA2wY3+QhzZLeRJGtSaLLLW/sHsFFgtMfmYUcG0A5brzNjydzvKt0cYmvgzflzG2cKuf3JheA1R9cp+tzEF8pwqOWnwjtaWuNgYRy/4WODrd97KQBM0bIinQx1bG1lhlE+v0/TvixVPXnh4/F+LdakFFlYddH3OZo5TgIQxk5K87ayFqbymIqdCbUmR0haYIU41GaYogit4f+P+x/GSKp5ufVc7UtTcz7nDkR98XBDm69AqNHJy6uZwiFxm2DVz61jAxYc8a12QRkXs2q/+Qz0Xo+/S0wp3CPfb2sv0wLyM7HIi/rHgSUai3ejZDk7xAAWjiKRYMwGo5gM101o5r0cKX07tkluZU6BQjZJxZCcCvok88+FTdDb9rFKFx+I5XWTiW6pkhprDzF+DfSGNx6vSfg9R4Yn5Mxxh2ClIUnwYXIxIDDAIXImWBAoWp2MlKW0698by7WC4g1YmK+4aQ+PK0wgW6YRlvD44vC98fwDbVx1M4+zC5H8jco/nktpgYzar1uzboVswhDc5n2bGwm/tDHTRyTbs0r3gt4tuC7iEH+cELMn+jXGwZhXu5KPspClulTlJOOebiJnb80wwVnBgmaasT8mknx1nesJOhyaMQb1YDKo+wFGEBidPx3VgkJoGU+VwUM7u+7nZHaKXAIjQTI8JijW2YYWHUIFMKpWWMYLCMs7ylPIJ2tovV+nbm3TriQbqOC7eXa1axQH6bXffD9Hj5kouk2O1LsU07KPBRLoGFoZILGV/Llh4pDQrj04E0amiwcxLbZNyT0PD55QytE51MX0/CUsXFzqDCPhnZm5LimHwd0vILJxvgbneioIE6mihq4WHnx2a5uYelxOcduTUzNSE3A++25eC5KYFHlvIX2Eye0Ql37JPg3wbyktJ1Z2GOvaiFKITNYa0o09t3/o3vv9JC5PvjNLnYHa3LBKa5fctiU+UbOrrh0uZ2wQRLQq2foDxsVGGVxcWHefDkOS+FUK/w
06-18 14:12:01.012 V/GSK-APIS(22295): 0v+3gqSkK/wwpQ1GCRQgMmxvDx4+BANS4RhY7dtLVKUCHm1e6qfG22kqwJGjtuAMVMCG4W3HoE5TKKu73Qkby+mCiQ4RB6d15dMIopkmetREewbEUu4ij1T5Xam6VmSUiuujBS+HmUiIm3FQr1PRMKHm2iVc7iJziby0wD7ouwJHyJFF9rG0QckATvqWgDqIuguoJEndp8pjKU9tJbCyHQLjmH0MEjA/IWuBLsPe7Q1U4SfrcysVZo1Mpsk5RCWJoA8cadhcTfgxZ/T7GPHkE2vK8c4GZa7jgwM0RX0vqJ6w/u6eZwIX/YaoLvrLQLMHze3RxMPbzXpNzxakXgrJrgPsM69vlYFZfBz8WQFDdgPAEbwvulv3Z6kRHLtjQv1kl4=
06-18 14:12:01.012 V/GSK-APIS(22295): 	prot:	ACM30
06-18 14:12:01.012 V/GSK-APIS(22295): 	signature:	ece1182c111a131121068e301536915ef8171936
06-18 14:12:01.012 V/GSK-APIS(22295): }
06-18 14:12:01.012 V/GSK-APIS(22295): request to: https://gtt-app-apigateway-lion.vdemosit.com/api/enduser/messagecenter/message/query/v1
06-18 14:12:01.016 V/GSK-Upgrade:ComponentUpdater(22295): get soVersions = 
06-18 14:12:01.016 V/GSK-Upgrade:ComponentUpdater(22295): initConfig
06-18 14:12:01.021 W/ontapp.stb.dem(22295): ClassLoaderContext parent mismatch.  (PCL[] | PCL[];PCL[/data/app/~~-tMPAvyTMYMhU6nbl0NqBw==/tech.gtt.frontapp.stb.demo-qA9iw4qsktyjEZ3tBIQvtg==/base.apk*930720720:/data/app/~~-tMPAvyTMYMhU6nbl0NqBw==/tech.gtt.frontapp.stb.demo-qA9iw4qsktyjEZ3tBIQvtg==/base.apk!classes2.dex*2103280642:/data/app/~~-tMPAvyTMYMhU6nbl0NqBw==/tech.gtt.frontapp.stb.demo-qA9iw4qsktyjEZ3tBIQvtg==/base.apk!classes3.dex*2004927299])
06-18 14:12:01.024 V/GSK-Upgrade:UpgradeManager(22295): startLoopUpdateApp
06-18 14:12:01.024 V/GSK     (22295): UpgradeServiceImp unnecessary initialization() executed in 63 ms.
06-18 14:12:01.032 D/AndroidAutoSize(22295): tech.gtt.frontapp.stb.m.home.activity.LoadingActivity used the global configuration.
06-18 14:12:01.033 D/AndroidAutoSize(22295): The tech.gtt.frontapp.stb.m.home.activity.LoadingActivity has been adapted! 
06-18 14:12:01.033 D/AndroidAutoSize(22295): LoadingActivity Info: isBaseOnWidth = true, designWidthInDp = 1920.000000, designWidthInSubunits = 1920.000000, targetDensity = 1.000000, targetScaledDensity = 1.000000, targetDensityDpi = 160, targetXdpi = 1.000000, targetScreenWidthDp = 1920, targetScreenHeightDp = 1032
06-18 14:12:01.080 V/GSK-Account:AccountManager(22295): isLoggedIn=false
06-18 14:12:01.081 D/AndroidAutoSize(22295): tech.gtt.frontapp.stb.m.home.activity.LoadingActivity used the global configuration.
06-18 14:12:01.081 D/AndroidAutoSize(22295): The tech.gtt.frontapp.stb.m.home.activity.LoadingActivity has been adapted! 
06-18 14:12:01.081 D/AndroidAutoSize(22295): LoadingActivity Info: isBaseOnWidth = true, designWidthInDp = 1920.000000, designWidthInSubunits = 1920.000000, targetDensity = 1.000000, targetScaledDensity = 1.000000, targetDensityDpi = 160, targetXdpi = 1.000000, targetScreenWidthDp = 1920, targetScreenHeightDp = 1032
06-18 14:12:01.093 W/WindowManager( 1936): Failed looking up window session=Session{3169f83 22295:u0a10058} callers=com.android.server.wm.WindowManagerService.windowForClientLocked:5850 com.android.server.wm.Session.updateRequestedVisibilities:640 android.view.IWindowSession$Stub.onTransact:1175 
06-18 14:12:01.103 V/GSK-Upgrade:ComponentUpdater(22295): init
06-18 14:12:01.103 V/GSK-Upgrade:ComponentUpdater(22295): loadLocalDex
06-18 14:12:01.104 V/GSK-Upgrade:ComponentUpdater(22295): local dex is empty
06-18 14:12:01.104 V/GSK-Upgrade:ComponentUpdater(22295): local dex is empty
06-18 14:12:01.104 V/GSK-Upgrade:ComponentUpdater(22295): local dex is empty
06-18 14:12:01.104 V/GSK-Upgrade:ComponentUpdater(22295): local dex is empty
06-18 14:12:01.104 V/GSK-Upgrade:ComponentUpdater(22295): local dex is empty
06-18 14:12:01.104 V/GSK-Upgrade:ComponentUpdater(22295): local dex is empty
06-18 14:12:01.111 W/UiDevice(22200): Skipping null root node for window: AccessibilityWindowInfo[title=允许v-demo访问您设备上的照片和媒体吗？, displayId=0, id=1140, taskId=38, type=TYPE_APPLICATION, layer=1, region=SkRegion((432,48,1488,1080)), bounds=Rect(432, 48 - 1488, 1080), focused=false, active=false, pictureInPicture=false, hasParent=false, isAnchored=false, hasChildren=false]
06-18 14:12:01.160 D/gralloc_nox( 1767): gralloc_alloc: Creating ashmem region of size 8298496
06-18 14:12:01.182 D/ProcessState(22405): Binder ioctl to enable oneway spam detection failed: Invalid argument
06-18 14:12:01.183 D/gralloc_nox( 1767): gralloc_alloc: Creating ashmem region of size 8298496
06-18 14:12:01.222 D/gralloc_nox( 1767): gralloc_alloc: Creating ashmem region of size 8298496
06-18 14:12:01.298 W/ByMatcher(22200): Node returned null child: android.view.accessibility.AccessibilityNodeInfo@80007131; boundsInParent: Rect(0, 0 - 1920, 1080); boundsInScreen: Rect(0, 0 - 1920, 1080); packageName: tech.gtt.frontapp.stb.demo; className: android.widget.FrameLayout; text: null; error: null; maxTextLength: -1; stateDescription: null; contentDescription: null; tooltipText: null; viewIdResName: null; checkable: false; checked: false; focusable: false; focused: false; selected: false; clickable: false; longClickable: false; contextClickable: false; enabled: true; password: false; scrollable: false; importantForAccessibility: true; visible: true; actions: [AccessibilityAction: ACTION_SELECT - null, AccessibilityAction: ACTION_CLEAR_SELECTION - null, AccessibilityAction: ACTION_ACCESSIBILITY_FOCUS - null, AccessibilityAction: ACTION_SHOW_ON_SCREEN - null]
06-18 14:12:01.298 W/ByMatcher(22200): Skipping null child (0 of 2)
06-18 14:12:01.300 W/ByMatcher(22200): Skipping null child (1 of 2)
06-18 14:12:01.304 W/ByMatcher(22200): Node returned null child: android.view.accessibility.AccessibilityNodeInfo@80007131; boundsInParent: Rect(0, 0 - 1920, 1080); boundsInScreen: Rect(0, 0 - 1920, 1080); packageName: tech.gtt.frontapp.stb.demo; className: android.widget.FrameLayout; text: null; error: null; maxTextLength: -1; stateDescription: null; contentDescription: null; tooltipText: null; viewIdResName: null; checkable: false; checked: false; focusable: false; focused: false; selected: false; clickable: false; longClickable: false; contextClickable: false; enabled: true; password: false; scrollable: false; importantForAccessibility: true; visible: true; actions: [AccessibilityAction: ACTION_SELECT - null, AccessibilityAction: ACTION_CLEAR_SELECTION - null, AccessibilityAction: ACTION_ACCESSIBILITY_FOCUS - null, AccessibilityAction: ACTION_SHOW_ON_SCREEN - null]
06-18 14:12:01.305 W/ByMatcher(22200): Skipping null child (0 of 2)
06-18 14:12:01.309 W/ByMatcher(22200): Skipping null child (1 of 2)
06-18 14:12:01.314 I/ActivityTaskManager( 1936): Displayed tech.gtt.frontapp.stb.demo/tech.gtt.frontapp.stb.m.home.activity.LoadingActivity: +325ms
06-18 14:12:01.324 D/CompatibilityChangeReporter(22295): Compat change id reported: 171228096; UID 10058; state: ENABLED
06-18 14:12:01.341 W/DataBinding(22295): Setting the fragment as the LifecycleOwner might cause memory leaks because views lives shorter than the Fragment. Consider using Fragment's view lifecycle
06-18 14:12:01.369 I/MediaFocusControl( 1936): requestAudioFocus() from uid/pid 10058/22295 AA=USAGE_MEDIA/CONTENT_TYPE_MOVIE clientId=android.media.AudioManager@1be4bcd callingPack=tech.gtt.frontapp.stb.demo req=1 flags=0x0 sdk=35
06-18 14:12:01.372 I/AudioService.FadeOutManager( 1936): unfadeOutUid() uid:10058
06-18 14:12:01.381 W/MediaProvider( 2560): Failed to fetch original file descriptor
06-18 14:12:01.381 W/MediaProvider( 2560): java.io.IOException: stat failed: ENOENT (No such file or directory)
06-18 14:12:01.381 W/MediaProvider( 2560): 	at com.android.providers.media.MediaProvider.getFileFromFileDescriptor(MediaProvider.java:5822)
06-18 14:12:01.381 W/MediaProvider( 2560): 	at com.android.providers.media.MediaProvider.getOriginalMediaFormatFileDescriptor(MediaProvider.java:5739)
06-18 14:12:01.381 W/MediaProvider( 2560): 	at com.android.providers.media.MediaProvider.openTypedAssetFileCommon(MediaProvider.java:7162)
06-18 14:12:01.381 W/MediaProvider( 2560): 	at com.android.providers.media.MediaProvider.openTypedAssetFile(MediaProvider.java:7143)
06-18 14:12:01.381 W/MediaProvider( 2560): 	at android.content.ContentProvider$Transport.openTypedAssetFile(ContentProvider.java:548)
06-18 14:12:01.381 W/MediaProvider( 2560): 	at android.content.ContentProviderNative.onTransact(ContentProviderNative.java:327)
06-18 14:12:01.381 W/MediaProvider( 2560): 	at android.os.Binder.execTransactInternal(Binder.java:1179)
06-18 14:12:01.381 W/MediaProvider( 2560): 	at android.os.Binder.execTransact(Binder.java:1143)
06-18 14:12:01.381 W/MediaProvider( 2560): Caused by: android.system.ErrnoException: stat failed: ENOENT (No such file or directory)
06-18 14:12:01.381 W/MediaProvider( 2560): 	at libcore.io.Linux.stat(Native Method)
06-18 14:12:01.381 W/MediaProvider( 2560): 	at libcore.io.ForwardingOs.stat(ForwardingOs.java:853)
06-18 14:12:01.381 W/MediaProvider( 2560): 	at libcore.io.BlockGuardOs.stat(BlockGuardOs.java:420)
06-18 14:12:01.381 W/MediaProvider( 2560): 	at libcore.io.ForwardingOs.stat(ForwardingOs.java:853)
06-18 14:12:01.381 W/MediaProvider( 2560): 	at android.app.ActivityThread$AndroidOs.stat(ActivityThread.java:7775)
06-18 14:12:01.381 W/MediaProvider( 2560): 	at android.system.Os.stat(Os.java:919)
06-18 14:12:01.381 W/MediaProvider( 2560): 	at com.android.providers.media.MediaProvider.getFileFromFileDescriptor(MediaProvider.java:5816)
06-18 14:12:01.381 W/MediaProvider( 2560): 	... 7 more
06-18 14:12:01.382 D/NuPlayerDriver( 1809): NuPlayerDriver(0xf5c02920) created, clientPid(22295)
06-18 14:12:01.385 D/SurfaceUtils( 1809): connecting to surface 0xf0803278, reason setVideoSurfaceTexture
06-18 14:12:01.386 D/NuPlayer( 1809): onSetVideoSurface(0xf0801940, no video decoder)
06-18 14:12:01.391 D/GenericSource( 1809): FileSource remote
06-18 14:12:01.394 I/SampleTable( 1807): There are reordered frames present.
06-18 14:12:01.395 D/MediaBufferGroup( 1807): creating MemoryDealer
06-18 14:12:01.409 D/MediaPlayerNative(22295): getMetadata
06-18 14:12:01.431 I/GenericSource( 1809): start
06-18 14:12:01.434 D/UiDevice(22200): Searching for node with selector: BySelector [RES='\Qtech.gtt.frontapp.stb.demo:id/account_login_tv2\E'].
06-18 14:12:01.438 W/QueryController(22200): Could not detect idle state.
06-18 14:12:01.440 I/OMXClient( 1809): IOmx service obtained
06-18 14:12:01.440 I/OMXClient( 1809): IOmx service obtained
06-18 14:12:01.440 I/OMXStore( 1812): makeComponentInstance(OMX.google.h264.decoder) in android.hardwar process
06-18 14:12:01.441 I/OMXStore( 1812): makeComponentInstance(OMX.google.aac.decoder) in android.hardwar process
06-18 14:12:01.445 E/OMXNodeInstance( 1812): setConfig(0xe6d402b0:google.aac.decoder, ConfigPriority(0x6f800002)) ERROR: Undefined(0x80001001)
06-18 14:12:01.445 I/ACodec  ( 1809): codec does not support config priority (err -2147483648)
06-18 14:12:01.446 D/SurfaceUtils( 1809): disconnecting from surface 0xf0801948, reason onConfigure
06-18 14:12:01.447 E/OMXNodeInstance( 1812): getConfig(0xe6d402b0:google.aac.decoder, ConfigAndroidVendorExtension(0x6f100004)) ERROR: Undefined(0x80001001)
06-18 14:12:01.447 D/SurfaceUtils( 1809): connecting to surface 0xf0801948, reason connectToSurface
06-18 14:12:01.447 D/SoftAAC2( 1812): get OMX_IndexParamAudioAndroidAacDrcPresentation
06-18 14:12:01.448 I/MediaCodec( 1809): MediaCodec will operate in async mode
06-18 14:12:01.448 D/MediaCodec( 1809): keep callback message for reclaim
06-18 14:12:01.449 I/MediaCodec( 1809): [OMX.google.h264.decoder] setting surface generation to 1852437
06-18 14:12:01.449 D/SurfaceUtils( 1809): disconnecting from surface 0xf0801948, reason connectToSurface(reconnect)
06-18 14:12:01.450 D/SurfaceUtils( 1809): connecting to surface 0xf0801948, reason connectToSurface(reconnect)
06-18 14:12:01.457 E/OMXNodeInstance( 1812): getExtensionIndex(0xe6d40ef0:google.h264.decoder, OMX.google.android.index.enableAndroidNativeBuffers) ERROR: UnsupportedIndex(0x8000101a)
06-18 14:12:01.457 E/ACodec  ( 1809): [OMX.google.h264.decoder] setPortMode on output to DynamicANWBuffer failed w/ err -1010
06-18 14:12:01.458 E/OMXNodeInstance( 1812): getParameter(0xe6d40ef0:google.h264.decoder, ??(0x6f600011)) ERROR: UnsupportedIndex(0x8000101a)
06-18 14:12:01.459 W/OMXNodeInstance( 1812): [0xe6d40ef0:google.h264.decoder] component does not support metadata mode; using fallback
06-18 14:12:01.461 D/SoftVideoDecoderOMXComponent( 1812): Color Aspects preference: 1 
06-18 14:12:01.461 E/OMXNodeInstance( 1812): setConfig(0xe6d40ef0:google.h264.decoder, ConfigPriority(0x6f800002)) ERROR: UnsupportedIndex(0x8000101a)
06-18 14:12:01.461 I/SoftAAC2( 1812): Reconfiguring decoder: 0->44100 Hz, 0->1 channels
06-18 14:12:01.462 D/SoftAAC2( 1812): get OMX_IndexParamAudioAndroidAacDrcPresentation
06-18 14:12:01.462 I/ACodec  ( 1809): codec does not support config priority (err -1010)
06-18 14:12:01.462 E/OMXNodeInstance( 1812): setConfig(0xe6d40ef0:google.h264.decoder, ConfigOperatingRate(0x6f800003)) ERROR: UnsupportedIndex(0x8000101a)
06-18 14:12:01.462 I/ACodec  ( 1809): codec does not support config operating rate (err -1010)
06-18 14:12:01.462 E/OMXNodeInstance( 1812): getConfig(0xe6d40ef0:google.h264.decoder, ConfigAndroidVendorExtension(0x6f100004)) ERROR: UnsupportedIndex(0x8000101a)
06-18 14:12:01.464 E/OMXNodeInstance( 1812): getConfig(0xe6d40ef0:google.h264.decoder, ??(0x7f000003)) ERROR: UnsupportedSetting(0x80001019)
06-18 14:12:01.467 I/MediaCodec( 1809): MediaCodec will operate in async mode
06-18 14:12:01.467 D/MediaCodec( 1809): keep callback message for reclaim
06-18 14:12:01.476 V/GSK-APIS(22295): received response >>> id: 437f1b9e url: https://gtt-app-apigateway-lion.vdemosit.com/api/enduser/messagecenter/message/query/v1 statusCode: 400, exception: null
06-18 14:12:01.478 I/System.out(22295): [SDKInterceptorPlugin] Unhandled exception in request processing: Something went wrong while connecting to the server, statusCode: 400
06-18 14:12:01.480 D/AudioFlinger( 1776): Client defaulted notificationFrames to 11286 for frameCount 22572
06-18 14:12:01.483 D/AF::TrackHandle( 1776): OpPlayAudio: track:77 usage:1 not muted
06-18 14:12:01.490 W/ResourceManagerService( 1809): Ignoring request to add new resource entry with value <= 0
06-18 14:12:01.493 D/SoftVideoDecoderOMXComponent( 1812): Color Aspects preference: 1 
06-18 14:12:01.502 E/OMXNodeInstance( 1812): getConfig(0xe6d40ef0:google.h264.decoder, ??(0x7f000003)) ERROR: UnsupportedSetting(0x80001019)
06-18 14:12:01.507 D/MediaCodec( 1809): [OMX.google.h264.decoder] setting dataspace on output surface to #102
06-18 14:12:01.530 W/MediaPlayerNative(22295): info/warning (3, 0)
06-18 14:12:01.531 D/gralloc_nox( 1767): gralloc_alloc: Creating ashmem region of size 589824
06-18 14:12:01.531 E/android.hardware.audio.service( 1759): pcm_open called create stream faild
06-18 14:12:01.534 D/SoftwareRenderer( 1809): setting dataspace on output surface to #8000102
06-18 14:12:01.535 D/gralloc_nox( 1767): gralloc_alloc: Creating ashmem region of size 589824
06-18 14:12:01.549 W/InputManager-JNI( 1936): Input channel object '61e237e tech.gtt.frontapp.stb.demo/tech.gtt.frontapp.stb.m.home.activity.SplashActivity (client)' was disposed without first being removed with the input manager!
06-18 14:12:01.569 D/UiDevice(22200): Searching for node with selector: BySelector [RES='\Qtech.gtt.frontapp.stb.demo:id/account_login_tv2\E'].
06-18 14:12:01.573 W/QueryController(22200): Could not detect idle state.
06-18 14:12:01.583 D/AudioFlinger( 1776): mixer(0x7e14b2cf8a60) throttle end: throttle time(39)
06-18 14:12:01.688 D/UiDevice(22200): Searching for node with selector: BySelector [RES='\Qtech.gtt.frontapp.stb.demo:id/account_login_tv2\E'].
06-18 14:12:01.688 W/QueryController(22200): Could not detect idle state.
06-18 14:12:01.795 D/UiDevice(22200): Searching for node with selector: BySelector [RES='\Qtech.gtt.frontapp.stb.demo:id/account_login_tv2\E'].
06-18 14:12:01.796 W/QueryController(22200): Could not detect idle state.
06-18 14:12:01.803 D/gralloc_nox( 1767): gralloc_alloc: Creating ashmem region of size 589824
06-18 14:12:01.880 D/AudioFlinger( 1776): mixer(0x7e14b2cf8a60) throttle end: throttle time(233)
06-18 14:12:01.901 D/UiDevice(22200): Searching for node with selector: BySelector [RES='\Qtech.gtt.frontapp.stb.demo:id/account_login_tv2\E'].
06-18 14:12:01.903 W/QueryController(22200): Could not detect idle state.
06-18 14:12:02.006 D/UiDevice(22200): Searching for node with selector: BySelector [RES='\Qtech.gtt.frontapp.stb.demo:id/account_login_tv2\E'].
06-18 14:12:02.006 W/QueryController(22200): Could not detect idle state.
06-18 14:12:02.115 D/UiDevice(22200): Searching for node with selector: BySelector [RES='\Qtech.gtt.frontapp.stb.demo:id/account_login_tv2\E'].
06-18 14:12:02.115 W/QueryController(22200): Could not detect idle state.
06-18 14:12:02.219 D/UiDevice(22200): Searching for node with selector: BySelector [RES='\Qtech.gtt.frontapp.stb.demo:id/account_login_tv2\E'].
06-18 14:12:02.220 W/QueryController(22200): Could not detect idle state.
06-18 14:12:02.326 D/UiDevice(22200): Searching for node with selector: BySelector [RES='\Qtech.gtt.frontapp.stb.demo:id/account_login_tv2\E'].
06-18 14:12:02.327 W/QueryController(22200): Could not detect idle state.
06-18 14:12:02.430 D/UiDevice(22200): Searching for node with selector: BySelector [RES='\Qtech.gtt.frontapp.stb.demo:id/account_login_tv2\E'].
06-18 14:12:02.431 W/QueryController(22200): Could not detect idle state.
06-18 14:12:02.536 D/UiDevice(22200): Searching for node with selector: BySelector [RES='\Qtech.gtt.frontapp.stb.demo:id/account_login_tv2\E'].
06-18 14:12:02.537 W/QueryController(22200): Could not detect idle state.
06-18 14:12:02.640 D/UiDevice(22200): Searching for node with selector: BySelector [RES='\Qtech.gtt.frontapp.stb.demo:id/account_login_tv2\E'].
06-18 14:12:02.641 W/QueryController(22200): Could not detect idle state.
06-18 14:12:02.745 D/UiDevice(22200): Searching for node with selector: BySelector [RES='\Qtech.gtt.frontapp.stb.demo:id/account_login_tv2\E'].
06-18 14:12:02.746 W/QueryController(22200): Could not detect idle state.
06-18 14:12:02.851 D/UiDevice(22200): Searching for node with selector: BySelector [RES='\Qtech.gtt.frontapp.stb.demo:id/account_login_tv2\E'].
06-18 14:12:02.853 W/QueryController(22200): Could not detect idle state.
06-18 14:12:02.959 D/UiDevice(22200): Searching for node with selector: BySelector [RES='\Qtech.gtt.frontapp.stb.demo:id/account_login_tv2\E'].
06-18 14:12:02.960 W/QueryController(22200): Could not detect idle state.
06-18 14:12:03.067 D/UiDevice(22200): Searching for node with selector: BySelector [RES='\Qtech.gtt.frontapp.stb.demo:id/account_login_tv2\E'].
06-18 14:12:03.067 W/QueryController(22200): Could not detect idle state.
06-18 14:12:03.176 D/UiDevice(22200): Searching for node with selector: BySelector [RES='\Qtech.gtt.frontapp.stb.demo:id/account_login_tv2\E'].
06-18 14:12:03.176 W/QueryController(22200): Could not detect idle state.
06-18 14:12:03.282 D/UiDevice(22200): Searching for node with selector: BySelector [RES='\Qtech.gtt.frontapp.stb.demo:id/account_login_tv2\E'].
06-18 14:12:03.282 W/QueryController(22200): Could not detect idle state.
06-18 14:12:03.390 D/UiDevice(22200): Searching for node with selector: BySelector [RES='\Qtech.gtt.frontapp.stb.demo:id/account_login_tv2\E'].
06-18 14:12:03.391 W/QueryController(22200): Could not detect idle state.
06-18 14:12:03.494 D/UiDevice(22200): Searching for node with selector: BySelector [RES='\Qtech.gtt.frontapp.stb.demo:id/account_login_tv2\E'].
06-18 14:12:03.495 W/QueryController(22200): Could not detect idle state.
06-18 14:12:03.600 D/UiDevice(22200): Searching for node with selector: BySelector [RES='\Qtech.gtt.frontapp.stb.demo:id/account_login_tv2\E'].
06-18 14:12:03.600 W/QueryController(22200): Could not detect idle state.
06-18 14:12:03.705 D/UiDevice(22200): Searching for node with selector: BySelector [RES='\Qtech.gtt.frontapp.stb.demo:id/account_login_tv2\E'].
06-18 14:12:03.706 W/QueryController(22200): Could not detect idle state.
06-18 14:12:03.811 D/UiDevice(22200): Searching for node with selector: BySelector [RES='\Qtech.gtt.frontapp.stb.demo:id/account_login_tv2\E'].
06-18 14:12:03.812 W/QueryController(22200): Could not detect idle state.
06-18 14:12:03.917 D/UiDevice(22200): Searching for node with selector: BySelector [RES='\Qtech.gtt.frontapp.stb.demo:id/account_login_tv2\E'].
06-18 14:12:03.918 W/QueryController(22200): Could not detect idle state.
06-18 14:12:04.026 D/UiDevice(22200): Searching for node with selector: BySelector [RES='\Qtech.gtt.frontapp.stb.demo:id/account_login_tv2\E'].
06-18 14:12:04.028 W/QueryController(22200): Could not detect idle state.
06-18 14:12:04.132 D/UiDevice(22200): Searching for node with selector: BySelector [RES='\Qtech.gtt.frontapp.stb.demo:id/account_login_tv2\E'].
06-18 14:12:04.133 W/QueryController(22200): Could not detect idle state.
06-18 14:12:04.237 D/UiDevice(22200): Searching for node with selector: BySelector [RES='\Qtech.gtt.frontapp.stb.demo:id/account_login_tv2\E'].
06-18 14:12:04.237 W/QueryController(22200): Could not detect idle state.
06-18 14:12:04.342 D/UiDevice(22200): Searching for node with selector: BySelector [RES='\Qtech.gtt.frontapp.stb.demo:id/account_login_tv2\E'].
06-18 14:12:04.343 W/QueryController(22200): Could not detect idle state.
06-18 14:12:04.455 D/UiDevice(22200): Searching for node with selector: BySelector [RES='\Qtech.gtt.frontapp.stb.demo:id/account_login_tv2\E'].
06-18 14:12:04.455 W/QueryController(22200): Could not detect idle state.
06-18 14:12:04.500 E/TaskPersister( 1936): File error accessing recents directory (directory doesn't exist?).
06-18 14:12:04.558 D/UiDevice(22200): Searching for node with selector: BySelector [RES='\Qtech.gtt.frontapp.stb.demo:id/account_login_tv2\E'].
06-18 14:12:04.559 W/QueryController(22200): Could not detect idle state.
06-18 14:12:04.667 D/UiDevice(22200): Searching for node with selector: BySelector [RES='\Qtech.gtt.frontapp.stb.demo:id/account_login_tv2\E'].
06-18 14:12:04.668 W/QueryController(22200): Could not detect idle state.
06-18 14:12:04.773 D/UiDevice(22200): Searching for node with selector: BySelector [RES='\Qtech.gtt.frontapp.stb.demo:id/account_login_tv2\E'].
06-18 14:12:04.774 W/QueryController(22200): Could not detect idle state.
06-18 14:12:04.817 I/keystore2( 1710): keystore2::watchdog: Watchdog thread idle -> terminating. Have a great day.
06-18 14:12:04.879 D/UiDevice(22200): Searching for node with selector: BySelector [RES='\Qtech.gtt.frontapp.stb.demo:id/account_login_tv2\E'].
06-18 14:12:04.880 W/QueryController(22200): Could not detect idle state.
06-18 14:12:04.984 D/UiDevice(22200): Searching for node with selector: BySelector [RES='\Qtech.gtt.frontapp.stb.demo:id/account_login_tv2\E'].
06-18 14:12:04.986 W/QueryController(22200): Could not detect idle state.
06-18 14:12:05.093 D/UiDevice(22200): Searching for node with selector: BySelector [RES='\Qtech.gtt.frontapp.stb.demo:id/account_login_tv2\E'].
06-18 14:12:05.096 W/QueryController(22200): Could not detect idle state.
06-18 14:12:05.199 D/UiDevice(22200): Searching for node with selector: BySelector [RES='\Qtech.gtt.frontapp.stb.demo:id/account_login_tv2\E'].
06-18 14:12:05.199 W/QueryController(22200): Could not detect idle state.
06-18 14:12:05.304 D/UiDevice(22200): Searching for node with selector: BySelector [RES='\Qtech.gtt.frontapp.stb.demo:id/account_login_tv2\E'].
06-18 14:12:05.304 W/QueryController(22200): Could not detect idle state.
06-18 14:12:05.407 D/UiDevice(22200): Searching for node with selector: BySelector [RES='\Qtech.gtt.frontapp.stb.demo:id/account_login_tv2\E'].
06-18 14:12:05.408 W/QueryController(22200): Could not detect idle state.
06-18 14:12:05.456 D/AudioTrack( 1809): stop(29): called with 200704 frames delivered
06-18 14:12:05.513 D/UiDevice(22200): Searching for node with selector: BySelector [RES='\Qtech.gtt.frontapp.stb.demo:id/account_login_tv2\E'].
06-18 14:12:05.514 W/QueryController(22200): Could not detect idle state.
06-18 14:12:05.621 D/UiDevice(22200): Searching for node with selector: BySelector [RES='\Qtech.gtt.frontapp.stb.demo:id/account_login_tv2\E'].
06-18 14:12:05.622 W/QueryController(22200): Could not detect idle state.
06-18 14:12:05.727 D/UiDevice(22200): Searching for node with selector: BySelector [RES='\Qtech.gtt.frontapp.stb.demo:id/account_login_tv2\E'].
06-18 14:12:05.727 W/QueryController(22200): Could not detect idle state.
06-18 14:12:05.834 D/UiDevice(22200): Searching for node with selector: BySelector [RES='\Qtech.gtt.frontapp.stb.demo:id/account_login_tv2\E'].
06-18 14:12:05.835 W/QueryController(22200): Could not detect idle state.
06-18 14:12:05.881 D/NuPlayerDriver( 1809): stop(0xf5c02920)
06-18 14:12:05.881 V/MediaPlayer(22295): resetDrmState:  mDrmInfo=null mDrmProvisioningThread=null mPrepareDrmInProgress=false mActiveDrmScheme=false
06-18 14:12:05.881 V/MediaPlayer(22295): cleanDrmObj: mDrmObj=null mDrmSessionId=null
06-18 14:12:05.881 D/NuPlayerDriver( 1809): reset(0xf5c02920) at state 8
06-18 14:12:05.886 D/SurfaceUtils( 1809): disconnecting from surface 0xf0801948, reason disconnectFromSurface
06-18 14:12:05.888 D/SurfaceUtils( 1809): connecting to surface 0xf0801948, reason onShutdown
06-18 14:12:05.889 D/NuPlayerDriver( 1809): notifyResetComplete(0xf5c02920)
06-18 14:12:05.889 D/SurfaceUtils( 1809): disconnecting from surface 0xf0803278, reason disconnectNativeWindow
06-18 14:12:05.890 W/AMessage( 1809): failed to post message as target looper for handler 0 is gone.
06-18 14:12:05.891 I/MediaFocusControl( 1936): abandonAudioFocus() from uid/pid 10058/22295 clientId=android.media.AudioManager@1be4bcd
06-18 14:12:05.892 I/ActivityTaskManager( 1936): START u0 {cmp=tech.gtt.frontapp.stb.demo/tech.gtt.frontapp.stb.m.account.activity.LoginMethodSwitchActivity (has extras)} from uid 10058
06-18 14:12:05.893 D/CompatibilityChangeReporter( 1936): Compat change id reported: 174042980; UID 10058; state: DISABLED
06-18 14:12:05.893 D/CompatibilityChangeReporter( 1936): Compat change id reported: 184838306; UID 10058; state: DISABLED
06-18 14:12:05.894 D/CompatibilityChangeReporter( 1936): Compat change id reported: 185004937; UID 10058; state: DISABLED
06-18 14:12:05.894 D/CompatibilityChangeReporter( 1936): Compat change id reported: 181136395; UID 10058; state: DISABLED
06-18 14:12:05.894 D/CompatibilityChangeReporter( 1936): Compat change id reported: 174042936; UID 10058; state: DISABLED
06-18 14:12:05.895 D/CompatibilityChangeReporter( 1936): Compat change id reported: 197654537; UID 10058; state: ENABLED
06-18 14:12:05.896 D/CompatibilityChangeReporter( 1936): Compat change id reported: 168419799; UID 10058; state: DISABLED
06-18 14:12:05.898 I/MediaFocusControl( 1936): abandonAudioFocus() from uid/pid 10058/22295 clientId=android.media.AudioManager@1be4bcd
06-18 14:12:05.899 W/MediaPlayer(22295): mediaplayer went away with unhandled events
06-18 14:12:05.901 W/MediaPlayer(22295): mediaplayer went away with unhandled events
06-18 14:12:05.905 W/ActivityTaskManager( 1936): Tried to set launchTime (0) < mLastActivityLaunchTime (70017687)
06-18 14:12:05.917 D/AndroidAutoSize(22295): tech.gtt.frontapp.stb.m.account.activity.LoginMethodSwitchActivity used the global configuration.
06-18 14:12:05.917 D/AndroidAutoSize(22295): The tech.gtt.frontapp.stb.m.account.activity.LoginMethodSwitchActivity has been adapted! 
06-18 14:12:05.917 D/AndroidAutoSize(22295): LoginMethodSwitchActivity Info: isBaseOnWidth = true, designWidthInDp = 1920.000000, designWidthInSubunits = 1920.000000, targetDensity = 1.000000, targetScaledDensity = 1.000000, targetDensityDpi = 160, targetXdpi = 1.000000, targetScreenWidthDp = 1920, targetScreenHeightDp = 1032
06-18 14:12:05.939 D/UiDevice(22200): Searching for node with selector: BySelector [RES='\Qtech.gtt.frontapp.stb.demo:id/account_login_tv2\E'].
06-18 14:12:05.940 W/QueryController(22200): Could not detect idle state.
06-18 14:12:05.951 D/AndroidAutoSize(22295): tech.gtt.frontapp.stb.m.account.activity.LoginMethodSwitchActivity used the global configuration.
06-18 14:12:05.951 D/AndroidAutoSize(22295): The tech.gtt.frontapp.stb.m.account.activity.LoginMethodSwitchActivity has been adapted! 
06-18 14:12:05.951 D/AndroidAutoSize(22295): LoginMethodSwitchActivity Info: isBaseOnWidth = true, designWidthInDp = 1920.000000, designWidthInSubunits = 1920.000000, targetDensity = 1.000000, targetScaledDensity = 1.000000, targetDensityDpi = 160, targetXdpi = 1.000000, targetScreenWidthDp = 1920, targetScreenHeightDp = 1032
06-18 14:12:05.956 W/WindowManager( 1936): Failed looking up window session=Session{3169f83 22295:u0a10058} callers=com.android.server.wm.WindowManagerService.windowForClientLocked:5850 com.android.server.wm.Session.updateRequestedVisibilities:640 android.view.IWindowSession$Stub.onTransact:1175 
06-18 14:12:05.965 D/gralloc_nox( 1767): gralloc_alloc: Creating ashmem region of size 8298496
06-18 14:12:05.995 D/gralloc_nox( 1767): gralloc_alloc: Creating ashmem region of size 8298496
06-18 14:12:06.003 D/ProcessState(22701): Binder ioctl to enable oneway spam detection failed: Invalid argument
06-18 14:12:06.019 D/gralloc_nox( 1767): gralloc_alloc: Creating ashmem region of size 8298496
06-18 14:12:06.085 E/libEGL  (22295): called unimplemented OpenGL ES API
06-18 14:12:06.106 I/ActivityTaskManager( 1936): Displayed tech.gtt.frontapp.stb.demo/tech.gtt.frontapp.stb.m.account.activity.LoginMethodSwitchActivity: +210ms
06-18 14:12:06.190 D/UIAutomatorStub(22200): URI: /jsonrpc/0, Method: POST, params, {NanoHttpd.QUERY_STRING=null}, files: {postData={"jsonrpc": "2.0", "id": 1, "method": "objInfo", "params": [{"mask": 2097152, "childOrSibling": [], "childOrSiblingSelector": [], "resourceId": "tech.gtt.frontapp.stb.demo:id/account_login_tv2"}]}}
06-18 14:12:06.192 D/UiDevice(22200): Retrieving node with selector: BySelector [RES='\Qtech.gtt.frontapp.stb.demo:id/account_login_tv2\E'].
06-18 14:12:06.193 W/QueryController(22200): Could not detect idle state.
06-18 14:12:06.198 W/QueryController(22200): Could not detect idle state.
06-18 14:12:06.200 W/QueryController(22200): Could not detect idle state.
06-18 14:12:06.202 W/QueryController(22200): Could not detect idle state.
06-18 14:12:06.205 W/QueryController(22200): Could not detect idle state.
06-18 14:12:06.208 W/QueryController(22200): Could not detect idle state.
06-18 14:12:06.210 W/QueryController(22200): Could not detect idle state.
06-18 14:12:06.214 W/QueryController(22200): Could not detect idle state.
06-18 14:12:06.216 W/QueryController(22200): Could not detect idle state.
06-18 14:12:06.217 W/QueryController(22200): Could not detect idle state.
06-18 14:12:06.218 W/QueryController(22200): Could not detect idle state.
06-18 14:12:06.219 W/QueryController(22200): Could not detect idle state.
06-18 14:12:06.221 W/QueryController(22200): Could not detect idle state.
06-18 14:12:06.225 W/QueryController(22200): Could not detect idle state.
06-18 14:12:06.227 W/QueryController(22200): Could not detect idle state.
06-18 14:12:06.230 W/QueryController(22200): Could not detect idle state.
06-18 14:12:06.235 W/QueryController(22200): Could not detect idle state.
06-18 14:12:06.238 W/QueryController(22200): Could not detect idle state.
06-18 14:12:06.260 D/UIAutomatorStub(22200): URI: /jsonrpc/0, Method: POST, params, {NanoHttpd.QUERY_STRING=null}, files: {postData={"jsonrpc": "2.0", "id": 1, "method": "click", "params": [1390.0, 559.0]}}
06-18 14:12:06.350 W/InputManager-JNI( 1936): Input channel object '5c0126a tech.gtt.frontapp.stb.demo/tech.gtt.frontapp.stb.m.home.activity.LoadingActivity (client)' was disposed without first being removed with the input manager!
06-18 14:12:06.478 I/ActivityTaskManager( 1936): START u0 {cmp=tech.gtt.frontapp.stb.demo/tech.gtt.frontapp.stb.m.account.activity.LoginActivity} from uid 10058
06-18 14:12:06.483 W/ActivityTaskManager( 1936): Tried to set launchTime (0) < mLastActivityLaunchTime (70022584)
06-18 14:12:06.489 D/AndroidAutoSize(22295): tech.gtt.frontapp.stb.m.account.activity.LoginActivity used the global configuration.
06-18 14:12:06.490 D/AndroidAutoSize(22295): The tech.gtt.frontapp.stb.m.account.activity.LoginActivity has been adapted! 
06-18 14:12:06.490 D/AndroidAutoSize(22295): LoginActivity Info: isBaseOnWidth = true, designWidthInDp = 1920.000000, designWidthInSubunits = 1920.000000, targetDensity = 1.000000, targetScaledDensity = 1.000000, targetDensityDpi = 160, targetXdpi = 1.000000, targetScreenWidthDp = 1920, targetScreenHeightDp = 1032
06-18 14:12:06.519 D/UIAutomatorStub(22200): URI: /jsonrpc/0, Method: POST, params, {NanoHttpd.QUERY_STRING=null}, files: {postData={"jsonrpc": "2.0", "id": 1, "method": "waitForExists", "params": [{"mask": 2097152, "childOrSibling": [], "childOrSiblingSelector": [], "resourceId": "tech.gtt.frontapp.stb.demo:id/loginf_et_username"}, 20000]}}
06-18 14:12:06.522 D/UiDevice(22200): Waiting 20000ms for SearchCondition[hasObject=BySelector [RES='\Qtech.gtt.frontapp.stb.demo:id/loginf_et_username\E']].
06-18 14:12:06.522 D/UiDevice(22200): Searching for node with selector: BySelector [RES='\Qtech.gtt.frontapp.stb.demo:id/loginf_et_username\E'].
06-18 14:12:06.522 W/QueryController(22200): Could not detect idle state.
06-18 14:12:06.553 D/AndroidAutoSize(22295): tech.gtt.frontapp.stb.m.account.activity.LoginActivity used the global configuration.
06-18 14:12:06.553 D/AndroidAutoSize(22295): The tech.gtt.frontapp.stb.m.account.activity.LoginActivity has been adapted! 
06-18 14:12:06.553 D/AndroidAutoSize(22295): LoginActivity Info: isBaseOnWidth = true, designWidthInDp = 1920.000000, designWidthInSubunits = 1920.000000, targetDensity = 1.000000, targetScaledDensity = 1.000000, targetDensityDpi = 160, targetXdpi = 1.000000, targetScreenWidthDp = 1920, targetScreenHeightDp = 1032
06-18 14:12:06.556 W/WindowManager( 1936): Failed looking up window session=Session{3169f83 22295:u0a10058} callers=com.android.server.wm.WindowManagerService.windowForClientLocked:5850 com.android.server.wm.Session.updateRequestedVisibilities:640 android.view.IWindowSession$Stub.onTransact:1175 
06-18 14:12:06.575 D/gralloc_nox( 1767): gralloc_alloc: Creating ashmem region of size 8298496
06-18 14:12:06.592 D/gralloc_nox( 1767): gralloc_alloc: Creating ashmem region of size 8298496
06-18 14:12:06.610 D/ProcessState(22713): Binder ioctl to enable oneway spam detection failed: Invalid argument
06-18 14:12:06.612 D/gralloc_nox( 1767): gralloc_alloc: Creating ashmem region of size 8298496
06-18 14:12:06.666 W/ByMatcher(22200): Node returned null child: android.view.accessibility.AccessibilityNodeInfo@11de2; boundsInParent: Rect(0, 0 - 807, 364); boundsInScreen: Rect(120, 358 - 927, 722); packageName: tech.gtt.frontapp.stb.demo; className: android.widget.LinearLayout; text: null; error: null; maxTextLength: -1; stateDescription: null; contentDescription: null; tooltipText: null; viewIdResName: null; checkable: false; checked: false; focusable: false; focused: false; selected: false; clickable: false; longClickable: false; contextClickable: false; enabled: true; password: false; scrollable: false; importantForAccessibility: false; visible: true; actions: [AccessibilityAction: ACTION_SELECT - null, AccessibilityAction: ACTION_CLEAR_SELECTION - null, AccessibilityAction: ACTION_ACCESSIBILITY_FOCUS - null, AccessibilityAction: ACTION_SHOW_ON_SCREEN - null]
06-18 14:12:06.666 W/ByMatcher(22200): Skipping null child (0 of 3)
06-18 14:12:06.667 W/ByMatcher(22200): Skipping null child (1 of 3)
06-18 14:12:06.668 W/ByMatcher(22200): Skipping null child (2 of 3)
06-18 14:12:06.670 W/ByMatcher(22200): Node returned null child: android.view.accessibility.AccessibilityNodeInfo@11660; boundsInParent: Rect(0, 0 - 1920, 1080); boundsInScreen: Rect(0, 0 - 1920, 1080); packageName: tech.gtt.frontapp.stb.demo; className: android.widget.RelativeLayout; text: null; error: null; maxTextLength: -1; stateDescription: null; contentDescription: null; tooltipText: null; viewIdResName: null; checkable: false; checked: false; focusable: false; focused: false; selected: false; clickable: false; longClickable: false; contextClickable: false; enabled: true; password: false; scrollable: false; importantForAccessibility: false; visible: true; actions: [AccessibilityAction: ACTION_SELECT - null, AccessibilityAction: ACTION_CLEAR_SELECTION - null, AccessibilityAction: ACTION_ACCESSIBILITY_FOCUS - null, AccessibilityAction: ACTION_SHOW_ON_SCREEN - null]
06-18 14:12:06.670 W/ByMatcher(22200): Skipping null child (1 of 3)
06-18 14:12:06.671 W/ByMatcher(22200): Skipping null child (2 of 3)
06-18 14:12:06.671 I/ActivityTaskManager( 1936): Displayed tech.gtt.frontapp.stb.demo/tech.gtt.frontapp.stb.m.account.activity.LoginActivity: +192ms
06-18 14:12:06.671 W/ByMatcher(22200): Node returned null child: android.view.accessibility.AccessibilityNodeInfo@80007134; boundsInParent: Rect(0, 0 - 1920, 1080); boundsInScreen: Rect(0, 0 - 1920, 1080); packageName: tech.gtt.frontapp.stb.demo; className: android.widget.FrameLayout; text: null; error: null; maxTextLength: -1; stateDescription: null; contentDescription: null; tooltipText: null; viewIdResName: null; checkable: false; checked: false; focusable: false; focused: false; selected: false; clickable: false; longClickable: false; contextClickable: false; enabled: true; password: false; scrollable: false; importantForAccessibility: true; visible: true; actions: [AccessibilityAction: ACTION_SELECT - null, AccessibilityAction: ACTION_CLEAR_SELECTION - null, AccessibilityAction: ACTION_ACCESSIBILITY_FOCUS - null, AccessibilityAction: ACTION_SHOW_ON_SCREEN - null]
06-18 14:12:06.672 W/ByMatcher(22200): Skipping null child (0 of 1)
06-18 14:12:06.772 D/UiDevice(22200): Searching for node with selector: BySelector [RES='\Qtech.gtt.frontapp.stb.demo:id/loginf_et_username\E'].
06-18 14:12:06.773 W/QueryController(22200): Could not detect idle state.
06-18 14:12:06.811 D/UIAutomatorStub(22200): URI: /jsonrpc/0, Method: POST, params, {NanoHttpd.QUERY_STRING=null}, files: {postData={"jsonrpc": "2.0", "id": 1, "method": "objInfo", "params": [{"mask": 2097152, "childOrSibling": [], "childOrSiblingSelector": [], "resourceId": "tech.gtt.frontapp.stb.demo:id/loginf_et_username"}]}}
06-18 14:12:06.812 D/UiDevice(22200): Retrieving node with selector: BySelector [RES='\Qtech.gtt.frontapp.stb.demo:id/loginf_et_username\E'].
06-18 14:12:06.813 W/QueryController(22200): Could not detect idle state.
06-18 14:12:06.816 W/QueryController(22200): Could not detect idle state.
06-18 14:12:06.817 W/QueryController(22200): Could not detect idle state.
06-18 14:12:06.817 W/QueryController(22200): Could not detect idle state.
06-18 14:12:06.818 W/QueryController(22200): Could not detect idle state.
06-18 14:12:06.819 W/QueryController(22200): Could not detect idle state.
06-18 14:12:06.820 W/QueryController(22200): Could not detect idle state.
06-18 14:12:06.823 W/QueryController(22200): Could not detect idle state.
06-18 14:12:06.825 W/QueryController(22200): Could not detect idle state.
06-18 14:12:06.827 W/QueryController(22200): Could not detect idle state.
06-18 14:12:06.828 W/QueryController(22200): Could not detect idle state.
06-18 14:12:06.831 W/QueryController(22200): Could not detect idle state.
06-18 14:12:06.833 W/QueryController(22200): Could not detect idle state.
06-18 14:12:06.833 W/QueryController(22200): Could not detect idle state.
06-18 14:12:06.834 W/QueryController(22200): Could not detect idle state.
06-18 14:12:06.836 W/QueryController(22200): Could not detect idle state.
06-18 14:12:06.839 W/QueryController(22200): Could not detect idle state.
06-18 14:12:06.842 W/QueryController(22200): Could not detect idle state.
06-18 14:12:06.874 D/UIAutomatorStub(22200): URI: /jsonrpc/0, Method: POST, params, {NanoHttpd.QUERY_STRING=null}, files: {postData={"jsonrpc": "2.0", "id": 1, "method": "click", "params": [1057.0, 437.0]}}
06-18 14:12:06.922 W/SurfaceFlinger( 1779): couldn't log to binary event log: overflow.
06-18 14:12:07.029 D/CompatibilityChangeReporter(22295): Compat change id reported: 163400105; UID 10058; state: ENABLED
06-18 14:12:07.029 D/InputMethodManager(22295): showSoftInput() view=tech.gtt.frontapp.stb.c.ui.edittext.EmailAutoCompleteTextView{b2e5e7d VFED..CL. .F.P..ID 0,0-700,92 #7f0b02ce app:id/loginf_et_username aid=1073741824} flags=0 reason=SHOW_SOFT_INPUT
06-18 14:12:07.030 V/InputMethodService( 3034): onEvaluateInputViewShown: config.hardKeyboardHidden = 2
06-18 14:12:07.030 V/InputMethodService( 3034): onEvaluateInputViewShown: config.hardKeyboardHidden = 2
06-18 14:12:07.030 I/AdbKeyboard( 3034): imeAction: 5 Next
06-18 14:12:07.041 D/gralloc_nox( 1767): gralloc_alloc: Creating ashmem region of size 647168
06-18 14:12:07.068 D/gralloc_nox( 1767): gralloc_alloc: Creating ashmem region of size 647168
06-18 14:12:07.073 D/gralloc_nox( 1767): gralloc_alloc: Creating ashmem region of size 647168
06-18 14:12:07.082 D/ProcessState(22722): Binder ioctl to enable oneway spam detection failed: Invalid argument
06-18 14:12:07.084 D/InsetsController(22295): show(ime(), fromIme=true)
06-18 14:12:07.088 D/UIAutomatorStub(22200): URI: /jsonrpc/0, Method: POST, params, {NanoHttpd.QUERY_STRING=null}, files: {postData={"jsonrpc": "2.0", "id": 1, "method": "waitForExists", "params": [{"mask": 2097152, "childOrSibling": [], "childOrSiblingSelector": [], "resourceId": "tech.gtt.frontapp.stb.demo:id/loginf_et_username"}, 20000]}}
06-18 14:12:07.089 D/UiDevice(22200): Waiting 20000ms for SearchCondition[hasObject=BySelector [RES='\Qtech.gtt.frontapp.stb.demo:id/loginf_et_username\E']].
06-18 14:12:07.089 D/UiDevice(22200): Searching for node with selector: BySelector [RES='\Qtech.gtt.frontapp.stb.demo:id/loginf_et_username\E'].
06-18 14:12:07.090 W/QueryController(22200): Could not detect idle state.
06-18 14:12:07.130 D/UIAutomatorStub(22200): URI: /jsonrpc/0, Method: POST, params, {NanoHttpd.QUERY_STRING=null}, files: {postData={"jsonrpc": "2.0", "id": 1, "method": "setText", "params": [{"mask": 2097152, "childOrSibling": [], "childOrSiblingSelector": [], "resourceId": "tech.gtt.frontapp.stb.demo:id/loginf_et_username"}, "0609@ipwangxin.cn"]}}
06-18 14:12:07.131 D/UiDevice(22200): Retrieving node with selector: BySelector [RES='\Qtech.gtt.frontapp.stb.demo:id/loginf_et_username\E'].
06-18 14:12:07.131 W/QueryController(22200): Could not detect idle state.
06-18 14:12:07.133 W/QueryController(22200): Could not detect idle state.
06-18 14:12:07.135 D/UiObject2(22200): Clicking on (1057, 437).
06-18 14:12:07.174 D/InputMethodManager(22295): showSoftInput() view=tech.gtt.frontapp.stb.c.ui.edittext.EmailAutoCompleteTextView{b2e5e7d VFED..CL. .F.P.... 0,0-700,92 #7f0b02ce app:id/loginf_et_username aid=1073741824} flags=0 reason=SHOW_SOFT_INPUT
06-18 14:12:07.175 V/InputMethodService( 3034): onEvaluateInputViewShown: config.hardKeyboardHidden = 2
06-18 14:12:07.175 V/InputMethodService( 3034): onEvaluateInputViewShown: config.hardKeyboardHidden = 2
06-18 14:12:07.177 D/InsetsController(22295): show(ime(), fromIme=true)
06-18 14:12:07.198 W/GestureController(22200): Gestures took longer than expected (63ms >> 16ms), device might be in a busy state.
06-18 14:12:07.199 D/UiDevice(22200): Retrieving node with selector: BySelector [RES='\Qtech.gtt.frontapp.stb.demo:id/loginf_et_username\E'].
06-18 14:12:07.199 W/QueryController(22200): Could not detect idle state.
06-18 14:12:07.209 W/QueryController(22200): Could not detect idle state.
06-18 14:12:07.211 D/UiObject2(22200): Setting text to '0609@ipwangxin.cn'.
06-18 14:12:07.215 I/AdbKeyboard( 3034): imeAction: 5 Next
06-18 14:12:07.215 V/InputMethodService( 3034): onEvaluateInputViewShown: config.hardKeyboardHidden = 2
06-18 14:12:07.215 V/InputMethodService( 3034): onEvaluateInputViewShown: config.hardKeyboardHidden = 2
06-18 14:12:07.251 D/InsetsController(22295): show(ime(), fromIme=true)
06-18 14:12:07.278 D/UIAutomatorStub(22200): URI: /jsonrpc/0, Method: POST, params, {NanoHttpd.QUERY_STRING=null}, files: {postData={"jsonrpc": "2.0", "id": 1, "method": "waitForExists", "params": [{"mask": 2097152, "childOrSibling": [], "childOrSiblingSelector": [], "resourceId": "tech.gtt.frontapp.stb.demo:id/et_pwd"}, 20000]}}
06-18 14:12:07.279 D/UiDevice(22200): Waiting 20000ms for SearchCondition[hasObject=BySelector [RES='\Qtech.gtt.frontapp.stb.demo:id/et_pwd\E']].
06-18 14:12:07.279 D/UiDevice(22200): Searching for node with selector: BySelector [RES='\Qtech.gtt.frontapp.stb.demo:id/et_pwd\E'].
06-18 14:12:07.280 W/QueryController(22200): Could not detect idle state.
06-18 14:12:07.314 D/UIAutomatorStub(22200): URI: /jsonrpc/0, Method: POST, params, {NanoHttpd.QUERY_STRING=null}, files: {postData={"jsonrpc": "2.0", "id": 1, "method": "objInfo", "params": [{"mask": 2097152, "childOrSibling": [], "childOrSiblingSelector": [], "resourceId": "tech.gtt.frontapp.stb.demo:id/et_pwd"}]}}
06-18 14:12:07.314 D/UiDevice(22200): Retrieving node with selector: BySelector [RES='\Qtech.gtt.frontapp.stb.demo:id/et_pwd\E'].
06-18 14:12:07.315 W/QueryController(22200): Could not detect idle state.
06-18 14:12:07.318 W/QueryController(22200): Could not detect idle state.
06-18 14:12:07.320 W/QueryController(22200): Could not detect idle state.
06-18 14:12:07.321 W/QueryController(22200): Could not detect idle state.
06-18 14:12:07.321 W/QueryController(22200): Could not detect idle state.
06-18 14:12:07.322 W/QueryController(22200): Could not detect idle state.
06-18 14:12:07.323 W/QueryController(22200): Could not detect idle state.
06-18 14:12:07.324 W/QueryController(22200): Could not detect idle state.
06-18 14:12:07.325 W/QueryController(22200): Could not detect idle state.
06-18 14:12:07.326 W/NotificationHistory( 1936): Attempted to add notif for locked/gone/disabled user 0
