--------- beginning of main
06-18 14:11:54.309 D/ProcessState(22226): Binder ioctl to enable oneway spam detection failed: Invalid argument
--------- beginning of system
06-18 14:11:54.310 I/ActivityManager( 1936): Force stopping tech.gtt.frontapp.stb.demo appid=10058 user=0: clear data
06-18 14:11:54.313 I/ActivityManager( 1936): Force stopping tech.gtt.frontapp.stb.demo appid=10058 user=-1: clearApplicationUserData
06-18 14:11:54.318 D/CompatibilityChangeReporter( 1936): Compat change id reported: 135634846; UID 10019; state: DISABLED
06-18 14:11:54.318 D/CompatibilityChangeReporter( 1936): Compat change id reported: 177438394; UID 10019; state: DISABLED
06-18 14:11:54.318 D/CompatibilityChangeReporter( 1936): Compat change id reported: 135772972; UID 10019; state: DISABLED
06-18 14:11:54.318 D/CompatibilityChangeReporter( 1936): Compat change id reported: 135754954; UID 10019; state: ENABLED
06-18 14:11:54.319 D/CompatibilityChangeReporter( 1936): Compat change id reported: 143937733; UID 10019; state: ENABLED
06-18 14:11:54.321 D/Zygote  ( 1756): Forked child process 22232
06-18 14:11:54.322 I/ActivityManager( 1936): Start proc 22232:com.android.documentsui/u0a19 for broadcast {com.android.documentsui/com.android.documentsui.PackageReceiver}
06-18 14:11:54.324 I/Zygote  (22232): seccomp disabled by setenforce 0
06-18 14:11:54.326 W/oid.documentsu(22232): Unexpected CPU variant for X86 using defaults: x86_64
06-18 14:11:54.330 D/ProcessState(22232): Binder ioctl to enable oneway spam detection failed: Invalid argument
06-18 14:11:54.340 E/ashmem  (22232): memfd: ro.vndk.version not defined or invalid (), this is mandated since P.
06-18 14:11:54.341 D/CompatibilityChangeReporter(22232): Compat change id reported: 171979766; UID 10019; state: DISABLED
06-18 14:11:54.373 V/GraphicsEnvironment(22232): ANGLE Developer option for 'com.android.documentsui' set to: 'default'
06-18 14:11:54.374 V/GraphicsEnvironment(22232): ANGLE GameManagerService for com.android.documentsui: false
06-18 14:11:54.374 V/GraphicsEnvironment(22232): Neither updatable production driver nor prerelease driver is supported.
06-18 14:11:54.375 D/NetworkSecurityConfig(22232): No Network Security Config specified, using platform default
06-18 14:11:54.375 D/NetworkSecurityConfig(22232): No Network Security Config specified, using platform default
06-18 14:11:54.404 D/CompatibilityChangeReporter( 1936): Compat change id reported: 135634846; UID 10053; state: DISABLED
06-18 14:11:54.404 D/CompatibilityChangeReporter( 1936): Compat change id reported: 177438394; UID 10053; state: DISABLED
06-18 14:11:54.404 D/CompatibilityChangeReporter( 1936): Compat change id reported: 135772972; UID 10053; state: DISABLED
06-18 14:11:54.404 D/CompatibilityChangeReporter( 1936): Compat change id reported: 135754954; UID 10053; state: ENABLED
06-18 14:11:54.404 D/CompatibilityChangeReporter( 1936): Compat change id reported: 143937733; UID 10053; state: ENABLED
06-18 14:11:54.404 D/DocumentsApplication(22232): OverlayManager.setEnabled() result: true
06-18 14:11:54.407 D/Zygote  ( 1756): Forked child process 22260
06-18 14:11:54.407 I/ActivityManager( 1936): Start proc 22260:com.android.permissioncontroller/u0a53 for broadcast {com.android.permissioncontroller/com.android.permissioncontroller.permission.service.LocationAccessCheck$PackageResetHandler}
06-18 14:11:54.409 I/Zygote  (22260): seccomp disabled by setenforce 0
06-18 14:11:54.411 W/ssioncontrolle(22260): Unexpected CPU variant for X86 using defaults: x86_64
06-18 14:11:54.414 D/ProcessState(22260): Binder ioctl to enable oneway spam detection failed: Invalid argument
06-18 14:11:54.415 D/AndroidRuntime(22251): >>>>>> START com.android.internal.os.RuntimeInit uid 0 <<<<<<
06-18 14:11:54.417 I/AndroidRuntime(22251): Using default boot image
06-18 14:11:54.417 I/AndroidRuntime(22251): Leaving lock profiling enabled
06-18 14:11:54.422 W/app_process(22251): ART APEX data files are untrusted.
06-18 14:11:54.422 I/app_process(22251): Core platform API reporting enabled, enforcing=false
06-18 14:11:54.423 E/ashmem  (22260): memfd: ro.vndk.version not defined or invalid (), this is mandated since P.
06-18 14:11:54.425 D/CompatibilityChangeReporter(22260): Compat change id reported: 171979766; UID 10053; state: ENABLED
06-18 14:11:54.435 V/GraphicsEnvironment(22260): ANGLE Developer option for 'com.android.permissioncontroller' set to: 'default'
06-18 14:11:54.435 V/GraphicsEnvironment(22260): ANGLE GameManagerService for com.android.permissioncontroller: false
06-18 14:11:54.436 V/GraphicsEnvironment(22260): Neither updatable production driver nor prerelease driver is supported.
06-18 14:11:54.437 D/NetworkSecurityConfig(22260): No Network Security Config specified, using platform default
06-18 14:11:54.438 D/NetworkSecurityConfig(22260): No Network Security Config specified, using platform default
06-18 14:11:54.455 I/MediaProvider( 2560): Begin Intent { act=android.intent.action.PACKAGE_DATA_CLEARED dat=package:tech.gtt.frontapp.stb.demo flg=0x1000010 cmp=com.android.providers.media.module/com.android.providers.media.MediaService (has extras) }
06-18 14:11:54.456 D/MediaProvider( 2560): Deleted 0 Android/media items belonging to tech.gtt.frontapp.stb.demo on /data/user/0/com.android.providers.media.module/databases/external.db
06-18 14:11:54.456 I/MediaProvider( 2560): End Intent { act=android.intent.action.PACKAGE_DATA_CLEARED dat=package:tech.gtt.frontapp.stb.demo flg=0x1000010 cmp=com.android.providers.media.module/com.android.providers.media.MediaService (has extras) }
06-18 14:11:54.465 D/app_process(22251): Time zone APEX ICU file found: /apex/com.android.tzdata/etc/icu/icu_tzdata.dat
06-18 14:11:54.465 D/app_process(22251): I18n APEX ICU file found: /apex/com.android.i18n/etc/icu/icudt68l.dat
06-18 14:11:54.470 W/app_process(22251): Unexpected CPU variant for X86 using defaults: x86_64
06-18 14:11:54.482 D/ProcessState(22251): Binder ioctl to enable oneway spam detection failed: Invalid argument
06-18 14:11:54.482 D/AndroidRuntime(22251): Calling main entry com.android.commands.monkey.Monkey
06-18 14:11:54.483 W/Monkey  (22251): args: [-p, tech.gtt.frontapp.stb.demo, -c, android.intent.category.LAUNCHER, 1]
06-18 14:11:54.483 W/Monkey  (22251):  arg: "-p"
06-18 14:11:54.483 W/Monkey  (22251):  arg: "tech.gtt.frontapp.stb.demo"
06-18 14:11:54.483 W/Monkey  (22251):  arg: "-c"
06-18 14:11:54.483 W/Monkey  (22251):  arg: "android.intent.category.LAUNCHER"
06-18 14:11:54.483 W/Monkey  (22251):  arg: "1"
06-18 14:11:54.483 W/Monkey  (22251): data="tech.gtt.frontapp.stb.demo"
06-18 14:11:54.483 W/Monkey  (22251): data="android.intent.category.LAUNCHER"
06-18 14:11:54.512 W/BroadcastQueue( 1936): Skipping deliver [background] BroadcastRecord{bce93a3 u-1 android.net.conn.CONNECTIVITY_CHANGE} to ReceiverList{b02b6a0 22251 (unknown name)/0/u-1 remote:6fe9d5d}: process gone or crashing
06-18 14:11:54.517 I/ActivityTaskManager( 1936): START u0 {act=android.intent.action.MAIN cat=[android.intent.category.LAUNCHER] flg=0x10200000 cmp=tech.gtt.frontapp.stb.demo/tech.gtt.frontapp.stb.m.home.activity.SplashActivity} from uid 0
06-18 14:11:54.518 W/ActivityTaskManager( 1936): Can't find TaskDisplayArea to determine support for multi window. Task id=38 attached=false
06-18 14:11:54.529 I/Monkey  (22251): Events injected: 1
06-18 14:11:54.539 D/CompatibilityChangeReporter( 1936): Compat change id reported: 135634846; UID 10058; state: DISABLED
06-18 14:11:54.540 D/CompatibilityChangeReporter( 1936): Compat change id reported: 143937733; UID 10058; state: ENABLED
06-18 14:11:54.540 I/Monkey  (22251): ## Network stats: elapsed time=17ms (0ms mobile, 0ms wifi, 17ms not connected)
06-18 14:11:54.549 W/ndroid.systemu( 2106): Reducing the number of considered missed Gc histogram windows from 108 to 100
06-18 14:11:54.551 W/System  ( 2106): A resource failed to call close. 
06-18 14:11:54.551 W/System  ( 2106): A resource failed to call close. 
06-18 14:11:54.552 D/gralloc_nox( 1767): gralloc_alloc: Creating ashmem region of size 8298496
06-18 14:11:54.569 D/Zygote  ( 1756): Forked child process 22295
06-18 14:11:54.569 I/app_process(22251): System.exit called, status: 0
06-18 14:11:54.570 I/AndroidRuntime(22251): VM exiting with result code 0.
06-18 14:11:54.571 I/ActivityManager( 1936): Start proc 22295:tech.gtt.frontapp.stb.demo/u0a58 for pre-top-activity {tech.gtt.frontapp.stb.demo/tech.gtt.frontapp.stb.m.home.activity.SplashActivity}
06-18 14:11:54.575 I/Zygote  (22295): seccomp disabled by setenforce 0
06-18 14:11:54.586 W/ontapp.stb.dem(22295): Unexpected CPU variant for X86 using defaults: x86_64
06-18 14:11:54.595 D/ProcessState(22295): Binder ioctl to enable oneway spam detection failed: Invalid argument
06-18 14:11:54.609 D/gralloc_nox( 1767): gralloc_alloc: Creating ashmem region of size 8298496
06-18 14:11:54.616 E/ashmem  (22295): memfd: ro.vndk.version not defined or invalid (), this is mandated since P.
06-18 14:11:54.622 D/CompatibilityChangeReporter(22295): Compat change id reported: 171979766; UID 10058; state: ENABLED
06-18 14:11:54.654 V/GraphicsEnvironment(22295): ANGLE Developer option for 'tech.gtt.frontapp.stb.demo' set to: 'default'
06-18 14:11:54.656 V/GraphicsEnvironment(22295): ANGLE GameManagerService for tech.gtt.frontapp.stb.demo: false
06-18 14:11:54.657 V/GraphicsEnvironment(22295): Neither updatable production driver nor prerelease driver is supported.
06-18 14:11:54.659 D/gralloc_nox( 1767): gralloc_alloc: Creating ashmem region of size 8298496
06-18 14:11:54.660 D/NetworkSecurityConfig(22295): Using Network Security Config from resource network_security_config debugBuild: false
06-18 14:11:54.662 D/NetworkSecurityConfig(22295): Using Network Security Config from resource network_security_config debugBuild: false
06-18 14:11:54.671 I/MultiDex(22295): VM with version 2.1.0 has multidex support
06-18 14:11:54.671 I/MultiDex(22295): Installing application
06-18 14:11:54.671 I/MultiDex(22295): VM has multidex support, MultiDex support library is disabled.
06-18 14:11:54.672 E/[Package](22295): params: AppConfiguration(vnoId='11026504', brandId='d0k7d3p3kdikth2o3q6g', appId='d0jucrbq6bt4h33c0ma0', sourceId='30006401-31002837', authServers='https://gtt-app-apigateway-lion.vdemosit.com', shareKey='S2kQMgUSugYyMlk5QclHDaF0uDsFnB0oJoFeAFgsKb8=', packageName='tech.gtt.frontapp.stb.demo', appName='Goose TV', appVersionName='v1.0.0', appVersionCode='7', pluginVersionCode='1', pluginVersionName='6.0.0-beta-build5', packageSeq='1', buglyAppId='d76a04165f', buglyKey='13b89b2d-1c12-4c4f-93b8-46e3c2ef9f73', baseVersionCode='20000066', gitTag='2.1.4-beta6', supportLang='en,pt,es', defaultLang='en', bootLoadType='1')
06-18 14:11:54.672 W/System.err(22295): java.lang.ClassNotFoundException: tech.gtt.frontapp.stb.docker.plugin.PluginUtils
06-18 14:11:54.673 W/System.err(22295): 	at java.lang.Class.classForName(Native Method)
06-18 14:11:54.673 W/System.err(22295): 	at java.lang.Class.forName(Class.java:454)
06-18 14:11:54.673 W/System.err(22295): 	at java.lang.Class.forName(Class.java:379)
06-18 14:11:54.673 W/System.err(22295): 	at ot.e.b(SourceFile:3)
06-18 14:11:54.673 W/System.err(22295): 	at tech.gtt.frontapp.stb.app.MainApplication.attachBaseContext(SourceFile:130)
06-18 14:11:54.673 W/System.err(22295): 	at android.app.Application.attach(Application.java:338)
06-18 14:11:54.673 W/System.err(22295): 	at android.app.Instrumentation.newApplication(Instrumentation.java:1190)
06-18 14:11:54.673 W/System.err(22295): 	at android.app.LoadedApk.makeApplication(LoadedApk.java:1361)
06-18 14:11:54.673 W/System.err(22295): 	at android.app.ActivityThread.handleBindApplication(ActivityThread.java:6728)
06-18 14:11:54.673 W/System.err(22295): 	at android.app.ActivityThread.access$1500(ActivityThread.java:256)
06-18 14:11:54.673 W/System.err(22295): 	at android.app.ActivityThread$H.handleMessage(ActivityThread.java:2091)
06-18 14:11:54.673 W/System.err(22295): 	at android.os.Handler.dispatchMessage(Handler.java:106)
06-18 14:11:54.673 W/System.err(22295): 	at android.os.Looper.loopOnce(Looper.java:201)
06-18 14:11:54.673 W/System.err(22295): 	at android.os.Looper.loop(Looper.java:288)
06-18 14:11:54.673 W/System.err(22295): 	at android.app.ActivityThread.main(ActivityThread.java:7875)
06-18 14:11:54.673 W/System.err(22295): 	at java.lang.reflect.Method.invoke(Native Method)
06-18 14:11:54.673 W/System.err(22295): 	at com.android.internal.os.RuntimeInit$MethodAndArgsCaller.run(RuntimeInit.java:568)
06-18 14:11:54.674 W/System.err(22295): 	at com.android.internal.os.ZygoteInit.main(ZygoteInit.java:1005)
06-18 14:11:54.674 W/System.err(22295): Caused by: java.lang.ClassNotFoundException: tech.gtt.frontapp.stb.docker.plugin.PluginUtils
06-18 14:11:54.674 W/System.err(22295): 	... 18 more
06-18 14:11:54.674 E/[Package](22295): isInPluginMode: false
06-18 14:11:54.676 I/CustomActivityOnCrash(22295): CustomActivityOnCrash has been installed.
06-18 14:11:54.678 I/System.out(22295): Modular_Init : a - initialize
06-18 14:11:54.688 I/System.out(22295): Modular_Init : d - initialize
06-18 14:11:54.695 I/System.out(22295): Modular_Init : a - initialize
06-18 14:11:54.696 I/System.out(22295): Modular_Init : a - initialize
06-18 14:11:54.696 D/[CatchupInitModule](22295): init---
06-18 14:11:54.696 I/System.out(22295): Modular_Init : a - initialize
06-18 14:11:54.696 D/[ReplayInitialize](22295): init---
06-18 14:11:54.696 I/System.out(22295): Modular_Init : a - initialize
06-18 14:11:54.696 D/[LiveInitialize](22295): init---
06-18 14:11:54.696 I/System.out(22295): Modular_Init : b - initialize
06-18 14:11:54.701 D/AndroidAutoSize(22295): designWidthInDp = 360, designHeightInDp = 640, screenWidth = 1920, screenHeight = 1080
06-18 14:11:54.702 D/AndroidAutoSize(22295): initDensity = 2.0, initScaledDensity = 2.0
06-18 14:11:54.768 D/AndroidAutoSize(22295): tech.gtt.frontapp.stb.m.home.activity.SplashActivity used the global configuration.
06-18 14:11:54.778 D/AndroidAutoSize(22295): The tech.gtt.frontapp.stb.m.home.activity.SplashActivity has been adapted! 
06-18 14:11:54.778 D/AndroidAutoSize(22295): SplashActivity Info: isBaseOnWidth = true, designWidthInDp = 1920.000000, designWidthInSubunits = 1920.000000, targetDensity = 1.000000, targetScaledDensity = 1.000000, targetDensityDpi = 160, targetXdpi = 1.000000, targetScreenWidthDp = 1920, targetScreenHeightDp = 1032
06-18 14:11:54.843 D/AndroidAutoSize(22295): tech.gtt.frontapp.stb.m.home.activity.SplashActivity used the global configuration.
06-18 14:11:54.843 D/AndroidAutoSize(22295): The tech.gtt.frontapp.stb.m.home.activity.SplashActivity has been adapted! 
06-18 14:11:54.843 D/AndroidAutoSize(22295): SplashActivity Info: isBaseOnWidth = true, designWidthInDp = 1920.000000, designWidthInSubunits = 1920.000000, targetDensity = 1.000000, targetScaledDensity = 1.000000, targetDensityDpi = 160, targetXdpi = 1.000000, targetScreenWidthDp = 1920, targetScreenHeightDp = 1032
06-18 14:11:54.849 I/ActivityTaskManager( 1936): START u0 {act=android.content.pm.action.REQUEST_PERMISSIONS pkg=com.android.permissioncontroller cmp=com.android.permissioncontroller/.permission.ui.GrantPermissionsActivity (has extras)} from uid 10058
06-18 14:11:54.850 D/CompatibilityChangeReporter( 1936): Compat change id reported: 174042980; UID 10053; state: DISABLED
06-18 14:11:54.851 D/CompatibilityChangeReporter( 1936): Compat change id reported: 184838306; UID 10053; state: DISABLED
06-18 14:11:54.851 D/CompatibilityChangeReporter( 1936): Compat change id reported: 185004937; UID 10053; state: DISABLED
06-18 14:11:54.851 D/CompatibilityChangeReporter( 1936): Compat change id reported: 181136395; UID 10053; state: DISABLED
06-18 14:11:54.851 D/CompatibilityChangeReporter( 1936): Compat change id reported: 174042936; UID 10053; state: DISABLED
06-18 14:11:54.874 D/ontapp.stb.dem(22295): createUnique: call
06-18 14:11:54.887 D/ontapp.stb.dem(22295): HostComposition ext GL_OES_EGL_image GL_OES_EGL_image_external GL_OES_depth24 GL_OES_depth32 GL_OES_element_index_uint GL_OES_texture_float GL_OES_texture_float_linear GL_OES_compressed_paletted_texture GL_OES_compressed_ETC1_RGB8_texture GL_OES_depth_texture GL_EXT_texture_format_BGRA8888 GL_APPLE_texture_format_BGRA8888 GL_OES_texture_half_float GL_EXT_robustness GL_OES_texture_half_float_linear GL_OES_packed_depth_stencil GL_OES_vertex_half_float GL_OES_texture_npot GL_OES_rgb8_rgba8 GL_EXT_color_buffer_float GL_EXT_texture_sRGB_decode ANDROID_gles_max_version_3_1 GL_OES_vertex_array_object GL_EXT_texture_buffer GL_EXT_copy_image GL_KHR_texture_compression_astc_ldr GL_KHR_texture_compression_astc_hdr GL_OES_texture_compression_astc GL_OES_EGL_image_external
06-18 14:11:54.888 D/hw-ProcessState(22295): Binder ioctl to enable oneway spam detection failed: Invalid argument
06-18 14:11:54.890 W/OpenGLRenderer(22295): Failed to initialize 101010-2 format, error = EGL_SUCCESS
06-18 14:11:54.890 D/EGL_emulation(22295): rcCreateContext wated version 2.0  rc:4
06-18 14:11:54.914 D/EGL_emulation(22295): eglMakeCurrent: 0x74841c043610: ver 3 2 (tinfo 0x74839c04c960) (first time)
06-18 14:11:54.917 D/ProcessState(22329): Binder ioctl to enable oneway spam detection failed: Invalid argument
06-18 14:11:54.922 E/HWComposer( 1779): getSupportedContentTypes: getSupportedContentTypes failed for display 0: Unsupported (8)
06-18 14:11:54.923 I/hwservicemanager( 1567): getTransport: Cannot find entry android.hardware.graphics.mapper@4.0::IMapper/default in either framework or device VINTF manifest.
06-18 14:11:54.923 I/Gralloc4(22295): mapper 4.x is not supported
06-18 14:11:54.924 I/hwservicemanager( 1567): getTransport: Cannot find entry android.hardware.graphics.mapper@3.0::IMapper/default in either framework or device VINTF manifest.
06-18 14:11:54.924 W/Gralloc3(22295): mapper 3.x is not supported
06-18 14:11:54.925 I/hwservicemanager( 1567): getTransport: Cannot find entry android.hardware.graphics.allocator@4.0::IAllocator/default in either framework or device VINTF manifest.
06-18 14:11:54.926 W/Gralloc4(22295): allocator 4.x is not supported
06-18 14:11:54.926 I/hwservicemanager( 1567): getTransport: Cannot find entry android.hardware.graphics.allocator@3.0::IAllocator/default in either framework or device VINTF manifest.
06-18 14:11:54.926 W/Gralloc3(22295): allocator 3.x is not supported
06-18 14:11:54.927 D/gralloc_nox( 1767): gralloc_alloc: Creating ashmem region of size 8298496
06-18 14:11:54.960 D/ontapp.stb.dem(22295): createUnique: call
06-18 14:11:54.961 D/ontapp.stb.dem(22295): HostComposition ext GL_OES_EGL_image GL_OES_EGL_image_external GL_OES_depth24 GL_OES_depth32 GL_OES_element_index_uint GL_OES_texture_float GL_OES_texture_float_linear GL_OES_compressed_paletted_texture GL_OES_compressed_ETC1_RGB8_texture GL_OES_depth_texture GL_EXT_texture_format_BGRA8888 GL_APPLE_texture_format_BGRA8888 GL_OES_texture_half_float GL_EXT_robustness GL_OES_texture_half_float_linear GL_OES_packed_depth_stencil GL_OES_vertex_half_float GL_OES_texture_npot GL_OES_rgb8_rgba8 GL_EXT_color_buffer_float GL_EXT_texture_sRGB_decode ANDROID_gles_max_version_3_1 GL_OES_vertex_array_object GL_EXT_texture_buffer GL_EXT_copy_image GL_KHR_texture_compression_astc_ldr GL_KHR_texture_compression_astc_hdr GL_OES_texture_compression_astc GL_OES_EGL_image_external
06-18 14:11:54.961 D/gralloc_nox( 1767): gralloc_alloc: Creating ashmem region of size 8298496
06-18 14:11:55.007 D/gralloc_nox( 1767): gralloc_alloc: Creating ashmem region of size 8298496
06-18 14:11:55.068 E/libEGL  (22295): called unimplemented OpenGL ES API
06-18 14:11:55.161 D/CompatibilityChangeReporter(22260): Compat change id reported: 171228096; UID 10053; state: ENABLED
06-18 14:11:55.260 I/ActivityTaskManager( 1936): Displayed com.android.permissioncontroller/.permission.ui.GrantPermissionsActivity: +738ms
06-18 14:11:55.288 D/ProcessState(22345): Binder ioctl to enable oneway spam detection failed: Invalid argument
06-18 14:11:55.363 W/InputManager-JNI( 1936): Input channel object 'b4d1b15 Splash Screen tech.gtt.frontapp.stb.demo (client)' was disposed without first being removed with the input manager!
06-18 14:11:55.404 D/hw-ProcessState(22260): Binder ioctl to enable oneway spam detection failed: Invalid argument
06-18 14:11:55.404 I/hwservicemanager( 1567): getTransport: Cannot find entry android.hardware.graphics.mapper@4.0::IMapper/default in either framework or device VINTF manifest.
06-18 14:11:55.405 I/Gralloc4(22260): mapper 4.x is not supported
06-18 14:11:55.405 I/hwservicemanager( 1567): getTransport: Cannot find entry android.hardware.graphics.mapper@3.0::IMapper/default in either framework or device VINTF manifest.
06-18 14:11:55.405 W/Gralloc3(22260): mapper 3.x is not supported
06-18 14:11:55.406 I/hwservicemanager( 1567): getTransport: Cannot find entry android.hardware.graphics.allocator@4.0::IAllocator/default in either framework or device VINTF manifest.
06-18 14:11:55.406 W/Gralloc4(22260): allocator 4.x is not supported
06-18 14:11:55.406 I/hwservicemanager( 1567): getTransport: Cannot find entry android.hardware.graphics.allocator@3.0::IAllocator/default in either framework or device VINTF manifest.
06-18 14:11:55.407 W/Gralloc3(22260): allocator 3.x is not supported
06-18 14:11:55.410 D/gralloc_nox( 1767): gralloc_alloc: Creating ashmem region of size 5496832
06-18 14:11:55.426 D/ssioncontrolle(22260): createUnique: call
06-18 14:11:55.461 D/ssioncontrolle(22260): HostComposition ext GL_OES_EGL_image GL_OES_EGL_image_external GL_OES_depth24 GL_OES_depth32 GL_OES_element_index_uint GL_OES_texture_float GL_OES_texture_float_linear GL_OES_compressed_paletted_texture GL_OES_compressed_ETC1_RGB8_texture GL_OES_depth_texture GL_EXT_texture_format_BGRA8888 GL_APPLE_texture_format_BGRA8888 GL_OES_texture_half_float GL_EXT_robustness GL_OES_texture_half_float_linear GL_OES_packed_depth_stencil GL_OES_vertex_half_float GL_OES_texture_npot GL_OES_rgb8_rgba8 GL_EXT_color_buffer_float GL_EXT_texture_sRGB_decode ANDROID_gles_max_version_3_1 GL_OES_vertex_array_object GL_EXT_texture_buffer GL_EXT_copy_image GL_KHR_texture_compression_astc_ldr GL_KHR_texture_compression_astc_hdr GL_OES_texture_compression_astc GL_OES_EGL_image_external
06-18 14:11:55.532 D/gralloc_nox( 1767): gralloc_alloc: Creating ashmem region of size 5496832
06-18 14:11:55.697 D/gralloc_nox( 1767): gralloc_alloc: Creating ashmem region of size 5496832
06-18 14:11:57.148 D/WifiNl80211Manager( 1936): Scan result ready event
06-18 14:11:57.148 D/WifiNative( 1936): Scan result ready event
06-18 14:11:57.149 I/EthernetTracker( 1936): interfaceLinkStateChanged, iface: wlan0, up: true
06-18 14:11:57.530 E/TaskPersister( 1936): File error accessing recents directory (directory doesn't exist?).
06-18 14:11:57.610 D/UIAutomatorStub(22200): URI: /jsonrpc/0, Method: POST, params, {NanoHttpd.QUERY_STRING=null}, files: {postData={"jsonrpc": "2.0", "id": 1, "method": "count", "params": [{"mask": 2097152, "childOrSibling": [], "childOrSiblingSelector": [], "resourceId": "com.android.permissioncontroller:id/permission_allow_button"}]}}
06-18 14:11:57.628 D/UiObject(22200): Waiting 0ms for UiSelector[RESOURCE_ID=com.android.permissioncontroller:id/permission_allow_button].
06-18 14:11:57.629 W/QueryController(22200): Could not detect idle state.
06-18 14:11:57.647 I/QueryController(22200): Matched selector: UiSelector[RESOURCE_ID=com.android.permissioncontroller:id/permission_allow_button] <<==>> [android.view.accessibility.AccessibilityNodeInfo@bc46; boundsInParent: Rect(0, 0 - 992, 112); boundsInScreen: Rect(464, 557 - 1456, 669); packageName: com.android.permissioncontroller; className: android.widget.Button; text: 允许; error: null; maxTextLength: -1; stateDescription: null; contentDescription: null; tooltipText: null; viewIdResName: com.android.permissioncontroller:id/permission_allow_button; checkable: false; checked: false; focusable: true; focused: false; selected: false; clickable: true; longClickable: false; contextClickable: false; enabled: true; password: false; scrollable: false; importantForAccessibility: true; visible: true; actions: [AccessibilityAction: ACTION_FOCUS - null, AccessibilityAction: ACTION_SELECT - null, AccessibilityAction: ACTION_CLEAR_SELECTION - null, AccessibilityAction: ACTION_CLICK - null, AccessibilityAction: ACTION_ACCESSIBILITY_FOCUS - null, AccessibilityAction: ACTION_NEXT_AT_MOVEMENT_GRANULARITY - null, AccessibilityAction: ACTION_PREVIOUS_AT_MOVEMENT_GRANULARITY - null, AccessibilityAction: ACTION_SET_SELECTION - null, AccessibilityAction: ACTION_SHOW_ON_SCREEN - null]]
06-18 14:11:57.648 D/UiObject(22200): Waiting 0ms for UiSelector[INSTANCE=1, RESOURCE_ID=com.android.permissioncontroller:id/permission_allow_button].
06-18 14:11:57.651 W/QueryController(22200): Could not detect idle state.
06-18 14:11:57.708 D/UIAutomatorStub(22200): URI: /jsonrpc/0, Method: POST, params, {NanoHttpd.QUERY_STRING=null}, files: {postData={"jsonrpc": "2.0", "id": 1, "method": "waitForExists", "params": [{"mask": 2097152, "childOrSibling": [], "childOrSiblingSelector": [], "resourceId": "com.android.permissioncontroller:id/permission_allow_button"}, 20000]}}
06-18 14:11:57.713 D/UiDevice(22200): Waiting 20000ms for SearchCondition[hasObject=BySelector [RES='\Qcom.android.permissioncontroller:id/permission_allow_button\E']].
06-18 14:11:57.714 D/UiDevice(22200): Searching for node with selector: BySelector [RES='\Qcom.android.permissioncontroller:id/permission_allow_button\E'].
06-18 14:11:57.715 W/QueryController(22200): Could not detect idle state.
06-18 14:11:57.757 D/UIAutomatorStub(22200): URI: /jsonrpc/0, Method: POST, params, {NanoHttpd.QUERY_STRING=null}, files: {postData={"jsonrpc": "2.0", "id": 1, "method": "objInfo", "params": [{"mask": 2097152, "childOrSibling": [], "childOrSiblingSelector": [], "resourceId": "com.android.permissioncontroller:id/permission_allow_button"}]}}
06-18 14:11:57.760 D/UiDevice(22200): Retrieving node with selector: BySelector [RES='\Qcom.android.permissioncontroller:id/permission_allow_button\E'].
06-18 14:11:57.761 W/QueryController(22200): Could not detect idle state.
06-18 14:11:57.771 W/QueryController(22200): Could not detect idle state.
06-18 14:11:57.774 W/QueryController(22200): Could not detect idle state.
06-18 14:11:57.778 W/QueryController(22200): Could not detect idle state.
06-18 14:11:57.783 W/QueryController(22200): Could not detect idle state.
06-18 14:11:57.788 W/QueryController(22200): Could not detect idle state.
06-18 14:11:57.791 W/QueryController(22200): Could not detect idle state.
06-18 14:11:57.793 W/QueryController(22200): Could not detect idle state.
06-18 14:11:57.796 W/QueryController(22200): Could not detect idle state.
06-18 14:11:57.800 W/QueryController(22200): Could not detect idle state.
06-18 14:11:57.803 W/QueryController(22200): Could not detect idle state.
06-18 14:11:57.806 W/QueryController(22200): Could not detect idle state.
06-18 14:11:57.808 W/QueryController(22200): Could not detect idle state.
06-18 14:11:57.811 W/QueryController(22200): Could not detect idle state.
06-18 14:11:57.815 W/QueryController(22200): Could not detect idle state.
06-18 14:11:57.817 W/QueryController(22200): Could not detect idle state.
06-18 14:11:57.818 W/QueryController(22200): Could not detect idle state.
06-18 14:11:57.821 W/QueryController(22200): Could not detect idle state.
06-18 14:11:57.839 D/UIAutomatorStub(22200): URI: /jsonrpc/0, Method: POST, params, {NanoHttpd.QUERY_STRING=null}, files: {postData={"jsonrpc": "2.0", "id": 1, "method": "click", "params": [960.0, 613.0]}}
06-18 14:11:57.860 V/DisplayPowerController[0]( 1936): Brightness [0.39763778] reason changing to: 'manual', previous reason: 'manual [ dim ]'.
06-18 14:11:57.873 E/DisplayDeviceConfig( 1936): requesting nits when no mapping exists.
06-18 14:11:57.874 E/DisplayDeviceConfig( 1936): requesting nits when no mapping exists.
06-18 14:11:57.876 I/DropBoxManagerService( 1936): add tag=system_server_wtf isTagEnabled=true flags=0x2
06-18 14:11:57.878 E/LightsService( 1936): Light requested not available on this device. 0
06-18 14:11:57.883 I/DropBoxManagerService( 1936): add tag=system_server_wtf isTagEnabled=true flags=0x2
06-18 14:11:57.892 E/DisplayDeviceConfig( 1936): requesting nits when no mapping exists.
06-18 14:11:57.892 E/DisplayDeviceConfig( 1936): requesting nits when no mapping exists.
06-18 14:11:57.896 I/DropBoxManagerService( 1936): add tag=system_server_wtf isTagEnabled=true flags=0x2
06-18 14:11:57.896 E/LightsService( 1936): Light requested not available on this device. 0
06-18 14:11:57.901 I/DropBoxManagerService( 1936): add tag=system_server_wtf isTagEnabled=true flags=0x2
06-18 14:11:57.908 E/DisplayDeviceConfig( 1936): requesting nits when no mapping exists.
06-18 14:11:57.908 E/DisplayDeviceConfig( 1936): requesting nits when no mapping exists.
06-18 14:11:57.911 I/DropBoxManagerService( 1936): add tag=system_server_wtf isTagEnabled=true flags=0x2
06-18 14:11:57.911 E/LightsService( 1936): Light requested not available on this device. 0
06-18 14:11:57.921 E/DisplayDeviceConfig( 1936): requesting nits when no mapping exists.
06-18 14:11:57.922 E/DisplayDeviceConfig( 1936): requesting nits when no mapping exists.
06-18 14:11:57.922 E/LightsService( 1936): Light requested not available on this device. 0
06-18 14:11:57.940 E/DisplayDeviceConfig( 1936): requesting nits when no mapping exists.
06-18 14:11:57.940 E/DisplayDeviceConfig( 1936): requesting nits when no mapping exists.
06-18 14:11:57.943 E/LightsService( 1936): Light requested not available on this device. 0
06-18 14:11:57.956 E/DisplayDeviceConfig( 1936): requesting nits when no mapping exists.
06-18 14:11:57.956 E/DisplayDeviceConfig( 1936): requesting nits when no mapping exists.
06-18 14:11:57.957 E/LightsService( 1936): Light requested not available on this device. 0
06-18 14:11:57.974 E/DisplayDeviceConfig( 1936): requesting nits when no mapping exists.
06-18 14:11:57.974 E/DisplayDeviceConfig( 1936): requesting nits when no mapping exists.
06-18 14:11:57.976 E/LightsService( 1936): Light requested not available on this device. 0
06-18 14:11:57.989 E/DisplayDeviceConfig( 1936): requesting nits when no mapping exists.
06-18 14:11:57.989 E/DisplayDeviceConfig( 1936): requesting nits when no mapping exists.
06-18 14:11:57.991 E/LightsService( 1936): Light requested not available on this device. 0
06-18 14:11:58.006 E/DisplayDeviceConfig( 1936): requesting nits when no mapping exists.
06-18 14:11:58.006 E/DisplayDeviceConfig( 1936): requesting nits when no mapping exists.
06-18 14:11:58.007 E/LightsService( 1936): Light requested not available on this device. 0
06-18 14:11:58.022 E/DisplayDeviceConfig( 1936): requesting nits when no mapping exists.
06-18 14:11:58.023 E/DisplayDeviceConfig( 1936): requesting nits when no mapping exists.
06-18 14:11:58.025 E/LightsService( 1936): Light requested not available on this device. 0
06-18 14:11:58.039 E/DisplayDeviceConfig( 1936): requesting nits when no mapping exists.
06-18 14:11:58.039 E/DisplayDeviceConfig( 1936): requesting nits when no mapping exists.
06-18 14:11:58.041 E/LightsService( 1936): Light requested not available on this device. 0
06-18 14:11:58.057 E/DisplayDeviceConfig( 1936): requesting nits when no mapping exists.
06-18 14:11:58.060 E/DisplayDeviceConfig( 1936): requesting nits when no mapping exists.
06-18 14:11:58.063 E/LightsService( 1936): Light requested not available on this device. 0
06-18 14:11:58.075 E/DisplayDeviceConfig( 1936): requesting nits when no mapping exists.
06-18 14:11:58.079 E/DisplayDeviceConfig( 1936): requesting nits when no mapping exists.
06-18 14:11:58.081 E/LightsService( 1936): Light requested not available on this device. 0
06-18 14:11:58.089 E/DisplayDeviceConfig( 1936): requesting nits when no mapping exists.
06-18 14:11:58.090 E/DisplayDeviceConfig( 1936): requesting nits when no mapping exists.
06-18 14:11:58.093 E/LightsService( 1936): Light requested not available on this device. 0
06-18 14:11:58.105 E/DisplayDeviceConfig( 1936): requesting nits when no mapping exists.
06-18 14:11:58.105 E/DisplayDeviceConfig( 1936): requesting nits when no mapping exists.
06-18 14:11:58.108 E/LightsService( 1936): Light requested not available on this device. 0
06-18 14:11:58.122 E/DisplayDeviceConfig( 1936): requesting nits when no mapping exists.
06-18 14:11:58.122 E/DisplayDeviceConfig( 1936): requesting nits when no mapping exists.
06-18 14:11:58.146 V/GrantPermissionsViewModel(22260): Logged buttons presented and clicked permissionGroupName=android.permission-group.STORAGE uid=10058 selectedLocations=0 package=tech.gtt.frontapp.stb.demo presentedButtons=9 clickedButton=1 sessionId=6620676297221558327 targetSdk=35
06-18 14:11:58.151 I/MediaProvider( 2560): Invalidating LocalCallingIdentity cache for package tech.gtt.frontapp.stb.demo. Reason: op android:read_external_storage
06-18 14:11:58.153 V/GrantPermissionsViewModel(22260): Permission grant result requestId=6620676297221558327 callingUid=10058 callingPackage=tech.gtt.frontapp.stb.demo permission=android.permission.READ_EXTERNAL_STORAGE isImplicit=false result=4
06-18 14:11:58.155 I/MediaProvider( 2560): Invalidating LocalCallingIdentity cache for package tech.gtt.frontapp.stb.demo. Reason: op android:read_external_storage
06-18 14:11:58.157 D/gralloc_nox( 1767): gralloc_alloc: Creating ashmem region of size 8298496
06-18 14:11:58.195 E/android.hardware.audio.service( 1759): pcm_open called create stream faild
06-18 14:11:58.406 D/CompatibilityChangeReporter(22295): Compat change id reported: 78294732; UID 10058; state: ENABLED
06-18 14:11:58.407 I/b       (22295): freeSpace : 116666MB
06-18 14:11:58.487 D/ProcessState(22364): Binder ioctl to enable oneway spam detection failed: Invalid argument
06-18 14:11:58.543 D/ConnectivityService( 1936): NetReassign [no changes]
06-18 14:11:58.576 V/GSK     (22295): StorageServiceImpl initialization() executed in 10 ms.
06-18 14:11:58.576 V/GSK     (22295): SecurityServiceImpl initialization() executed in 0 ms.
06-18 14:11:58.703 W/System.err(22295): SLF4J(W): No SLF4J providers were found.
06-18 14:11:58.704 W/System.err(22295): SLF4J(W): Defaulting to no-operation (NOP) logger implementation
06-18 14:11:58.704 W/System.err(22295): SLF4J(W): See https://www.slf4j.org/codes.html#noProviders for further details.
06-18 14:11:58.733 W/InputManager-JNI( 1936): Input channel object '87659eb com.android.permissioncontroller/com.android.permissioncontroller.permission.ui.GrantPermissionsActivity (client)' was disposed without first being removed with the input manager!
06-18 14:11:58.755 W/SurfaceFlinger( 1779): couldn't log to binary event log: overflow.
06-18 14:11:58.773 W/System.err(22295): kotlinx.serialization.json.internal.JsonDecodingException: Expected start of the object '{', but had 'EOF' instead at path: $
06-18 14:11:58.773 W/System.err(22295): JSON input: 
06-18 14:11:58.774 W/System.err(22295): 	at kotlinx.serialization.json.internal.JsonExceptionsKt.JsonDecodingException(SourceFile:1)
06-18 14:11:58.774 W/System.err(22295): 	at kotlinx.serialization.json.internal.JsonExceptionsKt.JsonDecodingException(SourceFile:2)
06-18 14:11:58.774 W/System.err(22295): 	at kotlinx.serialization.json.internal.AbstractJsonLexer.fail(SourceFile:52)
06-18 14:11:58.774 W/System.err(22295): 	at kotlinx.serialization.json.internal.AbstractJsonLexer.fail$default(SourceFile:15)
06-18 14:11:58.774 W/System.err(22295): 	at kotlinx.serialization.json.internal.AbstractJsonLexer.unexpectedToken(SourceFile:103)
06-18 14:11:58.774 W/System.err(22295): 	at kotlinx.serialization.json.internal.StringJsonLexer.consumeNextToken(SourceFile:16)
06-18 14:11:58.774 W/System.err(22295): 	at kotlinx.serialization.json.internal.StreamingJsonDecoder.beginStructure(SourceFile:23)
06-18 14:11:58.774 W/System.err(22295): 	at tech.gtt.frontapp.servicesdk.common.service.utility.apis.e2ee.E2eeConfigResponse$$serializer.deserialize(SourceFile:2)
06-18 14:11:58.774 W/System.err(22295): 	at tech.gtt.frontapp.servicesdk.common.service.utility.apis.e2ee.E2eeConfigResponse$$serializer.deserialize(SourceFile:1)
06-18 14:11:58.774 W/System.err(22295): 	at kotlinx.serialization.json.internal.StreamingJsonDecoder.decodeSerializableValue(SourceFile:320)
06-18 14:11:58.774 W/System.err(22295): 	at kotlinx.serialization.json.Json.decodeFromString(SourceFile:3)
06-18 14:11:58.774 W/System.err(22295): 	at tech.gtt.frontapp.servicesdk.common.service.utility.apis.e2ee.E2eeManager.syncE2eeConfig(SourceFile:74)
06-18 14:11:58.774 W/System.err(22295): 	at tech.gtt.frontapp.servicesdk.common.service.utility.apis.ApiUtilServiceImpl.onServiceInit(SourceFile:228)
06-18 14:11:58.774 W/System.err(22295): 	at tech.gtt.frontapp.servicesdk.common.core.ServiceSDKImpl.executeServiceInitialize(SourceFile:372)
06-18 14:11:58.774 W/System.err(22295): 	at tech.gtt.frontapp.servicesdk.common.core.ServiceSDKImpl.access$executeServiceInitialize(SourceFile:1)
06-18 14:11:58.774 W/System.err(22295): 	at tech.gtt.frontapp.servicesdk.common.core.ServiceSDKImpl$init$1.invokeSuspend(SourceFile:178)
06-18 14:11:58.774 W/System.err(22295): 	at tech.gtt.frontapp.servicesdk.common.core.ServiceSDKImpl$init$1.invoke(SourceFile:2)
06-18 14:11:58.774 W/System.err(22295): 	at tech.gtt.frontapp.servicesdk.common.core.ServiceSDKImpl$init$1.invoke(SourceFile:1)
06-18 14:11:58.774 W/System.err(22295): 	at kotlinx.coroutines.flow.SafeFlow.collectSafely(SourceFile:3)
06-18 14:11:58.774 W/System.err(22295): 	at kotlinx.coroutines.flow.AbstractFlow.collect(SourceFile:70)
06-18 14:11:58.774 W/System.err(22295): 	at tech.gtt.frontapp.servicesdk.common.core.SDKSetup$build$1.invokeSuspend(SourceFile:42)
06-18 14:11:58.774 W/System.err(22295): 	at tech.gtt.frontapp.servicesdk.common.core.SDKSetup$build$1.invoke(SourceFile:2)
06-18 14:11:58.774 W/System.err(22295): 	at tech.gtt.frontapp.servicesdk.common.core.SDKSetup$build$1.invoke(SourceFile:1)
06-18 14:11:58.774 W/System.err(22295): 	at tech.gtt.frontapp.servicesdk.common.core.Scheduler$scheduleDirect$1.invokeSuspend(SourceFile:61)
06-18 14:11:58.774 W/System.err(22295): 	at lh.a.resumeWith(SourceFile:14)
06-18 14:11:58.774 W/System.err(22295): 	at kotlinx.coroutines.DispatchedTask.run(SourceFile:123)
06-18 14:11:58.774 W/System.err(22295): 	at kotlinx.coroutines.internal.LimitedDispatcher$Worker.run(SourceFile:4)
06-18 14:11:58.774 W/System.err(22295): 	at kotlinx.coroutines.scheduling.TaskImpl.run(SourceFile:3)
06-18 14:11:58.774 W/System.err(22295): 	at kotlinx.coroutines.scheduling.CoroutineScheduler.runSafely(SourceFile:1)
06-18 14:11:58.774 W/System.err(22295): 	at kotlinx.coroutines.scheduling.CoroutineScheduler$Worker.executeTask(SourceFile:34)
06-18 14:11:58.775 W/System.err(22295): 	at kotlinx.coroutines.scheduling.CoroutineScheduler$Worker.runWorker(SourceFile:29)
06-18 14:11:58.775 W/System.err(22295): 	at kotlinx.coroutines.scheduling.CoroutineScheduler$Worker.run(SourceFile:1)
06-18 14:11:58.791 W/System.err(22295): java.io.FileNotFoundException: sys/class/sunxi_info/sys_info: open failed: ENOENT (No such file or directory)
06-18 14:11:58.791 W/System.err(22295): 	at libcore.io.IoBridge.open(IoBridge.java:575)
06-18 14:11:58.791 W/System.err(22295): 	at java.io.FileInputStream.<init>(FileInputStream.java:160)
06-18 14:11:58.791 W/System.err(22295): 	at java.io.FileInputStream.<init>(FileInputStream.java:115)
06-18 14:11:58.792 W/System.err(22295): 	at ip.b.b(SourceFile:5)
06-18 14:11:58.792 W/System.err(22295): 	at ip.b.a(SourceFile:155)
06-18 14:11:58.792 W/System.err(22295): 	at ip.a.invoke(SourceFile:589)
06-18 14:11:58.792 W/System.err(22295): 	at dh.v.getValue(SourceFile:21)
06-18 14:11:58.792 W/System.err(22295): 	at tech.gtt.frontapp.servicesdk.common.network.interceptor.params.ApiDeviceParams.handleFixedParams(SourceFile:52)
06-18 14:11:58.792 W/System.err(22295): 	at tech.gtt.frontapp.servicesdk.common.service.utility.apis.IParamsGetter.toMaps(SourceFile:87)
06-18 14:11:58.792 W/System.err(22295): 	at tech.gtt.frontapp.servicesdk.common.network.interceptor.DefaultParamsInterceptor.onRequest(SourceFile:127)
06-18 14:11:58.792 W/System.err(22295): 	at tech.gtt.frontapp.servicesdk.common.network.interceptor.SDKInterceptorsPluginKt$setupRequestInterception$1.invokeSuspend(SourceFile:103)
06-18 14:11:58.792 W/System.err(22295): 	at tech.gtt.frontapp.servicesdk.common.network.interceptor.SDKInterceptorsPluginKt$setupRequestInterception$1.invoke(SourceFile:1)
06-18 14:11:58.792 W/System.err(22295): 	at tech.gtt.frontapp.servicesdk.common.network.interceptor.SDKInterceptorsPluginKt$setupRequestInterception$1.invoke(SourceFile:2)
06-18 14:11:58.792 W/System.err(22295): 	at io.ktor.util.pipeline.DebugPipelineContext.proceedLoop(SourceFile:86)
06-18 14:11:58.792 W/System.err(22295): 	at io.ktor.util.pipeline.DebugPipelineContext.proceed(SourceFile:26)
06-18 14:11:58.792 W/System.err(22295): 	at io.ktor.client.plugins.RequestError$install$1.invokeSuspend(SourceFile:47)
06-18 14:11:58.792 W/System.err(22295): 	at io.ktor.client.plugins.RequestError$install$1.invoke(SourceFile:1)
06-18 14:11:58.792 W/System.err(22295): 	at io.ktor.client.plugins.RequestError$install$1.invoke(SourceFile:2)
06-18 14:11:58.792 W/System.err(22295): 	at io.ktor.util.pipeline.DebugPipelineContext.proceedLoop(SourceFile:86)
06-18 14:11:58.792 W/System.err(22295): 	at io.ktor.util.pipeline.DebugPipelineContext.proceed(SourceFile:26)
06-18 14:11:58.792 W/System.err(22295): 	at io.ktor.client.plugins.SetupRequestContext$install$1.invokeSuspend$proceed(SourceFile:1)
06-18 14:11:58.792 W/System.err(22295): 	at io.ktor.client.plugins.SetupRequestContext$install$1.access$invokeSuspend$proceed(SourceFile:1)
06-18 14:11:58.792 W/System.err(22295): 	at io.ktor.client.plugins.SetupRequestContext$install$1$1.invoke(SourceFile:2)
06-18 14:11:58.792 W/System.err(22295): 	at io.ktor.client.plugins.SetupRequestContext$install$1$1.invoke(SourceFile:1)
06-18 14:11:58.792 W/System.err(22295): 	at io.ktor.client.plugins.HttpRequestLifecycleKt$HttpRequestLifecycle$1$1.invokeSuspend(SourceFile:78)
06-18 14:11:58.792 W/System.err(22295): 	at io.ktor.client.plugins.HttpRequestLifecycleKt$HttpRequestLifecycle$1$1.invoke(SourceFile:1)
06-18 14:11:58.792 W/System.err(22295): 	at io.ktor.client.plugins.HttpRequestLifecycleKt$HttpRequestLifecycle$1$1.invoke(SourceFile:2)
06-18 14:11:58.792 W/System.err(22295): 	at io.ktor.client.plugins.SetupRequestContext$install$1.invokeSuspend(SourceFile:42)
06-18 14:11:58.792 W/System.err(22295): 	at io.ktor.client.plugins.SetupRequestContext$install$1.invoke(SourceFile:1)
06-18 14:11:58.792 W/System.err(22295): 	at io.ktor.client.plugins.SetupRequestContext$install$1.invoke(SourceFile:2)
06-18 14:11:58.792 W/System.err(22295): 	at io.ktor.util.pipeline.DebugPipelineContext.proceedLoop(SourceFile:86)
06-18 14:11:58.792 W/System.err(22295): 	at io.ktor.util.pipeline.DebugPipelineContext.proceed(SourceFile:26)
06-18 14:11:58.792 W/System.err(22295): 	at io.ktor.util.pipeline.DebugPipelineContext.execute$ktor_utils(SourceFile:7)
06-18 14:11:58.792 W/System.err(22295): 	at io.ktor.util.pipeline.Pipeline.execute(SourceFile:9)
06-18 14:11:58.792 W/System.err(22295): 	at io.ktor.client.HttpClient.execute$ktor_client_core(SourceFile:68)
06-18 14:11:58.792 W/System.err(22295): 	at io.ktor.client.statement.HttpStatement.fetchResponse(SourceFile:90)
06-18 14:11:58.792 W/System.err(22295): 	at io.ktor.client.statement.HttpStatement.execute(SourceFile:9)
06-18 14:11:58.792 W/System.err(22295): 	at de.jensklingenberg.ktorfit.internal.KtorfitConverterHelper.suspendRequest(SourceFile:127)
06-18 14:11:58.792 W/System.err(22295): 	at de.jensklingenberg.ktorfit.internal.KtorfitConverterHelper$request$1$1.invokeSuspend(SourceFile:58)
06-18 14:11:58.792 W/System.err(22295): 	at de.jensklingenberg.ktorfit.internal.KtorfitConverterHelper$request$1$1.invoke(SourceFile:2)
06-18 14:11:58.793 W/System.err(22295): 	at de.jensklingenberg.ktorfit.internal.KtorfitConverterHelper$request$1$1.invoke(SourceFile:1)
06-18 14:11:58.793 W/System.err(22295): 	at de.jensklingenberg.ktorfit.converter.FlowConverterFactory$responseConverter$1$convert$1.invokeSuspend(SourceFile:84)
06-18 14:11:58.793 W/System.err(22295): 	at de.jensklingenberg.ktorfit.converter.FlowConverterFactory$responseConverter$1$convert$1.invoke(SourceFile:2)
06-18 14:11:58.793 W/System.err(22295): 	at de.jensklingenberg.ktorfit.converter.FlowConverterFactory$responseConverter$1$convert$1.invoke(SourceFile:1)
06-18 14:11:58.793 W/System.err(22295): 	at kotlinx.coroutines.flow.SafeFlow.collectSafely(SourceFile:3)
06-18 14:11:58.793 W/System.err(22295): 	at kotlinx.coroutines.flow.AbstractFlow.collect(SourceFile:70)
06-18 14:11:58.793 W/System.err(22295): 	at kotlinx.coroutines.flow.FlowKt__MergeKt$flatMapConcat$$inlined$map$1.collect(SourceFile:10)
06-18 14:11:58.793 W/System.err(22295): 	at kotlinx.coroutines.flow.FlowKt__MergeKt$flattenConcat$$inlined$unsafeFlow$1.collect(SourceFile:8)
06-18 14:11:58.793 W/System.err(22295): 	at kotlinx.coroutines.flow.FlowKt__CollectKt.collect(SourceFile:1)
06-18 14:11:58.793 W/System.err(22295): 	at kotlinx.coroutines.flow.FlowKt.collect(SourceFile:1)
06-18 14:11:58.793 W/System.err(22295): 	at tech.gtt.frontapp.servicesdk.common.service.utility.apis.ApiUtilServiceImpl.onServiceInit(SourceFile:240)
06-18 14:11:58.793 W/System.err(22295): 	at tech.gtt.frontapp.servicesdk.common.core.ServiceSDKImpl.executeServiceInitialize(SourceFile:372)
06-18 14:11:58.793 W/System.err(22295): 	at tech.gtt.frontapp.servicesdk.common.core.ServiceSDKImpl.access$executeServiceInitialize(SourceFile:1)
06-18 14:11:58.793 W/System.err(22295): 	at tech.gtt.frontapp.servicesdk.common.core.ServiceSDKImpl$init$1.invokeSuspend(SourceFile:178)
06-18 14:11:58.793 W/System.err(22295): 	at tech.gtt.frontapp.servicesdk.common.core.ServiceSDKImpl$init$1.invoke(SourceFile:2)
06-18 14:11:58.793 W/System.err(22295): 	at tech.gtt.frontapp.servicesdk.common.core.ServiceSDKImpl$init$1.invoke(SourceFile:1)
06-18 14:11:58.793 W/System.err(22295): 	at kotlinx.coroutines.flow.SafeFlow.collectSafely(SourceFile:3)
06-18 14:11:58.793 W/System.err(22295): 	at kotlinx.coroutines.flow.AbstractFlow.collect(SourceFile:70)
06-18 14:11:58.793 W/System.err(22295): 	at tech.gtt.frontapp.servicesdk.common.core.SDKSetup$build$1.invokeSuspend(SourceFile:42)
06-18 14:11:58.793 W/System.err(22295): 	at tech.gtt.frontapp.servicesdk.common.core.SDKSetup$build$1.invoke(SourceFile:2)
06-18 14:11:58.793 W/System.err(22295): 	at tech.gtt.frontapp.servicesdk.common.core.SDKSetup$build$1.invoke(SourceFile:1)
06-18 14:11:58.793 W/System.err(22295): 	at tech.gtt.frontapp.servicesdk.common.core.Scheduler$scheduleDirect$1.invokeSuspend(SourceFile:61)
06-18 14:11:58.794 W/System.err(22295): 	at lh.a.resumeWith(SourceFile:14)
06-18 14:11:58.794 W/System.err(22295): 	at kotlinx.coroutines.DispatchedTask.run(SourceFile:123)
06-18 14:11:58.794 W/System.err(22295): 	at kotlinx.coroutines.internal.LimitedDispatcher$Worker.run(SourceFile:4)
06-18 14:11:58.794 W/System.err(22295): 	at kotlinx.coroutines.scheduling.TaskImpl.run(SourceFile:3)
06-18 14:11:58.794 W/System.err(22295): 	at kotlinx.coroutines.scheduling.CoroutineScheduler.runSafely(SourceFile:1)
06-18 14:11:58.794 W/System.err(22295): 	at kotlinx.coroutines.scheduling.CoroutineScheduler$Worker.executeTask(SourceFile:34)
06-18 14:11:58.794 W/System.err(22295): 	at kotlinx.coroutines.scheduling.CoroutineScheduler$Worker.runWorker(SourceFile:29)
06-18 14:11:58.794 W/System.err(22295): 	at kotlinx.coroutines.scheduling.CoroutineScheduler$Worker.run(SourceFile:1)
06-18 14:11:58.797 W/System.err(22295): Caused by: android.system.ErrnoException: open failed: ENOENT (No such file or directory)
06-18 14:11:58.797 W/System.err(22295): 	at libcore.io.Linux.open(Native Method)
06-18 14:11:58.797 W/System.err(22295): 	at libcore.io.ForwardingOs.open(ForwardingOs.java:567)
06-18 14:11:58.797 W/System.err(22295): 	at libcore.io.BlockGuardOs.open(BlockGuardOs.java:273)
06-18 14:11:58.797 W/System.err(22295): 	at libcore.io.ForwardingOs.open(ForwardingOs.java:567)
06-18 14:11:58.797 W/System.err(22295): 	at android.app.ActivityThread$AndroidOs.open(ActivityThread.java:7761)
06-18 14:11:58.797 W/System.err(22295): 	at libcore.io.IoBridge.open(IoBridge.java:561)
06-18 14:11:58.797 W/System.err(22295): 	... 69 more
06-18 14:11:58.799 W/System.err(22295): java.io.FileNotFoundException: sys/class/sunxi_info/sys_info: open failed: ENOENT (No such file or directory)
06-18 14:11:58.799 W/System.err(22295): 	at libcore.io.IoBridge.open(IoBridge.java:575)
06-18 14:11:58.799 W/System.err(22295): 	at java.io.FileInputStream.<init>(FileInputStream.java:160)
06-18 14:11:58.799 W/System.err(22295): 	at java.io.FileInputStream.<init>(FileInputStream.java:115)
06-18 14:11:58.799 W/System.err(22295): 	at ip.b.b(SourceFile:5)
06-18 14:11:58.799 W/System.err(22295): 	at ip.b.a(SourceFile:155)
06-18 14:11:58.799 W/System.err(22295): 	at ip.a.invoke(SourceFile:127)
06-18 14:11:58.799 W/System.err(22295): 	at dh.v.getValue(SourceFile:21)
06-18 14:11:58.799 W/System.err(22295): 	at tech.gtt.frontapp.servicesdk.common.network.interceptor.params.ApiDeviceParams.handleFixedParams(SourceFile:65)
06-18 14:11:58.799 W/System.err(22295): 	at tech.gtt.frontapp.servicesdk.common.service.utility.apis.IParamsGetter.toMaps(SourceFile:87)
06-18 14:11:58.799 W/System.err(22295): 	at tech.gtt.frontapp.servicesdk.common.network.interceptor.DefaultParamsInterceptor.onRequest(SourceFile:127)
06-18 14:11:58.799 W/System.err(22295): 	at tech.gtt.frontapp.servicesdk.common.network.interceptor.SDKInterceptorsPluginKt$setupRequestInterception$1.invokeSuspend(SourceFile:103)
06-18 14:11:58.799 W/System.err(22295): 	at tech.gtt.frontapp.servicesdk.common.network.interceptor.SDKInterceptorsPluginKt$setupRequestInterception$1.invoke(SourceFile:1)
