--------- beginning of main
06-24 10:10:53.334 D/ProcessState( 6753): Binder ioctl to enable oneway spam detection failed: Invalid argument
--------- beginning of system
06-24 10:10:53.338 I/ActivityManager( 1928): Force stopping tech.gtt.frontapp.stb.demo appid=10058 user=0: clear data
06-24 10:10:53.339 I/ActivityManager( 1928): Force stopping tech.gtt.frontapp.stb.demo appid=10058 user=-1: clearApplicationUserData
06-24 10:10:53.350 D/CompatibilityChangeReporter( 1928): Compat change id reported: 135634846; UID 10019; state: DISABLED
06-24 10:10:53.350 D/CompatibilityChangeReporter( 1928): Compat change id reported: 177438394; UID 10019; state: DISABLED
06-24 10:10:53.350 D/CompatibilityChangeReporter( 1928): Compat change id reported: 135772972; UID 10019; state: DISABLED
06-24 10:10:53.350 D/CompatibilityChangeReporter( 1928): Compat change id reported: 135754954; UID 10019; state: ENABLED
06-24 10:10:53.351 D/CompatibilityChangeReporter( 1928): Compat change id reported: 143937733; UID 10019; state: ENABLED
06-24 10:10:53.354 D/Zygote  ( 1753): Forked child process 6759
06-24 10:10:53.355 I/ActivityManager( 1928): Start proc 6759:com.android.documentsui/u0a19 for broadcast {com.android.documentsui/com.android.documentsui.PackageReceiver}
06-24 10:10:53.357 I/Zygote  ( 6759): seccomp disabled by setenforce 0
06-24 10:10:53.364 W/oid.documentsu( 6759): Unexpected CPU variant for X86 using defaults: x86_64
06-24 10:10:53.368 D/ProcessState( 6759): Binder ioctl to enable oneway spam detection failed: Invalid argument
06-24 10:10:53.377 E/ashmem  ( 6759): memfd: ro.vndk.version not defined or invalid (), this is mandated since P.
06-24 10:10:53.380 D/CompatibilityChangeReporter( 6759): Compat change id reported: 171979766; UID 10019; state: DISABLED
06-24 10:10:53.432 V/GraphicsEnvironment( 6759): ANGLE Developer option for 'com.android.documentsui' set to: 'default'
06-24 10:10:53.432 V/GraphicsEnvironment( 6759): ANGLE GameManagerService for com.android.documentsui: false
06-24 10:10:53.432 V/GraphicsEnvironment( 6759): Neither updatable production driver nor prerelease driver is supported.
06-24 10:10:53.434 D/NetworkSecurityConfig( 6759): No Network Security Config specified, using platform default
06-24 10:10:53.434 D/NetworkSecurityConfig( 6759): No Network Security Config specified, using platform default
06-24 10:10:53.471 D/DocumentsApplication( 6759): OverlayManager.setEnabled() result: true
06-24 10:10:53.471 D/CompatibilityChangeReporter( 1928): Compat change id reported: 135634846; UID 10053; state: DISABLED
06-24 10:10:53.472 D/CompatibilityChangeReporter( 1928): Compat change id reported: 177438394; UID 10053; state: DISABLED
06-24 10:10:53.472 D/CompatibilityChangeReporter( 1928): Compat change id reported: 135772972; UID 10053; state: DISABLED
06-24 10:10:53.472 D/CompatibilityChangeReporter( 1928): Compat change id reported: 135754954; UID 10053; state: ENABLED
06-24 10:10:53.472 D/CompatibilityChangeReporter( 1928): Compat change id reported: 143937733; UID 10053; state: ENABLED
06-24 10:10:53.475 D/Zygote  ( 1753): Forked child process 6787
06-24 10:10:53.477 I/ActivityManager( 1928): Start proc 6787:com.android.permissioncontroller/u0a53 for broadcast {com.android.permissioncontroller/com.android.permissioncontroller.permission.service.LocationAccessCheck$PackageResetHandler}
06-24 10:10:53.478 I/Zygote  ( 6787): seccomp disabled by setenforce 0
06-24 10:10:53.481 W/ssioncontrolle( 6787): Unexpected CPU variant for X86 using defaults: x86_64
06-24 10:10:53.481 D/AndroidRuntime( 6778): >>>>>> START com.android.internal.os.RuntimeInit uid 0 <<<<<<
06-24 10:10:53.483 I/AndroidRuntime( 6778): Using default boot image
06-24 10:10:53.483 I/AndroidRuntime( 6778): Leaving lock profiling enabled
06-24 10:10:53.485 W/app_process( 6778): ART APEX data files are untrusted.
06-24 10:10:53.485 I/app_process( 6778): Core platform API reporting enabled, enforcing=false
06-24 10:10:53.485 D/ProcessState( 6787): Binder ioctl to enable oneway spam detection failed: Invalid argument
06-24 10:10:53.494 E/ashmem  ( 6787): memfd: ro.vndk.version not defined or invalid (), this is mandated since P.
06-24 10:10:53.496 D/CompatibilityChangeReporter( 6787): Compat change id reported: 171979766; UID 10053; state: ENABLED
06-24 10:10:53.506 V/GraphicsEnvironment( 6787): ANGLE Developer option for 'com.android.permissioncontroller' set to: 'default'
06-24 10:10:53.507 V/GraphicsEnvironment( 6787): ANGLE GameManagerService for com.android.permissioncontroller: false
06-24 10:10:53.507 V/GraphicsEnvironment( 6787): Neither updatable production driver nor prerelease driver is supported.
06-24 10:10:53.511 D/NetworkSecurityConfig( 6787): No Network Security Config specified, using platform default
06-24 10:10:53.511 D/NetworkSecurityConfig( 6787): No Network Security Config specified, using platform default
06-24 10:10:53.531 D/app_process( 6778): Time zone APEX ICU file found: /apex/com.android.tzdata/etc/icu/icu_tzdata.dat
06-24 10:10:53.531 D/app_process( 6778): I18n APEX ICU file found: /apex/com.android.i18n/etc/icu/icudt68l.dat
06-24 10:10:53.536 W/app_process( 6778): Unexpected CPU variant for X86 using defaults: x86_64
06-24 10:10:53.540 I/MediaProvider( 2563): Begin Intent { act=android.intent.action.PACKAGE_DATA_CLEARED dat=package:tech.gtt.frontapp.stb.demo flg=0x1000010 cmp=com.android.providers.media.module/com.android.providers.media.MediaService (has extras) }
06-24 10:10:53.541 D/MediaProvider( 2563): Deleted 0 Android/media items belonging to tech.gtt.frontapp.stb.demo on /data/user/0/com.android.providers.media.module/databases/external.db
06-24 10:10:53.547 I/MediaProvider( 2563): End Intent { act=android.intent.action.PACKAGE_DATA_CLEARED dat=package:tech.gtt.frontapp.stb.demo flg=0x1000010 cmp=com.android.providers.media.module/com.android.providers.media.MediaService (has extras) }
06-24 10:10:53.553 D/ProcessState( 6778): Binder ioctl to enable oneway spam detection failed: Invalid argument
06-24 10:10:53.553 D/AndroidRuntime( 6778): Calling main entry com.android.commands.monkey.Monkey
06-24 10:10:53.554 W/Monkey  ( 6778): args: [-p, tech.gtt.frontapp.stb.demo, -c, android.intent.category.LAUNCHER, 1]
06-24 10:10:53.554 W/Monkey  ( 6778):  arg: "-p"
06-24 10:10:53.554 W/Monkey  ( 6778):  arg: "tech.gtt.frontapp.stb.demo"
06-24 10:10:53.554 W/Monkey  ( 6778):  arg: "-c"
06-24 10:10:53.554 W/Monkey  ( 6778):  arg: "android.intent.category.LAUNCHER"
06-24 10:10:53.554 W/Monkey  ( 6778):  arg: "1"
06-24 10:10:53.554 W/Monkey  ( 6778): data="tech.gtt.frontapp.stb.demo"
06-24 10:10:53.554 W/Monkey  ( 6778): data="android.intent.category.LAUNCHER"
06-24 10:10:53.584 W/BroadcastQueue( 1928): Skipping deliver [background] BroadcastRecord{455e47e u-1 android.net.conn.CONNECTIVITY_CHANGE} to ReceiverList{ba4dddf 6778 (unknown name)/0/u-1 remote:4259e00}: process gone or crashing
06-24 10:10:53.599 I/ActivityTaskManager( 1928): START u0 {act=android.intent.action.MAIN cat=[android.intent.category.LAUNCHER] flg=0x10200000 cmp=tech.gtt.frontapp.stb.demo/tech.gtt.frontapp.stb.m.home.activity.SplashActivity} from uid 0
06-24 10:10:53.600 W/ActivityTaskManager( 1928): Can't find TaskDisplayArea to determine support for multi window. Task id=41 attached=false
06-24 10:10:53.614 I/Monkey  ( 6778): Events injected: 1
06-24 10:10:53.618 D/CompatibilityChangeReporter( 1928): Compat change id reported: 135634846; UID 10058; state: DISABLED
06-24 10:10:53.619 D/CompatibilityChangeReporter( 1928): Compat change id reported: 143937733; UID 10058; state: ENABLED
06-24 10:10:53.632 I/Monkey  ( 6778): ## Network stats: elapsed time=33ms (0ms mobile, 0ms wifi, 33ms not connected)
06-24 10:10:53.635 D/gralloc_nox( 1764): gralloc_alloc: Creating ashmem region of size 8298496
06-24 10:10:53.660 D/Zygote  ( 1753): Forked child process 6820
06-24 10:10:53.660 I/app_process( 6778): System.exit called, status: 0
06-24 10:10:53.660 I/AndroidRuntime( 6778): VM exiting with result code 0.
06-24 10:10:53.663 I/ActivityManager( 1928): Start proc 6820:tech.gtt.frontapp.stb.demo/u0a58 for pre-top-activity {tech.gtt.frontapp.stb.demo/tech.gtt.frontapp.stb.m.home.activity.SplashActivity}
06-24 10:10:53.671 I/Zygote  ( 6820): seccomp disabled by setenforce 0
06-24 10:10:53.681 W/ontapp.stb.dem( 6820): Unexpected CPU variant for X86 using defaults: x86_64
06-24 10:10:53.691 D/ProcessState( 6820): Binder ioctl to enable oneway spam detection failed: Invalid argument
06-24 10:10:53.699 D/gralloc_nox( 1764): gralloc_alloc: Creating ashmem region of size 8298496
06-24 10:10:53.714 E/ashmem  ( 6820): memfd: ro.vndk.version not defined or invalid (), this is mandated since P.
06-24 10:10:53.724 D/CompatibilityChangeReporter( 6820): Compat change id reported: 171979766; UID 10058; state: ENABLED
06-24 10:10:53.759 D/gralloc_nox( 1764): gralloc_alloc: Creating ashmem region of size 8298496
06-24 10:10:53.796 V/GraphicsEnvironment( 6820): ANGLE Developer option for 'tech.gtt.frontapp.stb.demo' set to: 'default'
06-24 10:10:53.798 V/GraphicsEnvironment( 6820): ANGLE GameManagerService for tech.gtt.frontapp.stb.demo: false
06-24 10:10:53.798 V/GraphicsEnvironment( 6820): Neither updatable production driver nor prerelease driver is supported.
06-24 10:10:53.804 D/NetworkSecurityConfig( 6820): Using Network Security Config from resource network_security_config debugBuild: false
06-24 10:10:53.805 D/NetworkSecurityConfig( 6820): Using Network Security Config from resource network_security_config debugBuild: false
06-24 10:10:53.822 I/MultiDex( 6820): VM with version 2.1.0 has multidex support
06-24 10:10:53.822 I/MultiDex( 6820): Installing application
06-24 10:10:53.822 I/MultiDex( 6820): VM has multidex support, MultiDex support library is disabled.
06-24 10:10:53.822 E/[Package]( 6820): params: AppConfiguration(vnoId='11026504', brandId='d0k7d3p3kdikth2o3q6g', appId='d0jucrbq6bt4h33c0ma0', sourceId='30006401-31002837', authServers='https://gtt-app-apigateway-lion.vdemosit.com', shareKey='S2kQMgUSugYyMlk5QclHDaF0uDsFnB0oJoFeAFgsKb8=', packageName='tech.gtt.frontapp.stb.demo', appName='Goose TV', appVersionName='v1.0.0', appVersionCode='7', pluginVersionCode='1', pluginVersionName='6.0.0-beta-build5', packageSeq='1', buglyAppId='d76a04165f', buglyKey='13b89b2d-1c12-4c4f-93b8-46e3c2ef9f73', baseVersionCode='20000066', gitTag='2.1.4-beta6', supportLang='en,pt,es', defaultLang='en', bootLoadType='1')
06-24 10:10:53.823 W/System.err( 6820): java.lang.ClassNotFoundException: tech.gtt.frontapp.stb.docker.plugin.PluginUtils
06-24 10:10:53.823 W/System.err( 6820): 	at java.lang.Class.classForName(Native Method)
06-24 10:10:53.823 W/System.err( 6820): 	at java.lang.Class.forName(Class.java:454)
06-24 10:10:53.823 W/System.err( 6820): 	at java.lang.Class.forName(Class.java:379)
06-24 10:10:53.823 W/System.err( 6820): 	at ot.e.b(SourceFile:3)
06-24 10:10:53.824 W/System.err( 6820): 	at tech.gtt.frontapp.stb.app.MainApplication.attachBaseContext(SourceFile:130)
06-24 10:10:53.824 W/System.err( 6820): 	at android.app.Application.attach(Application.java:338)
06-24 10:10:53.824 W/System.err( 6820): 	at android.app.Instrumentation.newApplication(Instrumentation.java:1190)
06-24 10:10:53.824 W/System.err( 6820): 	at android.app.LoadedApk.makeApplication(LoadedApk.java:1361)
06-24 10:10:53.824 W/System.err( 6820): 	at android.app.ActivityThread.handleBindApplication(ActivityThread.java:6728)
06-24 10:10:53.824 W/System.err( 6820): 	at android.app.ActivityThread.access$1500(ActivityThread.java:256)
06-24 10:10:53.824 W/System.err( 6820): 	at android.app.ActivityThread$H.handleMessage(ActivityThread.java:2091)
06-24 10:10:53.824 W/System.err( 6820): 	at android.os.Handler.dispatchMessage(Handler.java:106)
06-24 10:10:53.824 W/System.err( 6820): 	at android.os.Looper.loopOnce(Looper.java:201)
06-24 10:10:53.824 W/System.err( 6820): 	at android.os.Looper.loop(Looper.java:288)
06-24 10:10:53.824 W/System.err( 6820): 	at android.app.ActivityThread.main(ActivityThread.java:7875)
06-24 10:10:53.824 W/System.err( 6820): 	at java.lang.reflect.Method.invoke(Native Method)
06-24 10:10:53.824 W/System.err( 6820): 	at com.android.internal.os.RuntimeInit$MethodAndArgsCaller.run(RuntimeInit.java:568)
06-24 10:10:53.824 W/System.err( 6820): 	at com.android.internal.os.ZygoteInit.main(ZygoteInit.java:1005)
06-24 10:10:53.824 W/System.err( 6820): Caused by: java.lang.ClassNotFoundException: tech.gtt.frontapp.stb.docker.plugin.PluginUtils
06-24 10:10:53.824 W/System.err( 6820): 	... 18 more
06-24 10:10:53.824 E/[Package]( 6820): isInPluginMode: false
06-24 10:10:53.828 I/CustomActivityOnCrash( 6820): CustomActivityOnCrash has been installed.
06-24 10:10:53.831 I/System.out( 6820): Modular_Init : a - initialize
06-24 10:10:53.833 I/System.out( 6820): Modular_Init : a - initialize
06-24 10:10:53.833 D/[LiveInitialize]( 6820): init---
06-24 10:10:53.833 I/System.out( 6820): Modular_Init : d - initialize
06-24 10:10:53.833 I/System.out( 6820): Modular_Init : a - initialize
06-24 10:10:53.834 D/[ReplayInitialize]( 6820): init---
06-24 10:10:53.834 I/System.out( 6820): Modular_Init : a - initialize
06-24 10:10:53.834 D/[CatchupInitModule]( 6820): init---
06-24 10:10:53.834 I/System.out( 6820): Modular_Init : a - initialize
06-24 10:10:53.834 I/System.out( 6820): Modular_Init : b - initialize
06-24 10:10:53.836 D/AndroidAutoSize( 6820): designWidthInDp = 360, designHeightInDp = 640, screenWidth = 1920, screenHeight = 1080
06-24 10:10:53.836 D/AndroidAutoSize( 6820): initDensity = 2.0, initScaledDensity = 2.0
06-24 10:10:53.888 D/AndroidAutoSize( 6820): tech.gtt.frontapp.stb.m.home.activity.SplashActivity used the global configuration.
06-24 10:10:53.900 D/AndroidAutoSize( 6820): The tech.gtt.frontapp.stb.m.home.activity.SplashActivity has been adapted! 
06-24 10:10:53.900 D/AndroidAutoSize( 6820): SplashActivity Info: isBaseOnWidth = true, designWidthInDp = 1920.000000, designWidthInSubunits = 1920.000000, targetDensity = 1.000000, targetScaledDensity = 1.000000, targetDensityDpi = 160, targetXdpi = 1.000000, targetScreenWidthDp = 1920, targetScreenHeightDp = 1032
06-24 10:10:53.970 D/AndroidAutoSize( 6820): tech.gtt.frontapp.stb.m.home.activity.SplashActivity used the global configuration.
06-24 10:10:53.970 D/AndroidAutoSize( 6820): The tech.gtt.frontapp.stb.m.home.activity.SplashActivity has been adapted! 
06-24 10:10:53.970 D/AndroidAutoSize( 6820): SplashActivity Info: isBaseOnWidth = true, designWidthInDp = 1920.000000, designWidthInSubunits = 1920.000000, targetDensity = 1.000000, targetScaledDensity = 1.000000, targetDensityDpi = 160, targetXdpi = 1.000000, targetScreenWidthDp = 1920, targetScreenHeightDp = 1032
06-24 10:10:53.979 I/ActivityTaskManager( 1928): START u0 {act=android.content.pm.action.REQUEST_PERMISSIONS pkg=com.android.permissioncontroller cmp=com.android.permissioncontroller/.permission.ui.GrantPermissionsActivity (has extras)} from uid 10058
06-24 10:10:53.984 D/CompatibilityChangeReporter( 1928): Compat change id reported: 174042980; UID 10053; state: DISABLED
06-24 10:10:53.984 D/CompatibilityChangeReporter( 1928): Compat change id reported: 184838306; UID 10053; state: DISABLED
06-24 10:10:53.984 D/CompatibilityChangeReporter( 1928): Compat change id reported: 185004937; UID 10053; state: DISABLED
06-24 10:10:53.985 D/CompatibilityChangeReporter( 1928): Compat change id reported: 181136395; UID 10053; state: DISABLED
06-24 10:10:53.985 D/CompatibilityChangeReporter( 1928): Compat change id reported: 174042936; UID 10053; state: DISABLED
06-24 10:10:54.032 D/ontapp.stb.dem( 6820): createUnique: call
06-24 10:10:54.047 D/ontapp.stb.dem( 6820): HostComposition ext GL_OES_EGL_image GL_OES_EGL_image_external GL_OES_depth24 GL_OES_depth32 GL_OES_element_index_uint GL_OES_texture_float GL_OES_texture_float_linear GL_OES_compressed_paletted_texture GL_OES_compressed_ETC1_RGB8_texture GL_OES_depth_texture GL_EXT_texture_format_BGRA8888 GL_APPLE_texture_format_BGRA8888 GL_OES_texture_half_float GL_EXT_robustness GL_OES_texture_half_float_linear GL_OES_packed_depth_stencil GL_OES_vertex_half_float GL_OES_texture_npot GL_OES_rgb8_rgba8 GL_EXT_color_buffer_float GL_EXT_texture_sRGB_decode ANDROID_gles_max_version_3_1 GL_OES_vertex_array_object GL_EXT_texture_buffer GL_EXT_copy_image GL_KHR_texture_compression_astc_ldr GL_KHR_texture_compression_astc_hdr GL_OES_texture_compression_astc GL_OES_EGL_image_external
06-24 10:10:54.048 D/hw-ProcessState( 6820): Binder ioctl to enable oneway spam detection failed: Invalid argument
06-24 10:10:54.048 W/OpenGLRenderer( 6820): Failed to initialize 101010-2 format, error = EGL_SUCCESS
06-24 10:10:54.048 D/EGL_emulation( 6820): rcCreateContext wated version 2.0  rc:4
06-24 10:10:54.076 D/EGL_emulation( 6820): eglMakeCurrent: 0x7b4564231930: ver 3 2 (tinfo 0x7b44e4242840) (first time)
06-24 10:10:54.080 D/ProcessState( 6855): Binder ioctl to enable oneway spam detection failed: Invalid argument
06-24 10:10:54.082 E/HWComposer( 1776): getSupportedContentTypes: getSupportedContentTypes failed for display 0: Unsupported (8)
06-24 10:10:54.083 I/hwservicemanager( 1563): getTransport: Cannot find entry android.hardware.graphics.mapper@4.0::IMapper/default in either framework or device VINTF manifest.
06-24 10:10:54.083 I/Gralloc4( 6820): mapper 4.x is not supported
06-24 10:10:54.083 I/hwservicemanager( 1563): getTransport: Cannot find entry android.hardware.graphics.mapper@3.0::IMapper/default in either framework or device VINTF manifest.
06-24 10:10:54.083 W/Gralloc3( 6820): mapper 3.x is not supported
06-24 10:10:54.084 I/hwservicemanager( 1563): getTransport: Cannot find entry android.hardware.graphics.allocator@4.0::IAllocator/default in either framework or device VINTF manifest.
06-24 10:10:54.084 W/Gralloc4( 6820): allocator 4.x is not supported
06-24 10:10:54.084 I/hwservicemanager( 1563): getTransport: Cannot find entry android.hardware.graphics.allocator@3.0::IAllocator/default in either framework or device VINTF manifest.
06-24 10:10:54.084 W/Gralloc3( 6820): allocator 3.x is not supported
06-24 10:10:54.085 D/gralloc_nox( 1764): gralloc_alloc: Creating ashmem region of size 8298496
06-24 10:10:54.115 D/ontapp.stb.dem( 6820): createUnique: call
06-24 10:10:54.115 D/ontapp.stb.dem( 6820): HostComposition ext GL_OES_EGL_image GL_OES_EGL_image_external GL_OES_depth24 GL_OES_depth32 GL_OES_element_index_uint GL_OES_texture_float GL_OES_texture_float_linear GL_OES_compressed_paletted_texture GL_OES_compressed_ETC1_RGB8_texture GL_OES_depth_texture GL_EXT_texture_format_BGRA8888 GL_APPLE_texture_format_BGRA8888 GL_OES_texture_half_float GL_EXT_robustness GL_OES_texture_half_float_linear GL_OES_packed_depth_stencil GL_OES_vertex_half_float GL_OES_texture_npot GL_OES_rgb8_rgba8 GL_EXT_color_buffer_float GL_EXT_texture_sRGB_decode ANDROID_gles_max_version_3_1 GL_OES_vertex_array_object GL_EXT_texture_buffer GL_EXT_copy_image GL_KHR_texture_compression_astc_ldr GL_KHR_texture_compression_astc_hdr GL_OES_texture_compression_astc GL_OES_EGL_image_external
06-24 10:10:54.116 D/gralloc_nox( 1764): gralloc_alloc: Creating ashmem region of size 8298496
06-24 10:10:54.155 D/gralloc_nox( 1764): gralloc_alloc: Creating ashmem region of size 8298496
06-24 10:10:54.232 E/libEGL  ( 6820): called unimplemented OpenGL ES API
06-24 10:10:54.421 D/CompatibilityChangeReporter( 6787): Compat change id reported: 171228096; UID 10053; state: ENABLED
06-24 10:10:54.554 I/ActivityTaskManager( 1928): Displayed com.android.permissioncontroller/.permission.ui.GrantPermissionsActivity: +945ms
06-24 10:10:54.582 D/ProcessState( 6874): Binder ioctl to enable oneway spam detection failed: Invalid argument
06-24 10:10:54.664 W/System  ( 1928): A resource failed to call release. 
06-24 10:10:54.670 W/InputManager-JNI( 1928): Input channel object '1000556 Splash Screen tech.gtt.frontapp.stb.demo (client)' was disposed without first being removed with the input manager!
06-24 10:10:54.730 D/hw-ProcessState( 6787): Binder ioctl to enable oneway spam detection failed: Invalid argument
06-24 10:10:54.733 I/hwservicemanager( 1563): getTransport: Cannot find entry android.hardware.graphics.mapper@4.0::IMapper/default in either framework or device VINTF manifest.
06-24 10:10:54.733 I/Gralloc4( 6787): mapper 4.x is not supported
06-24 10:10:54.734 I/hwservicemanager( 1563): getTransport: Cannot find entry android.hardware.graphics.mapper@3.0::IMapper/default in either framework or device VINTF manifest.
06-24 10:10:54.735 W/Gralloc3( 6787): mapper 3.x is not supported
06-24 10:10:54.741 I/hwservicemanager( 1563): getTransport: Cannot find entry android.hardware.graphics.allocator@4.0::IAllocator/default in either framework or device VINTF manifest.
06-24 10:10:54.741 W/Gralloc4( 6787): allocator 4.x is not supported
06-24 10:10:54.742 I/hwservicemanager( 1563): getTransport: Cannot find entry android.hardware.graphics.allocator@3.0::IAllocator/default in either framework or device VINTF manifest.
06-24 10:10:54.742 W/Gralloc3( 6787): allocator 3.x is not supported
06-24 10:10:54.745 D/gralloc_nox( 1764): gralloc_alloc: Creating ashmem region of size 5496832
06-24 10:10:54.770 D/ssioncontrolle( 6787): createUnique: call
06-24 10:10:54.815 D/ssioncontrolle( 6787): HostComposition ext GL_OES_EGL_image GL_OES_EGL_image_external GL_OES_depth24 GL_OES_depth32 GL_OES_element_index_uint GL_OES_texture_float GL_OES_texture_float_linear GL_OES_compressed_paletted_texture GL_OES_compressed_ETC1_RGB8_texture GL_OES_depth_texture GL_EXT_texture_format_BGRA8888 GL_APPLE_texture_format_BGRA8888 GL_OES_texture_half_float GL_EXT_robustness GL_OES_texture_half_float_linear GL_OES_packed_depth_stencil GL_OES_vertex_half_float GL_OES_texture_npot GL_OES_rgb8_rgba8 GL_EXT_color_buffer_float GL_EXT_texture_sRGB_decode ANDROID_gles_max_version_3_1 GL_OES_vertex_array_object GL_EXT_texture_buffer GL_EXT_copy_image GL_KHR_texture_compression_astc_ldr GL_KHR_texture_compression_astc_hdr GL_OES_texture_compression_astc GL_OES_EGL_image_external
06-24 10:10:54.888 D/gralloc_nox( 1764): gralloc_alloc: Creating ashmem region of size 5496832
06-24 10:10:55.045 D/gralloc_nox( 1764): gralloc_alloc: Creating ashmem region of size 5496832
06-24 10:10:56.611 E/TaskPersister( 1928): File error accessing recents directory (directory doesn't exist?).
06-24 10:10:56.701 D/UIAutomatorStub( 6727): URI: /jsonrpc/0, Method: POST, params, {NanoHttpd.QUERY_STRING=null}, files: {postData={"jsonrpc": "2.0", "id": 1, "method": "count", "params": [{"mask": 2097152, "childOrSibling": [], "childOrSiblingSelector": [], "resourceId": "com.android.permissioncontroller:id/permission_allow_button"}]}}
06-24 10:10:56.720 D/UiObject( 6727): Waiting 0ms for UiSelector[RESOURCE_ID=com.android.permissioncontroller:id/permission_allow_button].
06-24 10:10:56.720 W/QueryController( 6727): Could not detect idle state.
06-24 10:10:56.727 I/QueryController( 6727): Matched selector: UiSelector[RESOURCE_ID=com.android.permissioncontroller:id/permission_allow_button] <<==>> [android.view.accessibility.AccessibilityNodeInfo@b877; boundsInParent: Rect(0, 0 - 992, 112); boundsInScreen: Rect(464, 557 - 1456, 669); packageName: com.android.permissioncontroller; className: android.widget.Button; text: 允许; error: null; maxTextLength: -1; stateDescription: null; contentDescription: null; tooltipText: null; viewIdResName: com.android.permissioncontroller:id/permission_allow_button; checkable: false; checked: false; focusable: true; focused: false; selected: false; clickable: true; longClickable: false; contextClickable: false; enabled: true; password: false; scrollable: false; importantForAccessibility: true; visible: true; actions: [AccessibilityAction: ACTION_FOCUS - null, AccessibilityAction: ACTION_SELECT - null, AccessibilityAction: ACTION_CLEAR_SELECTION - null, AccessibilityAction: ACTION_CLICK - null, AccessibilityAction: ACTION_ACCESSIBILITY_FOCUS - null, AccessibilityAction: ACTION_NEXT_AT_MOVEMENT_GRANULARITY - null, AccessibilityAction: ACTION_PREVIOUS_AT_MOVEMENT_GRANULARITY - null, AccessibilityAction: ACTION_SET_SELECTION - null, AccessibilityAction: ACTION_SHOW_ON_SCREEN - null]]
06-24 10:10:56.729 D/UiObject( 6727): Waiting 0ms for UiSelector[INSTANCE=1, RESOURCE_ID=com.android.permissioncontroller:id/permission_allow_button].
06-24 10:10:56.730 W/QueryController( 6727): Could not detect idle state.
06-24 10:10:56.776 D/UIAutomatorStub( 6727): URI: /jsonrpc/0, Method: POST, params, {NanoHttpd.QUERY_STRING=null}, files: {postData={"jsonrpc": "2.0", "id": 1, "method": "waitForExists", "params": [{"mask": 2097152, "childOrSibling": [], "childOrSiblingSelector": [], "resourceId": "com.android.permissioncontroller:id/permission_allow_button"}, 20000]}}
06-24 10:10:56.780 D/UiDevice( 6727): Waiting 20000ms for SearchCondition[hasObject=BySelector [RES='\Qcom.android.permissioncontroller:id/permission_allow_button\E']].
06-24 10:10:56.781 D/UiDevice( 6727): Searching for node with selector: BySelector [RES='\Qcom.android.permissioncontroller:id/permission_allow_button\E'].
06-24 10:10:56.783 W/QueryController( 6727): Could not detect idle state.
06-24 10:10:56.830 D/UIAutomatorStub( 6727): URI: /jsonrpc/0, Method: POST, params, {NanoHttpd.QUERY_STRING=null}, files: {postData={"jsonrpc": "2.0", "id": 1, "method": "objInfo", "params": [{"mask": 2097152, "childOrSibling": [], "childOrSiblingSelector": [], "resourceId": "com.android.permissioncontroller:id/permission_allow_button"}]}}
06-24 10:10:56.832 D/UiDevice( 6727): Retrieving node with selector: BySelector [RES='\Qcom.android.permissioncontroller:id/permission_allow_button\E'].
06-24 10:10:56.833 W/QueryController( 6727): Could not detect idle state.
06-24 10:10:56.853 W/QueryController( 6727): Could not detect idle state.
06-24 10:10:56.855 W/QueryController( 6727): Could not detect idle state.
06-24 10:10:56.856 W/QueryController( 6727): Could not detect idle state.
06-24 10:10:56.861 W/QueryController( 6727): Could not detect idle state.
06-24 10:10:56.866 W/QueryController( 6727): Could not detect idle state.
06-24 10:10:56.869 W/QueryController( 6727): Could not detect idle state.
06-24 10:10:56.871 W/QueryController( 6727): Could not detect idle state.
06-24 10:10:56.871 W/QueryController( 6727): Could not detect idle state.
06-24 10:10:56.878 W/QueryController( 6727): Could not detect idle state.
06-24 10:10:56.883 W/QueryController( 6727): Could not detect idle state.
06-24 10:10:56.890 W/QueryController( 6727): Could not detect idle state.
06-24 10:10:56.898 W/QueryController( 6727): Could not detect idle state.
06-24 10:10:56.901 W/QueryController( 6727): Could not detect idle state.
06-24 10:10:56.902 W/QueryController( 6727): Could not detect idle state.
06-24 10:10:56.909 W/QueryController( 6727): Could not detect idle state.
06-24 10:10:56.915 W/QueryController( 6727): Could not detect idle state.
06-24 10:10:56.919 W/QueryController( 6727): Could not detect idle state.
06-24 10:10:56.935 D/UIAutomatorStub( 6727): URI: /jsonrpc/0, Method: POST, params, {NanoHttpd.QUERY_STRING=null}, files: {postData={"jsonrpc": "2.0", "id": 1, "method": "click", "params": [960.0, 613.0]}}
06-24 10:10:56.946 V/DisplayPowerController[0]( 1928): Brightness [0.39763778] reason changing to: 'manual', previous reason: 'manual [ dim ]'.
06-24 10:10:56.958 E/DisplayDeviceConfig( 1928): requesting nits when no mapping exists.
06-24 10:10:56.959 E/DisplayDeviceConfig( 1928): requesting nits when no mapping exists.
06-24 10:10:56.963 I/DropBoxManagerService( 1928): add tag=system_server_wtf isTagEnabled=true flags=0x2
06-24 10:10:56.964 E/LightsService( 1928): Light requested not available on this device. 0
06-24 10:10:56.967 I/DropBoxManagerService( 1928): add tag=system_server_wtf isTagEnabled=true flags=0x2
06-24 10:10:56.973 E/DisplayDeviceConfig( 1928): requesting nits when no mapping exists.
06-24 10:10:56.975 E/DisplayDeviceConfig( 1928): requesting nits when no mapping exists.
06-24 10:10:56.982 I/DropBoxManagerService( 1928): add tag=system_server_wtf isTagEnabled=true flags=0x2
06-24 10:10:56.984 I/DropBoxManagerService( 1928): add tag=system_server_wtf isTagEnabled=true flags=0x2
06-24 10:10:56.985 E/LightsService( 1928): Light requested not available on this device. 0
06-24 10:10:56.989 E/DisplayDeviceConfig( 1928): requesting nits when no mapping exists.
06-24 10:10:56.989 E/DisplayDeviceConfig( 1928): requesting nits when no mapping exists.
06-24 10:10:56.992 I/DropBoxManagerService( 1928): add tag=system_server_wtf isTagEnabled=true flags=0x2
06-24 10:10:56.994 E/LightsService( 1928): Light requested not available on this device. 0
06-24 10:10:57.007 E/DisplayDeviceConfig( 1928): requesting nits when no mapping exists.
06-24 10:10:57.007 E/DisplayDeviceConfig( 1928): requesting nits when no mapping exists.
06-24 10:10:57.009 E/LightsService( 1928): Light requested not available on this device. 0
06-24 10:10:57.027 E/DisplayDeviceConfig( 1928): requesting nits when no mapping exists.
06-24 10:10:57.027 E/DisplayDeviceConfig( 1928): requesting nits when no mapping exists.
06-24 10:10:57.029 E/LightsService( 1928): Light requested not available on this device. 0
06-24 10:10:57.039 E/DisplayDeviceConfig( 1928): requesting nits when no mapping exists.
06-24 10:10:57.039 E/DisplayDeviceConfig( 1928): requesting nits when no mapping exists.
06-24 10:10:57.044 E/LightsService( 1928): Light requested not available on this device. 0
06-24 10:10:57.056 E/DisplayDeviceConfig( 1928): requesting nits when no mapping exists.
06-24 10:10:57.061 E/DisplayDeviceConfig( 1928): requesting nits when no mapping exists.
06-24 10:10:57.062 E/LightsService( 1928): Light requested not available on this device. 0
06-24 10:10:57.073 E/DisplayDeviceConfig( 1928): requesting nits when no mapping exists.
06-24 10:10:57.074 E/DisplayDeviceConfig( 1928): requesting nits when no mapping exists.
06-24 10:10:57.077 E/LightsService( 1928): Light requested not available on this device. 0
06-24 10:10:57.091 E/DisplayDeviceConfig( 1928): requesting nits when no mapping exists.
06-24 10:10:57.096 E/DisplayDeviceConfig( 1928): requesting nits when no mapping exists.
06-24 10:10:57.098 E/LightsService( 1928): Light requested not available on this device. 0
06-24 10:10:57.110 E/DisplayDeviceConfig( 1928): requesting nits when no mapping exists.
06-24 10:10:57.111 E/DisplayDeviceConfig( 1928): requesting nits when no mapping exists.
06-24 10:10:57.117 E/LightsService( 1928): Light requested not available on this device. 0
06-24 10:10:57.123 E/DisplayDeviceConfig( 1928): requesting nits when no mapping exists.
06-24 10:10:57.125 E/DisplayDeviceConfig( 1928): requesting nits when no mapping exists.
06-24 10:10:57.132 E/LightsService( 1928): Light requested not available on this device. 0
06-24 10:10:57.140 E/DisplayDeviceConfig( 1928): requesting nits when no mapping exists.
06-24 10:10:57.141 E/DisplayDeviceConfig( 1928): requesting nits when no mapping exists.
06-24 10:10:57.143 E/LightsService( 1928): Light requested not available on this device. 0
06-24 10:10:57.158 E/DisplayDeviceConfig( 1928): requesting nits when no mapping exists.
06-24 10:10:57.159 E/DisplayDeviceConfig( 1928): requesting nits when no mapping exists.
06-24 10:10:57.162 E/LightsService( 1928): Light requested not available on this device. 0
06-24 10:10:57.173 E/DisplayDeviceConfig( 1928): requesting nits when no mapping exists.
06-24 10:10:57.173 E/DisplayDeviceConfig( 1928): requesting nits when no mapping exists.
06-24 10:10:57.177 E/LightsService( 1928): Light requested not available on this device. 0
06-24 10:10:57.189 E/DisplayDeviceConfig( 1928): requesting nits when no mapping exists.
06-24 10:10:57.189 E/DisplayDeviceConfig( 1928): requesting nits when no mapping exists.
06-24 10:10:57.194 E/LightsService( 1928): Light requested not available on this device. 0
06-24 10:10:57.205 E/DisplayDeviceConfig( 1928): requesting nits when no mapping exists.
06-24 10:10:57.207 E/DisplayDeviceConfig( 1928): requesting nits when no mapping exists.
06-24 10:10:57.211 E/LightsService( 1928): Light requested not available on this device. 0
06-24 10:10:57.254 V/GrantPermissionsViewModel( 6787): Logged buttons presented and clicked permissionGroupName=android.permission-group.STORAGE uid=10058 selectedLocations=0 package=tech.gtt.frontapp.stb.demo presentedButtons=9 clickedButton=1 sessionId=-6902032319597959804 targetSdk=35
06-24 10:10:57.260 I/MediaProvider( 2563): Invalidating LocalCallingIdentity cache for package tech.gtt.frontapp.stb.demo. Reason: op android:read_external_storage
06-24 10:10:57.261 V/GrantPermissionsViewModel( 6787): Permission grant result requestId=-6902032319597959804 callingUid=10058 callingPackage=tech.gtt.frontapp.stb.demo permission=android.permission.READ_EXTERNAL_STORAGE isImplicit=false result=4
06-24 10:10:57.267 D/gralloc_nox( 1764): gralloc_alloc: Creating ashmem region of size 8298496
06-24 10:10:57.304 E/android.hardware.audio.service( 1756): pcm_open called create stream faild
06-24 10:10:57.597 D/CompatibilityChangeReporter( 6820): Compat change id reported: 78294732; UID 10058; state: ENABLED
06-24 10:10:57.602 I/b       ( 6820): freeSpace : 116669MB
06-24 10:10:57.656 D/ProcessState( 6893): Binder ioctl to enable oneway spam detection failed: Invalid argument
06-24 10:10:57.839 D/ConnectivityService( 1928): NetReassign [no changes]
06-24 10:10:57.862 V/GSK     ( 6820): StorageServiceImpl initialization() executed in 2 ms.
06-24 10:10:57.864 V/GSK     ( 6820): SecurityServiceImpl initialization() executed in 1 ms.
06-24 10:10:57.958 W/System.err( 6820): SLF4J(W): No SLF4J providers were found.
06-24 10:10:57.958 W/System.err( 6820): SLF4J(W): Defaulting to no-operation (NOP) logger implementation
06-24 10:10:57.958 W/System.err( 6820): SLF4J(W): See https://www.slf4j.org/codes.html#noProviders for further details.
06-24 10:10:57.976 W/InputManager-JNI( 1928): Input channel object 'ab9ddc1 com.android.permissioncontroller/com.android.permissioncontroller.permission.ui.GrantPermissionsActivity (client)' was disposed without first being removed with the input manager!
06-24 10:10:57.990 W/SurfaceFlinger( 1776): couldn't log to binary event log: overflow.
06-24 10:10:58.031 W/System.err( 6820): kotlinx.serialization.json.internal.JsonDecodingException: Expected start of the object '{', but had 'EOF' instead at path: $
06-24 10:10:58.031 W/System.err( 6820): JSON input: 
06-24 10:10:58.031 W/System.err( 6820): 	at kotlinx.serialization.json.internal.JsonExceptionsKt.JsonDecodingException(SourceFile:1)
06-24 10:10:58.031 W/System.err( 6820): 	at kotlinx.serialization.json.internal.JsonExceptionsKt.JsonDecodingException(SourceFile:2)
06-24 10:10:58.031 W/System.err( 6820): 	at kotlinx.serialization.json.internal.AbstractJsonLexer.fail(SourceFile:52)
06-24 10:10:58.031 W/System.err( 6820): 	at kotlinx.serialization.json.internal.AbstractJsonLexer.fail$default(SourceFile:15)
06-24 10:10:58.031 W/System.err( 6820): 	at kotlinx.serialization.json.internal.AbstractJsonLexer.unexpectedToken(SourceFile:103)
06-24 10:10:58.031 W/System.err( 6820): 	at kotlinx.serialization.json.internal.StringJsonLexer.consumeNextToken(SourceFile:16)
06-24 10:10:58.031 W/System.err( 6820): 	at kotlinx.serialization.json.internal.StreamingJsonDecoder.beginStructure(SourceFile:23)
06-24 10:10:58.031 W/System.err( 6820): 	at tech.gtt.frontapp.servicesdk.common.service.utility.apis.e2ee.E2eeConfigResponse$$serializer.deserialize(SourceFile:2)
06-24 10:10:58.031 W/System.err( 6820): 	at tech.gtt.frontapp.servicesdk.common.service.utility.apis.e2ee.E2eeConfigResponse$$serializer.deserialize(SourceFile:1)
06-24 10:10:58.031 W/System.err( 6820): 	at kotlinx.serialization.json.internal.StreamingJsonDecoder.decodeSerializableValue(SourceFile:320)
06-24 10:10:58.031 W/System.err( 6820): 	at kotlinx.serialization.json.Json.decodeFromString(SourceFile:3)
06-24 10:10:58.031 W/System.err( 6820): 	at tech.gtt.frontapp.servicesdk.common.service.utility.apis.e2ee.E2eeManager.syncE2eeConfig(SourceFile:74)
06-24 10:10:58.031 W/System.err( 6820): 	at tech.gtt.frontapp.servicesdk.common.service.utility.apis.ApiUtilServiceImpl.onServiceInit(SourceFile:228)
06-24 10:10:58.031 W/System.err( 6820): 	at tech.gtt.frontapp.servicesdk.common.core.ServiceSDKImpl.executeServiceInitialize(SourceFile:372)
06-24 10:10:58.031 W/System.err( 6820): 	at tech.gtt.frontapp.servicesdk.common.core.ServiceSDKImpl.access$executeServiceInitialize(SourceFile:1)
06-24 10:10:58.031 W/System.err( 6820): 	at tech.gtt.frontapp.servicesdk.common.core.ServiceSDKImpl$init$1.invokeSuspend(SourceFile:178)
06-24 10:10:58.031 W/System.err( 6820): 	at tech.gtt.frontapp.servicesdk.common.core.ServiceSDKImpl$init$1.invoke(SourceFile:2)
06-24 10:10:58.031 W/System.err( 6820): 	at tech.gtt.frontapp.servicesdk.common.core.ServiceSDKImpl$init$1.invoke(SourceFile:1)
06-24 10:10:58.031 W/System.err( 6820): 	at kotlinx.coroutines.flow.SafeFlow.collectSafely(SourceFile:3)
06-24 10:10:58.031 W/System.err( 6820): 	at kotlinx.coroutines.flow.AbstractFlow.collect(SourceFile:70)
06-24 10:10:58.031 W/System.err( 6820): 	at tech.gtt.frontapp.servicesdk.common.core.SDKSetup$build$1.invokeSuspend(SourceFile:42)
06-24 10:10:58.031 W/System.err( 6820): 	at tech.gtt.frontapp.servicesdk.common.core.SDKSetup$build$1.invoke(SourceFile:2)
06-24 10:10:58.031 W/System.err( 6820): 	at tech.gtt.frontapp.servicesdk.common.core.SDKSetup$build$1.invoke(SourceFile:1)
06-24 10:10:58.031 W/System.err( 6820): 	at tech.gtt.frontapp.servicesdk.common.core.Scheduler$scheduleDirect$1.invokeSuspend(SourceFile:61)
06-24 10:10:58.031 W/System.err( 6820): 	at lh.a.resumeWith(SourceFile:14)
06-24 10:10:58.031 W/System.err( 6820): 	at kotlinx.coroutines.DispatchedTask.run(SourceFile:123)
06-24 10:10:58.031 W/System.err( 6820): 	at kotlinx.coroutines.internal.LimitedDispatcher$Worker.run(SourceFile:4)
06-24 10:10:58.031 W/System.err( 6820): 	at kotlinx.coroutines.scheduling.TaskImpl.run(SourceFile:3)
06-24 10:10:58.031 W/System.err( 6820): 	at kotlinx.coroutines.scheduling.CoroutineScheduler.runSafely(SourceFile:1)
06-24 10:10:58.031 W/System.err( 6820): 	at kotlinx.coroutines.scheduling.CoroutineScheduler$Worker.executeTask(SourceFile:34)
06-24 10:10:58.031 W/System.err( 6820): 	at kotlinx.coroutines.scheduling.CoroutineScheduler$Worker.runWorker(SourceFile:29)
06-24 10:10:58.031 W/System.err( 6820): 	at kotlinx.coroutines.scheduling.CoroutineScheduler$Worker.run(SourceFile:1)
06-24 10:10:58.051 W/System.err( 6820): java.io.FileNotFoundException: sys/class/sunxi_info/sys_info: open failed: ENOENT (No such file or directory)
06-24 10:10:58.051 W/System.err( 6820): 	at libcore.io.IoBridge.open(IoBridge.java:575)
06-24 10:10:58.051 W/System.err( 6820): 	at java.io.FileInputStream.<init>(FileInputStream.java:160)
06-24 10:10:58.051 W/System.err( 6820): 	at java.io.FileInputStream.<init>(FileInputStream.java:115)
06-24 10:10:58.051 W/System.err( 6820): 	at ip.b.b(SourceFile:5)
06-24 10:10:58.051 W/System.err( 6820): 	at ip.b.a(SourceFile:155)
06-24 10:10:58.051 W/System.err( 6820): 	at ip.a.invoke(SourceFile:589)
06-24 10:10:58.051 W/System.err( 6820): 	at dh.v.getValue(SourceFile:21)
06-24 10:10:58.051 W/System.err( 6820): 	at tech.gtt.frontapp.servicesdk.common.network.interceptor.params.ApiDeviceParams.handleFixedParams(SourceFile:52)
06-24 10:10:58.051 W/System.err( 6820): 	at tech.gtt.frontapp.servicesdk.common.service.utility.apis.IParamsGetter.toMaps(SourceFile:87)
06-24 10:10:58.051 W/System.err( 6820): 	at tech.gtt.frontapp.servicesdk.common.network.interceptor.DefaultParamsInterceptor.onRequest(SourceFile:127)
06-24 10:10:58.051 W/System.err( 6820): 	at tech.gtt.frontapp.servicesdk.common.network.interceptor.SDKInterceptorsPluginKt$setupRequestInterception$1.invokeSuspend(SourceFile:103)
06-24 10:10:58.051 W/System.err( 6820): 	at tech.gtt.frontapp.servicesdk.common.network.interceptor.SDKInterceptorsPluginKt$setupRequestInterception$1.invoke(SourceFile:1)
06-24 10:10:58.051 W/System.err( 6820): 	at tech.gtt.frontapp.servicesdk.common.network.interceptor.SDKInterceptorsPluginKt$setupRequestInterception$1.invoke(SourceFile:2)
06-24 10:10:58.051 W/System.err( 6820): 	at io.ktor.util.pipeline.DebugPipelineContext.proceedLoop(SourceFile:86)
06-24 10:10:58.051 W/System.err( 6820): 	at io.ktor.util.pipeline.DebugPipelineContext.proceed(SourceFile:26)
06-24 10:10:58.051 W/System.err( 6820): 	at io.ktor.client.plugins.RequestError$install$1.invokeSuspend(SourceFile:47)
06-24 10:10:58.051 W/System.err( 6820): 	at io.ktor.client.plugins.RequestError$install$1.invoke(SourceFile:1)
06-24 10:10:58.051 W/System.err( 6820): 	at io.ktor.client.plugins.RequestError$install$1.invoke(SourceFile:2)
06-24 10:10:58.051 W/System.err( 6820): 	at io.ktor.util.pipeline.DebugPipelineContext.proceedLoop(SourceFile:86)
06-24 10:10:58.051 W/System.err( 6820): 	at io.ktor.util.pipeline.DebugPipelineContext.proceed(SourceFile:26)
06-24 10:10:58.051 W/System.err( 6820): 	at io.ktor.client.plugins.SetupRequestContext$install$1.invokeSuspend$proceed(SourceFile:1)
06-24 10:10:58.051 W/System.err( 6820): 	at io.ktor.client.plugins.SetupRequestContext$install$1.access$invokeSuspend$proceed(SourceFile:1)
06-24 10:10:58.051 W/System.err( 6820): 	at io.ktor.client.plugins.SetupRequestContext$install$1$1.invoke(SourceFile:2)
06-24 10:10:58.051 W/System.err( 6820): 	at io.ktor.client.plugins.SetupRequestContext$install$1$1.invoke(SourceFile:1)
06-24 10:10:58.051 W/System.err( 6820): 	at io.ktor.client.plugins.HttpRequestLifecycleKt$HttpRequestLifecycle$1$1.invokeSuspend(SourceFile:78)
06-24 10:10:58.051 W/System.err( 6820): 	at io.ktor.client.plugins.HttpRequestLifecycleKt$HttpRequestLifecycle$1$1.invoke(SourceFile:1)
06-24 10:10:58.051 W/System.err( 6820): 	at io.ktor.client.plugins.HttpRequestLifecycleKt$HttpRequestLifecycle$1$1.invoke(SourceFile:2)
06-24 10:10:58.051 W/System.err( 6820): 	at io.ktor.client.plugins.SetupRequestContext$install$1.invokeSuspend(SourceFile:42)
06-24 10:10:58.051 W/System.err( 6820): 	at io.ktor.client.plugins.SetupRequestContext$install$1.invoke(SourceFile:1)
06-24 10:10:58.051 W/System.err( 6820): 	at io.ktor.client.plugins.SetupRequestContext$install$1.invoke(SourceFile:2)
06-24 10:10:58.051 W/System.err( 6820): 	at io.ktor.util.pipeline.DebugPipelineContext.proceedLoop(SourceFile:86)
06-24 10:10:58.051 W/System.err( 6820): 	at io.ktor.util.pipeline.DebugPipelineContext.proceed(SourceFile:26)
06-24 10:10:58.051 W/System.err( 6820): 	at io.ktor.util.pipeline.DebugPipelineContext.execute$ktor_utils(SourceFile:7)
06-24 10:10:58.051 W/System.err( 6820): 	at io.ktor.util.pipeline.Pipeline.execute(SourceFile:9)
06-24 10:10:58.051 W/System.err( 6820): 	at io.ktor.client.HttpClient.execute$ktor_client_core(SourceFile:68)
06-24 10:10:58.051 W/System.err( 6820): 	at io.ktor.client.statement.HttpStatement.fetchResponse(SourceFile:90)
06-24 10:10:58.051 W/System.err( 6820): 	at io.ktor.client.statement.HttpStatement.execute(SourceFile:9)
06-24 10:10:58.051 W/System.err( 6820): 	at de.jensklingenberg.ktorfit.internal.KtorfitConverterHelper.suspendRequest(SourceFile:127)
06-24 10:10:58.051 W/System.err( 6820): 	at de.jensklingenberg.ktorfit.internal.KtorfitConverterHelper$request$1$1.invokeSuspend(SourceFile:58)
06-24 10:10:58.051 W/System.err( 6820): 	at de.jensklingenberg.ktorfit.internal.KtorfitConverterHelper$request$1$1.invoke(SourceFile:2)
06-24 10:10:58.051 W/System.err( 6820): 	at de.jensklingenberg.ktorfit.internal.KtorfitConverterHelper$request$1$1.invoke(SourceFile:1)
06-24 10:10:58.051 W/System.err( 6820): 	at de.jensklingenberg.ktorfit.converter.FlowConverterFactory$responseConverter$1$convert$1.invokeSuspend(SourceFile:84)
06-24 10:10:58.051 W/System.err( 6820): 	at de.jensklingenberg.ktorfit.converter.FlowConverterFactory$responseConverter$1$convert$1.invoke(SourceFile:2)
06-24 10:10:58.051 W/System.err( 6820): 	at de.jensklingenberg.ktorfit.converter.FlowConverterFactory$responseConverter$1$convert$1.invoke(SourceFile:1)
06-24 10:10:58.051 W/System.err( 6820): 	at kotlinx.coroutines.flow.SafeFlow.collectSafely(SourceFile:3)
06-24 10:10:58.051 W/System.err( 6820): 	at kotlinx.coroutines.flow.AbstractFlow.collect(SourceFile:70)
06-24 10:10:58.051 W/System.err( 6820): 	at kotlinx.coroutines.flow.FlowKt__MergeKt$flatMapConcat$$inlined$map$1.collect(SourceFile:10)
06-24 10:10:58.051 W/System.err( 6820): 	at kotlinx.coroutines.flow.FlowKt__MergeKt$flattenConcat$$inlined$unsafeFlow$1.collect(SourceFile:8)
06-24 10:10:58.051 W/System.err( 6820): 	at kotlinx.coroutines.flow.FlowKt__CollectKt.collect(SourceFile:1)
06-24 10:10:58.051 W/System.err( 6820): 	at kotlinx.coroutines.flow.FlowKt.collect(SourceFile:1)
06-24 10:10:58.051 W/System.err( 6820): 	at tech.gtt.frontapp.servicesdk.common.service.utility.apis.ApiUtilServiceImpl.onServiceInit(SourceFile:240)
06-24 10:10:58.051 W/System.err( 6820): 	at tech.gtt.frontapp.servicesdk.common.core.ServiceSDKImpl.executeServiceInitialize(SourceFile:372)
06-24 10:10:58.051 W/System.err( 6820): 	at tech.gtt.frontapp.servicesdk.common.core.ServiceSDKImpl.access$executeServiceInitialize(SourceFile:1)
06-24 10:10:58.051 W/System.err( 6820): 	at tech.gtt.frontapp.servicesdk.common.core.ServiceSDKImpl$init$1.invokeSuspend(SourceFile:178)
06-24 10:10:58.051 W/System.err( 6820): 	at tech.gtt.frontapp.servicesdk.common.core.ServiceSDKImpl$init$1.invoke(SourceFile:2)
06-24 10:10:58.051 W/System.err( 6820): 	at tech.gtt.frontapp.servicesdk.common.core.ServiceSDKImpl$init$1.invoke(SourceFile:1)
06-24 10:10:58.051 W/System.err( 6820): 	at kotlinx.coroutines.flow.SafeFlow.collectSafely(SourceFile:3)
06-24 10:10:58.051 W/System.err( 6820): 	at kotlinx.coroutines.flow.AbstractFlow.collect(SourceFile:70)
06-24 10:10:58.051 W/System.err( 6820): 	at tech.gtt.frontapp.servicesdk.common.core.SDKSetup$build$1.invokeSuspend(SourceFile:42)
06-24 10:10:58.051 W/System.err( 6820): 	at tech.gtt.frontapp.servicesdk.common.core.SDKSetup$build$1.invoke(SourceFile:2)
06-24 10:10:58.051 W/System.err( 6820): 	at tech.gtt.frontapp.servicesdk.common.core.SDKSetup$build$1.invoke(SourceFile:1)
06-24 10:10:58.051 W/System.err( 6820): 	at tech.gtt.frontapp.servicesdk.common.core.Scheduler$scheduleDirect$1.invokeSuspend(SourceFile:61)
06-24 10:10:58.051 W/System.err( 6820): 	at lh.a.resumeWith(SourceFile:14)
06-24 10:10:58.051 W/System.err( 6820): 	at kotlinx.coroutines.DispatchedTask.run(SourceFile:123)
06-24 10:10:58.051 W/System.err( 6820): 	at kotlinx.coroutines.internal.LimitedDispatcher$Worker.run(SourceFile:4)
06-24 10:10:58.051 W/System.err( 6820): 	at kotlinx.coroutines.scheduling.TaskImpl.run(SourceFile:3)
06-24 10:10:58.051 W/System.err( 6820): 	at kotlinx.coroutines.scheduling.CoroutineScheduler.runSafely(SourceFile:1)
06-24 10:10:58.051 W/System.err( 6820): 	at kotlinx.coroutines.scheduling.CoroutineScheduler$Worker.executeTask(SourceFile:34)
06-24 10:10:58.051 W/System.err( 6820): 	at kotlinx.coroutines.scheduling.CoroutineScheduler$Worker.runWorker(SourceFile:29)
06-24 10:10:58.051 W/System.err( 6820): 	at kotlinx.coroutines.scheduling.CoroutineScheduler$Worker.run(SourceFile:1)
06-24 10:10:58.052 W/System.err( 6820): Caused by: android.system.ErrnoException: open failed: ENOENT (No such file or directory)
06-24 10:10:58.052 W/System.err( 6820): 	at libcore.io.Linux.open(Native Method)
06-24 10:10:58.052 W/System.err( 6820): 	at libcore.io.ForwardingOs.open(ForwardingOs.java:567)
06-24 10:10:58.052 W/System.err( 6820): 	at libcore.io.BlockGuardOs.open(BlockGuardOs.java:273)
06-24 10:10:58.052 W/System.err( 6820): 	at libcore.io.ForwardingOs.open(ForwardingOs.java:567)
06-24 10:10:58.052 W/System.err( 6820): 	at android.app.ActivityThread$AndroidOs.open(ActivityThread.java:7761)
06-24 10:10:58.052 W/System.err( 6820): 	at libcore.io.IoBridge.open(IoBridge.java:561)
06-24 10:10:58.052 W/System.err( 6820): 	... 69 more
06-24 10:10:58.053 W/System.err( 6820): java.io.FileNotFoundException: sys/class/sunxi_info/sys_info: open failed: ENOENT (No such file or directory)
06-24 10:10:58.053 W/System.err( 6820): 	at libcore.io.IoBridge.open(IoBridge.java:575)
06-24 10:10:58.053 W/System.err( 6820): 	at java.io.FileInputStream.<init>(FileInputStream.java:160)
06-24 10:10:58.053 W/System.err( 6820): 	at java.io.FileInputStream.<init>(FileInputStream.java:115)
06-24 10:10:58.053 W/System.err( 6820): 	at ip.b.b(SourceFile:5)
06-24 10:10:58.053 W/System.err( 6820): 	at ip.b.a(SourceFile:155)
06-24 10:10:58.053 W/System.err( 6820): 	at ip.a.invoke(SourceFile:127)
06-24 10:10:58.053 W/System.err( 6820): 	at dh.v.getValue(SourceFile:21)
06-24 10:10:58.053 W/System.err( 6820): 	at tech.gtt.frontapp.servicesdk.common.network.interceptor.params.ApiDeviceParams.handleFixedParams(SourceFile:65)
06-24 10:10:58.053 W/System.err( 6820): 	at tech.gtt.frontapp.servicesdk.common.service.utility.apis.IParamsGetter.toMaps(SourceFile:87)
06-24 10:10:58.053 W/System.err( 6820): 	at tech.gtt.frontapp.servicesdk.common.network.interceptor.DefaultParamsInterceptor.onRequest(SourceFile:127)
06-24 10:10:58.053 W/System.err( 6820): 	at tech.gtt.frontapp.servicesdk.common.network.interceptor.SDKInterceptorsPluginKt$setupRequestInterception$1.invokeSuspend(SourceFile:103)
06-24 10:10:58.053 W/System.err( 6820): 	at tech.gtt.frontapp.servicesdk.common.network.interceptor.SDKInterceptorsPluginKt$setupRequestInterception$1.invoke(SourceFile:1)
06-24 10:10:58.053 W/System.err( 6820): 	at tech.gtt.frontapp.servicesdk.common.network.interceptor.SDKInterceptorsPluginKt$setupRequestInterception$1.invoke(SourceFile:2)
06-24 10:10:58.053 W/System.err( 6820): 	at io.ktor.util.pipeline.DebugPipelineContext.proceedLoop(SourceFile:86)
06-24 10:10:58.053 W/System.err( 6820): 	at io.ktor.util.pipeline.DebugPipelineContext.proceed(SourceFile:26)
