06-24 10:11:00.442 V/GSK-Upgrade:ComponentUpdater( 6820): local dex is empty
06-24 10:11:00.442 V/GSK-Upgrade:ComponentUpdater( 6820): local dex is empty
06-24 10:11:00.442 V/GSK-Upgrade:ComponentUpdater( 6820): local dex is empty
06-24 10:11:00.442 V/GSK-Upgrade:ComponentUpdater( 6820): local dex is empty
06-24 10:11:00.444 W/UiDevice( 6727): Skipping null root node for window: AccessibilityWindowInfo[title=允许v-demo访问您设备上的照片和媒体吗？, displayId=0, id=165, taskId=41, type=TYPE_APPLICATION, layer=1, region=SkRegion((432,48,1488,1080)), bounds=Rect(432, 48 - 1488, 1080), focused=false, active=false, pictureInPicture=false, hasParent=false, isAnchored=false, hasChildren=false]
06-24 10:11:00.450 D/AndroidAutoSize( 6820): tech.gtt.frontapp.stb.m.home.activity.LoadingActivity used the global configuration.
06-24 10:11:00.451 D/AndroidAutoSize( 6820): The tech.gtt.frontapp.stb.m.home.activity.LoadingActivity has been adapted! 
06-24 10:11:00.451 D/AndroidAutoSize( 6820): LoadingActivity Info: isBaseOnWidth = true, designWidthInDp = 1920.000000, designWidthInSubunits = 1920.000000, targetDensity = 1.000000, targetScaledDensity = 1.000000, targetDensityDpi = 160, targetXdpi = 1.000000, targetScreenWidthDp = 1920, targetScreenHeightDp = 1032
06-24 10:11:00.500 V/GSK-Account:AccountManager( 6820): isLoggedIn=false
06-24 10:11:00.500 D/AndroidAutoSize( 6820): tech.gtt.frontapp.stb.m.home.activity.LoadingActivity used the global configuration.
06-24 10:11:00.500 D/AndroidAutoSize( 6820): The tech.gtt.frontapp.stb.m.home.activity.LoadingActivity has been adapted! 
06-24 10:11:00.500 D/AndroidAutoSize( 6820): LoadingActivity Info: isBaseOnWidth = true, designWidthInDp = 1920.000000, designWidthInSubunits = 1920.000000, targetDensity = 1.000000, targetScaledDensity = 1.000000, targetDensityDpi = 160, targetXdpi = 1.000000, targetScreenWidthDp = 1920, targetScreenHeightDp = 1032
06-24 10:11:00.529 W/WindowManager( 1928): Failed looking up window session=Session{db29e8c 6820:u0a10058} callers=com.android.server.wm.WindowManagerService.windowForClientLocked:5850 com.android.server.wm.Session.updateRequestedVisibilities:640 android.view.IWindowSession$Stub.onTransact:1175 
06-24 10:11:00.595 D/gralloc_nox( 1764): gralloc_alloc: Creating ashmem region of size 8298496
06-24 10:11:00.634 D/gralloc_nox( 1764): gralloc_alloc: Creating ashmem region of size 8298496
06-24 10:11:00.642 D/UiDevice( 6727): Searching for node with selector: BySelector [RES='\Qtech.gtt.frontapp.stb.demo:id/account_login_tv2\E'].
06-24 10:11:00.651 W/QueryController( 6727): Could not detect idle state.
06-24 10:11:00.674 D/gralloc_nox( 1764): gralloc_alloc: Creating ashmem region of size 8298496
06-24 10:11:00.678 D/ProcessState( 6934): Binder ioctl to enable oneway spam detection failed: Invalid argument
06-24 10:11:00.767 I/ActivityTaskManager( 1928): Displayed tech.gtt.frontapp.stb.demo/tech.gtt.frontapp.stb.m.home.activity.LoadingActivity: +398ms
06-24 10:11:00.771 D/CompatibilityChangeReporter( 6820): Compat change id reported: 171228096; UID 10058; state: ENABLED
06-24 10:11:00.784 W/DataBinding( 6820): Setting the fragment as the LifecycleOwner might cause memory leaks because views lives shorter than the Fragment. Consider using Fragment's view lifecycle
06-24 10:11:00.827 I/MediaFocusControl( 1928): requestAudioFocus() from uid/pid 10058/6820 AA=USAGE_MEDIA/CONTENT_TYPE_MOVIE clientId=android.media.AudioManager@2c8ae5f callingPack=tech.gtt.frontapp.stb.demo req=1 flags=0x0 sdk=35
06-24 10:11:00.829 I/AudioService.FadeOutManager( 1928): unfadeOutUid() uid:10058
06-24 10:11:00.838 W/MediaProvider( 2563): Failed to fetch original file descriptor
06-24 10:11:00.838 W/MediaProvider( 2563): java.io.IOException: stat failed: ENOENT (No such file or directory)
06-24 10:11:00.838 W/MediaProvider( 2563): 	at com.android.providers.media.MediaProvider.getFileFromFileDescriptor(MediaProvider.java:5822)
06-24 10:11:00.838 W/MediaProvider( 2563): 	at com.android.providers.media.MediaProvider.getOriginalMediaFormatFileDescriptor(MediaProvider.java:5739)
06-24 10:11:00.838 W/MediaProvider( 2563): 	at com.android.providers.media.MediaProvider.openTypedAssetFileCommon(MediaProvider.java:7162)
06-24 10:11:00.838 W/MediaProvider( 2563): 	at com.android.providers.media.MediaProvider.openTypedAssetFile(MediaProvider.java:7143)
06-24 10:11:00.838 W/MediaProvider( 2563): 	at android.content.ContentProvider$Transport.openTypedAssetFile(ContentProvider.java:548)
06-24 10:11:00.838 W/MediaProvider( 2563): 	at android.content.ContentProviderNative.onTransact(ContentProviderNative.java:327)
06-24 10:11:00.838 W/MediaProvider( 2563): 	at android.os.Binder.execTransactInternal(Binder.java:1179)
06-24 10:11:00.838 W/MediaProvider( 2563): 	at android.os.Binder.execTransact(Binder.java:1143)
06-24 10:11:00.838 W/MediaProvider( 2563): Caused by: android.system.ErrnoException: stat failed: ENOENT (No such file or directory)
06-24 10:11:00.838 W/MediaProvider( 2563): 	at libcore.io.Linux.stat(Native Method)
06-24 10:11:00.838 W/MediaProvider( 2563): 	at libcore.io.ForwardingOs.stat(ForwardingOs.java:853)
06-24 10:11:00.838 W/MediaProvider( 2563): 	at libcore.io.BlockGuardOs.stat(BlockGuardOs.java:420)
06-24 10:11:00.838 W/MediaProvider( 2563): 	at libcore.io.ForwardingOs.stat(ForwardingOs.java:853)
06-24 10:11:00.838 W/MediaProvider( 2563): 	at android.app.ActivityThread$AndroidOs.stat(ActivityThread.java:7775)
06-24 10:11:00.838 W/MediaProvider( 2563): 	at android.system.Os.stat(Os.java:919)
06-24 10:11:00.838 W/MediaProvider( 2563): 	at com.android.providers.media.MediaProvider.getFileFromFileDescriptor(MediaProvider.java:5816)
06-24 10:11:00.838 W/MediaProvider( 2563): 	... 7 more
06-24 10:11:00.843 D/NuPlayerDriver( 1806): NuPlayerDriver(0xeadc0ac0) created, clientPid(6820)
06-24 10:11:00.848 D/SurfaceUtils( 1806): connecting to surface 0xe5b03278, reason setVideoSurfaceTexture
06-24 10:11:00.850 D/NuPlayer( 1806): onSetVideoSurface(0xe5b00010, no video decoder)
06-24 10:11:00.855 D/GenericSource( 1806): FileSource remote
06-24 10:11:00.859 I/SampleTable( 1804): There are reordered frames present.
06-24 10:11:00.863 D/MediaBufferGroup( 1804): creating MemoryDealer
06-24 10:11:00.884 V/GSK-APIS( 6820): received response >>> id: 225dc5cc url: https://gtt-app-apigateway-lion.vdemosit.com/api/enduser/messagecenter/message/query/v1 statusCode: 400, exception: null
06-24 10:11:00.884 I/System.out( 6820): [SDKInterceptorPlugin] Unhandled exception in request processing: Something went wrong while connecting to the server, statusCode: 400
06-24 10:11:00.893 D/MediaPlayerNative( 6820): getMetadata
06-24 10:11:00.909 I/GenericSource( 1806): start
06-24 10:11:00.918 I/OMXClient( 1806): IOmx service obtained
06-24 10:11:00.918 I/OMXStore( 1809): makeComponentInstance(OMX.google.h264.decoder) in android.hardwar process
06-24 10:11:00.919 I/OMXClient( 1806): IOmx service obtained
06-24 10:11:00.919 I/OMXStore( 1809): makeComponentInstance(OMX.google.aac.decoder) in android.hardwar process
06-24 10:11:00.920 E/OMXNodeInstance( 1809): setConfig(0xeaac1820:google.aac.decoder, ConfigPriority(0x6f800002)) ERROR: Undefined(0x80001001)
06-24 10:11:00.920 I/ACodec  ( 1806): codec does not support config priority (err -2147483648)
06-24 10:11:00.921 E/OMXNodeInstance( 1809): getConfig(0xeaac1820:google.aac.decoder, ConfigAndroidVendorExtension(0x6f100004)) ERROR: Undefined(0x80001001)
06-24 10:11:00.921 D/SoftAAC2( 1809): get OMX_IndexParamAudioAndroidAacDrcPresentation
06-24 10:11:00.921 I/MediaCodec( 1806): MediaCodec will operate in async mode
06-24 10:11:00.921 D/MediaCodec( 1806): keep callback message for reclaim
06-24 10:11:00.922 D/SurfaceUtils( 1806): disconnecting from surface 0xe5b00018, reason onConfigure
06-24 10:11:00.925 D/SurfaceUtils( 1806): connecting to surface 0xe5b00018, reason connectToSurface
06-24 10:11:00.928 I/MediaCodec( 1806): [OMX.google.h264.decoder] setting surface generation to 1849352
06-24 10:11:00.928 D/SurfaceUtils( 1806): disconnecting from surface 0xe5b00018, reason connectToSurface(reconnect)
06-24 10:11:00.928 D/SurfaceUtils( 1806): connecting to surface 0xe5b00018, reason connectToSurface(reconnect)
06-24 10:11:00.934 W/ByMatcher( 6727): Node returned null child: android.view.accessibility.AccessibilityNodeInfo@3098f; boundsInParent: Rect(0, 0 - 1920, 48); boundsInScreen: Rect(0, 0 - 1920, 48); packageName: com.android.systemui; className: android.widget.FrameLayout; text: null; error: null; maxTextLength: -1; stateDescription: null; contentDescription: null; tooltipText: null; viewIdResName: null; checkable: false; checked: false; focusable: false; focused: false; selected: false; clickable: false; longClickable: false; contextClickable: false; enabled: true; password: false; scrollable: false; importantForAccessibility: true; visible: true; actions: [AccessibilityAction: ACTION_SELECT - null, AccessibilityAction: ACTION_CLEAR_SELECTION - null, AccessibilityAction: ACTION_ACCESSIBILITY_FOCUS - null, AccessibilityAction: ACTION_SHOW_ON_SCREEN - null]
06-24 10:11:00.937 W/ByMatcher( 6727): Skipping null child (0 of 2)
06-24 10:11:00.938 I/SoftAAC2( 1809): Reconfiguring decoder: 0->44100 Hz, 0->1 channels
06-24 10:11:00.938 D/SoftAAC2( 1809): get OMX_IndexParamAudioAndroidAacDrcPresentation
06-24 10:11:00.939 E/OMXNodeInstance( 1809): getExtensionIndex(0xeaac04e0:google.h264.decoder, OMX.google.android.index.enableAndroidNativeBuffers) ERROR: UnsupportedIndex(0x8000101a)
06-24 10:11:00.939 E/ACodec  ( 1806): [OMX.google.h264.decoder] setPortMode on output to DynamicANWBuffer failed w/ err -1010
06-24 10:11:00.939 E/OMXNodeInstance( 1809): getParameter(0xeaac04e0:google.h264.decoder, ??(0x6f600011)) ERROR: UnsupportedIndex(0x8000101a)
06-24 10:11:00.939 W/OMXNodeInstance( 1809): [0xeaac04e0:google.h264.decoder] component does not support metadata mode; using fallback
06-24 10:11:00.939 D/SoftVideoDecoderOMXComponent( 1809): Color Aspects preference: 1 
06-24 10:11:00.939 E/OMXNodeInstance( 1809): setConfig(0xeaac04e0:google.h264.decoder, ConfigPriority(0x6f800002)) ERROR: UnsupportedIndex(0x8000101a)
06-24 10:11:00.939 I/ACodec  ( 1806): codec does not support config priority (err -1010)
06-24 10:11:00.939 E/OMXNodeInstance( 1809): setConfig(0xeaac04e0:google.h264.decoder, ConfigOperatingRate(0x6f800003)) ERROR: UnsupportedIndex(0x8000101a)
06-24 10:11:00.939 I/ACodec  ( 1806): codec does not support config operating rate (err -1010)
06-24 10:11:00.939 E/OMXNodeInstance( 1809): getConfig(0xeaac04e0:google.h264.decoder, ConfigAndroidVendorExtension(0x6f100004)) ERROR: UnsupportedIndex(0x8000101a)
06-24 10:11:00.939 E/OMXNodeInstance( 1809): getConfig(0xeaac04e0:google.h264.decoder, ??(0x7f000003)) ERROR: UnsupportedSetting(0x80001019)
06-24 10:11:00.941 I/MediaCodec( 1806): MediaCodec will operate in async mode
06-24 10:11:00.941 D/MediaCodec( 1806): keep callback message for reclaim
06-24 10:11:00.943 W/ByMatcher( 6727): Skipping null child (1 of 2)
06-24 10:11:00.944 W/ByMatcher( 6727): Node returned null child: android.view.accessibility.AccessibilityNodeInfo@3098f; boundsInParent: Rect(0, 0 - 1920, 48); boundsInScreen: Rect(0, 0 - 1920, 48); packageName: com.android.systemui; className: android.widget.FrameLayout; text: null; error: null; maxTextLength: -1; stateDescription: null; contentDescription: null; tooltipText: null; viewIdResName: null; checkable: false; checked: false; focusable: false; focused: false; selected: false; clickable: false; longClickable: false; contextClickable: false; enabled: true; password: false; scrollable: false; importantForAccessibility: true; visible: true; actions: [AccessibilityAction: ACTION_SELECT - null, AccessibilityAction: ACTION_CLEAR_SELECTION - null, AccessibilityAction: ACTION_ACCESSIBILITY_FOCUS - null, AccessibilityAction: ACTION_SHOW_ON_SCREEN - null]
06-24 10:11:00.944 W/ByMatcher( 6727): Skipping null child (0 of 2)
06-24 10:11:00.944 W/ByMatcher( 6727): Skipping null child (1 of 2)
06-24 10:11:00.949 W/ResourceManagerService( 1806): Ignoring request to add new resource entry with value <= 0
06-24 10:11:00.949 D/AudioFlinger( 1773): Client defaulted notificationFrames to 11286 for frameCount 22572
06-24 10:11:00.952 D/AF::TrackHandle( 1773): OpPlayAudio: track:63 usage:1 not muted
06-24 10:11:00.954 D/SoftVideoDecoderOMXComponent( 1809): Color Aspects preference: 1 
06-24 10:11:00.962 E/OMXNodeInstance( 1809): getConfig(0xeaac04e0:google.h264.decoder, ??(0x7f000003)) ERROR: UnsupportedSetting(0x80001019)
06-24 10:11:01.015 E/android.hardware.audio.service( 1756): pcm_open called create stream faild
06-24 10:11:01.024 D/MediaCodec( 1806): [OMX.google.h264.decoder] setting dataspace on output surface to #102
06-24 10:11:01.029 W/MediaPlayerNative( 6820): info/warning (3, 0)
06-24 10:11:01.031 D/gralloc_nox( 1764): gralloc_alloc: Creating ashmem region of size 589824
06-24 10:11:01.044 D/SoftwareRenderer( 1806): setting dataspace on output surface to #8000102
06-24 10:11:01.045 D/UiDevice( 6727): Searching for node with selector: BySelector [RES='\Qtech.gtt.frontapp.stb.demo:id/account_login_tv2\E'].
06-24 10:11:01.047 W/QueryController( 6727): Could not detect idle state.
06-24 10:11:01.055 W/InputManager-JNI( 1928): Input channel object 'd1910db tech.gtt.frontapp.stb.demo/tech.gtt.frontapp.stb.m.home.activity.SplashActivity (client)' was disposed without first being removed with the input manager!
06-24 10:11:01.062 D/AudioFlinger( 1773): mixer(0x75e25ceb0a60) throttle end: throttle time(38)
06-24 10:11:01.073 D/gralloc_nox( 1764): gralloc_alloc: Creating ashmem region of size 589824
06-24 10:11:01.178 D/UiDevice( 6727): Searching for node with selector: BySelector [RES='\Qtech.gtt.frontapp.stb.demo:id/account_login_tv2\E'].
06-24 10:11:01.181 W/QueryController( 6727): Could not detect idle state.
06-24 10:11:01.294 D/UiDevice( 6727): Searching for node with selector: BySelector [RES='\Qtech.gtt.frontapp.stb.demo:id/account_login_tv2\E'].
06-24 10:11:01.295 W/QueryController( 6727): Could not detect idle state.
06-24 10:11:01.314 D/gralloc_nox( 1764): gralloc_alloc: Creating ashmem region of size 589824
06-24 10:11:01.335 D/AudioFlinger( 1773): mixer(0x75e25ceb0a60) throttle end: throttle time(190)
06-24 10:11:01.347 D/gralloc_nox( 1764): gralloc_alloc: Creating ashmem region of size 589824
06-24 10:11:01.400 D/UiDevice( 6727): Searching for node with selector: BySelector [RES='\Qtech.gtt.frontapp.stb.demo:id/account_login_tv2\E'].
06-24 10:11:01.400 W/QueryController( 6727): Could not detect idle state.
06-24 10:11:01.403 D/AudioFlinger( 1773): mixer(0x75e25ceb0a60) throttle end: throttle time(33)
06-24 10:11:01.506 D/UiDevice( 6727): Searching for node with selector: BySelector [RES='\Qtech.gtt.frontapp.stb.demo:id/account_login_tv2\E'].
06-24 10:11:01.507 W/QueryController( 6727): Could not detect idle state.
06-24 10:11:01.611 D/UiDevice( 6727): Searching for node with selector: BySelector [RES='\Qtech.gtt.frontapp.stb.demo:id/account_login_tv2\E'].
06-24 10:11:01.614 W/QueryController( 6727): Could not detect idle state.
06-24 10:11:01.723 D/UiDevice( 6727): Searching for node with selector: BySelector [RES='\Qtech.gtt.frontapp.stb.demo:id/account_login_tv2\E'].
06-24 10:11:01.725 W/QueryController( 6727): Could not detect idle state.
06-24 10:11:01.843 D/UiDevice( 6727): Searching for node with selector: BySelector [RES='\Qtech.gtt.frontapp.stb.demo:id/account_login_tv2\E'].
06-24 10:11:01.844 W/QueryController( 6727): Could not detect idle state.
06-24 10:11:01.951 D/UiDevice( 6727): Searching for node with selector: BySelector [RES='\Qtech.gtt.frontapp.stb.demo:id/account_login_tv2\E'].
06-24 10:11:01.952 W/QueryController( 6727): Could not detect idle state.
06-24 10:11:02.055 D/UiDevice( 6727): Searching for node with selector: BySelector [RES='\Qtech.gtt.frontapp.stb.demo:id/account_login_tv2\E'].
06-24 10:11:02.055 W/QueryController( 6727): Could not detect idle state.
06-24 10:11:02.165 D/UiDevice( 6727): Searching for node with selector: BySelector [RES='\Qtech.gtt.frontapp.stb.demo:id/account_login_tv2\E'].
06-24 10:11:02.166 W/QueryController( 6727): Could not detect idle state.
06-24 10:11:02.269 D/UiDevice( 6727): Searching for node with selector: BySelector [RES='\Qtech.gtt.frontapp.stb.demo:id/account_login_tv2\E'].
06-24 10:11:02.270 W/QueryController( 6727): Could not detect idle state.
06-24 10:11:02.375 D/UiDevice( 6727): Searching for node with selector: BySelector [RES='\Qtech.gtt.frontapp.stb.demo:id/account_login_tv2\E'].
06-24 10:11:02.376 W/QueryController( 6727): Could not detect idle state.
06-24 10:11:02.484 D/UiDevice( 6727): Searching for node with selector: BySelector [RES='\Qtech.gtt.frontapp.stb.demo:id/account_login_tv2\E'].
06-24 10:11:02.485 W/QueryController( 6727): Could not detect idle state.
06-24 10:11:02.589 D/UiDevice( 6727): Searching for node with selector: BySelector [RES='\Qtech.gtt.frontapp.stb.demo:id/account_login_tv2\E'].
06-24 10:11:02.590 W/QueryController( 6727): Could not detect idle state.
06-24 10:11:02.696 D/UiDevice( 6727): Searching for node with selector: BySelector [RES='\Qtech.gtt.frontapp.stb.demo:id/account_login_tv2\E'].
06-24 10:11:02.696 W/QueryController( 6727): Could not detect idle state.
06-24 10:11:02.799 D/UiDevice( 6727): Searching for node with selector: BySelector [RES='\Qtech.gtt.frontapp.stb.demo:id/account_login_tv2\E'].
06-24 10:11:02.800 W/QueryController( 6727): Could not detect idle state.
06-24 10:11:02.904 D/UiDevice( 6727): Searching for node with selector: BySelector [RES='\Qtech.gtt.frontapp.stb.demo:id/account_login_tv2\E'].
06-24 10:11:02.904 W/QueryController( 6727): Could not detect idle state.
06-24 10:11:03.010 D/UiDevice( 6727): Searching for node with selector: BySelector [RES='\Qtech.gtt.frontapp.stb.demo:id/account_login_tv2\E'].
06-24 10:11:03.011 W/QueryController( 6727): Could not detect idle state.
06-24 10:11:03.121 D/UiDevice( 6727): Searching for node with selector: BySelector [RES='\Qtech.gtt.frontapp.stb.demo:id/account_login_tv2\E'].
06-24 10:11:03.121 W/QueryController( 6727): Could not detect idle state.
06-24 10:11:03.228 D/UiDevice( 6727): Searching for node with selector: BySelector [RES='\Qtech.gtt.frontapp.stb.demo:id/account_login_tv2\E'].
06-24 10:11:03.229 W/QueryController( 6727): Could not detect idle state.
06-24 10:11:03.335 D/UiDevice( 6727): Searching for node with selector: BySelector [RES='\Qtech.gtt.frontapp.stb.demo:id/account_login_tv2\E'].
06-24 10:11:03.336 W/QueryController( 6727): Could not detect idle state.
06-24 10:11:03.440 D/UiDevice( 6727): Searching for node with selector: BySelector [RES='\Qtech.gtt.frontapp.stb.demo:id/account_login_tv2\E'].
06-24 10:11:03.440 W/QueryController( 6727): Could not detect idle state.
06-24 10:11:03.548 D/UiDevice( 6727): Searching for node with selector: BySelector [RES='\Qtech.gtt.frontapp.stb.demo:id/account_login_tv2\E'].
06-24 10:11:03.549 W/QueryController( 6727): Could not detect idle state.
06-24 10:11:03.655 D/UiDevice( 6727): Searching for node with selector: BySelector [RES='\Qtech.gtt.frontapp.stb.demo:id/account_login_tv2\E'].
06-24 10:11:03.656 W/QueryController( 6727): Could not detect idle state.
06-24 10:11:03.763 D/UiDevice( 6727): Searching for node with selector: BySelector [RES='\Qtech.gtt.frontapp.stb.demo:id/account_login_tv2\E'].
06-24 10:11:03.765 W/QueryController( 6727): Could not detect idle state.
06-24 10:11:03.844 I/keystore2( 1707): keystore2::watchdog: Watchdog thread idle -> terminating. Have a great day.
06-24 10:11:03.868 D/UiDevice( 6727): Searching for node with selector: BySelector [RES='\Qtech.gtt.frontapp.stb.demo:id/account_login_tv2\E'].
06-24 10:11:03.869 W/QueryController( 6727): Could not detect idle state.
06-24 10:11:03.899 E/TaskPersister( 1928): File error accessing recents directory (directory doesn't exist?).
06-24 10:11:03.971 D/UiDevice( 6727): Searching for node with selector: BySelector [RES='\Qtech.gtt.frontapp.stb.demo:id/account_login_tv2\E'].
06-24 10:11:03.971 W/QueryController( 6727): Could not detect idle state.
06-24 10:11:04.075 D/UiDevice( 6727): Searching for node with selector: BySelector [RES='\Qtech.gtt.frontapp.stb.demo:id/account_login_tv2\E'].
06-24 10:11:04.076 W/QueryController( 6727): Could not detect idle state.
06-24 10:11:04.183 D/UiDevice( 6727): Searching for node with selector: BySelector [RES='\Qtech.gtt.frontapp.stb.demo:id/account_login_tv2\E'].
06-24 10:11:04.183 W/QueryController( 6727): Could not detect idle state.
06-24 10:11:04.286 D/UiDevice( 6727): Searching for node with selector: BySelector [RES='\Qtech.gtt.frontapp.stb.demo:id/account_login_tv2\E'].
06-24 10:11:04.286 W/QueryController( 6727): Could not detect idle state.
06-24 10:11:04.392 D/UiDevice( 6727): Searching for node with selector: BySelector [RES='\Qtech.gtt.frontapp.stb.demo:id/account_login_tv2\E'].
06-24 10:11:04.393 W/QueryController( 6727): Could not detect idle state.
06-24 10:11:04.499 D/UiDevice( 6727): Searching for node with selector: BySelector [RES='\Qtech.gtt.frontapp.stb.demo:id/account_login_tv2\E'].
06-24 10:11:04.501 W/QueryController( 6727): Could not detect idle state.
06-24 10:11:04.606 D/UiDevice( 6727): Searching for node with selector: BySelector [RES='\Qtech.gtt.frontapp.stb.demo:id/account_login_tv2\E'].
06-24 10:11:04.607 W/QueryController( 6727): Could not detect idle state.
06-24 10:11:04.713 D/UiDevice( 6727): Searching for node with selector: BySelector [RES='\Qtech.gtt.frontapp.stb.demo:id/account_login_tv2\E'].
06-24 10:11:04.714 W/QueryController( 6727): Could not detect idle state.
06-24 10:11:04.789 D/AudioTrack( 1806): stop(15): called with 200704 frames delivered
06-24 10:11:04.818 D/UiDevice( 6727): Searching for node with selector: BySelector [RES='\Qtech.gtt.frontapp.stb.demo:id/account_login_tv2\E'].
06-24 10:11:04.820 W/QueryController( 6727): Could not detect idle state.
06-24 10:11:04.926 D/UiDevice( 6727): Searching for node with selector: BySelector [RES='\Qtech.gtt.frontapp.stb.demo:id/account_login_tv2\E'].
06-24 10:11:04.928 W/QueryController( 6727): Could not detect idle state.
06-24 10:11:05.033 D/UiDevice( 6727): Searching for node with selector: BySelector [RES='\Qtech.gtt.frontapp.stb.demo:id/account_login_tv2\E'].
06-24 10:11:05.034 W/QueryController( 6727): Could not detect idle state.
06-24 10:11:05.137 D/UiDevice( 6727): Searching for node with selector: BySelector [RES='\Qtech.gtt.frontapp.stb.demo:id/account_login_tv2\E'].
06-24 10:11:05.138 W/QueryController( 6727): Could not detect idle state.
06-24 10:11:05.242 D/UiDevice( 6727): Searching for node with selector: BySelector [RES='\Qtech.gtt.frontapp.stb.demo:id/account_login_tv2\E'].
06-24 10:11:05.242 W/QueryController( 6727): Could not detect idle state.
06-24 10:11:05.348 D/UiDevice( 6727): Searching for node with selector: BySelector [RES='\Qtech.gtt.frontapp.stb.demo:id/account_login_tv2\E'].
06-24 10:11:05.348 W/QueryController( 6727): Could not detect idle state.
06-24 10:11:05.366 D/NuPlayerDriver( 1806): stop(0xeadc0ac0)
06-24 10:11:05.367 V/MediaPlayer( 6820): resetDrmState:  mDrmInfo=null mDrmProvisioningThread=null mPrepareDrmInProgress=false mActiveDrmScheme=false
06-24 10:11:05.367 V/MediaPlayer( 6820): cleanDrmObj: mDrmObj=null mDrmSessionId=null
06-24 10:11:05.367 D/NuPlayerDriver( 1806): reset(0xeadc0ac0) at state 8
06-24 10:11:05.371 D/SurfaceUtils( 1806): disconnecting from surface 0xe5b00018, reason disconnectFromSurface
06-24 10:11:05.374 D/SurfaceUtils( 1806): connecting to surface 0xe5b00018, reason onShutdown
06-24 10:11:05.377 D/NuPlayerDriver( 1806): notifyResetComplete(0xeadc0ac0)
06-24 10:11:05.377 D/SurfaceUtils( 1806): disconnecting from surface 0xe5b03278, reason disconnectNativeWindow
06-24 10:11:05.378 W/AMessage( 1806): failed to post message as target looper for handler 0 is gone.
06-24 10:11:05.379 I/MediaFocusControl( 1928): abandonAudioFocus() from uid/pid 10058/6820 clientId=android.media.AudioManager@2c8ae5f
06-24 10:11:05.380 I/ActivityTaskManager( 1928): START u0 {cmp=tech.gtt.frontapp.stb.demo/tech.gtt.frontapp.stb.m.account.activity.LoginMethodSwitchActivity (has extras)} from uid 10058
06-24 10:11:05.381 D/CompatibilityChangeReporter( 1928): Compat change id reported: 174042980; UID 10058; state: DISABLED
06-24 10:11:05.382 D/CompatibilityChangeReporter( 1928): Compat change id reported: 184838306; UID 10058; state: DISABLED
06-24 10:11:05.382 D/CompatibilityChangeReporter( 1928): Compat change id reported: 185004937; UID 10058; state: DISABLED
06-24 10:11:05.382 D/CompatibilityChangeReporter( 1928): Compat change id reported: 181136395; UID 10058; state: DISABLED
06-24 10:11:05.383 D/CompatibilityChangeReporter( 1928): Compat change id reported: 174042936; UID 10058; state: DISABLED
06-24 10:11:05.384 D/CompatibilityChangeReporter( 1928): Compat change id reported: 197654537; UID 10058; state: ENABLED
06-24 10:11:05.385 D/CompatibilityChangeReporter( 1928): Compat change id reported: 168419799; UID 10058; state: DISABLED
06-24 10:11:05.387 I/MediaFocusControl( 1928): abandonAudioFocus() from uid/pid 10058/6820 clientId=android.media.AudioManager@2c8ae5f
06-24 10:11:05.388 W/MediaPlayer( 6820): mediaplayer went away with unhandled events
06-24 10:11:05.392 W/MediaPlayer( 6820): mediaplayer went away with unhandled events
06-24 10:11:05.397 W/ActivityTaskManager( 1928): Tried to set launchTime (0) < mLastActivityLaunchTime (320348084)
06-24 10:11:05.411 D/AndroidAutoSize( 6820): tech.gtt.frontapp.stb.m.account.activity.LoginMethodSwitchActivity used the global configuration.
06-24 10:11:05.412 D/AndroidAutoSize( 6820): The tech.gtt.frontapp.stb.m.account.activity.LoginMethodSwitchActivity has been adapted! 
06-24 10:11:05.412 D/AndroidAutoSize( 6820): LoginMethodSwitchActivity Info: isBaseOnWidth = true, designWidthInDp = 1920.000000, designWidthInSubunits = 1920.000000, targetDensity = 1.000000, targetScaledDensity = 1.000000, targetDensityDpi = 160, targetXdpi = 1.000000, targetScreenWidthDp = 1920, targetScreenHeightDp = 1032
06-24 10:11:05.447 D/AndroidAutoSize( 6820): tech.gtt.frontapp.stb.m.account.activity.LoginMethodSwitchActivity used the global configuration.
06-24 10:11:05.447 D/AndroidAutoSize( 6820): The tech.gtt.frontapp.stb.m.account.activity.LoginMethodSwitchActivity has been adapted! 
06-24 10:11:05.447 D/AndroidAutoSize( 6820): LoginMethodSwitchActivity Info: isBaseOnWidth = true, designWidthInDp = 1920.000000, designWidthInSubunits = 1920.000000, targetDensity = 1.000000, targetScaledDensity = 1.000000, targetDensityDpi = 160, targetXdpi = 1.000000, targetScreenWidthDp = 1920, targetScreenHeightDp = 1032
06-24 10:11:05.450 W/WindowManager( 1928): Failed looking up window session=Session{db29e8c 6820:u0a10058} callers=com.android.server.wm.WindowManagerService.windowForClientLocked:5850 com.android.server.wm.Session.updateRequestedVisibilities:640 android.view.IWindowSession$Stub.onTransact:1175 
06-24 10:11:05.451 D/UiDevice( 6727): Searching for node with selector: BySelector [RES='\Qtech.gtt.frontapp.stb.demo:id/account_login_tv2\E'].
06-24 10:11:05.451 W/QueryController( 6727): Could not detect idle state.
06-24 10:11:05.465 D/gralloc_nox( 1764): gralloc_alloc: Creating ashmem region of size 8298496
06-24 10:11:05.487 D/gralloc_nox( 1764): gralloc_alloc: Creating ashmem region of size 8298496
06-24 10:11:05.533 D/gralloc_nox( 1764): gralloc_alloc: Creating ashmem region of size 8298496
06-24 10:11:05.568 D/ProcessState( 7228): Binder ioctl to enable oneway spam detection failed: Invalid argument
06-24 10:11:05.595 E/libEGL  ( 6820): called unimplemented OpenGL ES API
06-24 10:11:05.643 I/ActivityTaskManager( 1928): Displayed tech.gtt.frontapp.stb.demo/tech.gtt.frontapp.stb.m.account.activity.LoginMethodSwitchActivity: +260ms
06-24 10:11:05.732 D/UIAutomatorStub( 6727): URI: /jsonrpc/0, Method: POST, params, {NanoHttpd.QUERY_STRING=null}, files: {postData={"jsonrpc": "2.0", "id": 1, "method": "objInfo", "params": [{"mask": 2097152, "childOrSibling": [], "childOrSiblingSelector": [], "resourceId": "tech.gtt.frontapp.stb.demo:id/account_login_tv2"}]}}
06-24 10:11:05.733 D/UiDevice( 6727): Retrieving node with selector: BySelector [RES='\Qtech.gtt.frontapp.stb.demo:id/account_login_tv2\E'].
06-24 10:11:05.733 W/QueryController( 6727): Could not detect idle state.
06-24 10:11:05.735 W/QueryController( 6727): Could not detect idle state.
06-24 10:11:05.736 W/QueryController( 6727): Could not detect idle state.
06-24 10:11:05.736 W/QueryController( 6727): Could not detect idle state.
06-24 10:11:05.737 W/QueryController( 6727): Could not detect idle state.
06-24 10:11:05.738 W/QueryController( 6727): Could not detect idle state.
06-24 10:11:05.738 W/QueryController( 6727): Could not detect idle state.
06-24 10:11:05.739 W/QueryController( 6727): Could not detect idle state.
06-24 10:11:05.743 W/QueryController( 6727): Could not detect idle state.
06-24 10:11:05.745 W/QueryController( 6727): Could not detect idle state.
06-24 10:11:05.748 W/QueryController( 6727): Could not detect idle state.
06-24 10:11:05.750 W/QueryController( 6727): Could not detect idle state.
06-24 10:11:05.751 W/QueryController( 6727): Could not detect idle state.
06-24 10:11:05.752 W/QueryController( 6727): Could not detect idle state.
06-24 10:11:05.753 W/QueryController( 6727): Could not detect idle state.
06-24 10:11:05.753 W/QueryController( 6727): Could not detect idle state.
06-24 10:11:05.763 W/QueryController( 6727): Could not detect idle state.
06-24 10:11:05.768 W/QueryController( 6727): Could not detect idle state.
06-24 10:11:05.800 D/UIAutomatorStub( 6727): URI: /jsonrpc/0, Method: POST, params, {NanoHttpd.QUERY_STRING=null}, files: {postData={"jsonrpc": "2.0", "id": 1, "method": "click", "params": [1390.0, 559.0]}}
06-24 10:11:05.874 W/InputManager-JNI( 1928): Input channel object 'f72983b tech.gtt.frontapp.stb.demo/tech.gtt.frontapp.stb.m.home.activity.LoadingActivity (client)' was disposed without first being removed with the input manager!
06-24 10:11:05.996 I/ActivityTaskManager( 1928): START u0 {cmp=tech.gtt.frontapp.stb.demo/tech.gtt.frontapp.stb.m.account.activity.LoginActivity} from uid 10058
06-24 10:11:06.014 W/ActivityTaskManager( 1928): Tried to set launchTime (0) < mLastActivityLaunchTime (320353049)
06-24 10:11:06.022 D/AndroidAutoSize( 6820): tech.gtt.frontapp.stb.m.account.activity.LoginActivity used the global configuration.
06-24 10:11:06.023 D/AndroidAutoSize( 6820): The tech.gtt.frontapp.stb.m.account.activity.LoginActivity has been adapted! 
06-24 10:11:06.023 D/AndroidAutoSize( 6820): LoginActivity Info: isBaseOnWidth = true, designWidthInDp = 1920.000000, designWidthInSubunits = 1920.000000, targetDensity = 1.000000, targetScaledDensity = 1.000000, targetDensityDpi = 160, targetXdpi = 1.000000, targetScreenWidthDp = 1920, targetScreenHeightDp = 1032
06-24 10:11:06.038 D/UIAutomatorStub( 6727): URI: /jsonrpc/0, Method: POST, params, {NanoHttpd.QUERY_STRING=null}, files: {postData={"jsonrpc": "2.0", "id": 1, "method": "waitForExists", "params": [{"mask": 2097152, "childOrSibling": [], "childOrSiblingSelector": [], "resourceId": "tech.gtt.frontapp.stb.demo:id/loginf_et_username"}, 20000]}}
06-24 10:11:06.042 D/UiDevice( 6727): Waiting 20000ms for SearchCondition[hasObject=BySelector [RES='\Qtech.gtt.frontapp.stb.demo:id/loginf_et_username\E']].
06-24 10:11:06.043 D/UiDevice( 6727): Searching for node with selector: BySelector [RES='\Qtech.gtt.frontapp.stb.demo:id/loginf_et_username\E'].
06-24 10:11:06.044 W/QueryController( 6727): Could not detect idle state.
06-24 10:11:06.103 D/AndroidAutoSize( 6820): tech.gtt.frontapp.stb.m.account.activity.LoginActivity used the global configuration.
06-24 10:11:06.104 D/AndroidAutoSize( 6820): The tech.gtt.frontapp.stb.m.account.activity.LoginActivity has been adapted! 
06-24 10:11:06.104 D/AndroidAutoSize( 6820): LoginActivity Info: isBaseOnWidth = true, designWidthInDp = 1920.000000, designWidthInSubunits = 1920.000000, targetDensity = 1.000000, targetScaledDensity = 1.000000, targetDensityDpi = 160, targetXdpi = 1.000000, targetScreenWidthDp = 1920, targetScreenHeightDp = 1032
06-24 10:11:06.108 W/WindowManager( 1928): Failed looking up window session=Session{db29e8c 6820:u0a10058} callers=com.android.server.wm.WindowManagerService.windowForClientLocked:5850 com.android.server.wm.Session.updateRequestedVisibilities:640 android.view.IWindowSession$Stub.onTransact:1175 
06-24 10:11:06.132 D/gralloc_nox( 1764): gralloc_alloc: Creating ashmem region of size 8298496
06-24 10:11:06.151 D/gralloc_nox( 1764): gralloc_alloc: Creating ashmem region of size 8298496
06-24 10:11:06.171 D/gralloc_nox( 1764): gralloc_alloc: Creating ashmem region of size 8298496
06-24 10:11:06.182 D/ProcessState( 7240): Binder ioctl to enable oneway spam detection failed: Invalid argument
06-24 10:11:06.252 W/ByMatcher( 6727): Node returned null child: android.view.accessibility.AccessibilityNodeInfo@11a13; boundsInParent: Rect(0, 0 - 807, 364); boundsInScreen: Rect(120, 358 - 927, 722); packageName: tech.gtt.frontapp.stb.demo; className: android.widget.LinearLayout; text: null; error: null; maxTextLength: -1; stateDescription: null; contentDescription: null; tooltipText: null; viewIdResName: null; checkable: false; checked: false; focusable: false; focused: false; selected: false; clickable: false; longClickable: false; contextClickable: false; enabled: true; password: false; scrollable: false; importantForAccessibility: false; visible: true; actions: [AccessibilityAction: ACTION_SELECT - null, AccessibilityAction: ACTION_CLEAR_SELECTION - null, AccessibilityAction: ACTION_ACCESSIBILITY_FOCUS - null, AccessibilityAction: ACTION_SHOW_ON_SCREEN - null]
06-24 10:11:06.252 W/ByMatcher( 6727): Skipping null child (1 of 3)
06-24 10:11:06.253 W/ByMatcher( 6727): Skipping null child (2 of 3)
06-24 10:11:06.254 W/ByMatcher( 6727): Node returned null child: android.view.accessibility.AccessibilityNodeInfo@11291; boundsInParent: Rect(0, 0 - 1920, 1080); boundsInScreen: Rect(0, 0 - 1920, 1080); packageName: tech.gtt.frontapp.stb.demo; className: android.widget.RelativeLayout; text: null; error: null; maxTextLength: -1; stateDescription: null; contentDescription: null; tooltipText: null; viewIdResName: null; checkable: false; checked: false; focusable: false; focused: false; selected: false; clickable: false; longClickable: false; contextClickable: false; enabled: true; password: false; scrollable: false; importantForAccessibility: false; visible: true; actions: [AccessibilityAction: ACTION_SELECT - null, AccessibilityAction: ACTION_CLEAR_SELECTION - null, AccessibilityAction: ACTION_ACCESSIBILITY_FOCUS - null, AccessibilityAction: ACTION_SHOW_ON_SCREEN - null]
06-24 10:11:06.254 W/ByMatcher( 6727): Skipping null child (1 of 3)
06-24 10:11:06.254 W/ByMatcher( 6727): Skipping null child (2 of 3)
06-24 10:11:06.254 I/ActivityTaskManager( 1928): Displayed tech.gtt.frontapp.stb.demo/tech.gtt.frontapp.stb.m.account.activity.LoginActivity: +259ms
06-24 10:11:06.258 W/ByMatcher( 6727): Node returned null child: android.view.accessibility.AccessibilityNodeInfo@80006d65; boundsInParent: Rect(0, 0 - 1920, 1080); boundsInScreen: Rect(0, 0 - 1920, 1080); packageName: tech.gtt.frontapp.stb.demo; className: android.widget.FrameLayout; text: null; error: null; maxTextLength: -1; stateDescription: null; contentDescription: null; tooltipText: null; viewIdResName: null; checkable: false; checked: false; focusable: false; focused: false; selected: false; clickable: false; longClickable: false; contextClickable: false; enabled: true; password: false; scrollable: false; importantForAccessibility: true; visible: true; actions: [AccessibilityAction: ACTION_SELECT - null, AccessibilityAction: ACTION_CLEAR_SELECTION - null, AccessibilityAction: ACTION_ACCESSIBILITY_FOCUS - null, AccessibilityAction: ACTION_SHOW_ON_SCREEN - null]
06-24 10:11:06.262 W/ByMatcher( 6727): Skipping null child (0 of 1)
06-24 10:11:06.365 D/UiDevice( 6727): Searching for node with selector: BySelector [RES='\Qtech.gtt.frontapp.stb.demo:id/loginf_et_username\E'].
06-24 10:11:06.372 W/QueryController( 6727): Could not detect idle state.
06-24 10:11:06.415 D/UIAutomatorStub( 6727): URI: /jsonrpc/0, Method: POST, params, {NanoHttpd.QUERY_STRING=null}, files: {postData={"jsonrpc": "2.0", "id": 1, "method": "objInfo", "params": [{"mask": 2097152, "childOrSibling": [], "childOrSiblingSelector": [], "resourceId": "tech.gtt.frontapp.stb.demo:id/loginf_et_username"}]}}
06-24 10:11:06.417 D/UiDevice( 6727): Retrieving node with selector: BySelector [RES='\Qtech.gtt.frontapp.stb.demo:id/loginf_et_username\E'].
06-24 10:11:06.418 W/QueryController( 6727): Could not detect idle state.
06-24 10:11:06.424 W/QueryController( 6727): Could not detect idle state.
06-24 10:11:06.428 W/QueryController( 6727): Could not detect idle state.
06-24 10:11:06.431 W/QueryController( 6727): Could not detect idle state.
06-24 10:11:06.432 W/QueryController( 6727): Could not detect idle state.
06-24 10:11:06.437 W/QueryController( 6727): Could not detect idle state.
06-24 10:11:06.441 W/QueryController( 6727): Could not detect idle state.
06-24 10:11:06.470 W/QueryController( 6727): Could not detect idle state.
06-24 10:11:06.476 W/QueryController( 6727): Could not detect idle state.
06-24 10:11:06.478 W/QueryController( 6727): Could not detect idle state.
06-24 10:11:06.481 W/QueryController( 6727): Could not detect idle state.
06-24 10:11:06.482 W/QueryController( 6727): Could not detect idle state.
06-24 10:11:06.483 W/QueryController( 6727): Could not detect idle state.
06-24 10:11:06.484 W/QueryController( 6727): Could not detect idle state.
06-24 10:11:06.485 W/QueryController( 6727): Could not detect idle state.
06-24 10:11:06.486 W/QueryController( 6727): Could not detect idle state.
06-24 10:11:06.487 W/QueryController( 6727): Could not detect idle state.
06-24 10:11:06.488 W/SurfaceFlinger( 1776): couldn't log to binary event log: overflow.
06-24 10:11:06.489 W/QueryController( 6727): Could not detect idle state.
06-24 10:11:06.514 D/UIAutomatorStub( 6727): URI: /jsonrpc/0, Method: POST, params, {NanoHttpd.QUERY_STRING=null}, files: {postData={"jsonrpc": "2.0", "id": 1, "method": "click", "params": [1057.0, 437.0]}}
06-24 10:11:06.639 D/CompatibilityChangeReporter( 6820): Compat change id reported: 163400105; UID 10058; state: ENABLED
06-24 10:11:06.639 D/InputMethodManager( 6820): showSoftInput() view=tech.gtt.frontapp.stb.c.ui.edittext.EmailAutoCompleteTextView{7ca378f VFED..CL. .F.P..ID 0,0-700,92 #7f0b02ce app:id/loginf_et_username aid=1073741824} flags=0 reason=SHOW_SOFT_INPUT
06-24 10:11:06.641 V/InputMethodService( 2581): onEvaluateInputViewShown: config.hardKeyboardHidden = 2
06-24 10:11:06.641 V/InputMethodService( 2581): onEvaluateInputViewShown: config.hardKeyboardHidden = 2
06-24 10:11:06.641 I/AdbKeyboard( 2581): imeAction: 5 Next
06-24 10:11:06.664 D/gralloc_nox( 1764): gralloc_alloc: Creating ashmem region of size 647168
06-24 10:11:06.688 D/gralloc_nox( 1764): gralloc_alloc: Creating ashmem region of size 647168
06-24 10:11:06.691 D/gralloc_nox( 1764): gralloc_alloc: Creating ashmem region of size 647168
06-24 10:11:06.709 D/InsetsController( 6820): show(ime(), fromIme=true)
06-24 10:11:06.711 D/ProcessState( 7249): Binder ioctl to enable oneway spam detection failed: Invalid argument
06-24 10:11:06.713 D/UIAutomatorStub( 6727): URI: /jsonrpc/0, Method: POST, params, {NanoHttpd.QUERY_STRING=null}, files: {postData={"jsonrpc": "2.0", "id": 1, "method": "waitForExists", "params": [{"mask": 2097152, "childOrSibling": [], "childOrSiblingSelector": [], "resourceId": "tech.gtt.frontapp.stb.demo:id/loginf_et_username"}, 20000]}}
06-24 10:11:06.715 D/UiDevice( 6727): Waiting 20000ms for SearchCondition[hasObject=BySelector [RES='\Qtech.gtt.frontapp.stb.demo:id/loginf_et_username\E']].
06-24 10:11:06.716 D/UiDevice( 6727): Searching for node with selector: BySelector [RES='\Qtech.gtt.frontapp.stb.demo:id/loginf_et_username\E'].
06-24 10:11:06.717 W/QueryController( 6727): Could not detect idle state.
06-24 10:11:06.763 D/UIAutomatorStub( 6727): URI: /jsonrpc/0, Method: POST, params, {NanoHttpd.QUERY_STRING=null}, files: {postData={"jsonrpc": "2.0", "id": 1, "method": "setText", "params": [{"mask": 2097152, "childOrSibling": [], "childOrSiblingSelector": [], "resourceId": "tech.gtt.frontapp.stb.demo:id/loginf_et_username"}, "0609@ipwangxin.cn"]}}
06-24 10:11:06.764 D/UiDevice( 6727): Retrieving node with selector: BySelector [RES='\Qtech.gtt.frontapp.stb.demo:id/loginf_et_username\E'].
06-24 10:11:06.765 W/QueryController( 6727): Could not detect idle state.
06-24 10:11:06.767 W/QueryController( 6727): Could not detect idle state.
06-24 10:11:06.774 D/UiObject2( 6727): Clicking on (1057, 437).
06-24 10:11:06.800 D/InputMethodManager( 6820): showSoftInput() view=tech.gtt.frontapp.stb.c.ui.edittext.EmailAutoCompleteTextView{7ca378f VFED..CL. .F.P.... 0,0-700,92 #7f0b02ce app:id/loginf_et_username aid=1073741824} flags=0 reason=SHOW_SOFT_INPUT
06-24 10:11:06.801 V/InputMethodService( 2581): onEvaluateInputViewShown: config.hardKeyboardHidden = 2
06-24 10:11:06.801 V/InputMethodService( 2581): onEvaluateInputViewShown: config.hardKeyboardHidden = 2
06-24 10:11:06.802 D/InsetsController( 6820): show(ime(), fromIme=true)
06-24 10:11:06.815 W/GestureController( 6727): Gestures took longer than expected (40ms >> 16ms), device might be in a busy state.
06-24 10:11:06.815 D/UiDevice( 6727): Retrieving node with selector: BySelector [RES='\Qtech.gtt.frontapp.stb.demo:id/loginf_et_username\E'].
06-24 10:11:06.816 W/QueryController( 6727): Could not detect idle state.
06-24 10:11:06.825 W/QueryController( 6727): Could not detect idle state.
06-24 10:11:06.830 D/UiObject2( 6727): Setting text to '0609@ipwangxin.cn'.
06-24 10:11:06.836 I/AdbKeyboard( 2581): imeAction: 5 Next
06-24 10:11:06.836 V/InputMethodService( 2581): onEvaluateInputViewShown: config.hardKeyboardHidden = 2
06-24 10:11:06.837 V/InputMethodService( 2581): onEvaluateInputViewShown: config.hardKeyboardHidden = 2
06-24 10:11:06.892 D/InsetsController( 6820): show(ime(), fromIme=true)
06-24 10:11:06.918 D/UIAutomatorStub( 6727): URI: /jsonrpc/0, Method: POST, params, {NanoHttpd.QUERY_STRING=null}, files: {postData={"jsonrpc": "2.0", "id": 1, "method": "waitForExists", "params": [{"mask": 2097152, "childOrSibling": [], "childOrSiblingSelector": [], "resourceId": "tech.gtt.frontapp.stb.demo:id/et_pwd"}, 20000]}}
06-24 10:11:06.920 D/UiDevice( 6727): Waiting 20000ms for SearchCondition[hasObject=BySelector [RES='\Qtech.gtt.frontapp.stb.demo:id/et_pwd\E']].
06-24 10:11:06.920 D/UiDevice( 6727): Searching for node with selector: BySelector [RES='\Qtech.gtt.frontapp.stb.demo:id/et_pwd\E'].
06-24 10:11:06.921 W/QueryController( 6727): Could not detect idle state.
06-24 10:11:06.957 D/UIAutomatorStub( 6727): URI: /jsonrpc/0, Method: POST, params, {NanoHttpd.QUERY_STRING=null}, files: {postData={"jsonrpc": "2.0", "id": 1, "method": "objInfo", "params": [{"mask": 2097152, "childOrSibling": [], "childOrSiblingSelector": [], "resourceId": "tech.gtt.frontapp.stb.demo:id/et_pwd"}]}}
06-24 10:11:06.958 D/UiDevice( 6727): Retrieving node with selector: BySelector [RES='\Qtech.gtt.frontapp.stb.demo:id/et_pwd\E'].
06-24 10:11:06.959 W/QueryController( 6727): Could not detect idle state.
06-24 10:11:06.963 W/QueryController( 6727): Could not detect idle state.
06-24 10:11:06.964 W/QueryController( 6727): Could not detect idle state.
06-24 10:11:06.965 W/NotificationHistory( 1928): Attempted to add notif for locked/gone/disabled user 0
06-24 10:11:06.966 W/QueryController( 6727): Could not detect idle state.
06-24 10:11:06.967 W/QueryController( 6727): Could not detect idle state.
06-24 10:11:06.968 W/QueryController( 6727): Could not detect idle state.
06-24 10:11:06.969 D/InterruptionStateProvider( 2095): No bubble up: not allowed to bubble: -1|android|8|null|1000
06-24 10:11:06.969 W/QueryController( 6727): Could not detect idle state.
06-24 10:11:06.971 D/InterruptionStateProvider( 2095): No heads up: unimportant notification: -1|android|8|null|1000
06-24 10:11:06.972 D/PeopleSpaceWidgetMgr( 2095): Sbn doesn't contain valid PeopleTileKey: null/-1/android
06-24 10:11:06.979 W/QueryController( 6727): Could not detect idle state.
06-24 10:11:06.981 W/QueryController( 6727): Could not detect idle state.
06-24 10:11:06.982 W/QueryController( 6727): Could not detect idle state.
06-24 10:11:06.982 W/QueryController( 6727): Could not detect idle state.
06-24 10:11:06.983 W/QueryController( 6727): Could not detect idle state.
06-24 10:11:06.984 W/QueryController( 6727): Could not detect idle state.
06-24 10:11:06.985 W/QueryController( 6727): Could not detect idle state.
06-24 10:11:06.986 W/QueryController( 6727): Could not detect idle state.
06-24 10:11:06.987 W/QueryController( 6727): Could not detect idle state.
06-24 10:11:06.988 W/QueryController( 6727): Could not detect idle state.
06-24 10:11:06.989 W/QueryController( 6727): Could not detect idle state.
06-24 10:11:07.020 D/UIAutomatorStub( 6727): URI: /jsonrpc/0, Method: POST, params, {NanoHttpd.QUERY_STRING=null}, files: {postData={"jsonrpc": "2.0", "id": 1, "method": "click", "params": [1057.0, 559.0]}}
06-24 10:11:07.026 D/InterruptionStateProvider( 2095): No bubble up: not allowed to bubble: -1|android|8|null|1000
06-24 10:11:07.027 D/InterruptionStateProvider( 2095): No heads up: unimportant notification: -1|android|8|null|1000
06-24 10:11:07.032 D/PeopleSpaceWidgetMgr( 2095): Sbn doesn't contain valid PeopleTileKey: null/-1/android
06-24 10:11:07.059 D/InterruptionStateProvider( 2095): No bubble up: not allowed to bubble: -1|android|8|null|1000
06-24 10:11:07.061 D/InterruptionStateProvider( 2095): No heads up: unimportant notification: -1|android|8|null|1000
06-24 10:11:07.064 D/PeopleSpaceWidgetMgr( 2095): Sbn doesn't contain valid PeopleTileKey: null/-1/android
06-24 10:11:07.132 D/InputMethodManager( 6820): showSoftInput() view=tech.gtt.frontapp.stb.c.ui.edittext.NormalFocusEditText{a94bfa1 VFED..CL. .F.P..ID 0,0-700,92 #7f0b0172 app:id/et_pwd aid=1073741826} flags=0 reason=SHOW_SOFT_INPUT
06-24 10:11:07.132 I/AdbKeyboard( 2581): imeAction: 5 Next
06-24 10:11:07.132 V/InputMethodService( 2581): onEvaluateInputViewShown: config.hardKeyboardHidden = 2
06-24 10:11:07.132 V/InputMethodService( 2581): onEvaluateInputViewShown: config.hardKeyboardHidden = 2
06-24 10:11:07.133 V/InputMethodService( 2581): onEvaluateInputViewShown: config.hardKeyboardHidden = 2
06-24 10:11:07.133 V/InputMethodService( 2581): onEvaluateInputViewShown: config.hardKeyboardHidden = 2
06-24 10:11:07.145 D/InsetsController( 6820): show(ime(), fromIme=true)
06-24 10:11:07.147 D/InsetsController( 6820): show(ime(), fromIme=true)
06-24 10:11:07.169 D/UIAutomatorStub( 6727): URI: /jsonrpc/0, Method: POST, params, {NanoHttpd.QUERY_STRING=null}, files: {postData={"jsonrpc": "2.0", "id": 1, "method": "waitForExists", "params": [{"mask": 2097152, "childOrSibling": [], "childOrSiblingSelector": [], "resourceId": "tech.gtt.frontapp.stb.demo:id/et_pwd"}, 20000]}}
06-24 10:11:07.176 D/UiDevice( 6727): Waiting 20000ms for SearchCondition[hasObject=BySelector [RES='\Qtech.gtt.frontapp.stb.demo:id/et_pwd\E']].
06-24 10:11:07.178 D/UiDevice( 6727): Searching for node with selector: BySelector [RES='\Qtech.gtt.frontapp.stb.demo:id/et_pwd\E'].
06-24 10:11:07.180 W/QueryController( 6727): Could not detect idle state.
06-24 10:11:07.208 D/UIAutomatorStub( 6727): URI: /jsonrpc/0, Method: POST, params, {NanoHttpd.QUERY_STRING=null}, files: {postData={"jsonrpc": "2.0", "id": 1, "method": "setText", "params": [{"mask": 2097152, "childOrSibling": [], "childOrSiblingSelector": [], "resourceId": "tech.gtt.frontapp.stb.demo:id/et_pwd"}, "123456"]}}
06-24 10:11:07.209 D/UiDevice( 6727): Retrieving node with selector: BySelector [RES='\Qtech.gtt.frontapp.stb.demo:id/et_pwd\E'].
06-24 10:11:07.211 W/QueryController( 6727): Could not detect idle state.
06-24 10:11:07.214 W/QueryController( 6727): Could not detect idle state.
06-24 10:11:07.215 D/UiObject2( 6727): Clicking on (1057, 559).
06-24 10:11:07.234 D/InputMethodManager( 6820): showSoftInput() view=tech.gtt.frontapp.stb.c.ui.edittext.NormalFocusEditText{a94bfa1 VFED..CL. .F.P.... 0,0-700,92 #7f0b0172 app:id/et_pwd aid=1073741826} flags=0 reason=SHOW_SOFT_INPUT
06-24 10:11:07.235 V/InputMethodService( 2581): onEvaluateInputViewShown: config.hardKeyboardHidden = 2
06-24 10:11:07.235 V/InputMethodService( 2581): onEvaluateInputViewShown: config.hardKeyboardHidden = 2
06-24 10:11:07.236 D/InsetsController( 6820): show(ime(), fromIme=true)
06-24 10:11:07.249 W/GestureController( 6727): Gestures took longer than expected (34ms >> 16ms), device might be in a busy state.
06-24 10:11:07.249 D/UiDevice( 6727): Retrieving node with selector: BySelector [RES='\Qtech.gtt.frontapp.stb.demo:id/et_pwd\E'].
06-24 10:11:07.250 W/QueryController( 6727): Could not detect idle state.
06-24 10:11:07.257 W/QueryController( 6727): Could not detect idle state.
06-24 10:11:07.260 D/UiObject2( 6727): Setting text to '123456'.
06-24 10:11:07.271 I/AdbKeyboard( 2581): imeAction: 5 Next
06-24 10:11:07.271 V/InputMethodService( 2581): onEvaluateInputViewShown: config.hardKeyboardHidden = 2
06-24 10:11:07.271 V/InputMethodService( 2581): onEvaluateInputViewShown: config.hardKeyboardHidden = 2
06-24 10:11:07.280 D/InsetsController( 6820): show(ime(), fromIme=true)
06-24 10:11:07.298 D/UIAutomatorStub( 6727): URI: /jsonrpc/0, Method: POST, params, {NanoHttpd.QUERY_STRING=null}, files: {postData={"jsonrpc": "2.0", "id": 1, "method": "waitForExists", "params": [{"mask": 2097152, "childOrSibling": [], "childOrSiblingSelector": [], "resourceId": "tech.gtt.frontapp.stb.demo:id/remember_pwd_cb"}, 20000]}}
