06-17 19:40:20.687 I/MediaFocusControl( 1936): requestAudioFocus() from uid/pid 10058/9056 AA=USAGE_MEDIA/CONTENT_TYPE_MOVIE clientId=android.media.AudioManager@ab620cc callingPack=tech.gtt.frontapp.stb.demo req=1 flags=0x0 sdk=35
06-17 19:40:20.688 I/AudioService.FadeOutManager( 1936): unfadeOutUid() uid:10058
06-17 19:40:20.694 W/MediaProvider( 2560): Failed to fetch original file descriptor
06-17 19:40:20.694 W/MediaProvider( 2560): java.io.IOException: stat failed: ENOENT (No such file or directory)
06-17 19:40:20.694 W/MediaProvider( 2560): 	at com.android.providers.media.MediaProvider.getFileFromFileDescriptor(MediaProvider.java:5822)
06-17 19:40:20.694 W/MediaProvider( 2560): 	at com.android.providers.media.MediaProvider.getOriginalMediaFormatFileDescriptor(MediaProvider.java:5739)
06-17 19:40:20.694 W/MediaProvider( 2560): 	at com.android.providers.media.MediaProvider.openTypedAssetFileCommon(MediaProvider.java:7162)
06-17 19:40:20.694 W/MediaProvider( 2560): 	at com.android.providers.media.MediaProvider.openTypedAssetFile(MediaProvider.java:7143)
06-17 19:40:20.694 W/MediaProvider( 2560): 	at android.content.ContentProvider$Transport.openTypedAssetFile(ContentProvider.java:548)
06-17 19:40:20.694 W/MediaProvider( 2560): 	at android.content.ContentProviderNative.onTransact(ContentProviderNative.java:327)
06-17 19:40:20.694 W/MediaProvider( 2560): 	at android.os.Binder.execTransactInternal(Binder.java:1179)
06-17 19:40:20.694 W/MediaProvider( 2560): 	at android.os.Binder.execTransact(Binder.java:1143)
06-17 19:40:20.694 W/MediaProvider( 2560): Caused by: android.system.ErrnoException: stat failed: ENOENT (No such file or directory)
06-17 19:40:20.694 W/MediaProvider( 2560): 	at libcore.io.Linux.stat(Native Method)
06-17 19:40:20.694 W/MediaProvider( 2560): 	at libcore.io.ForwardingOs.stat(ForwardingOs.java:853)
06-17 19:40:20.694 W/MediaProvider( 2560): 	at libcore.io.BlockGuardOs.stat(BlockGuardOs.java:420)
06-17 19:40:20.694 W/MediaProvider( 2560): 	at libcore.io.ForwardingOs.stat(ForwardingOs.java:853)
06-17 19:40:20.694 W/MediaProvider( 2560): 	at android.app.ActivityThread$AndroidOs.stat(ActivityThread.java:7775)
06-17 19:40:20.694 W/MediaProvider( 2560): 	at android.system.Os.stat(Os.java:919)
06-17 19:40:20.694 W/MediaProvider( 2560): 	at com.android.providers.media.MediaProvider.getFileFromFileDescriptor(MediaProvider.java:5816)
06-17 19:40:20.694 W/MediaProvider( 2560): 	... 7 more
06-17 19:40:20.696 D/NuPlayerDriver( 1809): NuPlayerDriver(0xf5c00d00) created, clientPid(9056)
06-17 19:40:20.699 D/SurfaceUtils( 1809): connecting to surface 0xf0804ba8, reason setVideoSurfaceTexture
06-17 19:40:20.700 D/NuPlayer( 1809): onSetVideoSurface(0xf0800010, no video decoder)
06-17 19:40:20.702 D/GenericSource( 1809): FileSource remote
06-17 19:40:20.705 I/SampleTable( 1807): There are reordered frames present.
06-17 19:40:20.709 D/MediaBufferGroup( 1807): creating MemoryDealer
06-17 19:40:20.721 D/MediaPlayerNative( 9056): getMetadata
06-17 19:40:20.728 I/GenericSource( 1809): start
06-17 19:40:20.735 I/OMXClient( 1809): IOmx service obtained
06-17 19:40:20.735 I/OMXStore( 1812): makeComponentInstance(OMX.google.h264.decoder) in android.hardwar process
06-17 19:40:20.736 D/SurfaceUtils( 1809): disconnecting from surface 0xf0800018, reason onConfigure
06-17 19:40:20.738 D/SurfaceUtils( 1809): connecting to surface 0xf0800018, reason connectToSurface
06-17 19:40:20.739 I/OMXClient( 1809): IOmx service obtained
06-17 19:40:20.739 I/MediaCodec( 1809): [OMX.google.h264.decoder] setting surface generation to 1852424
06-17 19:40:20.739 D/SurfaceUtils( 1809): disconnecting from surface 0xf0800018, reason connectToSurface(reconnect)
06-17 19:40:20.740 I/OMXStore( 1812): makeComponentInstance(OMX.google.aac.decoder) in android.hardwar process
06-17 19:40:20.740 D/SurfaceUtils( 1809): connecting to surface 0xf0800018, reason connectToSurface(reconnect)
06-17 19:40:20.742 E/OMXNodeInstance( 1812): setConfig(0xe6d40e10:google.aac.decoder, ConfigPriority(0x6f800002)) ERROR: Undefined(0x80001001)
06-17 19:40:20.742 E/OMXNodeInstance( 1812): getExtensionIndex(0xe6d40da0:google.h264.decoder, OMX.google.android.index.enableAndroidNativeBuffers) ERROR: UnsupportedIndex(0x8000101a)
06-17 19:40:20.742 E/ACodec  ( 1809): [OMX.google.h264.decoder] setPortMode on output to DynamicANWBuffer failed w/ err -1010
06-17 19:40:20.743 I/ACodec  ( 1809): codec does not support config priority (err -2147483648)
06-17 19:40:20.743 E/OMXNodeInstance( 1812): getParameter(0xe6d40da0:google.h264.decoder, ??(0x6f600011)) ERROR: UnsupportedIndex(0x8000101a)
06-17 19:40:20.743 E/OMXNodeInstance( 1812): getConfig(0xe6d40e10:google.aac.decoder, ConfigAndroidVendorExtension(0x6f100004)) ERROR: Undefined(0x80001001)
06-17 19:40:20.743 W/OMXNodeInstance( 1812): [0xe6d40da0:google.h264.decoder] component does not support metadata mode; using fallback
06-17 19:40:20.743 D/SoftAAC2( 1812): get OMX_IndexParamAudioAndroidAacDrcPresentation
06-17 19:40:20.746 D/SoftVideoDecoderOMXComponent( 1812): Color Aspects preference: 1 
06-17 19:40:20.747 E/OMXNodeInstance( 1812): setConfig(0xe6d40da0:google.h264.decoder, ConfigPriority(0x6f800002)) ERROR: UnsupportedIndex(0x8000101a)
06-17 19:40:20.747 I/ACodec  ( 1809): codec does not support config priority (err -1010)
06-17 19:40:20.747 E/OMXNodeInstance( 1812): setConfig(0xe6d40da0:google.h264.decoder, ConfigOperatingRate(0x6f800003)) ERROR: UnsupportedIndex(0x8000101a)
06-17 19:40:20.747 I/ACodec  ( 1809): codec does not support config operating rate (err -1010)
06-17 19:40:20.748 E/OMXNodeInstance( 1812): getConfig(0xe6d40da0:google.h264.decoder, ConfigAndroidVendorExtension(0x6f100004)) ERROR: UnsupportedIndex(0x8000101a)
06-17 19:40:20.748 I/MediaCodec( 1809): MediaCodec will operate in async mode
06-17 19:40:20.748 D/MediaCodec( 1809): keep callback message for reclaim
06-17 19:40:20.749 E/OMXNodeInstance( 1812): getConfig(0xe6d40da0:google.h264.decoder, ??(0x7f000003)) ERROR: UnsupportedSetting(0x80001019)
06-17 19:40:20.752 I/MediaCodec( 1809): MediaCodec will operate in async mode
06-17 19:40:20.752 D/MediaCodec( 1809): keep callback message for reclaim
06-17 19:40:20.755 I/SoftAAC2( 1812): Reconfiguring decoder: 0->44100 Hz, 0->1 channels
06-17 19:40:20.755 D/SoftAAC2( 1812): get OMX_IndexParamAudioAndroidAacDrcPresentation
06-17 19:40:20.758 W/ResourceManagerService( 1809): Ignoring request to add new resource entry with value <= 0
06-17 19:40:20.760 D/AudioFlinger( 1776): Client defaulted notificationFrames to 11286 for frameCount 22572
06-17 19:40:20.764 D/SoftVideoDecoderOMXComponent( 1812): Color Aspects preference: 1 
06-17 19:40:20.766 D/AF::TrackHandle( 1776): OpPlayAudio: track:64 usage:1 not muted
06-17 19:40:20.784 E/OMXNodeInstance( 1812): getConfig(0xe6d40da0:google.h264.decoder, ??(0x7f000003)) ERROR: UnsupportedSetting(0x80001019)
06-17 19:40:20.787 D/MediaCodec( 1809): [OMX.google.h264.decoder] setting dataspace on output surface to #102
06-17 19:40:20.818 W/MediaPlayerNative( 9056): info/warning (3, 0)
06-17 19:40:20.820 D/gralloc_nox( 1767): gralloc_alloc: Creating ashmem region of size 589824
06-17 19:40:20.824 D/SoftwareRenderer( 1809): setting dataspace on output surface to #8000102
06-17 19:40:20.828 D/gralloc_nox( 1767): gralloc_alloc: Creating ashmem region of size 589824
06-17 19:40:20.881 W/InputManager-JNI( 1936): Input channel object '6a32670 tech.gtt.frontapp.stb.demo/tech.gtt.frontapp.stb.m.home.activity.SplashActivity (client)' was disposed without first being removed with the input manager!
06-17 19:40:20.885 V/GSK-APIS( 9056): received response >>> id: 75fcd165 url: https://gtt-app-apigateway-lion.vdemosit.com/api/enduser/messagecenter/message/query/v1 statusCode: 400, exception: null
06-17 19:40:20.885 I/System.out( 9056): [SDKInterceptorPlugin] Unhandled exception in request processing: Something went wrong while connecting to the server, statusCode: 400
06-17 19:40:20.898 D/AudioFlinger( 1776): mixer(0x7e14b2cf8a60) throttle end: throttle time(40)
06-17 19:40:21.000 D/UIAutomatorStub( 9110): URI: /jsonrpc/0, Method: POST, params, {NanoHttpd.QUERY_STRING=null}, files: {postData={"jsonrpc": "2.0", "id": 1, "method": "waitForExists", "params": [{"mask": 2097152, "childOrSibling": [], "childOrSiblingSelector": [], "resourceId": "tech.gtt.frontapp.stb.demo:id/account_login_tv2"}, 20000]}}
06-17 19:40:21.000 D/UiDevice( 9110): Waiting 20000ms for SearchCondition[hasObject=BySelector [RES='\Qtech.gtt.frontapp.stb.demo:id/account_login_tv2\E']].
06-17 19:40:21.001 D/UiDevice( 9110): Searching for node with selector: BySelector [RES='\Qtech.gtt.frontapp.stb.demo:id/account_login_tv2\E'].
06-17 19:40:21.001 W/QueryController( 9110): Could not detect idle state.
06-17 19:40:21.106 D/UiDevice( 9110): Searching for node with selector: BySelector [RES='\Qtech.gtt.frontapp.stb.demo:id/account_login_tv2\E'].
06-17 19:40:21.106 W/QueryController( 9110): Could not detect idle state.
06-17 19:40:21.210 D/UiDevice( 9110): Searching for node with selector: BySelector [RES='\Qtech.gtt.frontapp.stb.demo:id/account_login_tv2\E'].
06-17 19:40:21.212 W/QueryController( 9110): Could not detect idle state.
06-17 19:40:21.318 D/UiDevice( 9110): Searching for node with selector: BySelector [RES='\Qtech.gtt.frontapp.stb.demo:id/account_login_tv2\E'].
06-17 19:40:21.319 W/QueryController( 9110): Could not detect idle state.
06-17 19:40:21.422 D/UiDevice( 9110): Searching for node with selector: BySelector [RES='\Qtech.gtt.frontapp.stb.demo:id/account_login_tv2\E'].
06-17 19:40:21.423 W/QueryController( 9110): Could not detect idle state.
06-17 19:40:21.526 D/UiDevice( 9110): Searching for node with selector: BySelector [RES='\Qtech.gtt.frontapp.stb.demo:id/account_login_tv2\E'].
06-17 19:40:21.528 W/QueryController( 9110): Could not detect idle state.
06-17 19:40:21.646 D/UiDevice( 9110): Searching for node with selector: BySelector [RES='\Qtech.gtt.frontapp.stb.demo:id/account_login_tv2\E'].
06-17 19:40:21.647 W/QueryController( 9110): Could not detect idle state.
06-17 19:40:21.750 D/UiDevice( 9110): Searching for node with selector: BySelector [RES='\Qtech.gtt.frontapp.stb.demo:id/account_login_tv2\E'].
06-17 19:40:21.751 W/QueryController( 9110): Could not detect idle state.
06-17 19:40:21.854 D/UiDevice( 9110): Searching for node with selector: BySelector [RES='\Qtech.gtt.frontapp.stb.demo:id/account_login_tv2\E'].
06-17 19:40:21.855 W/QueryController( 9110): Could not detect idle state.
06-17 19:40:21.957 D/UiDevice( 9110): Searching for node with selector: BySelector [RES='\Qtech.gtt.frontapp.stb.demo:id/account_login_tv2\E'].
06-17 19:40:21.958 W/QueryController( 9110): Could not detect idle state.
06-17 19:40:22.061 D/UiDevice( 9110): Searching for node with selector: BySelector [RES='\Qtech.gtt.frontapp.stb.demo:id/account_login_tv2\E'].
06-17 19:40:22.062 W/QueryController( 9110): Could not detect idle state.
06-17 19:40:22.165 D/UiDevice( 9110): Searching for node with selector: BySelector [RES='\Qtech.gtt.frontapp.stb.demo:id/account_login_tv2\E'].
06-17 19:40:22.166 W/QueryController( 9110): Could not detect idle state.
06-17 19:40:22.274 D/UiDevice( 9110): Searching for node with selector: BySelector [RES='\Qtech.gtt.frontapp.stb.demo:id/account_login_tv2\E'].
06-17 19:40:22.275 W/QueryController( 9110): Could not detect idle state.
06-17 19:40:22.378 D/UiDevice( 9110): Searching for node with selector: BySelector [RES='\Qtech.gtt.frontapp.stb.demo:id/account_login_tv2\E'].
06-17 19:40:22.378 W/QueryController( 9110): Could not detect idle state.
06-17 19:40:22.482 D/UiDevice( 9110): Searching for node with selector: BySelector [RES='\Qtech.gtt.frontapp.stb.demo:id/account_login_tv2\E'].
06-17 19:40:22.483 W/QueryController( 9110): Could not detect idle state.
06-17 19:40:22.586 D/UiDevice( 9110): Searching for node with selector: BySelector [RES='\Qtech.gtt.frontapp.stb.demo:id/account_login_tv2\E'].
06-17 19:40:22.587 W/QueryController( 9110): Could not detect idle state.
06-17 19:40:22.696 D/UiDevice( 9110): Searching for node with selector: BySelector [RES='\Qtech.gtt.frontapp.stb.demo:id/account_login_tv2\E'].
06-17 19:40:22.697 W/QueryController( 9110): Could not detect idle state.
06-17 19:40:22.802 D/UiDevice( 9110): Searching for node with selector: BySelector [RES='\Qtech.gtt.frontapp.stb.demo:id/account_login_tv2\E'].
06-17 19:40:22.803 W/QueryController( 9110): Could not detect idle state.
06-17 19:40:22.906 D/UiDevice( 9110): Searching for node with selector: BySelector [RES='\Qtech.gtt.frontapp.stb.demo:id/account_login_tv2\E'].
06-17 19:40:22.906 W/QueryController( 9110): Could not detect idle state.
06-17 19:40:23.010 D/UiDevice( 9110): Searching for node with selector: BySelector [RES='\Qtech.gtt.frontapp.stb.demo:id/account_login_tv2\E'].
06-17 19:40:23.012 W/QueryController( 9110): Could not detect idle state.
06-17 19:40:23.123 D/UiDevice( 9110): Searching for node with selector: BySelector [RES='\Qtech.gtt.frontapp.stb.demo:id/account_login_tv2\E'].
06-17 19:40:23.124 W/QueryController( 9110): Could not detect idle state.
06-17 19:40:23.166 D/gralloc_nox( 1767): gralloc_alloc: Creating ashmem region of size 589824
06-17 19:40:23.235 D/UiDevice( 9110): Searching for node with selector: BySelector [RES='\Qtech.gtt.frontapp.stb.demo:id/account_login_tv2\E'].
06-17 19:40:23.235 W/QueryController( 9110): Could not detect idle state.
06-17 19:40:23.339 D/UiDevice( 9110): Searching for node with selector: BySelector [RES='\Qtech.gtt.frontapp.stb.demo:id/account_login_tv2\E'].
06-17 19:40:23.339 W/QueryController( 9110): Could not detect idle state.
06-17 19:40:23.441 D/UiDevice( 9110): Searching for node with selector: BySelector [RES='\Qtech.gtt.frontapp.stb.demo:id/account_login_tv2\E'].
06-17 19:40:23.442 W/QueryController( 9110): Could not detect idle state.
06-17 19:40:23.546 D/UiDevice( 9110): Searching for node with selector: BySelector [RES='\Qtech.gtt.frontapp.stb.demo:id/account_login_tv2\E'].
06-17 19:40:23.547 W/QueryController( 9110): Could not detect idle state.
06-17 19:40:23.658 D/UiDevice( 9110): Searching for node with selector: BySelector [RES='\Qtech.gtt.frontapp.stb.demo:id/account_login_tv2\E'].
06-17 19:40:23.660 W/QueryController( 9110): Could not detect idle state.
06-17 19:40:23.771 D/UiDevice( 9110): Searching for node with selector: BySelector [RES='\Qtech.gtt.frontapp.stb.demo:id/account_login_tv2\E'].
06-17 19:40:23.771 W/QueryController( 9110): Could not detect idle state.
06-17 19:40:23.874 D/UiDevice( 9110): Searching for node with selector: BySelector [RES='\Qtech.gtt.frontapp.stb.demo:id/account_login_tv2\E'].
06-17 19:40:23.874 W/QueryController( 9110): Could not detect idle state.
06-17 19:40:23.875 E/TaskPersister( 1936): File error accessing recents directory (directory doesn't exist?).
06-17 19:40:23.979 D/UiDevice( 9110): Searching for node with selector: BySelector [RES='\Qtech.gtt.frontapp.stb.demo:id/account_login_tv2\E'].
06-17 19:40:23.981 W/QueryController( 9110): Could not detect idle state.
06-17 19:40:24.088 D/UiDevice( 9110): Searching for node with selector: BySelector [RES='\Qtech.gtt.frontapp.stb.demo:id/account_login_tv2\E'].
06-17 19:40:24.089 W/QueryController( 9110): Could not detect idle state.
06-17 19:40:24.175 I/keystore2( 1710): keystore2::watchdog: Watchdog thread idle -> terminating. Have a great day.
06-17 19:40:24.195 D/UiDevice( 9110): Searching for node with selector: BySelector [RES='\Qtech.gtt.frontapp.stb.demo:id/account_login_tv2\E'].
06-17 19:40:24.195 W/QueryController( 9110): Could not detect idle state.
06-17 19:40:24.299 D/UiDevice( 9110): Searching for node with selector: BySelector [RES='\Qtech.gtt.frontapp.stb.demo:id/account_login_tv2\E'].
06-17 19:40:24.299 W/QueryController( 9110): Could not detect idle state.
06-17 19:40:24.404 D/UiDevice( 9110): Searching for node with selector: BySelector [RES='\Qtech.gtt.frontapp.stb.demo:id/account_login_tv2\E'].
06-17 19:40:24.404 W/QueryController( 9110): Could not detect idle state.
06-17 19:40:24.507 D/UiDevice( 9110): Searching for node with selector: BySelector [RES='\Qtech.gtt.frontapp.stb.demo:id/account_login_tv2\E'].
06-17 19:40:24.508 W/QueryController( 9110): Could not detect idle state.
06-17 19:40:24.611 D/UiDevice( 9110): Searching for node with selector: BySelector [RES='\Qtech.gtt.frontapp.stb.demo:id/account_login_tv2\E'].
06-17 19:40:24.612 W/QueryController( 9110): Could not detect idle state.
06-17 19:40:24.717 D/UiDevice( 9110): Searching for node with selector: BySelector [RES='\Qtech.gtt.frontapp.stb.demo:id/account_login_tv2\E'].
06-17 19:40:24.717 W/QueryController( 9110): Could not detect idle state.
06-17 19:40:24.823 D/UiDevice( 9110): Searching for node with selector: BySelector [RES='\Qtech.gtt.frontapp.stb.demo:id/account_login_tv2\E'].
06-17 19:40:24.824 W/QueryController( 9110): Could not detect idle state.
06-17 19:40:24.928 D/UiDevice( 9110): Searching for node with selector: BySelector [RES='\Qtech.gtt.frontapp.stb.demo:id/account_login_tv2\E'].
06-17 19:40:24.929 W/QueryController( 9110): Could not detect idle state.
06-17 19:40:25.029 D/AudioTrack( 1809): stop(16): called with 200704 frames delivered
06-17 19:40:25.033 D/UiDevice( 9110): Searching for node with selector: BySelector [RES='\Qtech.gtt.frontapp.stb.demo:id/account_login_tv2\E'].
06-17 19:40:25.034 W/QueryController( 9110): Could not detect idle state.
06-17 19:40:25.148 D/UiDevice( 9110): Searching for node with selector: BySelector [RES='\Qtech.gtt.frontapp.stb.demo:id/account_login_tv2\E'].
06-17 19:40:25.150 W/QueryController( 9110): Could not detect idle state.
06-17 19:40:25.260 D/UiDevice( 9110): Searching for node with selector: BySelector [RES='\Qtech.gtt.frontapp.stb.demo:id/account_login_tv2\E'].
06-17 19:40:25.261 W/QueryController( 9110): Could not detect idle state.
06-17 19:40:25.365 D/UiDevice( 9110): Searching for node with selector: BySelector [RES='\Qtech.gtt.frontapp.stb.demo:id/account_login_tv2\E'].
06-17 19:40:25.365 W/QueryController( 9110): Could not detect idle state.
06-17 19:40:25.451 D/NuPlayerDriver( 1809): stop(0xf5c00d00)
06-17 19:40:25.451 V/MediaPlayer( 9056): resetDrmState:  mDrmInfo=null mDrmProvisioningThread=null mPrepareDrmInProgress=false mActiveDrmScheme=false
06-17 19:40:25.451 V/MediaPlayer( 9056): cleanDrmObj: mDrmObj=null mDrmSessionId=null
06-17 19:40:25.451 D/NuPlayerDriver( 1809): reset(0xf5c00d00) at state 8
06-17 19:40:25.456 D/SurfaceUtils( 1809): disconnecting from surface 0xf0800018, reason disconnectFromSurface
06-17 19:40:25.457 D/SurfaceUtils( 1809): connecting to surface 0xf0800018, reason onShutdown
06-17 19:40:25.457 D/NuPlayerDriver( 1809): notifyResetComplete(0xf5c00d00)
06-17 19:40:25.457 D/SurfaceUtils( 1809): disconnecting from surface 0xf0804ba8, reason disconnectNativeWindow
06-17 19:40:25.458 I/MediaFocusControl( 1936): abandonAudioFocus() from uid/pid 10058/9056 clientId=android.media.AudioManager@ab620cc
06-17 19:40:25.459 I/ActivityTaskManager( 1936): START u0 {cmp=tech.gtt.frontapp.stb.demo/tech.gtt.frontapp.stb.m.account.activity.LoginMethodSwitchActivity (has extras)} from uid 10058
06-17 19:40:25.460 D/CompatibilityChangeReporter( 1936): Compat change id reported: 174042980; UID 10058; state: DISABLED
06-17 19:40:25.460 D/CompatibilityChangeReporter( 1936): Compat change id reported: 184838306; UID 10058; state: DISABLED
06-17 19:40:25.460 D/CompatibilityChangeReporter( 1936): Compat change id reported: 185004937; UID 10058; state: DISABLED
06-17 19:40:25.460 D/CompatibilityChangeReporter( 1936): Compat change id reported: 181136395; UID 10058; state: DISABLED
06-17 19:40:25.460 D/CompatibilityChangeReporter( 1936): Compat change id reported: 174042936; UID 10058; state: DISABLED
06-17 19:40:25.461 D/CompatibilityChangeReporter( 1936): Compat change id reported: 197654537; UID 10058; state: ENABLED
06-17 19:40:25.463 W/AMessage( 1809): failed to post message as target looper for handler 0 is gone.
06-17 19:40:25.464 D/CompatibilityChangeReporter( 1936): Compat change id reported: 168419799; UID 10058; state: DISABLED
06-17 19:40:25.466 I/MediaFocusControl( 1936): abandonAudioFocus() from uid/pid 10058/9056 clientId=android.media.AudioManager@ab620cc
06-17 19:40:25.466 W/MediaPlayer( 9056): mediaplayer went away with unhandled events
06-17 19:40:25.468 D/UiDevice( 9110): Searching for node with selector: BySelector [RES='\Qtech.gtt.frontapp.stb.demo:id/account_login_tv2\E'].
06-17 19:40:25.468 W/QueryController( 9110): Could not detect idle state.
06-17 19:40:25.469 W/MediaPlayer( 9056): mediaplayer went away with unhandled events
06-17 19:40:25.471 W/ActivityTaskManager( 1936): Tried to set launchTime (0) < mLastActivityLaunchTime (3317063)
06-17 19:40:25.481 D/AndroidAutoSize( 9056): tech.gtt.frontapp.stb.m.account.activity.LoginMethodSwitchActivity used the global configuration.
06-17 19:40:25.482 D/AndroidAutoSize( 9056): The tech.gtt.frontapp.stb.m.account.activity.LoginMethodSwitchActivity has been adapted! 
06-17 19:40:25.482 D/AndroidAutoSize( 9056): LoginMethodSwitchActivity Info: isBaseOnWidth = true, designWidthInDp = 1920.000000, designWidthInSubunits = 1920.000000, targetDensity = 1.000000, targetScaledDensity = 1.000000, targetDensityDpi = 160, targetXdpi = 1.000000, targetScreenWidthDp = 1920, targetScreenHeightDp = 1032
06-17 19:40:25.508 D/AndroidAutoSize( 9056): tech.gtt.frontapp.stb.m.account.activity.LoginMethodSwitchActivity used the global configuration.
06-17 19:40:25.509 D/AndroidAutoSize( 9056): The tech.gtt.frontapp.stb.m.account.activity.LoginMethodSwitchActivity has been adapted! 
06-17 19:40:25.509 D/AndroidAutoSize( 9056): LoginMethodSwitchActivity Info: isBaseOnWidth = true, designWidthInDp = 1920.000000, designWidthInSubunits = 1920.000000, targetDensity = 1.000000, targetScaledDensity = 1.000000, targetDensityDpi = 160, targetXdpi = 1.000000, targetScreenWidthDp = 1920, targetScreenHeightDp = 1032
06-17 19:40:25.511 W/WindowManager( 1936): Failed looking up window session=Session{1a3ffed 9056:u0a10058} callers=com.android.server.wm.WindowManagerService.windowForClientLocked:5850 com.android.server.wm.Session.updateRequestedVisibilities:640 android.view.IWindowSession$Stub.onTransact:1175 
06-17 19:40:25.522 D/gralloc_nox( 1767): gralloc_alloc: Creating ashmem region of size 8298496
06-17 19:40:25.546 D/gralloc_nox( 1767): gralloc_alloc: Creating ashmem region of size 8298496
06-17 19:40:25.555 D/ProcessState( 9476): Binder ioctl to enable oneway spam detection failed: Invalid argument
06-17 19:40:25.569 D/gralloc_nox( 1767): gralloc_alloc: Creating ashmem region of size 8298496
06-17 19:40:25.612 E/libEGL  ( 9056): called unimplemented OpenGL ES API
06-17 19:40:25.616 D/UiDevice( 9110): Searching for node with selector: BySelector [RES='\Qtech.gtt.frontapp.stb.demo:id/account_login_tv2\E'].
06-17 19:40:25.617 W/QueryController( 9110): Could not detect idle state.
06-17 19:40:25.632 I/ActivityTaskManager( 1936): Displayed tech.gtt.frontapp.stb.demo/tech.gtt.frontapp.stb.m.account.activity.LoginMethodSwitchActivity: +172ms
06-17 19:40:25.792 D/UiDevice( 9110): Searching for node with selector: BySelector [RES='\Qtech.gtt.frontapp.stb.demo:id/account_login_tv2\E'].
06-17 19:40:25.792 W/QueryController( 9110): Could not detect idle state.
06-17 19:40:25.831 D/UIAutomatorStub( 9110): URI: /jsonrpc/0, Method: POST, params, {NanoHttpd.QUERY_STRING=null}, files: {postData={"jsonrpc": "2.0", "id": 1, "method": "objInfo", "params": [{"mask": 2097152, "childOrSibling": [], "childOrSiblingSelector": [], "resourceId": "tech.gtt.frontapp.stb.demo:id/account_login_tv2"}]}}
06-17 19:40:25.832 D/UiDevice( 9110): Retrieving node with selector: BySelector [RES='\Qtech.gtt.frontapp.stb.demo:id/account_login_tv2\E'].
06-17 19:40:25.833 W/QueryController( 9110): Could not detect idle state.
06-17 19:40:25.836 W/QueryController( 9110): Could not detect idle state.
06-17 19:40:25.837 W/QueryController( 9110): Could not detect idle state.
06-17 19:40:25.837 W/QueryController( 9110): Could not detect idle state.
06-17 19:40:25.838 W/QueryController( 9110): Could not detect idle state.
06-17 19:40:25.839 W/QueryController( 9110): Could not detect idle state.
06-17 19:40:25.840 W/QueryController( 9110): Could not detect idle state.
06-17 19:40:25.841 W/QueryController( 9110): Could not detect idle state.
06-17 19:40:25.870 W/InputManager-JNI( 1936): Input channel object 'c4b1416 tech.gtt.frontapp.stb.demo/tech.gtt.frontapp.stb.m.home.activity.LoadingActivity (client)' was disposed without first being removed with the input manager!
06-17 19:40:25.873 W/QueryController( 9110): Could not detect idle state.
06-17 19:40:25.874 W/QueryController( 9110): Could not detect idle state.
06-17 19:40:25.874 W/QueryController( 9110): Could not detect idle state.
06-17 19:40:25.876 W/QueryController( 9110): Could not detect idle state.
06-17 19:40:25.879 W/QueryController( 9110): Could not detect idle state.
06-17 19:40:25.881 W/QueryController( 9110): Could not detect idle state.
06-17 19:40:25.882 W/QueryController( 9110): Could not detect idle state.
06-17 19:40:25.883 W/QueryController( 9110): Could not detect idle state.
06-17 19:40:25.884 W/QueryController( 9110): Could not detect idle state.
06-17 19:40:25.885 W/QueryController( 9110): Could not detect idle state.
06-17 19:40:25.912 D/UIAutomatorStub( 9110): URI: /jsonrpc/0, Method: POST, params, {NanoHttpd.QUERY_STRING=null}, files: {postData={"jsonrpc": "2.0", "id": 1, "method": "click", "params": [1390.0, 559.0]}}
06-17 19:40:26.033 I/ActivityTaskManager( 1936): START u0 {cmp=tech.gtt.frontapp.stb.demo/tech.gtt.frontapp.stb.m.account.activity.LoginActivity} from uid 10058
06-17 19:40:26.038 W/ActivityTaskManager( 1936): Tried to set launchTime (0) < mLastActivityLaunchTime (3322149)
06-17 19:40:26.049 D/AndroidAutoSize( 9056): tech.gtt.frontapp.stb.m.account.activity.LoginActivity used the global configuration.
06-17 19:40:26.049 D/AndroidAutoSize( 9056): The tech.gtt.frontapp.stb.m.account.activity.LoginActivity has been adapted! 
06-17 19:40:26.049 D/AndroidAutoSize( 9056): LoginActivity Info: isBaseOnWidth = true, designWidthInDp = 1920.000000, designWidthInSubunits = 1920.000000, targetDensity = 1.000000, targetScaledDensity = 1.000000, targetDensityDpi = 160, targetXdpi = 1.000000, targetScreenWidthDp = 1920, targetScreenHeightDp = 1032
06-17 19:40:26.061 D/UIAutomatorStub( 9110): URI: /jsonrpc/0, Method: POST, params, {NanoHttpd.QUERY_STRING=null}, files: {postData={"jsonrpc": "2.0", "id": 1, "method": "waitForExists", "params": [{"mask": 2097152, "childOrSibling": [], "childOrSiblingSelector": [], "resourceId": "tech.gtt.frontapp.stb.demo:id/loginf_et_username"}, 20000]}}
06-17 19:40:26.063 D/UiDevice( 9110): Waiting 20000ms for SearchCondition[hasObject=BySelector [RES='\Qtech.gtt.frontapp.stb.demo:id/loginf_et_username\E']].
06-17 19:40:26.063 D/UiDevice( 9110): Searching for node with selector: BySelector [RES='\Qtech.gtt.frontapp.stb.demo:id/loginf_et_username\E'].
06-17 19:40:26.063 W/QueryController( 9110): Could not detect idle state.
06-17 19:40:26.105 D/AndroidAutoSize( 9056): tech.gtt.frontapp.stb.m.account.activity.LoginActivity used the global configuration.
06-17 19:40:26.105 D/AndroidAutoSize( 9056): The tech.gtt.frontapp.stb.m.account.activity.LoginActivity has been adapted! 
06-17 19:40:26.105 D/AndroidAutoSize( 9056): LoginActivity Info: isBaseOnWidth = true, designWidthInDp = 1920.000000, designWidthInSubunits = 1920.000000, targetDensity = 1.000000, targetScaledDensity = 1.000000, targetDensityDpi = 160, targetXdpi = 1.000000, targetScreenWidthDp = 1920, targetScreenHeightDp = 1032
06-17 19:40:26.108 W/WindowManager( 1936): Failed looking up window session=Session{1a3ffed 9056:u0a10058} callers=com.android.server.wm.WindowManagerService.windowForClientLocked:5850 com.android.server.wm.Session.updateRequestedVisibilities:640 android.view.IWindowSession$Stub.onTransact:1175 
06-17 19:40:26.124 D/gralloc_nox( 1767): gralloc_alloc: Creating ashmem region of size 8298496
06-17 19:40:26.139 D/gralloc_nox( 1767): gralloc_alloc: Creating ashmem region of size 8298496
06-17 19:40:26.156 D/gralloc_nox( 1767): gralloc_alloc: Creating ashmem region of size 8298496
06-17 19:40:26.160 D/ProcessState( 9488): Binder ioctl to enable oneway spam detection failed: Invalid argument
06-17 19:40:26.217 W/ByMatcher( 9110): Node returned null child: android.view.accessibility.AccessibilityNodeInfo@113c8; boundsInParent: Rect(0, 0 - 1920, 1080); boundsInScreen: Rect(0, 0 - 1920, 1080); packageName: tech.gtt.frontapp.stb.demo; className: android.widget.RelativeLayout; text: null; error: null; maxTextLength: -1; stateDescription: null; contentDescription: null; tooltipText: null; viewIdResName: null; checkable: false; checked: false; focusable: false; focused: false; selected: false; clickable: false; longClickable: false; contextClickable: false; enabled: true; password: false; scrollable: false; importantForAccessibility: false; visible: true; actions: [AccessibilityAction: ACTION_SELECT - null, AccessibilityAction: ACTION_CLEAR_SELECTION - null, AccessibilityAction: ACTION_ACCESSIBILITY_FOCUS - null, AccessibilityAction: ACTION_SHOW_ON_SCREEN - null]
06-17 19:40:26.217 W/ByMatcher( 9110): Skipping null child (2 of 3)
06-17 19:40:26.217 W/ByMatcher( 9110): Node returned null child: android.view.accessibility.AccessibilityNodeInfo@80006e9c; boundsInParent: Rect(0, 0 - 1920, 1080); boundsInScreen: Rect(0, 0 - 1920, 1080); packageName: tech.gtt.frontapp.stb.demo; className: android.widget.FrameLayout; text: null; error: null; maxTextLength: -1; stateDescription: null; contentDescription: null; tooltipText: null; viewIdResName: null; checkable: false; checked: false; focusable: false; focused: false; selected: false; clickable: false; longClickable: false; contextClickable: false; enabled: true; password: false; scrollable: false; importantForAccessibility: true; visible: true; actions: [AccessibilityAction: ACTION_SELECT - null, AccessibilityAction: ACTION_CLEAR_SELECTION - null, AccessibilityAction: ACTION_ACCESSIBILITY_FOCUS - null, AccessibilityAction: ACTION_SHOW_ON_SCREEN - null]
06-17 19:40:26.218 W/ByMatcher( 9110): Skipping null child (0 of 1)
06-17 19:40:26.218 I/ActivityTaskManager( 1936): Displayed tech.gtt.frontapp.stb.demo/tech.gtt.frontapp.stb.m.account.activity.LoginActivity: +184ms
06-17 19:40:26.318 D/UiDevice( 9110): Searching for node with selector: BySelector [RES='\Qtech.gtt.frontapp.stb.demo:id/loginf_et_username\E'].
06-17 19:40:26.319 W/QueryController( 9110): Could not detect idle state.
06-17 19:40:26.364 D/UIAutomatorStub( 9110): URI: /jsonrpc/0, Method: POST, params, {NanoHttpd.QUERY_STRING=null}, files: {postData={"jsonrpc": "2.0", "id": 1, "method": "objInfo", "params": [{"mask": 2097152, "childOrSibling": [], "childOrSiblingSelector": [], "resourceId": "tech.gtt.frontapp.stb.demo:id/loginf_et_username"}]}}
06-17 19:40:26.365 D/UiDevice( 9110): Retrieving node with selector: BySelector [RES='\Qtech.gtt.frontapp.stb.demo:id/loginf_et_username\E'].
06-17 19:40:26.365 W/QueryController( 9110): Could not detect idle state.
06-17 19:40:26.368 W/QueryController( 9110): Could not detect idle state.
06-17 19:40:26.369 W/QueryController( 9110): Could not detect idle state.
06-17 19:40:26.370 W/QueryController( 9110): Could not detect idle state.
06-17 19:40:26.371 W/QueryController( 9110): Could not detect idle state.
06-17 19:40:26.371 W/QueryController( 9110): Could not detect idle state.
06-17 19:40:26.372 W/QueryController( 9110): Could not detect idle state.
06-17 19:40:26.373 W/QueryController( 9110): Could not detect idle state.
06-17 19:40:26.374 W/QueryController( 9110): Could not detect idle state.
06-17 19:40:26.376 W/QueryController( 9110): Could not detect idle state.
06-17 19:40:26.377 W/QueryController( 9110): Could not detect idle state.
06-17 19:40:26.381 W/QueryController( 9110): Could not detect idle state.
06-17 19:40:26.382 W/QueryController( 9110): Could not detect idle state.
06-17 19:40:26.383 W/QueryController( 9110): Could not detect idle state.
06-17 19:40:26.384 W/QueryController( 9110): Could not detect idle state.
06-17 19:40:26.385 W/QueryController( 9110): Could not detect idle state.
06-17 19:40:26.386 W/QueryController( 9110): Could not detect idle state.
06-17 19:40:26.386 W/QueryController( 9110): Could not detect idle state.
06-17 19:40:26.419 D/UIAutomatorStub( 9110): URI: /jsonrpc/0, Method: POST, params, {NanoHttpd.QUERY_STRING=null}, files: {postData={"jsonrpc": "2.0", "id": 1, "method": "click", "params": [1057.0, 437.0]}}
06-17 19:40:26.459 W/SurfaceFlinger( 1779): couldn't log to binary event log: overflow.
06-17 19:40:26.560 D/CompatibilityChangeReporter( 9056): Compat change id reported: 163400105; UID 10058; state: ENABLED
06-17 19:40:26.562 D/InputMethodManager( 9056): showSoftInput() view=tech.gtt.frontapp.stb.c.ui.edittext.EmailAutoCompleteTextView{53f7bc5 VFED..CL. .F.P..ID 0,0-700,92 #7f0b02ce app:id/loginf_et_username aid=1073741824} flags=0 reason=SHOW_SOFT_INPUT
06-17 19:40:26.563 V/InputMethodService( 3034): onEvaluateInputViewShown: config.hardKeyboardHidden = 2
06-17 19:40:26.564 V/InputMethodService( 3034): onEvaluateInputViewShown: config.hardKeyboardHidden = 2
06-17 19:40:26.564 I/AdbKeyboard( 3034): imeAction: 5 Next
06-17 19:40:26.580 D/gralloc_nox( 1767): gralloc_alloc: Creating ashmem region of size 647168
06-17 19:40:26.628 D/gralloc_nox( 1767): gralloc_alloc: Creating ashmem region of size 647168
06-17 19:40:26.630 D/gralloc_nox( 1767): gralloc_alloc: Creating ashmem region of size 647168
06-17 19:40:26.632 D/UIAutomatorStub( 9110): URI: /jsonrpc/0, Method: POST, params, {NanoHttpd.QUERY_STRING=null}, files: {postData={"jsonrpc": "2.0", "id": 1, "method": "waitForExists", "params": [{"mask": 2097152, "childOrSibling": [], "childOrSiblingSelector": [], "resourceId": "tech.gtt.frontapp.stb.demo:id/loginf_et_username"}, 20000]}}
06-17 19:40:26.634 D/UiDevice( 9110): Waiting 20000ms for SearchCondition[hasObject=BySelector [RES='\Qtech.gtt.frontapp.stb.demo:id/loginf_et_username\E']].
06-17 19:40:26.634 D/UiDevice( 9110): Searching for node with selector: BySelector [RES='\Qtech.gtt.frontapp.stb.demo:id/loginf_et_username\E'].
06-17 19:40:26.635 W/QueryController( 9110): Could not detect idle state.
06-17 19:40:26.639 D/InsetsController( 9056): show(ime(), fromIme=true)
06-17 19:40:26.641 D/ProcessState( 9497): Binder ioctl to enable oneway spam detection failed: Invalid argument
06-17 19:40:26.642 E/SELinux ( 1566): avc:  denied  { find } for pid=9497 uid=0 name=settings scontext=u:r:init:s0 tcontext=u:object_r:settings_service:s0 tclass=service_manager permissive=1
06-17 19:40:26.657 D/UIAutomatorStub( 9110): URI: /jsonrpc/0, Method: POST, params, {NanoHttpd.QUERY_STRING=null}, files: {postData={"jsonrpc": "2.0", "id": 1, "method": "setText", "params": [{"mask": 2097152, "childOrSibling": [], "childOrSiblingSelector": [], "resourceId": "tech.gtt.frontapp.stb.demo:id/loginf_et_username"}, "0609@ipwangxin.cn"]}}
06-17 19:40:26.660 D/UiDevice( 9110): Retrieving node with selector: BySelector [RES='\Qtech.gtt.frontapp.stb.demo:id/loginf_et_username\E'].
06-17 19:40:26.661 W/QueryController( 9110): Could not detect idle state.
06-17 19:40:26.665 W/QueryController( 9110): Could not detect idle state.
06-17 19:40:26.667 D/UiObject2( 9110): Clicking on (1057, 437).
06-17 19:40:26.685 D/InputMethodManager( 9056): showSoftInput() view=tech.gtt.frontapp.stb.c.ui.edittext.EmailAutoCompleteTextView{53f7bc5 VFED..CL. .F.P.... 0,0-700,92 #7f0b02ce app:id/loginf_et_username aid=1073741824} flags=0 reason=SHOW_SOFT_INPUT
06-17 19:40:26.686 V/InputMethodService( 3034): onEvaluateInputViewShown: config.hardKeyboardHidden = 2
06-17 19:40:26.686 V/InputMethodService( 3034): onEvaluateInputViewShown: config.hardKeyboardHidden = 2
06-17 19:40:26.687 D/InsetsController( 9056): show(ime(), fromIme=true)
06-17 19:40:26.700 W/GestureController( 9110): Gestures took longer than expected (32ms >> 16ms), device might be in a busy state.
06-17 19:40:26.700 D/UiDevice( 9110): Retrieving node with selector: BySelector [RES='\Qtech.gtt.frontapp.stb.demo:id/loginf_et_username\E'].
06-17 19:40:26.701 W/QueryController( 9110): Could not detect idle state.
06-17 19:40:26.703 W/QueryController( 9110): Could not detect idle state.
06-17 19:40:26.705 D/UiObject2( 9110): Setting text to '0609@ipwangxin.cn'.
06-17 19:40:26.710 I/AdbKeyboard( 3034): imeAction: 5 Next
06-17 19:40:26.711 V/InputMethodService( 3034): onEvaluateInputViewShown: config.hardKeyboardHidden = 2
06-17 19:40:26.711 V/InputMethodService( 3034): onEvaluateInputViewShown: config.hardKeyboardHidden = 2
06-17 19:40:26.718 D/InsetsController( 9056): show(ime(), fromIme=true)
06-17 19:40:26.743 D/UIAutomatorStub( 9110): URI: /jsonrpc/0, Method: POST, params, {NanoHttpd.QUERY_STRING=null}, files: {postData={"jsonrpc": "2.0", "id": 1, "method": "waitForExists", "params": [{"mask": 2097152, "childOrSibling": [], "childOrSiblingSelector": [], "resourceId": "tech.gtt.frontapp.stb.demo:id/et_pwd"}, 20000]}}
06-17 19:40:26.747 D/UiDevice( 9110): Waiting 20000ms for SearchCondition[hasObject=BySelector [RES='\Qtech.gtt.frontapp.stb.demo:id/et_pwd\E']].
06-17 19:40:26.747 D/UiDevice( 9110): Searching for node with selector: BySelector [RES='\Qtech.gtt.frontapp.stb.demo:id/et_pwd\E'].
06-17 19:40:26.747 W/QueryController( 9110): Could not detect idle state.
06-17 19:40:26.771 D/UIAutomatorStub( 9110): URI: /jsonrpc/0, Method: POST, params, {NanoHttpd.QUERY_STRING=null}, files: {postData={"jsonrpc": "2.0", "id": 1, "method": "objInfo", "params": [{"mask": 2097152, "childOrSibling": [], "childOrSiblingSelector": [], "resourceId": "tech.gtt.frontapp.stb.demo:id/et_pwd"}]}}
06-17 19:40:26.772 D/UiDevice( 9110): Retrieving node with selector: BySelector [RES='\Qtech.gtt.frontapp.stb.demo:id/et_pwd\E'].
06-17 19:40:26.772 W/QueryController( 9110): Could not detect idle state.
06-17 19:40:26.775 W/QueryController( 9110): Could not detect idle state.
06-17 19:40:26.776 W/QueryController( 9110): Could not detect idle state.
06-17 19:40:26.776 W/QueryController( 9110): Could not detect idle state.
06-17 19:40:26.777 W/QueryController( 9110): Could not detect idle state.
06-17 19:40:26.778 W/QueryController( 9110): Could not detect idle state.
06-17 19:40:26.779 W/QueryController( 9110): Could not detect idle state.
06-17 19:40:26.779 W/QueryController( 9110): Could not detect idle state.
06-17 19:40:26.780 W/QueryController( 9110): Could not detect idle state.
06-17 19:40:26.780 W/QueryController( 9110): Could not detect idle state.
06-17 19:40:26.781 W/QueryController( 9110): Could not detect idle state.
06-17 19:40:26.781 W/QueryController( 9110): Could not detect idle state.
06-17 19:40:26.782 W/QueryController( 9110): Could not detect idle state.
06-17 19:40:26.783 W/QueryController( 9110): Could not detect idle state.
06-17 19:40:26.784 W/QueryController( 9110): Could not detect idle state.
06-17 19:40:26.784 W/QueryController( 9110): Could not detect idle state.
06-17 19:40:26.785 W/QueryController( 9110): Could not detect idle state.
06-17 19:40:26.786 W/QueryController( 9110): Could not detect idle state.
06-17 19:40:26.793 D/UIAutomatorStub( 9110): URI: /jsonrpc/0, Method: POST, params, {NanoHttpd.QUERY_STRING=null}, files: {postData={"jsonrpc": "2.0", "id": 1, "method": "click", "params": [1057.0, 559.0]}}
06-17 19:40:26.883 W/NotificationHistory( 1936): Attempted to add notif for locked/gone/disabled user 0
06-17 19:40:26.888 D/InterruptionStateProvider( 2106): No bubble up: not allowed to bubble: -1|android|8|null|1000
06-17 19:40:26.889 D/InterruptionStateProvider( 2106): No heads up: unimportant notification: -1|android|8|null|1000
06-17 19:40:26.889 D/PeopleSpaceWidgetMgr( 2106): Sbn doesn't contain valid PeopleTileKey: null/-1/android
06-17 19:40:26.892 D/InterruptionStateProvider( 2106): No bubble up: not allowed to bubble: -1|android|8|null|1000
06-17 19:40:26.892 D/InterruptionStateProvider( 2106): No heads up: unimportant notification: -1|android|8|null|1000
06-17 19:40:26.893 D/PeopleSpaceWidgetMgr( 2106): Sbn doesn't contain valid PeopleTileKey: null/-1/android
06-17 19:40:26.916 I/AdbKeyboard( 3034): imeAction: 5 Next
06-17 19:40:26.917 D/InputMethodManager( 9056): showSoftInput() view=tech.gtt.frontapp.stb.c.ui.edittext.NormalFocusEditText{c3a7227 VFED..CL. .F.P..ID 0,0-700,92 #7f0b0172 app:id/et_pwd aid=1073741826} flags=0 reason=SHOW_SOFT_INPUT
06-17 19:40:26.917 V/InputMethodService( 3034): onEvaluateInputViewShown: config.hardKeyboardHidden = 2
06-17 19:40:26.917 V/InputMethodService( 3034): onEvaluateInputViewShown: config.hardKeyboardHidden = 2
06-17 19:40:26.917 V/InputMethodService( 3034): onEvaluateInputViewShown: config.hardKeyboardHidden = 2
06-17 19:40:26.917 V/InputMethodService( 3034): onEvaluateInputViewShown: config.hardKeyboardHidden = 2
06-17 19:40:26.927 D/InsetsController( 9056): show(ime(), fromIme=true)
06-17 19:40:26.928 D/InsetsController( 9056): show(ime(), fromIme=true)
06-17 19:40:26.931 D/InterruptionStateProvider( 2106): No bubble up: not allowed to bubble: -1|android|8|null|1000
06-17 19:40:26.933 D/InterruptionStateProvider( 2106): No heads up: unimportant notification: -1|android|8|null|1000
06-17 19:40:26.937 D/PeopleSpaceWidgetMgr( 2106): Sbn doesn't contain valid PeopleTileKey: null/-1/android
06-17 19:40:26.963 D/UIAutomatorStub( 9110): URI: /jsonrpc/0, Method: POST, params, {NanoHttpd.QUERY_STRING=null}, files: {postData={"jsonrpc": "2.0", "id": 1, "method": "waitForExists", "params": [{"mask": 2097152, "childOrSibling": [], "childOrSiblingSelector": [], "resourceId": "tech.gtt.frontapp.stb.demo:id/et_pwd"}, 20000]}}
06-17 19:40:26.964 D/UiDevice( 9110): Waiting 20000ms for SearchCondition[hasObject=BySelector [RES='\Qtech.gtt.frontapp.stb.demo:id/et_pwd\E']].
06-17 19:40:26.964 D/UiDevice( 9110): Searching for node with selector: BySelector [RES='\Qtech.gtt.frontapp.stb.demo:id/et_pwd\E'].
06-17 19:40:26.964 W/QueryController( 9110): Could not detect idle state.
06-17 19:40:26.995 D/UIAutomatorStub( 9110): URI: /jsonrpc/0, Method: POST, params, {NanoHttpd.QUERY_STRING=null}, files: {postData={"jsonrpc": "2.0", "id": 1, "method": "setText", "params": [{"mask": 2097152, "childOrSibling": [], "childOrSiblingSelector": [], "resourceId": "tech.gtt.frontapp.stb.demo:id/et_pwd"}, "123456"]}}
06-17 19:40:26.997 D/UiDevice( 9110): Retrieving node with selector: BySelector [RES='\Qtech.gtt.frontapp.stb.demo:id/et_pwd\E'].
06-17 19:40:26.999 W/QueryController( 9110): Could not detect idle state.
06-17 19:40:27.003 W/QueryController( 9110): Could not detect idle state.
06-17 19:40:27.004 D/UiObject2( 9110): Clicking on (1057, 559).
06-17 19:40:27.019 D/InputMethodManager( 9056): showSoftInput() view=tech.gtt.frontapp.stb.c.ui.edittext.NormalFocusEditText{c3a7227 VFED..CL. .F.P.... 0,0-700,92 #7f0b0172 app:id/et_pwd aid=1073741826} flags=0 reason=SHOW_SOFT_INPUT
06-17 19:40:27.020 V/InputMethodService( 3034): onEvaluateInputViewShown: config.hardKeyboardHidden = 2
06-17 19:40:27.020 V/InputMethodService( 3034): onEvaluateInputViewShown: config.hardKeyboardHidden = 2
06-17 19:40:27.021 D/InsetsController( 9056): show(ime(), fromIme=true)
06-17 19:40:27.033 D/UiDevice( 9110): Retrieving node with selector: BySelector [RES='\Qtech.gtt.frontapp.stb.demo:id/et_pwd\E'].
06-17 19:40:27.034 W/QueryController( 9110): Could not detect idle state.
06-17 19:40:27.037 W/QueryController( 9110): Could not detect idle state.
06-17 19:40:27.039 D/UiObject2( 9110): Setting text to '123456'.
06-17 19:40:27.044 I/AdbKeyboard( 3034): imeAction: 5 Next
06-17 19:40:27.044 V/InputMethodService( 3034): onEvaluateInputViewShown: config.hardKeyboardHidden = 2
06-17 19:40:27.044 V/InputMethodService( 3034): onEvaluateInputViewShown: config.hardKeyboardHidden = 2
06-17 19:40:27.050 D/InsetsController( 9056): show(ime(), fromIme=true)
06-17 19:40:27.065 D/UIAutomatorStub( 9110): URI: /jsonrpc/0, Method: POST, params, {NanoHttpd.QUERY_STRING=null}, files: {postData={"jsonrpc": "2.0", "id": 1, "method": "waitForExists", "params": [{"mask": 2097152, "childOrSibling": [], "childOrSiblingSelector": [], "resourceId": "tech.gtt.frontapp.stb.demo:id/remember_pwd_cb"}, 20000]}}
06-17 19:40:27.066 D/UiDevice( 9110): Waiting 20000ms for SearchCondition[hasObject=BySelector [RES='\Qtech.gtt.frontapp.stb.demo:id/remember_pwd_cb\E']].
06-17 19:40:27.066 D/UiDevice( 9110): Searching for node with selector: BySelector [RES='\Qtech.gtt.frontapp.stb.demo:id/remember_pwd_cb\E'].
06-17 19:40:27.067 W/QueryController( 9110): Could not detect idle state.
06-17 19:40:27.080 D/UIAutomatorStub( 9110): URI: /jsonrpc/0, Method: POST, params, {NanoHttpd.QUERY_STRING=null}, files: {postData={"jsonrpc": "2.0", "id": 1, "method": "objInfo", "params": [{"mask": 2097152, "childOrSibling": [], "childOrSiblingSelector": [], "resourceId": "tech.gtt.frontapp.stb.demo:id/remember_pwd_cb"}]}}
06-17 19:40:27.080 D/UiDevice( 9110): Retrieving node with selector: BySelector [RES='\Qtech.gtt.frontapp.stb.demo:id/remember_pwd_cb\E'].
06-17 19:40:27.081 W/QueryController( 9110): Could not detect idle state.
06-17 19:40:27.085 W/QueryController( 9110): Could not detect idle state.
06-17 19:40:27.086 W/QueryController( 9110): Could not detect idle state.
06-17 19:40:27.086 W/QueryController( 9110): Could not detect idle state.
06-17 19:40:27.087 W/QueryController( 9110): Could not detect idle state.
06-17 19:40:27.088 W/QueryController( 9110): Could not detect idle state.
06-17 19:40:27.088 W/QueryController( 9110): Could not detect idle state.
06-17 19:40:27.089 W/QueryController( 9110): Could not detect idle state.
06-17 19:40:27.090 W/QueryController( 9110): Could not detect idle state.
06-17 19:40:27.091 W/QueryController( 9110): Could not detect idle state.
06-17 19:40:27.091 W/QueryController( 9110): Could not detect idle state.
06-17 19:40:27.092 W/QueryController( 9110): Could not detect idle state.
06-17 19:40:27.092 W/QueryController( 9110): Could not detect idle state.
06-17 19:40:27.093 W/QueryController( 9110): Could not detect idle state.
06-17 19:40:27.094 W/QueryController( 9110): Could not detect idle state.
06-17 19:40:27.095 W/QueryController( 9110): Could not detect idle state.
06-17 19:40:27.096 W/QueryController( 9110): Could not detect idle state.
06-17 19:40:27.097 W/QueryController( 9110): Could not detect idle state.
06-17 19:40:27.124 D/InterruptionStateProvider( 2106): No bubble up: not allowed to bubble: -1|android|8|null|1000
06-17 19:40:27.125 D/InterruptionStateProvider( 2106): No heads up: unimportant notification: -1|android|8|null|1000
06-17 19:40:27.125 D/UIAutomatorStub( 9110): URI: /jsonrpc/0, Method: POST, params, {NanoHttpd.QUERY_STRING=null}, files: {postData={"jsonrpc": "2.0", "id": 1, "method": "click", "params": [729.0, 656.0]}}
06-17 19:40:27.128 D/PeopleSpaceWidgetMgr( 2106): Sbn doesn't contain valid PeopleTileKey: null/-1/android
06-17 19:40:27.151 D/InterruptionStateProvider( 2106): No bubble up: not allowed to bubble: -1|android|8|null|1000
06-17 19:40:27.151 D/InterruptionStateProvider( 2106): No heads up: unimportant notification: -1|android|8|null|1000
06-17 19:40:27.154 D/PeopleSpaceWidgetMgr( 2106): Sbn doesn't contain valid PeopleTileKey: null/-1/android
06-17 19:40:27.166 E/libEGL  ( 9056): called unimplemented OpenGL ES API
06-17 19:40:27.229 D/InterruptionStateProvider( 2106): No bubble up: not allowed to bubble: -1|android|8|null|1000
06-17 19:40:27.230 D/InterruptionStateProvider( 2106): No heads up: unimportant notification: -1|android|8|null|1000
06-17 19:40:27.235 D/PeopleSpaceWidgetMgr( 2106): Sbn doesn't contain valid PeopleTileKey: null/-1/android
06-17 19:40:27.266 D/InterruptionStateProvider( 2106): No bubble up: not allowed to bubble: -1|android|8|null|1000
06-17 19:40:27.266 D/InterruptionStateProvider( 2106): No heads up: unimportant notification: -1|android|8|null|1000
06-17 19:40:27.271 D/PeopleSpaceWidgetMgr( 2106): Sbn doesn't contain valid PeopleTileKey: null/-1/android
06-17 19:40:27.287 D/ProcessState( 9512): Binder ioctl to enable oneway spam detection failed: Invalid argument
06-17 19:40:27.307 D/ProcessState( 9515): Binder ioctl to enable oneway spam detection failed: Invalid argument
06-17 19:40:27.343 D/UIAutomatorStub( 9110): URI: /jsonrpc/0, Method: POST, params, {NanoHttpd.QUERY_STRING=null}, files: {postData={"jsonrpc": "2.0", "id": 1, "method": "click", "params": [1105, 761]}}
06-17 19:40:27.479 V/GSK-Account:AccountManager( 9056): disableSavePwd=false
06-17 19:40:27.483 V/GSK-Account:EmailOrPhoneLoginStrategy( 9056): disableSavePwd=false
06-17 19:40:27.500 E/ActivityThread( 9056): Failed to find provider info for com.uv.droid.uotaback.storage.provider
06-17 19:40:27.501 E/ActivityThread( 9056): Failed to find provider info for com.uv.droid.booster.vod.provider
06-17 19:40:27.502 E/ontapp.stb.dem( 9056): No implementation found for java.lang.String os.SystemPropertiesKt.native_get(java.lang.String) (tried Java_os_SystemPropertiesKt_native_1get and Java_os_SystemPropertiesKt_native_1get__Ljava_lang_String_2)
06-17 19:40:27.503 V/GSK-Account:AccountManager( 9056): isLoggedIn=false
06-17 19:40:27.506 V/GSK-APIS( 9056): =======================NEW REQUEST=========================
06-17 19:40:27.506 V/GSK-APIS( 9056): Request:	/api/enduser/account/user/login/v1	POST
06-17 19:40:27.506 V/GSK-APIS( 9056): RequestIdentify:	c31b54fc
06-17 19:40:27.506 V/GSK-APIS( 9056): 
06-17 19:40:27.506 V/GSK-APIS( 9056): RequestHeaders in a readable format:
06-17 19:40:27.506 V/GSK-APIS( 9056): X-App-Id: db589110cb7457cd607739664dc44e61c217d77681427dacfe2f262f1927cd8f
06-17 19:40:27.506 V/GSK-APIS( 9056): X-Source-Id: 30006401-31002837
06-17 19:40:27.506 V/GSK-APIS( 9056): X-Version-Code: 7
