--------- beginning of main
06-17 19:40:13.668 D/ProcessState( 9027): Binder ioctl to enable oneway spam detection failed: Invalid argument
--------- beginning of system
06-17 19:40:13.669 I/ActivityManager( 1936): Force stopping tech.gtt.frontapp.stb.demo appid=10058 user=0: clear data
06-17 19:40:13.671 I/ActivityManager( 1936): Force stopping tech.gtt.frontapp.stb.demo appid=10058 user=-1: clearApplicationUserData
06-17 19:40:13.689 I/MediaProvider( 2560): Begin Intent { act=android.intent.action.PACKAGE_DATA_CLEARED dat=package:tech.gtt.frontapp.stb.demo flg=0x1000010 cmp=com.android.providers.media.module/com.android.providers.media.MediaService (has extras) }
06-17 19:40:13.689 D/MediaProvider( 2560): Deleted 0 Android/media items belonging to tech.gtt.frontapp.stb.demo on /data/user/0/com.android.providers.media.module/databases/external.db
06-17 19:40:13.689 I/MediaProvider( 2560): End Intent { act=android.intent.action.PACKAGE_DATA_CLEARED dat=package:tech.gtt.frontapp.stb.demo flg=0x1000010 cmp=com.android.providers.media.module/com.android.providers.media.MediaService (has extras) }
06-17 19:40:13.737 D/AndroidRuntime( 9041): >>>>>> START com.android.internal.os.RuntimeInit uid 0 <<<<<<
06-17 19:40:13.739 I/AndroidRuntime( 9041): Using default boot image
06-17 19:40:13.739 I/AndroidRuntime( 9041): Leaving lock profiling enabled
06-17 19:40:13.740 W/app_process( 9041): ART APEX data files are untrusted.
06-17 19:40:13.740 I/app_process( 9041): Core platform API reporting enabled, enforcing=false
06-17 19:40:13.778 D/app_process( 9041): Time zone APEX ICU file found: /apex/com.android.tzdata/etc/icu/icu_tzdata.dat
06-17 19:40:13.778 D/app_process( 9041): I18n APEX ICU file found: /apex/com.android.i18n/etc/icu/icudt68l.dat
06-17 19:40:13.782 W/app_process( 9041): Unexpected CPU variant for X86 using defaults: x86_64
06-17 19:40:13.796 D/ProcessState( 9041): Binder ioctl to enable oneway spam detection failed: Invalid argument
06-17 19:40:13.796 D/AndroidRuntime( 9041): Calling main entry com.android.commands.monkey.Monkey
06-17 19:40:13.797 W/Monkey  ( 9041): args: [-p, tech.gtt.frontapp.stb.demo, -c, android.intent.category.LAUNCHER, 1]
06-17 19:40:13.797 W/Monkey  ( 9041):  arg: "-p"
06-17 19:40:13.797 W/Monkey  ( 9041):  arg: "tech.gtt.frontapp.stb.demo"
06-17 19:40:13.797 W/Monkey  ( 9041):  arg: "-c"
06-17 19:40:13.797 W/Monkey  ( 9041):  arg: "android.intent.category.LAUNCHER"
06-17 19:40:13.797 W/Monkey  ( 9041):  arg: "1"
06-17 19:40:13.797 W/Monkey  ( 9041): data="tech.gtt.frontapp.stb.demo"
06-17 19:40:13.798 W/Monkey  ( 9041): data="android.intent.category.LAUNCHER"
06-17 19:40:13.830 W/BroadcastQueue( 1936): Skipping deliver [background] BroadcastRecord{b619d36 u-1 android.net.conn.CONNECTIVITY_CHANGE} to ReceiverList{43a9437 9041 (unknown name)/0/u-1 remote:d3849f8}: process gone or crashing
06-17 19:40:13.835 I/ActivityTaskManager( 1936): START u0 {act=android.intent.action.MAIN cat=[android.intent.category.LAUNCHER] flg=0x10200000 cmp=tech.gtt.frontapp.stb.demo/tech.gtt.frontapp.stb.m.home.activity.SplashActivity} from uid 0
06-17 19:40:13.837 W/ActivityTaskManager( 1936): Can't find TaskDisplayArea to determine support for multi window. Task id=25 attached=false
06-17 19:40:13.848 I/Monkey  ( 9041): Events injected: 1
06-17 19:40:13.854 D/CompatibilityChangeReporter( 1936): Compat change id reported: 135634846; UID 10058; state: DISABLED
06-17 19:40:13.855 D/CompatibilityChangeReporter( 1936): Compat change id reported: 143937733; UID 10058; state: ENABLED
06-17 19:40:13.855 I/Monkey  ( 9041): ## Network stats: elapsed time=16ms (0ms mobile, 0ms wifi, 16ms not connected)
06-17 19:40:13.866 D/gralloc_nox( 1767): gralloc_alloc: Creating ashmem region of size 8298496
06-17 19:40:13.890 W/adbd    ( 1785): timeout expired while flushing socket, closing
06-17 19:40:13.899 D/Zygote  ( 1756): Forked child process 9056
06-17 19:40:13.901 W/ActivityManager( 1936): Slow operation: 52ms so far, now at startProcess: returned from zygote!
06-17 19:40:13.902 W/ActivityManager( 1936): Slow operation: 54ms so far, now at startProcess: done updating battery stats
06-17 19:40:13.902 I/app_process( 9041): System.exit called, status: 0
06-17 19:40:13.902 I/AndroidRuntime( 9041): VM exiting with result code 0.
06-17 19:40:13.903 W/ActivityManager( 1936): Slow operation: 55ms so far, now at startProcess: building log message
06-17 19:40:13.904 I/ActivityManager( 1936): Start proc 9056:tech.gtt.frontapp.stb.demo/u0a58 for pre-top-activity {tech.gtt.frontapp.stb.demo/tech.gtt.frontapp.stb.m.home.activity.SplashActivity}
06-17 19:40:13.908 W/ActivityManager( 1936): Slow operation: 56ms so far, now at startProcess: starting to update pids map
06-17 19:40:13.909 W/ActivityManager( 1936): Slow operation: 61ms so far, now at startProcess: done updating pids map
06-17 19:40:13.912 I/Zygote  ( 9056): seccomp disabled by setenforce 0
06-17 19:40:13.916 W/ontapp.stb.dem( 9056): Unexpected CPU variant for X86 using defaults: x86_64
06-17 19:40:13.916 D/gralloc_nox( 1767): gralloc_alloc: Creating ashmem region of size 8298496
06-17 19:40:13.924 V/UiAutomationManager( 1936): UiAutomation service owner died
06-17 19:40:13.935 D/BatterySaverPolicy( 1936): accessibility changed to false, updating policy.
06-17 19:40:13.937 D/ProcessState( 9056): Binder ioctl to enable oneway spam detection failed: Invalid argument
06-17 19:40:13.958 D/gralloc_nox( 1767): gralloc_alloc: Creating ashmem region of size 8298496
06-17 19:40:13.962 E/ashmem  ( 9056): memfd: ro.vndk.version not defined or invalid (), this is mandated since P.
06-17 19:40:13.968 D/CompatibilityChangeReporter( 9056): Compat change id reported: 171979766; UID 10058; state: ENABLED
06-17 19:40:14.006 V/GraphicsEnvironment( 9056): ANGLE Developer option for 'tech.gtt.frontapp.stb.demo' set to: 'default'
06-17 19:40:14.007 V/GraphicsEnvironment( 9056): ANGLE GameManagerService for tech.gtt.frontapp.stb.demo: false
06-17 19:40:14.008 V/GraphicsEnvironment( 9056): Neither updatable production driver nor prerelease driver is supported.
06-17 19:40:14.012 D/NetworkSecurityConfig( 9056): Using Network Security Config from resource network_security_config debugBuild: false
06-17 19:40:14.013 D/NetworkSecurityConfig( 9056): Using Network Security Config from resource network_security_config debugBuild: false
06-17 19:40:14.019 I/MultiDex( 9056): VM with version 2.1.0 has multidex support
06-17 19:40:14.019 I/MultiDex( 9056): Installing application
06-17 19:40:14.019 I/MultiDex( 9056): VM has multidex support, MultiDex support library is disabled.
06-17 19:40:14.020 E/[Package]( 9056): params: AppConfiguration(vnoId='11026504', brandId='d0k7d3p3kdikth2o3q6g', appId='d0jucrbq6bt4h33c0ma0', sourceId='30006401-31002837', authServers='https://gtt-app-apigateway-lion.vdemosit.com', shareKey='S2kQMgUSugYyMlk5QclHDaF0uDsFnB0oJoFeAFgsKb8=', packageName='tech.gtt.frontapp.stb.demo', appName='Goose TV', appVersionName='v1.0.0', appVersionCode='7', pluginVersionCode='1', pluginVersionName='6.0.0-beta-build5', packageSeq='1', buglyAppId='d76a04165f', buglyKey='13b89b2d-1c12-4c4f-93b8-46e3c2ef9f73', baseVersionCode='20000066', gitTag='2.1.4-beta6', supportLang='en,pt,es', defaultLang='en', bootLoadType='1')
06-17 19:40:14.020 W/System.err( 9056): java.lang.ClassNotFoundException: tech.gtt.frontapp.stb.docker.plugin.PluginUtils
06-17 19:40:14.020 W/System.err( 9056): 	at java.lang.Class.classForName(Native Method)
06-17 19:40:14.020 W/System.err( 9056): 	at java.lang.Class.forName(Class.java:454)
06-17 19:40:14.020 W/System.err( 9056): 	at java.lang.Class.forName(Class.java:379)
06-17 19:40:14.020 W/System.err( 9056): 	at ot.e.b(SourceFile:3)
06-17 19:40:14.020 W/System.err( 9056): 	at tech.gtt.frontapp.stb.app.MainApplication.attachBaseContext(SourceFile:130)
06-17 19:40:14.020 W/System.err( 9056): 	at android.app.Application.attach(Application.java:338)
06-17 19:40:14.020 W/System.err( 9056): 	at android.app.Instrumentation.newApplication(Instrumentation.java:1190)
06-17 19:40:14.020 W/System.err( 9056): 	at android.app.LoadedApk.makeApplication(LoadedApk.java:1361)
06-17 19:40:14.020 W/System.err( 9056): 	at android.app.ActivityThread.handleBindApplication(ActivityThread.java:6728)
06-17 19:40:14.020 W/System.err( 9056): 	at android.app.ActivityThread.access$1500(ActivityThread.java:256)
06-17 19:40:14.020 W/System.err( 9056): 	at android.app.ActivityThread$H.handleMessage(ActivityThread.java:2091)
06-17 19:40:14.020 W/System.err( 9056): 	at android.os.Handler.dispatchMessage(Handler.java:106)
06-17 19:40:14.020 W/System.err( 9056): 	at android.os.Looper.loopOnce(Looper.java:201)
06-17 19:40:14.020 W/System.err( 9056): 	at android.os.Looper.loop(Looper.java:288)
06-17 19:40:14.020 W/System.err( 9056): 	at android.app.ActivityThread.main(ActivityThread.java:7875)
06-17 19:40:14.020 W/System.err( 9056): 	at java.lang.reflect.Method.invoke(Native Method)
06-17 19:40:14.020 W/System.err( 9056): 	at com.android.internal.os.RuntimeInit$MethodAndArgsCaller.run(RuntimeInit.java:568)
06-17 19:40:14.020 W/System.err( 9056): 	at com.android.internal.os.ZygoteInit.main(ZygoteInit.java:1005)
06-17 19:40:14.020 W/System.err( 9056): Caused by: java.lang.ClassNotFoundException: tech.gtt.frontapp.stb.docker.plugin.PluginUtils
06-17 19:40:14.020 W/System.err( 9056): 	... 18 more
06-17 19:40:14.020 E/[Package]( 9056): isInPluginMode: false
06-17 19:40:14.021 I/CustomActivityOnCrash( 9056): CustomActivityOnCrash has been installed.
06-17 19:40:14.022 I/System.out( 9056): Modular_Init : a - initialize
06-17 19:40:14.024 I/System.out( 9056): Modular_Init : d - initialize
06-17 19:40:14.026 I/System.out( 9056): Modular_Init : a - initialize
06-17 19:40:14.026 I/System.out( 9056): Modular_Init : a - initialize
06-17 19:40:14.026 D/[CatchupInitModule]( 9056): init---
06-17 19:40:14.027 I/System.out( 9056): Modular_Init : a - initialize
06-17 19:40:14.027 D/[ReplayInitialize]( 9056): init---
06-17 19:40:14.027 I/System.out( 9056): Modular_Init : a - initialize
06-17 19:40:14.027 D/[LiveInitialize]( 9056): init---
06-17 19:40:14.027 I/System.out( 9056): Modular_Init : b - initialize
06-17 19:40:14.029 D/AndroidAutoSize( 9056): designWidthInDp = 1920, designHeightInDp = 1080, screenWidth = 1920, screenHeight = 1080
06-17 19:40:14.029 D/AndroidAutoSize( 9056): initDensity = 2.0, initScaledDensity = 2.0
06-17 19:40:14.075 D/AndroidAutoSize( 9056): tech.gtt.frontapp.stb.m.home.activity.SplashActivity used the global configuration.
06-17 19:40:14.083 D/AndroidAutoSize( 9056): The tech.gtt.frontapp.stb.m.home.activity.SplashActivity has been adapted! 
06-17 19:40:14.083 D/AndroidAutoSize( 9056): SplashActivity Info: isBaseOnWidth = true, designWidthInDp = 1920.000000, designWidthInSubunits = 1920.000000, targetDensity = 1.000000, targetScaledDensity = 1.000000, targetDensityDpi = 160, targetXdpi = 1.000000, targetScreenWidthDp = 1920, targetScreenHeightDp = 1032
06-17 19:40:14.135 D/AndroidAutoSize( 9056): tech.gtt.frontapp.stb.m.home.activity.SplashActivity used the global configuration.
06-17 19:40:14.136 D/AndroidAutoSize( 9056): The tech.gtt.frontapp.stb.m.home.activity.SplashActivity has been adapted! 
06-17 19:40:14.136 D/AndroidAutoSize( 9056): SplashActivity Info: isBaseOnWidth = true, designWidthInDp = 1920.000000, designWidthInSubunits = 1920.000000, targetDensity = 1.000000, targetScaledDensity = 1.000000, targetDensityDpi = 160, targetXdpi = 1.000000, targetScreenWidthDp = 1920, targetScreenHeightDp = 1032
06-17 19:40:14.140 I/ActivityTaskManager( 1936): START u0 {act=android.content.pm.action.REQUEST_PERMISSIONS pkg=com.android.permissioncontroller cmp=com.android.permissioncontroller/.permission.ui.GrantPermissionsActivity (has extras)} from uid 10058
06-17 19:40:14.164 D/ontapp.stb.dem( 9056): createUnique: call
06-17 19:40:14.165 D/ontapp.stb.dem( 9056): HostComposition ext GL_OES_EGL_image GL_OES_EGL_image_external GL_OES_depth24 GL_OES_depth32 GL_OES_element_index_uint GL_OES_texture_float GL_OES_texture_float_linear GL_OES_compressed_paletted_texture GL_OES_compressed_ETC1_RGB8_texture GL_OES_depth_texture GL_EXT_texture_format_BGRA8888 GL_APPLE_texture_format_BGRA8888 GL_OES_texture_half_float GL_EXT_robustness GL_OES_texture_half_float_linear GL_OES_packed_depth_stencil GL_OES_vertex_half_float GL_OES_texture_npot GL_OES_rgb8_rgba8 GL_EXT_color_buffer_float GL_EXT_texture_sRGB_decode ANDROID_gles_max_version_3_1 GL_OES_vertex_array_object GL_EXT_texture_buffer GL_EXT_copy_image GL_KHR_texture_compression_astc_ldr GL_KHR_texture_compression_astc_hdr GL_OES_texture_compression_astc GL_OES_EGL_image_external
06-17 19:40:14.166 D/hw-ProcessState( 9056): Binder ioctl to enable oneway spam detection failed: Invalid argument
06-17 19:40:14.167 W/OpenGLRenderer( 9056): Failed to initialize 101010-2 format, error = EGL_SUCCESS
06-17 19:40:14.167 D/EGL_emulation( 9056): rcCreateContext wated version 2.0  rc:4
06-17 19:40:14.183 D/EGL_emulation( 9056): eglMakeCurrent: 0x74841c015ef0: ver 3 2 (tinfo 0x74839c04d830) (first time)
06-17 19:40:14.185 E/HWComposer( 1779): getSupportedContentTypes: getSupportedContentTypes failed for display 0: Unsupported (8)
06-17 19:40:14.186 I/hwservicemanager( 1567): getTransport: Cannot find entry android.hardware.graphics.mapper@4.0::IMapper/default in either framework or device VINTF manifest.
06-17 19:40:14.186 I/Gralloc4( 9056): mapper 4.x is not supported
06-17 19:40:14.186 I/hwservicemanager( 1567): getTransport: Cannot find entry android.hardware.graphics.mapper@3.0::IMapper/default in either framework or device VINTF manifest.
06-17 19:40:14.186 W/Gralloc3( 9056): mapper 3.x is not supported
06-17 19:40:14.187 I/hwservicemanager( 1567): getTransport: Cannot find entry android.hardware.graphics.allocator@4.0::IAllocator/default in either framework or device VINTF manifest.
06-17 19:40:14.187 W/Gralloc4( 9056): allocator 4.x is not supported
06-17 19:40:14.188 I/hwservicemanager( 1567): getTransport: Cannot find entry android.hardware.graphics.allocator@3.0::IAllocator/default in either framework or device VINTF manifest.
06-17 19:40:14.188 W/Gralloc3( 9056): allocator 3.x is not supported
06-17 19:40:14.188 D/gralloc_nox( 1767): gralloc_alloc: Creating ashmem region of size 8298496
06-17 19:40:14.193 D/ProcessState( 9090): Binder ioctl to enable oneway spam detection failed: Invalid argument
06-17 19:40:14.203 D/ontapp.stb.dem( 9056): createUnique: call
06-17 19:40:14.205 D/ontapp.stb.dem( 9056): HostComposition ext GL_OES_EGL_image GL_OES_EGL_image_external GL_OES_depth24 GL_OES_depth32 GL_OES_element_index_uint GL_OES_texture_float GL_OES_texture_float_linear GL_OES_compressed_paletted_texture GL_OES_compressed_ETC1_RGB8_texture GL_OES_depth_texture GL_EXT_texture_format_BGRA8888 GL_APPLE_texture_format_BGRA8888 GL_OES_texture_half_float GL_EXT_robustness GL_OES_texture_half_float_linear GL_OES_packed_depth_stencil GL_OES_vertex_half_float GL_OES_texture_npot GL_OES_rgb8_rgba8 GL_EXT_color_buffer_float GL_EXT_texture_sRGB_decode ANDROID_gles_max_version_3_1 GL_OES_vertex_array_object GL_EXT_texture_buffer GL_EXT_copy_image GL_KHR_texture_compression_astc_ldr GL_KHR_texture_compression_astc_hdr GL_OES_texture_compression_astc GL_OES_EGL_image_external
06-17 19:40:14.207 D/gralloc_nox( 1767): gralloc_alloc: Creating ashmem region of size 8298496
06-17 19:40:14.237 D/gralloc_nox( 1767): gralloc_alloc: Creating ashmem region of size 8298496
06-17 19:40:14.301 E/libEGL  ( 9056): called unimplemented OpenGL ES API
06-17 19:40:14.349 W/ActivityTaskManager( 1936): Tried to set launchTime (0) < mLastActivityLaunchTime (3248557)
06-17 19:40:14.434 I/ActivityTaskManager( 1936): Displayed com.android.permissioncontroller/.permission.ui.GrantPermissionsActivity: +581ms
06-17 19:40:14.445 D/ProcessState( 9101): Binder ioctl to enable oneway spam detection failed: Invalid argument
06-17 19:40:14.501 D/gralloc_nox( 1767): gralloc_alloc: Creating ashmem region of size 5496832
06-17 19:40:14.590 D/gralloc_nox( 1767): gralloc_alloc: Creating ashmem region of size 5496832
06-17 19:40:14.593 W/InputManager-JNI( 1936): Input channel object 'bbbf709 Splash Screen tech.gtt.frontapp.stb.demo (client)' was disposed without first being removed with the input manager!
06-17 19:40:14.814 D/gralloc_nox( 1767): gralloc_alloc: Creating ashmem region of size 5496832
06-17 19:40:16.847 E/TaskPersister( 1936): File error accessing recents directory (directory doesn't exist?).
06-17 19:40:16.932 E/adbd    ( 1785): failed to connect to socket 'tcp:9008': Connection refused
06-17 19:40:16.953 E/adbd    ( 1785): failed to connect to socket 'tcp:9008': Connection refused
06-17 19:40:17.035 E/adbd    ( 1785): failed to connect to socket 'tcp:9008': Connection refused
06-17 19:40:17.054 E/adbd    ( 1785): failed to connect to socket 'tcp:9008': Connection refused
06-17 19:40:17.102 D/AndroidRuntime( 9110): >>>>>> START com.android.internal.os.RuntimeInit uid 0 <<<<<<
06-17 19:40:17.105 I/AndroidRuntime( 9110): Using default boot image
06-17 19:40:17.105 I/AndroidRuntime( 9110): Leaving lock profiling enabled
06-17 19:40:17.106 W/app_process( 9110): ART APEX data files are untrusted.
06-17 19:40:17.106 I/app_process( 9110): Core platform API reporting enabled, enforcing=false
06-17 19:40:17.155 D/app_process( 9110): Time zone APEX ICU file found: /apex/com.android.tzdata/etc/icu/icu_tzdata.dat
06-17 19:40:17.155 D/app_process( 9110): I18n APEX ICU file found: /apex/com.android.i18n/etc/icu/icudt68l.dat
06-17 19:40:17.160 W/app_process( 9110): Unexpected CPU variant for X86 using defaults: x86_64
06-17 19:40:17.219 D/ProcessState( 9110): Binder ioctl to enable oneway spam detection failed: Invalid argument
06-17 19:40:17.219 D/AndroidRuntime( 9110): Calling main entry com.wetest.uia2.Main
06-17 19:40:17.220 I/uidumper( 9110): [UiAutomator2Server] Starting Server
06-17 19:40:17.272 I/UiDevice( 9110): Creating a new instance, old instance exists: false
06-17 19:40:17.277 V/UiAutomation( 9110): Init UiAutomation@6cea2c8[id=51, flags=0]
06-17 19:40:17.279 D/UiDevice( 9110): Setting accessibility service flags: 65618
06-17 19:40:17.286 D/UiDevice( 9110): Turning on screen.
06-17 19:40:17.287 D/BatterySaverPolicy( 1936): accessibility changed to true, updating policy.
06-17 19:40:17.289 W/Java7Support( 9110): Unable to load JDK7 types (annotations, java.nio.file.Path): no Java7 support added
06-17 19:40:17.298 I/uidumper( 9110): clipboardManager inited
06-17 19:40:17.301 I/uidumper( 9110): tmpdir is /data/local/tmp/u2
06-17 19:40:17.313 I/uidumper( 9110): http server listening on *:9008
06-17 19:40:17.590 D/UIAutomatorStub( 9110): URI: /ping, Method: GET, params, {NanoHttpd.QUERY_STRING=null}, files: {}
06-17 19:40:17.613 D/UIAutomatorStub( 9110): URI: /jsonrpc/0, Method: POST, params, {NanoHttpd.QUERY_STRING=null}, files: {postData={"jsonrpc": "2.0", "id": 1, "method": "count", "params": [{"mask": 2097152, "childOrSibling": [], "childOrSiblingSelector": [], "resourceId": "com.android.permissioncontroller:id/permission_allow_button"}]}}
06-17 19:40:17.622 D/UiObject( 9110): Waiting 0ms for UiSelector[RESOURCE_ID=com.android.permissioncontroller:id/permission_allow_button].
06-17 19:40:17.622 W/QueryController( 9110): Could not detect idle state.
06-17 19:40:17.631 I/QueryController( 9110): Matched selector: UiSelector[RESOURCE_ID=com.android.permissioncontroller:id/permission_allow_button] <<==>> [android.view.accessibility.AccessibilityNodeInfo@1f4fb; boundsInParent: Rect(0, 0 - 992, 112); boundsInScreen: Rect(464, 557 - 1456, 669); packageName: com.android.permissioncontroller; className: android.widget.Button; text: 允许; error: null; maxTextLength: -1; stateDescription: null; contentDescription: null; tooltipText: null; viewIdResName: com.android.permissioncontroller:id/permission_allow_button; checkable: false; checked: false; focusable: true; focused: false; selected: false; clickable: true; longClickable: false; contextClickable: false; enabled: true; password: false; scrollable: false; importantForAccessibility: true; visible: true; actions: [AccessibilityAction: ACTION_FOCUS - null, AccessibilityAction: ACTION_SELECT - null, AccessibilityAction: ACTION_CLEAR_SELECTION - null, AccessibilityAction: ACTION_CLICK - null, AccessibilityAction: ACTION_ACCESSIBILITY_FOCUS - null, AccessibilityAction: ACTION_NEXT_AT_MOVEMENT_GRANULARITY - null, AccessibilityAction: ACTION_PREVIOUS_AT_MOVEMENT_GRANULARITY - null, AccessibilityAction: ACTION_SET_SELECTION - null, AccessibilityAction: ACTION_SHOW_ON_SCREEN - null]]
06-17 19:40:17.632 D/UiObject( 9110): Waiting 0ms for UiSelector[INSTANCE=1, RESOURCE_ID=com.android.permissioncontroller:id/permission_allow_button].
06-17 19:40:17.633 W/QueryController( 9110): Could not detect idle state.
06-17 19:40:17.654 D/UIAutomatorStub( 9110): URI: /jsonrpc/0, Method: POST, params, {NanoHttpd.QUERY_STRING=null}, files: {postData={"jsonrpc": "2.0", "id": 1, "method": "waitForExists", "params": [{"mask": 2097152, "childOrSibling": [], "childOrSiblingSelector": [], "resourceId": "com.android.permissioncontroller:id/permission_allow_button"}, 20000]}}
06-17 19:40:17.656 D/UiDevice( 9110): Waiting 20000ms for SearchCondition[hasObject=BySelector [RES='\Qcom.android.permissioncontroller:id/permission_allow_button\E']].
06-17 19:40:17.656 D/UiDevice( 9110): Searching for node with selector: BySelector [RES='\Qcom.android.permissioncontroller:id/permission_allow_button\E'].
06-17 19:40:17.656 W/QueryController( 9110): Could not detect idle state.
06-17 19:40:17.685 D/UIAutomatorStub( 9110): URI: /jsonrpc/0, Method: POST, params, {NanoHttpd.QUERY_STRING=null}, files: {postData={"jsonrpc": "2.0", "id": 1, "method": "objInfo", "params": [{"mask": 2097152, "childOrSibling": [], "childOrSiblingSelector": [], "resourceId": "com.android.permissioncontroller:id/permission_allow_button"}]}}
06-17 19:40:17.686 D/UiDevice( 9110): Retrieving node with selector: BySelector [RES='\Qcom.android.permissioncontroller:id/permission_allow_button\E'].
06-17 19:40:17.686 W/QueryController( 9110): Could not detect idle state.
06-17 19:40:17.693 W/QueryController( 9110): Could not detect idle state.
06-17 19:40:17.697 W/QueryController( 9110): Could not detect idle state.
06-17 19:40:17.700 W/QueryController( 9110): Could not detect idle state.
06-17 19:40:17.702 W/QueryController( 9110): Could not detect idle state.
06-17 19:40:17.703 W/QueryController( 9110): Could not detect idle state.
06-17 19:40:17.704 W/QueryController( 9110): Could not detect idle state.
06-17 19:40:17.704 W/QueryController( 9110): Could not detect idle state.
06-17 19:40:17.705 W/QueryController( 9110): Could not detect idle state.
06-17 19:40:17.706 W/QueryController( 9110): Could not detect idle state.
06-17 19:40:17.707 W/QueryController( 9110): Could not detect idle state.
06-17 19:40:17.707 W/QueryController( 9110): Could not detect idle state.
06-17 19:40:17.709 W/QueryController( 9110): Could not detect idle state.
06-17 19:40:17.714 W/QueryController( 9110): Could not detect idle state.
06-17 19:40:17.717 W/QueryController( 9110): Could not detect idle state.
06-17 19:40:17.720 W/QueryController( 9110): Could not detect idle state.
06-17 19:40:17.721 W/QueryController( 9110): Could not detect idle state.
06-17 19:40:17.721 W/QueryController( 9110): Could not detect idle state.
06-17 19:40:17.747 D/UIAutomatorStub( 9110): URI: /jsonrpc/0, Method: POST, params, {NanoHttpd.QUERY_STRING=null}, files: {postData={"jsonrpc": "2.0", "id": 1, "method": "click", "params": [960.0, 613.0]}}
06-17 19:40:18.074 V/GrantPermissionsViewModel( 6919): Logged buttons presented and clicked permissionGroupName=android.permission-group.STORAGE uid=10058 selectedLocations=0 package=tech.gtt.frontapp.stb.demo presentedButtons=9 clickedButton=1 sessionId=6253778287865861240 targetSdk=35
06-17 19:40:18.079 I/MediaProvider( 2560): Invalidating LocalCallingIdentity cache for package tech.gtt.frontapp.stb.demo. Reason: op android:read_external_storage
06-17 19:40:18.080 I/MediaProvider( 2560): Invalidating LocalCallingIdentity cache for package tech.gtt.frontapp.stb.demo. Reason: op android:read_external_storage
06-17 19:40:18.081 V/GrantPermissionsViewModel( 6919): Permission grant result requestId=6253778287865861240 callingUid=10058 callingPackage=tech.gtt.frontapp.stb.demo permission=android.permission.READ_EXTERNAL_STORAGE isImplicit=false result=4
06-17 19:40:18.085 D/gralloc_nox( 1767): gralloc_alloc: Creating ashmem region of size 8298496
06-17 19:40:18.120 E/android.hardware.audio.service( 1759): pcm_open called create stream faild
06-17 19:40:18.121 D/AudioFlinger( 1776): mixer(0x7e14b2cf8a60) throttle end: throttle time(40)
06-17 19:40:18.191 W/System  ( 2106): A resource failed to call close. 
06-17 19:40:18.192 W/System  ( 2106): A resource failed to call close. 
06-17 19:40:18.192 W/System  ( 2106): A resource failed to call release. 
06-17 19:40:18.193 W/System  ( 2106): A resource failed to call release. 
06-17 19:40:18.193 W/System  ( 2106): A resource failed to call release. 
06-17 19:40:18.303 D/CompatibilityChangeReporter( 9056): Compat change id reported: 78294732; UID 10058; state: ENABLED
06-17 19:40:18.304 I/b       ( 9056): freeSpace : 116666MB
06-17 19:40:18.388 D/ProcessState( 9138): Binder ioctl to enable oneway spam detection failed: Invalid argument
06-17 19:40:18.433 D/ConnectivityService( 1936): NetReassign [no changes]
06-17 19:40:18.451 V/GSK     ( 9056): StorageServiceImpl initialization() executed in 0 ms.
06-17 19:40:18.451 V/GSK     ( 9056): SecurityServiceImpl initialization() executed in 0 ms.
06-17 19:40:18.546 W/InputManager-JNI( 1936): Input channel object '8c50ba0 com.android.permissioncontroller/com.android.permissioncontroller.permission.ui.GrantPermissionsActivity (client)' was disposed without first being removed with the input manager!
06-17 19:40:18.547 W/System.err( 9056): SLF4J(W): No SLF4J providers were found.
06-17 19:40:18.547 W/System.err( 9056): SLF4J(W): Defaulting to no-operation (NOP) logger implementation
06-17 19:40:18.547 W/System.err( 9056): SLF4J(W): See https://www.slf4j.org/codes.html#noProviders for further details.
06-17 19:40:18.558 W/SurfaceFlinger( 1779): couldn't log to binary event log: overflow.
06-17 19:40:18.591 W/System.err( 9056): kotlinx.serialization.json.internal.JsonDecodingException: Expected start of the object '{', but had 'EOF' instead at path: $
06-17 19:40:18.591 W/System.err( 9056): JSON input: 
06-17 19:40:18.591 W/System.err( 9056): 	at kotlinx.serialization.json.internal.JsonExceptionsKt.JsonDecodingException(SourceFile:1)
06-17 19:40:18.591 W/System.err( 9056): 	at kotlinx.serialization.json.internal.JsonExceptionsKt.JsonDecodingException(SourceFile:2)
06-17 19:40:18.591 W/System.err( 9056): 	at kotlinx.serialization.json.internal.AbstractJsonLexer.fail(SourceFile:52)
06-17 19:40:18.591 W/System.err( 9056): 	at kotlinx.serialization.json.internal.AbstractJsonLexer.fail$default(SourceFile:15)
06-17 19:40:18.591 W/System.err( 9056): 	at kotlinx.serialization.json.internal.AbstractJsonLexer.unexpectedToken(SourceFile:103)
06-17 19:40:18.591 W/System.err( 9056): 	at kotlinx.serialization.json.internal.StringJsonLexer.consumeNextToken(SourceFile:16)
06-17 19:40:18.591 W/System.err( 9056): 	at kotlinx.serialization.json.internal.StreamingJsonDecoder.beginStructure(SourceFile:23)
06-17 19:40:18.591 W/System.err( 9056): 	at tech.gtt.frontapp.servicesdk.common.service.utility.apis.e2ee.E2eeConfigResponse$$serializer.deserialize(SourceFile:2)
06-17 19:40:18.591 W/System.err( 9056): 	at tech.gtt.frontapp.servicesdk.common.service.utility.apis.e2ee.E2eeConfigResponse$$serializer.deserialize(SourceFile:1)
06-17 19:40:18.591 W/System.err( 9056): 	at kotlinx.serialization.json.internal.StreamingJsonDecoder.decodeSerializableValue(SourceFile:320)
06-17 19:40:18.591 W/System.err( 9056): 	at kotlinx.serialization.json.Json.decodeFromString(SourceFile:3)
06-17 19:40:18.591 W/System.err( 9056): 	at tech.gtt.frontapp.servicesdk.common.service.utility.apis.e2ee.E2eeManager.syncE2eeConfig(SourceFile:74)
06-17 19:40:18.591 W/System.err( 9056): 	at tech.gtt.frontapp.servicesdk.common.service.utility.apis.ApiUtilServiceImpl.onServiceInit(SourceFile:228)
06-17 19:40:18.591 W/System.err( 9056): 	at tech.gtt.frontapp.servicesdk.common.core.ServiceSDKImpl.executeServiceInitialize(SourceFile:372)
06-17 19:40:18.591 W/System.err( 9056): 	at tech.gtt.frontapp.servicesdk.common.core.ServiceSDKImpl.access$executeServiceInitialize(SourceFile:1)
06-17 19:40:18.591 W/System.err( 9056): 	at tech.gtt.frontapp.servicesdk.common.core.ServiceSDKImpl$init$1.invokeSuspend(SourceFile:178)
06-17 19:40:18.591 W/System.err( 9056): 	at tech.gtt.frontapp.servicesdk.common.core.ServiceSDKImpl$init$1.invoke(SourceFile:2)
06-17 19:40:18.591 W/System.err( 9056): 	at tech.gtt.frontapp.servicesdk.common.core.ServiceSDKImpl$init$1.invoke(SourceFile:1)
06-17 19:40:18.591 W/System.err( 9056): 	at kotlinx.coroutines.flow.SafeFlow.collectSafely(SourceFile:3)
06-17 19:40:18.591 W/System.err( 9056): 	at kotlinx.coroutines.flow.AbstractFlow.collect(SourceFile:70)
06-17 19:40:18.591 W/System.err( 9056): 	at tech.gtt.frontapp.servicesdk.common.core.SDKSetup$build$1.invokeSuspend(SourceFile:42)
06-17 19:40:18.591 W/System.err( 9056): 	at tech.gtt.frontapp.servicesdk.common.core.SDKSetup$build$1.invoke(SourceFile:2)
06-17 19:40:18.591 W/System.err( 9056): 	at tech.gtt.frontapp.servicesdk.common.core.SDKSetup$build$1.invoke(SourceFile:1)
06-17 19:40:18.591 W/System.err( 9056): 	at tech.gtt.frontapp.servicesdk.common.core.Scheduler$scheduleDirect$1.invokeSuspend(SourceFile:61)
06-17 19:40:18.591 W/System.err( 9056): 	at lh.a.resumeWith(SourceFile:14)
06-17 19:40:18.591 W/System.err( 9056): 	at kotlinx.coroutines.DispatchedTask.run(SourceFile:123)
06-17 19:40:18.591 W/System.err( 9056): 	at kotlinx.coroutines.internal.LimitedDispatcher$Worker.run(SourceFile:4)
06-17 19:40:18.591 W/System.err( 9056): 	at kotlinx.coroutines.scheduling.TaskImpl.run(SourceFile:3)
06-17 19:40:18.591 W/System.err( 9056): 	at kotlinx.coroutines.scheduling.CoroutineScheduler.runSafely(SourceFile:1)
06-17 19:40:18.591 W/System.err( 9056): 	at kotlinx.coroutines.scheduling.CoroutineScheduler$Worker.executeTask(SourceFile:34)
06-17 19:40:18.591 W/System.err( 9056): 	at kotlinx.coroutines.scheduling.CoroutineScheduler$Worker.runWorker(SourceFile:29)
06-17 19:40:18.591 W/System.err( 9056): 	at kotlinx.coroutines.scheduling.CoroutineScheduler$Worker.run(SourceFile:1)
06-17 19:40:18.604 W/System.err( 9056): java.io.FileNotFoundException: sys/class/sunxi_info/sys_info: open failed: ENOENT (No such file or directory)
06-17 19:40:18.604 W/System.err( 9056): 	at libcore.io.IoBridge.open(IoBridge.java:575)
06-17 19:40:18.604 W/System.err( 9056): 	at java.io.FileInputStream.<init>(FileInputStream.java:160)
06-17 19:40:18.604 W/System.err( 9056): 	at java.io.FileInputStream.<init>(FileInputStream.java:115)
06-17 19:40:18.604 W/System.err( 9056): 	at ip.b.b(SourceFile:5)
06-17 19:40:18.604 W/System.err( 9056): 	at ip.b.a(SourceFile:155)
06-17 19:40:18.604 W/System.err( 9056): 	at ip.a.invoke(SourceFile:589)
06-17 19:40:18.604 W/System.err( 9056): 	at dh.v.getValue(SourceFile:21)
06-17 19:40:18.604 W/System.err( 9056): 	at tech.gtt.frontapp.servicesdk.common.network.interceptor.params.ApiDeviceParams.handleFixedParams(SourceFile:52)
06-17 19:40:18.604 W/System.err( 9056): 	at tech.gtt.frontapp.servicesdk.common.service.utility.apis.IParamsGetter.toMaps(SourceFile:87)
06-17 19:40:18.604 W/System.err( 9056): 	at tech.gtt.frontapp.servicesdk.common.network.interceptor.DefaultParamsInterceptor.onRequest(SourceFile:127)
06-17 19:40:18.604 W/System.err( 9056): 	at tech.gtt.frontapp.servicesdk.common.network.interceptor.SDKInterceptorsPluginKt$setupRequestInterception$1.invokeSuspend(SourceFile:103)
06-17 19:40:18.604 W/System.err( 9056): 	at tech.gtt.frontapp.servicesdk.common.network.interceptor.SDKInterceptorsPluginKt$setupRequestInterception$1.invoke(SourceFile:1)
06-17 19:40:18.604 W/System.err( 9056): 	at tech.gtt.frontapp.servicesdk.common.network.interceptor.SDKInterceptorsPluginKt$setupRequestInterception$1.invoke(SourceFile:2)
06-17 19:40:18.604 W/System.err( 9056): 	at io.ktor.util.pipeline.DebugPipelineContext.proceedLoop(SourceFile:86)
06-17 19:40:18.604 W/System.err( 9056): 	at io.ktor.util.pipeline.DebugPipelineContext.proceed(SourceFile:26)
06-17 19:40:18.604 W/System.err( 9056): 	at io.ktor.client.plugins.RequestError$install$1.invokeSuspend(SourceFile:47)
06-17 19:40:18.604 W/System.err( 9056): 	at io.ktor.client.plugins.RequestError$install$1.invoke(SourceFile:1)
06-17 19:40:18.604 W/System.err( 9056): 	at io.ktor.client.plugins.RequestError$install$1.invoke(SourceFile:2)
06-17 19:40:18.604 W/System.err( 9056): 	at io.ktor.util.pipeline.DebugPipelineContext.proceedLoop(SourceFile:86)
06-17 19:40:18.604 W/System.err( 9056): 	at io.ktor.util.pipeline.DebugPipelineContext.proceed(SourceFile:26)
06-17 19:40:18.604 W/System.err( 9056): 	at io.ktor.client.plugins.SetupRequestContext$install$1.invokeSuspend$proceed(SourceFile:1)
06-17 19:40:18.604 W/System.err( 9056): 	at io.ktor.client.plugins.SetupRequestContext$install$1.access$invokeSuspend$proceed(SourceFile:1)
06-17 19:40:18.604 W/System.err( 9056): 	at io.ktor.client.plugins.SetupRequestContext$install$1$1.invoke(SourceFile:2)
06-17 19:40:18.604 W/System.err( 9056): 	at io.ktor.client.plugins.SetupRequestContext$install$1$1.invoke(SourceFile:1)
06-17 19:40:18.604 W/System.err( 9056): 	at io.ktor.client.plugins.HttpRequestLifecycleKt$HttpRequestLifecycle$1$1.invokeSuspend(SourceFile:78)
06-17 19:40:18.604 W/System.err( 9056): 	at io.ktor.client.plugins.HttpRequestLifecycleKt$HttpRequestLifecycle$1$1.invoke(SourceFile:1)
06-17 19:40:18.604 W/System.err( 9056): 	at io.ktor.client.plugins.HttpRequestLifecycleKt$HttpRequestLifecycle$1$1.invoke(SourceFile:2)
06-17 19:40:18.604 W/System.err( 9056): 	at io.ktor.client.plugins.SetupRequestContext$install$1.invokeSuspend(SourceFile:42)
06-17 19:40:18.604 W/System.err( 9056): 	at io.ktor.client.plugins.SetupRequestContext$install$1.invoke(SourceFile:1)
06-17 19:40:18.604 W/System.err( 9056): 	at io.ktor.client.plugins.SetupRequestContext$install$1.invoke(SourceFile:2)
06-17 19:40:18.604 W/System.err( 9056): 	at io.ktor.util.pipeline.DebugPipelineContext.proceedLoop(SourceFile:86)
06-17 19:40:18.604 W/System.err( 9056): 	at io.ktor.util.pipeline.DebugPipelineContext.proceed(SourceFile:26)
06-17 19:40:18.604 W/System.err( 9056): 	at io.ktor.util.pipeline.DebugPipelineContext.execute$ktor_utils(SourceFile:7)
06-17 19:40:18.604 W/System.err( 9056): 	at io.ktor.util.pipeline.Pipeline.execute(SourceFile:9)
06-17 19:40:18.604 W/System.err( 9056): 	at io.ktor.client.HttpClient.execute$ktor_client_core(SourceFile:68)
06-17 19:40:18.604 W/System.err( 9056): 	at io.ktor.client.statement.HttpStatement.fetchResponse(SourceFile:90)
06-17 19:40:18.604 W/System.err( 9056): 	at io.ktor.client.statement.HttpStatement.execute(SourceFile:9)
06-17 19:40:18.604 W/System.err( 9056): 	at de.jensklingenberg.ktorfit.internal.KtorfitConverterHelper.suspendRequest(SourceFile:127)
06-17 19:40:18.604 W/System.err( 9056): 	at de.jensklingenberg.ktorfit.internal.KtorfitConverterHelper$request$1$1.invokeSuspend(SourceFile:58)
06-17 19:40:18.604 W/System.err( 9056): 	at de.jensklingenberg.ktorfit.internal.KtorfitConverterHelper$request$1$1.invoke(SourceFile:2)
06-17 19:40:18.604 W/System.err( 9056): 	at de.jensklingenberg.ktorfit.internal.KtorfitConverterHelper$request$1$1.invoke(SourceFile:1)
06-17 19:40:18.604 W/System.err( 9056): 	at de.jensklingenberg.ktorfit.converter.FlowConverterFactory$responseConverter$1$convert$1.invokeSuspend(SourceFile:84)
06-17 19:40:18.604 W/System.err( 9056): 	at de.jensklingenberg.ktorfit.converter.FlowConverterFactory$responseConverter$1$convert$1.invoke(SourceFile:2)
06-17 19:40:18.604 W/System.err( 9056): 	at de.jensklingenberg.ktorfit.converter.FlowConverterFactory$responseConverter$1$convert$1.invoke(SourceFile:1)
06-17 19:40:18.604 W/System.err( 9056): 	at kotlinx.coroutines.flow.SafeFlow.collectSafely(SourceFile:3)
06-17 19:40:18.604 W/System.err( 9056): 	at kotlinx.coroutines.flow.AbstractFlow.collect(SourceFile:70)
06-17 19:40:18.604 W/System.err( 9056): 	at kotlinx.coroutines.flow.FlowKt__MergeKt$flatMapConcat$$inlined$map$1.collect(SourceFile:10)
06-17 19:40:18.604 W/System.err( 9056): 	at kotlinx.coroutines.flow.FlowKt__MergeKt$flattenConcat$$inlined$unsafeFlow$1.collect(SourceFile:8)
06-17 19:40:18.604 W/System.err( 9056): 	at kotlinx.coroutines.flow.FlowKt__CollectKt.collect(SourceFile:1)
06-17 19:40:18.604 W/System.err( 9056): 	at kotlinx.coroutines.flow.FlowKt.collect(SourceFile:1)
06-17 19:40:18.604 W/System.err( 9056): 	at tech.gtt.frontapp.servicesdk.common.service.utility.apis.ApiUtilServiceImpl.onServiceInit(SourceFile:240)
06-17 19:40:18.604 W/System.err( 9056): 	at tech.gtt.frontapp.servicesdk.common.core.ServiceSDKImpl.executeServiceInitialize(SourceFile:372)
06-17 19:40:18.604 W/System.err( 9056): 	at tech.gtt.frontapp.servicesdk.common.core.ServiceSDKImpl.access$executeServiceInitialize(SourceFile:1)
06-17 19:40:18.604 W/System.err( 9056): 	at tech.gtt.frontapp.servicesdk.common.core.ServiceSDKImpl$init$1.invokeSuspend(SourceFile:178)
06-17 19:40:18.604 W/System.err( 9056): 	at tech.gtt.frontapp.servicesdk.common.core.ServiceSDKImpl$init$1.invoke(SourceFile:2)
06-17 19:40:18.604 W/System.err( 9056): 	at tech.gtt.frontapp.servicesdk.common.core.ServiceSDKImpl$init$1.invoke(SourceFile:1)
06-17 19:40:18.604 W/System.err( 9056): 	at kotlinx.coroutines.flow.SafeFlow.collectSafely(SourceFile:3)
06-17 19:40:18.604 W/System.err( 9056): 	at kotlinx.coroutines.flow.AbstractFlow.collect(SourceFile:70)
06-17 19:40:18.604 W/System.err( 9056): 	at tech.gtt.frontapp.servicesdk.common.core.SDKSetup$build$1.invokeSuspend(SourceFile:42)
06-17 19:40:18.604 W/System.err( 9056): 	at tech.gtt.frontapp.servicesdk.common.core.SDKSetup$build$1.invoke(SourceFile:2)
06-17 19:40:18.604 W/System.err( 9056): 	at tech.gtt.frontapp.servicesdk.common.core.SDKSetup$build$1.invoke(SourceFile:1)
06-17 19:40:18.604 W/System.err( 9056): 	at tech.gtt.frontapp.servicesdk.common.core.Scheduler$scheduleDirect$1.invokeSuspend(SourceFile:61)
06-17 19:40:18.604 W/System.err( 9056): 	at lh.a.resumeWith(SourceFile:14)
06-17 19:40:18.604 W/System.err( 9056): 	at kotlinx.coroutines.DispatchedTask.run(SourceFile:123)
06-17 19:40:18.604 W/System.err( 9056): 	at kotlinx.coroutines.internal.LimitedDispatcher$Worker.run(SourceFile:4)
06-17 19:40:18.604 W/System.err( 9056): 	at kotlinx.coroutines.scheduling.TaskImpl.run(SourceFile:3)
06-17 19:40:18.604 W/System.err( 9056): 	at kotlinx.coroutines.scheduling.CoroutineScheduler.runSafely(SourceFile:1)
06-17 19:40:18.604 W/System.err( 9056): 	at kotlinx.coroutines.scheduling.CoroutineScheduler$Worker.executeTask(SourceFile:34)
06-17 19:40:18.604 W/System.err( 9056): 	at kotlinx.coroutines.scheduling.CoroutineScheduler$Worker.runWorker(SourceFile:29)
06-17 19:40:18.604 W/System.err( 9056): 	at kotlinx.coroutines.scheduling.CoroutineScheduler$Worker.run(SourceFile:1)
06-17 19:40:18.604 W/System.err( 9056): Caused by: android.system.ErrnoException: open failed: ENOENT (No such file or directory)
06-17 19:40:18.604 W/System.err( 9056): 	at libcore.io.Linux.open(Native Method)
06-17 19:40:18.604 W/System.err( 9056): 	at libcore.io.ForwardingOs.open(ForwardingOs.java:567)
06-17 19:40:18.604 W/System.err( 9056): 	at libcore.io.BlockGuardOs.open(BlockGuardOs.java:273)
06-17 19:40:18.604 W/System.err( 9056): 	at libcore.io.ForwardingOs.open(ForwardingOs.java:567)
06-17 19:40:18.604 W/System.err( 9056): 	at android.app.ActivityThread$AndroidOs.open(ActivityThread.java:7761)
06-17 19:40:18.604 W/System.err( 9056): 	at libcore.io.IoBridge.open(IoBridge.java:561)
06-17 19:40:18.604 W/System.err( 9056): 	... 69 more
06-17 19:40:18.605 W/System.err( 9056): java.io.FileNotFoundException: sys/class/sunxi_info/sys_info: open failed: ENOENT (No such file or directory)
06-17 19:40:18.605 W/System.err( 9056): 	at libcore.io.IoBridge.open(IoBridge.java:575)
06-17 19:40:18.605 W/System.err( 9056): 	at java.io.FileInputStream.<init>(FileInputStream.java:160)
06-17 19:40:18.605 W/System.err( 9056): 	at java.io.FileInputStream.<init>(FileInputStream.java:115)
06-17 19:40:18.605 W/System.err( 9056): 	at ip.b.b(SourceFile:5)
06-17 19:40:18.605 W/System.err( 9056): 	at ip.b.a(SourceFile:155)
06-17 19:40:18.605 W/System.err( 9056): 	at ip.a.invoke(SourceFile:127)
06-17 19:40:18.605 W/System.err( 9056): 	at dh.v.getValue(SourceFile:21)
06-17 19:40:18.605 W/System.err( 9056): 	at tech.gtt.frontapp.servicesdk.common.network.interceptor.params.ApiDeviceParams.handleFixedParams(SourceFile:65)
06-17 19:40:18.605 W/System.err( 9056): 	at tech.gtt.frontapp.servicesdk.common.service.utility.apis.IParamsGetter.toMaps(SourceFile:87)
06-17 19:40:18.605 W/System.err( 9056): 	at tech.gtt.frontapp.servicesdk.common.network.interceptor.DefaultParamsInterceptor.onRequest(SourceFile:127)
06-17 19:40:18.605 W/System.err( 9056): 	at tech.gtt.frontapp.servicesdk.common.network.interceptor.SDKInterceptorsPluginKt$setupRequestInterception$1.invokeSuspend(SourceFile:103)
06-17 19:40:18.605 W/System.err( 9056): 	at tech.gtt.frontapp.servicesdk.common.network.interceptor.SDKInterceptorsPluginKt$setupRequestInterception$1.invoke(SourceFile:1)
06-17 19:40:18.605 W/System.err( 9056): 	at tech.gtt.frontapp.servicesdk.common.network.interceptor.SDKInterceptorsPluginKt$setupRequestInterception$1.invoke(SourceFile:2)
06-17 19:40:18.605 W/System.err( 9056): 	at io.ktor.util.pipeline.DebugPipelineContext.proceedLoop(SourceFile:86)
06-17 19:40:18.605 W/System.err( 9056): 	at io.ktor.util.pipeline.DebugPipelineContext.proceed(SourceFile:26)
06-17 19:40:18.605 W/System.err( 9056): 	at io.ktor.client.plugins.RequestError$install$1.invokeSuspend(SourceFile:47)
06-17 19:40:18.605 W/System.err( 9056): 	at io.ktor.client.plugins.RequestError$install$1.invoke(SourceFile:1)
06-17 19:40:18.605 W/System.err( 9056): 	at io.ktor.client.plugins.RequestError$install$1.invoke(SourceFile:2)
06-17 19:40:18.605 W/System.err( 9056): 	at io.ktor.util.pipeline.DebugPipelineContext.proceedLoop(SourceFile:86)
06-17 19:40:18.605 W/System.err( 9056): 	at io.ktor.util.pipeline.DebugPipelineContext.proceed(SourceFile:26)
06-17 19:40:18.605 W/System.err( 9056): 	at io.ktor.client.plugins.SetupRequestContext$install$1.invokeSuspend$proceed(SourceFile:1)
06-17 19:40:18.605 W/System.err( 9056): 	at io.ktor.client.plugins.SetupRequestContext$install$1.access$invokeSuspend$proceed(SourceFile:1)
06-17 19:40:18.605 W/System.err( 9056): 	at io.ktor.client.plugins.SetupRequestContext$install$1$1.invoke(SourceFile:2)
06-17 19:40:18.605 W/System.err( 9056): 	at io.ktor.client.plugins.SetupRequestContext$install$1$1.invoke(SourceFile:1)
06-17 19:40:18.605 W/System.err( 9056): 	at io.ktor.client.plugins.HttpRequestLifecycleKt$HttpRequestLifecycle$1$1.invokeSuspend(SourceFile:78)
06-17 19:40:18.605 W/System.err( 9056): 	at io.ktor.client.plugins.HttpRequestLifecycleKt$HttpRequestLifecycle$1$1.invoke(SourceFile:1)
06-17 19:40:18.605 W/System.err( 9056): 	at io.ktor.client.plugins.HttpRequestLifecycleKt$HttpRequestLifecycle$1$1.invoke(SourceFile:2)
06-17 19:40:18.605 W/System.err( 9056): 	at io.ktor.client.plugins.SetupRequestContext$install$1.invokeSuspend(SourceFile:42)
06-17 19:40:18.605 W/System.err( 9056): 	at io.ktor.client.plugins.SetupRequestContext$install$1.invoke(SourceFile:1)
06-17 19:40:18.605 W/System.err( 9056): 	at io.ktor.client.plugins.SetupRequestContext$install$1.invoke(SourceFile:2)
06-17 19:40:18.605 W/System.err( 9056): 	at io.ktor.util.pipeline.DebugPipelineContext.proceedLoop(SourceFile:86)
06-17 19:40:18.605 W/System.err( 9056): 	at io.ktor.util.pipeline.DebugPipelineContext.proceed(SourceFile:26)
06-17 19:40:18.605 W/System.err( 9056): 	at io.ktor.util.pipeline.DebugPipelineContext.execute$ktor_utils(SourceFile:7)
06-17 19:40:18.605 W/System.err( 9056): 	at io.ktor.util.pipeline.Pipeline.execute(SourceFile:9)
06-17 19:40:18.605 W/System.err( 9056): 	at io.ktor.client.HttpClient.execute$ktor_client_core(SourceFile:68)
06-17 19:40:18.605 W/System.err( 9056): 	at io.ktor.client.statement.HttpStatement.fetchResponse(SourceFile:90)
06-17 19:40:18.605 W/System.err( 9056): 	at io.ktor.client.statement.HttpStatement.execute(SourceFile:9)
06-17 19:40:18.605 W/System.err( 9056): 	at de.jensklingenberg.ktorfit.internal.KtorfitConverterHelper.suspendRequest(SourceFile:127)
06-17 19:40:18.605 W/System.err( 9056): 	at de.jensklingenberg.ktorfit.internal.KtorfitConverterHelper$request$1$1.invokeSuspend(SourceFile:58)
06-17 19:40:18.605 W/System.err( 9056): 	at de.jensklingenberg.ktorfit.internal.KtorfitConverterHelper$request$1$1.invoke(SourceFile:2)
06-17 19:40:18.605 W/System.err( 9056): 	at de.jensklingenberg.ktorfit.internal.KtorfitConverterHelper$request$1$1.invoke(SourceFile:1)
06-17 19:40:18.605 W/System.err( 9056): 	at de.jensklingenberg.ktorfit.converter.FlowConverterFactory$responseConverter$1$convert$1.invokeSuspend(SourceFile:84)
06-17 19:40:18.605 W/System.err( 9056): 	at de.jensklingenberg.ktorfit.converter.FlowConverterFactory$responseConverter$1$convert$1.invoke(SourceFile:2)
06-17 19:40:18.605 W/System.err( 9056): 	at de.jensklingenberg.ktorfit.converter.FlowConverterFactory$responseConverter$1$convert$1.invoke(SourceFile:1)
06-17 19:40:18.605 W/System.err( 9056): 	at kotlinx.coroutines.flow.SafeFlow.collectSafely(SourceFile:3)
06-17 19:40:18.605 W/System.err( 9056): 	at kotlinx.coroutines.flow.AbstractFlow.collect(SourceFile:70)
06-17 19:40:18.605 W/System.err( 9056): 	at kotlinx.coroutines.flow.FlowKt__MergeKt$flatMapConcat$$inlined$map$1.collect(SourceFile:10)
06-17 19:40:18.605 W/System.err( 9056): 	at kotlinx.coroutines.flow.FlowKt__MergeKt$flattenConcat$$inlined$unsafeFlow$1.collect(SourceFile:8)
06-17 19:40:18.605 W/System.err( 9056): 	at kotlinx.coroutines.flow.FlowKt__CollectKt.collect(SourceFile:1)
06-17 19:40:18.605 W/System.err( 9056): 	at kotlinx.coroutines.flow.FlowKt.collect(SourceFile:1)
06-17 19:40:18.605 W/System.err( 9056): 	at tech.gtt.frontapp.servicesdk.common.service.utility.apis.ApiUtilServiceImpl.onServiceInit(SourceFile:240)
06-17 19:40:18.605 W/System.err( 9056): 	at tech.gtt.frontapp.servicesdk.common.core.ServiceSDKImpl.executeServiceInitialize(SourceFile:372)
06-17 19:40:18.605 W/System.err( 9056): 	at tech.gtt.frontapp.servicesdk.common.core.ServiceSDKImpl.access$executeServiceInitialize(SourceFile:1)
06-17 19:40:18.605 W/System.err( 9056): 	at tech.gtt.frontapp.servicesdk.common.core.ServiceSDKImpl$init$1.invokeSuspend(SourceFile:178)
06-17 19:40:18.605 W/System.err( 9056): 	at tech.gtt.frontapp.servicesdk.common.core.ServiceSDKImpl$init$1.invoke(SourceFile:2)
06-17 19:40:18.605 W/System.err( 9056): 	at tech.gtt.frontapp.servicesdk.common.core.ServiceSDKImpl$init$1.invoke(SourceFile:1)
06-17 19:40:18.605 W/System.err( 9056): 	at kotlinx.coroutines.flow.SafeFlow.collectSafely(SourceFile:3)
06-17 19:40:18.605 W/System.err( 9056): 	at kotlinx.coroutines.flow.AbstractFlow.collect(SourceFile:70)
06-17 19:40:18.605 W/System.err( 9056): 	at tech.gtt.frontapp.servicesdk.common.core.SDKSetup$build$1.invokeSuspend(SourceFile:42)
06-17 19:40:18.605 W/System.err( 9056): 	at tech.gtt.frontapp.servicesdk.common.core.SDKSetup$build$1.invoke(SourceFile:2)
06-17 19:40:18.605 W/System.err( 9056): 	at tech.gtt.frontapp.servicesdk.common.core.SDKSetup$build$1.invoke(SourceFile:1)
06-17 19:40:18.605 W/System.err( 9056): 	at tech.gtt.frontapp.servicesdk.common.core.Scheduler$scheduleDirect$1.invokeSuspend(SourceFile:61)
06-17 19:40:18.605 W/System.err( 9056): 	at lh.a.resumeWith(SourceFile:14)
06-17 19:40:18.605 W/System.err( 9056): 	at kotlinx.coroutines.DispatchedTask.run(SourceFile:123)
06-17 19:40:18.605 W/System.err( 9056): 	at kotlinx.coroutines.internal.LimitedDispatcher$Worker.run(SourceFile:4)
06-17 19:40:18.605 W/System.err( 9056): 	at kotlinx.coroutines.scheduling.TaskImpl.run(SourceFile:3)
06-17 19:40:18.605 W/System.err( 9056): 	at kotlinx.coroutines.scheduling.CoroutineScheduler.runSafely(SourceFile:1)
06-17 19:40:18.605 W/System.err( 9056): 	at kotlinx.coroutines.scheduling.CoroutineScheduler$Worker.executeTask(SourceFile:34)
06-17 19:40:18.605 W/System.err( 9056): 	at kotlinx.coroutines.scheduling.CoroutineScheduler$Worker.runWorker(SourceFile:29)
06-17 19:40:18.605 W/System.err( 9056): 	at kotlinx.coroutines.scheduling.CoroutineScheduler$Worker.run(SourceFile:1)
06-17 19:40:18.606 W/System.err( 9056): Caused by: android.system.ErrnoException: open failed: ENOENT (No such file or directory)
06-17 19:40:18.606 W/System.err( 9056): 	at libcore.io.Linux.open(Native Method)
06-17 19:40:18.606 W/System.err( 9056): 	at libcore.io.ForwardingOs.open(ForwardingOs.java:567)
06-17 19:40:18.606 W/System.err( 9056): 	at libcore.io.BlockGuardOs.open(BlockGuardOs.java:273)
06-17 19:40:18.606 W/System.err( 9056): 	at libcore.io.ForwardingOs.open(ForwardingOs.java:567)
06-17 19:40:18.606 W/System.err( 9056): 	at android.app.ActivityThread$AndroidOs.open(ActivityThread.java:7761)
06-17 19:40:18.606 W/System.err( 9056): 	at libcore.io.IoBridge.open(IoBridge.java:561)
06-17 19:40:18.606 W/System.err( 9056): 	... 69 more
06-17 19:40:18.609 W/System.err( 9056): java.io.FileNotFoundException: sys/class/sunxi_info/sys_info: open failed: ENOENT (No such file or directory)
06-17 19:40:18.609 W/System.err( 9056): 	at libcore.io.IoBridge.open(IoBridge.java:575)
06-17 19:40:18.609 W/System.err( 9056): 	at java.io.FileInputStream.<init>(FileInputStream.java:160)
06-17 19:40:18.609 W/System.err( 9056): 	at java.io.FileInputStream.<init>(FileInputStream.java:115)
06-17 19:40:18.609 W/System.err( 9056): 	at ip.b.b(SourceFile:5)
