--------- beginning of main
06-17 18:45:56.694 D/ProcessState( 3344): Binder ioctl to enable oneway spam detection failed: Invalid argument
--------- beginning of system
06-17 18:45:56.695 I/ActivityManager( 1936): Force stopping tech.gtt.frontapp.stb.demo appid=10058 user=0: clear data
06-17 18:45:56.699 I/ActivityManager( 1936): Killing 2751:com.android.contacts/u0a41 (adj 985): empty #17
06-17 18:45:56.701 D/CompatibilityChangeReporter( 1936): Compat change id reported: 181136395; UID 1000; state: DISABLED
06-17 18:45:56.702 D/CompatibilityChangeReporter( 1936): Compat change id reported: 174042936; UID 1000; state: DISABLED
06-17 18:45:56.702 D/CompatibilityChangeReporter( 1936): Compat change id reported: 174042980; UID 1000; state: DISABLED
06-17 18:45:56.705 I/ActivityManager( 1936): Force stopping tech.gtt.frontapp.stb.demo appid=10058 user=-1: clearApplicationUserData
06-17 18:45:56.705 I/libprocessgroup( 1936): Successfully killed process cgroup uid 10041 pid 2751 in 5ms
06-17 18:45:56.706 I/Zygote  ( 1756): Process 2751 exited due to signal 9 (Killed)
06-17 18:45:56.708 E/TaskPersister( 1936): File error accessing recents directory (directory doesn't exist?).
06-17 18:45:56.711 I/MediaProvider( 2560): Invalidating LocalCallingIdentity cache for package tech.gtt.frontapp.stb.demo. Reason: op android:read_external_storage
06-17 18:45:56.730 D/CompatibilityChangeReporter( 1936): Compat change id reported: 135634846; UID 10019; state: DISABLED
06-17 18:45:56.730 D/CompatibilityChangeReporter( 1936): Compat change id reported: 177438394; UID 10019; state: DISABLED
06-17 18:45:56.730 D/CompatibilityChangeReporter( 1936): Compat change id reported: 135772972; UID 10019; state: DISABLED
06-17 18:45:56.730 D/CompatibilityChangeReporter( 1936): Compat change id reported: 135754954; UID 10019; state: ENABLED
06-17 18:45:56.731 D/CompatibilityChangeReporter( 1936): Compat change id reported: 143937733; UID 10019; state: ENABLED
06-17 18:45:56.736 D/Zygote  ( 1756): Forked child process 3350
06-17 18:45:56.737 I/ActivityManager( 1936): Start proc 3350:com.android.documentsui/u0a19 for broadcast {com.android.documentsui/com.android.documentsui.PackageReceiver}
06-17 18:45:56.740 I/Zygote  ( 3350): seccomp disabled by setenforce 0
06-17 18:45:56.742 W/oid.documentsu( 3350): Unexpected CPU variant for X86 using defaults: x86_64
06-17 18:45:56.746 D/ProcessState( 3350): Binder ioctl to enable oneway spam detection failed: Invalid argument
06-17 18:45:56.751 D/CompatibilityChangeReporter( 1936): Compat change id reported: 168419799; UID 10019; state: DISABLED
06-17 18:45:56.756 E/ashmem  ( 3350): memfd: ro.vndk.version not defined or invalid (), this is mandated since P.
06-17 18:45:56.758 D/CompatibilityChangeReporter( 3350): Compat change id reported: 171979766; UID 10019; state: DISABLED
06-17 18:45:56.861 V/GraphicsEnvironment( 3350): ANGLE Developer option for 'com.android.documentsui' set to: 'default'
06-17 18:45:56.862 V/GraphicsEnvironment( 3350): ANGLE GameManagerService for com.android.documentsui: false
06-17 18:45:56.862 V/GraphicsEnvironment( 3350): Neither updatable production driver nor prerelease driver is supported.
06-17 18:45:56.865 D/NetworkSecurityConfig( 3350): No Network Security Config specified, using platform default
06-17 18:45:56.865 D/NetworkSecurityConfig( 3350): No Network Security Config specified, using platform default
06-17 18:45:56.908 D/AndroidRuntime( 3368): >>>>>> START com.android.internal.os.RuntimeInit uid 0 <<<<<<
06-17 18:45:56.911 I/AndroidRuntime( 3368): Using default boot image
06-17 18:45:56.911 I/AndroidRuntime( 3368): Leaving lock profiling enabled
06-17 18:45:56.912 W/app_process( 3368): ART APEX data files are untrusted.
06-17 18:45:56.912 I/app_process( 3368): Core platform API reporting enabled, enforcing=false
06-17 18:45:56.916 D/DocumentsApplication( 3350): OverlayManager.setEnabled() result: true
06-17 18:45:56.936 D/CompatibilityChangeReporter( 1936): Compat change id reported: 168419799; UID 10053; state: DISABLED
06-17 18:45:56.969 I/ActivityManager( 1936): Killing 2772:android.process.acore/u0a13 (adj 975): empty #17
06-17 18:45:56.970 I/libprocessgroup( 1936): Successfully killed process cgroup uid 10013 pid 2772 in 0ms
06-17 18:45:56.976 D/CountryDetector( 1936): No listener is left
06-17 18:45:56.977 I/Zygote  ( 1756): Process 2772 exited due to signal 9 (Killed)
06-17 18:45:56.984 I/MediaProvider( 2560): Begin Intent { act=android.intent.action.PACKAGE_DATA_CLEARED dat=package:tech.gtt.frontapp.stb.demo flg=0x1000010 cmp=com.android.providers.media.module/com.android.providers.media.MediaService (has extras) }
06-17 18:45:56.984 D/MediaProvider( 2560): Deleted 0 Android/media items belonging to tech.gtt.frontapp.stb.demo on /data/user/0/com.android.providers.media.module/databases/external.db
06-17 18:45:56.984 I/MediaProvider( 2560): End Intent { act=android.intent.action.PACKAGE_DATA_CLEARED dat=package:tech.gtt.frontapp.stb.demo flg=0x1000010 cmp=com.android.providers.media.module/com.android.providers.media.MediaService (has extras) }
06-17 18:45:57.002 D/app_process( 3368): Time zone APEX ICU file found: /apex/com.android.tzdata/etc/icu/icu_tzdata.dat
06-17 18:45:57.002 D/app_process( 3368): I18n APEX ICU file found: /apex/com.android.i18n/etc/icu/icudt68l.dat
06-17 18:45:57.007 W/app_process( 3368): Unexpected CPU variant for X86 using defaults: x86_64
06-17 18:45:57.024 D/SntpClient( 1936): request time failed: java.net.SocketTimeoutException: Poll timed out
06-17 18:45:57.030 D/ProcessState( 3368): Binder ioctl to enable oneway spam detection failed: Invalid argument
06-17 18:45:57.030 D/AndroidRuntime( 3368): Calling main entry com.android.commands.monkey.Monkey
06-17 18:45:57.031 W/Monkey  ( 3368): args: [-p, tech.gtt.frontapp.stb.demo, -c, android.intent.category.LAUNCHER, 1]
06-17 18:45:57.032 W/Monkey  ( 3368):  arg: "-p"
06-17 18:45:57.032 W/Monkey  ( 3368):  arg: "tech.gtt.frontapp.stb.demo"
06-17 18:45:57.032 W/Monkey  ( 3368):  arg: "-c"
06-17 18:45:57.032 W/Monkey  ( 3368):  arg: "android.intent.category.LAUNCHER"
06-17 18:45:57.032 W/Monkey  ( 3368):  arg: "1"
06-17 18:45:57.032 W/Monkey  ( 3368): data="tech.gtt.frontapp.stb.demo"
06-17 18:45:57.032 W/Monkey  ( 3368): data="android.intent.category.LAUNCHER"
06-17 18:45:57.077 W/BroadcastQueue( 1936): Skipping deliver [background] BroadcastRecord{5769e4 u-1 android.net.conn.CONNECTIVITY_CHANGE} to ReceiverList{1d3be4d 3368 (unknown name)/0/u-1 remote:31c0f76}: process gone or crashing
06-17 18:45:57.082 I/ActivityTaskManager( 1936): START u0 {act=android.intent.action.MAIN cat=[android.intent.category.LAUNCHER] flg=0x10200000 cmp=tech.gtt.frontapp.stb.demo/tech.gtt.frontapp.stb.m.home.activity.SplashActivity} from uid 0
06-17 18:45:57.086 W/ActivityTaskManager( 1936): Can't find TaskDisplayArea to determine support for multi window. Task id=18 attached=false
06-17 18:45:57.092 D/CompatibilityChangeReporter( 1936): Compat change id reported: 174042980; UID 10058; state: DISABLED
06-17 18:45:57.093 D/CompatibilityChangeReporter( 1936): Compat change id reported: 184838306; UID 10058; state: DISABLED
06-17 18:45:57.095 D/CompatibilityChangeReporter( 1936): Compat change id reported: 185004937; UID 10058; state: DISABLED
06-17 18:45:57.096 D/CompatibilityChangeReporter( 1936): Compat change id reported: 181136395; UID 10058; state: DISABLED
06-17 18:45:57.096 D/CompatibilityChangeReporter( 1936): Compat change id reported: 174042936; UID 10058; state: DISABLED
06-17 18:45:57.098 D/CompatibilityChangeReporter( 1936): Compat change id reported: 197654537; UID 10058; state: ENABLED
06-17 18:45:57.101 D/CompatibilityChangeReporter( 1936): Compat change id reported: 168419799; UID 10058; state: DISABLED
06-17 18:45:57.118 I/Monkey  ( 3368): Events injected: 1
06-17 18:45:57.132 D/CompatibilityChangeReporter( 1936): Compat change id reported: 135634846; UID 10058; state: DISABLED
06-17 18:45:57.134 D/CompatibilityChangeReporter( 1936): Compat change id reported: 143937733; UID 10058; state: ENABLED
06-17 18:45:57.152 I/Monkey  ( 3368): ## Network stats: elapsed time=66ms (0ms mobile, 0ms wifi, 66ms not connected)
06-17 18:45:57.168 D/Zygote  ( 1756): Forked child process 3397
06-17 18:45:57.168 I/app_process( 3368): System.exit called, status: 0
06-17 18:45:57.168 I/AndroidRuntime( 3368): VM exiting with result code 0.
06-17 18:45:57.169 I/ActivityManager( 1936): Start proc 3397:tech.gtt.frontapp.stb.demo/u0a58 for pre-top-activity {tech.gtt.frontapp.stb.demo/tech.gtt.frontapp.stb.m.home.activity.SplashActivity}
06-17 18:45:57.175 I/Zygote  ( 3397): seccomp disabled by setenforce 0
06-17 18:45:57.179 W/ontapp.stb.dem( 3397): Unexpected CPU variant for X86 using defaults: x86_64
06-17 18:45:57.186 D/ProcessState( 3397): Binder ioctl to enable oneway spam detection failed: Invalid argument
06-17 18:45:57.197 E/ashmem  ( 3397): memfd: ro.vndk.version not defined or invalid (), this is mandated since P.
06-17 18:45:57.202 D/CompatibilityChangeReporter( 3397): Compat change id reported: 171979766; UID 10058; state: ENABLED
06-17 18:45:57.213 D/gralloc_nox( 1767): gralloc_alloc: Creating ashmem region of size 8298496
06-17 18:45:57.264 D/gralloc_nox( 1767): gralloc_alloc: Creating ashmem region of size 8298496
06-17 18:45:57.349 D/gralloc_nox( 1767): gralloc_alloc: Creating ashmem region of size 8298496
06-17 18:45:57.444 V/GraphicsEnvironment( 3397): ANGLE Developer option for 'tech.gtt.frontapp.stb.demo' set to: 'default'
06-17 18:45:57.447 D/CompatibilityChangeReporter( 1936): Compat change id reported: 197654537; UID 1000; state: DISABLED
06-17 18:45:57.447 V/GraphicsEnvironment( 3397): ANGLE GameManagerService for tech.gtt.frontapp.stb.demo: false
06-17 18:45:57.448 V/GraphicsEnvironment( 3397): Neither updatable production driver nor prerelease driver is supported.
06-17 18:45:57.461 D/NetworkSecurityConfig( 3397): Using Network Security Config from resource network_security_config debugBuild: false
06-17 18:45:57.464 D/NetworkSecurityConfig( 3397): Using Network Security Config from resource network_security_config debugBuild: false
06-17 18:45:57.470 I/MultiDex( 3397): VM with version 2.1.0 has multidex support
06-17 18:45:57.470 I/MultiDex( 3397): Installing application
06-17 18:45:57.470 I/MultiDex( 3397): VM has multidex support, MultiDex support library is disabled.
06-17 18:45:57.471 E/[Package]( 3397): params: AppConfiguration(vnoId='11026504', brandId='d0k7d3p3kdikth2o3q6g', appId='d0jucrbq6bt4h33c0ma0', sourceId='30006401-31002837', authServers='https://gtt-app-apigateway-lion.vdemosit.com', shareKey='S2kQMgUSugYyMlk5QclHDaF0uDsFnB0oJoFeAFgsKb8=', packageName='tech.gtt.frontapp.stb.demo', appName='Goose TV', appVersionName='v1.0.0', appVersionCode='7', pluginVersionCode='1', pluginVersionName='6.0.0-beta-build5', packageSeq='1', buglyAppId='d76a04165f', buglyKey='13b89b2d-1c12-4c4f-93b8-46e3c2ef9f73', baseVersionCode='20000066', gitTag='2.1.4-beta6', supportLang='en,pt,es', defaultLang='en', bootLoadType='1')
06-17 18:45:57.472 W/System.err( 3397): java.lang.ClassNotFoundException: tech.gtt.frontapp.stb.docker.plugin.PluginUtils
06-17 18:45:57.472 W/System.err( 3397): 	at java.lang.Class.classForName(Native Method)
06-17 18:45:57.473 W/System.err( 3397): 	at java.lang.Class.forName(Class.java:454)
06-17 18:45:57.473 W/System.err( 3397): 	at java.lang.Class.forName(Class.java:379)
06-17 18:45:57.473 W/System.err( 3397): 	at ot.e.b(SourceFile:3)
06-17 18:45:57.473 W/System.err( 3397): 	at tech.gtt.frontapp.stb.app.MainApplication.attachBaseContext(SourceFile:130)
06-17 18:45:57.473 W/System.err( 3397): 	at android.app.Application.attach(Application.java:338)
06-17 18:45:57.473 W/System.err( 3397): 	at android.app.Instrumentation.newApplication(Instrumentation.java:1190)
06-17 18:45:57.473 W/System.err( 3397): 	at android.app.LoadedApk.makeApplication(LoadedApk.java:1361)
06-17 18:45:57.473 W/System.err( 3397): 	at android.app.ActivityThread.handleBindApplication(ActivityThread.java:6728)
06-17 18:45:57.473 W/System.err( 3397): 	at android.app.ActivityThread.access$1500(ActivityThread.java:256)
06-17 18:45:57.473 W/System.err( 3397): 	at android.app.ActivityThread$H.handleMessage(ActivityThread.java:2091)
06-17 18:45:57.473 W/System.err( 3397): 	at android.os.Handler.dispatchMessage(Handler.java:106)
06-17 18:45:57.473 W/System.err( 3397): 	at android.os.Looper.loopOnce(Looper.java:201)
06-17 18:45:57.473 W/System.err( 3397): 	at android.os.Looper.loop(Looper.java:288)
06-17 18:45:57.473 W/System.err( 3397): 	at android.app.ActivityThread.main(ActivityThread.java:7875)
06-17 18:45:57.473 W/System.err( 3397): 	at java.lang.reflect.Method.invoke(Native Method)
06-17 18:45:57.473 W/System.err( 3397): 	at com.android.internal.os.RuntimeInit$MethodAndArgsCaller.run(RuntimeInit.java:568)
06-17 18:45:57.473 W/System.err( 3397): 	at com.android.internal.os.ZygoteInit.main(ZygoteInit.java:1005)
06-17 18:45:57.473 W/System.err( 3397): Caused by: java.lang.ClassNotFoundException: tech.gtt.frontapp.stb.docker.plugin.PluginUtils
06-17 18:45:57.473 W/System.err( 3397): 	... 18 more
06-17 18:45:57.474 E/[Package]( 3397): isInPluginMode: false
06-17 18:45:57.481 I/CustomActivityOnCrash( 3397): CustomActivityOnCrash has been installed.
06-17 18:45:57.484 I/System.out( 3397): Modular_Init : a - initialize
06-17 18:45:57.488 I/System.out( 3397): Modular_Init : d - initialize
06-17 18:45:57.493 I/System.out( 3397): Modular_Init : a - initialize
06-17 18:45:57.496 I/System.out( 3397): Modular_Init : a - initialize
06-17 18:45:57.496 D/[CatchupInitModule]( 3397): init---
06-17 18:45:57.497 I/System.out( 3397): Modular_Init : a - initialize
06-17 18:45:57.498 D/[ReplayInitialize]( 3397): init---
06-17 18:45:57.498 I/System.out( 3397): Modular_Init : a - initialize
06-17 18:45:57.498 D/[LiveInitialize]( 3397): init---
06-17 18:45:57.499 I/System.out( 3397): Modular_Init : b - initialize
06-17 18:45:57.502 D/AndroidAutoSize( 3397): designWidthInDp = 1920, designHeightInDp = 1080, screenWidth = 1920, screenHeight = 1080
06-17 18:45:57.502 D/AndroidAutoSize( 3397): initDensity = 2.0, initScaledDensity = 2.0
06-17 18:45:57.555 D/AndroidAutoSize( 3397): tech.gtt.frontapp.stb.m.home.activity.SplashActivity used the global configuration.
06-17 18:45:57.574 D/AndroidAutoSize( 3397): The tech.gtt.frontapp.stb.m.home.activity.SplashActivity has been adapted! 
06-17 18:45:57.574 D/AndroidAutoSize( 3397): SplashActivity Info: isBaseOnWidth = true, designWidthInDp = 1920.000000, designWidthInSubunits = 1920.000000, targetDensity = 1.000000, targetScaledDensity = 1.000000, targetDensityDpi = 160, targetXdpi = 1.000000, targetScreenWidthDp = 1920, targetScreenHeightDp = 1032
06-17 18:45:57.666 D/AndroidAutoSize( 3397): tech.gtt.frontapp.stb.m.home.activity.SplashActivity used the global configuration.
06-17 18:45:57.667 D/AndroidAutoSize( 3397): The tech.gtt.frontapp.stb.m.home.activity.SplashActivity has been adapted! 
06-17 18:45:57.667 D/AndroidAutoSize( 3397): SplashActivity Info: isBaseOnWidth = true, designWidthInDp = 1920.000000, designWidthInSubunits = 1920.000000, targetDensity = 1.000000, targetScaledDensity = 1.000000, targetDensityDpi = 160, targetXdpi = 1.000000, targetScreenWidthDp = 1920, targetScreenHeightDp = 1032
06-17 18:45:57.673 I/ActivityTaskManager( 1936): START u0 {act=android.content.pm.action.REQUEST_PERMISSIONS pkg=com.android.permissioncontroller cmp=com.android.permissioncontroller/.permission.ui.GrantPermissionsActivity (has extras)} from uid 10058
06-17 18:45:57.676 D/CompatibilityChangeReporter( 1936): Compat change id reported: 174042980; UID 10053; state: DISABLED
06-17 18:45:57.676 D/CompatibilityChangeReporter( 1936): Compat change id reported: 184838306; UID 10053; state: DISABLED
06-17 18:45:57.676 D/CompatibilityChangeReporter( 1936): Compat change id reported: 185004937; UID 10053; state: DISABLED
06-17 18:45:57.676 D/CompatibilityChangeReporter( 1936): Compat change id reported: 181136395; UID 10053; state: DISABLED
06-17 18:45:57.677 D/CompatibilityChangeReporter( 1936): Compat change id reported: 174042936; UID 10053; state: DISABLED
06-17 18:45:57.702 W/ServiceManager( 1779): Permission failure: android.permission.ACCESS_SURFACE_FLINGER from uid=10058 pid=3397
06-17 18:45:57.702 D/PermissionCache( 1779): checking android.permission.ACCESS_SURFACE_FLINGER for uid=10058 => denied (521 us)
06-17 18:45:57.702 W/ServiceManager( 1779): Permission failure: android.permission.ROTATE_SURFACE_FLINGER from uid=10058 pid=3397
06-17 18:45:57.702 D/PermissionCache( 1779): checking android.permission.ROTATE_SURFACE_FLINGER for uid=10058 => denied (131 us)
06-17 18:45:57.706 D/ontapp.stb.dem( 3397): createUnique: call
06-17 18:45:57.715 D/ontapp.stb.dem( 3397): HostComposition ext GL_OES_EGL_image GL_OES_EGL_image_external GL_OES_depth24 GL_OES_depth32 GL_OES_element_index_uint GL_OES_texture_float GL_OES_texture_float_linear GL_OES_compressed_paletted_texture GL_OES_compressed_ETC1_RGB8_texture GL_OES_depth_texture GL_EXT_texture_format_BGRA8888 GL_APPLE_texture_format_BGRA8888 GL_OES_texture_half_float GL_EXT_robustness GL_OES_texture_half_float_linear GL_OES_packed_depth_stencil GL_OES_vertex_half_float GL_OES_texture_npot GL_OES_rgb8_rgba8 GL_EXT_color_buffer_float GL_EXT_texture_sRGB_decode ANDROID_gles_max_version_3_1 GL_OES_vertex_array_object GL_EXT_texture_buffer GL_EXT_copy_image GL_KHR_texture_compression_astc_ldr GL_KHR_texture_compression_astc_hdr GL_OES_texture_compression_astc GL_OES_EGL_image_external
06-17 18:45:57.716 D/hw-ProcessState( 3397): Binder ioctl to enable oneway spam detection failed: Invalid argument
06-17 18:45:57.717 W/OpenGLRenderer( 3397): Failed to initialize 101010-2 format, error = EGL_SUCCESS
06-17 18:45:57.717 D/EGL_emulation( 3397): rcCreateContext wated version 2.0  rc:4
06-17 18:45:57.736 D/EGL_emulation( 3397): eglMakeCurrent: 0x74841c045bb0: ver 3 2 (tinfo 0x74839c04cdb0) (first time)
06-17 18:45:57.745 D/ProcessState( 3441): Binder ioctl to enable oneway spam detection failed: Invalid argument
06-17 18:45:57.746 E/HWComposer( 1779): getSupportedContentTypes: getSupportedContentTypes failed for display 0: Unsupported (8)
06-17 18:45:57.746 I/hwservicemanager( 1567): getTransport: Cannot find entry android.hardware.graphics.mapper@4.0::IMapper/default in either framework or device VINTF manifest.
06-17 18:45:57.746 I/Gralloc4( 3397): mapper 4.x is not supported
06-17 18:45:57.746 I/hwservicemanager( 1567): getTransport: Cannot find entry android.hardware.graphics.mapper@3.0::IMapper/default in either framework or device VINTF manifest.
06-17 18:45:57.747 W/Gralloc3( 3397): mapper 3.x is not supported
06-17 18:45:57.748 I/hwservicemanager( 1567): getTransport: Cannot find entry android.hardware.graphics.allocator@4.0::IAllocator/default in either framework or device VINTF manifest.
06-17 18:45:57.748 W/Gralloc4( 3397): allocator 4.x is not supported
06-17 18:45:57.748 I/hwservicemanager( 1567): getTransport: Cannot find entry android.hardware.graphics.allocator@3.0::IAllocator/default in either framework or device VINTF manifest.
06-17 18:45:57.748 W/Gralloc3( 3397): allocator 3.x is not supported
06-17 18:45:57.749 D/gralloc_nox( 1767): gralloc_alloc: Creating ashmem region of size 8298496
06-17 18:45:57.754 D/CompatibilityChangeReporter( 1936): Compat change id reported: 168419799; UID 1000; state: DISABLED
06-17 18:45:57.782 D/ontapp.stb.dem( 3397): createUnique: call
06-17 18:45:57.783 D/ontapp.stb.dem( 3397): HostComposition ext GL_OES_EGL_image GL_OES_EGL_image_external GL_OES_depth24 GL_OES_depth32 GL_OES_element_index_uint GL_OES_texture_float GL_OES_texture_float_linear GL_OES_compressed_paletted_texture GL_OES_compressed_ETC1_RGB8_texture GL_OES_depth_texture GL_EXT_texture_format_BGRA8888 GL_APPLE_texture_format_BGRA8888 GL_OES_texture_half_float GL_EXT_robustness GL_OES_texture_half_float_linear GL_OES_packed_depth_stencil GL_OES_vertex_half_float GL_OES_texture_npot GL_OES_rgb8_rgba8 GL_EXT_color_buffer_float GL_EXT_texture_sRGB_decode ANDROID_gles_max_version_3_1 GL_OES_vertex_array_object GL_EXT_texture_buffer GL_EXT_copy_image GL_KHR_texture_compression_astc_ldr GL_KHR_texture_compression_astc_hdr GL_OES_texture_compression_astc GL_OES_EGL_image_external
06-17 18:45:57.784 D/gralloc_nox( 1767): gralloc_alloc: Creating ashmem region of size 8298496
06-17 18:45:57.821 D/gralloc_nox( 1767): gralloc_alloc: Creating ashmem region of size 8298496
06-17 18:45:57.895 E/libEGL  ( 3397): called unimplemented OpenGL ES API
06-17 18:45:58.053 D/CompatibilityChangeReporter( 2624): Compat change id reported: 171228096; UID 10053; state: ENABLED
06-17 18:45:58.068 E/libEGL  ( 2106): called unimplemented OpenGL ES API
06-17 18:45:58.186 W/ServiceManager( 1779): Permission failure: android.permission.ACCESS_SURFACE_FLINGER from uid=10053 pid=2624
06-17 18:45:58.186 D/PermissionCache( 1779): checking android.permission.ACCESS_SURFACE_FLINGER for uid=10053 => denied (858 us)
06-17 18:45:58.187 W/ServiceManager( 1779): Permission failure: android.permission.ROTATE_SURFACE_FLINGER from uid=10053 pid=2624
06-17 18:45:58.187 D/PermissionCache( 1779): checking android.permission.ROTATE_SURFACE_FLINGER for uid=10053 => denied (775 us)
06-17 18:45:58.215 I/ActivityTaskManager( 1936): Displayed com.android.permissioncontroller/.permission.ui.GrantPermissionsActivity: +1s125ms
06-17 18:45:58.223 D/ProcessState( 3454): Binder ioctl to enable oneway spam detection failed: Invalid argument
06-17 18:45:58.243 W/InputManager-JNI( 1936): Input channel object 'fafde75 Splash Screen tech.gtt.frontapp.stb.demo (client)' was disposed without first being removed with the input manager!
06-17 18:45:58.313 D/hw-ProcessState( 2624): Binder ioctl to enable oneway spam detection failed: Invalid argument
06-17 18:45:58.314 I/hwservicemanager( 1567): getTransport: Cannot find entry android.hardware.graphics.mapper@4.0::IMapper/default in either framework or device VINTF manifest.
06-17 18:45:58.314 I/Gralloc4( 2624): mapper 4.x is not supported
06-17 18:45:58.315 I/hwservicemanager( 1567): getTransport: Cannot find entry android.hardware.graphics.mapper@3.0::IMapper/default in either framework or device VINTF manifest.
06-17 18:45:58.315 W/Gralloc3( 2624): mapper 3.x is not supported
06-17 18:45:58.317 I/hwservicemanager( 1567): getTransport: Cannot find entry android.hardware.graphics.allocator@4.0::IAllocator/default in either framework or device VINTF manifest.
06-17 18:45:58.317 W/Gralloc4( 2624): allocator 4.x is not supported
06-17 18:45:58.317 I/hwservicemanager( 1567): getTransport: Cannot find entry android.hardware.graphics.allocator@3.0::IAllocator/default in either framework or device VINTF manifest.
06-17 18:45:58.317 W/Gralloc3( 2624): allocator 3.x is not supported
06-17 18:45:58.317 D/gralloc_nox( 1767): gralloc_alloc: Creating ashmem region of size 5496832
06-17 18:45:58.389 D/ssioncontrolle( 2624): createUnique: call
06-17 18:45:58.401 D/ssioncontrolle( 2624): HostComposition ext GL_OES_EGL_image GL_OES_EGL_image_external GL_OES_depth24 GL_OES_depth32 GL_OES_element_index_uint GL_OES_texture_float GL_OES_texture_float_linear GL_OES_compressed_paletted_texture GL_OES_compressed_ETC1_RGB8_texture GL_OES_depth_texture GL_EXT_texture_format_BGRA8888 GL_APPLE_texture_format_BGRA8888 GL_OES_texture_half_float GL_EXT_robustness GL_OES_texture_half_float_linear GL_OES_packed_depth_stencil GL_OES_vertex_half_float GL_OES_texture_npot GL_OES_rgb8_rgba8 GL_EXT_color_buffer_float GL_EXT_texture_sRGB_decode ANDROID_gles_max_version_3_1 GL_OES_vertex_array_object GL_EXT_texture_buffer GL_EXT_copy_image GL_KHR_texture_compression_astc_ldr GL_KHR_texture_compression_astc_hdr GL_OES_texture_compression_astc GL_OES_EGL_image_external
06-17 18:45:58.501 D/gralloc_nox( 1767): gralloc_alloc: Creating ashmem region of size 5496832
06-17 18:45:58.701 D/gralloc_nox( 1767): gralloc_alloc: Creating ashmem region of size 5496832
06-17 18:45:59.599 W/adbd    ( 1785): timeout expired while flushing socket, closing
06-17 18:45:59.610 V/UiAutomationManager( 1936): UiAutomation service owner died
06-17 18:45:59.620 D/BatterySaverPolicy( 1936): accessibility changed to false, updating policy.
06-17 18:46:00.119 E/TaskPersister( 1936): File error accessing recents directory (directory doesn't exist?).
06-17 18:46:00.189 E/adbd    ( 1785): failed to connect to socket 'tcp:9008': Connection refused
06-17 18:46:00.197 E/adbd    ( 1785): failed to connect to socket 'tcp:9008': Connection refused
06-17 18:46:00.257 E/adbd    ( 1785): failed to connect to socket 'tcp:9008': Connection refused
06-17 18:46:00.275 E/adbd    ( 1785): failed to connect to socket 'tcp:9008': Connection refused
06-17 18:46:00.396 D/AndroidRuntime( 3463): >>>>>> START com.android.internal.os.RuntimeInit uid 0 <<<<<<
06-17 18:46:00.400 I/AndroidRuntime( 3463): Using default boot image
06-17 18:46:00.400 I/AndroidRuntime( 3463): Leaving lock profiling enabled
06-17 18:46:00.401 W/app_process( 3463): ART APEX data files are untrusted.
06-17 18:46:00.401 I/app_process( 3463): Core platform API reporting enabled, enforcing=false
06-17 18:46:00.453 D/app_process( 3463): Time zone APEX ICU file found: /apex/com.android.tzdata/etc/icu/icu_tzdata.dat
06-17 18:46:00.453 D/app_process( 3463): I18n APEX ICU file found: /apex/com.android.i18n/etc/icu/icudt68l.dat
06-17 18:46:00.460 W/app_process( 3463): Unexpected CPU variant for X86 using defaults: x86_64
06-17 18:46:00.513 D/ProcessState( 3463): Binder ioctl to enable oneway spam detection failed: Invalid argument
06-17 18:46:00.514 D/AndroidRuntime( 3463): Calling main entry com.wetest.uia2.Main
06-17 18:46:00.514 I/uidumper( 3463): [UiAutomator2Server] Starting Server
06-17 18:46:00.565 I/UiDevice( 3463): Creating a new instance, old instance exists: false
06-17 18:46:00.574 D/BatterySaverPolicy( 1936): accessibility changed to true, updating policy.
06-17 18:46:00.575 V/UiAutomation( 3463): Init UiAutomation@b9e1d07[id=2, flags=0]
06-17 18:46:00.576 D/UiDevice( 3463): Setting accessibility service flags: 65618
06-17 18:46:00.585 D/UiDevice( 3463): Turning on screen.
06-17 18:46:00.589 W/Java7Support( 3463): Unable to load JDK7 types (annotations, java.nio.file.Path): no Java7 support added
06-17 18:46:00.598 I/uidumper( 3463): clipboardManager inited
06-17 18:46:00.601 I/uidumper( 3463): tmpdir is /data/local/tmp/u2
06-17 18:46:00.614 I/uidumper( 3463): http server listening on *:9008
06-17 18:46:00.802 D/UIAutomatorStub( 3463): URI: /ping, Method: GET, params, {NanoHttpd.QUERY_STRING=null}, files: {}
06-17 18:46:00.831 D/UIAutomatorStub( 3463): URI: /jsonrpc/0, Method: POST, params, {NanoHttpd.QUERY_STRING=null}, files: {postData={"jsonrpc": "2.0", "id": 1, "method": "count", "params": [{"mask": 2097152, "childOrSibling": [], "childOrSiblingSelector": [], "resourceId": "com.android.permissioncontroller:id/permission_allow_button"}]}}
06-17 18:46:00.840 D/UiObject( 3463): Waiting 0ms for UiSelector[RESOURCE_ID=com.android.permissioncontroller:id/permission_allow_button].
06-17 18:46:00.841 W/QueryController( 3463): Could not detect idle state.
06-17 18:46:00.850 I/QueryController( 3463): Matched selector: UiSelector[RESOURCE_ID=com.android.permissioncontroller:id/permission_allow_button] <<==>> [android.view.accessibility.AccessibilityNodeInfo@b7e2; boundsInParent: Rect(0, 0 - 992, 112); boundsInScreen: Rect(464, 557 - 1456, 669); packageName: com.android.permissioncontroller; className: android.widget.Button; text: 允许; error: null; maxTextLength: -1; stateDescription: null; contentDescription: null; tooltipText: null; viewIdResName: com.android.permissioncontroller:id/permission_allow_button; checkable: false; checked: false; focusable: true; focused: false; selected: false; clickable: true; longClickable: false; contextClickable: false; enabled: true; password: false; scrollable: false; importantForAccessibility: true; visible: true; actions: [AccessibilityAction: ACTION_FOCUS - null, AccessibilityAction: ACTION_SELECT - null, AccessibilityAction: ACTION_CLEAR_SELECTION - null, AccessibilityAction: ACTION_CLICK - null, AccessibilityAction: ACTION_ACCESSIBILITY_FOCUS - null, AccessibilityAction: ACTION_NEXT_AT_MOVEMENT_GRANULARITY - null, AccessibilityAction: ACTION_PREVIOUS_AT_MOVEMENT_GRANULARITY - null, AccessibilityAction: ACTION_SET_SELECTION - null, AccessibilityAction: ACTION_SHOW_ON_SCREEN - null]]
06-17 18:46:00.851 D/UiObject( 3463): Waiting 0ms for UiSelector[INSTANCE=1, RESOURCE_ID=com.android.permissioncontroller:id/permission_allow_button].
06-17 18:46:00.852 W/QueryController( 3463): Could not detect idle state.
06-17 18:46:00.886 D/UIAutomatorStub( 3463): URI: /jsonrpc/0, Method: POST, params, {NanoHttpd.QUERY_STRING=null}, files: {postData={"jsonrpc": "2.0", "id": 1, "method": "waitForExists", "params": [{"mask": 2097152, "childOrSibling": [], "childOrSiblingSelector": [], "resourceId": "com.android.permissioncontroller:id/permission_allow_button"}, 20000]}}
06-17 18:46:00.887 D/UiDevice( 3463): Waiting 20000ms for SearchCondition[hasObject=BySelector [RES='\Qcom.android.permissioncontroller:id/permission_allow_button\E']].
06-17 18:46:00.887 D/UiDevice( 3463): Searching for node with selector: BySelector [RES='\Qcom.android.permissioncontroller:id/permission_allow_button\E'].
06-17 18:46:00.889 W/QueryController( 3463): Could not detect idle state.
06-17 18:46:00.936 D/UIAutomatorStub( 3463): URI: /jsonrpc/0, Method: POST, params, {NanoHttpd.QUERY_STRING=null}, files: {postData={"jsonrpc": "2.0", "id": 1, "method": "objInfo", "params": [{"mask": 2097152, "childOrSibling": [], "childOrSiblingSelector": [], "resourceId": "com.android.permissioncontroller:id/permission_allow_button"}]}}
06-17 18:46:00.937 D/UiDevice( 3463): Retrieving node with selector: BySelector [RES='\Qcom.android.permissioncontroller:id/permission_allow_button\E'].
06-17 18:46:00.937 W/QueryController( 3463): Could not detect idle state.
06-17 18:46:00.946 W/QueryController( 3463): Could not detect idle state.
06-17 18:46:00.949 W/QueryController( 3463): Could not detect idle state.
06-17 18:46:00.951 W/QueryController( 3463): Could not detect idle state.
06-17 18:46:00.952 W/QueryController( 3463): Could not detect idle state.
06-17 18:46:00.952 W/QueryController( 3463): Could not detect idle state.
06-17 18:46:00.953 W/QueryController( 3463): Could not detect idle state.
06-17 18:46:00.954 W/QueryController( 3463): Could not detect idle state.
06-17 18:46:00.956 W/QueryController( 3463): Could not detect idle state.
06-17 18:46:00.957 W/QueryController( 3463): Could not detect idle state.
06-17 18:46:00.959 W/QueryController( 3463): Could not detect idle state.
06-17 18:46:00.962 W/QueryController( 3463): Could not detect idle state.
06-17 18:46:00.966 W/QueryController( 3463): Could not detect idle state.
06-17 18:46:00.967 W/QueryController( 3463): Could not detect idle state.
06-17 18:46:00.968 W/QueryController( 3463): Could not detect idle state.
06-17 18:46:00.969 W/QueryController( 3463): Could not detect idle state.
06-17 18:46:00.970 W/QueryController( 3463): Could not detect idle state.
06-17 18:46:00.971 W/QueryController( 3463): Could not detect idle state.
06-17 18:46:01.009 D/UIAutomatorStub( 3463): URI: /jsonrpc/0, Method: POST, params, {NanoHttpd.QUERY_STRING=null}, files: {postData={"jsonrpc": "2.0", "id": 1, "method": "click", "params": [960.0, 613.0]}}
06-17 18:46:01.237 V/GrantPermissionsViewModel( 2624): Logged buttons presented and clicked permissionGroupName=android.permission-group.STORAGE uid=10058 selectedLocations=0 package=tech.gtt.frontapp.stb.demo presentedButtons=9 clickedButton=1 sessionId=-6535554806503763583 targetSdk=35
06-17 18:46:01.239 W/AudioFlinger( 1776): createTrack_l(): mismatch between requested flags (00000004) and output flags (00000002)
06-17 18:46:01.242 D/AF::TrackHandle( 1776): OpPlayAudio: track:55 usage:13 not muted
06-17 18:46:01.244 I/MediaProvider( 2560): Invalidating LocalCallingIdentity cache for package tech.gtt.frontapp.stb.demo. Reason: op android:read_external_storage
06-17 18:46:01.246 V/GrantPermissionsViewModel( 2624): Permission grant result requestId=-6535554806503763583 callingUid=10058 callingPackage=tech.gtt.frontapp.stb.demo permission=android.permission.READ_EXTERNAL_STORAGE isImplicit=false result=4
06-17 18:46:01.246 D/AudioTrack( 1936): createTrack_l(8): AUDIO_OUTPUT_FLAG_FAST denied by server; frameCount 0 -> 4146
06-17 18:46:01.251 D/gralloc_nox( 1767): gralloc_alloc: Creating ashmem region of size 8298496
06-17 18:46:01.281 D/system_server( 1936): createUnique: call
06-17 18:46:01.288 D/system_server( 1936): HostComposition ext GL_OES_EGL_image GL_OES_EGL_image_external GL_OES_depth24 GL_OES_depth32 GL_OES_element_index_uint GL_OES_texture_float GL_OES_texture_float_linear GL_OES_compressed_paletted_texture GL_OES_compressed_ETC1_RGB8_texture GL_OES_depth_texture GL_EXT_texture_format_BGRA8888 GL_APPLE_texture_format_BGRA8888 GL_OES_texture_half_float GL_EXT_robustness GL_OES_texture_half_float_linear GL_OES_packed_depth_stencil GL_OES_vertex_half_float GL_OES_texture_npot GL_OES_rgb8_rgba8 GL_EXT_color_buffer_float GL_EXT_texture_sRGB_decode ANDROID_gles_max_version_3_1 GL_OES_vertex_array_object GL_EXT_texture_buffer GL_EXT_copy_image GL_KHR_texture_compression_astc_ldr GL_KHR_texture_compression_astc_hdr GL_OES_texture_compression_astc GL_OES_EGL_image_external
06-17 18:46:01.291 W/OpenGLRenderer( 1936): Failed to initialize 101010-2 format, error = EGL_SUCCESS
06-17 18:46:01.291 D/EGL_emulation( 1936): rcCreateContext wated version 2.0  rc:4
06-17 18:46:01.295 E/ashmem  ( 1759): memfd: ro.vndk.version not defined or invalid (), this is mandated since P.
06-17 18:46:01.297 E/android.hardware.audio.service( 1759): pcm_open called create stream faild
06-17 18:46:01.341 D/EGL_emulation( 1936): eglMakeCurrent: 0x74841c05bd30: ver 3 2 (tinfo 0x74839c0d5700) (first time)
06-17 18:46:01.373 W/System  ( 2106): A resource failed to call close. 
06-17 18:46:01.535 D/CompatibilityChangeReporter( 3397): Compat change id reported: 78294732; UID 10058; state: ENABLED
06-17 18:46:01.537 I/b       ( 3397): freeSpace : 116666MB
06-17 18:46:01.649 D/ProcessState( 3495): Binder ioctl to enable oneway spam detection failed: Invalid argument
06-17 18:46:01.715 D/ConnectivityService( 1936): NetReassign [no changes]
06-17 18:46:01.732 V/GSK     ( 3397): StorageServiceImpl initialization() executed in 1 ms.
06-17 18:46:01.732 V/GSK     ( 3397): SecurityServiceImpl initialization() executed in 0 ms.
06-17 18:46:01.811 W/System.err( 3397): SLF4J(W): No SLF4J providers were found.
06-17 18:46:01.811 W/System.err( 3397): SLF4J(W): Defaulting to no-operation (NOP) logger implementation
06-17 18:46:01.811 W/System.err( 3397): SLF4J(W): See https://www.slf4j.org/codes.html#noProviders for further details.
06-17 18:46:01.832 W/InputManager-JNI( 1936): Input channel object '59a444b com.android.permissioncontroller/com.android.permissioncontroller.permission.ui.GrantPermissionsActivity (client)' was disposed without first being removed with the input manager!
06-17 18:46:01.859 W/SurfaceFlinger( 1779): couldn't log to binary event log: overflow.
06-17 18:46:01.861 W/System.err( 3397): kotlinx.serialization.json.internal.JsonDecodingException: Expected start of the object '{', but had 'EOF' instead at path: $
06-17 18:46:01.861 W/System.err( 3397): JSON input: 
06-17 18:46:01.861 W/System.err( 3397): 	at kotlinx.serialization.json.internal.JsonExceptionsKt.JsonDecodingException(SourceFile:1)
06-17 18:46:01.861 W/System.err( 3397): 	at kotlinx.serialization.json.internal.JsonExceptionsKt.JsonDecodingException(SourceFile:2)
06-17 18:46:01.861 W/System.err( 3397): 	at kotlinx.serialization.json.internal.AbstractJsonLexer.fail(SourceFile:52)
06-17 18:46:01.861 W/System.err( 3397): 	at kotlinx.serialization.json.internal.AbstractJsonLexer.fail$default(SourceFile:15)
06-17 18:46:01.861 W/System.err( 3397): 	at kotlinx.serialization.json.internal.AbstractJsonLexer.unexpectedToken(SourceFile:103)
06-17 18:46:01.861 W/System.err( 3397): 	at kotlinx.serialization.json.internal.StringJsonLexer.consumeNextToken(SourceFile:16)
06-17 18:46:01.861 W/System.err( 3397): 	at kotlinx.serialization.json.internal.StreamingJsonDecoder.beginStructure(SourceFile:23)
06-17 18:46:01.862 W/System.err( 3397): 	at tech.gtt.frontapp.servicesdk.common.service.utility.apis.e2ee.E2eeConfigResponse$$serializer.deserialize(SourceFile:2)
06-17 18:46:01.862 W/System.err( 3397): 	at tech.gtt.frontapp.servicesdk.common.service.utility.apis.e2ee.E2eeConfigResponse$$serializer.deserialize(SourceFile:1)
06-17 18:46:01.862 W/System.err( 3397): 	at kotlinx.serialization.json.internal.StreamingJsonDecoder.decodeSerializableValue(SourceFile:320)
06-17 18:46:01.862 W/System.err( 3397): 	at kotlinx.serialization.json.Json.decodeFromString(SourceFile:3)
06-17 18:46:01.862 W/System.err( 3397): 	at tech.gtt.frontapp.servicesdk.common.service.utility.apis.e2ee.E2eeManager.syncE2eeConfig(SourceFile:74)
06-17 18:46:01.862 W/System.err( 3397): 	at tech.gtt.frontapp.servicesdk.common.service.utility.apis.ApiUtilServiceImpl.onServiceInit(SourceFile:228)
06-17 18:46:01.862 W/System.err( 3397): 	at tech.gtt.frontapp.servicesdk.common.core.ServiceSDKImpl.executeServiceInitialize(SourceFile:372)
06-17 18:46:01.862 W/System.err( 3397): 	at tech.gtt.frontapp.servicesdk.common.core.ServiceSDKImpl.access$executeServiceInitialize(SourceFile:1)
06-17 18:46:01.862 W/System.err( 3397): 	at tech.gtt.frontapp.servicesdk.common.core.ServiceSDKImpl$init$1.invokeSuspend(SourceFile:178)
06-17 18:46:01.862 W/System.err( 3397): 	at tech.gtt.frontapp.servicesdk.common.core.ServiceSDKImpl$init$1.invoke(SourceFile:2)
06-17 18:46:01.862 W/System.err( 3397): 	at tech.gtt.frontapp.servicesdk.common.core.ServiceSDKImpl$init$1.invoke(SourceFile:1)
06-17 18:46:01.862 W/System.err( 3397): 	at kotlinx.coroutines.flow.SafeFlow.collectSafely(SourceFile:3)
06-17 18:46:01.862 W/System.err( 3397): 	at kotlinx.coroutines.flow.AbstractFlow.collect(SourceFile:70)
06-17 18:46:01.862 W/System.err( 3397): 	at tech.gtt.frontapp.servicesdk.common.core.SDKSetup$build$1.invokeSuspend(SourceFile:42)
06-17 18:46:01.862 W/System.err( 3397): 	at tech.gtt.frontapp.servicesdk.common.core.SDKSetup$build$1.invoke(SourceFile:2)
06-17 18:46:01.862 W/System.err( 3397): 	at tech.gtt.frontapp.servicesdk.common.core.SDKSetup$build$1.invoke(SourceFile:1)
06-17 18:46:01.862 W/System.err( 3397): 	at tech.gtt.frontapp.servicesdk.common.core.Scheduler$scheduleDirect$1.invokeSuspend(SourceFile:61)
06-17 18:46:01.862 W/System.err( 3397): 	at lh.a.resumeWith(SourceFile:14)
06-17 18:46:01.862 W/System.err( 3397): 	at kotlinx.coroutines.DispatchedTask.run(SourceFile:123)
06-17 18:46:01.862 W/System.err( 3397): 	at kotlinx.coroutines.internal.LimitedDispatcher$Worker.run(SourceFile:4)
06-17 18:46:01.862 W/System.err( 3397): 	at kotlinx.coroutines.scheduling.TaskImpl.run(SourceFile:3)
06-17 18:46:01.862 W/System.err( 3397): 	at kotlinx.coroutines.scheduling.CoroutineScheduler.runSafely(SourceFile:1)
06-17 18:46:01.862 W/System.err( 3397): 	at kotlinx.coroutines.scheduling.CoroutineScheduler$Worker.executeTask(SourceFile:34)
06-17 18:46:01.862 W/System.err( 3397): 	at kotlinx.coroutines.scheduling.CoroutineScheduler$Worker.runWorker(SourceFile:29)
06-17 18:46:01.862 W/System.err( 3397): 	at kotlinx.coroutines.scheduling.CoroutineScheduler$Worker.run(SourceFile:1)
06-17 18:46:01.873 W/System.err( 3397): java.io.FileNotFoundException: sys/class/sunxi_info/sys_info: open failed: ENOENT (No such file or directory)
06-17 18:46:01.873 W/System.err( 3397): 	at libcore.io.IoBridge.open(IoBridge.java:575)
06-17 18:46:01.873 W/System.err( 3397): 	at java.io.FileInputStream.<init>(FileInputStream.java:160)
06-17 18:46:01.873 W/System.err( 3397): 	at java.io.FileInputStream.<init>(FileInputStream.java:115)
06-17 18:46:01.873 W/System.err( 3397): 	at ip.b.b(SourceFile:5)
06-17 18:46:01.873 W/System.err( 3397): 	at ip.b.a(SourceFile:155)
06-17 18:46:01.873 W/System.err( 3397): 	at ip.a.invoke(SourceFile:589)
06-17 18:46:01.874 W/System.err( 3397): 	at dh.v.getValue(SourceFile:21)
06-17 18:46:01.874 W/System.err( 3397): 	at tech.gtt.frontapp.servicesdk.common.network.interceptor.params.ApiDeviceParams.handleFixedParams(SourceFile:52)
06-17 18:46:01.874 W/System.err( 3397): 	at tech.gtt.frontapp.servicesdk.common.service.utility.apis.IParamsGetter.toMaps(SourceFile:87)
06-17 18:46:01.874 W/System.err( 3397): 	at tech.gtt.frontapp.servicesdk.common.network.interceptor.DefaultParamsInterceptor.onRequest(SourceFile:127)
06-17 18:46:01.874 W/System.err( 3397): 	at tech.gtt.frontapp.servicesdk.common.network.interceptor.SDKInterceptorsPluginKt$setupRequestInterception$1.invokeSuspend(SourceFile:103)
06-17 18:46:01.874 W/System.err( 3397): 	at tech.gtt.frontapp.servicesdk.common.network.interceptor.SDKInterceptorsPluginKt$setupRequestInterception$1.invoke(SourceFile:1)
06-17 18:46:01.874 W/System.err( 3397): 	at tech.gtt.frontapp.servicesdk.common.network.interceptor.SDKInterceptorsPluginKt$setupRequestInterception$1.invoke(SourceFile:2)
06-17 18:46:01.874 W/System.err( 3397): 	at io.ktor.util.pipeline.DebugPipelineContext.proceedLoop(SourceFile:86)
06-17 18:46:01.874 W/System.err( 3397): 	at io.ktor.util.pipeline.DebugPipelineContext.proceed(SourceFile:26)
06-17 18:46:01.874 W/System.err( 3397): 	at io.ktor.client.plugins.RequestError$install$1.invokeSuspend(SourceFile:47)
06-17 18:46:01.874 W/System.err( 3397): 	at io.ktor.client.plugins.RequestError$install$1.invoke(SourceFile:1)
06-17 18:46:01.874 W/System.err( 3397): 	at io.ktor.client.plugins.RequestError$install$1.invoke(SourceFile:2)
06-17 18:46:01.874 W/System.err( 3397): 	at io.ktor.util.pipeline.DebugPipelineContext.proceedLoop(SourceFile:86)
06-17 18:46:01.874 W/System.err( 3397): 	at io.ktor.util.pipeline.DebugPipelineContext.proceed(SourceFile:26)
06-17 18:46:01.874 W/System.err( 3397): 	at io.ktor.client.plugins.SetupRequestContext$install$1.invokeSuspend$proceed(SourceFile:1)
06-17 18:46:01.874 W/System.err( 3397): 	at io.ktor.client.plugins.SetupRequestContext$install$1.access$invokeSuspend$proceed(SourceFile:1)
06-17 18:46:01.874 W/System.err( 3397): 	at io.ktor.client.plugins.SetupRequestContext$install$1$1.invoke(SourceFile:2)
06-17 18:46:01.874 W/System.err( 3397): 	at io.ktor.client.plugins.SetupRequestContext$install$1$1.invoke(SourceFile:1)
06-17 18:46:01.874 W/System.err( 3397): 	at io.ktor.client.plugins.HttpRequestLifecycleKt$HttpRequestLifecycle$1$1.invokeSuspend(SourceFile:78)
06-17 18:46:01.874 W/System.err( 3397): 	at io.ktor.client.plugins.HttpRequestLifecycleKt$HttpRequestLifecycle$1$1.invoke(SourceFile:1)
06-17 18:46:01.874 W/System.err( 3397): 	at io.ktor.client.plugins.HttpRequestLifecycleKt$HttpRequestLifecycle$1$1.invoke(SourceFile:2)
06-17 18:46:01.874 W/System.err( 3397): 	at io.ktor.client.plugins.SetupRequestContext$install$1.invokeSuspend(SourceFile:42)
06-17 18:46:01.874 W/System.err( 3397): 	at io.ktor.client.plugins.SetupRequestContext$install$1.invoke(SourceFile:1)
06-17 18:46:01.874 W/System.err( 3397): 	at io.ktor.client.plugins.SetupRequestContext$install$1.invoke(SourceFile:2)
06-17 18:46:01.874 W/System.err( 3397): 	at io.ktor.util.pipeline.DebugPipelineContext.proceedLoop(SourceFile:86)
06-17 18:46:01.874 W/System.err( 3397): 	at io.ktor.util.pipeline.DebugPipelineContext.proceed(SourceFile:26)
06-17 18:46:01.874 W/System.err( 3397): 	at io.ktor.util.pipeline.DebugPipelineContext.execute$ktor_utils(SourceFile:7)
06-17 18:46:01.874 W/System.err( 3397): 	at io.ktor.util.pipeline.Pipeline.execute(SourceFile:9)
06-17 18:46:01.874 W/System.err( 3397): 	at io.ktor.client.HttpClient.execute$ktor_client_core(SourceFile:68)
06-17 18:46:01.874 W/System.err( 3397): 	at io.ktor.client.statement.HttpStatement.fetchResponse(SourceFile:90)
06-17 18:46:01.874 W/System.err( 3397): 	at io.ktor.client.statement.HttpStatement.execute(SourceFile:9)
06-17 18:46:01.874 W/System.err( 3397): 	at de.jensklingenberg.ktorfit.internal.KtorfitConverterHelper.suspendRequest(SourceFile:127)
06-17 18:46:01.874 W/System.err( 3397): 	at de.jensklingenberg.ktorfit.internal.KtorfitConverterHelper$request$1$1.invokeSuspend(SourceFile:58)
06-17 18:46:01.874 W/System.err( 3397): 	at de.jensklingenberg.ktorfit.internal.KtorfitConverterHelper$request$1$1.invoke(SourceFile:2)
06-17 18:46:01.874 W/System.err( 3397): 	at de.jensklingenberg.ktorfit.internal.KtorfitConverterHelper$request$1$1.invoke(SourceFile:1)
06-17 18:46:01.874 W/System.err( 3397): 	at de.jensklingenberg.ktorfit.converter.FlowConverterFactory$responseConverter$1$convert$1.invokeSuspend(SourceFile:84)
06-17 18:46:01.874 W/System.err( 3397): 	at de.jensklingenberg.ktorfit.converter.FlowConverterFactory$responseConverter$1$convert$1.invoke(SourceFile:2)
06-17 18:46:01.874 W/System.err( 3397): 	at de.jensklingenberg.ktorfit.converter.FlowConverterFactory$responseConverter$1$convert$1.invoke(SourceFile:1)
06-17 18:46:01.874 W/System.err( 3397): 	at kotlinx.coroutines.flow.SafeFlow.collectSafely(SourceFile:3)
06-17 18:46:01.874 W/System.err( 3397): 	at kotlinx.coroutines.flow.AbstractFlow.collect(SourceFile:70)
06-17 18:46:01.874 W/System.err( 3397): 	at kotlinx.coroutines.flow.FlowKt__MergeKt$flatMapConcat$$inlined$map$1.collect(SourceFile:10)
06-17 18:46:01.874 W/System.err( 3397): 	at kotlinx.coroutines.flow.FlowKt__MergeKt$flattenConcat$$inlined$unsafeFlow$1.collect(SourceFile:8)
06-17 18:46:01.874 W/System.err( 3397): 	at kotlinx.coroutines.flow.FlowKt__CollectKt.collect(SourceFile:1)
06-17 18:46:01.874 W/System.err( 3397): 	at kotlinx.coroutines.flow.FlowKt.collect(SourceFile:1)
06-17 18:46:01.874 W/System.err( 3397): 	at tech.gtt.frontapp.servicesdk.common.service.utility.apis.ApiUtilServiceImpl.onServiceInit(SourceFile:240)
06-17 18:46:01.874 W/System.err( 3397): 	at tech.gtt.frontapp.servicesdk.common.core.ServiceSDKImpl.executeServiceInitialize(SourceFile:372)
06-17 18:46:01.874 W/System.err( 3397): 	at tech.gtt.frontapp.servicesdk.common.core.ServiceSDKImpl.access$executeServiceInitialize(SourceFile:1)
06-17 18:46:01.874 W/System.err( 3397): 	at tech.gtt.frontapp.servicesdk.common.core.ServiceSDKImpl$init$1.invokeSuspend(SourceFile:178)
06-17 18:46:01.874 W/System.err( 3397): 	at tech.gtt.frontapp.servicesdk.common.core.ServiceSDKImpl$init$1.invoke(SourceFile:2)
06-17 18:46:01.874 W/System.err( 3397): 	at tech.gtt.frontapp.servicesdk.common.core.ServiceSDKImpl$init$1.invoke(SourceFile:1)
06-17 18:46:01.874 W/System.err( 3397): 	at kotlinx.coroutines.flow.SafeFlow.collectSafely(SourceFile:3)
06-17 18:46:01.875 W/System.err( 3397): 	at kotlinx.coroutines.flow.AbstractFlow.collect(SourceFile:70)
06-17 18:46:01.875 W/System.err( 3397): 	at tech.gtt.frontapp.servicesdk.common.core.SDKSetup$build$1.invokeSuspend(SourceFile:42)
06-17 18:46:01.875 W/System.err( 3397): 	at tech.gtt.frontapp.servicesdk.common.core.SDKSetup$build$1.invoke(SourceFile:2)
06-17 18:46:01.875 W/System.err( 3397): 	at tech.gtt.frontapp.servicesdk.common.core.SDKSetup$build$1.invoke(SourceFile:1)
06-17 18:46:01.875 W/System.err( 3397): 	at tech.gtt.frontapp.servicesdk.common.core.Scheduler$scheduleDirect$1.invokeSuspend(SourceFile:61)
06-17 18:46:01.875 W/System.err( 3397): 	at lh.a.resumeWith(SourceFile:14)
06-17 18:46:01.875 W/System.err( 3397): 	at kotlinx.coroutines.DispatchedTask.run(SourceFile:123)
06-17 18:46:01.875 W/System.err( 3397): 	at kotlinx.coroutines.internal.LimitedDispatcher$Worker.run(SourceFile:4)
06-17 18:46:01.875 W/System.err( 3397): 	at kotlinx.coroutines.scheduling.TaskImpl.run(SourceFile:3)
06-17 18:46:01.875 W/System.err( 3397): 	at kotlinx.coroutines.scheduling.CoroutineScheduler.runSafely(SourceFile:1)
06-17 18:46:01.875 W/System.err( 3397): 	at kotlinx.coroutines.scheduling.CoroutineScheduler$Worker.executeTask(SourceFile:34)
06-17 18:46:01.875 W/System.err( 3397): 	at kotlinx.coroutines.scheduling.CoroutineScheduler$Worker.runWorker(SourceFile:29)
06-17 18:46:01.875 W/System.err( 3397): 	at kotlinx.coroutines.scheduling.CoroutineScheduler$Worker.run(SourceFile:1)
06-17 18:46:01.875 W/System.err( 3397): Caused by: android.system.ErrnoException: open failed: ENOENT (No such file or directory)
06-17 18:46:01.875 W/System.err( 3397): 	at libcore.io.Linux.open(Native Method)
06-17 18:46:01.875 W/System.err( 3397): 	at libcore.io.ForwardingOs.open(ForwardingOs.java:567)
06-17 18:46:01.875 W/System.err( 3397): 	at libcore.io.BlockGuardOs.open(BlockGuardOs.java:273)
06-17 18:46:01.875 W/System.err( 3397): 	at libcore.io.ForwardingOs.open(ForwardingOs.java:567)
06-17 18:46:01.875 W/System.err( 3397): 	at android.app.ActivityThread$AndroidOs.open(ActivityThread.java:7761)
06-17 18:46:01.875 W/System.err( 3397): 	at libcore.io.IoBridge.open(IoBridge.java:561)
06-17 18:46:01.875 W/System.err( 3397): 	... 69 more
06-17 18:46:01.877 W/System.err( 3397): java.io.FileNotFoundException: sys/class/sunxi_info/sys_info: open failed: ENOENT (No such file or directory)
06-17 18:46:01.878 W/System.err( 3397): 	at libcore.io.IoBridge.open(IoBridge.java:575)
06-17 18:46:01.878 W/System.err( 3397): 	at java.io.FileInputStream.<init>(FileInputStream.java:160)
06-17 18:46:01.878 W/System.err( 3397): 	at java.io.FileInputStream.<init>(FileInputStream.java:115)
06-17 18:46:01.878 W/System.err( 3397): 	at ip.b.b(SourceFile:5)
06-17 18:46:01.878 W/System.err( 3397): 	at ip.b.a(SourceFile:155)
06-17 18:46:01.878 W/System.err( 3397): 	at ip.a.invoke(SourceFile:127)
06-17 18:46:01.878 W/System.err( 3397): 	at dh.v.getValue(SourceFile:21)
06-17 18:46:01.878 W/System.err( 3397): 	at tech.gtt.frontapp.servicesdk.common.network.interceptor.params.ApiDeviceParams.handleFixedParams(SourceFile:65)
06-17 18:46:01.878 W/System.err( 3397): 	at tech.gtt.frontapp.servicesdk.common.service.utility.apis.IParamsGetter.toMaps(SourceFile:87)
