06-17 18:46:04.196 V/GSK-APIS( 3397): {	payload:	z0b96hdk/ZHFahziPV9EKx1YnInRMqBZlBhpRuk8l1v0J6adClCYFhpOZPvuujF0qAwx3us/4eTGrhByAiZFEZVxtlRq8llHlv+xIw4TVHKeqsBXhUjlgmoUbN9jHA6TeALGlpxZpMIKT19wsaEU95srnr36mKS3om9ZJomh1F27irihhC9RnInQ0jTI9kd4U4zhvOpXmZsux0QBYEK9JWreqKEaqn1fwB1Fj4S9j47g0uoWfxrnuKtv1NFswOzYb2ngMneBxypINle06Kmc8XrhQe/cyp8+5IJkh5ek1Ln1Pi0O3Mbs6t7PLCgEkClgVpgNd2yifVmL55E0EQdmA7iK6nITZyfaCJXeljf+GbiNQIPgDmxMK4tIAl0bMb4AQhINeOKrmkEtm5/TTehn31bFT66K9rdlKb1JHaaacXvFcTAmJOlmwjRMc+UbmwVd/Qk4z44Up24BjJIvFNYfRszuXHtxImVxR6Q/GGBho2Eb+UIXOgLmha+ziUY5iHRC+hjOGAdmJkOj3saPSJET/IfY5HThJPV+yYD7xwPEhDDZfGAbDtqGB+xIlc5WAYf02WeBDzzKWOpDgZ6o5vJ0ZJ8ON0IH0YrIacznsu9OvAKUKl26huW/k2VVr+ssY6hrvar4Lynqhpw1HaEw3AgzOLVZb6fRnXbgVrUyStquTA0Nivvmb6qfKH1ASGKTiKrqV2+wwXLTGpzm6ddgJkRerucNw5wHxwCrBQl2rwWvzgoRY+G6CUnhbtIESZgPWgab5SCeAcbDXUpYnk6JnVBfn71Ny0JQWSiM8pWfJ2SOKVD2xwmrOOMmnVUw3WNsGjRBLtoUrrEo6KmnTHqApvTtYIBqyb+oN4dGyZ9TOPKRUkTc60D+Bw5YaUcU9nuGhJfe30XLxu3KBKDnxCiqQ2/+LVQxMT22hBZj2G88BVZdWoIerEgcdNDTQTZ+Pjun1Hw3TXidn4mpZetJIs0EXIfiEHiX3FuKloOVRPMjqs8fSflWl6RNU2MWc4qp9dxy/eW5wXtIn1g1qW7/18vkmzVbTNjo099sCxV4LlRZC+/X7c7KGmvOuCoaQHMBB3h/8plwPdT7hL7C1i4AZYdO95VaXDIDzbqecZb+pW8Oz4niPWppu0qTX+MRQ4/2ofDXvpUwrPr+MthwKykYsWPZDxjcBZLnsZOXzFw/6Gw3geDqcMIYuxTEWTjFj98D7O0fbc675hI10V1gtohm0vBRg62F1vqa+Thd9xUlh7QNuAbE0RohC+wgu4IRUDS+sBGFCVB3NNrrXNHysUly2TJsMu/ZYtH7tyHVKroU+MAWHSo6WOja0WYGYzTHcmeGW9aFDVlmt1S/Y0fMjIVssCSmJnWa+2EmSZQpgnzdond+PliXNj/iR5wV0ejDkPyZcW+nal1+AuXPBzOCGlvZ05MEhWQ/U6ROT/DqV2vGLcaOH2TpXKiqn4u7W2qhie76EIGEbMaxWCKwBAZqY4K5hiqjZq6+GCl3VYMaBztGNvnJEDj8GDeWYV+HJw49zRzeFGdkQOAhc75fcjDg3nliPXgwRSVetVT7DMEN7r0q+VNoquTubbDPrsfUdjgjkac9143p7UX+isI+/FTs73xUz7daTchI+GsqCCu6sP1pvuq3/ugwGPJy2zgFjfFFb+68G2HxqpXiSq0W8OSZRisGDBJnXDjl93ijkXRkB0gov8NI100tDNV43Adj+WNYk18954agv3/ofF0euVA9WU0uud6vQvtFXuygRFq4ogq5B2cGqgegQYSgU+5nwJJ8jECfiXWg6zptFaxaCZfuwP8TQ3kUZEMgNiY2RaSZsmJXi5YHIC0rzj6YCQo43lnlBGkE/Q251O7lkvnvPoBOcacPiJDXwo8cMjUOThgQFIrv/5TekMzZfq3Wex7TtS8jvFBnTiI/urRn+1HzT4vnyJruqZBE5vJq+L2z+LNUksQpffdeVgpLxedTIgc4nXKBcw6HyyCG5ApoeiunQhcNjjULqKtTaCk6O0gQwQN9T5Ao3CKzD7fzTZP82M2OrNVJzoWsDC9Z15kwqSvNWEleYQ41r4DVpCFrxZ/+BC1uxi6P8Fti2cL2lrn94GnJD8tR3imyPjFkGpNPnqH6SFI6cxTev82HheviD4YIq1FBxP/PmCE1+lzEY7l5lSqdWpqu3KBA8lPeMadB7VGljxYmMCmT98sd6hHMCs8Tsv1eIVSDjslJS+aGDK+DIHIS4/DH/L9hx+pbj86Tei6THe+YIdh8TMuvYESkoaCz031+e0pR6Yb3n9IEOrJE4Xg9RAwe8ojKVbvHdYOPv2cAviErSAaYAPO8JU4GhiPtv9Xu5of2GJNMxy55Am7B5ELbSynwA1GQHFcDskFv+5tc9MpMcqvObgffxkdpf7mj/LD3Y0R6Y61oAULnELZ4jUC+6RLchF47w0VtmLitODrg+otPidRaTkwV0iWcDbKbsT3xl1HDvsnLa6ubGJdLHYsUhJkfKubA+eoLsXTs8p84bU5nX9GsJdo9DgLpXzIYxP33VL3hmw+i/yyrMyILKV+jLmF776YHnd+WjpRve18cS0trPtHHXojYlx/+fTLPbFItLVAyfvObWgL172WYAJdal9A2G2sMKU8yLFj9q4KRfFvJntMSK3BG34FUwvgRl5H44/rseiMaxcaZl3StUdQ1qHWynKNzkL6KaYTA2YAxHDyRMhB7jLiifKsxZtGqw5GkcVVA2mhykksSu8m1sBuJUJwIVQQ+gNqCJAkSz0a9c4+QWYF2wmYyQTPMfA17jvYqMUor2aZqTXW54GqvGHwjAp2pVo+yNDX9yi3NbuP6ocqUNXy5f4PEY8OMn2sJjErIrQjEhHrO2aNgJZ0Ms8oG4Vo+PgQTkelE1l6OAl/Iby5SgeIKka+FpHofh3tQGy2n985Wxd773coMO2Jr294m+zSW/qvlOE63iHNS+j0GonE9KZrUJnUvuOS1M/1TN2HURef6PxSsVJqYoWM6B42dTF7gl6m5a6f7jeD3U5X+g/vU35xnIed4eTnuDFDRJRqfQfUmGhrk5mIQo4CaFthXJ2l6FSeR5vc6cpqvPGg2Z31dfh08KXVTAZJrDi3ZAuQJ1aa9DHitugMBz8kjbDkHS8HMzklM0WAnNBtDo8TvOQdCWQ27ZYNVb990jD+JaBI/BxrTEVqe5xzeFwROb2kW/0y7gkOgDCIQ6C/rQhvsmvgCAo720++tCGbauj0D7XsA2lCXHUz5k94RJoXHkpvbAyZgm9vlXYxl9CmjRJe5CBr6M97Rx045wXGda6OPnCyUwmFz85nUx8km9qgDpyJNqSM+fk78Do4WeXxK3eHAYOl0UQNuozTVQTpM9ZFApq1T2JGTg4idn+pq5NwgOCKEC4XPbcY5TQeY1S0Pq7hMXDnoA7iNXtkK+9UzaZNbn+GqivhB51/c8eG5rYWSR5QBfFWt27CEi2FBujWLC0RABiDyvNcXFyns60Rhwglh9jzgy1WDE7Na/W2/iKZo5HH6TGuz3Sm0t+wTHCDDMC4XB8rpCXiUTp364ba0e/EfgzepyDOSrTMv05fA3FLc4E0isSUS9LPM1H8MKLyQTQtzTe+bvf+URUeeMvbexXC0cHKTGaDdEQJq1N5b7gPllDhQY4XeKXQL70boQgoJxIQAb4FcxmBh5aU+fq1Hvfnj3qqI1C4KFT7ldtpDOx/CvQLuM98PrCnDW7+y0j9nT8ccGkVXPibk0WWwijpZdwIGaGyE9JwGFN3rW77JdFZhmAuQvJRcfPbRAj05uYQ4qBBvyR+8yJkj/Ry8+q9e4OpMq5QnFhgkh2YABQ12dfYLN+8N8xA+CNjzf+rbPTUU8PB9WpOn3Dlfs0Ymb48QYax2M08C4vA8oqqIuzHr57/wob/3z8YeklYxgvfzypV/CocJEMmGO7JY9onQlLggyKiAfKq5d4b3jGCmEJE5b57DX9HxZ7vUG2Z4KNE/j6b8U7lUskj360h4vXZDsgMsZJ9T8/Kfa9Td1FzjOObFtVqVIMR
06-17 18:46:04.196 V/GSK-APIS( 3397): BIhV0RLn4dwHJxtCSX7Fd0y+v8O9qukMDT5xzY0c8vNatgpI4vYjBuZcexuxuhEIG9B17dbAO07LrrtPi+OpaoltHxiorBc9f+ERjybNbF8iukIBSrYnfHPazL7b6TzwATFC1+2wzgoTMc1TzjMrmLP8/8ggOn6PyOSLtoYczd9fMn1gfdnjn+vlacspbeSVPEJoRONdDVOkFTI9UAJikeLn0NUL+E1eD2mCIRBFLPHSqdk1roWIBBnr9ni/adecq1BA8FgyFKDmuwEaid+uLrGcer0vfNmv+Ieuhorli8NJJCWtTIh7liqR5WVwhRtChr+nCapepx+jzOk813fEjKCIUt8u/HybamZw63ZSEbv09+WhYewoxd6MnTklNsfmzoZgQ5rU0T1HIvnJxY7oPf69s33CAHxAvIt5WIkusWV+gHlSpcEYiR5ifUNzPrlL1/+IuTG8N3/EOZmCX6Cd395moMGXY1jLu3pLV/Mbz8weYCUqlrjmNjnKOkefdEMvyg224dMdzloLnpyW+aOoh0JIBjKIdFVImEAl0u1h8Q2XVGyRx9zAK1fK6xaKxb3OQZlK6nTKGw+IMh/bPAOHLlvENkBapOtE8LoTLmEcS/7itONk56IALqak7KxqnXC1M5/2me2Kbn9wxirw1/OlfCFHXB4LAQjISIYYegcTmtjhk3afoSf/IgWt8Vt6MggFtITXLtsX54Clsc31NhJZV+MasJbTxDvix1kT0022oiTE6INFyORp/azRcUGT2Uw/5+cNe8prohInzzV1d5ZpzsjSFxACr0dP5e81oFCIsKZi+2oLoAXtp+x9ueu93J0QCJueJ2u7ybzYRMqj3466/yTI0OHa9nyjqifS15HUIeamJAaHifYXy4K2EJp7Xj2zqMeYf4v5SMc5vAIE5Tgsp3keu8jxWTtlpcCFpwO3RNbce4VNyE/66KOtM7qzOe9h/ohGPHxSp23EmXPNkycJSb53Q8RNlvhuGjtuMtE3OIa2/LWih+OwzdRIRVlNxndzDaZnh360LO6LuVCBv6I8inmEDcy3Pxucp46/iT82UpRGslP47kvaj4n8961l9ls4SXcy5RF5t9zOD5HzwX4W4SEvcp06LbUqGungW6ioBOFHkITAorPysNXKJef+kHaeZxhO6WPvyLWcqpd1mv2khtqWPWJp6xYnfFVIgiJins7YL7Zs5H1FqeRB3RTqKAIppuOx4j/jzyqzTaSpVgDsRjEN+RqeXkbgLWemj1LH6tUVTlBQCsgFORR/UL/BSfnYYRfQSdU158HMkCUWrqP7ea2XaHvRJc94v9uJ/aV8oPimPutuGVAagiwknJ2u5VRGxvn0ydBvFADi1dhLV6gONxvoX1OLTN9UPCFeykCVZWM+c1vMucl2MD7uk+WWO3QKVYnv4JLzX9ZAAEetoGCHdR7xhcvgLlyvQso0VHcp7vjaN20ze7Ovm8vwg+9hjEewrPH97OGnLNeaRDzktqSYKAMk+apFiHxh/CQFurtu6rqKqXgkZhDKfCdaMrLzZIECaI52iDzNY0fDj8v9/tQXz06nA4jLE4C7qI/uB/YH74B7W0Zg/pLjLVi7gNat9s2Adg8hjewAMW4RXi/XWw4K+ZbwLtb2YKFO3Hn8Y/FabmSDyUYtKEt2bGBtScniBemfn7TxTFLPiWMZk/PbDK3iLHXJ5nKwT+NacGVyPtpJeHB/w9KS1Bn3QOApLNDQX3K+uGyk+nBiruqK9Qs1Sz5CquaYbfU4R8r0bfE9Hv1i9S/RIIBAFe+k1obghT16+7kDWi3AgcmuxE6q/EXzf3cwRlTpB8xKecQzczQiDprrsmY1AHaoW0YO8W+UuXv98wlVfeQRzsZ86hO+Kj4Y36YckQhTBFNmtLbQ2F/JKTFFUcvHh7dq2WZNcbcdW9DIvvcvTZW7X3GWTUWiM3CmEqxNWmNn1wNfPrgGZ7FwdlRO23pzz9SeoK17oB69wIlyX0X7FNy6RBGxiiNIXy4RSOLjp939ZTET7U2cJjHlXyBXseL+8lrMKP6+tC/8E6JfGeeGwXAZIlADyy9oN+Ha/kyYcND7q2oE45iHTAeFmPQx5S5m9DFwnanY9UMB61vncVwnHhOT/GtrykMZawWNZ+HvVD5Diaww8Mg1W6jH+wy1c1JfBV0rsQGGzvSpGjK0icLjTAKAWcmnOtREiE5uJt+gTjX8tqU8/Wjie1mX4HujOIZgJBsEnWZQVnWjOQRfLIdLNhQ1oOUoUZsNyWYZtWVP1BHQkEJbZfamaTnIYcmiaYhlhjJkFnbV/ld6BYHbeEWss9Ir9b0x15Nb6c2CDnqD/TdIw6nGomQiwdatCCF+tmsxM42fSAOMHdTPSRHnn55ZADtdmveV+XzIurha7gduxeBcnrZ3m+JyNpZ2UpAhrhre2TBP03PRVNjdJQ5uyTNhiU3PHtlkTe+4o9zMciwJgS2gn/+Se49fLTvqf0qZM3DZ7F4UiOUM5HaekKlxkgdcqjrmr6hmPhfQD/1lWJUUjGD5+ibkp2I1x6w2B6l5ZjAdRe9qni2OJkOyNpI5vQhpyJKwJC9Dv1pdo1dfrIWRPutfcDCWf45zs6uDL0V0Dg6dq2KlESYdijaU8nJh+SLu9hsjD/vCFw26aHCRuxcmkm96ArJnEJH3QtdDbYsD3dyNCpD3qombKg5jrgMLwgoFgWdoyFGABHrDOreaOkBpgSJj+VNkXL5hJQ3M738MrO4ZAsEav3k5jjSlEhaGfWuOayGqPuCTbJ6Xij+5suh7IAOapzRh7C/4h7X+M+QE9LPWdifJlSvn7sajWqrk5gDlqD2XsItK26Dnin58EcUSSZG2Mf9NDYFIuRjNkvYWK4NoXj3D1wJjtHBkfPhZy83oStUwicklF1gga5yOd6DQovlyXfDMdJ0dMnM3ijfkgNRTcvphe7APZgHVOSZAhZ4QbQKM9VNCw1V3XauSg2MbrydGdgqFy+udHA4Kv0dvtCxW9EDHOr/ny2j2TnGaC89UqCOGlfe2+Geatk1N3PhndjLXwJMowyj2FTxgKUlAN9IBb/2QaoK5BR2CdXkYcqKiMY1KdwcsXSas2iPHzXnEBX8VUrzjmxcVqcjsRvu40cuDGbcthMf2baYn0Q0GOSx7Zji2zwdJunm7jUIr5ppkjjFvLOg6OzmgsiagnAvVeId7E5XD7xnnjCOK87pQwDRFrwFEFWZiqP3MSNjv0/gNTevl23Uj+3NjpXrXON3TOzvW1zxbeCu0ELbTSjNmHoYaJPgwFkvhBWE3S05Z/pERenqXrxF2M33xd62GLYMYrJ2b1nk+R5hxs1JmrTwFmxbkoZKurGzxHSClJ8UjF0kkVx64T8yuQyNPqxtgp2S8sZztJ9nga5hRPZ8M064t7WBmeQHVZ676k9x6TzD/l10cp6roT63XY6w8kFmP+2g5/1sqMd2/ps0OP4eXy3nXtv1zzi8L7ME1S7gRJ6c8+nJC49oPT9OSxqAWnAJ74Nklv58tyCxEtAGhExj0cY+QKLgTg3xSwKHMvFTcahEtseW5qv46CZNKo/EfjH68PxqeOTngN0pSh6BJoXLq/R1nPyZIW0+KYWihpfrOfPO7RhGDDOvTjsXBlX6NSYvMNFiXHEaIfC1xJOnsZ8r8XTGtpRZin9xsz3syN3zN4vsfyaRSVDrcN5W7CukyjqVRWDdEJFSxto0zJqEbVf78fMn7LbaY+pYYHix20vQblXsS7T/exIXN0EVU+DFvh3G3MSQkIzz8L+xcAs5XLSz4m2OJS6O0eC1atjujXaSGRkHYEb6SZQ0aKfOjxuyxl8Y1e0b/fEZpy6tljHI8WA4+ayafMctTiKBjTuHs60TCFyW8o2rd0QyZpMTRsCLcgk6ulBi5iJlcCVVB6VXVjYUcPzkHNr/BnBgEQ84Xd0D6HYDWrXEsXp1xRQmDpC9yVmVZ8f7k0Kboyu+q0cOBBRw0nzWOG6r/JuixzRyENxhwZtspZhtzHJAgt0qbir5o0LrqPCV9jjhFrqH0HEHTYoTfqc
06-17 18:46:04.196 V/GSK-APIS( 3397): uSFgo3ak55yPEfgf6aosOeiB0IxOEOUQMOpU56namt5OMdgsT7zZ+ydYglfz1DoJywLWK3nkfwIIe9vF2LIWLfU7SoTvDj0PhLOCdUcpKgIPv44lYbM0aN1LddEnxeM/oRc6izgSAqJodma+/vXmyrTAtUzyYuwwNxmkXN5NODhmVvB6xRmBraXyvjRouQMJh8DinFNY7P6gTJHqyi82qPABZEeAXcCbMLmi1cxtjldUf3GhN97KP14H/9rIl+26e+OvfW8Njh40fTygrRdF1o5fDPP3osyC2Y8xtEHoXyQcIbPy8vBt3wdzbRgSeeFNSlJpq/VZUgmxhyEgbC7I/7puUDXiJt/grpZsXN5+nHa01SleBqRq1W/6svo1VEG584=
06-17 18:46:04.196 V/GSK-APIS( 3397): 	prot:	ACM30
06-17 18:46:04.196 V/GSK-APIS( 3397): 	signature:	6d6e8ac8db85c7d5e2d6e3570281e09324edf766
06-17 18:46:04.196 V/GSK-APIS( 3397): }
06-17 18:46:04.196 V/GSK-APIS( 3397): request to: https://gtt-app-apigateway-lion.vdemosit.com/api/enduser/messagecenter/message/query/v1
06-17 18:46:04.207 V/GSK-Upgrade:ComponentUpdater( 3397): init
06-17 18:46:04.207 V/GSK-Upgrade:ComponentUpdater( 3397): loadLocalDex
06-17 18:46:04.207 V/GSK-Upgrade:ComponentUpdater( 3397): local dex is empty
06-17 18:46:04.207 V/GSK-Upgrade:ComponentUpdater( 3397): local dex is empty
06-17 18:46:04.207 V/GSK-Upgrade:ComponentUpdater( 3397): local dex is empty
06-17 18:46:04.207 V/GSK-Upgrade:ComponentUpdater( 3397): local dex is empty
06-17 18:46:04.207 V/GSK-Upgrade:ComponentUpdater( 3397): local dex is empty
06-17 18:46:04.207 V/GSK-Upgrade:ComponentUpdater( 3397): local dex is empty
06-17 18:46:04.208 W/UiDevice( 3463): Skipping null root node for window: AccessibilityWindowInfo[title=允许v-demo访问您设备上的照片和媒体吗？, displayId=0, id=16, taskId=18, type=TYPE_APPLICATION, layer=1, region=SkRegion((432,48,1488,1080)), bounds=Rect(432, 48 - 1488, 1080), focused=false, active=false, pictureInPicture=false, hasParent=false, isAnchored=false, hasChildren=false]
06-17 18:46:04.214 D/AndroidAutoSize( 3397): tech.gtt.frontapp.stb.m.home.activity.LoadingActivity used the global configuration.
06-17 18:46:04.215 D/AndroidAutoSize( 3397): The tech.gtt.frontapp.stb.m.home.activity.LoadingActivity has been adapted! 
06-17 18:46:04.215 D/AndroidAutoSize( 3397): LoadingActivity Info: isBaseOnWidth = true, designWidthInDp = 1920.000000, designWidthInSubunits = 1920.000000, targetDensity = 1.000000, targetScaledDensity = 1.000000, targetDensityDpi = 160, targetXdpi = 1.000000, targetScreenWidthDp = 1920, targetScreenHeightDp = 1032
06-17 18:46:04.249 V/GSK-Account:AccountManager( 3397): isLoggedIn=false
06-17 18:46:04.250 D/AndroidAutoSize( 3397): tech.gtt.frontapp.stb.m.home.activity.LoadingActivity used the global configuration.
06-17 18:46:04.250 D/AndroidAutoSize( 3397): The tech.gtt.frontapp.stb.m.home.activity.LoadingActivity has been adapted! 
06-17 18:46:04.250 D/AndroidAutoSize( 3397): LoadingActivity Info: isBaseOnWidth = true, designWidthInDp = 1920.000000, designWidthInSubunits = 1920.000000, targetDensity = 1.000000, targetScaledDensity = 1.000000, targetDensityDpi = 160, targetXdpi = 1.000000, targetScreenWidthDp = 1920, targetScreenHeightDp = 1032
06-17 18:46:04.261 W/WindowManager( 1936): Failed looking up window session=Session{1fbce99 3397:u0a10058} callers=com.android.server.wm.WindowManagerService.windowForClientLocked:5850 com.android.server.wm.Session.updateRequestedVisibilities:640 android.view.IWindowSession$Stub.onTransact:1175 
06-17 18:46:04.309 D/gralloc_nox( 1767): gralloc_alloc: Creating ashmem region of size 8298496
06-17 18:46:04.340 D/ProcessState( 3538): Binder ioctl to enable oneway spam detection failed: Invalid argument
06-17 18:46:04.376 D/UiDevice( 3463): Searching for node with selector: BySelector [RES='\Qtech.gtt.frontapp.stb.demo:id/account_login_tv2\E'].
06-17 18:46:04.377 W/QueryController( 3463): Could not detect idle state.
06-17 18:46:04.389 D/gralloc_nox( 1767): gralloc_alloc: Creating ashmem region of size 8298496
06-17 18:46:04.432 D/gralloc_nox( 1767): gralloc_alloc: Creating ashmem region of size 8298496
06-17 18:46:04.513 I/ActivityTaskManager( 1936): Displayed tech.gtt.frontapp.stb.demo/tech.gtt.frontapp.stb.m.home.activity.LoadingActivity: +402ms
06-17 18:46:04.520 D/CompatibilityChangeReporter( 3397): Compat change id reported: 171228096; UID 10058; state: ENABLED
06-17 18:46:04.533 W/DataBinding( 3397): Setting the fragment as the LifecycleOwner might cause memory leaks because views lives shorter than the Fragment. Consider using Fragment's view lifecycle
06-17 18:46:04.551 I/MediaFocusControl( 1936): requestAudioFocus() from uid/pid 10058/3397 AA=USAGE_MEDIA/CONTENT_TYPE_MOVIE clientId=android.media.AudioManager@1be4bcd callingPack=tech.gtt.frontapp.stb.demo req=1 flags=0x0 sdk=35
06-17 18:46:04.552 I/AudioService.FadeOutManager( 1936): unfadeOutUid() uid:10058
06-17 18:46:04.559 W/MediaProvider( 2560): Failed to fetch original file descriptor
06-17 18:46:04.559 W/MediaProvider( 2560): java.io.IOException: stat failed: ENOENT (No such file or directory)
06-17 18:46:04.559 W/MediaProvider( 2560): 	at com.android.providers.media.MediaProvider.getFileFromFileDescriptor(MediaProvider.java:5822)
06-17 18:46:04.559 W/MediaProvider( 2560): 	at com.android.providers.media.MediaProvider.getOriginalMediaFormatFileDescriptor(MediaProvider.java:5739)
06-17 18:46:04.559 W/MediaProvider( 2560): 	at com.android.providers.media.MediaProvider.openTypedAssetFileCommon(MediaProvider.java:7162)
06-17 18:46:04.559 W/MediaProvider( 2560): 	at com.android.providers.media.MediaProvider.openTypedAssetFile(MediaProvider.java:7143)
06-17 18:46:04.559 W/MediaProvider( 2560): 	at android.content.ContentProvider$Transport.openTypedAssetFile(ContentProvider.java:548)
06-17 18:46:04.559 W/MediaProvider( 2560): 	at android.content.ContentProviderNative.onTransact(ContentProviderNative.java:327)
06-17 18:46:04.559 W/MediaProvider( 2560): 	at android.os.Binder.execTransactInternal(Binder.java:1179)
06-17 18:46:04.559 W/MediaProvider( 2560): 	at android.os.Binder.execTransact(Binder.java:1143)
06-17 18:46:04.559 W/MediaProvider( 2560): Caused by: android.system.ErrnoException: stat failed: ENOENT (No such file or directory)
06-17 18:46:04.559 W/MediaProvider( 2560): 	at libcore.io.Linux.stat(Native Method)
06-17 18:46:04.559 W/MediaProvider( 2560): 	at libcore.io.ForwardingOs.stat(ForwardingOs.java:853)
06-17 18:46:04.559 W/MediaProvider( 2560): 	at libcore.io.BlockGuardOs.stat(BlockGuardOs.java:420)
06-17 18:46:04.559 W/MediaProvider( 2560): 	at libcore.io.ForwardingOs.stat(ForwardingOs.java:853)
06-17 18:46:04.559 W/MediaProvider( 2560): 	at android.app.ActivityThread$AndroidOs.stat(ActivityThread.java:7775)
06-17 18:46:04.559 W/MediaProvider( 2560): 	at android.system.Os.stat(Os.java:919)
06-17 18:46:04.559 W/MediaProvider( 2560): 	at com.android.providers.media.MediaProvider.getFileFromFileDescriptor(MediaProvider.java:5816)
06-17 18:46:04.559 W/MediaProvider( 2560): 	... 7 more
06-17 18:46:04.561 D/NuPlayerDriver( 1809): NuPlayerDriver(0xf5c01600) created, clientPid(3397)
06-17 18:46:04.567 D/SurfaceUtils( 1809): connecting to surface 0xf0801948, reason setVideoSurfaceTexture
06-17 18:46:04.567 D/NuPlayer( 1809): onSetVideoSurface(0xf0803270, no video decoder)
06-17 18:46:04.570 D/GenericSource( 1809): FileSource remote
06-17 18:46:04.570 E/ashmem  ( 1809): memfd: ro.vndk.version not defined or invalid (), this is mandated since P.
06-17 18:46:04.570 E/ashmem  ( 1807): memfd: ro.vndk.version not defined or invalid (), this is mandated since P.
06-17 18:46:04.575 I/SampleTable( 1807): There are reordered frames present.
06-17 18:46:04.580 D/MediaBufferGroup( 1807): creating MemoryDealer
06-17 18:46:04.589 D/MediaPlayerNative( 3397): getMetadata
06-17 18:46:04.594 I/GenericSource( 1809): start
06-17 18:46:04.601 I/OMXClient( 1809): IOmx service obtained
06-17 18:46:04.601 I/OMXStore( 1812): makeComponentInstance(OMX.google.h264.decoder) in android.hardwar process
06-17 18:46:04.609 D/SurfaceUtils( 1809): disconnecting from surface 0xf0803278, reason onConfigure
06-17 18:46:04.609 I/OMXClient( 1809): IOmx service obtained
06-17 18:46:04.609 I/OMXStore( 1812): makeComponentInstance(OMX.google.aac.decoder) in android.hardwar process
06-17 18:46:04.610 D/SurfaceUtils( 1809): connecting to surface 0xf0803278, reason connectToSurface
06-17 18:46:04.611 E/OMXNodeInstance( 1812): setConfig(0xe6d402b0:google.aac.decoder, ConfigPriority(0x6f800002)) ERROR: Undefined(0x80001001)
06-17 18:46:04.611 I/ACodec  ( 1809): codec does not support config priority (err -2147483648)
06-17 18:46:04.611 E/OMXNodeInstance( 1812): getConfig(0xe6d402b0:google.aac.decoder, ConfigAndroidVendorExtension(0x6f100004)) ERROR: Undefined(0x80001001)
06-17 18:46:04.611 D/SoftAAC2( 1812): get OMX_IndexParamAudioAndroidAacDrcPresentation
06-17 18:46:04.612 I/MediaCodec( 1809): [OMX.google.h264.decoder] setting surface generation to 1852417
06-17 18:46:04.612 I/MediaCodec( 1809): MediaCodec will operate in async mode
06-17 18:46:04.612 D/SurfaceUtils( 1809): disconnecting from surface 0xf0803278, reason connectToSurface(reconnect)
06-17 18:46:04.612 D/MediaCodec( 1809): keep callback message for reclaim
06-17 18:46:04.613 D/SurfaceUtils( 1809): connecting to surface 0xf0803278, reason connectToSurface(reconnect)
06-17 18:46:04.619 E/OMXNodeInstance( 1812): getExtensionIndex(0xe6d41580:google.h264.decoder, OMX.google.android.index.enableAndroidNativeBuffers) ERROR: UnsupportedIndex(0x8000101a)
06-17 18:46:04.619 E/ACodec  ( 1809): [OMX.google.h264.decoder] setPortMode on output to DynamicANWBuffer failed w/ err -1010
06-17 18:46:04.619 E/OMXNodeInstance( 1812): getParameter(0xe6d41580:google.h264.decoder, ??(0x6f600011)) ERROR: UnsupportedIndex(0x8000101a)
06-17 18:46:04.620 W/OMXNodeInstance( 1812): [0xe6d41580:google.h264.decoder] component does not support metadata mode; using fallback
06-17 18:46:04.620 D/SoftVideoDecoderOMXComponent( 1812): Color Aspects preference: 1 
06-17 18:46:04.620 E/OMXNodeInstance( 1812): setConfig(0xe6d41580:google.h264.decoder, ConfigPriority(0x6f800002)) ERROR: UnsupportedIndex(0x8000101a)
06-17 18:46:04.620 I/ACodec  ( 1809): codec does not support config priority (err -1010)
06-17 18:46:04.620 E/OMXNodeInstance( 1812): setConfig(0xe6d41580:google.h264.decoder, ConfigOperatingRate(0x6f800003)) ERROR: UnsupportedIndex(0x8000101a)
06-17 18:46:04.621 I/ACodec  ( 1809): codec does not support config operating rate (err -1010)
06-17 18:46:04.621 E/OMXNodeInstance( 1812): getConfig(0xe6d41580:google.h264.decoder, ConfigAndroidVendorExtension(0x6f100004)) ERROR: UnsupportedIndex(0x8000101a)
06-17 18:46:04.621 E/OMXNodeInstance( 1812): getConfig(0xe6d41580:google.h264.decoder, ??(0x7f000003)) ERROR: UnsupportedSetting(0x80001019)
06-17 18:46:04.621 I/MediaCodec( 1809): MediaCodec will operate in async mode
06-17 18:46:04.621 D/MediaCodec( 1809): keep callback message for reclaim
06-17 18:46:04.626 W/ResourceManagerService( 1809): Ignoring request to add new resource entry with value <= 0
06-17 18:46:04.627 I/SoftAAC2( 1812): Reconfiguring decoder: 0->44100 Hz, 0->1 channels
06-17 18:46:04.628 D/SoftAAC2( 1812): get OMX_IndexParamAudioAndroidAacDrcPresentation
06-17 18:46:04.630 D/SoftVideoDecoderOMXComponent( 1812): Color Aspects preference: 1 
06-17 18:46:04.636 V/GSK-APIS( 3397): received response >>> id: 92a548c6 url: https://gtt-app-apigateway-lion.vdemosit.com/api/enduser/messagecenter/message/query/v1 statusCode: 400, exception: null
06-17 18:46:04.636 I/System.out( 3397): [SDKInterceptorPlugin] Unhandled exception in request processing: Something went wrong while connecting to the server, statusCode: 400
06-17 18:46:04.642 D/AudioFlinger( 1776): Client defaulted notificationFrames to 11286 for frameCount 22572
06-17 18:46:04.644 D/AF::TrackHandle( 1776): OpPlayAudio: track:56 usage:1 not muted
06-17 18:46:04.694 E/android.hardware.audio.service( 1759): pcm_open called create stream faild
06-17 18:46:04.703 E/OMXNodeInstance( 1812): getConfig(0xe6d41580:google.h264.decoder, ??(0x7f000003)) ERROR: UnsupportedSetting(0x80001019)
06-17 18:46:04.704 D/UiDevice( 3463): Searching for node with selector: BySelector [RES='\Qtech.gtt.frontapp.stb.demo:id/account_login_tv2\E'].
06-17 18:46:04.707 W/QueryController( 3463): Could not detect idle state.
06-17 18:46:04.710 D/MediaCodec( 1809): [OMX.google.h264.decoder] setting dataspace on output surface to #102
06-17 18:46:04.711 W/MediaPlayerNative( 3397): info/warning (3, 0)
06-17 18:46:04.711 D/gralloc_nox( 1767): gralloc_alloc: Creating ashmem region of size 589824
06-17 18:46:04.726 I/hwservicemanager( 1567): getTransport: Cannot find entry android.hardware.graphics.mapper@4.0::IMapper/default in either framework or device VINTF manifest.
06-17 18:46:04.726 I/Gralloc4( 1809): mapper 4.x is not supported
06-17 18:46:04.727 I/hwservicemanager( 1567): getTransport: Cannot find entry android.hardware.graphics.mapper@3.0::IMapper/default in either framework or device VINTF manifest.
06-17 18:46:04.727 W/Gralloc3( 1809): mapper 3.x is not supported
06-17 18:46:04.730 D/mediaserver( 1809): createUnique: call
06-17 18:46:04.733 D/mediaserver( 1809): HostComposition ext GL_OES_EGL_image GL_OES_EGL_image_external GL_OES_depth24 GL_OES_depth32 GL_OES_element_index_uint GL_OES_texture_float GL_OES_texture_float_linear GL_OES_compressed_paletted_texture GL_OES_compressed_ETC1_RGB8_texture GL_OES_depth_texture GL_EXT_texture_format_BGRA8888 GL_APPLE_texture_format_BGRA8888 GL_OES_texture_half_float GL_EXT_robustness GL_OES_texture_half_float_linear GL_OES_packed_depth_stencil GL_OES_vertex_half_float GL_OES_texture_npot GL_OES_rgb8_rgba8 GL_EXT_color_buffer_float GL_EXT_texture_sRGB_decode ANDROID_gles_max_version_3_1 GL_OES_vertex_array_object GL_EXT_texture_buffer GL_EXT_copy_image GL_KHR_texture_compression_astc_ldr GL_KHR_texture_compression_astc_hdr GL_OES_texture_compression_astc GL_OES_EGL_image_external
06-17 18:46:04.736 D/SoftwareRenderer( 1809): setting dataspace on output surface to #8000102
06-17 18:46:04.741 D/AudioFlinger( 1776): mixer(0x7e14b2cf8a60) throttle end: throttle time(40)
06-17 18:46:04.744 D/gralloc_nox( 1767): gralloc_alloc: Creating ashmem region of size 589824
06-17 18:46:04.750 W/InputManager-JNI( 1936): Input channel object 'a7a960c tech.gtt.frontapp.stb.demo/tech.gtt.frontapp.stb.m.home.activity.SplashActivity (client)' was disposed without first being removed with the input manager!
06-17 18:46:04.752 D/gralloc_nox( 1767): gralloc_alloc: Creating ashmem region of size 589824
06-17 18:46:04.764 D/gralloc_nox( 1767): gralloc_alloc: Creating ashmem region of size 589824
06-17 18:46:04.862 D/UiDevice( 3463): Searching for node with selector: BySelector [RES='\Qtech.gtt.frontapp.stb.demo:id/account_login_tv2\E'].
06-17 18:46:04.863 W/QueryController( 3463): Could not detect idle state.
06-17 18:46:04.969 D/UiDevice( 3463): Searching for node with selector: BySelector [RES='\Qtech.gtt.frontapp.stb.demo:id/account_login_tv2\E'].
06-17 18:46:04.970 W/QueryController( 3463): Could not detect idle state.
06-17 18:46:05.011 D/AudioFlinger( 1776): mixer(0x7e14b2cf8a60) throttle end: throttle time(198)
06-17 18:46:05.079 D/UiDevice( 3463): Searching for node with selector: BySelector [RES='\Qtech.gtt.frontapp.stb.demo:id/account_login_tv2\E'].
06-17 18:46:05.080 W/QueryController( 3463): Could not detect idle state.
06-17 18:46:05.083 D/AudioFlinger( 1776): mixer(0x7e14b2cf8a60) throttle end: throttle time(33)
06-17 18:46:05.186 D/UiDevice( 3463): Searching for node with selector: BySelector [RES='\Qtech.gtt.frontapp.stb.demo:id/account_login_tv2\E'].
06-17 18:46:05.186 W/QueryController( 3463): Could not detect idle state.
06-17 18:46:05.291 D/UiDevice( 3463): Searching for node with selector: BySelector [RES='\Qtech.gtt.frontapp.stb.demo:id/account_login_tv2\E'].
06-17 18:46:05.292 W/QueryController( 3463): Could not detect idle state.
06-17 18:46:05.395 D/UiDevice( 3463): Searching for node with selector: BySelector [RES='\Qtech.gtt.frontapp.stb.demo:id/account_login_tv2\E'].
06-17 18:46:05.396 W/QueryController( 3463): Could not detect idle state.
06-17 18:46:05.499 D/UiDevice( 3463): Searching for node with selector: BySelector [RES='\Qtech.gtt.frontapp.stb.demo:id/account_login_tv2\E'].
06-17 18:46:05.500 W/QueryController( 3463): Could not detect idle state.
06-17 18:46:05.603 D/UiDevice( 3463): Searching for node with selector: BySelector [RES='\Qtech.gtt.frontapp.stb.demo:id/account_login_tv2\E'].
06-17 18:46:05.603 W/QueryController( 3463): Could not detect idle state.
06-17 18:46:05.708 D/UiDevice( 3463): Searching for node with selector: BySelector [RES='\Qtech.gtt.frontapp.stb.demo:id/account_login_tv2\E'].
06-17 18:46:05.709 W/QueryController( 3463): Could not detect idle state.
06-17 18:46:05.813 D/UiDevice( 3463): Searching for node with selector: BySelector [RES='\Qtech.gtt.frontapp.stb.demo:id/account_login_tv2\E'].
06-17 18:46:05.814 W/QueryController( 3463): Could not detect idle state.
06-17 18:46:05.918 D/UiDevice( 3463): Searching for node with selector: BySelector [RES='\Qtech.gtt.frontapp.stb.demo:id/account_login_tv2\E'].
06-17 18:46:05.918 W/QueryController( 3463): Could not detect idle state.
06-17 18:46:06.027 D/UiDevice( 3463): Searching for node with selector: BySelector [RES='\Qtech.gtt.frontapp.stb.demo:id/account_login_tv2\E'].
06-17 18:46:06.029 W/QueryController( 3463): Could not detect idle state.
06-17 18:46:06.141 D/UiDevice( 3463): Searching for node with selector: BySelector [RES='\Qtech.gtt.frontapp.stb.demo:id/account_login_tv2\E'].
06-17 18:46:06.142 W/QueryController( 3463): Could not detect idle state.
06-17 18:46:06.246 D/UiDevice( 3463): Searching for node with selector: BySelector [RES='\Qtech.gtt.frontapp.stb.demo:id/account_login_tv2\E'].
06-17 18:46:06.246 W/QueryController( 3463): Could not detect idle state.
06-17 18:46:06.352 D/UiDevice( 3463): Searching for node with selector: BySelector [RES='\Qtech.gtt.frontapp.stb.demo:id/account_login_tv2\E'].
06-17 18:46:06.353 W/QueryController( 3463): Could not detect idle state.
06-17 18:46:06.459 D/UiDevice( 3463): Searching for node with selector: BySelector [RES='\Qtech.gtt.frontapp.stb.demo:id/account_login_tv2\E'].
06-17 18:46:06.459 W/QueryController( 3463): Could not detect idle state.
06-17 18:46:06.562 D/UiDevice( 3463): Searching for node with selector: BySelector [RES='\Qtech.gtt.frontapp.stb.demo:id/account_login_tv2\E'].
06-17 18:46:06.562 W/QueryController( 3463): Could not detect idle state.
06-17 18:46:06.666 D/UiDevice( 3463): Searching for node with selector: BySelector [RES='\Qtech.gtt.frontapp.stb.demo:id/account_login_tv2\E'].
06-17 18:46:06.667 W/QueryController( 3463): Could not detect idle state.
06-17 18:46:06.772 D/UiDevice( 3463): Searching for node with selector: BySelector [RES='\Qtech.gtt.frontapp.stb.demo:id/account_login_tv2\E'].
06-17 18:46:06.772 W/QueryController( 3463): Could not detect idle state.
06-17 18:46:06.879 D/UiDevice( 3463): Searching for node with selector: BySelector [RES='\Qtech.gtt.frontapp.stb.demo:id/account_login_tv2\E'].
06-17 18:46:06.880 W/QueryController( 3463): Could not detect idle state.
06-17 18:46:06.991 D/UiDevice( 3463): Searching for node with selector: BySelector [RES='\Qtech.gtt.frontapp.stb.demo:id/account_login_tv2\E'].
06-17 18:46:06.991 W/QueryController( 3463): Could not detect idle state.
06-17 18:46:07.095 D/UiDevice( 3463): Searching for node with selector: BySelector [RES='\Qtech.gtt.frontapp.stb.demo:id/account_login_tv2\E'].
06-17 18:46:07.096 W/QueryController( 3463): Could not detect idle state.
06-17 18:46:07.205 D/UiDevice( 3463): Searching for node with selector: BySelector [RES='\Qtech.gtt.frontapp.stb.demo:id/account_login_tv2\E'].
06-17 18:46:07.206 W/QueryController( 3463): Could not detect idle state.
06-17 18:46:07.230 I/keystore2( 1710): keystore2::watchdog: Watchdog thread idle -> terminating. Have a great day.
06-17 18:46:07.312 D/UiDevice( 3463): Searching for node with selector: BySelector [RES='\Qtech.gtt.frontapp.stb.demo:id/account_login_tv2\E'].
06-17 18:46:07.312 W/QueryController( 3463): Could not detect idle state.
06-17 18:46:07.416 D/UiDevice( 3463): Searching for node with selector: BySelector [RES='\Qtech.gtt.frontapp.stb.demo:id/account_login_tv2\E'].
06-17 18:46:07.417 W/QueryController( 3463): Could not detect idle state.
06-17 18:46:07.521 D/UiDevice( 3463): Searching for node with selector: BySelector [RES='\Qtech.gtt.frontapp.stb.demo:id/account_login_tv2\E'].
06-17 18:46:07.522 W/QueryController( 3463): Could not detect idle state.
06-17 18:46:07.630 D/UiDevice( 3463): Searching for node with selector: BySelector [RES='\Qtech.gtt.frontapp.stb.demo:id/account_login_tv2\E'].
06-17 18:46:07.630 W/QueryController( 3463): Could not detect idle state.
06-17 18:46:07.670 E/TaskPersister( 1936): File error accessing recents directory (directory doesn't exist?).
06-17 18:46:07.734 D/UiDevice( 3463): Searching for node with selector: BySelector [RES='\Qtech.gtt.frontapp.stb.demo:id/account_login_tv2\E'].
06-17 18:46:07.735 W/QueryController( 3463): Could not detect idle state.
06-17 18:46:07.839 D/UiDevice( 3463): Searching for node with selector: BySelector [RES='\Qtech.gtt.frontapp.stb.demo:id/account_login_tv2\E'].
06-17 18:46:07.840 W/QueryController( 3463): Could not detect idle state.
06-17 18:46:07.944 D/UiDevice( 3463): Searching for node with selector: BySelector [RES='\Qtech.gtt.frontapp.stb.demo:id/account_login_tv2\E'].
06-17 18:46:07.944 W/QueryController( 3463): Could not detect idle state.
06-17 18:46:08.049 D/UiDevice( 3463): Searching for node with selector: BySelector [RES='\Qtech.gtt.frontapp.stb.demo:id/account_login_tv2\E'].
06-17 18:46:08.049 W/QueryController( 3463): Could not detect idle state.
06-17 18:46:08.153 D/UiDevice( 3463): Searching for node with selector: BySelector [RES='\Qtech.gtt.frontapp.stb.demo:id/account_login_tv2\E'].
06-17 18:46:08.153 W/QueryController( 3463): Could not detect idle state.
06-17 18:46:08.259 D/UiDevice( 3463): Searching for node with selector: BySelector [RES='\Qtech.gtt.frontapp.stb.demo:id/account_login_tv2\E'].
06-17 18:46:08.260 W/QueryController( 3463): Could not detect idle state.
06-17 18:46:08.363 D/UiDevice( 3463): Searching for node with selector: BySelector [RES='\Qtech.gtt.frontapp.stb.demo:id/account_login_tv2\E'].
06-17 18:46:08.364 W/QueryController( 3463): Could not detect idle state.
06-17 18:46:08.467 D/UiDevice( 3463): Searching for node with selector: BySelector [RES='\Qtech.gtt.frontapp.stb.demo:id/account_login_tv2\E'].
06-17 18:46:08.467 W/QueryController( 3463): Could not detect idle state.
06-17 18:46:08.570 D/UiDevice( 3463): Searching for node with selector: BySelector [RES='\Qtech.gtt.frontapp.stb.demo:id/account_login_tv2\E'].
06-17 18:46:08.570 W/QueryController( 3463): Could not detect idle state.
06-17 18:46:08.652 D/AudioTrack( 1809): stop(8): called with 200704 frames delivered
06-17 18:46:08.675 D/UiDevice( 3463): Searching for node with selector: BySelector [RES='\Qtech.gtt.frontapp.stb.demo:id/account_login_tv2\E'].
06-17 18:46:08.675 W/QueryController( 3463): Could not detect idle state.
06-17 18:46:08.779 D/UiDevice( 3463): Searching for node with selector: BySelector [RES='\Qtech.gtt.frontapp.stb.demo:id/account_login_tv2\E'].
06-17 18:46:08.779 W/QueryController( 3463): Could not detect idle state.
06-17 18:46:08.885 D/UiDevice( 3463): Searching for node with selector: BySelector [RES='\Qtech.gtt.frontapp.stb.demo:id/account_login_tv2\E'].
06-17 18:46:08.886 W/QueryController( 3463): Could not detect idle state.
06-17 18:46:08.993 D/UiDevice( 3463): Searching for node with selector: BySelector [RES='\Qtech.gtt.frontapp.stb.demo:id/account_login_tv2\E'].
06-17 18:46:08.994 W/QueryController( 3463): Could not detect idle state.
06-17 18:46:09.040 D/NuPlayerDriver( 1809): stop(0xf5c01600)
06-17 18:46:09.040 V/MediaPlayer( 3397): resetDrmState:  mDrmInfo=null mDrmProvisioningThread=null mPrepareDrmInProgress=false mActiveDrmScheme=false
06-17 18:46:09.040 V/MediaPlayer( 3397): cleanDrmObj: mDrmObj=null mDrmSessionId=null
06-17 18:46:09.040 D/NuPlayerDriver( 1809): reset(0xf5c01600) at state 8
06-17 18:46:09.044 D/SurfaceUtils( 1809): disconnecting from surface 0xf0803278, reason disconnectFromSurface
06-17 18:46:09.046 D/SurfaceUtils( 1809): connecting to surface 0xf0803278, reason onShutdown
06-17 18:46:09.047 D/NuPlayerDriver( 1809): notifyResetComplete(0xf5c01600)
06-17 18:46:09.047 D/SurfaceUtils( 1809): disconnecting from surface 0xf0801948, reason disconnectNativeWindow
06-17 18:46:09.047 W/AMessage( 1809): failed to post message as target looper for handler 0 is gone.
06-17 18:46:09.048 I/MediaFocusControl( 1936): abandonAudioFocus() from uid/pid 10058/3397 clientId=android.media.AudioManager@1be4bcd
06-17 18:46:09.049 I/ActivityTaskManager( 1936): START u0 {cmp=tech.gtt.frontapp.stb.demo/tech.gtt.frontapp.stb.m.account.activity.LoginMethodSwitchActivity (has extras)} from uid 10058
06-17 18:46:09.057 I/MediaFocusControl( 1936): abandonAudioFocus() from uid/pid 10058/3397 clientId=android.media.AudioManager@1be4bcd
06-17 18:46:09.057 W/MediaPlayer( 3397): mediaplayer went away with unhandled events
06-17 18:46:09.064 W/MediaPlayer( 3397): mediaplayer went away with unhandled events
06-17 18:46:09.069 W/ActivityTaskManager( 1936): Tried to set launchTime (0) < mLastActivityLaunchTime (60877)
06-17 18:46:09.104 D/UiDevice( 3463): Searching for node with selector: BySelector [RES='\Qtech.gtt.frontapp.stb.demo:id/account_login_tv2\E'].
06-17 18:46:09.109 W/QueryController( 3463): Could not detect idle state.
06-17 18:46:09.113 D/AndroidAutoSize( 3397): tech.gtt.frontapp.stb.m.account.activity.LoginMethodSwitchActivity used the global configuration.
06-17 18:46:09.114 D/AndroidAutoSize( 3397): The tech.gtt.frontapp.stb.m.account.activity.LoginMethodSwitchActivity has been adapted! 
06-17 18:46:09.114 D/AndroidAutoSize( 3397): LoginMethodSwitchActivity Info: isBaseOnWidth = true, designWidthInDp = 1920.000000, designWidthInSubunits = 1920.000000, targetDensity = 1.000000, targetScaledDensity = 1.000000, targetDensityDpi = 160, targetXdpi = 1.000000, targetScreenWidthDp = 1920, targetScreenHeightDp = 1032
06-17 18:46:09.146 D/AndroidAutoSize( 3397): tech.gtt.frontapp.stb.m.account.activity.LoginMethodSwitchActivity used the global configuration.
06-17 18:46:09.146 D/AndroidAutoSize( 3397): The tech.gtt.frontapp.stb.m.account.activity.LoginMethodSwitchActivity has been adapted! 
06-17 18:46:09.146 D/AndroidAutoSize( 3397): LoginMethodSwitchActivity Info: isBaseOnWidth = true, designWidthInDp = 1920.000000, designWidthInSubunits = 1920.000000, targetDensity = 1.000000, targetScaledDensity = 1.000000, targetDensityDpi = 160, targetXdpi = 1.000000, targetScreenWidthDp = 1920, targetScreenHeightDp = 1032
06-17 18:46:09.149 W/WindowManager( 1936): Failed looking up window session=Session{1fbce99 3397:u0a10058} callers=com.android.server.wm.WindowManagerService.windowForClientLocked:5850 com.android.server.wm.Session.updateRequestedVisibilities:640 android.view.IWindowSession$Stub.onTransact:1175 
06-17 18:46:09.163 D/gralloc_nox( 1767): gralloc_alloc: Creating ashmem region of size 8298496
06-17 18:46:09.199 D/gralloc_nox( 1767): gralloc_alloc: Creating ashmem region of size 8298496
06-17 18:46:09.209 D/ProcessState( 3836): Binder ioctl to enable oneway spam detection failed: Invalid argument
06-17 18:46:09.225 D/gralloc_nox( 1767): gralloc_alloc: Creating ashmem region of size 8298496
06-17 18:46:09.278 E/libEGL  ( 3397): called unimplemented OpenGL ES API
06-17 18:46:09.303 I/ActivityTaskManager( 1936): Displayed tech.gtt.frontapp.stb.demo/tech.gtt.frontapp.stb.m.account.activity.LoginMethodSwitchActivity: +250ms
06-17 18:46:09.390 D/UIAutomatorStub( 3463): URI: /jsonrpc/0, Method: POST, params, {NanoHttpd.QUERY_STRING=null}, files: {postData={"jsonrpc": "2.0", "id": 1, "method": "objInfo", "params": [{"mask": 2097152, "childOrSibling": [], "childOrSiblingSelector": [], "resourceId": "tech.gtt.frontapp.stb.demo:id/account_login_tv2"}]}}
06-17 18:46:09.391 D/UiDevice( 3463): Retrieving node with selector: BySelector [RES='\Qtech.gtt.frontapp.stb.demo:id/account_login_tv2\E'].
06-17 18:46:09.392 W/QueryController( 3463): Could not detect idle state.
06-17 18:46:09.396 W/QueryController( 3463): Could not detect idle state.
06-17 18:46:09.401 W/QueryController( 3463): Could not detect idle state.
06-17 18:46:09.403 W/QueryController( 3463): Could not detect idle state.
06-17 18:46:09.404 W/QueryController( 3463): Could not detect idle state.
06-17 18:46:09.405 W/QueryController( 3463): Could not detect idle state.
06-17 18:46:09.408 W/QueryController( 3463): Could not detect idle state.
06-17 18:46:09.410 W/QueryController( 3463): Could not detect idle state.
06-17 18:46:09.412 W/QueryController( 3463): Could not detect idle state.
06-17 18:46:09.414 W/QueryController( 3463): Could not detect idle state.
06-17 18:46:09.416 W/QueryController( 3463): Could not detect idle state.
06-17 18:46:09.417 W/QueryController( 3463): Could not detect idle state.
06-17 18:46:09.418 W/QueryController( 3463): Could not detect idle state.
06-17 18:46:09.419 W/QueryController( 3463): Could not detect idle state.
06-17 18:46:09.420 W/QueryController( 3463): Could not detect idle state.
06-17 18:46:09.422 W/QueryController( 3463): Could not detect idle state.
06-17 18:46:09.424 W/QueryController( 3463): Could not detect idle state.
06-17 18:46:09.427 W/QueryController( 3463): Could not detect idle state.
06-17 18:46:09.447 D/UIAutomatorStub( 3463): URI: /jsonrpc/0, Method: POST, params, {NanoHttpd.QUERY_STRING=null}, files: {postData={"jsonrpc": "2.0", "id": 1, "method": "click", "params": [1390.0, 559.0]}}
06-17 18:46:09.551 W/InputManager-JNI( 1936): Input channel object '9c86cb7 tech.gtt.frontapp.stb.demo/tech.gtt.frontapp.stb.m.home.activity.LoadingActivity (client)' was disposed without first being removed with the input manager!
06-17 18:46:09.667 I/ActivityTaskManager( 1936): START u0 {cmp=tech.gtt.frontapp.stb.demo/tech.gtt.frontapp.stb.m.account.activity.LoginActivity} from uid 10058
06-17 18:46:09.676 W/ActivityTaskManager( 1936): Tried to set launchTime (0) < mLastActivityLaunchTime (65750)
06-17 18:46:09.686 D/AndroidAutoSize( 3397): tech.gtt.frontapp.stb.m.account.activity.LoginActivity used the global configuration.
06-17 18:46:09.686 D/AndroidAutoSize( 3397): The tech.gtt.frontapp.stb.m.account.activity.LoginActivity has been adapted! 
06-17 18:46:09.686 D/AndroidAutoSize( 3397): LoginActivity Info: isBaseOnWidth = true, designWidthInDp = 1920.000000, designWidthInSubunits = 1920.000000, targetDensity = 1.000000, targetScaledDensity = 1.000000, targetDensityDpi = 160, targetXdpi = 1.000000, targetScreenWidthDp = 1920, targetScreenHeightDp = 1032
06-17 18:46:09.692 D/UIAutomatorStub( 3463): URI: /jsonrpc/0, Method: POST, params, {NanoHttpd.QUERY_STRING=null}, files: {postData={"jsonrpc": "2.0", "id": 1, "method": "waitForExists", "params": [{"mask": 2097152, "childOrSibling": [], "childOrSiblingSelector": [], "resourceId": "tech.gtt.frontapp.stb.demo:id/loginf_et_username"}, 20000]}}
06-17 18:46:09.694 D/UiDevice( 3463): Waiting 20000ms for SearchCondition[hasObject=BySelector [RES='\Qtech.gtt.frontapp.stb.demo:id/loginf_et_username\E']].
06-17 18:46:09.694 D/UiDevice( 3463): Searching for node with selector: BySelector [RES='\Qtech.gtt.frontapp.stb.demo:id/loginf_et_username\E'].
06-17 18:46:09.695 W/QueryController( 3463): Could not detect idle state.
06-17 18:46:09.748 D/AndroidAutoSize( 3397): tech.gtt.frontapp.stb.m.account.activity.LoginActivity used the global configuration.
06-17 18:46:09.748 D/AndroidAutoSize( 3397): The tech.gtt.frontapp.stb.m.account.activity.LoginActivity has been adapted! 
06-17 18:46:09.748 D/AndroidAutoSize( 3397): LoginActivity Info: isBaseOnWidth = true, designWidthInDp = 1920.000000, designWidthInSubunits = 1920.000000, targetDensity = 1.000000, targetScaledDensity = 1.000000, targetDensityDpi = 160, targetXdpi = 1.000000, targetScreenWidthDp = 1920, targetScreenHeightDp = 1032
06-17 18:46:09.751 W/WindowManager( 1936): Failed looking up window session=Session{1fbce99 3397:u0a10058} callers=com.android.server.wm.WindowManagerService.windowForClientLocked:5850 com.android.server.wm.Session.updateRequestedVisibilities:640 android.view.IWindowSession$Stub.onTransact:1175 
06-17 18:46:09.773 D/gralloc_nox( 1767): gralloc_alloc: Creating ashmem region of size 8298496
06-17 18:46:09.790 D/gralloc_nox( 1767): gralloc_alloc: Creating ashmem region of size 8298496
06-17 18:46:09.808 D/gralloc_nox( 1767): gralloc_alloc: Creating ashmem region of size 8298496
06-17 18:46:09.810 D/ProcessState( 3848): Binder ioctl to enable oneway spam detection failed: Invalid argument
06-17 18:46:09.859 D/UiDevice( 3463): Searching for node with selector: BySelector [RES='\Qtech.gtt.frontapp.stb.demo:id/loginf_et_username\E'].
06-17 18:46:09.860 W/QueryController( 3463): Could not detect idle state.
06-17 18:46:09.892 I/ActivityTaskManager( 1936): Displayed tech.gtt.frontapp.stb.demo/tech.gtt.frontapp.stb.m.account.activity.LoginActivity: +224ms
06-17 18:46:09.931 D/UIAutomatorStub( 3463): URI: /jsonrpc/0, Method: POST, params, {NanoHttpd.QUERY_STRING=null}, files: {postData={"jsonrpc": "2.0", "id": 1, "method": "objInfo", "params": [{"mask": 2097152, "childOrSibling": [], "childOrSiblingSelector": [], "resourceId": "tech.gtt.frontapp.stb.demo:id/loginf_et_username"}]}}
06-17 18:46:09.932 D/UiDevice( 3463): Retrieving node with selector: BySelector [RES='\Qtech.gtt.frontapp.stb.demo:id/loginf_et_username\E'].
06-17 18:46:09.933 W/QueryController( 3463): Could not detect idle state.
06-17 18:46:09.948 W/QueryController( 3463): Could not detect idle state.
06-17 18:46:09.951 W/QueryController( 3463): Could not detect idle state.
06-17 18:46:09.952 W/QueryController( 3463): Could not detect idle state.
06-17 18:46:09.953 W/QueryController( 3463): Could not detect idle state.
06-17 18:46:09.954 W/QueryController( 3463): Could not detect idle state.
06-17 18:46:09.955 W/QueryController( 3463): Could not detect idle state.
06-17 18:46:09.958 W/QueryController( 3463): Could not detect idle state.
06-17 18:46:09.962 W/QueryController( 3463): Could not detect idle state.
06-17 18:46:09.963 W/QueryController( 3463): Could not detect idle state.
06-17 18:46:09.965 W/QueryController( 3463): Could not detect idle state.
06-17 18:46:09.966 W/QueryController( 3463): Could not detect idle state.
06-17 18:46:09.968 W/QueryController( 3463): Could not detect idle state.
06-17 18:46:09.970 W/QueryController( 3463): Could not detect idle state.
06-17 18:46:09.972 W/QueryController( 3463): Could not detect idle state.
06-17 18:46:09.975 W/QueryController( 3463): Could not detect idle state.
06-17 18:46:09.977 W/QueryController( 3463): Could not detect idle state.
06-17 18:46:09.980 W/QueryController( 3463): Could not detect idle state.
06-17 18:46:10.018 D/UIAutomatorStub( 3463): URI: /jsonrpc/0, Method: POST, params, {NanoHttpd.QUERY_STRING=null}, files: {postData={"jsonrpc": "2.0", "id": 1, "method": "click", "params": [1057.0, 437.0]}}
06-17 18:46:10.159 W/SurfaceFlinger( 1779): couldn't log to binary event log: overflow.
06-17 18:46:10.281 D/CompatibilityChangeReporter( 3397): Compat change id reported: 163400105; UID 10058; state: ENABLED
06-17 18:46:10.282 D/InputMethodManager( 3397): showSoftInput() view=tech.gtt.frontapp.stb.c.ui.edittext.EmailAutoCompleteTextView{150ccca VFED..CL. .F.P..ID 0,0-700,92 #7f0b02ce app:id/loginf_et_username aid=1073741824} flags=0 reason=SHOW_SOFT_INPUT
06-17 18:46:10.284 V/InputMethodService( 3034): onEvaluateInputViewShown: config.hardKeyboardHidden = 2
06-17 18:46:10.286 V/InputMethodService( 3034): onEvaluateInputViewShown: config.hardKeyboardHidden = 2
06-17 18:46:10.300 I/AdbKeyboard( 3034): imeAction: 5 Next
06-17 18:46:10.308 W/ServiceManager( 1779): Permission failure: android.permission.ACCESS_SURFACE_FLINGER from uid=10057 pid=3034
06-17 18:46:10.308 D/PermissionCache( 1779): checking android.permission.ACCESS_SURFACE_FLINGER for uid=10057 => denied (195 us)
06-17 18:46:10.308 W/ServiceManager( 1779): Permission failure: android.permission.ROTATE_SURFACE_FLINGER from uid=10057 pid=3034
06-17 18:46:10.308 D/PermissionCache( 1779): checking android.permission.ROTATE_SURFACE_FLINGER for uid=10057 => denied (62 us)
06-17 18:46:10.313 D/hub.uiautomato( 3034): createUnique: call
06-17 18:46:10.316 D/hub.uiautomato( 3034): HostComposition ext GL_OES_EGL_image GL_OES_EGL_image_external GL_OES_depth24 GL_OES_depth32 GL_OES_element_index_uint GL_OES_texture_float GL_OES_texture_float_linear GL_OES_compressed_paletted_texture GL_OES_compressed_ETC1_RGB8_texture GL_OES_depth_texture GL_EXT_texture_format_BGRA8888 GL_APPLE_texture_format_BGRA8888 GL_OES_texture_half_float GL_EXT_robustness GL_OES_texture_half_float_linear GL_OES_packed_depth_stencil GL_OES_vertex_half_float GL_OES_texture_npot GL_OES_rgb8_rgba8 GL_EXT_color_buffer_float GL_EXT_texture_sRGB_decode ANDROID_gles_max_version_3_1 GL_OES_vertex_array_object GL_EXT_texture_buffer GL_EXT_copy_image GL_KHR_texture_compression_astc_ldr GL_KHR_texture_compression_astc_hdr GL_OES_texture_compression_astc GL_OES_EGL_image_external
06-17 18:46:10.316 D/hw-ProcessState( 3034): Binder ioctl to enable oneway spam detection failed: Invalid argument
06-17 18:46:10.317 W/OpenGLRenderer( 3034): Failed to initialize 101010-2 format, error = EGL_SUCCESS
06-17 18:46:10.317 D/EGL_emulation( 3034): rcCreateContext wated version 2.0  rc:4
06-17 18:46:10.327 D/ProcessState( 3855): Binder ioctl to enable oneway spam detection failed: Invalid argument
06-17 18:46:10.333 D/EGL_emulation( 3034): eglMakeCurrent: 0x74841c042030: ver 3 2 (tinfo 0x74839c04b460) (first time)
06-17 18:46:10.336 D/UIAutomatorStub( 3463): URI: /jsonrpc/0, Method: POST, params, {NanoHttpd.QUERY_STRING=null}, files: {postData={"jsonrpc": "2.0", "id": 1, "method": "waitForExists", "params": [{"mask": 2097152, "childOrSibling": [], "childOrSiblingSelector": [], "resourceId": "tech.gtt.frontapp.stb.demo:id/loginf_et_username"}, 20000]}}
06-17 18:46:10.337 D/UiDevice( 3463): Waiting 20000ms for SearchCondition[hasObject=BySelector [RES='\Qtech.gtt.frontapp.stb.demo:id/loginf_et_username\E']].
06-17 18:46:10.337 E/HWComposer( 1779): getSupportedContentTypes: getSupportedContentTypes failed for display 0: Unsupported (8)
06-17 18:46:10.337 D/UiDevice( 3463): Searching for node with selector: BySelector [RES='\Qtech.gtt.frontapp.stb.demo:id/loginf_et_username\E'].
06-17 18:46:10.337 I/hwservicemanager( 1567): getTransport: Cannot find entry android.hardware.graphics.mapper@4.0::IMapper/default in either framework or device VINTF manifest.
06-17 18:46:10.337 I/Gralloc4( 3034): mapper 4.x is not supported
06-17 18:46:10.337 W/QueryController( 3463): Could not detect idle state.
06-17 18:46:10.337 I/hwservicemanager( 1567): getTransport: Cannot find entry android.hardware.graphics.mapper@3.0::IMapper/default in either framework or device VINTF manifest.
06-17 18:46:10.337 W/Gralloc3( 3034): mapper 3.x is not supported
06-17 18:46:10.339 I/hwservicemanager( 1567): getTransport: Cannot find entry android.hardware.graphics.allocator@4.0::IAllocator/default in either framework or device VINTF manifest.
06-17 18:46:10.339 W/Gralloc4( 3034): allocator 4.x is not supported
06-17 18:46:10.339 I/hwservicemanager( 1567): getTransport: Cannot find entry android.hardware.graphics.allocator@3.0::IAllocator/default in either framework or device VINTF manifest.
06-17 18:46:10.339 W/Gralloc3( 3034): allocator 3.x is not supported
06-17 18:46:10.339 D/gralloc_nox( 1767): gralloc_alloc: Creating ashmem region of size 647168
06-17 18:46:10.342 D/hub.uiautomato( 3034): createUnique: call
06-17 18:46:10.343 D/hub.uiautomato( 3034): HostComposition ext GL_OES_EGL_image GL_OES_EGL_image_external GL_OES_depth24 GL_OES_depth32 GL_OES_element_index_uint GL_OES_texture_float GL_OES_texture_float_linear GL_OES_compressed_paletted_texture GL_OES_compressed_ETC1_RGB8_texture GL_OES_depth_texture GL_EXT_texture_format_BGRA8888 GL_APPLE_texture_format_BGRA8888 GL_OES_texture_half_float GL_EXT_robustness GL_OES_texture_half_float_linear GL_OES_packed_depth_stencil GL_OES_vertex_half_float GL_OES_texture_npot GL_OES_rgb8_rgba8 GL_EXT_color_buffer_float GL_EXT_texture_sRGB_decode ANDROID_gles_max_version_3_1 GL_OES_vertex_array_object GL_EXT_texture_buffer GL_EXT_copy_image GL_KHR_texture_compression_astc_ldr GL_KHR_texture_compression_astc_hdr GL_OES_texture_compression_astc GL_OES_EGL_image_external
06-17 18:46:10.347 D/gralloc_nox( 1767): gralloc_alloc: Creating ashmem region of size 647168
06-17 18:46:10.349 D/gralloc_nox( 1767): gralloc_alloc: Creating ashmem region of size 647168
06-17 18:46:10.358 D/UIAutomatorStub( 3463): URI: /jsonrpc/0, Method: POST, params, {NanoHttpd.QUERY_STRING=null}, files: {postData={"jsonrpc": "2.0", "id": 1, "method": "setText", "params": [{"mask": 2097152, "childOrSibling": [], "childOrSiblingSelector": [], "resourceId": "tech.gtt.frontapp.stb.demo:id/loginf_et_username"}, "0609@ipwangxin.cn"]}}
06-17 18:46:10.359 D/UiDevice( 3463): Retrieving node with selector: BySelector [RES='\Qtech.gtt.frontapp.stb.demo:id/loginf_et_username\E'].
06-17 18:46:10.359 W/QueryController( 3463): Could not detect idle state.
06-17 18:46:10.360 E/libEGL  ( 3034): called unimplemented OpenGL ES API
06-17 18:46:10.362 W/QueryController( 3463): Could not detect idle state.
06-17 18:46:10.364 D/UiObject2( 3463): Clicking on (1057, 437).
06-17 18:46:10.383 D/InsetsController( 3397): show(ime(), fromIme=true)
06-17 18:46:10.386 D/InputMethodManager( 3397): showSoftInput() view=tech.gtt.frontapp.stb.c.ui.edittext.EmailAutoCompleteTextView{150ccca VFED..CL. .F.P.... 0,0-700,92 #7f0b02ce app:id/loginf_et_username aid=1073741824} flags=0 reason=SHOW_SOFT_INPUT
