--------- beginning of main
06-18 13:38:59.946 D/ProcessState(17021): Binder ioctl to enable oneway spam detection failed: Invalid argument
--------- beginning of system
06-18 13:38:59.947 I/ActivityManager( 1936): Force stopping tech.gtt.frontapp.stb.demo appid=10058 user=0: clear data
06-18 13:38:59.951 I/ActivityManager( 1936): Force stopping tech.gtt.frontapp.stb.demo appid=10058 user=-1: clearApplicationUserData
06-18 13:38:59.974 I/MediaProvider( 2560): Begin Intent { act=android.intent.action.PACKAGE_DATA_CLEARED dat=package:tech.gtt.frontapp.stb.demo flg=0x1000010 cmp=com.android.providers.media.module/com.android.providers.media.MediaService (has extras) }
06-18 13:38:59.975 D/MediaProvider( 2560): Deleted 0 Android/media items belonging to tech.gtt.frontapp.stb.demo on /data/user/0/com.android.providers.media.module/databases/external.db
06-18 13:38:59.975 I/MediaProvider( 2560): End Intent { act=android.intent.action.PACKAGE_DATA_CLEARED dat=package:tech.gtt.frontapp.stb.demo flg=0x1000010 cmp=com.android.providers.media.module/com.android.providers.media.MediaService (has extras) }
06-18 13:39:00.041 D/AndroidRuntime(17035): >>>>>> START com.android.internal.os.RuntimeInit uid 0 <<<<<<
06-18 13:39:00.043 I/AndroidRuntime(17035): Using default boot image
06-18 13:39:00.043 I/AndroidRuntime(17035): Leaving lock profiling enabled
06-18 13:39:00.044 W/app_process(17035): ART APEX data files are untrusted.
06-18 13:39:00.044 I/app_process(17035): Core platform API reporting enabled, enforcing=false
06-18 13:39:00.089 D/app_process(17035): Time zone APEX ICU file found: /apex/com.android.tzdata/etc/icu/icu_tzdata.dat
06-18 13:39:00.089 D/app_process(17035): I18n APEX ICU file found: /apex/com.android.i18n/etc/icu/icudt68l.dat
06-18 13:39:00.093 W/app_process(17035): Unexpected CPU variant for X86 using defaults: x86_64
06-18 13:39:00.109 D/ProcessState(17035): Binder ioctl to enable oneway spam detection failed: Invalid argument
06-18 13:39:00.110 D/AndroidRuntime(17035): Calling main entry com.android.commands.monkey.Monkey
06-18 13:39:00.110 W/Monkey  (17035): args: [-p, tech.gtt.frontapp.stb.demo, -c, android.intent.category.LAUNCHER, 1]
06-18 13:39:00.110 W/Monkey  (17035):  arg: "-p"
06-18 13:39:00.110 W/Monkey  (17035):  arg: "tech.gtt.frontapp.stb.demo"
06-18 13:39:00.110 W/Monkey  (17035):  arg: "-c"
06-18 13:39:00.110 W/Monkey  (17035):  arg: "android.intent.category.LAUNCHER"
06-18 13:39:00.110 W/Monkey  (17035):  arg: "1"
06-18 13:39:00.110 W/Monkey  (17035): data="tech.gtt.frontapp.stb.demo"
06-18 13:39:00.110 W/Monkey  (17035): data="android.intent.category.LAUNCHER"
06-18 13:39:00.146 W/BroadcastQueue( 1936): Skipping deliver [background] BroadcastRecord{b54398e u-1 android.net.conn.CONNECTIVITY_CHANGE} to ReceiverList{e39f5af 17035 (unknown name)/0/u-1 remote:bfe0890}: process gone or crashing
06-18 13:39:00.152 I/ActivityTaskManager( 1936): START u0 {act=android.intent.action.MAIN cat=[android.intent.category.LAUNCHER] flg=0x10200000 cmp=tech.gtt.frontapp.stb.demo/tech.gtt.frontapp.stb.m.home.activity.SplashActivity} from uid 0
06-18 13:39:00.154 W/ActivityTaskManager( 1936): Can't find TaskDisplayArea to determine support for multi window. Task id=31 attached=false
06-18 13:39:00.168 I/Monkey  (17035): Events injected: 1
06-18 13:39:00.171 D/CompatibilityChangeReporter( 1936): Compat change id reported: 135634846; UID 10058; state: DISABLED
06-18 13:39:00.172 D/CompatibilityChangeReporter( 1936): Compat change id reported: 143937733; UID 10058; state: ENABLED
06-18 13:39:00.187 I/Monkey  (17035): ## Network stats: elapsed time=33ms (0ms mobile, 0ms wifi, 33ms not connected)
06-18 13:39:00.195 D/gralloc_nox( 1767): gralloc_alloc: Creating ashmem region of size 8298496
06-18 13:39:00.229 D/Zygote  ( 1756): Forked child process 17049
06-18 13:39:00.230 W/ActivityManager( 1936): Slow operation: 59ms so far, now at startProcess: returned from zygote!
06-18 13:39:00.231 I/app_process(17035): System.exit called, status: 0
06-18 13:39:00.231 I/AndroidRuntime(17035): VM exiting with result code 0.
06-18 13:39:00.232 W/ActivityManager( 1936): Slow operation: 61ms so far, now at startProcess: done updating battery stats
06-18 13:39:00.233 W/ActivityManager( 1936): Slow operation: 62ms so far, now at startProcess: building log message
06-18 13:39:00.233 I/ActivityManager( 1936): Start proc 17049:tech.gtt.frontapp.stb.demo/u0a58 for pre-top-activity {tech.gtt.frontapp.stb.demo/tech.gtt.frontapp.stb.m.home.activity.SplashActivity}
06-18 13:39:00.233 W/ActivityManager( 1936): Slow operation: 62ms so far, now at startProcess: starting to update pids map
06-18 13:39:00.234 W/ActivityManager( 1936): Slow operation: 63ms so far, now at startProcess: done updating pids map
06-18 13:39:00.244 I/Zygote  (17049): seccomp disabled by setenforce 0
06-18 13:39:00.253 W/ontapp.stb.dem(17049): Unexpected CPU variant for X86 using defaults: x86_64
06-18 13:39:00.255 D/gralloc_nox( 1767): gralloc_alloc: Creating ashmem region of size 8298496
06-18 13:39:00.263 D/ProcessState(17049): Binder ioctl to enable oneway spam detection failed: Invalid argument
06-18 13:39:00.290 E/ashmem  (17049): memfd: ro.vndk.version not defined or invalid (), this is mandated since P.
06-18 13:39:00.293 D/CompatibilityChangeReporter(17049): Compat change id reported: 171979766; UID 10058; state: ENABLED
06-18 13:39:00.307 D/gralloc_nox( 1767): gralloc_alloc: Creating ashmem region of size 8298496
06-18 13:39:00.361 V/GraphicsEnvironment(17049): ANGLE Developer option for 'tech.gtt.frontapp.stb.demo' set to: 'default'
06-18 13:39:00.362 V/GraphicsEnvironment(17049): ANGLE GameManagerService for tech.gtt.frontapp.stb.demo: false
06-18 13:39:00.362 V/GraphicsEnvironment(17049): Neither updatable production driver nor prerelease driver is supported.
06-18 13:39:00.368 D/NetworkSecurityConfig(17049): Using Network Security Config from resource network_security_config debugBuild: false
06-18 13:39:00.371 D/NetworkSecurityConfig(17049): Using Network Security Config from resource network_security_config debugBuild: false
06-18 13:39:00.380 I/MultiDex(17049): VM with version 2.1.0 has multidex support
06-18 13:39:00.380 I/MultiDex(17049): Installing application
06-18 13:39:00.380 I/MultiDex(17049): VM has multidex support, MultiDex support library is disabled.
06-18 13:39:00.380 E/[Package](17049): params: AppConfiguration(vnoId='11026504', brandId='d0k7d3p3kdikth2o3q6g', appId='d0jucrbq6bt4h33c0ma0', sourceId='30006401-31002837', authServers='https://gtt-app-apigateway-lion.vdemosit.com', shareKey='S2kQMgUSugYyMlk5QclHDaF0uDsFnB0oJoFeAFgsKb8=', packageName='tech.gtt.frontapp.stb.demo', appName='Goose TV', appVersionName='v1.0.0', appVersionCode='7', pluginVersionCode='1', pluginVersionName='6.0.0-beta-build5', packageSeq='1', buglyAppId='d76a04165f', buglyKey='13b89b2d-1c12-4c4f-93b8-46e3c2ef9f73', baseVersionCode='20000066', gitTag='2.1.4-beta6', supportLang='en,pt,es', defaultLang='en', bootLoadType='1')
06-18 13:39:00.381 W/System.err(17049): java.lang.ClassNotFoundException: tech.gtt.frontapp.stb.docker.plugin.PluginUtils
06-18 13:39:00.381 W/System.err(17049): 	at java.lang.Class.classForName(Native Method)
06-18 13:39:00.381 W/System.err(17049): 	at java.lang.Class.forName(Class.java:454)
06-18 13:39:00.381 W/System.err(17049): 	at java.lang.Class.forName(Class.java:379)
06-18 13:39:00.381 W/System.err(17049): 	at ot.e.b(SourceFile:3)
06-18 13:39:00.381 W/System.err(17049): 	at tech.gtt.frontapp.stb.app.MainApplication.attachBaseContext(SourceFile:130)
06-18 13:39:00.381 W/System.err(17049): 	at android.app.Application.attach(Application.java:338)
06-18 13:39:00.381 W/System.err(17049): 	at android.app.Instrumentation.newApplication(Instrumentation.java:1190)
06-18 13:39:00.381 W/System.err(17049): 	at android.app.LoadedApk.makeApplication(LoadedApk.java:1361)
06-18 13:39:00.381 W/System.err(17049): 	at android.app.ActivityThread.handleBindApplication(ActivityThread.java:6728)
06-18 13:39:00.381 W/System.err(17049): 	at android.app.ActivityThread.access$1500(ActivityThread.java:256)
06-18 13:39:00.381 W/System.err(17049): 	at android.app.ActivityThread$H.handleMessage(ActivityThread.java:2091)
06-18 13:39:00.381 W/System.err(17049): 	at android.os.Handler.dispatchMessage(Handler.java:106)
06-18 13:39:00.382 W/System.err(17049): 	at android.os.Looper.loopOnce(Looper.java:201)
06-18 13:39:00.382 W/System.err(17049): 	at android.os.Looper.loop(Looper.java:288)
06-18 13:39:00.382 W/System.err(17049): 	at android.app.ActivityThread.main(ActivityThread.java:7875)
06-18 13:39:00.382 W/System.err(17049): 	at java.lang.reflect.Method.invoke(Native Method)
06-18 13:39:00.382 W/System.err(17049): 	at com.android.internal.os.RuntimeInit$MethodAndArgsCaller.run(RuntimeInit.java:568)
06-18 13:39:00.382 W/System.err(17049): 	at com.android.internal.os.ZygoteInit.main(ZygoteInit.java:1005)
06-18 13:39:00.382 W/System.err(17049): Caused by: java.lang.ClassNotFoundException: tech.gtt.frontapp.stb.docker.plugin.PluginUtils
06-18 13:39:00.382 W/System.err(17049): 	... 18 more
06-18 13:39:00.382 E/[Package](17049): isInPluginMode: false
06-18 13:39:00.387 I/CustomActivityOnCrash(17049): CustomActivityOnCrash has been installed.
06-18 13:39:00.390 I/System.out(17049): Modular_Init : a - initialize
06-18 13:39:00.393 I/System.out(17049): Modular_Init : d - initialize
06-18 13:39:00.394 I/System.out(17049): Modular_Init : a - initialize
06-18 13:39:00.395 I/System.out(17049): Modular_Init : a - initialize
06-18 13:39:00.395 D/[CatchupInitModule](17049): init---
06-18 13:39:00.395 I/System.out(17049): Modular_Init : a - initialize
06-18 13:39:00.395 D/[ReplayInitialize](17049): init---
06-18 13:39:00.395 I/System.out(17049): Modular_Init : a - initialize
06-18 13:39:00.395 D/[LiveInitialize](17049): init---
06-18 13:39:00.395 I/System.out(17049): Modular_Init : b - initialize
06-18 13:39:00.396 D/AndroidAutoSize(17049): designWidthInDp = 360, designHeightInDp = 640, screenWidth = 1920, screenHeight = 1080
06-18 13:39:00.396 D/AndroidAutoSize(17049): initDensity = 2.0, initScaledDensity = 2.0
06-18 13:39:00.460 D/AndroidAutoSize(17049): tech.gtt.frontapp.stb.m.home.activity.SplashActivity used the global configuration.
06-18 13:39:00.469 D/AndroidAutoSize(17049): The tech.gtt.frontapp.stb.m.home.activity.SplashActivity has been adapted! 
06-18 13:39:00.469 D/AndroidAutoSize(17049): SplashActivity Info: isBaseOnWidth = true, designWidthInDp = 1920.000000, designWidthInSubunits = 1920.000000, targetDensity = 1.000000, targetScaledDensity = 1.000000, targetDensityDpi = 160, targetXdpi = 1.000000, targetScreenWidthDp = 1920, targetScreenHeightDp = 1032
06-18 13:39:00.528 D/AndroidAutoSize(17049): tech.gtt.frontapp.stb.m.home.activity.SplashActivity used the global configuration.
06-18 13:39:00.529 D/AndroidAutoSize(17049): The tech.gtt.frontapp.stb.m.home.activity.SplashActivity has been adapted! 
06-18 13:39:00.529 D/AndroidAutoSize(17049): SplashActivity Info: isBaseOnWidth = true, designWidthInDp = 1920.000000, designWidthInSubunits = 1920.000000, targetDensity = 1.000000, targetScaledDensity = 1.000000, targetDensityDpi = 160, targetXdpi = 1.000000, targetScreenWidthDp = 1920, targetScreenHeightDp = 1032
06-18 13:39:00.537 I/ActivityTaskManager( 1936): START u0 {act=android.content.pm.action.REQUEST_PERMISSIONS pkg=com.android.permissioncontroller cmp=com.android.permissioncontroller/.permission.ui.GrantPermissionsActivity (has extras)} from uid 10058
06-18 13:39:00.568 D/ontapp.stb.dem(17049): createUnique: call
06-18 13:39:00.583 D/ontapp.stb.dem(17049): HostComposition ext GL_OES_EGL_image GL_OES_EGL_image_external GL_OES_depth24 GL_OES_depth32 GL_OES_element_index_uint GL_OES_texture_float GL_OES_texture_float_linear GL_OES_compressed_paletted_texture GL_OES_compressed_ETC1_RGB8_texture GL_OES_depth_texture GL_EXT_texture_format_BGRA8888 GL_APPLE_texture_format_BGRA8888 GL_OES_texture_half_float GL_EXT_robustness GL_OES_texture_half_float_linear GL_OES_packed_depth_stencil GL_OES_vertex_half_float GL_OES_texture_npot GL_OES_rgb8_rgba8 GL_EXT_color_buffer_float GL_EXT_texture_sRGB_decode ANDROID_gles_max_version_3_1 GL_OES_vertex_array_object GL_EXT_texture_buffer GL_EXT_copy_image GL_KHR_texture_compression_astc_ldr GL_KHR_texture_compression_astc_hdr GL_OES_texture_compression_astc GL_OES_EGL_image_external
06-18 13:39:00.584 D/hw-ProcessState(17049): Binder ioctl to enable oneway spam detection failed: Invalid argument
06-18 13:39:00.585 W/OpenGLRenderer(17049): Failed to initialize 101010-2 format, error = EGL_SUCCESS
06-18 13:39:00.586 D/EGL_emulation(17049): rcCreateContext wated version 2.0  rc:4
06-18 13:39:00.604 D/EGL_emulation(17049): eglMakeCurrent: 0x74841c048770: ver 3 2 (tinfo 0x74839c04c6f0) (first time)
06-18 13:39:00.608 D/ProcessState(17085): Binder ioctl to enable oneway spam detection failed: Invalid argument
06-18 13:39:00.609 E/HWComposer( 1779): getSupportedContentTypes: getSupportedContentTypes failed for display 0: Unsupported (8)
06-18 13:39:00.610 I/hwservicemanager( 1567): getTransport: Cannot find entry android.hardware.graphics.mapper@4.0::IMapper/default in either framework or device VINTF manifest.
06-18 13:39:00.610 I/Gralloc4(17049): mapper 4.x is not supported
06-18 13:39:00.610 I/hwservicemanager( 1567): getTransport: Cannot find entry android.hardware.graphics.mapper@3.0::IMapper/default in either framework or device VINTF manifest.
06-18 13:39:00.610 W/Gralloc3(17049): mapper 3.x is not supported
06-18 13:39:00.611 I/hwservicemanager( 1567): getTransport: Cannot find entry android.hardware.graphics.allocator@4.0::IAllocator/default in either framework or device VINTF manifest.
06-18 13:39:00.611 W/Gralloc4(17049): allocator 4.x is not supported
06-18 13:39:00.611 I/hwservicemanager( 1567): getTransport: Cannot find entry android.hardware.graphics.allocator@3.0::IAllocator/default in either framework or device VINTF manifest.
06-18 13:39:00.611 W/Gralloc3(17049): allocator 3.x is not supported
06-18 13:39:00.612 D/gralloc_nox( 1767): gralloc_alloc: Creating ashmem region of size 8298496
06-18 13:39:00.649 D/ontapp.stb.dem(17049): createUnique: call
06-18 13:39:00.662 D/ontapp.stb.dem(17049): HostComposition ext GL_OES_EGL_image GL_OES_EGL_image_external GL_OES_depth24 GL_OES_depth32 GL_OES_element_index_uint GL_OES_texture_float GL_OES_texture_float_linear GL_OES_compressed_paletted_texture GL_OES_compressed_ETC1_RGB8_texture GL_OES_depth_texture GL_EXT_texture_format_BGRA8888 GL_APPLE_texture_format_BGRA8888 GL_OES_texture_half_float GL_EXT_robustness GL_OES_texture_half_float_linear GL_OES_packed_depth_stencil GL_OES_vertex_half_float GL_OES_texture_npot GL_OES_rgb8_rgba8 GL_EXT_color_buffer_float GL_EXT_texture_sRGB_decode ANDROID_gles_max_version_3_1 GL_OES_vertex_array_object GL_EXT_texture_buffer GL_EXT_copy_image GL_KHR_texture_compression_astc_ldr GL_KHR_texture_compression_astc_hdr GL_OES_texture_compression_astc GL_OES_EGL_image_external
06-18 13:39:00.663 D/gralloc_nox( 1767): gralloc_alloc: Creating ashmem region of size 8298496
06-18 13:39:00.709 D/gralloc_nox( 1767): gralloc_alloc: Creating ashmem region of size 8298496
06-18 13:39:00.777 E/libEGL  (17049): called unimplemented OpenGL ES API
06-18 13:39:00.829 W/ActivityTaskManager( 1936): Tried to set launchTime (0) < mLastActivityLaunchTime (67902843)
06-18 13:39:01.003 I/ActivityTaskManager( 1936): Displayed com.android.permissioncontroller/.permission.ui.GrantPermissionsActivity: +844ms
06-18 13:39:01.036 D/ProcessState(17096): Binder ioctl to enable oneway spam detection failed: Invalid argument
06-18 13:39:01.129 W/InputManager-JNI( 1936): Input channel object '6a259a8 Splash Screen tech.gtt.frontapp.stb.demo (client)' was disposed without first being removed with the input manager!
06-18 13:39:01.183 D/gralloc_nox( 1767): gralloc_alloc: Creating ashmem region of size 5496832
06-18 13:39:01.347 D/gralloc_nox( 1767): gralloc_alloc: Creating ashmem region of size 5496832
06-18 13:39:01.528 D/gralloc_nox( 1767): gralloc_alloc: Creating ashmem region of size 5496832
06-18 13:39:03.177 E/TaskPersister( 1936): File error accessing recents directory (directory doesn't exist?).
06-18 13:39:03.273 D/UIAutomatorStub(16995): URI: /jsonrpc/0, Method: POST, params, {NanoHttpd.QUERY_STRING=null}, files: {postData={"jsonrpc": "2.0", "id": 1, "method": "count", "params": [{"mask": 2097152, "childOrSibling": [], "childOrSiblingSelector": [], "resourceId": "com.android.permissioncontroller:id/permission_allow_button"}]}}
06-18 13:39:03.322 D/UiObject(16995): Waiting 0ms for UiSelector[RESOURCE_ID=com.android.permissioncontroller:id/permission_allow_button].
06-18 13:39:03.324 W/QueryController(16995): Could not detect idle state.
06-18 13:39:03.344 I/QueryController(16995): Matched selector: UiSelector[RESOURCE_ID=com.android.permissioncontroller:id/permission_allow_button] <<==>> [android.view.accessibility.AccessibilityNodeInfo@1247c; boundsInParent: Rect(0, 0 - 992, 112); boundsInScreen: Rect(464, 557 - 1456, 669); packageName: com.android.permissioncontroller; className: android.widget.Button; text: 允许; error: null; maxTextLength: -1; stateDescription: null; contentDescription: null; tooltipText: null; viewIdResName: com.android.permissioncontroller:id/permission_allow_button; checkable: false; checked: false; focusable: true; focused: false; selected: false; clickable: true; longClickable: false; contextClickable: false; enabled: true; password: false; scrollable: false; importantForAccessibility: true; visible: true; actions: [AccessibilityAction: ACTION_FOCUS - null, AccessibilityAction: ACTION_SELECT - null, AccessibilityAction: ACTION_CLEAR_SELECTION - null, AccessibilityAction: ACTION_CLICK - null, AccessibilityAction: ACTION_ACCESSIBILITY_FOCUS - null, AccessibilityAction: ACTION_NEXT_AT_MOVEMENT_GRANULARITY - null, AccessibilityAction: ACTION_PREVIOUS_AT_MOVEMENT_GRANULARITY - null, AccessibilityAction: ACTION_SET_SELECTION - null, AccessibilityAction: ACTION_SHOW_ON_SCREEN - null]]
06-18 13:39:03.349 D/UiObject(16995): Waiting 0ms for UiSelector[INSTANCE=1, RESOURCE_ID=com.android.permissioncontroller:id/permission_allow_button].
06-18 13:39:03.352 W/QueryController(16995): Could not detect idle state.
06-18 13:39:03.393 D/UIAutomatorStub(16995): URI: /jsonrpc/0, Method: POST, params, {NanoHttpd.QUERY_STRING=null}, files: {postData={"jsonrpc": "2.0", "id": 1, "method": "waitForExists", "params": [{"mask": 2097152, "childOrSibling": [], "childOrSiblingSelector": [], "resourceId": "com.android.permissioncontroller:id/permission_allow_button"}, 20000]}}
06-18 13:39:03.401 D/UiDevice(16995): Waiting 20000ms for SearchCondition[hasObject=BySelector [RES='\Qcom.android.permissioncontroller:id/permission_allow_button\E']].
06-18 13:39:03.401 D/UiDevice(16995): Searching for node with selector: BySelector [RES='\Qcom.android.permissioncontroller:id/permission_allow_button\E'].
06-18 13:39:03.403 W/QueryController(16995): Could not detect idle state.
06-18 13:39:03.467 D/UIAutomatorStub(16995): URI: /jsonrpc/0, Method: POST, params, {NanoHttpd.QUERY_STRING=null}, files: {postData={"jsonrpc": "2.0", "id": 1, "method": "objInfo", "params": [{"mask": 2097152, "childOrSibling": [], "childOrSiblingSelector": [], "resourceId": "com.android.permissioncontroller:id/permission_allow_button"}]}}
06-18 13:39:03.471 D/UiDevice(16995): Retrieving node with selector: BySelector [RES='\Qcom.android.permissioncontroller:id/permission_allow_button\E'].
06-18 13:39:03.471 W/QueryController(16995): Could not detect idle state.
06-18 13:39:03.489 W/QueryController(16995): Could not detect idle state.
06-18 13:39:03.493 W/QueryController(16995): Could not detect idle state.
06-18 13:39:03.500 W/QueryController(16995): Could not detect idle state.
06-18 13:39:03.505 W/QueryController(16995): Could not detect idle state.
06-18 13:39:03.508 W/QueryController(16995): Could not detect idle state.
06-18 13:39:03.513 W/QueryController(16995): Could not detect idle state.
06-18 13:39:03.521 W/QueryController(16995): Could not detect idle state.
06-18 13:39:03.522 W/QueryController(16995): Could not detect idle state.
06-18 13:39:03.525 W/QueryController(16995): Could not detect idle state.
06-18 13:39:03.529 W/QueryController(16995): Could not detect idle state.
06-18 13:39:03.537 W/QueryController(16995): Could not detect idle state.
06-18 13:39:03.538 W/QueryController(16995): Could not detect idle state.
06-18 13:39:03.541 W/QueryController(16995): Could not detect idle state.
06-18 13:39:03.546 W/QueryController(16995): Could not detect idle state.
06-18 13:39:03.553 W/QueryController(16995): Could not detect idle state.
06-18 13:39:03.558 W/QueryController(16995): Could not detect idle state.
06-18 13:39:03.564 W/QueryController(16995): Could not detect idle state.
06-18 13:39:03.607 D/UIAutomatorStub(16995): URI: /jsonrpc/0, Method: POST, params, {NanoHttpd.QUERY_STRING=null}, files: {postData={"jsonrpc": "2.0", "id": 1, "method": "click", "params": [960.0, 613.0]}}
06-18 13:39:03.625 V/DisplayPowerController[0]( 1936): Brightness [0.39763778] reason changing to: 'manual', previous reason: 'manual [ dim ]'.
06-18 13:39:03.640 E/DisplayDeviceConfig( 1936): requesting nits when no mapping exists.
06-18 13:39:03.640 E/DisplayDeviceConfig( 1936): requesting nits when no mapping exists.
06-18 13:39:03.642 E/LightsService( 1936): Light requested not available on this device. 0
06-18 13:39:03.643 I/DropBoxManagerService( 1936): add tag=system_server_wtf isTagEnabled=true flags=0x2
06-18 13:39:03.646 I/DropBoxManagerService( 1936): add tag=system_server_wtf isTagEnabled=true flags=0x2
06-18 13:39:03.657 E/DisplayDeviceConfig( 1936): requesting nits when no mapping exists.
06-18 13:39:03.657 E/DisplayDeviceConfig( 1936): requesting nits when no mapping exists.
06-18 13:39:03.661 E/LightsService( 1936): Light requested not available on this device. 0
06-18 13:39:03.661 I/DropBoxManagerService( 1936): add tag=system_server_wtf isTagEnabled=true flags=0x2
06-18 13:39:03.663 I/DropBoxManagerService( 1936): add tag=system_server_wtf isTagEnabled=true flags=0x2
06-18 13:39:03.673 E/DisplayDeviceConfig( 1936): requesting nits when no mapping exists.
06-18 13:39:03.674 E/DisplayDeviceConfig( 1936): requesting nits when no mapping exists.
06-18 13:39:03.675 I/DropBoxManagerService( 1936): add tag=system_server_wtf isTagEnabled=true flags=0x2
06-18 13:39:03.675 E/LightsService( 1936): Light requested not available on this device. 0
06-18 13:39:03.692 E/DisplayDeviceConfig( 1936): requesting nits when no mapping exists.
06-18 13:39:03.693 E/DisplayDeviceConfig( 1936): requesting nits when no mapping exists.
06-18 13:39:03.696 E/LightsService( 1936): Light requested not available on this device. 0
06-18 13:39:03.708 E/DisplayDeviceConfig( 1936): requesting nits when no mapping exists.
06-18 13:39:03.710 E/DisplayDeviceConfig( 1936): requesting nits when no mapping exists.
06-18 13:39:03.711 E/LightsService( 1936): Light requested not available on this device. 0
06-18 13:39:03.723 E/DisplayDeviceConfig( 1936): requesting nits when no mapping exists.
06-18 13:39:03.724 E/DisplayDeviceConfig( 1936): requesting nits when no mapping exists.
06-18 13:39:03.726 E/LightsService( 1936): Light requested not available on this device. 0
06-18 13:39:03.745 E/DisplayDeviceConfig( 1936): requesting nits when no mapping exists.
06-18 13:39:03.745 E/DisplayDeviceConfig( 1936): requesting nits when no mapping exists.
06-18 13:39:03.753 E/LightsService( 1936): Light requested not available on this device. 0
06-18 13:39:03.757 E/DisplayDeviceConfig( 1936): requesting nits when no mapping exists.
06-18 13:39:03.758 E/DisplayDeviceConfig( 1936): requesting nits when no mapping exists.
06-18 13:39:03.762 E/LightsService( 1936): Light requested not available on this device. 0
06-18 13:39:03.772 E/DisplayDeviceConfig( 1936): requesting nits when no mapping exists.
06-18 13:39:03.773 E/DisplayDeviceConfig( 1936): requesting nits when no mapping exists.
06-18 13:39:03.774 E/LightsService( 1936): Light requested not available on this device. 0
06-18 13:39:03.791 E/DisplayDeviceConfig( 1936): requesting nits when no mapping exists.
06-18 13:39:03.791 E/DisplayDeviceConfig( 1936): requesting nits when no mapping exists.
06-18 13:39:03.793 E/LightsService( 1936): Light requested not available on this device. 0
06-18 13:39:03.807 E/DisplayDeviceConfig( 1936): requesting nits when no mapping exists.
06-18 13:39:03.807 E/DisplayDeviceConfig( 1936): requesting nits when no mapping exists.
06-18 13:39:03.808 E/LightsService( 1936): Light requested not available on this device. 0
06-18 13:39:03.825 E/DisplayDeviceConfig( 1936): requesting nits when no mapping exists.
06-18 13:39:03.825 E/DisplayDeviceConfig( 1936): requesting nits when no mapping exists.
06-18 13:39:03.827 E/LightsService( 1936): Light requested not available on this device. 0
06-18 13:39:03.843 E/DisplayDeviceConfig( 1936): requesting nits when no mapping exists.
06-18 13:39:03.845 E/DisplayDeviceConfig( 1936): requesting nits when no mapping exists.
06-18 13:39:03.861 E/LightsService( 1936): Light requested not available on this device. 0
06-18 13:39:03.861 E/DisplayDeviceConfig( 1936): requesting nits when no mapping exists.
06-18 13:39:03.862 E/DisplayDeviceConfig( 1936): requesting nits when no mapping exists.
06-18 13:39:03.870 E/LightsService( 1936): Light requested not available on this device. 0
06-18 13:39:03.874 E/DisplayDeviceConfig( 1936): requesting nits when no mapping exists.
06-18 13:39:03.875 E/DisplayDeviceConfig( 1936): requesting nits when no mapping exists.
06-18 13:39:03.880 E/LightsService( 1936): Light requested not available on this device. 0
06-18 13:39:03.976 V/GrantPermissionsViewModel(16100): Logged buttons presented and clicked permissionGroupName=android.permission-group.STORAGE uid=10058 selectedLocations=0 package=tech.gtt.frontapp.stb.demo presentedButtons=9 clickedButton=1 sessionId=-41090688262392279 targetSdk=35
06-18 13:39:03.981 I/MediaProvider( 2560): Invalidating LocalCallingIdentity cache for package tech.gtt.frontapp.stb.demo. Reason: op android:read_external_storage
06-18 13:39:03.985 V/GrantPermissionsViewModel(16100): Permission grant result requestId=-41090688262392279 callingUid=10058 callingPackage=tech.gtt.frontapp.stb.demo permission=android.permission.READ_EXTERNAL_STORAGE isImplicit=false result=4
06-18 13:39:03.988 D/gralloc_nox( 1767): gralloc_alloc: Creating ashmem region of size 8298496
06-18 13:39:04.023 E/android.hardware.audio.service( 1759): pcm_open called create stream faild
06-18 13:39:04.084 W/ndroid.launche( 2386): Reducing the number of considered missed Gc histogram windows from 6445 to 100
06-18 13:39:04.424 D/CompatibilityChangeReporter(17049): Compat change id reported: 78294732; UID 10058; state: ENABLED
06-18 13:39:04.429 I/b       (17049): freeSpace : 116666MB
06-18 13:39:04.550 D/ProcessState(17110): Binder ioctl to enable oneway spam detection failed: Invalid argument
06-18 13:39:04.716 D/ConnectivityService( 1936): NetReassign [no changes]
06-18 13:39:04.762 V/GSK     (17049): StorageServiceImpl initialization() executed in 1 ms.
06-18 13:39:04.762 V/GSK     (17049): SecurityServiceImpl initialization() executed in 0 ms.
06-18 13:39:04.900 W/System.err(17049): SLF4J(W): No SLF4J providers were found.
06-18 13:39:04.900 W/System.err(17049): SLF4J(W): Defaulting to no-operation (NOP) logger implementation
06-18 13:39:04.900 W/System.err(17049): SLF4J(W): See https://www.slf4j.org/codes.html#noProviders for further details.
06-18 13:39:04.979 W/System.err(17049): kotlinx.serialization.json.internal.JsonDecodingException: Expected start of the object '{', but had 'EOF' instead at path: $
06-18 13:39:04.980 W/System.err(17049): JSON input: 
06-18 13:39:04.980 W/System.err(17049): 	at kotlinx.serialization.json.internal.JsonExceptionsKt.JsonDecodingException(SourceFile:1)
06-18 13:39:04.980 W/System.err(17049): 	at kotlinx.serialization.json.internal.JsonExceptionsKt.JsonDecodingException(SourceFile:2)
06-18 13:39:04.980 W/System.err(17049): 	at kotlinx.serialization.json.internal.AbstractJsonLexer.fail(SourceFile:52)
06-18 13:39:04.980 W/System.err(17049): 	at kotlinx.serialization.json.internal.AbstractJsonLexer.fail$default(SourceFile:15)
06-18 13:39:04.980 W/System.err(17049): 	at kotlinx.serialization.json.internal.AbstractJsonLexer.unexpectedToken(SourceFile:103)
06-18 13:39:04.980 W/System.err(17049): 	at kotlinx.serialization.json.internal.StringJsonLexer.consumeNextToken(SourceFile:16)
06-18 13:39:04.980 W/System.err(17049): 	at kotlinx.serialization.json.internal.StreamingJsonDecoder.beginStructure(SourceFile:23)
06-18 13:39:04.980 W/System.err(17049): 	at tech.gtt.frontapp.servicesdk.common.service.utility.apis.e2ee.E2eeConfigResponse$$serializer.deserialize(SourceFile:2)
06-18 13:39:04.980 W/System.err(17049): 	at tech.gtt.frontapp.servicesdk.common.service.utility.apis.e2ee.E2eeConfigResponse$$serializer.deserialize(SourceFile:1)
06-18 13:39:04.980 W/System.err(17049): 	at kotlinx.serialization.json.internal.StreamingJsonDecoder.decodeSerializableValue(SourceFile:320)
06-18 13:39:04.980 W/System.err(17049): 	at kotlinx.serialization.json.Json.decodeFromString(SourceFile:3)
06-18 13:39:04.980 W/System.err(17049): 	at tech.gtt.frontapp.servicesdk.common.service.utility.apis.e2ee.E2eeManager.syncE2eeConfig(SourceFile:74)
06-18 13:39:04.980 W/System.err(17049): 	at tech.gtt.frontapp.servicesdk.common.service.utility.apis.ApiUtilServiceImpl.onServiceInit(SourceFile:228)
06-18 13:39:04.980 W/System.err(17049): 	at tech.gtt.frontapp.servicesdk.common.core.ServiceSDKImpl.executeServiceInitialize(SourceFile:372)
06-18 13:39:04.980 W/System.err(17049): 	at tech.gtt.frontapp.servicesdk.common.core.ServiceSDKImpl.access$executeServiceInitialize(SourceFile:1)
06-18 13:39:04.980 W/System.err(17049): 	at tech.gtt.frontapp.servicesdk.common.core.ServiceSDKImpl$init$1.invokeSuspend(SourceFile:178)
06-18 13:39:04.980 W/System.err(17049): 	at tech.gtt.frontapp.servicesdk.common.core.ServiceSDKImpl$init$1.invoke(SourceFile:2)
06-18 13:39:04.980 W/System.err(17049): 	at tech.gtt.frontapp.servicesdk.common.core.ServiceSDKImpl$init$1.invoke(SourceFile:1)
06-18 13:39:04.980 W/System.err(17049): 	at kotlinx.coroutines.flow.SafeFlow.collectSafely(SourceFile:3)
06-18 13:39:04.980 W/System.err(17049): 	at kotlinx.coroutines.flow.AbstractFlow.collect(SourceFile:70)
06-18 13:39:04.980 W/System.err(17049): 	at tech.gtt.frontapp.servicesdk.common.core.SDKSetup$build$1.invokeSuspend(SourceFile:42)
06-18 13:39:04.980 W/System.err(17049): 	at tech.gtt.frontapp.servicesdk.common.core.SDKSetup$build$1.invoke(SourceFile:2)
06-18 13:39:04.980 W/System.err(17049): 	at tech.gtt.frontapp.servicesdk.common.core.SDKSetup$build$1.invoke(SourceFile:1)
06-18 13:39:04.980 W/System.err(17049): 	at tech.gtt.frontapp.servicesdk.common.core.Scheduler$scheduleDirect$1.invokeSuspend(SourceFile:61)
06-18 13:39:04.980 W/System.err(17049): 	at lh.a.resumeWith(SourceFile:14)
06-18 13:39:04.980 W/System.err(17049): 	at kotlinx.coroutines.DispatchedTask.run(SourceFile:123)
06-18 13:39:04.980 W/System.err(17049): 	at kotlinx.coroutines.internal.LimitedDispatcher$Worker.run(SourceFile:4)
06-18 13:39:04.980 W/System.err(17049): 	at kotlinx.coroutines.scheduling.TaskImpl.run(SourceFile:3)
06-18 13:39:04.980 W/System.err(17049): 	at kotlinx.coroutines.scheduling.CoroutineScheduler.runSafely(SourceFile:1)
06-18 13:39:04.980 W/System.err(17049): 	at kotlinx.coroutines.scheduling.CoroutineScheduler$Worker.executeTask(SourceFile:34)
06-18 13:39:04.980 W/System.err(17049): 	at kotlinx.coroutines.scheduling.CoroutineScheduler$Worker.runWorker(SourceFile:29)
06-18 13:39:04.980 W/System.err(17049): 	at kotlinx.coroutines.scheduling.CoroutineScheduler$Worker.run(SourceFile:1)
06-18 13:39:04.986 W/InputManager-JNI( 1936): Input channel object 'ac66295 com.android.permissioncontroller/com.android.permissioncontroller.permission.ui.GrantPermissionsActivity (client)' was disposed without first being removed with the input manager!
06-18 13:39:04.988 W/SurfaceFlinger( 1779): couldn't log to binary event log: overflow.
06-18 13:39:04.992 W/System.err(17049): java.io.FileNotFoundException: sys/class/sunxi_info/sys_info: open failed: ENOENT (No such file or directory)
06-18 13:39:04.993 W/System.err(17049): 	at libcore.io.IoBridge.open(IoBridge.java:575)
06-18 13:39:04.993 W/System.err(17049): 	at java.io.FileInputStream.<init>(FileInputStream.java:160)
06-18 13:39:04.994 W/System.err(17049): 	at java.io.FileInputStream.<init>(FileInputStream.java:115)
06-18 13:39:04.994 W/System.err(17049): 	at ip.b.b(SourceFile:5)
06-18 13:39:04.994 W/System.err(17049): 	at ip.b.a(SourceFile:155)
06-18 13:39:04.994 W/System.err(17049): 	at ip.a.invoke(SourceFile:589)
06-18 13:39:04.994 W/System.err(17049): 	at dh.v.getValue(SourceFile:21)
06-18 13:39:04.994 W/System.err(17049): 	at tech.gtt.frontapp.servicesdk.common.network.interceptor.params.ApiDeviceParams.handleFixedParams(SourceFile:52)
06-18 13:39:04.994 W/System.err(17049): 	at tech.gtt.frontapp.servicesdk.common.service.utility.apis.IParamsGetter.toMaps(SourceFile:87)
06-18 13:39:04.994 W/System.err(17049): 	at tech.gtt.frontapp.servicesdk.common.network.interceptor.DefaultParamsInterceptor.onRequest(SourceFile:127)
06-18 13:39:04.994 W/System.err(17049): 	at tech.gtt.frontapp.servicesdk.common.network.interceptor.SDKInterceptorsPluginKt$setupRequestInterception$1.invokeSuspend(SourceFile:103)
06-18 13:39:04.994 W/System.err(17049): 	at tech.gtt.frontapp.servicesdk.common.network.interceptor.SDKInterceptorsPluginKt$setupRequestInterception$1.invoke(SourceFile:1)
06-18 13:39:04.994 W/System.err(17049): 	at tech.gtt.frontapp.servicesdk.common.network.interceptor.SDKInterceptorsPluginKt$setupRequestInterception$1.invoke(SourceFile:2)
06-18 13:39:04.994 W/System.err(17049): 	at io.ktor.util.pipeline.DebugPipelineContext.proceedLoop(SourceFile:86)
06-18 13:39:04.994 W/System.err(17049): 	at io.ktor.util.pipeline.DebugPipelineContext.proceed(SourceFile:26)
06-18 13:39:04.994 W/System.err(17049): 	at io.ktor.client.plugins.RequestError$install$1.invokeSuspend(SourceFile:47)
06-18 13:39:04.994 W/System.err(17049): 	at io.ktor.client.plugins.RequestError$install$1.invoke(SourceFile:1)
06-18 13:39:04.994 W/System.err(17049): 	at io.ktor.client.plugins.RequestError$install$1.invoke(SourceFile:2)
06-18 13:39:04.994 W/System.err(17049): 	at io.ktor.util.pipeline.DebugPipelineContext.proceedLoop(SourceFile:86)
06-18 13:39:04.994 W/System.err(17049): 	at io.ktor.util.pipeline.DebugPipelineContext.proceed(SourceFile:26)
06-18 13:39:04.994 W/System.err(17049): 	at io.ktor.client.plugins.SetupRequestContext$install$1.invokeSuspend$proceed(SourceFile:1)
06-18 13:39:04.994 W/System.err(17049): 	at io.ktor.client.plugins.SetupRequestContext$install$1.access$invokeSuspend$proceed(SourceFile:1)
06-18 13:39:04.994 W/System.err(17049): 	at io.ktor.client.plugins.SetupRequestContext$install$1$1.invoke(SourceFile:2)
06-18 13:39:04.994 W/System.err(17049): 	at io.ktor.client.plugins.SetupRequestContext$install$1$1.invoke(SourceFile:1)
06-18 13:39:04.994 W/System.err(17049): 	at io.ktor.client.plugins.HttpRequestLifecycleKt$HttpRequestLifecycle$1$1.invokeSuspend(SourceFile:78)
06-18 13:39:04.994 W/System.err(17049): 	at io.ktor.client.plugins.HttpRequestLifecycleKt$HttpRequestLifecycle$1$1.invoke(SourceFile:1)
06-18 13:39:04.994 W/System.err(17049): 	at io.ktor.client.plugins.HttpRequestLifecycleKt$HttpRequestLifecycle$1$1.invoke(SourceFile:2)
06-18 13:39:04.994 W/System.err(17049): 	at io.ktor.client.plugins.SetupRequestContext$install$1.invokeSuspend(SourceFile:42)
06-18 13:39:04.994 W/System.err(17049): 	at io.ktor.client.plugins.SetupRequestContext$install$1.invoke(SourceFile:1)
06-18 13:39:04.995 W/System.err(17049): 	at io.ktor.client.plugins.SetupRequestContext$install$1.invoke(SourceFile:2)
06-18 13:39:04.995 W/System.err(17049): 	at io.ktor.util.pipeline.DebugPipelineContext.proceedLoop(SourceFile:86)
06-18 13:39:04.995 W/System.err(17049): 	at io.ktor.util.pipeline.DebugPipelineContext.proceed(SourceFile:26)
06-18 13:39:04.995 W/System.err(17049): 	at io.ktor.util.pipeline.DebugPipelineContext.execute$ktor_utils(SourceFile:7)
06-18 13:39:04.995 W/System.err(17049): 	at io.ktor.util.pipeline.Pipeline.execute(SourceFile:9)
06-18 13:39:04.995 W/System.err(17049): 	at io.ktor.client.HttpClient.execute$ktor_client_core(SourceFile:68)
06-18 13:39:04.995 W/System.err(17049): 	at io.ktor.client.statement.HttpStatement.fetchResponse(SourceFile:90)
06-18 13:39:04.995 W/System.err(17049): 	at io.ktor.client.statement.HttpStatement.execute(SourceFile:9)
06-18 13:39:04.995 W/System.err(17049): 	at de.jensklingenberg.ktorfit.internal.KtorfitConverterHelper.suspendRequest(SourceFile:127)
06-18 13:39:04.995 W/System.err(17049): 	at de.jensklingenberg.ktorfit.internal.KtorfitConverterHelper$request$1$1.invokeSuspend(SourceFile:58)
06-18 13:39:04.995 W/System.err(17049): 	at de.jensklingenberg.ktorfit.internal.KtorfitConverterHelper$request$1$1.invoke(SourceFile:2)
06-18 13:39:04.995 W/System.err(17049): 	at de.jensklingenberg.ktorfit.internal.KtorfitConverterHelper$request$1$1.invoke(SourceFile:1)
06-18 13:39:04.995 W/System.err(17049): 	at de.jensklingenberg.ktorfit.converter.FlowConverterFactory$responseConverter$1$convert$1.invokeSuspend(SourceFile:84)
06-18 13:39:04.995 W/System.err(17049): 	at de.jensklingenberg.ktorfit.converter.FlowConverterFactory$responseConverter$1$convert$1.invoke(SourceFile:2)
06-18 13:39:04.995 W/System.err(17049): 	at de.jensklingenberg.ktorfit.converter.FlowConverterFactory$responseConverter$1$convert$1.invoke(SourceFile:1)
06-18 13:39:04.995 W/System.err(17049): 	at kotlinx.coroutines.flow.SafeFlow.collectSafely(SourceFile:3)
06-18 13:39:04.995 W/System.err(17049): 	at kotlinx.coroutines.flow.AbstractFlow.collect(SourceFile:70)
06-18 13:39:04.995 W/System.err(17049): 	at kotlinx.coroutines.flow.FlowKt__MergeKt$flatMapConcat$$inlined$map$1.collect(SourceFile:10)
06-18 13:39:04.995 W/System.err(17049): 	at kotlinx.coroutines.flow.FlowKt__MergeKt$flattenConcat$$inlined$unsafeFlow$1.collect(SourceFile:8)
06-18 13:39:04.995 W/System.err(17049): 	at kotlinx.coroutines.flow.FlowKt__CollectKt.collect(SourceFile:1)
06-18 13:39:04.995 W/System.err(17049): 	at kotlinx.coroutines.flow.FlowKt.collect(SourceFile:1)
06-18 13:39:04.995 W/System.err(17049): 	at tech.gtt.frontapp.servicesdk.common.service.utility.apis.ApiUtilServiceImpl.onServiceInit(SourceFile:240)
06-18 13:39:04.995 W/System.err(17049): 	at tech.gtt.frontapp.servicesdk.common.core.ServiceSDKImpl.executeServiceInitialize(SourceFile:372)
06-18 13:39:04.995 W/System.err(17049): 	at tech.gtt.frontapp.servicesdk.common.core.ServiceSDKImpl.access$executeServiceInitialize(SourceFile:1)
06-18 13:39:04.995 W/System.err(17049): 	at tech.gtt.frontapp.servicesdk.common.core.ServiceSDKImpl$init$1.invokeSuspend(SourceFile:178)
06-18 13:39:04.995 W/System.err(17049): 	at tech.gtt.frontapp.servicesdk.common.core.ServiceSDKImpl$init$1.invoke(SourceFile:2)
06-18 13:39:04.995 W/System.err(17049): 	at tech.gtt.frontapp.servicesdk.common.core.ServiceSDKImpl$init$1.invoke(SourceFile:1)
06-18 13:39:04.995 W/System.err(17049): 	at kotlinx.coroutines.flow.SafeFlow.collectSafely(SourceFile:3)
06-18 13:39:04.995 W/System.err(17049): 	at kotlinx.coroutines.flow.AbstractFlow.collect(SourceFile:70)
06-18 13:39:04.995 W/System.err(17049): 	at tech.gtt.frontapp.servicesdk.common.core.SDKSetup$build$1.invokeSuspend(SourceFile:42)
06-18 13:39:04.995 W/System.err(17049): 	at tech.gtt.frontapp.servicesdk.common.core.SDKSetup$build$1.invoke(SourceFile:2)
06-18 13:39:04.995 W/System.err(17049): 	at tech.gtt.frontapp.servicesdk.common.core.SDKSetup$build$1.invoke(SourceFile:1)
06-18 13:39:04.995 W/System.err(17049): 	at tech.gtt.frontapp.servicesdk.common.core.Scheduler$scheduleDirect$1.invokeSuspend(SourceFile:61)
06-18 13:39:04.995 W/System.err(17049): 	at lh.a.resumeWith(SourceFile:14)
06-18 13:39:04.995 W/System.err(17049): 	at kotlinx.coroutines.DispatchedTask.run(SourceFile:123)
06-18 13:39:04.995 W/System.err(17049): 	at kotlinx.coroutines.internal.LimitedDispatcher$Worker.run(SourceFile:4)
06-18 13:39:04.995 W/System.err(17049): 	at kotlinx.coroutines.scheduling.TaskImpl.run(SourceFile:3)
06-18 13:39:04.995 W/System.err(17049): 	at kotlinx.coroutines.scheduling.CoroutineScheduler.runSafely(SourceFile:1)
06-18 13:39:04.995 W/System.err(17049): 	at kotlinx.coroutines.scheduling.CoroutineScheduler$Worker.executeTask(SourceFile:34)
06-18 13:39:04.995 W/System.err(17049): 	at kotlinx.coroutines.scheduling.CoroutineScheduler$Worker.runWorker(SourceFile:29)
06-18 13:39:04.995 W/System.err(17049): 	at kotlinx.coroutines.scheduling.CoroutineScheduler$Worker.run(SourceFile:1)
06-18 13:39:04.996 W/System.err(17049): Caused by: android.system.ErrnoException: open failed: ENOENT (No such file or directory)
06-18 13:39:04.996 W/System.err(17049): 	at libcore.io.Linux.open(Native Method)
06-18 13:39:04.996 W/System.err(17049): 	at libcore.io.ForwardingOs.open(ForwardingOs.java:567)
06-18 13:39:04.996 W/System.err(17049): 	at libcore.io.BlockGuardOs.open(BlockGuardOs.java:273)
06-18 13:39:04.996 W/System.err(17049): 	at libcore.io.ForwardingOs.open(ForwardingOs.java:567)
06-18 13:39:04.996 W/System.err(17049): 	at android.app.ActivityThread$AndroidOs.open(ActivityThread.java:7761)
06-18 13:39:04.996 W/System.err(17049): 	at libcore.io.IoBridge.open(IoBridge.java:561)
06-18 13:39:04.996 W/System.err(17049): 	... 69 more
06-18 13:39:05.001 W/System.err(17049): java.io.FileNotFoundException: sys/class/sunxi_info/sys_info: open failed: ENOENT (No such file or directory)
06-18 13:39:05.002 W/System.err(17049): 	at libcore.io.IoBridge.open(IoBridge.java:575)
06-18 13:39:05.002 W/System.err(17049): 	at java.io.FileInputStream.<init>(FileInputStream.java:160)
06-18 13:39:05.002 W/System.err(17049): 	at java.io.FileInputStream.<init>(FileInputStream.java:115)
06-18 13:39:05.002 W/System.err(17049): 	at ip.b.b(SourceFile:5)
06-18 13:39:05.002 W/System.err(17049): 	at ip.b.a(SourceFile:155)
06-18 13:39:05.002 W/System.err(17049): 	at ip.a.invoke(SourceFile:127)
06-18 13:39:05.002 W/System.err(17049): 	at dh.v.getValue(SourceFile:21)
06-18 13:39:05.002 W/System.err(17049): 	at tech.gtt.frontapp.servicesdk.common.network.interceptor.params.ApiDeviceParams.handleFixedParams(SourceFile:65)
06-18 13:39:05.002 W/System.err(17049): 	at tech.gtt.frontapp.servicesdk.common.service.utility.apis.IParamsGetter.toMaps(SourceFile:87)
06-18 13:39:05.002 W/System.err(17049): 	at tech.gtt.frontapp.servicesdk.common.network.interceptor.DefaultParamsInterceptor.onRequest(SourceFile:127)
06-18 13:39:05.002 W/System.err(17049): 	at tech.gtt.frontapp.servicesdk.common.network.interceptor.SDKInterceptorsPluginKt$setupRequestInterception$1.invokeSuspend(SourceFile:103)
06-18 13:39:05.002 W/System.err(17049): 	at tech.gtt.frontapp.servicesdk.common.network.interceptor.SDKInterceptorsPluginKt$setupRequestInterception$1.invoke(SourceFile:1)
06-18 13:39:05.002 W/System.err(17049): 	at tech.gtt.frontapp.servicesdk.common.network.interceptor.SDKInterceptorsPluginKt$setupRequestInterception$1.invoke(SourceFile:2)
06-18 13:39:05.002 W/System.err(17049): 	at io.ktor.util.pipeline.DebugPipelineContext.proceedLoop(SourceFile:86)
06-18 13:39:05.002 W/System.err(17049): 	at io.ktor.util.pipeline.DebugPipelineContext.proceed(SourceFile:26)
06-18 13:39:05.002 W/System.err(17049): 	at io.ktor.client.plugins.RequestError$install$1.invokeSuspend(SourceFile:47)
06-18 13:39:05.002 W/System.err(17049): 	at io.ktor.client.plugins.RequestError$install$1.invoke(SourceFile:1)
06-18 13:39:05.002 W/System.err(17049): 	at io.ktor.client.plugins.RequestError$install$1.invoke(SourceFile:2)
06-18 13:39:05.002 W/System.err(17049): 	at io.ktor.util.pipeline.DebugPipelineContext.proceedLoop(SourceFile:86)
06-18 13:39:05.002 W/System.err(17049): 	at io.ktor.util.pipeline.DebugPipelineContext.proceed(SourceFile:26)
06-18 13:39:05.002 W/System.err(17049): 	at io.ktor.client.plugins.SetupRequestContext$install$1.invokeSuspend$proceed(SourceFile:1)
06-18 13:39:05.002 W/System.err(17049): 	at io.ktor.client.plugins.SetupRequestContext$install$1.access$invokeSuspend$proceed(SourceFile:1)
06-18 13:39:05.002 W/System.err(17049): 	at io.ktor.client.plugins.SetupRequestContext$install$1$1.invoke(SourceFile:2)
06-18 13:39:05.002 W/System.err(17049): 	at io.ktor.client.plugins.SetupRequestContext$install$1$1.invoke(SourceFile:1)
06-18 13:39:05.002 W/System.err(17049): 	at io.ktor.client.plugins.HttpRequestLifecycleKt$HttpRequestLifecycle$1$1.invokeSuspend(SourceFile:78)
06-18 13:39:05.002 W/System.err(17049): 	at io.ktor.client.plugins.HttpRequestLifecycleKt$HttpRequestLifecycle$1$1.invoke(SourceFile:1)
06-18 13:39:05.002 W/System.err(17049): 	at io.ktor.client.plugins.HttpRequestLifecycleKt$HttpRequestLifecycle$1$1.invoke(SourceFile:2)
06-18 13:39:05.002 W/System.err(17049): 	at io.ktor.client.plugins.SetupRequestContext$install$1.invokeSuspend(SourceFile:42)
06-18 13:39:05.002 W/System.err(17049): 	at io.ktor.client.plugins.SetupRequestContext$install$1.invoke(SourceFile:1)
06-18 13:39:05.002 W/System.err(17049): 	at io.ktor.client.plugins.SetupRequestContext$install$1.invoke(SourceFile:2)
06-18 13:39:05.002 W/System.err(17049): 	at io.ktor.util.pipeline.DebugPipelineContext.proceedLoop(SourceFile:86)
06-18 13:39:05.002 W/System.err(17049): 	at io.ktor.util.pipeline.DebugPipelineContext.proceed(SourceFile:26)
06-18 13:39:05.002 W/System.err(17049): 	at io.ktor.util.pipeline.DebugPipelineContext.execute$ktor_utils(SourceFile:7)
06-18 13:39:05.002 W/System.err(17049): 	at io.ktor.util.pipeline.Pipeline.execute(SourceFile:9)
06-18 13:39:05.002 W/System.err(17049): 	at io.ktor.client.HttpClient.execute$ktor_client_core(SourceFile:68)
06-18 13:39:05.002 W/System.err(17049): 	at io.ktor.client.statement.HttpStatement.fetchResponse(SourceFile:90)
06-18 13:39:05.002 W/System.err(17049): 	at io.ktor.client.statement.HttpStatement.execute(SourceFile:9)
06-18 13:39:05.002 W/System.err(17049): 	at de.jensklingenberg.ktorfit.internal.KtorfitConverterHelper.suspendRequest(SourceFile:127)
06-18 13:39:05.002 W/System.err(17049): 	at de.jensklingenberg.ktorfit.internal.KtorfitConverterHelper$request$1$1.invokeSuspend(SourceFile:58)
06-18 13:39:05.002 W/System.err(17049): 	at de.jensklingenberg.ktorfit.internal.KtorfitConverterHelper$request$1$1.invoke(SourceFile:2)
06-18 13:39:05.002 W/System.err(17049): 	at de.jensklingenberg.ktorfit.internal.KtorfitConverterHelper$request$1$1.invoke(SourceFile:1)
06-18 13:39:05.002 W/System.err(17049): 	at de.jensklingenberg.ktorfit.converter.FlowConverterFactory$responseConverter$1$convert$1.invokeSuspend(SourceFile:84)
06-18 13:39:05.002 W/System.err(17049): 	at de.jensklingenberg.ktorfit.converter.FlowConverterFactory$responseConverter$1$convert$1.invoke(SourceFile:2)
06-18 13:39:05.002 W/System.err(17049): 	at de.jensklingenberg.ktorfit.converter.FlowConverterFactory$responseConverter$1$convert$1.invoke(SourceFile:1)
06-18 13:39:05.002 W/System.err(17049): 	at kotlinx.coroutines.flow.SafeFlow.collectSafely(SourceFile:3)
06-18 13:39:05.002 W/System.err(17049): 	at kotlinx.coroutines.flow.AbstractFlow.collect(SourceFile:70)
06-18 13:39:05.003 W/System.err(17049): 	at kotlinx.coroutines.flow.FlowKt__MergeKt$flatMapConcat$$inlined$map$1.collect(SourceFile:10)
06-18 13:39:05.003 W/System.err(17049): 	at kotlinx.coroutines.flow.FlowKt__MergeKt$flattenConcat$$inlined$unsafeFlow$1.collect(SourceFile:8)
06-18 13:39:05.003 W/System.err(17049): 	at kotlinx.coroutines.flow.FlowKt__CollectKt.collect(SourceFile:1)
06-18 13:39:05.003 W/System.err(17049): 	at kotlinx.coroutines.flow.FlowKt.collect(SourceFile:1)
06-18 13:39:05.003 W/System.err(17049): 	at tech.gtt.frontapp.servicesdk.common.service.utility.apis.ApiUtilServiceImpl.onServiceInit(SourceFile:240)
06-18 13:39:05.003 W/System.err(17049): 	at tech.gtt.frontapp.servicesdk.common.core.ServiceSDKImpl.executeServiceInitialize(SourceFile:372)
06-18 13:39:05.003 W/System.err(17049): 	at tech.gtt.frontapp.servicesdk.common.core.ServiceSDKImpl.access$executeServiceInitialize(SourceFile:1)
06-18 13:39:05.003 W/System.err(17049): 	at tech.gtt.frontapp.servicesdk.common.core.ServiceSDKImpl$init$1.invokeSuspend(SourceFile:178)
06-18 13:39:05.003 W/System.err(17049): 	at tech.gtt.frontapp.servicesdk.common.core.ServiceSDKImpl$init$1.invoke(SourceFile:2)
06-18 13:39:05.003 W/System.err(17049): 	at tech.gtt.frontapp.servicesdk.common.core.ServiceSDKImpl$init$1.invoke(SourceFile:1)
06-18 13:39:05.003 W/System.err(17049): 	at kotlinx.coroutines.flow.SafeFlow.collectSafely(SourceFile:3)
06-18 13:39:05.003 W/System.err(17049): 	at kotlinx.coroutines.flow.AbstractFlow.collect(SourceFile:70)
06-18 13:39:05.003 W/System.err(17049): 	at tech.gtt.frontapp.servicesdk.common.core.SDKSetup$build$1.invokeSuspend(SourceFile:42)
06-18 13:39:05.003 W/System.err(17049): 	at tech.gtt.frontapp.servicesdk.common.core.SDKSetup$build$1.invoke(SourceFile:2)
06-18 13:39:05.003 W/System.err(17049): 	at tech.gtt.frontapp.servicesdk.common.core.SDKSetup$build$1.invoke(SourceFile:1)
06-18 13:39:05.003 W/System.err(17049): 	at tech.gtt.frontapp.servicesdk.common.core.Scheduler$scheduleDirect$1.invokeSuspend(SourceFile:61)
06-18 13:39:05.003 W/System.err(17049): 	at lh.a.resumeWith(SourceFile:14)
06-18 13:39:05.003 W/System.err(17049): 	at kotlinx.coroutines.DispatchedTask.run(SourceFile:123)
06-18 13:39:05.003 W/System.err(17049): 	at kotlinx.coroutines.internal.LimitedDispatcher$Worker.run(SourceFile:4)
06-18 13:39:05.003 W/System.err(17049): 	at kotlinx.coroutines.scheduling.TaskImpl.run(SourceFile:3)
