06-18 13:39:07.322 V/GSK-APIS(17049): rYtKUfLzvu7ewt+htlR9YrQy36PgrrDN25uMe3sXzEXfoUFwxsITtR9wKd+fPdDFQFBiWEoCPrbrMUIvcZ203FiGcxVqLg/bLLicB7935Z2G9PKMuLk1l89MFmqcyad3mg67kRpXSvbuN4nGSHYa9kJ8Oh46KiBvF2gkgwuFBUuadUSKAp3t6dRn6TXwkZ8/juACNSDn5u+Jyva7PRmiAIWtLqOjFz6vOs7KHYqG0orNKWTlON0uiepthVH0rWZShJivvFXmr9JHe/iqWUQnUA/WtmPXD0q6D+etitsp5KRzw3donnV/KLn8or+3azFtlUEi6ELvbpql04sTUHjW6PU5EuSpDJ6XQlubcKbqX8Je1+tH9LNzQTAF9BG3liYycE=
06-18 13:39:07.322 V/GSK-APIS(17049): 	prot:	ACM30
06-18 13:39:07.322 V/GSK-APIS(17049): 	signature:	d11af1e8d3ab546afb50e89a1e355083470f18aa
06-18 13:39:07.322 V/GSK-APIS(17049): }
06-18 13:39:07.322 V/GSK-Upgrade:ComponentUpdater(17049): get soVersions = 
06-18 13:39:07.323 V/GSK-Upgrade:ComponentUpdater(17049): initConfig
06-18 13:39:07.324 V/GSK-APIS(17049): request to: https://gtt-app-apigateway-lion.vdemosit.com/api/enduser/messagecenter/message/query/v1
06-18 13:39:07.333 W/ActivityTaskManager( 1936): Tried to set launchTime (0) < mLastActivityLaunchTime (68036957)
06-18 13:39:07.334 W/ontapp.stb.dem(17049): ClassLoaderContext parent mismatch.  (PCL[] | PCL[];PCL[/data/app/~~-tMPAvyTMYMhU6nbl0NqBw==/tech.gtt.frontapp.stb.demo-qA9iw4qsktyjEZ3tBIQvtg==/base.apk*930720720:/data/app/~~-tMPAvyTMYMhU6nbl0NqBw==/tech.gtt.frontapp.stb.demo-qA9iw4qsktyjEZ3tBIQvtg==/base.apk!classes2.dex*2103280642:/data/app/~~-tMPAvyTMYMhU6nbl0NqBw==/tech.gtt.frontapp.stb.demo-qA9iw4qsktyjEZ3tBIQvtg==/base.apk!classes3.dex*2004927299])
06-18 13:39:07.338 V/GSK-Upgrade:UpgradeManager(17049): startLoopUpdateApp
06-18 13:39:07.341 V/GSK     (17049): UpgradeServiceImp unnecessary initialization() executed in 86 ms.
06-18 13:39:07.358 V/GSK-Upgrade:ComponentUpdater(17049): init
06-18 13:39:07.358 V/GSK-Upgrade:ComponentUpdater(17049): loadLocalDex
06-18 13:39:07.359 V/GSK-Upgrade:ComponentUpdater(17049): local dex is empty
06-18 13:39:07.359 V/GSK-Upgrade:ComponentUpdater(17049): local dex is empty
06-18 13:39:07.359 V/GSK-Upgrade:ComponentUpdater(17049): local dex is empty
06-18 13:39:07.359 V/GSK-Upgrade:ComponentUpdater(17049): local dex is empty
06-18 13:39:07.359 V/GSK-Upgrade:ComponentUpdater(17049): local dex is empty
06-18 13:39:07.359 V/GSK-Upgrade:ComponentUpdater(17049): local dex is empty
06-18 13:39:07.390 I/ontapp.stb.dem(17049): Background concurrent copying GC freed 292953(13MB) AllocSpace objects, 163(6744KB) LOS objects, 49% free, 10055KB/19MB, paused 150us,74us total 259.163ms
06-18 13:39:07.396 D/AndroidAutoSize(17049): tech.gtt.frontapp.stb.m.home.activity.LoadingActivity used the global configuration.
06-18 13:39:07.399 D/AndroidAutoSize(17049): The tech.gtt.frontapp.stb.m.home.activity.LoadingActivity has been adapted! 
06-18 13:39:07.399 D/AndroidAutoSize(17049): LoadingActivity Info: isBaseOnWidth = true, designWidthInDp = 1920.000000, designWidthInSubunits = 1920.000000, targetDensity = 1.000000, targetScaledDensity = 1.000000, targetDensityDpi = 160, targetXdpi = 1.000000, targetScreenWidthDp = 1920, targetScreenHeightDp = 1032
06-18 13:39:07.433 D/UiDevice(16995): Searching for node with selector: BySelector [RES='\Qtech.gtt.frontapp.stb.demo:id/account_login_tv2\E'].
06-18 13:39:07.436 W/QueryController(16995): Could not detect idle state.
06-18 13:39:07.453 V/GSK-Account:AccountManager(17049): isLoggedIn=false
06-18 13:39:07.454 D/AndroidAutoSize(17049): tech.gtt.frontapp.stb.m.home.activity.LoadingActivity used the global configuration.
06-18 13:39:07.454 D/AndroidAutoSize(17049): The tech.gtt.frontapp.stb.m.home.activity.LoadingActivity has been adapted! 
06-18 13:39:07.454 D/AndroidAutoSize(17049): LoadingActivity Info: isBaseOnWidth = true, designWidthInDp = 1920.000000, designWidthInSubunits = 1920.000000, targetDensity = 1.000000, targetScaledDensity = 1.000000, targetDensityDpi = 160, targetXdpi = 1.000000, targetScreenWidthDp = 1920, targetScreenHeightDp = 1032
06-18 13:39:07.459 W/WindowManager( 1936): Failed looking up window session=Session{bb82a1c 17049:u0a10058} callers=com.android.server.wm.WindowManagerService.windowForClientLocked:5850 com.android.server.wm.Session.updateRequestedVisibilities:640 android.view.IWindowSession$Stub.onTransact:1175 
06-18 13:39:07.469 W/UiDevice(16995): Skipping null root node for window: AccessibilityWindowInfo[title=允许v-demo访问您设备上的照片和媒体吗？, displayId=0, id=910, taskId=31, type=TYPE_APPLICATION, layer=1, region=SkRegion((432,48,1488,1080)), bounds=Rect(432, 48 - 1488, 1080), focused=false, active=false, pictureInPicture=false, hasParent=false, isAnchored=false, hasChildren=false]
06-18 13:39:07.490 D/gralloc_nox( 1767): gralloc_alloc: Creating ashmem region of size 8298496
06-18 13:39:07.518 D/gralloc_nox( 1767): gralloc_alloc: Creating ashmem region of size 8298496
06-18 13:39:07.529 D/ProcessState(17159): Binder ioctl to enable oneway spam detection failed: Invalid argument
06-18 13:39:07.547 D/gralloc_nox( 1767): gralloc_alloc: Creating ashmem region of size 8298496
06-18 13:39:07.635 W/ByMatcher(16995): Node returned null child: android.view.accessibility.AccessibilityNodeInfo@30c79; boundsInParent: Rect(0, 0 - 1920, 48); boundsInScreen: Rect(0, 0 - 1920, 48); packageName: com.android.systemui; className: android.widget.FrameLayout; text: null; error: null; maxTextLength: -1; stateDescription: null; contentDescription: null; tooltipText: null; viewIdResName: null; checkable: false; checked: false; focusable: false; focused: false; selected: false; clickable: false; longClickable: false; contextClickable: false; enabled: true; password: false; scrollable: false; importantForAccessibility: true; visible: true; actions: [AccessibilityAction: ACTION_SELECT - null, AccessibilityAction: ACTION_CLEAR_SELECTION - null, AccessibilityAction: ACTION_ACCESSIBILITY_FOCUS - null, AccessibilityAction: ACTION_SHOW_ON_SCREEN - null]
06-18 13:39:07.636 W/ByMatcher(16995): Skipping null child (0 of 2)
06-18 13:39:07.637 W/ByMatcher(16995): Skipping null child (1 of 2)
06-18 13:39:07.639 W/ByMatcher(16995): Node returned null child: android.view.accessibility.AccessibilityNodeInfo@30c79; boundsInParent: Rect(0, 0 - 1920, 48); boundsInScreen: Rect(0, 0 - 1920, 48); packageName: com.android.systemui; className: android.widget.FrameLayout; text: null; error: null; maxTextLength: -1; stateDescription: null; contentDescription: null; tooltipText: null; viewIdResName: null; checkable: false; checked: false; focusable: false; focused: false; selected: false; clickable: false; longClickable: false; contextClickable: false; enabled: true; password: false; scrollable: false; importantForAccessibility: true; visible: true; actions: [AccessibilityAction: ACTION_SELECT - null, AccessibilityAction: ACTION_CLEAR_SELECTION - null, AccessibilityAction: ACTION_ACCESSIBILITY_FOCUS - null, AccessibilityAction: ACTION_SHOW_ON_SCREEN - null]
06-18 13:39:07.639 W/ByMatcher(16995): Skipping null child (0 of 2)
06-18 13:39:07.641 W/ByMatcher(16995): Skipping null child (1 of 2)
06-18 13:39:07.647 W/ByMatcher(16995): Node returned null child: android.view.accessibility.AccessibilityNodeInfo@8000704b; boundsInParent: Rect(0, 0 - 1920, 1080); boundsInScreen: Rect(0, 0 - 1920, 1080); packageName: tech.gtt.frontapp.stb.demo; className: android.widget.FrameLayout; text: null; error: null; maxTextLength: -1; stateDescription: null; contentDescription: null; tooltipText: null; viewIdResName: null; checkable: false; checked: false; focusable: false; focused: false; selected: false; clickable: false; longClickable: false; contextClickable: false; enabled: true; password: false; scrollable: false; importantForAccessibility: true; visible: true; actions: [AccessibilityAction: ACTION_SELECT - null, AccessibilityAction: ACTION_CLEAR_SELECTION - null, AccessibilityAction: ACTION_ACCESSIBILITY_FOCUS - null, AccessibilityAction: ACTION_SHOW_ON_SCREEN - null]
06-18 13:39:07.647 I/ActivityTaskManager( 1936): Displayed tech.gtt.frontapp.stb.demo/tech.gtt.frontapp.stb.m.home.activity.LoadingActivity: +368ms
06-18 13:39:07.651 W/ByMatcher(16995): Skipping null child (0 of 2)
06-18 13:39:07.656 W/ByMatcher(16995): Skipping null child (1 of 2)
06-18 13:39:07.661 W/ByMatcher(16995): Node returned null child: android.view.accessibility.AccessibilityNodeInfo@8000704b; boundsInParent: Rect(0, 0 - 1920, 1080); boundsInScreen: Rect(0, 0 - 1920, 1080); packageName: tech.gtt.frontapp.stb.demo; className: android.widget.FrameLayout; text: null; error: null; maxTextLength: -1; stateDescription: null; contentDescription: null; tooltipText: null; viewIdResName: null; checkable: false; checked: false; focusable: false; focused: false; selected: false; clickable: false; longClickable: false; contextClickable: false; enabled: true; password: false; scrollable: false; importantForAccessibility: true; visible: true; actions: [AccessibilityAction: ACTION_SELECT - null, AccessibilityAction: ACTION_CLEAR_SELECTION - null, AccessibilityAction: ACTION_ACCESSIBILITY_FOCUS - null, AccessibilityAction: ACTION_SHOW_ON_SCREEN - null]
06-18 13:39:07.661 W/ByMatcher(16995): Skipping null child (0 of 2)
06-18 13:39:07.663 W/ByMatcher(16995): Skipping null child (1 of 2)
06-18 13:39:07.680 D/CompatibilityChangeReporter(17049): Compat change id reported: 171228096; UID 10058; state: ENABLED
06-18 13:39:07.734 W/DataBinding(17049): Setting the fragment as the LifecycleOwner might cause memory leaks because views lives shorter than the Fragment. Consider using Fragment's view lifecycle
06-18 13:39:07.764 D/UiDevice(16995): Searching for node with selector: BySelector [RES='\Qtech.gtt.frontapp.stb.demo:id/account_login_tv2\E'].
06-18 13:39:07.764 W/QueryController(16995): Could not detect idle state.
06-18 13:39:07.806 V/GSK-APIS(17049): received response >>> id: eb8c9d2b url: https://gtt-app-apigateway-lion.vdemosit.com/api/enduser/messagecenter/message/query/v1 statusCode: 400, exception: null
06-18 13:39:07.806 I/System.out(17049): [SDKInterceptorPlugin] Unhandled exception in request processing: Something went wrong while connecting to the server, statusCode: 400
06-18 13:39:07.819 I/MediaFocusControl( 1936): requestAudioFocus() from uid/pid 10058/17049 AA=USAGE_MEDIA/CONTENT_TYPE_MOVIE clientId=android.media.AudioManager@1be4bcd callingPack=tech.gtt.frontapp.stb.demo req=1 flags=0x0 sdk=35
06-18 13:39:07.820 I/AudioService.FadeOutManager( 1936): unfadeOutUid() uid:10058
06-18 13:39:07.833 W/MediaProvider( 2560): Failed to fetch original file descriptor
06-18 13:39:07.833 W/MediaProvider( 2560): java.io.IOException: stat failed: ENOENT (No such file or directory)
06-18 13:39:07.833 W/MediaProvider( 2560): 	at com.android.providers.media.MediaProvider.getFileFromFileDescriptor(MediaProvider.java:5822)
06-18 13:39:07.833 W/MediaProvider( 2560): 	at com.android.providers.media.MediaProvider.getOriginalMediaFormatFileDescriptor(MediaProvider.java:5739)
06-18 13:39:07.833 W/MediaProvider( 2560): 	at com.android.providers.media.MediaProvider.openTypedAssetFileCommon(MediaProvider.java:7162)
06-18 13:39:07.833 W/MediaProvider( 2560): 	at com.android.providers.media.MediaProvider.openTypedAssetFile(MediaProvider.java:7143)
06-18 13:39:07.833 W/MediaProvider( 2560): 	at android.content.ContentProvider$Transport.openTypedAssetFile(ContentProvider.java:548)
06-18 13:39:07.833 W/MediaProvider( 2560): 	at android.content.ContentProviderNative.onTransact(ContentProviderNative.java:327)
06-18 13:39:07.833 W/MediaProvider( 2560): 	at android.os.Binder.execTransactInternal(Binder.java:1179)
06-18 13:39:07.833 W/MediaProvider( 2560): 	at android.os.Binder.execTransact(Binder.java:1143)
06-18 13:39:07.833 W/MediaProvider( 2560): Caused by: android.system.ErrnoException: stat failed: ENOENT (No such file or directory)
06-18 13:39:07.833 W/MediaProvider( 2560): 	at libcore.io.Linux.stat(Native Method)
06-18 13:39:07.833 W/MediaProvider( 2560): 	at libcore.io.ForwardingOs.stat(ForwardingOs.java:853)
06-18 13:39:07.833 W/MediaProvider( 2560): 	at libcore.io.BlockGuardOs.stat(BlockGuardOs.java:420)
06-18 13:39:07.833 W/MediaProvider( 2560): 	at libcore.io.ForwardingOs.stat(ForwardingOs.java:853)
06-18 13:39:07.833 W/MediaProvider( 2560): 	at android.app.ActivityThread$AndroidOs.stat(ActivityThread.java:7775)
06-18 13:39:07.833 W/MediaProvider( 2560): 	at android.system.Os.stat(Os.java:919)
06-18 13:39:07.833 W/MediaProvider( 2560): 	at com.android.providers.media.MediaProvider.getFileFromFileDescriptor(MediaProvider.java:5816)
06-18 13:39:07.833 W/MediaProvider( 2560): 	... 7 more
06-18 13:39:07.836 D/NuPlayerDriver( 1809): NuPlayerDriver(0xf5c02920) created, clientPid(17049)
06-18 13:39:07.838 D/SurfaceUtils( 1809): connecting to surface 0xf0801948, reason setVideoSurfaceTexture
06-18 13:39:07.839 D/NuPlayer( 1809): onSetVideoSurface(0xf0804ba0, no video decoder)
06-18 13:39:07.843 D/GenericSource( 1809): FileSource remote
06-18 13:39:07.848 I/SampleTable( 1807): There are reordered frames present.
06-18 13:39:07.853 D/MediaBufferGroup( 1807): creating MemoryDealer
06-18 13:39:07.895 D/MediaPlayerNative(17049): getMetadata
06-18 13:39:07.910 W/InputManager-JNI( 1936): Input channel object 'ed27dab tech.gtt.frontapp.stb.demo/tech.gtt.frontapp.stb.m.home.activity.SplashActivity (client)' was disposed without first being removed with the input manager!
06-18 13:39:07.913 I/GenericSource( 1809): start
06-18 13:39:07.920 I/OMXClient( 1809): IOmx service obtained
06-18 13:39:07.921 I/OMXStore( 1812): makeComponentInstance(OMX.google.h264.decoder) in android.hardwar process
06-18 13:39:07.923 I/OMXClient( 1809): IOmx service obtained
06-18 13:39:07.923 I/OMXStore( 1812): makeComponentInstance(OMX.google.aac.decoder) in android.hardwar process
06-18 13:39:07.924 E/OMXNodeInstance( 1812): setConfig(0xe6d40ef0:google.aac.decoder, ConfigPriority(0x6f800002)) ERROR: Undefined(0x80001001)
06-18 13:39:07.924 I/ACodec  ( 1809): codec does not support config priority (err -2147483648)
06-18 13:39:07.924 E/OMXNodeInstance( 1812): getConfig(0xe6d40ef0:google.aac.decoder, ConfigAndroidVendorExtension(0x6f100004)) ERROR: Undefined(0x80001001)
06-18 13:39:07.924 D/SoftAAC2( 1812): get OMX_IndexParamAudioAndroidAacDrcPresentation
06-18 13:39:07.926 I/MediaCodec( 1809): MediaCodec will operate in async mode
06-18 13:39:07.926 D/MediaCodec( 1809): keep callback message for reclaim
06-18 13:39:07.928 D/SurfaceUtils( 1809): disconnecting from surface 0xf0804ba8, reason onConfigure
06-18 13:39:07.928 D/SurfaceUtils( 1809): connecting to surface 0xf0804ba8, reason connectToSurface
06-18 13:39:07.930 I/MediaCodec( 1809): [OMX.google.h264.decoder] setting surface generation to 1852430
06-18 13:39:07.930 D/SurfaceUtils( 1809): disconnecting from surface 0xf0804ba8, reason connectToSurface(reconnect)
06-18 13:39:07.930 D/SurfaceUtils( 1809): connecting to surface 0xf0804ba8, reason connectToSurface(reconnect)
06-18 13:39:07.930 E/OMXNodeInstance( 1812): getExtensionIndex(0xe6d40390:google.h264.decoder, OMX.google.android.index.enableAndroidNativeBuffers) ERROR: UnsupportedIndex(0x8000101a)
06-18 13:39:07.930 E/ACodec  ( 1809): [OMX.google.h264.decoder] setPortMode on output to DynamicANWBuffer failed w/ err -1010
06-18 13:39:07.931 E/OMXNodeInstance( 1812): getParameter(0xe6d40390:google.h264.decoder, ??(0x6f600011)) ERROR: UnsupportedIndex(0x8000101a)
06-18 13:39:07.931 W/OMXNodeInstance( 1812): [0xe6d40390:google.h264.decoder] component does not support metadata mode; using fallback
06-18 13:39:07.931 D/SoftVideoDecoderOMXComponent( 1812): Color Aspects preference: 1 
06-18 13:39:07.931 E/OMXNodeInstance( 1812): setConfig(0xe6d40390:google.h264.decoder, ConfigPriority(0x6f800002)) ERROR: UnsupportedIndex(0x8000101a)
06-18 13:39:07.931 I/ACodec  ( 1809): codec does not support config priority (err -1010)
06-18 13:39:07.931 E/OMXNodeInstance( 1812): setConfig(0xe6d40390:google.h264.decoder, ConfigOperatingRate(0x6f800003)) ERROR: UnsupportedIndex(0x8000101a)
06-18 13:39:07.931 I/ACodec  ( 1809): codec does not support config operating rate (err -1010)
06-18 13:39:07.931 E/OMXNodeInstance( 1812): getConfig(0xe6d40390:google.h264.decoder, ConfigAndroidVendorExtension(0x6f100004)) ERROR: UnsupportedIndex(0x8000101a)
06-18 13:39:07.931 E/OMXNodeInstance( 1812): getConfig(0xe6d40390:google.h264.decoder, ??(0x7f000003)) ERROR: UnsupportedSetting(0x80001019)
06-18 13:39:07.932 I/MediaCodec( 1809): MediaCodec will operate in async mode
06-18 13:39:07.932 D/MediaCodec( 1809): keep callback message for reclaim
06-18 13:39:07.933 I/SoftAAC2( 1812): Reconfiguring decoder: 0->44100 Hz, 0->1 channels
06-18 13:39:07.934 D/SoftAAC2( 1812): get OMX_IndexParamAudioAndroidAacDrcPresentation
06-18 13:39:07.937 W/ResourceManagerService( 1809): Ignoring request to add new resource entry with value <= 0
06-18 13:39:07.937 D/SoftVideoDecoderOMXComponent( 1812): Color Aspects preference: 1 
06-18 13:39:07.938 E/OMXNodeInstance( 1812): getConfig(0xe6d40390:google.h264.decoder, ??(0x7f000003)) ERROR: UnsupportedSetting(0x80001019)
06-18 13:39:07.943 D/AudioFlinger( 1776): Client defaulted notificationFrames to 11286 for frameCount 22572
06-18 13:39:07.945 D/AF::TrackHandle( 1776): OpPlayAudio: track:70 usage:1 not muted
06-18 13:39:07.979 D/UiDevice(16995): Searching for node with selector: BySelector [RES='\Qtech.gtt.frontapp.stb.demo:id/account_login_tv2\E'].
06-18 13:39:07.980 W/QueryController(16995): Could not detect idle state.
06-18 13:39:08.002 E/android.hardware.audio.service( 1759): pcm_open called create stream faild
06-18 13:39:08.004 D/MediaCodec( 1809): [OMX.google.h264.decoder] setting dataspace on output surface to #102
06-18 13:39:08.004 D/gralloc_nox( 1767): gralloc_alloc: Creating ashmem region of size 589824
06-18 13:39:08.006 W/MediaPlayerNative(17049): info/warning (3, 0)
06-18 13:39:08.009 D/SoftwareRenderer( 1809): setting dataspace on output surface to #8000102
06-18 13:39:08.011 D/gralloc_nox( 1767): gralloc_alloc: Creating ashmem region of size 589824
06-18 13:39:08.046 D/AudioFlinger( 1776): mixer(0x7e14b2cf8a60) throttle end: throttle time(39)
06-18 13:39:08.103 D/UiDevice(16995): Searching for node with selector: BySelector [RES='\Qtech.gtt.frontapp.stb.demo:id/account_login_tv2\E'].
06-18 13:39:08.103 W/QueryController(16995): Could not detect idle state.
06-18 13:39:08.207 D/UiDevice(16995): Searching for node with selector: BySelector [RES='\Qtech.gtt.frontapp.stb.demo:id/account_login_tv2\E'].
06-18 13:39:08.208 W/QueryController(16995): Could not detect idle state.
06-18 13:39:08.273 D/gralloc_nox( 1767): gralloc_alloc: Creating ashmem region of size 589824
06-18 13:39:08.277 D/gralloc_nox( 1767): gralloc_alloc: Creating ashmem region of size 589824
06-18 13:39:08.287 D/gralloc_nox( 1767): gralloc_alloc: Creating ashmem region of size 589824
06-18 13:39:08.311 D/UiDevice(16995): Searching for node with selector: BySelector [RES='\Qtech.gtt.frontapp.stb.demo:id/account_login_tv2\E'].
06-18 13:39:08.311 W/QueryController(16995): Could not detect idle state.
06-18 13:39:08.346 D/AudioFlinger( 1776): mixer(0x7e14b2cf8a60) throttle end: throttle time(240)
06-18 13:39:08.417 D/UiDevice(16995): Searching for node with selector: BySelector [RES='\Qtech.gtt.frontapp.stb.demo:id/account_login_tv2\E'].
06-18 13:39:08.419 W/QueryController(16995): Could not detect idle state.
06-18 13:39:08.522 D/UiDevice(16995): Searching for node with selector: BySelector [RES='\Qtech.gtt.frontapp.stb.demo:id/account_login_tv2\E'].
06-18 13:39:08.526 W/QueryController(16995): Could not detect idle state.
06-18 13:39:08.629 D/UiDevice(16995): Searching for node with selector: BySelector [RES='\Qtech.gtt.frontapp.stb.demo:id/account_login_tv2\E'].
06-18 13:39:08.629 W/QueryController(16995): Could not detect idle state.
06-18 13:39:08.733 D/UiDevice(16995): Searching for node with selector: BySelector [RES='\Qtech.gtt.frontapp.stb.demo:id/account_login_tv2\E'].
06-18 13:39:08.734 W/QueryController(16995): Could not detect idle state.
06-18 13:39:08.840 D/UiDevice(16995): Searching for node with selector: BySelector [RES='\Qtech.gtt.frontapp.stb.demo:id/account_login_tv2\E'].
06-18 13:39:08.841 W/QueryController(16995): Could not detect idle state.
06-18 13:39:08.946 D/UiDevice(16995): Searching for node with selector: BySelector [RES='\Qtech.gtt.frontapp.stb.demo:id/account_login_tv2\E'].
06-18 13:39:08.946 W/QueryController(16995): Could not detect idle state.
06-18 13:39:09.055 D/UiDevice(16995): Searching for node with selector: BySelector [RES='\Qtech.gtt.frontapp.stb.demo:id/account_login_tv2\E'].
06-18 13:39:09.055 W/QueryController(16995): Could not detect idle state.
06-18 13:39:09.158 D/UiDevice(16995): Searching for node with selector: BySelector [RES='\Qtech.gtt.frontapp.stb.demo:id/account_login_tv2\E'].
06-18 13:39:09.158 W/QueryController(16995): Could not detect idle state.
06-18 13:39:09.261 D/UiDevice(16995): Searching for node with selector: BySelector [RES='\Qtech.gtt.frontapp.stb.demo:id/account_login_tv2\E'].
06-18 13:39:09.262 W/QueryController(16995): Could not detect idle state.
06-18 13:39:09.367 D/UiDevice(16995): Searching for node with selector: BySelector [RES='\Qtech.gtt.frontapp.stb.demo:id/account_login_tv2\E'].
06-18 13:39:09.368 W/QueryController(16995): Could not detect idle state.
06-18 13:39:09.472 D/UiDevice(16995): Searching for node with selector: BySelector [RES='\Qtech.gtt.frontapp.stb.demo:id/account_login_tv2\E'].
06-18 13:39:09.473 W/QueryController(16995): Could not detect idle state.
06-18 13:39:09.577 D/UiDevice(16995): Searching for node with selector: BySelector [RES='\Qtech.gtt.frontapp.stb.demo:id/account_login_tv2\E'].
06-18 13:39:09.578 W/QueryController(16995): Could not detect idle state.
06-18 13:39:09.683 D/UiDevice(16995): Searching for node with selector: BySelector [RES='\Qtech.gtt.frontapp.stb.demo:id/account_login_tv2\E'].
06-18 13:39:09.684 W/QueryController(16995): Could not detect idle state.
06-18 13:39:09.789 D/UiDevice(16995): Searching for node with selector: BySelector [RES='\Qtech.gtt.frontapp.stb.demo:id/account_login_tv2\E'].
06-18 13:39:09.789 W/QueryController(16995): Could not detect idle state.
06-18 13:39:09.893 D/UiDevice(16995): Searching for node with selector: BySelector [RES='\Qtech.gtt.frontapp.stb.demo:id/account_login_tv2\E'].
06-18 13:39:09.894 W/QueryController(16995): Could not detect idle state.
06-18 13:39:10.000 D/UiDevice(16995): Searching for node with selector: BySelector [RES='\Qtech.gtt.frontapp.stb.demo:id/account_login_tv2\E'].
06-18 13:39:10.001 W/QueryController(16995): Could not detect idle state.
06-18 13:39:10.107 D/UiDevice(16995): Searching for node with selector: BySelector [RES='\Qtech.gtt.frontapp.stb.demo:id/account_login_tv2\E'].
06-18 13:39:10.109 W/QueryController(16995): Could not detect idle state.
06-18 13:39:10.218 D/UiDevice(16995): Searching for node with selector: BySelector [RES='\Qtech.gtt.frontapp.stb.demo:id/account_login_tv2\E'].
06-18 13:39:10.219 W/QueryController(16995): Could not detect idle state.
06-18 13:39:10.326 D/UiDevice(16995): Searching for node with selector: BySelector [RES='\Qtech.gtt.frontapp.stb.demo:id/account_login_tv2\E'].
06-18 13:39:10.327 W/QueryController(16995): Could not detect idle state.
06-18 13:39:10.431 D/UiDevice(16995): Searching for node with selector: BySelector [RES='\Qtech.gtt.frontapp.stb.demo:id/account_login_tv2\E'].
06-18 13:39:10.433 W/QueryController(16995): Could not detect idle state.
06-18 13:39:10.458 I/keystore2( 1710): keystore2::watchdog: Watchdog thread idle -> terminating. Have a great day.
06-18 13:39:10.539 D/UiDevice(16995): Searching for node with selector: BySelector [RES='\Qtech.gtt.frontapp.stb.demo:id/account_login_tv2\E'].
06-18 13:39:10.539 W/QueryController(16995): Could not detect idle state.
06-18 13:39:10.643 D/UiDevice(16995): Searching for node with selector: BySelector [RES='\Qtech.gtt.frontapp.stb.demo:id/account_login_tv2\E'].
06-18 13:39:10.643 W/QueryController(16995): Could not detect idle state.
06-18 13:39:10.747 D/UiDevice(16995): Searching for node with selector: BySelector [RES='\Qtech.gtt.frontapp.stb.demo:id/account_login_tv2\E'].
06-18 13:39:10.747 W/QueryController(16995): Could not detect idle state.
06-18 13:39:10.787 E/TaskPersister( 1936): File error accessing recents directory (directory doesn't exist?).
06-18 13:39:10.854 D/UiDevice(16995): Searching for node with selector: BySelector [RES='\Qtech.gtt.frontapp.stb.demo:id/account_login_tv2\E'].
06-18 13:39:10.854 W/QueryController(16995): Could not detect idle state.
06-18 13:39:10.964 D/UiDevice(16995): Searching for node with selector: BySelector [RES='\Qtech.gtt.frontapp.stb.demo:id/account_login_tv2\E'].
06-18 13:39:10.965 W/QueryController(16995): Could not detect idle state.
06-18 13:39:11.073 D/UiDevice(16995): Searching for node with selector: BySelector [RES='\Qtech.gtt.frontapp.stb.demo:id/account_login_tv2\E'].
06-18 13:39:11.073 W/QueryController(16995): Could not detect idle state.
06-18 13:39:11.179 D/UiDevice(16995): Searching for node with selector: BySelector [RES='\Qtech.gtt.frontapp.stb.demo:id/account_login_tv2\E'].
06-18 13:39:11.180 W/QueryController(16995): Could not detect idle state.
06-18 13:39:11.288 D/UiDevice(16995): Searching for node with selector: BySelector [RES='\Qtech.gtt.frontapp.stb.demo:id/account_login_tv2\E'].
06-18 13:39:11.288 W/QueryController(16995): Could not detect idle state.
06-18 13:39:11.393 D/UiDevice(16995): Searching for node with selector: BySelector [RES='\Qtech.gtt.frontapp.stb.demo:id/account_login_tv2\E'].
06-18 13:39:11.393 W/QueryController(16995): Could not detect idle state.
06-18 13:39:11.500 D/UiDevice(16995): Searching for node with selector: BySelector [RES='\Qtech.gtt.frontapp.stb.demo:id/account_login_tv2\E'].
06-18 13:39:11.503 W/QueryController(16995): Could not detect idle state.
06-18 13:39:11.606 D/UiDevice(16995): Searching for node with selector: BySelector [RES='\Qtech.gtt.frontapp.stb.demo:id/account_login_tv2\E'].
06-18 13:39:11.606 W/QueryController(16995): Could not detect idle state.
06-18 13:39:11.710 D/UiDevice(16995): Searching for node with selector: BySelector [RES='\Qtech.gtt.frontapp.stb.demo:id/account_login_tv2\E'].
06-18 13:39:11.710 W/QueryController(16995): Could not detect idle state.
06-18 13:39:11.818 D/UiDevice(16995): Searching for node with selector: BySelector [RES='\Qtech.gtt.frontapp.stb.demo:id/account_login_tv2\E'].
06-18 13:39:11.820 W/QueryController(16995): Could not detect idle state.
06-18 13:39:11.923 D/UiDevice(16995): Searching for node with selector: BySelector [RES='\Qtech.gtt.frontapp.stb.demo:id/account_login_tv2\E'].
06-18 13:39:11.923 W/QueryController(16995): Could not detect idle state.
06-18 13:39:11.944 D/AudioTrack( 1809): stop(22): called with 200704 frames delivered
06-18 13:39:12.028 D/UiDevice(16995): Searching for node with selector: BySelector [RES='\Qtech.gtt.frontapp.stb.demo:id/account_login_tv2\E'].
06-18 13:39:12.028 W/QueryController(16995): Could not detect idle state.
06-18 13:39:12.133 D/UiDevice(16995): Searching for node with selector: BySelector [RES='\Qtech.gtt.frontapp.stb.demo:id/account_login_tv2\E'].
06-18 13:39:12.134 W/QueryController(16995): Could not detect idle state.
06-18 13:39:12.237 D/UiDevice(16995): Searching for node with selector: BySelector [RES='\Qtech.gtt.frontapp.stb.demo:id/account_login_tv2\E'].
06-18 13:39:12.238 W/QueryController(16995): Could not detect idle state.
06-18 13:39:12.346 D/UiDevice(16995): Searching for node with selector: BySelector [RES='\Qtech.gtt.frontapp.stb.demo:id/account_login_tv2\E'].
06-18 13:39:12.347 W/QueryController(16995): Could not detect idle state.
06-18 13:39:12.348 D/NuPlayerDriver( 1809): stop(0xf5c02920)
06-18 13:39:12.350 V/MediaPlayer(17049): resetDrmState:  mDrmInfo=null mDrmProvisioningThread=null mPrepareDrmInProgress=false mActiveDrmScheme=false
06-18 13:39:12.350 V/MediaPlayer(17049): cleanDrmObj: mDrmObj=null mDrmSessionId=null
06-18 13:39:12.350 D/NuPlayerDriver( 1809): reset(0xf5c02920) at state 8
06-18 13:39:12.352 D/SurfaceUtils( 1809): disconnecting from surface 0xf0804ba8, reason disconnectFromSurface
06-18 13:39:12.354 D/SurfaceUtils( 1809): connecting to surface 0xf0804ba8, reason onShutdown
06-18 13:39:12.355 D/NuPlayerDriver( 1809): notifyResetComplete(0xf5c02920)
06-18 13:39:12.355 D/SurfaceUtils( 1809): disconnecting from surface 0xf0801948, reason disconnectNativeWindow
06-18 13:39:12.355 W/AMessage( 1809): failed to post message as target looper for handler 0 is gone.
06-18 13:39:12.357 I/MediaFocusControl( 1936): abandonAudioFocus() from uid/pid 10058/17049 clientId=android.media.AudioManager@1be4bcd
06-18 13:39:12.358 I/ActivityTaskManager( 1936): START u0 {cmp=tech.gtt.frontapp.stb.demo/tech.gtt.frontapp.stb.m.account.activity.LoginMethodSwitchActivity (has extras)} from uid 10058
06-18 13:39:12.360 D/CompatibilityChangeReporter( 1936): Compat change id reported: 174042980; UID 10058; state: DISABLED
06-18 13:39:12.360 D/CompatibilityChangeReporter( 1936): Compat change id reported: 184838306; UID 10058; state: DISABLED
06-18 13:39:12.360 D/CompatibilityChangeReporter( 1936): Compat change id reported: 185004937; UID 10058; state: DISABLED
06-18 13:39:12.361 D/CompatibilityChangeReporter( 1936): Compat change id reported: 181136395; UID 10058; state: DISABLED
06-18 13:39:12.361 D/CompatibilityChangeReporter( 1936): Compat change id reported: 174042936; UID 10058; state: DISABLED
06-18 13:39:12.362 D/CompatibilityChangeReporter( 1936): Compat change id reported: 197654537; UID 10058; state: ENABLED
06-18 13:39:12.362 D/CompatibilityChangeReporter( 1936): Compat change id reported: 168419799; UID 10058; state: DISABLED
06-18 13:39:12.367 I/MediaFocusControl( 1936): abandonAudioFocus() from uid/pid 10058/17049 clientId=android.media.AudioManager@1be4bcd
06-18 13:39:12.367 W/MediaPlayer(17049): mediaplayer went away with unhandled events
06-18 13:39:12.370 W/MediaPlayer(17049): mediaplayer went away with unhandled events
06-18 13:39:12.373 W/ActivityTaskManager( 1936): Tried to set launchTime (0) < mLastActivityLaunchTime (68044013)
06-18 13:39:12.390 D/AndroidAutoSize(17049): tech.gtt.frontapp.stb.m.account.activity.LoginMethodSwitchActivity used the global configuration.
06-18 13:39:12.391 D/AndroidAutoSize(17049): The tech.gtt.frontapp.stb.m.account.activity.LoginMethodSwitchActivity has been adapted! 
06-18 13:39:12.391 D/AndroidAutoSize(17049): LoginMethodSwitchActivity Info: isBaseOnWidth = true, designWidthInDp = 1920.000000, designWidthInSubunits = 1920.000000, targetDensity = 1.000000, targetScaledDensity = 1.000000, targetDensityDpi = 160, targetXdpi = 1.000000, targetScreenWidthDp = 1920, targetScreenHeightDp = 1032
06-18 13:39:12.424 D/AndroidAutoSize(17049): tech.gtt.frontapp.stb.m.account.activity.LoginMethodSwitchActivity used the global configuration.
06-18 13:39:12.425 D/AndroidAutoSize(17049): The tech.gtt.frontapp.stb.m.account.activity.LoginMethodSwitchActivity has been adapted! 
06-18 13:39:12.425 D/AndroidAutoSize(17049): LoginMethodSwitchActivity Info: isBaseOnWidth = true, designWidthInDp = 1920.000000, designWidthInSubunits = 1920.000000, targetDensity = 1.000000, targetScaledDensity = 1.000000, targetDensityDpi = 160, targetXdpi = 1.000000, targetScreenWidthDp = 1920, targetScreenHeightDp = 1032
06-18 13:39:12.427 W/WindowManager( 1936): Failed looking up window session=Session{bb82a1c 17049:u0a10058} callers=com.android.server.wm.WindowManagerService.windowForClientLocked:5850 com.android.server.wm.Session.updateRequestedVisibilities:640 android.view.IWindowSession$Stub.onTransact:1175 
06-18 13:39:12.438 D/gralloc_nox( 1767): gralloc_alloc: Creating ashmem region of size 8298496
06-18 13:39:12.452 D/gralloc_nox( 1767): gralloc_alloc: Creating ashmem region of size 8298496
06-18 13:39:12.473 D/ProcessState(17453): Binder ioctl to enable oneway spam detection failed: Invalid argument
06-18 13:39:12.476 D/gralloc_nox( 1767): gralloc_alloc: Creating ashmem region of size 8298496
06-18 13:39:12.488 D/UiDevice(16995): Searching for node with selector: BySelector [RES='\Qtech.gtt.frontapp.stb.demo:id/account_login_tv2\E'].
06-18 13:39:12.488 W/QueryController(16995): Could not detect idle state.
06-18 13:39:12.544 E/libEGL  (17049): called unimplemented OpenGL ES API
06-18 13:39:12.573 I/ActivityTaskManager( 1936): Displayed tech.gtt.frontapp.stb.demo/tech.gtt.frontapp.stb.m.account.activity.LoginMethodSwitchActivity: +213ms
06-18 13:39:12.732 D/UiDevice(16995): Searching for node with selector: BySelector [RES='\Qtech.gtt.frontapp.stb.demo:id/account_login_tv2\E'].
06-18 13:39:12.735 W/QueryController(16995): Could not detect idle state.
06-18 13:39:12.776 D/UIAutomatorStub(16995): URI: /jsonrpc/0, Method: POST, params, {NanoHttpd.QUERY_STRING=null}, files: {postData={"jsonrpc": "2.0", "id": 1, "method": "objInfo", "params": [{"mask": 2097152, "childOrSibling": [], "childOrSiblingSelector": [], "resourceId": "tech.gtt.frontapp.stb.demo:id/account_login_tv2"}]}}
06-18 13:39:12.778 D/UiDevice(16995): Retrieving node with selector: BySelector [RES='\Qtech.gtt.frontapp.stb.demo:id/account_login_tv2\E'].
06-18 13:39:12.778 W/QueryController(16995): Could not detect idle state.
06-18 13:39:12.801 W/InputManager-JNI( 1936): Input channel object '1dc064 tech.gtt.frontapp.stb.demo/tech.gtt.frontapp.stb.m.home.activity.LoadingActivity (client)' was disposed without first being removed with the input manager!
06-18 13:39:12.806 W/QueryController(16995): Could not detect idle state.
06-18 13:39:12.808 W/QueryController(16995): Could not detect idle state.
06-18 13:39:12.810 W/QueryController(16995): Could not detect idle state.
06-18 13:39:12.811 W/QueryController(16995): Could not detect idle state.
06-18 13:39:12.812 W/QueryController(16995): Could not detect idle state.
06-18 13:39:12.813 W/QueryController(16995): Could not detect idle state.
06-18 13:39:12.814 W/QueryController(16995): Could not detect idle state.
06-18 13:39:12.815 W/QueryController(16995): Could not detect idle state.
06-18 13:39:12.817 W/QueryController(16995): Could not detect idle state.
06-18 13:39:12.819 W/QueryController(16995): Could not detect idle state.
06-18 13:39:12.820 W/QueryController(16995): Could not detect idle state.
06-18 13:39:12.821 W/QueryController(16995): Could not detect idle state.
06-18 13:39:12.822 W/QueryController(16995): Could not detect idle state.
06-18 13:39:12.823 W/QueryController(16995): Could not detect idle state.
06-18 13:39:12.824 W/QueryController(16995): Could not detect idle state.
06-18 13:39:12.827 W/QueryController(16995): Could not detect idle state.
06-18 13:39:12.828 W/QueryController(16995): Could not detect idle state.
06-18 13:39:12.856 D/UIAutomatorStub(16995): URI: /jsonrpc/0, Method: POST, params, {NanoHttpd.QUERY_STRING=null}, files: {postData={"jsonrpc": "2.0", "id": 1, "method": "click", "params": [1390.0, 559.0]}}
06-18 13:39:12.977 I/ActivityTaskManager( 1936): START u0 {cmp=tech.gtt.frontapp.stb.demo/tech.gtt.frontapp.stb.m.account.activity.LoginActivity} from uid 10058
06-18 13:39:12.983 W/ActivityTaskManager( 1936): Tried to set launchTime (0) < mLastActivityLaunchTime (68049053)
06-18 13:39:12.991 D/AndroidAutoSize(17049): tech.gtt.frontapp.stb.m.account.activity.LoginActivity used the global configuration.
06-18 13:39:12.992 D/AndroidAutoSize(17049): The tech.gtt.frontapp.stb.m.account.activity.LoginActivity has been adapted! 
06-18 13:39:12.992 D/AndroidAutoSize(17049): LoginActivity Info: isBaseOnWidth = true, designWidthInDp = 1920.000000, designWidthInSubunits = 1920.000000, targetDensity = 1.000000, targetScaledDensity = 1.000000, targetDensityDpi = 160, targetXdpi = 1.000000, targetScreenWidthDp = 1920, targetScreenHeightDp = 1032
06-18 13:39:13.019 D/UIAutomatorStub(16995): URI: /jsonrpc/0, Method: POST, params, {NanoHttpd.QUERY_STRING=null}, files: {postData={"jsonrpc": "2.0", "id": 1, "method": "waitForExists", "params": [{"mask": 2097152, "childOrSibling": [], "childOrSiblingSelector": [], "resourceId": "tech.gtt.frontapp.stb.demo:id/loginf_et_username"}, 20000]}}
06-18 13:39:13.020 D/UiDevice(16995): Waiting 20000ms for SearchCondition[hasObject=BySelector [RES='\Qtech.gtt.frontapp.stb.demo:id/loginf_et_username\E']].
06-18 13:39:13.020 D/UiDevice(16995): Searching for node with selector: BySelector [RES='\Qtech.gtt.frontapp.stb.demo:id/loginf_et_username\E'].
06-18 13:39:13.021 W/QueryController(16995): Could not detect idle state.
06-18 13:39:13.059 D/AndroidAutoSize(17049): tech.gtt.frontapp.stb.m.account.activity.LoginActivity used the global configuration.
06-18 13:39:13.059 D/AndroidAutoSize(17049): The tech.gtt.frontapp.stb.m.account.activity.LoginActivity has been adapted! 
06-18 13:39:13.059 D/AndroidAutoSize(17049): LoginActivity Info: isBaseOnWidth = true, designWidthInDp = 1920.000000, designWidthInSubunits = 1920.000000, targetDensity = 1.000000, targetScaledDensity = 1.000000, targetDensityDpi = 160, targetXdpi = 1.000000, targetScreenWidthDp = 1920, targetScreenHeightDp = 1032
06-18 13:39:13.062 W/WindowManager( 1936): Failed looking up window session=Session{bb82a1c 17049:u0a10058} callers=com.android.server.wm.WindowManagerService.windowForClientLocked:5850 com.android.server.wm.Session.updateRequestedVisibilities:640 android.view.IWindowSession$Stub.onTransact:1175 
06-18 13:39:13.089 D/gralloc_nox( 1767): gralloc_alloc: Creating ashmem region of size 8298496
06-18 13:39:13.113 D/gralloc_nox( 1767): gralloc_alloc: Creating ashmem region of size 8298496
06-18 13:39:13.121 W/System  ( 1936): A resource failed to call close. 
06-18 13:39:13.121 W/System  ( 1936): A resource failed to call release. 
06-18 13:39:13.127 D/ProcessState(17465): Binder ioctl to enable oneway spam detection failed: Invalid argument
06-18 13:39:13.144 D/gralloc_nox( 1767): gralloc_alloc: Creating ashmem region of size 8298496
06-18 13:39:13.173 D/UiDevice(16995): Searching for node with selector: BySelector [RES='\Qtech.gtt.frontapp.stb.demo:id/loginf_et_username\E'].
06-18 13:39:13.176 W/QueryController(16995): Could not detect idle state.
06-18 13:39:13.214 I/ActivityTaskManager( 1936): Displayed tech.gtt.frontapp.stb.demo/tech.gtt.frontapp.stb.m.account.activity.LoginActivity: +236ms
06-18 13:39:13.370 D/UIAutomatorStub(16995): URI: /jsonrpc/0, Method: POST, params, {NanoHttpd.QUERY_STRING=null}, files: {postData={"jsonrpc": "2.0", "id": 1, "method": "objInfo", "params": [{"mask": 2097152, "childOrSibling": [], "childOrSiblingSelector": [], "resourceId": "tech.gtt.frontapp.stb.demo:id/loginf_et_username"}]}}
06-18 13:39:13.370 D/UiDevice(16995): Retrieving node with selector: BySelector [RES='\Qtech.gtt.frontapp.stb.demo:id/loginf_et_username\E'].
06-18 13:39:13.371 W/QueryController(16995): Could not detect idle state.
06-18 13:39:13.377 W/QueryController(16995): Could not detect idle state.
06-18 13:39:13.379 W/QueryController(16995): Could not detect idle state.
06-18 13:39:13.381 W/QueryController(16995): Could not detect idle state.
06-18 13:39:13.385 W/QueryController(16995): Could not detect idle state.
06-18 13:39:13.387 W/QueryController(16995): Could not detect idle state.
06-18 13:39:13.389 W/QueryController(16995): Could not detect idle state.
06-18 13:39:13.391 W/QueryController(16995): Could not detect idle state.
06-18 13:39:13.393 W/QueryController(16995): Could not detect idle state.
06-18 13:39:13.396 W/QueryController(16995): Could not detect idle state.
06-18 13:39:13.397 W/QueryController(16995): Could not detect idle state.
06-18 13:39:13.398 W/QueryController(16995): Could not detect idle state.
06-18 13:39:13.403 W/QueryController(16995): Could not detect idle state.
06-18 13:39:13.404 W/QueryController(16995): Could not detect idle state.
06-18 13:39:13.405 W/QueryController(16995): Could not detect idle state.
06-18 13:39:13.407 W/QueryController(16995): Could not detect idle state.
06-18 13:39:13.410 W/QueryController(16995): Could not detect idle state.
06-18 13:39:13.412 W/QueryController(16995): Could not detect idle state.
06-18 13:39:13.442 D/UIAutomatorStub(16995): URI: /jsonrpc/0, Method: POST, params, {NanoHttpd.QUERY_STRING=null}, files: {postData={"jsonrpc": "2.0", "id": 1, "method": "click", "params": [1057.0, 437.0]}}
06-18 13:39:13.477 W/SurfaceFlinger( 1779): couldn't log to binary event log: overflow.
06-18 13:39:13.586 D/CompatibilityChangeReporter(17049): Compat change id reported: 163400105; UID 10058; state: ENABLED
06-18 13:39:13.587 D/InputMethodManager(17049): showSoftInput() view=tech.gtt.frontapp.stb.c.ui.edittext.EmailAutoCompleteTextView{b2e5e7d VFED..CL. .F.P..ID 0,0-700,92 #7f0b02ce app:id/loginf_et_username aid=1073741824} flags=0 reason=SHOW_SOFT_INPUT
06-18 13:39:13.588 V/InputMethodService( 3034): onEvaluateInputViewShown: config.hardKeyboardHidden = 2
06-18 13:39:13.588 V/InputMethodService( 3034): onEvaluateInputViewShown: config.hardKeyboardHidden = 2
06-18 13:39:13.588 I/AdbKeyboard( 3034): imeAction: 5 Next
06-18 13:39:13.595 D/gralloc_nox( 1767): gralloc_alloc: Creating ashmem region of size 647168
06-18 13:39:13.648 D/gralloc_nox( 1767): gralloc_alloc: Creating ashmem region of size 647168
06-18 13:39:13.654 D/UIAutomatorStub(16995): URI: /jsonrpc/0, Method: POST, params, {NanoHttpd.QUERY_STRING=null}, files: {postData={"jsonrpc": "2.0", "id": 1, "method": "waitForExists", "params": [{"mask": 2097152, "childOrSibling": [], "childOrSiblingSelector": [], "resourceId": "tech.gtt.frontapp.stb.demo:id/loginf_et_username"}, 20000]}}
06-18 13:39:13.654 D/gralloc_nox( 1767): gralloc_alloc: Creating ashmem region of size 647168
06-18 13:39:13.655 D/UiDevice(16995): Waiting 20000ms for SearchCondition[hasObject=BySelector [RES='\Qtech.gtt.frontapp.stb.demo:id/loginf_et_username\E']].
06-18 13:39:13.656 D/UiDevice(16995): Searching for node with selector: BySelector [RES='\Qtech.gtt.frontapp.stb.demo:id/loginf_et_username\E'].
06-18 13:39:13.656 W/QueryController(16995): Could not detect idle state.
06-18 13:39:13.662 D/ProcessState(17475): Binder ioctl to enable oneway spam detection failed: Invalid argument
06-18 13:39:13.664 D/InsetsController(17049): show(ime(), fromIme=true)
06-18 13:39:13.690 D/UIAutomatorStub(16995): URI: /jsonrpc/0, Method: POST, params, {NanoHttpd.QUERY_STRING=null}, files: {postData={"jsonrpc": "2.0", "id": 1, "method": "setText", "params": [{"mask": 2097152, "childOrSibling": [], "childOrSiblingSelector": [], "resourceId": "tech.gtt.frontapp.stb.demo:id/loginf_et_username"}, "0609@ipwangxin.cn"]}}
06-18 13:39:13.691 D/UiDevice(16995): Retrieving node with selector: BySelector [RES='\Qtech.gtt.frontapp.stb.demo:id/loginf_et_username\E'].
06-18 13:39:13.692 W/QueryController(16995): Could not detect idle state.
06-18 13:39:13.695 W/QueryController(16995): Could not detect idle state.
06-18 13:39:13.696 D/UiObject2(16995): Clicking on (1057, 437).
06-18 13:39:13.720 D/InputMethodManager(17049): showSoftInput() view=tech.gtt.frontapp.stb.c.ui.edittext.EmailAutoCompleteTextView{b2e5e7d VFED..CL. .F.P.... 0,0-700,92 #7f0b02ce app:id/loginf_et_username aid=1073741824} flags=0 reason=SHOW_SOFT_INPUT
06-18 13:39:13.722 V/InputMethodService( 3034): onEvaluateInputViewShown: config.hardKeyboardHidden = 2
06-18 13:39:13.722 V/InputMethodService( 3034): onEvaluateInputViewShown: config.hardKeyboardHidden = 2
06-18 13:39:13.724 D/InsetsController(17049): show(ime(), fromIme=true)
06-18 13:39:13.734 W/GestureController(16995): Gestures took longer than expected (36ms >> 16ms), device might be in a busy state.
06-18 13:39:13.734 D/UiDevice(16995): Retrieving node with selector: BySelector [RES='\Qtech.gtt.frontapp.stb.demo:id/loginf_et_username\E'].
06-18 13:39:13.734 W/QueryController(16995): Could not detect idle state.
06-18 13:39:13.741 W/QueryController(16995): Could not detect idle state.
06-18 13:39:13.743 D/UiObject2(16995): Setting text to '0609@ipwangxin.cn'.
06-18 13:39:13.750 I/AdbKeyboard( 3034): imeAction: 5 Next
06-18 13:39:13.752 V/InputMethodService( 3034): onEvaluateInputViewShown: config.hardKeyboardHidden = 2
06-18 13:39:13.752 V/InputMethodService( 3034): onEvaluateInputViewShown: config.hardKeyboardHidden = 2
06-18 13:39:13.761 D/InsetsController(17049): show(ime(), fromIme=true)
06-18 13:39:13.785 D/UIAutomatorStub(16995): URI: /jsonrpc/0, Method: POST, params, {NanoHttpd.QUERY_STRING=null}, files: {postData={"jsonrpc": "2.0", "id": 1, "method": "waitForExists", "params": [{"mask": 2097152, "childOrSibling": [], "childOrSiblingSelector": [], "resourceId": "tech.gtt.frontapp.stb.demo:id/et_pwd"}, 20000]}}
06-18 13:39:13.787 D/UiDevice(16995): Waiting 20000ms for SearchCondition[hasObject=BySelector [RES='\Qtech.gtt.frontapp.stb.demo:id/et_pwd\E']].
06-18 13:39:13.787 D/UiDevice(16995): Searching for node with selector: BySelector [RES='\Qtech.gtt.frontapp.stb.demo:id/et_pwd\E'].
06-18 13:39:13.787 W/QueryController(16995): Could not detect idle state.
06-18 13:39:13.829 D/UIAutomatorStub(16995): URI: /jsonrpc/0, Method: POST, params, {NanoHttpd.QUERY_STRING=null}, files: {postData={"jsonrpc": "2.0", "id": 1, "method": "objInfo", "params": [{"mask": 2097152, "childOrSibling": [], "childOrSiblingSelector": [], "resourceId": "tech.gtt.frontapp.stb.demo:id/et_pwd"}]}}
06-18 13:39:13.830 D/UiDevice(16995): Retrieving node with selector: BySelector [RES='\Qtech.gtt.frontapp.stb.demo:id/et_pwd\E'].
06-18 13:39:13.830 W/QueryController(16995): Could not detect idle state.
06-18 13:39:13.835 W/QueryController(16995): Could not detect idle state.
06-18 13:39:13.836 W/QueryController(16995): Could not detect idle state.
06-18 13:39:13.837 W/QueryController(16995): Could not detect idle state.
06-18 13:39:13.837 W/QueryController(16995): Could not detect idle state.
06-18 13:39:13.838 W/QueryController(16995): Could not detect idle state.
06-18 13:39:13.839 W/QueryController(16995): Could not detect idle state.
06-18 13:39:13.839 W/QueryController(16995): Could not detect idle state.
06-18 13:39:13.840 W/QueryController(16995): Could not detect idle state.
06-18 13:39:13.841 W/QueryController(16995): Could not detect idle state.
06-18 13:39:13.841 W/QueryController(16995): Could not detect idle state.
06-18 13:39:13.842 W/QueryController(16995): Could not detect idle state.
06-18 13:39:13.843 W/QueryController(16995): Could not detect idle state.
06-18 13:39:13.843 W/QueryController(16995): Could not detect idle state.
06-18 13:39:13.844 W/QueryController(16995): Could not detect idle state.
06-18 13:39:13.844 W/QueryController(16995): Could not detect idle state.
06-18 13:39:13.845 W/QueryController(16995): Could not detect idle state.
06-18 13:39:13.846 W/QueryController(16995): Could not detect idle state.
06-18 13:39:13.875 D/UIAutomatorStub(16995): URI: /jsonrpc/0, Method: POST, params, {NanoHttpd.QUERY_STRING=null}, files: {postData={"jsonrpc": "2.0", "id": 1, "method": "click", "params": [1057.0, 559.0]}}
06-18 13:39:13.918 W/NotificationHistory( 1936): Attempted to add notif for locked/gone/disabled user 0
06-18 13:39:13.923 D/InterruptionStateProvider( 2106): No bubble up: not allowed to bubble: -1|android|8|null|1000
06-18 13:39:13.923 D/InterruptionStateProvider( 2106): No heads up: unimportant notification: -1|android|8|null|1000
06-18 13:39:13.924 D/PeopleSpaceWidgetMgr( 2106): Sbn doesn't contain valid PeopleTileKey: null/-1/android
06-18 13:39:13.933 D/InterruptionStateProvider( 2106): No bubble up: not allowed to bubble: -1|android|8|null|1000
06-18 13:39:13.934 D/InterruptionStateProvider( 2106): No heads up: unimportant notification: -1|android|8|null|1000
06-18 13:39:13.938 D/PeopleSpaceWidgetMgr( 2106): Sbn doesn't contain valid PeopleTileKey: null/-1/android
06-18 13:39:13.973 D/InterruptionStateProvider( 2106): No bubble up: not allowed to bubble: -1|android|8|null|1000
06-18 13:39:13.974 D/InterruptionStateProvider( 2106): No heads up: unimportant notification: -1|android|8|null|1000
06-18 13:39:13.980 D/PeopleSpaceWidgetMgr( 2106): Sbn doesn't contain valid PeopleTileKey: null/-1/android
06-18 13:39:14.000 I/AdbKeyboard( 3034): imeAction: 5 Next
06-18 13:39:14.000 V/InputMethodService( 3034): onEvaluateInputViewShown: config.hardKeyboardHidden = 2
06-18 13:39:14.000 V/InputMethodService( 3034): onEvaluateInputViewShown: config.hardKeyboardHidden = 2
06-18 13:39:14.000 D/InputMethodManager(17049): showSoftInput() view=tech.gtt.frontapp.stb.c.ui.edittext.NormalFocusEditText{ec17f1f VFED..CL. .F.P..ID 0,0-700,92 #7f0b0172 app:id/et_pwd aid=1073741826} flags=0 reason=SHOW_SOFT_INPUT
06-18 13:39:14.001 V/InputMethodService( 3034): onEvaluateInputViewShown: config.hardKeyboardHidden = 2
06-18 13:39:14.001 V/InputMethodService( 3034): onEvaluateInputViewShown: config.hardKeyboardHidden = 2
06-18 13:39:14.007 D/InsetsController(17049): show(ime(), fromIme=true)
06-18 13:39:14.007 D/InsetsController(17049): show(ime(), fromIme=true)
06-18 13:39:14.039 D/UIAutomatorStub(16995): URI: /jsonrpc/0, Method: POST, params, {NanoHttpd.QUERY_STRING=null}, files: {postData={"jsonrpc": "2.0", "id": 1, "method": "waitForExists", "params": [{"mask": 2097152, "childOrSibling": [], "childOrSiblingSelector": [], "resourceId": "tech.gtt.frontapp.stb.demo:id/et_pwd"}, 20000]}}
06-18 13:39:14.042 D/UiDevice(16995): Waiting 20000ms for SearchCondition[hasObject=BySelector [RES='\Qtech.gtt.frontapp.stb.demo:id/et_pwd\E']].
06-18 13:39:14.042 D/UiDevice(16995): Searching for node with selector: BySelector [RES='\Qtech.gtt.frontapp.stb.demo:id/et_pwd\E'].
06-18 13:39:14.044 W/QueryController(16995): Could not detect idle state.
06-18 13:39:14.071 D/UIAutomatorStub(16995): URI: /jsonrpc/0, Method: POST, params, {NanoHttpd.QUERY_STRING=null}, files: {postData={"jsonrpc": "2.0", "id": 1, "method": "setText", "params": [{"mask": 2097152, "childOrSibling": [], "childOrSiblingSelector": [], "resourceId": "tech.gtt.frontapp.stb.demo:id/et_pwd"}, "123456"]}}
