06-17 19:39:18.149 I/OMXStore( 1812): makeComponentInstance(OMX.google.h264.decoder) in android.hardwar process
06-17 19:39:18.151 E/OMXNodeInstance( 1812): setConfig(0xe6d40da0:google.aac.decoder, ConfigPriority(0x6f800002)) ERROR: Undefined(0x80001001)
06-17 19:39:18.151 I/ACodec  ( 1809): codec does not support config priority (err -2147483648)
06-17 19:39:18.152 E/OMXNodeInstance( 1812): getConfig(0xe6d40da0:google.aac.decoder, ConfigAndroidVendorExtension(0x6f100004)) ERROR: Undefined(0x80001001)
06-17 19:39:18.153 D/SoftAAC2( 1812): get OMX_IndexParamAudioAndroidAacDrcPresentation
06-17 19:39:18.155 I/MediaCodec( 1809): MediaCodec will operate in async mode
06-17 19:39:18.155 D/MediaCodec( 1809): keep callback message for reclaim
06-17 19:39:18.156 D/SurfaceUtils( 1809): disconnecting from surface 0xf0804ba8, reason onConfigure
06-17 19:39:18.157 D/SurfaceUtils( 1809): connecting to surface 0xf0804ba8, reason connectToSurface
06-17 19:39:18.158 I/MediaCodec( 1809): [OMX.google.h264.decoder] setting surface generation to 1852423
06-17 19:39:18.158 D/SurfaceUtils( 1809): disconnecting from surface 0xf0804ba8, reason connectToSurface(reconnect)
06-17 19:39:18.158 D/SurfaceUtils( 1809): connecting to surface 0xf0804ba8, reason connectToSurface(reconnect)
06-17 19:39:18.159 E/OMXNodeInstance( 1812): getExtensionIndex(0xe6d40710:google.h264.decoder, OMX.google.android.index.enableAndroidNativeBuffers) ERROR: UnsupportedIndex(0x8000101a)
06-17 19:39:18.159 E/ACodec  ( 1809): [OMX.google.h264.decoder] setPortMode on output to DynamicANWBuffer failed w/ err -1010
06-17 19:39:18.160 E/OMXNodeInstance( 1812): getParameter(0xe6d40710:google.h264.decoder, ??(0x6f600011)) ERROR: UnsupportedIndex(0x8000101a)
06-17 19:39:18.160 W/OMXNodeInstance( 1812): [0xe6d40710:google.h264.decoder] component does not support metadata mode; using fallback
06-17 19:39:18.161 D/SoftVideoDecoderOMXComponent( 1812): Color Aspects preference: 1 
06-17 19:39:18.161 E/OMXNodeInstance( 1812): setConfig(0xe6d40710:google.h264.decoder, ConfigPriority(0x6f800002)) ERROR: UnsupportedIndex(0x8000101a)
06-17 19:39:18.161 I/ACodec  ( 1809): codec does not support config priority (err -1010)
06-17 19:39:18.161 E/OMXNodeInstance( 1812): setConfig(0xe6d40710:google.h264.decoder, ConfigOperatingRate(0x6f800003)) ERROR: UnsupportedIndex(0x8000101a)
06-17 19:39:18.161 I/ACodec  ( 1809): codec does not support config operating rate (err -1010)
06-17 19:39:18.161 E/OMXNodeInstance( 1812): getConfig(0xe6d40710:google.h264.decoder, ConfigAndroidVendorExtension(0x6f100004)) ERROR: UnsupportedIndex(0x8000101a)
06-17 19:39:18.162 E/OMXNodeInstance( 1812): getConfig(0xe6d40710:google.h264.decoder, ??(0x7f000003)) ERROR: UnsupportedSetting(0x80001019)
06-17 19:39:18.162 I/MediaCodec( 1809): MediaCodec will operate in async mode
06-17 19:39:18.162 D/MediaCodec( 1809): keep callback message for reclaim
06-17 19:39:18.165 I/SoftAAC2( 1812): Reconfiguring decoder: 0->44100 Hz, 0->1 channels
06-17 19:39:18.165 D/SoftAAC2( 1812): get OMX_IndexParamAudioAndroidAacDrcPresentation
06-17 19:39:18.169 W/ResourceManagerService( 1809): Ignoring request to add new resource entry with value <= 0
06-17 19:39:18.170 D/SoftVideoDecoderOMXComponent( 1812): Color Aspects preference: 1 
06-17 19:39:18.173 D/AudioFlinger( 1776): Client defaulted notificationFrames to 11286 for frameCount 22572
06-17 19:39:18.174 D/AF::TrackHandle( 1776): OpPlayAudio: track:63 usage:1 not muted
06-17 19:39:18.204 E/OMXNodeInstance( 1812): getConfig(0xe6d40710:google.h264.decoder, ??(0x7f000003)) ERROR: UnsupportedSetting(0x80001019)
06-17 19:39:18.206 D/MediaCodec( 1809): [OMX.google.h264.decoder] setting dataspace on output surface to #102
06-17 19:39:18.220 W/MediaPlayerNative( 8359): info/warning (3, 0)
06-17 19:39:18.221 D/gralloc_nox( 1767): gralloc_alloc: Creating ashmem region of size 589824
06-17 19:39:18.224 D/SoftwareRenderer( 1809): setting dataspace on output surface to #8000102
06-17 19:39:18.225 D/gralloc_nox( 1767): gralloc_alloc: Creating ashmem region of size 589824
06-17 19:39:18.282 W/InputManager-JNI( 1936): Input channel object 'e9f39c tech.gtt.frontapp.stb.demo/tech.gtt.frontapp.stb.m.home.activity.SplashActivity (client)' was disposed without first being removed with the input manager!
06-17 19:39:18.286 D/AudioFlinger( 1776): mixer(0x7e14b2cf8a60) throttle end: throttle time(41)
06-17 19:39:18.425 V/GSK-APIS( 8359): received response >>> id: 52ac0d90 url: https://gtt-app-apigateway-lion.vdemosit.com/api/enduser/messagecenter/message/query/v1 statusCode: 400, exception: null
06-17 19:39:18.426 I/System.out( 8359): [SDKInterceptorPlugin] Unhandled exception in request processing: Something went wrong while connecting to the server, statusCode: 400
06-17 19:39:18.430 D/UIAutomatorStub( 8417): URI: /jsonrpc/0, Method: POST, params, {NanoHttpd.QUERY_STRING=null}, files: {postData={"jsonrpc": "2.0", "id": 1, "method": "waitForExists", "params": [{"mask": 2097152, "childOrSibling": [], "childOrSiblingSelector": [], "resourceId": "tech.gtt.frontapp.stb.demo:id/account_login_tv2"}, 20000]}}
06-17 19:39:18.431 D/UiDevice( 8417): Waiting 20000ms for SearchCondition[hasObject=BySelector [RES='\Qtech.gtt.frontapp.stb.demo:id/account_login_tv2\E']].
06-17 19:39:18.431 D/UiDevice( 8417): Searching for node with selector: BySelector [RES='\Qtech.gtt.frontapp.stb.demo:id/account_login_tv2\E'].
06-17 19:39:18.431 W/QueryController( 8417): Could not detect idle state.
06-17 19:39:18.537 D/UiDevice( 8417): Searching for node with selector: BySelector [RES='\Qtech.gtt.frontapp.stb.demo:id/account_login_tv2\E'].
06-17 19:39:18.538 W/QueryController( 8417): Could not detect idle state.
06-17 19:39:18.643 D/UiDevice( 8417): Searching for node with selector: BySelector [RES='\Qtech.gtt.frontapp.stb.demo:id/account_login_tv2\E'].
06-17 19:39:18.643 W/QueryController( 8417): Could not detect idle state.
06-17 19:39:18.748 D/UiDevice( 8417): Searching for node with selector: BySelector [RES='\Qtech.gtt.frontapp.stb.demo:id/account_login_tv2\E'].
06-17 19:39:18.748 W/QueryController( 8417): Could not detect idle state.
06-17 19:39:18.852 D/UiDevice( 8417): Searching for node with selector: BySelector [RES='\Qtech.gtt.frontapp.stb.demo:id/account_login_tv2\E'].
06-17 19:39:18.852 W/QueryController( 8417): Could not detect idle state.
06-17 19:39:18.956 D/UiDevice( 8417): Searching for node with selector: BySelector [RES='\Qtech.gtt.frontapp.stb.demo:id/account_login_tv2\E'].
06-17 19:39:18.957 W/QueryController( 8417): Could not detect idle state.
06-17 19:39:19.063 D/UiDevice( 8417): Searching for node with selector: BySelector [RES='\Qtech.gtt.frontapp.stb.demo:id/account_login_tv2\E'].
06-17 19:39:19.064 W/QueryController( 8417): Could not detect idle state.
06-17 19:39:19.179 D/UiDevice( 8417): Searching for node with selector: BySelector [RES='\Qtech.gtt.frontapp.stb.demo:id/account_login_tv2\E'].
06-17 19:39:19.180 W/QueryController( 8417): Could not detect idle state.
06-17 19:39:19.290 D/UiDevice( 8417): Searching for node with selector: BySelector [RES='\Qtech.gtt.frontapp.stb.demo:id/account_login_tv2\E'].
06-17 19:39:19.290 W/QueryController( 8417): Could not detect idle state.
06-17 19:39:19.394 D/UiDevice( 8417): Searching for node with selector: BySelector [RES='\Qtech.gtt.frontapp.stb.demo:id/account_login_tv2\E'].
06-17 19:39:19.396 W/QueryController( 8417): Could not detect idle state.
06-17 19:39:19.500 D/UiDevice( 8417): Searching for node with selector: BySelector [RES='\Qtech.gtt.frontapp.stb.demo:id/account_login_tv2\E'].
06-17 19:39:19.502 W/QueryController( 8417): Could not detect idle state.
06-17 19:39:19.619 D/UiDevice( 8417): Searching for node with selector: BySelector [RES='\Qtech.gtt.frontapp.stb.demo:id/account_login_tv2\E'].
06-17 19:39:19.619 W/QueryController( 8417): Could not detect idle state.
06-17 19:39:19.723 D/UiDevice( 8417): Searching for node with selector: BySelector [RES='\Qtech.gtt.frontapp.stb.demo:id/account_login_tv2\E'].
06-17 19:39:19.724 W/QueryController( 8417): Could not detect idle state.
06-17 19:39:19.828 D/UiDevice( 8417): Searching for node with selector: BySelector [RES='\Qtech.gtt.frontapp.stb.demo:id/account_login_tv2\E'].
06-17 19:39:19.829 W/QueryController( 8417): Could not detect idle state.
06-17 19:39:19.932 D/UiDevice( 8417): Searching for node with selector: BySelector [RES='\Qtech.gtt.frontapp.stb.demo:id/account_login_tv2\E'].
06-17 19:39:19.933 W/QueryController( 8417): Could not detect idle state.
06-17 19:39:20.036 D/UiDevice( 8417): Searching for node with selector: BySelector [RES='\Qtech.gtt.frontapp.stb.demo:id/account_login_tv2\E'].
06-17 19:39:20.036 W/QueryController( 8417): Could not detect idle state.
06-17 19:39:20.139 D/UiDevice( 8417): Searching for node with selector: BySelector [RES='\Qtech.gtt.frontapp.stb.demo:id/account_login_tv2\E'].
06-17 19:39:20.140 W/QueryController( 8417): Could not detect idle state.
06-17 19:39:20.243 D/UiDevice( 8417): Searching for node with selector: BySelector [RES='\Qtech.gtt.frontapp.stb.demo:id/account_login_tv2\E'].
06-17 19:39:20.243 W/QueryController( 8417): Could not detect idle state.
06-17 19:39:20.348 D/UiDevice( 8417): Searching for node with selector: BySelector [RES='\Qtech.gtt.frontapp.stb.demo:id/account_login_tv2\E'].
06-17 19:39:20.349 W/QueryController( 8417): Could not detect idle state.
06-17 19:39:20.452 D/UiDevice( 8417): Searching for node with selector: BySelector [RES='\Qtech.gtt.frontapp.stb.demo:id/account_login_tv2\E'].
06-17 19:39:20.452 W/QueryController( 8417): Could not detect idle state.
06-17 19:39:20.557 D/UiDevice( 8417): Searching for node with selector: BySelector [RES='\Qtech.gtt.frontapp.stb.demo:id/account_login_tv2\E'].
06-17 19:39:20.557 W/QueryController( 8417): Could not detect idle state.
06-17 19:39:20.661 D/UiDevice( 8417): Searching for node with selector: BySelector [RES='\Qtech.gtt.frontapp.stb.demo:id/account_login_tv2\E'].
06-17 19:39:20.662 W/QueryController( 8417): Could not detect idle state.
06-17 19:39:20.765 D/UiDevice( 8417): Searching for node with selector: BySelector [RES='\Qtech.gtt.frontapp.stb.demo:id/account_login_tv2\E'].
06-17 19:39:20.765 W/QueryController( 8417): Could not detect idle state.
06-17 19:39:20.871 D/UiDevice( 8417): Searching for node with selector: BySelector [RES='\Qtech.gtt.frontapp.stb.demo:id/account_login_tv2\E'].
06-17 19:39:20.872 W/QueryController( 8417): Could not detect idle state.
06-17 19:39:20.984 D/UiDevice( 8417): Searching for node with selector: BySelector [RES='\Qtech.gtt.frontapp.stb.demo:id/account_login_tv2\E'].
06-17 19:39:20.985 W/QueryController( 8417): Could not detect idle state.
06-17 19:39:21.090 D/UiDevice( 8417): Searching for node with selector: BySelector [RES='\Qtech.gtt.frontapp.stb.demo:id/account_login_tv2\E'].
06-17 19:39:21.091 W/QueryController( 8417): Could not detect idle state.
06-17 19:39:21.197 D/UiDevice( 8417): Searching for node with selector: BySelector [RES='\Qtech.gtt.frontapp.stb.demo:id/account_login_tv2\E'].
06-17 19:39:21.197 W/QueryController( 8417): Could not detect idle state.
06-17 19:39:21.296 E/TaskPersister( 1936): File error accessing recents directory (directory doesn't exist?).
06-17 19:39:21.301 D/UiDevice( 8417): Searching for node with selector: BySelector [RES='\Qtech.gtt.frontapp.stb.demo:id/account_login_tv2\E'].
06-17 19:39:21.301 W/QueryController( 8417): Could not detect idle state.
06-17 19:39:21.407 D/UiDevice( 8417): Searching for node with selector: BySelector [RES='\Qtech.gtt.frontapp.stb.demo:id/account_login_tv2\E'].
06-17 19:39:21.408 W/QueryController( 8417): Could not detect idle state.
06-17 19:39:21.418 I/keystore2( 1710): keystore2::watchdog: Watchdog thread idle -> terminating. Have a great day.
06-17 19:39:21.512 D/UiDevice( 8417): Searching for node with selector: BySelector [RES='\Qtech.gtt.frontapp.stb.demo:id/account_login_tv2\E'].
06-17 19:39:21.513 W/QueryController( 8417): Could not detect idle state.
06-17 19:39:21.621 D/UiDevice( 8417): Searching for node with selector: BySelector [RES='\Qtech.gtt.frontapp.stb.demo:id/account_login_tv2\E'].
06-17 19:39:21.621 W/QueryController( 8417): Could not detect idle state.
06-17 19:39:21.724 D/UiDevice( 8417): Searching for node with selector: BySelector [RES='\Qtech.gtt.frontapp.stb.demo:id/account_login_tv2\E'].
06-17 19:39:21.724 W/QueryController( 8417): Could not detect idle state.
06-17 19:39:21.828 D/UiDevice( 8417): Searching for node with selector: BySelector [RES='\Qtech.gtt.frontapp.stb.demo:id/account_login_tv2\E'].
06-17 19:39:21.829 W/QueryController( 8417): Could not detect idle state.
06-17 19:39:21.932 D/UiDevice( 8417): Searching for node with selector: BySelector [RES='\Qtech.gtt.frontapp.stb.demo:id/account_login_tv2\E'].
06-17 19:39:21.932 W/QueryController( 8417): Could not detect idle state.
06-17 19:39:22.035 D/UiDevice( 8417): Searching for node with selector: BySelector [RES='\Qtech.gtt.frontapp.stb.demo:id/account_login_tv2\E'].
06-17 19:39:22.035 W/QueryController( 8417): Could not detect idle state.
06-17 19:39:22.139 D/UiDevice( 8417): Searching for node with selector: BySelector [RES='\Qtech.gtt.frontapp.stb.demo:id/account_login_tv2\E'].
06-17 19:39:22.140 W/QueryController( 8417): Could not detect idle state.
06-17 19:39:22.251 D/UiDevice( 8417): Searching for node with selector: BySelector [RES='\Qtech.gtt.frontapp.stb.demo:id/account_login_tv2\E'].
06-17 19:39:22.251 W/QueryController( 8417): Could not detect idle state.
06-17 19:39:22.356 D/UiDevice( 8417): Searching for node with selector: BySelector [RES='\Qtech.gtt.frontapp.stb.demo:id/account_login_tv2\E'].
06-17 19:39:22.357 W/QueryController( 8417): Could not detect idle state.
06-17 19:39:22.425 D/AudioTrack( 1809): stop(15): called with 200704 frames delivered
06-17 19:39:22.461 D/UiDevice( 8417): Searching for node with selector: BySelector [RES='\Qtech.gtt.frontapp.stb.demo:id/account_login_tv2\E'].
06-17 19:39:22.462 W/QueryController( 8417): Could not detect idle state.
06-17 19:39:22.565 D/UiDevice( 8417): Searching for node with selector: BySelector [RES='\Qtech.gtt.frontapp.stb.demo:id/account_login_tv2\E'].
06-17 19:39:22.566 W/QueryController( 8417): Could not detect idle state.
06-17 19:39:22.670 D/UiDevice( 8417): Searching for node with selector: BySelector [RES='\Qtech.gtt.frontapp.stb.demo:id/account_login_tv2\E'].
06-17 19:39:22.672 W/QueryController( 8417): Could not detect idle state.
06-17 19:39:22.787 D/UiDevice( 8417): Searching for node with selector: BySelector [RES='\Qtech.gtt.frontapp.stb.demo:id/account_login_tv2\E'].
06-17 19:39:22.787 W/QueryController( 8417): Could not detect idle state.
06-17 19:39:22.839 D/NuPlayerDriver( 1809): stop(0xf5c00d00)
06-17 19:39:22.840 V/MediaPlayer( 8359): resetDrmState:  mDrmInfo=null mDrmProvisioningThread=null mPrepareDrmInProgress=false mActiveDrmScheme=false
06-17 19:39:22.840 V/MediaPlayer( 8359): cleanDrmObj: mDrmObj=null mDrmSessionId=null
06-17 19:39:22.840 D/NuPlayerDriver( 1809): reset(0xf5c00d00) at state 8
06-17 19:39:22.843 D/SurfaceUtils( 1809): disconnecting from surface 0xf0804ba8, reason disconnectFromSurface
06-17 19:39:22.845 D/SurfaceUtils( 1809): connecting to surface 0xf0804ba8, reason onShutdown
06-17 19:39:22.847 D/NuPlayerDriver( 1809): notifyResetComplete(0xf5c00d00)
06-17 19:39:22.847 D/SurfaceUtils( 1809): disconnecting from surface 0xf0800018, reason disconnectNativeWindow
06-17 19:39:22.847 W/AMessage( 1809): failed to post message as target looper for handler 0 is gone.
06-17 19:39:22.848 I/MediaFocusControl( 1936): abandonAudioFocus() from uid/pid 10058/8359 clientId=android.media.AudioManager@945bd64
06-17 19:39:22.849 I/ActivityTaskManager( 1936): START u0 {cmp=tech.gtt.frontapp.stb.demo/tech.gtt.frontapp.stb.m.account.activity.LoginMethodSwitchActivity (has extras)} from uid 10058
06-17 19:39:22.851 D/CompatibilityChangeReporter( 1936): Compat change id reported: 174042980; UID 10058; state: DISABLED
06-17 19:39:22.852 D/CompatibilityChangeReporter( 1936): Compat change id reported: 184838306; UID 10058; state: DISABLED
06-17 19:39:22.852 D/CompatibilityChangeReporter( 1936): Compat change id reported: 185004937; UID 10058; state: DISABLED
06-17 19:39:22.852 D/CompatibilityChangeReporter( 1936): Compat change id reported: 181136395; UID 10058; state: DISABLED
06-17 19:39:22.852 D/CompatibilityChangeReporter( 1936): Compat change id reported: 174042936; UID 10058; state: DISABLED
06-17 19:39:22.853 D/CompatibilityChangeReporter( 1936): Compat change id reported: 197654537; UID 10058; state: ENABLED
06-17 19:39:22.854 D/CompatibilityChangeReporter( 1936): Compat change id reported: 168419799; UID 10058; state: DISABLED
06-17 19:39:22.858 I/MediaFocusControl( 1936): abandonAudioFocus() from uid/pid 10058/8359 clientId=android.media.AudioManager@945bd64
06-17 19:39:22.858 W/MediaPlayer( 8359): mediaplayer went away with unhandled events
06-17 19:39:22.863 W/MediaPlayer( 8359): mediaplayer went away with unhandled events
06-17 19:39:22.866 W/ActivityTaskManager( 1936): Tried to set launchTime (0) < mLastActivityLaunchTime (3254485)
06-17 19:39:22.876 D/AndroidAutoSize( 8359): tech.gtt.frontapp.stb.m.account.activity.LoginMethodSwitchActivity used the global configuration.
06-17 19:39:22.876 D/AndroidAutoSize( 8359): The tech.gtt.frontapp.stb.m.account.activity.LoginMethodSwitchActivity has been adapted! 
06-17 19:39:22.876 D/AndroidAutoSize( 8359): LoginMethodSwitchActivity Info: isBaseOnWidth = true, designWidthInDp = 1920.000000, designWidthInSubunits = 1920.000000, targetDensity = 1.000000, targetScaledDensity = 1.000000, targetDensityDpi = 160, targetXdpi = 1.000000, targetScreenWidthDp = 1920, targetScreenHeightDp = 1032
06-17 19:39:22.890 D/UiDevice( 8417): Searching for node with selector: BySelector [RES='\Qtech.gtt.frontapp.stb.demo:id/account_login_tv2\E'].
06-17 19:39:22.891 W/QueryController( 8417): Could not detect idle state.
06-17 19:39:22.906 D/AndroidAutoSize( 8359): tech.gtt.frontapp.stb.m.account.activity.LoginMethodSwitchActivity used the global configuration.
06-17 19:39:22.906 D/AndroidAutoSize( 8359): The tech.gtt.frontapp.stb.m.account.activity.LoginMethodSwitchActivity has been adapted! 
06-17 19:39:22.906 D/AndroidAutoSize( 8359): LoginMethodSwitchActivity Info: isBaseOnWidth = true, designWidthInDp = 1920.000000, designWidthInSubunits = 1920.000000, targetDensity = 1.000000, targetScaledDensity = 1.000000, targetDensityDpi = 160, targetXdpi = 1.000000, targetScreenWidthDp = 1920, targetScreenHeightDp = 1032
06-17 19:39:22.909 W/WindowManager( 1936): Failed looking up window session=Session{d42bfe9 8359:u0a10058} callers=com.android.server.wm.WindowManagerService.windowForClientLocked:5850 com.android.server.wm.Session.updateRequestedVisibilities:640 android.view.IWindowSession$Stub.onTransact:1175 
06-17 19:39:22.920 D/gralloc_nox( 1767): gralloc_alloc: Creating ashmem region of size 8298496
06-17 19:39:22.942 D/gralloc_nox( 1767): gralloc_alloc: Creating ashmem region of size 8298496
06-17 19:39:22.947 D/ProcessState( 8785): Binder ioctl to enable oneway spam detection failed: Invalid argument
06-17 19:39:22.962 D/gralloc_nox( 1767): gralloc_alloc: Creating ashmem region of size 8298496
06-17 19:39:23.010 E/libEGL  ( 8359): called unimplemented OpenGL ES API
06-17 19:39:23.029 I/ActivityTaskManager( 1936): Displayed tech.gtt.frontapp.stb.demo/tech.gtt.frontapp.stb.m.account.activity.LoginMethodSwitchActivity: +176ms
06-17 19:39:23.081 D/UIAutomatorStub( 8417): URI: /jsonrpc/0, Method: POST, params, {NanoHttpd.QUERY_STRING=null}, files: {postData={"jsonrpc": "2.0", "id": 1, "method": "objInfo", "params": [{"mask": 2097152, "childOrSibling": [], "childOrSiblingSelector": [], "resourceId": "tech.gtt.frontapp.stb.demo:id/account_login_tv2"}]}}
06-17 19:39:23.083 D/UiDevice( 8417): Retrieving node with selector: BySelector [RES='\Qtech.gtt.frontapp.stb.demo:id/account_login_tv2\E'].
06-17 19:39:23.084 W/QueryController( 8417): Could not detect idle state.
06-17 19:39:23.086 W/QueryController( 8417): Could not detect idle state.
06-17 19:39:23.087 W/QueryController( 8417): Could not detect idle state.
06-17 19:39:23.088 W/QueryController( 8417): Could not detect idle state.
06-17 19:39:23.089 W/QueryController( 8417): Could not detect idle state.
06-17 19:39:23.091 W/QueryController( 8417): Could not detect idle state.
06-17 19:39:23.093 W/QueryController( 8417): Could not detect idle state.
06-17 19:39:23.098 W/QueryController( 8417): Could not detect idle state.
06-17 19:39:23.100 W/QueryController( 8417): Could not detect idle state.
06-17 19:39:23.101 W/QueryController( 8417): Could not detect idle state.
06-17 19:39:23.102 W/QueryController( 8417): Could not detect idle state.
06-17 19:39:23.103 W/QueryController( 8417): Could not detect idle state.
06-17 19:39:23.103 W/QueryController( 8417): Could not detect idle state.
06-17 19:39:23.104 W/QueryController( 8417): Could not detect idle state.
06-17 19:39:23.105 W/QueryController( 8417): Could not detect idle state.
06-17 19:39:23.106 W/QueryController( 8417): Could not detect idle state.
06-17 19:39:23.108 W/QueryController( 8417): Could not detect idle state.
06-17 19:39:23.110 W/QueryController( 8417): Could not detect idle state.
06-17 19:39:23.142 D/UIAutomatorStub( 8417): URI: /jsonrpc/0, Method: POST, params, {NanoHttpd.QUERY_STRING=null}, files: {postData={"jsonrpc": "2.0", "id": 1, "method": "click", "params": [1390.0, 559.0]}}
06-17 19:39:23.270 W/InputManager-JNI( 1936): Input channel object '57246bb tech.gtt.frontapp.stb.demo/tech.gtt.frontapp.stb.m.home.activity.LoadingActivity (client)' was disposed without first being removed with the input manager!
06-17 19:39:23.403 I/ActivityTaskManager( 1936): START u0 {cmp=tech.gtt.frontapp.stb.demo/tech.gtt.frontapp.stb.m.account.activity.LoginActivity} from uid 10058
06-17 19:39:23.410 W/ActivityTaskManager( 1936): Tried to set launchTime (0) < mLastActivityLaunchTime (3259545)
06-17 19:39:23.419 D/AndroidAutoSize( 8359): tech.gtt.frontapp.stb.m.account.activity.LoginActivity used the global configuration.
06-17 19:39:23.419 D/AndroidAutoSize( 8359): The tech.gtt.frontapp.stb.m.account.activity.LoginActivity has been adapted! 
06-17 19:39:23.419 D/AndroidAutoSize( 8359): LoginActivity Info: isBaseOnWidth = true, designWidthInDp = 1920.000000, designWidthInSubunits = 1920.000000, targetDensity = 1.000000, targetScaledDensity = 1.000000, targetDensityDpi = 160, targetXdpi = 1.000000, targetScreenWidthDp = 1920, targetScreenHeightDp = 1032
06-17 19:39:23.425 D/UIAutomatorStub( 8417): URI: /jsonrpc/0, Method: POST, params, {NanoHttpd.QUERY_STRING=null}, files: {postData={"jsonrpc": "2.0", "id": 1, "method": "waitForExists", "params": [{"mask": 2097152, "childOrSibling": [], "childOrSiblingSelector": [], "resourceId": "tech.gtt.frontapp.stb.demo:id/loginf_et_username"}, 20000]}}
06-17 19:39:23.427 D/UiDevice( 8417): Waiting 20000ms for SearchCondition[hasObject=BySelector [RES='\Qtech.gtt.frontapp.stb.demo:id/loginf_et_username\E']].
06-17 19:39:23.427 D/UiDevice( 8417): Searching for node with selector: BySelector [RES='\Qtech.gtt.frontapp.stb.demo:id/loginf_et_username\E'].
06-17 19:39:23.428 W/QueryController( 8417): Could not detect idle state.
06-17 19:39:23.476 D/AndroidAutoSize( 8359): tech.gtt.frontapp.stb.m.account.activity.LoginActivity used the global configuration.
06-17 19:39:23.476 D/AndroidAutoSize( 8359): The tech.gtt.frontapp.stb.m.account.activity.LoginActivity has been adapted! 
06-17 19:39:23.476 D/AndroidAutoSize( 8359): LoginActivity Info: isBaseOnWidth = true, designWidthInDp = 1920.000000, designWidthInSubunits = 1920.000000, targetDensity = 1.000000, targetScaledDensity = 1.000000, targetDensityDpi = 160, targetXdpi = 1.000000, targetScreenWidthDp = 1920, targetScreenHeightDp = 1032
06-17 19:39:23.498 D/gralloc_nox( 1767): gralloc_alloc: Creating ashmem region of size 8298496
06-17 19:39:23.513 D/gralloc_nox( 1767): gralloc_alloc: Creating ashmem region of size 8298496
06-17 19:39:23.528 D/gralloc_nox( 1767): gralloc_alloc: Creating ashmem region of size 8298496
06-17 19:39:23.529 D/ProcessState( 8797): Binder ioctl to enable oneway spam detection failed: Invalid argument
06-17 19:39:23.603 W/ByMatcher( 8417): Node returned null child: android.view.accessibility.AccessibilityNodeInfo@11b28; boundsInParent: Rect(0, 0 - 807, 364); boundsInScreen: Rect(120, 358 - 927, 722); packageName: tech.gtt.frontapp.stb.demo; className: android.widget.LinearLayout; text: null; error: null; maxTextLength: -1; stateDescription: null; contentDescription: null; tooltipText: null; viewIdResName: null; checkable: false; checked: false; focusable: false; focused: false; selected: false; clickable: false; longClickable: false; contextClickable: false; enabled: true; password: false; scrollable: false; importantForAccessibility: false; visible: true; actions: [AccessibilityAction: ACTION_SELECT - null, AccessibilityAction: ACTION_CLEAR_SELECTION - null, AccessibilityAction: ACTION_ACCESSIBILITY_FOCUS - null, AccessibilityAction: ACTION_SHOW_ON_SCREEN - null]
06-17 19:39:23.603 W/ByMatcher( 8417): Skipping null child (1 of 3)
06-17 19:39:23.604 W/ByMatcher( 8417): Skipping null child (2 of 3)
06-17 19:39:23.606 W/ByMatcher( 8417): Node returned null child: android.view.accessibility.AccessibilityNodeInfo@113a6; boundsInParent: Rect(0, 0 - 1920, 1080); boundsInScreen: Rect(0, 0 - 1920, 1080); packageName: tech.gtt.frontapp.stb.demo; className: android.widget.RelativeLayout; text: null; error: null; maxTextLength: -1; stateDescription: null; contentDescription: null; tooltipText: null; viewIdResName: null; checkable: false; checked: false; focusable: false; focused: false; selected: false; clickable: false; longClickable: false; contextClickable: false; enabled: true; password: false; scrollable: false; importantForAccessibility: false; visible: true; actions: [AccessibilityAction: ACTION_SELECT - null, AccessibilityAction: ACTION_CLEAR_SELECTION - null, AccessibilityAction: ACTION_ACCESSIBILITY_FOCUS - null, AccessibilityAction: ACTION_SHOW_ON_SCREEN - null]
06-17 19:39:23.606 W/ByMatcher( 8417): Skipping null child (1 of 3)
06-17 19:39:23.606 W/ByMatcher( 8417): Skipping null child (2 of 3)
06-17 19:39:23.607 W/ByMatcher( 8417): Node returned null child: android.view.accessibility.AccessibilityNodeInfo@80006e7a; boundsInParent: Rect(0, 0 - 1920, 1080); boundsInScreen: Rect(0, 0 - 1920, 1080); packageName: tech.gtt.frontapp.stb.demo; className: android.widget.FrameLayout; text: null; error: null; maxTextLength: -1; stateDescription: null; contentDescription: null; tooltipText: null; viewIdResName: null; checkable: false; checked: false; focusable: false; focused: false; selected: false; clickable: false; longClickable: false; contextClickable: false; enabled: true; password: false; scrollable: false; importantForAccessibility: true; visible: true; actions: [AccessibilityAction: ACTION_SELECT - null, AccessibilityAction: ACTION_CLEAR_SELECTION - null, AccessibilityAction: ACTION_ACCESSIBILITY_FOCUS - null, AccessibilityAction: ACTION_SHOW_ON_SCREEN - null]
06-17 19:39:23.607 W/ByMatcher( 8417): Skipping null child (0 of 1)
06-17 19:39:23.608 I/ActivityTaskManager( 1936): Displayed tech.gtt.frontapp.stb.demo/tech.gtt.frontapp.stb.m.account.activity.LoginActivity: +204ms
06-17 19:39:23.712 D/UiDevice( 8417): Searching for node with selector: BySelector [RES='\Qtech.gtt.frontapp.stb.demo:id/loginf_et_username\E'].
06-17 19:39:23.713 W/QueryController( 8417): Could not detect idle state.
06-17 19:39:23.764 D/UIAutomatorStub( 8417): URI: /jsonrpc/0, Method: POST, params, {NanoHttpd.QUERY_STRING=null}, files: {postData={"jsonrpc": "2.0", "id": 1, "method": "objInfo", "params": [{"mask": 2097152, "childOrSibling": [], "childOrSiblingSelector": [], "resourceId": "tech.gtt.frontapp.stb.demo:id/loginf_et_username"}]}}
06-17 19:39:23.765 D/UiDevice( 8417): Retrieving node with selector: BySelector [RES='\Qtech.gtt.frontapp.stb.demo:id/loginf_et_username\E'].
06-17 19:39:23.765 W/QueryController( 8417): Could not detect idle state.
06-17 19:39:23.768 W/QueryController( 8417): Could not detect idle state.
06-17 19:39:23.769 W/QueryController( 8417): Could not detect idle state.
06-17 19:39:23.770 W/QueryController( 8417): Could not detect idle state.
06-17 19:39:23.771 W/QueryController( 8417): Could not detect idle state.
06-17 19:39:23.772 W/QueryController( 8417): Could not detect idle state.
06-17 19:39:23.772 W/QueryController( 8417): Could not detect idle state.
06-17 19:39:23.773 W/QueryController( 8417): Could not detect idle state.
06-17 19:39:23.774 W/QueryController( 8417): Could not detect idle state.
06-17 19:39:23.775 W/QueryController( 8417): Could not detect idle state.
06-17 19:39:23.776 W/QueryController( 8417): Could not detect idle state.
06-17 19:39:23.780 W/QueryController( 8417): Could not detect idle state.
06-17 19:39:23.781 W/QueryController( 8417): Could not detect idle state.
06-17 19:39:23.782 W/QueryController( 8417): Could not detect idle state.
06-17 19:39:23.783 W/QueryController( 8417): Could not detect idle state.
06-17 19:39:23.784 W/QueryController( 8417): Could not detect idle state.
06-17 19:39:23.785 W/QueryController( 8417): Could not detect idle state.
06-17 19:39:23.785 W/QueryController( 8417): Could not detect idle state.
06-17 19:39:23.814 D/UIAutomatorStub( 8417): URI: /jsonrpc/0, Method: POST, params, {NanoHttpd.QUERY_STRING=null}, files: {postData={"jsonrpc": "2.0", "id": 1, "method": "click", "params": [1057.0, 437.0]}}
06-17 19:39:23.858 W/SurfaceFlinger( 1779): couldn't log to binary event log: overflow.
06-17 19:39:23.974 D/CompatibilityChangeReporter( 8359): Compat change id reported: 163400105; UID 10058; state: ENABLED
06-17 19:39:23.974 D/InputMethodManager( 8359): showSoftInput() view=tech.gtt.frontapp.stb.c.ui.edittext.EmailAutoCompleteTextView{4d4acd4 VFED..CL. .F.P..ID 0,0-700,92 #7f0b02ce app:id/loginf_et_username aid=1073741824} flags=0 reason=SHOW_SOFT_INPUT
06-17 19:39:23.975 V/InputMethodService( 3034): onEvaluateInputViewShown: config.hardKeyboardHidden = 2
06-17 19:39:23.975 V/InputMethodService( 3034): onEvaluateInputViewShown: config.hardKeyboardHidden = 2
06-17 19:39:23.975 I/AdbKeyboard( 3034): imeAction: 5 Next
06-17 19:39:23.998 D/gralloc_nox( 1767): gralloc_alloc: Creating ashmem region of size 647168
06-17 19:39:24.009 D/gralloc_nox( 1767): gralloc_alloc: Creating ashmem region of size 647168
06-17 19:39:24.015 D/gralloc_nox( 1767): gralloc_alloc: Creating ashmem region of size 647168
06-17 19:39:24.022 D/InsetsController( 8359): show(ime(), fromIme=true)
06-17 19:39:24.022 D/ProcessState( 8805): Binder ioctl to enable oneway spam detection failed: Invalid argument
06-17 19:39:24.023 E/SELinux ( 1566): avc:  denied  { find } for pid=8805 uid=0 name=settings scontext=u:r:init:s0 tcontext=u:object_r:settings_service:s0 tclass=service_manager permissive=1
06-17 19:39:24.041 D/UIAutomatorStub( 8417): URI: /jsonrpc/0, Method: POST, params, {NanoHttpd.QUERY_STRING=null}, files: {postData={"jsonrpc": "2.0", "id": 1, "method": "waitForExists", "params": [{"mask": 2097152, "childOrSibling": [], "childOrSiblingSelector": [], "resourceId": "tech.gtt.frontapp.stb.demo:id/loginf_et_username"}, 20000]}}
06-17 19:39:24.043 D/UiDevice( 8417): Waiting 20000ms for SearchCondition[hasObject=BySelector [RES='\Qtech.gtt.frontapp.stb.demo:id/loginf_et_username\E']].
06-17 19:39:24.043 D/UiDevice( 8417): Searching for node with selector: BySelector [RES='\Qtech.gtt.frontapp.stb.demo:id/loginf_et_username\E'].
06-17 19:39:24.043 W/QueryController( 8417): Could not detect idle state.
06-17 19:39:24.082 D/UIAutomatorStub( 8417): URI: /jsonrpc/0, Method: POST, params, {NanoHttpd.QUERY_STRING=null}, files: {postData={"jsonrpc": "2.0", "id": 1, "method": "setText", "params": [{"mask": 2097152, "childOrSibling": [], "childOrSiblingSelector": [], "resourceId": "tech.gtt.frontapp.stb.demo:id/loginf_et_username"}, "0609@ipwangxin.cn"]}}
06-17 19:39:24.083 D/UiDevice( 8417): Retrieving node with selector: BySelector [RES='\Qtech.gtt.frontapp.stb.demo:id/loginf_et_username\E'].
06-17 19:39:24.083 W/QueryController( 8417): Could not detect idle state.
06-17 19:39:24.087 W/QueryController( 8417): Could not detect idle state.
06-17 19:39:24.088 D/UiObject2( 8417): Clicking on (1057, 437).
06-17 19:39:24.102 D/InputMethodManager( 8359): showSoftInput() view=tech.gtt.frontapp.stb.c.ui.edittext.EmailAutoCompleteTextView{4d4acd4 VFED..CL. .F.P.... 0,0-700,92 #7f0b02ce app:id/loginf_et_username aid=1073741824} flags=0 reason=SHOW_SOFT_INPUT
06-17 19:39:24.103 V/InputMethodService( 3034): onEvaluateInputViewShown: config.hardKeyboardHidden = 2
06-17 19:39:24.103 V/InputMethodService( 3034): onEvaluateInputViewShown: config.hardKeyboardHidden = 2
06-17 19:39:24.104 D/InsetsController( 8359): show(ime(), fromIme=true)
06-17 19:39:24.117 D/UiDevice( 8417): Retrieving node with selector: BySelector [RES='\Qtech.gtt.frontapp.stb.demo:id/loginf_et_username\E'].
06-17 19:39:24.118 W/QueryController( 8417): Could not detect idle state.
06-17 19:39:24.121 W/QueryController( 8417): Could not detect idle state.
06-17 19:39:24.122 D/UiObject2( 8417): Setting text to '0609@ipwangxin.cn'.
06-17 19:39:24.130 I/AdbKeyboard( 3034): imeAction: 5 Next
06-17 19:39:24.131 V/InputMethodService( 3034): onEvaluateInputViewShown: config.hardKeyboardHidden = 2
06-17 19:39:24.131 V/InputMethodService( 3034): onEvaluateInputViewShown: config.hardKeyboardHidden = 2
06-17 19:39:24.214 D/InsetsController( 8359): show(ime(), fromIme=true)
06-17 19:39:24.237 D/UIAutomatorStub( 8417): URI: /jsonrpc/0, Method: POST, params, {NanoHttpd.QUERY_STRING=null}, files: {postData={"jsonrpc": "2.0", "id": 1, "method": "waitForExists", "params": [{"mask": 2097152, "childOrSibling": [], "childOrSiblingSelector": [], "resourceId": "tech.gtt.frontapp.stb.demo:id/et_pwd"}, 20000]}}
06-17 19:39:24.237 D/UiDevice( 8417): Waiting 20000ms for SearchCondition[hasObject=BySelector [RES='\Qtech.gtt.frontapp.stb.demo:id/et_pwd\E']].
06-17 19:39:24.238 D/UiDevice( 8417): Searching for node with selector: BySelector [RES='\Qtech.gtt.frontapp.stb.demo:id/et_pwd\E'].
06-17 19:39:24.238 W/QueryController( 8417): Could not detect idle state.
06-17 19:39:24.265 W/NotificationHistory( 1936): Attempted to add notif for locked/gone/disabled user 0
06-17 19:39:24.270 D/InterruptionStateProvider( 2106): No bubble up: not allowed to bubble: -1|android|8|null|1000
06-17 19:39:24.271 D/InterruptionStateProvider( 2106): No heads up: unimportant notification: -1|android|8|null|1000
06-17 19:39:24.271 D/PeopleSpaceWidgetMgr( 2106): Sbn doesn't contain valid PeopleTileKey: null/-1/android
06-17 19:39:24.275 D/UIAutomatorStub( 8417): URI: /jsonrpc/0, Method: POST, params, {NanoHttpd.QUERY_STRING=null}, files: {postData={"jsonrpc": "2.0", "id": 1, "method": "objInfo", "params": [{"mask": 2097152, "childOrSibling": [], "childOrSiblingSelector": [], "resourceId": "tech.gtt.frontapp.stb.demo:id/et_pwd"}]}}
06-17 19:39:24.275 D/UiDevice( 8417): Retrieving node with selector: BySelector [RES='\Qtech.gtt.frontapp.stb.demo:id/et_pwd\E'].
06-17 19:39:24.276 W/QueryController( 8417): Could not detect idle state.
06-17 19:39:24.282 W/QueryController( 8417): Could not detect idle state.
06-17 19:39:24.283 W/QueryController( 8417): Could not detect idle state.
06-17 19:39:24.284 W/QueryController( 8417): Could not detect idle state.
06-17 19:39:24.284 W/QueryController( 8417): Could not detect idle state.
06-17 19:39:24.285 W/QueryController( 8417): Could not detect idle state.
06-17 19:39:24.285 W/QueryController( 8417): Could not detect idle state.
06-17 19:39:24.287 W/QueryController( 8417): Could not detect idle state.
06-17 19:39:24.288 W/QueryController( 8417): Could not detect idle state.
06-17 19:39:24.289 W/QueryController( 8417): Could not detect idle state.
06-17 19:39:24.290 W/QueryController( 8417): Could not detect idle state.
06-17 19:39:24.290 W/QueryController( 8417): Could not detect idle state.
06-17 19:39:24.291 W/QueryController( 8417): Could not detect idle state.
06-17 19:39:24.292 W/QueryController( 8417): Could not detect idle state.
06-17 19:39:24.293 W/QueryController( 8417): Could not detect idle state.
06-17 19:39:24.293 W/QueryController( 8417): Could not detect idle state.
06-17 19:39:24.295 W/QueryController( 8417): Could not detect idle state.
06-17 19:39:24.296 W/QueryController( 8417): Could not detect idle state.
06-17 19:39:24.310 D/InterruptionStateProvider( 2106): No bubble up: not allowed to bubble: -1|android|8|null|1000
06-17 19:39:24.310 D/InterruptionStateProvider( 2106): No heads up: unimportant notification: -1|android|8|null|1000
06-17 19:39:24.314 D/PeopleSpaceWidgetMgr( 2106): Sbn doesn't contain valid PeopleTileKey: null/-1/android
06-17 19:39:24.324 D/UIAutomatorStub( 8417): URI: /jsonrpc/0, Method: POST, params, {NanoHttpd.QUERY_STRING=null}, files: {postData={"jsonrpc": "2.0", "id": 1, "method": "click", "params": [1057.0, 559.0]}}
06-17 19:39:24.345 D/InterruptionStateProvider( 2106): No bubble up: not allowed to bubble: -1|android|8|null|1000
06-17 19:39:24.346 D/InterruptionStateProvider( 2106): No heads up: unimportant notification: -1|android|8|null|1000
06-17 19:39:24.350 D/PeopleSpaceWidgetMgr( 2106): Sbn doesn't contain valid PeopleTileKey: null/-1/android
06-17 19:39:24.458 I/AdbKeyboard( 3034): imeAction: 5 Next
06-17 19:39:24.459 V/InputMethodService( 3034): onEvaluateInputViewShown: config.hardKeyboardHidden = 2
06-17 19:39:24.459 V/InputMethodService( 3034): onEvaluateInputViewShown: config.hardKeyboardHidden = 2
06-17 19:39:24.460 D/InputMethodManager( 8359): showSoftInput() view=tech.gtt.frontapp.stb.c.ui.edittext.NormalFocusEditText{de742be VFED..CL. .F.P..ID 0,0-700,92 #7f0b0172 app:id/et_pwd aid=1073741826} flags=0 reason=SHOW_SOFT_INPUT
06-17 19:39:24.462 V/InputMethodService( 3034): onEvaluateInputViewShown: config.hardKeyboardHidden = 2
06-17 19:39:24.463 V/InputMethodService( 3034): onEvaluateInputViewShown: config.hardKeyboardHidden = 2
06-17 19:39:24.471 D/InsetsController( 8359): show(ime(), fromIme=true)
06-17 19:39:24.471 D/InsetsController( 8359): show(ime(), fromIme=true)
06-17 19:39:24.520 D/UIAutomatorStub( 8417): URI: /jsonrpc/0, Method: POST, params, {NanoHttpd.QUERY_STRING=null}, files: {postData={"jsonrpc": "2.0", "id": 1, "method": "waitForExists", "params": [{"mask": 2097152, "childOrSibling": [], "childOrSiblingSelector": [], "resourceId": "tech.gtt.frontapp.stb.demo:id/et_pwd"}, 20000]}}
06-17 19:39:24.521 D/UiDevice( 8417): Waiting 20000ms for SearchCondition[hasObject=BySelector [RES='\Qtech.gtt.frontapp.stb.demo:id/et_pwd\E']].
06-17 19:39:24.522 D/UiDevice( 8417): Searching for node with selector: BySelector [RES='\Qtech.gtt.frontapp.stb.demo:id/et_pwd\E'].
06-17 19:39:24.522 W/QueryController( 8417): Could not detect idle state.
06-17 19:39:24.552 D/UIAutomatorStub( 8417): URI: /jsonrpc/0, Method: POST, params, {NanoHttpd.QUERY_STRING=null}, files: {postData={"jsonrpc": "2.0", "id": 1, "method": "setText", "params": [{"mask": 2097152, "childOrSibling": [], "childOrSiblingSelector": [], "resourceId": "tech.gtt.frontapp.stb.demo:id/et_pwd"}, "123456"]}}
06-17 19:39:24.552 D/UiDevice( 8417): Retrieving node with selector: BySelector [RES='\Qtech.gtt.frontapp.stb.demo:id/et_pwd\E'].
06-17 19:39:24.553 W/QueryController( 8417): Could not detect idle state.
06-17 19:39:24.555 W/QueryController( 8417): Could not detect idle state.
06-17 19:39:24.557 D/UiObject2( 8417): Clicking on (1057, 559).
06-17 19:39:24.584 D/InputMethodManager( 8359): showSoftInput() view=tech.gtt.frontapp.stb.c.ui.edittext.NormalFocusEditText{de742be VFED..CL. .F.P.... 0,0-700,92 #7f0b0172 app:id/et_pwd aid=1073741826} flags=0 reason=SHOW_SOFT_INPUT
06-17 19:39:24.585 V/InputMethodService( 3034): onEvaluateInputViewShown: config.hardKeyboardHidden = 2
06-17 19:39:24.585 V/InputMethodService( 3034): onEvaluateInputViewShown: config.hardKeyboardHidden = 2
06-17 19:39:24.587 D/InsetsController( 8359): show(ime(), fromIme=true)
06-17 19:39:24.601 W/GestureController( 8417): Gestures took longer than expected (44ms >> 16ms), device might be in a busy state.
06-17 19:39:24.601 D/UiDevice( 8417): Retrieving node with selector: BySelector [RES='\Qtech.gtt.frontapp.stb.demo:id/et_pwd\E'].
06-17 19:39:24.602 W/QueryController( 8417): Could not detect idle state.
06-17 19:39:24.605 W/QueryController( 8417): Could not detect idle state.
06-17 19:39:24.606 D/UiObject2( 8417): Setting text to '123456'.
06-17 19:39:24.610 I/AdbKeyboard( 3034): imeAction: 5 Next
06-17 19:39:24.611 V/InputMethodService( 3034): onEvaluateInputViewShown: config.hardKeyboardHidden = 2
06-17 19:39:24.611 V/InputMethodService( 3034): onEvaluateInputViewShown: config.hardKeyboardHidden = 2
06-17 19:39:24.617 D/InsetsController( 8359): show(ime(), fromIme=true)
06-17 19:39:24.637 D/UIAutomatorStub( 8417): URI: /jsonrpc/0, Method: POST, params, {NanoHttpd.QUERY_STRING=null}, files: {postData={"jsonrpc": "2.0", "id": 1, "method": "waitForExists", "params": [{"mask": 2097152, "childOrSibling": [], "childOrSiblingSelector": [], "resourceId": "tech.gtt.frontapp.stb.demo:id/remember_pwd_cb"}, 20000]}}
06-17 19:39:24.638 D/UiDevice( 8417): Waiting 20000ms for SearchCondition[hasObject=BySelector [RES='\Qtech.gtt.frontapp.stb.demo:id/remember_pwd_cb\E']].
06-17 19:39:24.638 D/UiDevice( 8417): Searching for node with selector: BySelector [RES='\Qtech.gtt.frontapp.stb.demo:id/remember_pwd_cb\E'].
06-17 19:39:24.639 W/QueryController( 8417): Could not detect idle state.
06-17 19:39:24.663 D/UIAutomatorStub( 8417): URI: /jsonrpc/0, Method: POST, params, {NanoHttpd.QUERY_STRING=null}, files: {postData={"jsonrpc": "2.0", "id": 1, "method": "objInfo", "params": [{"mask": 2097152, "childOrSibling": [], "childOrSiblingSelector": [], "resourceId": "tech.gtt.frontapp.stb.demo:id/remember_pwd_cb"}]}}
06-17 19:39:24.663 D/UiDevice( 8417): Retrieving node with selector: BySelector [RES='\Qtech.gtt.frontapp.stb.demo:id/remember_pwd_cb\E'].
06-17 19:39:24.664 W/QueryController( 8417): Could not detect idle state.
06-17 19:39:24.667 W/QueryController( 8417): Could not detect idle state.
06-17 19:39:24.669 W/QueryController( 8417): Could not detect idle state.
06-17 19:39:24.669 D/InterruptionStateProvider( 2106): No bubble up: not allowed to bubble: -1|android|8|null|1000
06-17 19:39:24.670 D/InterruptionStateProvider( 2106): No heads up: unimportant notification: -1|android|8|null|1000
06-17 19:39:24.673 W/QueryController( 8417): Could not detect idle state.
06-17 19:39:24.673 D/PeopleSpaceWidgetMgr( 2106): Sbn doesn't contain valid PeopleTileKey: null/-1/android
06-17 19:39:24.674 W/QueryController( 8417): Could not detect idle state.
06-17 19:39:24.678 W/QueryController( 8417): Could not detect idle state.
06-17 19:39:24.679 D/InterruptionStateProvider( 2106): No bubble up: not allowed to bubble: -1|android|8|null|1000
06-17 19:39:24.679 W/QueryController( 8417): Could not detect idle state.
06-17 19:39:24.680 D/InterruptionStateProvider( 2106): No heads up: unimportant notification: -1|android|8|null|1000
06-17 19:39:24.680 W/QueryController( 8417): Could not detect idle state.
06-17 19:39:24.681 W/QueryController( 8417): Could not detect idle state.
06-17 19:39:24.682 W/QueryController( 8417): Could not detect idle state.
06-17 19:39:24.683 W/QueryController( 8417): Could not detect idle state.
06-17 19:39:24.684 D/PeopleSpaceWidgetMgr( 2106): Sbn doesn't contain valid PeopleTileKey: null/-1/android
06-17 19:39:24.684 W/QueryController( 8417): Could not detect idle state.
06-17 19:39:24.686 W/QueryController( 8417): Could not detect idle state.
06-17 19:39:24.687 W/QueryController( 8417): Could not detect idle state.
06-17 19:39:24.687 W/QueryController( 8417): Could not detect idle state.
06-17 19:39:24.688 W/QueryController( 8417): Could not detect idle state.
06-17 19:39:24.689 W/QueryController( 8417): Could not detect idle state.
06-17 19:39:24.690 W/QueryController( 8417): Could not detect idle state.
06-17 19:39:24.719 D/UIAutomatorStub( 8417): URI: /jsonrpc/0, Method: POST, params, {NanoHttpd.QUERY_STRING=null}, files: {postData={"jsonrpc": "2.0", "id": 1, "method": "click", "params": [729.0, 656.0]}}
06-17 19:39:24.747 E/libEGL  ( 8359): called unimplemented OpenGL ES API
06-17 19:39:24.791 D/InterruptionStateProvider( 2106): No bubble up: not allowed to bubble: -1|android|8|null|1000
06-17 19:39:24.791 D/InterruptionStateProvider( 2106): No heads up: unimportant notification: -1|android|8|null|1000
06-17 19:39:24.799 D/PeopleSpaceWidgetMgr( 2106): Sbn doesn't contain valid PeopleTileKey: null/-1/android
06-17 19:39:24.826 D/InterruptionStateProvider( 2106): No bubble up: not allowed to bubble: -1|android|8|null|1000
06-17 19:39:24.827 D/InterruptionStateProvider( 2106): No heads up: unimportant notification: -1|android|8|null|1000
06-17 19:39:24.832 D/PeopleSpaceWidgetMgr( 2106): Sbn doesn't contain valid PeopleTileKey: null/-1/android
06-17 19:39:24.873 D/ProcessState( 8821): Binder ioctl to enable oneway spam detection failed: Invalid argument
06-17 19:39:24.888 D/ProcessState( 8824): Binder ioctl to enable oneway spam detection failed: Invalid argument
06-17 19:39:24.903 D/UIAutomatorStub( 8417): URI: /jsonrpc/0, Method: POST, params, {NanoHttpd.QUERY_STRING=null}, files: {postData={"jsonrpc": "2.0", "id": 1, "method": "click", "params": [1105, 761]}}
06-17 19:39:25.014 V/GSK-Account:AccountManager( 8359): disableSavePwd=false
06-17 19:39:25.015 V/GSK-Account:EmailOrPhoneLoginStrategy( 8359): disableSavePwd=false
06-17 19:39:25.022 E/ActivityThread( 8359): Failed to find provider info for com.uv.droid.uotaback.storage.provider
06-17 19:39:25.022 E/ActivityThread( 8359): Failed to find provider info for com.uv.droid.booster.vod.provider
06-17 19:39:25.022 E/ontapp.stb.dem( 8359): No implementation found for java.lang.String os.SystemPropertiesKt.native_get(java.lang.String) (tried Java_os_SystemPropertiesKt_native_1get and Java_os_SystemPropertiesKt_native_1get__Ljava_lang_String_2)
06-17 19:39:25.022 V/GSK-Account:AccountManager( 8359): isLoggedIn=false
06-17 19:39:25.024 V/GSK-APIS( 8359): =======================NEW REQUEST=========================
06-17 19:39:25.024 V/GSK-APIS( 8359): Request:	/api/enduser/account/user/login/v1	POST
06-17 19:39:25.024 V/GSK-APIS( 8359): RequestIdentify:	4bc920a2
06-17 19:39:25.024 V/GSK-APIS( 8359): 
06-17 19:39:25.024 V/GSK-APIS( 8359): RequestHeaders in a readable format:
06-17 19:39:25.024 V/GSK-APIS( 8359): X-App-Id: db589110cb7457cd607739664dc44e61c217d77681427dacfe2f262f1927cd8f
06-17 19:39:25.024 V/GSK-APIS( 8359): X-Source-Id: 30006401-31002837
06-17 19:39:25.024 V/GSK-APIS( 8359): X-Version-Code: 7
06-17 19:39:25.024 V/GSK-APIS( 8359): X-Brand-Id: 66d009603c38ec6574e5b77ce48fb7070a3f7ed622c465b05fc56110bd72fc65
06-17 19:39:25.024 V/GSK-APIS( 8359): X-Version-Seq: 1
06-17 19:39:25.024 V/GSK-APIS( 8359): X-App-Type-Text: STB
06-17 19:39:25.024 V/GSK-APIS( 8359): Accept-Language: en
06-17 19:39:25.024 V/GSK-APIS( 8359): 
06-17 19:39:25.024 V/GSK-APIS( 8359): 
06-17 19:39:25.024 V/GSK-APIS( 8359): RequestParams in Json Format:
