--------- beginning of main
06-17 19:39:10.910 D/ProcessState( 8330): Binder ioctl to enable oneway spam detection failed: Invalid argument
--------- beginning of system
06-17 19:39:10.912 I/ActivityManager( 1936): Force stopping tech.gtt.frontapp.stb.demo appid=10058 user=0: clear data
06-17 19:39:10.914 I/ActivityManager( 1936): Force stopping tech.gtt.frontapp.stb.demo appid=10058 user=-1: clearApplicationUserData
06-17 19:39:10.936 I/MediaProvider( 2560): Begin Intent { act=android.intent.action.PACKAGE_DATA_CLEARED dat=package:tech.gtt.frontapp.stb.demo flg=0x1000010 cmp=com.android.providers.media.module/com.android.providers.media.MediaService (has extras) }
06-17 19:39:10.936 D/MediaProvider( 2560): Deleted 0 Android/media items belonging to tech.gtt.frontapp.stb.demo on /data/user/0/com.android.providers.media.module/databases/external.db
06-17 19:39:10.937 I/MediaProvider( 2560): End Intent { act=android.intent.action.PACKAGE_DATA_CLEARED dat=package:tech.gtt.frontapp.stb.demo flg=0x1000010 cmp=com.android.providers.media.module/com.android.providers.media.MediaService (has extras) }
06-17 19:39:10.984 D/AndroidRuntime( 8344): >>>>>> START com.android.internal.os.RuntimeInit uid 0 <<<<<<
06-17 19:39:10.986 I/AndroidRuntime( 8344): Using default boot image
06-17 19:39:10.986 I/AndroidRuntime( 8344): Leaving lock profiling enabled
06-17 19:39:10.988 W/app_process( 8344): ART APEX data files are untrusted.
06-17 19:39:10.988 I/app_process( 8344): Core platform API reporting enabled, enforcing=false
06-17 19:39:11.030 D/app_process( 8344): Time zone APEX ICU file found: /apex/com.android.tzdata/etc/icu/icu_tzdata.dat
06-17 19:39:11.031 D/app_process( 8344): I18n APEX ICU file found: /apex/com.android.i18n/etc/icu/icudt68l.dat
06-17 19:39:11.037 W/app_process( 8344): Unexpected CPU variant for X86 using defaults: x86_64
06-17 19:39:11.061 D/ProcessState( 8344): Binder ioctl to enable oneway spam detection failed: Invalid argument
06-17 19:39:11.061 D/AndroidRuntime( 8344): Calling main entry com.android.commands.monkey.Monkey
06-17 19:39:11.064 W/Monkey  ( 8344): args: [-p, tech.gtt.frontapp.stb.demo, -c, android.intent.category.LAUNCHER, 1]
06-17 19:39:11.065 W/Monkey  ( 8344):  arg: "-p"
06-17 19:39:11.065 W/Monkey  ( 8344):  arg: "tech.gtt.frontapp.stb.demo"
06-17 19:39:11.065 W/Monkey  ( 8344):  arg: "-c"
06-17 19:39:11.065 W/Monkey  ( 8344):  arg: "android.intent.category.LAUNCHER"
06-17 19:39:11.065 W/Monkey  ( 8344):  arg: "1"
06-17 19:39:11.065 W/Monkey  ( 8344): data="tech.gtt.frontapp.stb.demo"
06-17 19:39:11.065 W/Monkey  ( 8344): data="android.intent.category.LAUNCHER"
06-17 19:39:11.179 W/BroadcastQueue( 1936): Skipping deliver [background] BroadcastRecord{f077a10 u-1 android.net.conn.CONNECTIVITY_CHANGE} to ReceiverList{5c00909 8344 (unknown name)/0/u-1 remote:25360c2}: process gone or crashing
06-17 19:39:11.207 I/ActivityTaskManager( 1936): START u0 {act=android.intent.action.MAIN cat=[android.intent.category.LAUNCHER] flg=0x10200000 cmp=tech.gtt.frontapp.stb.demo/tech.gtt.frontapp.stb.m.home.activity.SplashActivity} from uid 0
06-17 19:39:11.222 W/ActivityTaskManager( 1936): Can't find TaskDisplayArea to determine support for multi window. Task id=24 attached=false
06-17 19:39:11.302 I/Monkey  ( 8344): Events injected: 1
06-17 19:39:11.336 D/CompatibilityChangeReporter( 1936): Compat change id reported: 135634846; UID 10058; state: DISABLED
06-17 19:39:11.336 D/CompatibilityChangeReporter( 1936): Compat change id reported: 143937733; UID 10058; state: ENABLED
06-17 19:39:11.338 I/Monkey  ( 8344): ## Network stats: elapsed time=122ms (0ms mobile, 0ms wifi, 122ms not connected)
06-17 19:39:11.368 D/Zygote  ( 1756): Forked child process 8359
06-17 19:39:11.368 I/app_process( 8344): System.exit called, status: 0
06-17 19:39:11.368 I/AndroidRuntime( 8344): VM exiting with result code 0.
06-17 19:39:11.369 I/ActivityManager( 1936): Start proc 8359:tech.gtt.frontapp.stb.demo/u0a58 for pre-top-activity {tech.gtt.frontapp.stb.demo/tech.gtt.frontapp.stb.m.home.activity.SplashActivity}
06-17 19:39:11.386 W/System  ( 2106): A resource failed to call close. 
06-17 19:39:11.386 W/System  ( 2106): A resource failed to call release. 
06-17 19:39:11.390 I/Zygote  ( 8359): seccomp disabled by setenforce 0
06-17 19:39:11.393 D/gralloc_nox( 1767): gralloc_alloc: Creating ashmem region of size 8298496
06-17 19:39:11.396 W/ontapp.stb.dem( 8359): Unexpected CPU variant for X86 using defaults: x86_64
06-17 19:39:11.435 D/ProcessState( 8359): Binder ioctl to enable oneway spam detection failed: Invalid argument
06-17 19:39:11.436 D/gralloc_nox( 1767): gralloc_alloc: Creating ashmem region of size 8298496
06-17 19:39:11.470 D/gralloc_nox( 1767): gralloc_alloc: Creating ashmem region of size 8298496
06-17 19:39:11.481 E/ashmem  ( 8359): memfd: ro.vndk.version not defined or invalid (), this is mandated since P.
06-17 19:39:11.484 D/CompatibilityChangeReporter( 8359): Compat change id reported: 171979766; UID 10058; state: ENABLED
06-17 19:39:11.531 V/GraphicsEnvironment( 8359): ANGLE Developer option for 'tech.gtt.frontapp.stb.demo' set to: 'default'
06-17 19:39:11.531 V/GraphicsEnvironment( 8359): ANGLE GameManagerService for tech.gtt.frontapp.stb.demo: false
06-17 19:39:11.531 V/GraphicsEnvironment( 8359): Neither updatable production driver nor prerelease driver is supported.
06-17 19:39:11.533 D/NetworkSecurityConfig( 8359): Using Network Security Config from resource network_security_config debugBuild: false
06-17 19:39:11.534 D/NetworkSecurityConfig( 8359): Using Network Security Config from resource network_security_config debugBuild: false
06-17 19:39:11.537 I/MultiDex( 8359): VM with version 2.1.0 has multidex support
06-17 19:39:11.537 I/MultiDex( 8359): Installing application
06-17 19:39:11.537 I/MultiDex( 8359): VM has multidex support, MultiDex support library is disabled.
06-17 19:39:11.537 E/[Package]( 8359): params: AppConfiguration(vnoId='11026504', brandId='d0k7d3p3kdikth2o3q6g', appId='d0jucrbq6bt4h33c0ma0', sourceId='30006401-31002837', authServers='https://gtt-app-apigateway-lion.vdemosit.com', shareKey='S2kQMgUSugYyMlk5QclHDaF0uDsFnB0oJoFeAFgsKb8=', packageName='tech.gtt.frontapp.stb.demo', appName='Goose TV', appVersionName='v1.0.0', appVersionCode='7', pluginVersionCode='1', pluginVersionName='6.0.0-beta-build5', packageSeq='1', buglyAppId='d76a04165f', buglyKey='13b89b2d-1c12-4c4f-93b8-46e3c2ef9f73', baseVersionCode='20000066', gitTag='2.1.4-beta6', supportLang='en,pt,es', defaultLang='en', bootLoadType='1')
06-17 19:39:11.537 W/System.err( 8359): java.lang.ClassNotFoundException: tech.gtt.frontapp.stb.docker.plugin.PluginUtils
06-17 19:39:11.537 W/System.err( 8359): 	at java.lang.Class.classForName(Native Method)
06-17 19:39:11.537 W/System.err( 8359): 	at java.lang.Class.forName(Class.java:454)
06-17 19:39:11.537 W/System.err( 8359): 	at java.lang.Class.forName(Class.java:379)
06-17 19:39:11.537 W/System.err( 8359): 	at ot.e.b(SourceFile:3)
06-17 19:39:11.537 W/System.err( 8359): 	at tech.gtt.frontapp.stb.app.MainApplication.attachBaseContext(SourceFile:130)
06-17 19:39:11.537 W/System.err( 8359): 	at android.app.Application.attach(Application.java:338)
06-17 19:39:11.537 W/System.err( 8359): 	at android.app.Instrumentation.newApplication(Instrumentation.java:1190)
06-17 19:39:11.537 W/System.err( 8359): 	at android.app.LoadedApk.makeApplication(LoadedApk.java:1361)
06-17 19:39:11.537 W/System.err( 8359): 	at android.app.ActivityThread.handleBindApplication(ActivityThread.java:6728)
06-17 19:39:11.537 W/System.err( 8359): 	at android.app.ActivityThread.access$1500(ActivityThread.java:256)
06-17 19:39:11.537 W/System.err( 8359): 	at android.app.ActivityThread$H.handleMessage(ActivityThread.java:2091)
06-17 19:39:11.537 W/System.err( 8359): 	at android.os.Handler.dispatchMessage(Handler.java:106)
06-17 19:39:11.537 W/System.err( 8359): 	at android.os.Looper.loopOnce(Looper.java:201)
06-17 19:39:11.537 W/System.err( 8359): 	at android.os.Looper.loop(Looper.java:288)
06-17 19:39:11.537 W/System.err( 8359): 	at android.app.ActivityThread.main(ActivityThread.java:7875)
06-17 19:39:11.537 W/System.err( 8359): 	at java.lang.reflect.Method.invoke(Native Method)
06-17 19:39:11.538 W/System.err( 8359): 	at com.android.internal.os.RuntimeInit$MethodAndArgsCaller.run(RuntimeInit.java:568)
06-17 19:39:11.538 W/System.err( 8359): 	at com.android.internal.os.ZygoteInit.main(ZygoteInit.java:1005)
06-17 19:39:11.538 W/System.err( 8359): Caused by: java.lang.ClassNotFoundException: tech.gtt.frontapp.stb.docker.plugin.PluginUtils
06-17 19:39:11.538 W/System.err( 8359): 	... 18 more
06-17 19:39:11.538 E/[Package]( 8359): isInPluginMode: false
06-17 19:39:11.539 I/CustomActivityOnCrash( 8359): CustomActivityOnCrash has been installed.
06-17 19:39:11.540 I/System.out( 8359): Modular_Init : a - initialize
06-17 19:39:11.542 I/System.out( 8359): Modular_Init : d - initialize
06-17 19:39:11.545 I/System.out( 8359): Modular_Init : a - initialize
06-17 19:39:11.548 I/System.out( 8359): Modular_Init : a - initialize
06-17 19:39:11.548 D/[CatchupInitModule]( 8359): init---
06-17 19:39:11.548 I/System.out( 8359): Modular_Init : a - initialize
06-17 19:39:11.548 D/[ReplayInitialize]( 8359): init---
06-17 19:39:11.548 I/System.out( 8359): Modular_Init : a - initialize
06-17 19:39:11.548 D/[LiveInitialize]( 8359): init---
06-17 19:39:11.548 I/System.out( 8359): Modular_Init : b - initialize
06-17 19:39:11.550 D/AndroidAutoSize( 8359): designWidthInDp = 360, designHeightInDp = 640, screenWidth = 1920, screenHeight = 1080
06-17 19:39:11.550 D/AndroidAutoSize( 8359): initDensity = 2.0, initScaledDensity = 2.0
06-17 19:39:11.565 D/AndroidAutoSize( 8359): tech.gtt.frontapp.stb.m.home.activity.SplashActivity used the global configuration.
06-17 19:39:11.573 D/AndroidAutoSize( 8359): The tech.gtt.frontapp.stb.m.home.activity.SplashActivity has been adapted! 
06-17 19:39:11.573 D/AndroidAutoSize( 8359): SplashActivity Info: isBaseOnWidth = true, designWidthInDp = 1920.000000, designWidthInSubunits = 1920.000000, targetDensity = 1.000000, targetScaledDensity = 1.000000, targetDensityDpi = 160, targetXdpi = 1.000000, targetScreenWidthDp = 1920, targetScreenHeightDp = 1032
06-17 19:39:11.671 D/AndroidAutoSize( 8359): tech.gtt.frontapp.stb.m.home.activity.SplashActivity used the global configuration.
06-17 19:39:11.672 D/AndroidAutoSize( 8359): The tech.gtt.frontapp.stb.m.home.activity.SplashActivity has been adapted! 
06-17 19:39:11.672 D/AndroidAutoSize( 8359): SplashActivity Info: isBaseOnWidth = true, designWidthInDp = 1920.000000, designWidthInSubunits = 1920.000000, targetDensity = 1.000000, targetScaledDensity = 1.000000, targetDensityDpi = 160, targetXdpi = 1.000000, targetScreenWidthDp = 1920, targetScreenHeightDp = 1032
06-17 19:39:11.676 I/ActivityTaskManager( 1936): START u0 {act=android.content.pm.action.REQUEST_PERMISSIONS pkg=com.android.permissioncontroller cmp=com.android.permissioncontroller/.permission.ui.GrantPermissionsActivity (has extras)} from uid 10058
06-17 19:39:11.699 D/ontapp.stb.dem( 8359): createUnique: call
06-17 19:39:11.700 D/ontapp.stb.dem( 8359): HostComposition ext GL_OES_EGL_image GL_OES_EGL_image_external GL_OES_depth24 GL_OES_depth32 GL_OES_element_index_uint GL_OES_texture_float GL_OES_texture_float_linear GL_OES_compressed_paletted_texture GL_OES_compressed_ETC1_RGB8_texture GL_OES_depth_texture GL_EXT_texture_format_BGRA8888 GL_APPLE_texture_format_BGRA8888 GL_OES_texture_half_float GL_EXT_robustness GL_OES_texture_half_float_linear GL_OES_packed_depth_stencil GL_OES_vertex_half_float GL_OES_texture_npot GL_OES_rgb8_rgba8 GL_EXT_color_buffer_float GL_EXT_texture_sRGB_decode ANDROID_gles_max_version_3_1 GL_OES_vertex_array_object GL_EXT_texture_buffer GL_EXT_copy_image GL_KHR_texture_compression_astc_ldr GL_KHR_texture_compression_astc_hdr GL_OES_texture_compression_astc GL_OES_EGL_image_external
06-17 19:39:11.700 D/hw-ProcessState( 8359): Binder ioctl to enable oneway spam detection failed: Invalid argument
06-17 19:39:11.701 W/OpenGLRenderer( 8359): Failed to initialize 101010-2 format, error = EGL_SUCCESS
06-17 19:39:11.701 D/EGL_emulation( 8359): rcCreateContext wated version 2.0  rc:4
06-17 19:39:11.716 D/EGL_emulation( 8359): eglMakeCurrent: 0x74841c03d790: ver 3 2 (tinfo 0x74839c04cd80) (first time)
06-17 19:39:11.719 E/HWComposer( 1779): getSupportedContentTypes: getSupportedContentTypes failed for display 0: Unsupported (8)
06-17 19:39:11.719 I/hwservicemanager( 1567): getTransport: Cannot find entry android.hardware.graphics.mapper@4.0::IMapper/default in either framework or device VINTF manifest.
06-17 19:39:11.719 I/Gralloc4( 8359): mapper 4.x is not supported
06-17 19:39:11.719 I/hwservicemanager( 1567): getTransport: Cannot find entry android.hardware.graphics.mapper@3.0::IMapper/default in either framework or device VINTF manifest.
06-17 19:39:11.719 W/Gralloc3( 8359): mapper 3.x is not supported
06-17 19:39:11.720 I/hwservicemanager( 1567): getTransport: Cannot find entry android.hardware.graphics.allocator@4.0::IAllocator/default in either framework or device VINTF manifest.
06-17 19:39:11.720 W/Gralloc4( 8359): allocator 4.x is not supported
06-17 19:39:11.720 I/hwservicemanager( 1567): getTransport: Cannot find entry android.hardware.graphics.allocator@3.0::IAllocator/default in either framework or device VINTF manifest.
06-17 19:39:11.720 W/Gralloc3( 8359): allocator 3.x is not supported
06-17 19:39:11.720 D/gralloc_nox( 1767): gralloc_alloc: Creating ashmem region of size 8298496
06-17 19:39:11.740 D/ProcessState( 8394): Binder ioctl to enable oneway spam detection failed: Invalid argument
06-17 19:39:11.746 D/ontapp.stb.dem( 8359): createUnique: call
06-17 19:39:11.747 D/ontapp.stb.dem( 8359): HostComposition ext GL_OES_EGL_image GL_OES_EGL_image_external GL_OES_depth24 GL_OES_depth32 GL_OES_element_index_uint GL_OES_texture_float GL_OES_texture_float_linear GL_OES_compressed_paletted_texture GL_OES_compressed_ETC1_RGB8_texture GL_OES_depth_texture GL_EXT_texture_format_BGRA8888 GL_APPLE_texture_format_BGRA8888 GL_OES_texture_half_float GL_EXT_robustness GL_OES_texture_half_float_linear GL_OES_packed_depth_stencil GL_OES_vertex_half_float GL_OES_texture_npot GL_OES_rgb8_rgba8 GL_EXT_color_buffer_float GL_EXT_texture_sRGB_decode ANDROID_gles_max_version_3_1 GL_OES_vertex_array_object GL_EXT_texture_buffer GL_EXT_copy_image GL_KHR_texture_compression_astc_ldr GL_KHR_texture_compression_astc_hdr GL_OES_texture_compression_astc GL_OES_EGL_image_external
06-17 19:39:11.748 D/gralloc_nox( 1767): gralloc_alloc: Creating ashmem region of size 8298496
06-17 19:39:11.780 D/gralloc_nox( 1767): gralloc_alloc: Creating ashmem region of size 8298496
06-17 19:39:11.830 E/libEGL  ( 8359): called unimplemented OpenGL ES API
06-17 19:39:11.876 W/ActivityTaskManager( 1936): Tried to set launchTime (0) < mLastActivityLaunchTime (3076116)
06-17 19:39:12.020 I/ActivityTaskManager( 1936): Displayed com.android.permissioncontroller/.permission.ui.GrantPermissionsActivity: +777ms
06-17 19:39:12.032 D/ProcessState( 8405): Binder ioctl to enable oneway spam detection failed: Invalid argument
06-17 19:39:12.074 W/InputManager-JNI( 1936): Input channel object 'bb5f54b Splash Screen tech.gtt.frontapp.stb.demo (client)' was disposed without first being removed with the input manager!
06-17 19:39:12.140 D/gralloc_nox( 1767): gralloc_alloc: Creating ashmem region of size 5496832
06-17 19:39:12.234 D/gralloc_nox( 1767): gralloc_alloc: Creating ashmem region of size 5496832
06-17 19:39:12.409 D/gralloc_nox( 1767): gralloc_alloc: Creating ashmem region of size 5496832
06-17 19:39:13.992 W/adbd    ( 1785): timeout expired while flushing socket, closing
06-17 19:39:14.004 V/UiAutomationManager( 1936): UiAutomation service owner died
06-17 19:39:14.004 D/BatterySaverPolicy( 1936): accessibility changed to false, updating policy.
06-17 19:39:14.292 E/TaskPersister( 1936): File error accessing recents directory (directory doesn't exist?).
06-17 19:39:14.402 E/adbd    ( 1785): failed to connect to socket 'tcp:9008': Connection refused
06-17 19:39:14.424 E/adbd    ( 1785): failed to connect to socket 'tcp:9008': Connection refused
06-17 19:39:14.482 E/adbd    ( 1785): failed to connect to socket 'tcp:9008': Connection refused
06-17 19:39:14.521 E/adbd    ( 1785): failed to connect to socket 'tcp:9008': Connection refused
06-17 19:39:14.554 D/AndroidRuntime( 8417): >>>>>> START com.android.internal.os.RuntimeInit uid 0 <<<<<<
06-17 19:39:14.556 I/AndroidRuntime( 8417): Using default boot image
06-17 19:39:14.556 I/AndroidRuntime( 8417): Leaving lock profiling enabled
06-17 19:39:14.557 W/app_process( 8417): ART APEX data files are untrusted.
06-17 19:39:14.557 I/app_process( 8417): Core platform API reporting enabled, enforcing=false
06-17 19:39:14.606 D/app_process( 8417): Time zone APEX ICU file found: /apex/com.android.tzdata/etc/icu/icu_tzdata.dat
06-17 19:39:14.607 D/app_process( 8417): I18n APEX ICU file found: /apex/com.android.i18n/etc/icu/icudt68l.dat
06-17 19:39:14.614 W/app_process( 8417): Unexpected CPU variant for X86 using defaults: x86_64
06-17 19:39:14.665 D/ProcessState( 8417): Binder ioctl to enable oneway spam detection failed: Invalid argument
06-17 19:39:14.666 D/AndroidRuntime( 8417): Calling main entry com.wetest.uia2.Main
06-17 19:39:14.666 I/uidumper( 8417): [UiAutomator2Server] Starting Server
06-17 19:39:14.738 I/UiDevice( 8417): Creating a new instance, old instance exists: false
06-17 19:39:14.751 V/UiAutomation( 8417): Init UiAutomation@3eeddd1[id=48, flags=0]
06-17 19:39:14.752 D/BatterySaverPolicy( 1936): accessibility changed to true, updating policy.
06-17 19:39:14.754 D/UiDevice( 8417): Setting accessibility service flags: 65618
06-17 19:39:14.767 D/UiDevice( 8417): Turning on screen.
06-17 19:39:14.774 W/Java7Support( 8417): Unable to load JDK7 types (annotations, java.nio.file.Path): no Java7 support added
06-17 19:39:14.790 I/uidumper( 8417): clipboardManager inited
06-17 19:39:14.792 I/uidumper( 8417): tmpdir is /data/local/tmp/u2
06-17 19:39:14.809 I/uidumper( 8417): http server listening on *:9008
06-17 19:39:15.057 D/UIAutomatorStub( 8417): URI: /ping, Method: GET, params, {NanoHttpd.QUERY_STRING=null}, files: {}
06-17 19:39:15.076 D/UIAutomatorStub( 8417): URI: /jsonrpc/0, Method: POST, params, {NanoHttpd.QUERY_STRING=null}, files: {postData={"jsonrpc": "2.0", "id": 1, "method": "count", "params": [{"mask": 2097152, "childOrSibling": [], "childOrSiblingSelector": [], "resourceId": "com.android.permissioncontroller:id/permission_allow_button"}]}}
06-17 19:39:15.088 D/UiObject( 8417): Waiting 0ms for UiSelector[RESOURCE_ID=com.android.permissioncontroller:id/permission_allow_button].
06-17 19:39:15.089 W/QueryController( 8417): Could not detect idle state.
06-17 19:39:15.096 I/QueryController( 8417): Matched selector: UiSelector[RESOURCE_ID=com.android.permissioncontroller:id/permission_allow_button] <<==>> [android.view.accessibility.AccessibilityNodeInfo@18bbb; boundsInParent: Rect(0, 0 - 992, 112); boundsInScreen: Rect(464, 557 - 1456, 669); packageName: com.android.permissioncontroller; className: android.widget.Button; text: 允许; error: null; maxTextLength: -1; stateDescription: null; contentDescription: null; tooltipText: null; viewIdResName: com.android.permissioncontroller:id/permission_allow_button; checkable: false; checked: false; focusable: true; focused: false; selected: false; clickable: true; longClickable: false; contextClickable: false; enabled: true; password: false; scrollable: false; importantForAccessibility: true; visible: true; actions: [AccessibilityAction: ACTION_FOCUS - null, AccessibilityAction: ACTION_SELECT - null, AccessibilityAction: ACTION_CLEAR_SELECTION - null, AccessibilityAction: ACTION_CLICK - null, AccessibilityAction: ACTION_ACCESSIBILITY_FOCUS - null, AccessibilityAction: ACTION_NEXT_AT_MOVEMENT_GRANULARITY - null, AccessibilityAction: ACTION_PREVIOUS_AT_MOVEMENT_GRANULARITY - null, AccessibilityAction: ACTION_SET_SELECTION - null, AccessibilityAction: ACTION_SHOW_ON_SCREEN - null]]
06-17 19:39:15.097 D/UiObject( 8417): Waiting 0ms for UiSelector[INSTANCE=1, RESOURCE_ID=com.android.permissioncontroller:id/permission_allow_button].
06-17 19:39:15.097 W/QueryController( 8417): Could not detect idle state.
06-17 19:39:15.132 D/UIAutomatorStub( 8417): URI: /jsonrpc/0, Method: POST, params, {NanoHttpd.QUERY_STRING=null}, files: {postData={"jsonrpc": "2.0", "id": 1, "method": "waitForExists", "params": [{"mask": 2097152, "childOrSibling": [], "childOrSiblingSelector": [], "resourceId": "com.android.permissioncontroller:id/permission_allow_button"}, 20000]}}
06-17 19:39:15.135 D/UiDevice( 8417): Waiting 20000ms for SearchCondition[hasObject=BySelector [RES='\Qcom.android.permissioncontroller:id/permission_allow_button\E']].
06-17 19:39:15.136 D/UiDevice( 8417): Searching for node with selector: BySelector [RES='\Qcom.android.permissioncontroller:id/permission_allow_button\E'].
06-17 19:39:15.136 W/QueryController( 8417): Could not detect idle state.
06-17 19:39:15.180 D/UIAutomatorStub( 8417): URI: /jsonrpc/0, Method: POST, params, {NanoHttpd.QUERY_STRING=null}, files: {postData={"jsonrpc": "2.0", "id": 1, "method": "objInfo", "params": [{"mask": 2097152, "childOrSibling": [], "childOrSiblingSelector": [], "resourceId": "com.android.permissioncontroller:id/permission_allow_button"}]}}
06-17 19:39:15.182 D/UiDevice( 8417): Retrieving node with selector: BySelector [RES='\Qcom.android.permissioncontroller:id/permission_allow_button\E'].
06-17 19:39:15.184 W/QueryController( 8417): Could not detect idle state.
06-17 19:39:15.193 W/QueryController( 8417): Could not detect idle state.
06-17 19:39:15.198 W/QueryController( 8417): Could not detect idle state.
06-17 19:39:15.201 W/QueryController( 8417): Could not detect idle state.
06-17 19:39:15.203 W/QueryController( 8417): Could not detect idle state.
06-17 19:39:15.203 W/QueryController( 8417): Could not detect idle state.
06-17 19:39:15.204 W/QueryController( 8417): Could not detect idle state.
06-17 19:39:15.205 W/QueryController( 8417): Could not detect idle state.
06-17 19:39:15.206 W/QueryController( 8417): Could not detect idle state.
06-17 19:39:15.207 W/QueryController( 8417): Could not detect idle state.
06-17 19:39:15.208 W/QueryController( 8417): Could not detect idle state.
06-17 19:39:15.210 W/QueryController( 8417): Could not detect idle state.
06-17 19:39:15.214 W/QueryController( 8417): Could not detect idle state.
06-17 19:39:15.217 W/QueryController( 8417): Could not detect idle state.
06-17 19:39:15.219 W/QueryController( 8417): Could not detect idle state.
06-17 19:39:15.220 W/QueryController( 8417): Could not detect idle state.
06-17 19:39:15.221 W/QueryController( 8417): Could not detect idle state.
06-17 19:39:15.222 W/QueryController( 8417): Could not detect idle state.
06-17 19:39:15.264 D/UIAutomatorStub( 8417): URI: /jsonrpc/0, Method: POST, params, {NanoHttpd.QUERY_STRING=null}, files: {postData={"jsonrpc": "2.0", "id": 1, "method": "click", "params": [960.0, 613.0]}}
06-17 19:39:15.505 V/GrantPermissionsViewModel( 6919): Logged buttons presented and clicked permissionGroupName=android.permission-group.STORAGE uid=10058 selectedLocations=0 package=tech.gtt.frontapp.stb.demo presentedButtons=9 clickedButton=1 sessionId=-1922257480725126122 targetSdk=35
06-17 19:39:15.508 I/MediaProvider( 2560): Invalidating LocalCallingIdentity cache for package tech.gtt.frontapp.stb.demo. Reason: op android:read_external_storage
06-17 19:39:15.508 V/GrantPermissionsViewModel( 6919): Permission grant result requestId=-1922257480725126122 callingUid=10058 callingPackage=tech.gtt.frontapp.stb.demo permission=android.permission.READ_EXTERNAL_STORAGE isImplicit=false result=4
06-17 19:39:15.514 D/gralloc_nox( 1767): gralloc_alloc: Creating ashmem region of size 8298496
06-17 19:39:15.552 E/android.hardware.audio.service( 1759): pcm_open called create stream faild
06-17 19:39:15.553 D/AudioFlinger( 1776): mixer(0x7e14b2cf8a60) throttle end: throttle time(41)
06-17 19:39:15.741 D/CompatibilityChangeReporter( 8359): Compat change id reported: 78294732; UID 10058; state: ENABLED
06-17 19:39:15.742 I/b       ( 8359): freeSpace : 116666MB
06-17 19:39:15.812 D/ProcessState( 8444): Binder ioctl to enable oneway spam detection failed: Invalid argument
06-17 19:39:15.864 D/ConnectivityService( 1936): NetReassign [no changes]
06-17 19:39:15.874 V/GSK     ( 8359): StorageServiceImpl initialization() executed in 1 ms.
06-17 19:39:15.874 V/GSK     ( 8359): SecurityServiceImpl initialization() executed in 0 ms.
06-17 19:39:15.960 W/System.err( 8359): SLF4J(W): No SLF4J providers were found.
06-17 19:39:15.960 W/System.err( 8359): SLF4J(W): Defaulting to no-operation (NOP) logger implementation
06-17 19:39:15.960 W/System.err( 8359): SLF4J(W): See https://www.slf4j.org/codes.html#noProviders for further details.
06-17 19:39:16.015 W/System.err( 8359): kotlinx.serialization.json.internal.JsonDecodingException: Expected start of the object '{', but had 'EOF' instead at path: $
06-17 19:39:16.015 W/System.err( 8359): JSON input: 
06-17 19:39:16.015 W/System.err( 8359): 	at kotlinx.serialization.json.internal.JsonExceptionsKt.JsonDecodingException(SourceFile:1)
06-17 19:39:16.015 W/System.err( 8359): 	at kotlinx.serialization.json.internal.JsonExceptionsKt.JsonDecodingException(SourceFile:2)
06-17 19:39:16.015 W/System.err( 8359): 	at kotlinx.serialization.json.internal.AbstractJsonLexer.fail(SourceFile:52)
06-17 19:39:16.015 W/System.err( 8359): 	at kotlinx.serialization.json.internal.AbstractJsonLexer.fail$default(SourceFile:15)
06-17 19:39:16.015 W/System.err( 8359): 	at kotlinx.serialization.json.internal.AbstractJsonLexer.unexpectedToken(SourceFile:103)
06-17 19:39:16.015 W/System.err( 8359): 	at kotlinx.serialization.json.internal.StringJsonLexer.consumeNextToken(SourceFile:16)
06-17 19:39:16.015 W/System.err( 8359): 	at kotlinx.serialization.json.internal.StreamingJsonDecoder.beginStructure(SourceFile:23)
06-17 19:39:16.015 W/System.err( 8359): 	at tech.gtt.frontapp.servicesdk.common.service.utility.apis.e2ee.E2eeConfigResponse$$serializer.deserialize(SourceFile:2)
06-17 19:39:16.015 W/System.err( 8359): 	at tech.gtt.frontapp.servicesdk.common.service.utility.apis.e2ee.E2eeConfigResponse$$serializer.deserialize(SourceFile:1)
06-17 19:39:16.015 W/System.err( 8359): 	at kotlinx.serialization.json.internal.StreamingJsonDecoder.decodeSerializableValue(SourceFile:320)
06-17 19:39:16.015 W/System.err( 8359): 	at kotlinx.serialization.json.Json.decodeFromString(SourceFile:3)
06-17 19:39:16.015 W/System.err( 8359): 	at tech.gtt.frontapp.servicesdk.common.service.utility.apis.e2ee.E2eeManager.syncE2eeConfig(SourceFile:74)
06-17 19:39:16.015 W/System.err( 8359): 	at tech.gtt.frontapp.servicesdk.common.service.utility.apis.ApiUtilServiceImpl.onServiceInit(SourceFile:228)
06-17 19:39:16.015 W/System.err( 8359): 	at tech.gtt.frontapp.servicesdk.common.core.ServiceSDKImpl.executeServiceInitialize(SourceFile:372)
06-17 19:39:16.015 W/System.err( 8359): 	at tech.gtt.frontapp.servicesdk.common.core.ServiceSDKImpl.access$executeServiceInitialize(SourceFile:1)
06-17 19:39:16.015 W/System.err( 8359): 	at tech.gtt.frontapp.servicesdk.common.core.ServiceSDKImpl$init$1.invokeSuspend(SourceFile:178)
06-17 19:39:16.015 W/System.err( 8359): 	at tech.gtt.frontapp.servicesdk.common.core.ServiceSDKImpl$init$1.invoke(SourceFile:2)
06-17 19:39:16.015 W/System.err( 8359): 	at tech.gtt.frontapp.servicesdk.common.core.ServiceSDKImpl$init$1.invoke(SourceFile:1)
06-17 19:39:16.015 W/System.err( 8359): 	at kotlinx.coroutines.flow.SafeFlow.collectSafely(SourceFile:3)
06-17 19:39:16.015 W/System.err( 8359): 	at kotlinx.coroutines.flow.AbstractFlow.collect(SourceFile:70)
06-17 19:39:16.015 W/System.err( 8359): 	at tech.gtt.frontapp.servicesdk.common.core.SDKSetup$build$1.invokeSuspend(SourceFile:42)
06-17 19:39:16.015 W/System.err( 8359): 	at tech.gtt.frontapp.servicesdk.common.core.SDKSetup$build$1.invoke(SourceFile:2)
06-17 19:39:16.015 W/System.err( 8359): 	at tech.gtt.frontapp.servicesdk.common.core.SDKSetup$build$1.invoke(SourceFile:1)
06-17 19:39:16.015 W/System.err( 8359): 	at tech.gtt.frontapp.servicesdk.common.core.Scheduler$scheduleDirect$1.invokeSuspend(SourceFile:61)
06-17 19:39:16.015 W/System.err( 8359): 	at lh.a.resumeWith(SourceFile:14)
06-17 19:39:16.015 W/System.err( 8359): 	at kotlinx.coroutines.DispatchedTask.run(SourceFile:123)
06-17 19:39:16.015 W/System.err( 8359): 	at kotlinx.coroutines.internal.LimitedDispatcher$Worker.run(SourceFile:4)
06-17 19:39:16.015 W/System.err( 8359): 	at kotlinx.coroutines.scheduling.TaskImpl.run(SourceFile:3)
06-17 19:39:16.015 W/System.err( 8359): 	at kotlinx.coroutines.scheduling.CoroutineScheduler.runSafely(SourceFile:1)
06-17 19:39:16.015 W/System.err( 8359): 	at kotlinx.coroutines.scheduling.CoroutineScheduler$Worker.executeTask(SourceFile:34)
06-17 19:39:16.015 W/System.err( 8359): 	at kotlinx.coroutines.scheduling.CoroutineScheduler$Worker.runWorker(SourceFile:29)
06-17 19:39:16.015 W/System.err( 8359): 	at kotlinx.coroutines.scheduling.CoroutineScheduler$Worker.run(SourceFile:1)
06-17 19:39:16.032 W/System.err( 8359): java.io.FileNotFoundException: sys/class/sunxi_info/sys_info: open failed: ENOENT (No such file or directory)
06-17 19:39:16.033 W/System.err( 8359): 	at libcore.io.IoBridge.open(IoBridge.java:575)
06-17 19:39:16.033 W/System.err( 8359): 	at java.io.FileInputStream.<init>(FileInputStream.java:160)
06-17 19:39:16.033 W/System.err( 8359): 	at java.io.FileInputStream.<init>(FileInputStream.java:115)
06-17 19:39:16.033 W/System.err( 8359): 	at ip.b.b(SourceFile:5)
06-17 19:39:16.033 W/System.err( 8359): 	at ip.b.a(SourceFile:155)
06-17 19:39:16.033 W/System.err( 8359): 	at ip.a.invoke(SourceFile:589)
06-17 19:39:16.033 W/System.err( 8359): 	at dh.v.getValue(SourceFile:21)
06-17 19:39:16.033 W/System.err( 8359): 	at tech.gtt.frontapp.servicesdk.common.network.interceptor.params.ApiDeviceParams.handleFixedParams(SourceFile:52)
06-17 19:39:16.033 W/System.err( 8359): 	at tech.gtt.frontapp.servicesdk.common.service.utility.apis.IParamsGetter.toMaps(SourceFile:87)
06-17 19:39:16.033 W/System.err( 8359): 	at tech.gtt.frontapp.servicesdk.common.network.interceptor.DefaultParamsInterceptor.onRequest(SourceFile:127)
06-17 19:39:16.033 W/System.err( 8359): 	at tech.gtt.frontapp.servicesdk.common.network.interceptor.SDKInterceptorsPluginKt$setupRequestInterception$1.invokeSuspend(SourceFile:103)
06-17 19:39:16.033 W/System.err( 8359): 	at tech.gtt.frontapp.servicesdk.common.network.interceptor.SDKInterceptorsPluginKt$setupRequestInterception$1.invoke(SourceFile:1)
06-17 19:39:16.033 W/System.err( 8359): 	at tech.gtt.frontapp.servicesdk.common.network.interceptor.SDKInterceptorsPluginKt$setupRequestInterception$1.invoke(SourceFile:2)
06-17 19:39:16.033 W/System.err( 8359): 	at io.ktor.util.pipeline.DebugPipelineContext.proceedLoop(SourceFile:86)
06-17 19:39:16.033 W/System.err( 8359): 	at io.ktor.util.pipeline.DebugPipelineContext.proceed(SourceFile:26)
06-17 19:39:16.033 W/System.err( 8359): 	at io.ktor.client.plugins.RequestError$install$1.invokeSuspend(SourceFile:47)
06-17 19:39:16.033 W/System.err( 8359): 	at io.ktor.client.plugins.RequestError$install$1.invoke(SourceFile:1)
06-17 19:39:16.033 W/System.err( 8359): 	at io.ktor.client.plugins.RequestError$install$1.invoke(SourceFile:2)
06-17 19:39:16.033 W/System.err( 8359): 	at io.ktor.util.pipeline.DebugPipelineContext.proceedLoop(SourceFile:86)
06-17 19:39:16.033 W/System.err( 8359): 	at io.ktor.util.pipeline.DebugPipelineContext.proceed(SourceFile:26)
06-17 19:39:16.033 W/System.err( 8359): 	at io.ktor.client.plugins.SetupRequestContext$install$1.invokeSuspend$proceed(SourceFile:1)
06-17 19:39:16.033 W/System.err( 8359): 	at io.ktor.client.plugins.SetupRequestContext$install$1.access$invokeSuspend$proceed(SourceFile:1)
06-17 19:39:16.033 W/System.err( 8359): 	at io.ktor.client.plugins.SetupRequestContext$install$1$1.invoke(SourceFile:2)
06-17 19:39:16.033 W/System.err( 8359): 	at io.ktor.client.plugins.SetupRequestContext$install$1$1.invoke(SourceFile:1)
06-17 19:39:16.033 W/System.err( 8359): 	at io.ktor.client.plugins.HttpRequestLifecycleKt$HttpRequestLifecycle$1$1.invokeSuspend(SourceFile:78)
06-17 19:39:16.033 W/System.err( 8359): 	at io.ktor.client.plugins.HttpRequestLifecycleKt$HttpRequestLifecycle$1$1.invoke(SourceFile:1)
06-17 19:39:16.033 W/System.err( 8359): 	at io.ktor.client.plugins.HttpRequestLifecycleKt$HttpRequestLifecycle$1$1.invoke(SourceFile:2)
06-17 19:39:16.033 W/System.err( 8359): 	at io.ktor.client.plugins.SetupRequestContext$install$1.invokeSuspend(SourceFile:42)
06-17 19:39:16.033 W/System.err( 8359): 	at io.ktor.client.plugins.SetupRequestContext$install$1.invoke(SourceFile:1)
06-17 19:39:16.033 W/System.err( 8359): 	at io.ktor.client.plugins.SetupRequestContext$install$1.invoke(SourceFile:2)
06-17 19:39:16.033 W/System.err( 8359): 	at io.ktor.util.pipeline.DebugPipelineContext.proceedLoop(SourceFile:86)
06-17 19:39:16.033 W/System.err( 8359): 	at io.ktor.util.pipeline.DebugPipelineContext.proceed(SourceFile:26)
06-17 19:39:16.033 W/System.err( 8359): 	at io.ktor.util.pipeline.DebugPipelineContext.execute$ktor_utils(SourceFile:7)
06-17 19:39:16.033 W/System.err( 8359): 	at io.ktor.util.pipeline.Pipeline.execute(SourceFile:9)
06-17 19:39:16.033 W/System.err( 8359): 	at io.ktor.client.HttpClient.execute$ktor_client_core(SourceFile:68)
06-17 19:39:16.033 W/System.err( 8359): 	at io.ktor.client.statement.HttpStatement.fetchResponse(SourceFile:90)
06-17 19:39:16.033 W/System.err( 8359): 	at io.ktor.client.statement.HttpStatement.execute(SourceFile:9)
06-17 19:39:16.033 W/System.err( 8359): 	at de.jensklingenberg.ktorfit.internal.KtorfitConverterHelper.suspendRequest(SourceFile:127)
06-17 19:39:16.033 W/System.err( 8359): 	at de.jensklingenberg.ktorfit.internal.KtorfitConverterHelper$request$1$1.invokeSuspend(SourceFile:58)
06-17 19:39:16.033 W/System.err( 8359): 	at de.jensklingenberg.ktorfit.internal.KtorfitConverterHelper$request$1$1.invoke(SourceFile:2)
06-17 19:39:16.033 W/System.err( 8359): 	at de.jensklingenberg.ktorfit.internal.KtorfitConverterHelper$request$1$1.invoke(SourceFile:1)
06-17 19:39:16.033 W/System.err( 8359): 	at de.jensklingenberg.ktorfit.converter.FlowConverterFactory$responseConverter$1$convert$1.invokeSuspend(SourceFile:84)
06-17 19:39:16.033 W/System.err( 8359): 	at de.jensklingenberg.ktorfit.converter.FlowConverterFactory$responseConverter$1$convert$1.invoke(SourceFile:2)
06-17 19:39:16.033 W/System.err( 8359): 	at de.jensklingenberg.ktorfit.converter.FlowConverterFactory$responseConverter$1$convert$1.invoke(SourceFile:1)
06-17 19:39:16.033 W/System.err( 8359): 	at kotlinx.coroutines.flow.SafeFlow.collectSafely(SourceFile:3)
06-17 19:39:16.033 W/System.err( 8359): 	at kotlinx.coroutines.flow.AbstractFlow.collect(SourceFile:70)
06-17 19:39:16.033 W/System.err( 8359): 	at kotlinx.coroutines.flow.FlowKt__MergeKt$flatMapConcat$$inlined$map$1.collect(SourceFile:10)
06-17 19:39:16.033 W/System.err( 8359): 	at kotlinx.coroutines.flow.FlowKt__MergeKt$flattenConcat$$inlined$unsafeFlow$1.collect(SourceFile:8)
06-17 19:39:16.033 W/System.err( 8359): 	at kotlinx.coroutines.flow.FlowKt__CollectKt.collect(SourceFile:1)
06-17 19:39:16.033 W/System.err( 8359): 	at kotlinx.coroutines.flow.FlowKt.collect(SourceFile:1)
06-17 19:39:16.033 W/System.err( 8359): 	at tech.gtt.frontapp.servicesdk.common.service.utility.apis.ApiUtilServiceImpl.onServiceInit(SourceFile:240)
06-17 19:39:16.033 W/System.err( 8359): 	at tech.gtt.frontapp.servicesdk.common.core.ServiceSDKImpl.executeServiceInitialize(SourceFile:372)
06-17 19:39:16.033 W/System.err( 8359): 	at tech.gtt.frontapp.servicesdk.common.core.ServiceSDKImpl.access$executeServiceInitialize(SourceFile:1)
06-17 19:39:16.033 W/System.err( 8359): 	at tech.gtt.frontapp.servicesdk.common.core.ServiceSDKImpl$init$1.invokeSuspend(SourceFile:178)
06-17 19:39:16.033 W/System.err( 8359): 	at tech.gtt.frontapp.servicesdk.common.core.ServiceSDKImpl$init$1.invoke(SourceFile:2)
06-17 19:39:16.033 W/System.err( 8359): 	at tech.gtt.frontapp.servicesdk.common.core.ServiceSDKImpl$init$1.invoke(SourceFile:1)
06-17 19:39:16.033 W/System.err( 8359): 	at kotlinx.coroutines.flow.SafeFlow.collectSafely(SourceFile:3)
06-17 19:39:16.033 W/System.err( 8359): 	at kotlinx.coroutines.flow.AbstractFlow.collect(SourceFile:70)
06-17 19:39:16.033 W/System.err( 8359): 	at tech.gtt.frontapp.servicesdk.common.core.SDKSetup$build$1.invokeSuspend(SourceFile:42)
06-17 19:39:16.033 W/System.err( 8359): 	at tech.gtt.frontapp.servicesdk.common.core.SDKSetup$build$1.invoke(SourceFile:2)
06-17 19:39:16.033 W/System.err( 8359): 	at tech.gtt.frontapp.servicesdk.common.core.SDKSetup$build$1.invoke(SourceFile:1)
06-17 19:39:16.033 W/System.err( 8359): 	at tech.gtt.frontapp.servicesdk.common.core.Scheduler$scheduleDirect$1.invokeSuspend(SourceFile:61)
06-17 19:39:16.033 W/System.err( 8359): 	at lh.a.resumeWith(SourceFile:14)
06-17 19:39:16.033 W/System.err( 8359): 	at kotlinx.coroutines.DispatchedTask.run(SourceFile:123)
06-17 19:39:16.033 W/System.err( 8359): 	at kotlinx.coroutines.internal.LimitedDispatcher$Worker.run(SourceFile:4)
06-17 19:39:16.033 W/System.err( 8359): 	at kotlinx.coroutines.scheduling.TaskImpl.run(SourceFile:3)
06-17 19:39:16.033 W/System.err( 8359): 	at kotlinx.coroutines.scheduling.CoroutineScheduler.runSafely(SourceFile:1)
06-17 19:39:16.033 W/System.err( 8359): 	at kotlinx.coroutines.scheduling.CoroutineScheduler$Worker.executeTask(SourceFile:34)
06-17 19:39:16.033 W/System.err( 8359): 	at kotlinx.coroutines.scheduling.CoroutineScheduler$Worker.runWorker(SourceFile:29)
06-17 19:39:16.033 W/System.err( 8359): 	at kotlinx.coroutines.scheduling.CoroutineScheduler$Worker.run(SourceFile:1)
06-17 19:39:16.034 W/System.err( 8359): Caused by: android.system.ErrnoException: open failed: ENOENT (No such file or directory)
06-17 19:39:16.034 W/System.err( 8359): 	at libcore.io.Linux.open(Native Method)
06-17 19:39:16.034 W/System.err( 8359): 	at libcore.io.ForwardingOs.open(ForwardingOs.java:567)
06-17 19:39:16.034 W/System.err( 8359): 	at libcore.io.BlockGuardOs.open(BlockGuardOs.java:273)
06-17 19:39:16.034 W/System.err( 8359): 	at libcore.io.ForwardingOs.open(ForwardingOs.java:567)
06-17 19:39:16.034 W/System.err( 8359): 	at android.app.ActivityThread$AndroidOs.open(ActivityThread.java:7761)
06-17 19:39:16.034 W/System.err( 8359): 	at libcore.io.IoBridge.open(IoBridge.java:561)
06-17 19:39:16.034 W/System.err( 8359): 	... 69 more
06-17 19:39:16.036 W/System.err( 8359): java.io.FileNotFoundException: sys/class/sunxi_info/sys_info: open failed: ENOENT (No such file or directory)
06-17 19:39:16.036 W/System.err( 8359): 	at libcore.io.IoBridge.open(IoBridge.java:575)
06-17 19:39:16.036 W/System.err( 8359): 	at java.io.FileInputStream.<init>(FileInputStream.java:160)
06-17 19:39:16.036 W/System.err( 8359): 	at java.io.FileInputStream.<init>(FileInputStream.java:115)
06-17 19:39:16.036 W/System.err( 8359): 	at ip.b.b(SourceFile:5)
06-17 19:39:16.037 W/System.err( 8359): 	at ip.b.a(SourceFile:155)
06-17 19:39:16.037 W/System.err( 8359): 	at ip.a.invoke(SourceFile:127)
06-17 19:39:16.037 W/System.err( 8359): 	at dh.v.getValue(SourceFile:21)
06-17 19:39:16.037 W/System.err( 8359): 	at tech.gtt.frontapp.servicesdk.common.network.interceptor.params.ApiDeviceParams.handleFixedParams(SourceFile:65)
06-17 19:39:16.037 W/System.err( 8359): 	at tech.gtt.frontapp.servicesdk.common.service.utility.apis.IParamsGetter.toMaps(SourceFile:87)
06-17 19:39:16.037 W/System.err( 8359): 	at tech.gtt.frontapp.servicesdk.common.network.interceptor.DefaultParamsInterceptor.onRequest(SourceFile:127)
06-17 19:39:16.037 W/System.err( 8359): 	at tech.gtt.frontapp.servicesdk.common.network.interceptor.SDKInterceptorsPluginKt$setupRequestInterception$1.invokeSuspend(SourceFile:103)
06-17 19:39:16.037 W/System.err( 8359): 	at tech.gtt.frontapp.servicesdk.common.network.interceptor.SDKInterceptorsPluginKt$setupRequestInterception$1.invoke(SourceFile:1)
06-17 19:39:16.037 W/System.err( 8359): 	at tech.gtt.frontapp.servicesdk.common.network.interceptor.SDKInterceptorsPluginKt$setupRequestInterception$1.invoke(SourceFile:2)
06-17 19:39:16.037 W/System.err( 8359): 	at io.ktor.util.pipeline.DebugPipelineContext.proceedLoop(SourceFile:86)
06-17 19:39:16.037 W/System.err( 8359): 	at io.ktor.util.pipeline.DebugPipelineContext.proceed(SourceFile:26)
06-17 19:39:16.037 W/System.err( 8359): 	at io.ktor.client.plugins.RequestError$install$1.invokeSuspend(SourceFile:47)
06-17 19:39:16.037 W/System.err( 8359): 	at io.ktor.client.plugins.RequestError$install$1.invoke(SourceFile:1)
06-17 19:39:16.037 W/System.err( 8359): 	at io.ktor.client.plugins.RequestError$install$1.invoke(SourceFile:2)
06-17 19:39:16.037 W/System.err( 8359): 	at io.ktor.util.pipeline.DebugPipelineContext.proceedLoop(SourceFile:86)
06-17 19:39:16.037 W/System.err( 8359): 	at io.ktor.util.pipeline.DebugPipelineContext.proceed(SourceFile:26)
06-17 19:39:16.037 W/System.err( 8359): 	at io.ktor.client.plugins.SetupRequestContext$install$1.invokeSuspend$proceed(SourceFile:1)
06-17 19:39:16.037 W/System.err( 8359): 	at io.ktor.client.plugins.SetupRequestContext$install$1.access$invokeSuspend$proceed(SourceFile:1)
06-17 19:39:16.037 W/System.err( 8359): 	at io.ktor.client.plugins.SetupRequestContext$install$1$1.invoke(SourceFile:2)
06-17 19:39:16.037 W/System.err( 8359): 	at io.ktor.client.plugins.SetupRequestContext$install$1$1.invoke(SourceFile:1)
06-17 19:39:16.037 W/System.err( 8359): 	at io.ktor.client.plugins.HttpRequestLifecycleKt$HttpRequestLifecycle$1$1.invokeSuspend(SourceFile:78)
06-17 19:39:16.037 W/System.err( 8359): 	at io.ktor.client.plugins.HttpRequestLifecycleKt$HttpRequestLifecycle$1$1.invoke(SourceFile:1)
06-17 19:39:16.037 W/System.err( 8359): 	at io.ktor.client.plugins.HttpRequestLifecycleKt$HttpRequestLifecycle$1$1.invoke(SourceFile:2)
06-17 19:39:16.037 W/System.err( 8359): 	at io.ktor.client.plugins.SetupRequestContext$install$1.invokeSuspend(SourceFile:42)
06-17 19:39:16.037 W/System.err( 8359): 	at io.ktor.client.plugins.SetupRequestContext$install$1.invoke(SourceFile:1)
06-17 19:39:16.037 W/System.err( 8359): 	at io.ktor.client.plugins.SetupRequestContext$install$1.invoke(SourceFile:2)
06-17 19:39:16.037 W/System.err( 8359): 	at io.ktor.util.pipeline.DebugPipelineContext.proceedLoop(SourceFile:86)
06-17 19:39:16.037 W/System.err( 8359): 	at io.ktor.util.pipeline.DebugPipelineContext.proceed(SourceFile:26)
06-17 19:39:16.037 W/System.err( 8359): 	at io.ktor.util.pipeline.DebugPipelineContext.execute$ktor_utils(SourceFile:7)
06-17 19:39:16.037 W/System.err( 8359): 	at io.ktor.util.pipeline.Pipeline.execute(SourceFile:9)
06-17 19:39:16.037 W/System.err( 8359): 	at io.ktor.client.HttpClient.execute$ktor_client_core(SourceFile:68)
06-17 19:39:16.037 W/System.err( 8359): 	at io.ktor.client.statement.HttpStatement.fetchResponse(SourceFile:90)
06-17 19:39:16.037 W/System.err( 8359): 	at io.ktor.client.statement.HttpStatement.execute(SourceFile:9)
06-17 19:39:16.037 W/System.err( 8359): 	at de.jensklingenberg.ktorfit.internal.KtorfitConverterHelper.suspendRequest(SourceFile:127)
06-17 19:39:16.037 W/System.err( 8359): 	at de.jensklingenberg.ktorfit.internal.KtorfitConverterHelper$request$1$1.invokeSuspend(SourceFile:58)
06-17 19:39:16.037 W/System.err( 8359): 	at de.jensklingenberg.ktorfit.internal.KtorfitConverterHelper$request$1$1.invoke(SourceFile:2)
06-17 19:39:16.037 W/System.err( 8359): 	at de.jensklingenberg.ktorfit.internal.KtorfitConverterHelper$request$1$1.invoke(SourceFile:1)
06-17 19:39:16.037 W/System.err( 8359): 	at de.jensklingenberg.ktorfit.converter.FlowConverterFactory$responseConverter$1$convert$1.invokeSuspend(SourceFile:84)
06-17 19:39:16.037 W/System.err( 8359): 	at de.jensklingenberg.ktorfit.converter.FlowConverterFactory$responseConverter$1$convert$1.invoke(SourceFile:2)
06-17 19:39:16.037 W/System.err( 8359): 	at de.jensklingenberg.ktorfit.converter.FlowConverterFactory$responseConverter$1$convert$1.invoke(SourceFile:1)
06-17 19:39:16.037 W/System.err( 8359): 	at kotlinx.coroutines.flow.SafeFlow.collectSafely(SourceFile:3)
06-17 19:39:16.037 W/System.err( 8359): 	at kotlinx.coroutines.flow.AbstractFlow.collect(SourceFile:70)
06-17 19:39:16.037 W/System.err( 8359): 	at kotlinx.coroutines.flow.FlowKt__MergeKt$flatMapConcat$$inlined$map$1.collect(SourceFile:10)
06-17 19:39:16.037 W/System.err( 8359): 	at kotlinx.coroutines.flow.FlowKt__MergeKt$flattenConcat$$inlined$unsafeFlow$1.collect(SourceFile:8)
06-17 19:39:16.037 W/System.err( 8359): 	at kotlinx.coroutines.flow.FlowKt__CollectKt.collect(SourceFile:1)
06-17 19:39:16.037 W/System.err( 8359): 	at kotlinx.coroutines.flow.FlowKt.collect(SourceFile:1)
06-17 19:39:16.037 W/System.err( 8359): 	at tech.gtt.frontapp.servicesdk.common.service.utility.apis.ApiUtilServiceImpl.onServiceInit(SourceFile:240)
06-17 19:39:16.037 W/System.err( 8359): 	at tech.gtt.frontapp.servicesdk.common.core.ServiceSDKImpl.executeServiceInitialize(SourceFile:372)
06-17 19:39:16.037 W/System.err( 8359): 	at tech.gtt.frontapp.servicesdk.common.core.ServiceSDKImpl.access$executeServiceInitialize(SourceFile:1)
06-17 19:39:16.037 W/System.err( 8359): 	at tech.gtt.frontapp.servicesdk.common.core.ServiceSDKImpl$init$1.invokeSuspend(SourceFile:178)
06-17 19:39:16.037 W/System.err( 8359): 	at tech.gtt.frontapp.servicesdk.common.core.ServiceSDKImpl$init$1.invoke(SourceFile:2)
06-17 19:39:16.037 W/System.err( 8359): 	at tech.gtt.frontapp.servicesdk.common.core.ServiceSDKImpl$init$1.invoke(SourceFile:1)
06-17 19:39:16.037 W/System.err( 8359): 	at kotlinx.coroutines.flow.SafeFlow.collectSafely(SourceFile:3)
06-17 19:39:16.037 W/System.err( 8359): 	at kotlinx.coroutines.flow.AbstractFlow.collect(SourceFile:70)
06-17 19:39:16.037 W/System.err( 8359): 	at tech.gtt.frontapp.servicesdk.common.core.SDKSetup$build$1.invokeSuspend(SourceFile:42)
06-17 19:39:16.037 W/System.err( 8359): 	at tech.gtt.frontapp.servicesdk.common.core.SDKSetup$build$1.invoke(SourceFile:2)
06-17 19:39:16.037 W/System.err( 8359): 	at tech.gtt.frontapp.servicesdk.common.core.SDKSetup$build$1.invoke(SourceFile:1)
06-17 19:39:16.037 W/System.err( 8359): 	at tech.gtt.frontapp.servicesdk.common.core.Scheduler$scheduleDirect$1.invokeSuspend(SourceFile:61)
06-17 19:39:16.037 W/System.err( 8359): 	at lh.a.resumeWith(SourceFile:14)
06-17 19:39:16.037 W/System.err( 8359): 	at kotlinx.coroutines.DispatchedTask.run(SourceFile:123)
06-17 19:39:16.037 W/System.err( 8359): 	at kotlinx.coroutines.internal.LimitedDispatcher$Worker.run(SourceFile:4)
06-17 19:39:16.037 W/System.err( 8359): 	at kotlinx.coroutines.scheduling.TaskImpl.run(SourceFile:3)
06-17 19:39:16.037 W/System.err( 8359): 	at kotlinx.coroutines.scheduling.CoroutineScheduler.runSafely(SourceFile:1)
06-17 19:39:16.037 W/System.err( 8359): 	at kotlinx.coroutines.scheduling.CoroutineScheduler$Worker.executeTask(SourceFile:34)
06-17 19:39:16.037 W/System.err( 8359): 	at kotlinx.coroutines.scheduling.CoroutineScheduler$Worker.runWorker(SourceFile:29)
06-17 19:39:16.037 W/System.err( 8359): 	at kotlinx.coroutines.scheduling.CoroutineScheduler$Worker.run(SourceFile:1)
06-17 19:39:16.037 W/System.err( 8359): Caused by: android.system.ErrnoException: open failed: ENOENT (No such file or directory)
06-17 19:39:16.037 W/System.err( 8359): 	at libcore.io.Linux.open(Native Method)
06-17 19:39:16.037 W/System.err( 8359): 	at libcore.io.ForwardingOs.open(ForwardingOs.java:567)
06-17 19:39:16.037 W/System.err( 8359): 	at libcore.io.BlockGuardOs.open(BlockGuardOs.java:273)
06-17 19:39:16.037 W/System.err( 8359): 	at libcore.io.ForwardingOs.open(ForwardingOs.java:567)
06-17 19:39:16.037 W/System.err( 8359): 	at android.app.ActivityThread$AndroidOs.open(ActivityThread.java:7761)
06-17 19:39:16.037 W/System.err( 8359): 	at libcore.io.IoBridge.open(IoBridge.java:561)
06-17 19:39:16.037 W/System.err( 8359): 	... 69 more
06-17 19:39:16.040 W/System.err( 8359): java.io.FileNotFoundException: sys/class/sunxi_info/sys_info: open failed: ENOENT (No such file or directory)
06-17 19:39:16.040 W/System.err( 8359): 	at libcore.io.IoBridge.open(IoBridge.java:575)
06-17 19:39:16.040 W/System.err( 8359): 	at java.io.FileInputStream.<init>(FileInputStream.java:160)
06-17 19:39:16.040 W/System.err( 8359): 	at java.io.FileInputStream.<init>(FileInputStream.java:115)
06-17 19:39:16.040 W/System.err( 8359): 	at ip.b.b(SourceFile:5)
06-17 19:39:16.040 W/System.err( 8359): 	at ip.b.a(SourceFile:155)
06-17 19:39:16.040 W/System.err( 8359): 	at ip.a.invoke(SourceFile:340)
06-17 19:39:16.040 W/System.err( 8359): 	at dh.v.getValue(SourceFile:21)
06-17 19:39:16.040 W/System.err( 8359): 	at tech.gtt.frontapp.servicesdk.common.network.interceptor.params.ApiDeviceParams.handleFixedParams(SourceFile:120)
06-17 19:39:16.040 W/System.err( 8359): 	at tech.gtt.frontapp.servicesdk.common.service.utility.apis.IParamsGetter.toMaps(SourceFile:87)
06-17 19:39:16.040 W/System.err( 8359): 	at tech.gtt.frontapp.servicesdk.common.network.interceptor.DefaultParamsInterceptor.onRequest(SourceFile:127)
06-17 19:39:16.040 W/System.err( 8359): 	at tech.gtt.frontapp.servicesdk.common.network.interceptor.SDKInterceptorsPluginKt$setupRequestInterception$1.invokeSuspend(SourceFile:103)
06-17 19:39:16.040 W/System.err( 8359): 	at tech.gtt.frontapp.servicesdk.common.network.interceptor.SDKInterceptorsPluginKt$setupRequestInterception$1.invoke(SourceFile:1)
06-17 19:39:16.040 W/System.err( 8359): 	at tech.gtt.frontapp.servicesdk.common.network.interceptor.SDKInterceptorsPluginKt$setupRequestInterception$1.invoke(SourceFile:2)
06-17 19:39:16.040 W/System.err( 8359): 	at io.ktor.util.pipeline.DebugPipelineContext.proceedLoop(SourceFile:86)
