--------- beginning of main
06-24 10:19:45.751 D/ProcessState( 8850): Binder ioctl to enable oneway spam detection failed: Invalid argument
--------- beginning of system
06-24 10:19:45.755 I/ActivityManager( 1928): Force stopping tech.gtt.frontapp.stb.demo appid=10058 user=0: clear data
06-24 10:19:45.771 I/ActivityManager( 1928): Force stopping tech.gtt.frontapp.stb.demo appid=10058 user=-1: clearApplicationUserData
06-24 10:19:45.812 I/MediaProvider( 2563): Begin Intent { act=android.intent.action.PACKAGE_DATA_CLEARED dat=package:tech.gtt.frontapp.stb.demo flg=0x1000010 cmp=com.android.providers.media.module/com.android.providers.media.MediaService (has extras) }
06-24 10:19:45.814 D/MediaProvider( 2563): Deleted 0 Android/media items belonging to tech.gtt.frontapp.stb.demo on /data/user/0/com.android.providers.media.module/databases/external.db
06-24 10:19:45.815 I/MediaProvider( 2563): End Intent { act=android.intent.action.PACKAGE_DATA_CLEARED dat=package:tech.gtt.frontapp.stb.demo flg=0x1000010 cmp=com.android.providers.media.module/com.android.providers.media.MediaService (has extras) }
06-24 10:19:45.883 D/AndroidRuntime( 8864): >>>>>> START com.android.internal.os.RuntimeInit uid 0 <<<<<<
06-24 10:19:45.886 I/AndroidRuntime( 8864): Using default boot image
06-24 10:19:45.886 I/AndroidRuntime( 8864): Leaving lock profiling enabled
06-24 10:19:45.889 W/app_process( 8864): ART APEX data files are untrusted.
06-24 10:19:45.890 I/app_process( 8864): Core platform API reporting enabled, enforcing=false
06-24 10:19:45.969 D/app_process( 8864): Time zone APEX ICU file found: /apex/com.android.tzdata/etc/icu/icu_tzdata.dat
06-24 10:19:45.969 D/app_process( 8864): I18n APEX ICU file found: /apex/com.android.i18n/etc/icu/icudt68l.dat
06-24 10:19:45.976 W/app_process( 8864): Unexpected CPU variant for X86 using defaults: x86_64
06-24 10:19:46.001 D/ProcessState( 8864): Binder ioctl to enable oneway spam detection failed: Invalid argument
06-24 10:19:46.002 D/AndroidRuntime( 8864): Calling main entry com.android.commands.monkey.Monkey
06-24 10:19:46.003 W/Monkey  ( 8864): args: [-p, tech.gtt.frontapp.stb.demo, -c, android.intent.category.LAUNCHER, 1]
06-24 10:19:46.003 W/Monkey  ( 8864):  arg: "-p"
06-24 10:19:46.003 W/Monkey  ( 8864):  arg: "tech.gtt.frontapp.stb.demo"
06-24 10:19:46.003 W/Monkey  ( 8864):  arg: "-c"
06-24 10:19:46.004 W/Monkey  ( 8864):  arg: "android.intent.category.LAUNCHER"
06-24 10:19:46.004 W/Monkey  ( 8864):  arg: "1"
06-24 10:19:46.004 W/Monkey  ( 8864): data="tech.gtt.frontapp.stb.demo"
06-24 10:19:46.004 W/Monkey  ( 8864): data="android.intent.category.LAUNCHER"
06-24 10:19:46.124 W/BroadcastQueue( 1928): Skipping deliver [background] BroadcastRecord{c79162e u-1 android.net.conn.CONNECTIVITY_CHANGE} to ReceiverList{9e4a5cf 8864 (unknown name)/0/u-1 remote:c262c30}: process gone or crashing
06-24 10:19:46.154 I/ActivityTaskManager( 1928): START u0 {act=android.intent.action.MAIN cat=[android.intent.category.LAUNCHER] flg=0x10200000 cmp=tech.gtt.frontapp.stb.demo/tech.gtt.frontapp.stb.m.home.activity.SplashActivity} from uid 0
06-24 10:19:46.159 W/ActivityTaskManager( 1928): Can't find TaskDisplayArea to determine support for multi window. Task id=44 attached=false
06-24 10:19:46.183 I/Monkey  ( 8864): Events injected: 1
06-24 10:19:46.189 D/CompatibilityChangeReporter( 1928): Compat change id reported: 135634846; UID 10058; state: DISABLED
06-24 10:19:46.190 D/CompatibilityChangeReporter( 1928): Compat change id reported: 143937733; UID 10058; state: ENABLED
06-24 10:19:46.222 I/Monkey  ( 8864): ## Network stats: elapsed time=59ms (0ms mobile, 0ms wifi, 59ms not connected)
06-24 10:19:46.238 D/Zygote  ( 1753): Forked child process 8878
06-24 10:19:46.238 I/app_process( 8864): System.exit called, status: 0
06-24 10:19:46.238 I/AndroidRuntime( 8864): VM exiting with result code 0.
06-24 10:19:46.239 W/ActivityManager( 1928): Slow operation: 52ms so far, now at startProcess: returned from zygote!
06-24 10:19:46.240 W/ActivityManager( 1928): Slow operation: 53ms so far, now at startProcess: done updating battery stats
06-24 10:19:46.240 W/ActivityManager( 1928): Slow operation: 53ms so far, now at startProcess: building log message
06-24 10:19:46.240 I/ActivityManager( 1928): Start proc 8878:tech.gtt.frontapp.stb.demo/u0a58 for pre-top-activity {tech.gtt.frontapp.stb.demo/tech.gtt.frontapp.stb.m.home.activity.SplashActivity}
06-24 10:19:46.240 W/ActivityManager( 1928): Slow operation: 53ms so far, now at startProcess: starting to update pids map
06-24 10:19:46.240 W/ActivityManager( 1928): Slow operation: 53ms so far, now at startProcess: done updating pids map
06-24 10:19:46.246 I/Zygote  ( 8878): seccomp disabled by setenforce 0
06-24 10:19:46.252 D/gralloc_nox( 1764): gralloc_alloc: Creating ashmem region of size 8298496
06-24 10:19:46.255 W/ontapp.stb.dem( 8878): Unexpected CPU variant for X86 using defaults: x86_64
06-24 10:19:46.312 D/ProcessState( 8878): Binder ioctl to enable oneway spam detection failed: Invalid argument
06-24 10:19:46.318 D/gralloc_nox( 1764): gralloc_alloc: Creating ashmem region of size 8298496
06-24 10:19:46.359 E/ashmem  ( 8878): memfd: ro.vndk.version not defined or invalid (), this is mandated since P.
06-24 10:19:46.372 D/gralloc_nox( 1764): gralloc_alloc: Creating ashmem region of size 8298496
06-24 10:19:46.391 W/ActivityManager( 1928): Slow operation: 65ms so far, now at attachApplicationLocked: after mServices.attachApplicationLocked
06-24 10:19:46.415 D/CompatibilityChangeReporter( 8878): Compat change id reported: 171979766; UID 10058; state: ENABLED
06-24 10:19:46.485 V/GraphicsEnvironment( 8878): ANGLE Developer option for 'tech.gtt.frontapp.stb.demo' set to: 'default'
06-24 10:19:46.486 V/GraphicsEnvironment( 8878): ANGLE GameManagerService for tech.gtt.frontapp.stb.demo: false
06-24 10:19:46.487 V/GraphicsEnvironment( 8878): Neither updatable production driver nor prerelease driver is supported.
06-24 10:19:46.496 D/NetworkSecurityConfig( 8878): Using Network Security Config from resource network_security_config debugBuild: false
06-24 10:19:46.502 D/NetworkSecurityConfig( 8878): Using Network Security Config from resource network_security_config debugBuild: false
06-24 10:19:46.518 I/MultiDex( 8878): VM with version 2.1.0 has multidex support
06-24 10:19:46.519 I/MultiDex( 8878): Installing application
06-24 10:19:46.519 I/MultiDex( 8878): VM has multidex support, MultiDex support library is disabled.
06-24 10:19:46.520 E/[Package]( 8878): params: AppConfiguration(vnoId='11026504', brandId='d0k7d3p3kdikth2o3q6g', appId='d0jucrbq6bt4h33c0ma0', sourceId='30006401-31002837', authServers='https://gtt-app-apigateway-lion.vdemosit.com', shareKey='S2kQMgUSugYyMlk5QclHDaF0uDsFnB0oJoFeAFgsKb8=', packageName='tech.gtt.frontapp.stb.demo', appName='Goose TV', appVersionName='v1.0.0', appVersionCode='7', pluginVersionCode='1', pluginVersionName='6.0.0-beta-build5', packageSeq='1', buglyAppId='d76a04165f', buglyKey='13b89b2d-1c12-4c4f-93b8-46e3c2ef9f73', baseVersionCode='20000066', gitTag='2.1.4-beta6', supportLang='en,pt,es', defaultLang='en', bootLoadType='1')
06-24 10:19:46.520 W/System.err( 8878): java.lang.ClassNotFoundException: tech.gtt.frontapp.stb.docker.plugin.PluginUtils
06-24 10:19:46.521 W/System.err( 8878): 	at java.lang.Class.classForName(Native Method)
06-24 10:19:46.521 W/System.err( 8878): 	at java.lang.Class.forName(Class.java:454)
06-24 10:19:46.521 W/System.err( 8878): 	at java.lang.Class.forName(Class.java:379)
06-24 10:19:46.521 W/System.err( 8878): 	at ot.e.b(SourceFile:3)
06-24 10:19:46.521 W/System.err( 8878): 	at tech.gtt.frontapp.stb.app.MainApplication.attachBaseContext(SourceFile:130)
06-24 10:19:46.521 W/System.err( 8878): 	at android.app.Application.attach(Application.java:338)
06-24 10:19:46.521 W/System.err( 8878): 	at android.app.Instrumentation.newApplication(Instrumentation.java:1190)
06-24 10:19:46.521 W/System.err( 8878): 	at android.app.LoadedApk.makeApplication(LoadedApk.java:1361)
06-24 10:19:46.521 W/System.err( 8878): 	at android.app.ActivityThread.handleBindApplication(ActivityThread.java:6728)
06-24 10:19:46.521 W/System.err( 8878): 	at android.app.ActivityThread.access$1500(ActivityThread.java:256)
06-24 10:19:46.521 W/System.err( 8878): 	at android.app.ActivityThread$H.handleMessage(ActivityThread.java:2091)
06-24 10:19:46.521 W/System.err( 8878): 	at android.os.Handler.dispatchMessage(Handler.java:106)
06-24 10:19:46.521 W/System.err( 8878): 	at android.os.Looper.loopOnce(Looper.java:201)
06-24 10:19:46.521 W/System.err( 8878): 	at android.os.Looper.loop(Looper.java:288)
06-24 10:19:46.521 W/System.err( 8878): 	at android.app.ActivityThread.main(ActivityThread.java:7875)
06-24 10:19:46.521 W/System.err( 8878): 	at java.lang.reflect.Method.invoke(Native Method)
06-24 10:19:46.521 W/System.err( 8878): 	at com.android.internal.os.RuntimeInit$MethodAndArgsCaller.run(RuntimeInit.java:568)
06-24 10:19:46.521 W/System.err( 8878): 	at com.android.internal.os.ZygoteInit.main(ZygoteInit.java:1005)
06-24 10:19:46.521 W/System.err( 8878): Caused by: java.lang.ClassNotFoundException: tech.gtt.frontapp.stb.docker.plugin.PluginUtils
06-24 10:19:46.522 W/System.err( 8878): 	... 18 more
06-24 10:19:46.522 E/[Package]( 8878): isInPluginMode: false
06-24 10:19:46.534 I/CustomActivityOnCrash( 8878): CustomActivityOnCrash has been installed.
06-24 10:19:46.539 I/System.out( 8878): Modular_Init : a - initialize
06-24 10:19:46.545 I/System.out( 8878): Modular_Init : a - initialize
06-24 10:19:46.545 D/[LiveInitialize]( 8878): init---
06-24 10:19:46.546 I/System.out( 8878): Modular_Init : d - initialize
06-24 10:19:46.547 I/System.out( 8878): Modular_Init : a - initialize
06-24 10:19:46.547 D/[ReplayInitialize]( 8878): init---
06-24 10:19:46.550 I/System.out( 8878): Modular_Init : a - initialize
06-24 10:19:46.550 D/[CatchupInitModule]( 8878): init---
06-24 10:19:46.551 I/System.out( 8878): Modular_Init : a - initialize
06-24 10:19:46.551 I/System.out( 8878): Modular_Init : b - initialize
06-24 10:19:46.556 D/AndroidAutoSize( 8878): designWidthInDp = 1920, designHeightInDp = 1080, screenWidth = 1920, screenHeight = 1080
06-24 10:19:46.556 D/AndroidAutoSize( 8878): initDensity = 2.0, initScaledDensity = 2.0
06-24 10:19:46.667 D/AndroidAutoSize( 8878): tech.gtt.frontapp.stb.m.home.activity.SplashActivity used the global configuration.
06-24 10:19:46.682 D/AndroidAutoSize( 8878): The tech.gtt.frontapp.stb.m.home.activity.SplashActivity has been adapted! 
06-24 10:19:46.682 D/AndroidAutoSize( 8878): SplashActivity Info: isBaseOnWidth = true, designWidthInDp = 1920.000000, designWidthInSubunits = 1920.000000, targetDensity = 1.000000, targetScaledDensity = 1.000000, targetDensityDpi = 160, targetXdpi = 1.000000, targetScreenWidthDp = 1920, targetScreenHeightDp = 1032
06-24 10:19:46.740 D/AndroidAutoSize( 8878): tech.gtt.frontapp.stb.m.home.activity.SplashActivity used the global configuration.
06-24 10:19:46.741 D/AndroidAutoSize( 8878): The tech.gtt.frontapp.stb.m.home.activity.SplashActivity has been adapted! 
06-24 10:19:46.741 D/AndroidAutoSize( 8878): SplashActivity Info: isBaseOnWidth = true, designWidthInDp = 1920.000000, designWidthInSubunits = 1920.000000, targetDensity = 1.000000, targetScaledDensity = 1.000000, targetDensityDpi = 160, targetXdpi = 1.000000, targetScreenWidthDp = 1920, targetScreenHeightDp = 1032
06-24 10:19:46.747 I/ActivityTaskManager( 1928): START u0 {act=android.content.pm.action.REQUEST_PERMISSIONS pkg=com.android.permissioncontroller cmp=com.android.permissioncontroller/.permission.ui.GrantPermissionsActivity (has extras)} from uid 10058
06-24 10:19:46.784 D/ontapp.stb.dem( 8878): createUnique: call
06-24 10:19:46.797 D/ontapp.stb.dem( 8878): HostComposition ext GL_OES_EGL_image GL_OES_EGL_image_external GL_OES_depth24 GL_OES_depth32 GL_OES_element_index_uint GL_OES_texture_float GL_OES_texture_float_linear GL_OES_compressed_paletted_texture GL_OES_compressed_ETC1_RGB8_texture GL_OES_depth_texture GL_EXT_texture_format_BGRA8888 GL_APPLE_texture_format_BGRA8888 GL_OES_texture_half_float GL_EXT_robustness GL_OES_texture_half_float_linear GL_OES_packed_depth_stencil GL_OES_vertex_half_float GL_OES_texture_npot GL_OES_rgb8_rgba8 GL_EXT_color_buffer_float GL_EXT_texture_sRGB_decode ANDROID_gles_max_version_3_1 GL_OES_vertex_array_object GL_EXT_texture_buffer GL_EXT_copy_image GL_KHR_texture_compression_astc_ldr GL_KHR_texture_compression_astc_hdr GL_OES_texture_compression_astc GL_OES_EGL_image_external
06-24 10:19:46.797 D/hw-ProcessState( 8878): Binder ioctl to enable oneway spam detection failed: Invalid argument
06-24 10:19:46.798 W/OpenGLRenderer( 8878): Failed to initialize 101010-2 format, error = EGL_SUCCESS
06-24 10:19:46.798 D/EGL_emulation( 8878): rcCreateContext wated version 2.0  rc:4
06-24 10:19:46.816 D/EGL_emulation( 8878): eglMakeCurrent: 0x7b4564232030: ver 3 2 (tinfo 0x7b44e4243290) (first time)
06-24 10:19:46.818 E/HWComposer( 1776): getSupportedContentTypes: getSupportedContentTypes failed for display 0: Unsupported (8)
06-24 10:19:46.819 I/hwservicemanager( 1563): getTransport: Cannot find entry android.hardware.graphics.mapper@4.0::IMapper/default in either framework or device VINTF manifest.
06-24 10:19:46.819 I/Gralloc4( 8878): mapper 4.x is not supported
06-24 10:19:46.819 I/hwservicemanager( 1563): getTransport: Cannot find entry android.hardware.graphics.mapper@3.0::IMapper/default in either framework or device VINTF manifest.
06-24 10:19:46.819 W/Gralloc3( 8878): mapper 3.x is not supported
06-24 10:19:46.819 I/hwservicemanager( 1563): getTransport: Cannot find entry android.hardware.graphics.allocator@4.0::IAllocator/default in either framework or device VINTF manifest.
06-24 10:19:46.820 W/Gralloc4( 8878): allocator 4.x is not supported
06-24 10:19:46.820 I/hwservicemanager( 1563): getTransport: Cannot find entry android.hardware.graphics.allocator@3.0::IAllocator/default in either framework or device VINTF manifest.
06-24 10:19:46.820 W/Gralloc3( 8878): allocator 3.x is not supported
06-24 10:19:46.820 D/gralloc_nox( 1764): gralloc_alloc: Creating ashmem region of size 8298496
06-24 10:19:46.826 D/ProcessState( 8913): Binder ioctl to enable oneway spam detection failed: Invalid argument
06-24 10:19:46.864 D/ontapp.stb.dem( 8878): createUnique: call
06-24 10:19:46.865 D/ontapp.stb.dem( 8878): HostComposition ext GL_OES_EGL_image GL_OES_EGL_image_external GL_OES_depth24 GL_OES_depth32 GL_OES_element_index_uint GL_OES_texture_float GL_OES_texture_float_linear GL_OES_compressed_paletted_texture GL_OES_compressed_ETC1_RGB8_texture GL_OES_depth_texture GL_EXT_texture_format_BGRA8888 GL_APPLE_texture_format_BGRA8888 GL_OES_texture_half_float GL_EXT_robustness GL_OES_texture_half_float_linear GL_OES_packed_depth_stencil GL_OES_vertex_half_float GL_OES_texture_npot GL_OES_rgb8_rgba8 GL_EXT_color_buffer_float GL_EXT_texture_sRGB_decode ANDROID_gles_max_version_3_1 GL_OES_vertex_array_object GL_EXT_texture_buffer GL_EXT_copy_image GL_KHR_texture_compression_astc_ldr GL_KHR_texture_compression_astc_hdr GL_OES_texture_compression_astc GL_OES_EGL_image_external
06-24 10:19:46.865 D/gralloc_nox( 1764): gralloc_alloc: Creating ashmem region of size 8298496
06-24 10:19:46.919 D/gralloc_nox( 1764): gralloc_alloc: Creating ashmem region of size 8298496
06-24 10:19:46.989 E/libEGL  ( 8878): called unimplemented OpenGL ES API
06-24 10:19:47.048 W/ActivityTaskManager( 1928): Tried to set launchTime (0) < mLastActivityLaunchTime (320691199)
06-24 10:19:47.154 I/ActivityTaskManager( 1928): Displayed com.android.permissioncontroller/.permission.ui.GrantPermissionsActivity: +998ms
06-24 10:19:47.200 D/ProcessState( 8924): Binder ioctl to enable oneway spam detection failed: Invalid argument
06-24 10:19:47.330 D/gralloc_nox( 1764): gralloc_alloc: Creating ashmem region of size 5496832
06-24 10:19:47.331 W/InputManager-JNI( 1928): Input channel object '3f75148 Splash Screen tech.gtt.frontapp.stb.demo (client)' was disposed without first being removed with the input manager!
06-24 10:19:47.894 I/Choreographer( 6787): Skipped 34 frames!  The application may be doing too much work on its main thread.
06-24 10:19:47.902 D/gralloc_nox( 1764): gralloc_alloc: Creating ashmem region of size 5496832
06-24 10:19:48.516 I/Choreographer( 6787): Skipped 36 frames!  The application may be doing too much work on its main thread.
06-24 10:19:48.524 D/gralloc_nox( 1764): gralloc_alloc: Creating ashmem region of size 5496832
06-24 10:19:49.185 E/TaskPersister( 1928): File error accessing recents directory (directory doesn't exist?).
06-24 10:19:49.315 D/UIAutomatorStub( 8823): URI: /jsonrpc/0, Method: POST, params, {NanoHttpd.QUERY_STRING=null}, files: {postData={"jsonrpc": "2.0", "id": 1, "method": "count", "params": [{"mask": 2097152, "childOrSibling": [], "childOrSiblingSelector": [], "resourceId": "com.android.permissioncontroller:id/permission_allow_button"}]}}
06-24 10:19:49.370 D/UiObject( 8823): Waiting 0ms for UiSelector[RESOURCE_ID=com.android.permissioncontroller:id/permission_allow_button].
06-24 10:19:49.371 W/QueryController( 8823): Could not detect idle state.
06-24 10:19:49.389 I/QueryController( 8823): Matched selector: UiSelector[RESOURCE_ID=com.android.permissioncontroller:id/permission_allow_button] <<==>> [android.view.accessibility.AccessibilityNodeInfo@1f405; boundsInParent: Rect(0, 0 - 992, 112); boundsInScreen: Rect(464, 557 - 1456, 669); packageName: com.android.permissioncontroller; className: android.widget.Button; text: 允许; error: null; maxTextLength: -1; stateDescription: null; contentDescription: null; tooltipText: null; viewIdResName: com.android.permissioncontroller:id/permission_allow_button; checkable: false; checked: false; focusable: true; focused: false; selected: false; clickable: true; longClickable: false; contextClickable: false; enabled: true; password: false; scrollable: false; importantForAccessibility: true; visible: true; actions: [AccessibilityAction: ACTION_FOCUS - null, AccessibilityAction: ACTION_SELECT - null, AccessibilityAction: ACTION_CLEAR_SELECTION - null, AccessibilityAction: ACTION_CLICK - null, AccessibilityAction: ACTION_ACCESSIBILITY_FOCUS - null, AccessibilityAction: ACTION_NEXT_AT_MOVEMENT_GRANULARITY - null, AccessibilityAction: ACTION_PREVIOUS_AT_MOVEMENT_GRANULARITY - null, AccessibilityAction: ACTION_SET_SELECTION - null, AccessibilityAction: ACTION_SHOW_ON_SCREEN - null]]
06-24 10:19:49.390 D/UiObject( 8823): Waiting 0ms for UiSelector[INSTANCE=1, RESOURCE_ID=com.android.permissioncontroller:id/permission_allow_button].
06-24 10:19:49.396 W/QueryController( 8823): Could not detect idle state.
06-24 10:19:49.432 D/UIAutomatorStub( 8823): URI: /jsonrpc/0, Method: POST, params, {NanoHttpd.QUERY_STRING=null}, files: {postData={"jsonrpc": "2.0", "id": 1, "method": "waitForExists", "params": [{"mask": 2097152, "childOrSibling": [], "childOrSiblingSelector": [], "resourceId": "com.android.permissioncontroller:id/permission_allow_button"}, 20000]}}
06-24 10:19:49.436 D/UiDevice( 8823): Waiting 20000ms for SearchCondition[hasObject=BySelector [RES='\Qcom.android.permissioncontroller:id/permission_allow_button\E']].
06-24 10:19:49.436 D/UiDevice( 8823): Searching for node with selector: BySelector [RES='\Qcom.android.permissioncontroller:id/permission_allow_button\E'].
06-24 10:19:49.437 W/QueryController( 8823): Could not detect idle state.
06-24 10:19:49.500 D/UIAutomatorStub( 8823): URI: /jsonrpc/0, Method: POST, params, {NanoHttpd.QUERY_STRING=null}, files: {postData={"jsonrpc": "2.0", "id": 1, "method": "objInfo", "params": [{"mask": 2097152, "childOrSibling": [], "childOrSiblingSelector": [], "resourceId": "com.android.permissioncontroller:id/permission_allow_button"}]}}
06-24 10:19:49.507 D/UiDevice( 8823): Retrieving node with selector: BySelector [RES='\Qcom.android.permissioncontroller:id/permission_allow_button\E'].
06-24 10:19:49.510 W/QueryController( 8823): Could not detect idle state.
06-24 10:19:49.554 W/QueryController( 8823): Could not detect idle state.
06-24 10:19:49.557 W/QueryController( 8823): Could not detect idle state.
06-24 10:19:49.566 W/QueryController( 8823): Could not detect idle state.
06-24 10:19:49.569 W/QueryController( 8823): Could not detect idle state.
06-24 10:19:49.570 W/QueryController( 8823): Could not detect idle state.
06-24 10:19:49.571 W/QueryController( 8823): Could not detect idle state.
06-24 10:19:49.573 W/QueryController( 8823): Could not detect idle state.
06-24 10:19:49.577 W/QueryController( 8823): Could not detect idle state.
06-24 10:19:49.584 W/QueryController( 8823): Could not detect idle state.
06-24 10:19:49.585 W/QueryController( 8823): Could not detect idle state.
06-24 10:19:49.587 W/QueryController( 8823): Could not detect idle state.
06-24 10:19:49.588 W/QueryController( 8823): Could not detect idle state.
06-24 10:19:49.588 W/QueryController( 8823): Could not detect idle state.
06-24 10:19:49.591 W/QueryController( 8823): Could not detect idle state.
06-24 10:19:49.599 W/QueryController( 8823): Could not detect idle state.
06-24 10:19:49.607 W/QueryController( 8823): Could not detect idle state.
06-24 10:19:49.610 W/QueryController( 8823): Could not detect idle state.
06-24 10:19:49.647 D/UIAutomatorStub( 8823): URI: /jsonrpc/0, Method: POST, params, {NanoHttpd.QUERY_STRING=null}, files: {postData={"jsonrpc": "2.0", "id": 1, "method": "click", "params": [960.0, 613.0]}}
06-24 10:19:49.988 V/GrantPermissionsViewModel( 6787): Logged buttons presented and clicked permissionGroupName=android.permission-group.STORAGE uid=10058 selectedLocations=0 package=tech.gtt.frontapp.stb.demo presentedButtons=9 clickedButton=1 sessionId=2225524042919377980 targetSdk=35
06-24 10:19:49.990 I/MediaProvider( 2563): Invalidating LocalCallingIdentity cache for package tech.gtt.frontapp.stb.demo. Reason: op android:read_external_storage
06-24 10:19:49.995 V/GrantPermissionsViewModel( 6787): Permission grant result requestId=2225524042919377980 callingUid=10058 callingPackage=tech.gtt.frontapp.stb.demo permission=android.permission.READ_EXTERNAL_STORAGE isImplicit=false result=4
06-24 10:19:50.009 D/gralloc_nox( 1764): gralloc_alloc: Creating ashmem region of size 8298496
06-24 10:19:50.036 E/android.hardware.audio.service( 1756): pcm_open called create stream faild
06-24 10:19:50.125 W/System  ( 2095): A resource failed to call close. 
06-24 10:19:50.126 W/System  ( 2095): A resource failed to call close. 
06-24 10:19:50.126 W/System  ( 2095): A resource failed to call release. 
06-24 10:19:50.254 D/CompatibilityChangeReporter( 8878): Compat change id reported: 78294732; UID 10058; state: ENABLED
06-24 10:19:50.257 I/b       ( 8878): freeSpace : 116669MB
06-24 10:19:50.363 D/ProcessState( 8938): Binder ioctl to enable oneway spam detection failed: Invalid argument
06-24 10:19:50.465 D/ConnectivityService( 1928): NetReassign [no changes]
06-24 10:19:50.497 V/GSK     ( 8878): StorageServiceImpl initialization() executed in 1 ms.
06-24 10:19:50.497 V/GSK     ( 8878): SecurityServiceImpl initialization() executed in 0 ms.
06-24 10:19:50.636 W/InputManager-JNI( 1928): Input channel object '4dd07ec com.android.permissioncontroller/com.android.permissioncontroller.permission.ui.GrantPermissionsActivity (client)' was disposed without first being removed with the input manager!
06-24 10:19:50.636 W/System.err( 8878): SLF4J(W): No SLF4J providers were found.
06-24 10:19:50.637 W/System.err( 8878): SLF4J(W): Defaulting to no-operation (NOP) logger implementation
06-24 10:19:50.637 W/System.err( 8878): SLF4J(W): See https://www.slf4j.org/codes.html#noProviders for further details.
06-24 10:19:50.638 W/SurfaceFlinger( 1776): couldn't log to binary event log: overflow.
06-24 10:19:50.701 W/System.err( 8878): kotlinx.serialization.json.internal.JsonDecodingException: Expected start of the object '{', but had 'EOF' instead at path: $
06-24 10:19:50.701 W/System.err( 8878): JSON input: 
06-24 10:19:50.701 W/System.err( 8878): 	at kotlinx.serialization.json.internal.JsonExceptionsKt.JsonDecodingException(SourceFile:1)
06-24 10:19:50.701 W/System.err( 8878): 	at kotlinx.serialization.json.internal.JsonExceptionsKt.JsonDecodingException(SourceFile:2)
06-24 10:19:50.701 W/System.err( 8878): 	at kotlinx.serialization.json.internal.AbstractJsonLexer.fail(SourceFile:52)
06-24 10:19:50.701 W/System.err( 8878): 	at kotlinx.serialization.json.internal.AbstractJsonLexer.fail$default(SourceFile:15)
06-24 10:19:50.701 W/System.err( 8878): 	at kotlinx.serialization.json.internal.AbstractJsonLexer.unexpectedToken(SourceFile:103)
06-24 10:19:50.701 W/System.err( 8878): 	at kotlinx.serialization.json.internal.StringJsonLexer.consumeNextToken(SourceFile:16)
06-24 10:19:50.701 W/System.err( 8878): 	at kotlinx.serialization.json.internal.StreamingJsonDecoder.beginStructure(SourceFile:23)
06-24 10:19:50.701 W/System.err( 8878): 	at tech.gtt.frontapp.servicesdk.common.service.utility.apis.e2ee.E2eeConfigResponse$$serializer.deserialize(SourceFile:2)
06-24 10:19:50.701 W/System.err( 8878): 	at tech.gtt.frontapp.servicesdk.common.service.utility.apis.e2ee.E2eeConfigResponse$$serializer.deserialize(SourceFile:1)
06-24 10:19:50.701 W/System.err( 8878): 	at kotlinx.serialization.json.internal.StreamingJsonDecoder.decodeSerializableValue(SourceFile:320)
06-24 10:19:50.701 W/System.err( 8878): 	at kotlinx.serialization.json.Json.decodeFromString(SourceFile:3)
06-24 10:19:50.701 W/System.err( 8878): 	at tech.gtt.frontapp.servicesdk.common.service.utility.apis.e2ee.E2eeManager.syncE2eeConfig(SourceFile:74)
06-24 10:19:50.701 W/System.err( 8878): 	at tech.gtt.frontapp.servicesdk.common.service.utility.apis.ApiUtilServiceImpl.onServiceInit(SourceFile:228)
06-24 10:19:50.701 W/System.err( 8878): 	at tech.gtt.frontapp.servicesdk.common.core.ServiceSDKImpl.executeServiceInitialize(SourceFile:372)
06-24 10:19:50.702 W/System.err( 8878): 	at tech.gtt.frontapp.servicesdk.common.core.ServiceSDKImpl.access$executeServiceInitialize(SourceFile:1)
06-24 10:19:50.702 W/System.err( 8878): 	at tech.gtt.frontapp.servicesdk.common.core.ServiceSDKImpl$init$1.invokeSuspend(SourceFile:178)
06-24 10:19:50.702 W/System.err( 8878): 	at tech.gtt.frontapp.servicesdk.common.core.ServiceSDKImpl$init$1.invoke(SourceFile:2)
06-24 10:19:50.702 W/System.err( 8878): 	at tech.gtt.frontapp.servicesdk.common.core.ServiceSDKImpl$init$1.invoke(SourceFile:1)
06-24 10:19:50.702 W/System.err( 8878): 	at kotlinx.coroutines.flow.SafeFlow.collectSafely(SourceFile:3)
06-24 10:19:50.702 W/System.err( 8878): 	at kotlinx.coroutines.flow.AbstractFlow.collect(SourceFile:70)
06-24 10:19:50.702 W/System.err( 8878): 	at tech.gtt.frontapp.servicesdk.common.core.SDKSetup$build$1.invokeSuspend(SourceFile:42)
06-24 10:19:50.702 W/System.err( 8878): 	at tech.gtt.frontapp.servicesdk.common.core.SDKSetup$build$1.invoke(SourceFile:2)
06-24 10:19:50.702 W/System.err( 8878): 	at tech.gtt.frontapp.servicesdk.common.core.SDKSetup$build$1.invoke(SourceFile:1)
06-24 10:19:50.702 W/System.err( 8878): 	at tech.gtt.frontapp.servicesdk.common.core.Scheduler$scheduleDirect$1.invokeSuspend(SourceFile:61)
06-24 10:19:50.702 W/System.err( 8878): 	at lh.a.resumeWith(SourceFile:14)
06-24 10:19:50.702 W/System.err( 8878): 	at kotlinx.coroutines.DispatchedTask.run(SourceFile:123)
06-24 10:19:50.702 W/System.err( 8878): 	at kotlinx.coroutines.internal.LimitedDispatcher$Worker.run(SourceFile:4)
06-24 10:19:50.702 W/System.err( 8878): 	at kotlinx.coroutines.scheduling.TaskImpl.run(SourceFile:3)
06-24 10:19:50.702 W/System.err( 8878): 	at kotlinx.coroutines.scheduling.CoroutineScheduler.runSafely(SourceFile:1)
06-24 10:19:50.702 W/System.err( 8878): 	at kotlinx.coroutines.scheduling.CoroutineScheduler$Worker.executeTask(SourceFile:34)
06-24 10:19:50.702 W/System.err( 8878): 	at kotlinx.coroutines.scheduling.CoroutineScheduler$Worker.runWorker(SourceFile:29)
06-24 10:19:50.702 W/System.err( 8878): 	at kotlinx.coroutines.scheduling.CoroutineScheduler$Worker.run(SourceFile:1)
06-24 10:19:50.716 W/System.err( 8878): java.io.FileNotFoundException: sys/class/sunxi_info/sys_info: open failed: ENOENT (No such file or directory)
06-24 10:19:50.716 W/System.err( 8878): 	at libcore.io.IoBridge.open(IoBridge.java:575)
06-24 10:19:50.716 W/System.err( 8878): 	at java.io.FileInputStream.<init>(FileInputStream.java:160)
06-24 10:19:50.716 W/System.err( 8878): 	at java.io.FileInputStream.<init>(FileInputStream.java:115)
06-24 10:19:50.716 W/System.err( 8878): 	at ip.b.b(SourceFile:5)
06-24 10:19:50.716 W/System.err( 8878): 	at ip.b.a(SourceFile:155)
06-24 10:19:50.716 W/System.err( 8878): 	at ip.a.invoke(SourceFile:589)
06-24 10:19:50.716 W/System.err( 8878): 	at dh.v.getValue(SourceFile:21)
06-24 10:19:50.716 W/System.err( 8878): 	at tech.gtt.frontapp.servicesdk.common.network.interceptor.params.ApiDeviceParams.handleFixedParams(SourceFile:52)
06-24 10:19:50.716 W/System.err( 8878): 	at tech.gtt.frontapp.servicesdk.common.service.utility.apis.IParamsGetter.toMaps(SourceFile:87)
06-24 10:19:50.716 W/System.err( 8878): 	at tech.gtt.frontapp.servicesdk.common.network.interceptor.DefaultParamsInterceptor.onRequest(SourceFile:127)
06-24 10:19:50.716 W/System.err( 8878): 	at tech.gtt.frontapp.servicesdk.common.network.interceptor.SDKInterceptorsPluginKt$setupRequestInterception$1.invokeSuspend(SourceFile:103)
06-24 10:19:50.716 W/System.err( 8878): 	at tech.gtt.frontapp.servicesdk.common.network.interceptor.SDKInterceptorsPluginKt$setupRequestInterception$1.invoke(SourceFile:1)
06-24 10:19:50.716 W/System.err( 8878): 	at tech.gtt.frontapp.servicesdk.common.network.interceptor.SDKInterceptorsPluginKt$setupRequestInterception$1.invoke(SourceFile:2)
06-24 10:19:50.716 W/System.err( 8878): 	at io.ktor.util.pipeline.DebugPipelineContext.proceedLoop(SourceFile:86)
06-24 10:19:50.716 W/System.err( 8878): 	at io.ktor.util.pipeline.DebugPipelineContext.proceed(SourceFile:26)
06-24 10:19:50.716 W/System.err( 8878): 	at io.ktor.client.plugins.RequestError$install$1.invokeSuspend(SourceFile:47)
06-24 10:19:50.716 W/System.err( 8878): 	at io.ktor.client.plugins.RequestError$install$1.invoke(SourceFile:1)
06-24 10:19:50.716 W/System.err( 8878): 	at io.ktor.client.plugins.RequestError$install$1.invoke(SourceFile:2)
06-24 10:19:50.716 W/System.err( 8878): 	at io.ktor.util.pipeline.DebugPipelineContext.proceedLoop(SourceFile:86)
06-24 10:19:50.716 W/System.err( 8878): 	at io.ktor.util.pipeline.DebugPipelineContext.proceed(SourceFile:26)
06-24 10:19:50.716 W/System.err( 8878): 	at io.ktor.client.plugins.SetupRequestContext$install$1.invokeSuspend$proceed(SourceFile:1)
06-24 10:19:50.716 W/System.err( 8878): 	at io.ktor.client.plugins.SetupRequestContext$install$1.access$invokeSuspend$proceed(SourceFile:1)
06-24 10:19:50.716 W/System.err( 8878): 	at io.ktor.client.plugins.SetupRequestContext$install$1$1.invoke(SourceFile:2)
06-24 10:19:50.716 W/System.err( 8878): 	at io.ktor.client.plugins.SetupRequestContext$install$1$1.invoke(SourceFile:1)
06-24 10:19:50.716 W/System.err( 8878): 	at io.ktor.client.plugins.HttpRequestLifecycleKt$HttpRequestLifecycle$1$1.invokeSuspend(SourceFile:78)
06-24 10:19:50.716 W/System.err( 8878): 	at io.ktor.client.plugins.HttpRequestLifecycleKt$HttpRequestLifecycle$1$1.invoke(SourceFile:1)
06-24 10:19:50.716 W/System.err( 8878): 	at io.ktor.client.plugins.HttpRequestLifecycleKt$HttpRequestLifecycle$1$1.invoke(SourceFile:2)
06-24 10:19:50.716 W/System.err( 8878): 	at io.ktor.client.plugins.SetupRequestContext$install$1.invokeSuspend(SourceFile:42)
06-24 10:19:50.716 W/System.err( 8878): 	at io.ktor.client.plugins.SetupRequestContext$install$1.invoke(SourceFile:1)
06-24 10:19:50.716 W/System.err( 8878): 	at io.ktor.client.plugins.SetupRequestContext$install$1.invoke(SourceFile:2)
06-24 10:19:50.716 W/System.err( 8878): 	at io.ktor.util.pipeline.DebugPipelineContext.proceedLoop(SourceFile:86)
06-24 10:19:50.716 W/System.err( 8878): 	at io.ktor.util.pipeline.DebugPipelineContext.proceed(SourceFile:26)
06-24 10:19:50.716 W/System.err( 8878): 	at io.ktor.util.pipeline.DebugPipelineContext.execute$ktor_utils(SourceFile:7)
06-24 10:19:50.716 W/System.err( 8878): 	at io.ktor.util.pipeline.Pipeline.execute(SourceFile:9)
06-24 10:19:50.716 W/System.err( 8878): 	at io.ktor.client.HttpClient.execute$ktor_client_core(SourceFile:68)
06-24 10:19:50.716 W/System.err( 8878): 	at io.ktor.client.statement.HttpStatement.fetchResponse(SourceFile:90)
06-24 10:19:50.716 W/System.err( 8878): 	at io.ktor.client.statement.HttpStatement.execute(SourceFile:9)
06-24 10:19:50.716 W/System.err( 8878): 	at de.jensklingenberg.ktorfit.internal.KtorfitConverterHelper.suspendRequest(SourceFile:127)
06-24 10:19:50.716 W/System.err( 8878): 	at de.jensklingenberg.ktorfit.internal.KtorfitConverterHelper$request$1$1.invokeSuspend(SourceFile:58)
06-24 10:19:50.716 W/System.err( 8878): 	at de.jensklingenberg.ktorfit.internal.KtorfitConverterHelper$request$1$1.invoke(SourceFile:2)
06-24 10:19:50.716 W/System.err( 8878): 	at de.jensklingenberg.ktorfit.internal.KtorfitConverterHelper$request$1$1.invoke(SourceFile:1)
06-24 10:19:50.716 W/System.err( 8878): 	at de.jensklingenberg.ktorfit.converter.FlowConverterFactory$responseConverter$1$convert$1.invokeSuspend(SourceFile:84)
06-24 10:19:50.716 W/System.err( 8878): 	at de.jensklingenberg.ktorfit.converter.FlowConverterFactory$responseConverter$1$convert$1.invoke(SourceFile:2)
06-24 10:19:50.716 W/System.err( 8878): 	at de.jensklingenberg.ktorfit.converter.FlowConverterFactory$responseConverter$1$convert$1.invoke(SourceFile:1)
06-24 10:19:50.716 W/System.err( 8878): 	at kotlinx.coroutines.flow.SafeFlow.collectSafely(SourceFile:3)
06-24 10:19:50.716 W/System.err( 8878): 	at kotlinx.coroutines.flow.AbstractFlow.collect(SourceFile:70)
06-24 10:19:50.716 W/System.err( 8878): 	at kotlinx.coroutines.flow.FlowKt__MergeKt$flatMapConcat$$inlined$map$1.collect(SourceFile:10)
06-24 10:19:50.717 W/System.err( 8878): 	at kotlinx.coroutines.flow.FlowKt__MergeKt$flattenConcat$$inlined$unsafeFlow$1.collect(SourceFile:8)
06-24 10:19:50.717 W/System.err( 8878): 	at kotlinx.coroutines.flow.FlowKt__CollectKt.collect(SourceFile:1)
06-24 10:19:50.717 W/System.err( 8878): 	at kotlinx.coroutines.flow.FlowKt.collect(SourceFile:1)
06-24 10:19:50.717 W/System.err( 8878): 	at tech.gtt.frontapp.servicesdk.common.service.utility.apis.ApiUtilServiceImpl.onServiceInit(SourceFile:240)
06-24 10:19:50.717 W/System.err( 8878): 	at tech.gtt.frontapp.servicesdk.common.core.ServiceSDKImpl.executeServiceInitialize(SourceFile:372)
06-24 10:19:50.717 W/System.err( 8878): 	at tech.gtt.frontapp.servicesdk.common.core.ServiceSDKImpl.access$executeServiceInitialize(SourceFile:1)
06-24 10:19:50.717 W/System.err( 8878): 	at tech.gtt.frontapp.servicesdk.common.core.ServiceSDKImpl$init$1.invokeSuspend(SourceFile:178)
06-24 10:19:50.717 W/System.err( 8878): 	at tech.gtt.frontapp.servicesdk.common.core.ServiceSDKImpl$init$1.invoke(SourceFile:2)
06-24 10:19:50.717 W/System.err( 8878): 	at tech.gtt.frontapp.servicesdk.common.core.ServiceSDKImpl$init$1.invoke(SourceFile:1)
06-24 10:19:50.717 W/System.err( 8878): 	at kotlinx.coroutines.flow.SafeFlow.collectSafely(SourceFile:3)
06-24 10:19:50.717 W/System.err( 8878): 	at kotlinx.coroutines.flow.AbstractFlow.collect(SourceFile:70)
06-24 10:19:50.717 W/System.err( 8878): 	at tech.gtt.frontapp.servicesdk.common.core.SDKSetup$build$1.invokeSuspend(SourceFile:42)
06-24 10:19:50.717 W/System.err( 8878): 	at tech.gtt.frontapp.servicesdk.common.core.SDKSetup$build$1.invoke(SourceFile:2)
06-24 10:19:50.717 W/System.err( 8878): 	at tech.gtt.frontapp.servicesdk.common.core.SDKSetup$build$1.invoke(SourceFile:1)
06-24 10:19:50.717 W/System.err( 8878): 	at tech.gtt.frontapp.servicesdk.common.core.Scheduler$scheduleDirect$1.invokeSuspend(SourceFile:61)
06-24 10:19:50.717 W/System.err( 8878): 	at lh.a.resumeWith(SourceFile:14)
06-24 10:19:50.717 W/System.err( 8878): 	at kotlinx.coroutines.DispatchedTask.run(SourceFile:123)
06-24 10:19:50.717 W/System.err( 8878): 	at kotlinx.coroutines.internal.LimitedDispatcher$Worker.run(SourceFile:4)
06-24 10:19:50.717 W/System.err( 8878): 	at kotlinx.coroutines.scheduling.TaskImpl.run(SourceFile:3)
06-24 10:19:50.717 W/System.err( 8878): 	at kotlinx.coroutines.scheduling.CoroutineScheduler.runSafely(SourceFile:1)
06-24 10:19:50.717 W/System.err( 8878): 	at kotlinx.coroutines.scheduling.CoroutineScheduler$Worker.executeTask(SourceFile:34)
06-24 10:19:50.717 W/System.err( 8878): 	at kotlinx.coroutines.scheduling.CoroutineScheduler$Worker.runWorker(SourceFile:29)
06-24 10:19:50.717 W/System.err( 8878): 	at kotlinx.coroutines.scheduling.CoroutineScheduler$Worker.run(SourceFile:1)
06-24 10:19:50.717 W/System.err( 8878): Caused by: android.system.ErrnoException: open failed: ENOENT (No such file or directory)
06-24 10:19:50.717 W/System.err( 8878): 	at libcore.io.Linux.open(Native Method)
06-24 10:19:50.717 W/System.err( 8878): 	at libcore.io.ForwardingOs.open(ForwardingOs.java:567)
06-24 10:19:50.717 W/System.err( 8878): 	at libcore.io.BlockGuardOs.open(BlockGuardOs.java:273)
06-24 10:19:50.717 W/System.err( 8878): 	at libcore.io.ForwardingOs.open(ForwardingOs.java:567)
06-24 10:19:50.717 W/System.err( 8878): 	at android.app.ActivityThread$AndroidOs.open(ActivityThread.java:7761)
06-24 10:19:50.717 W/System.err( 8878): 	at libcore.io.IoBridge.open(IoBridge.java:561)
06-24 10:19:50.717 W/System.err( 8878): 	... 69 more
06-24 10:19:50.718 W/System.err( 8878): java.io.FileNotFoundException: sys/class/sunxi_info/sys_info: open failed: ENOENT (No such file or directory)
06-24 10:19:50.718 W/System.err( 8878): 	at libcore.io.IoBridge.open(IoBridge.java:575)
06-24 10:19:50.718 W/System.err( 8878): 	at java.io.FileInputStream.<init>(FileInputStream.java:160)
06-24 10:19:50.718 W/System.err( 8878): 	at java.io.FileInputStream.<init>(FileInputStream.java:115)
06-24 10:19:50.718 W/System.err( 8878): 	at ip.b.b(SourceFile:5)
06-24 10:19:50.718 W/System.err( 8878): 	at ip.b.a(SourceFile:155)
06-24 10:19:50.718 W/System.err( 8878): 	at ip.a.invoke(SourceFile:127)
06-24 10:19:50.718 W/System.err( 8878): 	at dh.v.getValue(SourceFile:21)
06-24 10:19:50.718 W/System.err( 8878): 	at tech.gtt.frontapp.servicesdk.common.network.interceptor.params.ApiDeviceParams.handleFixedParams(SourceFile:65)
06-24 10:19:50.718 W/System.err( 8878): 	at tech.gtt.frontapp.servicesdk.common.service.utility.apis.IParamsGetter.toMaps(SourceFile:87)
06-24 10:19:50.718 W/System.err( 8878): 	at tech.gtt.frontapp.servicesdk.common.network.interceptor.DefaultParamsInterceptor.onRequest(SourceFile:127)
06-24 10:19:50.718 W/System.err( 8878): 	at tech.gtt.frontapp.servicesdk.common.network.interceptor.SDKInterceptorsPluginKt$setupRequestInterception$1.invokeSuspend(SourceFile:103)
06-24 10:19:50.718 W/System.err( 8878): 	at tech.gtt.frontapp.servicesdk.common.network.interceptor.SDKInterceptorsPluginKt$setupRequestInterception$1.invoke(SourceFile:1)
06-24 10:19:50.718 W/System.err( 8878): 	at tech.gtt.frontapp.servicesdk.common.network.interceptor.SDKInterceptorsPluginKt$setupRequestInterception$1.invoke(SourceFile:2)
06-24 10:19:50.718 W/System.err( 8878): 	at io.ktor.util.pipeline.DebugPipelineContext.proceedLoop(SourceFile:86)
06-24 10:19:50.718 W/System.err( 8878): 	at io.ktor.util.pipeline.DebugPipelineContext.proceed(SourceFile:26)
06-24 10:19:50.718 W/System.err( 8878): 	at io.ktor.client.plugins.RequestError$install$1.invokeSuspend(SourceFile:47)
06-24 10:19:50.718 W/System.err( 8878): 	at io.ktor.client.plugins.RequestError$install$1.invoke(SourceFile:1)
06-24 10:19:50.718 W/System.err( 8878): 	at io.ktor.client.plugins.RequestError$install$1.invoke(SourceFile:2)
06-24 10:19:50.718 W/System.err( 8878): 	at io.ktor.util.pipeline.DebugPipelineContext.proceedLoop(SourceFile:86)
06-24 10:19:50.718 W/System.err( 8878): 	at io.ktor.util.pipeline.DebugPipelineContext.proceed(SourceFile:26)
06-24 10:19:50.718 W/System.err( 8878): 	at io.ktor.client.plugins.SetupRequestContext$install$1.invokeSuspend$proceed(SourceFile:1)
06-24 10:19:50.718 W/System.err( 8878): 	at io.ktor.client.plugins.SetupRequestContext$install$1.access$invokeSuspend$proceed(SourceFile:1)
06-24 10:19:50.718 W/System.err( 8878): 	at io.ktor.client.plugins.SetupRequestContext$install$1$1.invoke(SourceFile:2)
06-24 10:19:50.718 W/System.err( 8878): 	at io.ktor.client.plugins.SetupRequestContext$install$1$1.invoke(SourceFile:1)
06-24 10:19:50.718 W/System.err( 8878): 	at io.ktor.client.plugins.HttpRequestLifecycleKt$HttpRequestLifecycle$1$1.invokeSuspend(SourceFile:78)
06-24 10:19:50.718 W/System.err( 8878): 	at io.ktor.client.plugins.HttpRequestLifecycleKt$HttpRequestLifecycle$1$1.invoke(SourceFile:1)
06-24 10:19:50.718 W/System.err( 8878): 	at io.ktor.client.plugins.HttpRequestLifecycleKt$HttpRequestLifecycle$1$1.invoke(SourceFile:2)
06-24 10:19:50.718 W/System.err( 8878): 	at io.ktor.client.plugins.SetupRequestContext$install$1.invokeSuspend(SourceFile:42)
06-24 10:19:50.718 W/System.err( 8878): 	at io.ktor.client.plugins.SetupRequestContext$install$1.invoke(SourceFile:1)
06-24 10:19:50.718 W/System.err( 8878): 	at io.ktor.client.plugins.SetupRequestContext$install$1.invoke(SourceFile:2)
06-24 10:19:50.718 W/System.err( 8878): 	at io.ktor.util.pipeline.DebugPipelineContext.proceedLoop(SourceFile:86)
06-24 10:19:50.718 W/System.err( 8878): 	at io.ktor.util.pipeline.DebugPipelineContext.proceed(SourceFile:26)
06-24 10:19:50.718 W/System.err( 8878): 	at io.ktor.util.pipeline.DebugPipelineContext.execute$ktor_utils(SourceFile:7)
06-24 10:19:50.718 W/System.err( 8878): 	at io.ktor.util.pipeline.Pipeline.execute(SourceFile:9)
06-24 10:19:50.718 W/System.err( 8878): 	at io.ktor.client.HttpClient.execute$ktor_client_core(SourceFile:68)
06-24 10:19:50.718 W/System.err( 8878): 	at io.ktor.client.statement.HttpStatement.fetchResponse(SourceFile:90)
06-24 10:19:50.718 W/System.err( 8878): 	at io.ktor.client.statement.HttpStatement.execute(SourceFile:9)
06-24 10:19:50.718 W/System.err( 8878): 	at de.jensklingenberg.ktorfit.internal.KtorfitConverterHelper.suspendRequest(SourceFile:127)
06-24 10:19:50.718 W/System.err( 8878): 	at de.jensklingenberg.ktorfit.internal.KtorfitConverterHelper$request$1$1.invokeSuspend(SourceFile:58)
06-24 10:19:50.718 W/System.err( 8878): 	at de.jensklingenberg.ktorfit.internal.KtorfitConverterHelper$request$1$1.invoke(SourceFile:2)
06-24 10:19:50.718 W/System.err( 8878): 	at de.jensklingenberg.ktorfit.internal.KtorfitConverterHelper$request$1$1.invoke(SourceFile:1)
06-24 10:19:50.718 W/System.err( 8878): 	at de.jensklingenberg.ktorfit.converter.FlowConverterFactory$responseConverter$1$convert$1.invokeSuspend(SourceFile:84)
06-24 10:19:50.718 W/System.err( 8878): 	at de.jensklingenberg.ktorfit.converter.FlowConverterFactory$responseConverter$1$convert$1.invoke(SourceFile:2)
06-24 10:19:50.718 W/System.err( 8878): 	at de.jensklingenberg.ktorfit.converter.FlowConverterFactory$responseConverter$1$convert$1.invoke(SourceFile:1)
06-24 10:19:50.718 W/System.err( 8878): 	at kotlinx.coroutines.flow.SafeFlow.collectSafely(SourceFile:3)
06-24 10:19:50.718 W/System.err( 8878): 	at kotlinx.coroutines.flow.AbstractFlow.collect(SourceFile:70)
06-24 10:19:50.718 W/System.err( 8878): 	at kotlinx.coroutines.flow.FlowKt__MergeKt$flatMapConcat$$inlined$map$1.collect(SourceFile:10)
06-24 10:19:50.718 W/System.err( 8878): 	at kotlinx.coroutines.flow.FlowKt__MergeKt$flattenConcat$$inlined$unsafeFlow$1.collect(SourceFile:8)
06-24 10:19:50.718 W/System.err( 8878): 	at kotlinx.coroutines.flow.FlowKt__CollectKt.collect(SourceFile:1)
06-24 10:19:50.718 W/System.err( 8878): 	at kotlinx.coroutines.flow.FlowKt.collect(SourceFile:1)
06-24 10:19:50.718 W/System.err( 8878): 	at tech.gtt.frontapp.servicesdk.common.service.utility.apis.ApiUtilServiceImpl.onServiceInit(SourceFile:240)
06-24 10:19:50.718 W/System.err( 8878): 	at tech.gtt.frontapp.servicesdk.common.core.ServiceSDKImpl.executeServiceInitialize(SourceFile:372)
06-24 10:19:50.718 W/System.err( 8878): 	at tech.gtt.frontapp.servicesdk.common.core.ServiceSDKImpl.access$executeServiceInitialize(SourceFile:1)
06-24 10:19:50.718 W/System.err( 8878): 	at tech.gtt.frontapp.servicesdk.common.core.ServiceSDKImpl$init$1.invokeSuspend(SourceFile:178)
06-24 10:19:50.718 W/System.err( 8878): 	at tech.gtt.frontapp.servicesdk.common.core.ServiceSDKImpl$init$1.invoke(SourceFile:2)
06-24 10:19:50.718 W/System.err( 8878): 	at tech.gtt.frontapp.servicesdk.common.core.ServiceSDKImpl$init$1.invoke(SourceFile:1)
06-24 10:19:50.718 W/System.err( 8878): 	at kotlinx.coroutines.flow.SafeFlow.collectSafely(SourceFile:3)
06-24 10:19:50.718 W/System.err( 8878): 	at kotlinx.coroutines.flow.AbstractFlow.collect(SourceFile:70)
06-24 10:19:50.718 W/System.err( 8878): 	at tech.gtt.frontapp.servicesdk.common.core.SDKSetup$build$1.invokeSuspend(SourceFile:42)
06-24 10:19:50.718 W/System.err( 8878): 	at tech.gtt.frontapp.servicesdk.common.core.SDKSetup$build$1.invoke(SourceFile:2)
06-24 10:19:50.718 W/System.err( 8878): 	at tech.gtt.frontapp.servicesdk.common.core.SDKSetup$build$1.invoke(SourceFile:1)
06-24 10:19:50.718 W/System.err( 8878): 	at tech.gtt.frontapp.servicesdk.common.core.Scheduler$scheduleDirect$1.invokeSuspend(SourceFile:61)
06-24 10:19:50.718 W/System.err( 8878): 	at lh.a.resumeWith(SourceFile:14)
06-24 10:19:50.718 W/System.err( 8878): 	at kotlinx.coroutines.DispatchedTask.run(SourceFile:123)
06-24 10:19:50.718 W/System.err( 8878): 	at kotlinx.coroutines.internal.LimitedDispatcher$Worker.run(SourceFile:4)
06-24 10:19:50.718 W/System.err( 8878): 	at kotlinx.coroutines.scheduling.TaskImpl.run(SourceFile:3)
06-24 10:19:50.718 W/System.err( 8878): 	at kotlinx.coroutines.scheduling.CoroutineScheduler.runSafely(SourceFile:1)
06-24 10:19:50.718 W/System.err( 8878): 	at kotlinx.coroutines.scheduling.CoroutineScheduler$Worker.executeTask(SourceFile:34)
06-24 10:19:50.718 W/System.err( 8878): 	at kotlinx.coroutines.scheduling.CoroutineScheduler$Worker.runWorker(SourceFile:29)
06-24 10:19:50.718 W/System.err( 8878): 	at kotlinx.coroutines.scheduling.CoroutineScheduler$Worker.run(SourceFile:1)
06-24 10:19:50.718 W/System.err( 8878): Caused by: android.system.ErrnoException: open failed: ENOENT (No such file or directory)
06-24 10:19:50.718 W/System.err( 8878): 	at libcore.io.Linux.open(Native Method)
06-24 10:19:50.718 W/System.err( 8878): 	at libcore.io.ForwardingOs.open(ForwardingOs.java:567)
06-24 10:19:50.718 W/System.err( 8878): 	at libcore.io.BlockGuardOs.open(BlockGuardOs.java:273)
06-24 10:19:50.718 W/System.err( 8878): 	at libcore.io.ForwardingOs.open(ForwardingOs.java:567)
06-24 10:19:50.718 W/System.err( 8878): 	at android.app.ActivityThread$AndroidOs.open(ActivityThread.java:7761)
06-24 10:19:50.719 W/System.err( 8878): 	at libcore.io.IoBridge.open(IoBridge.java:561)
06-24 10:19:50.719 W/System.err( 8878): 	... 69 more
06-24 10:19:50.721 W/System.err( 8878): java.io.FileNotFoundException: sys/class/sunxi_info/sys_info: open failed: ENOENT (No such file or directory)
06-24 10:19:50.721 W/System.err( 8878): 	at libcore.io.IoBridge.open(IoBridge.java:575)
06-24 10:19:50.721 W/System.err( 8878): 	at java.io.FileInputStream.<init>(FileInputStream.java:160)
06-24 10:19:50.721 W/System.err( 8878): 	at java.io.FileInputStream.<init>(FileInputStream.java:115)
06-24 10:19:50.721 W/System.err( 8878): 	at ip.b.b(SourceFile:5)
06-24 10:19:50.721 W/System.err( 8878): 	at ip.b.a(SourceFile:155)
06-24 10:19:50.721 W/System.err( 8878): 	at ip.a.invoke(SourceFile:340)
06-24 10:19:50.721 W/System.err( 8878): 	at dh.v.getValue(SourceFile:21)
06-24 10:19:50.721 W/System.err( 8878): 	at tech.gtt.frontapp.servicesdk.common.network.interceptor.params.ApiDeviceParams.handleFixedParams(SourceFile:120)
06-24 10:19:50.721 W/System.err( 8878): 	at tech.gtt.frontapp.servicesdk.common.service.utility.apis.IParamsGetter.toMaps(SourceFile:87)
06-24 10:19:50.721 W/System.err( 8878): 	at tech.gtt.frontapp.servicesdk.common.network.interceptor.DefaultParamsInterceptor.onRequest(SourceFile:127)
06-24 10:19:50.721 W/System.err( 8878): 	at tech.gtt.frontapp.servicesdk.common.network.interceptor.SDKInterceptorsPluginKt$setupRequestInterception$1.invokeSuspend(SourceFile:103)
06-24 10:19:50.721 W/System.err( 8878): 	at tech.gtt.frontapp.servicesdk.common.network.interceptor.SDKInterceptorsPluginKt$setupRequestInterception$1.invoke(SourceFile:1)
06-24 10:19:50.721 W/System.err( 8878): 	at tech.gtt.frontapp.servicesdk.common.network.interceptor.SDKInterceptorsPluginKt$setupRequestInterception$1.invoke(SourceFile:2)
06-24 10:19:50.721 W/System.err( 8878): 	at io.ktor.util.pipeline.DebugPipelineContext.proceedLoop(SourceFile:86)
06-24 10:19:50.721 W/System.err( 8878): 	at io.ktor.util.pipeline.DebugPipelineContext.proceed(SourceFile:26)
06-24 10:19:50.721 W/System.err( 8878): 	at io.ktor.client.plugins.RequestError$install$1.invokeSuspend(SourceFile:47)
06-24 10:19:50.721 W/System.err( 8878): 	at io.ktor.client.plugins.RequestError$install$1.invoke(SourceFile:1)
06-24 10:19:50.721 W/System.err( 8878): 	at io.ktor.client.plugins.RequestError$install$1.invoke(SourceFile:2)
06-24 10:19:50.721 W/System.err( 8878): 	at io.ktor.util.pipeline.DebugPipelineContext.proceedLoop(SourceFile:86)
06-24 10:19:50.721 W/System.err( 8878): 	at io.ktor.util.pipeline.DebugPipelineContext.proceed(SourceFile:26)
06-24 10:19:50.721 W/System.err( 8878): 	at io.ktor.client.plugins.SetupRequestContext$install$1.invokeSuspend$proceed(SourceFile:1)
06-24 10:19:50.721 W/System.err( 8878): 	at io.ktor.client.plugins.SetupRequestContext$install$1.access$invokeSuspend$proceed(SourceFile:1)
06-24 10:19:50.721 W/System.err( 8878): 	at io.ktor.client.plugins.SetupRequestContext$install$1$1.invoke(SourceFile:2)
06-24 10:19:50.721 W/System.err( 8878): 	at io.ktor.client.plugins.SetupRequestContext$install$1$1.invoke(SourceFile:1)
