06-24 10:19:53.448 D/SoftVideoDecoderOMXComponent( 1809): Color Aspects preference: 1 
06-24 10:19:53.448 I/SoftAAC2( 1809): Reconfiguring decoder: 0->44100 Hz, 0->1 channels
06-24 10:19:53.458 D/SoftAAC2( 1809): get OMX_IndexParamAudioAndroidAacDrcPresentation
06-24 10:19:53.466 D/AudioFlinger( 1773): Client defaulted notificationFrames to 11286 for frameCount 22572
06-24 10:19:53.466 D/AF::TrackHandle( 1773): OpPlayAudio: track:66 usage:1 not muted
06-24 10:19:53.485 V/GSK-APIS( 8878): received response >>> id: 6affffb8 url: https://gtt-app-apigateway-lion.vdemosit.com/api/enduser/messagecenter/message/query/v1 statusCode: 400, exception: null
06-24 10:19:53.485 I/System.out( 8878): [SDKInterceptorPlugin] Unhandled exception in request processing: Something went wrong while connecting to the server, statusCode: 400
06-24 10:19:53.508 D/UiDevice( 8823): Searching for node with selector: BySelector [RES='\Qtech.gtt.frontapp.stb.demo:id/account_login_tv2\E'].
06-24 10:19:53.517 W/QueryController( 8823): Could not detect idle state.
06-24 10:19:53.523 E/android.hardware.audio.service( 1756): pcm_open called create stream faild
06-24 10:19:53.529 E/OMXNodeInstance( 1809): getConfig(0xeaac1820:google.h264.decoder, ??(0x7f000003)) ERROR: UnsupportedSetting(0x80001019)
06-24 10:19:53.530 D/MediaCodec( 1806): [OMX.google.h264.decoder] setting dataspace on output surface to #102
06-24 10:19:53.532 D/gralloc_nox( 1764): gralloc_alloc: Creating ashmem region of size 589824
06-24 10:19:53.534 W/MediaPlayerNative( 8878): info/warning (3, 0)
06-24 10:19:53.536 D/SoftwareRenderer( 1806): setting dataspace on output surface to #8000102
06-24 10:19:53.543 W/InputManager-JNI( 1928): Input channel object 'e600a9a tech.gtt.frontapp.stb.demo/tech.gtt.frontapp.stb.m.home.activity.SplashActivity (client)' was disposed without first being removed with the input manager!
06-24 10:19:53.553 D/gralloc_nox( 1764): gralloc_alloc: Creating ashmem region of size 589824
06-24 10:19:53.560 D/gralloc_nox( 1764): gralloc_alloc: Creating ashmem region of size 589824
06-24 10:19:53.570 D/AudioFlinger( 1773): mixer(0x75e25ceb0a60) throttle end: throttle time(37)
06-24 10:19:53.575 W/System  ( 1928): A resource failed to call close. 
06-24 10:19:53.575 W/System  ( 1928): A resource failed to call release. 
06-24 10:19:53.576 W/System  ( 1928): A resource failed to call close. 
06-24 10:19:53.655 D/UiDevice( 8823): Searching for node with selector: BySelector [RES='\Qtech.gtt.frontapp.stb.demo:id/account_login_tv2\E'].
06-24 10:19:53.658 W/QueryController( 8823): Could not detect idle state.
06-24 10:19:53.767 D/UiDevice( 8823): Searching for node with selector: BySelector [RES='\Qtech.gtt.frontapp.stb.demo:id/account_login_tv2\E'].
06-24 10:19:53.768 W/QueryController( 8823): Could not detect idle state.
06-24 10:19:53.871 D/AudioFlinger( 1773): mixer(0x75e25ceb0a60) throttle end: throttle time(238)
06-24 10:19:53.871 D/UiDevice( 8823): Searching for node with selector: BySelector [RES='\Qtech.gtt.frontapp.stb.demo:id/account_login_tv2\E'].
06-24 10:19:53.872 W/QueryController( 8823): Could not detect idle state.
06-24 10:19:53.976 D/UiDevice( 8823): Searching for node with selector: BySelector [RES='\Qtech.gtt.frontapp.stb.demo:id/account_login_tv2\E'].
06-24 10:19:53.977 W/QueryController( 8823): Could not detect idle state.
06-24 10:19:54.056 D/gralloc_nox( 1764): gralloc_alloc: Creating ashmem region of size 589824
06-24 10:19:54.082 D/UiDevice( 8823): Searching for node with selector: BySelector [RES='\Qtech.gtt.frontapp.stb.demo:id/account_login_tv2\E'].
06-24 10:19:54.084 W/QueryController( 8823): Could not detect idle state.
06-24 10:19:54.189 D/UiDevice( 8823): Searching for node with selector: BySelector [RES='\Qtech.gtt.frontapp.stb.demo:id/account_login_tv2\E'].
06-24 10:19:54.190 W/QueryController( 8823): Could not detect idle state.
06-24 10:19:54.295 D/UiDevice( 8823): Searching for node with selector: BySelector [RES='\Qtech.gtt.frontapp.stb.demo:id/account_login_tv2\E'].
06-24 10:19:54.296 W/QueryController( 8823): Could not detect idle state.
06-24 10:19:54.402 D/UiDevice( 8823): Searching for node with selector: BySelector [RES='\Qtech.gtt.frontapp.stb.demo:id/account_login_tv2\E'].
06-24 10:19:54.403 W/QueryController( 8823): Could not detect idle state.
06-24 10:19:54.506 D/UiDevice( 8823): Searching for node with selector: BySelector [RES='\Qtech.gtt.frontapp.stb.demo:id/account_login_tv2\E'].
06-24 10:19:54.507 W/QueryController( 8823): Could not detect idle state.
06-24 10:19:54.617 D/UiDevice( 8823): Searching for node with selector: BySelector [RES='\Qtech.gtt.frontapp.stb.demo:id/account_login_tv2\E'].
06-24 10:19:54.617 W/QueryController( 8823): Could not detect idle state.
06-24 10:19:54.721 D/UiDevice( 8823): Searching for node with selector: BySelector [RES='\Qtech.gtt.frontapp.stb.demo:id/account_login_tv2\E'].
06-24 10:19:54.721 W/QueryController( 8823): Could not detect idle state.
06-24 10:19:54.826 D/UiDevice( 8823): Searching for node with selector: BySelector [RES='\Qtech.gtt.frontapp.stb.demo:id/account_login_tv2\E'].
06-24 10:19:54.827 W/QueryController( 8823): Could not detect idle state.
06-24 10:19:54.936 D/UiDevice( 8823): Searching for node with selector: BySelector [RES='\Qtech.gtt.frontapp.stb.demo:id/account_login_tv2\E'].
06-24 10:19:54.938 W/QueryController( 8823): Could not detect idle state.
06-24 10:19:55.043 D/UiDevice( 8823): Searching for node with selector: BySelector [RES='\Qtech.gtt.frontapp.stb.demo:id/account_login_tv2\E'].
06-24 10:19:55.044 W/QueryController( 8823): Could not detect idle state.
06-24 10:19:55.152 D/UiDevice( 8823): Searching for node with selector: BySelector [RES='\Qtech.gtt.frontapp.stb.demo:id/account_login_tv2\E'].
06-24 10:19:55.153 W/QueryController( 8823): Could not detect idle state.
06-24 10:19:55.260 D/UiDevice( 8823): Searching for node with selector: BySelector [RES='\Qtech.gtt.frontapp.stb.demo:id/account_login_tv2\E'].
06-24 10:19:55.261 W/QueryController( 8823): Could not detect idle state.
06-24 10:19:55.366 D/UiDevice( 8823): Searching for node with selector: BySelector [RES='\Qtech.gtt.frontapp.stb.demo:id/account_login_tv2\E'].
06-24 10:19:55.366 W/QueryController( 8823): Could not detect idle state.
06-24 10:19:55.470 D/UiDevice( 8823): Searching for node with selector: BySelector [RES='\Qtech.gtt.frontapp.stb.demo:id/account_login_tv2\E'].
06-24 10:19:55.471 W/QueryController( 8823): Could not detect idle state.
06-24 10:19:55.584 D/UiDevice( 8823): Searching for node with selector: BySelector [RES='\Qtech.gtt.frontapp.stb.demo:id/account_login_tv2\E'].
06-24 10:19:55.586 W/QueryController( 8823): Could not detect idle state.
06-24 10:19:55.700 D/UiDevice( 8823): Searching for node with selector: BySelector [RES='\Qtech.gtt.frontapp.stb.demo:id/account_login_tv2\E'].
06-24 10:19:55.701 W/QueryController( 8823): Could not detect idle state.
06-24 10:19:55.803 D/UiDevice( 8823): Searching for node with selector: BySelector [RES='\Qtech.gtt.frontapp.stb.demo:id/account_login_tv2\E'].
06-24 10:19:55.804 W/QueryController( 8823): Could not detect idle state.
06-24 10:19:55.909 D/UiDevice( 8823): Searching for node with selector: BySelector [RES='\Qtech.gtt.frontapp.stb.demo:id/account_login_tv2\E'].
06-24 10:19:55.911 W/QueryController( 8823): Could not detect idle state.
06-24 10:19:56.017 D/UiDevice( 8823): Searching for node with selector: BySelector [RES='\Qtech.gtt.frontapp.stb.demo:id/account_login_tv2\E'].
06-24 10:19:56.017 W/QueryController( 8823): Could not detect idle state.
06-24 10:19:56.120 D/UiDevice( 8823): Searching for node with selector: BySelector [RES='\Qtech.gtt.frontapp.stb.demo:id/account_login_tv2\E'].
06-24 10:19:56.121 W/QueryController( 8823): Could not detect idle state.
06-24 10:19:56.227 D/UiDevice( 8823): Searching for node with selector: BySelector [RES='\Qtech.gtt.frontapp.stb.demo:id/account_login_tv2\E'].
06-24 10:19:56.228 W/QueryController( 8823): Could not detect idle state.
06-24 10:19:56.275 I/keystore2( 1707): keystore2::watchdog: Watchdog thread idle -> terminating. Have a great day.
06-24 10:19:56.332 D/UiDevice( 8823): Searching for node with selector: BySelector [RES='\Qtech.gtt.frontapp.stb.demo:id/account_login_tv2\E'].
06-24 10:19:56.332 W/QueryController( 8823): Could not detect idle state.
06-24 10:19:56.438 D/UiDevice( 8823): Searching for node with selector: BySelector [RES='\Qtech.gtt.frontapp.stb.demo:id/account_login_tv2\E'].
06-24 10:19:56.439 W/QueryController( 8823): Could not detect idle state.
06-24 10:19:56.446 E/TaskPersister( 1928): File error accessing recents directory (directory doesn't exist?).
06-24 10:19:56.543 D/UiDevice( 8823): Searching for node with selector: BySelector [RES='\Qtech.gtt.frontapp.stb.demo:id/account_login_tv2\E'].
06-24 10:19:56.544 W/QueryController( 8823): Could not detect idle state.
06-24 10:19:56.650 D/UiDevice( 8823): Searching for node with selector: BySelector [RES='\Qtech.gtt.frontapp.stb.demo:id/account_login_tv2\E'].
06-24 10:19:56.650 W/QueryController( 8823): Could not detect idle state.
06-24 10:19:56.755 D/UiDevice( 8823): Searching for node with selector: BySelector [RES='\Qtech.gtt.frontapp.stb.demo:id/account_login_tv2\E'].
06-24 10:19:56.756 W/QueryController( 8823): Could not detect idle state.
06-24 10:19:56.861 D/UiDevice( 8823): Searching for node with selector: BySelector [RES='\Qtech.gtt.frontapp.stb.demo:id/account_login_tv2\E'].
06-24 10:19:56.863 W/QueryController( 8823): Could not detect idle state.
06-24 10:19:56.968 D/UiDevice( 8823): Searching for node with selector: BySelector [RES='\Qtech.gtt.frontapp.stb.demo:id/account_login_tv2\E'].
06-24 10:19:56.968 W/QueryController( 8823): Could not detect idle state.
06-24 10:19:57.071 D/UiDevice( 8823): Searching for node with selector: BySelector [RES='\Qtech.gtt.frontapp.stb.demo:id/account_login_tv2\E'].
06-24 10:19:57.071 W/QueryController( 8823): Could not detect idle state.
06-24 10:19:57.179 D/UiDevice( 8823): Searching for node with selector: BySelector [RES='\Qtech.gtt.frontapp.stb.demo:id/account_login_tv2\E'].
06-24 10:19:57.179 W/QueryController( 8823): Could not detect idle state.
06-24 10:19:57.283 D/UiDevice( 8823): Searching for node with selector: BySelector [RES='\Qtech.gtt.frontapp.stb.demo:id/account_login_tv2\E'].
06-24 10:19:57.283 W/QueryController( 8823): Could not detect idle state.
06-24 10:19:57.387 D/UiDevice( 8823): Searching for node with selector: BySelector [RES='\Qtech.gtt.frontapp.stb.demo:id/account_login_tv2\E'].
06-24 10:19:57.393 W/QueryController( 8823): Could not detect idle state.
06-24 10:19:57.484 D/AudioTrack( 1806): stop(18): called with 200704 frames delivered
06-24 10:19:57.506 D/UiDevice( 8823): Searching for node with selector: BySelector [RES='\Qtech.gtt.frontapp.stb.demo:id/account_login_tv2\E'].
06-24 10:19:57.507 W/QueryController( 8823): Could not detect idle state.
06-24 10:19:57.615 D/UiDevice( 8823): Searching for node with selector: BySelector [RES='\Qtech.gtt.frontapp.stb.demo:id/account_login_tv2\E'].
06-24 10:19:57.617 W/QueryController( 8823): Could not detect idle state.
06-24 10:19:57.721 D/UiDevice( 8823): Searching for node with selector: BySelector [RES='\Qtech.gtt.frontapp.stb.demo:id/account_login_tv2\E'].
06-24 10:19:57.722 W/QueryController( 8823): Could not detect idle state.
06-24 10:19:57.826 D/UiDevice( 8823): Searching for node with selector: BySelector [RES='\Qtech.gtt.frontapp.stb.demo:id/account_login_tv2\E'].
06-24 10:19:57.827 W/QueryController( 8823): Could not detect idle state.
06-24 10:19:57.873 D/NuPlayerDriver( 1806): stop(0xeadc0ac0)
06-24 10:19:57.873 V/MediaPlayer( 8878): resetDrmState:  mDrmInfo=null mDrmProvisioningThread=null mPrepareDrmInProgress=false mActiveDrmScheme=false
06-24 10:19:57.873 V/MediaPlayer( 8878): cleanDrmObj: mDrmObj=null mDrmSessionId=null
06-24 10:19:57.873 D/NuPlayerDriver( 1806): reset(0xeadc0ac0) at state 8
06-24 10:19:57.878 D/SurfaceUtils( 1806): disconnecting from surface 0xe5b01948, reason disconnectFromSurface
06-24 10:19:57.881 D/SurfaceUtils( 1806): connecting to surface 0xe5b01948, reason onShutdown
06-24 10:19:57.883 D/NuPlayerDriver( 1806): notifyResetComplete(0xeadc0ac0)
06-24 10:19:57.883 D/SurfaceUtils( 1806): disconnecting from surface 0xe5b04ba8, reason disconnectNativeWindow
06-24 10:19:57.884 W/AMessage( 1806): failed to post message as target looper for handler 0 is gone.
06-24 10:19:57.884 I/MediaFocusControl( 1928): abandonAudioFocus() from uid/pid 10058/8878 clientId=android.media.AudioManager@2c8ae5f
06-24 10:19:57.886 I/ActivityTaskManager( 1928): START u0 {cmp=tech.gtt.frontapp.stb.demo/tech.gtt.frontapp.stb.m.account.activity.LoginMethodSwitchActivity (has extras)} from uid 10058
06-24 10:19:57.888 D/CompatibilityChangeReporter( 1928): Compat change id reported: 174042980; UID 10058; state: DISABLED
06-24 10:19:57.888 D/CompatibilityChangeReporter( 1928): Compat change id reported: 184838306; UID 10058; state: DISABLED
06-24 10:19:57.889 D/CompatibilityChangeReporter( 1928): Compat change id reported: 185004937; UID 10058; state: DISABLED
06-24 10:19:57.889 D/CompatibilityChangeReporter( 1928): Compat change id reported: 181136395; UID 10058; state: DISABLED
06-24 10:19:57.889 D/CompatibilityChangeReporter( 1928): Compat change id reported: 174042936; UID 10058; state: DISABLED
06-24 10:19:57.890 D/CompatibilityChangeReporter( 1928): Compat change id reported: 197654537; UID 10058; state: ENABLED
06-24 10:19:57.892 D/CompatibilityChangeReporter( 1928): Compat change id reported: 168419799; UID 10058; state: DISABLED
06-24 10:19:57.896 I/MediaFocusControl( 1928): abandonAudioFocus() from uid/pid 10058/8878 clientId=android.media.AudioManager@2c8ae5f
06-24 10:19:57.897 W/MediaPlayer( 8878): mediaplayer went away with unhandled events
06-24 10:19:57.903 W/ActivityTaskManager( 1928): Tried to set launchTime (0) < mLastActivityLaunchTime (320880634)
06-24 10:19:57.917 D/AndroidAutoSize( 8878): tech.gtt.frontapp.stb.m.account.activity.LoginMethodSwitchActivity used the global configuration.
06-24 10:19:57.918 D/AndroidAutoSize( 8878): The tech.gtt.frontapp.stb.m.account.activity.LoginMethodSwitchActivity has been adapted! 
06-24 10:19:57.918 D/AndroidAutoSize( 8878): LoginMethodSwitchActivity Info: isBaseOnWidth = true, designWidthInDp = 1920.000000, designWidthInSubunits = 1920.000000, targetDensity = 1.000000, targetScaledDensity = 1.000000, targetDensityDpi = 160, targetXdpi = 1.000000, targetScreenWidthDp = 1920, targetScreenHeightDp = 1032
06-24 10:19:57.933 D/UiDevice( 8823): Searching for node with selector: BySelector [RES='\Qtech.gtt.frontapp.stb.demo:id/account_login_tv2\E'].
06-24 10:19:57.934 W/QueryController( 8823): Could not detect idle state.
06-24 10:19:57.957 D/AndroidAutoSize( 8878): tech.gtt.frontapp.stb.m.account.activity.LoginMethodSwitchActivity used the global configuration.
06-24 10:19:57.957 D/AndroidAutoSize( 8878): The tech.gtt.frontapp.stb.m.account.activity.LoginMethodSwitchActivity has been adapted! 
06-24 10:19:57.957 D/AndroidAutoSize( 8878): LoginMethodSwitchActivity Info: isBaseOnWidth = true, designWidthInDp = 1920.000000, designWidthInSubunits = 1920.000000, targetDensity = 1.000000, targetScaledDensity = 1.000000, targetDensityDpi = 160, targetXdpi = 1.000000, targetScreenWidthDp = 1920, targetScreenHeightDp = 1032
06-24 10:19:57.961 W/WindowManager( 1928): Failed looking up window session=Session{d8937af 8878:u0a10058} callers=com.android.server.wm.WindowManagerService.windowForClientLocked:5850 com.android.server.wm.Session.updateRequestedVisibilities:640 android.view.IWindowSession$Stub.onTransact:1175 
06-24 10:19:57.974 D/gralloc_nox( 1764): gralloc_alloc: Creating ashmem region of size 8298496
06-24 10:19:58.006 D/gralloc_nox( 1764): gralloc_alloc: Creating ashmem region of size 8298496
06-24 10:19:58.014 D/ProcessState( 9279): Binder ioctl to enable oneway spam detection failed: Invalid argument
06-24 10:19:58.039 D/gralloc_nox( 1764): gralloc_alloc: Creating ashmem region of size 8298496
06-24 10:19:58.102 E/libEGL  ( 8878): called unimplemented OpenGL ES API
06-24 10:19:58.121 I/ActivityTaskManager( 1928): Displayed tech.gtt.frontapp.stb.demo/tech.gtt.frontapp.stb.m.account.activity.LoginMethodSwitchActivity: +234ms
06-24 10:19:58.241 D/UIAutomatorStub( 8823): URI: /jsonrpc/0, Method: POST, params, {NanoHttpd.QUERY_STRING=null}, files: {postData={"jsonrpc": "2.0", "id": 1, "method": "objInfo", "params": [{"mask": 2097152, "childOrSibling": [], "childOrSiblingSelector": [], "resourceId": "tech.gtt.frontapp.stb.demo:id/account_login_tv2"}]}}
06-24 10:19:58.245 D/UiDevice( 8823): Retrieving node with selector: BySelector [RES='\Qtech.gtt.frontapp.stb.demo:id/account_login_tv2\E'].
06-24 10:19:58.246 W/QueryController( 8823): Could not detect idle state.
06-24 10:19:58.253 W/QueryController( 8823): Could not detect idle state.
06-24 10:19:58.253 W/QueryController( 8823): Could not detect idle state.
06-24 10:19:58.254 W/QueryController( 8823): Could not detect idle state.
06-24 10:19:58.255 W/QueryController( 8823): Could not detect idle state.
06-24 10:19:58.259 W/QueryController( 8823): Could not detect idle state.
06-24 10:19:58.262 W/QueryController( 8823): Could not detect idle state.
06-24 10:19:58.268 W/QueryController( 8823): Could not detect idle state.
06-24 10:19:58.271 W/QueryController( 8823): Could not detect idle state.
06-24 10:19:58.273 W/QueryController( 8823): Could not detect idle state.
06-24 10:19:58.276 W/QueryController( 8823): Could not detect idle state.
06-24 10:19:58.279 W/QueryController( 8823): Could not detect idle state.
06-24 10:19:58.280 W/QueryController( 8823): Could not detect idle state.
06-24 10:19:58.282 W/QueryController( 8823): Could not detect idle state.
06-24 10:19:58.283 W/QueryController( 8823): Could not detect idle state.
06-24 10:19:58.284 W/QueryController( 8823): Could not detect idle state.
06-24 10:19:58.284 W/QueryController( 8823): Could not detect idle state.
06-24 10:19:58.286 W/QueryController( 8823): Could not detect idle state.
06-24 10:19:58.326 D/UIAutomatorStub( 8823): URI: /jsonrpc/0, Method: POST, params, {NanoHttpd.QUERY_STRING=null}, files: {postData={"jsonrpc": "2.0", "id": 1, "method": "click", "params": [1390.0, 559.0]}}
06-24 10:19:58.368 W/InputManager-JNI( 1928): Input channel object '7539c5e tech.gtt.frontapp.stb.demo/tech.gtt.frontapp.stb.m.home.activity.LoadingActivity (client)' was disposed without first being removed with the input manager!
06-24 10:19:58.484 I/ActivityTaskManager( 1928): START u0 {cmp=tech.gtt.frontapp.stb.demo/tech.gtt.frontapp.stb.m.account.activity.LoginActivity} from uid 10058
06-24 10:19:58.492 W/ActivityTaskManager( 1928): Tried to set launchTime (0) < mLastActivityLaunchTime (320885554)
06-24 10:19:58.503 D/AndroidAutoSize( 8878): tech.gtt.frontapp.stb.m.account.activity.LoginActivity used the global configuration.
06-24 10:19:58.503 D/AndroidAutoSize( 8878): The tech.gtt.frontapp.stb.m.account.activity.LoginActivity has been adapted! 
06-24 10:19:58.503 D/AndroidAutoSize( 8878): LoginActivity Info: isBaseOnWidth = true, designWidthInDp = 1920.000000, designWidthInSubunits = 1920.000000, targetDensity = 1.000000, targetScaledDensity = 1.000000, targetDensityDpi = 160, targetXdpi = 1.000000, targetScreenWidthDp = 1920, targetScreenHeightDp = 1032
06-24 10:19:58.512 D/UIAutomatorStub( 8823): URI: /jsonrpc/0, Method: POST, params, {NanoHttpd.QUERY_STRING=null}, files: {postData={"jsonrpc": "2.0", "id": 1, "method": "waitForExists", "params": [{"mask": 2097152, "childOrSibling": [], "childOrSiblingSelector": [], "resourceId": "tech.gtt.frontapp.stb.demo:id/loginf_et_username"}, 20000]}}
06-24 10:19:58.513 D/UiDevice( 8823): Waiting 20000ms for SearchCondition[hasObject=BySelector [RES='\Qtech.gtt.frontapp.stb.demo:id/loginf_et_username\E']].
06-24 10:19:58.513 D/UiDevice( 8823): Searching for node with selector: BySelector [RES='\Qtech.gtt.frontapp.stb.demo:id/loginf_et_username\E'].
06-24 10:19:58.514 W/QueryController( 8823): Could not detect idle state.
06-24 10:19:58.572 D/AndroidAutoSize( 8878): tech.gtt.frontapp.stb.m.account.activity.LoginActivity used the global configuration.
06-24 10:19:58.572 D/AndroidAutoSize( 8878): The tech.gtt.frontapp.stb.m.account.activity.LoginActivity has been adapted! 
06-24 10:19:58.572 D/AndroidAutoSize( 8878): LoginActivity Info: isBaseOnWidth = true, designWidthInDp = 1920.000000, designWidthInSubunits = 1920.000000, targetDensity = 1.000000, targetScaledDensity = 1.000000, targetDensityDpi = 160, targetXdpi = 1.000000, targetScreenWidthDp = 1920, targetScreenHeightDp = 1032
06-24 10:19:58.576 W/WindowManager( 1928): Failed looking up window session=Session{d8937af 8878:u0a10058} callers=com.android.server.wm.WindowManagerService.windowForClientLocked:5850 com.android.server.wm.Session.updateRequestedVisibilities:640 android.view.IWindowSession$Stub.onTransact:1175 
06-24 10:19:58.595 D/gralloc_nox( 1764): gralloc_alloc: Creating ashmem region of size 8298496
06-24 10:19:58.629 D/gralloc_nox( 1764): gralloc_alloc: Creating ashmem region of size 8298496
06-24 10:19:58.652 D/gralloc_nox( 1764): gralloc_alloc: Creating ashmem region of size 8298496
06-24 10:19:58.655 D/ProcessState( 9291): Binder ioctl to enable oneway spam detection failed: Invalid argument
06-24 10:19:58.746 W/ByMatcher( 8823): Node returned null child: android.view.accessibility.AccessibilityNodeInfo@112cb; boundsInParent: Rect(0, 0 - 1920, 1080); boundsInScreen: Rect(0, 0 - 1920, 1080); packageName: tech.gtt.frontapp.stb.demo; className: android.widget.RelativeLayout; text: null; error: null; maxTextLength: -1; stateDescription: null; contentDescription: null; tooltipText: null; viewIdResName: null; checkable: false; checked: false; focusable: false; focused: false; selected: false; clickable: false; longClickable: false; contextClickable: false; enabled: true; password: false; scrollable: false; importantForAccessibility: false; visible: true; actions: [AccessibilityAction: ACTION_SELECT - null, AccessibilityAction: ACTION_CLEAR_SELECTION - null, AccessibilityAction: ACTION_ACCESSIBILITY_FOCUS - null, AccessibilityAction: ACTION_SHOW_ON_SCREEN - null]
06-24 10:19:58.746 W/ByMatcher( 8823): Skipping null child (2 of 3)
06-24 10:19:58.747 W/ByMatcher( 8823): Node returned null child: android.view.accessibility.AccessibilityNodeInfo@80006d9f; boundsInParent: Rect(0, 0 - 1920, 1080); boundsInScreen: Rect(0, 0 - 1920, 1080); packageName: tech.gtt.frontapp.stb.demo; className: android.widget.FrameLayout; text: null; error: null; maxTextLength: -1; stateDescription: null; contentDescription: null; tooltipText: null; viewIdResName: null; checkable: false; checked: false; focusable: false; focused: false; selected: false; clickable: false; longClickable: false; contextClickable: false; enabled: true; password: false; scrollable: false; importantForAccessibility: true; visible: true; actions: [AccessibilityAction: ACTION_SELECT - null, AccessibilityAction: ACTION_CLEAR_SELECTION - null, AccessibilityAction: ACTION_ACCESSIBILITY_FOCUS - null, AccessibilityAction: ACTION_SHOW_ON_SCREEN - null]
06-24 10:19:58.747 W/ByMatcher( 8823): Skipping null child (0 of 1)
06-24 10:19:58.762 I/ActivityTaskManager( 1928): Displayed tech.gtt.frontapp.stb.demo/tech.gtt.frontapp.stb.m.account.activity.LoginActivity: +270ms
06-24 10:19:58.849 D/UiDevice( 8823): Searching for node with selector: BySelector [RES='\Qtech.gtt.frontapp.stb.demo:id/loginf_et_username\E'].
06-24 10:19:58.851 W/QueryController( 8823): Could not detect idle state.
06-24 10:19:58.914 D/UIAutomatorStub( 8823): URI: /jsonrpc/0, Method: POST, params, {NanoHttpd.QUERY_STRING=null}, files: {postData={"jsonrpc": "2.0", "id": 1, "method": "objInfo", "params": [{"mask": 2097152, "childOrSibling": [], "childOrSiblingSelector": [], "resourceId": "tech.gtt.frontapp.stb.demo:id/loginf_et_username"}]}}
06-24 10:19:58.915 D/UiDevice( 8823): Retrieving node with selector: BySelector [RES='\Qtech.gtt.frontapp.stb.demo:id/loginf_et_username\E'].
06-24 10:19:58.915 W/QueryController( 8823): Could not detect idle state.
06-24 10:19:58.917 W/QueryController( 8823): Could not detect idle state.
06-24 10:19:58.918 W/QueryController( 8823): Could not detect idle state.
06-24 10:19:58.919 W/QueryController( 8823): Could not detect idle state.
06-24 10:19:58.920 W/QueryController( 8823): Could not detect idle state.
06-24 10:19:58.921 W/QueryController( 8823): Could not detect idle state.
06-24 10:19:58.923 W/QueryController( 8823): Could not detect idle state.
06-24 10:19:58.927 W/QueryController( 8823): Could not detect idle state.
06-24 10:19:58.929 W/QueryController( 8823): Could not detect idle state.
06-24 10:19:58.931 W/QueryController( 8823): Could not detect idle state.
06-24 10:19:58.932 W/QueryController( 8823): Could not detect idle state.
06-24 10:19:58.933 W/QueryController( 8823): Could not detect idle state.
06-24 10:19:58.933 W/QueryController( 8823): Could not detect idle state.
06-24 10:19:58.934 W/QueryController( 8823): Could not detect idle state.
06-24 10:19:58.935 W/QueryController( 8823): Could not detect idle state.
06-24 10:19:58.936 W/QueryController( 8823): Could not detect idle state.
06-24 10:19:58.948 W/QueryController( 8823): Could not detect idle state.
06-24 10:19:58.963 W/QueryController( 8823): Could not detect idle state.
06-24 10:19:58.990 D/UIAutomatorStub( 8823): URI: /jsonrpc/0, Method: POST, params, {NanoHttpd.QUERY_STRING=null}, files: {postData={"jsonrpc": "2.0", "id": 1, "method": "click", "params": [1057.0, 437.0]}}
06-24 10:19:58.994 W/SurfaceFlinger( 1776): couldn't log to binary event log: overflow.
06-24 10:19:59.120 D/CompatibilityChangeReporter( 8878): Compat change id reported: 163400105; UID 10058; state: ENABLED
06-24 10:19:59.120 D/InputMethodManager( 8878): showSoftInput() view=tech.gtt.frontapp.stb.c.ui.edittext.EmailAutoCompleteTextView{7ca378f VFED..CL. .F.P..ID 0,0-700,92 #7f0b02ce app:id/loginf_et_username aid=1073741824} flags=0 reason=SHOW_SOFT_INPUT
06-24 10:19:59.120 V/InputMethodService( 2581): onEvaluateInputViewShown: config.hardKeyboardHidden = 2
06-24 10:19:59.121 V/InputMethodService( 2581): onEvaluateInputViewShown: config.hardKeyboardHidden = 2
06-24 10:19:59.121 I/AdbKeyboard( 2581): imeAction: 5 Next
06-24 10:19:59.130 D/gralloc_nox( 1764): gralloc_alloc: Creating ashmem region of size 647168
06-24 10:19:59.158 D/gralloc_nox( 1764): gralloc_alloc: Creating ashmem region of size 647168
06-24 10:19:59.163 D/gralloc_nox( 1764): gralloc_alloc: Creating ashmem region of size 647168
06-24 10:19:59.173 D/InsetsController( 8878): show(ime(), fromIme=true)
06-24 10:19:59.173 D/ProcessState( 9300): Binder ioctl to enable oneway spam detection failed: Invalid argument
06-24 10:19:59.178 D/UIAutomatorStub( 8823): URI: /jsonrpc/0, Method: POST, params, {NanoHttpd.QUERY_STRING=null}, files: {postData={"jsonrpc": "2.0", "id": 1, "method": "waitForExists", "params": [{"mask": 2097152, "childOrSibling": [], "childOrSiblingSelector": [], "resourceId": "tech.gtt.frontapp.stb.demo:id/loginf_et_username"}, 20000]}}
06-24 10:19:59.180 D/UiDevice( 8823): Waiting 20000ms for SearchCondition[hasObject=BySelector [RES='\Qtech.gtt.frontapp.stb.demo:id/loginf_et_username\E']].
06-24 10:19:59.180 D/UiDevice( 8823): Searching for node with selector: BySelector [RES='\Qtech.gtt.frontapp.stb.demo:id/loginf_et_username\E'].
06-24 10:19:59.181 W/QueryController( 8823): Could not detect idle state.
06-24 10:19:59.227 D/UIAutomatorStub( 8823): URI: /jsonrpc/0, Method: POST, params, {NanoHttpd.QUERY_STRING=null}, files: {postData={"jsonrpc": "2.0", "id": 1, "method": "setText", "params": [{"mask": 2097152, "childOrSibling": [], "childOrSiblingSelector": [], "resourceId": "tech.gtt.frontapp.stb.demo:id/loginf_et_username"}, "0609@ipwangxin.cn"]}}
06-24 10:19:59.229 D/UiDevice( 8823): Retrieving node with selector: BySelector [RES='\Qtech.gtt.frontapp.stb.demo:id/loginf_et_username\E'].
06-24 10:19:59.230 W/QueryController( 8823): Could not detect idle state.
06-24 10:19:59.235 W/QueryController( 8823): Could not detect idle state.
06-24 10:19:59.236 D/UiObject2( 8823): Clicking on (1057, 437).
06-24 10:19:59.250 D/InputMethodManager( 8878): showSoftInput() view=tech.gtt.frontapp.stb.c.ui.edittext.EmailAutoCompleteTextView{7ca378f VFED..CL. .F.P.... 0,0-700,92 #7f0b02ce app:id/loginf_et_username aid=1073741824} flags=0 reason=SHOW_SOFT_INPUT
06-24 10:19:59.251 V/InputMethodService( 2581): onEvaluateInputViewShown: config.hardKeyboardHidden = 2
06-24 10:19:59.251 V/InputMethodService( 2581): onEvaluateInputViewShown: config.hardKeyboardHidden = 2
06-24 10:19:59.252 D/InsetsController( 8878): show(ime(), fromIme=true)
06-24 10:19:59.265 D/UiDevice( 8823): Retrieving node with selector: BySelector [RES='\Qtech.gtt.frontapp.stb.demo:id/loginf_et_username\E'].
06-24 10:19:59.265 W/QueryController( 8823): Could not detect idle state.
06-24 10:19:59.268 W/QueryController( 8823): Could not detect idle state.
06-24 10:19:59.269 D/UiObject2( 8823): Setting text to '0609@ipwangxin.cn'.
06-24 10:19:59.283 I/AdbKeyboard( 2581): imeAction: 5 Next
06-24 10:19:59.284 V/InputMethodService( 2581): onEvaluateInputViewShown: config.hardKeyboardHidden = 2
06-24 10:19:59.284 V/InputMethodService( 2581): onEvaluateInputViewShown: config.hardKeyboardHidden = 2
06-24 10:19:59.334 D/InsetsController( 8878): show(ime(), fromIme=true)
06-24 10:19:59.360 D/UIAutomatorStub( 8823): URI: /jsonrpc/0, Method: POST, params, {NanoHttpd.QUERY_STRING=null}, files: {postData={"jsonrpc": "2.0", "id": 1, "method": "waitForExists", "params": [{"mask": 2097152, "childOrSibling": [], "childOrSiblingSelector": [], "resourceId": "tech.gtt.frontapp.stb.demo:id/et_pwd"}, 20000]}}
06-24 10:19:59.361 D/UiDevice( 8823): Waiting 20000ms for SearchCondition[hasObject=BySelector [RES='\Qtech.gtt.frontapp.stb.demo:id/et_pwd\E']].
06-24 10:19:59.361 D/UiDevice( 8823): Searching for node with selector: BySelector [RES='\Qtech.gtt.frontapp.stb.demo:id/et_pwd\E'].
06-24 10:19:59.361 W/QueryController( 8823): Could not detect idle state.
06-24 10:19:59.395 D/UIAutomatorStub( 8823): URI: /jsonrpc/0, Method: POST, params, {NanoHttpd.QUERY_STRING=null}, files: {postData={"jsonrpc": "2.0", "id": 1, "method": "objInfo", "params": [{"mask": 2097152, "childOrSibling": [], "childOrSiblingSelector": [], "resourceId": "tech.gtt.frontapp.stb.demo:id/et_pwd"}]}}
06-24 10:19:59.396 D/UiDevice( 8823): Retrieving node with selector: BySelector [RES='\Qtech.gtt.frontapp.stb.demo:id/et_pwd\E'].
06-24 10:19:59.396 W/QueryController( 8823): Could not detect idle state.
06-24 10:19:59.400 W/QueryController( 8823): Could not detect idle state.
06-24 10:19:59.401 W/QueryController( 8823): Could not detect idle state.
06-24 10:19:59.402 W/QueryController( 8823): Could not detect idle state.
06-24 10:19:59.403 W/QueryController( 8823): Could not detect idle state.
06-24 10:19:59.404 W/QueryController( 8823): Could not detect idle state.
06-24 10:19:59.404 W/QueryController( 8823): Could not detect idle state.
06-24 10:19:59.411 W/QueryController( 8823): Could not detect idle state.
06-24 10:19:59.414 W/QueryController( 8823): Could not detect idle state.
06-24 10:19:59.417 W/QueryController( 8823): Could not detect idle state.
06-24 10:19:59.419 W/QueryController( 8823): Could not detect idle state.
06-24 10:19:59.420 W/QueryController( 8823): Could not detect idle state.
06-24 10:19:59.421 W/QueryController( 8823): Could not detect idle state.
06-24 10:19:59.422 W/QueryController( 8823): Could not detect idle state.
06-24 10:19:59.423 W/QueryController( 8823): Could not detect idle state.
06-24 10:19:59.424 W/QueryController( 8823): Could not detect idle state.
06-24 10:19:59.426 W/QueryController( 8823): Could not detect idle state.
06-24 10:19:59.427 W/QueryController( 8823): Could not detect idle state.
06-24 10:19:59.432 W/NotificationHistory( 1928): Attempted to add notif for locked/gone/disabled user 0
06-24 10:19:59.436 D/InterruptionStateProvider( 2095): No bubble up: not allowed to bubble: -1|android|8|null|1000
06-24 10:19:59.436 D/InterruptionStateProvider( 2095): No heads up: unimportant notification: -1|android|8|null|1000
06-24 10:19:59.437 D/PeopleSpaceWidgetMgr( 2095): Sbn doesn't contain valid PeopleTileKey: null/-1/android
06-24 10:19:59.455 D/UIAutomatorStub( 8823): URI: /jsonrpc/0, Method: POST, params, {NanoHttpd.QUERY_STRING=null}, files: {postData={"jsonrpc": "2.0", "id": 1, "method": "click", "params": [1057.0, 559.0]}}
06-24 10:19:59.478 D/InterruptionStateProvider( 2095): No bubble up: not allowed to bubble: -1|android|8|null|1000
06-24 10:19:59.479 D/InterruptionStateProvider( 2095): No heads up: unimportant notification: -1|android|8|null|1000
06-24 10:19:59.485 D/PeopleSpaceWidgetMgr( 2095): Sbn doesn't contain valid PeopleTileKey: null/-1/android
06-24 10:19:59.495 D/InterruptionStateProvider( 2095): No bubble up: not allowed to bubble: -1|android|8|null|1000
06-24 10:19:59.495 D/InterruptionStateProvider( 2095): No heads up: unimportant notification: -1|android|8|null|1000
06-24 10:19:59.498 D/PeopleSpaceWidgetMgr( 2095): Sbn doesn't contain valid PeopleTileKey: null/-1/android
06-24 10:19:59.582 D/InputMethodManager( 8878): showSoftInput() view=tech.gtt.frontapp.stb.c.ui.edittext.NormalFocusEditText{a94bfa1 VFED..CL. .F.P..ID 0,0-700,92 #7f0b0172 app:id/et_pwd aid=1073741826} flags=0 reason=SHOW_SOFT_INPUT
06-24 10:19:59.583 I/AdbKeyboard( 2581): imeAction: 5 Next
06-24 10:19:59.583 V/InputMethodService( 2581): onEvaluateInputViewShown: config.hardKeyboardHidden = 2
06-24 10:19:59.583 V/InputMethodService( 2581): onEvaluateInputViewShown: config.hardKeyboardHidden = 2
06-24 10:19:59.583 V/InputMethodService( 2581): onEvaluateInputViewShown: config.hardKeyboardHidden = 2
06-24 10:19:59.583 V/InputMethodService( 2581): onEvaluateInputViewShown: config.hardKeyboardHidden = 2
06-24 10:19:59.595 D/InsetsController( 8878): show(ime(), fromIme=true)
06-24 10:19:59.597 D/InsetsController( 8878): show(ime(), fromIme=true)
06-24 10:19:59.617 D/UIAutomatorStub( 8823): URI: /jsonrpc/0, Method: POST, params, {NanoHttpd.QUERY_STRING=null}, files: {postData={"jsonrpc": "2.0", "id": 1, "method": "waitForExists", "params": [{"mask": 2097152, "childOrSibling": [], "childOrSiblingSelector": [], "resourceId": "tech.gtt.frontapp.stb.demo:id/et_pwd"}, 20000]}}
06-24 10:19:59.618 D/UiDevice( 8823): Waiting 20000ms for SearchCondition[hasObject=BySelector [RES='\Qtech.gtt.frontapp.stb.demo:id/et_pwd\E']].
06-24 10:19:59.618 D/UiDevice( 8823): Searching for node with selector: BySelector [RES='\Qtech.gtt.frontapp.stb.demo:id/et_pwd\E'].
06-24 10:19:59.619 W/QueryController( 8823): Could not detect idle state.
06-24 10:19:59.660 D/UIAutomatorStub( 8823): URI: /jsonrpc/0, Method: POST, params, {NanoHttpd.QUERY_STRING=null}, files: {postData={"jsonrpc": "2.0", "id": 1, "method": "setText", "params": [{"mask": 2097152, "childOrSibling": [], "childOrSiblingSelector": [], "resourceId": "tech.gtt.frontapp.stb.demo:id/et_pwd"}, "123456"]}}
06-24 10:19:59.661 D/UiDevice( 8823): Retrieving node with selector: BySelector [RES='\Qtech.gtt.frontapp.stb.demo:id/et_pwd\E'].
06-24 10:19:59.661 W/QueryController( 8823): Could not detect idle state.
06-24 10:19:59.664 W/QueryController( 8823): Could not detect idle state.
06-24 10:19:59.666 D/UiObject2( 8823): Clicking on (1057, 559).
06-24 10:19:59.689 D/InputMethodManager( 8878): showSoftInput() view=tech.gtt.frontapp.stb.c.ui.edittext.NormalFocusEditText{a94bfa1 VFED..CL. .F.P.... 0,0-700,92 #7f0b0172 app:id/et_pwd aid=1073741826} flags=0 reason=SHOW_SOFT_INPUT
06-24 10:19:59.690 V/InputMethodService( 2581): onEvaluateInputViewShown: config.hardKeyboardHidden = 2
06-24 10:19:59.690 V/InputMethodService( 2581): onEvaluateInputViewShown: config.hardKeyboardHidden = 2
06-24 10:19:59.692 D/InsetsController( 8878): show(ime(), fromIme=true)
06-24 10:19:59.714 W/GestureController( 8823): Gestures took longer than expected (48ms >> 16ms), device might be in a busy state.
06-24 10:19:59.714 D/UiDevice( 8823): Retrieving node with selector: BySelector [RES='\Qtech.gtt.frontapp.stb.demo:id/et_pwd\E'].
06-24 10:19:59.715 W/QueryController( 8823): Could not detect idle state.
06-24 10:19:59.719 W/QueryController( 8823): Could not detect idle state.
06-24 10:19:59.721 D/UiObject2( 8823): Setting text to '123456'.
06-24 10:19:59.725 I/AdbKeyboard( 2581): imeAction: 5 Next
06-24 10:19:59.726 V/InputMethodService( 2581): onEvaluateInputViewShown: config.hardKeyboardHidden = 2
06-24 10:19:59.726 V/InputMethodService( 2581): onEvaluateInputViewShown: config.hardKeyboardHidden = 2
06-24 10:19:59.735 D/UIAutomatorStub( 8823): URI: /jsonrpc/0, Method: POST, params, {NanoHttpd.QUERY_STRING=null}, files: {postData={"jsonrpc": "2.0", "id": 1, "method": "waitForExists", "params": [{"mask": 2097152, "childOrSibling": [], "childOrSiblingSelector": [], "resourceId": "tech.gtt.frontapp.stb.demo:id/remember_pwd_cb"}, 20000]}}
06-24 10:19:59.736 D/UiDevice( 8823): Waiting 20000ms for SearchCondition[hasObject=BySelector [RES='\Qtech.gtt.frontapp.stb.demo:id/remember_pwd_cb\E']].
06-24 10:19:59.736 D/UiDevice( 8823): Searching for node with selector: BySelector [RES='\Qtech.gtt.frontapp.stb.demo:id/remember_pwd_cb\E'].
06-24 10:19:59.737 W/QueryController( 8823): Could not detect idle state.
06-24 10:19:59.749 D/InsetsController( 8878): show(ime(), fromIme=true)
06-24 10:19:59.781 D/UIAutomatorStub( 8823): URI: /jsonrpc/0, Method: POST, params, {NanoHttpd.QUERY_STRING=null}, files: {postData={"jsonrpc": "2.0", "id": 1, "method": "objInfo", "params": [{"mask": 2097152, "childOrSibling": [], "childOrSiblingSelector": [], "resourceId": "tech.gtt.frontapp.stb.demo:id/remember_pwd_cb"}]}}
06-24 10:19:59.781 D/UiDevice( 8823): Retrieving node with selector: BySelector [RES='\Qtech.gtt.frontapp.stb.demo:id/remember_pwd_cb\E'].
06-24 10:19:59.782 W/QueryController( 8823): Could not detect idle state.
06-24 10:19:59.785 W/QueryController( 8823): Could not detect idle state.
06-24 10:19:59.785 W/QueryController( 8823): Could not detect idle state.
06-24 10:19:59.786 W/QueryController( 8823): Could not detect idle state.
06-24 10:19:59.787 W/QueryController( 8823): Could not detect idle state.
06-24 10:19:59.788 D/InterruptionStateProvider( 2095): No bubble up: not allowed to bubble: -1|android|8|null|1000
06-24 10:19:59.788 D/InterruptionStateProvider( 2095): No heads up: unimportant notification: -1|android|8|null|1000
06-24 10:19:59.788 W/QueryController( 8823): Could not detect idle state.
06-24 10:19:59.789 W/QueryController( 8823): Could not detect idle state.
06-24 10:19:59.790 W/QueryController( 8823): Could not detect idle state.
06-24 10:19:59.791 W/QueryController( 8823): Could not detect idle state.
06-24 10:19:59.792 D/PeopleSpaceWidgetMgr( 2095): Sbn doesn't contain valid PeopleTileKey: null/-1/android
06-24 10:19:59.793 W/QueryController( 8823): Could not detect idle state.
06-24 10:19:59.794 W/QueryController( 8823): Could not detect idle state.
06-24 10:19:59.795 W/QueryController( 8823): Could not detect idle state.
06-24 10:19:59.796 W/QueryController( 8823): Could not detect idle state.
06-24 10:19:59.797 W/QueryController( 8823): Could not detect idle state.
06-24 10:19:59.797 W/QueryController( 8823): Could not detect idle state.
06-24 10:19:59.798 W/QueryController( 8823): Could not detect idle state.
06-24 10:19:59.799 W/QueryController( 8823): Could not detect idle state.
06-24 10:19:59.800 W/QueryController( 8823): Could not detect idle state.
06-24 10:19:59.812 D/InterruptionStateProvider( 2095): No bubble up: not allowed to bubble: -1|android|8|null|1000
06-24 10:19:59.812 D/InterruptionStateProvider( 2095): No heads up: unimportant notification: -1|android|8|null|1000
06-24 10:19:59.817 D/PeopleSpaceWidgetMgr( 2095): Sbn doesn't contain valid PeopleTileKey: null/-1/android
06-24 10:19:59.830 D/UIAutomatorStub( 8823): URI: /jsonrpc/0, Method: POST, params, {NanoHttpd.QUERY_STRING=null}, files: {postData={"jsonrpc": "2.0", "id": 1, "method": "click", "params": [729.0, 656.0]}}
06-24 10:19:59.864 E/libEGL  ( 8878): called unimplemented OpenGL ES API
06-24 10:19:59.902 D/InterruptionStateProvider( 2095): No bubble up: not allowed to bubble: -1|android|8|null|1000
06-24 10:19:59.903 D/InterruptionStateProvider( 2095): No heads up: unimportant notification: -1|android|8|null|1000
06-24 10:19:59.914 D/PeopleSpaceWidgetMgr( 2095): Sbn doesn't contain valid PeopleTileKey: null/-1/android
06-24 10:19:59.941 D/InterruptionStateProvider( 2095): No bubble up: not allowed to bubble: -1|android|8|null|1000
06-24 10:19:59.943 D/InterruptionStateProvider( 2095): No heads up: unimportant notification: -1|android|8|null|1000
06-24 10:19:59.954 D/PeopleSpaceWidgetMgr( 2095): Sbn doesn't contain valid PeopleTileKey: null/-1/android
06-24 10:19:59.987 D/ProcessState( 9315): Binder ioctl to enable oneway spam detection failed: Invalid argument
06-24 10:20:00.004 D/ProcessState( 9318): Binder ioctl to enable oneway spam detection failed: Invalid argument
06-24 10:20:00.046 D/UIAutomatorStub( 8823): URI: /jsonrpc/0, Method: POST, params, {NanoHttpd.QUERY_STRING=null}, files: {postData={"jsonrpc": "2.0", "id": 1, "method": "click", "params": [1105, 764]}}
06-24 10:20:00.164 V/GSK-Account:AccountManager( 8878): disableSavePwd=false
06-24 10:20:00.166 V/GSK-Account:EmailOrPhoneLoginStrategy( 8878): disableSavePwd=false
06-24 10:20:00.183 E/ActivityThread( 8878): Failed to find provider info for com.uv.droid.uotaback.storage.provider
06-24 10:20:00.185 E/ActivityThread( 8878): Failed to find provider info for com.uv.droid.booster.vod.provider
06-24 10:20:00.186 E/ontapp.stb.dem( 8878): No implementation found for java.lang.String os.SystemPropertiesKt.native_get(java.lang.String) (tried Java_os_SystemPropertiesKt_native_1get and Java_os_SystemPropertiesKt_native_1get__Ljava_lang_String_2)
06-24 10:20:00.186 V/GSK-Account:AccountManager( 8878): isLoggedIn=false
06-24 10:20:00.187 V/GSK-APIS( 8878): =======================NEW REQUEST=========================
06-24 10:20:00.187 V/GSK-APIS( 8878): Request:	/api/enduser/account/user/login/v1	POST
06-24 10:20:00.187 V/GSK-APIS( 8878): RequestIdentify:	bc302983
06-24 10:20:00.187 V/GSK-APIS( 8878): 
06-24 10:20:00.187 V/GSK-APIS( 8878): RequestHeaders in a readable format:
06-24 10:20:00.187 V/GSK-APIS( 8878): X-App-Id: db589110cb7457cd607739664dc44e61c217d77681427dacfe2f262f1927cd8f
06-24 10:20:00.187 V/GSK-APIS( 8878): X-Source-Id: 30006401-31002837
06-24 10:20:00.187 V/GSK-APIS( 8878): X-Version-Code: 7
06-24 10:20:00.187 V/GSK-APIS( 8878): X-Brand-Id: 66d009603c38ec6574e5b77ce48fb7070a3f7ed622c465b05fc56110bd72fc65
06-24 10:20:00.187 V/GSK-APIS( 8878): X-Version-Seq: 1
06-24 10:20:00.187 V/GSK-APIS( 8878): X-App-Type-Text: STB
06-24 10:20:00.187 V/GSK-APIS( 8878): Accept-Language: en
06-24 10:20:00.187 V/GSK-APIS( 8878): 
06-24 10:20:00.187 V/GSK-APIS( 8878): 
06-24 10:20:00.187 V/GSK-APIS( 8878): RequestParams in Json Format:
06-24 10:20:00.187 V/GSK-APIS( 8878): {"loginSource":"TERMINAL","loginInfo":{"accountName":"0609@ipwangxin.cn","password":"e10adc3949ba59abbe56e057f20f883e","loginMethod":"EMAIL","loginToken":null,"serviceToken":null,"activeCode":null,"authenticationKey":null,"userRandomValue":null,"identityToken":null},"sourceId":"30006401-31002837","requestId":"a0c6ee11-b6c2-4588-bcbe-7ba739ba3e4d","brandId":"d0k7d3p3kdikth2o3q6g","appId":"d0jucrbq6bt4h33c0ma0","appTypeText":"STB","lang":"en","appVersionCode":7,"uuid":"ab00a432-fbcd-460f-950c-1e9cf43a2e3a","mac":"ab00a432-fbcd-460f-950c-1e9cf43a2e3a","appVersionSeq":"1","deviceInfo":{"hasMobileData":"false","versionRelease":"12","vendorId":"","ramSize":"4033400","AndroidID":"4788e19cc08204c8","type":"user","cpuInfo":"cHJvY2Vzc29yCTogMAp2ZW5kb3JfaWQJOiBHZW51aW5lSW50ZWwKY3B1IGZhbWlseQk6IDYKbW9kZWwJCTogMTU4Cm1vZGVsIG5hbWUJOiBJbnRlbChSKSBDb3JlKFRNKSBpNy05NzAwIENQVSBAIDMuMDBHSHoKc3RlcHBpbmcJOiAxMwpjcHUgTUh6CQk6IDAuMDAxCmNhY2hlIHNpemUJOiAxMjI4OCBLQgpwaHlzaWNhbCBpZAk6IDAKc2libGluZ3MJOiA0CmNvcmUgaWQJCTogMApjcHUgY29yZXMJOiA0CmFwaWNpZAkJOiAwCmluaXRpYWwgYXBpY2lkCTogMApmcHUJCTogeWVzCmZwdV9leGNlcHRpb24JOiB5ZXMKY3B1aWQgbGV2ZWwJOiAyMgp3cAkJOiB5ZXMKZmxhZ3MJCTogZnB1IHZtZSBkZSBwc2UgdHNjIG1zciBwYWUgbWNlIGN4OCBhcGljIHNlcCBtdHJyIHBnZSBtY2EgY21vdiBwYXQgcHNlMzYgY2xmbHVzaCBtbXggZnhzciBzc2Ugc3NlMiBodCBzeXNjYWxsIG54IHJkdHNjcCBsbSBjb25zdGFudF90c2MgcmVwX2dvb2Qgbm9wbCB4dG9wb2xvZ3kgbm9uc3RvcF90c2MgY3B1aWQgdHNjX2tub3duX2ZyZXEgcG5pIHBjbG11bHFkcSBzc3NlMyBjeDE2IHBjaWQgc3NlNF8xIHNzZTRfMiBtb3ZiZSBwb3BjbnQgYWVzIHhzYXZlIGF2eCByZHJhbmQgaHlwZXJ2aXNvciBsYWhmX2xtIGFibSAzZG5vd3ByZWZldGNoIGludnBjaWRfc2luZ2xlIGlicnNfZW5oYW5jZWQgZnNnc2Jhc2UgYXZ4MiBpbnZwY2lkIHJkc2VlZCBjbGZsdXNob3B0IG1kX2NsZWFyIGZsdXNoX2wxZCBhcmNoX2NhcGFiaWxpdGllcwpidWdzCQk6IHNwZWN0cmVfdjEgc3BlY3RyZV92MiBzcGVjX3N0b3JlX2J5cGFzcyBzd2FwZ3MgaXRsYl9tdWx0aWhpdApib2dvbWlwcwk6IDU5OTkuOTkKY2xmbHVzaCBzaXplCTogNjQKY2FjaGVfYWxpZ25tZW50CTogNjQKYWRkcmVzcyBzaXplcwk6IDM5IGJpdHMgcGh5c2ljYWwsIDQ4IGJpdHMgdmlydHVhbApwb3dlciBtYW5hZ2VtZW50OgoKcHJvY2Vzc29yCTogMQp2ZW5kb3JfaWQJOiBHZW51aW5lSW50ZWwKY3B1IGZhbWlseQk6IDYKbW9kZWwJCTogMTU4Cm1vZGVsIG5hbWUJOiBJbnRlbChSKSBDb3JlKFRNKSBpNy05NzAwIENQVSBAIDMuMDBHSHoKc3RlcHBpbmcJOiAxMwpjcHUgTUh6CQk6IDAuMDAyCmNhY2hlIHNpemUJOiAxMjI4OCBLQgpwaHlzaWNhbCBpZAk6IDAKc2libGluZ3MJOiA0CmNvcmUgaWQJCTogMQpjcHUgY29yZXMJOiA0CmFwaWNpZAkJOiAxCmluaXRpYWwgYXBpY2lkCTogMQpmcHUJCTogeWVzCmZwdV9leGNlcHRpb24JOiB5ZXMKY3B1aWQgbGV2ZWwJOiAyMgp3cAkJOiB5ZXMKZmxhZ3MJCTogZnB1IHZtZSBkZSBwc2UgdHNjIG1zciBwYWUgbWNlIGN4OCBhcGljIHNlcCBtdHJyIHBnZSBtY2EgY21vdiBwYXQgcHNlMzYgY2xmbHVzaCBtbXggZnhzciBzc2Ugc3NlMiBodCBzeXNjYWxsIG54IHJkdHNjcCBsbSBjb25zdGFudF90c2MgcmVwX2dvb2Qgbm9wbCB4dG9wb2xvZ3kgbm9uc3RvcF90c2MgY3B1aWQgdHNjX2tub3duX2ZyZXEgcG5pIHBjbG11bHFkcSBzc3NlMyBjeDE2IHBjaWQgc3NlNF8xIHNzZTRfMiBtb3ZiZSBwb3BjbnQgYWVzIHhzYXZlIGF2eCByZHJhbmQgaHlwZXJ2aXNvciBsYWhmX2xtIGFibSAzZG5vd3ByZWZldGNoIGludnBjaWRfc2luZ2xlIGlicnNfZW5oYW5jZWQgZnNnc2Jhc2UgYXZ4MiBpbnZwY2lkIHJkc2VlZCBjbGZsdXNob3B0IG1kX2NsZWFyIGZsdXNoX2wxZCBhcmNoX2NhcGFiaWxpdGllcwpidWdzCQk6IHNwZWN0cmVfdjEgc3BlY3RyZV92MiBzcGVjX3N0b3JlX2J5cGFzcyBzd2FwZ3MgaXRsYl9tdWx0aWhpdApib2dvbWlwcwk6IDU5OTkuOTkKY2xmbHVzaCBzaXplCTogNjQKY2FjaGVfYWxpZ25tZW50CTogNjQKYWRkcmVzcyBzaXplcwk6IDM5IGJpdHMgcGh5c2ljYWwsIDQ4IGJpdHMgdmlydHVhbApwb3dlciBtYW5hZ2VtZW50OgoKcHJvY2Vzc29yCTogMgp2ZW5kb3JfaWQJOiBHZW51aW5lSW50ZWwKY3B1IGZhbWlseQk6IDYKbW9kZWwJCTogMTU4Cm1vZGVsIG5hbWUJOiBJbnRlbChSKSBDb3JlKFRNKSBpNy05NzAwIENQVSBAIDMuMDBHSHoKc3RlcHBpbmcJOiAxMwpjcHUgTUh6CQk6IDAuMDAxCmNhY2hlIHNpemUJOiAxMjI4OCBLQgpwaHlzaWNhbCBpZAk6IDAKc2libGluZ3MJOiA0CmNvcmUgaWQJCTogMgpjcHUgY29yZXMJOiA0CmFwaWNpZAkJOiAyCmluaXRpYWwgYXBpY2lkCTogMgpmcHUJCTogeWVzCmZwdV9leGNlcHRpb24JOiB5ZXMKY3B1aWQgbGV2ZWwJOiAyMgp3cAkJOiB5ZXMKZmxhZ3MJCTogZnB1IHZtZSBkZSBwc2UgdHNjIG1zciBwYWUgbWNlIGN4OCBhcGljIHNlcCBtdHJyIHBnZSBtY2EgY21vdiBwYXQgcHNlMzYgY2xmbHVzaCBtbXggZnhzciBzc2Ugc3NlMiBodCBzeXNjYWxsIG54IHJkdHNjcCBsbSBjb25zdGFudF90c2MgcmVwX2dvb2Qgbm9wbCB4dG9wb2xvZ3kgbm9uc3RvcF90c2MgY3B1aWQgdHNjX2tub3duX2ZyZXEgcG5pIHBjbG11bHFkcSBzc3NlMyBjeDE2IHBjaWQgc3NlNF8xIHNzZTRfMiBtb3ZiZSBwb3BjbnQgYWVzIHhzYXZlIGF2eCByZHJhbmQgaHlwZXJ2a
06-24 10:20:00.187 V/GSK-APIS( 8878): XNvciBsYWhmX2xtIGFibSAzZG5vd3ByZWZldGNoIGludnBjaWRfc2luZ2xlIGlicnNfZW5oYW5jZWQgZnNnc2Jhc2UgYXZ4MiBpbnZwY2lkIHJkc2VlZCBjbGZsdXNob3B0IG1kX2NsZWFyIGZsdXNoX2wxZCBhcmNoX2NhcGFiaWxpdGllcwpidWdzCQk6IHNwZWN0cmVfdjEgc3BlY3RyZV92MiBzcGVjX3N0b3JlX2J5cGFzcyBzd2FwZ3MgaXRsYl9tdWx0aWhpdApib2dvbWlwcwk6IDU5OTkuOTkKY2xmbHVzaCBzaXplCTogNjQKY2FjaGVfYWxpZ25tZW50CTogNjQKYWRkcmVzcyBzaXplcwk6IDM5IGJpdHMgcGh5c2ljYWwsIDQ4IGJpdHMgdmlydHVhbApwb3dlciBtYW5hZ2VtZW50OgoKcHJvY2Vzc29yCTogMwp2ZW5kb3JfaWQJOiBHZW51aW5lSW50ZWwKY3B1IGZhbWlseQk6IDYKbW9kZWwJCTogMTU4Cm1vZGVsIG5hbWUJOiBJbnRlbChSKSBDb3JlKFRNKSBpNy05NzAwIENQVSBAIDMuMDBHSHoKc3RlcHBpbmcJOiAxMwpjcHUgTUh6CQk6IDAuMDAxCmNhY2hlIHNpemUJOiAxMjI4OCBLQgpwaHlzaWNhbCBpZAk6IDAKc2libGluZ3MJOiA0CmNvcmUgaWQJCTogMwpjcHUgY29yZXMJOiA0CmFwaWNpZAkJOiAzCmluaXRpYWwgYXBpY2lkCTogMwpmcHUJCTogeWVzCmZwdV9leGNlcHRpb24JOiB5ZXMKY3B1aWQgbGV2ZWwJOiAyMgp3cAkJOiB5ZXMKZmxhZ3MJCTogZnB1IHZtZSBkZSBwc2UgdHNjIG1zciBwYWUgbWNlIGN4OCBhcGljIHNlcCBtdHJyIHBnZSBtY2EgY21vdiBwYXQgcHNlMzYgY2xmbHVzaCBtbXggZnhzciBzc2Ugc3NlMiBodCBzeXNjYWxsIG54IHJkdHNjcCBsbSBjb25zdGFudF90c2MgcmVwX2dvb2Qgbm9wbCB4dG9wb2xvZ3kgbm9uc3RvcF90c2MgY3B1aWQgdHNjX2tub3duX2ZyZXEgcG5pIHBjbG11bHFkcSBzc3NlMyBjeDE2IHBjaWQgc3NlNF8xIHNzZTRfMiBtb3ZiZSBwb3BjbnQgYWVzIHhzYXZlIGF2eCByZHJhbmQgaHlwZXJ2aXNvciBsYWhmX2xtIGFibSAzZG5vd3ByZWZldGNoIGludnBjaWRfc2luZ2xlIGlicnNfZW5oYW5jZWQgZnNnc2Jhc2UgYXZ4MiBpbnZwY2lkIHJkc2VlZCBjbGZsdXNob3B0IG1kX2NsZWFyIGZsdXNoX2wxZCBhcmNoX2NhcGFiaWxpdGllcwpidWdzCQk6IHNwZWN0cmVfdjEgc3BlY3RyZV92MiBzcGVjX3N0b3JlX2J5cGFzcyBzd2FwZ3MgaXRsYl9tdWx0aWhpdApib2dvbWlwcwk6IDU5OTkuOTkKY2xmbHVzaCBzaXplCTogNjQKY2FjaGVfYWxpZ25tZW50CTogNjQKYWRkcmVzcyBzaXplcwk6IDM5IGJpdHMgcGh5c2ljYWwsIDQ4IGJpdHMgdmlydHVhbApwb3dlciBtYW5hZ2VtZW50OgoK","systemVersion":"","manufacturer":"samsung","bootloader":"b1c1-0.1-4948814","fingerprint":"samsung/star2qltechn/star2qltechn:12/PQ3B.190801.10101846/1201240419:user/release-keys","host":"ubuntu","localIp":"172.16.67.15","model":"SM-S9180","cpuHardware":"","id":"PQ3B.190801.10101846","brand":"samsung","firmware":"","ethernetMac":"","hardware":"qcom","bMac":"","app":"","versionIncremental":"1201240419","product":"star2qltechn","hasEthernetMac":"0","os":"android","cpuSerial":"","romSize":"122906964","display":"star2qltechn-user 12 PQ3B.190801.10101846 1201240419 release-keys","version":"32","buildUtc":"1713526023000","tags":"release-keys","versionCodename":"REL","serial":"unknown","imei":"","wifiMac":"","sdk":"32","device":"star2qltechn","user":"user","board":"SM-S9180"}}
06-24 10:20:00.187 V/GSK-APIS( 8878): 
06-24 10:20:00.187 V/GSK-APIS( 8878): --The following content is in a readable format:
06-24 10:20:00.187 V/GSK-APIS( 8878): loginSource: "TERMINAL"
