06-17 19:05:29.504 V/GSK-APIS( 4438): xmSJajy+gQeZt6uJ+LzaPDlE734z0BfhBgcKYnv2NjMRkeKyPs0SSE2JXlIwmQrhOKNQfQ4vkDOdy69bi5xca9GGgX2xFJmKph/j+Yqj3u591yCohey/mOHRAkjE6pmhRGha6qOdBH40pWG/jLZuhtRnhqq/r7t2EqKZxQrytd0Fdh4F7IZ/jDlYN9H9SCMpQJ0rzHEVIz9ztRmPoac+EKE6jio4sx1YveurDE2Mq+7ivwZokY2nTnKPMXXMqhFakVthOQb2hI6WOTzToLjkExRHcqb/qdp7MG6wi8Gx2bbsKDWYP0g1wkcwobUm+AMI7cfxnisjmbmcYt3yR0bTvhbyhJZI6v8ElVufpywHFTYB2dgclNbb/7EE6KWMa8jmtoZWUPzuRvjELFLjN6NLWeKymMvvlfM71/QJAqjoD1DRSq3T7XiUdzj1AprhRujuaCeK+ydjXJxOUFjUk/m8D6AhEiVsCI41IN2crCyg0bG7bezDTl/MLJknteeTaO5trOND8U+164z9Nkunzida1QA/AfFbXjnvRXMHuIGN+9P9SnsQVKmUueZucwvEIxaymNvBFahC4kfA19qGnfGkGaBU3vh0xbVoAxAjW2bOMxpFZpNUJZ1Ajp01iSIN8l6YjScsdw7x6uIyyDm/e/n2BXqhl9XDQEsR2jxSiATqaZmGrZ/IJSIMNvATR0aBV75+GvGu60aQ7jjmy5DmjDHiBM1cCNwIP63V3cf9yoQm7n8SsLHbMBm/zK7jC6rhVLKQggY2EJqGSBX0ICkO0l/DjmVwZMF/SwTbPFKExH3W1RzSqwZZXZ6lSVlRwLvij/u/CBhV0yrzCnTaA2ncc0GR808pBvoGcKxi74zgjTY2MUOotd4OPPYNtHFJgB/+CjJkkP5xH0q2AiRKk+ITbm+Mo6wuAoqkfwG9f6en3djBIJNTQauaS/jPzAKP2OnB2S3nX6HqLO/2IOx/7GaUUXaLctu0dOqN3DkzFsES/r8APmGwKr/fGwEVAYw7hIK+Z8nbE8XaShSJArVSxbXA5n0gu56rE8e2NqUo6dLQJ36uJpOpEa2rd5CnN0YVN9DyJYPcT9TvgJjEflrDiKYw2yEYaOZDzZJ/haNBIMQm6V5g8p5LoEGxiSX/HvO7cYmzUNuxCX3FF1ZPNwBR0kaGHSevyFV0jYQtqvX7CTMjn+YWlpSXQ8fvO20rdsAAoBMqgK3S6xTEfjf6Ks9TUYe32sNuRAWmxTkBxxD+ppiLt4tl3dmMCyx5Oy/jFqRRzI24hbyI4oGw/XejsleYB2UZ40GArSgSSxzsvmFUSHnNluY3w7YR8IfSj/YtvvSixrg2AU161W1UOWePTR2h75q4I8TrC0pp2SsThyTBwpSCoGtlWWNUoaclnqte7j0nTh24s6qGKTmNBPPr3HRQzGZ2xxN9INNe+zuokC9D1wiLGrg5NqVlXylRogXntkE0ptbC8HO0Tudx61IqoOOhuDGwVqGogWMB9oxYSbhYq16p6g7X2oJVBrxwgszRP1xqEq/dV/rKc0FWsy/eAkWBmoKFONdZYKE67pHVg38uBHSHJQilX8uGBRMINbPzuvFadDzLpaoC0SQwNhs2S4kZK3nR+XiLiRhPGWNlat8rcgbBZVq4WBQJhqLvSWINmksMrK3fAnPHBcf+ZcxHjTaO5LR57YHHtBHQFqJY04a3A9Ky42QwfqJamBFClOwxA28GOq2VF4e3Jpoh/zEfQ5yB5F6WnsaBHKU4oV3jSTWuW9jHUC1XZgI7ULh+iH/lYQQBpNliDhA+Hd/fZx8AkWCkL/g59MRp/AEubGNjr7/TkcGfOBv+DtHIvJSjUfLkrAdD8f8KTKIHkHrFrAqsTtfI0s8IS3YezmPV6/Lee/Ytyxl4LKAJxg6GVIHjkVXoWOhRdkt1vi2WsKZ7G3aVzGX6MhMiiDo0pgY0cDtzG8VZhg3b5Oqx/8EohUVCrlAr1dNBHB23QYox58mG/qNIRwwt0EOs4T1jP3lyl4Ae+tvvqGod7xRouArJG8FJdJpv4KfbjI+2AaQ96VBmwwJjTrVTwREgLBffEENGyityC8haE3fLUqe8GxB60zSBfqbAZL4fh1w/xBahGHVRMMn6Bj20sA/jUNDM5H8ozKWPdAJe8nCUHQ/hkumA5vlB+Fzx4hlDTVxKq/J9bzouYTMwRgQJRNfwWCREofCgBnL8PCKgliwTdm9wlNgB3k8U+KhibLDM63btF70xcaA+s9aB1agOyR+Tr3HzzLY6CvfRmot8Qy38Zzw3OI0MiqCeQCgcMPSBhiDmzeFk5fHr34na46Rw7jTALzfVYRGuYGVOkvFczhP5dIvb+FZLlbWwoS//Kfc3/B6RUbpyT65iv3qBd0+C8E0IGOP4QFmfH4/ucPqct2cJIlq0ilfolG0rv2SkYKxeslvT73SC+rjNGcFUseoWEd9Axmr7RnCYwGD+MOhAD9WEA90+x4/MVxpmsHdoWUKMKpEFb0PoUN3KPTNLH0v0p3dEgCENxhIokgR4368/7T60wi/7uxHFkTVHC+6WU8/1WV/1cTqdhmtzT2CBCfz1ki+TntO8uBtlSTFahiC3t/Bby+r+xR3qkg/p4c5p3E60USiM6quHxos4FkmZ5so26tsPYieyaw+/WPLWPq42E5ESKHJlI4T8VNk/PxhOsNlFt341S3yEFH+kkRArwMmvECAtLAAT6Io1KoIxJ86h8XkzMmG27wfx1rEAl9LUrT3gNHczKeDqzqSNoRKbx0QjeDlm6y8WQAiMq1B56aV4u6/maQh4r96nzXcM05RO1qh/apY32vatuBOj/KQTl07Gs2DQeLIn9rHzAcPthfRh8pkkki9AjFpw9T6WrGvlt3ZPPbDLT4NNeP2VDUcGDxXwA15k0bEWAl6KfEWzbrKXnR6YwLFhUPB8/zE30C78aPFDKmhBikRJkamCGVEk62x0x5IB+GvRpXVVMqoBqGa0wUlCZNZpQeMzYic2coIBvFvJxg81DPRVZtMiA2z82pdeVdhTLXWQYDt7hJWKv3McZFbuaw7o0g4+tRhDnePi6PIlrP7KMTks76L0jRNPQhnR423xyeAgsfO0p9cKEyBGJXHFwS8jYI2ukGXNZJFEJKTs8ttal9i0LrnnrINFvAInYWCBV6fS52uOkN2SIpsREx0aBoMCWq4KKblJxVxvsyzWWFq6iroQl4+0k0IEwj3ylOnVvRp1HWjhCksRWd9XhIuOod5KifwnhXzP/SNrvlxwAUClbikiKD4uN7wtpYt/VbEUaeJ8tgOHKZq5zWSL44azx3Nc3MCogvW09l/TrCM/zluwDkBEHmMAkVbISeXAzkoF01476rKLaZKH0hCVmf3Cd5Q6L9F8Q60ph4HpKXMU6xWZ16/9Q6lvOymHruY1Hn4I+cL96A4jtS9aQU7N4TAvfuwO3p915bIslVYJV2nIZCJL4YHiQ2KOiOQCHPiS8IwVQRR3rapxfhmdR8t/3SKMbb8WhHuesjlaIbKoiAUDn6DDKInWv1vjTB0bUMmErer48f6lG55v+g9egWu3JvpuaRorganqxWjSKIVluVJjkwDspIM64MGtwQaE33daG/E8PpnLeJ9+kE6VqX2yyV/dVIEBIEAKFU2dxYOfu1wnkXM0cZBr1beJ8MivtflawpMu/F7gAqfnuLVzvE+kms/ExzAhS3gHMrjBeTdT6AkIocgwSxU8/XAFIL6JmWIdpMtIWv7sZLT+Dh4vIwSL1gY3iTgD2/lj7tZY+nbUfPKtHTffGboLPqqxUQHI2k559AK5pQ3Tk6NAkKorD5nSeSsvfxJOC1xfrS5x76+ctgTP5CUk5zxM6RrG5QcH/qrcMNRshigcNS6pJStMRMKUtpvqLEXB1xnKJseI8SkdEfNlsBuqUM3lYq7XQu+MGJD60/aUlVc3hxWYK1RZBBwT5JEQjpeIoKRoSKsX/y53+0EA87kcKJtO6iSOmPtjTgIPd8Vv+B9iZiLhxoSN/I4rCglAxohK0dBDpWhZXh3XVJAT/l
06-17 19:05:29.504 V/GSK-APIS( 4438): AREzjcJ6KfESCNSZoK98QBhurjaZOoWi83a9Xo548Z2GZHxZBJZHqDs6eRyUBst6Cl5jJwShBnhoP1pHik2XNww56oBjZeuHmHcn7f28qe0s1gX0Tyr3yRmFpYhHLlUIYBlM8Q1KjXOa+PTgAkVuny9mZW7C05Ia4beGBgRL4arSDA8Um54Yd+6QRpwtNgLlZF6xefOWEwddgmYmczzjOZzzvNIR2tZZj/wXISKy18Qdvu/UVpr6S3cA0sSAuP+mUMPjFo64VHuCudmc2DGiLcAKgs4SDPNV7WLT7uBylKZkmVKvfQJ81Bu1aNipoOCdHQ=
06-17 19:05:29.504 V/GSK-APIS( 4438): 	prot:	ACM30
06-17 19:05:29.504 V/GSK-APIS( 4438): 	signature:	f1d0339ec3e4b7f31496e4128aafbecb5184d166
06-17 19:05:29.504 V/GSK-APIS( 4438): }
06-17 19:05:29.504 V/GSK-APIS( 4438): request to: /api/getServer/v1
06-17 19:05:29.509 V/GSK-Upgrade:ComponentUpdater( 4438): get soVersions = 
06-17 19:05:29.510 V/GSK-Upgrade:ComponentUpdater( 4438): initConfig
06-17 19:05:29.518 W/ontapp.stb.dem( 4438): ClassLoaderContext parent mismatch.  (PCL[] | PCL[];PCL[/data/app/~~-tMPAvyTMYMhU6nbl0NqBw==/tech.gtt.frontapp.stb.demo-qA9iw4qsktyjEZ3tBIQvtg==/base.apk*930720720:/data/app/~~-tMPAvyTMYMhU6nbl0NqBw==/tech.gtt.frontapp.stb.demo-qA9iw4qsktyjEZ3tBIQvtg==/base.apk!classes2.dex*2103280642:/data/app/~~-tMPAvyTMYMhU6nbl0NqBw==/tech.gtt.frontapp.stb.demo-qA9iw4qsktyjEZ3tBIQvtg==/base.apk!classes3.dex*2004927299])
06-17 19:05:29.519 V/GSK-Upgrade:UpgradeManager( 4438): startLoopUpdateApp
06-17 19:05:29.522 D/AndroidAutoSize( 4438): tech.gtt.frontapp.stb.m.home.activity.LoadingActivity used the global configuration.
06-17 19:05:29.522 D/AndroidAutoSize( 4438): The tech.gtt.frontapp.stb.m.home.activity.LoadingActivity has been adapted! 
06-17 19:05:29.522 D/AndroidAutoSize( 4438): LoadingActivity Info: isBaseOnWidth = true, designWidthInDp = 1920.000000, designWidthInSubunits = 1920.000000, targetDensity = 1.000000, targetScaledDensity = 1.000000, targetDensityDpi = 160, targetXdpi = 1.000000, targetScreenWidthDp = 1920, targetScreenHeightDp = 1032
06-17 19:05:29.523 I/System.out( 4438): [SDKInterceptorPlugin] Error executing request: Failed to connect to localhost/127.0.0.1:80
06-17 19:05:29.524 V/GSK-APIS( 4438): received response >>> id: d98a7741 url: http://localhost/api/getServer/v1 statusCode: 0, exception: Failed to connect to localhost/127.0.0.1:80
06-17 19:05:29.524 V/GSK     ( 4438): UpgradeServiceImp unnecessary initialization() executed in 66 ms.
06-17 19:05:29.527 I/System.out( 4438): [SDKInterceptorPlugin] Unhandled exception in request processing: Something went wrong while connecting to the server: statusCode: 0
06-17 19:05:29.539 I/ontapp.stb.dem( 4438): Background concurrent copying GC freed 287280(12MB) AllocSpace objects, 148(6400KB) LOS objects, 49% free, 10MB/21MB, paused 42us,245us total 116.631ms
06-17 19:05:29.570 V/GSK-Account:AccountManager( 4438): isLoggedIn=false
06-17 19:05:29.571 D/AndroidAutoSize( 4438): tech.gtt.frontapp.stb.m.home.activity.LoadingActivity used the global configuration.
06-17 19:05:29.571 D/AndroidAutoSize( 4438): The tech.gtt.frontapp.stb.m.home.activity.LoadingActivity has been adapted! 
06-17 19:05:29.571 D/AndroidAutoSize( 4438): LoadingActivity Info: isBaseOnWidth = true, designWidthInDp = 1920.000000, designWidthInSubunits = 1920.000000, targetDensity = 1.000000, targetScaledDensity = 1.000000, targetDensityDpi = 160, targetXdpi = 1.000000, targetScreenWidthDp = 1920, targetScreenHeightDp = 1032
06-17 19:05:29.576 W/WindowManager( 1936): Failed looking up window session=Session{f6d4293 4438:u0a10058} callers=com.android.server.wm.WindowManagerService.windowForClientLocked:5850 com.android.server.wm.Session.updateRequestedVisibilities:640 android.view.IWindowSession$Stub.onTransact:1175 
06-17 19:05:29.583 V/GSK-Upgrade:ComponentUpdater( 4438): init
06-17 19:05:29.583 V/GSK-Upgrade:ComponentUpdater( 4438): loadLocalDex
06-17 19:05:29.583 V/GSK-Upgrade:ComponentUpdater( 4438): local dex is empty
06-17 19:05:29.583 V/GSK-Upgrade:ComponentUpdater( 4438): local dex is empty
06-17 19:05:29.583 V/GSK-Upgrade:ComponentUpdater( 4438): local dex is empty
06-17 19:05:29.583 V/GSK-Upgrade:ComponentUpdater( 4438): local dex is empty
06-17 19:05:29.583 V/GSK-Upgrade:ComponentUpdater( 4438): local dex is empty
06-17 19:05:29.583 V/GSK-Upgrade:ComponentUpdater( 4438): local dex is empty
06-17 19:05:29.598 D/gralloc_nox( 1767): gralloc_alloc: Creating ashmem region of size 8298496
06-17 19:05:29.634 D/ProcessState( 4574): Binder ioctl to enable oneway spam detection failed: Invalid argument
06-17 19:05:29.690 D/gralloc_nox( 1767): gralloc_alloc: Creating ashmem region of size 8298496
06-17 19:05:29.728 D/gralloc_nox( 1767): gralloc_alloc: Creating ashmem region of size 8298496
06-17 19:05:29.792 I/ActivityTaskManager( 1936): Displayed tech.gtt.frontapp.stb.demo/tech.gtt.frontapp.stb.m.home.activity.LoadingActivity: +309ms
06-17 19:05:29.803 D/CompatibilityChangeReporter( 4438): Compat change id reported: 171228096; UID 10058; state: ENABLED
06-17 19:05:29.812 W/DataBinding( 4438): Setting the fragment as the LifecycleOwner might cause memory leaks because views lives shorter than the Fragment. Consider using Fragment's view lifecycle
06-17 19:05:29.824 I/MediaFocusControl( 1936): requestAudioFocus() from uid/pid 10058/4438 AA=USAGE_MEDIA/CONTENT_TYPE_MOVIE clientId=android.media.AudioManager@7ba221e callingPack=tech.gtt.frontapp.stb.demo req=1 flags=0x0 sdk=35
06-17 19:05:29.825 I/AudioService.FadeOutManager( 1936): unfadeOutUid() uid:10058
06-17 19:05:29.833 W/MediaProvider( 2560): Failed to fetch original file descriptor
06-17 19:05:29.833 W/MediaProvider( 2560): java.io.IOException: stat failed: ENOENT (No such file or directory)
06-17 19:05:29.833 W/MediaProvider( 2560): 	at com.android.providers.media.MediaProvider.getFileFromFileDescriptor(MediaProvider.java:5822)
06-17 19:05:29.833 W/MediaProvider( 2560): 	at com.android.providers.media.MediaProvider.getOriginalMediaFormatFileDescriptor(MediaProvider.java:5739)
06-17 19:05:29.833 W/MediaProvider( 2560): 	at com.android.providers.media.MediaProvider.openTypedAssetFileCommon(MediaProvider.java:7162)
06-17 19:05:29.833 W/MediaProvider( 2560): 	at com.android.providers.media.MediaProvider.openTypedAssetFile(MediaProvider.java:7143)
06-17 19:05:29.833 W/MediaProvider( 2560): 	at android.content.ContentProvider$Transport.openTypedAssetFile(ContentProvider.java:548)
06-17 19:05:29.833 W/MediaProvider( 2560): 	at android.content.ContentProviderNative.onTransact(ContentProviderNative.java:327)
06-17 19:05:29.833 W/MediaProvider( 2560): 	at android.os.Binder.execTransactInternal(Binder.java:1179)
06-17 19:05:29.833 W/MediaProvider( 2560): 	at android.os.Binder.execTransact(Binder.java:1143)
06-17 19:05:29.833 W/MediaProvider( 2560): Caused by: android.system.ErrnoException: stat failed: ENOENT (No such file or directory)
06-17 19:05:29.833 W/MediaProvider( 2560): 	at libcore.io.Linux.stat(Native Method)
06-17 19:05:29.833 W/MediaProvider( 2560): 	at libcore.io.ForwardingOs.stat(ForwardingOs.java:853)
06-17 19:05:29.833 W/MediaProvider( 2560): 	at libcore.io.BlockGuardOs.stat(BlockGuardOs.java:420)
06-17 19:05:29.833 W/MediaProvider( 2560): 	at libcore.io.ForwardingOs.stat(ForwardingOs.java:853)
06-17 19:05:29.833 W/MediaProvider( 2560): 	at android.app.ActivityThread$AndroidOs.stat(ActivityThread.java:7775)
06-17 19:05:29.833 W/MediaProvider( 2560): 	at android.system.Os.stat(Os.java:919)
06-17 19:05:29.833 W/MediaProvider( 2560): 	at com.android.providers.media.MediaProvider.getFileFromFileDescriptor(MediaProvider.java:5816)
06-17 19:05:29.833 W/MediaProvider( 2560): 	... 7 more
06-17 19:05:29.834 D/NuPlayerDriver( 1809): NuPlayerDriver(0xf5c01600) created, clientPid(4438)
06-17 19:05:29.837 D/SurfaceUtils( 1809): connecting to surface 0xf0803278, reason setVideoSurfaceTexture
06-17 19:05:29.837 D/NuPlayer( 1809): onSetVideoSurface(0xf0801940, no video decoder)
06-17 19:05:29.846 D/GenericSource( 1809): FileSource remote
06-17 19:05:29.850 I/SampleTable( 1807): There are reordered frames present.
06-17 19:05:29.854 D/MediaBufferGroup( 1807): creating MemoryDealer
06-17 19:05:29.860 D/MediaPlayerNative( 4438): getMetadata
06-17 19:05:29.863 I/GenericSource( 1809): start
06-17 19:05:29.871 I/OMXClient( 1809): IOmx service obtained
06-17 19:05:29.871 I/OMXStore( 1812): makeComponentInstance(OMX.google.h264.decoder) in android.hardwar process
06-17 19:05:29.873 I/OMXClient( 1809): IOmx service obtained
06-17 19:05:29.873 D/SurfaceUtils( 1809): disconnecting from surface 0xf0801948, reason onConfigure
06-17 19:05:29.873 I/OMXStore( 1812): makeComponentInstance(OMX.google.aac.decoder) in android.hardwar process
06-17 19:05:29.875 D/SurfaceUtils( 1809): connecting to surface 0xf0801948, reason connectToSurface
06-17 19:05:29.879 E/OMXNodeInstance( 1812): setConfig(0xe6d400f0:google.aac.decoder, ConfigPriority(0x6f800002)) ERROR: Undefined(0x80001001)
06-17 19:05:29.879 I/ACodec  ( 1809): codec does not support config priority (err -2147483648)
06-17 19:05:29.879 E/OMXNodeInstance( 1812): getConfig(0xe6d400f0:google.aac.decoder, ConfigAndroidVendorExtension(0x6f100004)) ERROR: Undefined(0x80001001)
06-17 19:05:29.879 D/SoftAAC2( 1812): get OMX_IndexParamAudioAndroidAacDrcPresentation
06-17 19:05:29.879 I/MediaCodec( 1809): MediaCodec will operate in async mode
06-17 19:05:29.879 D/MediaCodec( 1809): keep callback message for reclaim
06-17 19:05:29.881 I/MediaCodec( 1809): [OMX.google.h264.decoder] setting surface generation to 1852418
06-17 19:05:29.881 D/SurfaceUtils( 1809): disconnecting from surface 0xf0801948, reason connectToSurface(reconnect)
06-17 19:05:29.882 D/SurfaceUtils( 1809): connecting to surface 0xf0801948, reason connectToSurface(reconnect)
06-17 19:05:29.885 E/OMXNodeInstance( 1812): getExtensionIndex(0xe6d41580:google.h264.decoder, OMX.google.android.index.enableAndroidNativeBuffers) ERROR: UnsupportedIndex(0x8000101a)
06-17 19:05:29.885 E/ACodec  ( 1809): [OMX.google.h264.decoder] setPortMode on output to DynamicANWBuffer failed w/ err -1010
06-17 19:05:29.885 E/OMXNodeInstance( 1812): getParameter(0xe6d41580:google.h264.decoder, ??(0x6f600011)) ERROR: UnsupportedIndex(0x8000101a)
06-17 19:05:29.885 W/OMXNodeInstance( 1812): [0xe6d41580:google.h264.decoder] component does not support metadata mode; using fallback
06-17 19:05:29.886 D/SoftVideoDecoderOMXComponent( 1812): Color Aspects preference: 1 
06-17 19:05:29.886 E/OMXNodeInstance( 1812): setConfig(0xe6d41580:google.h264.decoder, ConfigPriority(0x6f800002)) ERROR: UnsupportedIndex(0x8000101a)
06-17 19:05:29.886 I/ACodec  ( 1809): codec does not support config priority (err -1010)
06-17 19:05:29.886 E/OMXNodeInstance( 1812): setConfig(0xe6d41580:google.h264.decoder, ConfigOperatingRate(0x6f800003)) ERROR: UnsupportedIndex(0x8000101a)
06-17 19:05:29.886 I/ACodec  ( 1809): codec does not support config operating rate (err -1010)
06-17 19:05:29.886 E/OMXNodeInstance( 1812): getConfig(0xe6d41580:google.h264.decoder, ConfigAndroidVendorExtension(0x6f100004)) ERROR: UnsupportedIndex(0x8000101a)
06-17 19:05:29.886 E/OMXNodeInstance( 1812): getConfig(0xe6d41580:google.h264.decoder, ??(0x7f000003)) ERROR: UnsupportedSetting(0x80001019)
06-17 19:05:29.887 I/MediaCodec( 1809): MediaCodec will operate in async mode
06-17 19:05:29.887 D/MediaCodec( 1809): keep callback message for reclaim
06-17 19:05:29.888 I/SoftAAC2( 1812): Reconfiguring decoder: 0->44100 Hz, 0->1 channels
06-17 19:05:29.889 D/SoftAAC2( 1812): get OMX_IndexParamAudioAndroidAacDrcPresentation
06-17 19:05:29.893 W/ResourceManagerService( 1809): Ignoring request to add new resource entry with value <= 0
06-17 19:05:29.895 D/SoftVideoDecoderOMXComponent( 1812): Color Aspects preference: 1 
06-17 19:05:29.895 E/OMXNodeInstance( 1812): getConfig(0xe6d41580:google.h264.decoder, ??(0x7f000003)) ERROR: UnsupportedSetting(0x80001019)
06-17 19:05:29.902 D/AudioFlinger( 1776): Client defaulted notificationFrames to 11286 for frameCount 22572
06-17 19:05:29.903 D/AF::TrackHandle( 1776): OpPlayAudio: track:58 usage:1 not muted
06-17 19:05:29.935 V/GSK-APIS( 4438): received response >>> id: 10151e18 url: https://gtt-app-apigateway-lion.vdemosit.com/api/enduser/messagecenter/message/query/v1 statusCode: 400, exception: null
06-17 19:05:29.936 D/MediaCodec( 1809): [OMX.google.h264.decoder] setting dataspace on output surface to #102
06-17 19:05:29.936 I/System.out( 4438): [SDKInterceptorPlugin] Unhandled exception in request processing: Something went wrong while connecting to the server, statusCode: 400
06-17 19:05:29.969 W/MediaPlayerNative( 4438): info/warning (3, 0)
06-17 19:05:29.970 D/gralloc_nox( 1767): gralloc_alloc: Creating ashmem region of size 589824
06-17 19:05:29.976 D/SoftwareRenderer( 1809): setting dataspace on output surface to #8000102
06-17 19:05:29.977 D/gralloc_nox( 1767): gralloc_alloc: Creating ashmem region of size 589824
06-17 19:05:30.050 D/AudioFlinger( 1776): mixer(0x7e14b2cf8a60) throttle end: throttle time(40)
06-17 19:05:30.050 W/InputManager-JNI( 1936): Input channel object 'def2dce tech.gtt.frontapp.stb.demo/tech.gtt.frontapp.stb.m.home.activity.SplashActivity (client)' was disposed without first being removed with the input manager!
06-17 19:05:32.992 E/TaskPersister( 1936): File error accessing recents directory (directory doesn't exist?).
06-17 19:05:33.151 I/keystore2( 1710): keystore2::watchdog: Watchdog thread idle -> terminating. Have a great day.
06-17 19:05:34.185 D/AudioTrack( 1809): stop(10): called with 200704 frames delivered
06-17 19:05:34.614 D/NuPlayerDriver( 1809): stop(0xf5c01600)
06-17 19:05:34.615 V/MediaPlayer( 4438): resetDrmState:  mDrmInfo=null mDrmProvisioningThread=null mPrepareDrmInProgress=false mActiveDrmScheme=false
06-17 19:05:34.615 V/MediaPlayer( 4438): cleanDrmObj: mDrmObj=null mDrmSessionId=null
06-17 19:05:34.615 D/NuPlayerDriver( 1809): reset(0xf5c01600) at state 8
06-17 19:05:34.622 D/SurfaceUtils( 1809): disconnecting from surface 0xf0801948, reason disconnectFromSurface
06-17 19:05:34.623 D/SurfaceUtils( 1809): connecting to surface 0xf0801948, reason onShutdown
06-17 19:05:34.626 D/NuPlayerDriver( 1809): notifyResetComplete(0xf5c01600)
06-17 19:05:34.626 D/SurfaceUtils( 1809): disconnecting from surface 0xf0803278, reason disconnectNativeWindow
06-17 19:05:34.626 W/AMessage( 1809): failed to post message as target looper for handler 0 is gone.
06-17 19:05:34.627 I/MediaFocusControl( 1936): abandonAudioFocus() from uid/pid 10058/4438 clientId=android.media.AudioManager@7ba221e
06-17 19:05:34.628 I/ActivityTaskManager( 1936): START u0 {cmp=tech.gtt.frontapp.stb.demo/tech.gtt.frontapp.stb.m.account.activity.LoginMethodSwitchActivity (has extras)} from uid 10058
06-17 19:05:34.630 D/CompatibilityChangeReporter( 1936): Compat change id reported: 174042980; UID 10058; state: DISABLED
06-17 19:05:34.630 D/CompatibilityChangeReporter( 1936): Compat change id reported: 184838306; UID 10058; state: DISABLED
06-17 19:05:34.630 D/CompatibilityChangeReporter( 1936): Compat change id reported: 185004937; UID 10058; state: DISABLED
06-17 19:05:34.630 D/CompatibilityChangeReporter( 1936): Compat change id reported: 181136395; UID 10058; state: DISABLED
06-17 19:05:34.631 D/CompatibilityChangeReporter( 1936): Compat change id reported: 174042936; UID 10058; state: DISABLED
06-17 19:05:34.632 D/CompatibilityChangeReporter( 1936): Compat change id reported: 197654537; UID 10058; state: ENABLED
06-17 19:05:34.633 D/CompatibilityChangeReporter( 1936): Compat change id reported: 168419799; UID 10058; state: DISABLED
06-17 19:05:34.635 I/MediaFocusControl( 1936): abandonAudioFocus() from uid/pid 10058/4438 clientId=android.media.AudioManager@7ba221e
06-17 19:05:34.636 W/MediaPlayer( 4438): mediaplayer went away with unhandled events
06-17 19:05:34.638 W/MediaPlayer( 4438): mediaplayer went away with unhandled events
06-17 19:05:34.644 W/ActivityTaskManager( 1936): Tried to set launchTime (0) < mLastActivityLaunchTime (1226178)
06-17 19:05:34.653 D/AndroidAutoSize( 4438): tech.gtt.frontapp.stb.m.account.activity.LoginMethodSwitchActivity used the global configuration.
06-17 19:05:34.654 D/AndroidAutoSize( 4438): The tech.gtt.frontapp.stb.m.account.activity.LoginMethodSwitchActivity has been adapted! 
06-17 19:05:34.654 D/AndroidAutoSize( 4438): LoginMethodSwitchActivity Info: isBaseOnWidth = true, designWidthInDp = 1920.000000, designWidthInSubunits = 1920.000000, targetDensity = 1.000000, targetScaledDensity = 1.000000, targetDensityDpi = 160, targetXdpi = 1.000000, targetScreenWidthDp = 1920, targetScreenHeightDp = 1032
06-17 19:05:34.682 D/AndroidAutoSize( 4438): tech.gtt.frontapp.stb.m.account.activity.LoginMethodSwitchActivity used the global configuration.
06-17 19:05:34.682 D/AndroidAutoSize( 4438): The tech.gtt.frontapp.stb.m.account.activity.LoginMethodSwitchActivity has been adapted! 
06-17 19:05:34.682 D/AndroidAutoSize( 4438): LoginMethodSwitchActivity Info: isBaseOnWidth = true, designWidthInDp = 1920.000000, designWidthInSubunits = 1920.000000, targetDensity = 1.000000, targetScaledDensity = 1.000000, targetDensityDpi = 160, targetXdpi = 1.000000, targetScreenWidthDp = 1920, targetScreenHeightDp = 1032
06-17 19:05:34.685 W/WindowManager( 1936): Failed looking up window session=Session{f6d4293 4438:u0a10058} callers=com.android.server.wm.WindowManagerService.windowForClientLocked:5850 com.android.server.wm.Session.updateRequestedVisibilities:640 android.view.IWindowSession$Stub.onTransact:1175 
06-17 19:05:34.699 D/gralloc_nox( 1767): gralloc_alloc: Creating ashmem region of size 8298496
06-17 19:05:34.726 D/gralloc_nox( 1767): gralloc_alloc: Creating ashmem region of size 8298496
06-17 19:05:34.736 D/ProcessState( 4871): Binder ioctl to enable oneway spam detection failed: Invalid argument
06-17 19:05:34.751 D/gralloc_nox( 1767): gralloc_alloc: Creating ashmem region of size 8298496
06-17 19:05:34.800 E/libEGL  ( 4438): called unimplemented OpenGL ES API
06-17 19:05:34.818 I/ActivityTaskManager( 1936): Displayed tech.gtt.frontapp.stb.demo/tech.gtt.frontapp.stb.m.account.activity.LoginMethodSwitchActivity: +189ms
06-17 19:05:35.035 W/InputManager-JNI( 1936): Input channel object '30980ae tech.gtt.frontapp.stb.demo/tech.gtt.frontapp.stb.m.home.activity.LoadingActivity (client)' was disposed without first being removed with the input manager!
06-17 19:05:35.981 D/ProcessState( 4875): Binder ioctl to enable oneway spam detection failed: Invalid argument
06-17 19:05:35.983 D/gralloc_nox( 1767): gralloc_alloc: Creating ashmem region of size 8298496
06-17 19:05:35.998 D/hw-ProcessState( 4875): Binder ioctl to enable oneway spam detection failed: Invalid argument
06-17 19:05:35.999 I/hwservicemanager( 1567): getTransport: Cannot find entry android.hardware.graphics.mapper@4.0::IMapper/default in either framework or device VINTF manifest.
06-17 19:05:35.999 I/Gralloc4( 4875): mapper 4.x is not supported
06-17 19:05:35.999 I/hwservicemanager( 1567): getTransport: Cannot find entry android.hardware.graphics.mapper@3.0::IMapper/default in either framework or device VINTF manifest.
06-17 19:05:35.999 W/Gralloc3( 4875): mapper 3.x is not supported
06-17 19:05:36.000 D/screencap( 4875): createUnique: call
06-17 19:05:36.003 D/screencap( 4875): HostComposition ext GL_OES_EGL_image GL_OES_EGL_image_external GL_OES_depth24 GL_OES_depth32 GL_OES_element_index_uint GL_OES_texture_float GL_OES_texture_float_linear GL_OES_compressed_paletted_texture GL_OES_compressed_ETC1_RGB8_texture GL_OES_depth_texture GL_EXT_texture_format_BGRA8888 GL_APPLE_texture_format_BGRA8888 GL_OES_texture_half_float GL_EXT_robustness GL_OES_texture_half_float_linear GL_OES_packed_depth_stencil GL_OES_vertex_half_float GL_OES_texture_npot GL_OES_rgb8_rgba8 GL_EXT_color_buffer_float GL_EXT_texture_sRGB_decode ANDROID_gles_max_version_3_1 GL_OES_vertex_array_object GL_EXT_texture_buffer GL_EXT_copy_image GL_KHR_texture_compression_astc_ldr GL_KHR_texture_compression_astc_hdr GL_OES_texture_compression_astc GL_OES_EGL_image_external
06-17 19:05:36.171 D/ProcessState( 4880): Binder ioctl to enable oneway spam detection failed: Invalid argument
06-17 19:05:36.183 I/MediaProvider( 2560): Begin Intent { act=android.intent.action.MEDIA_SCANNER_SCAN_FILE dat=file:///sdcard/pytest_fail_test_recharge_flow.png flg=0x1400010 cmp=com.android.providers.media.module/com.android.providers.media.MediaService }
06-17 19:05:36.191 W/MediaProvider( 2560): isAppCloneUserPair failed. Users: 0 and 0
06-17 19:05:36.191 W/MediaProvider( 2560): isAppCloneUserPair for user 0: false
06-17 19:05:36.197 I/MediaProvider( 2560): End Intent { act=android.intent.action.MEDIA_SCANNER_SCAN_FILE dat=file:///sdcard/pytest_fail_test_recharge_flow.png flg=0x1400010 cmp=com.android.providers.media.module/com.android.providers.media.MediaService }
