--------- beginning of main
06-17 19:05:22.645 D/ProcessState( 4367): Binder ioctl to enable oneway spam detection failed: Invalid argument
--------- beginning of system
06-17 19:05:22.647 I/ActivityManager( 1936): Force stopping tech.gtt.frontapp.stb.demo appid=10058 user=0: clear data
06-17 19:05:22.648 I/ActivityManager( 1936): Force stopping tech.gtt.frontapp.stb.demo appid=10058 user=-1: clearApplicationUserData
06-17 19:05:22.655 D/CompatibilityChangeReporter( 1936): Compat change id reported: 135634846; UID 10019; state: DISABLED
06-17 19:05:22.655 D/CompatibilityChangeReporter( 1936): Compat change id reported: 177438394; UID 10019; state: DISABLED
06-17 19:05:22.655 D/CompatibilityChangeReporter( 1936): Compat change id reported: 135772972; UID 10019; state: DISABLED
06-17 19:05:22.655 D/CompatibilityChangeReporter( 1936): Compat change id reported: 135754954; UID 10019; state: ENABLED
06-17 19:05:22.655 D/CompatibilityChangeReporter( 1936): Compat change id reported: 143937733; UID 10019; state: ENABLED
06-17 19:05:22.660 D/Zygote  ( 1756): Forked child process 4373
06-17 19:05:22.661 I/ActivityManager( 1936): Start proc 4373:com.android.documentsui/u0a19 for broadcast {com.android.documentsui/com.android.documentsui.PackageReceiver}
06-17 19:05:22.663 I/Zygote  ( 4373): seccomp disabled by setenforce 0
06-17 19:05:22.665 W/oid.documentsu( 4373): Unexpected CPU variant for X86 using defaults: x86_64
06-17 19:05:22.672 D/ProcessState( 4373): Binder ioctl to enable oneway spam detection failed: Invalid argument
06-17 19:05:22.683 E/ashmem  ( 4373): memfd: ro.vndk.version not defined or invalid (), this is mandated since P.
06-17 19:05:22.685 D/CompatibilityChangeReporter( 4373): Compat change id reported: 171979766; UID 10019; state: DISABLED
06-17 19:05:22.717 D/AndroidRuntime( 4390): >>>>>> START com.android.internal.os.RuntimeInit uid 0 <<<<<<
06-17 19:05:22.719 I/AndroidRuntime( 4390): Using default boot image
06-17 19:05:22.719 I/AndroidRuntime( 4390): Leaving lock profiling enabled
06-17 19:05:22.720 W/app_process( 4390): ART APEX data files are untrusted.
06-17 19:05:22.720 I/app_process( 4390): Core platform API reporting enabled, enforcing=false
06-17 19:05:22.744 V/GraphicsEnvironment( 4373): ANGLE Developer option for 'com.android.documentsui' set to: 'default'
06-17 19:05:22.745 V/GraphicsEnvironment( 4373): ANGLE GameManagerService for com.android.documentsui: false
06-17 19:05:22.745 V/GraphicsEnvironment( 4373): Neither updatable production driver nor prerelease driver is supported.
06-17 19:05:22.747 D/NetworkSecurityConfig( 4373): No Network Security Config specified, using platform default
06-17 19:05:22.747 D/NetworkSecurityConfig( 4373): No Network Security Config specified, using platform default
06-17 19:05:22.756 D/app_process( 4390): Time zone APEX ICU file found: /apex/com.android.tzdata/etc/icu/icu_tzdata.dat
06-17 19:05:22.756 D/app_process( 4390): I18n APEX ICU file found: /apex/com.android.i18n/etc/icu/icudt68l.dat
06-17 19:05:22.759 W/adbd    ( 1785): timeout expired while flushing socket, closing
06-17 19:05:22.762 W/app_process( 4390): Unexpected CPU variant for X86 using defaults: x86_64
06-17 19:05:22.768 V/UiAutomationManager( 1936): UiAutomation service owner died
06-17 19:05:22.769 D/BatterySaverPolicy( 1936): accessibility changed to false, updating policy.
06-17 19:05:22.780 D/ProcessState( 4390): Binder ioctl to enable oneway spam detection failed: Invalid argument
06-17 19:05:22.780 D/AndroidRuntime( 4390): Calling main entry com.android.commands.monkey.Monkey
06-17 19:05:22.781 W/Monkey  ( 4390): args: [-p, tech.gtt.frontapp.stb.demo, -c, android.intent.category.LAUNCHER, 1]
06-17 19:05:22.781 W/Monkey  ( 4390):  arg: "-p"
06-17 19:05:22.781 W/Monkey  ( 4390):  arg: "tech.gtt.frontapp.stb.demo"
06-17 19:05:22.781 W/Monkey  ( 4390):  arg: "-c"
06-17 19:05:22.781 W/Monkey  ( 4390):  arg: "android.intent.category.LAUNCHER"
06-17 19:05:22.781 W/Monkey  ( 4390):  arg: "1"
06-17 19:05:22.781 W/Monkey  ( 4390): data="tech.gtt.frontapp.stb.demo"
06-17 19:05:22.781 W/Monkey  ( 4390): data="android.intent.category.LAUNCHER"
06-17 19:05:22.787 D/DocumentsApplication( 4373): OverlayManager.setEnabled() result: true
06-17 19:05:22.787 D/CompatibilityChangeReporter( 1936): Compat change id reported: 135634846; UID 10053; state: DISABLED
06-17 19:05:22.788 D/CompatibilityChangeReporter( 1936): Compat change id reported: 177438394; UID 10053; state: DISABLED
06-17 19:05:22.788 D/CompatibilityChangeReporter( 1936): Compat change id reported: 135772972; UID 10053; state: DISABLED
06-17 19:05:22.788 D/CompatibilityChangeReporter( 1936): Compat change id reported: 135754954; UID 10053; state: ENABLED
06-17 19:05:22.788 D/CompatibilityChangeReporter( 1936): Compat change id reported: 143937733; UID 10053; state: ENABLED
06-17 19:05:22.792 D/Zygote  ( 1756): Forked child process 4417
06-17 19:05:22.793 I/ActivityManager( 1936): Start proc 4417:com.android.permissioncontroller/u0a53 for broadcast {com.android.permissioncontroller/com.android.permissioncontroller.permission.service.LocationAccessCheck$PackageResetHandler}
06-17 19:05:22.795 I/Zygote  ( 4417): seccomp disabled by setenforce 0
06-17 19:05:22.798 W/ssioncontrolle( 4417): Unexpected CPU variant for X86 using defaults: x86_64
06-17 19:05:22.802 D/ProcessState( 4417): Binder ioctl to enable oneway spam detection failed: Invalid argument
06-17 19:05:22.810 E/ashmem  ( 4417): memfd: ro.vndk.version not defined or invalid (), this is mandated since P.
06-17 19:05:22.811 D/CompatibilityChangeReporter( 4417): Compat change id reported: 171979766; UID 10053; state: ENABLED
06-17 19:05:22.818 W/BroadcastQueue( 1936): Skipping deliver [background] BroadcastRecord{e2f25ca u-1 android.net.conn.CONNECTIVITY_CHANGE} to ReceiverList{bd2d33b 4390 (unknown name)/0/u-1 remote:c5f336c}: process gone or crashing
06-17 19:05:22.821 V/GraphicsEnvironment( 4417): ANGLE Developer option for 'com.android.permissioncontroller' set to: 'default'
06-17 19:05:22.821 V/GraphicsEnvironment( 4417): ANGLE GameManagerService for com.android.permissioncontroller: false
06-17 19:05:22.821 V/GraphicsEnvironment( 4417): Neither updatable production driver nor prerelease driver is supported.
06-17 19:05:22.823 D/NetworkSecurityConfig( 4417): No Network Security Config specified, using platform default
06-17 19:05:22.823 D/NetworkSecurityConfig( 4417): No Network Security Config specified, using platform default
06-17 19:05:22.825 I/ActivityTaskManager( 1936): START u0 {act=android.intent.action.MAIN cat=[android.intent.category.LAUNCHER] flg=0x10200000 cmp=tech.gtt.frontapp.stb.demo/tech.gtt.frontapp.stb.m.home.activity.SplashActivity} from uid 0
06-17 19:05:22.827 W/ActivityTaskManager( 1936): Can't find TaskDisplayArea to determine support for multi window. Task id=19 attached=false
06-17 19:05:22.845 I/Monkey  ( 4390): Events injected: 1
06-17 19:05:22.861 D/CompatibilityChangeReporter( 1936): Compat change id reported: 135634846; UID 10058; state: DISABLED
06-17 19:05:22.861 D/CompatibilityChangeReporter( 1936): Compat change id reported: 143937733; UID 10058; state: ENABLED
06-17 19:05:22.865 I/Monkey  ( 4390): ## Network stats: elapsed time=40ms (0ms mobile, 0ms wifi, 40ms not connected)
06-17 19:05:22.866 D/Zygote  ( 1756): Forked child process 4438
06-17 19:05:22.866 I/app_process( 4390): System.exit called, status: 0
06-17 19:05:22.866 I/AndroidRuntime( 4390): VM exiting with result code 0.
06-17 19:05:22.866 I/ActivityManager( 1936): Start proc 4438:tech.gtt.frontapp.stb.demo/u0a58 for pre-top-activity {tech.gtt.frontapp.stb.demo/tech.gtt.frontapp.stb.m.home.activity.SplashActivity}
06-17 19:05:22.869 I/Zygote  ( 4438): seccomp disabled by setenforce 0
06-17 19:05:22.872 W/ontapp.stb.dem( 4438): Unexpected CPU variant for X86 using defaults: x86_64
06-17 19:05:22.876 D/gralloc_nox( 1767): gralloc_alloc: Creating ashmem region of size 8298496
06-17 19:05:22.880 D/ProcessState( 4438): Binder ioctl to enable oneway spam detection failed: Invalid argument
06-17 19:05:22.889 I/MediaProvider( 2560): Begin Intent { act=android.intent.action.PACKAGE_DATA_CLEARED dat=package:tech.gtt.frontapp.stb.demo flg=0x1000010 cmp=com.android.providers.media.module/com.android.providers.media.MediaService (has extras) }
06-17 19:05:22.892 D/MediaProvider( 2560): Deleted 0 Android/media items belonging to tech.gtt.frontapp.stb.demo on /data/user/0/com.android.providers.media.module/databases/external.db
06-17 19:05:22.894 I/MediaProvider( 2560): End Intent { act=android.intent.action.PACKAGE_DATA_CLEARED dat=package:tech.gtt.frontapp.stb.demo flg=0x1000010 cmp=com.android.providers.media.module/com.android.providers.media.MediaService (has extras) }
06-17 19:05:22.919 D/gralloc_nox( 1767): gralloc_alloc: Creating ashmem region of size 8298496
06-17 19:05:22.919 E/ashmem  ( 4438): memfd: ro.vndk.version not defined or invalid (), this is mandated since P.
06-17 19:05:22.925 D/CompatibilityChangeReporter( 4438): Compat change id reported: 171979766; UID 10058; state: ENABLED
06-17 19:05:22.957 D/gralloc_nox( 1767): gralloc_alloc: Creating ashmem region of size 8298496
06-17 19:05:22.971 V/GraphicsEnvironment( 4438): ANGLE Developer option for 'tech.gtt.frontapp.stb.demo' set to: 'default'
06-17 19:05:22.971 V/GraphicsEnvironment( 4438): ANGLE GameManagerService for tech.gtt.frontapp.stb.demo: false
06-17 19:05:22.971 V/GraphicsEnvironment( 4438): Neither updatable production driver nor prerelease driver is supported.
06-17 19:05:22.981 D/NetworkSecurityConfig( 4438): Using Network Security Config from resource network_security_config debugBuild: false
06-17 19:05:22.984 D/NetworkSecurityConfig( 4438): Using Network Security Config from resource network_security_config debugBuild: false
06-17 19:05:22.998 I/MultiDex( 4438): VM with version 2.1.0 has multidex support
06-17 19:05:22.998 I/MultiDex( 4438): Installing application
06-17 19:05:22.998 I/MultiDex( 4438): VM has multidex support, MultiDex support library is disabled.
06-17 19:05:22.999 E/[Package]( 4438): params: AppConfiguration(vnoId='11026504', brandId='d0k7d3p3kdikth2o3q6g', appId='d0jucrbq6bt4h33c0ma0', sourceId='30006401-31002837', authServers='https://gtt-app-apigateway-lion.vdemosit.com', shareKey='S2kQMgUSugYyMlk5QclHDaF0uDsFnB0oJoFeAFgsKb8=', packageName='tech.gtt.frontapp.stb.demo', appName='Goose TV', appVersionName='v1.0.0', appVersionCode='7', pluginVersionCode='1', pluginVersionName='6.0.0-beta-build5', packageSeq='1', buglyAppId='d76a04165f', buglyKey='13b89b2d-1c12-4c4f-93b8-46e3c2ef9f73', baseVersionCode='20000066', gitTag='2.1.4-beta6', supportLang='en,pt,es', defaultLang='en', bootLoadType='1')
06-17 19:05:22.999 W/System.err( 4438): java.lang.ClassNotFoundException: tech.gtt.frontapp.stb.docker.plugin.PluginUtils
06-17 19:05:22.999 W/System.err( 4438): 	at java.lang.Class.classForName(Native Method)
06-17 19:05:22.999 W/System.err( 4438): 	at java.lang.Class.forName(Class.java:454)
06-17 19:05:22.999 W/System.err( 4438): 	at java.lang.Class.forName(Class.java:379)
06-17 19:05:22.999 W/System.err( 4438): 	at ot.e.b(SourceFile:3)
06-17 19:05:22.999 W/System.err( 4438): 	at tech.gtt.frontapp.stb.app.MainApplication.attachBaseContext(SourceFile:130)
06-17 19:05:23.000 W/System.err( 4438): 	at android.app.Application.attach(Application.java:338)
06-17 19:05:23.000 W/System.err( 4438): 	at android.app.Instrumentation.newApplication(Instrumentation.java:1190)
06-17 19:05:23.000 W/System.err( 4438): 	at android.app.LoadedApk.makeApplication(LoadedApk.java:1361)
06-17 19:05:23.000 W/System.err( 4438): 	at android.app.ActivityThread.handleBindApplication(ActivityThread.java:6728)
06-17 19:05:23.000 W/System.err( 4438): 	at android.app.ActivityThread.access$1500(ActivityThread.java:256)
06-17 19:05:23.000 W/System.err( 4438): 	at android.app.ActivityThread$H.handleMessage(ActivityThread.java:2091)
06-17 19:05:23.000 W/System.err( 4438): 	at android.os.Handler.dispatchMessage(Handler.java:106)
06-17 19:05:23.000 W/System.err( 4438): 	at android.os.Looper.loopOnce(Looper.java:201)
06-17 19:05:23.000 W/System.err( 4438): 	at android.os.Looper.loop(Looper.java:288)
06-17 19:05:23.000 W/System.err( 4438): 	at android.app.ActivityThread.main(ActivityThread.java:7875)
06-17 19:05:23.000 W/System.err( 4438): 	at java.lang.reflect.Method.invoke(Native Method)
06-17 19:05:23.000 W/System.err( 4438): 	at com.android.internal.os.RuntimeInit$MethodAndArgsCaller.run(RuntimeInit.java:568)
06-17 19:05:23.000 W/System.err( 4438): 	at com.android.internal.os.ZygoteInit.main(ZygoteInit.java:1005)
06-17 19:05:23.000 W/System.err( 4438): Caused by: java.lang.ClassNotFoundException: tech.gtt.frontapp.stb.docker.plugin.PluginUtils
06-17 19:05:23.000 W/System.err( 4438): 	... 18 more
06-17 19:05:23.000 E/[Package]( 4438): isInPluginMode: false
06-17 19:05:23.002 I/CustomActivityOnCrash( 4438): CustomActivityOnCrash has been installed.
06-17 19:05:23.004 I/System.out( 4438): Modular_Init : a - initialize
06-17 19:05:23.007 I/System.out( 4438): Modular_Init : d - initialize
06-17 19:05:23.010 I/System.out( 4438): Modular_Init : a - initialize
06-17 19:05:23.011 I/System.out( 4438): Modular_Init : a - initialize
06-17 19:05:23.011 D/[CatchupInitModule]( 4438): init---
06-17 19:05:23.011 I/System.out( 4438): Modular_Init : a - initialize
06-17 19:05:23.011 D/[ReplayInitialize]( 4438): init---
06-17 19:05:23.011 I/System.out( 4438): Modular_Init : a - initialize
06-17 19:05:23.011 D/[LiveInitialize]( 4438): init---
06-17 19:05:23.011 I/System.out( 4438): Modular_Init : b - initialize
06-17 19:05:23.012 D/AndroidAutoSize( 4438): designWidthInDp = 360, designHeightInDp = 640, screenWidth = 1920, screenHeight = 1080
06-17 19:05:23.012 D/AndroidAutoSize( 4438): initDensity = 2.0, initScaledDensity = 2.0
06-17 19:05:23.103 D/AndroidAutoSize( 4438): tech.gtt.frontapp.stb.m.home.activity.SplashActivity used the global configuration.
06-17 19:05:23.110 D/AndroidAutoSize( 4438): The tech.gtt.frontapp.stb.m.home.activity.SplashActivity has been adapted! 
06-17 19:05:23.110 D/AndroidAutoSize( 4438): SplashActivity Info: isBaseOnWidth = true, designWidthInDp = 1920.000000, designWidthInSubunits = 1920.000000, targetDensity = 1.000000, targetScaledDensity = 1.000000, targetDensityDpi = 160, targetXdpi = 1.000000, targetScreenWidthDp = 1920, targetScreenHeightDp = 1032
06-17 19:05:23.166 D/AndroidAutoSize( 4438): tech.gtt.frontapp.stb.m.home.activity.SplashActivity used the global configuration.
06-17 19:05:23.166 D/AndroidAutoSize( 4438): The tech.gtt.frontapp.stb.m.home.activity.SplashActivity has been adapted! 
06-17 19:05:23.166 D/AndroidAutoSize( 4438): SplashActivity Info: isBaseOnWidth = true, designWidthInDp = 1920.000000, designWidthInSubunits = 1920.000000, targetDensity = 1.000000, targetScaledDensity = 1.000000, targetDensityDpi = 160, targetXdpi = 1.000000, targetScreenWidthDp = 1920, targetScreenHeightDp = 1032
06-17 19:05:23.171 I/ActivityTaskManager( 1936): START u0 {act=android.content.pm.action.REQUEST_PERMISSIONS pkg=com.android.permissioncontroller cmp=com.android.permissioncontroller/.permission.ui.GrantPermissionsActivity (has extras)} from uid 10058
06-17 19:05:23.173 D/CompatibilityChangeReporter( 1936): Compat change id reported: 174042980; UID 10053; state: DISABLED
06-17 19:05:23.177 D/CompatibilityChangeReporter( 1936): Compat change id reported: 184838306; UID 10053; state: DISABLED
06-17 19:05:23.178 D/CompatibilityChangeReporter( 1936): Compat change id reported: 185004937; UID 10053; state: DISABLED
06-17 19:05:23.179 D/CompatibilityChangeReporter( 1936): Compat change id reported: 181136395; UID 10053; state: DISABLED
06-17 19:05:23.179 D/CompatibilityChangeReporter( 1936): Compat change id reported: 174042936; UID 10053; state: DISABLED
06-17 19:05:23.209 D/ontapp.stb.dem( 4438): createUnique: call
06-17 19:05:23.212 D/ontapp.stb.dem( 4438): HostComposition ext GL_OES_EGL_image GL_OES_EGL_image_external GL_OES_depth24 GL_OES_depth32 GL_OES_element_index_uint GL_OES_texture_float GL_OES_texture_float_linear GL_OES_compressed_paletted_texture GL_OES_compressed_ETC1_RGB8_texture GL_OES_depth_texture GL_EXT_texture_format_BGRA8888 GL_APPLE_texture_format_BGRA8888 GL_OES_texture_half_float GL_EXT_robustness GL_OES_texture_half_float_linear GL_OES_packed_depth_stencil GL_OES_vertex_half_float GL_OES_texture_npot GL_OES_rgb8_rgba8 GL_EXT_color_buffer_float GL_EXT_texture_sRGB_decode ANDROID_gles_max_version_3_1 GL_OES_vertex_array_object GL_EXT_texture_buffer GL_EXT_copy_image GL_KHR_texture_compression_astc_ldr GL_KHR_texture_compression_astc_hdr GL_OES_texture_compression_astc GL_OES_EGL_image_external
06-17 19:05:23.213 D/hw-ProcessState( 4438): Binder ioctl to enable oneway spam detection failed: Invalid argument
06-17 19:05:23.214 W/OpenGLRenderer( 4438): Failed to initialize 101010-2 format, error = EGL_SUCCESS
06-17 19:05:23.214 D/EGL_emulation( 4438): rcCreateContext wated version 2.0  rc:4
06-17 19:05:23.230 D/EGL_emulation( 4438): eglMakeCurrent: 0x74841c044090: ver 3 2 (tinfo 0x74839c04d0b0) (first time)
06-17 19:05:23.233 E/HWComposer( 1779): getSupportedContentTypes: getSupportedContentTypes failed for display 0: Unsupported (8)
06-17 19:05:23.234 I/hwservicemanager( 1567): getTransport: Cannot find entry android.hardware.graphics.mapper@4.0::IMapper/default in either framework or device VINTF manifest.
06-17 19:05:23.234 I/Gralloc4( 4438): mapper 4.x is not supported
06-17 19:05:23.234 I/hwservicemanager( 1567): getTransport: Cannot find entry android.hardware.graphics.mapper@3.0::IMapper/default in either framework or device VINTF manifest.
06-17 19:05:23.234 W/Gralloc3( 4438): mapper 3.x is not supported
06-17 19:05:23.235 I/hwservicemanager( 1567): getTransport: Cannot find entry android.hardware.graphics.allocator@4.0::IAllocator/default in either framework or device VINTF manifest.
06-17 19:05:23.235 W/Gralloc4( 4438): allocator 4.x is not supported
06-17 19:05:23.235 I/hwservicemanager( 1567): getTransport: Cannot find entry android.hardware.graphics.allocator@3.0::IAllocator/default in either framework or device VINTF manifest.
06-17 19:05:23.235 W/Gralloc3( 4438): allocator 3.x is not supported
06-17 19:05:23.235 D/gralloc_nox( 1767): gralloc_alloc: Creating ashmem region of size 8298496
06-17 19:05:23.236 D/ProcessState( 4473): Binder ioctl to enable oneway spam detection failed: Invalid argument
06-17 19:05:23.266 D/ontapp.stb.dem( 4438): createUnique: call
06-17 19:05:23.266 D/ontapp.stb.dem( 4438): HostComposition ext GL_OES_EGL_image GL_OES_EGL_image_external GL_OES_depth24 GL_OES_depth32 GL_OES_element_index_uint GL_OES_texture_float GL_OES_texture_float_linear GL_OES_compressed_paletted_texture GL_OES_compressed_ETC1_RGB8_texture GL_OES_depth_texture GL_EXT_texture_format_BGRA8888 GL_APPLE_texture_format_BGRA8888 GL_OES_texture_half_float GL_EXT_robustness GL_OES_texture_half_float_linear GL_OES_packed_depth_stencil GL_OES_vertex_half_float GL_OES_texture_npot GL_OES_rgb8_rgba8 GL_EXT_color_buffer_float GL_EXT_texture_sRGB_decode ANDROID_gles_max_version_3_1 GL_OES_vertex_array_object GL_EXT_texture_buffer GL_EXT_copy_image GL_KHR_texture_compression_astc_ldr GL_KHR_texture_compression_astc_hdr GL_OES_texture_compression_astc GL_OES_EGL_image_external
06-17 19:05:23.267 D/gralloc_nox( 1767): gralloc_alloc: Creating ashmem region of size 8298496
06-17 19:05:23.295 D/gralloc_nox( 1767): gralloc_alloc: Creating ashmem region of size 8298496
06-17 19:05:23.366 E/libEGL  ( 4438): called unimplemented OpenGL ES API
06-17 19:05:23.534 W/System  ( 1936): A resource failed to call release. 
06-17 19:05:23.572 D/CompatibilityChangeReporter( 4417): Compat change id reported: 171228096; UID 10053; state: ENABLED
06-17 19:05:23.639 W/InputManager-JNI( 1936): Input channel object '83a6eb3 Splash Screen tech.gtt.frontapp.stb.demo (client)' was disposed without first being removed with the input manager!
06-17 19:05:23.730 I/ActivityTaskManager( 1936): Displayed com.android.permissioncontroller/.permission.ui.GrantPermissionsActivity: +895ms
06-17 19:05:23.750 D/ProcessState( 4491): Binder ioctl to enable oneway spam detection failed: Invalid argument
06-17 19:05:23.813 D/hw-ProcessState( 4417): Binder ioctl to enable oneway spam detection failed: Invalid argument
06-17 19:05:23.814 I/hwservicemanager( 1567): getTransport: Cannot find entry android.hardware.graphics.mapper@4.0::IMapper/default in either framework or device VINTF manifest.
06-17 19:05:23.814 I/Gralloc4( 4417): mapper 4.x is not supported
06-17 19:05:23.814 I/hwservicemanager( 1567): getTransport: Cannot find entry android.hardware.graphics.mapper@3.0::IMapper/default in either framework or device VINTF manifest.
06-17 19:05:23.814 W/Gralloc3( 4417): mapper 3.x is not supported
06-17 19:05:23.815 I/hwservicemanager( 1567): getTransport: Cannot find entry android.hardware.graphics.allocator@4.0::IAllocator/default in either framework or device VINTF manifest.
06-17 19:05:23.815 W/Gralloc4( 4417): allocator 4.x is not supported
06-17 19:05:23.815 I/hwservicemanager( 1567): getTransport: Cannot find entry android.hardware.graphics.allocator@3.0::IAllocator/default in either framework or device VINTF manifest.
06-17 19:05:23.815 W/Gralloc3( 4417): allocator 3.x is not supported
06-17 19:05:23.816 D/gralloc_nox( 1767): gralloc_alloc: Creating ashmem region of size 5496832
06-17 19:05:23.831 D/ssioncontrolle( 4417): createUnique: call
06-17 19:05:23.869 D/ssioncontrolle( 4417): HostComposition ext GL_OES_EGL_image GL_OES_EGL_image_external GL_OES_depth24 GL_OES_depth32 GL_OES_element_index_uint GL_OES_texture_float GL_OES_texture_float_linear GL_OES_compressed_paletted_texture GL_OES_compressed_ETC1_RGB8_texture GL_OES_depth_texture GL_EXT_texture_format_BGRA8888 GL_APPLE_texture_format_BGRA8888 GL_OES_texture_half_float GL_EXT_robustness GL_OES_texture_half_float_linear GL_OES_packed_depth_stencil GL_OES_vertex_half_float GL_OES_texture_npot GL_OES_rgb8_rgba8 GL_EXT_color_buffer_float GL_EXT_texture_sRGB_decode ANDROID_gles_max_version_3_1 GL_OES_vertex_array_object GL_EXT_texture_buffer GL_EXT_copy_image GL_KHR_texture_compression_astc_ldr GL_KHR_texture_compression_astc_hdr GL_OES_texture_compression_astc GL_OES_EGL_image_external
06-17 19:05:23.952 D/gralloc_nox( 1767): gralloc_alloc: Creating ashmem region of size 5496832
06-17 19:05:24.113 D/gralloc_nox( 1767): gralloc_alloc: Creating ashmem region of size 5496832
06-17 19:05:25.843 E/TaskPersister( 1936): File error accessing recents directory (directory doesn't exist?).
06-17 19:05:25.887 E/adbd    ( 1785): failed to connect to socket 'tcp:9008': Connection refused
06-17 19:05:25.912 E/adbd    ( 1785): failed to connect to socket 'tcp:9008': Connection refused
06-17 19:05:25.963 E/adbd    ( 1785): failed to connect to socket 'tcp:9008': Connection refused
06-17 19:05:26.000 E/adbd    ( 1785): failed to connect to socket 'tcp:9008': Connection refused
06-17 19:05:26.034 D/AndroidRuntime( 4504): >>>>>> START com.android.internal.os.RuntimeInit uid 0 <<<<<<
06-17 19:05:26.036 I/AndroidRuntime( 4504): Using default boot image
06-17 19:05:26.037 I/AndroidRuntime( 4504): Leaving lock profiling enabled
06-17 19:05:26.038 W/app_process( 4504): ART APEX data files are untrusted.
06-17 19:05:26.038 I/app_process( 4504): Core platform API reporting enabled, enforcing=false
06-17 19:05:26.107 D/app_process( 4504): Time zone APEX ICU file found: /apex/com.android.tzdata/etc/icu/icu_tzdata.dat
06-17 19:05:26.107 D/app_process( 4504): I18n APEX ICU file found: /apex/com.android.i18n/etc/icu/icudt68l.dat
06-17 19:05:26.114 W/app_process( 4504): Unexpected CPU variant for X86 using defaults: x86_64
06-17 19:05:26.162 D/ProcessState( 4504): Binder ioctl to enable oneway spam detection failed: Invalid argument
06-17 19:05:26.163 D/AndroidRuntime( 4504): Calling main entry com.wetest.uia2.Main
06-17 19:05:26.163 I/uidumper( 4504): [UiAutomator2Server] Starting Server
06-17 19:05:26.218 I/UiDevice( 4504): Creating a new instance, old instance exists: false
06-17 19:05:26.223 V/UiAutomation( 4504): Init UiAutomation@fcb9f85[id=13, flags=0]
06-17 19:05:26.223 D/BatterySaverPolicy( 1936): accessibility changed to true, updating policy.
06-17 19:05:26.224 D/UiDevice( 4504): Setting accessibility service flags: 65618
06-17 19:05:26.234 D/UiDevice( 4504): Turning on screen.
06-17 19:05:26.238 W/Java7Support( 4504): Unable to load JDK7 types (annotations, java.nio.file.Path): no Java7 support added
06-17 19:05:26.246 I/uidumper( 4504): clipboardManager inited
06-17 19:05:26.248 I/uidumper( 4504): tmpdir is /data/local/tmp/u2
06-17 19:05:26.265 I/uidumper( 4504): http server listening on *:9008
06-17 19:05:26.538 D/UIAutomatorStub( 4504): URI: /ping, Method: GET, params, {NanoHttpd.QUERY_STRING=null}, files: {}
06-17 19:05:26.570 D/UIAutomatorStub( 4504): URI: /jsonrpc/0, Method: POST, params, {NanoHttpd.QUERY_STRING=null}, files: {postData={"jsonrpc": "2.0", "id": 1, "method": "count", "params": [{"mask": 2097152, "childOrSibling": [], "childOrSiblingSelector": [], "resourceId": "com.android.permissioncontroller:id/permission_allow_button"}]}}
06-17 19:05:26.580 D/UiObject( 4504): Waiting 0ms for UiSelector[RESOURCE_ID=com.android.permissioncontroller:id/permission_allow_button].
06-17 19:05:26.581 W/QueryController( 4504): Could not detect idle state.
06-17 19:05:26.589 I/QueryController( 4504): Matched selector: UiSelector[RESOURCE_ID=com.android.permissioncontroller:id/permission_allow_button] <<==>> [android.view.accessibility.AccessibilityNodeInfo@b845; boundsInParent: Rect(0, 0 - 992, 112); boundsInScreen: Rect(464, 557 - 1456, 669); packageName: com.android.permissioncontroller; className: android.widget.Button; text: 允许; error: null; maxTextLength: -1; stateDescription: null; contentDescription: null; tooltipText: null; viewIdResName: com.android.permissioncontroller:id/permission_allow_button; checkable: false; checked: false; focusable: true; focused: false; selected: false; clickable: true; longClickable: false; contextClickable: false; enabled: true; password: false; scrollable: false; importantForAccessibility: true; visible: true; actions: [AccessibilityAction: ACTION_FOCUS - null, AccessibilityAction: ACTION_SELECT - null, AccessibilityAction: ACTION_CLEAR_SELECTION - null, AccessibilityAction: ACTION_CLICK - null, AccessibilityAction: ACTION_ACCESSIBILITY_FOCUS - null, AccessibilityAction: ACTION_NEXT_AT_MOVEMENT_GRANULARITY - null, AccessibilityAction: ACTION_PREVIOUS_AT_MOVEMENT_GRANULARITY - null, AccessibilityAction: ACTION_SET_SELECTION - null, AccessibilityAction: ACTION_SHOW_ON_SCREEN - null]]
06-17 19:05:26.589 D/UiObject( 4504): Waiting 0ms for UiSelector[INSTANCE=1, RESOURCE_ID=com.android.permissioncontroller:id/permission_allow_button].
06-17 19:05:26.589 W/QueryController( 4504): Could not detect idle state.
06-17 19:05:26.628 D/UIAutomatorStub( 4504): URI: /jsonrpc/0, Method: POST, params, {NanoHttpd.QUERY_STRING=null}, files: {postData={"jsonrpc": "2.0", "id": 1, "method": "waitForExists", "params": [{"mask": 2097152, "childOrSibling": [], "childOrSiblingSelector": [], "resourceId": "com.android.permissioncontroller:id/permission_allow_button"}, 20000]}}
06-17 19:05:26.630 D/UiDevice( 4504): Waiting 20000ms for SearchCondition[hasObject=BySelector [RES='\Qcom.android.permissioncontroller:id/permission_allow_button\E']].
06-17 19:05:26.630 D/UiDevice( 4504): Searching for node with selector: BySelector [RES='\Qcom.android.permissioncontroller:id/permission_allow_button\E'].
06-17 19:05:26.631 W/QueryController( 4504): Could not detect idle state.
06-17 19:05:26.656 D/UIAutomatorStub( 4504): URI: /jsonrpc/0, Method: POST, params, {NanoHttpd.QUERY_STRING=null}, files: {postData={"jsonrpc": "2.0", "id": 1, "method": "objInfo", "params": [{"mask": 2097152, "childOrSibling": [], "childOrSiblingSelector": [], "resourceId": "com.android.permissioncontroller:id/permission_allow_button"}]}}
06-17 19:05:26.659 D/UiDevice( 4504): Retrieving node with selector: BySelector [RES='\Qcom.android.permissioncontroller:id/permission_allow_button\E'].
06-17 19:05:26.660 W/QueryController( 4504): Could not detect idle state.
06-17 19:05:26.671 W/QueryController( 4504): Could not detect idle state.
06-17 19:05:26.672 W/QueryController( 4504): Could not detect idle state.
06-17 19:05:26.673 W/QueryController( 4504): Could not detect idle state.
06-17 19:05:26.676 W/QueryController( 4504): Could not detect idle state.
06-17 19:05:26.680 W/QueryController( 4504): Could not detect idle state.
06-17 19:05:26.684 W/QueryController( 4504): Could not detect idle state.
06-17 19:05:26.686 W/QueryController( 4504): Could not detect idle state.
06-17 19:05:26.688 W/QueryController( 4504): Could not detect idle state.
06-17 19:05:26.689 W/QueryController( 4504): Could not detect idle state.
06-17 19:05:26.691 W/QueryController( 4504): Could not detect idle state.
06-17 19:05:26.693 W/QueryController( 4504): Could not detect idle state.
06-17 19:05:26.698 W/QueryController( 4504): Could not detect idle state.
06-17 19:05:26.701 W/QueryController( 4504): Could not detect idle state.
06-17 19:05:26.703 W/QueryController( 4504): Could not detect idle state.
06-17 19:05:26.704 W/QueryController( 4504): Could not detect idle state.
06-17 19:05:26.705 W/QueryController( 4504): Could not detect idle state.
06-17 19:05:26.706 W/QueryController( 4504): Could not detect idle state.
06-17 19:05:26.746 D/UIAutomatorStub( 4504): URI: /jsonrpc/0, Method: POST, params, {NanoHttpd.QUERY_STRING=null}, files: {postData={"jsonrpc": "2.0", "id": 1, "method": "click", "params": [960.0, 613.0]}}
06-17 19:05:26.760 V/DisplayPowerController[0]( 1936): Brightness [0.39763778] reason changing to: 'manual', previous reason: 'manual [ dim ]'.
06-17 19:05:26.776 E/DisplayDeviceConfig( 1936): requesting nits when no mapping exists.
06-17 19:05:26.777 E/DisplayDeviceConfig( 1936): requesting nits when no mapping exists.
06-17 19:05:26.778 I/DropBoxManagerService( 1936): add tag=system_server_wtf isTagEnabled=true flags=0x2
06-17 19:05:26.778 E/LightsService( 1936): Light requested not available on this device. 0
06-17 19:05:26.780 I/DropBoxManagerService( 1936): add tag=system_server_wtf isTagEnabled=true flags=0x2
06-17 19:05:26.797 E/DisplayDeviceConfig( 1936): requesting nits when no mapping exists.
06-17 19:05:26.800 E/DisplayDeviceConfig( 1936): requesting nits when no mapping exists.
06-17 19:05:26.802 I/DropBoxManagerService( 1936): add tag=system_server_wtf isTagEnabled=true flags=0x2
06-17 19:05:26.803 E/LightsService( 1936): Light requested not available on this device. 0
06-17 19:05:26.805 I/DropBoxManagerService( 1936): add tag=system_server_wtf isTagEnabled=true flags=0x2
06-17 19:05:26.811 E/DisplayDeviceConfig( 1936): requesting nits when no mapping exists.
06-17 19:05:26.813 E/DisplayDeviceConfig( 1936): requesting nits when no mapping exists.
06-17 19:05:26.816 I/DropBoxManagerService( 1936): add tag=system_server_wtf isTagEnabled=true flags=0x2
06-17 19:05:26.816 E/LightsService( 1936): Light requested not available on this device. 0
06-17 19:05:26.826 E/DisplayDeviceConfig( 1936): requesting nits when no mapping exists.
06-17 19:05:26.827 E/DisplayDeviceConfig( 1936): requesting nits when no mapping exists.
06-17 19:05:26.830 E/LightsService( 1936): Light requested not available on this device. 0
06-17 19:05:26.842 E/DisplayDeviceConfig( 1936): requesting nits when no mapping exists.
06-17 19:05:26.843 E/DisplayDeviceConfig( 1936): requesting nits when no mapping exists.
06-17 19:05:26.848 E/LightsService( 1936): Light requested not available on this device. 0
06-17 19:05:26.860 E/DisplayDeviceConfig( 1936): requesting nits when no mapping exists.
06-17 19:05:26.861 E/DisplayDeviceConfig( 1936): requesting nits when no mapping exists.
06-17 19:05:26.866 E/LightsService( 1936): Light requested not available on this device. 0
06-17 19:05:26.875 E/DisplayDeviceConfig( 1936): requesting nits when no mapping exists.
06-17 19:05:26.876 E/DisplayDeviceConfig( 1936): requesting nits when no mapping exists.
06-17 19:05:26.877 E/LightsService( 1936): Light requested not available on this device. 0
06-17 19:05:26.892 E/DisplayDeviceConfig( 1936): requesting nits when no mapping exists.
06-17 19:05:26.893 E/DisplayDeviceConfig( 1936): requesting nits when no mapping exists.
06-17 19:05:26.900 E/LightsService( 1936): Light requested not available on this device. 0
06-17 19:05:26.909 E/DisplayDeviceConfig( 1936): requesting nits when no mapping exists.
06-17 19:05:26.909 E/DisplayDeviceConfig( 1936): requesting nits when no mapping exists.
06-17 19:05:26.914 E/LightsService( 1936): Light requested not available on this device. 0
06-17 19:05:26.925 E/DisplayDeviceConfig( 1936): requesting nits when no mapping exists.
06-17 19:05:26.927 E/DisplayDeviceConfig( 1936): requesting nits when no mapping exists.
06-17 19:05:26.928 E/LightsService( 1936): Light requested not available on this device. 0
06-17 19:05:26.941 E/DisplayDeviceConfig( 1936): requesting nits when no mapping exists.
06-17 19:05:26.942 E/DisplayDeviceConfig( 1936): requesting nits when no mapping exists.
06-17 19:05:26.943 E/LightsService( 1936): Light requested not available on this device. 0
06-17 19:05:26.959 E/DisplayDeviceConfig( 1936): requesting nits when no mapping exists.
06-17 19:05:26.962 E/DisplayDeviceConfig( 1936): requesting nits when no mapping exists.
06-17 19:05:26.964 E/LightsService( 1936): Light requested not available on this device. 0
06-17 19:05:26.975 E/DisplayDeviceConfig( 1936): requesting nits when no mapping exists.
06-17 19:05:26.976 E/DisplayDeviceConfig( 1936): requesting nits when no mapping exists.
06-17 19:05:26.977 E/LightsService( 1936): Light requested not available on this device. 0
06-17 19:05:26.992 E/DisplayDeviceConfig( 1936): requesting nits when no mapping exists.
06-17 19:05:26.993 E/DisplayDeviceConfig( 1936): requesting nits when no mapping exists.
06-17 19:05:26.998 E/LightsService( 1936): Light requested not available on this device. 0
06-17 19:05:27.009 E/DisplayDeviceConfig( 1936): requesting nits when no mapping exists.
06-17 19:05:27.010 V/GrantPermissionsViewModel( 4417): Logged buttons presented and clicked permissionGroupName=android.permission-group.STORAGE uid=10058 selectedLocations=0 package=tech.gtt.frontapp.stb.demo presentedButtons=9 clickedButton=1 sessionId=-5810191259525687308 targetSdk=35
06-17 19:05:27.010 E/DisplayDeviceConfig( 1936): requesting nits when no mapping exists.
06-17 19:05:27.013 E/LightsService( 1936): Light requested not available on this device. 0
06-17 19:05:27.016 I/MediaProvider( 2560): Invalidating LocalCallingIdentity cache for package tech.gtt.frontapp.stb.demo. Reason: op android:read_external_storage
06-17 19:05:27.018 V/GrantPermissionsViewModel( 4417): Permission grant result requestId=-5810191259525687308 callingUid=10058 callingPackage=tech.gtt.frontapp.stb.demo permission=android.permission.READ_EXTERNAL_STORAGE isImplicit=false result=4
06-17 19:05:27.020 D/gralloc_nox( 1767): gralloc_alloc: Creating ashmem region of size 8298496
06-17 19:05:27.060 E/android.hardware.audio.service( 1759): pcm_open called create stream faild
06-17 19:05:27.293 D/CompatibilityChangeReporter( 4438): Compat change id reported: 78294732; UID 10058; state: ENABLED
06-17 19:05:27.295 I/b       ( 4438): freeSpace : 116666MB
06-17 19:05:27.333 D/ProcessState( 4531): Binder ioctl to enable oneway spam detection failed: Invalid argument
06-17 19:05:27.432 D/ConnectivityService( 1936): NetReassign [no changes]
06-17 19:05:27.439 V/GSK     ( 4438): StorageServiceImpl initialization() executed in 0 ms.
06-17 19:05:27.440 W/ConnectivityManager.CallbackHandler( 4438): callback not found for CALLBACK_AVAILABLE message
06-17 19:05:27.440 V/GSK     ( 4438): SecurityServiceImpl initialization() executed in 0 ms.
06-17 19:05:27.513 W/System.err( 4438): SLF4J(W): No SLF4J providers were found.
06-17 19:05:27.513 W/System.err( 4438): SLF4J(W): Defaulting to no-operation (NOP) logger implementation
06-17 19:05:27.513 W/System.err( 4438): SLF4J(W): See https://www.slf4j.org/codes.html#noProviders for further details.
06-17 19:05:27.568 W/InputManager-JNI( 1936): Input channel object '5c5df18 com.android.permissioncontroller/com.android.permissioncontroller.permission.ui.GrantPermissionsActivity (client)' was disposed without first being removed with the input manager!
06-17 19:05:27.573 W/System.err( 4438): kotlinx.serialization.json.internal.JsonDecodingException: Expected start of the object '{', but had 'EOF' instead at path: $
06-17 19:05:27.573 W/System.err( 4438): JSON input: 
06-17 19:05:27.573 W/System.err( 4438): 	at kotlinx.serialization.json.internal.JsonExceptionsKt.JsonDecodingException(SourceFile:1)
06-17 19:05:27.573 W/System.err( 4438): 	at kotlinx.serialization.json.internal.JsonExceptionsKt.JsonDecodingException(SourceFile:2)
06-17 19:05:27.573 W/System.err( 4438): 	at kotlinx.serialization.json.internal.AbstractJsonLexer.fail(SourceFile:52)
06-17 19:05:27.573 W/System.err( 4438): 	at kotlinx.serialization.json.internal.AbstractJsonLexer.fail$default(SourceFile:15)
06-17 19:05:27.573 W/System.err( 4438): 	at kotlinx.serialization.json.internal.AbstractJsonLexer.unexpectedToken(SourceFile:103)
06-17 19:05:27.573 W/System.err( 4438): 	at kotlinx.serialization.json.internal.StringJsonLexer.consumeNextToken(SourceFile:16)
06-17 19:05:27.573 W/System.err( 4438): 	at kotlinx.serialization.json.internal.StreamingJsonDecoder.beginStructure(SourceFile:23)
06-17 19:05:27.573 W/System.err( 4438): 	at tech.gtt.frontapp.servicesdk.common.service.utility.apis.e2ee.E2eeConfigResponse$$serializer.deserialize(SourceFile:2)
06-17 19:05:27.573 W/System.err( 4438): 	at tech.gtt.frontapp.servicesdk.common.service.utility.apis.e2ee.E2eeConfigResponse$$serializer.deserialize(SourceFile:1)
06-17 19:05:27.573 W/System.err( 4438): 	at kotlinx.serialization.json.internal.StreamingJsonDecoder.decodeSerializableValue(SourceFile:320)
06-17 19:05:27.573 W/System.err( 4438): 	at kotlinx.serialization.json.Json.decodeFromString(SourceFile:3)
06-17 19:05:27.573 W/System.err( 4438): 	at tech.gtt.frontapp.servicesdk.common.service.utility.apis.e2ee.E2eeManager.syncE2eeConfig(SourceFile:74)
06-17 19:05:27.573 W/System.err( 4438): 	at tech.gtt.frontapp.servicesdk.common.service.utility.apis.ApiUtilServiceImpl.onServiceInit(SourceFile:228)
06-17 19:05:27.573 W/System.err( 4438): 	at tech.gtt.frontapp.servicesdk.common.core.ServiceSDKImpl.executeServiceInitialize(SourceFile:372)
06-17 19:05:27.573 W/System.err( 4438): 	at tech.gtt.frontapp.servicesdk.common.core.ServiceSDKImpl.access$executeServiceInitialize(SourceFile:1)
06-17 19:05:27.573 W/System.err( 4438): 	at tech.gtt.frontapp.servicesdk.common.core.ServiceSDKImpl$init$1.invokeSuspend(SourceFile:178)
06-17 19:05:27.573 W/System.err( 4438): 	at tech.gtt.frontapp.servicesdk.common.core.ServiceSDKImpl$init$1.invoke(SourceFile:2)
06-17 19:05:27.573 W/System.err( 4438): 	at tech.gtt.frontapp.servicesdk.common.core.ServiceSDKImpl$init$1.invoke(SourceFile:1)
06-17 19:05:27.573 W/System.err( 4438): 	at kotlinx.coroutines.flow.SafeFlow.collectSafely(SourceFile:3)
06-17 19:05:27.573 W/System.err( 4438): 	at kotlinx.coroutines.flow.AbstractFlow.collect(SourceFile:70)
06-17 19:05:27.573 W/System.err( 4438): 	at tech.gtt.frontapp.servicesdk.common.core.SDKSetup$build$1.invokeSuspend(SourceFile:42)
06-17 19:05:27.573 W/System.err( 4438): 	at tech.gtt.frontapp.servicesdk.common.core.SDKSetup$build$1.invoke(SourceFile:2)
06-17 19:05:27.573 W/System.err( 4438): 	at tech.gtt.frontapp.servicesdk.common.core.SDKSetup$build$1.invoke(SourceFile:1)
06-17 19:05:27.573 W/System.err( 4438): 	at tech.gtt.frontapp.servicesdk.common.core.Scheduler$scheduleDirect$1.invokeSuspend(SourceFile:61)
06-17 19:05:27.573 W/System.err( 4438): 	at lh.a.resumeWith(SourceFile:14)
06-17 19:05:27.573 W/System.err( 4438): 	at kotlinx.coroutines.DispatchedTask.run(SourceFile:123)
06-17 19:05:27.573 W/System.err( 4438): 	at kotlinx.coroutines.internal.LimitedDispatcher$Worker.run(SourceFile:4)
06-17 19:05:27.573 W/System.err( 4438): 	at kotlinx.coroutines.scheduling.TaskImpl.run(SourceFile:3)
06-17 19:05:27.573 W/System.err( 4438): 	at kotlinx.coroutines.scheduling.CoroutineScheduler.runSafely(SourceFile:1)
06-17 19:05:27.573 W/System.err( 4438): 	at kotlinx.coroutines.scheduling.CoroutineScheduler$Worker.executeTask(SourceFile:34)
06-17 19:05:27.573 W/System.err( 4438): 	at kotlinx.coroutines.scheduling.CoroutineScheduler$Worker.runWorker(SourceFile:29)
06-17 19:05:27.574 W/System.err( 4438): 	at kotlinx.coroutines.scheduling.CoroutineScheduler$Worker.run(SourceFile:1)
06-17 19:05:27.586 W/System.err( 4438): java.io.FileNotFoundException: sys/class/sunxi_info/sys_info: open failed: ENOENT (No such file or directory)
06-17 19:05:27.586 W/System.err( 4438): 	at libcore.io.IoBridge.open(IoBridge.java:575)
06-17 19:05:27.586 W/System.err( 4438): 	at java.io.FileInputStream.<init>(FileInputStream.java:160)
06-17 19:05:27.586 W/System.err( 4438): 	at java.io.FileInputStream.<init>(FileInputStream.java:115)
06-17 19:05:27.586 W/System.err( 4438): 	at ip.b.b(SourceFile:5)
06-17 19:05:27.586 W/System.err( 4438): 	at ip.b.a(SourceFile:155)
06-17 19:05:27.586 W/System.err( 4438): 	at ip.a.invoke(SourceFile:589)
06-17 19:05:27.586 W/System.err( 4438): 	at dh.v.getValue(SourceFile:21)
06-17 19:05:27.586 W/System.err( 4438): 	at tech.gtt.frontapp.servicesdk.common.network.interceptor.params.ApiDeviceParams.handleFixedParams(SourceFile:52)
06-17 19:05:27.586 W/System.err( 4438): 	at tech.gtt.frontapp.servicesdk.common.service.utility.apis.IParamsGetter.toMaps(SourceFile:87)
06-17 19:05:27.586 W/System.err( 4438): 	at tech.gtt.frontapp.servicesdk.common.network.interceptor.DefaultParamsInterceptor.onRequest(SourceFile:127)
06-17 19:05:27.586 W/System.err( 4438): 	at tech.gtt.frontapp.servicesdk.common.network.interceptor.SDKInterceptorsPluginKt$setupRequestInterception$1.invokeSuspend(SourceFile:103)
06-17 19:05:27.586 W/System.err( 4438): 	at tech.gtt.frontapp.servicesdk.common.network.interceptor.SDKInterceptorsPluginKt$setupRequestInterception$1.invoke(SourceFile:1)
06-17 19:05:27.586 W/System.err( 4438): 	at tech.gtt.frontapp.servicesdk.common.network.interceptor.SDKInterceptorsPluginKt$setupRequestInterception$1.invoke(SourceFile:2)
06-17 19:05:27.586 W/System.err( 4438): 	at io.ktor.util.pipeline.DebugPipelineContext.proceedLoop(SourceFile:86)
06-17 19:05:27.586 W/System.err( 4438): 	at io.ktor.util.pipeline.DebugPipelineContext.proceed(SourceFile:26)
06-17 19:05:27.586 W/System.err( 4438): 	at io.ktor.client.plugins.RequestError$install$1.invokeSuspend(SourceFile:47)
06-17 19:05:27.586 W/System.err( 4438): 	at io.ktor.client.plugins.RequestError$install$1.invoke(SourceFile:1)
06-17 19:05:27.586 W/System.err( 4438): 	at io.ktor.client.plugins.RequestError$install$1.invoke(SourceFile:2)
06-17 19:05:27.586 W/System.err( 4438): 	at io.ktor.util.pipeline.DebugPipelineContext.proceedLoop(SourceFile:86)
06-17 19:05:27.586 W/System.err( 4438): 	at io.ktor.util.pipeline.DebugPipelineContext.proceed(SourceFile:26)
06-17 19:05:27.586 W/System.err( 4438): 	at io.ktor.client.plugins.SetupRequestContext$install$1.invokeSuspend$proceed(SourceFile:1)
06-17 19:05:27.586 W/System.err( 4438): 	at io.ktor.client.plugins.SetupRequestContext$install$1.access$invokeSuspend$proceed(SourceFile:1)
06-17 19:05:27.586 W/System.err( 4438): 	at io.ktor.client.plugins.SetupRequestContext$install$1$1.invoke(SourceFile:2)
06-17 19:05:27.586 W/System.err( 4438): 	at io.ktor.client.plugins.SetupRequestContext$install$1$1.invoke(SourceFile:1)
06-17 19:05:27.586 W/System.err( 4438): 	at io.ktor.client.plugins.HttpRequestLifecycleKt$HttpRequestLifecycle$1$1.invokeSuspend(SourceFile:78)
06-17 19:05:27.586 W/System.err( 4438): 	at io.ktor.client.plugins.HttpRequestLifecycleKt$HttpRequestLifecycle$1$1.invoke(SourceFile:1)
06-17 19:05:27.586 W/System.err( 4438): 	at io.ktor.client.plugins.HttpRequestLifecycleKt$HttpRequestLifecycle$1$1.invoke(SourceFile:2)
06-17 19:05:27.586 W/System.err( 4438): 	at io.ktor.client.plugins.SetupRequestContext$install$1.invokeSuspend(SourceFile:42)
06-17 19:05:27.586 W/System.err( 4438): 	at io.ktor.client.plugins.SetupRequestContext$install$1.invoke(SourceFile:1)
06-17 19:05:27.586 W/System.err( 4438): 	at io.ktor.client.plugins.SetupRequestContext$install$1.invoke(SourceFile:2)
06-17 19:05:27.586 W/System.err( 4438): 	at io.ktor.util.pipeline.DebugPipelineContext.proceedLoop(SourceFile:86)
06-17 19:05:27.586 W/System.err( 4438): 	at io.ktor.util.pipeline.DebugPipelineContext.proceed(SourceFile:26)
06-17 19:05:27.586 W/System.err( 4438): 	at io.ktor.util.pipeline.DebugPipelineContext.execute$ktor_utils(SourceFile:7)
06-17 19:05:27.586 W/System.err( 4438): 	at io.ktor.util.pipeline.Pipeline.execute(SourceFile:9)
06-17 19:05:27.586 W/System.err( 4438): 	at io.ktor.client.HttpClient.execute$ktor_client_core(SourceFile:68)
06-17 19:05:27.586 W/System.err( 4438): 	at io.ktor.client.statement.HttpStatement.fetchResponse(SourceFile:90)
06-17 19:05:27.586 W/System.err( 4438): 	at io.ktor.client.statement.HttpStatement.execute(SourceFile:9)
06-17 19:05:27.586 W/System.err( 4438): 	at de.jensklingenberg.ktorfit.internal.KtorfitConverterHelper.suspendRequest(SourceFile:127)
06-17 19:05:27.586 W/System.err( 4438): 	at de.jensklingenberg.ktorfit.internal.KtorfitConverterHelper$request$1$1.invokeSuspend(SourceFile:58)
06-17 19:05:27.586 W/System.err( 4438): 	at de.jensklingenberg.ktorfit.internal.KtorfitConverterHelper$request$1$1.invoke(SourceFile:2)
06-17 19:05:27.587 W/System.err( 4438): 	at de.jensklingenberg.ktorfit.internal.KtorfitConverterHelper$request$1$1.invoke(SourceFile:1)
06-17 19:05:27.587 W/System.err( 4438): 	at de.jensklingenberg.ktorfit.converter.FlowConverterFactory$responseConverter$1$convert$1.invokeSuspend(SourceFile:84)
06-17 19:05:27.587 W/System.err( 4438): 	at de.jensklingenberg.ktorfit.converter.FlowConverterFactory$responseConverter$1$convert$1.invoke(SourceFile:2)
06-17 19:05:27.587 W/System.err( 4438): 	at de.jensklingenberg.ktorfit.converter.FlowConverterFactory$responseConverter$1$convert$1.invoke(SourceFile:1)
06-17 19:05:27.587 W/System.err( 4438): 	at kotlinx.coroutines.flow.SafeFlow.collectSafely(SourceFile:3)
06-17 19:05:27.587 W/System.err( 4438): 	at kotlinx.coroutines.flow.AbstractFlow.collect(SourceFile:70)
06-17 19:05:27.587 W/System.err( 4438): 	at kotlinx.coroutines.flow.FlowKt__MergeKt$flatMapConcat$$inlined$map$1.collect(SourceFile:10)
06-17 19:05:27.587 W/System.err( 4438): 	at kotlinx.coroutines.flow.FlowKt__MergeKt$flattenConcat$$inlined$unsafeFlow$1.collect(SourceFile:8)
06-17 19:05:27.587 W/System.err( 4438): 	at kotlinx.coroutines.flow.FlowKt__CollectKt.collect(SourceFile:1)
06-17 19:05:27.587 W/System.err( 4438): 	at kotlinx.coroutines.flow.FlowKt.collect(SourceFile:1)
06-17 19:05:27.587 W/System.err( 4438): 	at tech.gtt.frontapp.servicesdk.common.service.utility.apis.ApiUtilServiceImpl.onServiceInit(SourceFile:240)
06-17 19:05:27.587 W/System.err( 4438): 	at tech.gtt.frontapp.servicesdk.common.core.ServiceSDKImpl.executeServiceInitialize(SourceFile:372)
06-17 19:05:27.587 W/System.err( 4438): 	at tech.gtt.frontapp.servicesdk.common.core.ServiceSDKImpl.access$executeServiceInitialize(SourceFile:1)
06-17 19:05:27.587 W/System.err( 4438): 	at tech.gtt.frontapp.servicesdk.common.core.ServiceSDKImpl$init$1.invokeSuspend(SourceFile:178)
06-17 19:05:27.587 W/System.err( 4438): 	at tech.gtt.frontapp.servicesdk.common.core.ServiceSDKImpl$init$1.invoke(SourceFile:2)
06-17 19:05:27.587 W/System.err( 4438): 	at tech.gtt.frontapp.servicesdk.common.core.ServiceSDKImpl$init$1.invoke(SourceFile:1)
06-17 19:05:27.587 W/System.err( 4438): 	at kotlinx.coroutines.flow.SafeFlow.collectSafely(SourceFile:3)
06-17 19:05:27.587 W/System.err( 4438): 	at kotlinx.coroutines.flow.AbstractFlow.collect(SourceFile:70)
06-17 19:05:27.587 W/System.err( 4438): 	at tech.gtt.frontapp.servicesdk.common.core.SDKSetup$build$1.invokeSuspend(SourceFile:42)
06-17 19:05:27.587 W/System.err( 4438): 	at tech.gtt.frontapp.servicesdk.common.core.SDKSetup$build$1.invoke(SourceFile:2)
06-17 19:05:27.587 W/System.err( 4438): 	at tech.gtt.frontapp.servicesdk.common.core.SDKSetup$build$1.invoke(SourceFile:1)
06-17 19:05:27.587 W/System.err( 4438): 	at tech.gtt.frontapp.servicesdk.common.core.Scheduler$scheduleDirect$1.invokeSuspend(SourceFile:61)
06-17 19:05:27.587 W/System.err( 4438): 	at lh.a.resumeWith(SourceFile:14)
06-17 19:05:27.587 W/System.err( 4438): 	at kotlinx.coroutines.DispatchedTask.run(SourceFile:123)
06-17 19:05:27.587 W/System.err( 4438): 	at kotlinx.coroutines.internal.LimitedDispatcher$Worker.run(SourceFile:4)
06-17 19:05:27.587 W/System.err( 4438): 	at kotlinx.coroutines.scheduling.TaskImpl.run(SourceFile:3)
06-17 19:05:27.587 W/System.err( 4438): 	at kotlinx.coroutines.scheduling.CoroutineScheduler.runSafely(SourceFile:1)
06-17 19:05:27.587 W/System.err( 4438): 	at kotlinx.coroutines.scheduling.CoroutineScheduler$Worker.executeTask(SourceFile:34)
06-17 19:05:27.587 W/System.err( 4438): 	at kotlinx.coroutines.scheduling.CoroutineScheduler$Worker.runWorker(SourceFile:29)
06-17 19:05:27.587 W/System.err( 4438): 	at kotlinx.coroutines.scheduling.CoroutineScheduler$Worker.run(SourceFile:1)
06-17 19:05:27.587 W/System.err( 4438): Caused by: android.system.ErrnoException: open failed: ENOENT (No such file or directory)
06-17 19:05:27.587 W/System.err( 4438): 	at libcore.io.Linux.open(Native Method)
06-17 19:05:27.587 W/System.err( 4438): 	at libcore.io.ForwardingOs.open(ForwardingOs.java:567)
06-17 19:05:27.587 W/System.err( 4438): 	at libcore.io.BlockGuardOs.open(BlockGuardOs.java:273)
