--------- beginning of main
06-16 00:47:22.881 D/ProcessState( 4896): Binder ioctl to enable oneway spam detection failed: Invalid argument
--------- beginning of system
06-16 00:47:22.883 I/ActivityManager( 1933): Force stopping tech.gtt.frontapp.stb.demo appid=10058 user=0: clear data
06-16 00:47:22.887 I/ActivityManager( 1933): Force stopping tech.gtt.frontapp.stb.demo appid=10058 user=-1: clearApplicationUserData
06-16 00:47:22.911 I/MediaProvider( 2637): Begin Intent { act=android.intent.action.PACKAGE_DATA_CLEARED dat=package:tech.gtt.frontapp.stb.demo flg=0x1000010 cmp=com.android.providers.media.module/com.android.providers.media.MediaService (has extras) }
06-16 00:47:22.912 D/MediaProvider( 2637): Deleted 0 Android/media items belonging to tech.gtt.frontapp.stb.demo on /data/user/0/com.android.providers.media.module/databases/external.db
06-16 00:47:22.912 I/MediaProvider( 2637): End Intent { act=android.intent.action.PACKAGE_DATA_CLEARED dat=package:tech.gtt.frontapp.stb.demo flg=0x1000010 cmp=com.android.providers.media.module/com.android.providers.media.MediaService (has extras) }
06-16 00:47:22.970 D/AndroidRuntime( 4909): >>>>>> START com.android.internal.os.RuntimeInit uid 0 <<<<<<
06-16 00:47:22.972 I/AndroidRuntime( 4909): Using default boot image
06-16 00:47:22.972 I/AndroidRuntime( 4909): Leaving lock profiling enabled
06-16 00:47:22.973 W/app_process( 4909): ART APEX data files are untrusted.
06-16 00:47:22.973 I/app_process( 4909): Core platform API reporting enabled, enforcing=false
06-16 00:47:23.008 D/app_process( 4909): Time zone APEX ICU file found: /apex/com.android.tzdata/etc/icu/icu_tzdata.dat
06-16 00:47:23.008 D/app_process( 4909): I18n APEX ICU file found: /apex/com.android.i18n/etc/icu/icudt68l.dat
06-16 00:47:23.012 W/app_process( 4909): Unexpected CPU variant for X86 using defaults: x86_64
06-16 00:47:23.026 D/ProcessState( 4909): Binder ioctl to enable oneway spam detection failed: Invalid argument
06-16 00:47:23.026 D/AndroidRuntime( 4909): Calling main entry com.android.commands.monkey.Monkey
06-16 00:47:23.026 W/Monkey  ( 4909): args: [-p, tech.gtt.frontapp.stb.demo, -c, android.intent.category.LAUNCHER, 1]
06-16 00:47:23.027 W/Monkey  ( 4909):  arg: "-p"
06-16 00:47:23.027 W/Monkey  ( 4909):  arg: "tech.gtt.frontapp.stb.demo"
06-16 00:47:23.027 W/Monkey  ( 4909):  arg: "-c"
06-16 00:47:23.027 W/Monkey  ( 4909):  arg: "android.intent.category.LAUNCHER"
06-16 00:47:23.027 W/Monkey  ( 4909):  arg: "1"
06-16 00:47:23.027 W/Monkey  ( 4909): data="tech.gtt.frontapp.stb.demo"
06-16 00:47:23.027 W/Monkey  ( 4909): data="android.intent.category.LAUNCHER"
06-16 00:47:23.060 W/BroadcastQueue( 1933): Skipping deliver [background] BroadcastRecord{ea0c8c0 u-1 android.net.conn.CONNECTIVITY_CHANGE} to ReceiverList{c2029f9 4909 (unknown name)/0/u-1 remote:85383f2}: process gone or crashing
06-16 00:47:23.063 I/ActivityTaskManager( 1933): START u0 {act=android.intent.action.MAIN cat=[android.intent.category.LAUNCHER] flg=0x10200000 cmp=tech.gtt.frontapp.stb.demo/tech.gtt.frontapp.stb.m.home.activity.SplashActivity} from uid 0
06-16 00:47:23.065 W/ActivityTaskManager( 1933): Can't find TaskDisplayArea to determine support for multi window. Task id=17 attached=false
06-16 00:47:23.075 D/CompatibilityChangeReporter( 1933): Compat change id reported: 135634846; UID 10058; state: DISABLED
06-16 00:47:23.076 D/CompatibilityChangeReporter( 1933): Compat change id reported: 143937733; UID 10058; state: ENABLED
06-16 00:47:23.078 I/Monkey  ( 4909): Events injected: 1
06-16 00:47:23.093 W/System  ( 2107): A resource failed to call close. 
06-16 00:47:23.093 W/System  ( 2107): A resource failed to call release. 
06-16 00:47:23.096 I/Monkey  ( 4909): ## Network stats: elapsed time=29ms (0ms mobile, 0ms wifi, 29ms not connected)
06-16 00:47:23.098 D/gralloc_nox( 1764): gralloc_alloc: Creating ashmem region of size 8298496
06-16 00:47:23.119 D/Zygote  ( 1753): Forked child process 4924
06-16 00:47:23.119 I/app_process( 4909): System.exit called, status: 0
06-16 00:47:23.119 I/AndroidRuntime( 4909): VM exiting with result code 0.
06-16 00:47:23.129 I/Zygote  ( 4924): seccomp disabled by setenforce 0
06-16 00:47:23.131 W/ActivityManager( 1933): Slow operation: 56ms so far, now at startProcess: returned from zygote!
06-16 00:47:23.133 D/SntpClient( 1933): request time failed: java.net.SocketTimeoutException: Poll timed out
06-16 00:47:23.134 W/ActivityManager( 1933): Slow operation: 59ms so far, now at startProcess: done updating battery stats
06-16 00:47:23.135 W/ActivityManager( 1933): Slow operation: 60ms so far, now at startProcess: building log message
06-16 00:47:23.136 I/ActivityManager( 1933): Start proc 4924:tech.gtt.frontapp.stb.demo/u0a58 for pre-top-activity {tech.gtt.frontapp.stb.demo/tech.gtt.frontapp.stb.m.home.activity.SplashActivity}
06-16 00:47:23.136 W/ActivityManager( 1933): Slow operation: 61ms so far, now at startProcess: starting to update pids map
06-16 00:47:23.136 W/ActivityManager( 1933): Slow operation: 61ms so far, now at startProcess: done updating pids map
06-16 00:47:23.138 D/gralloc_nox( 1764): gralloc_alloc: Creating ashmem region of size 8298496
06-16 00:47:23.140 W/ontapp.stb.dem( 4924): Unexpected CPU variant for X86 using defaults: x86_64
06-16 00:47:23.152 D/ProcessState( 4924): Binder ioctl to enable oneway spam detection failed: Invalid argument
06-16 00:47:23.180 D/gralloc_nox( 1764): gralloc_alloc: Creating ashmem region of size 8298496
06-16 00:47:23.184 E/ashmem  ( 4924): memfd: ro.vndk.version not defined or invalid (), this is mandated since P.
06-16 00:47:23.190 D/CompatibilityChangeReporter( 4924): Compat change id reported: 171979766; UID 10058; state: ENABLED
06-16 00:47:23.234 V/GraphicsEnvironment( 4924): ANGLE Developer option for 'tech.gtt.frontapp.stb.demo' set to: 'default'
06-16 00:47:23.235 V/GraphicsEnvironment( 4924): ANGLE GameManagerService for tech.gtt.frontapp.stb.demo: false
06-16 00:47:23.235 V/GraphicsEnvironment( 4924): Neither updatable production driver nor prerelease driver is supported.
06-16 00:47:23.240 D/NetworkSecurityConfig( 4924): Using Network Security Config from resource network_security_config debugBuild: false
06-16 00:47:23.241 D/NetworkSecurityConfig( 4924): Using Network Security Config from resource network_security_config debugBuild: false
06-16 00:47:23.246 I/MultiDex( 4924): VM with version 2.1.0 has multidex support
06-16 00:47:23.246 I/MultiDex( 4924): Installing application
06-16 00:47:23.246 I/MultiDex( 4924): VM has multidex support, MultiDex support library is disabled.
06-16 00:47:23.246 E/[Package]( 4924): params: AppConfiguration(vnoId='11026504', brandId='d0k7d3p3kdikth2o3q6g', appId='d0jucrbq6bt4h33c0ma0', sourceId='30006401-31002837', authServers='https://gtt-app-apigateway-lion.vdemosit.com', shareKey='S2kQMgUSugYyMlk5QclHDaF0uDsFnB0oJoFeAFgsKb8=', packageName='tech.gtt.frontapp.stb.demo', appName='Goose TV', appVersionName='v1.0.0', appVersionCode='7', pluginVersionCode='1', pluginVersionName='6.0.0-beta-build5', packageSeq='1', buglyAppId='d76a04165f', buglyKey='13b89b2d-1c12-4c4f-93b8-46e3c2ef9f73', baseVersionCode='20000066', gitTag='2.1.4-beta6', supportLang='en,pt,es', defaultLang='en', bootLoadType='1')
06-16 00:47:23.246 W/System.err( 4924): java.lang.ClassNotFoundException: tech.gtt.frontapp.stb.docker.plugin.PluginUtils
06-16 00:47:23.246 W/System.err( 4924): 	at java.lang.Class.classForName(Native Method)
06-16 00:47:23.247 W/System.err( 4924): 	at java.lang.Class.forName(Class.java:454)
06-16 00:47:23.247 W/System.err( 4924): 	at java.lang.Class.forName(Class.java:379)
06-16 00:47:23.247 W/System.err( 4924): 	at ot.e.b(SourceFile:3)
06-16 00:47:23.247 W/System.err( 4924): 	at tech.gtt.frontapp.stb.app.MainApplication.attachBaseContext(SourceFile:130)
06-16 00:47:23.247 W/System.err( 4924): 	at android.app.Application.attach(Application.java:338)
06-16 00:47:23.247 W/System.err( 4924): 	at android.app.Instrumentation.newApplication(Instrumentation.java:1190)
06-16 00:47:23.247 W/System.err( 4924): 	at android.app.LoadedApk.makeApplication(LoadedApk.java:1361)
06-16 00:47:23.247 W/System.err( 4924): 	at android.app.ActivityThread.handleBindApplication(ActivityThread.java:6728)
06-16 00:47:23.247 W/System.err( 4924): 	at android.app.ActivityThread.access$1500(ActivityThread.java:256)
06-16 00:47:23.247 W/System.err( 4924): 	at android.app.ActivityThread$H.handleMessage(ActivityThread.java:2091)
06-16 00:47:23.247 W/System.err( 4924): 	at android.os.Handler.dispatchMessage(Handler.java:106)
06-16 00:47:23.247 W/System.err( 4924): 	at android.os.Looper.loopOnce(Looper.java:201)
06-16 00:47:23.247 W/System.err( 4924): 	at android.os.Looper.loop(Looper.java:288)
06-16 00:47:23.247 W/System.err( 4924): 	at android.app.ActivityThread.main(ActivityThread.java:7875)
06-16 00:47:23.247 W/System.err( 4924): 	at java.lang.reflect.Method.invoke(Native Method)
06-16 00:47:23.247 W/System.err( 4924): 	at com.android.internal.os.RuntimeInit$MethodAndArgsCaller.run(RuntimeInit.java:568)
06-16 00:47:23.247 W/System.err( 4924): 	at com.android.internal.os.ZygoteInit.main(ZygoteInit.java:1005)
06-16 00:47:23.247 W/System.err( 4924): Caused by: java.lang.ClassNotFoundException: tech.gtt.frontapp.stb.docker.plugin.PluginUtils
06-16 00:47:23.247 W/System.err( 4924): 	... 18 more
06-16 00:47:23.247 E/[Package]( 4924): isInPluginMode: false
06-16 00:47:23.249 I/CustomActivityOnCrash( 4924): CustomActivityOnCrash has been installed.
06-16 00:47:23.251 I/System.out( 4924): Modular_Init : a - initialize
06-16 00:47:23.253 I/System.out( 4924): Modular_Init : d - initialize
06-16 00:47:23.253 I/System.out( 4924): Modular_Init : a - initialize
06-16 00:47:23.253 D/[LiveInitialize]( 4924): init---
06-16 00:47:23.253 I/System.out( 4924): Modular_Init : a - initialize
06-16 00:47:23.254 I/System.out( 4924): Modular_Init : a - initialize
06-16 00:47:23.254 D/[CatchupInitModule]( 4924): init---
06-16 00:47:23.254 I/System.out( 4924): Modular_Init : b - initialize
06-16 00:47:23.256 I/System.out( 4924): Modular_Init : a - initialize
06-16 00:47:23.256 D/[ReplayInitialize]( 4924): init---
06-16 00:47:23.257 D/AndroidAutoSize( 4924): designWidthInDp = 1920, designHeightInDp = 1080, screenWidth = 1920, screenHeight = 1080
06-16 00:47:23.257 D/AndroidAutoSize( 4924): initDensity = 2.0, initScaledDensity = 2.0
06-16 00:47:23.304 D/AndroidAutoSize( 4924): tech.gtt.frontapp.stb.m.home.activity.SplashActivity used the global configuration.
06-16 00:47:23.312 D/AndroidAutoSize( 4924): The tech.gtt.frontapp.stb.m.home.activity.SplashActivity has been adapted! 
06-16 00:47:23.312 D/AndroidAutoSize( 4924): SplashActivity Info: isBaseOnWidth = true, designWidthInDp = 1920.000000, designWidthInSubunits = 1920.000000, targetDensity = 1.000000, targetScaledDensity = 1.000000, targetDensityDpi = 160, targetXdpi = 1.000000, targetScreenWidthDp = 1920, targetScreenHeightDp = 1032
06-16 00:47:23.366 D/AndroidAutoSize( 4924): tech.gtt.frontapp.stb.m.home.activity.SplashActivity used the global configuration.
06-16 00:47:23.366 D/AndroidAutoSize( 4924): The tech.gtt.frontapp.stb.m.home.activity.SplashActivity has been adapted! 
06-16 00:47:23.366 D/AndroidAutoSize( 4924): SplashActivity Info: isBaseOnWidth = true, designWidthInDp = 1920.000000, designWidthInSubunits = 1920.000000, targetDensity = 1.000000, targetScaledDensity = 1.000000, targetDensityDpi = 160, targetXdpi = 1.000000, targetScreenWidthDp = 1920, targetScreenHeightDp = 1032
06-16 00:47:23.373 I/ActivityTaskManager( 1933): START u0 {act=android.content.pm.action.REQUEST_PERMISSIONS pkg=com.android.permissioncontroller cmp=com.android.permissioncontroller/.permission.ui.GrantPermissionsActivity (has extras)} from uid 10058
06-16 00:47:23.400 D/ontapp.stb.dem( 4924): createUnique: call
06-16 00:47:23.411 D/ontapp.stb.dem( 4924): HostComposition ext GL_OES_EGL_image GL_OES_EGL_image_external GL_OES_depth24 GL_OES_depth32 GL_OES_element_index_uint GL_OES_texture_float GL_OES_texture_float_linear GL_OES_compressed_paletted_texture GL_OES_compressed_ETC1_RGB8_texture GL_OES_depth_texture GL_EXT_texture_format_BGRA8888 GL_APPLE_texture_format_BGRA8888 GL_OES_texture_half_float GL_EXT_robustness GL_OES_texture_half_float_linear GL_OES_packed_depth_stencil GL_OES_vertex_half_float GL_OES_texture_npot GL_OES_rgb8_rgba8 GL_EXT_color_buffer_float GL_EXT_texture_sRGB_decode ANDROID_gles_max_version_3_1 GL_OES_vertex_array_object GL_EXT_texture_buffer GL_EXT_copy_image GL_KHR_texture_compression_astc_ldr GL_KHR_texture_compression_astc_hdr GL_OES_texture_compression_astc GL_OES_EGL_image_external
06-16 00:47:23.412 D/hw-ProcessState( 4924): Binder ioctl to enable oneway spam detection failed: Invalid argument
06-16 00:47:23.414 W/OpenGLRenderer( 4924): Failed to initialize 101010-2 format, error = EGL_SUCCESS
06-16 00:47:23.414 D/EGL_emulation( 4924): rcCreateContext wated version 2.0  rc:4
06-16 00:47:23.436 D/EGL_emulation( 4924): eglMakeCurrent: 0x76d4e42e63f0: ver 3 2 (tinfo 0x76d4642f6260) (first time)
06-16 00:47:23.438 D/ProcessState( 4959): Binder ioctl to enable oneway spam detection failed: Invalid argument
06-16 00:47:23.442 E/HWComposer( 1779): getSupportedContentTypes: getSupportedContentTypes failed for display 0: Unsupported (8)
06-16 00:47:23.443 I/hwservicemanager( 1565): getTransport: Cannot find entry android.hardware.graphics.mapper@4.0::IMapper/default in either framework or device VINTF manifest.
06-16 00:47:23.443 I/Gralloc4( 4924): mapper 4.x is not supported
06-16 00:47:23.443 I/hwservicemanager( 1565): getTransport: Cannot find entry android.hardware.graphics.mapper@3.0::IMapper/default in either framework or device VINTF manifest.
06-16 00:47:23.443 W/Gralloc3( 4924): mapper 3.x is not supported
06-16 00:47:23.445 I/hwservicemanager( 1565): getTransport: Cannot find entry android.hardware.graphics.allocator@4.0::IAllocator/default in either framework or device VINTF manifest.
06-16 00:47:23.445 W/Gralloc4( 4924): allocator 4.x is not supported
06-16 00:47:23.445 I/hwservicemanager( 1565): getTransport: Cannot find entry android.hardware.graphics.allocator@3.0::IAllocator/default in either framework or device VINTF manifest.
06-16 00:47:23.445 W/Gralloc3( 4924): allocator 3.x is not supported
06-16 00:47:23.447 D/gralloc_nox( 1764): gralloc_alloc: Creating ashmem region of size 8298496
06-16 00:47:23.476 D/ontapp.stb.dem( 4924): createUnique: call
06-16 00:47:23.476 D/ontapp.stb.dem( 4924): HostComposition ext GL_OES_EGL_image GL_OES_EGL_image_external GL_OES_depth24 GL_OES_depth32 GL_OES_element_index_uint GL_OES_texture_float GL_OES_texture_float_linear GL_OES_compressed_paletted_texture GL_OES_compressed_ETC1_RGB8_texture GL_OES_depth_texture GL_EXT_texture_format_BGRA8888 GL_APPLE_texture_format_BGRA8888 GL_OES_texture_half_float GL_EXT_robustness GL_OES_texture_half_float_linear GL_OES_packed_depth_stencil GL_OES_vertex_half_float GL_OES_texture_npot GL_OES_rgb8_rgba8 GL_EXT_color_buffer_float GL_EXT_texture_sRGB_decode ANDROID_gles_max_version_3_1 GL_OES_vertex_array_object GL_EXT_texture_buffer GL_EXT_copy_image GL_KHR_texture_compression_astc_ldr GL_KHR_texture_compression_astc_hdr GL_OES_texture_compression_astc GL_OES_EGL_image_external
06-16 00:47:23.477 D/gralloc_nox( 1764): gralloc_alloc: Creating ashmem region of size 8298496
06-16 00:47:23.511 D/gralloc_nox( 1764): gralloc_alloc: Creating ashmem region of size 8298496
06-16 00:47:23.589 E/libEGL  ( 4924): called unimplemented OpenGL ES API
06-16 00:47:23.647 W/ActivityTaskManager( 1933): Tried to set launchTime (0) < mLastActivityLaunchTime (194591)
06-16 00:47:23.922 I/ActivityTaskManager( 1933): Displayed com.android.permissioncontroller/.permission.ui.GrantPermissionsActivity: +850ms
06-16 00:47:23.936 D/ProcessState( 4972): Binder ioctl to enable oneway spam detection failed: Invalid argument
06-16 00:47:23.945 W/InputManager-JNI( 1933): Input channel object '8a78ebb Splash Screen tech.gtt.frontapp.stb.demo (client)' was disposed without first being removed with the input manager!
06-16 00:47:24.021 D/gralloc_nox( 1764): gralloc_alloc: Creating ashmem region of size 5496832
06-16 00:47:24.080 D/gralloc_nox( 1764): gralloc_alloc: Creating ashmem region of size 5496832
06-16 00:47:24.279 D/gralloc_nox( 1764): gralloc_alloc: Creating ashmem region of size 5496832
06-16 00:47:26.075 E/TaskPersister( 1933): File error accessing recents directory (directory doesn't exist?).
06-16 00:47:26.163 D/UIAutomatorStub( 4871): URI: /jsonrpc/0, Method: POST, params, {NanoHttpd.QUERY_STRING=null}, files: {postData={"jsonrpc": "2.0", "id": 1, "method": "count", "params": [{"mask": 2097152, "childOrSibling": [], "childOrSiblingSelector": [], "resourceId": "com.android.permissioncontroller:id/permission_allow_button"}]}}
06-16 00:47:26.200 D/UiObject( 4871): Waiting 0ms for UiSelector[RESOURCE_ID=com.android.permissioncontroller:id/permission_allow_button].
06-16 00:47:26.202 W/QueryController( 4871): Could not detect idle state.
06-16 00:47:26.214 I/QueryController( 4871): Matched selector: UiSelector[RESOURCE_ID=com.android.permissioncontroller:id/permission_allow_button] <<==>> [android.view.accessibility.AccessibilityNodeInfo@1f374; boundsInParent: Rect(0, 0 - 992, 112); boundsInScreen: Rect(464, 557 - 1456, 669); packageName: com.android.permissioncontroller; className: android.widget.Button; text: 允许; error: null; maxTextLength: -1; stateDescription: null; contentDescription: null; tooltipText: null; viewIdResName: com.android.permissioncontroller:id/permission_allow_button; checkable: false; checked: false; focusable: true; focused: false; selected: false; clickable: true; longClickable: false; contextClickable: false; enabled: true; password: false; scrollable: false; importantForAccessibility: true; visible: true; actions: [AccessibilityAction: ACTION_FOCUS - null, AccessibilityAction: ACTION_SELECT - null, AccessibilityAction: ACTION_CLEAR_SELECTION - null, AccessibilityAction: ACTION_CLICK - null, AccessibilityAction: ACTION_ACCESSIBILITY_FOCUS - null, AccessibilityAction: ACTION_NEXT_AT_MOVEMENT_GRANULARITY - null, AccessibilityAction: ACTION_PREVIOUS_AT_MOVEMENT_GRANULARITY - null, AccessibilityAction: ACTION_SET_SELECTION - null, AccessibilityAction: ACTION_SHOW_ON_SCREEN - null]]
06-16 00:47:26.216 D/UiObject( 4871): Waiting 0ms for UiSelector[INSTANCE=1, RESOURCE_ID=com.android.permissioncontroller:id/permission_allow_button].
06-16 00:47:26.218 W/QueryController( 4871): Could not detect idle state.
06-16 00:47:26.264 D/UIAutomatorStub( 4871): URI: /jsonrpc/0, Method: POST, params, {NanoHttpd.QUERY_STRING=null}, files: {postData={"jsonrpc": "2.0", "id": 1, "method": "waitForExists", "params": [{"mask": 2097152, "childOrSibling": [], "childOrSiblingSelector": [], "resourceId": "com.android.permissioncontroller:id/permission_allow_button"}, 20000]}}
06-16 00:47:26.272 D/UiDevice( 4871): Waiting 20000ms for SearchCondition[hasObject=BySelector [RES='\Qcom.android.permissioncontroller:id/permission_allow_button\E']].
06-16 00:47:26.272 D/UiDevice( 4871): Searching for node with selector: BySelector [RES='\Qcom.android.permissioncontroller:id/permission_allow_button\E'].
06-16 00:47:26.275 W/QueryController( 4871): Could not detect idle state.
06-16 00:47:26.332 D/UIAutomatorStub( 4871): URI: /jsonrpc/0, Method: POST, params, {NanoHttpd.QUERY_STRING=null}, files: {postData={"jsonrpc": "2.0", "id": 1, "method": "objInfo", "params": [{"mask": 2097152, "childOrSibling": [], "childOrSiblingSelector": [], "resourceId": "com.android.permissioncontroller:id/permission_allow_button"}]}}
06-16 00:47:26.335 D/UiDevice( 4871): Retrieving node with selector: BySelector [RES='\Qcom.android.permissioncontroller:id/permission_allow_button\E'].
06-16 00:47:26.336 W/QueryController( 4871): Could not detect idle state.
06-16 00:47:26.365 W/QueryController( 4871): Could not detect idle state.
06-16 00:47:26.378 W/QueryController( 4871): Could not detect idle state.
06-16 00:47:26.385 W/QueryController( 4871): Could not detect idle state.
06-16 00:47:26.391 W/QueryController( 4871): Could not detect idle state.
06-16 00:47:26.394 W/QueryController( 4871): Could not detect idle state.
06-16 00:47:26.397 W/QueryController( 4871): Could not detect idle state.
06-16 00:47:26.401 W/QueryController( 4871): Could not detect idle state.
06-16 00:47:26.410 W/QueryController( 4871): Could not detect idle state.
06-16 00:47:26.415 W/QueryController( 4871): Could not detect idle state.
06-16 00:47:26.419 W/QueryController( 4871): Could not detect idle state.
06-16 00:47:26.422 W/QueryController( 4871): Could not detect idle state.
06-16 00:47:26.426 W/QueryController( 4871): Could not detect idle state.
06-16 00:47:26.429 W/QueryController( 4871): Could not detect idle state.
06-16 00:47:26.433 W/QueryController( 4871): Could not detect idle state.
06-16 00:47:26.439 W/QueryController( 4871): Could not detect idle state.
06-16 00:47:26.449 W/QueryController( 4871): Could not detect idle state.
06-16 00:47:26.456 W/QueryController( 4871): Could not detect idle state.
06-16 00:47:26.503 D/UIAutomatorStub( 4871): URI: /jsonrpc/0, Method: POST, params, {NanoHttpd.QUERY_STRING=null}, files: {postData={"jsonrpc": "2.0", "id": 1, "method": "click", "params": [960.0, 613.0]}}
06-16 00:47:26.532 V/DisplayPowerController[0]( 1933): Brightness [0.39763778] reason changing to: 'manual', previous reason: 'manual [ dim ]'.
06-16 00:47:26.543 E/DisplayDeviceConfig( 1933): requesting nits when no mapping exists.
06-16 00:47:26.543 E/DisplayDeviceConfig( 1933): requesting nits when no mapping exists.
06-16 00:47:26.556 I/DropBoxManagerService( 1933): add tag=system_server_wtf isTagEnabled=true flags=0x2
06-16 00:47:26.557 E/LightsService( 1933): Light requested not available on this device. 0
06-16 00:47:26.561 E/DisplayDeviceConfig( 1933): requesting nits when no mapping exists.
06-16 00:47:26.562 I/DropBoxManagerService( 1933): add tag=system_server_wtf isTagEnabled=true flags=0x2
06-16 00:47:26.564 E/DisplayDeviceConfig( 1933): requesting nits when no mapping exists.
06-16 00:47:26.575 E/LightsService( 1933): Light requested not available on this device. 0
06-16 00:47:26.575 I/DropBoxManagerService( 1933): add tag=system_server_wtf isTagEnabled=true flags=0x2
06-16 00:47:26.575 E/DisplayDeviceConfig( 1933): requesting nits when no mapping exists.
06-16 00:47:26.585 E/DisplayDeviceConfig( 1933): requesting nits when no mapping exists.
06-16 00:47:26.586 E/LightsService( 1933): Light requested not available on this device. 0
06-16 00:47:26.586 I/DropBoxManagerService( 1933): add tag=system_server_wtf isTagEnabled=true flags=0x2
06-16 00:47:26.589 E/DisplayDeviceConfig( 1933): requesting nits when no mapping exists.
06-16 00:47:26.589 I/DropBoxManagerService( 1933): add tag=system_server_wtf isTagEnabled=true flags=0x2
06-16 00:47:26.590 E/DisplayDeviceConfig( 1933): requesting nits when no mapping exists.
06-16 00:47:26.592 E/LightsService( 1933): Light requested not available on this device. 0
06-16 00:47:26.605 E/DisplayDeviceConfig( 1933): requesting nits when no mapping exists.
06-16 00:47:26.606 E/DisplayDeviceConfig( 1933): requesting nits when no mapping exists.
06-16 00:47:26.608 E/LightsService( 1933): Light requested not available on this device. 0
06-16 00:47:26.631 E/DisplayDeviceConfig( 1933): requesting nits when no mapping exists.
06-16 00:47:26.634 E/DisplayDeviceConfig( 1933): requesting nits when no mapping exists.
06-16 00:47:26.641 E/LightsService( 1933): Light requested not available on this device. 0
06-16 00:47:26.642 E/DisplayDeviceConfig( 1933): requesting nits when no mapping exists.
06-16 00:47:26.645 E/DisplayDeviceConfig( 1933): requesting nits when no mapping exists.
06-16 00:47:26.654 E/LightsService( 1933): Light requested not available on this device. 0
06-16 00:47:26.658 E/DisplayDeviceConfig( 1933): requesting nits when no mapping exists.
06-16 00:47:26.661 E/DisplayDeviceConfig( 1933): requesting nits when no mapping exists.
06-16 00:47:26.663 E/LightsService( 1933): Light requested not available on this device. 0
06-16 00:47:26.673 E/DisplayDeviceConfig( 1933): requesting nits when no mapping exists.
06-16 00:47:26.673 E/DisplayDeviceConfig( 1933): requesting nits when no mapping exists.
06-16 00:47:26.675 E/LightsService( 1933): Light requested not available on this device. 0
06-16 00:47:26.688 E/DisplayDeviceConfig( 1933): requesting nits when no mapping exists.
06-16 00:47:26.691 E/DisplayDeviceConfig( 1933): requesting nits when no mapping exists.
06-16 00:47:26.694 E/LightsService( 1933): Light requested not available on this device. 0
06-16 00:47:26.704 E/DisplayDeviceConfig( 1933): requesting nits when no mapping exists.
06-16 00:47:26.706 E/DisplayDeviceConfig( 1933): requesting nits when no mapping exists.
06-16 00:47:26.711 E/LightsService( 1933): Light requested not available on this device. 0
06-16 00:47:26.721 E/DisplayDeviceConfig( 1933): requesting nits when no mapping exists.
06-16 00:47:26.722 E/DisplayDeviceConfig( 1933): requesting nits when no mapping exists.
06-16 00:47:26.727 E/LightsService( 1933): Light requested not available on this device. 0
06-16 00:47:26.738 E/DisplayDeviceConfig( 1933): requesting nits when no mapping exists.
06-16 00:47:26.740 E/DisplayDeviceConfig( 1933): requesting nits when no mapping exists.
06-16 00:47:26.747 E/LightsService( 1933): Light requested not available on this device. 0
06-16 00:47:26.758 E/DisplayDeviceConfig( 1933): requesting nits when no mapping exists.
06-16 00:47:26.760 E/DisplayDeviceConfig( 1933): requesting nits when no mapping exists.
06-16 00:47:26.761 E/LightsService( 1933): Light requested not available on this device. 0
06-16 00:47:26.770 E/DisplayDeviceConfig( 1933): requesting nits when no mapping exists.
06-16 00:47:26.771 E/DisplayDeviceConfig( 1933): requesting nits when no mapping exists.
06-16 00:47:26.775 E/LightsService( 1933): Light requested not available on this device. 0
06-16 00:47:27.066 V/GrantPermissionsViewModel( 2598): Logged buttons presented and clicked permissionGroupName=android.permission-group.STORAGE uid=10058 selectedLocations=0 package=tech.gtt.frontapp.stb.demo presentedButtons=9 clickedButton=1 sessionId=-2775579226977496850 targetSdk=35
06-16 00:47:27.074 I/MediaProvider( 2637): Invalidating LocalCallingIdentity cache for package tech.gtt.frontapp.stb.demo. Reason: op android:read_external_storage
06-16 00:47:27.077 V/GrantPermissionsViewModel( 2598): Permission grant result requestId=-2775579226977496850 callingUid=10058 callingPackage=tech.gtt.frontapp.stb.demo permission=android.permission.READ_EXTERNAL_STORAGE isImplicit=false result=4
06-16 00:47:27.086 D/gralloc_nox( 1764): gralloc_alloc: Creating ashmem region of size 8298496
06-16 00:47:27.117 E/android.hardware.audio.service( 1756): pcm_open called create stream faild
06-16 00:47:27.118 D/AudioFlinger( 1776): mixer(0x727c2c5fda60) throttle end: throttle time(40)
06-16 00:47:27.406 D/CompatibilityChangeReporter( 4924): Compat change id reported: 78294732; UID 10058; state: ENABLED
06-16 00:47:27.410 I/b       ( 4924): freeSpace : 116664MB
06-16 00:47:27.528 D/ProcessState( 4984): Binder ioctl to enable oneway spam detection failed: Invalid argument
06-16 00:47:27.572 D/ConnectivityService( 1933): NetReassign [no changes]
06-16 00:47:27.689 V/GSK     ( 4924): StorageServiceImpl initialization() executed in 9 ms.
06-16 00:47:27.690 V/GSK     ( 4924): SecurityServiceImpl initialization() executed in 1 ms.
06-16 00:47:27.842 W/InputManager-JNI( 1933): Input channel object '665e205 com.android.permissioncontroller/com.android.permissioncontroller.permission.ui.GrantPermissionsActivity (client)' was disposed without first being removed with the input manager!
06-16 00:47:27.858 W/SurfaceFlinger( 1779): couldn't log to binary event log: overflow.
06-16 00:47:27.868 W/System.err( 4924): SLF4J(W): No SLF4J providers were found.
06-16 00:47:27.869 W/System.err( 4924): SLF4J(W): Defaulting to no-operation (NOP) logger implementation
06-16 00:47:27.869 W/System.err( 4924): SLF4J(W): See https://www.slf4j.org/codes.html#noProviders for further details.
06-16 00:47:27.922 W/System.err( 4924): kotlinx.serialization.json.internal.JsonDecodingException: Expected start of the object '{', but had 'EOF' instead at path: $
06-16 00:47:27.922 W/System.err( 4924): JSON input: 
06-16 00:47:27.923 W/System.err( 4924): 	at kotlinx.serialization.json.internal.JsonExceptionsKt.JsonDecodingException(SourceFile:1)
06-16 00:47:27.923 W/System.err( 4924): 	at kotlinx.serialization.json.internal.JsonExceptionsKt.JsonDecodingException(SourceFile:2)
06-16 00:47:27.923 W/System.err( 4924): 	at kotlinx.serialization.json.internal.AbstractJsonLexer.fail(SourceFile:52)
06-16 00:47:27.923 W/System.err( 4924): 	at kotlinx.serialization.json.internal.AbstractJsonLexer.fail$default(SourceFile:15)
06-16 00:47:27.923 W/System.err( 4924): 	at kotlinx.serialization.json.internal.AbstractJsonLexer.unexpectedToken(SourceFile:103)
06-16 00:47:27.923 W/System.err( 4924): 	at kotlinx.serialization.json.internal.StringJsonLexer.consumeNextToken(SourceFile:16)
06-16 00:47:27.923 W/System.err( 4924): 	at kotlinx.serialization.json.internal.StreamingJsonDecoder.beginStructure(SourceFile:23)
06-16 00:47:27.923 W/System.err( 4924): 	at tech.gtt.frontapp.servicesdk.common.service.utility.apis.e2ee.E2eeConfigResponse$$serializer.deserialize(SourceFile:2)
06-16 00:47:27.923 W/System.err( 4924): 	at tech.gtt.frontapp.servicesdk.common.service.utility.apis.e2ee.E2eeConfigResponse$$serializer.deserialize(SourceFile:1)
06-16 00:47:27.923 W/System.err( 4924): 	at kotlinx.serialization.json.internal.StreamingJsonDecoder.decodeSerializableValue(SourceFile:320)
06-16 00:47:27.923 W/System.err( 4924): 	at kotlinx.serialization.json.Json.decodeFromString(SourceFile:3)
06-16 00:47:27.923 W/System.err( 4924): 	at tech.gtt.frontapp.servicesdk.common.service.utility.apis.e2ee.E2eeManager.syncE2eeConfig(SourceFile:74)
06-16 00:47:27.923 W/System.err( 4924): 	at tech.gtt.frontapp.servicesdk.common.service.utility.apis.ApiUtilServiceImpl.onServiceInit(SourceFile:228)
06-16 00:47:27.923 W/System.err( 4924): 	at tech.gtt.frontapp.servicesdk.common.core.ServiceSDKImpl.executeServiceInitialize(SourceFile:372)
06-16 00:47:27.923 W/System.err( 4924): 	at tech.gtt.frontapp.servicesdk.common.core.ServiceSDKImpl.access$executeServiceInitialize(SourceFile:1)
06-16 00:47:27.923 W/System.err( 4924): 	at tech.gtt.frontapp.servicesdk.common.core.ServiceSDKImpl$init$1.invokeSuspend(SourceFile:178)
06-16 00:47:27.923 W/System.err( 4924): 	at tech.gtt.frontapp.servicesdk.common.core.ServiceSDKImpl$init$1.invoke(SourceFile:2)
06-16 00:47:27.923 W/System.err( 4924): 	at tech.gtt.frontapp.servicesdk.common.core.ServiceSDKImpl$init$1.invoke(SourceFile:1)
06-16 00:47:27.923 W/System.err( 4924): 	at kotlinx.coroutines.flow.SafeFlow.collectSafely(SourceFile:3)
06-16 00:47:27.923 W/System.err( 4924): 	at kotlinx.coroutines.flow.AbstractFlow.collect(SourceFile:70)
06-16 00:47:27.923 W/System.err( 4924): 	at tech.gtt.frontapp.servicesdk.common.core.SDKSetup$build$1.invokeSuspend(SourceFile:42)
06-16 00:47:27.923 W/System.err( 4924): 	at tech.gtt.frontapp.servicesdk.common.core.SDKSetup$build$1.invoke(SourceFile:2)
06-16 00:47:27.923 W/System.err( 4924): 	at tech.gtt.frontapp.servicesdk.common.core.SDKSetup$build$1.invoke(SourceFile:1)
06-16 00:47:27.923 W/System.err( 4924): 	at tech.gtt.frontapp.servicesdk.common.core.Scheduler$scheduleDirect$1.invokeSuspend(SourceFile:61)
06-16 00:47:27.923 W/System.err( 4924): 	at lh.a.resumeWith(SourceFile:14)
06-16 00:47:27.923 W/System.err( 4924): 	at kotlinx.coroutines.DispatchedTask.run(SourceFile:123)
06-16 00:47:27.923 W/System.err( 4924): 	at kotlinx.coroutines.internal.LimitedDispatcher$Worker.run(SourceFile:4)
06-16 00:47:27.923 W/System.err( 4924): 	at kotlinx.coroutines.scheduling.TaskImpl.run(SourceFile:3)
06-16 00:47:27.923 W/System.err( 4924): 	at kotlinx.coroutines.scheduling.CoroutineScheduler.runSafely(SourceFile:1)
06-16 00:47:27.923 W/System.err( 4924): 	at kotlinx.coroutines.scheduling.CoroutineScheduler$Worker.executeTask(SourceFile:34)
06-16 00:47:27.923 W/System.err( 4924): 	at kotlinx.coroutines.scheduling.CoroutineScheduler$Worker.runWorker(SourceFile:29)
06-16 00:47:27.923 W/System.err( 4924): 	at kotlinx.coroutines.scheduling.CoroutineScheduler$Worker.run(SourceFile:1)
06-16 00:47:27.946 W/System.err( 4924): java.io.FileNotFoundException: sys/class/sunxi_info/sys_info: open failed: ENOENT (No such file or directory)
06-16 00:47:27.946 W/System.err( 4924): 	at libcore.io.IoBridge.open(IoBridge.java:575)
06-16 00:47:27.946 W/System.err( 4924): 	at java.io.FileInputStream.<init>(FileInputStream.java:160)
06-16 00:47:27.946 W/System.err( 4924): 	at java.io.FileInputStream.<init>(FileInputStream.java:115)
06-16 00:47:27.946 W/System.err( 4924): 	at ip.b.b(SourceFile:5)
06-16 00:47:27.946 W/System.err( 4924): 	at ip.b.a(SourceFile:155)
06-16 00:47:27.946 W/System.err( 4924): 	at ip.a.invoke(SourceFile:589)
06-16 00:47:27.946 W/System.err( 4924): 	at dh.v.getValue(SourceFile:21)
06-16 00:47:27.946 W/System.err( 4924): 	at tech.gtt.frontapp.servicesdk.common.network.interceptor.params.ApiDeviceParams.handleFixedParams(SourceFile:52)
06-16 00:47:27.946 W/System.err( 4924): 	at tech.gtt.frontapp.servicesdk.common.service.utility.apis.IParamsGetter.toMaps(SourceFile:87)
06-16 00:47:27.946 W/System.err( 4924): 	at tech.gtt.frontapp.servicesdk.common.network.interceptor.DefaultParamsInterceptor.onRequest(SourceFile:127)
06-16 00:47:27.946 W/System.err( 4924): 	at tech.gtt.frontapp.servicesdk.common.network.interceptor.SDKInterceptorsPluginKt$setupRequestInterception$1.invokeSuspend(SourceFile:103)
06-16 00:47:27.946 W/System.err( 4924): 	at tech.gtt.frontapp.servicesdk.common.network.interceptor.SDKInterceptorsPluginKt$setupRequestInterception$1.invoke(SourceFile:1)
06-16 00:47:27.946 W/System.err( 4924): 	at tech.gtt.frontapp.servicesdk.common.network.interceptor.SDKInterceptorsPluginKt$setupRequestInterception$1.invoke(SourceFile:2)
06-16 00:47:27.946 W/System.err( 4924): 	at io.ktor.util.pipeline.DebugPipelineContext.proceedLoop(SourceFile:86)
06-16 00:47:27.946 W/System.err( 4924): 	at io.ktor.util.pipeline.DebugPipelineContext.proceed(SourceFile:26)
06-16 00:47:27.946 W/System.err( 4924): 	at io.ktor.client.plugins.RequestError$install$1.invokeSuspend(SourceFile:47)
06-16 00:47:27.946 W/System.err( 4924): 	at io.ktor.client.plugins.RequestError$install$1.invoke(SourceFile:1)
06-16 00:47:27.946 W/System.err( 4924): 	at io.ktor.client.plugins.RequestError$install$1.invoke(SourceFile:2)
06-16 00:47:27.946 W/System.err( 4924): 	at io.ktor.util.pipeline.DebugPipelineContext.proceedLoop(SourceFile:86)
06-16 00:47:27.946 W/System.err( 4924): 	at io.ktor.util.pipeline.DebugPipelineContext.proceed(SourceFile:26)
06-16 00:47:27.946 W/System.err( 4924): 	at io.ktor.client.plugins.SetupRequestContext$install$1.invokeSuspend$proceed(SourceFile:1)
06-16 00:47:27.946 W/System.err( 4924): 	at io.ktor.client.plugins.SetupRequestContext$install$1.access$invokeSuspend$proceed(SourceFile:1)
06-16 00:47:27.946 W/System.err( 4924): 	at io.ktor.client.plugins.SetupRequestContext$install$1$1.invoke(SourceFile:2)
06-16 00:47:27.947 W/System.err( 4924): 	at io.ktor.client.plugins.SetupRequestContext$install$1$1.invoke(SourceFile:1)
06-16 00:47:27.947 W/System.err( 4924): 	at io.ktor.client.plugins.HttpRequestLifecycleKt$HttpRequestLifecycle$1$1.invokeSuspend(SourceFile:78)
06-16 00:47:27.947 W/System.err( 4924): 	at io.ktor.client.plugins.HttpRequestLifecycleKt$HttpRequestLifecycle$1$1.invoke(SourceFile:1)
06-16 00:47:27.947 W/System.err( 4924): 	at io.ktor.client.plugins.HttpRequestLifecycleKt$HttpRequestLifecycle$1$1.invoke(SourceFile:2)
06-16 00:47:27.947 W/System.err( 4924): 	at io.ktor.client.plugins.SetupRequestContext$install$1.invokeSuspend(SourceFile:42)
06-16 00:47:27.947 W/System.err( 4924): 	at io.ktor.client.plugins.SetupRequestContext$install$1.invoke(SourceFile:1)
06-16 00:47:27.947 W/System.err( 4924): 	at io.ktor.client.plugins.SetupRequestContext$install$1.invoke(SourceFile:2)
06-16 00:47:27.947 W/System.err( 4924): 	at io.ktor.util.pipeline.DebugPipelineContext.proceedLoop(SourceFile:86)
06-16 00:47:27.947 W/System.err( 4924): 	at io.ktor.util.pipeline.DebugPipelineContext.proceed(SourceFile:26)
06-16 00:47:27.947 W/System.err( 4924): 	at io.ktor.util.pipeline.DebugPipelineContext.execute$ktor_utils(SourceFile:7)
06-16 00:47:27.947 W/System.err( 4924): 	at io.ktor.util.pipeline.Pipeline.execute(SourceFile:9)
06-16 00:47:27.947 W/System.err( 4924): 	at io.ktor.client.HttpClient.execute$ktor_client_core(SourceFile:68)
06-16 00:47:27.947 W/System.err( 4924): 	at io.ktor.client.statement.HttpStatement.fetchResponse(SourceFile:90)
06-16 00:47:27.947 W/System.err( 4924): 	at io.ktor.client.statement.HttpStatement.execute(SourceFile:9)
06-16 00:47:27.947 W/System.err( 4924): 	at de.jensklingenberg.ktorfit.internal.KtorfitConverterHelper.suspendRequest(SourceFile:127)
06-16 00:47:27.947 W/System.err( 4924): 	at de.jensklingenberg.ktorfit.internal.KtorfitConverterHelper$request$1$1.invokeSuspend(SourceFile:58)
06-16 00:47:27.947 W/System.err( 4924): 	at de.jensklingenberg.ktorfit.internal.KtorfitConverterHelper$request$1$1.invoke(SourceFile:2)
06-16 00:47:27.947 W/System.err( 4924): 	at de.jensklingenberg.ktorfit.internal.KtorfitConverterHelper$request$1$1.invoke(SourceFile:1)
06-16 00:47:27.947 W/System.err( 4924): 	at de.jensklingenberg.ktorfit.converter.FlowConverterFactory$responseConverter$1$convert$1.invokeSuspend(SourceFile:84)
06-16 00:47:27.947 W/System.err( 4924): 	at de.jensklingenberg.ktorfit.converter.FlowConverterFactory$responseConverter$1$convert$1.invoke(SourceFile:2)
06-16 00:47:27.947 W/System.err( 4924): 	at de.jensklingenberg.ktorfit.converter.FlowConverterFactory$responseConverter$1$convert$1.invoke(SourceFile:1)
06-16 00:47:27.947 W/System.err( 4924): 	at kotlinx.coroutines.flow.SafeFlow.collectSafely(SourceFile:3)
06-16 00:47:27.947 W/System.err( 4924): 	at kotlinx.coroutines.flow.AbstractFlow.collect(SourceFile:70)
06-16 00:47:27.947 W/System.err( 4924): 	at kotlinx.coroutines.flow.FlowKt__MergeKt$flatMapConcat$$inlined$map$1.collect(SourceFile:10)
06-16 00:47:27.947 W/System.err( 4924): 	at kotlinx.coroutines.flow.FlowKt__MergeKt$flattenConcat$$inlined$unsafeFlow$1.collect(SourceFile:8)
06-16 00:47:27.947 W/System.err( 4924): 	at kotlinx.coroutines.flow.FlowKt__CollectKt.collect(SourceFile:1)
06-16 00:47:27.947 W/System.err( 4924): 	at kotlinx.coroutines.flow.FlowKt.collect(SourceFile:1)
06-16 00:47:27.947 W/System.err( 4924): 	at tech.gtt.frontapp.servicesdk.common.service.utility.apis.ApiUtilServiceImpl.onServiceInit(SourceFile:240)
06-16 00:47:27.947 W/System.err( 4924): 	at tech.gtt.frontapp.servicesdk.common.core.ServiceSDKImpl.executeServiceInitialize(SourceFile:372)
06-16 00:47:27.947 W/System.err( 4924): 	at tech.gtt.frontapp.servicesdk.common.core.ServiceSDKImpl.access$executeServiceInitialize(SourceFile:1)
06-16 00:47:27.947 W/System.err( 4924): 	at tech.gtt.frontapp.servicesdk.common.core.ServiceSDKImpl$init$1.invokeSuspend(SourceFile:178)
06-16 00:47:27.947 W/System.err( 4924): 	at tech.gtt.frontapp.servicesdk.common.core.ServiceSDKImpl$init$1.invoke(SourceFile:2)
06-16 00:47:27.947 W/System.err( 4924): 	at tech.gtt.frontapp.servicesdk.common.core.ServiceSDKImpl$init$1.invoke(SourceFile:1)
06-16 00:47:27.947 W/System.err( 4924): 	at kotlinx.coroutines.flow.SafeFlow.collectSafely(SourceFile:3)
06-16 00:47:27.947 W/System.err( 4924): 	at kotlinx.coroutines.flow.AbstractFlow.collect(SourceFile:70)
06-16 00:47:27.947 W/System.err( 4924): 	at tech.gtt.frontapp.servicesdk.common.core.SDKSetup$build$1.invokeSuspend(SourceFile:42)
06-16 00:47:27.947 W/System.err( 4924): 	at tech.gtt.frontapp.servicesdk.common.core.SDKSetup$build$1.invoke(SourceFile:2)
06-16 00:47:27.947 W/System.err( 4924): 	at tech.gtt.frontapp.servicesdk.common.core.SDKSetup$build$1.invoke(SourceFile:1)
06-16 00:47:27.947 W/System.err( 4924): 	at tech.gtt.frontapp.servicesdk.common.core.Scheduler$scheduleDirect$1.invokeSuspend(SourceFile:61)
06-16 00:47:27.947 W/System.err( 4924): 	at lh.a.resumeWith(SourceFile:14)
06-16 00:47:27.947 W/System.err( 4924): 	at kotlinx.coroutines.DispatchedTask.run(SourceFile:123)
06-16 00:47:27.947 W/System.err( 4924): 	at kotlinx.coroutines.internal.LimitedDispatcher$Worker.run(SourceFile:4)
06-16 00:47:27.947 W/System.err( 4924): 	at kotlinx.coroutines.scheduling.TaskImpl.run(SourceFile:3)
06-16 00:47:27.947 W/System.err( 4924): 	at kotlinx.coroutines.scheduling.CoroutineScheduler.runSafely(SourceFile:1)
06-16 00:47:27.947 W/System.err( 4924): 	at kotlinx.coroutines.scheduling.CoroutineScheduler$Worker.executeTask(SourceFile:34)
06-16 00:47:27.947 W/System.err( 4924): 	at kotlinx.coroutines.scheduling.CoroutineScheduler$Worker.runWorker(SourceFile:29)
06-16 00:47:27.947 W/System.err( 4924): 	at kotlinx.coroutines.scheduling.CoroutineScheduler$Worker.run(SourceFile:1)
06-16 00:47:27.948 W/System.err( 4924): Caused by: android.system.ErrnoException: open failed: ENOENT (No such file or directory)
06-16 00:47:27.948 W/System.err( 4924): 	at libcore.io.Linux.open(Native Method)
06-16 00:47:27.948 W/System.err( 4924): 	at libcore.io.ForwardingOs.open(ForwardingOs.java:567)
06-16 00:47:27.948 W/System.err( 4924): 	at libcore.io.BlockGuardOs.open(BlockGuardOs.java:273)
06-16 00:47:27.948 W/System.err( 4924): 	at libcore.io.ForwardingOs.open(ForwardingOs.java:567)
06-16 00:47:27.948 W/System.err( 4924): 	at android.app.ActivityThread$AndroidOs.open(ActivityThread.java:7761)
06-16 00:47:27.948 W/System.err( 4924): 	at libcore.io.IoBridge.open(IoBridge.java:561)
06-16 00:47:27.948 W/System.err( 4924): 	... 69 more
06-16 00:47:27.950 W/System.err( 4924): java.io.FileNotFoundException: sys/class/sunxi_info/sys_info: open failed: ENOENT (No such file or directory)
06-16 00:47:27.950 W/System.err( 4924): 	at libcore.io.IoBridge.open(IoBridge.java:575)
06-16 00:47:27.950 W/System.err( 4924): 	at java.io.FileInputStream.<init>(FileInputStream.java:160)
06-16 00:47:27.950 W/System.err( 4924): 	at java.io.FileInputStream.<init>(FileInputStream.java:115)
06-16 00:47:27.950 W/System.err( 4924): 	at ip.b.b(SourceFile:5)
06-16 00:47:27.950 W/System.err( 4924): 	at ip.b.a(SourceFile:155)
06-16 00:47:27.950 W/System.err( 4924): 	at ip.a.invoke(SourceFile:127)
06-16 00:47:27.951 W/System.err( 4924): 	at dh.v.getValue(SourceFile:21)
06-16 00:47:27.951 W/System.err( 4924): 	at tech.gtt.frontapp.servicesdk.common.network.interceptor.params.ApiDeviceParams.handleFixedParams(SourceFile:65)
06-16 00:47:27.951 W/System.err( 4924): 	at tech.gtt.frontapp.servicesdk.common.service.utility.apis.IParamsGetter.toMaps(SourceFile:87)
06-16 00:47:27.951 W/System.err( 4924): 	at tech.gtt.frontapp.servicesdk.common.network.interceptor.DefaultParamsInterceptor.onRequest(SourceFile:127)
06-16 00:47:27.951 W/System.err( 4924): 	at tech.gtt.frontapp.servicesdk.common.network.interceptor.SDKInterceptorsPluginKt$setupRequestInterception$1.invokeSuspend(SourceFile:103)
06-16 00:47:27.951 W/System.err( 4924): 	at tech.gtt.frontapp.servicesdk.common.network.interceptor.SDKInterceptorsPluginKt$setupRequestInterception$1.invoke(SourceFile:1)
06-16 00:47:27.951 W/System.err( 4924): 	at tech.gtt.frontapp.servicesdk.common.network.interceptor.SDKInterceptorsPluginKt$setupRequestInterception$1.invoke(SourceFile:2)
06-16 00:47:27.951 W/System.err( 4924): 	at io.ktor.util.pipeline.DebugPipelineContext.proceedLoop(SourceFile:86)
06-16 00:47:27.951 W/System.err( 4924): 	at io.ktor.util.pipeline.DebugPipelineContext.proceed(SourceFile:26)
06-16 00:47:27.951 W/System.err( 4924): 	at io.ktor.client.plugins.RequestError$install$1.invokeSuspend(SourceFile:47)
06-16 00:47:27.951 W/System.err( 4924): 	at io.ktor.client.plugins.RequestError$install$1.invoke(SourceFile:1)
06-16 00:47:27.951 W/System.err( 4924): 	at io.ktor.client.plugins.RequestError$install$1.invoke(SourceFile:2)
06-16 00:47:27.951 W/System.err( 4924): 	at io.ktor.util.pipeline.DebugPipelineContext.proceedLoop(SourceFile:86)
06-16 00:47:27.951 W/System.err( 4924): 	at io.ktor.util.pipeline.DebugPipelineContext.proceed(SourceFile:26)
06-16 00:47:27.951 W/System.err( 4924): 	at io.ktor.client.plugins.SetupRequestContext$install$1.invokeSuspend$proceed(SourceFile:1)
06-16 00:47:27.951 W/System.err( 4924): 	at io.ktor.client.plugins.SetupRequestContext$install$1.access$invokeSuspend$proceed(SourceFile:1)
06-16 00:47:27.951 W/System.err( 4924): 	at io.ktor.client.plugins.SetupRequestContext$install$1$1.invoke(SourceFile:2)
06-16 00:47:27.951 W/System.err( 4924): 	at io.ktor.client.plugins.SetupRequestContext$install$1$1.invoke(SourceFile:1)
06-16 00:47:27.951 W/System.err( 4924): 	at io.ktor.client.plugins.HttpRequestLifecycleKt$HttpRequestLifecycle$1$1.invokeSuspend(SourceFile:78)
06-16 00:47:27.951 W/System.err( 4924): 	at io.ktor.client.plugins.HttpRequestLifecycleKt$HttpRequestLifecycle$1$1.invoke(SourceFile:1)
06-16 00:47:27.951 W/System.err( 4924): 	at io.ktor.client.plugins.HttpRequestLifecycleKt$HttpRequestLifecycle$1$1.invoke(SourceFile:2)
06-16 00:47:27.951 W/System.err( 4924): 	at io.ktor.client.plugins.SetupRequestContext$install$1.invokeSuspend(SourceFile:42)
06-16 00:47:27.951 W/System.err( 4924): 	at io.ktor.client.plugins.SetupRequestContext$install$1.invoke(SourceFile:1)
06-16 00:47:27.951 W/System.err( 4924): 	at io.ktor.client.plugins.SetupRequestContext$install$1.invoke(SourceFile:2)
06-16 00:47:27.951 W/System.err( 4924): 	at io.ktor.util.pipeline.DebugPipelineContext.proceedLoop(SourceFile:86)
06-16 00:47:27.951 W/System.err( 4924): 	at io.ktor.util.pipeline.DebugPipelineContext.proceed(SourceFile:26)
06-16 00:47:27.951 W/System.err( 4924): 	at io.ktor.util.pipeline.DebugPipelineContext.execute$ktor_utils(SourceFile:7)
06-16 00:47:27.951 W/System.err( 4924): 	at io.ktor.util.pipeline.Pipeline.execute(SourceFile:9)
06-16 00:47:27.951 W/System.err( 4924): 	at io.ktor.client.HttpClient.execute$ktor_client_core(SourceFile:68)
06-16 00:47:27.951 W/System.err( 4924): 	at io.ktor.client.statement.HttpStatement.fetchResponse(SourceFile:90)
06-16 00:47:27.951 W/System.err( 4924): 	at io.ktor.client.statement.HttpStatement.execute(SourceFile:9)
06-16 00:47:27.951 W/System.err( 4924): 	at de.jensklingenberg.ktorfit.internal.KtorfitConverterHelper.suspendRequest(SourceFile:127)
06-16 00:47:27.951 W/System.err( 4924): 	at de.jensklingenberg.ktorfit.internal.KtorfitConverterHelper$request$1$1.invokeSuspend(SourceFile:58)
06-16 00:47:27.951 W/System.err( 4924): 	at de.jensklingenberg.ktorfit.internal.KtorfitConverterHelper$request$1$1.invoke(SourceFile:2)
06-16 00:47:27.951 W/System.err( 4924): 	at de.jensklingenberg.ktorfit.internal.KtorfitConverterHelper$request$1$1.invoke(SourceFile:1)
06-16 00:47:27.951 W/System.err( 4924): 	at de.jensklingenberg.ktorfit.converter.FlowConverterFactory$responseConverter$1$convert$1.invokeSuspend(SourceFile:84)
06-16 00:47:27.951 W/System.err( 4924): 	at de.jensklingenberg.ktorfit.converter.FlowConverterFactory$responseConverter$1$convert$1.invoke(SourceFile:2)
06-16 00:47:27.951 W/System.err( 4924): 	at de.jensklingenberg.ktorfit.converter.FlowConverterFactory$responseConverter$1$convert$1.invoke(SourceFile:1)
06-16 00:47:27.951 W/System.err( 4924): 	at kotlinx.coroutines.flow.SafeFlow.collectSafely(SourceFile:3)
06-16 00:47:27.951 W/System.err( 4924): 	at kotlinx.coroutines.flow.AbstractFlow.collect(SourceFile:70)
06-16 00:47:27.951 W/System.err( 4924): 	at kotlinx.coroutines.flow.FlowKt__MergeKt$flatMapConcat$$inlined$map$1.collect(SourceFile:10)
06-16 00:47:27.951 W/System.err( 4924): 	at kotlinx.coroutines.flow.FlowKt__MergeKt$flattenConcat$$inlined$unsafeFlow$1.collect(SourceFile:8)
06-16 00:47:27.951 W/System.err( 4924): 	at kotlinx.coroutines.flow.FlowKt__CollectKt.collect(SourceFile:1)
06-16 00:47:27.951 W/System.err( 4924): 	at kotlinx.coroutines.flow.FlowKt.collect(SourceFile:1)
06-16 00:47:27.951 W/System.err( 4924): 	at tech.gtt.frontapp.servicesdk.common.service.utility.apis.ApiUtilServiceImpl.onServiceInit(SourceFile:240)
06-16 00:47:27.951 W/System.err( 4924): 	at tech.gtt.frontapp.servicesdk.common.core.ServiceSDKImpl.executeServiceInitialize(SourceFile:372)
06-16 00:47:27.951 W/System.err( 4924): 	at tech.gtt.frontapp.servicesdk.common.core.ServiceSDKImpl.access$executeServiceInitialize(SourceFile:1)
06-16 00:47:27.952 W/System.err( 4924): 	at tech.gtt.frontapp.servicesdk.common.core.ServiceSDKImpl$init$1.invokeSuspend(SourceFile:178)
06-16 00:47:27.952 W/System.err( 4924): 	at tech.gtt.frontapp.servicesdk.common.core.ServiceSDKImpl$init$1.invoke(SourceFile:2)
06-16 00:47:27.952 W/System.err( 4924): 	at tech.gtt.frontapp.servicesdk.common.core.ServiceSDKImpl$init$1.invoke(SourceFile:1)
06-16 00:47:27.952 W/System.err( 4924): 	at kotlinx.coroutines.flow.SafeFlow.collectSafely(SourceFile:3)
06-16 00:47:27.952 W/System.err( 4924): 	at kotlinx.coroutines.flow.AbstractFlow.collect(SourceFile:70)
06-16 00:47:27.952 W/System.err( 4924): 	at tech.gtt.frontapp.servicesdk.common.core.SDKSetup$build$1.invokeSuspend(SourceFile:42)
06-16 00:47:27.952 W/System.err( 4924): 	at tech.gtt.frontapp.servicesdk.common.core.SDKSetup$build$1.invoke(SourceFile:2)
06-16 00:47:27.952 W/System.err( 4924): 	at tech.gtt.frontapp.servicesdk.common.core.SDKSetup$build$1.invoke(SourceFile:1)
06-16 00:47:27.952 W/System.err( 4924): 	at tech.gtt.frontapp.servicesdk.common.core.Scheduler$scheduleDirect$1.invokeSuspend(SourceFile:61)
06-16 00:47:27.952 W/System.err( 4924): 	at lh.a.resumeWith(SourceFile:14)
06-16 00:47:27.952 W/System.err( 4924): 	at kotlinx.coroutines.DispatchedTask.run(SourceFile:123)
