06-16 00:47:30.104 V/GSK-APIS( 4924): xgHGhicyV++KYL+NnKZWhXXvmVHYKCFCFuTJ6OoofvhVL1vI3FH41sMAI7k9HIJCia4fhy4FyRX7+FxhZWJsAbO5cswyBLRLF50/brVHatiMS6U4iRsGOk2xky7TIWeD73msIhzeWBp1/PGS7RKrui5tUZjEBjHqhET7yHpFQ+L01HOiwqd5aFrdqTUJuUVezC6Q+hXt3oOsQItJbogq86tNdFqBfc0k7cFNzR2KRbnix6pq4bHFl8jx/MyjrTBQVC41jcydorfOolZBHCodgs7GvjOS0T77ALHkxLLQ/jmbauj2TnEo7SaGKvMVo3r3yAI7OwTv6grfrmngJEzbX29Y9l4wVJK7mAts0CSpZfpEkgpz/ANFz8HVv2PMTbGtpdmJz33Q5vuXY4IEwRMXye0AEK8auaUrrd0ABVkUudh5lE6Qxshlb6++2TpebTRpQHOFdBNctSRWsFIWJyUppkIr5KT0Py4TasO6v4xAFdPfFXU23m1jfDDPKye6a/u4LFh85lN9bpgwajfz/9+AcF5VfCU0jKiAed9Fc56OL1v0Paa8wbZKdtcrv3RNE2lDADEwmOIbWH5On3/Eiuu7T0JCye5aXHe6gQqzTTeO3ZTjRKHgF2ULJfoaTlscXvzjEhMjFwW5cdQot5E9hbol4P5EG/+FLDmo31gUkr21okRf0jwqxNZLr744BHV8Vl/Zg6Zrly8rVD4z36wCgJmXU7E5ujiYKCGsWuuxR78YKW+XgkzwWJxC4TxXOSNH1c38509Pm2r044hwt0wu1uRYzy3vEKljwogBpcrYY+6K/cJzaPztffwpt8gewB4u/l1+IsodG/M75eK4ZjkZnElJsvNjfTpFWqJo4i4qMQn1mhzjd9R2kdZk6+31XJPyOIRp6SYjaGamnYHvaK37r/A/bBvKdgQi9JH+BdcqqwKVT7Wp45Ao4iNiwRrvpnv++luJ3XEmdlSTeDGy+eHNSH6p8IAgUG/8n4sFl4KdG7vGEPVuXQXy1uaL8cFeBV/c2/fyfxEKnG9g1d+AlZHjkjhXQvj033zG5wS2Noat+8kNCY9W5R4ePcmYFAXyw19QApn/yhNM7gS1dZwugIAhbvyoub+D5EDZ+RCwUiBuWOWDENJXpblLYG0iuoMg857GeByoei/e8Km0z5K9UBOxyxQLh1Kx24efmfDoTMI3sz3GomQ8qGgPPIDaadJNuZeClUfBIHIHTNMFXQXmoXH543hsYUiz9OZpG0GrZBiu7mw/g9Zn6CH46ceMb5R70R+sFo3FDCRysn9i0m0WSn1OXaF2YVpY2lkm8JuIBIOmQTRxV39DTOiKf5h1saAeK2LcS/xSDMOzhSewlzwHbVWxcXj+WuodoyK3ZeGc2ce7AngB4eRxiOUH1dCD/XIK3Ns456HSc3Ub0gaMU/ljGOCcFusZdjwnlfOouYiBztK6az+iuHeSH5+lznw+8rF6zmMpXzm3ON9AQIxbfI9qtpKKT7/d6rzCFVQuiWctpqZry5wuyiFjDF18DpwbZXrcQgqSQ6QKItjVrT+0ZW1dC2jwbignG+9IqgyYD6iXqiTWKvG5PcwlAb8kSsibobrjPuyQsiYyLq5D6h5t5McBn7R/+8Hf3z1hnhR8ll14sxVmf0a1gQg+BN54B8pClSPbIQfs1pUOKgm6d/jS/EPiavEK3LLaP/rR4PX4ECi7YDangYA8mr1wpnveLLLV+TbTP1IZEtMPZEptjext9nYVw0W0DIWo5zrdRc19IGy4OntTSXLSY1ISPgf+5+onFOWnakxTAc44l3oRjP8nSKiBalzJO30QicoZS+s29sZ47muilN1/YPDSv+MQCKtWs5vwKo6e6ihfM68TS5yOwrsGUOGcJsNz14HH85yxhGfnDTDRr3ccSSHekNP/y1sPZXBCS+pBrt1pLV9wM0m//N5mv+yQnHz5Fgn+nab7ofKONPyxDJAyHui1zFKd+eU59dHcT0YgdsiuKowPE3+V4QH3oIapEQhgVs9ZB7S1vshwoxRhybkyqs9MxaBBedW97RI1o+bw2vapbg1DIoFYbcrsypjjoOtSWZgUc2XdQCdNwj8v4I72NRftj5zUca1a1AASleeDY6qHVkyAojJ2KY97cWFDUdSbze1x2Hxdvz0VCcfJDoFEDtyBibwcyJouxdt1HNzQzIoxm3dcs5tOQLg3zR6w+DovhKTJr+NdNnZroxwttvCUWW0b9R/oPYvYDyN1KQPEdoeu3722HqbWTP9K0M0E8/1HjYgiJaeou3f40HbcbUo6+6YxV2H2HPlW0SVXN3Y0Tajf3ut55OTFFgaJMFpHYYfP1NOvyJWVRqD7/lROu7oh5aKJRr1VO/kQVMQctvm6F7FCVeRBmbzEOxM7de6/AzsOcFjdD0y6PXHNi/VKEwREP5jTjjduZh3KKtSF72F3HKJpr9nMRvGs7eWEHhNeVgu4+nzdWmX8n3uBf5WN3exDjKF2AnUuPsEbIxv/YJG8OrNKKlKJfk0tHpfHLl4W/uijGUnjP4sHS6tPKPtCpzecq1wxIs7JxQFtY+ePJd/ZGFOXqVQzuwtueAso3mNs5eNupERT9eIHYF0cMU/MLTNGJkN8CzSm/PQIwmPef1t3o9ZytI3L1XiDMN2uxvFaJ0f9N6e8YcNwbNDHoUE3JOcqttRhGPuyedEE6QWjXILOdoToD8IWI61hfbb6VqYPXSx6vLjGqWS+mRkYjkGlpCVWY2ZA5hUguwF9cOVp2PCoffXvIbspNb0cHOjREP+5JwVrMaiWK8OHSTHczNyt7OOFRyUv2m/6L4wMQpFYHBKABzn1tGDvXUsmy4/6irFQtQ8Qqe/vdO3iQ6SwvQh1F0H1UiFWc1rZ5Lq2MOkr5h/+GvBIdirXJCeRsV+o1h+mOLNZu4CCTOkbsVACig2auqv9/Q6tBzmNC/RlU2LNcYvy6NcNOFfOLqIX5iXET4t3ynL5+b94X7VUfuE2zfmeY5UE0ZR50IKHx4YYbDj/ZJ2i7HvlekiIYI4JBU9YVoi/VzzWAk8Bo0MNXPormMhcKfzH0GbDJnD9RNV86Eq2FjGCdVvaoZTZBX4T7ghy01xb3e81EFXLTT/O7OBAdj3UuF8OKdMUxCyWhvUJVuTikDb6Wb/VDRfwZ8OFeUOqgOX5RZ2Rx2rT6JHE52OWyclK1sMXic3I3lw8COh9+nuMqOSLVwKRqVx/ZoHF5bb0MTDjWMVjz1LB2VlyT+sE0r5ODynUrTGAtwXtkcnBb6/tHr93/8kVgH93gGRmAGjx5z0ON3zXx5uyaNYr9XivHD3/h1q84BmiDt85i7k8/SA7yWgONaUsGDaUlU+hefWASh6Q1akWofiGwa4sG/8cIMgzJgbNxQN5PzZBaJiJfZWUQ8B4AZZLH714KpyS6NHsc8JfJuPrJMC1iAX1DecvYJfi7xzb1TpKaOHCf5pXbp1hcXkbWGMBwhh/Hf/Wtdr7R9XRAPwDo5QmXjR0jaw6VQwqjV/j1ExpUfZB2iufIiUpKWn7huoBBRjh0VwjOl5lttMnww06GoZFKMSbjg6GGu2Woc+TFA1q314XeogE9E/V8FFNlUj2YvTLEYZpVE04KqugK5rUjfe/DIohcufOQ7facBE/jVGv0QrebjYEV6gZXLAQFC5832moMC4ZA+ftHnT5cZ0GGgJvyE3OTKdo+LAXJv8NwTEw2XagM5oKzA4Q7ejZGoJUVGhXA4E0TNwq3LcRPt6Bgz+sfMmieBonm5LRNdlNoG+GHHf5lM6FPyu+FQt0207KA3g6SUgsdUtSOOV2CuANqzwTQ3KxhYlHHEbMfM5A2/E1zAu0ANk7a3iv+wMxW0PYz0ENoWL3BxkP7Ywqo9Lce0fm3Gdd09wZ4xkoLor3/lgsOZqioi3KbaFKvaXuQT7Ocr3ha0QqW0tA4Fy7qzELJ1amo5qMC6fYh9rSkN3SLTGA69OaOM2dUahOOZBthiy5ax6J9VQH5STKe/yqKhNEqKCRMDnYNgAY5iqAsmJ+T09siPucmh+A0m4qPc
06-16 00:47:30.104 V/GSK-APIS( 4924): oqxAw4YDAjnkhIHFkSSjau+lZlBiRHbLLO4Wl9WLjOSN3X7YaVVffNCI+Iqric73JCEJbKHPJ5Boi6vdN1MegjPaEMoq6W6hbTem+b6v7ZchiioI0ATWhQ2z8OQYoRb1joqP3SdT6hEwNadp5PAmWl15XS1vZYfdKig43DMcU4VTDen00C5U9MKGvTMlumGNnyyXz5bP2CikVa8fazAOeViNXiW288smLc8SO3ZkxDifRR7tcCB8nH29L1wF4UY5I7rWLS5+drYV42BwNWDZQbaa5NFnZJE6314ipmZQcQvslzG+Ss1JJKULSnR41yMKCHcJL8wW1feaKcbYui7QRQn0+fY5wxtIpysdtSVxvKhes+E++kuJ00xAhrzGXLUuSg=
06-16 00:47:30.104 V/GSK-APIS( 4924): 	prot:	ACM30
06-16 00:47:30.104 V/GSK-APIS( 4924): 	signature:	37aa63b90d13b2fd0c8cbc7cc9a9f24d9a987a33
06-16 00:47:30.104 V/GSK-APIS( 4924): }
06-16 00:47:30.104 W/ActivityTaskManager( 1933): Tried to set launchTime (0) < mLastActivityLaunchTime (408769)
06-16 00:47:30.104 V/GSK-APIS( 4924): request to: https://gtt-app-apigateway-lion.vdemosit.com/api/enduser/messagecenter/message/query/v1
06-16 00:47:30.105 V/GSK-Upgrade:ComponentUpdater( 4924): get soVersions = 
06-16 00:47:30.105 V/GSK-Upgrade:ComponentUpdater( 4924): initConfig
06-16 00:47:30.110 W/ontapp.stb.dem( 4924): ClassLoaderContext parent mismatch.  (PCL[] | PCL[];PCL[/data/app/~~-tMPAvyTMYMhU6nbl0NqBw==/tech.gtt.frontapp.stb.demo-qA9iw4qsktyjEZ3tBIQvtg==/base.apk*930720720:/data/app/~~-tMPAvyTMYMhU6nbl0NqBw==/tech.gtt.frontapp.stb.demo-qA9iw4qsktyjEZ3tBIQvtg==/base.apk!classes2.dex*2103280642:/data/app/~~-tMPAvyTMYMhU6nbl0NqBw==/tech.gtt.frontapp.stb.demo-qA9iw4qsktyjEZ3tBIQvtg==/base.apk!classes3.dex*2004927299])
06-16 00:47:30.119 V/GSK-Upgrade:UpgradeManager( 4924): startLoopUpdateApp
06-16 00:47:30.119 V/GSK     ( 4924): UpgradeServiceImp unnecessary initialization() executed in 67 ms.
06-16 00:47:30.131 D/AndroidAutoSize( 4924): tech.gtt.frontapp.stb.m.home.activity.LoadingActivity used the global configuration.
06-16 00:47:30.134 D/AndroidAutoSize( 4924): The tech.gtt.frontapp.stb.m.home.activity.LoadingActivity has been adapted! 
06-16 00:47:30.134 D/AndroidAutoSize( 4924): LoadingActivity Info: isBaseOnWidth = true, designWidthInDp = 1920.000000, designWidthInSubunits = 1920.000000, targetDensity = 1.000000, targetScaledDensity = 1.000000, targetDensityDpi = 160, targetXdpi = 1.000000, targetScreenWidthDp = 1920, targetScreenHeightDp = 1032
06-16 00:47:30.135 D/UiDevice( 4871): Searching for node with selector: BySelector [RES='\Qtech.gtt.frontapp.stb.demo:id/account_login_tv2\E'].
06-16 00:47:30.136 W/QueryController( 4871): Could not detect idle state.
06-16 00:47:30.196 V/GSK-Account:AccountManager( 4924): isLoggedIn=false
06-16 00:47:30.197 D/AndroidAutoSize( 4924): tech.gtt.frontapp.stb.m.home.activity.LoadingActivity used the global configuration.
06-16 00:47:30.197 D/AndroidAutoSize( 4924): The tech.gtt.frontapp.stb.m.home.activity.LoadingActivity has been adapted! 
06-16 00:47:30.197 D/AndroidAutoSize( 4924): LoadingActivity Info: isBaseOnWidth = true, designWidthInDp = 1920.000000, designWidthInSubunits = 1920.000000, targetDensity = 1.000000, targetScaledDensity = 1.000000, targetDensityDpi = 160, targetXdpi = 1.000000, targetScreenWidthDp = 1920, targetScreenHeightDp = 1032
06-16 00:47:30.232 W/WindowManager( 1933): Failed looking up window session=Session{4e0e29e 4924:u0a10058} callers=com.android.server.wm.WindowManagerService.windowForClientLocked:5850 com.android.server.wm.Session.updateRequestedVisibilities:640 android.view.IWindowSession$Stub.onTransact:1175 
06-16 00:47:30.253 V/GSK-Upgrade:ComponentUpdater( 4924): init
06-16 00:47:30.253 V/GSK-Upgrade:ComponentUpdater( 4924): loadLocalDex
06-16 00:47:30.253 V/GSK-Upgrade:ComponentUpdater( 4924): local dex is empty
06-16 00:47:30.254 V/GSK-Upgrade:ComponentUpdater( 4924): local dex is empty
06-16 00:47:30.254 V/GSK-Upgrade:ComponentUpdater( 4924): local dex is empty
06-16 00:47:30.254 V/GSK-Upgrade:ComponentUpdater( 4924): local dex is empty
06-16 00:47:30.254 V/GSK-Upgrade:ComponentUpdater( 4924): local dex is empty
06-16 00:47:30.254 V/GSK-Upgrade:ComponentUpdater( 4924): local dex is empty
06-16 00:47:30.264 W/UiDevice( 4871): Skipping null root node for window: AccessibilityWindowInfo[title=允许v-demo访问您设备上的照片和媒体吗？, displayId=0, id=78, taskId=17, type=TYPE_APPLICATION, layer=1, region=SkRegion((432,48,1488,1080)), bounds=Rect(432, 48 - 1488, 1080), focused=false, active=false, pictureInPicture=false, hasParent=false, isAnchored=false, hasChildren=false]
06-16 00:47:30.308 D/gralloc_nox( 1764): gralloc_alloc: Creating ashmem region of size 8298496
06-16 00:47:30.349 D/gralloc_nox( 1764): gralloc_alloc: Creating ashmem region of size 8298496
06-16 00:47:30.352 D/ProcessState( 5022): Binder ioctl to enable oneway spam detection failed: Invalid argument
06-16 00:47:30.377 D/gralloc_nox( 1764): gralloc_alloc: Creating ashmem region of size 8298496
06-16 00:47:30.378 D/UiDevice( 4871): Searching for node with selector: BySelector [RES='\Qtech.gtt.frontapp.stb.demo:id/account_login_tv2\E'].
06-16 00:47:30.383 W/QueryController( 4871): Could not detect idle state.
06-16 00:47:30.455 I/ActivityTaskManager( 1933): Displayed tech.gtt.frontapp.stb.demo/tech.gtt.frontapp.stb.m.home.activity.LoadingActivity: +377ms
06-16 00:47:30.468 D/CompatibilityChangeReporter( 4924): Compat change id reported: 171228096; UID 10058; state: ENABLED
06-16 00:47:30.487 W/DataBinding( 4924): Setting the fragment as the LifecycleOwner might cause memory leaks because views lives shorter than the Fragment. Consider using Fragment's view lifecycle
06-16 00:47:30.500 I/MediaFocusControl( 1933): requestAudioFocus() from uid/pid 10058/4924 AA=USAGE_MEDIA/CONTENT_TYPE_MOVIE clientId=android.media.AudioManager@a8c13af callingPack=tech.gtt.frontapp.stb.demo req=1 flags=0x0 sdk=35
06-16 00:47:30.500 I/AudioService.FadeOutManager( 1933): unfadeOutUid() uid:10058
06-16 00:47:30.513 W/MediaProvider( 2637): Failed to fetch original file descriptor
06-16 00:47:30.513 W/MediaProvider( 2637): java.io.IOException: stat failed: ENOENT (No such file or directory)
06-16 00:47:30.513 W/MediaProvider( 2637): 	at com.android.providers.media.MediaProvider.getFileFromFileDescriptor(MediaProvider.java:5822)
06-16 00:47:30.513 W/MediaProvider( 2637): 	at com.android.providers.media.MediaProvider.getOriginalMediaFormatFileDescriptor(MediaProvider.java:5739)
06-16 00:47:30.513 W/MediaProvider( 2637): 	at com.android.providers.media.MediaProvider.openTypedAssetFileCommon(MediaProvider.java:7162)
06-16 00:47:30.513 W/MediaProvider( 2637): 	at com.android.providers.media.MediaProvider.openTypedAssetFile(MediaProvider.java:7143)
06-16 00:47:30.513 W/MediaProvider( 2637): 	at android.content.ContentProvider$Transport.openTypedAssetFile(ContentProvider.java:548)
06-16 00:47:30.513 W/MediaProvider( 2637): 	at android.content.ContentProviderNative.onTransact(ContentProviderNative.java:327)
06-16 00:47:30.513 W/MediaProvider( 2637): 	at android.os.Binder.execTransactInternal(Binder.java:1179)
06-16 00:47:30.513 W/MediaProvider( 2637): 	at android.os.Binder.execTransact(Binder.java:1143)
06-16 00:47:30.513 W/MediaProvider( 2637): Caused by: android.system.ErrnoException: stat failed: ENOENT (No such file or directory)
06-16 00:47:30.513 W/MediaProvider( 2637): 	at libcore.io.Linux.stat(Native Method)
06-16 00:47:30.513 W/MediaProvider( 2637): 	at libcore.io.ForwardingOs.stat(ForwardingOs.java:853)
06-16 00:47:30.513 W/MediaProvider( 2637): 	at libcore.io.BlockGuardOs.stat(BlockGuardOs.java:420)
06-16 00:47:30.513 W/MediaProvider( 2637): 	at libcore.io.ForwardingOs.stat(ForwardingOs.java:853)
06-16 00:47:30.513 W/MediaProvider( 2637): 	at android.app.ActivityThread$AndroidOs.stat(ActivityThread.java:7775)
06-16 00:47:30.513 W/MediaProvider( 2637): 	at android.system.Os.stat(Os.java:919)
06-16 00:47:30.513 W/MediaProvider( 2637): 	at com.android.providers.media.MediaProvider.getFileFromFileDescriptor(MediaProvider.java:5816)
06-16 00:47:30.513 W/MediaProvider( 2637): 	... 7 more
06-16 00:47:30.519 D/NuPlayerDriver( 1804): NuPlayerDriver(0xf3a407f0) created, clientPid(4924)
06-16 00:47:30.521 D/SurfaceUtils( 1804): connecting to surface 0xee404ba8, reason setVideoSurfaceTexture
06-16 00:47:30.521 D/NuPlayer( 1804): onSetVideoSurface(0xee403270, no video decoder)
06-16 00:47:30.527 D/GenericSource( 1804): FileSource remote
06-16 00:47:30.532 I/SampleTable( 1802): There are reordered frames present.
06-16 00:47:30.535 D/MediaBufferGroup( 1802): creating MemoryDealer
06-16 00:47:30.561 D/MediaPlayerNative( 4924): getMetadata
06-16 00:47:30.574 I/GenericSource( 1804): start
06-16 00:47:30.581 I/OMXClient( 1804): IOmx service obtained
06-16 00:47:30.582 I/OMXStore( 1808): makeComponentInstance(OMX.google.h264.decoder) in android.hardwar process
06-16 00:47:30.583 I/OMXClient( 1804): IOmx service obtained
06-16 00:47:30.584 I/OMXStore( 1808): makeComponentInstance(OMX.google.aac.decoder) in android.hardwar process
06-16 00:47:30.589 D/SurfaceUtils( 1804): disconnecting from surface 0xee403278, reason onConfigure
06-16 00:47:30.590 D/SurfaceUtils( 1804): connecting to surface 0xee403278, reason connectToSurface
06-16 00:47:30.591 I/MediaCodec( 1804): [OMX.google.h264.decoder] setting surface generation to 1847299
06-16 00:47:30.591 D/SurfaceUtils( 1804): disconnecting from surface 0xee403278, reason connectToSurface(reconnect)
06-16 00:47:30.591 D/SurfaceUtils( 1804): connecting to surface 0xee403278, reason connectToSurface(reconnect)
06-16 00:47:30.592 E/OMXNodeInstance( 1808): getExtensionIndex(0xf22c14a0:google.h264.decoder, OMX.google.android.index.enableAndroidNativeBuffers) ERROR: UnsupportedIndex(0x8000101a)
06-16 00:47:30.593 E/ACodec  ( 1804): [OMX.google.h264.decoder] setPortMode on output to DynamicANWBuffer failed w/ err -1010
06-16 00:47:30.593 E/OMXNodeInstance( 1808): getParameter(0xf22c14a0:google.h264.decoder, ??(0x6f600011)) ERROR: UnsupportedIndex(0x8000101a)
06-16 00:47:30.593 W/OMXNodeInstance( 1808): [0xf22c14a0:google.h264.decoder] component does not support metadata mode; using fallback
06-16 00:47:30.593 D/SoftVideoDecoderOMXComponent( 1808): Color Aspects preference: 1 
06-16 00:47:30.593 E/OMXNodeInstance( 1808): setConfig(0xf22c14a0:google.h264.decoder, ConfigPriority(0x6f800002)) ERROR: UnsupportedIndex(0x8000101a)
06-16 00:47:30.593 I/ACodec  ( 1804): codec does not support config priority (err -1010)
06-16 00:47:30.593 E/OMXNodeInstance( 1808): setConfig(0xf22c14a0:google.h264.decoder, ConfigOperatingRate(0x6f800003)) ERROR: UnsupportedIndex(0x8000101a)
06-16 00:47:30.593 I/ACodec  ( 1804): codec does not support config operating rate (err -1010)
06-16 00:47:30.594 E/OMXNodeInstance( 1808): getConfig(0xf22c14a0:google.h264.decoder, ConfigAndroidVendorExtension(0x6f100004)) ERROR: UnsupportedIndex(0x8000101a)
06-16 00:47:30.594 E/OMXNodeInstance( 1808): getConfig(0xf22c14a0:google.h264.decoder, ??(0x7f000003)) ERROR: UnsupportedSetting(0x80001019)
06-16 00:47:30.594 E/OMXNodeInstance( 1808): setConfig(0xf22c0e80:google.aac.decoder, ConfigPriority(0x6f800002)) ERROR: Undefined(0x80001001)
06-16 00:47:30.594 I/MediaCodec( 1804): MediaCodec will operate in async mode
06-16 00:47:30.594 D/MediaCodec( 1804): keep callback message for reclaim
06-16 00:47:30.594 I/ACodec  ( 1804): codec does not support config priority (err -2147483648)
06-16 00:47:30.594 E/OMXNodeInstance( 1808): getConfig(0xf22c0e80:google.aac.decoder, ConfigAndroidVendorExtension(0x6f100004)) ERROR: Undefined(0x80001001)
06-16 00:47:30.594 D/SoftAAC2( 1808): get OMX_IndexParamAudioAndroidAacDrcPresentation
06-16 00:47:30.595 I/MediaCodec( 1804): MediaCodec will operate in async mode
06-16 00:47:30.596 D/MediaCodec( 1804): keep callback message for reclaim
06-16 00:47:30.598 W/ResourceManagerService( 1804): Ignoring request to add new resource entry with value <= 0
06-16 00:47:30.603 D/SoftVideoDecoderOMXComponent( 1808): Color Aspects preference: 1 
06-16 00:47:30.605 E/OMXNodeInstance( 1808): getConfig(0xf22c14a0:google.h264.decoder, ??(0x7f000003)) ERROR: UnsupportedSetting(0x80001019)
06-16 00:47:30.622 I/SoftAAC2( 1808): Reconfiguring decoder: 0->44100 Hz, 0->1 channels
06-16 00:47:30.625 D/SoftAAC2( 1808): get OMX_IndexParamAudioAndroidAacDrcPresentation
06-16 00:47:30.633 D/MediaCodec( 1804): [OMX.google.h264.decoder] setting dataspace on output surface to #102
06-16 00:47:30.640 D/gralloc_nox( 1764): gralloc_alloc: Creating ashmem region of size 589824
06-16 00:47:30.643 D/AudioFlinger( 1776): Client defaulted notificationFrames to 11286 for frameCount 22572
06-16 00:47:30.645 D/AF::TrackHandle( 1776): OpPlayAudio: track:58 usage:1 not muted
06-16 00:47:30.658 D/SoftwareRenderer( 1804): setting dataspace on output surface to #8000102
06-16 00:47:30.667 W/MediaPlayerNative( 4924): info/warning (3, 0)
06-16 00:47:30.669 D/UiDevice( 4871): Searching for node with selector: BySelector [RES='\Qtech.gtt.frontapp.stb.demo:id/account_login_tv2\E'].
06-16 00:47:30.670 W/QueryController( 4871): Could not detect idle state.
06-16 00:47:30.694 E/android.hardware.audio.service( 1756): pcm_open called create stream faild
06-16 00:47:30.695 D/gralloc_nox( 1764): gralloc_alloc: Creating ashmem region of size 589824
06-16 00:47:30.701 D/gralloc_nox( 1764): gralloc_alloc: Creating ashmem region of size 589824
06-16 00:47:30.707 D/gralloc_nox( 1764): gralloc_alloc: Creating ashmem region of size 589824
06-16 00:47:30.708 W/InputManager-JNI( 1933): Input channel object '7966995 tech.gtt.frontapp.stb.demo/tech.gtt.frontapp.stb.m.home.activity.SplashActivity (client)' was disposed without first being removed with the input manager!
06-16 00:47:30.738 V/GSK-APIS( 4924): received response >>> id: 9d34b47d url: https://gtt-app-apigateway-lion.vdemosit.com/api/enduser/messagecenter/message/query/v1 statusCode: 400, exception: null
06-16 00:47:30.738 I/System.out( 4924): [SDKInterceptorPlugin] Unhandled exception in request processing: Something went wrong while connecting to the server, statusCode: 400
06-16 00:47:30.739 D/AudioFlinger( 1776): mixer(0x727c2c5fda60) throttle end: throttle time(41)
06-16 00:47:30.816 D/UiDevice( 4871): Searching for node with selector: BySelector [RES='\Qtech.gtt.frontapp.stb.demo:id/account_login_tv2\E'].
06-16 00:47:30.817 W/QueryController( 4871): Could not detect idle state.
06-16 00:47:30.924 D/UiDevice( 4871): Searching for node with selector: BySelector [RES='\Qtech.gtt.frontapp.stb.demo:id/account_login_tv2\E'].
06-16 00:47:30.926 W/QueryController( 4871): Could not detect idle state.
06-16 00:47:31.038 D/AudioFlinger( 1776): mixer(0x727c2c5fda60) throttle end: throttle time(236)
06-16 00:47:31.041 D/UiDevice( 4871): Searching for node with selector: BySelector [RES='\Qtech.gtt.frontapp.stb.demo:id/account_login_tv2\E'].
06-16 00:47:31.041 W/QueryController( 4871): Could not detect idle state.
06-16 00:47:31.145 D/UiDevice( 4871): Searching for node with selector: BySelector [RES='\Qtech.gtt.frontapp.stb.demo:id/account_login_tv2\E'].
06-16 00:47:31.146 W/QueryController( 4871): Could not detect idle state.
06-16 00:47:31.251 D/UiDevice( 4871): Searching for node with selector: BySelector [RES='\Qtech.gtt.frontapp.stb.demo:id/account_login_tv2\E'].
06-16 00:47:31.251 W/QueryController( 4871): Could not detect idle state.
06-16 00:47:31.354 D/UiDevice( 4871): Searching for node with selector: BySelector [RES='\Qtech.gtt.frontapp.stb.demo:id/account_login_tv2\E'].
06-16 00:47:31.354 W/QueryController( 4871): Could not detect idle state.
06-16 00:47:31.458 D/UiDevice( 4871): Searching for node with selector: BySelector [RES='\Qtech.gtt.frontapp.stb.demo:id/account_login_tv2\E'].
06-16 00:47:31.459 W/QueryController( 4871): Could not detect idle state.
06-16 00:47:31.566 D/UiDevice( 4871): Searching for node with selector: BySelector [RES='\Qtech.gtt.frontapp.stb.demo:id/account_login_tv2\E'].
06-16 00:47:31.568 W/QueryController( 4871): Could not detect idle state.
06-16 00:47:31.673 D/UiDevice( 4871): Searching for node with selector: BySelector [RES='\Qtech.gtt.frontapp.stb.demo:id/account_login_tv2\E'].
06-16 00:47:31.676 W/QueryController( 4871): Could not detect idle state.
06-16 00:47:31.785 D/UiDevice( 4871): Searching for node with selector: BySelector [RES='\Qtech.gtt.frontapp.stb.demo:id/account_login_tv2\E'].
06-16 00:47:31.785 W/QueryController( 4871): Could not detect idle state.
06-16 00:47:31.889 D/UiDevice( 4871): Searching for node with selector: BySelector [RES='\Qtech.gtt.frontapp.stb.demo:id/account_login_tv2\E'].
06-16 00:47:31.890 W/QueryController( 4871): Could not detect idle state.
06-16 00:47:31.994 D/UiDevice( 4871): Searching for node with selector: BySelector [RES='\Qtech.gtt.frontapp.stb.demo:id/account_login_tv2\E'].
06-16 00:47:31.994 W/QueryController( 4871): Could not detect idle state.
06-16 00:47:32.103 D/UiDevice( 4871): Searching for node with selector: BySelector [RES='\Qtech.gtt.frontapp.stb.demo:id/account_login_tv2\E'].
06-16 00:47:32.106 W/QueryController( 4871): Could not detect idle state.
06-16 00:47:32.216 D/UiDevice( 4871): Searching for node with selector: BySelector [RES='\Qtech.gtt.frontapp.stb.demo:id/account_login_tv2\E'].
06-16 00:47:32.218 W/QueryController( 4871): Could not detect idle state.
06-16 00:47:32.324 D/UiDevice( 4871): Searching for node with selector: BySelector [RES='\Qtech.gtt.frontapp.stb.demo:id/account_login_tv2\E'].
06-16 00:47:32.324 W/QueryController( 4871): Could not detect idle state.
06-16 00:47:32.428 D/UiDevice( 4871): Searching for node with selector: BySelector [RES='\Qtech.gtt.frontapp.stb.demo:id/account_login_tv2\E'].
06-16 00:47:32.428 W/QueryController( 4871): Could not detect idle state.
06-16 00:47:32.533 D/UiDevice( 4871): Searching for node with selector: BySelector [RES='\Qtech.gtt.frontapp.stb.demo:id/account_login_tv2\E'].
06-16 00:47:32.534 W/QueryController( 4871): Could not detect idle state.
06-16 00:47:32.638 D/UiDevice( 4871): Searching for node with selector: BySelector [RES='\Qtech.gtt.frontapp.stb.demo:id/account_login_tv2\E'].
06-16 00:47:32.639 W/QueryController( 4871): Could not detect idle state.
06-16 00:47:32.744 D/UiDevice( 4871): Searching for node with selector: BySelector [RES='\Qtech.gtt.frontapp.stb.demo:id/account_login_tv2\E'].
06-16 00:47:32.744 W/QueryController( 4871): Could not detect idle state.
06-16 00:47:32.856 D/UiDevice( 4871): Searching for node with selector: BySelector [RES='\Qtech.gtt.frontapp.stb.demo:id/account_login_tv2\E'].
06-16 00:47:32.856 W/QueryController( 4871): Could not detect idle state.
06-16 00:47:32.962 D/UiDevice( 4871): Searching for node with selector: BySelector [RES='\Qtech.gtt.frontapp.stb.demo:id/account_login_tv2\E'].
06-16 00:47:32.962 W/QueryController( 4871): Could not detect idle state.
06-16 00:47:33.067 D/UiDevice( 4871): Searching for node with selector: BySelector [RES='\Qtech.gtt.frontapp.stb.demo:id/account_login_tv2\E'].
06-16 00:47:33.068 W/QueryController( 4871): Could not detect idle state.
06-16 00:47:33.109 W/System  ( 1933): A resource failed to call close. 
06-16 00:47:33.109 W/System  ( 1933): A resource failed to call release. 
06-16 00:47:33.172 D/UiDevice( 4871): Searching for node with selector: BySelector [RES='\Qtech.gtt.frontapp.stb.demo:id/account_login_tv2\E'].
06-16 00:47:33.173 W/QueryController( 4871): Could not detect idle state.
06-16 00:47:33.276 D/UiDevice( 4871): Searching for node with selector: BySelector [RES='\Qtech.gtt.frontapp.stb.demo:id/account_login_tv2\E'].
06-16 00:47:33.277 W/QueryController( 4871): Could not detect idle state.
06-16 00:47:33.380 D/UiDevice( 4871): Searching for node with selector: BySelector [RES='\Qtech.gtt.frontapp.stb.demo:id/account_login_tv2\E'].
06-16 00:47:33.382 W/QueryController( 4871): Could not detect idle state.
06-16 00:47:33.394 I/keystore2( 1708): keystore2::watchdog: Watchdog thread idle -> terminating. Have a great day.
06-16 00:47:33.487 D/UiDevice( 4871): Searching for node with selector: BySelector [RES='\Qtech.gtt.frontapp.stb.demo:id/account_login_tv2\E'].
06-16 00:47:33.488 W/QueryController( 4871): Could not detect idle state.
06-16 00:47:33.592 D/UiDevice( 4871): Searching for node with selector: BySelector [RES='\Qtech.gtt.frontapp.stb.demo:id/account_login_tv2\E'].
06-16 00:47:33.594 W/QueryController( 4871): Could not detect idle state.
06-16 00:47:33.604 E/TaskPersister( 1933): File error accessing recents directory (directory doesn't exist?).
06-16 00:47:33.712 D/UiDevice( 4871): Searching for node with selector: BySelector [RES='\Qtech.gtt.frontapp.stb.demo:id/account_login_tv2\E'].
06-16 00:47:33.713 W/QueryController( 4871): Could not detect idle state.
06-16 00:47:33.820 D/UiDevice( 4871): Searching for node with selector: BySelector [RES='\Qtech.gtt.frontapp.stb.demo:id/account_login_tv2\E'].
06-16 00:47:33.820 W/QueryController( 4871): Could not detect idle state.
06-16 00:47:33.926 D/UiDevice( 4871): Searching for node with selector: BySelector [RES='\Qtech.gtt.frontapp.stb.demo:id/account_login_tv2\E'].
06-16 00:47:33.926 W/QueryController( 4871): Could not detect idle state.
06-16 00:47:34.029 D/UiDevice( 4871): Searching for node with selector: BySelector [RES='\Qtech.gtt.frontapp.stb.demo:id/account_login_tv2\E'].
06-16 00:47:34.030 W/QueryController( 4871): Could not detect idle state.
06-16 00:47:34.134 D/UiDevice( 4871): Searching for node with selector: BySelector [RES='\Qtech.gtt.frontapp.stb.demo:id/account_login_tv2\E'].
06-16 00:47:34.134 W/QueryController( 4871): Could not detect idle state.
06-16 00:47:34.239 D/UiDevice( 4871): Searching for node with selector: BySelector [RES='\Qtech.gtt.frontapp.stb.demo:id/account_login_tv2\E'].
06-16 00:47:34.240 W/QueryController( 4871): Could not detect idle state.
06-16 00:47:34.344 D/UiDevice( 4871): Searching for node with selector: BySelector [RES='\Qtech.gtt.frontapp.stb.demo:id/account_login_tv2\E'].
06-16 00:47:34.345 W/QueryController( 4871): Could not detect idle state.
06-16 00:47:34.452 D/UiDevice( 4871): Searching for node with selector: BySelector [RES='\Qtech.gtt.frontapp.stb.demo:id/account_login_tv2\E'].
06-16 00:47:34.453 W/QueryController( 4871): Could not detect idle state.
06-16 00:47:34.565 D/UiDevice( 4871): Searching for node with selector: BySelector [RES='\Qtech.gtt.frontapp.stb.demo:id/account_login_tv2\E'].
06-16 00:47:34.566 W/QueryController( 4871): Could not detect idle state.
06-16 00:47:34.656 D/AudioTrack( 1804): stop(10): called with 200704 frames delivered
06-16 00:47:34.670 D/UiDevice( 4871): Searching for node with selector: BySelector [RES='\Qtech.gtt.frontapp.stb.demo:id/account_login_tv2\E'].
06-16 00:47:34.671 W/QueryController( 4871): Could not detect idle state.
06-16 00:47:34.776 D/UiDevice( 4871): Searching for node with selector: BySelector [RES='\Qtech.gtt.frontapp.stb.demo:id/account_login_tv2\E'].
06-16 00:47:34.777 W/QueryController( 4871): Could not detect idle state.
06-16 00:47:34.882 D/UiDevice( 4871): Searching for node with selector: BySelector [RES='\Qtech.gtt.frontapp.stb.demo:id/account_login_tv2\E'].
06-16 00:47:34.884 W/QueryController( 4871): Could not detect idle state.
06-16 00:47:34.988 D/UiDevice( 4871): Searching for node with selector: BySelector [RES='\Qtech.gtt.frontapp.stb.demo:id/account_login_tv2\E'].
06-16 00:47:34.988 W/QueryController( 4871): Could not detect idle state.
06-16 00:47:35.037 D/NuPlayerDriver( 1804): stop(0xf3a407f0)
06-16 00:47:35.038 V/MediaPlayer( 4924): resetDrmState:  mDrmInfo=null mDrmProvisioningThread=null mPrepareDrmInProgress=false mActiveDrmScheme=false
06-16 00:47:35.038 V/MediaPlayer( 4924): cleanDrmObj: mDrmObj=null mDrmSessionId=null
06-16 00:47:35.038 D/NuPlayerDriver( 1804): reset(0xf3a407f0) at state 8
06-16 00:47:35.041 D/SurfaceUtils( 1804): disconnecting from surface 0xee403278, reason disconnectFromSurface
06-16 00:47:35.042 D/SurfaceUtils( 1804): connecting to surface 0xee403278, reason onShutdown
06-16 00:47:35.044 D/NuPlayerDriver( 1804): notifyResetComplete(0xf3a407f0)
06-16 00:47:35.044 D/SurfaceUtils( 1804): disconnecting from surface 0xee404ba8, reason disconnectNativeWindow
06-16 00:47:35.045 W/AMessage( 1804): failed to post message as target looper for handler 0 is gone.
06-16 00:47:35.046 I/MediaFocusControl( 1933): abandonAudioFocus() from uid/pid 10058/4924 clientId=android.media.AudioManager@a8c13af
06-16 00:47:35.049 I/ActivityTaskManager( 1933): START u0 {cmp=tech.gtt.frontapp.stb.demo/tech.gtt.frontapp.stb.m.account.activity.LoginMethodSwitchActivity (has extras)} from uid 10058
06-16 00:47:35.051 D/CompatibilityChangeReporter( 1933): Compat change id reported: 174042980; UID 10058; state: DISABLED
06-16 00:47:35.051 D/CompatibilityChangeReporter( 1933): Compat change id reported: 184838306; UID 10058; state: DISABLED
06-16 00:47:35.052 D/CompatibilityChangeReporter( 1933): Compat change id reported: 185004937; UID 10058; state: DISABLED
06-16 00:47:35.052 D/CompatibilityChangeReporter( 1933): Compat change id reported: 181136395; UID 10058; state: DISABLED
06-16 00:47:35.052 D/CompatibilityChangeReporter( 1933): Compat change id reported: 174042936; UID 10058; state: DISABLED
06-16 00:47:35.054 D/CompatibilityChangeReporter( 1933): Compat change id reported: 197654537; UID 10058; state: ENABLED
06-16 00:47:35.056 D/CompatibilityChangeReporter( 1933): Compat change id reported: 168419799; UID 10058; state: DISABLED
06-16 00:47:35.060 I/MediaFocusControl( 1933): abandonAudioFocus() from uid/pid 10058/4924 clientId=android.media.AudioManager@a8c13af
06-16 00:47:35.060 W/MediaPlayer( 4924): mediaplayer went away with unhandled events
06-16 00:47:35.063 W/MediaPlayer( 4924): mediaplayer went away with unhandled events
06-16 00:47:35.074 W/ActivityTaskManager( 1933): Tried to set launchTime (0) < mLastActivityLaunchTime (415705)
06-16 00:47:35.092 D/UiDevice( 4871): Searching for node with selector: BySelector [RES='\Qtech.gtt.frontapp.stb.demo:id/account_login_tv2\E'].
06-16 00:47:35.092 W/QueryController( 4871): Could not detect idle state.
06-16 00:47:35.094 D/AndroidAutoSize( 4924): tech.gtt.frontapp.stb.m.account.activity.LoginMethodSwitchActivity used the global configuration.
06-16 00:47:35.094 D/AndroidAutoSize( 4924): The tech.gtt.frontapp.stb.m.account.activity.LoginMethodSwitchActivity has been adapted! 
06-16 00:47:35.094 D/AndroidAutoSize( 4924): LoginMethodSwitchActivity Info: isBaseOnWidth = true, designWidthInDp = 1920.000000, designWidthInSubunits = 1920.000000, targetDensity = 1.000000, targetScaledDensity = 1.000000, targetDensityDpi = 160, targetXdpi = 1.000000, targetScreenWidthDp = 1920, targetScreenHeightDp = 1032
06-16 00:47:35.134 D/AndroidAutoSize( 4924): tech.gtt.frontapp.stb.m.account.activity.LoginMethodSwitchActivity used the global configuration.
06-16 00:47:35.135 D/AndroidAutoSize( 4924): The tech.gtt.frontapp.stb.m.account.activity.LoginMethodSwitchActivity has been adapted! 
06-16 00:47:35.135 D/AndroidAutoSize( 4924): LoginMethodSwitchActivity Info: isBaseOnWidth = true, designWidthInDp = 1920.000000, designWidthInSubunits = 1920.000000, targetDensity = 1.000000, targetScaledDensity = 1.000000, targetDensityDpi = 160, targetXdpi = 1.000000, targetScreenWidthDp = 1920, targetScreenHeightDp = 1032
06-16 00:47:35.138 W/WindowManager( 1933): Failed looking up window session=Session{4e0e29e 4924:u0a10058} callers=com.android.server.wm.WindowManagerService.windowForClientLocked:5850 com.android.server.wm.Session.updateRequestedVisibilities:640 android.view.IWindowSession$Stub.onTransact:1175 
06-16 00:47:35.150 D/gralloc_nox( 1764): gralloc_alloc: Creating ashmem region of size 8298496
06-16 00:47:35.187 D/gralloc_nox( 1764): gralloc_alloc: Creating ashmem region of size 8298496
06-16 00:47:35.190 D/ProcessState( 5317): Binder ioctl to enable oneway spam detection failed: Invalid argument
06-16 00:47:35.235 D/gralloc_nox( 1764): gralloc_alloc: Creating ashmem region of size 8298496
06-16 00:47:35.279 E/libEGL  ( 4924): called unimplemented OpenGL ES API
06-16 00:47:35.299 I/ActivityTaskManager( 1933): Displayed tech.gtt.frontapp.stb.demo/tech.gtt.frontapp.stb.m.account.activity.LoginMethodSwitchActivity: +249ms
06-16 00:47:35.440 D/UIAutomatorStub( 4871): URI: /jsonrpc/0, Method: POST, params, {NanoHttpd.QUERY_STRING=null}, files: {postData={"jsonrpc": "2.0", "id": 1, "method": "objInfo", "params": [{"mask": 2097152, "childOrSibling": [], "childOrSiblingSelector": [], "resourceId": "tech.gtt.frontapp.stb.demo:id/account_login_tv2"}]}}
06-16 00:47:35.442 D/UiDevice( 4871): Retrieving node with selector: BySelector [RES='\Qtech.gtt.frontapp.stb.demo:id/account_login_tv2\E'].
06-16 00:47:35.443 W/QueryController( 4871): Could not detect idle state.
06-16 00:47:35.454 W/QueryController( 4871): Could not detect idle state.
06-16 00:47:35.459 W/QueryController( 4871): Could not detect idle state.
06-16 00:47:35.463 W/QueryController( 4871): Could not detect idle state.
06-16 00:47:35.467 W/QueryController( 4871): Could not detect idle state.
06-16 00:47:35.470 W/QueryController( 4871): Could not detect idle state.
06-16 00:47:35.472 W/QueryController( 4871): Could not detect idle state.
06-16 00:47:35.474 W/QueryController( 4871): Could not detect idle state.
06-16 00:47:35.478 W/QueryController( 4871): Could not detect idle state.
06-16 00:47:35.484 W/QueryController( 4871): Could not detect idle state.
06-16 00:47:35.487 W/QueryController( 4871): Could not detect idle state.
06-16 00:47:35.511 W/QueryController( 4871): Could not detect idle state.
06-16 00:47:35.524 W/InputManager-JNI( 1933): Input channel object '851d339 tech.gtt.frontapp.stb.demo/tech.gtt.frontapp.stb.m.home.activity.LoadingActivity (client)' was disposed without first being removed with the input manager!
06-16 00:47:35.528 W/QueryController( 4871): Could not detect idle state.
06-16 00:47:35.531 W/QueryController( 4871): Could not detect idle state.
06-16 00:47:35.533 W/QueryController( 4871): Could not detect idle state.
06-16 00:47:35.535 W/QueryController( 4871): Could not detect idle state.
06-16 00:47:35.537 W/QueryController( 4871): Could not detect idle state.
06-16 00:47:35.539 W/QueryController( 4871): Could not detect idle state.
06-16 00:47:35.559 D/UIAutomatorStub( 4871): URI: /jsonrpc/0, Method: POST, params, {NanoHttpd.QUERY_STRING=null}, files: {postData={"jsonrpc": "2.0", "id": 1, "method": "click", "params": [1390.0, 559.0]}}
06-16 00:47:35.679 I/ActivityTaskManager( 1933): START u0 {cmp=tech.gtt.frontapp.stb.demo/tech.gtt.frontapp.stb.m.account.activity.LoginActivity} from uid 10058
06-16 00:47:35.687 W/ActivityTaskManager( 1933): Tried to set launchTime (0) < mLastActivityLaunchTime (420677)
06-16 00:47:35.696 D/AndroidAutoSize( 4924): tech.gtt.frontapp.stb.m.account.activity.LoginActivity used the global configuration.
06-16 00:47:35.697 D/AndroidAutoSize( 4924): The tech.gtt.frontapp.stb.m.account.activity.LoginActivity has been adapted! 
06-16 00:47:35.697 D/AndroidAutoSize( 4924): LoginActivity Info: isBaseOnWidth = true, designWidthInDp = 1920.000000, designWidthInSubunits = 1920.000000, targetDensity = 1.000000, targetScaledDensity = 1.000000, targetDensityDpi = 160, targetXdpi = 1.000000, targetScreenWidthDp = 1920, targetScreenHeightDp = 1032
06-16 00:47:35.710 D/UIAutomatorStub( 4871): URI: /jsonrpc/0, Method: POST, params, {NanoHttpd.QUERY_STRING=null}, files: {postData={"jsonrpc": "2.0", "id": 1, "method": "waitForExists", "params": [{"mask": 2097152, "childOrSibling": [], "childOrSiblingSelector": [], "resourceId": "tech.gtt.frontapp.stb.demo:id/loginf_et_username"}, 20000]}}
06-16 00:47:35.711 D/UiDevice( 4871): Waiting 20000ms for SearchCondition[hasObject=BySelector [RES='\Qtech.gtt.frontapp.stb.demo:id/loginf_et_username\E']].
06-16 00:47:35.712 D/UiDevice( 4871): Searching for node with selector: BySelector [RES='\Qtech.gtt.frontapp.stb.demo:id/loginf_et_username\E'].
06-16 00:47:35.712 W/QueryController( 4871): Could not detect idle state.
06-16 00:47:35.784 D/AndroidAutoSize( 4924): tech.gtt.frontapp.stb.m.account.activity.LoginActivity used the global configuration.
06-16 00:47:35.784 D/AndroidAutoSize( 4924): The tech.gtt.frontapp.stb.m.account.activity.LoginActivity has been adapted! 
06-16 00:47:35.784 D/AndroidAutoSize( 4924): LoginActivity Info: isBaseOnWidth = true, designWidthInDp = 1920.000000, designWidthInSubunits = 1920.000000, targetDensity = 1.000000, targetScaledDensity = 1.000000, targetDensityDpi = 160, targetXdpi = 1.000000, targetScreenWidthDp = 1920, targetScreenHeightDp = 1032
06-16 00:47:35.787 W/WindowManager( 1933): Failed looking up window session=Session{4e0e29e 4924:u0a10058} callers=com.android.server.wm.WindowManagerService.windowForClientLocked:5850 com.android.server.wm.Session.updateRequestedVisibilities:640 android.view.IWindowSession$Stub.onTransact:1175 
06-16 00:47:35.805 D/gralloc_nox( 1764): gralloc_alloc: Creating ashmem region of size 8298496
06-16 00:47:35.829 D/gralloc_nox( 1764): gralloc_alloc: Creating ashmem region of size 8298496
06-16 00:47:35.857 D/gralloc_nox( 1764): gralloc_alloc: Creating ashmem region of size 8298496
06-16 00:47:35.864 D/ProcessState( 5331): Binder ioctl to enable oneway spam detection failed: Invalid argument
06-16 00:47:35.893 D/UiDevice( 4871): Searching for node with selector: BySelector [RES='\Qtech.gtt.frontapp.stb.demo:id/loginf_et_username\E'].
06-16 00:47:35.895 W/QueryController( 4871): Could not detect idle state.
06-16 00:47:35.943 I/ActivityTaskManager( 1933): Displayed tech.gtt.frontapp.stb.demo/tech.gtt.frontapp.stb.m.account.activity.LoginActivity: +263ms
06-16 00:47:36.018 D/UIAutomatorStub( 4871): URI: /jsonrpc/0, Method: POST, params, {NanoHttpd.QUERY_STRING=null}, files: {postData={"jsonrpc": "2.0", "id": 1, "method": "objInfo", "params": [{"mask": 2097152, "childOrSibling": [], "childOrSiblingSelector": [], "resourceId": "tech.gtt.frontapp.stb.demo:id/loginf_et_username"}]}}
06-16 00:47:36.019 D/UiDevice( 4871): Retrieving node with selector: BySelector [RES='\Qtech.gtt.frontapp.stb.demo:id/loginf_et_username\E'].
06-16 00:47:36.021 W/QueryController( 4871): Could not detect idle state.
06-16 00:47:36.029 W/QueryController( 4871): Could not detect idle state.
06-16 00:47:36.035 W/QueryController( 4871): Could not detect idle state.
06-16 00:47:36.043 W/QueryController( 4871): Could not detect idle state.
06-16 00:47:36.045 W/QueryController( 4871): Could not detect idle state.
06-16 00:47:36.048 W/QueryController( 4871): Could not detect idle state.
06-16 00:47:36.051 W/QueryController( 4871): Could not detect idle state.
06-16 00:47:36.052 W/QueryController( 4871): Could not detect idle state.
06-16 00:47:36.052 W/QueryController( 4871): Could not detect idle state.
06-16 00:47:36.054 W/QueryController( 4871): Could not detect idle state.
06-16 00:47:36.055 W/QueryController( 4871): Could not detect idle state.
06-16 00:47:36.057 W/QueryController( 4871): Could not detect idle state.
06-16 00:47:36.058 W/QueryController( 4871): Could not detect idle state.
06-16 00:47:36.059 W/QueryController( 4871): Could not detect idle state.
06-16 00:47:36.060 W/QueryController( 4871): Could not detect idle state.
06-16 00:47:36.061 W/QueryController( 4871): Could not detect idle state.
06-16 00:47:36.061 W/QueryController( 4871): Could not detect idle state.
06-16 00:47:36.062 W/QueryController( 4871): Could not detect idle state.
06-16 00:47:36.077 D/UIAutomatorStub( 4871): URI: /jsonrpc/0, Method: POST, params, {NanoHttpd.QUERY_STRING=null}, files: {postData={"jsonrpc": "2.0", "id": 1, "method": "click", "params": [1057.0, 437.0]}}
06-16 00:47:36.188 W/SurfaceFlinger( 1779): couldn't log to binary event log: overflow.
06-16 00:47:36.296 D/CompatibilityChangeReporter( 4924): Compat change id reported: 163400105; UID 10058; state: ENABLED
06-16 00:47:36.296 D/InputMethodManager( 4924): showSoftInput() view=tech.gtt.frontapp.stb.c.ui.edittext.EmailAutoCompleteTextView{1640df VFED..CL. .F.P..ID 0,0-700,92 #7f0b02ce app:id/loginf_et_username aid=1073741824} flags=0 reason=SHOW_SOFT_INPUT
06-16 00:47:36.296 V/InputMethodService( 3091): onEvaluateInputViewShown: config.hardKeyboardHidden = 2
06-16 00:47:36.297 V/InputMethodService( 3091): onEvaluateInputViewShown: config.hardKeyboardHidden = 2
06-16 00:47:36.297 I/AdbKeyboard( 3091): imeAction: 5 Next
06-16 00:47:36.310 D/gralloc_nox( 1764): gralloc_alloc: Creating ashmem region of size 647168
06-16 00:47:36.377 D/gralloc_nox( 1764): gralloc_alloc: Creating ashmem region of size 647168
06-16 00:47:36.379 D/UIAutomatorStub( 4871): URI: /jsonrpc/0, Method: POST, params, {NanoHttpd.QUERY_STRING=null}, files: {postData={"jsonrpc": "2.0", "id": 1, "method": "waitForExists", "params": [{"mask": 2097152, "childOrSibling": [], "childOrSiblingSelector": [], "resourceId": "tech.gtt.frontapp.stb.demo:id/loginf_et_username"}, 20000]}}
06-16 00:47:36.379 D/gralloc_nox( 1764): gralloc_alloc: Creating ashmem region of size 647168
06-16 00:47:36.380 D/UiDevice( 4871): Waiting 20000ms for SearchCondition[hasObject=BySelector [RES='\Qtech.gtt.frontapp.stb.demo:id/loginf_et_username\E']].
06-16 00:47:36.380 D/UiDevice( 4871): Searching for node with selector: BySelector [RES='\Qtech.gtt.frontapp.stb.demo:id/loginf_et_username\E'].
06-16 00:47:36.381 W/QueryController( 4871): Could not detect idle state.
06-16 00:47:36.388 D/ProcessState( 5340): Binder ioctl to enable oneway spam detection failed: Invalid argument
06-16 00:47:36.392 D/InsetsController( 4924): show(ime(), fromIme=true)
06-16 00:47:36.429 D/UIAutomatorStub( 4871): URI: /jsonrpc/0, Method: POST, params, {NanoHttpd.QUERY_STRING=null}, files: {postData={"jsonrpc": "2.0", "id": 1, "method": "setText", "params": [{"mask": 2097152, "childOrSibling": [], "childOrSiblingSelector": [], "resourceId": "tech.gtt.frontapp.stb.demo:id/loginf_et_username"}, "0609@ipwangxin.cn"]}}
06-16 00:47:36.430 D/UiDevice( 4871): Retrieving node with selector: BySelector [RES='\Qtech.gtt.frontapp.stb.demo:id/loginf_et_username\E'].
06-16 00:47:36.430 W/QueryController( 4871): Could not detect idle state.
06-16 00:47:36.434 W/QueryController( 4871): Could not detect idle state.
06-16 00:47:36.435 D/UiObject2( 4871): Clicking on (1057, 437).
06-16 00:47:36.447 D/InputMethodManager( 4924): showSoftInput() view=tech.gtt.frontapp.stb.c.ui.edittext.EmailAutoCompleteTextView{1640df VFED..CL. .F.P.... 0,0-700,92 #7f0b02ce app:id/loginf_et_username aid=1073741824} flags=0 reason=SHOW_SOFT_INPUT
06-16 00:47:36.449 V/InputMethodService( 3091): onEvaluateInputViewShown: config.hardKeyboardHidden = 2
06-16 00:47:36.449 V/InputMethodService( 3091): onEvaluateInputViewShown: config.hardKeyboardHidden = 2
06-16 00:47:36.453 D/InsetsController( 4924): show(ime(), fromIme=true)
06-16 00:47:36.462 D/UiDevice( 4871): Retrieving node with selector: BySelector [RES='\Qtech.gtt.frontapp.stb.demo:id/loginf_et_username\E'].
06-16 00:47:36.462 W/QueryController( 4871): Could not detect idle state.
06-16 00:47:36.467 W/QueryController( 4871): Could not detect idle state.
06-16 00:47:36.474 D/UiObject2( 4871): Setting text to '0609@ipwangxin.cn'.
06-16 00:47:36.483 I/AdbKeyboard( 3091): imeAction: 5 Next
06-16 00:47:36.484 V/InputMethodService( 3091): onEvaluateInputViewShown: config.hardKeyboardHidden = 2
06-16 00:47:36.484 V/InputMethodService( 3091): onEvaluateInputViewShown: config.hardKeyboardHidden = 2
06-16 00:47:36.537 D/InsetsController( 4924): show(ime(), fromIme=true)
06-16 00:47:36.558 D/UIAutomatorStub( 4871): URI: /jsonrpc/0, Method: POST, params, {NanoHttpd.QUERY_STRING=null}, files: {postData={"jsonrpc": "2.0", "id": 1, "method": "waitForExists", "params": [{"mask": 2097152, "childOrSibling": [], "childOrSiblingSelector": [], "resourceId": "tech.gtt.frontapp.stb.demo:id/et_pwd"}, 20000]}}
06-16 00:47:36.559 D/UiDevice( 4871): Waiting 20000ms for SearchCondition[hasObject=BySelector [RES='\Qtech.gtt.frontapp.stb.demo:id/et_pwd\E']].
06-16 00:47:36.559 D/UiDevice( 4871): Searching for node with selector: BySelector [RES='\Qtech.gtt.frontapp.stb.demo:id/et_pwd\E'].
06-16 00:47:36.560 W/QueryController( 4871): Could not detect idle state.
06-16 00:47:36.600 D/UIAutomatorStub( 4871): URI: /jsonrpc/0, Method: POST, params, {NanoHttpd.QUERY_STRING=null}, files: {postData={"jsonrpc": "2.0", "id": 1, "method": "objInfo", "params": [{"mask": 2097152, "childOrSibling": [], "childOrSiblingSelector": [], "resourceId": "tech.gtt.frontapp.stb.demo:id/et_pwd"}]}}
06-16 00:47:36.600 D/UiDevice( 4871): Retrieving node with selector: BySelector [RES='\Qtech.gtt.frontapp.stb.demo:id/et_pwd\E'].
06-16 00:47:36.601 W/QueryController( 4871): Could not detect idle state.
06-16 00:47:36.604 W/QueryController( 4871): Could not detect idle state.
06-16 00:47:36.605 W/QueryController( 4871): Could not detect idle state.
06-16 00:47:36.606 W/QueryController( 4871): Could not detect idle state.
06-16 00:47:36.607 W/QueryController( 4871): Could not detect idle state.
06-16 00:47:36.608 W/QueryController( 4871): Could not detect idle state.
06-16 00:47:36.609 W/QueryController( 4871): Could not detect idle state.
06-16 00:47:36.609 W/QueryController( 4871): Could not detect idle state.
06-16 00:47:36.610 W/QueryController( 4871): Could not detect idle state.
06-16 00:47:36.610 W/QueryController( 4871): Could not detect idle state.
06-16 00:47:36.611 W/QueryController( 4871): Could not detect idle state.
06-16 00:47:36.612 W/QueryController( 4871): Could not detect idle state.
06-16 00:47:36.613 W/QueryController( 4871): Could not detect idle state.
06-16 00:47:36.613 W/QueryController( 4871): Could not detect idle state.
06-16 00:47:36.614 W/QueryController( 4871): Could not detect idle state.
06-16 00:47:36.615 W/QueryController( 4871): Could not detect idle state.
06-16 00:47:36.616 W/QueryController( 4871): Could not detect idle state.
06-16 00:47:36.617 W/QueryController( 4871): Could not detect idle state.
06-16 00:47:36.628 D/UIAutomatorStub( 4871): URI: /jsonrpc/0, Method: POST, params, {NanoHttpd.QUERY_STRING=null}, files: {postData={"jsonrpc": "2.0", "id": 1, "method": "click", "params": [1057.0, 559.0]}}
06-16 00:47:36.643 W/NotificationHistory( 1933): Attempted to add notif for locked/gone/disabled user 0
06-16 00:47:36.650 D/InterruptionStateProvider( 2107): No bubble up: not allowed to bubble: -1|android|8|null|1000
06-16 00:47:36.651 D/InterruptionStateProvider( 2107): No heads up: unimportant notification: -1|android|8|null|1000
06-16 00:47:36.652 D/PeopleSpaceWidgetMgr( 2107): Sbn doesn't contain valid PeopleTileKey: null/-1/android
06-16 00:47:36.659 D/InterruptionStateProvider( 2107): No bubble up: not allowed to bubble: -1|android|8|null|1000
06-16 00:47:36.659 D/InterruptionStateProvider( 2107): No heads up: unimportant notification: -1|android|8|null|1000
06-16 00:47:36.660 D/PeopleSpaceWidgetMgr( 2107): Sbn doesn't contain valid PeopleTileKey: null/-1/android
06-16 00:47:36.705 D/InterruptionStateProvider( 2107): No bubble up: not allowed to bubble: -1|android|8|null|1000
06-16 00:47:36.706 D/InterruptionStateProvider( 2107): No heads up: unimportant notification: -1|android|8|null|1000
06-16 00:47:36.711 D/PeopleSpaceWidgetMgr( 2107): Sbn doesn't contain valid PeopleTileKey: null/-1/android
06-16 00:47:36.741 D/InputMethodManager( 4924): showSoftInput() view=tech.gtt.frontapp.stb.c.ui.edittext.NormalFocusEditText{473fe71 VFED..CL. .F.P..ID 0,0-700,92 #7f0b0172 app:id/et_pwd aid=1073741826} flags=0 reason=SHOW_SOFT_INPUT
06-16 00:47:36.741 I/AdbKeyboard( 3091): imeAction: 5 Next
06-16 00:47:36.742 V/InputMethodService( 3091): onEvaluateInputViewShown: config.hardKeyboardHidden = 2
06-16 00:47:36.742 V/InputMethodService( 3091): onEvaluateInputViewShown: config.hardKeyboardHidden = 2
06-16 00:47:36.744 V/InputMethodService( 3091): onEvaluateInputViewShown: config.hardKeyboardHidden = 2
06-16 00:47:36.744 V/InputMethodService( 3091): onEvaluateInputViewShown: config.hardKeyboardHidden = 2
06-16 00:47:36.759 D/InsetsController( 4924): show(ime(), fromIme=true)
06-16 00:47:36.760 D/InsetsController( 4924): show(ime(), fromIme=true)
06-16 00:47:36.795 D/UIAutomatorStub( 4871): URI: /jsonrpc/0, Method: POST, params, {NanoHttpd.QUERY_STRING=null}, files: {postData={"jsonrpc": "2.0", "id": 1, "method": "waitForExists", "params": [{"mask": 2097152, "childOrSibling": [], "childOrSiblingSelector": [], "resourceId": "tech.gtt.frontapp.stb.demo:id/et_pwd"}, 20000]}}
06-16 00:47:36.797 D/UiDevice( 4871): Waiting 20000ms for SearchCondition[hasObject=BySelector [RES='\Qtech.gtt.frontapp.stb.demo:id/et_pwd\E']].
06-16 00:47:36.797 D/UiDevice( 4871): Searching for node with selector: BySelector [RES='\Qtech.gtt.frontapp.stb.demo:id/et_pwd\E'].
06-16 00:47:36.798 W/QueryController( 4871): Could not detect idle state.
06-16 00:47:36.826 D/UIAutomatorStub( 4871): URI: /jsonrpc/0, Method: POST, params, {NanoHttpd.QUERY_STRING=null}, files: {postData={"jsonrpc": "2.0", "id": 1, "method": "setText", "params": [{"mask": 2097152, "childOrSibling": [], "childOrSiblingSelector": [], "resourceId": "tech.gtt.frontapp.stb.demo:id/et_pwd"}, "123456"]}}
06-16 00:47:36.827 D/UiDevice( 4871): Retrieving node with selector: BySelector [RES='\Qtech.gtt.frontapp.stb.demo:id/et_pwd\E'].
06-16 00:47:36.827 W/QueryController( 4871): Could not detect idle state.
06-16 00:47:36.831 W/QueryController( 4871): Could not detect idle state.
06-16 00:47:36.835 D/UiObject2( 4871): Clicking on (1057, 559).
06-16 00:47:36.851 D/InputMethodManager( 4924): showSoftInput() view=tech.gtt.frontapp.stb.c.ui.edittext.NormalFocusEditText{473fe71 VFED..CL. .F.P.... 0,0-700,92 #7f0b0172 app:id/et_pwd aid=1073741826} flags=0 reason=SHOW_SOFT_INPUT
06-16 00:47:36.853 V/InputMethodService( 3091): onEvaluateInputViewShown: config.hardKeyboardHidden = 2
06-16 00:47:36.855 V/InputMethodService( 3091): onEvaluateInputViewShown: config.hardKeyboardHidden = 2
06-16 00:47:36.859 D/InsetsController( 4924): show(ime(), fromIme=true)
