--------- beginning of main
06-16 01:23:33.264 D/ProcessState( 6623): Binder ioctl to enable oneway spam detection failed: Invalid argument
--------- beginning of system
06-16 01:23:33.265 I/ActivityManager( 1933): Force stopping tech.gtt.frontapp.stb.demo appid=10058 user=0: clear data
06-16 01:23:33.268 I/ActivityManager( 1933): Force stopping tech.gtt.frontapp.stb.demo appid=10058 user=-1: clearApplicationUserData
06-16 01:23:33.321 I/MediaProvider( 2637): Begin Intent { act=android.intent.action.PACKAGE_DATA_CLEARED dat=package:tech.gtt.frontapp.stb.demo flg=0x1000010 cmp=com.android.providers.media.module/com.android.providers.media.MediaService (has extras) }
06-16 01:23:33.322 D/MediaProvider( 2637): Deleted 0 Android/media items belonging to tech.gtt.frontapp.stb.demo on /data/user/0/com.android.providers.media.module/databases/external.db
06-16 01:23:33.322 I/MediaProvider( 2637): End Intent { act=android.intent.action.PACKAGE_DATA_CLEARED dat=package:tech.gtt.frontapp.stb.demo flg=0x1000010 cmp=com.android.providers.media.module/com.android.providers.media.MediaService (has extras) }
06-16 01:23:33.367 D/AndroidRuntime( 6637): >>>>>> START com.android.internal.os.RuntimeInit uid 0 <<<<<<
06-16 01:23:33.369 I/AndroidRuntime( 6637): Using default boot image
06-16 01:23:33.369 I/AndroidRuntime( 6637): Leaving lock profiling enabled
06-16 01:23:33.370 W/app_process( 6637): ART APEX data files are untrusted.
06-16 01:23:33.370 I/app_process( 6637): Core platform API reporting enabled, enforcing=false
06-16 01:23:33.430 D/app_process( 6637): Time zone APEX ICU file found: /apex/com.android.tzdata/etc/icu/icu_tzdata.dat
06-16 01:23:33.430 D/app_process( 6637): I18n APEX ICU file found: /apex/com.android.i18n/etc/icu/icudt68l.dat
06-16 01:23:33.435 W/app_process( 6637): Unexpected CPU variant for X86 using defaults: x86_64
06-16 01:23:33.455 D/ProcessState( 6637): Binder ioctl to enable oneway spam detection failed: Invalid argument
06-16 01:23:33.455 D/AndroidRuntime( 6637): Calling main entry com.android.commands.monkey.Monkey
06-16 01:23:33.457 W/Monkey  ( 6637): args: [-p, tech.gtt.frontapp.stb.demo, -c, android.intent.category.LAUNCHER, 1]
06-16 01:23:33.457 W/Monkey  ( 6637):  arg: "-p"
06-16 01:23:33.457 W/Monkey  ( 6637):  arg: "tech.gtt.frontapp.stb.demo"
06-16 01:23:33.457 W/Monkey  ( 6637):  arg: "-c"
06-16 01:23:33.457 W/Monkey  ( 6637):  arg: "android.intent.category.LAUNCHER"
06-16 01:23:33.457 W/Monkey  ( 6637):  arg: "1"
06-16 01:23:33.457 W/Monkey  ( 6637): data="tech.gtt.frontapp.stb.demo"
06-16 01:23:33.458 W/Monkey  ( 6637): data="android.intent.category.LAUNCHER"
06-16 01:23:33.492 W/BroadcastQueue( 1933): Skipping deliver [background] BroadcastRecord{73773ca u-1 android.net.conn.CONNECTIVITY_CHANGE} to ReceiverList{20093b 6637 (unknown name)/0/u-1 remote:1cf516c}: process gone or crashing
06-16 01:23:33.497 I/ActivityTaskManager( 1933): START u0 {act=android.intent.action.MAIN cat=[android.intent.category.LAUNCHER] flg=0x10200000 cmp=tech.gtt.frontapp.stb.demo/tech.gtt.frontapp.stb.m.home.activity.SplashActivity} from uid 0
06-16 01:23:33.498 W/ActivityTaskManager( 1933): Can't find TaskDisplayArea to determine support for multi window. Task id=19 attached=false
06-16 01:23:33.514 I/Monkey  ( 6637): Events injected: 1
06-16 01:23:33.516 D/CompatibilityChangeReporter( 1933): Compat change id reported: 135634846; UID 10058; state: DISABLED
06-16 01:23:33.517 D/CompatibilityChangeReporter( 1933): Compat change id reported: 143937733; UID 10058; state: ENABLED
06-16 01:23:33.531 I/Monkey  ( 6637): ## Network stats: elapsed time=33ms (0ms mobile, 0ms wifi, 33ms not connected)
06-16 01:23:33.543 D/gralloc_nox( 1764): gralloc_alloc: Creating ashmem region of size 8298496
06-16 01:23:33.548 W/ndroid.systemu( 2107): Reducing the number of considered missed Gc histogram windows from 123 to 100
06-16 01:23:33.558 D/Zygote  ( 1753): Forked child process 6652
06-16 01:23:33.561 I/ActivityManager( 1933): Start proc 6652:tech.gtt.frontapp.stb.demo/u0a58 for pre-top-activity {tech.gtt.frontapp.stb.demo/tech.gtt.frontapp.stb.m.home.activity.SplashActivity}
06-16 01:23:33.561 I/app_process( 6637): System.exit called, status: 0
06-16 01:23:33.561 I/AndroidRuntime( 6637): VM exiting with result code 0.
06-16 01:23:33.567 I/Zygote  ( 6652): seccomp disabled by setenforce 0
06-16 01:23:33.582 W/ontapp.stb.dem( 6652): Unexpected CPU variant for X86 using defaults: x86_64
06-16 01:23:33.594 D/ProcessState( 6652): Binder ioctl to enable oneway spam detection failed: Invalid argument
06-16 01:23:33.606 D/gralloc_nox( 1764): gralloc_alloc: Creating ashmem region of size 8298496
06-16 01:23:33.610 W/System  ( 2107): A resource failed to call close. 
06-16 01:23:33.614 W/System  ( 2107): A resource failed to call release. 
06-16 01:23:33.651 E/ashmem  ( 6652): memfd: ro.vndk.version not defined or invalid (), this is mandated since P.
06-16 01:23:33.657 D/gralloc_nox( 1764): gralloc_alloc: Creating ashmem region of size 8298496
06-16 01:23:33.659 D/CompatibilityChangeReporter( 6652): Compat change id reported: 171979766; UID 10058; state: ENABLED
06-16 01:23:33.726 V/GraphicsEnvironment( 6652): ANGLE Developer option for 'tech.gtt.frontapp.stb.demo' set to: 'default'
06-16 01:23:33.728 V/GraphicsEnvironment( 6652): ANGLE GameManagerService for tech.gtt.frontapp.stb.demo: false
06-16 01:23:33.729 V/GraphicsEnvironment( 6652): Neither updatable production driver nor prerelease driver is supported.
06-16 01:23:33.735 D/NetworkSecurityConfig( 6652): Using Network Security Config from resource network_security_config debugBuild: false
06-16 01:23:33.736 D/NetworkSecurityConfig( 6652): Using Network Security Config from resource network_security_config debugBuild: false
06-16 01:23:33.748 I/MultiDex( 6652): VM with version 2.1.0 has multidex support
06-16 01:23:33.748 I/MultiDex( 6652): Installing application
06-16 01:23:33.748 I/MultiDex( 6652): VM has multidex support, MultiDex support library is disabled.
06-16 01:23:33.749 E/[Package]( 6652): params: AppConfiguration(vnoId='11026504', brandId='d0k7d3p3kdikth2o3q6g', appId='d0jucrbq6bt4h33c0ma0', sourceId='30006401-31002837', authServers='https://gtt-app-apigateway-lion.vdemosit.com', shareKey='S2kQMgUSugYyMlk5QclHDaF0uDsFnB0oJoFeAFgsKb8=', packageName='tech.gtt.frontapp.stb.demo', appName='Goose TV', appVersionName='v1.0.0', appVersionCode='7', pluginVersionCode='1', pluginVersionName='6.0.0-beta-build5', packageSeq='1', buglyAppId='d76a04165f', buglyKey='13b89b2d-1c12-4c4f-93b8-46e3c2ef9f73', baseVersionCode='20000066', gitTag='2.1.4-beta6', supportLang='en,pt,es', defaultLang='en', bootLoadType='1')
06-16 01:23:33.750 W/System.err( 6652): java.lang.ClassNotFoundException: tech.gtt.frontapp.stb.docker.plugin.PluginUtils
06-16 01:23:33.750 W/System.err( 6652): 	at java.lang.Class.classForName(Native Method)
06-16 01:23:33.751 W/System.err( 6652): 	at java.lang.Class.forName(Class.java:454)
06-16 01:23:33.751 W/System.err( 6652): 	at java.lang.Class.forName(Class.java:379)
06-16 01:23:33.751 W/System.err( 6652): 	at ot.e.b(SourceFile:3)
06-16 01:23:33.751 W/System.err( 6652): 	at tech.gtt.frontapp.stb.app.MainApplication.attachBaseContext(SourceFile:130)
06-16 01:23:33.751 W/System.err( 6652): 	at android.app.Application.attach(Application.java:338)
06-16 01:23:33.751 W/System.err( 6652): 	at android.app.Instrumentation.newApplication(Instrumentation.java:1190)
06-16 01:23:33.751 W/System.err( 6652): 	at android.app.LoadedApk.makeApplication(LoadedApk.java:1361)
06-16 01:23:33.751 W/System.err( 6652): 	at android.app.ActivityThread.handleBindApplication(ActivityThread.java:6728)
06-16 01:23:33.751 W/System.err( 6652): 	at android.app.ActivityThread.access$1500(ActivityThread.java:256)
06-16 01:23:33.752 W/System.err( 6652): 	at android.app.ActivityThread$H.handleMessage(ActivityThread.java:2091)
06-16 01:23:33.752 W/System.err( 6652): 	at android.os.Handler.dispatchMessage(Handler.java:106)
06-16 01:23:33.752 W/System.err( 6652): 	at android.os.Looper.loopOnce(Looper.java:201)
06-16 01:23:33.752 W/System.err( 6652): 	at android.os.Looper.loop(Looper.java:288)
06-16 01:23:33.752 W/System.err( 6652): 	at android.app.ActivityThread.main(ActivityThread.java:7875)
06-16 01:23:33.752 W/System.err( 6652): 	at java.lang.reflect.Method.invoke(Native Method)
06-16 01:23:33.752 W/System.err( 6652): 	at com.android.internal.os.RuntimeInit$MethodAndArgsCaller.run(RuntimeInit.java:568)
06-16 01:23:33.752 W/System.err( 6652): 	at com.android.internal.os.ZygoteInit.main(ZygoteInit.java:1005)
06-16 01:23:33.752 W/System.err( 6652): Caused by: java.lang.ClassNotFoundException: tech.gtt.frontapp.stb.docker.plugin.PluginUtils
06-16 01:23:33.752 W/System.err( 6652): 	... 18 more
06-16 01:23:33.752 E/[Package]( 6652): isInPluginMode: false
06-16 01:23:33.760 I/CustomActivityOnCrash( 6652): CustomActivityOnCrash has been installed.
06-16 01:23:33.761 I/System.out( 6652): Modular_Init : a - initialize
06-16 01:23:33.764 I/System.out( 6652): Modular_Init : d - initialize
06-16 01:23:33.764 I/System.out( 6652): Modular_Init : a - initialize
06-16 01:23:33.765 D/[LiveInitialize]( 6652): init---
06-16 01:23:33.765 I/System.out( 6652): Modular_Init : a - initialize
06-16 01:23:33.766 I/System.out( 6652): Modular_Init : a - initialize
06-16 01:23:33.766 D/[CatchupInitModule]( 6652): init---
06-16 01:23:33.766 I/System.out( 6652): Modular_Init : b - initialize
06-16 01:23:33.767 I/System.out( 6652): Modular_Init : a - initialize
06-16 01:23:33.767 D/[ReplayInitialize]( 6652): init---
06-16 01:23:33.768 D/AndroidAutoSize( 6652): designWidthInDp = 360, designHeightInDp = 640, screenWidth = 1920, screenHeight = 1080
06-16 01:23:33.768 D/AndroidAutoSize( 6652): initDensity = 2.0, initScaledDensity = 2.0
06-16 01:23:33.832 D/AndroidAutoSize( 6652): tech.gtt.frontapp.stb.m.home.activity.SplashActivity used the global configuration.
06-16 01:23:33.846 D/AndroidAutoSize( 6652): The tech.gtt.frontapp.stb.m.home.activity.SplashActivity has been adapted! 
06-16 01:23:33.846 D/AndroidAutoSize( 6652): SplashActivity Info: isBaseOnWidth = true, designWidthInDp = 1920.000000, designWidthInSubunits = 1920.000000, targetDensity = 1.000000, targetScaledDensity = 1.000000, targetDensityDpi = 160, targetXdpi = 1.000000, targetScreenWidthDp = 1920, targetScreenHeightDp = 1032
06-16 01:23:33.933 D/AndroidAutoSize( 6652): tech.gtt.frontapp.stb.m.home.activity.SplashActivity used the global configuration.
06-16 01:23:33.933 D/AndroidAutoSize( 6652): The tech.gtt.frontapp.stb.m.home.activity.SplashActivity has been adapted! 
06-16 01:23:33.933 D/AndroidAutoSize( 6652): SplashActivity Info: isBaseOnWidth = true, designWidthInDp = 1920.000000, designWidthInSubunits = 1920.000000, targetDensity = 1.000000, targetScaledDensity = 1.000000, targetDensityDpi = 160, targetXdpi = 1.000000, targetScreenWidthDp = 1920, targetScreenHeightDp = 1032
06-16 01:23:33.940 I/ActivityTaskManager( 1933): START u0 {act=android.content.pm.action.REQUEST_PERMISSIONS pkg=com.android.permissioncontroller cmp=com.android.permissioncontroller/.permission.ui.GrantPermissionsActivity (has extras)} from uid 10058
06-16 01:23:33.979 D/ontapp.stb.dem( 6652): createUnique: call
06-16 01:23:33.995 D/ontapp.stb.dem( 6652): HostComposition ext GL_OES_EGL_image GL_OES_EGL_image_external GL_OES_depth24 GL_OES_depth32 GL_OES_element_index_uint GL_OES_texture_float GL_OES_texture_float_linear GL_OES_compressed_paletted_texture GL_OES_compressed_ETC1_RGB8_texture GL_OES_depth_texture GL_EXT_texture_format_BGRA8888 GL_APPLE_texture_format_BGRA8888 GL_OES_texture_half_float GL_EXT_robustness GL_OES_texture_half_float_linear GL_OES_packed_depth_stencil GL_OES_vertex_half_float GL_OES_texture_npot GL_OES_rgb8_rgba8 GL_EXT_color_buffer_float GL_EXT_texture_sRGB_decode ANDROID_gles_max_version_3_1 GL_OES_vertex_array_object GL_EXT_texture_buffer GL_EXT_copy_image GL_KHR_texture_compression_astc_ldr GL_KHR_texture_compression_astc_hdr GL_OES_texture_compression_astc GL_OES_EGL_image_external
06-16 01:23:33.996 D/hw-ProcessState( 6652): Binder ioctl to enable oneway spam detection failed: Invalid argument
06-16 01:23:33.997 W/OpenGLRenderer( 6652): Failed to initialize 101010-2 format, error = EGL_SUCCESS
06-16 01:23:33.997 D/EGL_emulation( 6652): rcCreateContext wated version 2.0  rc:4
06-16 01:23:34.012 D/EGL_emulation( 6652): eglMakeCurrent: 0x76d4e42e0110: ver 3 2 (tinfo 0x76d4642f5f90) (first time)
06-16 01:23:34.015 E/HWComposer( 1779): getSupportedContentTypes: getSupportedContentTypes failed for display 0: Unsupported (8)
06-16 01:23:34.015 I/hwservicemanager( 1565): getTransport: Cannot find entry android.hardware.graphics.mapper@4.0::IMapper/default in either framework or device VINTF manifest.
06-16 01:23:34.015 I/Gralloc4( 6652): mapper 4.x is not supported
06-16 01:23:34.015 I/hwservicemanager( 1565): getTransport: Cannot find entry android.hardware.graphics.mapper@3.0::IMapper/default in either framework or device VINTF manifest.
06-16 01:23:34.015 W/Gralloc3( 6652): mapper 3.x is not supported
06-16 01:23:34.016 I/hwservicemanager( 1565): getTransport: Cannot find entry android.hardware.graphics.allocator@4.0::IAllocator/default in either framework or device VINTF manifest.
06-16 01:23:34.016 W/Gralloc4( 6652): allocator 4.x is not supported
06-16 01:23:34.016 I/hwservicemanager( 1565): getTransport: Cannot find entry android.hardware.graphics.allocator@3.0::IAllocator/default in either framework or device VINTF manifest.
06-16 01:23:34.016 W/Gralloc3( 6652): allocator 3.x is not supported
06-16 01:23:34.019 D/gralloc_nox( 1764): gralloc_alloc: Creating ashmem region of size 8298496
06-16 01:23:34.032 D/ProcessState( 6688): Binder ioctl to enable oneway spam detection failed: Invalid argument
06-16 01:23:34.060 D/ontapp.stb.dem( 6652): createUnique: call
06-16 01:23:34.062 D/ontapp.stb.dem( 6652): HostComposition ext GL_OES_EGL_image GL_OES_EGL_image_external GL_OES_depth24 GL_OES_depth32 GL_OES_element_index_uint GL_OES_texture_float GL_OES_texture_float_linear GL_OES_compressed_paletted_texture GL_OES_compressed_ETC1_RGB8_texture GL_OES_depth_texture GL_EXT_texture_format_BGRA8888 GL_APPLE_texture_format_BGRA8888 GL_OES_texture_half_float GL_EXT_robustness GL_OES_texture_half_float_linear GL_OES_packed_depth_stencil GL_OES_vertex_half_float GL_OES_texture_npot GL_OES_rgb8_rgba8 GL_EXT_color_buffer_float GL_EXT_texture_sRGB_decode ANDROID_gles_max_version_3_1 GL_OES_vertex_array_object GL_EXT_texture_buffer GL_EXT_copy_image GL_KHR_texture_compression_astc_ldr GL_KHR_texture_compression_astc_hdr GL_OES_texture_compression_astc GL_OES_EGL_image_external
06-16 01:23:34.063 D/gralloc_nox( 1764): gralloc_alloc: Creating ashmem region of size 8298496
06-16 01:23:34.111 D/gralloc_nox( 1764): gralloc_alloc: Creating ashmem region of size 8298496
06-16 01:23:34.183 E/libEGL  ( 6652): called unimplemented OpenGL ES API
06-16 01:23:34.254 W/ActivityTaskManager( 1933): Tried to set launchTime (0) < mLastActivityLaunchTime (2324909)
06-16 01:23:34.587 W/InputManager-JNI( 1933): Input channel object '41f23ed Splash Screen tech.gtt.frontapp.stb.demo (client)' was disposed without first being removed with the input manager!
06-16 01:23:34.641 I/ActivityTaskManager( 1933): Displayed com.android.permissioncontroller/.permission.ui.GrantPermissionsActivity: +1s133ms
06-16 01:23:34.642 D/ProcessState( 6700): Binder ioctl to enable oneway spam detection failed: Invalid argument
06-16 01:23:34.777 D/gralloc_nox( 1764): gralloc_alloc: Creating ashmem region of size 5496832
06-16 01:23:34.961 D/gralloc_nox( 1764): gralloc_alloc: Creating ashmem region of size 5496832
06-16 01:23:35.136 D/gralloc_nox( 1764): gralloc_alloc: Creating ashmem region of size 5496832
06-16 01:23:36.515 E/TaskPersister( 1933): File error accessing recents directory (directory doesn't exist?).
06-16 01:23:36.609 D/UIAutomatorStub( 6597): URI: /jsonrpc/0, Method: POST, params, {NanoHttpd.QUERY_STRING=null}, files: {postData={"jsonrpc": "2.0", "id": 1, "method": "count", "params": [{"mask": 2097152, "childOrSibling": [], "childOrSiblingSelector": [], "resourceId": "com.android.permissioncontroller:id/permission_allow_button"}]}}
06-16 01:23:36.729 D/UiObject( 6597): Waiting 0ms for UiSelector[RESOURCE_ID=com.android.permissioncontroller:id/permission_allow_button].
06-16 01:23:36.731 W/QueryController( 6597): Could not detect idle state.
06-16 01:23:36.784 I/QueryController( 6597): Matched selector: UiSelector[RESOURCE_ID=com.android.permissioncontroller:id/permission_allow_button] <<==>> [android.view.accessibility.AccessibilityNodeInfo@121d6; boundsInParent: Rect(0, 0 - 992, 112); boundsInScreen: Rect(464, 557 - 1456, 669); packageName: com.android.permissioncontroller; className: android.widget.Button; text: 允许; error: null; maxTextLength: -1; stateDescription: null; contentDescription: null; tooltipText: null; viewIdResName: com.android.permissioncontroller:id/permission_allow_button; checkable: false; checked: false; focusable: true; focused: false; selected: false; clickable: true; longClickable: false; contextClickable: false; enabled: true; password: false; scrollable: false; importantForAccessibility: true; visible: true; actions: [AccessibilityAction: ACTION_FOCUS - null, AccessibilityAction: ACTION_SELECT - null, AccessibilityAction: ACTION_CLEAR_SELECTION - null, AccessibilityAction: ACTION_CLICK - null, AccessibilityAction: ACTION_ACCESSIBILITY_FOCUS - null, AccessibilityAction: ACTION_NEXT_AT_MOVEMENT_GRANULARITY - null, AccessibilityAction: ACTION_PREVIOUS_AT_MOVEMENT_GRANULARITY - null, AccessibilityAction: ACTION_SET_SELECTION - null, AccessibilityAction: ACTION_SHOW_ON_SCREEN - null]]
06-16 01:23:36.790 D/UiObject( 6597): Waiting 0ms for UiSelector[INSTANCE=1, RESOURCE_ID=com.android.permissioncontroller:id/permission_allow_button].
06-16 01:23:36.794 W/QueryController( 6597): Could not detect idle state.
06-16 01:23:36.892 D/UIAutomatorStub( 6597): URI: /jsonrpc/0, Method: POST, params, {NanoHttpd.QUERY_STRING=null}, files: {postData={"jsonrpc": "2.0", "id": 1, "method": "waitForExists", "params": [{"mask": 2097152, "childOrSibling": [], "childOrSiblingSelector": [], "resourceId": "com.android.permissioncontroller:id/permission_allow_button"}, 20000]}}
06-16 01:23:36.908 D/UiDevice( 6597): Waiting 20000ms for SearchCondition[hasObject=BySelector [RES='\Qcom.android.permissioncontroller:id/permission_allow_button\E']].
06-16 01:23:36.913 D/UiDevice( 6597): Searching for node with selector: BySelector [RES='\Qcom.android.permissioncontroller:id/permission_allow_button\E'].
06-16 01:23:36.917 W/QueryController( 6597): Could not detect idle state.
06-16 01:23:37.029 D/UIAutomatorStub( 6597): URI: /jsonrpc/0, Method: POST, params, {NanoHttpd.QUERY_STRING=null}, files: {postData={"jsonrpc": "2.0", "id": 1, "method": "objInfo", "params": [{"mask": 2097152, "childOrSibling": [], "childOrSiblingSelector": [], "resourceId": "com.android.permissioncontroller:id/permission_allow_button"}]}}
06-16 01:23:37.043 D/UiDevice( 6597): Retrieving node with selector: BySelector [RES='\Qcom.android.permissioncontroller:id/permission_allow_button\E'].
06-16 01:23:37.045 W/QueryController( 6597): Could not detect idle state.
06-16 01:23:37.101 W/QueryController( 6597): Could not detect idle state.
06-16 01:23:37.113 W/QueryController( 6597): Could not detect idle state.
06-16 01:23:37.126 W/QueryController( 6597): Could not detect idle state.
06-16 01:23:37.133 W/QueryController( 6597): Could not detect idle state.
06-16 01:23:37.142 W/QueryController( 6597): Could not detect idle state.
06-16 01:23:37.158 W/QueryController( 6597): Could not detect idle state.
06-16 01:23:37.167 W/QueryController( 6597): Could not detect idle state.
06-16 01:23:37.184 W/QueryController( 6597): Could not detect idle state.
06-16 01:23:37.209 W/QueryController( 6597): Could not detect idle state.
06-16 01:23:37.242 W/QueryController( 6597): Could not detect idle state.
06-16 01:23:37.245 W/QueryController( 6597): Could not detect idle state.
06-16 01:23:37.247 W/QueryController( 6597): Could not detect idle state.
06-16 01:23:37.258 W/QueryController( 6597): Could not detect idle state.
06-16 01:23:37.262 W/QueryController( 6597): Could not detect idle state.
06-16 01:23:37.265 W/QueryController( 6597): Could not detect idle state.
06-16 01:23:37.276 W/QueryController( 6597): Could not detect idle state.
06-16 01:23:37.278 W/QueryController( 6597): Could not detect idle state.
06-16 01:23:37.328 D/UIAutomatorStub( 6597): URI: /jsonrpc/0, Method: POST, params, {NanoHttpd.QUERY_STRING=null}, files: {postData={"jsonrpc": "2.0", "id": 1, "method": "click", "params": [960.0, 613.0]}}
06-16 01:23:37.365 V/DisplayPowerController[0]( 1933): Brightness [0.39763778] reason changing to: 'manual', previous reason: 'manual [ dim ]'.
06-16 01:23:37.375 E/DisplayDeviceConfig( 1933): requesting nits when no mapping exists.
06-16 01:23:37.379 E/DisplayDeviceConfig( 1933): requesting nits when no mapping exists.
06-16 01:23:37.380 I/DropBoxManagerService( 1933): add tag=system_server_wtf isTagEnabled=true flags=0x2
06-16 01:23:37.385 I/DropBoxManagerService( 1933): add tag=system_server_wtf isTagEnabled=true flags=0x2
06-16 01:23:37.407 E/LightsService( 1933): Light requested not available on this device. 0
06-16 01:23:37.408 E/DisplayDeviceConfig( 1933): requesting nits when no mapping exists.
06-16 01:23:37.409 E/DisplayDeviceConfig( 1933): requesting nits when no mapping exists.
06-16 01:23:37.409 E/LightsService( 1933): Light requested not available on this device. 0
06-16 01:23:37.410 I/DropBoxManagerService( 1933): add tag=system_server_wtf isTagEnabled=true flags=0x2
06-16 01:23:37.416 I/DropBoxManagerService( 1933): add tag=system_server_wtf isTagEnabled=true flags=0x2
06-16 01:23:37.427 E/DisplayDeviceConfig( 1933): requesting nits when no mapping exists.
06-16 01:23:37.428 E/DisplayDeviceConfig( 1933): requesting nits when no mapping exists.
06-16 01:23:37.430 E/LightsService( 1933): Light requested not available on this device. 0
06-16 01:23:37.435 I/DropBoxManagerService( 1933): add tag=system_server_wtf isTagEnabled=true flags=0x2
06-16 01:23:37.440 E/DisplayDeviceConfig( 1933): requesting nits when no mapping exists.
06-16 01:23:37.442 E/DisplayDeviceConfig( 1933): requesting nits when no mapping exists.
06-16 01:23:37.446 E/LightsService( 1933): Light requested not available on this device. 0
06-16 01:23:37.457 E/DisplayDeviceConfig( 1933): requesting nits when no mapping exists.
06-16 01:23:37.458 E/DisplayDeviceConfig( 1933): requesting nits when no mapping exists.
06-16 01:23:37.460 E/LightsService( 1933): Light requested not available on this device. 0
06-16 01:23:37.475 E/DisplayDeviceConfig( 1933): requesting nits when no mapping exists.
06-16 01:23:37.475 E/DisplayDeviceConfig( 1933): requesting nits when no mapping exists.
06-16 01:23:37.480 E/LightsService( 1933): Light requested not available on this device. 0
06-16 01:23:37.491 E/DisplayDeviceConfig( 1933): requesting nits when no mapping exists.
06-16 01:23:37.492 E/DisplayDeviceConfig( 1933): requesting nits when no mapping exists.
06-16 01:23:37.497 E/LightsService( 1933): Light requested not available on this device. 0
06-16 01:23:37.508 E/DisplayDeviceConfig( 1933): requesting nits when no mapping exists.
06-16 01:23:37.508 E/DisplayDeviceConfig( 1933): requesting nits when no mapping exists.
06-16 01:23:37.511 E/LightsService( 1933): Light requested not available on this device. 0
06-16 01:23:37.524 E/DisplayDeviceConfig( 1933): requesting nits when no mapping exists.
06-16 01:23:37.531 E/DisplayDeviceConfig( 1933): requesting nits when no mapping exists.
06-16 01:23:37.536 E/LightsService( 1933): Light requested not available on this device. 0
06-16 01:23:37.538 E/DisplayDeviceConfig( 1933): requesting nits when no mapping exists.
06-16 01:23:37.540 E/DisplayDeviceConfig( 1933): requesting nits when no mapping exists.
06-16 01:23:37.547 E/LightsService( 1933): Light requested not available on this device. 0
06-16 01:23:37.560 E/DisplayDeviceConfig( 1933): requesting nits when no mapping exists.
06-16 01:23:37.561 E/DisplayDeviceConfig( 1933): requesting nits when no mapping exists.
06-16 01:23:37.563 E/LightsService( 1933): Light requested not available on this device. 0
06-16 01:23:37.572 E/DisplayDeviceConfig( 1933): requesting nits when no mapping exists.
06-16 01:23:37.573 E/DisplayDeviceConfig( 1933): requesting nits when no mapping exists.
06-16 01:23:37.579 E/LightsService( 1933): Light requested not available on this device. 0
06-16 01:23:37.589 E/DisplayDeviceConfig( 1933): requesting nits when no mapping exists.
06-16 01:23:37.594 E/DisplayDeviceConfig( 1933): requesting nits when no mapping exists.
06-16 01:23:37.599 E/LightsService( 1933): Light requested not available on this device. 0
06-16 01:23:37.607 E/DisplayDeviceConfig( 1933): requesting nits when no mapping exists.
06-16 01:23:37.608 E/DisplayDeviceConfig( 1933): requesting nits when no mapping exists.
06-16 01:23:37.609 E/LightsService( 1933): Light requested not available on this device. 0
06-16 01:23:37.620 E/DisplayDeviceConfig( 1933): requesting nits when no mapping exists.
06-16 01:23:37.620 E/DisplayDeviceConfig( 1933): requesting nits when no mapping exists.
06-16 01:23:37.627 E/LightsService( 1933): Light requested not available on this device. 0
06-16 01:23:37.685 V/GrantPermissionsViewModel( 5926): Logged buttons presented and clicked permissionGroupName=android.permission-group.STORAGE uid=10058 selectedLocations=0 package=tech.gtt.frontapp.stb.demo presentedButtons=9 clickedButton=1 sessionId=5694441021877553578 targetSdk=35
06-16 01:23:37.695 I/MediaProvider( 2637): Invalidating LocalCallingIdentity cache for package tech.gtt.frontapp.stb.demo. Reason: op android:read_external_storage
06-16 01:23:37.699 V/GrantPermissionsViewModel( 5926): Permission grant result requestId=5694441021877553578 callingUid=10058 callingPackage=tech.gtt.frontapp.stb.demo permission=android.permission.READ_EXTERNAL_STORAGE isImplicit=false result=4
06-16 01:23:37.714 D/gralloc_nox( 1764): gralloc_alloc: Creating ashmem region of size 8298496
06-16 01:23:37.744 E/android.hardware.audio.service( 1756): pcm_open called create stream faild
06-16 01:23:37.744 D/AudioFlinger( 1776): mixer(0x727c2c5fda60) throttle end: throttle time(39)
06-16 01:23:38.040 D/CompatibilityChangeReporter( 6652): Compat change id reported: 78294732; UID 10058; state: ENABLED
06-16 01:23:38.050 I/b       ( 6652): freeSpace : 116664MB
06-16 01:23:38.110 D/ProcessState( 6713): Binder ioctl to enable oneway spam detection failed: Invalid argument
06-16 01:23:38.246 D/ConnectivityService( 1933): NetReassign [no changes]
06-16 01:23:38.255 V/GSK     ( 6652): StorageServiceImpl initialization() executed in 1 ms.
06-16 01:23:38.256 V/GSK     ( 6652): SecurityServiceImpl initialization() executed in 0 ms.
06-16 01:23:38.437 W/System.err( 6652): SLF4J(W): No SLF4J providers were found.
06-16 01:23:38.437 W/System.err( 6652): SLF4J(W): Defaulting to no-operation (NOP) logger implementation
06-16 01:23:38.437 W/System.err( 6652): SLF4J(W): See https://www.slf4j.org/codes.html#noProviders for further details.
06-16 01:23:38.522 W/System.err( 6652): kotlinx.serialization.json.internal.JsonDecodingException: Expected start of the object '{', but had 'EOF' instead at path: $
06-16 01:23:38.522 W/System.err( 6652): JSON input: 
06-16 01:23:38.523 W/System.err( 6652): 	at kotlinx.serialization.json.internal.JsonExceptionsKt.JsonDecodingException(SourceFile:1)
06-16 01:23:38.523 W/System.err( 6652): 	at kotlinx.serialization.json.internal.JsonExceptionsKt.JsonDecodingException(SourceFile:2)
06-16 01:23:38.523 W/System.err( 6652): 	at kotlinx.serialization.json.internal.AbstractJsonLexer.fail(SourceFile:52)
06-16 01:23:38.523 W/System.err( 6652): 	at kotlinx.serialization.json.internal.AbstractJsonLexer.fail$default(SourceFile:15)
06-16 01:23:38.523 W/System.err( 6652): 	at kotlinx.serialization.json.internal.AbstractJsonLexer.unexpectedToken(SourceFile:103)
06-16 01:23:38.523 W/System.err( 6652): 	at kotlinx.serialization.json.internal.StringJsonLexer.consumeNextToken(SourceFile:16)
06-16 01:23:38.523 W/System.err( 6652): 	at kotlinx.serialization.json.internal.StreamingJsonDecoder.beginStructure(SourceFile:23)
06-16 01:23:38.523 W/System.err( 6652): 	at tech.gtt.frontapp.servicesdk.common.service.utility.apis.e2ee.E2eeConfigResponse$$serializer.deserialize(SourceFile:2)
06-16 01:23:38.523 W/System.err( 6652): 	at tech.gtt.frontapp.servicesdk.common.service.utility.apis.e2ee.E2eeConfigResponse$$serializer.deserialize(SourceFile:1)
06-16 01:23:38.523 W/System.err( 6652): 	at kotlinx.serialization.json.internal.StreamingJsonDecoder.decodeSerializableValue(SourceFile:320)
06-16 01:23:38.523 W/System.err( 6652): 	at kotlinx.serialization.json.Json.decodeFromString(SourceFile:3)
06-16 01:23:38.523 W/System.err( 6652): 	at tech.gtt.frontapp.servicesdk.common.service.utility.apis.e2ee.E2eeManager.syncE2eeConfig(SourceFile:74)
06-16 01:23:38.523 W/System.err( 6652): 	at tech.gtt.frontapp.servicesdk.common.service.utility.apis.ApiUtilServiceImpl.onServiceInit(SourceFile:228)
06-16 01:23:38.523 W/System.err( 6652): 	at tech.gtt.frontapp.servicesdk.common.core.ServiceSDKImpl.executeServiceInitialize(SourceFile:372)
06-16 01:23:38.523 W/System.err( 6652): 	at tech.gtt.frontapp.servicesdk.common.core.ServiceSDKImpl.access$executeServiceInitialize(SourceFile:1)
06-16 01:23:38.523 W/System.err( 6652): 	at tech.gtt.frontapp.servicesdk.common.core.ServiceSDKImpl$init$1.invokeSuspend(SourceFile:178)
06-16 01:23:38.523 W/System.err( 6652): 	at tech.gtt.frontapp.servicesdk.common.core.ServiceSDKImpl$init$1.invoke(SourceFile:2)
06-16 01:23:38.523 W/System.err( 6652): 	at tech.gtt.frontapp.servicesdk.common.core.ServiceSDKImpl$init$1.invoke(SourceFile:1)
06-16 01:23:38.523 W/System.err( 6652): 	at kotlinx.coroutines.flow.SafeFlow.collectSafely(SourceFile:3)
06-16 01:23:38.523 W/System.err( 6652): 	at kotlinx.coroutines.flow.AbstractFlow.collect(SourceFile:70)
06-16 01:23:38.523 W/System.err( 6652): 	at tech.gtt.frontapp.servicesdk.common.core.SDKSetup$build$1.invokeSuspend(SourceFile:42)
06-16 01:23:38.523 W/System.err( 6652): 	at tech.gtt.frontapp.servicesdk.common.core.SDKSetup$build$1.invoke(SourceFile:2)
06-16 01:23:38.523 W/System.err( 6652): 	at tech.gtt.frontapp.servicesdk.common.core.SDKSetup$build$1.invoke(SourceFile:1)
06-16 01:23:38.523 W/System.err( 6652): 	at tech.gtt.frontapp.servicesdk.common.core.Scheduler$scheduleDirect$1.invokeSuspend(SourceFile:61)
06-16 01:23:38.523 W/System.err( 6652): 	at lh.a.resumeWith(SourceFile:14)
06-16 01:23:38.523 W/System.err( 6652): 	at kotlinx.coroutines.DispatchedTask.run(SourceFile:123)
06-16 01:23:38.523 W/System.err( 6652): 	at kotlinx.coroutines.internal.LimitedDispatcher$Worker.run(SourceFile:4)
06-16 01:23:38.523 W/System.err( 6652): 	at kotlinx.coroutines.scheduling.TaskImpl.run(SourceFile:3)
06-16 01:23:38.523 W/System.err( 6652): 	at kotlinx.coroutines.scheduling.CoroutineScheduler.runSafely(SourceFile:1)
06-16 01:23:38.523 W/System.err( 6652): 	at kotlinx.coroutines.scheduling.CoroutineScheduler$Worker.executeTask(SourceFile:34)
06-16 01:23:38.523 W/System.err( 6652): 	at kotlinx.coroutines.scheduling.CoroutineScheduler$Worker.runWorker(SourceFile:29)
06-16 01:23:38.523 W/System.err( 6652): 	at kotlinx.coroutines.scheduling.CoroutineScheduler$Worker.run(SourceFile:1)
06-16 01:23:38.547 W/System.err( 6652): java.io.FileNotFoundException: sys/class/sunxi_info/sys_info: open failed: ENOENT (No such file or directory)
06-16 01:23:38.551 W/System.err( 6652): 	at libcore.io.IoBridge.open(IoBridge.java:575)
06-16 01:23:38.551 W/System.err( 6652): 	at java.io.FileInputStream.<init>(FileInputStream.java:160)
06-16 01:23:38.551 W/System.err( 6652): 	at java.io.FileInputStream.<init>(FileInputStream.java:115)
06-16 01:23:38.551 W/System.err( 6652): 	at ip.b.b(SourceFile:5)
06-16 01:23:38.551 W/System.err( 6652): 	at ip.b.a(SourceFile:155)
06-16 01:23:38.551 W/System.err( 6652): 	at ip.a.invoke(SourceFile:589)
06-16 01:23:38.551 W/System.err( 6652): 	at dh.v.getValue(SourceFile:21)
06-16 01:23:38.551 W/System.err( 6652): 	at tech.gtt.frontapp.servicesdk.common.network.interceptor.params.ApiDeviceParams.handleFixedParams(SourceFile:52)
06-16 01:23:38.551 W/System.err( 6652): 	at tech.gtt.frontapp.servicesdk.common.service.utility.apis.IParamsGetter.toMaps(SourceFile:87)
06-16 01:23:38.551 W/System.err( 6652): 	at tech.gtt.frontapp.servicesdk.common.network.interceptor.DefaultParamsInterceptor.onRequest(SourceFile:127)
06-16 01:23:38.551 W/System.err( 6652): 	at tech.gtt.frontapp.servicesdk.common.network.interceptor.SDKInterceptorsPluginKt$setupRequestInterception$1.invokeSuspend(SourceFile:103)
06-16 01:23:38.551 W/System.err( 6652): 	at tech.gtt.frontapp.servicesdk.common.network.interceptor.SDKInterceptorsPluginKt$setupRequestInterception$1.invoke(SourceFile:1)
06-16 01:23:38.551 W/System.err( 6652): 	at tech.gtt.frontapp.servicesdk.common.network.interceptor.SDKInterceptorsPluginKt$setupRequestInterception$1.invoke(SourceFile:2)
06-16 01:23:38.551 W/System.err( 6652): 	at io.ktor.util.pipeline.DebugPipelineContext.proceedLoop(SourceFile:86)
06-16 01:23:38.551 W/System.err( 6652): 	at io.ktor.util.pipeline.DebugPipelineContext.proceed(SourceFile:26)
06-16 01:23:38.551 W/System.err( 6652): 	at io.ktor.client.plugins.RequestError$install$1.invokeSuspend(SourceFile:47)
06-16 01:23:38.551 W/System.err( 6652): 	at io.ktor.client.plugins.RequestError$install$1.invoke(SourceFile:1)
06-16 01:23:38.551 W/System.err( 6652): 	at io.ktor.client.plugins.RequestError$install$1.invoke(SourceFile:2)
06-16 01:23:38.551 W/System.err( 6652): 	at io.ktor.util.pipeline.DebugPipelineContext.proceedLoop(SourceFile:86)
06-16 01:23:38.551 W/System.err( 6652): 	at io.ktor.util.pipeline.DebugPipelineContext.proceed(SourceFile:26)
06-16 01:23:38.551 W/System.err( 6652): 	at io.ktor.client.plugins.SetupRequestContext$install$1.invokeSuspend$proceed(SourceFile:1)
06-16 01:23:38.551 W/System.err( 6652): 	at io.ktor.client.plugins.SetupRequestContext$install$1.access$invokeSuspend$proceed(SourceFile:1)
06-16 01:23:38.551 W/System.err( 6652): 	at io.ktor.client.plugins.SetupRequestContext$install$1$1.invoke(SourceFile:2)
06-16 01:23:38.551 W/System.err( 6652): 	at io.ktor.client.plugins.SetupRequestContext$install$1$1.invoke(SourceFile:1)
06-16 01:23:38.551 W/System.err( 6652): 	at io.ktor.client.plugins.HttpRequestLifecycleKt$HttpRequestLifecycle$1$1.invokeSuspend(SourceFile:78)
06-16 01:23:38.551 W/System.err( 6652): 	at io.ktor.client.plugins.HttpRequestLifecycleKt$HttpRequestLifecycle$1$1.invoke(SourceFile:1)
06-16 01:23:38.551 W/System.err( 6652): 	at io.ktor.client.plugins.HttpRequestLifecycleKt$HttpRequestLifecycle$1$1.invoke(SourceFile:2)
06-16 01:23:38.551 W/System.err( 6652): 	at io.ktor.client.plugins.SetupRequestContext$install$1.invokeSuspend(SourceFile:42)
06-16 01:23:38.551 W/System.err( 6652): 	at io.ktor.client.plugins.SetupRequestContext$install$1.invoke(SourceFile:1)
06-16 01:23:38.551 W/System.err( 6652): 	at io.ktor.client.plugins.SetupRequestContext$install$1.invoke(SourceFile:2)
06-16 01:23:38.551 W/System.err( 6652): 	at io.ktor.util.pipeline.DebugPipelineContext.proceedLoop(SourceFile:86)
06-16 01:23:38.551 W/System.err( 6652): 	at io.ktor.util.pipeline.DebugPipelineContext.proceed(SourceFile:26)
06-16 01:23:38.551 W/System.err( 6652): 	at io.ktor.util.pipeline.DebugPipelineContext.execute$ktor_utils(SourceFile:7)
06-16 01:23:38.551 W/System.err( 6652): 	at io.ktor.util.pipeline.Pipeline.execute(SourceFile:9)
06-16 01:23:38.551 W/System.err( 6652): 	at io.ktor.client.HttpClient.execute$ktor_client_core(SourceFile:68)
06-16 01:23:38.551 W/System.err( 6652): 	at io.ktor.client.statement.HttpStatement.fetchResponse(SourceFile:90)
06-16 01:23:38.551 W/System.err( 6652): 	at io.ktor.client.statement.HttpStatement.execute(SourceFile:9)
06-16 01:23:38.551 W/System.err( 6652): 	at de.jensklingenberg.ktorfit.internal.KtorfitConverterHelper.suspendRequest(SourceFile:127)
06-16 01:23:38.551 W/System.err( 6652): 	at de.jensklingenberg.ktorfit.internal.KtorfitConverterHelper$request$1$1.invokeSuspend(SourceFile:58)
06-16 01:23:38.551 W/System.err( 6652): 	at de.jensklingenberg.ktorfit.internal.KtorfitConverterHelper$request$1$1.invoke(SourceFile:2)
06-16 01:23:38.551 W/System.err( 6652): 	at de.jensklingenberg.ktorfit.internal.KtorfitConverterHelper$request$1$1.invoke(SourceFile:1)
06-16 01:23:38.551 W/System.err( 6652): 	at de.jensklingenberg.ktorfit.converter.FlowConverterFactory$responseConverter$1$convert$1.invokeSuspend(SourceFile:84)
06-16 01:23:38.551 W/System.err( 6652): 	at de.jensklingenberg.ktorfit.converter.FlowConverterFactory$responseConverter$1$convert$1.invoke(SourceFile:2)
06-16 01:23:38.551 W/System.err( 6652): 	at de.jensklingenberg.ktorfit.converter.FlowConverterFactory$responseConverter$1$convert$1.invoke(SourceFile:1)
06-16 01:23:38.551 W/System.err( 6652): 	at kotlinx.coroutines.flow.SafeFlow.collectSafely(SourceFile:3)
06-16 01:23:38.551 W/System.err( 6652): 	at kotlinx.coroutines.flow.AbstractFlow.collect(SourceFile:70)
06-16 01:23:38.551 W/System.err( 6652): 	at kotlinx.coroutines.flow.FlowKt__MergeKt$flatMapConcat$$inlined$map$1.collect(SourceFile:10)
06-16 01:23:38.551 W/System.err( 6652): 	at kotlinx.coroutines.flow.FlowKt__MergeKt$flattenConcat$$inlined$unsafeFlow$1.collect(SourceFile:8)
06-16 01:23:38.551 W/System.err( 6652): 	at kotlinx.coroutines.flow.FlowKt__CollectKt.collect(SourceFile:1)
06-16 01:23:38.551 W/System.err( 6652): 	at kotlinx.coroutines.flow.FlowKt.collect(SourceFile:1)
06-16 01:23:38.551 W/System.err( 6652): 	at tech.gtt.frontapp.servicesdk.common.service.utility.apis.ApiUtilServiceImpl.onServiceInit(SourceFile:240)
06-16 01:23:38.551 W/System.err( 6652): 	at tech.gtt.frontapp.servicesdk.common.core.ServiceSDKImpl.executeServiceInitialize(SourceFile:372)
06-16 01:23:38.551 W/System.err( 6652): 	at tech.gtt.frontapp.servicesdk.common.core.ServiceSDKImpl.access$executeServiceInitialize(SourceFile:1)
06-16 01:23:38.551 W/System.err( 6652): 	at tech.gtt.frontapp.servicesdk.common.core.ServiceSDKImpl$init$1.invokeSuspend(SourceFile:178)
06-16 01:23:38.551 W/System.err( 6652): 	at tech.gtt.frontapp.servicesdk.common.core.ServiceSDKImpl$init$1.invoke(SourceFile:2)
06-16 01:23:38.551 W/System.err( 6652): 	at tech.gtt.frontapp.servicesdk.common.core.ServiceSDKImpl$init$1.invoke(SourceFile:1)
06-16 01:23:38.552 W/System.err( 6652): 	at kotlinx.coroutines.flow.SafeFlow.collectSafely(SourceFile:3)
06-16 01:23:38.552 W/System.err( 6652): 	at kotlinx.coroutines.flow.AbstractFlow.collect(SourceFile:70)
06-16 01:23:38.552 W/System.err( 6652): 	at tech.gtt.frontapp.servicesdk.common.core.SDKSetup$build$1.invokeSuspend(SourceFile:42)
06-16 01:23:38.552 W/System.err( 6652): 	at tech.gtt.frontapp.servicesdk.common.core.SDKSetup$build$1.invoke(SourceFile:2)
06-16 01:23:38.552 W/System.err( 6652): 	at tech.gtt.frontapp.servicesdk.common.core.SDKSetup$build$1.invoke(SourceFile:1)
06-16 01:23:38.552 W/System.err( 6652): 	at tech.gtt.frontapp.servicesdk.common.core.Scheduler$scheduleDirect$1.invokeSuspend(SourceFile:61)
06-16 01:23:38.552 W/System.err( 6652): 	at lh.a.resumeWith(SourceFile:14)
06-16 01:23:38.552 W/System.err( 6652): 	at kotlinx.coroutines.DispatchedTask.run(SourceFile:123)
06-16 01:23:38.552 W/System.err( 6652): 	at kotlinx.coroutines.internal.LimitedDispatcher$Worker.run(SourceFile:4)
06-16 01:23:38.552 W/System.err( 6652): 	at kotlinx.coroutines.scheduling.TaskImpl.run(SourceFile:3)
06-16 01:23:38.552 W/System.err( 6652): 	at kotlinx.coroutines.scheduling.CoroutineScheduler.runSafely(SourceFile:1)
06-16 01:23:38.552 W/System.err( 6652): 	at kotlinx.coroutines.scheduling.CoroutineScheduler$Worker.executeTask(SourceFile:34)
06-16 01:23:38.552 W/System.err( 6652): 	at kotlinx.coroutines.scheduling.CoroutineScheduler$Worker.runWorker(SourceFile:29)
06-16 01:23:38.552 W/System.err( 6652): 	at kotlinx.coroutines.scheduling.CoroutineScheduler$Worker.run(SourceFile:1)
06-16 01:23:38.552 W/System.err( 6652): Caused by: android.system.ErrnoException: open failed: ENOENT (No such file or directory)
06-16 01:23:38.552 W/System.err( 6652): 	at libcore.io.Linux.open(Native Method)
06-16 01:23:38.552 W/System.err( 6652): 	at libcore.io.ForwardingOs.open(ForwardingOs.java:567)
06-16 01:23:38.552 W/System.err( 6652): 	at libcore.io.BlockGuardOs.open(BlockGuardOs.java:273)
06-16 01:23:38.552 W/System.err( 6652): 	at libcore.io.ForwardingOs.open(ForwardingOs.java:567)
06-16 01:23:38.552 W/System.err( 6652): 	at android.app.ActivityThread$AndroidOs.open(ActivityThread.java:7761)
06-16 01:23:38.552 W/System.err( 6652): 	at libcore.io.IoBridge.open(IoBridge.java:561)
06-16 01:23:38.552 W/System.err( 6652): 	... 69 more
06-16 01:23:38.561 W/System.err( 6652): java.io.FileNotFoundException: sys/class/sunxi_info/sys_info: open failed: ENOENT (No such file or directory)
06-16 01:23:38.562 W/System.err( 6652): 	at libcore.io.IoBridge.open(IoBridge.java:575)
06-16 01:23:38.562 W/System.err( 6652): 	at java.io.FileInputStream.<init>(FileInputStream.java:160)
06-16 01:23:38.562 W/System.err( 6652): 	at java.io.FileInputStream.<init>(FileInputStream.java:115)
06-16 01:23:38.562 W/System.err( 6652): 	at ip.b.b(SourceFile:5)
06-16 01:23:38.562 W/System.err( 6652): 	at ip.b.a(SourceFile:155)
06-16 01:23:38.562 W/System.err( 6652): 	at ip.a.invoke(SourceFile:127)
06-16 01:23:38.563 W/System.err( 6652): 	at dh.v.getValue(SourceFile:21)
06-16 01:23:38.563 W/System.err( 6652): 	at tech.gtt.frontapp.servicesdk.common.network.interceptor.params.ApiDeviceParams.handleFixedParams(SourceFile:65)
06-16 01:23:38.563 W/System.err( 6652): 	at tech.gtt.frontapp.servicesdk.common.service.utility.apis.IParamsGetter.toMaps(SourceFile:87)
06-16 01:23:38.563 W/System.err( 6652): 	at tech.gtt.frontapp.servicesdk.common.network.interceptor.DefaultParamsInterceptor.onRequest(SourceFile:127)
06-16 01:23:38.563 W/System.err( 6652): 	at tech.gtt.frontapp.servicesdk.common.network.interceptor.SDKInterceptorsPluginKt$setupRequestInterception$1.invokeSuspend(SourceFile:103)
06-16 01:23:38.563 W/System.err( 6652): 	at tech.gtt.frontapp.servicesdk.common.network.interceptor.SDKInterceptorsPluginKt$setupRequestInterception$1.invoke(SourceFile:1)
06-16 01:23:38.563 W/System.err( 6652): 	at tech.gtt.frontapp.servicesdk.common.network.interceptor.SDKInterceptorsPluginKt$setupRequestInterception$1.invoke(SourceFile:2)
06-16 01:23:38.564 W/System.err( 6652): 	at io.ktor.util.pipeline.DebugPipelineContext.proceedLoop(SourceFile:86)
06-16 01:23:38.564 W/System.err( 6652): 	at io.ktor.util.pipeline.DebugPipelineContext.proceed(SourceFile:26)
06-16 01:23:38.564 W/System.err( 6652): 	at io.ktor.client.plugins.RequestError$install$1.invokeSuspend(SourceFile:47)
06-16 01:23:38.564 W/System.err( 6652): 	at io.ktor.client.plugins.RequestError$install$1.invoke(SourceFile:1)
06-16 01:23:38.564 W/System.err( 6652): 	at io.ktor.client.plugins.RequestError$install$1.invoke(SourceFile:2)
06-16 01:23:38.564 W/System.err( 6652): 	at io.ktor.util.pipeline.DebugPipelineContext.proceedLoop(SourceFile:86)
06-16 01:23:38.564 W/System.err( 6652): 	at io.ktor.util.pipeline.DebugPipelineContext.proceed(SourceFile:26)
06-16 01:23:38.564 W/System.err( 6652): 	at io.ktor.client.plugins.SetupRequestContext$install$1.invokeSuspend$proceed(SourceFile:1)
06-16 01:23:38.564 W/System.err( 6652): 	at io.ktor.client.plugins.SetupRequestContext$install$1.access$invokeSuspend$proceed(SourceFile:1)
06-16 01:23:38.564 W/System.err( 6652): 	at io.ktor.client.plugins.SetupRequestContext$install$1$1.invoke(SourceFile:2)
06-16 01:23:38.564 W/System.err( 6652): 	at io.ktor.client.plugins.SetupRequestContext$install$1$1.invoke(SourceFile:1)
06-16 01:23:38.564 W/System.err( 6652): 	at io.ktor.client.plugins.HttpRequestLifecycleKt$HttpRequestLifecycle$1$1.invokeSuspend(SourceFile:78)
06-16 01:23:38.564 W/System.err( 6652): 	at io.ktor.client.plugins.HttpRequestLifecycleKt$HttpRequestLifecycle$1$1.invoke(SourceFile:1)
06-16 01:23:38.564 W/System.err( 6652): 	at io.ktor.client.plugins.HttpRequestLifecycleKt$HttpRequestLifecycle$1$1.invoke(SourceFile:2)
06-16 01:23:38.564 W/System.err( 6652): 	at io.ktor.client.plugins.SetupRequestContext$install$1.invokeSuspend(SourceFile:42)
06-16 01:23:38.564 W/System.err( 6652): 	at io.ktor.client.plugins.SetupRequestContext$install$1.invoke(SourceFile:1)
06-16 01:23:38.564 W/System.err( 6652): 	at io.ktor.client.plugins.SetupRequestContext$install$1.invoke(SourceFile:2)
06-16 01:23:38.564 W/System.err( 6652): 	at io.ktor.util.pipeline.DebugPipelineContext.proceedLoop(SourceFile:86)
06-16 01:23:38.564 W/System.err( 6652): 	at io.ktor.util.pipeline.DebugPipelineContext.proceed(SourceFile:26)
06-16 01:23:38.564 W/System.err( 6652): 	at io.ktor.util.pipeline.DebugPipelineContext.execute$ktor_utils(SourceFile:7)
06-16 01:23:38.564 W/System.err( 6652): 	at io.ktor.util.pipeline.Pipeline.execute(SourceFile:9)
06-16 01:23:38.564 W/System.err( 6652): 	at io.ktor.client.HttpClient.execute$ktor_client_core(SourceFile:68)
06-16 01:23:38.564 W/System.err( 6652): 	at io.ktor.client.statement.HttpStatement.fetchResponse(SourceFile:90)
06-16 01:23:38.564 W/System.err( 6652): 	at io.ktor.client.statement.HttpStatement.execute(SourceFile:9)
06-16 01:23:38.564 W/System.err( 6652): 	at de.jensklingenberg.ktorfit.internal.KtorfitConverterHelper.suspendRequest(SourceFile:127)
06-16 01:23:38.564 W/System.err( 6652): 	at de.jensklingenberg.ktorfit.internal.KtorfitConverterHelper$request$1$1.invokeSuspend(SourceFile:58)
06-16 01:23:38.564 W/System.err( 6652): 	at de.jensklingenberg.ktorfit.internal.KtorfitConverterHelper$request$1$1.invoke(SourceFile:2)
06-16 01:23:38.564 W/System.err( 6652): 	at de.jensklingenberg.ktorfit.internal.KtorfitConverterHelper$request$1$1.invoke(SourceFile:1)
06-16 01:23:38.564 W/System.err( 6652): 	at de.jensklingenberg.ktorfit.converter.FlowConverterFactory$responseConverter$1$convert$1.invokeSuspend(SourceFile:84)
06-16 01:23:38.564 W/System.err( 6652): 	at de.jensklingenberg.ktorfit.converter.FlowConverterFactory$responseConverter$1$convert$1.invoke(SourceFile:2)
06-16 01:23:38.564 W/System.err( 6652): 	at de.jensklingenberg.ktorfit.converter.FlowConverterFactory$responseConverter$1$convert$1.invoke(SourceFile:1)
06-16 01:23:38.564 W/System.err( 6652): 	at kotlinx.coroutines.flow.SafeFlow.collectSafely(SourceFile:3)
06-16 01:23:38.564 W/System.err( 6652): 	at kotlinx.coroutines.flow.AbstractFlow.collect(SourceFile:70)
06-16 01:23:38.564 W/System.err( 6652): 	at kotlinx.coroutines.flow.FlowKt__MergeKt$flatMapConcat$$inlined$map$1.collect(SourceFile:10)
06-16 01:23:38.564 W/System.err( 6652): 	at kotlinx.coroutines.flow.FlowKt__MergeKt$flattenConcat$$inlined$unsafeFlow$1.collect(SourceFile:8)
06-16 01:23:38.564 W/System.err( 6652): 	at kotlinx.coroutines.flow.FlowKt__CollectKt.collect(SourceFile:1)
06-16 01:23:38.564 W/System.err( 6652): 	at kotlinx.coroutines.flow.FlowKt.collect(SourceFile:1)
06-16 01:23:38.564 W/System.err( 6652): 	at tech.gtt.frontapp.servicesdk.common.service.utility.apis.ApiUtilServiceImpl.onServiceInit(SourceFile:240)
06-16 01:23:38.564 W/System.err( 6652): 	at tech.gtt.frontapp.servicesdk.common.core.ServiceSDKImpl.executeServiceInitialize(SourceFile:372)
06-16 01:23:38.564 W/System.err( 6652): 	at tech.gtt.frontapp.servicesdk.common.core.ServiceSDKImpl.access$executeServiceInitialize(SourceFile:1)
06-16 01:23:38.564 W/System.err( 6652): 	at tech.gtt.frontapp.servicesdk.common.core.ServiceSDKImpl$init$1.invokeSuspend(SourceFile:178)
06-16 01:23:38.564 W/System.err( 6652): 	at tech.gtt.frontapp.servicesdk.common.core.ServiceSDKImpl$init$1.invoke(SourceFile:2)
06-16 01:23:38.564 W/System.err( 6652): 	at tech.gtt.frontapp.servicesdk.common.core.ServiceSDKImpl$init$1.invoke(SourceFile:1)
06-16 01:23:38.564 W/System.err( 6652): 	at kotlinx.coroutines.flow.SafeFlow.collectSafely(SourceFile:3)
06-16 01:23:38.564 W/System.err( 6652): 	at kotlinx.coroutines.flow.AbstractFlow.collect(SourceFile:70)
06-16 01:23:38.564 W/System.err( 6652): 	at tech.gtt.frontapp.servicesdk.common.core.SDKSetup$build$1.invokeSuspend(SourceFile:42)
06-16 01:23:38.564 W/System.err( 6652): 	at tech.gtt.frontapp.servicesdk.common.core.SDKSetup$build$1.invoke(SourceFile:2)
06-16 01:23:38.564 W/System.err( 6652): 	at tech.gtt.frontapp.servicesdk.common.core.SDKSetup$build$1.invoke(SourceFile:1)
06-16 01:23:38.564 W/System.err( 6652): 	at tech.gtt.frontapp.servicesdk.common.core.Scheduler$scheduleDirect$1.invokeSuspend(SourceFile:61)
06-16 01:23:38.564 W/System.err( 6652): 	at lh.a.resumeWith(SourceFile:14)
06-16 01:23:38.564 W/System.err( 6652): 	at kotlinx.coroutines.DispatchedTask.run(SourceFile:123)
06-16 01:23:38.564 W/System.err( 6652): 	at kotlinx.coroutines.internal.LimitedDispatcher$Worker.run(SourceFile:4)
06-16 01:23:38.564 W/System.err( 6652): 	at kotlinx.coroutines.scheduling.TaskImpl.run(SourceFile:3)
06-16 01:23:38.564 W/System.err( 6652): 	at kotlinx.coroutines.scheduling.CoroutineScheduler.runSafely(SourceFile:1)
06-16 01:23:38.564 W/System.err( 6652): 	at kotlinx.coroutines.scheduling.CoroutineScheduler$Worker.executeTask(SourceFile:34)
06-16 01:23:38.564 W/System.err( 6652): 	at kotlinx.coroutines.scheduling.CoroutineScheduler$Worker.runWorker(SourceFile:29)
06-16 01:23:38.564 W/System.err( 6652): 	at kotlinx.coroutines.scheduling.CoroutineScheduler$Worker.run(SourceFile:1)
06-16 01:23:38.564 W/System.err( 6652): Caused by: android.system.ErrnoException: open failed: ENOENT (No such file or directory)
06-16 01:23:38.564 W/System.err( 6652): 	at libcore.io.Linux.open(Native Method)
06-16 01:23:38.565 W/System.err( 6652): 	at libcore.io.ForwardingOs.open(ForwardingOs.java:567)
