06-16 01:23:41.088 V/GSK-APIS( 6652): ktQRMWGDCOWOldIlPHEOqapD8HYV7+TmyOIsl1Iv/60zGaP9KwgJFAxokOgho2tyZ2QIF6Wm1xULF22uHRdT620KtEnEeSu5UQdX90dsL+4vOOH20OuzTcfVIo+BktIMtLTj5L29+6yNV4hhX2SVk+FOmzxeb3zShlK1p4b31/BvbAkEJDSNUPt96Dw2baCt7z++LE7jsxcSXysgUD4rHOPxXmB6tnOKJvxMtxnhSHnW+lKNBH1jgBc9hj3Il8CI0WIImncleQjuHJcNNQbJbClSwvSJOVpdQlxhDBAaO3XN9nLH+HcbR7eO7KpscjAZNsOPaYGHhrWU2Y5GWRBnQXG0mGl3cM808h7zElnQNT4Ams1481qdnGNw0jK0oUVXVc=
06-16 01:23:41.088 V/GSK-APIS( 6652): 	prot:	ACM30
06-16 01:23:41.088 V/GSK-APIS( 6652): 	signature:	ab8f7cc6091059207be4ebaef7fb2cec67f19f0a
06-16 01:23:41.088 V/GSK-APIS( 6652): }
06-16 01:23:41.088 V/GSK-Upgrade:ComponentUpdater( 6652): get soVersions = 
06-16 01:23:41.088 V/GSK-Upgrade:ComponentUpdater( 6652): initConfig
06-16 01:23:41.091 W/ontapp.stb.dem( 6652): ClassLoaderContext parent mismatch.  (PCL[] | PCL[];PCL[/data/app/~~-tMPAvyTMYMhU6nbl0NqBw==/tech.gtt.frontapp.stb.demo-qA9iw4qsktyjEZ3tBIQvtg==/base.apk*930720720:/data/app/~~-tMPAvyTMYMhU6nbl0NqBw==/tech.gtt.frontapp.stb.demo-qA9iw4qsktyjEZ3tBIQvtg==/base.apk!classes2.dex*2103280642:/data/app/~~-tMPAvyTMYMhU6nbl0NqBw==/tech.gtt.frontapp.stb.demo-qA9iw4qsktyjEZ3tBIQvtg==/base.apk!classes3.dex*2004927299])
06-16 01:23:41.093 V/GSK-APIS( 6652): request to: https://gtt-app-apigateway-lion.vdemosit.com/api/enduser/messagecenter/message/query/v1
06-16 01:23:41.098 V/GSK-Upgrade:UpgradeManager( 6652): startLoopUpdateApp
06-16 01:23:41.100 V/GSK     ( 6652): UpgradeServiceImp unnecessary initialization() executed in 108 ms.
06-16 01:23:41.110 D/UiDevice( 6597): Searching for node with selector: BySelector [RES='\Qtech.gtt.frontapp.stb.demo:id/account_login_tv2\E'].
06-16 01:23:41.111 W/QueryController( 6597): Could not detect idle state.
06-16 01:23:41.119 W/ActivityTaskManager( 1933): Tried to set launchTime (0) < mLastActivityLaunchTime (2579232)
06-16 01:23:41.148 V/GSK-Upgrade:ComponentUpdater( 6652): init
06-16 01:23:41.148 V/GSK-Upgrade:ComponentUpdater( 6652): loadLocalDex
06-16 01:23:41.148 V/GSK-Upgrade:ComponentUpdater( 6652): local dex is empty
06-16 01:23:41.148 V/GSK-Upgrade:ComponentUpdater( 6652): local dex is empty
06-16 01:23:41.148 V/GSK-Upgrade:ComponentUpdater( 6652): local dex is empty
06-16 01:23:41.148 V/GSK-Upgrade:ComponentUpdater( 6652): local dex is empty
06-16 01:23:41.148 V/GSK-Upgrade:ComponentUpdater( 6652): local dex is empty
06-16 01:23:41.148 V/GSK-Upgrade:ComponentUpdater( 6652): local dex is empty
06-16 01:23:41.157 W/UiDevice( 6597): Skipping null root node for window: AccessibilityWindowInfo[title=允许v-demo访问您设备上的照片和媒体吗？, displayId=0, id=232, taskId=19, type=TYPE_APPLICATION, layer=1, region=SkRegion((432,48,1488,1080)), bounds=Rect(432, 48 - 1488, 1080), focused=false, active=false, pictureInPicture=false, hasParent=false, isAnchored=false, hasChildren=false]
06-16 01:23:41.173 D/AndroidAutoSize( 6652): tech.gtt.frontapp.stb.m.home.activity.LoadingActivity used the global configuration.
06-16 01:23:41.177 D/AndroidAutoSize( 6652): The tech.gtt.frontapp.stb.m.home.activity.LoadingActivity has been adapted! 
06-16 01:23:41.177 D/AndroidAutoSize( 6652): LoadingActivity Info: isBaseOnWidth = true, designWidthInDp = 1920.000000, designWidthInSubunits = 1920.000000, targetDensity = 1.000000, targetScaledDensity = 1.000000, targetDensityDpi = 160, targetXdpi = 1.000000, targetScreenWidthDp = 1920, targetScreenHeightDp = 1032
06-16 01:23:41.283 V/GSK-Account:AccountManager( 6652): isLoggedIn=false
06-16 01:23:41.285 D/AndroidAutoSize( 6652): tech.gtt.frontapp.stb.m.home.activity.LoadingActivity used the global configuration.
06-16 01:23:41.286 D/AndroidAutoSize( 6652): The tech.gtt.frontapp.stb.m.home.activity.LoadingActivity has been adapted! 
06-16 01:23:41.286 D/AndroidAutoSize( 6652): LoadingActivity Info: isBaseOnWidth = true, designWidthInDp = 1920.000000, designWidthInSubunits = 1920.000000, targetDensity = 1.000000, targetScaledDensity = 1.000000, targetDensityDpi = 160, targetXdpi = 1.000000, targetScreenWidthDp = 1920, targetScreenHeightDp = 1032
06-16 01:23:41.329 W/WindowManager( 1933): Failed looking up window session=Session{4a2b8 6652:u0a10058} callers=com.android.server.wm.WindowManagerService.windowForClientLocked:5850 com.android.server.wm.Session.updateRequestedVisibilities:640 android.view.IWindowSession$Stub.onTransact:1175 
06-16 01:23:41.379 D/gralloc_nox( 1764): gralloc_alloc: Creating ashmem region of size 8298496
06-16 01:23:41.419 D/gralloc_nox( 1764): gralloc_alloc: Creating ashmem region of size 8298496
06-16 01:23:41.431 D/ProcessState( 6755): Binder ioctl to enable oneway spam detection failed: Invalid argument
06-16 01:23:41.447 D/UiDevice( 6597): Searching for node with selector: BySelector [RES='\Qtech.gtt.frontapp.stb.demo:id/account_login_tv2\E'].
06-16 01:23:41.452 W/QueryController( 6597): Could not detect idle state.
06-16 01:23:41.484 D/gralloc_nox( 1764): gralloc_alloc: Creating ashmem region of size 8298496
06-16 01:23:41.579 V/GSK-APIS( 6652): received response >>> id: 3fe9601 url: https://gtt-app-apigateway-lion.vdemosit.com/api/enduser/messagecenter/message/query/v1 statusCode: 400, exception: null
06-16 01:23:41.580 I/System.out( 6652): [SDKInterceptorPlugin] Unhandled exception in request processing: Something went wrong while connecting to the server, statusCode: 400
06-16 01:23:41.584 I/ActivityTaskManager( 1933): Displayed tech.gtt.frontapp.stb.demo/tech.gtt.frontapp.stb.m.home.activity.LoadingActivity: +526ms
06-16 01:23:41.611 D/CompatibilityChangeReporter( 6652): Compat change id reported: 171228096; UID 10058; state: ENABLED
06-16 01:23:41.638 W/DataBinding( 6652): Setting the fragment as the LifecycleOwner might cause memory leaks because views lives shorter than the Fragment. Consider using Fragment's view lifecycle
06-16 01:23:41.738 I/MediaFocusControl( 1933): requestAudioFocus() from uid/pid 10058/6652 AA=USAGE_MEDIA/CONTENT_TYPE_MOVIE clientId=android.media.AudioManager@a8c13af callingPack=tech.gtt.frontapp.stb.demo req=1 flags=0x0 sdk=35
06-16 01:23:41.745 I/AudioService.FadeOutManager( 1933): unfadeOutUid() uid:10058
06-16 01:23:41.792 W/MediaProvider( 2637): Failed to fetch original file descriptor
06-16 01:23:41.792 W/MediaProvider( 2637): java.io.IOException: stat failed: ENOENT (No such file or directory)
06-16 01:23:41.792 W/MediaProvider( 2637): 	at com.android.providers.media.MediaProvider.getFileFromFileDescriptor(MediaProvider.java:5822)
06-16 01:23:41.792 W/MediaProvider( 2637): 	at com.android.providers.media.MediaProvider.getOriginalMediaFormatFileDescriptor(MediaProvider.java:5739)
06-16 01:23:41.792 W/MediaProvider( 2637): 	at com.android.providers.media.MediaProvider.openTypedAssetFileCommon(MediaProvider.java:7162)
06-16 01:23:41.792 W/MediaProvider( 2637): 	at com.android.providers.media.MediaProvider.openTypedAssetFile(MediaProvider.java:7143)
06-16 01:23:41.792 W/MediaProvider( 2637): 	at android.content.ContentProvider$Transport.openTypedAssetFile(ContentProvider.java:548)
06-16 01:23:41.792 W/MediaProvider( 2637): 	at android.content.ContentProviderNative.onTransact(ContentProviderNative.java:327)
06-16 01:23:41.792 W/MediaProvider( 2637): 	at android.os.Binder.execTransactInternal(Binder.java:1179)
06-16 01:23:41.792 W/MediaProvider( 2637): 	at android.os.Binder.execTransact(Binder.java:1143)
06-16 01:23:41.792 W/MediaProvider( 2637): Caused by: android.system.ErrnoException: stat failed: ENOENT (No such file or directory)
06-16 01:23:41.792 W/MediaProvider( 2637): 	at libcore.io.Linux.stat(Native Method)
06-16 01:23:41.792 W/MediaProvider( 2637): 	at libcore.io.ForwardingOs.stat(ForwardingOs.java:853)
06-16 01:23:41.792 W/MediaProvider( 2637): 	at libcore.io.BlockGuardOs.stat(BlockGuardOs.java:420)
06-16 01:23:41.792 W/MediaProvider( 2637): 	at libcore.io.ForwardingOs.stat(ForwardingOs.java:853)
06-16 01:23:41.792 W/MediaProvider( 2637): 	at android.app.ActivityThread$AndroidOs.stat(ActivityThread.java:7775)
06-16 01:23:41.792 W/MediaProvider( 2637): 	at android.system.Os.stat(Os.java:919)
06-16 01:23:41.792 W/MediaProvider( 2637): 	at com.android.providers.media.MediaProvider.getFileFromFileDescriptor(MediaProvider.java:5816)
06-16 01:23:41.792 W/MediaProvider( 2637): 	... 7 more
06-16 01:23:41.798 D/NuPlayerDriver( 1804): NuPlayerDriver(0xf3a407f0) created, clientPid(6652)
06-16 01:23:41.812 D/SurfaceUtils( 1804): connecting to surface 0xee404ba8, reason setVideoSurfaceTexture
06-16 01:23:41.812 D/NuPlayer( 1804): onSetVideoSurface(0xee403270, no video decoder)
06-16 01:23:41.822 D/GenericSource( 1804): FileSource remote
06-16 01:23:41.829 I/SampleTable( 1802): There are reordered frames present.
06-16 01:23:41.835 D/MediaBufferGroup( 1802): creating MemoryDealer
06-16 01:23:41.879 W/InputManager-JNI( 1933): Input channel object '5a253f7 tech.gtt.frontapp.stb.demo/tech.gtt.frontapp.stb.m.home.activity.SplashActivity (client)' was disposed without first being removed with the input manager!
06-16 01:23:41.897 D/MediaPlayerNative( 6652): getMetadata
06-16 01:23:41.909 I/GenericSource( 1804): start
06-16 01:23:41.913 I/OMXClient( 1804): IOmx service obtained
06-16 01:23:41.913 I/OMXStore( 1808): makeComponentInstance(OMX.google.h264.decoder) in android.hardwar process
06-16 01:23:41.914 D/SurfaceUtils( 1804): disconnecting from surface 0xee403278, reason onConfigure
06-16 01:23:41.915 I/OMXClient( 1804): IOmx service obtained
06-16 01:23:41.915 D/SurfaceUtils( 1804): connecting to surface 0xee403278, reason connectToSurface
06-16 01:23:41.915 I/MediaCodec( 1804): [OMX.google.h264.decoder] setting surface generation to 1847301
06-16 01:23:41.915 D/SurfaceUtils( 1804): disconnecting from surface 0xee403278, reason connectToSurface(reconnect)
06-16 01:23:41.915 D/SurfaceUtils( 1804): connecting to surface 0xee403278, reason connectToSurface(reconnect)
06-16 01:23:41.915 I/OMXStore( 1808): makeComponentInstance(OMX.google.aac.decoder) in android.hardwar process
06-16 01:23:41.916 E/OMXNodeInstance( 1808): getExtensionIndex(0xf22c14a0:google.h264.decoder, OMX.google.android.index.enableAndroidNativeBuffers) ERROR: UnsupportedIndex(0x8000101a)
06-16 01:23:41.916 E/ACodec  ( 1804): [OMX.google.h264.decoder] setPortMode on output to DynamicANWBuffer failed w/ err -1010
06-16 01:23:41.917 E/OMXNodeInstance( 1808): getParameter(0xf22c14a0:google.h264.decoder, ??(0x6f600011)) ERROR: UnsupportedIndex(0x8000101a)
06-16 01:23:41.918 W/OMXNodeInstance( 1808): [0xf22c14a0:google.h264.decoder] component does not support metadata mode; using fallback
06-16 01:23:41.918 E/OMXNodeInstance( 1808): setConfig(0xf22c07f0:google.aac.decoder, ConfigPriority(0x6f800002)) ERROR: Undefined(0x80001001)
06-16 01:23:41.918 D/SoftVideoDecoderOMXComponent( 1808): Color Aspects preference: 1 
06-16 01:23:41.918 E/OMXNodeInstance( 1808): setConfig(0xf22c14a0:google.h264.decoder, ConfigPriority(0x6f800002)) ERROR: UnsupportedIndex(0x8000101a)
06-16 01:23:41.918 I/ACodec  ( 1804): codec does not support config priority (err -2147483648)
06-16 01:23:41.918 I/ACodec  ( 1804): codec does not support config priority (err -1010)
06-16 01:23:41.918 E/OMXNodeInstance( 1808): setConfig(0xf22c14a0:google.h264.decoder, ConfigOperatingRate(0x6f800003)) ERROR: UnsupportedIndex(0x8000101a)
06-16 01:23:41.919 I/ACodec  ( 1804): codec does not support config operating rate (err -1010)
06-16 01:23:41.919 E/OMXNodeInstance( 1808): getConfig(0xf22c07f0:google.aac.decoder, ConfigAndroidVendorExtension(0x6f100004)) ERROR: Undefined(0x80001001)
06-16 01:23:41.919 D/SoftAAC2( 1808): get OMX_IndexParamAudioAndroidAacDrcPresentation
06-16 01:23:41.919 I/MediaCodec( 1804): MediaCodec will operate in async mode
06-16 01:23:41.919 D/MediaCodec( 1804): keep callback message for reclaim
06-16 01:23:41.923 E/OMXNodeInstance( 1808): getConfig(0xf22c14a0:google.h264.decoder, ConfigAndroidVendorExtension(0x6f100004)) ERROR: UnsupportedIndex(0x8000101a)
06-16 01:23:41.931 E/OMXNodeInstance( 1808): getConfig(0xf22c14a0:google.h264.decoder, ??(0x7f000003)) ERROR: UnsupportedSetting(0x80001019)
06-16 01:23:41.934 I/MediaCodec( 1804): MediaCodec will operate in async mode
06-16 01:23:41.934 D/MediaCodec( 1804): keep callback message for reclaim
06-16 01:23:41.938 I/SoftAAC2( 1808): Reconfiguring decoder: 0->44100 Hz, 0->1 channels
06-16 01:23:41.939 D/SoftAAC2( 1808): get OMX_IndexParamAudioAndroidAacDrcPresentation
06-16 01:23:41.941 W/ResourceManagerService( 1804): Ignoring request to add new resource entry with value <= 0
06-16 01:23:41.943 D/SoftVideoDecoderOMXComponent( 1808): Color Aspects preference: 1 
06-16 01:23:41.946 D/AudioFlinger( 1776): Client defaulted notificationFrames to 11286 for frameCount 22572
06-16 01:23:41.947 D/AF::TrackHandle( 1776): OpPlayAudio: track:60 usage:1 not muted
06-16 01:23:41.982 E/OMXNodeInstance( 1808): getConfig(0xf22c14a0:google.h264.decoder, ??(0x7f000003)) ERROR: UnsupportedSetting(0x80001019)
06-16 01:23:41.993 D/MediaCodec( 1804): [OMX.google.h264.decoder] setting dataspace on output surface to #102
06-16 01:23:41.996 E/android.hardware.audio.service( 1756): pcm_open called create stream faild
06-16 01:23:41.998 W/MediaPlayerNative( 6652): info/warning (3, 0)
06-16 01:23:41.998 D/gralloc_nox( 1764): gralloc_alloc: Creating ashmem region of size 589824
06-16 01:23:42.004 D/UiDevice( 6597): Searching for node with selector: BySelector [RES='\Qtech.gtt.frontapp.stb.demo:id/account_login_tv2\E'].
06-16 01:23:42.005 D/SoftwareRenderer( 1804): setting dataspace on output surface to #8000102
06-16 01:23:42.006 W/QueryController( 6597): Could not detect idle state.
06-16 01:23:42.007 D/gralloc_nox( 1764): gralloc_alloc: Creating ashmem region of size 589824
06-16 01:23:42.044 D/AudioFlinger( 1776): mixer(0x727c2c5fda60) throttle end: throttle time(39)
06-16 01:23:42.118 D/UiDevice( 6597): Searching for node with selector: BySelector [RES='\Qtech.gtt.frontapp.stb.demo:id/account_login_tv2\E'].
06-16 01:23:42.118 W/QueryController( 6597): Could not detect idle state.
06-16 01:23:42.223 D/UiDevice( 6597): Searching for node with selector: BySelector [RES='\Qtech.gtt.frontapp.stb.demo:id/account_login_tv2\E'].
06-16 01:23:42.225 W/QueryController( 6597): Could not detect idle state.
06-16 01:23:42.279 D/gralloc_nox( 1764): gralloc_alloc: Creating ashmem region of size 589824
06-16 01:23:42.317 D/AudioFlinger( 1776): mixer(0x727c2c5fda60) throttle end: throttle time(197)
06-16 01:23:42.338 D/UiDevice( 6597): Searching for node with selector: BySelector [RES='\Qtech.gtt.frontapp.stb.demo:id/account_login_tv2\E'].
06-16 01:23:42.339 W/QueryController( 6597): Could not detect idle state.
06-16 01:23:42.387 D/AudioFlinger( 1776): mixer(0x727c2c5fda60) throttle end: throttle time(39)
06-16 01:23:42.446 D/UiDevice( 6597): Searching for node with selector: BySelector [RES='\Qtech.gtt.frontapp.stb.demo:id/account_login_tv2\E'].
06-16 01:23:42.447 W/QueryController( 6597): Could not detect idle state.
06-16 01:23:42.546 D/gralloc_nox( 1764): gralloc_alloc: Creating ashmem region of size 589824
06-16 01:23:42.550 D/UiDevice( 6597): Searching for node with selector: BySelector [RES='\Qtech.gtt.frontapp.stb.demo:id/account_login_tv2\E'].
06-16 01:23:42.550 W/QueryController( 6597): Could not detect idle state.
06-16 01:23:42.655 D/UiDevice( 6597): Searching for node with selector: BySelector [RES='\Qtech.gtt.frontapp.stb.demo:id/account_login_tv2\E'].
06-16 01:23:42.655 W/QueryController( 6597): Could not detect idle state.
06-16 01:23:42.760 D/UiDevice( 6597): Searching for node with selector: BySelector [RES='\Qtech.gtt.frontapp.stb.demo:id/account_login_tv2\E'].
06-16 01:23:42.760 W/QueryController( 6597): Could not detect idle state.
06-16 01:23:42.868 D/UiDevice( 6597): Searching for node with selector: BySelector [RES='\Qtech.gtt.frontapp.stb.demo:id/account_login_tv2\E'].
06-16 01:23:42.869 W/QueryController( 6597): Could not detect idle state.
06-16 01:23:42.978 D/UiDevice( 6597): Searching for node with selector: BySelector [RES='\Qtech.gtt.frontapp.stb.demo:id/account_login_tv2\E'].
06-16 01:23:42.979 W/QueryController( 6597): Could not detect idle state.
06-16 01:23:43.083 D/UiDevice( 6597): Searching for node with selector: BySelector [RES='\Qtech.gtt.frontapp.stb.demo:id/account_login_tv2\E'].
06-16 01:23:43.083 W/QueryController( 6597): Could not detect idle state.
06-16 01:23:43.188 D/UiDevice( 6597): Searching for node with selector: BySelector [RES='\Qtech.gtt.frontapp.stb.demo:id/account_login_tv2\E'].
06-16 01:23:43.189 W/QueryController( 6597): Could not detect idle state.
06-16 01:23:43.297 D/UiDevice( 6597): Searching for node with selector: BySelector [RES='\Qtech.gtt.frontapp.stb.demo:id/account_login_tv2\E'].
06-16 01:23:43.297 W/QueryController( 6597): Could not detect idle state.
06-16 01:23:43.400 D/UiDevice( 6597): Searching for node with selector: BySelector [RES='\Qtech.gtt.frontapp.stb.demo:id/account_login_tv2\E'].
06-16 01:23:43.401 W/QueryController( 6597): Could not detect idle state.
06-16 01:23:43.504 D/UiDevice( 6597): Searching for node with selector: BySelector [RES='\Qtech.gtt.frontapp.stb.demo:id/account_login_tv2\E'].
06-16 01:23:43.505 W/QueryController( 6597): Could not detect idle state.
06-16 01:23:43.613 D/UiDevice( 6597): Searching for node with selector: BySelector [RES='\Qtech.gtt.frontapp.stb.demo:id/account_login_tv2\E'].
06-16 01:23:43.614 W/QueryController( 6597): Could not detect idle state.
06-16 01:23:43.722 D/UiDevice( 6597): Searching for node with selector: BySelector [RES='\Qtech.gtt.frontapp.stb.demo:id/account_login_tv2\E'].
06-16 01:23:43.725 W/QueryController( 6597): Could not detect idle state.
06-16 01:23:43.775 I/keystore2( 1708): keystore2::watchdog: Watchdog thread idle -> terminating. Have a great day.
06-16 01:23:43.832 D/UiDevice( 6597): Searching for node with selector: BySelector [RES='\Qtech.gtt.frontapp.stb.demo:id/account_login_tv2\E'].
06-16 01:23:43.832 W/QueryController( 6597): Could not detect idle state.
06-16 01:23:43.936 D/UiDevice( 6597): Searching for node with selector: BySelector [RES='\Qtech.gtt.frontapp.stb.demo:id/account_login_tv2\E'].
06-16 01:23:43.937 W/QueryController( 6597): Could not detect idle state.
06-16 01:23:44.044 D/UiDevice( 6597): Searching for node with selector: BySelector [RES='\Qtech.gtt.frontapp.stb.demo:id/account_login_tv2\E'].
06-16 01:23:44.044 W/QueryController( 6597): Could not detect idle state.
06-16 01:23:44.147 D/UiDevice( 6597): Searching for node with selector: BySelector [RES='\Qtech.gtt.frontapp.stb.demo:id/account_login_tv2\E'].
06-16 01:23:44.148 W/QueryController( 6597): Could not detect idle state.
06-16 01:23:44.251 D/UiDevice( 6597): Searching for node with selector: BySelector [RES='\Qtech.gtt.frontapp.stb.demo:id/account_login_tv2\E'].
06-16 01:23:44.252 W/QueryController( 6597): Could not detect idle state.
06-16 01:23:44.356 D/UiDevice( 6597): Searching for node with selector: BySelector [RES='\Qtech.gtt.frontapp.stb.demo:id/account_login_tv2\E'].
06-16 01:23:44.358 W/QueryController( 6597): Could not detect idle state.
06-16 01:23:44.466 D/UiDevice( 6597): Searching for node with selector: BySelector [RES='\Qtech.gtt.frontapp.stb.demo:id/account_login_tv2\E'].
06-16 01:23:44.467 W/QueryController( 6597): Could not detect idle state.
06-16 01:23:44.575 D/UiDevice( 6597): Searching for node with selector: BySelector [RES='\Qtech.gtt.frontapp.stb.demo:id/account_login_tv2\E'].
06-16 01:23:44.575 E/TaskPersister( 1933): File error accessing recents directory (directory doesn't exist?).
06-16 01:23:44.575 W/QueryController( 6597): Could not detect idle state.
06-16 01:23:44.680 D/UiDevice( 6597): Searching for node with selector: BySelector [RES='\Qtech.gtt.frontapp.stb.demo:id/account_login_tv2\E'].
06-16 01:23:44.680 W/QueryController( 6597): Could not detect idle state.
06-16 01:23:44.782 D/UiDevice( 6597): Searching for node with selector: BySelector [RES='\Qtech.gtt.frontapp.stb.demo:id/account_login_tv2\E'].
06-16 01:23:44.782 W/QueryController( 6597): Could not detect idle state.
06-16 01:23:44.885 D/UiDevice( 6597): Searching for node with selector: BySelector [RES='\Qtech.gtt.frontapp.stb.demo:id/account_login_tv2\E'].
06-16 01:23:44.885 W/QueryController( 6597): Could not detect idle state.
06-16 01:23:44.992 D/UiDevice( 6597): Searching for node with selector: BySelector [RES='\Qtech.gtt.frontapp.stb.demo:id/account_login_tv2\E'].
06-16 01:23:44.993 W/QueryController( 6597): Could not detect idle state.
06-16 01:23:45.099 D/UiDevice( 6597): Searching for node with selector: BySelector [RES='\Qtech.gtt.frontapp.stb.demo:id/account_login_tv2\E'].
06-16 01:23:45.099 W/QueryController( 6597): Could not detect idle state.
06-16 01:23:45.203 D/UiDevice( 6597): Searching for node with selector: BySelector [RES='\Qtech.gtt.frontapp.stb.demo:id/account_login_tv2\E'].
06-16 01:23:45.207 W/QueryController( 6597): Could not detect idle state.
06-16 01:23:45.317 D/UiDevice( 6597): Searching for node with selector: BySelector [RES='\Qtech.gtt.frontapp.stb.demo:id/account_login_tv2\E'].
06-16 01:23:45.318 W/QueryController( 6597): Could not detect idle state.
06-16 01:23:45.424 D/UiDevice( 6597): Searching for node with selector: BySelector [RES='\Qtech.gtt.frontapp.stb.demo:id/account_login_tv2\E'].
06-16 01:23:45.424 W/QueryController( 6597): Could not detect idle state.
06-16 01:23:45.529 D/UiDevice( 6597): Searching for node with selector: BySelector [RES='\Qtech.gtt.frontapp.stb.demo:id/account_login_tv2\E'].
06-16 01:23:45.530 W/QueryController( 6597): Could not detect idle state.
06-16 01:23:45.633 D/UiDevice( 6597): Searching for node with selector: BySelector [RES='\Qtech.gtt.frontapp.stb.demo:id/account_login_tv2\E'].
06-16 01:23:45.633 W/QueryController( 6597): Could not detect idle state.
06-16 01:23:45.737 D/UiDevice( 6597): Searching for node with selector: BySelector [RES='\Qtech.gtt.frontapp.stb.demo:id/account_login_tv2\E'].
06-16 01:23:45.738 W/QueryController( 6597): Could not detect idle state.
06-16 01:23:45.852 D/UiDevice( 6597): Searching for node with selector: BySelector [RES='\Qtech.gtt.frontapp.stb.demo:id/account_login_tv2\E'].
06-16 01:23:45.853 W/QueryController( 6597): Could not detect idle state.
06-16 01:23:45.959 D/UiDevice( 6597): Searching for node with selector: BySelector [RES='\Qtech.gtt.frontapp.stb.demo:id/account_login_tv2\E'].
06-16 01:23:45.961 W/QueryController( 6597): Could not detect idle state.
06-16 01:23:45.970 D/AudioTrack( 1804): stop(12): called with 200704 frames delivered
06-16 01:23:46.064 D/UiDevice( 6597): Searching for node with selector: BySelector [RES='\Qtech.gtt.frontapp.stb.demo:id/account_login_tv2\E'].
06-16 01:23:46.066 W/QueryController( 6597): Could not detect idle state.
06-16 01:23:46.169 D/UiDevice( 6597): Searching for node with selector: BySelector [RES='\Qtech.gtt.frontapp.stb.demo:id/account_login_tv2\E'].
06-16 01:23:46.171 W/QueryController( 6597): Could not detect idle state.
06-16 01:23:46.281 D/UiDevice( 6597): Searching for node with selector: BySelector [RES='\Qtech.gtt.frontapp.stb.demo:id/account_login_tv2\E'].
06-16 01:23:46.282 W/QueryController( 6597): Could not detect idle state.
06-16 01:23:46.347 D/NuPlayerDriver( 1804): stop(0xf3a407f0)
06-16 01:23:46.348 V/MediaPlayer( 6652): resetDrmState:  mDrmInfo=null mDrmProvisioningThread=null mPrepareDrmInProgress=false mActiveDrmScheme=false
06-16 01:23:46.348 V/MediaPlayer( 6652): cleanDrmObj: mDrmObj=null mDrmSessionId=null
06-16 01:23:46.348 D/NuPlayerDriver( 1804): reset(0xf3a407f0) at state 8
06-16 01:23:46.352 D/SurfaceUtils( 1804): disconnecting from surface 0xee403278, reason disconnectFromSurface
06-16 01:23:46.355 D/SurfaceUtils( 1804): connecting to surface 0xee403278, reason onShutdown
06-16 01:23:46.359 D/NuPlayerDriver( 1804): notifyResetComplete(0xf3a407f0)
06-16 01:23:46.360 D/SurfaceUtils( 1804): disconnecting from surface 0xee404ba8, reason disconnectNativeWindow
06-16 01:23:46.360 W/AMessage( 1804): failed to post message as target looper for handler 0 is gone.
06-16 01:23:46.362 I/MediaFocusControl( 1933): abandonAudioFocus() from uid/pid 10058/6652 clientId=android.media.AudioManager@a8c13af
06-16 01:23:46.364 I/ActivityTaskManager( 1933): START u0 {cmp=tech.gtt.frontapp.stb.demo/tech.gtt.frontapp.stb.m.account.activity.LoginMethodSwitchActivity (has extras)} from uid 10058
06-16 01:23:46.366 D/CompatibilityChangeReporter( 1933): Compat change id reported: 174042980; UID 10058; state: DISABLED
06-16 01:23:46.367 D/CompatibilityChangeReporter( 1933): Compat change id reported: 184838306; UID 10058; state: DISABLED
06-16 01:23:46.367 D/CompatibilityChangeReporter( 1933): Compat change id reported: 185004937; UID 10058; state: DISABLED
06-16 01:23:46.367 D/CompatibilityChangeReporter( 1933): Compat change id reported: 181136395; UID 10058; state: DISABLED
06-16 01:23:46.368 D/CompatibilityChangeReporter( 1933): Compat change id reported: 174042936; UID 10058; state: DISABLED
06-16 01:23:46.369 D/CompatibilityChangeReporter( 1933): Compat change id reported: 197654537; UID 10058; state: ENABLED
06-16 01:23:46.372 D/CompatibilityChangeReporter( 1933): Compat change id reported: 168419799; UID 10058; state: DISABLED
06-16 01:23:46.380 I/MediaFocusControl( 1933): abandonAudioFocus() from uid/pid 10058/6652 clientId=android.media.AudioManager@a8c13af
06-16 01:23:46.380 W/MediaPlayer( 6652): mediaplayer went away with unhandled events
06-16 01:23:46.383 W/MediaPlayer( 6652): mediaplayer went away with unhandled events
06-16 01:23:46.384 D/UiDevice( 6597): Searching for node with selector: BySelector [RES='\Qtech.gtt.frontapp.stb.demo:id/account_login_tv2\E'].
06-16 01:23:46.385 W/QueryController( 6597): Could not detect idle state.
06-16 01:23:46.387 W/ActivityTaskManager( 1933): Tried to set launchTime (0) < mLastActivityLaunchTime (2586726)
06-16 01:23:46.415 D/AndroidAutoSize( 6652): tech.gtt.frontapp.stb.m.account.activity.LoginMethodSwitchActivity used the global configuration.
06-16 01:23:46.415 D/AndroidAutoSize( 6652): The tech.gtt.frontapp.stb.m.account.activity.LoginMethodSwitchActivity has been adapted! 
06-16 01:23:46.415 D/AndroidAutoSize( 6652): LoginMethodSwitchActivity Info: isBaseOnWidth = true, designWidthInDp = 1920.000000, designWidthInSubunits = 1920.000000, targetDensity = 1.000000, targetScaledDensity = 1.000000, targetDensityDpi = 160, targetXdpi = 1.000000, targetScreenWidthDp = 1920, targetScreenHeightDp = 1032
06-16 01:23:46.453 D/AndroidAutoSize( 6652): tech.gtt.frontapp.stb.m.account.activity.LoginMethodSwitchActivity used the global configuration.
06-16 01:23:46.455 D/AndroidAutoSize( 6652): The tech.gtt.frontapp.stb.m.account.activity.LoginMethodSwitchActivity has been adapted! 
06-16 01:23:46.455 D/AndroidAutoSize( 6652): LoginMethodSwitchActivity Info: isBaseOnWidth = true, designWidthInDp = 1920.000000, designWidthInSubunits = 1920.000000, targetDensity = 1.000000, targetScaledDensity = 1.000000, targetDensityDpi = 160, targetXdpi = 1.000000, targetScreenWidthDp = 1920, targetScreenHeightDp = 1032
06-16 01:23:46.465 W/WindowManager( 1933): Failed looking up window session=Session{4a2b8 6652:u0a10058} callers=com.android.server.wm.WindowManagerService.windowForClientLocked:5850 com.android.server.wm.Session.updateRequestedVisibilities:640 android.view.IWindowSession$Stub.onTransact:1175 
06-16 01:23:46.484 D/gralloc_nox( 1764): gralloc_alloc: Creating ashmem region of size 8298496
06-16 01:23:46.507 D/gralloc_nox( 1764): gralloc_alloc: Creating ashmem region of size 8298496
06-16 01:23:46.532 D/ProcessState( 7049): Binder ioctl to enable oneway spam detection failed: Invalid argument
06-16 01:23:46.548 D/gralloc_nox( 1764): gralloc_alloc: Creating ashmem region of size 8298496
06-16 01:23:46.632 E/libEGL  ( 6652): called unimplemented OpenGL ES API
06-16 01:23:46.661 W/ByMatcher( 6597): Node returned null child: android.view.accessibility.AccessibilityNodeInfo@ad78; boundsInParent: Rect(0, 0 - 231, 392); boundsInScreen: Rect(844, 270 - 1075, 662); packageName: tech.gtt.frontapp.stb.demo; className: android.widget.LinearLayout; text: null; error: null; maxTextLength: -1; stateDescription: null; contentDescription: null; tooltipText: null; viewIdResName: null; checkable: false; checked: false; focusable: false; focused: false; selected: false; clickable: false; longClickable: false; contextClickable: false; enabled: true; password: false; scrollable: false; importantForAccessibility: false; visible: true; actions: [AccessibilityAction: ACTION_SELECT - null, AccessibilityAction: ACTION_CLEAR_SELECTION - null, AccessibilityAction: ACTION_ACCESSIBILITY_FOCUS - null, AccessibilityAction: ACTION_SHOW_ON_SCREEN - null]
06-16 01:23:46.661 W/ByMatcher( 6597): Skipping null child (1 of 2)
06-16 01:23:46.662 W/ByMatcher( 6597): Node returned null child: android.view.accessibility.AccessibilityNodeInfo@a9b7; boundsInParent: Rect(0, 0 - 231, 539); boundsInScreen: Rect(844, 270 - 1075, 809); packageName: tech.gtt.frontapp.stb.demo; className: android.widget.LinearLayout; text: null; error: null; maxTextLength: -1; stateDescription: null; contentDescription: null; tooltipText: null; viewIdResName: null; checkable: false; checked: false; focusable: false; focused: false; selected: false; clickable: false; longClickable: false; contextClickable: false; enabled: true; password: false; scrollable: false; importantForAccessibility: false; visible: true; actions: [AccessibilityAction: ACTION_SELECT - null, AccessibilityAction: ACTION_CLEAR_SELECTION - null, AccessibilityAction: ACTION_ACCESSIBILITY_FOCUS - null, AccessibilityAction: ACTION_SHOW_ON_SCREEN - null]
06-16 01:23:46.665 W/ByMatcher( 6597): Skipping null child (1 of 3)
06-16 01:23:46.668 W/ByMatcher( 6597): Skipping null child (2 of 3)
06-16 01:23:46.674 W/ByMatcher( 6597): Node returned null child: android.view.accessibility.AccessibilityNodeInfo@80006da7; boundsInParent: Rect(0, 0 - 1920, 1080); boundsInScreen: Rect(0, 0 - 1920, 1080); packageName: tech.gtt.frontapp.stb.demo; className: android.widget.FrameLayout; text: null; error: null; maxTextLength: -1; stateDescription: null; contentDescription: null; tooltipText: null; viewIdResName: null; checkable: false; checked: false; focusable: false; focused: false; selected: false; clickable: false; longClickable: false; contextClickable: false; enabled: true; password: false; scrollable: false; importantForAccessibility: true; visible: true; actions: [AccessibilityAction: ACTION_SELECT - null, AccessibilityAction: ACTION_CLEAR_SELECTION - null, AccessibilityAction: ACTION_ACCESSIBILITY_FOCUS - null, AccessibilityAction: ACTION_SHOW_ON_SCREEN - null]
06-16 01:23:46.675 W/ByMatcher( 6597): Skipping null child (0 of 1)
06-16 01:23:46.677 I/ActivityTaskManager( 1933): Displayed tech.gtt.frontapp.stb.demo/tech.gtt.frontapp.stb.m.account.activity.LoginMethodSwitchActivity: +309ms
06-16 01:23:46.777 D/UiDevice( 6597): Searching for node with selector: BySelector [RES='\Qtech.gtt.frontapp.stb.demo:id/account_login_tv2\E'].
06-16 01:23:46.778 W/QueryController( 6597): Could not detect idle state.
06-16 01:23:46.820 D/UIAutomatorStub( 6597): URI: /jsonrpc/0, Method: POST, params, {NanoHttpd.QUERY_STRING=null}, files: {postData={"jsonrpc": "2.0", "id": 1, "method": "objInfo", "params": [{"mask": 2097152, "childOrSibling": [], "childOrSiblingSelector": [], "resourceId": "tech.gtt.frontapp.stb.demo:id/account_login_tv2"}]}}
06-16 01:23:46.828 D/UiDevice( 6597): Retrieving node with selector: BySelector [RES='\Qtech.gtt.frontapp.stb.demo:id/account_login_tv2\E'].
06-16 01:23:46.829 W/QueryController( 6597): Could not detect idle state.
06-16 01:23:46.845 W/QueryController( 6597): Could not detect idle state.
06-16 01:23:46.849 W/QueryController( 6597): Could not detect idle state.
06-16 01:23:46.852 W/QueryController( 6597): Could not detect idle state.
06-16 01:23:46.853 W/QueryController( 6597): Could not detect idle state.
06-16 01:23:46.859 W/QueryController( 6597): Could not detect idle state.
06-16 01:23:46.862 W/QueryController( 6597): Could not detect idle state.
06-16 01:23:46.864 W/QueryController( 6597): Could not detect idle state.
06-16 01:23:46.865 W/QueryController( 6597): Could not detect idle state.
06-16 01:23:46.869 W/QueryController( 6597): Could not detect idle state.
06-16 01:23:46.879 W/QueryController( 6597): Could not detect idle state.
06-16 01:23:46.882 W/QueryController( 6597): Could not detect idle state.
06-16 01:23:46.883 W/QueryController( 6597): Could not detect idle state.
06-16 01:23:46.884 W/QueryController( 6597): Could not detect idle state.
06-16 01:23:46.885 W/QueryController( 6597): Could not detect idle state.
06-16 01:23:46.886 W/QueryController( 6597): Could not detect idle state.
06-16 01:23:46.961 W/InputManager-JNI( 1933): Input channel object 'e3f555f tech.gtt.frontapp.stb.demo/tech.gtt.frontapp.stb.m.home.activity.LoadingActivity (client)' was disposed without first being removed with the input manager!
06-16 01:23:46.963 W/QueryController( 6597): Could not detect idle state.
06-16 01:23:46.965 W/QueryController( 6597): Could not detect idle state.
06-16 01:23:46.981 D/UIAutomatorStub( 6597): URI: /jsonrpc/0, Method: POST, params, {NanoHttpd.QUERY_STRING=null}, files: {postData={"jsonrpc": "2.0", "id": 1, "method": "click", "params": [1390.0, 559.0]}}
06-16 01:23:47.103 I/ActivityTaskManager( 1933): START u0 {cmp=tech.gtt.frontapp.stb.demo/tech.gtt.frontapp.stb.m.account.activity.LoginActivity} from uid 10058
06-16 01:23:47.140 D/UIAutomatorStub( 6597): URI: /jsonrpc/0, Method: POST, params, {NanoHttpd.QUERY_STRING=null}, files: {postData={"jsonrpc": "2.0", "id": 1, "method": "waitForExists", "params": [{"mask": 2097152, "childOrSibling": [], "childOrSiblingSelector": [], "resourceId": "tech.gtt.frontapp.stb.demo:id/loginf_et_username"}, 20000]}}
06-16 01:23:47.143 W/ActivityTaskManager( 1933): Tried to set launchTime (0) < mLastActivityLaunchTime (2591992)
06-16 01:23:47.146 D/UiDevice( 6597): Waiting 20000ms for SearchCondition[hasObject=BySelector [RES='\Qtech.gtt.frontapp.stb.demo:id/loginf_et_username\E']].
06-16 01:23:47.147 D/UiDevice( 6597): Searching for node with selector: BySelector [RES='\Qtech.gtt.frontapp.stb.demo:id/loginf_et_username\E'].
06-16 01:23:47.149 W/QueryController( 6597): Could not detect idle state.
06-16 01:23:47.177 D/AndroidAutoSize( 6652): tech.gtt.frontapp.stb.m.account.activity.LoginActivity used the global configuration.
06-16 01:23:47.178 D/AndroidAutoSize( 6652): The tech.gtt.frontapp.stb.m.account.activity.LoginActivity has been adapted! 
06-16 01:23:47.178 D/AndroidAutoSize( 6652): LoginActivity Info: isBaseOnWidth = true, designWidthInDp = 1920.000000, designWidthInSubunits = 1920.000000, targetDensity = 1.000000, targetScaledDensity = 1.000000, targetDensityDpi = 160, targetXdpi = 1.000000, targetScreenWidthDp = 1920, targetScreenHeightDp = 1032
06-16 01:23:47.290 D/AndroidAutoSize( 6652): tech.gtt.frontapp.stb.m.account.activity.LoginActivity used the global configuration.
06-16 01:23:47.290 D/AndroidAutoSize( 6652): The tech.gtt.frontapp.stb.m.account.activity.LoginActivity has been adapted! 
06-16 01:23:47.290 D/AndroidAutoSize( 6652): LoginActivity Info: isBaseOnWidth = true, designWidthInDp = 1920.000000, designWidthInSubunits = 1920.000000, targetDensity = 1.000000, targetScaledDensity = 1.000000, targetDensityDpi = 160, targetXdpi = 1.000000, targetScreenWidthDp = 1920, targetScreenHeightDp = 1032
06-16 01:23:47.294 W/WindowManager( 1933): Failed looking up window session=Session{4a2b8 6652:u0a10058} callers=com.android.server.wm.WindowManagerService.windowForClientLocked:5850 com.android.server.wm.Session.updateRequestedVisibilities:640 android.view.IWindowSession$Stub.onTransact:1175 
06-16 01:23:47.319 D/gralloc_nox( 1764): gralloc_alloc: Creating ashmem region of size 8298496
06-16 01:23:47.347 D/gralloc_nox( 1764): gralloc_alloc: Creating ashmem region of size 8298496
06-16 01:23:47.364 D/ProcessState( 7062): Binder ioctl to enable oneway spam detection failed: Invalid argument
06-16 01:23:47.369 D/gralloc_nox( 1764): gralloc_alloc: Creating ashmem region of size 8298496
06-16 01:23:47.461 W/ByMatcher( 6597): Node returned null child: android.view.accessibility.AccessibilityNodeInfo@112d4; boundsInParent: Rect(0, 0 - 1920, 1080); boundsInScreen: Rect(0, 0 - 1920, 1080); packageName: tech.gtt.frontapp.stb.demo; className: android.widget.RelativeLayout; text: null; error: null; maxTextLength: -1; stateDescription: null; contentDescription: null; tooltipText: null; viewIdResName: null; checkable: false; checked: false; focusable: false; focused: false; selected: false; clickable: false; longClickable: false; contextClickable: false; enabled: true; password: false; scrollable: false; importantForAccessibility: false; visible: true; actions: [AccessibilityAction: ACTION_SELECT - null, AccessibilityAction: ACTION_CLEAR_SELECTION - null, AccessibilityAction: ACTION_ACCESSIBILITY_FOCUS - null, AccessibilityAction: ACTION_SHOW_ON_SCREEN - null]
06-16 01:23:47.461 W/ByMatcher( 6597): Skipping null child (2 of 3)
06-16 01:23:47.462 W/ByMatcher( 6597): Node returned null child: android.view.accessibility.AccessibilityNodeInfo@80006da8; boundsInParent: Rect(0, 0 - 1920, 1080); boundsInScreen: Rect(0, 0 - 1920, 1080); packageName: tech.gtt.frontapp.stb.demo; className: android.widget.FrameLayout; text: null; error: null; maxTextLength: -1; stateDescription: null; contentDescription: null; tooltipText: null; viewIdResName: null; checkable: false; checked: false; focusable: false; focused: false; selected: false; clickable: false; longClickable: false; contextClickable: false; enabled: true; password: false; scrollable: false; importantForAccessibility: true; visible: true; actions: [AccessibilityAction: ACTION_SELECT - null, AccessibilityAction: ACTION_CLEAR_SELECTION - null, AccessibilityAction: ACTION_ACCESSIBILITY_FOCUS - null, AccessibilityAction: ACTION_SHOW_ON_SCREEN - null]
06-16 01:23:47.462 W/ByMatcher( 6597): Skipping null child (0 of 1)
06-16 01:23:47.470 I/ActivityTaskManager( 1933): Displayed tech.gtt.frontapp.stb.demo/tech.gtt.frontapp.stb.m.account.activity.LoginActivity: +363ms
06-16 01:23:47.565 D/UiDevice( 6597): Searching for node with selector: BySelector [RES='\Qtech.gtt.frontapp.stb.demo:id/loginf_et_username\E'].
06-16 01:23:47.567 W/QueryController( 6597): Could not detect idle state.
06-16 01:23:47.633 D/UIAutomatorStub( 6597): URI: /jsonrpc/0, Method: POST, params, {NanoHttpd.QUERY_STRING=null}, files: {postData={"jsonrpc": "2.0", "id": 1, "method": "objInfo", "params": [{"mask": 2097152, "childOrSibling": [], "childOrSiblingSelector": [], "resourceId": "tech.gtt.frontapp.stb.demo:id/loginf_et_username"}]}}
06-16 01:23:47.635 D/UiDevice( 6597): Retrieving node with selector: BySelector [RES='\Qtech.gtt.frontapp.stb.demo:id/loginf_et_username\E'].
06-16 01:23:47.639 W/QueryController( 6597): Could not detect idle state.
06-16 01:23:47.650 W/QueryController( 6597): Could not detect idle state.
06-16 01:23:47.652 W/QueryController( 6597): Could not detect idle state.
06-16 01:23:47.656 W/QueryController( 6597): Could not detect idle state.
06-16 01:23:47.662 W/QueryController( 6597): Could not detect idle state.
06-16 01:23:47.664 W/QueryController( 6597): Could not detect idle state.
06-16 01:23:47.666 W/QueryController( 6597): Could not detect idle state.
06-16 01:23:47.666 W/QueryController( 6597): Could not detect idle state.
06-16 01:23:47.667 W/QueryController( 6597): Could not detect idle state.
06-16 01:23:47.668 W/QueryController( 6597): Could not detect idle state.
06-16 01:23:47.668 W/QueryController( 6597): Could not detect idle state.
06-16 01:23:47.669 W/QueryController( 6597): Could not detect idle state.
06-16 01:23:47.672 W/QueryController( 6597): Could not detect idle state.
06-16 01:23:47.675 W/QueryController( 6597): Could not detect idle state.
06-16 01:23:47.677 W/QueryController( 6597): Could not detect idle state.
06-16 01:23:47.678 W/QueryController( 6597): Could not detect idle state.
06-16 01:23:47.678 W/QueryController( 6597): Could not detect idle state.
06-16 01:23:47.679 W/QueryController( 6597): Could not detect idle state.
06-16 01:23:47.698 D/UIAutomatorStub( 6597): URI: /jsonrpc/0, Method: POST, params, {NanoHttpd.QUERY_STRING=null}, files: {postData={"jsonrpc": "2.0", "id": 1, "method": "click", "params": [1057.0, 437.0]}}
06-16 01:23:47.754 W/SurfaceFlinger( 1779): couldn't log to binary event log: overflow.
06-16 01:23:47.852 D/CompatibilityChangeReporter( 6652): Compat change id reported: 163400105; UID 10058; state: ENABLED
06-16 01:23:47.853 D/InputMethodManager( 6652): showSoftInput() view=tech.gtt.frontapp.stb.c.ui.edittext.EmailAutoCompleteTextView{1640df VFED..CL. .F.P..ID 0,0-700,92 #7f0b02ce app:id/loginf_et_username aid=1073741824} flags=0 reason=SHOW_SOFT_INPUT
06-16 01:23:47.858 V/InputMethodService( 3091): onEvaluateInputViewShown: config.hardKeyboardHidden = 2
06-16 01:23:47.859 V/InputMethodService( 3091): onEvaluateInputViewShown: config.hardKeyboardHidden = 2
06-16 01:23:47.859 I/AdbKeyboard( 3091): imeAction: 5 Next
06-16 01:23:47.882 D/gralloc_nox( 1764): gralloc_alloc: Creating ashmem region of size 647168
06-16 01:23:47.907 D/gralloc_nox( 1764): gralloc_alloc: Creating ashmem region of size 647168
06-16 01:23:47.909 D/UIAutomatorStub( 6597): URI: /jsonrpc/0, Method: POST, params, {NanoHttpd.QUERY_STRING=null}, files: {postData={"jsonrpc": "2.0", "id": 1, "method": "waitForExists", "params": [{"mask": 2097152, "childOrSibling": [], "childOrSiblingSelector": [], "resourceId": "tech.gtt.frontapp.stb.demo:id/loginf_et_username"}, 20000]}}
06-16 01:23:47.910 D/UiDevice( 6597): Waiting 20000ms for SearchCondition[hasObject=BySelector [RES='\Qtech.gtt.frontapp.stb.demo:id/loginf_et_username\E']].
06-16 01:23:47.910 D/UiDevice( 6597): Searching for node with selector: BySelector [RES='\Qtech.gtt.frontapp.stb.demo:id/loginf_et_username\E'].
06-16 01:23:47.911 D/gralloc_nox( 1764): gralloc_alloc: Creating ashmem region of size 647168
06-16 01:23:47.912 W/QueryController( 6597): Could not detect idle state.
06-16 01:23:47.919 D/InsetsController( 6652): show(ime(), fromIme=true)
06-16 01:23:47.934 D/ProcessState( 7071): Binder ioctl to enable oneway spam detection failed: Invalid argument
06-16 01:23:47.981 D/UIAutomatorStub( 6597): URI: /jsonrpc/0, Method: POST, params, {NanoHttpd.QUERY_STRING=null}, files: {postData={"jsonrpc": "2.0", "id": 1, "method": "setText", "params": [{"mask": 2097152, "childOrSibling": [], "childOrSiblingSelector": [], "resourceId": "tech.gtt.frontapp.stb.demo:id/loginf_et_username"}, "0609@ipwangxin.cn"]}}
06-16 01:23:47.982 D/UiDevice( 6597): Retrieving node with selector: BySelector [RES='\Qtech.gtt.frontapp.stb.demo:id/loginf_et_username\E'].
06-16 01:23:47.982 W/QueryController( 6597): Could not detect idle state.
06-16 01:23:47.989 W/QueryController( 6597): Could not detect idle state.
06-16 01:23:47.993 D/UiObject2( 6597): Clicking on (1057, 437).
06-16 01:23:48.016 D/InputMethodManager( 6652): showSoftInput() view=tech.gtt.frontapp.stb.c.ui.edittext.EmailAutoCompleteTextView{1640df VFED..CL. .F.P.... 0,0-700,92 #7f0b02ce app:id/loginf_et_username aid=1073741824} flags=0 reason=SHOW_SOFT_INPUT
06-16 01:23:48.016 V/InputMethodService( 3091): onEvaluateInputViewShown: config.hardKeyboardHidden = 2
06-16 01:23:48.017 V/InputMethodService( 3091): onEvaluateInputViewShown: config.hardKeyboardHidden = 2
06-16 01:23:48.020 D/InsetsController( 6652): show(ime(), fromIme=true)
06-16 01:23:48.032 W/GestureController( 6597): Gestures took longer than expected (37ms >> 16ms), device might be in a busy state.
06-16 01:23:48.033 D/UiDevice( 6597): Retrieving node with selector: BySelector [RES='\Qtech.gtt.frontapp.stb.demo:id/loginf_et_username\E'].
06-16 01:23:48.033 W/QueryController( 6597): Could not detect idle state.
06-16 01:23:48.049 W/QueryController( 6597): Could not detect idle state.
06-16 01:23:48.050 D/UiObject2( 6597): Setting text to '0609@ipwangxin.cn'.
06-16 01:23:48.066 I/AdbKeyboard( 3091): imeAction: 5 Next
06-16 01:23:48.066 V/InputMethodService( 3091): onEvaluateInputViewShown: config.hardKeyboardHidden = 2
06-16 01:23:48.066 V/InputMethodService( 3091): onEvaluateInputViewShown: config.hardKeyboardHidden = 2
06-16 01:23:48.113 D/InsetsController( 6652): show(ime(), fromIme=true)
06-16 01:23:48.132 D/UIAutomatorStub( 6597): URI: /jsonrpc/0, Method: POST, params, {NanoHttpd.QUERY_STRING=null}, files: {postData={"jsonrpc": "2.0", "id": 1, "method": "waitForExists", "params": [{"mask": 2097152, "childOrSibling": [], "childOrSiblingSelector": [], "resourceId": "tech.gtt.frontapp.stb.demo:id/et_pwd"}, 20000]}}
06-16 01:23:48.133 D/UiDevice( 6597): Waiting 20000ms for SearchCondition[hasObject=BySelector [RES='\Qtech.gtt.frontapp.stb.demo:id/et_pwd\E']].
06-16 01:23:48.133 D/UiDevice( 6597): Searching for node with selector: BySelector [RES='\Qtech.gtt.frontapp.stb.demo:id/et_pwd\E'].
06-16 01:23:48.134 W/QueryController( 6597): Could not detect idle state.
06-16 01:23:48.164 D/UIAutomatorStub( 6597): URI: /jsonrpc/0, Method: POST, params, {NanoHttpd.QUERY_STRING=null}, files: {postData={"jsonrpc": "2.0", "id": 1, "method": "objInfo", "params": [{"mask": 2097152, "childOrSibling": [], "childOrSiblingSelector": [], "resourceId": "tech.gtt.frontapp.stb.demo:id/et_pwd"}]}}
06-16 01:23:48.165 D/UiDevice( 6597): Retrieving node with selector: BySelector [RES='\Qtech.gtt.frontapp.stb.demo:id/et_pwd\E'].
06-16 01:23:48.165 W/QueryController( 6597): Could not detect idle state.
06-16 01:23:48.171 W/QueryController( 6597): Could not detect idle state.
06-16 01:23:48.171 W/NotificationHistory( 1933): Attempted to add notif for locked/gone/disabled user 0
06-16 01:23:48.178 W/QueryController( 6597): Could not detect idle state.
06-16 01:23:48.179 W/QueryController( 6597): Could not detect idle state.
06-16 01:23:48.180 W/QueryController( 6597): Could not detect idle state.
06-16 01:23:48.180 W/QueryController( 6597): Could not detect idle state.
06-16 01:23:48.181 D/InterruptionStateProvider( 2107): No bubble up: not allowed to bubble: -1|android|8|null|1000
06-16 01:23:48.181 W/QueryController( 6597): Could not detect idle state.
06-16 01:23:48.181 D/InterruptionStateProvider( 2107): No heads up: unimportant notification: -1|android|8|null|1000
06-16 01:23:48.182 D/PeopleSpaceWidgetMgr( 2107): Sbn doesn't contain valid PeopleTileKey: null/-1/android
06-16 01:23:48.182 W/QueryController( 6597): Could not detect idle state.
06-16 01:23:48.183 W/QueryController( 6597): Could not detect idle state.
06-16 01:23:48.185 W/QueryController( 6597): Could not detect idle state.
06-16 01:23:48.187 W/QueryController( 6597): Could not detect idle state.
06-16 01:23:48.191 W/QueryController( 6597): Could not detect idle state.
06-16 01:23:48.197 W/QueryController( 6597): Could not detect idle state.
06-16 01:23:48.199 W/QueryController( 6597): Could not detect idle state.
06-16 01:23:48.201 W/QueryController( 6597): Could not detect idle state.
06-16 01:23:48.203 W/QueryController( 6597): Could not detect idle state.
06-16 01:23:48.208 W/QueryController( 6597): Could not detect idle state.
06-16 01:23:48.210 W/QueryController( 6597): Could not detect idle state.
06-16 01:23:48.234 D/UIAutomatorStub( 6597): URI: /jsonrpc/0, Method: POST, params, {NanoHttpd.QUERY_STRING=null}, files: {postData={"jsonrpc": "2.0", "id": 1, "method": "click", "params": [1057.0, 559.0]}}
06-16 01:23:48.259 D/InterruptionStateProvider( 2107): No bubble up: not allowed to bubble: -1|android|8|null|1000
06-16 01:23:48.261 D/InterruptionStateProvider( 2107): No heads up: unimportant notification: -1|android|8|null|1000
06-16 01:23:48.269 D/PeopleSpaceWidgetMgr( 2107): Sbn doesn't contain valid PeopleTileKey: null/-1/android
06-16 01:23:48.290 D/InterruptionStateProvider( 2107): No bubble up: not allowed to bubble: -1|android|8|null|1000
06-16 01:23:48.291 D/InterruptionStateProvider( 2107): No heads up: unimportant notification: -1|android|8|null|1000
06-16 01:23:48.299 D/PeopleSpaceWidgetMgr( 2107): Sbn doesn't contain valid PeopleTileKey: null/-1/android
06-16 01:23:48.344 I/AdbKeyboard( 3091): imeAction: 5 Next
06-16 01:23:48.344 V/InputMethodService( 3091): onEvaluateInputViewShown: config.hardKeyboardHidden = 2
06-16 01:23:48.344 D/InputMethodManager( 6652): showSoftInput() view=tech.gtt.frontapp.stb.c.ui.edittext.NormalFocusEditText{473fe71 VFED..CL. .F.P..ID 0,0-700,92 #7f0b0172 app:id/et_pwd aid=1073741826} flags=0 reason=SHOW_SOFT_INPUT
06-16 01:23:48.344 V/InputMethodService( 3091): onEvaluateInputViewShown: config.hardKeyboardHidden = 2
06-16 01:23:48.345 V/InputMethodService( 3091): onEvaluateInputViewShown: config.hardKeyboardHidden = 2
06-16 01:23:48.345 V/InputMethodService( 3091): onEvaluateInputViewShown: config.hardKeyboardHidden = 2
06-16 01:23:48.362 D/InsetsController( 6652): show(ime(), fromIme=true)
06-16 01:23:48.362 D/InsetsController( 6652): show(ime(), fromIme=true)
06-16 01:23:48.383 D/UIAutomatorStub( 6597): URI: /jsonrpc/0, Method: POST, params, {NanoHttpd.QUERY_STRING=null}, files: {postData={"jsonrpc": "2.0", "id": 1, "method": "waitForExists", "params": [{"mask": 2097152, "childOrSibling": [], "childOrSiblingSelector": [], "resourceId": "tech.gtt.frontapp.stb.demo:id/et_pwd"}, 20000]}}
06-16 01:23:48.383 D/UiDevice( 6597): Waiting 20000ms for SearchCondition[hasObject=BySelector [RES='\Qtech.gtt.frontapp.stb.demo:id/et_pwd\E']].
06-16 01:23:48.384 D/UiDevice( 6597): Searching for node with selector: BySelector [RES='\Qtech.gtt.frontapp.stb.demo:id/et_pwd\E'].
06-16 01:23:48.384 W/QueryController( 6597): Could not detect idle state.
