--------- beginning of main
06-17 19:36:18.713 D/ProcessState( 7633): Binder ioctl to enable oneway spam detection failed: Invalid argument
--------- beginning of system
06-17 19:36:18.715 I/ActivityManager( 1936): Force stopping tech.gtt.frontapp.stb.demo appid=10058 user=0: clear data
06-17 19:36:18.719 I/ActivityManager( 1936): Force stopping tech.gtt.frontapp.stb.demo appid=10058 user=-1: clearApplicationUserData
06-17 19:36:18.742 I/MediaProvider( 2560): Begin Intent { act=android.intent.action.PACKAGE_DATA_CLEARED dat=package:tech.gtt.frontapp.stb.demo flg=0x1000010 cmp=com.android.providers.media.module/com.android.providers.media.MediaService (has extras) }
06-17 19:36:18.742 D/MediaProvider( 2560): Deleted 0 Android/media items belonging to tech.gtt.frontapp.stb.demo on /data/user/0/com.android.providers.media.module/databases/external.db
06-17 19:36:18.742 I/MediaProvider( 2560): End Intent { act=android.intent.action.PACKAGE_DATA_CLEARED dat=package:tech.gtt.frontapp.stb.demo flg=0x1000010 cmp=com.android.providers.media.module/com.android.providers.media.MediaService (has extras) }
06-17 19:36:18.791 D/AndroidRuntime( 7647): >>>>>> START com.android.internal.os.RuntimeInit uid 0 <<<<<<
06-17 19:36:18.793 I/AndroidRuntime( 7647): Using default boot image
06-17 19:36:18.793 I/AndroidRuntime( 7647): Leaving lock profiling enabled
06-17 19:36:18.795 W/app_process( 7647): ART APEX data files are untrusted.
06-17 19:36:18.795 I/app_process( 7647): Core platform API reporting enabled, enforcing=false
06-17 19:36:18.826 D/app_process( 7647): Time zone APEX ICU file found: /apex/com.android.tzdata/etc/icu/icu_tzdata.dat
06-17 19:36:18.826 D/app_process( 7647): I18n APEX ICU file found: /apex/com.android.i18n/etc/icu/icudt68l.dat
06-17 19:36:18.830 W/app_process( 7647): Unexpected CPU variant for X86 using defaults: x86_64
06-17 19:36:18.842 D/ProcessState( 7647): Binder ioctl to enable oneway spam detection failed: Invalid argument
06-17 19:36:18.842 D/AndroidRuntime( 7647): Calling main entry com.android.commands.monkey.Monkey
06-17 19:36:18.843 W/Monkey  ( 7647): args: [-p, tech.gtt.frontapp.stb.demo, -c, android.intent.category.LAUNCHER, 1]
06-17 19:36:18.843 W/Monkey  ( 7647):  arg: "-p"
06-17 19:36:18.843 W/Monkey  ( 7647):  arg: "tech.gtt.frontapp.stb.demo"
06-17 19:36:18.843 W/Monkey  ( 7647):  arg: "-c"
06-17 19:36:18.843 W/Monkey  ( 7647):  arg: "android.intent.category.LAUNCHER"
06-17 19:36:18.843 W/Monkey  ( 7647):  arg: "1"
06-17 19:36:18.843 W/Monkey  ( 7647): data="tech.gtt.frontapp.stb.demo"
06-17 19:36:18.843 W/Monkey  ( 7647): data="android.intent.category.LAUNCHER"
06-17 19:36:18.872 W/BroadcastQueue( 1936): Skipping deliver [background] BroadcastRecord{e166d0a u-1 android.net.conn.CONNECTIVITY_CHANGE} to ReceiverList{481a97b 7647 (unknown name)/0/u-1 remote:2e2d8ac}: process gone or crashing
06-17 19:36:18.878 I/ActivityTaskManager( 1936): START u0 {act=android.intent.action.MAIN cat=[android.intent.category.LAUNCHER] flg=0x10200000 cmp=tech.gtt.frontapp.stb.demo/tech.gtt.frontapp.stb.m.home.activity.SplashActivity} from uid 0
06-17 19:36:18.879 W/ActivityTaskManager( 1936): Can't find TaskDisplayArea to determine support for multi window. Task id=23 attached=false
06-17 19:36:18.886 I/Monkey  ( 7647): Events injected: 1
06-17 19:36:18.895 D/CompatibilityChangeReporter( 1936): Compat change id reported: 135634846; UID 10058; state: DISABLED
06-17 19:36:18.898 I/Monkey  ( 7647): ## Network stats: elapsed time=16ms (0ms mobile, 0ms wifi, 16ms not connected)
06-17 19:36:18.898 D/CompatibilityChangeReporter( 1936): Compat change id reported: 143937733; UID 10058; state: ENABLED
06-17 19:36:18.903 D/gralloc_nox( 1767): gralloc_alloc: Creating ashmem region of size 8298496
06-17 19:36:18.957 D/Zygote  ( 1756): Forked child process 7662
06-17 19:36:18.958 D/gralloc_nox( 1767): gralloc_alloc: Creating ashmem region of size 8298496
06-17 19:36:18.958 I/app_process( 7647): System.exit called, status: 0
06-17 19:36:18.958 I/AndroidRuntime( 7647): VM exiting with result code 0.
06-17 19:36:18.958 W/ActivityManager( 1936): Slow operation: 65ms so far, now at startProcess: returned from zygote!
06-17 19:36:18.958 W/ActivityManager( 1936): Slow operation: 65ms so far, now at startProcess: done updating battery stats
06-17 19:36:18.958 W/ActivityManager( 1936): Slow operation: 65ms so far, now at startProcess: building log message
06-17 19:36:18.958 I/ActivityManager( 1936): Start proc 7662:tech.gtt.frontapp.stb.demo/u0a58 for pre-top-activity {tech.gtt.frontapp.stb.demo/tech.gtt.frontapp.stb.m.home.activity.SplashActivity}
06-17 19:36:18.958 W/ActivityManager( 1936): Slow operation: 65ms so far, now at startProcess: starting to update pids map
06-17 19:36:18.958 W/ActivityManager( 1936): Slow operation: 65ms so far, now at startProcess: done updating pids map
06-17 19:36:18.961 I/Zygote  ( 7662): seccomp disabled by setenforce 0
06-17 19:36:18.974 W/ontapp.stb.dem( 7662): Unexpected CPU variant for X86 using defaults: x86_64
06-17 19:36:18.983 D/ProcessState( 7662): Binder ioctl to enable oneway spam detection failed: Invalid argument
06-17 19:36:18.994 D/gralloc_nox( 1767): gralloc_alloc: Creating ashmem region of size 8298496
06-17 19:36:19.008 E/ashmem  ( 7662): memfd: ro.vndk.version not defined or invalid (), this is mandated since P.
06-17 19:36:19.020 D/CompatibilityChangeReporter( 7662): Compat change id reported: 171979766; UID 10058; state: ENABLED
06-17 19:36:19.054 V/GraphicsEnvironment( 7662): ANGLE Developer option for 'tech.gtt.frontapp.stb.demo' set to: 'default'
06-17 19:36:19.055 V/GraphicsEnvironment( 7662): ANGLE GameManagerService for tech.gtt.frontapp.stb.demo: false
06-17 19:36:19.055 V/GraphicsEnvironment( 7662): Neither updatable production driver nor prerelease driver is supported.
06-17 19:36:19.057 D/NetworkSecurityConfig( 7662): Using Network Security Config from resource network_security_config debugBuild: false
06-17 19:36:19.057 D/NetworkSecurityConfig( 7662): Using Network Security Config from resource network_security_config debugBuild: false
06-17 19:36:19.062 I/MultiDex( 7662): VM with version 2.1.0 has multidex support
06-17 19:36:19.062 I/MultiDex( 7662): Installing application
06-17 19:36:19.062 I/MultiDex( 7662): VM has multidex support, MultiDex support library is disabled.
06-17 19:36:19.062 E/[Package]( 7662): params: AppConfiguration(vnoId='11026504', brandId='d0k7d3p3kdikth2o3q6g', appId='d0jucrbq6bt4h33c0ma0', sourceId='30006401-31002837', authServers='https://gtt-app-apigateway-lion.vdemosit.com', shareKey='S2kQMgUSugYyMlk5QclHDaF0uDsFnB0oJoFeAFgsKb8=', packageName='tech.gtt.frontapp.stb.demo', appName='Goose TV', appVersionName='v1.0.0', appVersionCode='7', pluginVersionCode='1', pluginVersionName='6.0.0-beta-build5', packageSeq='1', buglyAppId='d76a04165f', buglyKey='13b89b2d-1c12-4c4f-93b8-46e3c2ef9f73', baseVersionCode='20000066', gitTag='2.1.4-beta6', supportLang='en,pt,es', defaultLang='en', bootLoadType='1')
06-17 19:36:19.062 W/System.err( 7662): java.lang.ClassNotFoundException: tech.gtt.frontapp.stb.docker.plugin.PluginUtils
06-17 19:36:19.062 W/System.err( 7662): 	at java.lang.Class.classForName(Native Method)
06-17 19:36:19.062 W/System.err( 7662): 	at java.lang.Class.forName(Class.java:454)
06-17 19:36:19.062 W/System.err( 7662): 	at java.lang.Class.forName(Class.java:379)
06-17 19:36:19.062 W/System.err( 7662): 	at ot.e.b(SourceFile:3)
06-17 19:36:19.062 W/System.err( 7662): 	at tech.gtt.frontapp.stb.app.MainApplication.attachBaseContext(SourceFile:130)
06-17 19:36:19.062 W/System.err( 7662): 	at android.app.Application.attach(Application.java:338)
06-17 19:36:19.062 W/System.err( 7662): 	at android.app.Instrumentation.newApplication(Instrumentation.java:1190)
06-17 19:36:19.062 W/System.err( 7662): 	at android.app.LoadedApk.makeApplication(LoadedApk.java:1361)
06-17 19:36:19.062 W/System.err( 7662): 	at android.app.ActivityThread.handleBindApplication(ActivityThread.java:6728)
06-17 19:36:19.062 W/System.err( 7662): 	at android.app.ActivityThread.access$1500(ActivityThread.java:256)
06-17 19:36:19.062 W/System.err( 7662): 	at android.app.ActivityThread$H.handleMessage(ActivityThread.java:2091)
06-17 19:36:19.062 W/System.err( 7662): 	at android.os.Handler.dispatchMessage(Handler.java:106)
06-17 19:36:19.062 W/System.err( 7662): 	at android.os.Looper.loopOnce(Looper.java:201)
06-17 19:36:19.062 W/System.err( 7662): 	at android.os.Looper.loop(Looper.java:288)
06-17 19:36:19.062 W/System.err( 7662): 	at android.app.ActivityThread.main(ActivityThread.java:7875)
06-17 19:36:19.062 W/System.err( 7662): 	at java.lang.reflect.Method.invoke(Native Method)
06-17 19:36:19.062 W/System.err( 7662): 	at com.android.internal.os.RuntimeInit$MethodAndArgsCaller.run(RuntimeInit.java:568)
06-17 19:36:19.062 W/System.err( 7662): 	at com.android.internal.os.ZygoteInit.main(ZygoteInit.java:1005)
06-17 19:36:19.062 W/System.err( 7662): Caused by: java.lang.ClassNotFoundException: tech.gtt.frontapp.stb.docker.plugin.PluginUtils
06-17 19:36:19.062 W/System.err( 7662): 	... 18 more
06-17 19:36:19.062 E/[Package]( 7662): isInPluginMode: false
06-17 19:36:19.064 I/CustomActivityOnCrash( 7662): CustomActivityOnCrash has been installed.
06-17 19:36:19.065 I/System.out( 7662): Modular_Init : a - initialize
06-17 19:36:19.066 I/System.out( 7662): Modular_Init : d - initialize
06-17 19:36:19.067 I/System.out( 7662): Modular_Init : a - initialize
06-17 19:36:19.068 I/System.out( 7662): Modular_Init : a - initialize
06-17 19:36:19.068 D/[CatchupInitModule]( 7662): init---
06-17 19:36:19.068 I/System.out( 7662): Modular_Init : a - initialize
06-17 19:36:19.068 D/[ReplayInitialize]( 7662): init---
06-17 19:36:19.068 I/System.out( 7662): Modular_Init : a - initialize
06-17 19:36:19.068 D/[LiveInitialize]( 7662): init---
06-17 19:36:19.068 I/System.out( 7662): Modular_Init : b - initialize
06-17 19:36:19.069 D/AndroidAutoSize( 7662): designWidthInDp = 1920, designHeightInDp = 1080, screenWidth = 1920, screenHeight = 1080
06-17 19:36:19.069 D/AndroidAutoSize( 7662): initDensity = 2.0, initScaledDensity = 2.0
06-17 19:36:19.143 D/AndroidAutoSize( 7662): tech.gtt.frontapp.stb.m.home.activity.SplashActivity used the global configuration.
06-17 19:36:19.151 D/AndroidAutoSize( 7662): The tech.gtt.frontapp.stb.m.home.activity.SplashActivity has been adapted! 
06-17 19:36:19.151 D/AndroidAutoSize( 7662): SplashActivity Info: isBaseOnWidth = true, designWidthInDp = 1920.000000, designWidthInSubunits = 1920.000000, targetDensity = 1.000000, targetScaledDensity = 1.000000, targetDensityDpi = 160, targetXdpi = 1.000000, targetScreenWidthDp = 1920, targetScreenHeightDp = 1032
06-17 19:36:19.200 D/AndroidAutoSize( 7662): tech.gtt.frontapp.stb.m.home.activity.SplashActivity used the global configuration.
06-17 19:36:19.201 D/AndroidAutoSize( 7662): The tech.gtt.frontapp.stb.m.home.activity.SplashActivity has been adapted! 
06-17 19:36:19.201 D/AndroidAutoSize( 7662): SplashActivity Info: isBaseOnWidth = true, designWidthInDp = 1920.000000, designWidthInSubunits = 1920.000000, targetDensity = 1.000000, targetScaledDensity = 1.000000, targetDensityDpi = 160, targetXdpi = 1.000000, targetScreenWidthDp = 1920, targetScreenHeightDp = 1032
06-17 19:36:19.205 I/ActivityTaskManager( 1936): START u0 {act=android.content.pm.action.REQUEST_PERMISSIONS pkg=com.android.permissioncontroller cmp=com.android.permissioncontroller/.permission.ui.GrantPermissionsActivity (has extras)} from uid 10058
06-17 19:36:19.230 D/ontapp.stb.dem( 7662): createUnique: call
06-17 19:36:19.230 D/ontapp.stb.dem( 7662): HostComposition ext GL_OES_EGL_image GL_OES_EGL_image_external GL_OES_depth24 GL_OES_depth32 GL_OES_element_index_uint GL_OES_texture_float GL_OES_texture_float_linear GL_OES_compressed_paletted_texture GL_OES_compressed_ETC1_RGB8_texture GL_OES_depth_texture GL_EXT_texture_format_BGRA8888 GL_APPLE_texture_format_BGRA8888 GL_OES_texture_half_float GL_EXT_robustness GL_OES_texture_half_float_linear GL_OES_packed_depth_stencil GL_OES_vertex_half_float GL_OES_texture_npot GL_OES_rgb8_rgba8 GL_EXT_color_buffer_float GL_EXT_texture_sRGB_decode ANDROID_gles_max_version_3_1 GL_OES_vertex_array_object GL_EXT_texture_buffer GL_EXT_copy_image GL_KHR_texture_compression_astc_ldr GL_KHR_texture_compression_astc_hdr GL_OES_texture_compression_astc GL_OES_EGL_image_external
06-17 19:36:19.231 D/hw-ProcessState( 7662): Binder ioctl to enable oneway spam detection failed: Invalid argument
06-17 19:36:19.232 W/OpenGLRenderer( 7662): Failed to initialize 101010-2 format, error = EGL_SUCCESS
06-17 19:36:19.232 D/EGL_emulation( 7662): rcCreateContext wated version 2.0  rc:4
06-17 19:36:19.248 D/EGL_emulation( 7662): eglMakeCurrent: 0x74841c0317f0: ver 3 2 (tinfo 0x74839c04cdb0) (first time)
06-17 19:36:19.252 D/ProcessState( 7697): Binder ioctl to enable oneway spam detection failed: Invalid argument
06-17 19:36:19.253 E/HWComposer( 1779): getSupportedContentTypes: getSupportedContentTypes failed for display 0: Unsupported (8)
06-17 19:36:19.254 I/hwservicemanager( 1567): getTransport: Cannot find entry android.hardware.graphics.mapper@4.0::IMapper/default in either framework or device VINTF manifest.
06-17 19:36:19.254 I/Gralloc4( 7662): mapper 4.x is not supported
06-17 19:36:19.254 I/hwservicemanager( 1567): getTransport: Cannot find entry android.hardware.graphics.mapper@3.0::IMapper/default in either framework or device VINTF manifest.
06-17 19:36:19.254 W/Gralloc3( 7662): mapper 3.x is not supported
06-17 19:36:19.255 I/hwservicemanager( 1567): getTransport: Cannot find entry android.hardware.graphics.allocator@4.0::IAllocator/default in either framework or device VINTF manifest.
06-17 19:36:19.255 W/Gralloc4( 7662): allocator 4.x is not supported
06-17 19:36:19.255 I/hwservicemanager( 1567): getTransport: Cannot find entry android.hardware.graphics.allocator@3.0::IAllocator/default in either framework or device VINTF manifest.
06-17 19:36:19.255 W/Gralloc3( 7662): allocator 3.x is not supported
06-17 19:36:19.256 D/gralloc_nox( 1767): gralloc_alloc: Creating ashmem region of size 8298496
06-17 19:36:19.283 D/ontapp.stb.dem( 7662): createUnique: call
06-17 19:36:19.284 D/ontapp.stb.dem( 7662): HostComposition ext GL_OES_EGL_image GL_OES_EGL_image_external GL_OES_depth24 GL_OES_depth32 GL_OES_element_index_uint GL_OES_texture_float GL_OES_texture_float_linear GL_OES_compressed_paletted_texture GL_OES_compressed_ETC1_RGB8_texture GL_OES_depth_texture GL_EXT_texture_format_BGRA8888 GL_APPLE_texture_format_BGRA8888 GL_OES_texture_half_float GL_EXT_robustness GL_OES_texture_half_float_linear GL_OES_packed_depth_stencil GL_OES_vertex_half_float GL_OES_texture_npot GL_OES_rgb8_rgba8 GL_EXT_color_buffer_float GL_EXT_texture_sRGB_decode ANDROID_gles_max_version_3_1 GL_OES_vertex_array_object GL_EXT_texture_buffer GL_EXT_copy_image GL_KHR_texture_compression_astc_ldr GL_KHR_texture_compression_astc_hdr GL_OES_texture_compression_astc GL_OES_EGL_image_external
06-17 19:36:19.285 D/gralloc_nox( 1767): gralloc_alloc: Creating ashmem region of size 8298496
06-17 19:36:19.341 D/gralloc_nox( 1767): gralloc_alloc: Creating ashmem region of size 8298496
06-17 19:36:19.389 E/libEGL  ( 7662): called unimplemented OpenGL ES API
06-17 19:36:19.438 W/ActivityTaskManager( 1936): Tried to set launchTime (0) < mLastActivityLaunchTime (2985510)
06-17 19:36:19.524 I/ActivityTaskManager( 1936): Displayed com.android.permissioncontroller/.permission.ui.GrantPermissionsActivity: +641ms
06-17 19:36:19.551 D/ProcessState( 7708): Binder ioctl to enable oneway spam detection failed: Invalid argument
06-17 19:36:19.592 D/gralloc_nox( 1767): gralloc_alloc: Creating ashmem region of size 5496832
06-17 19:36:19.647 W/InputManager-JNI( 1936): Input channel object 'b89c22d Splash Screen tech.gtt.frontapp.stb.demo (client)' was disposed without first being removed with the input manager!
06-17 19:36:19.678 D/gralloc_nox( 1767): gralloc_alloc: Creating ashmem region of size 5496832
06-17 19:36:19.783 D/gralloc_nox( 1767): gralloc_alloc: Creating ashmem region of size 5496832
06-17 19:36:21.889 E/TaskPersister( 1936): File error accessing recents directory (directory doesn't exist?).
06-17 19:36:22.000 D/UIAutomatorStub( 7607): URI: /jsonrpc/0, Method: POST, params, {NanoHttpd.QUERY_STRING=null}, files: {postData={"jsonrpc": "2.0", "id": 1, "method": "count", "params": [{"mask": 2097152, "childOrSibling": [], "childOrSiblingSelector": [], "resourceId": "com.android.permissioncontroller:id/permission_allow_button"}]}}
06-17 19:36:22.007 D/UiObject( 7607): Waiting 0ms for UiSelector[RESOURCE_ID=com.android.permissioncontroller:id/permission_allow_button].
06-17 19:36:22.008 W/QueryController( 7607): Could not detect idle state.
06-17 19:36:22.017 I/QueryController( 7607): Matched selector: UiSelector[RESOURCE_ID=com.android.permissioncontroller:id/permission_allow_button] <<==>> [android.view.accessibility.AccessibilityNodeInfo@1227c; boundsInParent: Rect(0, 0 - 992, 112); boundsInScreen: Rect(464, 557 - 1456, 669); packageName: com.android.permissioncontroller; className: android.widget.Button; text: 允许; error: null; maxTextLength: -1; stateDescription: null; contentDescription: null; tooltipText: null; viewIdResName: com.android.permissioncontroller:id/permission_allow_button; checkable: false; checked: false; focusable: true; focused: false; selected: false; clickable: true; longClickable: false; contextClickable: false; enabled: true; password: false; scrollable: false; importantForAccessibility: true; visible: true; actions: [AccessibilityAction: ACTION_FOCUS - null, AccessibilityAction: ACTION_SELECT - null, AccessibilityAction: ACTION_CLEAR_SELECTION - null, AccessibilityAction: ACTION_CLICK - null, AccessibilityAction: ACTION_ACCESSIBILITY_FOCUS - null, AccessibilityAction: ACTION_NEXT_AT_MOVEMENT_GRANULARITY - null, AccessibilityAction: ACTION_PREVIOUS_AT_MOVEMENT_GRANULARITY - null, AccessibilityAction: ACTION_SET_SELECTION - null, AccessibilityAction: ACTION_SHOW_ON_SCREEN - null]]
06-17 19:36:22.017 D/UiObject( 7607): Waiting 0ms for UiSelector[INSTANCE=1, RESOURCE_ID=com.android.permissioncontroller:id/permission_allow_button].
06-17 19:36:22.018 W/QueryController( 7607): Could not detect idle state.
06-17 19:36:22.051 D/UIAutomatorStub( 7607): URI: /jsonrpc/0, Method: POST, params, {NanoHttpd.QUERY_STRING=null}, files: {postData={"jsonrpc": "2.0", "id": 1, "method": "waitForExists", "params": [{"mask": 2097152, "childOrSibling": [], "childOrSiblingSelector": [], "resourceId": "com.android.permissioncontroller:id/permission_allow_button"}, 20000]}}
06-17 19:36:22.052 D/UiDevice( 7607): Waiting 20000ms for SearchCondition[hasObject=BySelector [RES='\Qcom.android.permissioncontroller:id/permission_allow_button\E']].
06-17 19:36:22.053 D/UiDevice( 7607): Searching for node with selector: BySelector [RES='\Qcom.android.permissioncontroller:id/permission_allow_button\E'].
06-17 19:36:22.053 W/QueryController( 7607): Could not detect idle state.
06-17 19:36:22.101 D/UIAutomatorStub( 7607): URI: /jsonrpc/0, Method: POST, params, {NanoHttpd.QUERY_STRING=null}, files: {postData={"jsonrpc": "2.0", "id": 1, "method": "objInfo", "params": [{"mask": 2097152, "childOrSibling": [], "childOrSiblingSelector": [], "resourceId": "com.android.permissioncontroller:id/permission_allow_button"}]}}
06-17 19:36:22.103 D/UiDevice( 7607): Retrieving node with selector: BySelector [RES='\Qcom.android.permissioncontroller:id/permission_allow_button\E'].
06-17 19:36:22.104 W/QueryController( 7607): Could not detect idle state.
06-17 19:36:22.115 W/QueryController( 7607): Could not detect idle state.
06-17 19:36:22.118 W/QueryController( 7607): Could not detect idle state.
06-17 19:36:22.119 W/QueryController( 7607): Could not detect idle state.
06-17 19:36:22.120 W/QueryController( 7607): Could not detect idle state.
06-17 19:36:22.121 W/QueryController( 7607): Could not detect idle state.
06-17 19:36:22.122 W/QueryController( 7607): Could not detect idle state.
06-17 19:36:22.123 W/QueryController( 7607): Could not detect idle state.
06-17 19:36:22.124 W/QueryController( 7607): Could not detect idle state.
06-17 19:36:22.125 W/QueryController( 7607): Could not detect idle state.
06-17 19:36:22.126 W/QueryController( 7607): Could not detect idle state.
06-17 19:36:22.131 W/QueryController( 7607): Could not detect idle state.
06-17 19:36:22.133 W/QueryController( 7607): Could not detect idle state.
06-17 19:36:22.135 W/QueryController( 7607): Could not detect idle state.
06-17 19:36:22.136 W/QueryController( 7607): Could not detect idle state.
06-17 19:36:22.137 W/QueryController( 7607): Could not detect idle state.
06-17 19:36:22.138 W/QueryController( 7607): Could not detect idle state.
06-17 19:36:22.139 W/QueryController( 7607): Could not detect idle state.
06-17 19:36:22.175 D/UIAutomatorStub( 7607): URI: /jsonrpc/0, Method: POST, params, {NanoHttpd.QUERY_STRING=null}, files: {postData={"jsonrpc": "2.0", "id": 1, "method": "click", "params": [960.0, 613.0]}}
06-17 19:36:22.197 V/DisplayPowerController[0]( 1936): Brightness [0.39763778] reason changing to: 'manual', previous reason: 'manual [ dim ]'.
06-17 19:36:22.208 E/DisplayDeviceConfig( 1936): requesting nits when no mapping exists.
06-17 19:36:22.208 E/DisplayDeviceConfig( 1936): requesting nits when no mapping exists.
06-17 19:36:22.209 I/DropBoxManagerService( 1936): add tag=system_server_wtf isTagEnabled=true flags=0x2
06-17 19:36:22.209 E/LightsService( 1936): Light requested not available on this device. 0
06-17 19:36:22.211 I/DropBoxManagerService( 1936): add tag=system_server_wtf isTagEnabled=true flags=0x2
06-17 19:36:22.224 E/DisplayDeviceConfig( 1936): requesting nits when no mapping exists.
06-17 19:36:22.225 E/DisplayDeviceConfig( 1936): requesting nits when no mapping exists.
06-17 19:36:22.225 I/DropBoxManagerService( 1936): add tag=system_server_wtf isTagEnabled=true flags=0x2
06-17 19:36:22.226 E/LightsService( 1936): Light requested not available on this device. 0
06-17 19:36:22.226 I/DropBoxManagerService( 1936): add tag=system_server_wtf isTagEnabled=true flags=0x2
06-17 19:36:22.246 E/DisplayDeviceConfig( 1936): requesting nits when no mapping exists.
06-17 19:36:22.247 E/DisplayDeviceConfig( 1936): requesting nits when no mapping exists.
06-17 19:36:22.247 E/LightsService( 1936): Light requested not available on this device. 0
06-17 19:36:22.247 I/DropBoxManagerService( 1936): add tag=system_server_wtf isTagEnabled=true flags=0x2
06-17 19:36:22.259 E/DisplayDeviceConfig( 1936): requesting nits when no mapping exists.
06-17 19:36:22.259 E/DisplayDeviceConfig( 1936): requesting nits when no mapping exists.
06-17 19:36:22.261 E/LightsService( 1936): Light requested not available on this device. 0
06-17 19:36:22.278 E/DisplayDeviceConfig( 1936): requesting nits when no mapping exists.
06-17 19:36:22.279 E/DisplayDeviceConfig( 1936): requesting nits when no mapping exists.
06-17 19:36:22.281 E/LightsService( 1936): Light requested not available on this device. 0
06-17 19:36:22.298 E/DisplayDeviceConfig( 1936): requesting nits when no mapping exists.
06-17 19:36:22.299 E/DisplayDeviceConfig( 1936): requesting nits when no mapping exists.
06-17 19:36:22.302 E/LightsService( 1936): Light requested not available on this device. 0
06-17 19:36:22.309 E/DisplayDeviceConfig( 1936): requesting nits when no mapping exists.
06-17 19:36:22.309 E/DisplayDeviceConfig( 1936): requesting nits when no mapping exists.
06-17 19:36:22.311 E/LightsService( 1936): Light requested not available on this device. 0
06-17 19:36:22.328 E/DisplayDeviceConfig( 1936): requesting nits when no mapping exists.
06-17 19:36:22.328 E/DisplayDeviceConfig( 1936): requesting nits when no mapping exists.
06-17 19:36:22.331 E/LightsService( 1936): Light requested not available on this device. 0
06-17 19:36:22.341 E/DisplayDeviceConfig( 1936): requesting nits when no mapping exists.
06-17 19:36:22.342 E/DisplayDeviceConfig( 1936): requesting nits when no mapping exists.
06-17 19:36:22.344 E/LightsService( 1936): Light requested not available on this device. 0
06-17 19:36:22.359 E/DisplayDeviceConfig( 1936): requesting nits when no mapping exists.
06-17 19:36:22.360 E/DisplayDeviceConfig( 1936): requesting nits when no mapping exists.
06-17 19:36:22.364 E/LightsService( 1936): Light requested not available on this device. 0
06-17 19:36:22.376 E/DisplayDeviceConfig( 1936): requesting nits when no mapping exists.
06-17 19:36:22.377 E/DisplayDeviceConfig( 1936): requesting nits when no mapping exists.
06-17 19:36:22.382 E/LightsService( 1936): Light requested not available on this device. 0
06-17 19:36:22.391 E/DisplayDeviceConfig( 1936): requesting nits when no mapping exists.
06-17 19:36:22.391 E/DisplayDeviceConfig( 1936): requesting nits when no mapping exists.
06-17 19:36:22.392 E/LightsService( 1936): Light requested not available on this device. 0
06-17 19:36:22.408 E/DisplayDeviceConfig( 1936): requesting nits when no mapping exists.
06-17 19:36:22.409 E/DisplayDeviceConfig( 1936): requesting nits when no mapping exists.
06-17 19:36:22.412 E/LightsService( 1936): Light requested not available on this device. 0
06-17 19:36:22.426 E/DisplayDeviceConfig( 1936): requesting nits when no mapping exists.
06-17 19:36:22.427 E/DisplayDeviceConfig( 1936): requesting nits when no mapping exists.
06-17 19:36:22.428 E/LightsService( 1936): Light requested not available on this device. 0
06-17 19:36:22.436 V/GrantPermissionsViewModel( 6919): Logged buttons presented and clicked permissionGroupName=android.permission-group.STORAGE uid=10058 selectedLocations=0 package=tech.gtt.frontapp.stb.demo presentedButtons=9 clickedButton=1 sessionId=-918520249530788793 targetSdk=35
06-17 19:36:22.439 I/MediaProvider( 2560): Invalidating LocalCallingIdentity cache for package tech.gtt.frontapp.stb.demo. Reason: op android:read_external_storage
06-17 19:36:22.439 V/GrantPermissionsViewModel( 6919): Permission grant result requestId=-918520249530788793 callingUid=10058 callingPackage=tech.gtt.frontapp.stb.demo permission=android.permission.READ_EXTERNAL_STORAGE isImplicit=false result=4
06-17 19:36:22.441 D/gralloc_nox( 1767): gralloc_alloc: Creating ashmem region of size 8298496
06-17 19:36:22.442 E/DisplayDeviceConfig( 1936): requesting nits when no mapping exists.
06-17 19:36:22.443 E/DisplayDeviceConfig( 1936): requesting nits when no mapping exists.
06-17 19:36:22.446 E/LightsService( 1936): Light requested not available on this device. 0
06-17 19:36:22.459 E/DisplayDeviceConfig( 1936): requesting nits when no mapping exists.
06-17 19:36:22.460 E/DisplayDeviceConfig( 1936): requesting nits when no mapping exists.
06-17 19:36:22.462 E/LightsService( 1936): Light requested not available on this device. 0
06-17 19:36:22.480 E/android.hardware.audio.service( 1759): pcm_open called create stream faild
06-17 19:36:22.481 D/AudioFlinger( 1776): mixer(0x7e14b2cf8a60) throttle end: throttle time(41)
06-17 19:36:22.624 D/CompatibilityChangeReporter( 7662): Compat change id reported: 78294732; UID 10058; state: ENABLED
06-17 19:36:22.625 I/b       ( 7662): freeSpace : 116666MB
06-17 19:36:22.702 D/ProcessState( 7722): Binder ioctl to enable oneway spam detection failed: Invalid argument
06-17 19:36:22.746 D/ConnectivityService( 1936): NetReassign [no changes]
06-17 19:36:22.756 V/GSK     ( 7662): StorageServiceImpl initialization() executed in 0 ms.
06-17 19:36:22.756 V/GSK     ( 7662): SecurityServiceImpl initialization() executed in 0 ms.
06-17 19:36:22.849 W/System.err( 7662): SLF4J(W): No SLF4J providers were found.
06-17 19:36:22.849 W/System.err( 7662): SLF4J(W): Defaulting to no-operation (NOP) logger implementation
06-17 19:36:22.849 W/System.err( 7662): SLF4J(W): See https://www.slf4j.org/codes.html#noProviders for further details.
06-17 19:36:22.898 W/InputManager-JNI( 1936): Input channel object '1a72241 com.android.permissioncontroller/com.android.permissioncontroller.permission.ui.GrantPermissionsActivity (client)' was disposed without first being removed with the input manager!
06-17 19:36:22.902 W/System.err( 7662): kotlinx.serialization.json.internal.JsonDecodingException: Expected start of the object '{', but had 'EOF' instead at path: $
06-17 19:36:22.902 W/System.err( 7662): JSON input: 
06-17 19:36:22.902 W/System.err( 7662): 	at kotlinx.serialization.json.internal.JsonExceptionsKt.JsonDecodingException(SourceFile:1)
06-17 19:36:22.902 W/System.err( 7662): 	at kotlinx.serialization.json.internal.JsonExceptionsKt.JsonDecodingException(SourceFile:2)
06-17 19:36:22.902 W/System.err( 7662): 	at kotlinx.serialization.json.internal.AbstractJsonLexer.fail(SourceFile:52)
06-17 19:36:22.902 W/System.err( 7662): 	at kotlinx.serialization.json.internal.AbstractJsonLexer.fail$default(SourceFile:15)
06-17 19:36:22.902 W/System.err( 7662): 	at kotlinx.serialization.json.internal.AbstractJsonLexer.unexpectedToken(SourceFile:103)
06-17 19:36:22.902 W/System.err( 7662): 	at kotlinx.serialization.json.internal.StringJsonLexer.consumeNextToken(SourceFile:16)
06-17 19:36:22.902 W/System.err( 7662): 	at kotlinx.serialization.json.internal.StreamingJsonDecoder.beginStructure(SourceFile:23)
06-17 19:36:22.902 W/System.err( 7662): 	at tech.gtt.frontapp.servicesdk.common.service.utility.apis.e2ee.E2eeConfigResponse$$serializer.deserialize(SourceFile:2)
06-17 19:36:22.902 W/System.err( 7662): 	at tech.gtt.frontapp.servicesdk.common.service.utility.apis.e2ee.E2eeConfigResponse$$serializer.deserialize(SourceFile:1)
06-17 19:36:22.902 W/System.err( 7662): 	at kotlinx.serialization.json.internal.StreamingJsonDecoder.decodeSerializableValue(SourceFile:320)
06-17 19:36:22.902 W/System.err( 7662): 	at kotlinx.serialization.json.Json.decodeFromString(SourceFile:3)
06-17 19:36:22.902 W/System.err( 7662): 	at tech.gtt.frontapp.servicesdk.common.service.utility.apis.e2ee.E2eeManager.syncE2eeConfig(SourceFile:74)
06-17 19:36:22.902 W/System.err( 7662): 	at tech.gtt.frontapp.servicesdk.common.service.utility.apis.ApiUtilServiceImpl.onServiceInit(SourceFile:228)
06-17 19:36:22.902 W/System.err( 7662): 	at tech.gtt.frontapp.servicesdk.common.core.ServiceSDKImpl.executeServiceInitialize(SourceFile:372)
06-17 19:36:22.902 W/System.err( 7662): 	at tech.gtt.frontapp.servicesdk.common.core.ServiceSDKImpl.access$executeServiceInitialize(SourceFile:1)
06-17 19:36:22.902 W/System.err( 7662): 	at tech.gtt.frontapp.servicesdk.common.core.ServiceSDKImpl$init$1.invokeSuspend(SourceFile:178)
06-17 19:36:22.902 W/System.err( 7662): 	at tech.gtt.frontapp.servicesdk.common.core.ServiceSDKImpl$init$1.invoke(SourceFile:2)
06-17 19:36:22.902 W/System.err( 7662): 	at tech.gtt.frontapp.servicesdk.common.core.ServiceSDKImpl$init$1.invoke(SourceFile:1)
06-17 19:36:22.902 W/System.err( 7662): 	at kotlinx.coroutines.flow.SafeFlow.collectSafely(SourceFile:3)
06-17 19:36:22.902 W/System.err( 7662): 	at kotlinx.coroutines.flow.AbstractFlow.collect(SourceFile:70)
06-17 19:36:22.902 W/System.err( 7662): 	at tech.gtt.frontapp.servicesdk.common.core.SDKSetup$build$1.invokeSuspend(SourceFile:42)
06-17 19:36:22.902 W/System.err( 7662): 	at tech.gtt.frontapp.servicesdk.common.core.SDKSetup$build$1.invoke(SourceFile:2)
06-17 19:36:22.902 W/System.err( 7662): 	at tech.gtt.frontapp.servicesdk.common.core.SDKSetup$build$1.invoke(SourceFile:1)
06-17 19:36:22.902 W/System.err( 7662): 	at tech.gtt.frontapp.servicesdk.common.core.Scheduler$scheduleDirect$1.invokeSuspend(SourceFile:61)
06-17 19:36:22.902 W/System.err( 7662): 	at lh.a.resumeWith(SourceFile:14)
06-17 19:36:22.902 W/System.err( 7662): 	at kotlinx.coroutines.DispatchedTask.run(SourceFile:123)
06-17 19:36:22.902 W/System.err( 7662): 	at kotlinx.coroutines.internal.LimitedDispatcher$Worker.run(SourceFile:4)
06-17 19:36:22.902 W/System.err( 7662): 	at kotlinx.coroutines.scheduling.TaskImpl.run(SourceFile:3)
06-17 19:36:22.902 W/System.err( 7662): 	at kotlinx.coroutines.scheduling.CoroutineScheduler.runSafely(SourceFile:1)
06-17 19:36:22.902 W/System.err( 7662): 	at kotlinx.coroutines.scheduling.CoroutineScheduler$Worker.executeTask(SourceFile:34)
06-17 19:36:22.902 W/System.err( 7662): 	at kotlinx.coroutines.scheduling.CoroutineScheduler$Worker.runWorker(SourceFile:29)
06-17 19:36:22.902 W/System.err( 7662): 	at kotlinx.coroutines.scheduling.CoroutineScheduler$Worker.run(SourceFile:1)
06-17 19:36:22.908 W/SurfaceFlinger( 1779): couldn't log to binary event log: overflow.
06-17 19:36:22.913 W/System.err( 7662): java.io.FileNotFoundException: sys/class/sunxi_info/sys_info: open failed: ENOENT (No such file or directory)
06-17 19:36:22.914 W/System.err( 7662): 	at libcore.io.IoBridge.open(IoBridge.java:575)
06-17 19:36:22.914 W/System.err( 7662): 	at java.io.FileInputStream.<init>(FileInputStream.java:160)
06-17 19:36:22.914 W/System.err( 7662): 	at java.io.FileInputStream.<init>(FileInputStream.java:115)
06-17 19:36:22.914 W/System.err( 7662): 	at ip.b.b(SourceFile:5)
06-17 19:36:22.914 W/System.err( 7662): 	at ip.b.a(SourceFile:155)
06-17 19:36:22.914 W/System.err( 7662): 	at ip.a.invoke(SourceFile:589)
06-17 19:36:22.914 W/System.err( 7662): 	at dh.v.getValue(SourceFile:21)
06-17 19:36:22.914 W/System.err( 7662): 	at tech.gtt.frontapp.servicesdk.common.network.interceptor.params.ApiDeviceParams.handleFixedParams(SourceFile:52)
06-17 19:36:22.914 W/System.err( 7662): 	at tech.gtt.frontapp.servicesdk.common.service.utility.apis.IParamsGetter.toMaps(SourceFile:87)
06-17 19:36:22.914 W/System.err( 7662): 	at tech.gtt.frontapp.servicesdk.common.network.interceptor.DefaultParamsInterceptor.onRequest(SourceFile:127)
06-17 19:36:22.914 W/System.err( 7662): 	at tech.gtt.frontapp.servicesdk.common.network.interceptor.SDKInterceptorsPluginKt$setupRequestInterception$1.invokeSuspend(SourceFile:103)
06-17 19:36:22.914 W/System.err( 7662): 	at tech.gtt.frontapp.servicesdk.common.network.interceptor.SDKInterceptorsPluginKt$setupRequestInterception$1.invoke(SourceFile:1)
06-17 19:36:22.914 W/System.err( 7662): 	at tech.gtt.frontapp.servicesdk.common.network.interceptor.SDKInterceptorsPluginKt$setupRequestInterception$1.invoke(SourceFile:2)
06-17 19:36:22.914 W/System.err( 7662): 	at io.ktor.util.pipeline.DebugPipelineContext.proceedLoop(SourceFile:86)
06-17 19:36:22.914 W/System.err( 7662): 	at io.ktor.util.pipeline.DebugPipelineContext.proceed(SourceFile:26)
06-17 19:36:22.914 W/System.err( 7662): 	at io.ktor.client.plugins.RequestError$install$1.invokeSuspend(SourceFile:47)
06-17 19:36:22.914 W/System.err( 7662): 	at io.ktor.client.plugins.RequestError$install$1.invoke(SourceFile:1)
06-17 19:36:22.914 W/System.err( 7662): 	at io.ktor.client.plugins.RequestError$install$1.invoke(SourceFile:2)
06-17 19:36:22.914 W/System.err( 7662): 	at io.ktor.util.pipeline.DebugPipelineContext.proceedLoop(SourceFile:86)
06-17 19:36:22.914 W/System.err( 7662): 	at io.ktor.util.pipeline.DebugPipelineContext.proceed(SourceFile:26)
06-17 19:36:22.914 W/System.err( 7662): 	at io.ktor.client.plugins.SetupRequestContext$install$1.invokeSuspend$proceed(SourceFile:1)
06-17 19:36:22.914 W/System.err( 7662): 	at io.ktor.client.plugins.SetupRequestContext$install$1.access$invokeSuspend$proceed(SourceFile:1)
06-17 19:36:22.914 W/System.err( 7662): 	at io.ktor.client.plugins.SetupRequestContext$install$1$1.invoke(SourceFile:2)
06-17 19:36:22.914 W/System.err( 7662): 	at io.ktor.client.plugins.SetupRequestContext$install$1$1.invoke(SourceFile:1)
06-17 19:36:22.914 W/System.err( 7662): 	at io.ktor.client.plugins.HttpRequestLifecycleKt$HttpRequestLifecycle$1$1.invokeSuspend(SourceFile:78)
06-17 19:36:22.914 W/System.err( 7662): 	at io.ktor.client.plugins.HttpRequestLifecycleKt$HttpRequestLifecycle$1$1.invoke(SourceFile:1)
06-17 19:36:22.914 W/System.err( 7662): 	at io.ktor.client.plugins.HttpRequestLifecycleKt$HttpRequestLifecycle$1$1.invoke(SourceFile:2)
06-17 19:36:22.914 W/System.err( 7662): 	at io.ktor.client.plugins.SetupRequestContext$install$1.invokeSuspend(SourceFile:42)
06-17 19:36:22.914 W/System.err( 7662): 	at io.ktor.client.plugins.SetupRequestContext$install$1.invoke(SourceFile:1)
06-17 19:36:22.914 W/System.err( 7662): 	at io.ktor.client.plugins.SetupRequestContext$install$1.invoke(SourceFile:2)
06-17 19:36:22.914 W/System.err( 7662): 	at io.ktor.util.pipeline.DebugPipelineContext.proceedLoop(SourceFile:86)
06-17 19:36:22.914 W/System.err( 7662): 	at io.ktor.util.pipeline.DebugPipelineContext.proceed(SourceFile:26)
06-17 19:36:22.914 W/System.err( 7662): 	at io.ktor.util.pipeline.DebugPipelineContext.execute$ktor_utils(SourceFile:7)
06-17 19:36:22.914 W/System.err( 7662): 	at io.ktor.util.pipeline.Pipeline.execute(SourceFile:9)
06-17 19:36:22.914 W/System.err( 7662): 	at io.ktor.client.HttpClient.execute$ktor_client_core(SourceFile:68)
06-17 19:36:22.914 W/System.err( 7662): 	at io.ktor.client.statement.HttpStatement.fetchResponse(SourceFile:90)
06-17 19:36:22.914 W/System.err( 7662): 	at io.ktor.client.statement.HttpStatement.execute(SourceFile:9)
06-17 19:36:22.914 W/System.err( 7662): 	at de.jensklingenberg.ktorfit.internal.KtorfitConverterHelper.suspendRequest(SourceFile:127)
06-17 19:36:22.914 W/System.err( 7662): 	at de.jensklingenberg.ktorfit.internal.KtorfitConverterHelper$request$1$1.invokeSuspend(SourceFile:58)
06-17 19:36:22.914 W/System.err( 7662): 	at de.jensklingenberg.ktorfit.internal.KtorfitConverterHelper$request$1$1.invoke(SourceFile:2)
06-17 19:36:22.914 W/System.err( 7662): 	at de.jensklingenberg.ktorfit.internal.KtorfitConverterHelper$request$1$1.invoke(SourceFile:1)
06-17 19:36:22.914 W/System.err( 7662): 	at de.jensklingenberg.ktorfit.converter.FlowConverterFactory$responseConverter$1$convert$1.invokeSuspend(SourceFile:84)
06-17 19:36:22.914 W/System.err( 7662): 	at de.jensklingenberg.ktorfit.converter.FlowConverterFactory$responseConverter$1$convert$1.invoke(SourceFile:2)
06-17 19:36:22.914 W/System.err( 7662): 	at de.jensklingenberg.ktorfit.converter.FlowConverterFactory$responseConverter$1$convert$1.invoke(SourceFile:1)
06-17 19:36:22.914 W/System.err( 7662): 	at kotlinx.coroutines.flow.SafeFlow.collectSafely(SourceFile:3)
06-17 19:36:22.914 W/System.err( 7662): 	at kotlinx.coroutines.flow.AbstractFlow.collect(SourceFile:70)
06-17 19:36:22.914 W/System.err( 7662): 	at kotlinx.coroutines.flow.FlowKt__MergeKt$flatMapConcat$$inlined$map$1.collect(SourceFile:10)
06-17 19:36:22.914 W/System.err( 7662): 	at kotlinx.coroutines.flow.FlowKt__MergeKt$flattenConcat$$inlined$unsafeFlow$1.collect(SourceFile:8)
06-17 19:36:22.914 W/System.err( 7662): 	at kotlinx.coroutines.flow.FlowKt__CollectKt.collect(SourceFile:1)
06-17 19:36:22.914 W/System.err( 7662): 	at kotlinx.coroutines.flow.FlowKt.collect(SourceFile:1)
06-17 19:36:22.914 W/System.err( 7662): 	at tech.gtt.frontapp.servicesdk.common.service.utility.apis.ApiUtilServiceImpl.onServiceInit(SourceFile:240)
06-17 19:36:22.914 W/System.err( 7662): 	at tech.gtt.frontapp.servicesdk.common.core.ServiceSDKImpl.executeServiceInitialize(SourceFile:372)
06-17 19:36:22.914 W/System.err( 7662): 	at tech.gtt.frontapp.servicesdk.common.core.ServiceSDKImpl.access$executeServiceInitialize(SourceFile:1)
06-17 19:36:22.914 W/System.err( 7662): 	at tech.gtt.frontapp.servicesdk.common.core.ServiceSDKImpl$init$1.invokeSuspend(SourceFile:178)
06-17 19:36:22.914 W/System.err( 7662): 	at tech.gtt.frontapp.servicesdk.common.core.ServiceSDKImpl$init$1.invoke(SourceFile:2)
06-17 19:36:22.914 W/System.err( 7662): 	at tech.gtt.frontapp.servicesdk.common.core.ServiceSDKImpl$init$1.invoke(SourceFile:1)
06-17 19:36:22.914 W/System.err( 7662): 	at kotlinx.coroutines.flow.SafeFlow.collectSafely(SourceFile:3)
06-17 19:36:22.914 W/System.err( 7662): 	at kotlinx.coroutines.flow.AbstractFlow.collect(SourceFile:70)
06-17 19:36:22.914 W/System.err( 7662): 	at tech.gtt.frontapp.servicesdk.common.core.SDKSetup$build$1.invokeSuspend(SourceFile:42)
06-17 19:36:22.914 W/System.err( 7662): 	at tech.gtt.frontapp.servicesdk.common.core.SDKSetup$build$1.invoke(SourceFile:2)
06-17 19:36:22.914 W/System.err( 7662): 	at tech.gtt.frontapp.servicesdk.common.core.SDKSetup$build$1.invoke(SourceFile:1)
06-17 19:36:22.914 W/System.err( 7662): 	at tech.gtt.frontapp.servicesdk.common.core.Scheduler$scheduleDirect$1.invokeSuspend(SourceFile:61)
06-17 19:36:22.914 W/System.err( 7662): 	at lh.a.resumeWith(SourceFile:14)
06-17 19:36:22.914 W/System.err( 7662): 	at kotlinx.coroutines.DispatchedTask.run(SourceFile:123)
06-17 19:36:22.914 W/System.err( 7662): 	at kotlinx.coroutines.internal.LimitedDispatcher$Worker.run(SourceFile:4)
06-17 19:36:22.914 W/System.err( 7662): 	at kotlinx.coroutines.scheduling.TaskImpl.run(SourceFile:3)
06-17 19:36:22.914 W/System.err( 7662): 	at kotlinx.coroutines.scheduling.CoroutineScheduler.runSafely(SourceFile:1)
06-17 19:36:22.914 W/System.err( 7662): 	at kotlinx.coroutines.scheduling.CoroutineScheduler$Worker.executeTask(SourceFile:34)
06-17 19:36:22.914 W/System.err( 7662): 	at kotlinx.coroutines.scheduling.CoroutineScheduler$Worker.runWorker(SourceFile:29)
06-17 19:36:22.914 W/System.err( 7662): 	at kotlinx.coroutines.scheduling.CoroutineScheduler$Worker.run(SourceFile:1)
06-17 19:36:22.915 W/System.err( 7662): Caused by: android.system.ErrnoException: open failed: ENOENT (No such file or directory)
06-17 19:36:22.915 W/System.err( 7662): 	at libcore.io.Linux.open(Native Method)
06-17 19:36:22.915 W/System.err( 7662): 	at libcore.io.ForwardingOs.open(ForwardingOs.java:567)
06-17 19:36:22.915 W/System.err( 7662): 	at libcore.io.BlockGuardOs.open(BlockGuardOs.java:273)
06-17 19:36:22.915 W/System.err( 7662): 	at libcore.io.ForwardingOs.open(ForwardingOs.java:567)
06-17 19:36:22.915 W/System.err( 7662): 	at android.app.ActivityThread$AndroidOs.open(ActivityThread.java:7761)
06-17 19:36:22.915 W/System.err( 7662): 	at libcore.io.IoBridge.open(IoBridge.java:561)
06-17 19:36:22.915 W/System.err( 7662): 	... 69 more
06-17 19:36:22.919 W/System.err( 7662): java.io.FileNotFoundException: sys/class/sunxi_info/sys_info: open failed: ENOENT (No such file or directory)
06-17 19:36:22.919 W/System.err( 7662): 	at libcore.io.IoBridge.open(IoBridge.java:575)
06-17 19:36:22.919 W/System.err( 7662): 	at java.io.FileInputStream.<init>(FileInputStream.java:160)
06-17 19:36:22.919 W/System.err( 7662): 	at java.io.FileInputStream.<init>(FileInputStream.java:115)
06-17 19:36:22.919 W/System.err( 7662): 	at ip.b.b(SourceFile:5)
06-17 19:36:22.919 W/System.err( 7662): 	at ip.b.a(SourceFile:155)
06-17 19:36:22.919 W/System.err( 7662): 	at ip.a.invoke(SourceFile:127)
06-17 19:36:22.919 W/System.err( 7662): 	at dh.v.getValue(SourceFile:21)
06-17 19:36:22.919 W/System.err( 7662): 	at tech.gtt.frontapp.servicesdk.common.network.interceptor.params.ApiDeviceParams.handleFixedParams(SourceFile:65)
06-17 19:36:22.919 W/System.err( 7662): 	at tech.gtt.frontapp.servicesdk.common.service.utility.apis.IParamsGetter.toMaps(SourceFile:87)
06-17 19:36:22.919 W/System.err( 7662): 	at tech.gtt.frontapp.servicesdk.common.network.interceptor.DefaultParamsInterceptor.onRequest(SourceFile:127)
06-17 19:36:22.919 W/System.err( 7662): 	at tech.gtt.frontapp.servicesdk.common.network.interceptor.SDKInterceptorsPluginKt$setupRequestInterception$1.invokeSuspend(SourceFile:103)
06-17 19:36:22.919 W/System.err( 7662): 	at tech.gtt.frontapp.servicesdk.common.network.interceptor.SDKInterceptorsPluginKt$setupRequestInterception$1.invoke(SourceFile:1)
06-17 19:36:22.919 W/System.err( 7662): 	at tech.gtt.frontapp.servicesdk.common.network.interceptor.SDKInterceptorsPluginKt$setupRequestInterception$1.invoke(SourceFile:2)
06-17 19:36:22.919 W/System.err( 7662): 	at io.ktor.util.pipeline.DebugPipelineContext.proceedLoop(SourceFile:86)
06-17 19:36:22.919 W/System.err( 7662): 	at io.ktor.util.pipeline.DebugPipelineContext.proceed(SourceFile:26)
06-17 19:36:22.919 W/System.err( 7662): 	at io.ktor.client.plugins.RequestError$install$1.invokeSuspend(SourceFile:47)
06-17 19:36:22.919 W/System.err( 7662): 	at io.ktor.client.plugins.RequestError$install$1.invoke(SourceFile:1)
06-17 19:36:22.919 W/System.err( 7662): 	at io.ktor.client.plugins.RequestError$install$1.invoke(SourceFile:2)
06-17 19:36:22.919 W/System.err( 7662): 	at io.ktor.util.pipeline.DebugPipelineContext.proceedLoop(SourceFile:86)
06-17 19:36:22.919 W/System.err( 7662): 	at io.ktor.util.pipeline.DebugPipelineContext.proceed(SourceFile:26)
06-17 19:36:22.919 W/System.err( 7662): 	at io.ktor.client.plugins.SetupRequestContext$install$1.invokeSuspend$proceed(SourceFile:1)
06-17 19:36:22.919 W/System.err( 7662): 	at io.ktor.client.plugins.SetupRequestContext$install$1.access$invokeSuspend$proceed(SourceFile:1)
06-17 19:36:22.919 W/System.err( 7662): 	at io.ktor.client.plugins.SetupRequestContext$install$1$1.invoke(SourceFile:2)
06-17 19:36:22.919 W/System.err( 7662): 	at io.ktor.client.plugins.SetupRequestContext$install$1$1.invoke(SourceFile:1)
06-17 19:36:22.919 W/System.err( 7662): 	at io.ktor.client.plugins.HttpRequestLifecycleKt$HttpRequestLifecycle$1$1.invokeSuspend(SourceFile:78)
06-17 19:36:22.919 W/System.err( 7662): 	at io.ktor.client.plugins.HttpRequestLifecycleKt$HttpRequestLifecycle$1$1.invoke(SourceFile:1)
06-17 19:36:22.919 W/System.err( 7662): 	at io.ktor.client.plugins.HttpRequestLifecycleKt$HttpRequestLifecycle$1$1.invoke(SourceFile:2)
06-17 19:36:22.919 W/System.err( 7662): 	at io.ktor.client.plugins.SetupRequestContext$install$1.invokeSuspend(SourceFile:42)
06-17 19:36:22.919 W/System.err( 7662): 	at io.ktor.client.plugins.SetupRequestContext$install$1.invoke(SourceFile:1)
06-17 19:36:22.919 W/System.err( 7662): 	at io.ktor.client.plugins.SetupRequestContext$install$1.invoke(SourceFile:2)
06-17 19:36:22.919 W/System.err( 7662): 	at io.ktor.util.pipeline.DebugPipelineContext.proceedLoop(SourceFile:86)
06-17 19:36:22.919 W/System.err( 7662): 	at io.ktor.util.pipeline.DebugPipelineContext.proceed(SourceFile:26)
06-17 19:36:22.919 W/System.err( 7662): 	at io.ktor.util.pipeline.DebugPipelineContext.execute$ktor_utils(SourceFile:7)
06-17 19:36:22.919 W/System.err( 7662): 	at io.ktor.util.pipeline.Pipeline.execute(SourceFile:9)
06-17 19:36:22.919 W/System.err( 7662): 	at io.ktor.client.HttpClient.execute$ktor_client_core(SourceFile:68)
06-17 19:36:22.919 W/System.err( 7662): 	at io.ktor.client.statement.HttpStatement.fetchResponse(SourceFile:90)
06-17 19:36:22.919 W/System.err( 7662): 	at io.ktor.client.statement.HttpStatement.execute(SourceFile:9)
06-17 19:36:22.919 W/System.err( 7662): 	at de.jensklingenberg.ktorfit.internal.KtorfitConverterHelper.suspendRequest(SourceFile:127)
06-17 19:36:22.919 W/System.err( 7662): 	at de.jensklingenberg.ktorfit.internal.KtorfitConverterHelper$request$1$1.invokeSuspend(SourceFile:58)
06-17 19:36:22.919 W/System.err( 7662): 	at de.jensklingenberg.ktorfit.internal.KtorfitConverterHelper$request$1$1.invoke(SourceFile:2)
06-17 19:36:22.919 W/System.err( 7662): 	at de.jensklingenberg.ktorfit.internal.KtorfitConverterHelper$request$1$1.invoke(SourceFile:1)
06-17 19:36:22.919 W/System.err( 7662): 	at de.jensklingenberg.ktorfit.converter.FlowConverterFactory$responseConverter$1$convert$1.invokeSuspend(SourceFile:84)
06-17 19:36:22.919 W/System.err( 7662): 	at de.jensklingenberg.ktorfit.converter.FlowConverterFactory$responseConverter$1$convert$1.invoke(SourceFile:2)
06-17 19:36:22.919 W/System.err( 7662): 	at de.jensklingenberg.ktorfit.converter.FlowConverterFactory$responseConverter$1$convert$1.invoke(SourceFile:1)
06-17 19:36:22.919 W/System.err( 7662): 	at kotlinx.coroutines.flow.SafeFlow.collectSafely(SourceFile:3)
06-17 19:36:22.919 W/System.err( 7662): 	at kotlinx.coroutines.flow.AbstractFlow.collect(SourceFile:70)
06-17 19:36:22.919 W/System.err( 7662): 	at kotlinx.coroutines.flow.FlowKt__MergeKt$flatMapConcat$$inlined$map$1.collect(SourceFile:10)
06-17 19:36:22.919 W/System.err( 7662): 	at kotlinx.coroutines.flow.FlowKt__MergeKt$flattenConcat$$inlined$unsafeFlow$1.collect(SourceFile:8)
06-17 19:36:22.919 W/System.err( 7662): 	at kotlinx.coroutines.flow.FlowKt__CollectKt.collect(SourceFile:1)
06-17 19:36:22.919 W/System.err( 7662): 	at kotlinx.coroutines.flow.FlowKt.collect(SourceFile:1)
06-17 19:36:22.919 W/System.err( 7662): 	at tech.gtt.frontapp.servicesdk.common.service.utility.apis.ApiUtilServiceImpl.onServiceInit(SourceFile:240)
06-17 19:36:22.919 W/System.err( 7662): 	at tech.gtt.frontapp.servicesdk.common.core.ServiceSDKImpl.executeServiceInitialize(SourceFile:372)
06-17 19:36:22.919 W/System.err( 7662): 	at tech.gtt.frontapp.servicesdk.common.core.ServiceSDKImpl.access$executeServiceInitialize(SourceFile:1)
06-17 19:36:22.919 W/System.err( 7662): 	at tech.gtt.frontapp.servicesdk.common.core.ServiceSDKImpl$init$1.invokeSuspend(SourceFile:178)
06-17 19:36:22.919 W/System.err( 7662): 	at tech.gtt.frontapp.servicesdk.common.core.ServiceSDKImpl$init$1.invoke(SourceFile:2)
06-17 19:36:22.919 W/System.err( 7662): 	at tech.gtt.frontapp.servicesdk.common.core.ServiceSDKImpl$init$1.invoke(SourceFile:1)
06-17 19:36:22.919 W/System.err( 7662): 	at kotlinx.coroutines.flow.SafeFlow.collectSafely(SourceFile:3)
06-17 19:36:22.919 W/System.err( 7662): 	at kotlinx.coroutines.flow.AbstractFlow.collect(SourceFile:70)
06-17 19:36:22.919 W/System.err( 7662): 	at tech.gtt.frontapp.servicesdk.common.core.SDKSetup$build$1.invokeSuspend(SourceFile:42)
06-17 19:36:22.919 W/System.err( 7662): 	at tech.gtt.frontapp.servicesdk.common.core.SDKSetup$build$1.invoke(SourceFile:2)
06-17 19:36:22.919 W/System.err( 7662): 	at tech.gtt.frontapp.servicesdk.common.core.SDKSetup$build$1.invoke(SourceFile:1)
06-17 19:36:22.919 W/System.err( 7662): 	at tech.gtt.frontapp.servicesdk.common.core.Scheduler$scheduleDirect$1.invokeSuspend(SourceFile:61)
06-17 19:36:22.919 W/System.err( 7662): 	at lh.a.resumeWith(SourceFile:14)
06-17 19:36:22.919 W/System.err( 7662): 	at kotlinx.coroutines.DispatchedTask.run(SourceFile:123)
