06-17 19:36:24.889 V/GSK-APIS( 7662): rQqun2rV6T8yrAe9uOSiTFYmeEQMg+6ZIZyzOTU3pqDD+3RWPbUG4YIsM+LTV07VRUQscc2jKxo/S9Fy8/6+YoR3usChzNOeHkqJMwxA9ePERXBMNu74fSOwn3MF1KzsdetbWbA4q/P4OqAg20vUBvzI4L1OqrQcKOrI03408rmy06RDihDCgOJEzii3GtJwulwx/T/XMUZV5wf+t2LbRGH37JxhwxR1MmuZYdtOYiQs3P68+mcaPsH/1jXDvsQN0V+kInIkYkfqJNuvR6z87HQxIDe/KNflK/52UjhFZZHrY+pUL62GDc0TNgO3FKD+fAxeSRp2VrsFsgq0Db7HRbTZB0M0Qw7FjdEgdOuDF2NuvmouKCIoHvptNa7SRyV8puDz5aUCoY+0m2wjkJAKa4Pn2/jnbBeX5QpG4H91cm+pomeqk9ldpNKdoj43V8GqoT0dS1LMLhJZEX8EP6hwd7vknWDkv+DHKFZ1IL6/jhN9VQW9qMDmGiCwb5eZqCaP5/LJSqgVQpcK6ozMKo6+DDA8QyFRxzCOpBDMK5m/JT+aY7gtV3cIHRT/0CxxrhUZ8LaIR6t5mTRCT9goEIEY7x9s9UNyYUOk3zjflBlmVHpyTofvhU38eWf805TwLBJGi9W/NguFC7pT/hABI0+6QkCDHZjR2Sgh3pxVAGBYjwiBSBNeeLXm9Q7yyhfFHjllu3fh29OTPg/pLsVmN4ooqmbPm6AHXuBwfMdUW98+Zw4opftNttgrITPGKjxsdoAqHYacHkl9sYCFh9wHPZJFJNW38FMX+mnYBZnfjTEP5Cgy+EBqu8KcBvSsoqpAKahoD/CBPSdSnDT45/t9thAHSfx9AwnFzLIZBDvw+IMSle2q0xXr5pKUsk2jvWngR514p0B2unn2KQdnfcTI/x3AqRc2FcDk+HcXJAq2Nbge0nWZhJiDQMGjTYf1cPnhujnQbmMZnoXvoGOGnKX+ICQS9l+QU24k/6AZf+I20qrMgmCxtrTOuP2S0GjJdSBXiYAY2656F7pa4pt/mAPjdIvtbt/zU/kQycPbu0BNxT756bPzZ7SVX+mLEvS9GBRduVeB0yGnYGoAlzGdl1mNLNdcL25zcJOtOxJ4albA/+jGRadRoeX1EMLprDybhYXUsbrhejBx+SxZI/NK7eDbyWvZpYotR2acJKpG5ELUd5wHfINFz94JPMxHLSn69BAloCU2yTb8LJjUPwfIh2zPQywCi5nLMDLzQ0blV+WVTuNGoPet5mycFhdcUnoNuUi+oeekefzBqsgErVgU88ejAVAZVRYgEOWqmq2c8vc8+Th4Ctnhm94419ryGuqomrBcxaDlaMJ1KTiZHw0+PKQJRRdplqyZx2nPMxSt4i5TJ1UTW01iSI8Q3OV8vcad7HfejcYA4s4PUvGMxMezYpX1T+u7/nIzq9oqAQ+et1vqVhshOFzVHTXBmh3joflKQD3PVtG4J26Yyx5ZTSvFERQmChUJzwJFGGxHVdwpdEcCmxaVLXLI3wbgtpHfVgq66b5XDZLyp1yumOgIaAaPDogmE8IXxpyc9Vt4HDWd4nD65fnRkLHFRe+KEHhgCLafvHXp3RX0grryNyyF1y6N0TIDp7GA+tbtr2Bxo678PBAa8YRtqWUjgMG8klKMSx6iBdrafm5AttLNnbG5m+P4jPbkt5ZqIK3vmOyAS49ReyoeoLEHebX9Kw5P0c5gvEBF/JccfYPEX9QhDIs4cid5N6+7qhiC6SRtq+WHtRqs7ssBDM+fc9l2XDMAaynGaY2asssNM5o+mlOo1rgIGSvZTrphNVJbXAJkfscQfJ5kLRJYPeabe7t3G9f3Eh4O5PzK7LBCpZew52JaL6bzS+SmtqC8VHB4HpgvFs92TvGODLWbX+BEjOSAudWhrEVBflDdXrirAntp0IHX9wd00kcVtAUD/7wu96Dh3CQtGLm9N7u4SVrm2qnN+glZvwdMtwQuApgFz81JoCkzejLr++avsO/GPknYwRWmtiRTEszfIokDItA/0UvHmw/uJpT12shFe6HHrBOVrTowH07yj4l8yL5q2JEjygYbpjnAf0E9TR258jk5xJHFzTaZABq4rcyVf1BWOnsCrXdj/h8sHGtaVBvTqp7m1aX1bo3DIEDmOg8J7vq5SKvIz22ZPOv7/POEnVCtXJ8Nf2pDwoRajsx4traoLgPuoo7e/9OSzYyX8weY8a+XMJqLT3JQxGqgI/KXqw8JtH9f2mmaaosCpBXgabTFF25hDvOlFr0e2fcTwsd9M69vlq2HZA1/nsNk+p9KDIREJG1fJOQLA7PazUtPQ5w2IZMnPUgBa1ONoVOafxj16YAMRERQzYunzFdfSYIv38ej5RGm4ccVudc8QE6qg+4PWHGFkz6zT44S+f2VOm0K/07023+4R4Kb9CtarYv4J6RgsQsG5oYU+ZwvgTWk0r0JZsHeId7pdsKrjNZpFvfhAhZ5ZPlA4YiqosKLJAlEHeRG3J/uqVZp5+eNty1j/uJ/WO7VwcBTVdmkDwv/Qx3Ou9cAKF+avPLmW/dHCkix6IlXm0XpQiC/C22j/Q8rwtCG26uppFpo+fETDfIuqb8Rws66+nVkbDyhDJS+tiyHlDt93cQ0f/t3KuEXxfUiLDsCU5mm5vCcYDUuxTqs6kBhox2T/tJo/P5Y8V4fgP5luRp6RE2gNxB6Y7gcQ3g5sX1nYxj7sQb1YFJbmGE8KxVk+PwdfRKLqCVzwFQ5Tpw6J041FrAIxFrrUy//aTNv5YNC0Ign70L/DFWYjxXCDrZ0hByCPZ5C2VPd9AHbzfRDS3IvkCCL2Xsg8vZe5QbF/TanRNGMYApTOGnZP5aAM+lzfvT/1T5/oK2IEQmwUjNORah2ySUrm9ccUbw0PopAxAEJ8oyWD1ICnhDQaHed6TYMD9DBeWXlSdh6kLAteeR1ai+cv40LnE0n8LX4NfoaUYL94YpXK7sdpavky2CB062oX/WsjNKxHIzchfuLk8km3r6SxliokaBdGb+iR27HkrOTFGkIhMHwLrrXmobE2zfDHoOEJrMzVfjN9pGvcDB9TL5QyniUk9CAwk0Fe9kIrkb+ESK/pdwJdalvI86wBFHSLwybuQlZYl23yxC7pE7LcFFbUsHqYYZpJstdAea2POIxvTyMFcxu/yrELk8Zsj1WY7YZLfXctXfWDa2hEXPErfYPyTgxyvh5f2KTOn7JdKLqaq8YrepTePf1L/1sWrsBVYTu4haobADqlr2R5Bu6qzri/ocdvP1cwSdv+cYgjjhbcFLVlukfXjPF98dt7F1ppzlW6KEJiLXpmsQ1K24K4tRBpQ8ZTIMVT/3oEncfYqy+HWzYz3GV3mUv+X4Lu0HYuW3jEgStG5H8SfUJ7iiCWUJhO+O6wEk2UW0SAROm+hFAPx3D50uTzRU1u2De320FKl5PEhlQ6QLb71vgzxdYQNE8wk5bapbVH9tj3kOtoFgd7uG+0VW+YifAck8k4/3ljMXhO/sa/dzhS8VXcX0zUWt1H+iARESdpGRBoF9czGWhfzjTBgty01bnMC38uX+UKX+cS2Izi8PRfFg6jvz2KLnAuMPN12k9UMYyrXUjr8aQVamVS5k3a2KpkkhbG8gMmN1O8W3oxXv5Qvgzkb3Hua6vBC743ml05hf5qmjjrwHSRVmFRZwVqWKBtYu3Z511RnHzgheVkE/kGSv9dCPRY4Rd8V6dXE1RSIrCQRkOA2Zvitbo+Ib/ETFnulbVl/PYw1M0u46IxVndJcnIu6e2RSq++Mu3X7CRrz1D6kk4rNGt48T7o0thShq8e8cmY/87XMFEdGD/3zOrTdBOY3DXwUrVianfpvlIfTZ7NFZO0fqt4D+1CyGTNSd22gL9u3woR4nDzAHoOJAslLjEA3OLEYKIKB6p2akfl4M4xB9Q7FDrRNsRSLjCnVoHQ2fPLkQ01ag0fRHB5U/gkzGRoOs7jw+Ho/1SK11s9Q09fFG185jH/Qrb1oMI09KCc/cysezxDjcTC915dhh6gJc+s4Kfba
06-17 19:36:24.889 V/GSK-APIS( 7662): 0JqnFkfk4xEJXZHYILSzurUhNq+TCtkIhZxvJS3jD9P+osz6dduogopJ2hVazGiq3/C2KpD0MKytgn+V6KtrWLRHarAYgFUmvHFgtbNQeMqmpVMe8287OIN3x+UlK6AGfwgMvb2xf7/bqDE4fsAnOoXBt0rd8MqrwJ9n02MSk6qQiGRZTaKSaHrToUW3XTICdUIcdIu1olSzyaST+EtlPovE0IzKssVusOtW+xbpjpswkU+hauSjl0wLb/mu2l7QIJ0BxtBOntm1fxv4cy6p118jsRkg6nLGeM8C5C200uEvqoHtrMjMtqufot6MWjJ2ZB3iwFF+EY9Lpk3frkK/7nb4itrPzJgHDFfcD9H/OmRLt2PUOidR9e0Vau6McaLLLA=
06-17 19:36:24.889 V/GSK-APIS( 7662): 	prot:	ACM30
06-17 19:36:24.889 V/GSK-APIS( 7662): 	signature:	a6a92352de311a8e1102464b14a2d11986b92375
06-17 19:36:24.889 V/GSK-APIS( 7662): }
06-17 19:36:24.889 V/GSK-APIS( 7662): request to: https://gtt-app-apigateway-lion.vdemosit.com/api/enduser/messagecenter/message/query/v1
06-17 19:36:24.938 V/GSK-Account:AccountManager( 7662): isLoggedIn=false
06-17 19:36:24.938 D/AndroidAutoSize( 7662): tech.gtt.frontapp.stb.m.home.activity.LoadingActivity used the global configuration.
06-17 19:36:24.939 D/AndroidAutoSize( 7662): The tech.gtt.frontapp.stb.m.home.activity.LoadingActivity has been adapted! 
06-17 19:36:24.939 D/AndroidAutoSize( 7662): LoadingActivity Info: isBaseOnWidth = true, designWidthInDp = 1920.000000, designWidthInSubunits = 1920.000000, targetDensity = 1.000000, targetScaledDensity = 1.000000, targetDensityDpi = 160, targetXdpi = 1.000000, targetScreenWidthDp = 1920, targetScreenHeightDp = 1032
06-17 19:36:24.945 W/WindowManager( 1936): Failed looking up window session=Session{467fdf8 7662:u0a10058} callers=com.android.server.wm.WindowManagerService.windowForClientLocked:5850 com.android.server.wm.Session.updateRequestedVisibilities:640 android.view.IWindowSession$Stub.onTransact:1175 
06-17 19:36:24.950 V/GSK-Upgrade:ComponentUpdater( 7662): init
06-17 19:36:24.950 V/GSK-Upgrade:ComponentUpdater( 7662): loadLocalDex
06-17 19:36:24.950 V/GSK-Upgrade:ComponentUpdater( 7662): local dex is empty
06-17 19:36:24.950 V/GSK-Upgrade:ComponentUpdater( 7662): local dex is empty
06-17 19:36:24.950 V/GSK-Upgrade:ComponentUpdater( 7662): local dex is empty
06-17 19:36:24.950 V/GSK-Upgrade:ComponentUpdater( 7662): local dex is empty
06-17 19:36:24.950 V/GSK-Upgrade:ComponentUpdater( 7662): local dex is empty
06-17 19:36:24.950 V/GSK-Upgrade:ComponentUpdater( 7662): local dex is empty
06-17 19:36:25.006 D/gralloc_nox( 1767): gralloc_alloc: Creating ashmem region of size 8298496
06-17 19:36:25.028 D/ProcessState( 7761): Binder ioctl to enable oneway spam detection failed: Invalid argument
06-17 19:36:25.079 D/gralloc_nox( 1767): gralloc_alloc: Creating ashmem region of size 8298496
06-17 19:36:25.118 D/gralloc_nox( 1767): gralloc_alloc: Creating ashmem region of size 8298496
06-17 19:36:25.176 D/ProfileInstaller( 7662): Installing profile for tech.gtt.frontapp.stb.demo
06-17 19:36:25.184 I/ActivityTaskManager( 1936): Displayed tech.gtt.frontapp.stb.demo/tech.gtt.frontapp.stb.m.home.activity.LoadingActivity: +331ms
06-17 19:36:25.190 D/CompatibilityChangeReporter( 7662): Compat change id reported: 171228096; UID 10058; state: ENABLED
06-17 19:36:25.200 W/DataBinding( 7662): Setting the fragment as the LifecycleOwner might cause memory leaks because views lives shorter than the Fragment. Consider using Fragment's view lifecycle
06-17 19:36:25.218 I/MediaFocusControl( 1936): requestAudioFocus() from uid/pid 10058/7662 AA=USAGE_MEDIA/CONTENT_TYPE_MOVIE clientId=android.media.AudioManager@895c791 callingPack=tech.gtt.frontapp.stb.demo req=1 flags=0x0 sdk=35
06-17 19:36:25.218 I/AudioService.FadeOutManager( 1936): unfadeOutUid() uid:10058
06-17 19:36:25.223 W/MediaProvider( 2560): Failed to fetch original file descriptor
06-17 19:36:25.223 W/MediaProvider( 2560): java.io.IOException: stat failed: ENOENT (No such file or directory)
06-17 19:36:25.223 W/MediaProvider( 2560): 	at com.android.providers.media.MediaProvider.getFileFromFileDescriptor(MediaProvider.java:5822)
06-17 19:36:25.223 W/MediaProvider( 2560): 	at com.android.providers.media.MediaProvider.getOriginalMediaFormatFileDescriptor(MediaProvider.java:5739)
06-17 19:36:25.223 W/MediaProvider( 2560): 	at com.android.providers.media.MediaProvider.openTypedAssetFileCommon(MediaProvider.java:7162)
06-17 19:36:25.223 W/MediaProvider( 2560): 	at com.android.providers.media.MediaProvider.openTypedAssetFile(MediaProvider.java:7143)
06-17 19:36:25.223 W/MediaProvider( 2560): 	at android.content.ContentProvider$Transport.openTypedAssetFile(ContentProvider.java:548)
06-17 19:36:25.223 W/MediaProvider( 2560): 	at android.content.ContentProviderNative.onTransact(ContentProviderNative.java:327)
06-17 19:36:25.223 W/MediaProvider( 2560): 	at android.os.Binder.execTransactInternal(Binder.java:1179)
06-17 19:36:25.223 W/MediaProvider( 2560): 	at android.os.Binder.execTransact(Binder.java:1143)
06-17 19:36:25.223 W/MediaProvider( 2560): Caused by: android.system.ErrnoException: stat failed: ENOENT (No such file or directory)
06-17 19:36:25.223 W/MediaProvider( 2560): 	at libcore.io.Linux.stat(Native Method)
06-17 19:36:25.223 W/MediaProvider( 2560): 	at libcore.io.ForwardingOs.stat(ForwardingOs.java:853)
06-17 19:36:25.223 W/MediaProvider( 2560): 	at libcore.io.BlockGuardOs.stat(BlockGuardOs.java:420)
06-17 19:36:25.223 W/MediaProvider( 2560): 	at libcore.io.ForwardingOs.stat(ForwardingOs.java:853)
06-17 19:36:25.223 W/MediaProvider( 2560): 	at android.app.ActivityThread$AndroidOs.stat(ActivityThread.java:7775)
06-17 19:36:25.223 W/MediaProvider( 2560): 	at android.system.Os.stat(Os.java:919)
06-17 19:36:25.223 W/MediaProvider( 2560): 	at com.android.providers.media.MediaProvider.getFileFromFileDescriptor(MediaProvider.java:5816)
06-17 19:36:25.223 W/MediaProvider( 2560): 	... 7 more
06-17 19:36:25.224 D/NuPlayerDriver( 1809): NuPlayerDriver(0xf5c00d00) created, clientPid(7662)
06-17 19:36:25.226 D/SurfaceUtils( 1809): connecting to surface 0xf0804ba8, reason setVideoSurfaceTexture
06-17 19:36:25.227 D/NuPlayer( 1809): onSetVideoSurface(0xf0800010, no video decoder)
06-17 19:36:25.233 D/GenericSource( 1809): FileSource remote
06-17 19:36:25.236 I/SampleTable( 1807): There are reordered frames present.
06-17 19:36:25.238 D/MediaBufferGroup( 1807): creating MemoryDealer
06-17 19:36:25.244 D/MediaPlayerNative( 7662): getMetadata
06-17 19:36:25.267 I/GenericSource( 1809): start
06-17 19:36:25.274 I/OMXClient( 1809): IOmx service obtained
06-17 19:36:25.275 I/OMXStore( 1812): makeComponentInstance(OMX.google.h264.decoder) in android.hardwar process
06-17 19:36:25.276 I/OMXClient( 1809): IOmx service obtained
06-17 19:36:25.277 I/OMXStore( 1812): makeComponentInstance(OMX.google.aac.decoder) in android.hardwar process
06-17 19:36:25.278 D/SurfaceUtils( 1809): disconnecting from surface 0xf0800018, reason onConfigure
06-17 19:36:25.279 D/SurfaceUtils( 1809): connecting to surface 0xf0800018, reason connectToSurface
06-17 19:36:25.280 E/OMXNodeInstance( 1812): setConfig(0xe6d41580:google.aac.decoder, ConfigPriority(0x6f800002)) ERROR: Undefined(0x80001001)
06-17 19:36:25.280 I/ACodec  ( 1809): codec does not support config priority (err -2147483648)
06-17 19:36:25.280 I/MediaCodec( 1809): [OMX.google.h264.decoder] setting surface generation to 1852422
06-17 19:36:25.280 D/SurfaceUtils( 1809): disconnecting from surface 0xf0800018, reason connectToSurface(reconnect)
06-17 19:36:25.281 E/OMXNodeInstance( 1812): getConfig(0xe6d41580:google.aac.decoder, ConfigAndroidVendorExtension(0x6f100004)) ERROR: Undefined(0x80001001)
06-17 19:36:25.281 D/SoftAAC2( 1812): get OMX_IndexParamAudioAndroidAacDrcPresentation
06-17 19:36:25.281 D/SurfaceUtils( 1809): connecting to surface 0xf0800018, reason connectToSurface(reconnect)
06-17 19:36:25.282 I/MediaCodec( 1809): MediaCodec will operate in async mode
06-17 19:36:25.282 D/MediaCodec( 1809): keep callback message for reclaim
06-17 19:36:25.285 E/OMXNodeInstance( 1812): getExtensionIndex(0xe6d40da0:google.h264.decoder, OMX.google.android.index.enableAndroidNativeBuffers) ERROR: UnsupportedIndex(0x8000101a)
06-17 19:36:25.285 E/ACodec  ( 1809): [OMX.google.h264.decoder] setPortMode on output to DynamicANWBuffer failed w/ err -1010
06-17 19:36:25.286 E/OMXNodeInstance( 1812): getParameter(0xe6d40da0:google.h264.decoder, ??(0x6f600011)) ERROR: UnsupportedIndex(0x8000101a)
06-17 19:36:25.286 W/OMXNodeInstance( 1812): [0xe6d40da0:google.h264.decoder] component does not support metadata mode; using fallback
06-17 19:36:25.288 D/SoftVideoDecoderOMXComponent( 1812): Color Aspects preference: 1 
06-17 19:36:25.289 E/OMXNodeInstance( 1812): setConfig(0xe6d40da0:google.h264.decoder, ConfigPriority(0x6f800002)) ERROR: UnsupportedIndex(0x8000101a)
06-17 19:36:25.289 I/ACodec  ( 1809): codec does not support config priority (err -1010)
06-17 19:36:25.289 E/OMXNodeInstance( 1812): setConfig(0xe6d40da0:google.h264.decoder, ConfigOperatingRate(0x6f800003)) ERROR: UnsupportedIndex(0x8000101a)
06-17 19:36:25.289 I/ACodec  ( 1809): codec does not support config operating rate (err -1010)
06-17 19:36:25.290 E/OMXNodeInstance( 1812): getConfig(0xe6d40da0:google.h264.decoder, ConfigAndroidVendorExtension(0x6f100004)) ERROR: UnsupportedIndex(0x8000101a)
06-17 19:36:25.290 I/SoftAAC2( 1812): Reconfiguring decoder: 0->44100 Hz, 0->1 channels
06-17 19:36:25.291 D/SoftAAC2( 1812): get OMX_IndexParamAudioAndroidAacDrcPresentation
06-17 19:36:25.291 E/OMXNodeInstance( 1812): getConfig(0xe6d40da0:google.h264.decoder, ??(0x7f000003)) ERROR: UnsupportedSetting(0x80001019)
06-17 19:36:25.292 I/MediaCodec( 1809): MediaCodec will operate in async mode
06-17 19:36:25.292 D/MediaCodec( 1809): keep callback message for reclaim
06-17 19:36:25.299 W/ResourceManagerService( 1809): Ignoring request to add new resource entry with value <= 0
06-17 19:36:25.302 D/SoftVideoDecoderOMXComponent( 1812): Color Aspects preference: 1 
06-17 19:36:25.303 D/AudioFlinger( 1776): Client defaulted notificationFrames to 11286 for frameCount 22572
06-17 19:36:25.303 E/OMXNodeInstance( 1812): getConfig(0xe6d40da0:google.h264.decoder, ??(0x7f000003)) ERROR: UnsupportedSetting(0x80001019)
06-17 19:36:25.304 D/AF::TrackHandle( 1776): OpPlayAudio: track:62 usage:1 not muted
06-17 19:36:25.330 V/GSK-APIS( 7662): received response >>> id: e4f0ccf1 url: https://gtt-app-apigateway-lion.vdemosit.com/api/enduser/messagecenter/message/query/v1 statusCode: 400, exception: null
06-17 19:36:25.330 I/System.out( 7662): [SDKInterceptorPlugin] Unhandled exception in request processing: Something went wrong while connecting to the server, statusCode: 400
06-17 19:36:25.339 D/UIAutomatorStub( 7607): URI: /jsonrpc/0, Method: POST, params, {NanoHttpd.QUERY_STRING=null}, files: {postData={"jsonrpc": "2.0", "id": 1, "method": "waitForExists", "params": [{"mask": 2097152, "childOrSibling": [], "childOrSiblingSelector": [], "resourceId": "tech.gtt.frontapp.stb.demo:id/account_login_tv2"}, 20000]}}
06-17 19:36:25.341 D/UiDevice( 7607): Waiting 20000ms for SearchCondition[hasObject=BySelector [RES='\Qtech.gtt.frontapp.stb.demo:id/account_login_tv2\E']].
06-17 19:36:25.341 D/UiDevice( 7607): Searching for node with selector: BySelector [RES='\Qtech.gtt.frontapp.stb.demo:id/account_login_tv2\E'].
06-17 19:36:25.343 W/QueryController( 7607): Could not detect idle state.
06-17 19:36:25.346 D/MediaCodec( 1809): [OMX.google.h264.decoder] setting dataspace on output surface to #102
06-17 19:36:25.349 W/MediaPlayerNative( 7662): info/warning (3, 0)
06-17 19:36:25.351 D/gralloc_nox( 1767): gralloc_alloc: Creating ashmem region of size 589824
06-17 19:36:25.357 D/SoftwareRenderer( 1809): setting dataspace on output surface to #8000102
06-17 19:36:25.358 D/gralloc_nox( 1767): gralloc_alloc: Creating ashmem region of size 589824
06-17 19:36:25.416 W/InputManager-JNI( 1936): Input channel object '524d837 tech.gtt.frontapp.stb.demo/tech.gtt.frontapp.stb.m.home.activity.SplashActivity (client)' was disposed without first being removed with the input manager!
06-17 19:36:25.429 D/AudioFlinger( 1776): mixer(0x7e14b2cf8a60) throttle end: throttle time(41)
06-17 19:36:25.462 D/UiDevice( 7607): Searching for node with selector: BySelector [RES='\Qtech.gtt.frontapp.stb.demo:id/account_login_tv2\E'].
06-17 19:36:25.463 W/QueryController( 7607): Could not detect idle state.
06-17 19:36:25.566 D/UiDevice( 7607): Searching for node with selector: BySelector [RES='\Qtech.gtt.frontapp.stb.demo:id/account_login_tv2\E'].
06-17 19:36:25.567 W/QueryController( 7607): Could not detect idle state.
06-17 19:36:25.673 D/UiDevice( 7607): Searching for node with selector: BySelector [RES='\Qtech.gtt.frontapp.stb.demo:id/account_login_tv2\E'].
06-17 19:36:25.675 W/QueryController( 7607): Could not detect idle state.
06-17 19:36:25.788 D/UiDevice( 7607): Searching for node with selector: BySelector [RES='\Qtech.gtt.frontapp.stb.demo:id/account_login_tv2\E'].
06-17 19:36:25.788 W/QueryController( 7607): Could not detect idle state.
06-17 19:36:25.892 D/UiDevice( 7607): Searching for node with selector: BySelector [RES='\Qtech.gtt.frontapp.stb.demo:id/account_login_tv2\E'].
06-17 19:36:25.893 W/QueryController( 7607): Could not detect idle state.
06-17 19:36:25.999 D/UiDevice( 7607): Searching for node with selector: BySelector [RES='\Qtech.gtt.frontapp.stb.demo:id/account_login_tv2\E'].
06-17 19:36:26.000 W/QueryController( 7607): Could not detect idle state.
06-17 19:36:26.104 D/UiDevice( 7607): Searching for node with selector: BySelector [RES='\Qtech.gtt.frontapp.stb.demo:id/account_login_tv2\E'].
06-17 19:36:26.104 W/QueryController( 7607): Could not detect idle state.
06-17 19:36:26.207 D/UiDevice( 7607): Searching for node with selector: BySelector [RES='\Qtech.gtt.frontapp.stb.demo:id/account_login_tv2\E'].
06-17 19:36:26.209 W/QueryController( 7607): Could not detect idle state.
06-17 19:36:26.314 D/UiDevice( 7607): Searching for node with selector: BySelector [RES='\Qtech.gtt.frontapp.stb.demo:id/account_login_tv2\E'].
06-17 19:36:26.315 W/QueryController( 7607): Could not detect idle state.
06-17 19:36:26.419 D/UiDevice( 7607): Searching for node with selector: BySelector [RES='\Qtech.gtt.frontapp.stb.demo:id/account_login_tv2\E'].
06-17 19:36:26.422 W/QueryController( 7607): Could not detect idle state.
06-17 19:36:26.530 D/UiDevice( 7607): Searching for node with selector: BySelector [RES='\Qtech.gtt.frontapp.stb.demo:id/account_login_tv2\E'].
06-17 19:36:26.532 W/QueryController( 7607): Could not detect idle state.
06-17 19:36:26.635 D/UiDevice( 7607): Searching for node with selector: BySelector [RES='\Qtech.gtt.frontapp.stb.demo:id/account_login_tv2\E'].
06-17 19:36:26.635 W/QueryController( 7607): Could not detect idle state.
06-17 19:36:26.739 D/UiDevice( 7607): Searching for node with selector: BySelector [RES='\Qtech.gtt.frontapp.stb.demo:id/account_login_tv2\E'].
06-17 19:36:26.740 W/QueryController( 7607): Could not detect idle state.
06-17 19:36:26.843 D/UiDevice( 7607): Searching for node with selector: BySelector [RES='\Qtech.gtt.frontapp.stb.demo:id/account_login_tv2\E'].
06-17 19:36:26.845 W/QueryController( 7607): Could not detect idle state.
06-17 19:36:26.950 D/UiDevice( 7607): Searching for node with selector: BySelector [RES='\Qtech.gtt.frontapp.stb.demo:id/account_login_tv2\E'].
06-17 19:36:26.951 W/QueryController( 7607): Could not detect idle state.
06-17 19:36:27.067 D/UiDevice( 7607): Searching for node with selector: BySelector [RES='\Qtech.gtt.frontapp.stb.demo:id/account_login_tv2\E'].
06-17 19:36:27.069 W/QueryController( 7607): Could not detect idle state.
06-17 19:36:27.186 D/UiDevice( 7607): Searching for node with selector: BySelector [RES='\Qtech.gtt.frontapp.stb.demo:id/account_login_tv2\E'].
06-17 19:36:27.187 W/QueryController( 7607): Could not detect idle state.
06-17 19:36:27.291 D/UiDevice( 7607): Searching for node with selector: BySelector [RES='\Qtech.gtt.frontapp.stb.demo:id/account_login_tv2\E'].
06-17 19:36:27.292 W/QueryController( 7607): Could not detect idle state.
06-17 19:36:27.406 D/UiDevice( 7607): Searching for node with selector: BySelector [RES='\Qtech.gtt.frontapp.stb.demo:id/account_login_tv2\E'].
06-17 19:36:27.406 W/QueryController( 7607): Could not detect idle state.
06-17 19:36:27.510 D/UiDevice( 7607): Searching for node with selector: BySelector [RES='\Qtech.gtt.frontapp.stb.demo:id/account_login_tv2\E'].
06-17 19:36:27.510 W/QueryController( 7607): Could not detect idle state.
06-17 19:36:27.617 D/UiDevice( 7607): Searching for node with selector: BySelector [RES='\Qtech.gtt.frontapp.stb.demo:id/account_login_tv2\E'].
06-17 19:36:27.617 W/QueryController( 7607): Could not detect idle state.
06-17 19:36:27.721 D/UiDevice( 7607): Searching for node with selector: BySelector [RES='\Qtech.gtt.frontapp.stb.demo:id/account_login_tv2\E'].
06-17 19:36:27.721 W/QueryController( 7607): Could not detect idle state.
06-17 19:36:27.828 D/UiDevice( 7607): Searching for node with selector: BySelector [RES='\Qtech.gtt.frontapp.stb.demo:id/account_login_tv2\E'].
06-17 19:36:27.829 W/QueryController( 7607): Could not detect idle state.
06-17 19:36:27.933 D/UiDevice( 7607): Searching for node with selector: BySelector [RES='\Qtech.gtt.frontapp.stb.demo:id/account_login_tv2\E'].
06-17 19:36:27.934 W/QueryController( 7607): Could not detect idle state.
06-17 19:36:28.037 D/UiDevice( 7607): Searching for node with selector: BySelector [RES='\Qtech.gtt.frontapp.stb.demo:id/account_login_tv2\E'].
06-17 19:36:28.037 W/QueryController( 7607): Could not detect idle state.
06-17 19:36:28.141 D/UiDevice( 7607): Searching for node with selector: BySelector [RES='\Qtech.gtt.frontapp.stb.demo:id/account_login_tv2\E'].
06-17 19:36:28.142 W/QueryController( 7607): Could not detect idle state.
06-17 19:36:28.248 D/UiDevice( 7607): Searching for node with selector: BySelector [RES='\Qtech.gtt.frontapp.stb.demo:id/account_login_tv2\E'].
06-17 19:36:28.248 W/QueryController( 7607): Could not detect idle state.
06-17 19:36:28.355 D/UiDevice( 7607): Searching for node with selector: BySelector [RES='\Qtech.gtt.frontapp.stb.demo:id/account_login_tv2\E'].
06-17 19:36:28.356 W/QueryController( 7607): Could not detect idle state.
06-17 19:36:28.359 E/TaskPersister( 1936): File error accessing recents directory (directory doesn't exist?).
06-17 19:36:28.461 D/UiDevice( 7607): Searching for node with selector: BySelector [RES='\Qtech.gtt.frontapp.stb.demo:id/account_login_tv2\E'].
06-17 19:36:28.466 W/QueryController( 7607): Could not detect idle state.
06-17 19:36:28.578 D/UiDevice( 7607): Searching for node with selector: BySelector [RES='\Qtech.gtt.frontapp.stb.demo:id/account_login_tv2\E'].
06-17 19:36:28.579 W/QueryController( 7607): Could not detect idle state.
06-17 19:36:28.683 D/UiDevice( 7607): Searching for node with selector: BySelector [RES='\Qtech.gtt.frontapp.stb.demo:id/account_login_tv2\E'].
06-17 19:36:28.684 W/QueryController( 7607): Could not detect idle state.
06-17 19:36:28.790 D/UiDevice( 7607): Searching for node with selector: BySelector [RES='\Qtech.gtt.frontapp.stb.demo:id/account_login_tv2\E'].
06-17 19:36:28.791 W/QueryController( 7607): Could not detect idle state.
06-17 19:36:28.907 D/UiDevice( 7607): Searching for node with selector: BySelector [RES='\Qtech.gtt.frontapp.stb.demo:id/account_login_tv2\E'].
06-17 19:36:28.907 W/QueryController( 7607): Could not detect idle state.
06-17 19:36:29.009 D/UiDevice( 7607): Searching for node with selector: BySelector [RES='\Qtech.gtt.frontapp.stb.demo:id/account_login_tv2\E'].
06-17 19:36:29.011 W/QueryController( 7607): Could not detect idle state.
06-17 19:36:29.116 D/UiDevice( 7607): Searching for node with selector: BySelector [RES='\Qtech.gtt.frontapp.stb.demo:id/account_login_tv2\E'].
06-17 19:36:29.116 W/QueryController( 7607): Could not detect idle state.
06-17 19:36:29.219 D/UiDevice( 7607): Searching for node with selector: BySelector [RES='\Qtech.gtt.frontapp.stb.demo:id/account_login_tv2\E'].
06-17 19:36:29.219 W/QueryController( 7607): Could not detect idle state.
06-17 19:36:29.223 I/keystore2( 1710): keystore2::watchdog: Watchdog thread idle -> terminating. Have a great day.
06-17 19:36:29.325 D/UiDevice( 7607): Searching for node with selector: BySelector [RES='\Qtech.gtt.frontapp.stb.demo:id/account_login_tv2\E'].
06-17 19:36:29.325 W/QueryController( 7607): Could not detect idle state.
06-17 19:36:29.429 D/UiDevice( 7607): Searching for node with selector: BySelector [RES='\Qtech.gtt.frontapp.stb.demo:id/account_login_tv2\E'].
06-17 19:36:29.430 W/QueryController( 7607): Could not detect idle state.
06-17 19:36:29.536 D/UiDevice( 7607): Searching for node with selector: BySelector [RES='\Qtech.gtt.frontapp.stb.demo:id/account_login_tv2\E'].
06-17 19:36:29.537 W/QueryController( 7607): Could not detect idle state.
06-17 19:36:29.588 D/AudioTrack( 1809): stop(14): called with 200704 frames delivered
06-17 19:36:29.657 D/UiDevice( 7607): Searching for node with selector: BySelector [RES='\Qtech.gtt.frontapp.stb.demo:id/account_login_tv2\E'].
06-17 19:36:29.658 W/QueryController( 7607): Could not detect idle state.
06-17 19:36:29.762 D/UiDevice( 7607): Searching for node with selector: BySelector [RES='\Qtech.gtt.frontapp.stb.demo:id/account_login_tv2\E'].
06-17 19:36:29.763 W/QueryController( 7607): Could not detect idle state.
06-17 19:36:29.866 D/UiDevice( 7607): Searching for node with selector: BySelector [RES='\Qtech.gtt.frontapp.stb.demo:id/account_login_tv2\E'].
06-17 19:36:29.866 W/QueryController( 7607): Could not detect idle state.
06-17 19:36:29.970 D/UiDevice( 7607): Searching for node with selector: BySelector [RES='\Qtech.gtt.frontapp.stb.demo:id/account_login_tv2\E'].
06-17 19:36:29.970 W/QueryController( 7607): Could not detect idle state.
06-17 19:36:29.984 D/NuPlayerDriver( 1809): stop(0xf5c00d00)
06-17 19:36:29.984 V/MediaPlayer( 7662): resetDrmState:  mDrmInfo=null mDrmProvisioningThread=null mPrepareDrmInProgress=false mActiveDrmScheme=false
06-17 19:36:29.984 V/MediaPlayer( 7662): cleanDrmObj: mDrmObj=null mDrmSessionId=null
06-17 19:36:29.984 D/NuPlayerDriver( 1809): reset(0xf5c00d00) at state 8
06-17 19:36:29.989 D/SurfaceUtils( 1809): disconnecting from surface 0xf0800018, reason disconnectFromSurface
06-17 19:36:29.990 D/SurfaceUtils( 1809): connecting to surface 0xf0800018, reason onShutdown
06-17 19:36:29.991 D/NuPlayerDriver( 1809): notifyResetComplete(0xf5c00d00)
06-17 19:36:29.991 D/SurfaceUtils( 1809): disconnecting from surface 0xf0804ba8, reason disconnectNativeWindow
06-17 19:36:29.992 W/AMessage( 1809): failed to post message as target looper for handler 0 is gone.
06-17 19:36:29.993 I/MediaFocusControl( 1936): abandonAudioFocus() from uid/pid 10058/7662 clientId=android.media.AudioManager@895c791
06-17 19:36:29.995 I/ActivityTaskManager( 1936): START u0 {cmp=tech.gtt.frontapp.stb.demo/tech.gtt.frontapp.stb.m.account.activity.LoginMethodSwitchActivity (has extras)} from uid 10058
06-17 19:36:29.996 D/CompatibilityChangeReporter( 1936): Compat change id reported: 174042980; UID 10058; state: DISABLED
06-17 19:36:29.997 D/CompatibilityChangeReporter( 1936): Compat change id reported: 184838306; UID 10058; state: DISABLED
06-17 19:36:29.997 D/CompatibilityChangeReporter( 1936): Compat change id reported: 185004937; UID 10058; state: DISABLED
06-17 19:36:29.998 D/CompatibilityChangeReporter( 1936): Compat change id reported: 181136395; UID 10058; state: DISABLED
06-17 19:36:29.998 D/CompatibilityChangeReporter( 1936): Compat change id reported: 174042936; UID 10058; state: DISABLED
06-17 19:36:29.999 D/CompatibilityChangeReporter( 1936): Compat change id reported: 197654537; UID 10058; state: ENABLED
06-17 19:36:30.000 D/CompatibilityChangeReporter( 1936): Compat change id reported: 168419799; UID 10058; state: DISABLED
06-17 19:36:30.003 I/MediaFocusControl( 1936): abandonAudioFocus() from uid/pid 10058/7662 clientId=android.media.AudioManager@895c791
06-17 19:36:30.003 W/MediaPlayer( 7662): mediaplayer went away with unhandled events
06-17 19:36:30.006 W/MediaPlayer( 7662): mediaplayer went away with unhandled events
06-17 19:36:30.011 W/ActivityTaskManager( 1936): Tried to set launchTime (0) < mLastActivityLaunchTime (3081550)
06-17 19:36:30.020 D/AndroidAutoSize( 7662): tech.gtt.frontapp.stb.m.account.activity.LoginMethodSwitchActivity used the global configuration.
06-17 19:36:30.021 D/AndroidAutoSize( 7662): The tech.gtt.frontapp.stb.m.account.activity.LoginMethodSwitchActivity has been adapted! 
06-17 19:36:30.021 D/AndroidAutoSize( 7662): LoginMethodSwitchActivity Info: isBaseOnWidth = true, designWidthInDp = 1920.000000, designWidthInSubunits = 1920.000000, targetDensity = 1.000000, targetScaledDensity = 1.000000, targetDensityDpi = 160, targetXdpi = 1.000000, targetScreenWidthDp = 1920, targetScreenHeightDp = 1032
06-17 19:36:30.049 D/AndroidAutoSize( 7662): tech.gtt.frontapp.stb.m.account.activity.LoginMethodSwitchActivity used the global configuration.
06-17 19:36:30.049 D/AndroidAutoSize( 7662): The tech.gtt.frontapp.stb.m.account.activity.LoginMethodSwitchActivity has been adapted! 
06-17 19:36:30.049 D/AndroidAutoSize( 7662): LoginMethodSwitchActivity Info: isBaseOnWidth = true, designWidthInDp = 1920.000000, designWidthInSubunits = 1920.000000, targetDensity = 1.000000, targetScaledDensity = 1.000000, targetDensityDpi = 160, targetXdpi = 1.000000, targetScreenWidthDp = 1920, targetScreenHeightDp = 1032
06-17 19:36:30.051 W/WindowManager( 1936): Failed looking up window session=Session{467fdf8 7662:u0a10058} callers=com.android.server.wm.WindowManagerService.windowForClientLocked:5850 com.android.server.wm.Session.updateRequestedVisibilities:640 android.view.IWindowSession$Stub.onTransact:1175 
06-17 19:36:30.064 D/gralloc_nox( 1767): gralloc_alloc: Creating ashmem region of size 8298496
06-17 19:36:30.072 D/UiDevice( 7607): Searching for node with selector: BySelector [RES='\Qtech.gtt.frontapp.stb.demo:id/account_login_tv2\E'].
06-17 19:36:30.073 W/QueryController( 7607): Could not detect idle state.
06-17 19:36:30.087 D/gralloc_nox( 1767): gralloc_alloc: Creating ashmem region of size 8298496
06-17 19:36:30.090 D/ProcessState( 8057): Binder ioctl to enable oneway spam detection failed: Invalid argument
06-17 19:36:30.122 D/gralloc_nox( 1767): gralloc_alloc: Creating ashmem region of size 8298496
06-17 19:36:30.182 E/libEGL  ( 7662): called unimplemented OpenGL ES API
06-17 19:36:30.204 I/ActivityTaskManager( 1936): Displayed tech.gtt.frontapp.stb.demo/tech.gtt.frontapp.stb.m.account.activity.LoginMethodSwitchActivity: +208ms
06-17 19:36:30.357 D/UiDevice( 7607): Searching for node with selector: BySelector [RES='\Qtech.gtt.frontapp.stb.demo:id/account_login_tv2\E'].
06-17 19:36:30.357 W/QueryController( 7607): Could not detect idle state.
06-17 19:36:30.393 D/UIAutomatorStub( 7607): URI: /jsonrpc/0, Method: POST, params, {NanoHttpd.QUERY_STRING=null}, files: {postData={"jsonrpc": "2.0", "id": 1, "method": "objInfo", "params": [{"mask": 2097152, "childOrSibling": [], "childOrSiblingSelector": [], "resourceId": "tech.gtt.frontapp.stb.demo:id/account_login_tv2"}]}}
06-17 19:36:30.394 D/UiDevice( 7607): Retrieving node with selector: BySelector [RES='\Qtech.gtt.frontapp.stb.demo:id/account_login_tv2\E'].
06-17 19:36:30.395 W/QueryController( 7607): Could not detect idle state.
06-17 19:36:30.400 W/QueryController( 7607): Could not detect idle state.
06-17 19:36:30.401 W/QueryController( 7607): Could not detect idle state.
06-17 19:36:30.401 W/QueryController( 7607): Could not detect idle state.
06-17 19:36:30.402 W/QueryController( 7607): Could not detect idle state.
06-17 19:36:30.403 W/QueryController( 7607): Could not detect idle state.
06-17 19:36:30.403 W/QueryController( 7607): Could not detect idle state.
06-17 19:36:30.404 W/QueryController( 7607): Could not detect idle state.
06-17 19:36:30.405 W/QueryController( 7607): Could not detect idle state.
06-17 19:36:30.405 W/QueryController( 7607): Could not detect idle state.
06-17 19:36:30.406 W/QueryController( 7607): Could not detect idle state.
06-17 19:36:30.406 W/QueryController( 7607): Could not detect idle state.
06-17 19:36:30.407 W/QueryController( 7607): Could not detect idle state.
06-17 19:36:30.433 W/QueryController( 7607): Could not detect idle state.
06-17 19:36:30.437 W/InputManager-JNI( 1936): Input channel object 'cde319f tech.gtt.frontapp.stb.demo/tech.gtt.frontapp.stb.m.home.activity.LoadingActivity (client)' was disposed without first being removed with the input manager!
06-17 19:36:30.439 W/QueryController( 7607): Could not detect idle state.
06-17 19:36:30.440 W/QueryController( 7607): Could not detect idle state.
06-17 19:36:30.442 W/QueryController( 7607): Could not detect idle state.
06-17 19:36:30.443 W/QueryController( 7607): Could not detect idle state.
06-17 19:36:30.471 D/UIAutomatorStub( 7607): URI: /jsonrpc/0, Method: POST, params, {NanoHttpd.QUERY_STRING=null}, files: {postData={"jsonrpc": "2.0", "id": 1, "method": "click", "params": [1390.0, 559.0]}}
06-17 19:36:30.580 I/ActivityTaskManager( 1936): START u0 {cmp=tech.gtt.frontapp.stb.demo/tech.gtt.frontapp.stb.m.account.activity.LoginActivity} from uid 10058
06-17 19:36:30.585 W/ActivityTaskManager( 1936): Tried to set launchTime (0) < mLastActivityLaunchTime (3086691)
06-17 19:36:30.591 D/AndroidAutoSize( 7662): tech.gtt.frontapp.stb.m.account.activity.LoginActivity used the global configuration.
06-17 19:36:30.591 D/AndroidAutoSize( 7662): The tech.gtt.frontapp.stb.m.account.activity.LoginActivity has been adapted! 
06-17 19:36:30.591 D/AndroidAutoSize( 7662): LoginActivity Info: isBaseOnWidth = true, designWidthInDp = 1920.000000, designWidthInSubunits = 1920.000000, targetDensity = 1.000000, targetScaledDensity = 1.000000, targetDensityDpi = 160, targetXdpi = 1.000000, targetScreenWidthDp = 1920, targetScreenHeightDp = 1032
06-17 19:36:30.611 D/UIAutomatorStub( 7607): URI: /jsonrpc/0, Method: POST, params, {NanoHttpd.QUERY_STRING=null}, files: {postData={"jsonrpc": "2.0", "id": 1, "method": "waitForExists", "params": [{"mask": 2097152, "childOrSibling": [], "childOrSiblingSelector": [], "resourceId": "tech.gtt.frontapp.stb.demo:id/loginf_et_username"}, 20000]}}
06-17 19:36:30.613 D/UiDevice( 7607): Waiting 20000ms for SearchCondition[hasObject=BySelector [RES='\Qtech.gtt.frontapp.stb.demo:id/loginf_et_username\E']].
06-17 19:36:30.613 D/UiDevice( 7607): Searching for node with selector: BySelector [RES='\Qtech.gtt.frontapp.stb.demo:id/loginf_et_username\E'].
06-17 19:36:30.613 W/QueryController( 7607): Could not detect idle state.
06-17 19:36:30.648 D/AndroidAutoSize( 7662): tech.gtt.frontapp.stb.m.account.activity.LoginActivity used the global configuration.
06-17 19:36:30.648 D/AndroidAutoSize( 7662): The tech.gtt.frontapp.stb.m.account.activity.LoginActivity has been adapted! 
06-17 19:36:30.648 D/AndroidAutoSize( 7662): LoginActivity Info: isBaseOnWidth = true, designWidthInDp = 1920.000000, designWidthInSubunits = 1920.000000, targetDensity = 1.000000, targetScaledDensity = 1.000000, targetDensityDpi = 160, targetXdpi = 1.000000, targetScreenWidthDp = 1920, targetScreenHeightDp = 1032
06-17 19:36:30.651 W/WindowManager( 1936): Failed looking up window session=Session{467fdf8 7662:u0a10058} callers=com.android.server.wm.WindowManagerService.windowForClientLocked:5850 com.android.server.wm.Session.updateRequestedVisibilities:640 android.view.IWindowSession$Stub.onTransact:1175 
06-17 19:36:30.671 D/gralloc_nox( 1767): gralloc_alloc: Creating ashmem region of size 8298496
06-17 19:36:30.688 D/gralloc_nox( 1767): gralloc_alloc: Creating ashmem region of size 8298496
06-17 19:36:30.703 D/gralloc_nox( 1767): gralloc_alloc: Creating ashmem region of size 8298496
06-17 19:36:30.703 D/ProcessState( 8070): Binder ioctl to enable oneway spam detection failed: Invalid argument
06-17 19:36:30.778 W/ByMatcher( 7607): Node returned null child: android.view.accessibility.AccessibilityNodeInfo@1137a; boundsInParent: Rect(0, 0 - 1920, 1080); boundsInScreen: Rect(0, 0 - 1920, 1080); packageName: tech.gtt.frontapp.stb.demo; className: android.widget.RelativeLayout; text: null; error: null; maxTextLength: -1; stateDescription: null; contentDescription: null; tooltipText: null; viewIdResName: null; checkable: false; checked: false; focusable: false; focused: false; selected: false; clickable: false; longClickable: false; contextClickable: false; enabled: true; password: false; scrollable: false; importantForAccessibility: false; visible: true; actions: [AccessibilityAction: ACTION_SELECT - null, AccessibilityAction: ACTION_CLEAR_SELECTION - null, AccessibilityAction: ACTION_ACCESSIBILITY_FOCUS - null, AccessibilityAction: ACTION_SHOW_ON_SCREEN - null]
06-17 19:36:30.779 W/ByMatcher( 7607): Skipping null child (2 of 3)
06-17 19:36:30.781 W/ByMatcher( 7607): Node returned null child: android.view.accessibility.AccessibilityNodeInfo@80006e4e; boundsInParent: Rect(0, 0 - 1920, 1080); boundsInScreen: Rect(0, 0 - 1920, 1080); packageName: tech.gtt.frontapp.stb.demo; className: android.widget.FrameLayout; text: null; error: null; maxTextLength: -1; stateDescription: null; contentDescription: null; tooltipText: null; viewIdResName: null; checkable: false; checked: false; focusable: false; focused: false; selected: false; clickable: false; longClickable: false; contextClickable: false; enabled: true; password: false; scrollable: false; importantForAccessibility: true; visible: true; actions: [AccessibilityAction: ACTION_SELECT - null, AccessibilityAction: ACTION_CLEAR_SELECTION - null, AccessibilityAction: ACTION_ACCESSIBILITY_FOCUS - null, AccessibilityAction: ACTION_SHOW_ON_SCREEN - null]
06-17 19:36:30.781 W/ByMatcher( 7607): Skipping null child (0 of 1)
06-17 19:36:30.785 I/ActivityTaskManager( 1936): Displayed tech.gtt.frontapp.stb.demo/tech.gtt.frontapp.stb.m.account.activity.LoginActivity: +203ms
06-17 19:36:30.882 D/UiDevice( 7607): Searching for node with selector: BySelector [RES='\Qtech.gtt.frontapp.stb.demo:id/loginf_et_username\E'].
06-17 19:36:30.884 W/QueryController( 7607): Could not detect idle state.
06-17 19:36:30.931 D/UIAutomatorStub( 7607): URI: /jsonrpc/0, Method: POST, params, {NanoHttpd.QUERY_STRING=null}, files: {postData={"jsonrpc": "2.0", "id": 1, "method": "objInfo", "params": [{"mask": 2097152, "childOrSibling": [], "childOrSiblingSelector": [], "resourceId": "tech.gtt.frontapp.stb.demo:id/loginf_et_username"}]}}
06-17 19:36:30.931 D/UiDevice( 7607): Retrieving node with selector: BySelector [RES='\Qtech.gtt.frontapp.stb.demo:id/loginf_et_username\E'].
06-17 19:36:30.933 W/QueryController( 7607): Could not detect idle state.
06-17 19:36:30.935 W/QueryController( 7607): Could not detect idle state.
06-17 19:36:30.936 W/QueryController( 7607): Could not detect idle state.
06-17 19:36:30.937 W/QueryController( 7607): Could not detect idle state.
06-17 19:36:30.937 W/QueryController( 7607): Could not detect idle state.
06-17 19:36:30.938 W/QueryController( 7607): Could not detect idle state.
06-17 19:36:30.939 W/QueryController( 7607): Could not detect idle state.
06-17 19:36:30.940 W/QueryController( 7607): Could not detect idle state.
06-17 19:36:30.941 W/QueryController( 7607): Could not detect idle state.
06-17 19:36:30.942 W/QueryController( 7607): Could not detect idle state.
06-17 19:36:30.943 W/QueryController( 7607): Could not detect idle state.
06-17 19:36:30.946 W/QueryController( 7607): Could not detect idle state.
06-17 19:36:30.947 W/QueryController( 7607): Could not detect idle state.
06-17 19:36:30.948 W/QueryController( 7607): Could not detect idle state.
06-17 19:36:30.949 W/QueryController( 7607): Could not detect idle state.
06-17 19:36:30.950 W/QueryController( 7607): Could not detect idle state.
06-17 19:36:30.950 W/QueryController( 7607): Could not detect idle state.
06-17 19:36:30.951 W/QueryController( 7607): Could not detect idle state.
06-17 19:36:30.980 D/UIAutomatorStub( 7607): URI: /jsonrpc/0, Method: POST, params, {NanoHttpd.QUERY_STRING=null}, files: {postData={"jsonrpc": "2.0", "id": 1, "method": "click", "params": [1057.0, 437.0]}}
06-17 19:36:31.041 W/SurfaceFlinger( 1779): couldn't log to binary event log: overflow.
06-17 19:36:31.163 D/CompatibilityChangeReporter( 7662): Compat change id reported: 163400105; UID 10058; state: ENABLED
06-17 19:36:31.164 D/InputMethodManager( 7662): showSoftInput() view=tech.gtt.frontapp.stb.c.ui.edittext.EmailAutoCompleteTextView{5059958 VFED..CL. .F.P..ID 0,0-700,92 #7f0b02ce app:id/loginf_et_username aid=1073741824} flags=0 reason=SHOW_SOFT_INPUT
06-17 19:36:31.166 V/InputMethodService( 3034): onEvaluateInputViewShown: config.hardKeyboardHidden = 2
06-17 19:36:31.167 V/InputMethodService( 3034): onEvaluateInputViewShown: config.hardKeyboardHidden = 2
06-17 19:36:31.167 I/AdbKeyboard( 3034): imeAction: 5 Next
06-17 19:36:31.183 D/gralloc_nox( 1767): gralloc_alloc: Creating ashmem region of size 647168
06-17 19:36:31.218 D/gralloc_nox( 1767): gralloc_alloc: Creating ashmem region of size 647168
06-17 19:36:31.223 D/gralloc_nox( 1767): gralloc_alloc: Creating ashmem region of size 647168
06-17 19:36:31.231 D/UIAutomatorStub( 7607): URI: /jsonrpc/0, Method: POST, params, {NanoHttpd.QUERY_STRING=null}, files: {postData={"jsonrpc": "2.0", "id": 1, "method": "waitForExists", "params": [{"mask": 2097152, "childOrSibling": [], "childOrSiblingSelector": [], "resourceId": "tech.gtt.frontapp.stb.demo:id/loginf_et_username"}, 20000]}}
06-17 19:36:31.237 D/UiDevice( 7607): Waiting 20000ms for SearchCondition[hasObject=BySelector [RES='\Qtech.gtt.frontapp.stb.demo:id/loginf_et_username\E']].
06-17 19:36:31.237 D/UiDevice( 7607): Searching for node with selector: BySelector [RES='\Qtech.gtt.frontapp.stb.demo:id/loginf_et_username\E'].
06-17 19:36:31.238 W/QueryController( 7607): Could not detect idle state.
06-17 19:36:31.242 D/InsetsController( 7662): show(ime(), fromIme=true)
06-17 19:36:31.243 D/ProcessState( 8079): Binder ioctl to enable oneway spam detection failed: Invalid argument
06-17 19:36:31.245 E/SELinux ( 1566): avc:  denied  { find } for pid=8079 uid=0 name=settings scontext=u:r:init:s0 tcontext=u:object_r:settings_service:s0 tclass=service_manager permissive=1
06-17 19:36:31.285 D/UIAutomatorStub( 7607): URI: /jsonrpc/0, Method: POST, params, {NanoHttpd.QUERY_STRING=null}, files: {postData={"jsonrpc": "2.0", "id": 1, "method": "setText", "params": [{"mask": 2097152, "childOrSibling": [], "childOrSiblingSelector": [], "resourceId": "tech.gtt.frontapp.stb.demo:id/loginf_et_username"}, "0609@ipwangxin.cn"]}}
06-17 19:36:31.286 D/UiDevice( 7607): Retrieving node with selector: BySelector [RES='\Qtech.gtt.frontapp.stb.demo:id/loginf_et_username\E'].
06-17 19:36:31.286 W/QueryController( 7607): Could not detect idle state.
06-17 19:36:31.288 W/QueryController( 7607): Could not detect idle state.
06-17 19:36:31.289 D/UiObject2( 7607): Clicking on (1057, 437).
06-17 19:36:31.306 D/InputMethodManager( 7662): showSoftInput() view=tech.gtt.frontapp.stb.c.ui.edittext.EmailAutoCompleteTextView{5059958 VFED..CL. .F.P.... 0,0-700,92 #7f0b02ce app:id/loginf_et_username aid=1073741824} flags=0 reason=SHOW_SOFT_INPUT
06-17 19:36:31.307 V/InputMethodService( 3034): onEvaluateInputViewShown: config.hardKeyboardHidden = 2
06-17 19:36:31.307 V/InputMethodService( 3034): onEvaluateInputViewShown: config.hardKeyboardHidden = 2
06-17 19:36:31.309 D/InsetsController( 7662): show(ime(), fromIme=true)
06-17 19:36:31.318 D/UiDevice( 7607): Retrieving node with selector: BySelector [RES='\Qtech.gtt.frontapp.stb.demo:id/loginf_et_username\E'].
06-17 19:36:31.319 W/QueryController( 7607): Could not detect idle state.
06-17 19:36:31.321 W/QueryController( 7607): Could not detect idle state.
06-17 19:36:31.322 D/UiObject2( 7607): Setting text to '0609@ipwangxin.cn'.
06-17 19:36:31.329 I/AdbKeyboard( 3034): imeAction: 5 Next
06-17 19:36:31.329 V/InputMethodService( 3034): onEvaluateInputViewShown: config.hardKeyboardHidden = 2
06-17 19:36:31.329 V/InputMethodService( 3034): onEvaluateInputViewShown: config.hardKeyboardHidden = 2
06-17 19:36:31.392 D/InsetsController( 7662): show(ime(), fromIme=true)
06-17 19:36:31.415 D/UIAutomatorStub( 7607): URI: /jsonrpc/0, Method: POST, params, {NanoHttpd.QUERY_STRING=null}, files: {postData={"jsonrpc": "2.0", "id": 1, "method": "waitForExists", "params": [{"mask": 2097152, "childOrSibling": [], "childOrSiblingSelector": [], "resourceId": "tech.gtt.frontapp.stb.demo:id/et_pwd"}, 20000]}}
06-17 19:36:31.416 D/UiDevice( 7607): Waiting 20000ms for SearchCondition[hasObject=BySelector [RES='\Qtech.gtt.frontapp.stb.demo:id/et_pwd\E']].
06-17 19:36:31.416 D/UiDevice( 7607): Searching for node with selector: BySelector [RES='\Qtech.gtt.frontapp.stb.demo:id/et_pwd\E'].
06-17 19:36:31.416 W/QueryController( 7607): Could not detect idle state.
06-17 19:36:31.452 D/UIAutomatorStub( 7607): URI: /jsonrpc/0, Method: POST, params, {NanoHttpd.QUERY_STRING=null}, files: {postData={"jsonrpc": "2.0", "id": 1, "method": "objInfo", "params": [{"mask": 2097152, "childOrSibling": [], "childOrSiblingSelector": [], "resourceId": "tech.gtt.frontapp.stb.demo:id/et_pwd"}]}}
06-17 19:36:31.453 D/UiDevice( 7607): Retrieving node with selector: BySelector [RES='\Qtech.gtt.frontapp.stb.demo:id/et_pwd\E'].
06-17 19:36:31.453 W/QueryController( 7607): Could not detect idle state.
06-17 19:36:31.456 W/QueryController( 7607): Could not detect idle state.
06-17 19:36:31.458 W/QueryController( 7607): Could not detect idle state.
06-17 19:36:31.458 W/QueryController( 7607): Could not detect idle state.
06-17 19:36:31.459 W/QueryController( 7607): Could not detect idle state.
06-17 19:36:31.460 W/QueryController( 7607): Could not detect idle state.
06-17 19:36:31.461 W/QueryController( 7607): Could not detect idle state.
06-17 19:36:31.462 W/QueryController( 7607): Could not detect idle state.
06-17 19:36:31.463 W/QueryController( 7607): Could not detect idle state.
06-17 19:36:31.463 W/QueryController( 7607): Could not detect idle state.
06-17 19:36:31.464 W/QueryController( 7607): Could not detect idle state.
06-17 19:36:31.465 W/QueryController( 7607): Could not detect idle state.
06-17 19:36:31.465 W/QueryController( 7607): Could not detect idle state.
06-17 19:36:31.466 W/QueryController( 7607): Could not detect idle state.
06-17 19:36:31.467 W/QueryController( 7607): Could not detect idle state.
06-17 19:36:31.468 W/QueryController( 7607): Could not detect idle state.
06-17 19:36:31.469 W/QueryController( 7607): Could not detect idle state.
06-17 19:36:31.470 W/QueryController( 7607): Could not detect idle state.
06-17 19:36:31.498 D/UIAutomatorStub( 7607): URI: /jsonrpc/0, Method: POST, params, {NanoHttpd.QUERY_STRING=null}, files: {postData={"jsonrpc": "2.0", "id": 1, "method": "click", "params": [1057.0, 559.0]}}
06-17 19:36:31.499 W/NotificationHistory( 1936): Attempted to add notif for locked/gone/disabled user 0
06-17 19:36:31.503 D/InterruptionStateProvider( 2106): No bubble up: not allowed to bubble: -1|android|8|null|1000
06-17 19:36:31.503 D/InterruptionStateProvider( 2106): No heads up: unimportant notification: -1|android|8|null|1000
06-17 19:36:31.503 D/PeopleSpaceWidgetMgr( 2106): Sbn doesn't contain valid PeopleTileKey: null/-1/android
06-17 19:36:31.518 D/InterruptionStateProvider( 2106): No bubble up: not allowed to bubble: -1|android|8|null|1000
06-17 19:36:31.518 D/InterruptionStateProvider( 2106): No heads up: unimportant notification: -1|android|8|null|1000
06-17 19:36:31.518 D/PeopleSpaceWidgetMgr( 2106): Sbn doesn't contain valid PeopleTileKey: null/-1/android
06-17 19:36:31.561 D/InterruptionStateProvider( 2106): No bubble up: not allowed to bubble: -1|android|8|null|1000
06-17 19:36:31.562 D/InterruptionStateProvider( 2106): No heads up: unimportant notification: -1|android|8|null|1000
06-17 19:36:31.566 D/PeopleSpaceWidgetMgr( 2106): Sbn doesn't contain valid PeopleTileKey: null/-1/android
06-17 19:36:31.614 I/AdbKeyboard( 3034): imeAction: 5 Next
06-17 19:36:31.614 D/InputMethodManager( 7662): showSoftInput() view=tech.gtt.frontapp.stb.c.ui.edittext.NormalFocusEditText{b4e2b22 VFED..CL. .F.P..ID 0,0-700,92 #7f0b0172 app:id/et_pwd aid=1073741826} flags=0 reason=SHOW_SOFT_INPUT
06-17 19:36:31.614 V/InputMethodService( 3034): onEvaluateInputViewShown: config.hardKeyboardHidden = 2
06-17 19:36:31.614 V/InputMethodService( 3034): onEvaluateInputViewShown: config.hardKeyboardHidden = 2
06-17 19:36:31.616 V/InputMethodService( 3034): onEvaluateInputViewShown: config.hardKeyboardHidden = 2
06-17 19:36:31.616 V/InputMethodService( 3034): onEvaluateInputViewShown: config.hardKeyboardHidden = 2
06-17 19:36:31.628 D/InsetsController( 7662): show(ime(), fromIme=true)
06-17 19:36:31.629 D/InsetsController( 7662): show(ime(), fromIme=true)
06-17 19:36:31.653 D/UIAutomatorStub( 7607): URI: /jsonrpc/0, Method: POST, params, {NanoHttpd.QUERY_STRING=null}, files: {postData={"jsonrpc": "2.0", "id": 1, "method": "waitForExists", "params": [{"mask": 2097152, "childOrSibling": [], "childOrSiblingSelector": [], "resourceId": "tech.gtt.frontapp.stb.demo:id/et_pwd"}, 20000]}}
06-17 19:36:31.654 D/UiDevice( 7607): Waiting 20000ms for SearchCondition[hasObject=BySelector [RES='\Qtech.gtt.frontapp.stb.demo:id/et_pwd\E']].
06-17 19:36:31.655 D/UiDevice( 7607): Searching for node with selector: BySelector [RES='\Qtech.gtt.frontapp.stb.demo:id/et_pwd\E'].
06-17 19:36:31.655 W/QueryController( 7607): Could not detect idle state.
06-17 19:36:31.670 D/UIAutomatorStub( 7607): URI: /jsonrpc/0, Method: POST, params, {NanoHttpd.QUERY_STRING=null}, files: {postData={"jsonrpc": "2.0", "id": 1, "method": "setText", "params": [{"mask": 2097152, "childOrSibling": [], "childOrSiblingSelector": [], "resourceId": "tech.gtt.frontapp.stb.demo:id/et_pwd"}, "123456"]}}
06-17 19:36:31.670 D/UiDevice( 7607): Retrieving node with selector: BySelector [RES='\Qtech.gtt.frontapp.stb.demo:id/et_pwd\E'].
