--------- beginning of main
06-16 01:19:18.159 D/ProcessState( 5891): Binder ioctl to enable oneway spam detection failed: Invalid argument
--------- beginning of system
06-16 01:19:18.160 I/ActivityManager( 1933): Force stopping tech.gtt.frontapp.stb.demo appid=10058 user=0: clear data
06-16 01:19:18.162 I/ActivityManager( 1933): Force stopping tech.gtt.frontapp.stb.demo appid=10058 user=-1: clearApplicationUserData
06-16 01:19:18.167 D/CompatibilityChangeReporter( 1933): Compat change id reported: 135634846; UID 10019; state: DISABLED
06-16 01:19:18.167 D/CompatibilityChangeReporter( 1933): Compat change id reported: 177438394; UID 10019; state: DISABLED
06-16 01:19:18.167 D/CompatibilityChangeReporter( 1933): Compat change id reported: 135772972; UID 10019; state: DISABLED
06-16 01:19:18.167 D/CompatibilityChangeReporter( 1933): Compat change id reported: 135754954; UID 10019; state: ENABLED
06-16 01:19:18.178 D/CompatibilityChangeReporter( 1933): Compat change id reported: 143937733; UID 10019; state: ENABLED
06-16 01:19:18.181 D/Zygote  ( 1753): Forked child process 5897
06-16 01:19:18.182 I/ActivityManager( 1933): Start proc 5897:com.android.documentsui/u0a19 for broadcast {com.android.documentsui/com.android.documentsui.PackageReceiver}
06-16 01:19:18.183 I/Zygote  ( 5897): seccomp disabled by setenforce 0
06-16 01:19:18.186 W/oid.documentsu( 5897): Unexpected CPU variant for X86 using defaults: x86_64
06-16 01:19:18.197 D/ProcessState( 5897): Binder ioctl to enable oneway spam detection failed: Invalid argument
06-16 01:19:18.227 E/ashmem  ( 5897): memfd: ro.vndk.version not defined or invalid (), this is mandated since P.
06-16 01:19:18.228 D/CompatibilityChangeReporter( 5897): Compat change id reported: 171979766; UID 10019; state: DISABLED
06-16 01:19:18.280 D/AndroidRuntime( 5914): >>>>>> START com.android.internal.os.RuntimeInit uid 0 <<<<<<
06-16 01:19:18.284 I/AndroidRuntime( 5914): Using default boot image
06-16 01:19:18.284 I/AndroidRuntime( 5914): Leaving lock profiling enabled
06-16 01:19:18.286 W/app_process( 5914): ART APEX data files are untrusted.
06-16 01:19:18.287 I/app_process( 5914): Core platform API reporting enabled, enforcing=false
06-16 01:19:18.297 V/GraphicsEnvironment( 5897): ANGLE Developer option for 'com.android.documentsui' set to: 'default'
06-16 01:19:18.297 V/GraphicsEnvironment( 5897): ANGLE GameManagerService for com.android.documentsui: false
06-16 01:19:18.297 V/GraphicsEnvironment( 5897): Neither updatable production driver nor prerelease driver is supported.
06-16 01:19:18.300 D/NetworkSecurityConfig( 5897): No Network Security Config specified, using platform default
06-16 01:19:18.300 D/NetworkSecurityConfig( 5897): No Network Security Config specified, using platform default
06-16 01:19:18.349 D/app_process( 5914): Time zone APEX ICU file found: /apex/com.android.tzdata/etc/icu/icu_tzdata.dat
06-16 01:19:18.349 D/app_process( 5914): I18n APEX ICU file found: /apex/com.android.i18n/etc/icu/icudt68l.dat
06-16 01:19:18.351 D/CompatibilityChangeReporter( 1933): Compat change id reported: 135634846; UID 10053; state: DISABLED
06-16 01:19:18.351 D/CompatibilityChangeReporter( 1933): Compat change id reported: 177438394; UID 10053; state: DISABLED
06-16 01:19:18.351 D/CompatibilityChangeReporter( 1933): Compat change id reported: 135772972; UID 10053; state: DISABLED
06-16 01:19:18.351 D/CompatibilityChangeReporter( 1933): Compat change id reported: 135754954; UID 10053; state: ENABLED
06-16 01:19:18.351 D/CompatibilityChangeReporter( 1933): Compat change id reported: 143937733; UID 10053; state: ENABLED
06-16 01:19:18.352 D/DocumentsApplication( 5897): OverlayManager.setEnabled() result: true
06-16 01:19:18.354 W/app_process( 5914): Unexpected CPU variant for X86 using defaults: x86_64
06-16 01:19:18.356 D/Zygote  ( 1753): Forked child process 5926
06-16 01:19:18.357 I/ActivityManager( 1933): Start proc 5926:com.android.permissioncontroller/u0a53 for broadcast {com.android.permissioncontroller/com.android.permissioncontroller.permission.service.LocationAccessCheck$PackageResetHandler}
06-16 01:19:18.358 I/Zygote  ( 5926): seccomp disabled by setenforce 0
06-16 01:19:18.361 W/ssioncontrolle( 5926): Unexpected CPU variant for X86 using defaults: x86_64
06-16 01:19:18.364 D/ProcessState( 5926): Binder ioctl to enable oneway spam detection failed: Invalid argument
06-16 01:19:18.370 D/ProcessState( 5914): Binder ioctl to enable oneway spam detection failed: Invalid argument
06-16 01:19:18.375 E/ashmem  ( 5926): memfd: ro.vndk.version not defined or invalid (), this is mandated since P.
06-16 01:19:18.377 D/CompatibilityChangeReporter( 5926): Compat change id reported: 171979766; UID 10053; state: ENABLED
06-16 01:19:18.417 D/AndroidRuntime( 5914): Calling main entry com.android.commands.monkey.Monkey
06-16 01:19:18.420 W/Monkey  ( 5914): args: [-p, tech.gtt.frontapp.stb.demo, -c, android.intent.category.LAUNCHER, 1]
06-16 01:19:18.422 W/Monkey  ( 5914):  arg: "-p"
06-16 01:19:18.423 W/Monkey  ( 5914):  arg: "tech.gtt.frontapp.stb.demo"
06-16 01:19:18.424 W/Monkey  ( 5914):  arg: "-c"
06-16 01:19:18.425 W/Monkey  ( 5914):  arg: "android.intent.category.LAUNCHER"
06-16 01:19:18.425 W/Monkey  ( 5914):  arg: "1"
06-16 01:19:18.426 W/Monkey  ( 5914): data="tech.gtt.frontapp.stb.demo"
06-16 01:19:18.426 W/Monkey  ( 5914): data="android.intent.category.LAUNCHER"
06-16 01:19:18.442 V/GraphicsEnvironment( 5926): ANGLE Developer option for 'com.android.permissioncontroller' set to: 'default'
06-16 01:19:18.445 V/GraphicsEnvironment( 5926): ANGLE GameManagerService for com.android.permissioncontroller: false
06-16 01:19:18.445 V/GraphicsEnvironment( 5926): Neither updatable production driver nor prerelease driver is supported.
06-16 01:19:18.451 D/NetworkSecurityConfig( 5926): No Network Security Config specified, using platform default
06-16 01:19:18.452 D/NetworkSecurityConfig( 5926): No Network Security Config specified, using platform default
06-16 01:19:18.490 I/MediaProvider( 2637): Begin Intent { act=android.intent.action.PACKAGE_DATA_CLEARED dat=package:tech.gtt.frontapp.stb.demo flg=0x1000010 cmp=com.android.providers.media.module/com.android.providers.media.MediaService (has extras) }
06-16 01:19:18.490 D/MediaProvider( 2637): Deleted 0 Android/media items belonging to tech.gtt.frontapp.stb.demo on /data/user/0/com.android.providers.media.module/databases/external.db
06-16 01:19:18.491 I/MediaProvider( 2637): End Intent { act=android.intent.action.PACKAGE_DATA_CLEARED dat=package:tech.gtt.frontapp.stb.demo flg=0x1000010 cmp=com.android.providers.media.module/com.android.providers.media.MediaService (has extras) }
06-16 01:19:18.498 W/BroadcastQueue( 1933): Skipping deliver [background] BroadcastRecord{61498d u-1 android.net.conn.CONNECTIVITY_CHANGE} to ReceiverList{de37742 5914 (unknown name)/0/u-1 remote:1f402b7}: process gone or crashing
06-16 01:19:18.504 I/ActivityTaskManager( 1933): START u0 {act=android.intent.action.MAIN cat=[android.intent.category.LAUNCHER] flg=0x10200000 cmp=tech.gtt.frontapp.stb.demo/tech.gtt.frontapp.stb.m.home.activity.SplashActivity} from uid 0
06-16 01:19:18.506 W/ActivityTaskManager( 1933): Can't find TaskDisplayArea to determine support for multi window. Task id=18 attached=false
06-16 01:19:18.524 I/Monkey  ( 5914): Events injected: 1
06-16 01:19:18.532 D/CompatibilityChangeReporter( 1933): Compat change id reported: 135634846; UID 10058; state: DISABLED
06-16 01:19:18.533 D/CompatibilityChangeReporter( 1933): Compat change id reported: 143937733; UID 10058; state: ENABLED
06-16 01:19:18.533 I/Monkey  ( 5914): ## Network stats: elapsed time=30ms (0ms mobile, 0ms wifi, 30ms not connected)
06-16 01:19:18.533 I/app_process( 5914): System.exit called, status: 0
06-16 01:19:18.534 I/AndroidRuntime( 5914): VM exiting with result code 0.
06-16 01:19:18.541 D/Zygote  ( 1753): Forked child process 5959
06-16 01:19:18.547 I/ActivityManager( 1933): Start proc 5959:tech.gtt.frontapp.stb.demo/u0a58 for pre-top-activity {tech.gtt.frontapp.stb.demo/tech.gtt.frontapp.stb.m.home.activity.SplashActivity}
06-16 01:19:18.548 I/Zygote  ( 5959): seccomp disabled by setenforce 0
06-16 01:19:18.550 D/gralloc_nox( 1764): gralloc_alloc: Creating ashmem region of size 8298496
06-16 01:19:18.553 W/ontapp.stb.dem( 5959): Unexpected CPU variant for X86 using defaults: x86_64
06-16 01:19:18.577 D/ProcessState( 5959): Binder ioctl to enable oneway spam detection failed: Invalid argument
06-16 01:19:18.611 E/ashmem  ( 5959): memfd: ro.vndk.version not defined or invalid (), this is mandated since P.
06-16 01:19:18.614 D/gralloc_nox( 1764): gralloc_alloc: Creating ashmem region of size 8298496
06-16 01:19:18.625 D/CompatibilityChangeReporter( 5959): Compat change id reported: 171979766; UID 10058; state: ENABLED
06-16 01:19:18.677 D/gralloc_nox( 1764): gralloc_alloc: Creating ashmem region of size 8298496
06-16 01:19:18.685 V/GraphicsEnvironment( 5959): ANGLE Developer option for 'tech.gtt.frontapp.stb.demo' set to: 'default'
06-16 01:19:18.690 V/GraphicsEnvironment( 5959): ANGLE GameManagerService for tech.gtt.frontapp.stb.demo: false
06-16 01:19:18.691 V/GraphicsEnvironment( 5959): Neither updatable production driver nor prerelease driver is supported.
06-16 01:19:18.701 D/NetworkSecurityConfig( 5959): Using Network Security Config from resource network_security_config debugBuild: false
06-16 01:19:18.717 D/NetworkSecurityConfig( 5959): Using Network Security Config from resource network_security_config debugBuild: false
06-16 01:19:18.731 I/MultiDex( 5959): VM with version 2.1.0 has multidex support
06-16 01:19:18.731 I/MultiDex( 5959): Installing application
06-16 01:19:18.731 I/MultiDex( 5959): VM has multidex support, MultiDex support library is disabled.
06-16 01:19:18.732 E/[Package]( 5959): params: AppConfiguration(vnoId='11026504', brandId='d0k7d3p3kdikth2o3q6g', appId='d0jucrbq6bt4h33c0ma0', sourceId='30006401-31002837', authServers='https://gtt-app-apigateway-lion.vdemosit.com', shareKey='S2kQMgUSugYyMlk5QclHDaF0uDsFnB0oJoFeAFgsKb8=', packageName='tech.gtt.frontapp.stb.demo', appName='Goose TV', appVersionName='v1.0.0', appVersionCode='7', pluginVersionCode='1', pluginVersionName='6.0.0-beta-build5', packageSeq='1', buglyAppId='d76a04165f', buglyKey='13b89b2d-1c12-4c4f-93b8-46e3c2ef9f73', baseVersionCode='20000066', gitTag='2.1.4-beta6', supportLang='en,pt,es', defaultLang='en', bootLoadType='1')
06-16 01:19:18.733 W/System.err( 5959): java.lang.ClassNotFoundException: tech.gtt.frontapp.stb.docker.plugin.PluginUtils
06-16 01:19:18.734 W/System.err( 5959): 	at java.lang.Class.classForName(Native Method)
06-16 01:19:18.734 W/System.err( 5959): 	at java.lang.Class.forName(Class.java:454)
06-16 01:19:18.734 W/System.err( 5959): 	at java.lang.Class.forName(Class.java:379)
06-16 01:19:18.734 W/System.err( 5959): 	at ot.e.b(SourceFile:3)
06-16 01:19:18.734 W/System.err( 5959): 	at tech.gtt.frontapp.stb.app.MainApplication.attachBaseContext(SourceFile:130)
06-16 01:19:18.734 W/System.err( 5959): 	at android.app.Application.attach(Application.java:338)
06-16 01:19:18.734 W/System.err( 5959): 	at android.app.Instrumentation.newApplication(Instrumentation.java:1190)
06-16 01:19:18.734 W/System.err( 5959): 	at android.app.LoadedApk.makeApplication(LoadedApk.java:1361)
06-16 01:19:18.734 W/System.err( 5959): 	at android.app.ActivityThread.handleBindApplication(ActivityThread.java:6728)
06-16 01:19:18.734 W/System.err( 5959): 	at android.app.ActivityThread.access$1500(ActivityThread.java:256)
06-16 01:19:18.734 W/System.err( 5959): 	at android.app.ActivityThread$H.handleMessage(ActivityThread.java:2091)
06-16 01:19:18.735 W/System.err( 5959): 	at android.os.Handler.dispatchMessage(Handler.java:106)
06-16 01:19:18.735 W/System.err( 5959): 	at android.os.Looper.loopOnce(Looper.java:201)
06-16 01:19:18.735 W/System.err( 5959): 	at android.os.Looper.loop(Looper.java:288)
06-16 01:19:18.735 W/System.err( 5959): 	at android.app.ActivityThread.main(ActivityThread.java:7875)
06-16 01:19:18.735 W/System.err( 5959): 	at java.lang.reflect.Method.invoke(Native Method)
06-16 01:19:18.735 W/System.err( 5959): 	at com.android.internal.os.RuntimeInit$MethodAndArgsCaller.run(RuntimeInit.java:568)
06-16 01:19:18.735 W/System.err( 5959): 	at com.android.internal.os.ZygoteInit.main(ZygoteInit.java:1005)
06-16 01:19:18.735 W/System.err( 5959): Caused by: java.lang.ClassNotFoundException: tech.gtt.frontapp.stb.docker.plugin.PluginUtils
06-16 01:19:18.735 W/System.err( 5959): 	... 18 more
06-16 01:19:18.735 E/[Package]( 5959): isInPluginMode: false
06-16 01:19:18.742 I/CustomActivityOnCrash( 5959): CustomActivityOnCrash has been installed.
06-16 01:19:18.744 I/System.out( 5959): Modular_Init : a - initialize
06-16 01:19:18.747 I/System.out( 5959): Modular_Init : d - initialize
06-16 01:19:18.748 I/System.out( 5959): Modular_Init : a - initialize
06-16 01:19:18.749 D/[LiveInitialize]( 5959): init---
06-16 01:19:18.749 I/System.out( 5959): Modular_Init : a - initialize
06-16 01:19:18.750 I/System.out( 5959): Modular_Init : a - initialize
06-16 01:19:18.750 D/[CatchupInitModule]( 5959): init---
06-16 01:19:18.750 I/System.out( 5959): Modular_Init : b - initialize
06-16 01:19:18.752 I/System.out( 5959): Modular_Init : a - initialize
06-16 01:19:18.752 D/[ReplayInitialize]( 5959): init---
06-16 01:19:18.754 D/AndroidAutoSize( 5959): designWidthInDp = 360, designHeightInDp = 640, screenWidth = 1920, screenHeight = 1080
06-16 01:19:18.755 D/AndroidAutoSize( 5959): initDensity = 2.0, initScaledDensity = 2.0
06-16 01:19:18.774 D/AndroidAutoSize( 5959): tech.gtt.frontapp.stb.m.home.activity.SplashActivity used the global configuration.
06-16 01:19:18.784 D/AndroidAutoSize( 5959): The tech.gtt.frontapp.stb.m.home.activity.SplashActivity has been adapted! 
06-16 01:19:18.784 D/AndroidAutoSize( 5959): SplashActivity Info: isBaseOnWidth = true, designWidthInDp = 1920.000000, designWidthInSubunits = 1920.000000, targetDensity = 1.000000, targetScaledDensity = 1.000000, targetDensityDpi = 160, targetXdpi = 1.000000, targetScreenWidthDp = 1920, targetScreenHeightDp = 1032
06-16 01:19:18.968 D/AndroidAutoSize( 5959): tech.gtt.frontapp.stb.m.home.activity.SplashActivity used the global configuration.
06-16 01:19:18.969 D/AndroidAutoSize( 5959): The tech.gtt.frontapp.stb.m.home.activity.SplashActivity has been adapted! 
06-16 01:19:18.969 D/AndroidAutoSize( 5959): SplashActivity Info: isBaseOnWidth = true, designWidthInDp = 1920.000000, designWidthInSubunits = 1920.000000, targetDensity = 1.000000, targetScaledDensity = 1.000000, targetDensityDpi = 160, targetXdpi = 1.000000, targetScreenWidthDp = 1920, targetScreenHeightDp = 1032
06-16 01:19:18.978 I/ActivityTaskManager( 1933): START u0 {act=android.content.pm.action.REQUEST_PERMISSIONS pkg=com.android.permissioncontroller cmp=com.android.permissioncontroller/.permission.ui.GrantPermissionsActivity (has extras)} from uid 10058
06-16 01:19:18.980 D/CompatibilityChangeReporter( 1933): Compat change id reported: 174042980; UID 10053; state: DISABLED
06-16 01:19:18.980 D/CompatibilityChangeReporter( 1933): Compat change id reported: 184838306; UID 10053; state: DISABLED
06-16 01:19:18.980 D/CompatibilityChangeReporter( 1933): Compat change id reported: 185004937; UID 10053; state: DISABLED
06-16 01:19:18.980 D/CompatibilityChangeReporter( 1933): Compat change id reported: 181136395; UID 10053; state: DISABLED
06-16 01:19:18.981 D/CompatibilityChangeReporter( 1933): Compat change id reported: 174042936; UID 10053; state: DISABLED
06-16 01:19:19.033 D/ontapp.stb.dem( 5959): createUnique: call
06-16 01:19:19.044 D/ontapp.stb.dem( 5959): HostComposition ext GL_OES_EGL_image GL_OES_EGL_image_external GL_OES_depth24 GL_OES_depth32 GL_OES_element_index_uint GL_OES_texture_float GL_OES_texture_float_linear GL_OES_compressed_paletted_texture GL_OES_compressed_ETC1_RGB8_texture GL_OES_depth_texture GL_EXT_texture_format_BGRA8888 GL_APPLE_texture_format_BGRA8888 GL_OES_texture_half_float GL_EXT_robustness GL_OES_texture_half_float_linear GL_OES_packed_depth_stencil GL_OES_vertex_half_float GL_OES_texture_npot GL_OES_rgb8_rgba8 GL_EXT_color_buffer_float GL_EXT_texture_sRGB_decode ANDROID_gles_max_version_3_1 GL_OES_vertex_array_object GL_EXT_texture_buffer GL_EXT_copy_image GL_KHR_texture_compression_astc_ldr GL_KHR_texture_compression_astc_hdr GL_OES_texture_compression_astc GL_OES_EGL_image_external
06-16 01:19:19.045 D/hw-ProcessState( 5959): Binder ioctl to enable oneway spam detection failed: Invalid argument
06-16 01:19:19.046 W/OpenGLRenderer( 5959): Failed to initialize 101010-2 format, error = EGL_SUCCESS
06-16 01:19:19.046 D/EGL_emulation( 5959): rcCreateContext wated version 2.0  rc:4
06-16 01:19:19.076 D/EGL_emulation( 5959): eglMakeCurrent: 0x76d4e42e1d10: ver 3 2 (tinfo 0x76d4642f5990) (first time)
06-16 01:19:19.079 E/HWComposer( 1779): getSupportedContentTypes: getSupportedContentTypes failed for display 0: Unsupported (8)
06-16 01:19:19.081 D/ProcessState( 5993): Binder ioctl to enable oneway spam detection failed: Invalid argument
06-16 01:19:19.081 I/hwservicemanager( 1565): getTransport: Cannot find entry android.hardware.graphics.mapper@4.0::IMapper/default in either framework or device VINTF manifest.
06-16 01:19:19.081 I/Gralloc4( 5959): mapper 4.x is not supported
06-16 01:19:19.081 I/hwservicemanager( 1565): getTransport: Cannot find entry android.hardware.graphics.mapper@3.0::IMapper/default in either framework or device VINTF manifest.
06-16 01:19:19.081 W/Gralloc3( 5959): mapper 3.x is not supported
06-16 01:19:19.083 I/hwservicemanager( 1565): getTransport: Cannot find entry android.hardware.graphics.allocator@4.0::IAllocator/default in either framework or device VINTF manifest.
06-16 01:19:19.083 W/Gralloc4( 5959): allocator 4.x is not supported
06-16 01:19:19.083 I/hwservicemanager( 1565): getTransport: Cannot find entry android.hardware.graphics.allocator@3.0::IAllocator/default in either framework or device VINTF manifest.
06-16 01:19:19.083 W/Gralloc3( 5959): allocator 3.x is not supported
06-16 01:19:19.083 D/gralloc_nox( 1764): gralloc_alloc: Creating ashmem region of size 8298496
06-16 01:19:19.118 D/ontapp.stb.dem( 5959): createUnique: call
06-16 01:19:19.118 D/ontapp.stb.dem( 5959): HostComposition ext GL_OES_EGL_image GL_OES_EGL_image_external GL_OES_depth24 GL_OES_depth32 GL_OES_element_index_uint GL_OES_texture_float GL_OES_texture_float_linear GL_OES_compressed_paletted_texture GL_OES_compressed_ETC1_RGB8_texture GL_OES_depth_texture GL_EXT_texture_format_BGRA8888 GL_APPLE_texture_format_BGRA8888 GL_OES_texture_half_float GL_EXT_robustness GL_OES_texture_half_float_linear GL_OES_packed_depth_stencil GL_OES_vertex_half_float GL_OES_texture_npot GL_OES_rgb8_rgba8 GL_EXT_color_buffer_float GL_EXT_texture_sRGB_decode ANDROID_gles_max_version_3_1 GL_OES_vertex_array_object GL_EXT_texture_buffer GL_EXT_copy_image GL_KHR_texture_compression_astc_ldr GL_KHR_texture_compression_astc_hdr GL_OES_texture_compression_astc GL_OES_EGL_image_external
06-16 01:19:19.119 D/gralloc_nox( 1764): gralloc_alloc: Creating ashmem region of size 8298496
06-16 01:19:19.165 D/gralloc_nox( 1764): gralloc_alloc: Creating ashmem region of size 8298496
06-16 01:19:19.228 E/libEGL  ( 5959): called unimplemented OpenGL ES API
06-16 01:19:19.444 D/CompatibilityChangeReporter( 5926): Compat change id reported: 171228096; UID 10053; state: ENABLED
06-16 01:19:19.576 W/InputManager-JNI( 1933): Input channel object 'cea91af Splash Screen tech.gtt.frontapp.stb.demo (client)' was disposed without first being removed with the input manager!
06-16 01:19:19.681 I/ActivityTaskManager( 1933): Displayed com.android.permissioncontroller/.permission.ui.GrantPermissionsActivity: +1s165ms
06-16 01:19:19.717 D/ProcessState( 6011): Binder ioctl to enable oneway spam detection failed: Invalid argument
06-16 01:19:19.866 D/hw-ProcessState( 5926): Binder ioctl to enable oneway spam detection failed: Invalid argument
06-16 01:19:19.868 I/hwservicemanager( 1565): getTransport: Cannot find entry android.hardware.graphics.mapper@4.0::IMapper/default in either framework or device VINTF manifest.
06-16 01:19:19.868 I/Gralloc4( 5926): mapper 4.x is not supported
06-16 01:19:19.869 I/hwservicemanager( 1565): getTransport: Cannot find entry android.hardware.graphics.mapper@3.0::IMapper/default in either framework or device VINTF manifest.
06-16 01:19:19.869 W/Gralloc3( 5926): mapper 3.x is not supported
06-16 01:19:19.881 I/hwservicemanager( 1565): getTransport: Cannot find entry android.hardware.graphics.allocator@4.0::IAllocator/default in either framework or device VINTF manifest.
06-16 01:19:19.881 W/Gralloc4( 5926): allocator 4.x is not supported
06-16 01:19:19.881 I/hwservicemanager( 1565): getTransport: Cannot find entry android.hardware.graphics.allocator@3.0::IAllocator/default in either framework or device VINTF manifest.
06-16 01:19:19.882 W/Gralloc3( 5926): allocator 3.x is not supported
06-16 01:19:19.884 D/gralloc_nox( 1764): gralloc_alloc: Creating ashmem region of size 5496832
06-16 01:19:19.899 D/ssioncontrolle( 5926): createUnique: call
06-16 01:19:19.949 D/ssioncontrolle( 5926): HostComposition ext GL_OES_EGL_image GL_OES_EGL_image_external GL_OES_depth24 GL_OES_depth32 GL_OES_element_index_uint GL_OES_texture_float GL_OES_texture_float_linear GL_OES_compressed_paletted_texture GL_OES_compressed_ETC1_RGB8_texture GL_OES_depth_texture GL_EXT_texture_format_BGRA8888 GL_APPLE_texture_format_BGRA8888 GL_OES_texture_half_float GL_EXT_robustness GL_OES_texture_half_float_linear GL_OES_packed_depth_stencil GL_OES_vertex_half_float GL_OES_texture_npot GL_OES_rgb8_rgba8 GL_EXT_color_buffer_float GL_EXT_texture_sRGB_decode ANDROID_gles_max_version_3_1 GL_OES_vertex_array_object GL_EXT_texture_buffer GL_EXT_copy_image GL_KHR_texture_compression_astc_ldr GL_KHR_texture_compression_astc_hdr GL_OES_texture_compression_astc GL_OES_EGL_image_external
06-16 01:19:20.071 D/gralloc_nox( 1764): gralloc_alloc: Creating ashmem region of size 5496832
06-16 01:19:20.264 D/gralloc_nox( 1764): gralloc_alloc: Creating ashmem region of size 5496832
06-16 01:19:21.523 E/TaskPersister( 1933): File error accessing recents directory (directory doesn't exist?).
06-16 01:19:21.575 D/UIAutomatorStub( 5865): URI: /jsonrpc/0, Method: POST, params, {NanoHttpd.QUERY_STRING=null}, files: {postData={"jsonrpc": "2.0", "id": 1, "method": "count", "params": [{"mask": 2097152, "childOrSibling": [], "childOrSiblingSelector": [], "resourceId": "com.android.permissioncontroller:id/permission_allow_button"}]}}
06-16 01:19:21.601 D/UiObject( 5865): Waiting 0ms for UiSelector[RESOURCE_ID=com.android.permissioncontroller:id/permission_allow_button].
06-16 01:19:21.609 W/QueryController( 5865): Could not detect idle state.
06-16 01:19:21.625 I/QueryController( 5865): Matched selector: UiSelector[RESOURCE_ID=com.android.permissioncontroller:id/permission_allow_button] <<==>> [android.view.accessibility.AccessibilityNodeInfo@b899; boundsInParent: Rect(0, 0 - 992, 112); boundsInScreen: Rect(464, 557 - 1456, 669); packageName: com.android.permissioncontroller; className: android.widget.Button; text: 允许; error: null; maxTextLength: -1; stateDescription: null; contentDescription: null; tooltipText: null; viewIdResName: com.android.permissioncontroller:id/permission_allow_button; checkable: false; checked: false; focusable: true; focused: false; selected: false; clickable: true; longClickable: false; contextClickable: false; enabled: true; password: false; scrollable: false; importantForAccessibility: true; visible: true; actions: [AccessibilityAction: ACTION_FOCUS - null, AccessibilityAction: ACTION_SELECT - null, AccessibilityAction: ACTION_CLEAR_SELECTION - null, AccessibilityAction: ACTION_CLICK - null, AccessibilityAction: ACTION_ACCESSIBILITY_FOCUS - null, AccessibilityAction: ACTION_NEXT_AT_MOVEMENT_GRANULARITY - null, AccessibilityAction: ACTION_PREVIOUS_AT_MOVEMENT_GRANULARITY - null, AccessibilityAction: ACTION_SET_SELECTION - null, AccessibilityAction: ACTION_SHOW_ON_SCREEN - null]]
06-16 01:19:21.626 D/UiObject( 5865): Waiting 0ms for UiSelector[INSTANCE=1, RESOURCE_ID=com.android.permissioncontroller:id/permission_allow_button].
06-16 01:19:21.626 W/QueryController( 5865): Could not detect idle state.
06-16 01:19:21.682 D/UIAutomatorStub( 5865): URI: /jsonrpc/0, Method: POST, params, {NanoHttpd.QUERY_STRING=null}, files: {postData={"jsonrpc": "2.0", "id": 1, "method": "waitForExists", "params": [{"mask": 2097152, "childOrSibling": [], "childOrSiblingSelector": [], "resourceId": "com.android.permissioncontroller:id/permission_allow_button"}, 20000]}}
06-16 01:19:21.690 D/UiDevice( 5865): Waiting 20000ms for SearchCondition[hasObject=BySelector [RES='\Qcom.android.permissioncontroller:id/permission_allow_button\E']].
06-16 01:19:21.691 D/UiDevice( 5865): Searching for node with selector: BySelector [RES='\Qcom.android.permissioncontroller:id/permission_allow_button\E'].
06-16 01:19:21.692 W/QueryController( 5865): Could not detect idle state.
06-16 01:19:21.851 D/UIAutomatorStub( 5865): URI: /jsonrpc/0, Method: POST, params, {NanoHttpd.QUERY_STRING=null}, files: {postData={"jsonrpc": "2.0", "id": 1, "method": "objInfo", "params": [{"mask": 2097152, "childOrSibling": [], "childOrSiblingSelector": [], "resourceId": "com.android.permissioncontroller:id/permission_allow_button"}]}}
06-16 01:19:21.863 D/UiDevice( 5865): Retrieving node with selector: BySelector [RES='\Qcom.android.permissioncontroller:id/permission_allow_button\E'].
06-16 01:19:21.867 W/QueryController( 5865): Could not detect idle state.
06-16 01:19:21.917 W/QueryController( 5865): Could not detect idle state.
06-16 01:19:21.931 W/QueryController( 5865): Could not detect idle state.
06-16 01:19:21.944 W/QueryController( 5865): Could not detect idle state.
06-16 01:19:21.961 W/QueryController( 5865): Could not detect idle state.
06-16 01:19:21.979 W/QueryController( 5865): Could not detect idle state.
06-16 01:19:21.986 W/QueryController( 5865): Could not detect idle state.
06-16 01:19:21.995 W/QueryController( 5865): Could not detect idle state.
06-16 01:19:22.006 W/QueryController( 5865): Could not detect idle state.
06-16 01:19:22.018 W/QueryController( 5865): Could not detect idle state.
06-16 01:19:22.030 W/QueryController( 5865): Could not detect idle state.
06-16 01:19:22.046 W/QueryController( 5865): Could not detect idle state.
06-16 01:19:22.063 W/QueryController( 5865): Could not detect idle state.
06-16 01:19:22.078 W/QueryController( 5865): Could not detect idle state.
06-16 01:19:22.099 W/QueryController( 5865): Could not detect idle state.
06-16 01:19:22.116 W/QueryController( 5865): Could not detect idle state.
06-16 01:19:22.128 W/QueryController( 5865): Could not detect idle state.
06-16 01:19:22.137 W/QueryController( 5865): Could not detect idle state.
06-16 01:19:22.197 D/UIAutomatorStub( 5865): URI: /jsonrpc/0, Method: POST, params, {NanoHttpd.QUERY_STRING=null}, files: {postData={"jsonrpc": "2.0", "id": 1, "method": "click", "params": [960.0, 613.0]}}
06-16 01:19:22.233 V/DisplayPowerController[0]( 1933): Brightness [0.39763778] reason changing to: 'manual', previous reason: 'manual [ dim ]'.
06-16 01:19:22.239 E/DisplayDeviceConfig( 1933): requesting nits when no mapping exists.
06-16 01:19:22.243 E/DisplayDeviceConfig( 1933): requesting nits when no mapping exists.
06-16 01:19:22.247 I/DropBoxManagerService( 1933): add tag=system_server_wtf isTagEnabled=true flags=0x2
06-16 01:19:22.249 E/LightsService( 1933): Light requested not available on this device. 0
06-16 01:19:22.259 E/DisplayDeviceConfig( 1933): requesting nits when no mapping exists.
06-16 01:19:22.259 I/DropBoxManagerService( 1933): add tag=system_server_wtf isTagEnabled=true flags=0x2
06-16 01:19:22.260 E/DisplayDeviceConfig( 1933): requesting nits when no mapping exists.
06-16 01:19:22.264 E/LightsService( 1933): Light requested not available on this device. 0
06-16 01:19:22.268 I/DropBoxManagerService( 1933): add tag=system_server_wtf isTagEnabled=true flags=0x2
06-16 01:19:22.276 I/DropBoxManagerService( 1933): add tag=system_server_wtf isTagEnabled=true flags=0x2
06-16 01:19:22.276 E/DisplayDeviceConfig( 1933): requesting nits when no mapping exists.
06-16 01:19:22.278 E/DisplayDeviceConfig( 1933): requesting nits when no mapping exists.
06-16 01:19:22.282 I/DropBoxManagerService( 1933): add tag=system_server_wtf isTagEnabled=true flags=0x2
06-16 01:19:22.290 E/LightsService( 1933): Light requested not available on this device. 0
06-16 01:19:22.295 E/DisplayDeviceConfig( 1933): requesting nits when no mapping exists.
06-16 01:19:22.297 E/DisplayDeviceConfig( 1933): requesting nits when no mapping exists.
06-16 01:19:22.302 E/LightsService( 1933): Light requested not available on this device. 0
06-16 01:19:22.307 E/DisplayDeviceConfig( 1933): requesting nits when no mapping exists.
06-16 01:19:22.311 E/DisplayDeviceConfig( 1933): requesting nits when no mapping exists.
06-16 01:19:22.315 E/LightsService( 1933): Light requested not available on this device. 0
06-16 01:19:22.329 E/DisplayDeviceConfig( 1933): requesting nits when no mapping exists.
06-16 01:19:22.332 E/DisplayDeviceConfig( 1933): requesting nits when no mapping exists.
06-16 01:19:22.344 E/LightsService( 1933): Light requested not available on this device. 0
06-16 01:19:22.345 E/DisplayDeviceConfig( 1933): requesting nits when no mapping exists.
06-16 01:19:22.346 E/DisplayDeviceConfig( 1933): requesting nits when no mapping exists.
06-16 01:19:22.351 E/LightsService( 1933): Light requested not available on this device. 0
06-16 01:19:22.360 E/DisplayDeviceConfig( 1933): requesting nits when no mapping exists.
06-16 01:19:22.362 E/DisplayDeviceConfig( 1933): requesting nits when no mapping exists.
06-16 01:19:22.364 E/LightsService( 1933): Light requested not available on this device. 0
06-16 01:19:22.374 E/DisplayDeviceConfig( 1933): requesting nits when no mapping exists.
06-16 01:19:22.375 E/DisplayDeviceConfig( 1933): requesting nits when no mapping exists.
06-16 01:19:22.377 E/LightsService( 1933): Light requested not available on this device. 0
06-16 01:19:22.392 E/DisplayDeviceConfig( 1933): requesting nits when no mapping exists.
06-16 01:19:22.393 E/DisplayDeviceConfig( 1933): requesting nits when no mapping exists.
06-16 01:19:22.397 E/LightsService( 1933): Light requested not available on this device. 0
06-16 01:19:22.408 E/DisplayDeviceConfig( 1933): requesting nits when no mapping exists.
06-16 01:19:22.410 E/DisplayDeviceConfig( 1933): requesting nits when no mapping exists.
06-16 01:19:22.411 E/LightsService( 1933): Light requested not available on this device. 0
06-16 01:19:22.424 E/DisplayDeviceConfig( 1933): requesting nits when no mapping exists.
06-16 01:19:22.425 E/DisplayDeviceConfig( 1933): requesting nits when no mapping exists.
06-16 01:19:22.430 E/LightsService( 1933): Light requested not available on this device. 0
06-16 01:19:22.447 E/DisplayDeviceConfig( 1933): requesting nits when no mapping exists.
06-16 01:19:22.449 E/DisplayDeviceConfig( 1933): requesting nits when no mapping exists.
06-16 01:19:22.450 E/LightsService( 1933): Light requested not available on this device. 0
06-16 01:19:22.458 E/DisplayDeviceConfig( 1933): requesting nits when no mapping exists.
06-16 01:19:22.460 E/DisplayDeviceConfig( 1933): requesting nits when no mapping exists.
06-16 01:19:22.464 E/LightsService( 1933): Light requested not available on this device. 0
06-16 01:19:22.474 E/DisplayDeviceConfig( 1933): requesting nits when no mapping exists.
06-16 01:19:22.475 E/DisplayDeviceConfig( 1933): requesting nits when no mapping exists.
06-16 01:19:22.476 E/LightsService( 1933): Light requested not available on this device. 0
06-16 01:19:22.490 E/DisplayDeviceConfig( 1933): requesting nits when no mapping exists.
06-16 01:19:22.492 E/DisplayDeviceConfig( 1933): requesting nits when no mapping exists.
06-16 01:19:22.498 E/LightsService( 1933): Light requested not available on this device. 0
06-16 01:19:22.847 V/GrantPermissionsViewModel( 5926): Logged buttons presented and clicked permissionGroupName=android.permission-group.STORAGE uid=10058 selectedLocations=0 package=tech.gtt.frontapp.stb.demo presentedButtons=9 clickedButton=1 sessionId=-5072185450065467752 targetSdk=35
06-16 01:19:22.859 I/MediaProvider( 2637): Invalidating LocalCallingIdentity cache for package tech.gtt.frontapp.stb.demo. Reason: op android:read_external_storage
06-16 01:19:22.860 I/MediaProvider( 2637): Invalidating LocalCallingIdentity cache for package tech.gtt.frontapp.stb.demo. Reason: op android:read_external_storage
06-16 01:19:22.862 V/GrantPermissionsViewModel( 5926): Permission grant result requestId=-5072185450065467752 callingUid=10058 callingPackage=tech.gtt.frontapp.stb.demo permission=android.permission.READ_EXTERNAL_STORAGE isImplicit=false result=4
06-16 01:19:22.875 D/gralloc_nox( 1764): gralloc_alloc: Creating ashmem region of size 8298496
06-16 01:19:22.901 E/android.hardware.audio.service( 1756): pcm_open called create stream faild
06-16 01:19:22.913 D/AudioFlinger( 1776): mixer(0x727c2c5fda60) throttle end: throttle time(41)
06-16 01:19:23.235 D/CompatibilityChangeReporter( 5959): Compat change id reported: 78294732; UID 10058; state: ENABLED
06-16 01:19:23.238 I/b       ( 5959): freeSpace : 116664MB
06-16 01:19:23.362 D/ProcessState( 6028): Binder ioctl to enable oneway spam detection failed: Invalid argument
06-16 01:19:23.443 D/ConnectivityService( 1933): NetReassign [no changes]
06-16 01:19:23.465 V/GSK     ( 5959): StorageServiceImpl initialization() executed in 1 ms.
06-16 01:19:23.465 V/GSK     ( 5959): SecurityServiceImpl initialization() executed in 0 ms.
06-16 01:19:23.609 W/System.err( 5959): SLF4J(W): No SLF4J providers were found.
06-16 01:19:23.609 W/System.err( 5959): SLF4J(W): Defaulting to no-operation (NOP) logger implementation
06-16 01:19:23.609 W/System.err( 5959): SLF4J(W): See https://www.slf4j.org/codes.html#noProviders for further details.
06-16 01:19:23.692 W/System.err( 5959): kotlinx.serialization.json.internal.JsonDecodingException: Expected start of the object '{', but had 'EOF' instead at path: $
06-16 01:19:23.696 W/System.err( 5959): JSON input: 
06-16 01:19:23.698 W/System.err( 5959): 	at kotlinx.serialization.json.internal.JsonExceptionsKt.JsonDecodingException(SourceFile:1)
06-16 01:19:23.698 W/System.err( 5959): 	at kotlinx.serialization.json.internal.JsonExceptionsKt.JsonDecodingException(SourceFile:2)
06-16 01:19:23.699 W/System.err( 5959): 	at kotlinx.serialization.json.internal.AbstractJsonLexer.fail(SourceFile:52)
06-16 01:19:23.699 W/System.err( 5959): 	at kotlinx.serialization.json.internal.AbstractJsonLexer.fail$default(SourceFile:15)
06-16 01:19:23.699 W/System.err( 5959): 	at kotlinx.serialization.json.internal.AbstractJsonLexer.unexpectedToken(SourceFile:103)
06-16 01:19:23.699 W/System.err( 5959): 	at kotlinx.serialization.json.internal.StringJsonLexer.consumeNextToken(SourceFile:16)
06-16 01:19:23.699 W/System.err( 5959): 	at kotlinx.serialization.json.internal.StreamingJsonDecoder.beginStructure(SourceFile:23)
06-16 01:19:23.699 W/System.err( 5959): 	at tech.gtt.frontapp.servicesdk.common.service.utility.apis.e2ee.E2eeConfigResponse$$serializer.deserialize(SourceFile:2)
06-16 01:19:23.699 W/System.err( 5959): 	at tech.gtt.frontapp.servicesdk.common.service.utility.apis.e2ee.E2eeConfigResponse$$serializer.deserialize(SourceFile:1)
06-16 01:19:23.699 W/System.err( 5959): 	at kotlinx.serialization.json.internal.StreamingJsonDecoder.decodeSerializableValue(SourceFile:320)
06-16 01:19:23.699 W/System.err( 5959): 	at kotlinx.serialization.json.Json.decodeFromString(SourceFile:3)
06-16 01:19:23.699 W/System.err( 5959): 	at tech.gtt.frontapp.servicesdk.common.service.utility.apis.e2ee.E2eeManager.syncE2eeConfig(SourceFile:74)
06-16 01:19:23.699 W/System.err( 5959): 	at tech.gtt.frontapp.servicesdk.common.service.utility.apis.ApiUtilServiceImpl.onServiceInit(SourceFile:228)
06-16 01:19:23.699 W/System.err( 5959): 	at tech.gtt.frontapp.servicesdk.common.core.ServiceSDKImpl.executeServiceInitialize(SourceFile:372)
06-16 01:19:23.699 W/System.err( 5959): 	at tech.gtt.frontapp.servicesdk.common.core.ServiceSDKImpl.access$executeServiceInitialize(SourceFile:1)
06-16 01:19:23.699 W/System.err( 5959): 	at tech.gtt.frontapp.servicesdk.common.core.ServiceSDKImpl$init$1.invokeSuspend(SourceFile:178)
06-16 01:19:23.699 W/System.err( 5959): 	at tech.gtt.frontapp.servicesdk.common.core.ServiceSDKImpl$init$1.invoke(SourceFile:2)
06-16 01:19:23.699 W/System.err( 5959): 	at tech.gtt.frontapp.servicesdk.common.core.ServiceSDKImpl$init$1.invoke(SourceFile:1)
06-16 01:19:23.699 W/System.err( 5959): 	at kotlinx.coroutines.flow.SafeFlow.collectSafely(SourceFile:3)
06-16 01:19:23.699 W/System.err( 5959): 	at kotlinx.coroutines.flow.AbstractFlow.collect(SourceFile:70)
06-16 01:19:23.699 W/System.err( 5959): 	at tech.gtt.frontapp.servicesdk.common.core.SDKSetup$build$1.invokeSuspend(SourceFile:42)
06-16 01:19:23.699 W/System.err( 5959): 	at tech.gtt.frontapp.servicesdk.common.core.SDKSetup$build$1.invoke(SourceFile:2)
06-16 01:19:23.699 W/System.err( 5959): 	at tech.gtt.frontapp.servicesdk.common.core.SDKSetup$build$1.invoke(SourceFile:1)
06-16 01:19:23.699 W/System.err( 5959): 	at tech.gtt.frontapp.servicesdk.common.core.Scheduler$scheduleDirect$1.invokeSuspend(SourceFile:61)
06-16 01:19:23.699 W/System.err( 5959): 	at lh.a.resumeWith(SourceFile:14)
06-16 01:19:23.699 W/System.err( 5959): 	at kotlinx.coroutines.DispatchedTask.run(SourceFile:123)
06-16 01:19:23.699 W/System.err( 5959): 	at kotlinx.coroutines.internal.LimitedDispatcher$Worker.run(SourceFile:4)
06-16 01:19:23.699 W/System.err( 5959): 	at kotlinx.coroutines.scheduling.TaskImpl.run(SourceFile:3)
06-16 01:19:23.699 W/System.err( 5959): 	at kotlinx.coroutines.scheduling.CoroutineScheduler.runSafely(SourceFile:1)
06-16 01:19:23.699 W/System.err( 5959): 	at kotlinx.coroutines.scheduling.CoroutineScheduler$Worker.executeTask(SourceFile:34)
06-16 01:19:23.699 W/System.err( 5959): 	at kotlinx.coroutines.scheduling.CoroutineScheduler$Worker.runWorker(SourceFile:29)
06-16 01:19:23.699 W/System.err( 5959): 	at kotlinx.coroutines.scheduling.CoroutineScheduler$Worker.run(SourceFile:1)
06-16 01:19:23.736 W/System.err( 5959): java.io.FileNotFoundException: sys/class/sunxi_info/sys_info: open failed: ENOENT (No such file or directory)
06-16 01:19:23.736 W/System.err( 5959): 	at libcore.io.IoBridge.open(IoBridge.java:575)
06-16 01:19:23.736 W/System.err( 5959): 	at java.io.FileInputStream.<init>(FileInputStream.java:160)
06-16 01:19:23.736 W/System.err( 5959): 	at java.io.FileInputStream.<init>(FileInputStream.java:115)
06-16 01:19:23.736 W/System.err( 5959): 	at ip.b.b(SourceFile:5)
06-16 01:19:23.736 W/System.err( 5959): 	at ip.b.a(SourceFile:155)
06-16 01:19:23.736 W/System.err( 5959): 	at ip.a.invoke(SourceFile:589)
06-16 01:19:23.736 W/System.err( 5959): 	at dh.v.getValue(SourceFile:21)
06-16 01:19:23.736 W/System.err( 5959): 	at tech.gtt.frontapp.servicesdk.common.network.interceptor.params.ApiDeviceParams.handleFixedParams(SourceFile:52)
06-16 01:19:23.736 W/System.err( 5959): 	at tech.gtt.frontapp.servicesdk.common.service.utility.apis.IParamsGetter.toMaps(SourceFile:87)
06-16 01:19:23.736 W/System.err( 5959): 	at tech.gtt.frontapp.servicesdk.common.network.interceptor.DefaultParamsInterceptor.onRequest(SourceFile:127)
06-16 01:19:23.736 W/System.err( 5959): 	at tech.gtt.frontapp.servicesdk.common.network.interceptor.SDKInterceptorsPluginKt$setupRequestInterception$1.invokeSuspend(SourceFile:103)
06-16 01:19:23.736 W/System.err( 5959): 	at tech.gtt.frontapp.servicesdk.common.network.interceptor.SDKInterceptorsPluginKt$setupRequestInterception$1.invoke(SourceFile:1)
06-16 01:19:23.736 W/System.err( 5959): 	at tech.gtt.frontapp.servicesdk.common.network.interceptor.SDKInterceptorsPluginKt$setupRequestInterception$1.invoke(SourceFile:2)
06-16 01:19:23.736 W/System.err( 5959): 	at io.ktor.util.pipeline.DebugPipelineContext.proceedLoop(SourceFile:86)
06-16 01:19:23.736 W/System.err( 5959): 	at io.ktor.util.pipeline.DebugPipelineContext.proceed(SourceFile:26)
06-16 01:19:23.736 W/System.err( 5959): 	at io.ktor.client.plugins.RequestError$install$1.invokeSuspend(SourceFile:47)
06-16 01:19:23.736 W/System.err( 5959): 	at io.ktor.client.plugins.RequestError$install$1.invoke(SourceFile:1)
06-16 01:19:23.736 W/System.err( 5959): 	at io.ktor.client.plugins.RequestError$install$1.invoke(SourceFile:2)
06-16 01:19:23.736 W/System.err( 5959): 	at io.ktor.util.pipeline.DebugPipelineContext.proceedLoop(SourceFile:86)
06-16 01:19:23.736 W/System.err( 5959): 	at io.ktor.util.pipeline.DebugPipelineContext.proceed(SourceFile:26)
06-16 01:19:23.736 W/System.err( 5959): 	at io.ktor.client.plugins.SetupRequestContext$install$1.invokeSuspend$proceed(SourceFile:1)
06-16 01:19:23.736 W/System.err( 5959): 	at io.ktor.client.plugins.SetupRequestContext$install$1.access$invokeSuspend$proceed(SourceFile:1)
06-16 01:19:23.736 W/System.err( 5959): 	at io.ktor.client.plugins.SetupRequestContext$install$1$1.invoke(SourceFile:2)
06-16 01:19:23.736 W/System.err( 5959): 	at io.ktor.client.plugins.SetupRequestContext$install$1$1.invoke(SourceFile:1)
06-16 01:19:23.736 W/System.err( 5959): 	at io.ktor.client.plugins.HttpRequestLifecycleKt$HttpRequestLifecycle$1$1.invokeSuspend(SourceFile:78)
06-16 01:19:23.736 W/System.err( 5959): 	at io.ktor.client.plugins.HttpRequestLifecycleKt$HttpRequestLifecycle$1$1.invoke(SourceFile:1)
06-16 01:19:23.736 W/System.err( 5959): 	at io.ktor.client.plugins.HttpRequestLifecycleKt$HttpRequestLifecycle$1$1.invoke(SourceFile:2)
06-16 01:19:23.736 W/System.err( 5959): 	at io.ktor.client.plugins.SetupRequestContext$install$1.invokeSuspend(SourceFile:42)
06-16 01:19:23.736 W/System.err( 5959): 	at io.ktor.client.plugins.SetupRequestContext$install$1.invoke(SourceFile:1)
06-16 01:19:23.736 W/System.err( 5959): 	at io.ktor.client.plugins.SetupRequestContext$install$1.invoke(SourceFile:2)
06-16 01:19:23.736 W/System.err( 5959): 	at io.ktor.util.pipeline.DebugPipelineContext.proceedLoop(SourceFile:86)
06-16 01:19:23.736 W/System.err( 5959): 	at io.ktor.util.pipeline.DebugPipelineContext.proceed(SourceFile:26)
06-16 01:19:23.736 W/System.err( 5959): 	at io.ktor.util.pipeline.DebugPipelineContext.execute$ktor_utils(SourceFile:7)
06-16 01:19:23.736 W/System.err( 5959): 	at io.ktor.util.pipeline.Pipeline.execute(SourceFile:9)
06-16 01:19:23.736 W/System.err( 5959): 	at io.ktor.client.HttpClient.execute$ktor_client_core(SourceFile:68)
06-16 01:19:23.736 W/System.err( 5959): 	at io.ktor.client.statement.HttpStatement.fetchResponse(SourceFile:90)
06-16 01:19:23.736 W/System.err( 5959): 	at io.ktor.client.statement.HttpStatement.execute(SourceFile:9)
06-16 01:19:23.736 W/System.err( 5959): 	at de.jensklingenberg.ktorfit.internal.KtorfitConverterHelper.suspendRequest(SourceFile:127)
06-16 01:19:23.736 W/System.err( 5959): 	at de.jensklingenberg.ktorfit.internal.KtorfitConverterHelper$request$1$1.invokeSuspend(SourceFile:58)
06-16 01:19:23.736 W/System.err( 5959): 	at de.jensklingenberg.ktorfit.internal.KtorfitConverterHelper$request$1$1.invoke(SourceFile:2)
06-16 01:19:23.736 W/System.err( 5959): 	at de.jensklingenberg.ktorfit.internal.KtorfitConverterHelper$request$1$1.invoke(SourceFile:1)
06-16 01:19:23.736 W/System.err( 5959): 	at de.jensklingenberg.ktorfit.converter.FlowConverterFactory$responseConverter$1$convert$1.invokeSuspend(SourceFile:84)
06-16 01:19:23.736 W/System.err( 5959): 	at de.jensklingenberg.ktorfit.converter.FlowConverterFactory$responseConverter$1$convert$1.invoke(SourceFile:2)
06-16 01:19:23.736 W/System.err( 5959): 	at de.jensklingenberg.ktorfit.converter.FlowConverterFactory$responseConverter$1$convert$1.invoke(SourceFile:1)
06-16 01:19:23.736 W/System.err( 5959): 	at kotlinx.coroutines.flow.SafeFlow.collectSafely(SourceFile:3)
06-16 01:19:23.736 W/System.err( 5959): 	at kotlinx.coroutines.flow.AbstractFlow.collect(SourceFile:70)
06-16 01:19:23.736 W/System.err( 5959): 	at kotlinx.coroutines.flow.FlowKt__MergeKt$flatMapConcat$$inlined$map$1.collect(SourceFile:10)
06-16 01:19:23.736 W/System.err( 5959): 	at kotlinx.coroutines.flow.FlowKt__MergeKt$flattenConcat$$inlined$unsafeFlow$1.collect(SourceFile:8)
06-16 01:19:23.736 W/System.err( 5959): 	at kotlinx.coroutines.flow.FlowKt__CollectKt.collect(SourceFile:1)
06-16 01:19:23.736 W/System.err( 5959): 	at kotlinx.coroutines.flow.FlowKt.collect(SourceFile:1)
06-16 01:19:23.736 W/System.err( 5959): 	at tech.gtt.frontapp.servicesdk.common.service.utility.apis.ApiUtilServiceImpl.onServiceInit(SourceFile:240)
06-16 01:19:23.736 W/System.err( 5959): 	at tech.gtt.frontapp.servicesdk.common.core.ServiceSDKImpl.executeServiceInitialize(SourceFile:372)
06-16 01:19:23.736 W/System.err( 5959): 	at tech.gtt.frontapp.servicesdk.common.core.ServiceSDKImpl.access$executeServiceInitialize(SourceFile:1)
06-16 01:19:23.736 W/System.err( 5959): 	at tech.gtt.frontapp.servicesdk.common.core.ServiceSDKImpl$init$1.invokeSuspend(SourceFile:178)
06-16 01:19:23.736 W/System.err( 5959): 	at tech.gtt.frontapp.servicesdk.common.core.ServiceSDKImpl$init$1.invoke(SourceFile:2)
06-16 01:19:23.736 W/System.err( 5959): 	at tech.gtt.frontapp.servicesdk.common.core.ServiceSDKImpl$init$1.invoke(SourceFile:1)
06-16 01:19:23.736 W/System.err( 5959): 	at kotlinx.coroutines.flow.SafeFlow.collectSafely(SourceFile:3)
06-16 01:19:23.736 W/System.err( 5959): 	at kotlinx.coroutines.flow.AbstractFlow.collect(SourceFile:70)
06-16 01:19:23.736 W/System.err( 5959): 	at tech.gtt.frontapp.servicesdk.common.core.SDKSetup$build$1.invokeSuspend(SourceFile:42)
06-16 01:19:23.736 W/System.err( 5959): 	at tech.gtt.frontapp.servicesdk.common.core.SDKSetup$build$1.invoke(SourceFile:2)
06-16 01:19:23.736 W/System.err( 5959): 	at tech.gtt.frontapp.servicesdk.common.core.SDKSetup$build$1.invoke(SourceFile:1)
06-16 01:19:23.736 W/System.err( 5959): 	at tech.gtt.frontapp.servicesdk.common.core.Scheduler$scheduleDirect$1.invokeSuspend(SourceFile:61)
06-16 01:19:23.736 W/System.err( 5959): 	at lh.a.resumeWith(SourceFile:14)
06-16 01:19:23.736 W/System.err( 5959): 	at kotlinx.coroutines.DispatchedTask.run(SourceFile:123)
06-16 01:19:23.736 W/System.err( 5959): 	at kotlinx.coroutines.internal.LimitedDispatcher$Worker.run(SourceFile:4)
06-16 01:19:23.736 W/System.err( 5959): 	at kotlinx.coroutines.scheduling.TaskImpl.run(SourceFile:3)
06-16 01:19:23.736 W/System.err( 5959): 	at kotlinx.coroutines.scheduling.CoroutineScheduler.runSafely(SourceFile:1)
06-16 01:19:23.736 W/System.err( 5959): 	at kotlinx.coroutines.scheduling.CoroutineScheduler$Worker.executeTask(SourceFile:34)
06-16 01:19:23.736 W/System.err( 5959): 	at kotlinx.coroutines.scheduling.CoroutineScheduler$Worker.runWorker(SourceFile:29)
06-16 01:19:23.736 W/System.err( 5959): 	at kotlinx.coroutines.scheduling.CoroutineScheduler$Worker.run(SourceFile:1)
06-16 01:19:23.737 W/System.err( 5959): Caused by: android.system.ErrnoException: open failed: ENOENT (No such file or directory)
06-16 01:19:23.737 W/System.err( 5959): 	at libcore.io.Linux.open(Native Method)
06-16 01:19:23.737 W/System.err( 5959): 	at libcore.io.ForwardingOs.open(ForwardingOs.java:567)
06-16 01:19:23.737 W/System.err( 5959): 	at libcore.io.BlockGuardOs.open(BlockGuardOs.java:273)
06-16 01:19:23.737 W/System.err( 5959): 	at libcore.io.ForwardingOs.open(ForwardingOs.java:567)
06-16 01:19:23.737 W/System.err( 5959): 	at android.app.ActivityThread$AndroidOs.open(ActivityThread.java:7761)
06-16 01:19:23.737 W/System.err( 5959): 	at libcore.io.IoBridge.open(IoBridge.java:561)
06-16 01:19:23.737 W/System.err( 5959): 	... 69 more
06-16 01:19:23.742 W/System.err( 5959): java.io.FileNotFoundException: sys/class/sunxi_info/sys_info: open failed: ENOENT (No such file or directory)
06-16 01:19:23.742 W/System.err( 5959): 	at libcore.io.IoBridge.open(IoBridge.java:575)
06-16 01:19:23.742 W/System.err( 5959): 	at java.io.FileInputStream.<init>(FileInputStream.java:160)
06-16 01:19:23.742 W/System.err( 5959): 	at java.io.FileInputStream.<init>(FileInputStream.java:115)
06-16 01:19:23.742 W/System.err( 5959): 	at ip.b.b(SourceFile:5)
06-16 01:19:23.742 W/System.err( 5959): 	at ip.b.a(SourceFile:155)
06-16 01:19:23.742 W/System.err( 5959): 	at ip.a.invoke(SourceFile:127)
06-16 01:19:23.742 W/System.err( 5959): 	at dh.v.getValue(SourceFile:21)
06-16 01:19:23.742 W/System.err( 5959): 	at tech.gtt.frontapp.servicesdk.common.network.interceptor.params.ApiDeviceParams.handleFixedParams(SourceFile:65)
06-16 01:19:23.742 W/System.err( 5959): 	at tech.gtt.frontapp.servicesdk.common.service.utility.apis.IParamsGetter.toMaps(SourceFile:87)
06-16 01:19:23.742 W/System.err( 5959): 	at tech.gtt.frontapp.servicesdk.common.network.interceptor.DefaultParamsInterceptor.onRequest(SourceFile:127)
06-16 01:19:23.742 W/System.err( 5959): 	at tech.gtt.frontapp.servicesdk.common.network.interceptor.SDKInterceptorsPluginKt$setupRequestInterception$1.invokeSuspend(SourceFile:103)
06-16 01:19:23.742 W/System.err( 5959): 	at tech.gtt.frontapp.servicesdk.common.network.interceptor.SDKInterceptorsPluginKt$setupRequestInterception$1.invoke(SourceFile:1)
06-16 01:19:23.742 W/InputManager-JNI( 1933): Input channel object 'd384f11 com.android.permissioncontroller/com.android.permissioncontroller.permission.ui.GrantPermissionsActivity (client)' was disposed without first being removed with the input manager!
06-16 01:19:23.742 W/System.err( 5959): 	at tech.gtt.frontapp.servicesdk.common.network.interceptor.SDKInterceptorsPluginKt$setupRequestInterception$1.invoke(SourceFile:2)
06-16 01:19:23.743 W/System.err( 5959): 	at io.ktor.util.pipeline.DebugPipelineContext.proceedLoop(SourceFile:86)
06-16 01:19:23.743 W/System.err( 5959): 	at io.ktor.util.pipeline.DebugPipelineContext.proceed(SourceFile:26)
