06-16 01:19:26.247 V/GSK-APIS( 5959): {	payload:	HqCvfu7QCdP0QrJP4yfAo3sSLI5SS2JvdXYRaXoiMd/OanEG6mAZ7ki7BdeyyUwXT3CQae7puj991Pd88sBERqM09BEw7DS9qI8nLnMyELhJmI6uOg5kt0AtK8XSL9WU/W64QSfxfBfQf2EbsGOpTGsCG4aDNybFrRaz8IuE8AbK+8bJSIDEiCLYs3/IeUOJFsh0q2dHQhsFaxzyec24N5Okkd73YjmAp8V8spQjNxnYQABULdilHxXvP7ekhayb165lHPMd1z0x5kykB0XlyEKwmiG71w69+HEmswOcAMu0DPBBqEa4LmQFOPmJRw8IgiLXVUD2lAqUs12TCX7Z5pebLtETfzi6/23QnBH+DyvWFtU6il+9lMjp31yN6exUS+LoMV+1Ed8ABfb68kH86KEUCFD2DMUfaC3elK/wh+qCc/MywfuD9ziEwiMPLu8vQzpCfxyL9BvOn//CoVjnBdqe6UCY25c4Cfnr8lW7hstM3Hihcx/eix9JJX6s1rfsJYCYkzZTHhd+E2b5PZbYANM0+jd0qU43WW0uAlnuLEtFN+TJkIFLq/AsFAiidHX5cEz0iaeWMjf+/3W9O5WLNgI/56YuI+7v0Oae90n9cObmt7/VzuEpclKPLbPBhxpEWhk5h7cTOw7Jl0IP7s629gjgqST5CW2XJ/m+QBJUkELmXLE3TGu1mBnsZL/lm8arA5jRRAzzb1o1bq0NyLur4pb/2VkR7yCp7fUsHThtB8+DbIoQc1w1yRqFIXKnGdL76YRuBOFHQ+vvXTr3fDCt3q+YmkQa3XbrImOfcWT28ajpcixR1XO955fbWOwPcGmLeIiEeu2ElgQkV5eQOsLlJ4CLWHZ+Bo7FUDW3pPz3Q+d5TobAeIQ+rQyXw8hLg519Q05WQKuIOh4nUPd8VSKWdsnnuuHoxMOmIDUFQx/9BzY2leqGAVSw8foQnvwc+1+GiCYoNwLd/Z0kDkd2x3QE7rylaBRCYN4V5OeQoAslOC7XpSyLajLyU7wvNX/J1FIPu1rRdjbh+6PPNN7naEQpb2uiCUbkernDvWT/KSoQ2/DKwbEv+FMMUneSEuEzso4QOCtTBVPscmeLuJFsO7pa4AIRaXNqoOXLf2srtJJxvYriNKU0nanVX+t53rujMygbLhworbxmhZCqsEcXbJRcUVhNltQ5axjfvWIwdj/JWDvyLbuL0M4L8LygHHt0nDIxOBh3pRxnrILZK1kqpBPHF780F3jdPcolLEweexeJxH3Sr04SdOToo6NhyckPDwExeXuwlhJrQHGbljkCzw20HRlkDIHewRY6dNjhw4omG1KP5++y8cbpu/Ex4+LlgBDEBCXyOUNHaXhdtzeQH8wF9k+5w1W5iqiWHsT4wOuHnOcC919JTbWJL3oXndhosBVO8nhhSbU3bqivLsObLhMz7LOc0v9zYM/Y7MRE3Mn8AGeNULf5pFkxOpcY7HuPn5DkuU2igk9X84GpXlruw2Yqmm3n2xx5ZgAbjgmxkZKBNuzetN0UuQ/QbVBEREEFRgxLOosngUkoROIB4FJmZtcr03izFr+PYtaaJX8GMPp1F/5wUUXZVIWGhCa3aS9P5PHXU6g8eLgbzoZPM8SfbLxc0H/jbCiHpSUj3ygFWKcO/uOQBPBYdTWwsIavqfTLx39dYq3pu9DB16az0OgDs6IVRiWYhIU5c1FsN9x/glIPZV24M/osO2hPvT3iYbkhyQccBTJ1ChNh0DOWwtfAe+doVF+aF0avI8XxIjsta1hohgjAFzfJX4AWC1C4wjZ+b18uPShRYiFyHS+3LO1I3cMef6ziQR+/AqI+OZA4RNEoDlTABdqPDZOukO5O5buQzn3W3y7Yg+QbDQ2jPWyG+8ia9JFCjY7FjmETUC9lQOsgfFI1e9WfyIYCpxoD+1anXfwV+G7UGvJ0xsrYqSheLoqAt80K+KJdxHiYPQKwnA9Stc80twOqr/qlEu7r+DtAfIagpPsu7CNYD2STQuuHUL5/ftxNgg/Ohy7WjqfHnchHECeaI9aaPnvFoudIS1Cp9/mj2KWwMBIBZUC8xsQWwrCCu10BAUR9G7rFMAtfZw+4pzD9RIAMlsV7lHuEWN1X9dWUVJ5u07ULC+UdQnn52d4qKPlqtC6ATkttJskXPFf7R+NHLddjMbc/WEwmWUGjefd/InKeen+cazmGiRnvvKiZubWNhRpfewjP+nxjjeJvXeCaE+Dn7++EKg4wGPnEcijh+IZWeVgSP7YjHveE//EkCUqKZjPIrHdnBAFmMR6PfLDR/sCOyWC93A74uti81Bxoju8+GOgckY5JuK9w6+1s+cY5OrBWSO3F3VKHhxK2zeFetgvh9Q6lDmm6WqXNqnAswC1F6qK5rbybjrL0DiaJmxeKLEu5NV6712cC8/tBuyLtubufKJNjjKl/2UnPHJj2dvi5Qnx5nTkSalrX6g1BNroOd8j5J7mzg4miNLE6haSTTttXYjIfN4gv677X35IZMFDxjLUEzyQsHbYfelxul7FcWm2uTUrrhZ6HSzA4peG5mW7TIWyHe48ETWtO/xMy6F9GwzroeWvsZTidQk9pVs3/cqhZZRGPtMINRLKVjk7OQHrRQ7wcytfcMcAAFlAzUo+3EsXpeq02GYmQvIDKXuQ2epTaG5GoFgd2Mv9NA2bBLdisE8QcNoq5uy5Z7DzlEiuKQ8EVxAYtILpw+sBww1BopoLh5K130noqCbK2MeVvGO7CTk6yzT+vdMbZf28riLHsehzw6neGq39y0QufGFMg4Vrb49MNCqStSkmp8BHk0TujEcSXsTg/vpd3dg+GQ1XA16ymPHXoZtMDdiUZSq0MTRKA6DIKNnWnWoG0/dJ1bYWmTVmeY+PS4+haPOtOAPzeGUM02XRZVQG2N5RRf/DvJGZeXMaxobjAss7eDNFHxR4qR+ox7spu+1KrQxodY2mlbGPByD7V5f/RowzY12FSt/SyIVO6j9ggVfKIAs0oMboB0QJMCOJeQMzh5nd588l/v2L++q2oBDKCJodWrhlJtEBUiEQPQiMKnCR/C4wxbeETZ8pnlKKXJNB5LZZkOcp35kexKrBiktyf5FVE/oRFHK/b9ezmT8FTd/Ze7wJDat5dbQSVWjJjyfAIC2DlN/wMUdYkP3vjJlMFACi7PuM0KPb/P1A2ZLYXv0K+lBpsaOVVIZxzAr3Tneb1c/sxUWNotB97QuRT05SERsRUEVIuMdpCh1Z2bF4UFPaA0g7n2AxSRd4GBzL5imdmPxwujB/JGGxRSOlr04kpVW1jcQLErtz9HU04NE8cqSOtWkaTFYcx8zCk7zlpUDuXGHXS7PzGv1TgDCX82L4jTfBRKO55D9Ts4P+rTbliIZ0hepLwOt8CdCFLBeNQ6oOhqEkadWgCYj/iIhraXeBarAlAPOyLVg/17X2ABkNvIz9IDfSGfxoThBNYgp3zHz0NJmxiq5Tycpy9gCUeH3X7AHSDy7sWOEoiStvkbXOEjZp1pvg729kHcxydiUa18siiN2POOxgD0SNIRh8wodGGbwQHDzY6CDUH+rAYRyf+5xd1HvyWw9LaDKTrazft+l+ueRe0wx8KIF1xJ8w2qt7g7sVTyMrGobS8HPu7hxjAhpa42TAA2mkqJk1i1x+WMHnzEsuiW/b+GCPYLCuyjpbGc1jFGsPG6E7KWeraXKtuRts/GNti7JxoU3+vXuCiJkv4U1aHXUi87yRkkJK+pftrzdxrMkrImACbdX5AlcBg7J80f4H65JeCeSMVWo7X5O4qRArJX1uMSy8tdRHs/BGIQGm8S4q+d0iuZ/75O9g+XKxTvI2YwSoBRJX73139xCojeElSqWihw4+teMGj8NN9NRAqXUFro6e+ArnIdLSYyrabG7f+W1ohmXRdAm53d2jMNdbl0TYz8sPAkHBhuQdEXCtHF1xfT0KoeLBYt6FpGr+KF38f6RxJFpXrYUbCFEaqptG+ztVTItizP7DQiZ2y5dKygTHl38SEZIP60haPCBBN4vP0CDU
06-16 01:19:26.247 V/GSK-APIS( 5959): ujBmHCw+3OGWicUhH27CZqvTm135+XK10s0hbXn5z1nCP3ZQfpOarCAopXj0ktbWqWnCcJaprVxVKZPV7G90lBgLQb+0qbUv83kolXJ4EgL4TyTxk1mKGZOPJG4cnONPHi9s5u9cRZioQwAJIAoCTJyRUxNDQDCespYjRsgOEIpQ5Ewi7wItFAajWNHLFGqCfu84+JeiySfrq6HpwpkWZAylUwCQzeBs8+up4IxzMswxm700ghsO1gv8YBw/rgrCoS+T1uzEYxJUCTvBB+gZyuBNvUQ5igKANTrZSegnRXiuQiLAlAmeDMCUyupEP2RJQtMj9KUIERc/SpIOoTkzTXJX3X/3k+o918f5TkrHWkmWv/7zvhn+WJ1YHGsSXCHB2r/Uu2tNz89kx/lY+CEEtYjl+KY+pJ/Mbomn6/JTUky4uYkuDRrX89U+yxl0RJJm6D9RlLB4L1WyYXwxd4TwoSfNk8BtYEudXOSzEyMrh0U8NLHFqTGwSeB+hg7Vi1+NEiFuuXy4ZFwQaOXNOlglnU1JzdY4O/Q+OkcMvNH4M2DsWW5w6jNsYf5K6WD3leact7bkKDnLsWBki1CDSGdJRBZvnlewzWvj4O6d05jxiC3wYzbwv89lhntnaLUHGQpZ42K6JM6SMtjMzYIazj/5tjV2X+vp2MH45FkR/5YDM615WfrmFJBqw0ytYTIotd2inO4KrTYlS+d9yF/qC2jXsK1UckLtPHcOYLi5YsBrACciz1O26Ez9nSO1rBHjnYX9u7HtFibvz9MKmuqgpb2CQh2IXEZvy7qcO+pESz87ogI/kTk8eRl4nw8iuKLb6e9mrG/NxDfN137+iNwBEjHIxBWF9DkUL1/bItzvdJWMVkxJaZQBj/XMfwlBrRrq1ZsBbC446q9rdz1ZYf/Kw3ym3E86271rg3l+CLMW51qM+325s4k484FEYQaVUMYutxnb+RsXFchKTZXEladKLNbVt7VFvC6esdNYIaltjJQD4xhJz6g0M1Yh9ZPCsnexwKHNJd8+5cYtD60BTnRm95mVIh0G3qrnZAVRXf6RoZxA1MVC6TRqeaWPBHq1ZvZCSRWzHgwkmOcaI1PZIu6xSywaN65JP85DnfrCf7Ywo95IdAmYISUrrrWHaalWhpVeieEAGCCjT1tz7Wn04HlIu4cKN8DEuX0RJ/yGlFxG78NxhcnFmg7+cLpCXClPlgDLZ3Vug3RPa8F01wN4RZ/OIySREDw63gRg6sB2mRZeIvVLJQZA7kV1Ac1ZnTpMxHqGi0TNVgkTOM+KxvlwDN5Vj4lxKm9y5B+CRSAzz0ImdJ2+m9z88lZBVrmB5VlMJyO3AZFLT+RMquzpNYM7PtslVzs415ZKJwvNXyvgKIVWoOFxQzYCuPtEPsh7YgeNndjlqkLMFm4UCeKN/Ft/LzuDzyE58EErMJjabT8laodASvAkHMM+vCMxoY0xzpP5qcSrGXwJdmWCFYbrV1co4XwgnOuEQq9CwJ6SO21LgMlpzVllYHESmJIYMdMm20FNHJ5rncFbeqkSJFMmsjN3w7jY6oPenW4os4+57/XXTLJEt9zzm+M+z7bgew+aak5CNoJwjuf46YryD5MUatg7gc0vpaiOQTRvgqJAiF/ay3t7giOrXqEX1orFBIDe+owmsPHd5A9cNQVdNrvvKUlAfFaoLcXrZ5pQl5IWdx1qL8YaOzlfYN4OfO9HD4EgAkyA0d1ZT4iPHcbn6ZJQ9JNxgen4ycmXeaC7jOS22tnwitaGDK6TyPPBIAYSJeH6DsJg+MpjrMKDI5doNyM6Xhni9laM9p75+oYd3I/bkcPQe0BYHm1BU1XzQRYXGSj85F9YFzSSztfRhXZzSbS2G0/ElJck4RnGyZUUYsLWF2NeOTQT3DzIBhud9079z8A6gFLNBbN9Ot+4C37mzugPcPZGVWJ1P+p83KvsdxbeBYwPdbB5+sxeroz4+iBYNbJr6H++s5ZGxyTxvMknve+ksSfUp4aSWmLn5A28lpjl4Xikfv3YhID0bZH1rqZ3RKg19yHS0YzhMx+iWBHncSBMY7gcUKx2OMRI/h+mxajFHtVChcqPmx30+w93ity+BRYdPPGSI7q68aNaf2YGGHhNJobEPXRM7cpMj4LtJxHAnYKaA+HLAl/wF/RiTfLKmHeAKPX9ouDzcjT5jiaAKA3xj+kF42PmwhiebR2SHt5RDpMeffrovw+NnhbUV7uEV9fvmVsLgRAoBvgN8eCINFzvq+B+eRs6m+uvxs8jbjqTsp+bhffasgpd00b/fbScP6N2fc+6HNCxT9Gro5WhGsLcb3i8FcTuE9bfsRF2KD/2u99mVg5Cc0r2hW+43nxTOzqKptUq+FIS/zEF87mThaQIV0rWvlXmIrHUhuFcDudyRFHZ36oD3TkJCwgF6b9fYNXWPL12DTbPeGYrOCrbiqepN7cnB0WM+1PDMuxEPf12+Z9qyfS/Wg1DWh4xFldigciQ9T6adhv0opFu6xg+hbYeZRkTZNKxs3NBrRNsW1ANHxWmPHqmgW+Vhlrs3ap80h22OO+9oG6wR3tZRxBUN/ixX/zTQ8lTQcXSROLtuVNyZNJ7j1R2dnUn83UnwXr2/KhgEFgEJqrH7RmrLeb25FGAIO9+Tq+DiCzAaA7UplSz5gjV2uVRSS3Jq/wJKT57RHB9tgzM8Zd6ZjOdLTveiGM2LJcDixnleTsMTAPFIpDKW18DQdRF+C9Zv00KVLzfedTopFL227y7dZN+H7Xkjdrv7NJRmBl1vTnM8FtUNeYN9cKLJoR1P7SP0YW/SbbXzV60vdUtKg9F4Qn6EKtsNrID4JU9VW2nu21+6hOALdvX5SMdF6D6hOCTAPs6isl6g1hRBKdOYW40hCAgKE0rlpbw5D/8mj+U1a/FeIK2g1fGx6Nts+fOhjMjJUZ7jfy6K/Q6YpPt8WzYzAr+KT4XXtTr3zzExUhY22/zSvaeKMPXSPIQHdOUrp6LJmyxSMFjCWafZtWKmuxahOpNk+KTy5zAW7uLsgYCjyEcVDF2x+mfzGpxo5dz0EbpunTIIXtx3XPDBjypn9iyQnYiTYmCqVGcZiZllWIku+Ith5yPudny27pU1fnzSc5vInpQURxQjWTsGiwzPuCgpYkPaC6Tw6M8SJeG8u1cgeY3GNAIuI84d6WvSbXQUzZTyUhLlZefD6Wvoa5E69ebbyr/QHPJMwiOszvmyw7WHpy7/1qg022rq8dsoczDyktEBMaZHcOnu1j8wbSiAvF4fwfDnt2qaiwFrffj2QKyOq+95hdeRBVUK7AHTWyYZ5Pkmq6630OoO4rNNYxnQWESX5pq3G+Y/mAizetl5xJ/6CbfHuleQqrAAwLNrkiKkWBnDwQQ9DiJ4c721ZnCgJXCsiS/7LVXFGM0+7cCZ6PDVte6Er8ANavO+7gr8/c0OTBwf0eh8+IqtncVF20KawicYaXqfNMhAvW5HQ09K7eYb50MYyaUKIUHJoHSFWuuiwvHvwadqD8LFp/49B0nkhKb71UzfBfXOlugsFUC72/Mh7rtNRvQVq5fsW7lZS1aeAzJuHE9hUi0X4wGlvyrgBXU08arQDpY7ki2EtzmMplw011I3LiVlqkdaGGoe1F5ER4u6bOXPFs4QTFq+lJtOJfaJrpnU/9BSk1i+UyXLpNelDy2Ynd20oegCul4e86PLFY65LGU0ogbn6MBI6YVvD4axAKBjbk3GisPquRjZHCCvXO36FK2MP7UHTjMe638lYxs8mNDfdwQk/kjFTE/rkZI5Y/D69ft0pU42mFHHKtyOqSIycxezmTFKY7YUr/t02fBNFZ/CEFOOBePwyLafHnAvA86cMWXh23MimprYm/+h+UMJh8FkeRPHxpUwqmognvJJqpa1wdwFN6MCnSEznLOcfoWX7EGtTTH2vguwiVr+0ztE//Uoev+tdaxTTxSZgO/4JUPp7XeF5yr0vnKIKXtkuzKvg6NHYk31XGFi/QkuniIHvB99U5B39/ReAcQuEl+Jop83Ciuq12JUSnp8H
06-16 01:19:26.247 V/GSK-APIS( 5959): rt4HrDKhvFQh6fIW+3SSI2TU3N0XNNgp7Jy4YYhn4eiJVZdzVwtusmLBHPKuHg2YdMiO4upsb6iVt03sPuTsNY4aUWB2Jz1ddbWQc01yQHOqSANSUrCA6FNYVkFkM3rAkfRno7mlueUPIWH4gTySt/GBANMJjGKdeb9ALqOG5ka08hVyH7l5iYbTFRq7d7As2nSyN6itzUj7AcSFkD+0EyFzeT48aWhzzw+0EVUPdFwg6BOuxjbYDwGLXQxu6XvUq4a5q0xE9CrPV+8QJfVSvkR30DDAGL4vvb3s9WZQJkcFdR38SqncjevhB7SkEAyeIcWvBSzbiZqNW0fcOSy1fsE8GT6Ixde7V4n+LFtDWGNFgwXyk9f37mZwPpymKG70TI=
06-16 01:19:26.247 V/GSK-APIS( 5959): 	prot:	ACM30
06-16 01:19:26.247 V/GSK-APIS( 5959): 	signature:	7f9ccfc8e92309306ca6ba1bdc8a5577e4fa164d
06-16 01:19:26.247 V/GSK-APIS( 5959): }
06-16 01:19:26.247 V/GSK-APIS( 5959): request to: https://gtt-app-apigateway-lion.vdemosit.com/api/enduser/messagecenter/message/query/v1
06-16 01:19:26.272 W/ActivityTaskManager( 1933): Tried to set launchTime (0) < mLastActivityLaunchTime (2324205)
06-16 01:19:26.276 V/GSK-Upgrade:ComponentUpdater( 5959): get soVersions = 
06-16 01:19:26.276 V/GSK-Upgrade:ComponentUpdater( 5959): initConfig
06-16 01:19:26.278 W/ontapp.stb.dem( 5959): ClassLoaderContext parent mismatch.  (PCL[] | PCL[];PCL[/data/app/~~-tMPAvyTMYMhU6nbl0NqBw==/tech.gtt.frontapp.stb.demo-qA9iw4qsktyjEZ3tBIQvtg==/base.apk*930720720:/data/app/~~-tMPAvyTMYMhU6nbl0NqBw==/tech.gtt.frontapp.stb.demo-qA9iw4qsktyjEZ3tBIQvtg==/base.apk!classes2.dex*2103280642:/data/app/~~-tMPAvyTMYMhU6nbl0NqBw==/tech.gtt.frontapp.stb.demo-qA9iw4qsktyjEZ3tBIQvtg==/base.apk!classes3.dex*2004927299])
06-16 01:19:26.282 V/GSK-Upgrade:UpgradeManager( 5959): startLoopUpdateApp
06-16 01:19:26.282 V/GSK     ( 5959): UpgradeServiceImp unnecessary initialization() executed in 78 ms.
06-16 01:19:26.285 V/GSK-Upgrade:ComponentUpdater( 5959): init
06-16 01:19:26.285 V/GSK-Upgrade:ComponentUpdater( 5959): loadLocalDex
06-16 01:19:26.285 V/GSK-Upgrade:ComponentUpdater( 5959): local dex is empty
06-16 01:19:26.285 V/GSK-Upgrade:ComponentUpdater( 5959): local dex is empty
06-16 01:19:26.285 V/GSK-Upgrade:ComponentUpdater( 5959): local dex is empty
06-16 01:19:26.285 V/GSK-Upgrade:ComponentUpdater( 5959): local dex is empty
06-16 01:19:26.285 V/GSK-Upgrade:ComponentUpdater( 5959): local dex is empty
06-16 01:19:26.285 V/GSK-Upgrade:ComponentUpdater( 5959): local dex is empty
06-16 01:19:26.290 D/UiDevice( 5865): Searching for node with selector: BySelector [RES='\Qtech.gtt.frontapp.stb.demo:id/account_login_tv2\E'].
06-16 01:19:26.290 W/QueryController( 5865): Could not detect idle state.
06-16 01:19:26.307 D/AndroidAutoSize( 5959): tech.gtt.frontapp.stb.m.home.activity.LoadingActivity used the global configuration.
06-16 01:19:26.308 D/AndroidAutoSize( 5959): The tech.gtt.frontapp.stb.m.home.activity.LoadingActivity has been adapted! 
06-16 01:19:26.308 D/AndroidAutoSize( 5959): LoadingActivity Info: isBaseOnWidth = true, designWidthInDp = 1920.000000, designWidthInSubunits = 1920.000000, targetDensity = 1.000000, targetScaledDensity = 1.000000, targetDensityDpi = 160, targetXdpi = 1.000000, targetScreenWidthDp = 1920, targetScreenHeightDp = 1032
06-16 01:19:26.363 V/GSK-Account:AccountManager( 5959): isLoggedIn=false
06-16 01:19:26.364 D/AndroidAutoSize( 5959): tech.gtt.frontapp.stb.m.home.activity.LoadingActivity used the global configuration.
06-16 01:19:26.364 D/AndroidAutoSize( 5959): The tech.gtt.frontapp.stb.m.home.activity.LoadingActivity has been adapted! 
06-16 01:19:26.364 D/AndroidAutoSize( 5959): LoadingActivity Info: isBaseOnWidth = true, designWidthInDp = 1920.000000, designWidthInSubunits = 1920.000000, targetDensity = 1.000000, targetScaledDensity = 1.000000, targetDensityDpi = 160, targetXdpi = 1.000000, targetScreenWidthDp = 1920, targetScreenHeightDp = 1032
06-16 01:19:26.400 W/WindowManager( 1933): Failed looking up window session=Session{cf7bea2 5959:u0a10058} callers=com.android.server.wm.WindowManagerService.windowForClientLocked:5850 com.android.server.wm.Session.updateRequestedVisibilities:640 android.view.IWindowSession$Stub.onTransact:1175 
06-16 01:19:26.437 W/UiDevice( 5865): Skipping null root node for window: AccessibilityWindowInfo[title=允许v-demo访问您设备上的照片和媒体吗？, displayId=0, id=199, taskId=18, type=TYPE_APPLICATION, layer=1, region=SkRegion((432,48,1488,1080)), bounds=Rect(432, 48 - 1488, 1080), focused=false, active=false, pictureInPicture=false, hasParent=false, isAnchored=false, hasChildren=false]
06-16 01:19:26.490 D/gralloc_nox( 1764): gralloc_alloc: Creating ashmem region of size 8298496
06-16 01:19:26.540 D/gralloc_nox( 1764): gralloc_alloc: Creating ashmem region of size 8298496
06-16 01:19:26.545 D/ProcessState( 6067): Binder ioctl to enable oneway spam detection failed: Invalid argument
06-16 01:19:26.588 D/gralloc_nox( 1764): gralloc_alloc: Creating ashmem region of size 8298496
06-16 01:19:26.681 V/GSK-APIS( 5959): received response >>> id: c1ed6a3e url: https://gtt-app-apigateway-lion.vdemosit.com/api/enduser/messagecenter/message/query/v1 statusCode: 400, exception: null
06-16 01:19:26.681 I/System.out( 5959): [SDKInterceptorPlugin] Unhandled exception in request processing: Something went wrong while connecting to the server, statusCode: 400
06-16 01:19:26.713 I/ActivityTaskManager( 1933): Displayed tech.gtt.frontapp.stb.demo/tech.gtt.frontapp.stb.m.home.activity.LoadingActivity: +492ms
06-16 01:19:26.735 D/CompatibilityChangeReporter( 5959): Compat change id reported: 171228096; UID 10058; state: ENABLED
06-16 01:19:26.737 W/ByMatcher( 5865): Node returned null child: android.view.accessibility.AccessibilityNodeInfo@80006d84; boundsInParent: Rect(0, 0 - 1920, 1080); boundsInScreen: Rect(0, 0 - 1920, 1080); packageName: tech.gtt.frontapp.stb.demo; className: android.widget.FrameLayout; text: null; error: null; maxTextLength: -1; stateDescription: null; contentDescription: null; tooltipText: null; viewIdResName: null; checkable: false; checked: false; focusable: false; focused: false; selected: false; clickable: false; longClickable: false; contextClickable: false; enabled: true; password: false; scrollable: false; importantForAccessibility: true; visible: true; actions: [AccessibilityAction: ACTION_SELECT - null, AccessibilityAction: ACTION_CLEAR_SELECTION - null, AccessibilityAction: ACTION_ACCESSIBILITY_FOCUS - null, AccessibilityAction: ACTION_SHOW_ON_SCREEN - null]
06-16 01:19:26.738 W/ByMatcher( 5865): Skipping null child (0 of 2)
06-16 01:19:26.743 W/ByMatcher( 5865): Skipping null child (1 of 2)
06-16 01:19:26.748 W/ByMatcher( 5865): Node returned null child: android.view.accessibility.AccessibilityNodeInfo@80006d84; boundsInParent: Rect(0, 0 - 1920, 1080); boundsInScreen: Rect(0, 0 - 1920, 1080); packageName: tech.gtt.frontapp.stb.demo; className: android.widget.FrameLayout; text: null; error: null; maxTextLength: -1; stateDescription: null; contentDescription: null; tooltipText: null; viewIdResName: null; checkable: false; checked: false; focusable: false; focused: false; selected: false; clickable: false; longClickable: false; contextClickable: false; enabled: true; password: false; scrollable: false; importantForAccessibility: true; visible: true; actions: [AccessibilityAction: ACTION_SELECT - null, AccessibilityAction: ACTION_CLEAR_SELECTION - null, AccessibilityAction: ACTION_ACCESSIBILITY_FOCUS - null, AccessibilityAction: ACTION_SHOW_ON_SCREEN - null]
06-16 01:19:26.749 W/ByMatcher( 5865): Skipping null child (0 of 2)
06-16 01:19:26.756 W/ByMatcher( 5865): Skipping null child (1 of 2)
06-16 01:19:26.770 W/DataBinding( 5959): Setting the fragment as the LifecycleOwner might cause memory leaks because views lives shorter than the Fragment. Consider using Fragment's view lifecycle
06-16 01:19:26.800 I/MediaFocusControl( 1933): requestAudioFocus() from uid/pid 10058/5959 AA=USAGE_MEDIA/CONTENT_TYPE_MOVIE clientId=android.media.AudioManager@a8c13af callingPack=tech.gtt.frontapp.stb.demo req=1 flags=0x0 sdk=35
06-16 01:19:26.800 I/AudioService.FadeOutManager( 1933): unfadeOutUid() uid:10058
06-16 01:19:26.818 W/MediaProvider( 2637): Failed to fetch original file descriptor
06-16 01:19:26.818 W/MediaProvider( 2637): java.io.IOException: stat failed: ENOENT (No such file or directory)
06-16 01:19:26.818 W/MediaProvider( 2637): 	at com.android.providers.media.MediaProvider.getFileFromFileDescriptor(MediaProvider.java:5822)
06-16 01:19:26.818 W/MediaProvider( 2637): 	at com.android.providers.media.MediaProvider.getOriginalMediaFormatFileDescriptor(MediaProvider.java:5739)
06-16 01:19:26.818 W/MediaProvider( 2637): 	at com.android.providers.media.MediaProvider.openTypedAssetFileCommon(MediaProvider.java:7162)
06-16 01:19:26.818 W/MediaProvider( 2637): 	at com.android.providers.media.MediaProvider.openTypedAssetFile(MediaProvider.java:7143)
06-16 01:19:26.818 W/MediaProvider( 2637): 	at android.content.ContentProvider$Transport.openTypedAssetFile(ContentProvider.java:548)
06-16 01:19:26.818 W/MediaProvider( 2637): 	at android.content.ContentProviderNative.onTransact(ContentProviderNative.java:327)
06-16 01:19:26.818 W/MediaProvider( 2637): 	at android.os.Binder.execTransactInternal(Binder.java:1179)
06-16 01:19:26.818 W/MediaProvider( 2637): 	at android.os.Binder.execTransact(Binder.java:1143)
06-16 01:19:26.818 W/MediaProvider( 2637): Caused by: android.system.ErrnoException: stat failed: ENOENT (No such file or directory)
06-16 01:19:26.818 W/MediaProvider( 2637): 	at libcore.io.Linux.stat(Native Method)
06-16 01:19:26.818 W/MediaProvider( 2637): 	at libcore.io.ForwardingOs.stat(ForwardingOs.java:853)
06-16 01:19:26.818 W/MediaProvider( 2637): 	at libcore.io.BlockGuardOs.stat(BlockGuardOs.java:420)
06-16 01:19:26.818 W/MediaProvider( 2637): 	at libcore.io.ForwardingOs.stat(ForwardingOs.java:853)
06-16 01:19:26.818 W/MediaProvider( 2637): 	at android.app.ActivityThread$AndroidOs.stat(ActivityThread.java:7775)
06-16 01:19:26.818 W/MediaProvider( 2637): 	at android.system.Os.stat(Os.java:919)
06-16 01:19:26.818 W/MediaProvider( 2637): 	at com.android.providers.media.MediaProvider.getFileFromFileDescriptor(MediaProvider.java:5816)
06-16 01:19:26.818 W/MediaProvider( 2637): 	... 7 more
06-16 01:19:26.821 D/NuPlayerDriver( 1804): NuPlayerDriver(0xf3a407f0) created, clientPid(5959)
06-16 01:19:26.825 D/SurfaceUtils( 1804): connecting to surface 0xee403278, reason setVideoSurfaceTexture
06-16 01:19:26.825 D/NuPlayer( 1804): onSetVideoSurface(0xee404ba0, no video decoder)
06-16 01:19:26.828 D/GenericSource( 1804): FileSource remote
06-16 01:19:26.831 I/SampleTable( 1802): There are reordered frames present.
06-16 01:19:26.833 D/MediaBufferGroup( 1802): creating MemoryDealer
06-16 01:19:26.858 D/UiDevice( 5865): Searching for node with selector: BySelector [RES='\Qtech.gtt.frontapp.stb.demo:id/account_login_tv2\E'].
06-16 01:19:26.860 W/QueryController( 5865): Could not detect idle state.
06-16 01:19:26.867 D/MediaPlayerNative( 5959): getMetadata
06-16 01:19:26.879 I/GenericSource( 1804): start
06-16 01:19:26.885 I/OMXClient( 1804): IOmx service obtained
06-16 01:19:26.886 I/OMXStore( 1808): makeComponentInstance(OMX.google.h264.decoder) in android.hardwar process
06-16 01:19:26.892 D/SurfaceUtils( 1804): disconnecting from surface 0xee404ba8, reason onConfigure
06-16 01:19:26.893 D/SurfaceUtils( 1804): connecting to surface 0xee404ba8, reason connectToSurface
06-16 01:19:26.893 I/MediaCodec( 1804): [OMX.google.h264.decoder] setting surface generation to 1847300
06-16 01:19:26.893 D/SurfaceUtils( 1804): disconnecting from surface 0xee404ba8, reason connectToSurface(reconnect)
06-16 01:19:26.893 D/SurfaceUtils( 1804): connecting to surface 0xee404ba8, reason connectToSurface(reconnect)
06-16 01:19:26.894 I/OMXClient( 1804): IOmx service obtained
06-16 01:19:26.894 I/OMXStore( 1808): makeComponentInstance(OMX.google.aac.decoder) in android.hardwar process
06-16 01:19:26.896 E/OMXNodeInstance( 1808): getExtensionIndex(0xf22c14a0:google.h264.decoder, OMX.google.android.index.enableAndroidNativeBuffers) ERROR: UnsupportedIndex(0x8000101a)
06-16 01:19:26.896 E/ACodec  ( 1804): [OMX.google.h264.decoder] setPortMode on output to DynamicANWBuffer failed w/ err -1010
06-16 01:19:26.896 E/OMXNodeInstance( 1808): setConfig(0xf22c0240:google.aac.decoder, ConfigPriority(0x6f800002)) ERROR: Undefined(0x80001001)
06-16 01:19:26.896 I/ACodec  ( 1804): codec does not support config priority (err -2147483648)
06-16 01:19:26.896 E/OMXNodeInstance( 1808): getParameter(0xf22c14a0:google.h264.decoder, ??(0x6f600011)) ERROR: UnsupportedIndex(0x8000101a)
06-16 01:19:26.896 W/OMXNodeInstance( 1808): [0xf22c14a0:google.h264.decoder] component does not support metadata mode; using fallback
06-16 01:19:26.897 E/OMXNodeInstance( 1808): getConfig(0xf22c0240:google.aac.decoder, ConfigAndroidVendorExtension(0x6f100004)) ERROR: Undefined(0x80001001)
06-16 01:19:26.897 D/SoftAAC2( 1808): get OMX_IndexParamAudioAndroidAacDrcPresentation
06-16 01:19:26.897 D/SoftVideoDecoderOMXComponent( 1808): Color Aspects preference: 1 
06-16 01:19:26.898 I/MediaCodec( 1804): MediaCodec will operate in async mode
06-16 01:19:26.898 E/OMXNodeInstance( 1808): setConfig(0xf22c14a0:google.h264.decoder, ConfigPriority(0x6f800002)) ERROR: UnsupportedIndex(0x8000101a)
06-16 01:19:26.898 D/MediaCodec( 1804): keep callback message for reclaim
06-16 01:19:26.898 I/ACodec  ( 1804): codec does not support config priority (err -1010)
06-16 01:19:26.898 E/OMXNodeInstance( 1808): setConfig(0xf22c14a0:google.h264.decoder, ConfigOperatingRate(0x6f800003)) ERROR: UnsupportedIndex(0x8000101a)
06-16 01:19:26.898 I/ACodec  ( 1804): codec does not support config operating rate (err -1010)
06-16 01:19:26.898 E/OMXNodeInstance( 1808): getConfig(0xf22c14a0:google.h264.decoder, ConfigAndroidVendorExtension(0x6f100004)) ERROR: UnsupportedIndex(0x8000101a)
06-16 01:19:26.900 E/OMXNodeInstance( 1808): getConfig(0xf22c14a0:google.h264.decoder, ??(0x7f000003)) ERROR: UnsupportedSetting(0x80001019)
06-16 01:19:26.900 I/MediaCodec( 1804): MediaCodec will operate in async mode
06-16 01:19:26.900 D/MediaCodec( 1804): keep callback message for reclaim
06-16 01:19:26.916 I/SoftAAC2( 1808): Reconfiguring decoder: 0->44100 Hz, 0->1 channels
06-16 01:19:26.919 D/SoftAAC2( 1808): get OMX_IndexParamAudioAndroidAacDrcPresentation
06-16 01:19:26.926 W/ResourceManagerService( 1804): Ignoring request to add new resource entry with value <= 0
06-16 01:19:26.927 D/SoftVideoDecoderOMXComponent( 1808): Color Aspects preference: 1 
06-16 01:19:26.928 E/OMXNodeInstance( 1808): getConfig(0xf22c14a0:google.h264.decoder, ??(0x7f000003)) ERROR: UnsupportedSetting(0x80001019)
06-16 01:19:26.934 D/AudioFlinger( 1776): Client defaulted notificationFrames to 11286 for frameCount 22572
06-16 01:19:26.939 D/AF::TrackHandle( 1776): OpPlayAudio: track:59 usage:1 not muted
06-16 01:19:26.964 D/MediaCodec( 1804): [OMX.google.h264.decoder] setting dataspace on output surface to #102
06-16 01:19:26.964 W/InputManager-JNI( 1933): Input channel object '746e869 tech.gtt.frontapp.stb.demo/tech.gtt.frontapp.stb.m.home.activity.SplashActivity (client)' was disposed without first being removed with the input manager!
06-16 01:19:26.981 D/UiDevice( 5865): Searching for node with selector: BySelector [RES='\Qtech.gtt.frontapp.stb.demo:id/account_login_tv2\E'].
06-16 01:19:26.983 W/QueryController( 5865): Could not detect idle state.
06-16 01:19:26.991 E/android.hardware.audio.service( 1756): pcm_open called create stream faild
06-16 01:19:26.991 D/gralloc_nox( 1764): gralloc_alloc: Creating ashmem region of size 589824
06-16 01:19:26.992 W/MediaPlayerNative( 5959): info/warning (3, 0)
06-16 01:19:26.994 D/SoftwareRenderer( 1804): setting dataspace on output surface to #8000102
06-16 01:19:26.996 D/gralloc_nox( 1764): gralloc_alloc: Creating ashmem region of size 589824
06-16 01:19:27.042 D/AudioFlinger( 1776): mixer(0x727c2c5fda60) throttle end: throttle time(36)
06-16 01:19:27.094 D/gralloc_nox( 1764): gralloc_alloc: Creating ashmem region of size 589824
06-16 01:19:27.096 D/UiDevice( 5865): Searching for node with selector: BySelector [RES='\Qtech.gtt.frontapp.stb.demo:id/account_login_tv2\E'].
06-16 01:19:27.099 W/QueryController( 5865): Could not detect idle state.
06-16 01:19:27.219 D/UiDevice( 5865): Searching for node with selector: BySelector [RES='\Qtech.gtt.frontapp.stb.demo:id/account_login_tv2\E'].
06-16 01:19:27.222 W/QueryController( 5865): Could not detect idle state.
06-16 01:19:27.302 D/gralloc_nox( 1764): gralloc_alloc: Creating ashmem region of size 589824
06-16 01:19:27.341 D/AudioFlinger( 1776): mixer(0x727c2c5fda60) throttle end: throttle time(238)
06-16 01:19:27.344 D/UiDevice( 5865): Searching for node with selector: BySelector [RES='\Qtech.gtt.frontapp.stb.demo:id/account_login_tv2\E'].
06-16 01:19:27.344 W/QueryController( 5865): Could not detect idle state.
06-16 01:19:27.448 D/UiDevice( 5865): Searching for node with selector: BySelector [RES='\Qtech.gtt.frontapp.stb.demo:id/account_login_tv2\E'].
06-16 01:19:27.449 W/QueryController( 5865): Could not detect idle state.
06-16 01:19:27.566 D/UiDevice( 5865): Searching for node with selector: BySelector [RES='\Qtech.gtt.frontapp.stb.demo:id/account_login_tv2\E'].
06-16 01:19:27.567 W/QueryController( 5865): Could not detect idle state.
06-16 01:19:27.676 D/UiDevice( 5865): Searching for node with selector: BySelector [RES='\Qtech.gtt.frontapp.stb.demo:id/account_login_tv2\E'].
06-16 01:19:27.677 W/QueryController( 5865): Could not detect idle state.
06-16 01:19:27.786 D/UiDevice( 5865): Searching for node with selector: BySelector [RES='\Qtech.gtt.frontapp.stb.demo:id/account_login_tv2\E'].
06-16 01:19:27.788 W/QueryController( 5865): Could not detect idle state.
06-16 01:19:27.897 D/UiDevice( 5865): Searching for node with selector: BySelector [RES='\Qtech.gtt.frontapp.stb.demo:id/account_login_tv2\E'].
06-16 01:19:27.898 W/QueryController( 5865): Could not detect idle state.
06-16 01:19:28.004 D/UiDevice( 5865): Searching for node with selector: BySelector [RES='\Qtech.gtt.frontapp.stb.demo:id/account_login_tv2\E'].
06-16 01:19:28.005 W/QueryController( 5865): Could not detect idle state.
06-16 01:19:28.115 D/UiDevice( 5865): Searching for node with selector: BySelector [RES='\Qtech.gtt.frontapp.stb.demo:id/account_login_tv2\E'].
06-16 01:19:28.115 W/QueryController( 5865): Could not detect idle state.
06-16 01:19:28.219 D/UiDevice( 5865): Searching for node with selector: BySelector [RES='\Qtech.gtt.frontapp.stb.demo:id/account_login_tv2\E'].
06-16 01:19:28.219 W/QueryController( 5865): Could not detect idle state.
06-16 01:19:28.325 D/UiDevice( 5865): Searching for node with selector: BySelector [RES='\Qtech.gtt.frontapp.stb.demo:id/account_login_tv2\E'].
06-16 01:19:28.325 W/QueryController( 5865): Could not detect idle state.
06-16 01:19:28.429 D/UiDevice( 5865): Searching for node with selector: BySelector [RES='\Qtech.gtt.frontapp.stb.demo:id/account_login_tv2\E'].
06-16 01:19:28.429 W/QueryController( 5865): Could not detect idle state.
06-16 01:19:28.532 D/UiDevice( 5865): Searching for node with selector: BySelector [RES='\Qtech.gtt.frontapp.stb.demo:id/account_login_tv2\E'].
06-16 01:19:28.532 W/QueryController( 5865): Could not detect idle state.
06-16 01:19:28.642 D/UiDevice( 5865): Searching for node with selector: BySelector [RES='\Qtech.gtt.frontapp.stb.demo:id/account_login_tv2\E'].
06-16 01:19:28.643 W/QueryController( 5865): Could not detect idle state.
06-16 01:19:28.664 I/keystore2( 1708): keystore2::watchdog: Watchdog thread idle -> terminating. Have a great day.
06-16 01:19:28.750 D/UiDevice( 5865): Searching for node with selector: BySelector [RES='\Qtech.gtt.frontapp.stb.demo:id/account_login_tv2\E'].
06-16 01:19:28.751 W/QueryController( 5865): Could not detect idle state.
06-16 01:19:28.858 D/UiDevice( 5865): Searching for node with selector: BySelector [RES='\Qtech.gtt.frontapp.stb.demo:id/account_login_tv2\E'].
06-16 01:19:28.858 W/QueryController( 5865): Could not detect idle state.
06-16 01:19:28.961 D/UiDevice( 5865): Searching for node with selector: BySelector [RES='\Qtech.gtt.frontapp.stb.demo:id/account_login_tv2\E'].
06-16 01:19:28.963 W/QueryController( 5865): Could not detect idle state.
06-16 01:19:29.067 D/UiDevice( 5865): Searching for node with selector: BySelector [RES='\Qtech.gtt.frontapp.stb.demo:id/account_login_tv2\E'].
06-16 01:19:29.068 W/QueryController( 5865): Could not detect idle state.
06-16 01:19:29.175 D/UiDevice( 5865): Searching for node with selector: BySelector [RES='\Qtech.gtt.frontapp.stb.demo:id/account_login_tv2\E'].
06-16 01:19:29.177 W/QueryController( 5865): Could not detect idle state.
06-16 01:19:29.288 D/UiDevice( 5865): Searching for node with selector: BySelector [RES='\Qtech.gtt.frontapp.stb.demo:id/account_login_tv2\E'].
06-16 01:19:29.290 W/QueryController( 5865): Could not detect idle state.
06-16 01:19:29.401 D/UiDevice( 5865): Searching for node with selector: BySelector [RES='\Qtech.gtt.frontapp.stb.demo:id/account_login_tv2\E'].
06-16 01:19:29.402 W/QueryController( 5865): Could not detect idle state.
06-16 01:19:29.515 D/UiDevice( 5865): Searching for node with selector: BySelector [RES='\Qtech.gtt.frontapp.stb.demo:id/account_login_tv2\E'].
06-16 01:19:29.515 W/QueryController( 5865): Could not detect idle state.
06-16 01:19:29.619 D/UiDevice( 5865): Searching for node with selector: BySelector [RES='\Qtech.gtt.frontapp.stb.demo:id/account_login_tv2\E'].
06-16 01:19:29.620 W/QueryController( 5865): Could not detect idle state.
06-16 01:19:29.731 D/UiDevice( 5865): Searching for node with selector: BySelector [RES='\Qtech.gtt.frontapp.stb.demo:id/account_login_tv2\E'].
06-16 01:19:29.732 W/QueryController( 5865): Could not detect idle state.
06-16 01:19:29.736 E/TaskPersister( 1933): File error accessing recents directory (directory doesn't exist?).
06-16 01:19:29.838 D/UiDevice( 5865): Searching for node with selector: BySelector [RES='\Qtech.gtt.frontapp.stb.demo:id/account_login_tv2\E'].
06-16 01:19:29.839 W/QueryController( 5865): Could not detect idle state.
06-16 01:19:29.944 D/UiDevice( 5865): Searching for node with selector: BySelector [RES='\Qtech.gtt.frontapp.stb.demo:id/account_login_tv2\E'].
06-16 01:19:29.945 W/QueryController( 5865): Could not detect idle state.
06-16 01:19:30.050 D/UiDevice( 5865): Searching for node with selector: BySelector [RES='\Qtech.gtt.frontapp.stb.demo:id/account_login_tv2\E'].
06-16 01:19:30.051 W/QueryController( 5865): Could not detect idle state.
06-16 01:19:30.155 D/UiDevice( 5865): Searching for node with selector: BySelector [RES='\Qtech.gtt.frontapp.stb.demo:id/account_login_tv2\E'].
06-16 01:19:30.156 W/QueryController( 5865): Could not detect idle state.
06-16 01:19:30.264 D/UiDevice( 5865): Searching for node with selector: BySelector [RES='\Qtech.gtt.frontapp.stb.demo:id/account_login_tv2\E'].
06-16 01:19:30.265 W/QueryController( 5865): Could not detect idle state.
06-16 01:19:30.369 D/UiDevice( 5865): Searching for node with selector: BySelector [RES='\Qtech.gtt.frontapp.stb.demo:id/account_login_tv2\E'].
06-16 01:19:30.372 W/QueryController( 5865): Could not detect idle state.
06-16 01:19:30.484 D/UiDevice( 5865): Searching for node with selector: BySelector [RES='\Qtech.gtt.frontapp.stb.demo:id/account_login_tv2\E'].
06-16 01:19:30.485 W/QueryController( 5865): Could not detect idle state.
06-16 01:19:30.591 D/UiDevice( 5865): Searching for node with selector: BySelector [RES='\Qtech.gtt.frontapp.stb.demo:id/account_login_tv2\E'].
06-16 01:19:30.592 W/QueryController( 5865): Could not detect idle state.
06-16 01:19:30.698 D/UiDevice( 5865): Searching for node with selector: BySelector [RES='\Qtech.gtt.frontapp.stb.demo:id/account_login_tv2\E'].
06-16 01:19:30.699 W/QueryController( 5865): Could not detect idle state.
06-16 01:19:30.805 D/UiDevice( 5865): Searching for node with selector: BySelector [RES='\Qtech.gtt.frontapp.stb.demo:id/account_login_tv2\E'].
06-16 01:19:30.806 W/QueryController( 5865): Could not detect idle state.
06-16 01:19:30.909 D/UiDevice( 5865): Searching for node with selector: BySelector [RES='\Qtech.gtt.frontapp.stb.demo:id/account_login_tv2\E'].
06-16 01:19:30.911 W/QueryController( 5865): Could not detect idle state.
06-16 01:19:30.972 D/AudioTrack( 1804): stop(11): called with 200704 frames delivered
06-16 01:19:31.017 D/UiDevice( 5865): Searching for node with selector: BySelector [RES='\Qtech.gtt.frontapp.stb.demo:id/account_login_tv2\E'].
06-16 01:19:31.022 W/QueryController( 5865): Could not detect idle state.
06-16 01:19:31.128 D/UiDevice( 5865): Searching for node with selector: BySelector [RES='\Qtech.gtt.frontapp.stb.demo:id/account_login_tv2\E'].
06-16 01:19:31.129 W/QueryController( 5865): Could not detect idle state.
06-16 01:19:31.233 D/UiDevice( 5865): Searching for node with selector: BySelector [RES='\Qtech.gtt.frontapp.stb.demo:id/account_login_tv2\E'].
06-16 01:19:31.234 W/QueryController( 5865): Could not detect idle state.
06-16 01:19:31.340 D/UiDevice( 5865): Searching for node with selector: BySelector [RES='\Qtech.gtt.frontapp.stb.demo:id/account_login_tv2\E'].
06-16 01:19:31.341 W/QueryController( 5865): Could not detect idle state.
06-16 01:19:31.341 D/NuPlayerDriver( 1804): stop(0xf3a407f0)
06-16 01:19:31.342 V/MediaPlayer( 5959): resetDrmState:  mDrmInfo=null mDrmProvisioningThread=null mPrepareDrmInProgress=false mActiveDrmScheme=false
06-16 01:19:31.342 V/MediaPlayer( 5959): cleanDrmObj: mDrmObj=null mDrmSessionId=null
06-16 01:19:31.342 D/NuPlayerDriver( 1804): reset(0xf3a407f0) at state 8
06-16 01:19:31.347 D/SurfaceUtils( 1804): disconnecting from surface 0xee404ba8, reason disconnectFromSurface
06-16 01:19:31.348 D/SurfaceUtils( 1804): connecting to surface 0xee404ba8, reason onShutdown
06-16 01:19:31.350 D/NuPlayerDriver( 1804): notifyResetComplete(0xf3a407f0)
06-16 01:19:31.350 D/SurfaceUtils( 1804): disconnecting from surface 0xee403278, reason disconnectNativeWindow
06-16 01:19:31.350 W/AMessage( 1804): failed to post message as target looper for handler 0 is gone.
06-16 01:19:31.353 I/MediaFocusControl( 1933): abandonAudioFocus() from uid/pid 10058/5959 clientId=android.media.AudioManager@a8c13af
06-16 01:19:31.357 I/ActivityTaskManager( 1933): START u0 {cmp=tech.gtt.frontapp.stb.demo/tech.gtt.frontapp.stb.m.account.activity.LoginMethodSwitchActivity (has extras)} from uid 10058
06-16 01:19:31.362 D/CompatibilityChangeReporter( 1933): Compat change id reported: 174042980; UID 10058; state: DISABLED
06-16 01:19:31.363 D/CompatibilityChangeReporter( 1933): Compat change id reported: 184838306; UID 10058; state: DISABLED
06-16 01:19:31.363 D/CompatibilityChangeReporter( 1933): Compat change id reported: 185004937; UID 10058; state: DISABLED
06-16 01:19:31.363 D/CompatibilityChangeReporter( 1933): Compat change id reported: 181136395; UID 10058; state: DISABLED
06-16 01:19:31.364 D/CompatibilityChangeReporter( 1933): Compat change id reported: 174042936; UID 10058; state: DISABLED
06-16 01:19:31.365 D/CompatibilityChangeReporter( 1933): Compat change id reported: 197654537; UID 10058; state: ENABLED
06-16 01:19:31.367 D/CompatibilityChangeReporter( 1933): Compat change id reported: 168419799; UID 10058; state: DISABLED
06-16 01:19:31.375 I/MediaFocusControl( 1933): abandonAudioFocus() from uid/pid 10058/5959 clientId=android.media.AudioManager@a8c13af
06-16 01:19:31.381 W/MediaPlayer( 5959): mediaplayer went away with unhandled events
06-16 01:19:31.381 W/MediaPlayer( 5959): mediaplayer went away with unhandled events
06-16 01:19:31.384 W/ActivityTaskManager( 1933): Tried to set launchTime (0) < mLastActivityLaunchTime (2331880)
06-16 01:19:31.404 D/AndroidAutoSize( 5959): tech.gtt.frontapp.stb.m.account.activity.LoginMethodSwitchActivity used the global configuration.
06-16 01:19:31.407 D/AndroidAutoSize( 5959): The tech.gtt.frontapp.stb.m.account.activity.LoginMethodSwitchActivity has been adapted! 
06-16 01:19:31.407 D/AndroidAutoSize( 5959): LoginMethodSwitchActivity Info: isBaseOnWidth = true, designWidthInDp = 1920.000000, designWidthInSubunits = 1920.000000, targetDensity = 1.000000, targetScaledDensity = 1.000000, targetDensityDpi = 160, targetXdpi = 1.000000, targetScreenWidthDp = 1920, targetScreenHeightDp = 1032
06-16 01:19:31.450 D/AndroidAutoSize( 5959): tech.gtt.frontapp.stb.m.account.activity.LoginMethodSwitchActivity used the global configuration.
06-16 01:19:31.450 D/AndroidAutoSize( 5959): The tech.gtt.frontapp.stb.m.account.activity.LoginMethodSwitchActivity has been adapted! 
06-16 01:19:31.450 D/AndroidAutoSize( 5959): LoginMethodSwitchActivity Info: isBaseOnWidth = true, designWidthInDp = 1920.000000, designWidthInSubunits = 1920.000000, targetDensity = 1.000000, targetScaledDensity = 1.000000, targetDensityDpi = 160, targetXdpi = 1.000000, targetScreenWidthDp = 1920, targetScreenHeightDp = 1032
06-16 01:19:31.454 W/WindowManager( 1933): Failed looking up window session=Session{cf7bea2 5959:u0a10058} callers=com.android.server.wm.WindowManagerService.windowForClientLocked:5850 com.android.server.wm.Session.updateRequestedVisibilities:640 android.view.IWindowSession$Stub.onTransact:1175 
06-16 01:19:31.476 D/gralloc_nox( 1764): gralloc_alloc: Creating ashmem region of size 8298496
06-16 01:19:31.483 D/UiDevice( 5865): Searching for node with selector: BySelector [RES='\Qtech.gtt.frontapp.stb.demo:id/account_login_tv2\E'].
06-16 01:19:31.484 W/QueryController( 5865): Could not detect idle state.
06-16 01:19:31.513 D/gralloc_nox( 1764): gralloc_alloc: Creating ashmem region of size 8298496
06-16 01:19:31.521 D/ProcessState( 6363): Binder ioctl to enable oneway spam detection failed: Invalid argument
06-16 01:19:31.560 D/gralloc_nox( 1764): gralloc_alloc: Creating ashmem region of size 8298496
06-16 01:19:31.634 E/libEGL  ( 5959): called unimplemented OpenGL ES API
06-16 01:19:31.661 I/ActivityTaskManager( 1933): Displayed tech.gtt.frontapp.stb.demo/tech.gtt.frontapp.stb.m.account.activity.LoginMethodSwitchActivity: +304ms
06-16 01:19:31.795 D/UiDevice( 5865): Searching for node with selector: BySelector [RES='\Qtech.gtt.frontapp.stb.demo:id/account_login_tv2\E'].
06-16 01:19:31.796 W/QueryController( 5865): Could not detect idle state.
06-16 01:19:31.825 D/UIAutomatorStub( 5865): URI: /jsonrpc/0, Method: POST, params, {NanoHttpd.QUERY_STRING=null}, files: {postData={"jsonrpc": "2.0", "id": 1, "method": "objInfo", "params": [{"mask": 2097152, "childOrSibling": [], "childOrSiblingSelector": [], "resourceId": "tech.gtt.frontapp.stb.demo:id/account_login_tv2"}]}}
06-16 01:19:31.827 D/UiDevice( 5865): Retrieving node with selector: BySelector [RES='\Qtech.gtt.frontapp.stb.demo:id/account_login_tv2\E'].
06-16 01:19:31.828 W/QueryController( 5865): Could not detect idle state.
06-16 01:19:31.832 W/QueryController( 5865): Could not detect idle state.
06-16 01:19:31.835 W/QueryController( 5865): Could not detect idle state.
06-16 01:19:31.844 W/QueryController( 5865): Could not detect idle state.
06-16 01:19:31.848 W/QueryController( 5865): Could not detect idle state.
06-16 01:19:31.850 W/QueryController( 5865): Could not detect idle state.
06-16 01:19:31.851 W/QueryController( 5865): Could not detect idle state.
06-16 01:19:31.852 W/QueryController( 5865): Could not detect idle state.
06-16 01:19:31.858 W/QueryController( 5865): Could not detect idle state.
06-16 01:19:31.860 W/QueryController( 5865): Could not detect idle state.
06-16 01:19:31.862 W/QueryController( 5865): Could not detect idle state.
06-16 01:19:31.863 W/QueryController( 5865): Could not detect idle state.
06-16 01:19:31.864 W/QueryController( 5865): Could not detect idle state.
06-16 01:19:31.865 W/QueryController( 5865): Could not detect idle state.
06-16 01:19:31.868 W/QueryController( 5865): Could not detect idle state.
06-16 01:19:31.874 W/QueryController( 5865): Could not detect idle state.
06-16 01:19:31.898 W/InputManager-JNI( 1933): Input channel object '1782ad0 tech.gtt.frontapp.stb.demo/tech.gtt.frontapp.stb.m.home.activity.LoadingActivity (client)' was disposed without first being removed with the input manager!
06-16 01:19:31.909 W/QueryController( 5865): Could not detect idle state.
06-16 01:19:31.913 W/QueryController( 5865): Could not detect idle state.
06-16 01:19:31.940 D/UIAutomatorStub( 5865): URI: /jsonrpc/0, Method: POST, params, {NanoHttpd.QUERY_STRING=null}, files: {postData={"jsonrpc": "2.0", "id": 1, "method": "click", "params": [1390.0, 559.0]}}
06-16 01:19:32.066 I/ActivityTaskManager( 1933): START u0 {cmp=tech.gtt.frontapp.stb.demo/tech.gtt.frontapp.stb.m.account.activity.LoginActivity} from uid 10058
06-16 01:19:32.080 W/ActivityTaskManager( 1933): Tried to set launchTime (0) < mLastActivityLaunchTime (2336984)
06-16 01:19:32.093 D/AndroidAutoSize( 5959): tech.gtt.frontapp.stb.m.account.activity.LoginActivity used the global configuration.
06-16 01:19:32.093 D/AndroidAutoSize( 5959): The tech.gtt.frontapp.stb.m.account.activity.LoginActivity has been adapted! 
06-16 01:19:32.093 D/AndroidAutoSize( 5959): LoginActivity Info: isBaseOnWidth = true, designWidthInDp = 1920.000000, designWidthInSubunits = 1920.000000, targetDensity = 1.000000, targetScaledDensity = 1.000000, targetDensityDpi = 160, targetXdpi = 1.000000, targetScreenWidthDp = 1920, targetScreenHeightDp = 1032
06-16 01:19:32.113 D/UIAutomatorStub( 5865): URI: /jsonrpc/0, Method: POST, params, {NanoHttpd.QUERY_STRING=null}, files: {postData={"jsonrpc": "2.0", "id": 1, "method": "waitForExists", "params": [{"mask": 2097152, "childOrSibling": [], "childOrSiblingSelector": [], "resourceId": "tech.gtt.frontapp.stb.demo:id/loginf_et_username"}, 20000]}}
06-16 01:19:32.122 D/UiDevice( 5865): Waiting 20000ms for SearchCondition[hasObject=BySelector [RES='\Qtech.gtt.frontapp.stb.demo:id/loginf_et_username\E']].
06-16 01:19:32.126 D/UiDevice( 5865): Searching for node with selector: BySelector [RES='\Qtech.gtt.frontapp.stb.demo:id/loginf_et_username\E'].
06-16 01:19:32.127 W/QueryController( 5865): Could not detect idle state.
06-16 01:19:32.196 D/AndroidAutoSize( 5959): tech.gtt.frontapp.stb.m.account.activity.LoginActivity used the global configuration.
06-16 01:19:32.196 D/AndroidAutoSize( 5959): The tech.gtt.frontapp.stb.m.account.activity.LoginActivity has been adapted! 
06-16 01:19:32.196 D/AndroidAutoSize( 5959): LoginActivity Info: isBaseOnWidth = true, designWidthInDp = 1920.000000, designWidthInSubunits = 1920.000000, targetDensity = 1.000000, targetScaledDensity = 1.000000, targetDensityDpi = 160, targetXdpi = 1.000000, targetScreenWidthDp = 1920, targetScreenHeightDp = 1032
06-16 01:19:32.199 W/WindowManager( 1933): Failed looking up window session=Session{cf7bea2 5959:u0a10058} callers=com.android.server.wm.WindowManagerService.windowForClientLocked:5850 com.android.server.wm.Session.updateRequestedVisibilities:640 android.view.IWindowSession$Stub.onTransact:1175 
06-16 01:19:32.228 D/gralloc_nox( 1764): gralloc_alloc: Creating ashmem region of size 8298496
06-16 01:19:32.257 D/gralloc_nox( 1764): gralloc_alloc: Creating ashmem region of size 8298496
06-16 01:19:32.280 D/ProcessState( 6377): Binder ioctl to enable oneway spam detection failed: Invalid argument
06-16 01:19:32.283 D/gralloc_nox( 1764): gralloc_alloc: Creating ashmem region of size 8298496
06-16 01:19:32.387 W/ByMatcher( 5865): Node returned null child: android.view.accessibility.AccessibilityNodeInfo@112b3; boundsInParent: Rect(0, 0 - 1920, 1080); boundsInScreen: Rect(0, 0 - 1920, 1080); packageName: tech.gtt.frontapp.stb.demo; className: android.widget.RelativeLayout; text: null; error: null; maxTextLength: -1; stateDescription: null; contentDescription: null; tooltipText: null; viewIdResName: null; checkable: false; checked: false; focusable: false; focused: false; selected: false; clickable: false; longClickable: false; contextClickable: false; enabled: true; password: false; scrollable: false; importantForAccessibility: false; visible: true; actions: [AccessibilityAction: ACTION_SELECT - null, AccessibilityAction: ACTION_CLEAR_SELECTION - null, AccessibilityAction: ACTION_ACCESSIBILITY_FOCUS - null, AccessibilityAction: ACTION_SHOW_ON_SCREEN - null]
06-16 01:19:32.388 W/ByMatcher( 5865): Skipping null child (2 of 3)
06-16 01:19:32.392 W/ByMatcher( 5865): Node returned null child: android.view.accessibility.AccessibilityNodeInfo@80006d87; boundsInParent: Rect(0, 0 - 1920, 1080); boundsInScreen: Rect(0, 0 - 1920, 1080); packageName: tech.gtt.frontapp.stb.demo; className: android.widget.FrameLayout; text: null; error: null; maxTextLength: -1; stateDescription: null; contentDescription: null; tooltipText: null; viewIdResName: null; checkable: false; checked: false; focusable: false; focused: false; selected: false; clickable: false; longClickable: false; contextClickable: false; enabled: true; password: false; scrollable: false; importantForAccessibility: true; visible: true; actions: [AccessibilityAction: ACTION_SELECT - null, AccessibilityAction: ACTION_CLEAR_SELECTION - null, AccessibilityAction: ACTION_ACCESSIBILITY_FOCUS - null, AccessibilityAction: ACTION_SHOW_ON_SCREEN - null]
06-16 01:19:32.393 W/ByMatcher( 5865): Skipping null child (0 of 1)
06-16 01:19:32.397 I/ActivityTaskManager( 1933): Displayed tech.gtt.frontapp.stb.demo/tech.gtt.frontapp.stb.m.account.activity.LoginActivity: +329ms
06-16 01:19:32.495 D/UiDevice( 5865): Searching for node with selector: BySelector [RES='\Qtech.gtt.frontapp.stb.demo:id/loginf_et_username\E'].
06-16 01:19:32.497 W/QueryController( 5865): Could not detect idle state.
06-16 01:19:32.578 D/UIAutomatorStub( 5865): URI: /jsonrpc/0, Method: POST, params, {NanoHttpd.QUERY_STRING=null}, files: {postData={"jsonrpc": "2.0", "id": 1, "method": "objInfo", "params": [{"mask": 2097152, "childOrSibling": [], "childOrSiblingSelector": [], "resourceId": "tech.gtt.frontapp.stb.demo:id/loginf_et_username"}]}}
06-16 01:19:32.585 D/UiDevice( 5865): Retrieving node with selector: BySelector [RES='\Qtech.gtt.frontapp.stb.demo:id/loginf_et_username\E'].
06-16 01:19:32.588 W/QueryController( 5865): Could not detect idle state.
06-16 01:19:32.642 W/QueryController( 5865): Could not detect idle state.
06-16 01:19:32.645 W/QueryController( 5865): Could not detect idle state.
06-16 01:19:32.650 W/QueryController( 5865): Could not detect idle state.
06-16 01:19:32.653 W/SurfaceFlinger( 1779): couldn't log to binary event log: overflow.
06-16 01:19:32.662 W/QueryController( 5865): Could not detect idle state.
06-16 01:19:32.665 W/QueryController( 5865): Could not detect idle state.
06-16 01:19:32.666 W/QueryController( 5865): Could not detect idle state.
06-16 01:19:32.667 W/QueryController( 5865): Could not detect idle state.
06-16 01:19:32.668 W/QueryController( 5865): Could not detect idle state.
06-16 01:19:32.669 W/QueryController( 5865): Could not detect idle state.
06-16 01:19:32.672 W/QueryController( 5865): Could not detect idle state.
06-16 01:19:32.674 W/QueryController( 5865): Could not detect idle state.
06-16 01:19:32.675 W/QueryController( 5865): Could not detect idle state.
06-16 01:19:32.676 W/QueryController( 5865): Could not detect idle state.
06-16 01:19:32.677 W/QueryController( 5865): Could not detect idle state.
06-16 01:19:32.678 W/QueryController( 5865): Could not detect idle state.
06-16 01:19:32.678 W/QueryController( 5865): Could not detect idle state.
06-16 01:19:32.679 W/QueryController( 5865): Could not detect idle state.
06-16 01:19:32.695 D/UIAutomatorStub( 5865): URI: /jsonrpc/0, Method: POST, params, {NanoHttpd.QUERY_STRING=null}, files: {postData={"jsonrpc": "2.0", "id": 1, "method": "click", "params": [1057.0, 437.0]}}
06-16 01:19:32.814 D/CompatibilityChangeReporter( 5959): Compat change id reported: 163400105; UID 10058; state: ENABLED
06-16 01:19:32.814 D/InputMethodManager( 5959): showSoftInput() view=tech.gtt.frontapp.stb.c.ui.edittext.EmailAutoCompleteTextView{1640df VFED..CL. .F.P..ID 0,0-700,92 #7f0b02ce app:id/loginf_et_username aid=1073741824} flags=0 reason=SHOW_SOFT_INPUT
06-16 01:19:32.815 V/InputMethodService( 3091): onEvaluateInputViewShown: config.hardKeyboardHidden = 2
06-16 01:19:32.815 V/InputMethodService( 3091): onEvaluateInputViewShown: config.hardKeyboardHidden = 2
06-16 01:19:32.815 I/AdbKeyboard( 3091): imeAction: 5 Next
06-16 01:19:32.838 D/gralloc_nox( 1764): gralloc_alloc: Creating ashmem region of size 647168
06-16 01:19:32.898 D/gralloc_nox( 1764): gralloc_alloc: Creating ashmem region of size 647168
06-16 01:19:32.901 D/UIAutomatorStub( 5865): URI: /jsonrpc/0, Method: POST, params, {NanoHttpd.QUERY_STRING=null}, files: {postData={"jsonrpc": "2.0", "id": 1, "method": "waitForExists", "params": [{"mask": 2097152, "childOrSibling": [], "childOrSiblingSelector": [], "resourceId": "tech.gtt.frontapp.stb.demo:id/loginf_et_username"}, 20000]}}
06-16 01:19:32.907 D/UiDevice( 5865): Waiting 20000ms for SearchCondition[hasObject=BySelector [RES='\Qtech.gtt.frontapp.stb.demo:id/loginf_et_username\E']].
06-16 01:19:32.907 D/UiDevice( 5865): Searching for node with selector: BySelector [RES='\Qtech.gtt.frontapp.stb.demo:id/loginf_et_username\E'].
06-16 01:19:32.908 D/gralloc_nox( 1764): gralloc_alloc: Creating ashmem region of size 647168
06-16 01:19:32.910 W/QueryController( 5865): Could not detect idle state.
06-16 01:19:32.925 D/ProcessState( 6386): Binder ioctl to enable oneway spam detection failed: Invalid argument
06-16 01:19:32.928 D/InsetsController( 5959): show(ime(), fromIme=true)
06-16 01:19:32.987 D/UIAutomatorStub( 5865): URI: /jsonrpc/0, Method: POST, params, {NanoHttpd.QUERY_STRING=null}, files: {postData={"jsonrpc": "2.0", "id": 1, "method": "setText", "params": [{"mask": 2097152, "childOrSibling": [], "childOrSiblingSelector": [], "resourceId": "tech.gtt.frontapp.stb.demo:id/loginf_et_username"}, "0609@ipwangxin.cn"]}}
