06-18 13:48:29.005 W/ByMatcher(19250): Node returned null child: android.view.accessibility.AccessibilityNodeInfo@30ced; boundsInParent: Rect(0, 0 - 1920, 48); boundsInScreen: Rect(0, 0 - 1920, 48); packageName: com.android.systemui; className: android.widget.FrameLayout; text: null; error: null; maxTextLength: -1; stateDescription: null; contentDescription: null; tooltipText: null; viewIdResName: null; checkable: false; checked: false; focusable: false; focused: false; selected: false; clickable: false; longClickable: false; contextClickable: false; enabled: true; password: false; scrollable: false; importantForAccessibility: true; visible: true; actions: [AccessibilityAction: ACTION_SELECT - null, AccessibilityAction: ACTION_CLEAR_SELECTION - null, AccessibilityAction: ACTION_ACCESSIBILITY_FOCUS - null, AccessibilityAction: ACTION_SHOW_ON_SCREEN - null]
06-18 13:48:29.005 W/ByMatcher(19250): Skipping null child (0 of 2)
06-18 13:48:29.005 W/ByMatcher(19250): Skipping null child (1 of 2)
06-18 13:48:29.016 D/CompatibilityChangeReporter(19306): Compat change id reported: 171228096; UID 10058; state: ENABLED
06-18 13:48:29.031 W/DataBinding(19306): Setting the fragment as the LifecycleOwner might cause memory leaks because views lives shorter than the Fragment. Consider using Fragment's view lifecycle
06-18 13:48:29.044 I/MediaFocusControl( 1936): requestAudioFocus() from uid/pid 10058/19306 AA=USAGE_MEDIA/CONTENT_TYPE_MOVIE clientId=android.media.AudioManager@1be4bcd callingPack=tech.gtt.frontapp.stb.demo req=1 flags=0x0 sdk=35
06-18 13:48:29.045 I/AudioService.FadeOutManager( 1936): unfadeOutUid() uid:10058
06-18 13:48:29.055 W/MediaProvider( 2560): Failed to fetch original file descriptor
06-18 13:48:29.055 W/MediaProvider( 2560): java.io.IOException: stat failed: ENOENT (No such file or directory)
06-18 13:48:29.055 W/MediaProvider( 2560): 	at com.android.providers.media.MediaProvider.getFileFromFileDescriptor(MediaProvider.java:5822)
06-18 13:48:29.055 W/MediaProvider( 2560): 	at com.android.providers.media.MediaProvider.getOriginalMediaFormatFileDescriptor(MediaProvider.java:5739)
06-18 13:48:29.055 W/MediaProvider( 2560): 	at com.android.providers.media.MediaProvider.openTypedAssetFileCommon(MediaProvider.java:7162)
06-18 13:48:29.055 W/MediaProvider( 2560): 	at com.android.providers.media.MediaProvider.openTypedAssetFile(MediaProvider.java:7143)
06-18 13:48:29.055 W/MediaProvider( 2560): 	at android.content.ContentProvider$Transport.openTypedAssetFile(ContentProvider.java:548)
06-18 13:48:29.055 W/MediaProvider( 2560): 	at android.content.ContentProviderNative.onTransact(ContentProviderNative.java:327)
06-18 13:48:29.055 W/MediaProvider( 2560): 	at android.os.Binder.execTransactInternal(Binder.java:1179)
06-18 13:48:29.055 W/MediaProvider( 2560): 	at android.os.Binder.execTransact(Binder.java:1143)
06-18 13:48:29.055 W/MediaProvider( 2560): Caused by: android.system.ErrnoException: stat failed: ENOENT (No such file or directory)
06-18 13:48:29.055 W/MediaProvider( 2560): 	at libcore.io.Linux.stat(Native Method)
06-18 13:48:29.055 W/MediaProvider( 2560): 	at libcore.io.ForwardingOs.stat(ForwardingOs.java:853)
06-18 13:48:29.055 W/MediaProvider( 2560): 	at libcore.io.BlockGuardOs.stat(BlockGuardOs.java:420)
06-18 13:48:29.055 W/MediaProvider( 2560): 	at libcore.io.ForwardingOs.stat(ForwardingOs.java:853)
06-18 13:48:29.055 W/MediaProvider( 2560): 	at android.app.ActivityThread$AndroidOs.stat(ActivityThread.java:7775)
06-18 13:48:29.055 W/MediaProvider( 2560): 	at android.system.Os.stat(Os.java:919)
06-18 13:48:29.055 W/MediaProvider( 2560): 	at com.android.providers.media.MediaProvider.getFileFromFileDescriptor(MediaProvider.java:5816)
06-18 13:48:29.055 W/MediaProvider( 2560): 	... 7 more
06-18 13:48:29.057 D/NuPlayerDriver( 1809): NuPlayerDriver(0xf5c02920) created, clientPid(19306)
06-18 13:48:29.060 D/SurfaceUtils( 1809): connecting to surface 0xf0800018, reason setVideoSurfaceTexture
06-18 13:48:29.061 D/NuPlayer( 1809): onSetVideoSurface(0xf0804ba0, no video decoder)
06-18 13:48:29.066 D/GenericSource( 1809): FileSource remote
06-18 13:48:29.070 I/SampleTable( 1807): There are reordered frames present.
06-18 13:48:29.077 D/MediaBufferGroup( 1807): creating MemoryDealer
06-18 13:48:29.087 D/MediaPlayerNative(19306): getMetadata
06-18 13:48:29.090 I/GenericSource( 1809): start
06-18 13:48:29.107 D/UiDevice(19250): Searching for node with selector: BySelector [RES='\Qtech.gtt.frontapp.stb.demo:id/account_login_tv2\E'].
06-18 13:48:29.107 W/QueryController(19250): Could not detect idle state.
06-18 13:48:29.140 I/OMXClient( 1809): IOmx service obtained
06-18 13:48:29.140 I/OMXClient( 1809): IOmx service obtained
06-18 13:48:29.140 I/OMXStore( 1812): makeComponentInstance(OMX.google.h264.decoder) in android.hardwar process
06-18 13:48:29.141 I/OMXStore( 1812): makeComponentInstance(OMX.google.aac.decoder) in android.hardwar process
06-18 13:48:29.142 D/SurfaceUtils( 1809): disconnecting from surface 0xf0804ba8, reason onConfigure
06-18 13:48:29.143 D/SurfaceUtils( 1809): connecting to surface 0xf0804ba8, reason connectToSurface
06-18 13:48:29.143 I/MediaCodec( 1809): [OMX.google.h264.decoder] setting surface generation to 1852433
06-18 13:48:29.143 D/SurfaceUtils( 1809): disconnecting from surface 0xf0804ba8, reason connectToSurface(reconnect)
06-18 13:48:29.144 E/OMXNodeInstance( 1812): setConfig(0xe6d402b0:google.aac.decoder, ConfigPriority(0x6f800002)) ERROR: Undefined(0x80001001)
06-18 13:48:29.144 D/SurfaceUtils( 1809): connecting to surface 0xf0804ba8, reason connectToSurface(reconnect)
06-18 13:48:29.144 I/ACodec  ( 1809): codec does not support config priority (err -2147483648)
06-18 13:48:29.144 E/OMXNodeInstance( 1812): getConfig(0xe6d402b0:google.aac.decoder, ConfigAndroidVendorExtension(0x6f100004)) ERROR: Undefined(0x80001001)
06-18 13:48:29.144 D/SoftAAC2( 1812): get OMX_IndexParamAudioAndroidAacDrcPresentation
06-18 13:48:29.145 E/OMXNodeInstance( 1812): getExtensionIndex(0xe6d400f0:google.h264.decoder, OMX.google.android.index.enableAndroidNativeBuffers) ERROR: UnsupportedIndex(0x8000101a)
06-18 13:48:29.145 I/MediaCodec( 1809): MediaCodec will operate in async mode
06-18 13:48:29.145 E/ACodec  ( 1809): [OMX.google.h264.decoder] setPortMode on output to DynamicANWBuffer failed w/ err -1010
06-18 13:48:29.145 D/MediaCodec( 1809): keep callback message for reclaim
06-18 13:48:29.145 E/OMXNodeInstance( 1812): getParameter(0xe6d400f0:google.h264.decoder, ??(0x6f600011)) ERROR: UnsupportedIndex(0x8000101a)
06-18 13:48:29.146 W/OMXNodeInstance( 1812): [0xe6d400f0:google.h264.decoder] component does not support metadata mode; using fallback
06-18 13:48:29.147 D/SoftVideoDecoderOMXComponent( 1812): Color Aspects preference: 1 
06-18 13:48:29.148 E/OMXNodeInstance( 1812): setConfig(0xe6d400f0:google.h264.decoder, ConfigPriority(0x6f800002)) ERROR: UnsupportedIndex(0x8000101a)
06-18 13:48:29.148 I/ACodec  ( 1809): codec does not support config priority (err -1010)
06-18 13:48:29.148 E/OMXNodeInstance( 1812): setConfig(0xe6d400f0:google.h264.decoder, ConfigOperatingRate(0x6f800003)) ERROR: UnsupportedIndex(0x8000101a)
06-18 13:48:29.148 I/ACodec  ( 1809): codec does not support config operating rate (err -1010)
06-18 13:48:29.148 E/OMXNodeInstance( 1812): getConfig(0xe6d400f0:google.h264.decoder, ConfigAndroidVendorExtension(0x6f100004)) ERROR: UnsupportedIndex(0x8000101a)
06-18 13:48:29.149 E/OMXNodeInstance( 1812): getConfig(0xe6d400f0:google.h264.decoder, ??(0x7f000003)) ERROR: UnsupportedSetting(0x80001019)
06-18 13:48:29.151 I/MediaCodec( 1809): MediaCodec will operate in async mode
06-18 13:48:29.151 D/MediaCodec( 1809): keep callback message for reclaim
06-18 13:48:29.154 I/SoftAAC2( 1812): Reconfiguring decoder: 0->44100 Hz, 0->1 channels
06-18 13:48:29.154 D/SoftAAC2( 1812): get OMX_IndexParamAudioAndroidAacDrcPresentation
06-18 13:48:29.156 W/ResourceManagerService( 1809): Ignoring request to add new resource entry with value <= 0
06-18 13:48:29.158 D/SoftVideoDecoderOMXComponent( 1812): Color Aspects preference: 1 
06-18 13:48:29.159 E/OMXNodeInstance( 1812): getConfig(0xe6d400f0:google.h264.decoder, ??(0x7f000003)) ERROR: UnsupportedSetting(0x80001019)
06-18 13:48:29.172 D/MediaCodec( 1809): [OMX.google.h264.decoder] setting dataspace on output surface to #102
06-18 13:48:29.176 D/AudioFlinger( 1776): Client defaulted notificationFrames to 11286 for frameCount 22572
06-18 13:48:29.181 D/AF::TrackHandle( 1776): OpPlayAudio: track:73 usage:1 not muted
06-18 13:48:29.186 V/GSK-APIS(19306): received response >>> id: bf14a101 url: https://gtt-app-apigateway-lion.vdemosit.com/api/enduser/messagecenter/message/query/v1 statusCode: 400, exception: null
06-18 13:48:29.186 I/System.out(19306): [SDKInterceptorPlugin] Unhandled exception in request processing: Something went wrong while connecting to the server, statusCode: 400
06-18 13:48:29.214 D/UiDevice(19250): Searching for node with selector: BySelector [RES='\Qtech.gtt.frontapp.stb.demo:id/account_login_tv2\E'].
06-18 13:48:29.216 W/QueryController(19250): Could not detect idle state.
06-18 13:48:29.231 W/MediaPlayerNative(19306): info/warning (3, 0)
06-18 13:48:29.232 D/gralloc_nox( 1767): gralloc_alloc: Creating ashmem region of size 589824
06-18 13:48:29.232 E/android.hardware.audio.service( 1759): pcm_open called create stream faild
06-18 13:48:29.238 D/SoftwareRenderer( 1809): setting dataspace on output surface to #8000102
06-18 13:48:29.239 D/gralloc_nox( 1767): gralloc_alloc: Creating ashmem region of size 589824
06-18 13:48:29.242 W/InputManager-JNI( 1936): Input channel object 'd8d2052 tech.gtt.frontapp.stb.demo/tech.gtt.frontapp.stb.m.home.activity.SplashActivity (client)' was disposed without first being removed with the input manager!
06-18 13:48:29.277 D/AudioFlinger( 1776): mixer(0x7e14b2cf8a60) throttle end: throttle time(35)
06-18 13:48:29.354 D/UiDevice(19250): Searching for node with selector: BySelector [RES='\Qtech.gtt.frontapp.stb.demo:id/account_login_tv2\E'].
06-18 13:48:29.354 W/QueryController(19250): Could not detect idle state.
06-18 13:48:29.460 D/UiDevice(19250): Searching for node with selector: BySelector [RES='\Qtech.gtt.frontapp.stb.demo:id/account_login_tv2\E'].
06-18 13:48:29.460 W/QueryController(19250): Could not detect idle state.
06-18 13:48:29.514 D/gralloc_nox( 1767): gralloc_alloc: Creating ashmem region of size 589824
06-18 13:48:29.547 D/AudioFlinger( 1776): mixer(0x7e14b2cf8a60) throttle end: throttle time(187)
06-18 13:48:29.564 D/UiDevice(19250): Searching for node with selector: BySelector [RES='\Qtech.gtt.frontapp.stb.demo:id/account_login_tv2\E'].
06-18 13:48:29.565 W/QueryController(19250): Could not detect idle state.
06-18 13:48:29.621 D/AudioFlinger( 1776): mixer(0x7e14b2cf8a60) throttle end: throttle time(34)
06-18 13:48:29.671 D/UiDevice(19250): Searching for node with selector: BySelector [RES='\Qtech.gtt.frontapp.stb.demo:id/account_login_tv2\E'].
06-18 13:48:29.671 W/QueryController(19250): Could not detect idle state.
06-18 13:48:29.774 D/UiDevice(19250): Searching for node with selector: BySelector [RES='\Qtech.gtt.frontapp.stb.demo:id/account_login_tv2\E'].
06-18 13:48:29.774 W/QueryController(19250): Could not detect idle state.
06-18 13:48:29.779 D/gralloc_nox( 1767): gralloc_alloc: Creating ashmem region of size 589824
06-18 13:48:29.878 D/UiDevice(19250): Searching for node with selector: BySelector [RES='\Qtech.gtt.frontapp.stb.demo:id/account_login_tv2\E'].
06-18 13:48:29.879 W/QueryController(19250): Could not detect idle state.
06-18 13:48:29.986 D/UiDevice(19250): Searching for node with selector: BySelector [RES='\Qtech.gtt.frontapp.stb.demo:id/account_login_tv2\E'].
06-18 13:48:29.987 W/QueryController(19250): Could not detect idle state.
06-18 13:48:30.091 D/UiDevice(19250): Searching for node with selector: BySelector [RES='\Qtech.gtt.frontapp.stb.demo:id/account_login_tv2\E'].
06-18 13:48:30.092 W/QueryController(19250): Could not detect idle state.
06-18 13:48:30.195 D/UiDevice(19250): Searching for node with selector: BySelector [RES='\Qtech.gtt.frontapp.stb.demo:id/account_login_tv2\E'].
06-18 13:48:30.196 W/QueryController(19250): Could not detect idle state.
06-18 13:48:30.299 D/UiDevice(19250): Searching for node with selector: BySelector [RES='\Qtech.gtt.frontapp.stb.demo:id/account_login_tv2\E'].
06-18 13:48:30.299 W/QueryController(19250): Could not detect idle state.
06-18 13:48:30.406 D/UiDevice(19250): Searching for node with selector: BySelector [RES='\Qtech.gtt.frontapp.stb.demo:id/account_login_tv2\E'].
06-18 13:48:30.407 W/QueryController(19250): Could not detect idle state.
06-18 13:48:30.513 D/UiDevice(19250): Searching for node with selector: BySelector [RES='\Qtech.gtt.frontapp.stb.demo:id/account_login_tv2\E'].
06-18 13:48:30.513 W/QueryController(19250): Could not detect idle state.
06-18 13:48:30.620 D/UiDevice(19250): Searching for node with selector: BySelector [RES='\Qtech.gtt.frontapp.stb.demo:id/account_login_tv2\E'].
06-18 13:48:30.620 W/QueryController(19250): Could not detect idle state.
06-18 13:48:30.724 D/UiDevice(19250): Searching for node with selector: BySelector [RES='\Qtech.gtt.frontapp.stb.demo:id/account_login_tv2\E'].
06-18 13:48:30.724 W/QueryController(19250): Could not detect idle state.
06-18 13:48:30.830 D/UiDevice(19250): Searching for node with selector: BySelector [RES='\Qtech.gtt.frontapp.stb.demo:id/account_login_tv2\E'].
06-18 13:48:30.831 W/QueryController(19250): Could not detect idle state.
06-18 13:48:30.937 D/UiDevice(19250): Searching for node with selector: BySelector [RES='\Qtech.gtt.frontapp.stb.demo:id/account_login_tv2\E'].
06-18 13:48:30.937 W/QueryController(19250): Could not detect idle state.
06-18 13:48:31.042 D/UiDevice(19250): Searching for node with selector: BySelector [RES='\Qtech.gtt.frontapp.stb.demo:id/account_login_tv2\E'].
06-18 13:48:31.043 W/QueryController(19250): Could not detect idle state.
06-18 13:48:31.149 D/UiDevice(19250): Searching for node with selector: BySelector [RES='\Qtech.gtt.frontapp.stb.demo:id/account_login_tv2\E'].
06-18 13:48:31.150 W/QueryController(19250): Could not detect idle state.
06-18 13:48:31.255 D/UiDevice(19250): Searching for node with selector: BySelector [RES='\Qtech.gtt.frontapp.stb.demo:id/account_login_tv2\E'].
06-18 13:48:31.255 W/QueryController(19250): Could not detect idle state.
06-18 13:48:31.360 D/UiDevice(19250): Searching for node with selector: BySelector [RES='\Qtech.gtt.frontapp.stb.demo:id/account_login_tv2\E'].
06-18 13:48:31.361 W/QueryController(19250): Could not detect idle state.
06-18 13:48:31.464 D/UiDevice(19250): Searching for node with selector: BySelector [RES='\Qtech.gtt.frontapp.stb.demo:id/account_login_tv2\E'].
06-18 13:48:31.465 W/QueryController(19250): Could not detect idle state.
06-18 13:48:31.570 D/UiDevice(19250): Searching for node with selector: BySelector [RES='\Qtech.gtt.frontapp.stb.demo:id/account_login_tv2\E'].
06-18 13:48:31.570 W/QueryController(19250): Could not detect idle state.
06-18 13:48:31.674 D/UiDevice(19250): Searching for node with selector: BySelector [RES='\Qtech.gtt.frontapp.stb.demo:id/account_login_tv2\E'].
06-18 13:48:31.675 W/QueryController(19250): Could not detect idle state.
06-18 13:48:31.778 D/UiDevice(19250): Searching for node with selector: BySelector [RES='\Qtech.gtt.frontapp.stb.demo:id/account_login_tv2\E'].
06-18 13:48:31.778 W/QueryController(19250): Could not detect idle state.
06-18 13:48:31.885 D/UiDevice(19250): Searching for node with selector: BySelector [RES='\Qtech.gtt.frontapp.stb.demo:id/account_login_tv2\E'].
06-18 13:48:31.886 W/QueryController(19250): Could not detect idle state.
06-18 13:48:31.988 D/UiDevice(19250): Searching for node with selector: BySelector [RES='\Qtech.gtt.frontapp.stb.demo:id/account_login_tv2\E'].
06-18 13:48:31.989 W/QueryController(19250): Could not detect idle state.
06-18 13:48:32.091 D/UiDevice(19250): Searching for node with selector: BySelector [RES='\Qtech.gtt.frontapp.stb.demo:id/account_login_tv2\E'].
06-18 13:48:32.092 W/QueryController(19250): Could not detect idle state.
06-18 13:48:32.196 E/TaskPersister( 1936): File error accessing recents directory (directory doesn't exist?).
06-18 13:48:32.196 D/UiDevice(19250): Searching for node with selector: BySelector [RES='\Qtech.gtt.frontapp.stb.demo:id/account_login_tv2\E'].
06-18 13:48:32.196 W/QueryController(19250): Could not detect idle state.
06-18 13:48:32.301 D/UiDevice(19250): Searching for node with selector: BySelector [RES='\Qtech.gtt.frontapp.stb.demo:id/account_login_tv2\E'].
06-18 13:48:32.301 W/QueryController(19250): Could not detect idle state.
06-18 13:48:32.364 I/keystore2( 1710): keystore2::watchdog: Watchdog thread idle -> terminating. Have a great day.
06-18 13:48:32.404 D/UiDevice(19250): Searching for node with selector: BySelector [RES='\Qtech.gtt.frontapp.stb.demo:id/account_login_tv2\E'].
06-18 13:48:32.405 W/QueryController(19250): Could not detect idle state.
06-18 13:48:32.516 D/UiDevice(19250): Searching for node with selector: BySelector [RES='\Qtech.gtt.frontapp.stb.demo:id/account_login_tv2\E'].
06-18 13:48:32.517 W/QueryController(19250): Could not detect idle state.
06-18 13:48:32.623 D/UiDevice(19250): Searching for node with selector: BySelector [RES='\Qtech.gtt.frontapp.stb.demo:id/account_login_tv2\E'].
06-18 13:48:32.623 W/QueryController(19250): Could not detect idle state.
06-18 13:48:32.728 D/UiDevice(19250): Searching for node with selector: BySelector [RES='\Qtech.gtt.frontapp.stb.demo:id/account_login_tv2\E'].
06-18 13:48:32.728 W/QueryController(19250): Could not detect idle state.
06-18 13:48:32.837 D/UiDevice(19250): Searching for node with selector: BySelector [RES='\Qtech.gtt.frontapp.stb.demo:id/account_login_tv2\E'].
06-18 13:48:32.837 W/QueryController(19250): Could not detect idle state.
06-18 13:48:32.941 D/UiDevice(19250): Searching for node with selector: BySelector [RES='\Qtech.gtt.frontapp.stb.demo:id/account_login_tv2\E'].
06-18 13:48:32.942 W/QueryController(19250): Could not detect idle state.
06-18 13:48:33.053 D/UiDevice(19250): Searching for node with selector: BySelector [RES='\Qtech.gtt.frontapp.stb.demo:id/account_login_tv2\E'].
06-18 13:48:33.053 W/QueryController(19250): Could not detect idle state.
06-18 13:48:33.156 D/UiDevice(19250): Searching for node with selector: BySelector [RES='\Qtech.gtt.frontapp.stb.demo:id/account_login_tv2\E'].
06-18 13:48:33.156 W/QueryController(19250): Could not detect idle state.
06-18 13:48:33.173 D/AudioTrack( 1809): stop(25): called with 200704 frames delivered
06-18 13:48:33.263 D/UiDevice(19250): Searching for node with selector: BySelector [RES='\Qtech.gtt.frontapp.stb.demo:id/account_login_tv2\E'].
06-18 13:48:33.263 W/QueryController(19250): Could not detect idle state.
06-18 13:48:33.369 D/UiDevice(19250): Searching for node with selector: BySelector [RES='\Qtech.gtt.frontapp.stb.demo:id/account_login_tv2\E'].
06-18 13:48:33.369 W/QueryController(19250): Could not detect idle state.
06-18 13:48:33.475 D/UiDevice(19250): Searching for node with selector: BySelector [RES='\Qtech.gtt.frontapp.stb.demo:id/account_login_tv2\E'].
06-18 13:48:33.475 W/QueryController(19250): Could not detect idle state.
06-18 13:48:33.581 D/NuPlayerDriver( 1809): stop(0xf5c02920)
06-18 13:48:33.581 D/UiDevice(19250): Searching for node with selector: BySelector [RES='\Qtech.gtt.frontapp.stb.demo:id/account_login_tv2\E'].
06-18 13:48:33.581 V/MediaPlayer(19306): resetDrmState:  mDrmInfo=null mDrmProvisioningThread=null mPrepareDrmInProgress=false mActiveDrmScheme=false
06-18 13:48:33.582 V/MediaPlayer(19306): cleanDrmObj: mDrmObj=null mDrmSessionId=null
06-18 13:48:33.582 W/QueryController(19250): Could not detect idle state.
06-18 13:48:33.582 D/NuPlayerDriver( 1809): reset(0xf5c02920) at state 8
06-18 13:48:33.590 D/SurfaceUtils( 1809): disconnecting from surface 0xf0804ba8, reason disconnectFromSurface
06-18 13:48:33.591 D/SurfaceUtils( 1809): connecting to surface 0xf0804ba8, reason onShutdown
06-18 13:48:33.592 D/NuPlayerDriver( 1809): notifyResetComplete(0xf5c02920)
06-18 13:48:33.592 D/SurfaceUtils( 1809): disconnecting from surface 0xf0800018, reason disconnectNativeWindow
06-18 13:48:33.593 W/AMessage( 1809): failed to post message as target looper for handler 0 is gone.
06-18 13:48:33.594 I/MediaFocusControl( 1936): abandonAudioFocus() from uid/pid 10058/19306 clientId=android.media.AudioManager@1be4bcd
06-18 13:48:33.595 I/ActivityTaskManager( 1936): START u0 {cmp=tech.gtt.frontapp.stb.demo/tech.gtt.frontapp.stb.m.account.activity.LoginMethodSwitchActivity (has extras)} from uid 10058
06-18 13:48:33.596 D/CompatibilityChangeReporter( 1936): Compat change id reported: 174042980; UID 10058; state: DISABLED
06-18 13:48:33.596 D/CompatibilityChangeReporter( 1936): Compat change id reported: 184838306; UID 10058; state: DISABLED
06-18 13:48:33.597 D/CompatibilityChangeReporter( 1936): Compat change id reported: 185004937; UID 10058; state: DISABLED
06-18 13:48:33.597 D/CompatibilityChangeReporter( 1936): Compat change id reported: 181136395; UID 10058; state: DISABLED
06-18 13:48:33.597 D/CompatibilityChangeReporter( 1936): Compat change id reported: 174042936; UID 10058; state: DISABLED
06-18 13:48:33.598 D/CompatibilityChangeReporter( 1936): Compat change id reported: 197654537; UID 10058; state: ENABLED
06-18 13:48:33.599 D/CompatibilityChangeReporter( 1936): Compat change id reported: 168419799; UID 10058; state: DISABLED
06-18 13:48:33.604 I/MediaFocusControl( 1936): abandonAudioFocus() from uid/pid 10058/19306 clientId=android.media.AudioManager@1be4bcd
06-18 13:48:33.604 W/MediaPlayer(19306): mediaplayer went away with unhandled events
06-18 13:48:33.609 W/MediaPlayer(19306): mediaplayer went away with unhandled events
06-18 13:48:33.615 W/ActivityTaskManager( 1936): Tried to set launchTime (0) < mLastActivityLaunchTime (68605398)
06-18 13:48:33.633 D/AndroidAutoSize(19306): tech.gtt.frontapp.stb.m.account.activity.LoginMethodSwitchActivity used the global configuration.
06-18 13:48:33.634 D/AndroidAutoSize(19306): The tech.gtt.frontapp.stb.m.account.activity.LoginMethodSwitchActivity has been adapted! 
06-18 13:48:33.634 D/AndroidAutoSize(19306): LoginMethodSwitchActivity Info: isBaseOnWidth = true, designWidthInDp = 1920.000000, designWidthInSubunits = 1920.000000, targetDensity = 1.000000, targetScaledDensity = 1.000000, targetDensityDpi = 160, targetXdpi = 1.000000, targetScreenWidthDp = 1920, targetScreenHeightDp = 1032
06-18 13:48:33.665 D/AndroidAutoSize(19306): tech.gtt.frontapp.stb.m.account.activity.LoginMethodSwitchActivity used the global configuration.
06-18 13:48:33.665 D/AndroidAutoSize(19306): The tech.gtt.frontapp.stb.m.account.activity.LoginMethodSwitchActivity has been adapted! 
06-18 13:48:33.665 D/AndroidAutoSize(19306): LoginMethodSwitchActivity Info: isBaseOnWidth = true, designWidthInDp = 1920.000000, designWidthInSubunits = 1920.000000, targetDensity = 1.000000, targetScaledDensity = 1.000000, targetDensityDpi = 160, targetXdpi = 1.000000, targetScreenWidthDp = 1920, targetScreenHeightDp = 1032
06-18 13:48:33.680 D/gralloc_nox( 1767): gralloc_alloc: Creating ashmem region of size 8298496
06-18 13:48:33.707 D/gralloc_nox( 1767): gralloc_alloc: Creating ashmem region of size 8298496
06-18 13:48:33.711 D/ProcessState(19703): Binder ioctl to enable oneway spam detection failed: Invalid argument
06-18 13:48:33.734 D/UiDevice(19250): Searching for node with selector: BySelector [RES='\Qtech.gtt.frontapp.stb.demo:id/account_login_tv2\E'].
06-18 13:48:33.735 W/QueryController(19250): Could not detect idle state.
06-18 13:48:33.743 D/gralloc_nox( 1767): gralloc_alloc: Creating ashmem region of size 8298496
06-18 13:48:33.805 E/libEGL  (19306): called unimplemented OpenGL ES API
06-18 13:48:33.832 I/ActivityTaskManager( 1936): Displayed tech.gtt.frontapp.stb.demo/tech.gtt.frontapp.stb.m.account.activity.LoginMethodSwitchActivity: +236ms
06-18 13:48:33.978 D/UiDevice(19250): Searching for node with selector: BySelector [RES='\Qtech.gtt.frontapp.stb.demo:id/account_login_tv2\E'].
06-18 13:48:33.980 W/QueryController(19250): Could not detect idle state.
06-18 13:48:34.004 D/UIAutomatorStub(19250): URI: /jsonrpc/0, Method: POST, params, {NanoHttpd.QUERY_STRING=null}, files: {postData={"jsonrpc": "2.0", "id": 1, "method": "objInfo", "params": [{"mask": 2097152, "childOrSibling": [], "childOrSiblingSelector": [], "resourceId": "tech.gtt.frontapp.stb.demo:id/account_login_tv2"}]}}
06-18 13:48:34.005 D/UiDevice(19250): Retrieving node with selector: BySelector [RES='\Qtech.gtt.frontapp.stb.demo:id/account_login_tv2\E'].
06-18 13:48:34.006 W/QueryController(19250): Could not detect idle state.
06-18 13:48:34.010 W/QueryController(19250): Could not detect idle state.
06-18 13:48:34.013 W/QueryController(19250): Could not detect idle state.
06-18 13:48:34.016 W/QueryController(19250): Could not detect idle state.
06-18 13:48:34.019 W/QueryController(19250): Could not detect idle state.
06-18 13:48:34.020 W/QueryController(19250): Could not detect idle state.
06-18 13:48:34.020 W/QueryController(19250): Could not detect idle state.
06-18 13:48:34.021 W/QueryController(19250): Could not detect idle state.
06-18 13:48:34.021 W/QueryController(19250): Could not detect idle state.
06-18 13:48:34.024 W/QueryController(19250): Could not detect idle state.
06-18 13:48:34.047 W/InputManager-JNI( 1936): Input channel object '8322bb1 tech.gtt.frontapp.stb.demo/tech.gtt.frontapp.stb.m.home.activity.LoadingActivity (client)' was disposed without first being removed with the input manager!
06-18 13:48:34.050 W/QueryController(19250): Could not detect idle state.
06-18 13:48:34.053 W/QueryController(19250): Could not detect idle state.
06-18 13:48:34.054 W/QueryController(19250): Could not detect idle state.
06-18 13:48:34.055 W/QueryController(19250): Could not detect idle state.
06-18 13:48:34.057 W/QueryController(19250): Could not detect idle state.
06-18 13:48:34.060 W/QueryController(19250): Could not detect idle state.
06-18 13:48:34.062 W/QueryController(19250): Could not detect idle state.
06-18 13:48:34.063 W/QueryController(19250): Could not detect idle state.
06-18 13:48:34.092 D/UIAutomatorStub(19250): URI: /jsonrpc/0, Method: POST, params, {NanoHttpd.QUERY_STRING=null}, files: {postData={"jsonrpc": "2.0", "id": 1, "method": "click", "params": [1390.0, 559.0]}}
06-18 13:48:34.213 I/ActivityTaskManager( 1936): START u0 {cmp=tech.gtt.frontapp.stb.demo/tech.gtt.frontapp.stb.m.account.activity.LoginActivity} from uid 10058
06-18 13:48:34.218 W/ActivityTaskManager( 1936): Tried to set launchTime (0) < mLastActivityLaunchTime (68610294)
06-18 13:48:34.228 D/AndroidAutoSize(19306): tech.gtt.frontapp.stb.m.account.activity.LoginActivity used the global configuration.
06-18 13:48:34.229 D/AndroidAutoSize(19306): The tech.gtt.frontapp.stb.m.account.activity.LoginActivity has been adapted! 
06-18 13:48:34.229 D/AndroidAutoSize(19306): LoginActivity Info: isBaseOnWidth = true, designWidthInDp = 1920.000000, designWidthInSubunits = 1920.000000, targetDensity = 1.000000, targetScaledDensity = 1.000000, targetDensityDpi = 160, targetXdpi = 1.000000, targetScreenWidthDp = 1920, targetScreenHeightDp = 1032
06-18 13:48:34.255 D/UIAutomatorStub(19250): URI: /jsonrpc/0, Method: POST, params, {NanoHttpd.QUERY_STRING=null}, files: {postData={"jsonrpc": "2.0", "id": 1, "method": "waitForExists", "params": [{"mask": 2097152, "childOrSibling": [], "childOrSiblingSelector": [], "resourceId": "tech.gtt.frontapp.stb.demo:id/loginf_et_username"}, 20000]}}
06-18 13:48:34.256 D/UiDevice(19250): Waiting 20000ms for SearchCondition[hasObject=BySelector [RES='\Qtech.gtt.frontapp.stb.demo:id/loginf_et_username\E']].
06-18 13:48:34.256 D/UiDevice(19250): Searching for node with selector: BySelector [RES='\Qtech.gtt.frontapp.stb.demo:id/loginf_et_username\E'].
06-18 13:48:34.257 W/QueryController(19250): Could not detect idle state.
06-18 13:48:34.293 D/AndroidAutoSize(19306): tech.gtt.frontapp.stb.m.account.activity.LoginActivity used the global configuration.
06-18 13:48:34.294 D/AndroidAutoSize(19306): The tech.gtt.frontapp.stb.m.account.activity.LoginActivity has been adapted! 
06-18 13:48:34.294 D/AndroidAutoSize(19306): LoginActivity Info: isBaseOnWidth = true, designWidthInDp = 1920.000000, designWidthInSubunits = 1920.000000, targetDensity = 1.000000, targetScaledDensity = 1.000000, targetDensityDpi = 160, targetXdpi = 1.000000, targetScreenWidthDp = 1920, targetScreenHeightDp = 1032
06-18 13:48:34.296 W/WindowManager( 1936): Failed looking up window session=Session{4dec187 19306:u0a10058} callers=com.android.server.wm.WindowManagerService.windowForClientLocked:5850 com.android.server.wm.Session.updateRequestedVisibilities:640 android.view.IWindowSession$Stub.onTransact:1175 
06-18 13:48:34.323 D/gralloc_nox( 1767): gralloc_alloc: Creating ashmem region of size 8298496
06-18 13:48:34.343 D/gralloc_nox( 1767): gralloc_alloc: Creating ashmem region of size 8298496
06-18 13:48:34.362 D/gralloc_nox( 1767): gralloc_alloc: Creating ashmem region of size 8298496
06-18 13:48:34.364 D/ProcessState(19716): Binder ioctl to enable oneway spam detection failed: Invalid argument
06-18 13:48:34.434 W/ByMatcher(19250): Node returned null child: android.view.accessibility.AccessibilityNodeInfo@115ef; boundsInParent: Rect(0, 0 - 1920, 1080); boundsInScreen: Rect(0, 0 - 1920, 1080); packageName: tech.gtt.frontapp.stb.demo; className: android.widget.RelativeLayout; text: null; error: null; maxTextLength: -1; stateDescription: null; contentDescription: null; tooltipText: null; viewIdResName: null; checkable: false; checked: false; focusable: false; focused: false; selected: false; clickable: false; longClickable: false; contextClickable: false; enabled: true; password: false; scrollable: false; importantForAccessibility: false; visible: true; actions: [AccessibilityAction: ACTION_SELECT - null, AccessibilityAction: ACTION_CLEAR_SELECTION - null, AccessibilityAction: ACTION_ACCESSIBILITY_FOCUS - null, AccessibilityAction: ACTION_SHOW_ON_SCREEN - null]
06-18 13:48:34.434 W/ByMatcher(19250): Skipping null child (2 of 3)
06-18 13:48:34.435 W/ByMatcher(19250): Node returned null child: android.view.accessibility.AccessibilityNodeInfo@800070c3; boundsInParent: Rect(0, 0 - 1920, 1080); boundsInScreen: Rect(0, 0 - 1920, 1080); packageName: tech.gtt.frontapp.stb.demo; className: android.widget.FrameLayout; text: null; error: null; maxTextLength: -1; stateDescription: null; contentDescription: null; tooltipText: null; viewIdResName: null; checkable: false; checked: false; focusable: false; focused: false; selected: false; clickable: false; longClickable: false; contextClickable: false; enabled: true; password: false; scrollable: false; importantForAccessibility: true; visible: true; actions: [AccessibilityAction: ACTION_SELECT - null, AccessibilityAction: ACTION_CLEAR_SELECTION - null, AccessibilityAction: ACTION_ACCESSIBILITY_FOCUS - null, AccessibilityAction: ACTION_SHOW_ON_SCREEN - null]
06-18 13:48:34.436 I/ActivityTaskManager( 1936): Displayed tech.gtt.frontapp.stb.demo/tech.gtt.frontapp.stb.m.account.activity.LoginActivity: +222ms
06-18 13:48:34.437 W/ByMatcher(19250): Skipping null child (0 of 1)
06-18 13:48:34.539 D/UiDevice(19250): Searching for node with selector: BySelector [RES='\Qtech.gtt.frontapp.stb.demo:id/loginf_et_username\E'].
06-18 13:48:34.540 W/QueryController(19250): Could not detect idle state.
06-18 13:48:34.626 D/UIAutomatorStub(19250): URI: /jsonrpc/0, Method: POST, params, {NanoHttpd.QUERY_STRING=null}, files: {postData={"jsonrpc": "2.0", "id": 1, "method": "objInfo", "params": [{"mask": 2097152, "childOrSibling": [], "childOrSiblingSelector": [], "resourceId": "tech.gtt.frontapp.stb.demo:id/loginf_et_username"}]}}
06-18 13:48:34.628 D/UiDevice(19250): Retrieving node with selector: BySelector [RES='\Qtech.gtt.frontapp.stb.demo:id/loginf_et_username\E'].
06-18 13:48:34.629 W/QueryController(19250): Could not detect idle state.
06-18 13:48:34.640 W/QueryController(19250): Could not detect idle state.
06-18 13:48:34.643 W/QueryController(19250): Could not detect idle state.
06-18 13:48:34.645 W/QueryController(19250): Could not detect idle state.
06-18 13:48:34.646 W/QueryController(19250): Could not detect idle state.
06-18 13:48:34.647 W/QueryController(19250): Could not detect idle state.
06-18 13:48:34.648 W/QueryController(19250): Could not detect idle state.
06-18 13:48:34.648 W/QueryController(19250): Could not detect idle state.
06-18 13:48:34.651 W/QueryController(19250): Could not detect idle state.
06-18 13:48:34.655 W/QueryController(19250): Could not detect idle state.
06-18 13:48:34.676 W/QueryController(19250): Could not detect idle state.
06-18 13:48:34.679 W/QueryController(19250): Could not detect idle state.
06-18 13:48:34.679 W/QueryController(19250): Could not detect idle state.
06-18 13:48:34.680 W/QueryController(19250): Could not detect idle state.
06-18 13:48:34.681 W/QueryController(19250): Could not detect idle state.
06-18 13:48:34.681 W/QueryController(19250): Could not detect idle state.
06-18 13:48:34.682 W/QueryController(19250): Could not detect idle state.
06-18 13:48:34.683 W/QueryController(19250): Could not detect idle state.
06-18 13:48:34.692 D/UIAutomatorStub(19250): URI: /jsonrpc/0, Method: POST, params, {NanoHttpd.QUERY_STRING=null}, files: {postData={"jsonrpc": "2.0", "id": 1, "method": "click", "params": [1057.0, 437.0]}}
06-18 13:48:34.705 W/SurfaceFlinger( 1779): couldn't log to binary event log: overflow.
06-18 13:48:34.812 D/CompatibilityChangeReporter(19306): Compat change id reported: 163400105; UID 10058; state: ENABLED
06-18 13:48:34.812 D/InputMethodManager(19306): showSoftInput() view=tech.gtt.frontapp.stb.c.ui.edittext.EmailAutoCompleteTextView{5059958 VFED..CL. .F.P..ID 0,0-700,92 #7f0b02ce app:id/loginf_et_username aid=1073741824} flags=0 reason=SHOW_SOFT_INPUT
06-18 13:48:34.813 V/InputMethodService( 3034): onEvaluateInputViewShown: config.hardKeyboardHidden = 2
06-18 13:48:34.813 V/InputMethodService( 3034): onEvaluateInputViewShown: config.hardKeyboardHidden = 2
06-18 13:48:34.813 I/AdbKeyboard( 3034): imeAction: 5 Next
06-18 13:48:34.830 D/gralloc_nox( 1767): gralloc_alloc: Creating ashmem region of size 647168
06-18 13:48:34.848 D/gralloc_nox( 1767): gralloc_alloc: Creating ashmem region of size 647168
06-18 13:48:34.856 D/gralloc_nox( 1767): gralloc_alloc: Creating ashmem region of size 647168
06-18 13:48:34.865 D/UIAutomatorStub(19250): URI: /jsonrpc/0, Method: POST, params, {NanoHttpd.QUERY_STRING=null}, files: {postData={"jsonrpc": "2.0", "id": 1, "method": "waitForExists", "params": [{"mask": 2097152, "childOrSibling": [], "childOrSiblingSelector": [], "resourceId": "tech.gtt.frontapp.stb.demo:id/loginf_et_username"}, 20000]}}
06-18 13:48:34.873 D/UiDevice(19250): Waiting 20000ms for SearchCondition[hasObject=BySelector [RES='\Qtech.gtt.frontapp.stb.demo:id/loginf_et_username\E']].
06-18 13:48:34.873 D/UiDevice(19250): Searching for node with selector: BySelector [RES='\Qtech.gtt.frontapp.stb.demo:id/loginf_et_username\E'].
06-18 13:48:34.874 D/ProcessState(19724): Binder ioctl to enable oneway spam detection failed: Invalid argument
06-18 13:48:34.875 W/QueryController(19250): Could not detect idle state.
06-18 13:48:34.880 D/InsetsController(19306): show(ime(), fromIme=true)
06-18 13:48:34.912 D/UIAutomatorStub(19250): URI: /jsonrpc/0, Method: POST, params, {NanoHttpd.QUERY_STRING=null}, files: {postData={"jsonrpc": "2.0", "id": 1, "method": "setText", "params": [{"mask": 2097152, "childOrSibling": [], "childOrSiblingSelector": [], "resourceId": "tech.gtt.frontapp.stb.demo:id/loginf_et_username"}, "0609@ipwangxin.cn"]}}
06-18 13:48:34.913 D/UiDevice(19250): Retrieving node with selector: BySelector [RES='\Qtech.gtt.frontapp.stb.demo:id/loginf_et_username\E'].
06-18 13:48:34.914 W/QueryController(19250): Could not detect idle state.
06-18 13:48:34.917 W/QueryController(19250): Could not detect idle state.
06-18 13:48:34.922 D/UiObject2(19250): Clicking on (1057, 437).
06-18 13:48:34.955 D/InputMethodManager(19306): showSoftInput() view=tech.gtt.frontapp.stb.c.ui.edittext.EmailAutoCompleteTextView{5059958 VFED..CL. .F.P.... 0,0-700,92 #7f0b02ce app:id/loginf_et_username aid=1073741824} flags=0 reason=SHOW_SOFT_INPUT
06-18 13:48:34.957 V/InputMethodService( 3034): onEvaluateInputViewShown: config.hardKeyboardHidden = 2
06-18 13:48:34.957 V/InputMethodService( 3034): onEvaluateInputViewShown: config.hardKeyboardHidden = 2
06-18 13:48:34.960 D/InsetsController(19306): show(ime(), fromIme=true)
06-18 13:48:34.968 W/GestureController(19250): Gestures took longer than expected (44ms >> 16ms), device might be in a busy state.
06-18 13:48:34.969 D/UiDevice(19250): Retrieving node with selector: BySelector [RES='\Qtech.gtt.frontapp.stb.demo:id/loginf_et_username\E'].
06-18 13:48:34.970 W/QueryController(19250): Could not detect idle state.
06-18 13:48:34.975 W/QueryController(19250): Could not detect idle state.
06-18 13:48:34.978 D/UiObject2(19250): Setting text to '0609@ipwangxin.cn'.
06-18 13:48:34.985 I/AdbKeyboard( 3034): imeAction: 5 Next
06-18 13:48:34.986 V/InputMethodService( 3034): onEvaluateInputViewShown: config.hardKeyboardHidden = 2
06-18 13:48:34.986 V/InputMethodService( 3034): onEvaluateInputViewShown: config.hardKeyboardHidden = 2
06-18 13:48:35.031 D/InsetsController(19306): show(ime(), fromIme=true)
06-18 13:48:35.058 D/UIAutomatorStub(19250): URI: /jsonrpc/0, Method: POST, params, {NanoHttpd.QUERY_STRING=null}, files: {postData={"jsonrpc": "2.0", "id": 1, "method": "waitForExists", "params": [{"mask": 2097152, "childOrSibling": [], "childOrSiblingSelector": [], "resourceId": "tech.gtt.frontapp.stb.demo:id/et_pwd"}, 20000]}}
06-18 13:48:35.059 D/UiDevice(19250): Waiting 20000ms for SearchCondition[hasObject=BySelector [RES='\Qtech.gtt.frontapp.stb.demo:id/et_pwd\E']].
06-18 13:48:35.059 D/UiDevice(19250): Searching for node with selector: BySelector [RES='\Qtech.gtt.frontapp.stb.demo:id/et_pwd\E'].
06-18 13:48:35.060 W/QueryController(19250): Could not detect idle state.
06-18 13:48:35.100 D/UIAutomatorStub(19250): URI: /jsonrpc/0, Method: POST, params, {NanoHttpd.QUERY_STRING=null}, files: {postData={"jsonrpc": "2.0", "id": 1, "method": "objInfo", "params": [{"mask": 2097152, "childOrSibling": [], "childOrSiblingSelector": [], "resourceId": "tech.gtt.frontapp.stb.demo:id/et_pwd"}]}}
06-18 13:48:35.101 D/UiDevice(19250): Retrieving node with selector: BySelector [RES='\Qtech.gtt.frontapp.stb.demo:id/et_pwd\E'].
06-18 13:48:35.102 W/QueryController(19250): Could not detect idle state.
06-18 13:48:35.105 W/QueryController(19250): Could not detect idle state.
06-18 13:48:35.106 W/QueryController(19250): Could not detect idle state.
06-18 13:48:35.107 W/QueryController(19250): Could not detect idle state.
06-18 13:48:35.108 W/QueryController(19250): Could not detect idle state.
06-18 13:48:35.109 W/QueryController(19250): Could not detect idle state.
06-18 13:48:35.110 W/QueryController(19250): Could not detect idle state.
06-18 13:48:35.111 W/QueryController(19250): Could not detect idle state.
06-18 13:48:35.112 W/QueryController(19250): Could not detect idle state.
06-18 13:48:35.112 W/QueryController(19250): Could not detect idle state.
06-18 13:48:35.113 W/QueryController(19250): Could not detect idle state.
06-18 13:48:35.113 W/QueryController(19250): Could not detect idle state.
06-18 13:48:35.114 W/QueryController(19250): Could not detect idle state.
06-18 13:48:35.114 W/QueryController(19250): Could not detect idle state.
06-18 13:48:35.115 W/QueryController(19250): Could not detect idle state.
06-18 13:48:35.117 W/QueryController(19250): Could not detect idle state.
06-18 13:48:35.119 W/QueryController(19250): Could not detect idle state.
06-18 13:48:35.120 W/BestClock( 1936): java.time.DateTimeException: Missing NTP fix
06-18 13:48:35.122 I/BackgroundDexOptService( 1936): Performing idle optimizations
06-18 13:48:35.123 W/QueryController(19250): Could not detect idle state.
06-18 13:48:35.127 W/NotificationHistory( 1936): Attempted to add notif for locked/gone/disabled user 0
06-18 13:48:35.136 D/InterruptionStateProvider( 2106): No bubble up: not allowed to bubble: -1|android|8|null|1000
06-18 13:48:35.136 D/InterruptionStateProvider( 2106): No heads up: unimportant notification: -1|android|8|null|1000
06-18 13:48:35.136 D/PeopleSpaceWidgetMgr( 2106): Sbn doesn't contain valid PeopleTileKey: null/-1/android
06-18 13:48:35.139 D/UIAutomatorStub(19250): URI: /jsonrpc/0, Method: POST, params, {NanoHttpd.QUERY_STRING=null}, files: {postData={"jsonrpc": "2.0", "id": 1, "method": "click", "params": [1057.0, 559.0]}}
06-18 13:48:35.162 W/BestClock( 1936): java.time.DateTimeException: Missing NTP fix
06-18 13:48:35.164 W/BestClock( 1936): java.time.DateTimeException: Missing NTP fix
06-18 13:48:35.164 W/BestClock( 1936): java.time.DateTimeException: Missing NTP fix
06-18 13:48:35.173 D/InterruptionStateProvider( 2106): No bubble up: not allowed to bubble: -1|android|8|null|1000
06-18 13:48:35.174 D/InterruptionStateProvider( 2106): No heads up: unimportant notification: -1|android|8|null|1000
06-18 13:48:35.177 D/PeopleSpaceWidgetMgr( 2106): Sbn doesn't contain valid PeopleTileKey: null/-1/android
06-18 13:48:35.208 D/InterruptionStateProvider( 2106): No bubble up: not allowed to bubble: -1|android|8|null|1000
06-18 13:48:35.208 D/InterruptionStateProvider( 2106): No heads up: unimportant notification: -1|android|8|null|1000
06-18 13:48:35.213 D/PeopleSpaceWidgetMgr( 2106): Sbn doesn't contain valid PeopleTileKey: null/-1/android
06-18 13:48:35.263 I/PackageDexOptimizer( 1936): Running dexopt (dexoptNeeded=3) on: /system/app/InputService/inputService.apk pkg=com.android.inputmethod.pinyin isa=x86_64 dexoptFlags=boot_complete,profile_guided,idle_background_job,enable_hidden_api_checks targetFilter=speed-profile oatDir=null classLoaderContext=PCL[]{PCL[/system/framework/android.test.base.jar]#PCL[/system/framework/android.hidl.manager-V1.0-java.jar]#PCL[/system/framework/android.hidl.base-V1.0-java.jar]}
06-18 13:48:35.263 V/installd( 1806): DexInv: --- BEGIN '/system/app/InputService/inputService.apk' ---
06-18 13:48:35.263 V/installd( 1806): Running /apex/com.android.art/bin/dex2oat32 in=inputService.apk out=/data/dalvik-cache/x86_64/system@app@InputService@inputService.apk@classes.dex
06-18 13:48:35.265 W/libprocessgroup(19745): Failed to open /dev/blkio/background/tasks: No such file or directory
06-18 13:48:35.276 I/AdbKeyboard( 3034): imeAction: 5 Next
06-18 13:48:35.276 D/InputMethodManager(19306): showSoftInput() view=tech.gtt.frontapp.stb.c.ui.edittext.NormalFocusEditText{b4e2b22 VFED..CL. .F.P..ID 0,0-700,92 #7f0b0172 app:id/et_pwd aid=1073741826} flags=0 reason=SHOW_SOFT_INPUT
06-18 13:48:35.276 V/InputMethodService( 3034): onEvaluateInputViewShown: config.hardKeyboardHidden = 2
06-18 13:48:35.276 V/InputMethodService( 3034): onEvaluateInputViewShown: config.hardKeyboardHidden = 2
06-18 13:48:35.277 V/InputMethodService( 3034): onEvaluateInputViewShown: config.hardKeyboardHidden = 2
06-18 13:48:35.277 V/InputMethodService( 3034): onEvaluateInputViewShown: config.hardKeyboardHidden = 2
06-18 13:48:35.285 W/dex2oat32(19745): Unexpected CPU variant for X86 using defaults: x86_64
06-18 13:48:35.286 I/dex2oat32(19745): /apex/com.android.art/bin/dex2oat32 --input-vdex-fd=9 --output-vdex-fd=10 --profile-file-fd=12 --classpath-dir=/system/app/InputService --class-loader-context=PCL[]{PCL[/system/framework/android.test.base.jar]#PCL[/system/framework/android.hidl.manager-V1.0-java.jar]#PCL[/system/framework/android.hidl.base-V1.0-java.jar]} --compiler-filter=speed-profile --compilation-reason=bg-dexopt --max-image-block-size=524288 --resolve-startup-const-strings=true --generate-mini-debug-info
06-18 13:48:35.288 W/System  ( 1936): A resource failed to call close. 
06-18 13:48:35.291 D/InsetsController(19306): show(ime(), fromIme=true)
06-18 13:48:35.292 D/InsetsController(19306): show(ime(), fromIme=true)
06-18 13:48:35.293 W/System  ( 1936): A resource failed to call release. 
06-18 13:48:35.344 D/UIAutomatorStub(19250): URI: /jsonrpc/0, Method: POST, params, {NanoHttpd.QUERY_STRING=null}, files: {postData={"jsonrpc": "2.0", "id": 1, "method": "waitForExists", "params": [{"mask": 2097152, "childOrSibling": [], "childOrSiblingSelector": [], "resourceId": "tech.gtt.frontapp.stb.demo:id/et_pwd"}, 20000]}}
06-18 13:48:35.349 D/UiDevice(19250): Waiting 20000ms for SearchCondition[hasObject=BySelector [RES='\Qtech.gtt.frontapp.stb.demo:id/et_pwd\E']].
06-18 13:48:35.350 D/UiDevice(19250): Searching for node with selector: BySelector [RES='\Qtech.gtt.frontapp.stb.demo:id/et_pwd\E'].
06-18 13:48:35.354 W/QueryController(19250): Could not detect idle state.
06-18 13:48:35.366 W/dex2oat32(19745): ART APEX data files are untrusted.
06-18 13:48:35.382 D/UIAutomatorStub(19250): URI: /jsonrpc/0, Method: POST, params, {NanoHttpd.QUERY_STRING=null}, files: {postData={"jsonrpc": "2.0", "id": 1, "method": "setText", "params": [{"mask": 2097152, "childOrSibling": [], "childOrSiblingSelector": [], "resourceId": "tech.gtt.frontapp.stb.demo:id/et_pwd"}, "123456"]}}
06-18 13:48:35.387 D/UiDevice(19250): Retrieving node with selector: BySelector [RES='\Qtech.gtt.frontapp.stb.demo:id/et_pwd\E'].
06-18 13:48:35.388 W/QueryController(19250): Could not detect idle state.
06-18 13:48:35.396 W/QueryController(19250): Could not detect idle state.
06-18 13:48:35.399 D/UiObject2(19250): Clicking on (1057, 559).
06-18 13:48:35.440 D/InputMethodManager(19306): showSoftInput() view=tech.gtt.frontapp.stb.c.ui.edittext.NormalFocusEditText{b4e2b22 VFED..CL. .F.P.... 0,0-700,92 #7f0b0172 app:id/et_pwd aid=1073741826} flags=0 reason=SHOW_SOFT_INPUT
06-18 13:48:35.441 I/dex2oat32(19745): Explicit concurrent copying GC freed 1994(1354KB) AllocSpace objects, 0(0B) LOS objects, 99% free, 3896B/1539KB, paused 22us,8us total 1.837ms
06-18 13:48:35.443 V/InputMethodService( 3034): onEvaluateInputViewShown: config.hardKeyboardHidden = 2
06-18 13:48:35.443 V/InputMethodService( 3034): onEvaluateInputViewShown: config.hardKeyboardHidden = 2
06-18 13:48:35.448 W/GestureController(19250): Gestures took longer than expected (45ms >> 16ms), device might be in a busy state.
06-18 13:48:35.451 D/UiDevice(19250): Retrieving node with selector: BySelector [RES='\Qtech.gtt.frontapp.stb.demo:id/et_pwd\E'].
06-18 13:48:35.455 W/QueryController(19250): Could not detect idle state.
06-18 13:48:35.459 D/InsetsController(19306): show(ime(), fromIme=true)
06-18 13:48:35.471 W/QueryController(19250): Could not detect idle state.
06-18 13:48:35.475 D/UiObject2(19250): Setting text to '123456'.
06-18 13:48:35.478 I/dex2oat32(19745): dex2oat took 194.185ms (170.248ms cpu) (threads: 4) arena alloc=0B (0B) java alloc=19KB (20280B) native alloc=19MB (20281664B) free=4873KB (4990624B)
06-18 13:48:35.482 V/installd( 1806): DexInv: --- END '/system/app/InputService/inputService.apk' (success) ---
06-18 13:48:35.489 I/AdbKeyboard( 3034): imeAction: 5 Next
06-18 13:48:35.489 V/InputMethodService( 3034): onEvaluateInputViewShown: config.hardKeyboardHidden = 2
06-18 13:48:35.489 V/InputMethodService( 3034): onEvaluateInputViewShown: config.hardKeyboardHidden = 2
06-18 13:48:35.492 D/InterruptionStateProvider( 2106): No bubble up: not allowed to bubble: -1|android|8|null|1000
06-18 13:48:35.493 D/InterruptionStateProvider( 2106): No heads up: unimportant notification: -1|android|8|null|1000
06-18 13:48:35.510 D/InsetsController(19306): show(ime(), fromIme=true)
06-18 13:48:35.514 D/UIAutomatorStub(19250): URI: /jsonrpc/0, Method: POST, params, {NanoHttpd.QUERY_STRING=null}, files: {postData={"jsonrpc": "2.0", "id": 1, "method": "waitForExists", "params": [{"mask": 2097152, "childOrSibling": [], "childOrSiblingSelector": [], "resourceId": "tech.gtt.frontapp.stb.demo:id/remember_pwd_cb"}, 20000]}}
06-18 13:48:35.519 D/UiDevice(19250): Waiting 20000ms for SearchCondition[hasObject=BySelector [RES='\Qtech.gtt.frontapp.stb.demo:id/remember_pwd_cb\E']].
06-18 13:48:35.519 D/UiDevice(19250): Searching for node with selector: BySelector [RES='\Qtech.gtt.frontapp.stb.demo:id/remember_pwd_cb\E'].
06-18 13:48:35.524 W/QueryController(19250): Could not detect idle state.
06-18 13:48:35.526 D/PeopleSpaceWidgetMgr( 2106): Sbn doesn't contain valid PeopleTileKey: null/-1/android
06-18 13:48:35.537 D/InterruptionStateProvider( 2106): No bubble up: not allowed to bubble: -1|android|8|null|1000
06-18 13:48:35.538 D/InterruptionStateProvider( 2106): No heads up: unimportant notification: -1|android|8|null|1000
06-18 13:48:35.548 D/PeopleSpaceWidgetMgr( 2106): Sbn doesn't contain valid PeopleTileKey: null/-1/android
06-18 13:48:35.563 D/UIAutomatorStub(19250): URI: /jsonrpc/0, Method: POST, params, {NanoHttpd.QUERY_STRING=null}, files: {postData={"jsonrpc": "2.0", "id": 1, "method": "objInfo", "params": [{"mask": 2097152, "childOrSibling": [], "childOrSiblingSelector": [], "resourceId": "tech.gtt.frontapp.stb.demo:id/remember_pwd_cb"}]}}
06-18 13:48:35.568 D/UiDevice(19250): Retrieving node with selector: BySelector [RES='\Qtech.gtt.frontapp.stb.demo:id/remember_pwd_cb\E'].
06-18 13:48:35.571 W/QueryController(19250): Could not detect idle state.
06-18 13:48:35.589 W/QueryController(19250): Could not detect idle state.
06-18 13:48:35.594 W/QueryController(19250): Could not detect idle state.
06-18 13:48:35.604 W/QueryController(19250): Could not detect idle state.
06-18 13:48:35.608 W/QueryController(19250): Could not detect idle state.
06-18 13:48:35.610 W/QueryController(19250): Could not detect idle state.
06-18 13:48:35.614 W/QueryController(19250): Could not detect idle state.
