--------- beginning of main
06-18 13:48:21.858 D/ProcessState(19276): Binder ioctl to enable oneway spam detection failed: Invalid argument
--------- beginning of system
06-18 13:48:21.859 I/ActivityManager( 1936): Force stopping tech.gtt.frontapp.stb.demo appid=10058 user=0: clear data
06-18 13:48:21.861 I/ActivityManager( 1936): Force stopping tech.gtt.frontapp.stb.demo appid=10058 user=-1: clearApplicationUserData
06-18 13:48:21.877 I/MediaProvider( 2560): Begin Intent { act=android.intent.action.PACKAGE_DATA_CLEARED dat=package:tech.gtt.frontapp.stb.demo flg=0x1000010 cmp=com.android.providers.media.module/com.android.providers.media.MediaService (has extras) }
06-18 13:48:21.878 D/MediaProvider( 2560): Deleted 0 Android/media items belonging to tech.gtt.frontapp.stb.demo on /data/user/0/com.android.providers.media.module/databases/external.db
06-18 13:48:21.878 I/MediaProvider( 2560): End Intent { act=android.intent.action.PACKAGE_DATA_CLEARED dat=package:tech.gtt.frontapp.stb.demo flg=0x1000010 cmp=com.android.providers.media.module/com.android.providers.media.MediaService (has extras) }
06-18 13:48:21.928 D/AndroidRuntime(19290): >>>>>> START com.android.internal.os.RuntimeInit uid 0 <<<<<<
06-18 13:48:21.930 I/AndroidRuntime(19290): Using default boot image
06-18 13:48:21.930 I/AndroidRuntime(19290): Leaving lock profiling enabled
06-18 13:48:21.931 W/app_process(19290): ART APEX data files are untrusted.
06-18 13:48:21.931 I/app_process(19290): Core platform API reporting enabled, enforcing=false
06-18 13:48:21.966 D/app_process(19290): Time zone APEX ICU file found: /apex/com.android.tzdata/etc/icu/icu_tzdata.dat
06-18 13:48:21.966 D/app_process(19290): I18n APEX ICU file found: /apex/com.android.i18n/etc/icu/icudt68l.dat
06-18 13:48:21.971 W/app_process(19290): Unexpected CPU variant for X86 using defaults: x86_64
06-18 13:48:21.983 D/ProcessState(19290): Binder ioctl to enable oneway spam detection failed: Invalid argument
06-18 13:48:21.983 D/AndroidRuntime(19290): Calling main entry com.android.commands.monkey.Monkey
06-18 13:48:21.984 W/Monkey  (19290): args: [-p, tech.gtt.frontapp.stb.demo, -c, android.intent.category.LAUNCHER, 1]
06-18 13:48:21.984 W/Monkey  (19290):  arg: "-p"
06-18 13:48:21.984 W/Monkey  (19290):  arg: "tech.gtt.frontapp.stb.demo"
06-18 13:48:21.984 W/Monkey  (19290):  arg: "-c"
06-18 13:48:21.984 W/Monkey  (19290):  arg: "android.intent.category.LAUNCHER"
06-18 13:48:21.984 W/Monkey  (19290):  arg: "1"
06-18 13:48:21.985 W/Monkey  (19290): data="tech.gtt.frontapp.stb.demo"
06-18 13:48:21.985 W/Monkey  (19290): data="android.intent.category.LAUNCHER"
06-18 13:48:22.014 W/BroadcastQueue( 1936): Skipping deliver [background] BroadcastRecord{d4044c1 u-1 android.net.conn.CONNECTIVITY_CHANGE} to ReceiverList{7964466 19290 (unknown name)/0/u-1 remote:d1c35cb}: process gone or crashing
06-18 13:48:22.019 I/ActivityTaskManager( 1936): START u0 {act=android.intent.action.MAIN cat=[android.intent.category.LAUNCHER] flg=0x10200000 cmp=tech.gtt.frontapp.stb.demo/tech.gtt.frontapp.stb.m.home.activity.SplashActivity} from uid 0
06-18 13:48:22.020 W/ActivityTaskManager( 1936): Can't find TaskDisplayArea to determine support for multi window. Task id=34 attached=false
06-18 13:48:22.029 I/Monkey  (19290): Events injected: 1
06-18 13:48:22.038 D/CompatibilityChangeReporter( 1936): Compat change id reported: 135634846; UID 10058; state: DISABLED
06-18 13:48:22.038 D/CompatibilityChangeReporter( 1936): Compat change id reported: 143937733; UID 10058; state: ENABLED
06-18 13:48:22.039 I/Monkey  (19290): ## Network stats: elapsed time=19ms (0ms mobile, 0ms wifi, 19ms not connected)
06-18 13:48:22.047 D/gralloc_nox( 1767): gralloc_alloc: Creating ashmem region of size 8298496
06-18 13:48:22.071 I/app_process(19290): System.exit called, status: 0
06-18 13:48:22.071 I/AndroidRuntime(19290): VM exiting with result code 0.
06-18 13:48:22.071 D/Zygote  ( 1756): Forked child process 19306
06-18 13:48:22.073 I/ActivityManager( 1936): Start proc 19306:tech.gtt.frontapp.stb.demo/u0a58 for pre-top-activity {tech.gtt.frontapp.stb.demo/tech.gtt.frontapp.stb.m.home.activity.SplashActivity}
06-18 13:48:22.076 I/Zygote  (19306): seccomp disabled by setenforce 0
06-18 13:48:22.086 W/ontapp.stb.dem(19306): Unexpected CPU variant for X86 using defaults: x86_64
06-18 13:48:22.095 D/ProcessState(19306): Binder ioctl to enable oneway spam detection failed: Invalid argument
06-18 13:48:22.098 D/gralloc_nox( 1767): gralloc_alloc: Creating ashmem region of size 8298496
06-18 13:48:22.128 E/ashmem  (19306): memfd: ro.vndk.version not defined or invalid (), this is mandated since P.
06-18 13:48:22.130 D/CompatibilityChangeReporter(19306): Compat change id reported: 171979766; UID 10058; state: ENABLED
06-18 13:48:22.149 D/gralloc_nox( 1767): gralloc_alloc: Creating ashmem region of size 8298496
06-18 13:48:22.188 V/GraphicsEnvironment(19306): ANGLE Developer option for 'tech.gtt.frontapp.stb.demo' set to: 'default'
06-18 13:48:22.189 V/GraphicsEnvironment(19306): ANGLE GameManagerService for tech.gtt.frontapp.stb.demo: false
06-18 13:48:22.190 V/GraphicsEnvironment(19306): Neither updatable production driver nor prerelease driver is supported.
06-18 13:48:22.193 D/NetworkSecurityConfig(19306): Using Network Security Config from resource network_security_config debugBuild: false
06-18 13:48:22.195 D/NetworkSecurityConfig(19306): Using Network Security Config from resource network_security_config debugBuild: false
06-18 13:48:22.199 I/MultiDex(19306): VM with version 2.1.0 has multidex support
06-18 13:48:22.199 I/MultiDex(19306): Installing application
06-18 13:48:22.199 I/MultiDex(19306): VM has multidex support, MultiDex support library is disabled.
06-18 13:48:22.199 E/[Package](19306): params: AppConfiguration(vnoId='11026504', brandId='d0k7d3p3kdikth2o3q6g', appId='d0jucrbq6bt4h33c0ma0', sourceId='30006401-31002837', authServers='https://gtt-app-apigateway-lion.vdemosit.com', shareKey='S2kQMgUSugYyMlk5QclHDaF0uDsFnB0oJoFeAFgsKb8=', packageName='tech.gtt.frontapp.stb.demo', appName='Goose TV', appVersionName='v1.0.0', appVersionCode='7', pluginVersionCode='1', pluginVersionName='6.0.0-beta-build5', packageSeq='1', buglyAppId='d76a04165f', buglyKey='13b89b2d-1c12-4c4f-93b8-46e3c2ef9f73', baseVersionCode='20000066', gitTag='2.1.4-beta6', supportLang='en,pt,es', defaultLang='en', bootLoadType='1')
06-18 13:48:22.200 W/System.err(19306): java.lang.ClassNotFoundException: tech.gtt.frontapp.stb.docker.plugin.PluginUtils
06-18 13:48:22.200 W/System.err(19306): 	at java.lang.Class.classForName(Native Method)
06-18 13:48:22.200 W/System.err(19306): 	at java.lang.Class.forName(Class.java:454)
06-18 13:48:22.200 W/System.err(19306): 	at java.lang.Class.forName(Class.java:379)
06-18 13:48:22.200 W/System.err(19306): 	at ot.e.b(SourceFile:3)
06-18 13:48:22.200 W/System.err(19306): 	at tech.gtt.frontapp.stb.app.MainApplication.attachBaseContext(SourceFile:130)
06-18 13:48:22.200 W/System.err(19306): 	at android.app.Application.attach(Application.java:338)
06-18 13:48:22.200 W/System.err(19306): 	at android.app.Instrumentation.newApplication(Instrumentation.java:1190)
06-18 13:48:22.200 W/System.err(19306): 	at android.app.LoadedApk.makeApplication(LoadedApk.java:1361)
06-18 13:48:22.200 W/System.err(19306): 	at android.app.ActivityThread.handleBindApplication(ActivityThread.java:6728)
06-18 13:48:22.200 W/System.err(19306): 	at android.app.ActivityThread.access$1500(ActivityThread.java:256)
06-18 13:48:22.200 W/System.err(19306): 	at android.app.ActivityThread$H.handleMessage(ActivityThread.java:2091)
06-18 13:48:22.200 W/System.err(19306): 	at android.os.Handler.dispatchMessage(Handler.java:106)
06-18 13:48:22.200 W/System.err(19306): 	at android.os.Looper.loopOnce(Looper.java:201)
06-18 13:48:22.200 W/System.err(19306): 	at android.os.Looper.loop(Looper.java:288)
06-18 13:48:22.200 W/System.err(19306): 	at android.app.ActivityThread.main(ActivityThread.java:7875)
06-18 13:48:22.200 W/System.err(19306): 	at java.lang.reflect.Method.invoke(Native Method)
06-18 13:48:22.200 W/System.err(19306): 	at com.android.internal.os.RuntimeInit$MethodAndArgsCaller.run(RuntimeInit.java:568)
06-18 13:48:22.200 W/System.err(19306): 	at com.android.internal.os.ZygoteInit.main(ZygoteInit.java:1005)
06-18 13:48:22.201 W/System.err(19306): Caused by: java.lang.ClassNotFoundException: tech.gtt.frontapp.stb.docker.plugin.PluginUtils
06-18 13:48:22.201 W/System.err(19306): 	... 18 more
06-18 13:48:22.201 E/[Package](19306): isInPluginMode: false
06-18 13:48:22.203 I/CustomActivityOnCrash(19306): CustomActivityOnCrash has been installed.
06-18 13:48:22.204 I/System.out(19306): Modular_Init : a - initialize
06-18 13:48:22.206 I/System.out(19306): Modular_Init : d - initialize
06-18 13:48:22.209 I/System.out(19306): Modular_Init : a - initialize
06-18 13:48:22.210 I/System.out(19306): Modular_Init : a - initialize
06-18 13:48:22.210 D/[CatchupInitModule](19306): init---
06-18 13:48:22.210 I/System.out(19306): Modular_Init : a - initialize
06-18 13:48:22.210 D/[ReplayInitialize](19306): init---
06-18 13:48:22.210 I/System.out(19306): Modular_Init : a - initialize
06-18 13:48:22.210 D/[LiveInitialize](19306): init---
06-18 13:48:22.210 I/System.out(19306): Modular_Init : b - initialize
06-18 13:48:22.213 D/AndroidAutoSize(19306): designWidthInDp = 1920, designHeightInDp = 1080, screenWidth = 1920, screenHeight = 1080
06-18 13:48:22.213 D/AndroidAutoSize(19306): initDensity = 2.0, initScaledDensity = 2.0
06-18 13:48:22.255 D/AndroidAutoSize(19306): tech.gtt.frontapp.stb.m.home.activity.SplashActivity used the global configuration.
06-18 13:48:22.263 D/AndroidAutoSize(19306): The tech.gtt.frontapp.stb.m.home.activity.SplashActivity has been adapted! 
06-18 13:48:22.263 D/AndroidAutoSize(19306): SplashActivity Info: isBaseOnWidth = true, designWidthInDp = 1920.000000, designWidthInSubunits = 1920.000000, targetDensity = 1.000000, targetScaledDensity = 1.000000, targetDensityDpi = 160, targetXdpi = 1.000000, targetScreenWidthDp = 1920, targetScreenHeightDp = 1032
06-18 13:48:22.320 D/AndroidAutoSize(19306): tech.gtt.frontapp.stb.m.home.activity.SplashActivity used the global configuration.
06-18 13:48:22.321 D/AndroidAutoSize(19306): The tech.gtt.frontapp.stb.m.home.activity.SplashActivity has been adapted! 
06-18 13:48:22.321 D/AndroidAutoSize(19306): SplashActivity Info: isBaseOnWidth = true, designWidthInDp = 1920.000000, designWidthInSubunits = 1920.000000, targetDensity = 1.000000, targetScaledDensity = 1.000000, targetDensityDpi = 160, targetXdpi = 1.000000, targetScreenWidthDp = 1920, targetScreenHeightDp = 1032
06-18 13:48:22.328 I/ActivityTaskManager( 1936): START u0 {act=android.content.pm.action.REQUEST_PERMISSIONS pkg=com.android.permissioncontroller cmp=com.android.permissioncontroller/.permission.ui.GrantPermissionsActivity (has extras)} from uid 10058
06-18 13:48:22.355 D/ontapp.stb.dem(19306): createUnique: call
06-18 13:48:22.366 D/ontapp.stb.dem(19306): HostComposition ext GL_OES_EGL_image GL_OES_EGL_image_external GL_OES_depth24 GL_OES_depth32 GL_OES_element_index_uint GL_OES_texture_float GL_OES_texture_float_linear GL_OES_compressed_paletted_texture GL_OES_compressed_ETC1_RGB8_texture GL_OES_depth_texture GL_EXT_texture_format_BGRA8888 GL_APPLE_texture_format_BGRA8888 GL_OES_texture_half_float GL_EXT_robustness GL_OES_texture_half_float_linear GL_OES_packed_depth_stencil GL_OES_vertex_half_float GL_OES_texture_npot GL_OES_rgb8_rgba8 GL_EXT_color_buffer_float GL_EXT_texture_sRGB_decode ANDROID_gles_max_version_3_1 GL_OES_vertex_array_object GL_EXT_texture_buffer GL_EXT_copy_image GL_KHR_texture_compression_astc_ldr GL_KHR_texture_compression_astc_hdr GL_OES_texture_compression_astc GL_OES_EGL_image_external
06-18 13:48:22.368 D/hw-ProcessState(19306): Binder ioctl to enable oneway spam detection failed: Invalid argument
06-18 13:48:22.369 W/OpenGLRenderer(19306): Failed to initialize 101010-2 format, error = EGL_SUCCESS
06-18 13:48:22.369 D/EGL_emulation(19306): rcCreateContext wated version 2.0  rc:4
06-18 13:48:22.380 D/EGL_emulation(19306): eglMakeCurrent: 0x74841c042030: ver 3 2 (tinfo 0x74839c04c6c0) (first time)
06-18 13:48:22.383 E/HWComposer( 1779): getSupportedContentTypes: getSupportedContentTypes failed for display 0: Unsupported (8)
06-18 13:48:22.385 I/hwservicemanager( 1567): getTransport: Cannot find entry android.hardware.graphics.mapper@4.0::IMapper/default in either framework or device VINTF manifest.
06-18 13:48:22.385 I/Gralloc4(19306): mapper 4.x is not supported
06-18 13:48:22.385 I/hwservicemanager( 1567): getTransport: Cannot find entry android.hardware.graphics.mapper@3.0::IMapper/default in either framework or device VINTF manifest.
06-18 13:48:22.385 W/Gralloc3(19306): mapper 3.x is not supported
06-18 13:48:22.386 I/hwservicemanager( 1567): getTransport: Cannot find entry android.hardware.graphics.allocator@4.0::IAllocator/default in either framework or device VINTF manifest.
06-18 13:48:22.387 W/Gralloc4(19306): allocator 4.x is not supported
06-18 13:48:22.387 I/hwservicemanager( 1567): getTransport: Cannot find entry android.hardware.graphics.allocator@3.0::IAllocator/default in either framework or device VINTF manifest.
06-18 13:48:22.387 W/Gralloc3(19306): allocator 3.x is not supported
06-18 13:48:22.388 D/gralloc_nox( 1767): gralloc_alloc: Creating ashmem region of size 8298496
06-18 13:48:22.412 D/ProcessState(19341): Binder ioctl to enable oneway spam detection failed: Invalid argument
06-18 13:48:22.414 D/ontapp.stb.dem(19306): createUnique: call
06-18 13:48:22.414 D/ontapp.stb.dem(19306): HostComposition ext GL_OES_EGL_image GL_OES_EGL_image_external GL_OES_depth24 GL_OES_depth32 GL_OES_element_index_uint GL_OES_texture_float GL_OES_texture_float_linear GL_OES_compressed_paletted_texture GL_OES_compressed_ETC1_RGB8_texture GL_OES_depth_texture GL_EXT_texture_format_BGRA8888 GL_APPLE_texture_format_BGRA8888 GL_OES_texture_half_float GL_EXT_robustness GL_OES_texture_half_float_linear GL_OES_packed_depth_stencil GL_OES_vertex_half_float GL_OES_texture_npot GL_OES_rgb8_rgba8 GL_EXT_color_buffer_float GL_EXT_texture_sRGB_decode ANDROID_gles_max_version_3_1 GL_OES_vertex_array_object GL_EXT_texture_buffer GL_EXT_copy_image GL_KHR_texture_compression_astc_ldr GL_KHR_texture_compression_astc_hdr GL_OES_texture_compression_astc GL_OES_EGL_image_external
06-18 13:48:22.415 D/gralloc_nox( 1767): gralloc_alloc: Creating ashmem region of size 8298496
06-18 13:48:22.464 D/gralloc_nox( 1767): gralloc_alloc: Creating ashmem region of size 8298496
06-18 13:48:22.542 E/libEGL  (19306): called unimplemented OpenGL ES API
06-18 13:48:22.599 W/ActivityTaskManager( 1936): Tried to set launchTime (0) < mLastActivityLaunchTime (68440870)
06-18 13:48:22.805 I/ActivityTaskManager( 1936): Displayed com.android.permissioncontroller/.permission.ui.GrantPermissionsActivity: +758ms
06-18 13:48:22.806 D/ProcessState(19352): Binder ioctl to enable oneway spam detection failed: Invalid argument
06-18 13:48:22.841 W/InputManager-JNI( 1936): Input channel object '5db9343 Splash Screen tech.gtt.frontapp.stb.demo (client)' was disposed without first being removed with the input manager!
06-18 13:48:22.887 D/gralloc_nox( 1767): gralloc_alloc: Creating ashmem region of size 5496832
06-18 13:48:22.990 D/gralloc_nox( 1767): gralloc_alloc: Creating ashmem region of size 5496832
06-18 13:48:23.459 D/gralloc_nox( 1767): gralloc_alloc: Creating ashmem region of size 5496832
06-18 13:48:25.035 E/TaskPersister( 1936): File error accessing recents directory (directory doesn't exist?).
06-18 13:48:25.093 D/UIAutomatorStub(19250): URI: /jsonrpc/0, Method: POST, params, {NanoHttpd.QUERY_STRING=null}, files: {postData={"jsonrpc": "2.0", "id": 1, "method": "count", "params": [{"mask": 2097152, "childOrSibling": [], "childOrSiblingSelector": [], "resourceId": "com.android.permissioncontroller:id/permission_allow_button"}]}}
06-18 13:48:25.121 D/UiObject(19250): Waiting 0ms for UiSelector[RESOURCE_ID=com.android.permissioncontroller:id/permission_allow_button].
06-18 13:48:25.122 W/QueryController(19250): Could not detect idle state.
06-18 13:48:25.128 I/QueryController(19250): Matched selector: UiSelector[RESOURCE_ID=com.android.permissioncontroller:id/permission_allow_button] <<==>> [android.view.accessibility.AccessibilityNodeInfo@26045; boundsInParent: Rect(0, 0 - 992, 112); boundsInScreen: Rect(464, 557 - 1456, 669); packageName: com.android.permissioncontroller; className: android.widget.Button; text: 允许; error: null; maxTextLength: -1; stateDescription: null; contentDescription: null; tooltipText: null; viewIdResName: com.android.permissioncontroller:id/permission_allow_button; checkable: false; checked: false; focusable: true; focused: false; selected: false; clickable: true; longClickable: false; contextClickable: false; enabled: true; password: false; scrollable: false; importantForAccessibility: true; visible: true; actions: [AccessibilityAction: ACTION_FOCUS - null, AccessibilityAction: ACTION_SELECT - null, AccessibilityAction: ACTION_CLEAR_SELECTION - null, AccessibilityAction: ACTION_CLICK - null, AccessibilityAction: ACTION_ACCESSIBILITY_FOCUS - null, AccessibilityAction: ACTION_NEXT_AT_MOVEMENT_GRANULARITY - null, AccessibilityAction: ACTION_PREVIOUS_AT_MOVEMENT_GRANULARITY - null, AccessibilityAction: ACTION_SET_SELECTION - null, AccessibilityAction: ACTION_SHOW_ON_SCREEN - null]]
06-18 13:48:25.129 D/UiObject(19250): Waiting 0ms for UiSelector[INSTANCE=1, RESOURCE_ID=com.android.permissioncontroller:id/permission_allow_button].
06-18 13:48:25.130 W/QueryController(19250): Could not detect idle state.
06-18 13:48:25.151 D/UIAutomatorStub(19250): URI: /jsonrpc/0, Method: POST, params, {NanoHttpd.QUERY_STRING=null}, files: {postData={"jsonrpc": "2.0", "id": 1, "method": "waitForExists", "params": [{"mask": 2097152, "childOrSibling": [], "childOrSiblingSelector": [], "resourceId": "com.android.permissioncontroller:id/permission_allow_button"}, 20000]}}
06-18 13:48:25.153 D/UiDevice(19250): Waiting 20000ms for SearchCondition[hasObject=BySelector [RES='\Qcom.android.permissioncontroller:id/permission_allow_button\E']].
06-18 13:48:25.153 D/UiDevice(19250): Searching for node with selector: BySelector [RES='\Qcom.android.permissioncontroller:id/permission_allow_button\E'].
06-18 13:48:25.153 W/QueryController(19250): Could not detect idle state.
06-18 13:48:25.174 D/UIAutomatorStub(19250): URI: /jsonrpc/0, Method: POST, params, {NanoHttpd.QUERY_STRING=null}, files: {postData={"jsonrpc": "2.0", "id": 1, "method": "objInfo", "params": [{"mask": 2097152, "childOrSibling": [], "childOrSiblingSelector": [], "resourceId": "com.android.permissioncontroller:id/permission_allow_button"}]}}
06-18 13:48:25.176 D/UiDevice(19250): Retrieving node with selector: BySelector [RES='\Qcom.android.permissioncontroller:id/permission_allow_button\E'].
06-18 13:48:25.177 W/QueryController(19250): Could not detect idle state.
06-18 13:48:25.188 W/QueryController(19250): Could not detect idle state.
06-18 13:48:25.189 W/QueryController(19250): Could not detect idle state.
06-18 13:48:25.192 W/QueryController(19250): Could not detect idle state.
06-18 13:48:25.194 W/QueryController(19250): Could not detect idle state.
06-18 13:48:25.199 W/QueryController(19250): Could not detect idle state.
06-18 13:48:25.206 W/QueryController(19250): Could not detect idle state.
06-18 13:48:25.214 W/QueryController(19250): Could not detect idle state.
06-18 13:48:25.223 W/QueryController(19250): Could not detect idle state.
06-18 13:48:25.235 W/QueryController(19250): Could not detect idle state.
06-18 13:48:25.245 W/QueryController(19250): Could not detect idle state.
06-18 13:48:25.256 W/QueryController(19250): Could not detect idle state.
06-18 13:48:25.262 W/QueryController(19250): Could not detect idle state.
06-18 13:48:25.264 W/QueryController(19250): Could not detect idle state.
06-18 13:48:25.274 W/QueryController(19250): Could not detect idle state.
06-18 13:48:25.278 W/QueryController(19250): Could not detect idle state.
06-18 13:48:25.286 W/QueryController(19250): Could not detect idle state.
06-18 13:48:25.292 W/QueryController(19250): Could not detect idle state.
06-18 13:48:25.348 D/UIAutomatorStub(19250): URI: /jsonrpc/0, Method: POST, params, {NanoHttpd.QUERY_STRING=null}, files: {postData={"jsonrpc": "2.0", "id": 1, "method": "click", "params": [960.0, 613.0]}}
06-18 13:48:25.672 V/GrantPermissionsViewModel(16100): Logged buttons presented and clicked permissionGroupName=android.permission-group.STORAGE uid=10058 selectedLocations=0 package=tech.gtt.frontapp.stb.demo presentedButtons=9 clickedButton=1 sessionId=4617202007615277206 targetSdk=35
06-18 13:48:25.687 I/MediaProvider( 2560): Invalidating LocalCallingIdentity cache for package tech.gtt.frontapp.stb.demo. Reason: op android:read_external_storage
06-18 13:48:25.690 V/GrantPermissionsViewModel(16100): Permission grant result requestId=4617202007615277206 callingUid=10058 callingPackage=tech.gtt.frontapp.stb.demo permission=android.permission.READ_EXTERNAL_STORAGE isImplicit=false result=4
06-18 13:48:25.696 D/gralloc_nox( 1767): gralloc_alloc: Creating ashmem region of size 8298496
06-18 13:48:25.730 E/android.hardware.audio.service( 1759): pcm_open called create stream faild
06-18 13:48:25.995 D/CompatibilityChangeReporter(19306): Compat change id reported: 78294732; UID 10058; state: ENABLED
06-18 13:48:26.000 I/b       (19306): freeSpace : 116666MB
06-18 13:48:26.153 D/ConnectivityService( 1936): NetReassign [no changes]
06-18 13:48:26.181 V/GSK     (19306): StorageServiceImpl initialization() executed in 2 ms.
06-18 13:48:26.181 V/GSK     (19306): SecurityServiceImpl initialization() executed in 0 ms.
06-18 13:48:26.257 D/ProcessState(19369): Binder ioctl to enable oneway spam detection failed: Invalid argument
06-18 13:48:26.285 W/System.err(19306): SLF4J(W): No SLF4J providers were found.
06-18 13:48:26.285 W/System.err(19306): SLF4J(W): Defaulting to no-operation (NOP) logger implementation
06-18 13:48:26.285 W/System.err(19306): SLF4J(W): See https://www.slf4j.org/codes.html#noProviders for further details.
06-18 13:48:26.370 W/InputManager-JNI( 1936): Input channel object '816b6e4 com.android.permissioncontroller/com.android.permissioncontroller.permission.ui.GrantPermissionsActivity (client)' was disposed without first being removed with the input manager!
06-18 13:48:26.381 W/System.err(19306): kotlinx.serialization.json.internal.JsonDecodingException: Expected start of the object '{', but had 'EOF' instead at path: $
06-18 13:48:26.383 W/System.err(19306): JSON input: 
06-18 13:48:26.383 W/System.err(19306): 	at kotlinx.serialization.json.internal.JsonExceptionsKt.JsonDecodingException(SourceFile:1)
06-18 13:48:26.383 W/System.err(19306): 	at kotlinx.serialization.json.internal.JsonExceptionsKt.JsonDecodingException(SourceFile:2)
06-18 13:48:26.384 W/System.err(19306): 	at kotlinx.serialization.json.internal.AbstractJsonLexer.fail(SourceFile:52)
06-18 13:48:26.384 W/System.err(19306): 	at kotlinx.serialization.json.internal.AbstractJsonLexer.fail$default(SourceFile:15)
06-18 13:48:26.384 W/System.err(19306): 	at kotlinx.serialization.json.internal.AbstractJsonLexer.unexpectedToken(SourceFile:103)
06-18 13:48:26.384 W/System.err(19306): 	at kotlinx.serialization.json.internal.StringJsonLexer.consumeNextToken(SourceFile:16)
06-18 13:48:26.384 W/System.err(19306): 	at kotlinx.serialization.json.internal.StreamingJsonDecoder.beginStructure(SourceFile:23)
06-18 13:48:26.384 W/System.err(19306): 	at tech.gtt.frontapp.servicesdk.common.service.utility.apis.e2ee.E2eeConfigResponse$$serializer.deserialize(SourceFile:2)
06-18 13:48:26.384 W/System.err(19306): 	at tech.gtt.frontapp.servicesdk.common.service.utility.apis.e2ee.E2eeConfigResponse$$serializer.deserialize(SourceFile:1)
06-18 13:48:26.384 W/System.err(19306): 	at kotlinx.serialization.json.internal.StreamingJsonDecoder.decodeSerializableValue(SourceFile:320)
06-18 13:48:26.384 W/System.err(19306): 	at kotlinx.serialization.json.Json.decodeFromString(SourceFile:3)
06-18 13:48:26.384 W/System.err(19306): 	at tech.gtt.frontapp.servicesdk.common.service.utility.apis.e2ee.E2eeManager.syncE2eeConfig(SourceFile:74)
06-18 13:48:26.384 W/System.err(19306): 	at tech.gtt.frontapp.servicesdk.common.service.utility.apis.ApiUtilServiceImpl.onServiceInit(SourceFile:228)
06-18 13:48:26.384 W/System.err(19306): 	at tech.gtt.frontapp.servicesdk.common.core.ServiceSDKImpl.executeServiceInitialize(SourceFile:372)
06-18 13:48:26.384 W/System.err(19306): 	at tech.gtt.frontapp.servicesdk.common.core.ServiceSDKImpl.access$executeServiceInitialize(SourceFile:1)
06-18 13:48:26.384 W/System.err(19306): 	at tech.gtt.frontapp.servicesdk.common.core.ServiceSDKImpl$init$1.invokeSuspend(SourceFile:178)
06-18 13:48:26.384 W/System.err(19306): 	at tech.gtt.frontapp.servicesdk.common.core.ServiceSDKImpl$init$1.invoke(SourceFile:2)
06-18 13:48:26.384 W/System.err(19306): 	at tech.gtt.frontapp.servicesdk.common.core.ServiceSDKImpl$init$1.invoke(SourceFile:1)
06-18 13:48:26.384 W/System.err(19306): 	at kotlinx.coroutines.flow.SafeFlow.collectSafely(SourceFile:3)
06-18 13:48:26.384 W/System.err(19306): 	at kotlinx.coroutines.flow.AbstractFlow.collect(SourceFile:70)
06-18 13:48:26.384 W/System.err(19306): 	at tech.gtt.frontapp.servicesdk.common.core.SDKSetup$build$1.invokeSuspend(SourceFile:42)
06-18 13:48:26.384 W/System.err(19306): 	at tech.gtt.frontapp.servicesdk.common.core.SDKSetup$build$1.invoke(SourceFile:2)
06-18 13:48:26.384 W/System.err(19306): 	at tech.gtt.frontapp.servicesdk.common.core.SDKSetup$build$1.invoke(SourceFile:1)
06-18 13:48:26.384 W/System.err(19306): 	at tech.gtt.frontapp.servicesdk.common.core.Scheduler$scheduleDirect$1.invokeSuspend(SourceFile:61)
06-18 13:48:26.384 W/System.err(19306): 	at lh.a.resumeWith(SourceFile:14)
06-18 13:48:26.384 W/System.err(19306): 	at kotlinx.coroutines.DispatchedTask.run(SourceFile:123)
06-18 13:48:26.384 W/System.err(19306): 	at kotlinx.coroutines.internal.LimitedDispatcher$Worker.run(SourceFile:4)
06-18 13:48:26.384 W/System.err(19306): 	at kotlinx.coroutines.scheduling.TaskImpl.run(SourceFile:3)
06-18 13:48:26.384 W/System.err(19306): 	at kotlinx.coroutines.scheduling.CoroutineScheduler.runSafely(SourceFile:1)
06-18 13:48:26.384 W/System.err(19306): 	at kotlinx.coroutines.scheduling.CoroutineScheduler$Worker.executeTask(SourceFile:34)
06-18 13:48:26.384 W/System.err(19306): 	at kotlinx.coroutines.scheduling.CoroutineScheduler$Worker.runWorker(SourceFile:29)
06-18 13:48:26.384 W/System.err(19306): 	at kotlinx.coroutines.scheduling.CoroutineScheduler$Worker.run(SourceFile:1)
06-18 13:48:26.389 W/SurfaceFlinger( 1779): couldn't log to binary event log: overflow.
06-18 13:48:26.398 W/System.err(19306): java.io.FileNotFoundException: sys/class/sunxi_info/sys_info: open failed: ENOENT (No such file or directory)
06-18 13:48:26.398 W/System.err(19306): 	at libcore.io.IoBridge.open(IoBridge.java:575)
06-18 13:48:26.398 W/System.err(19306): 	at java.io.FileInputStream.<init>(FileInputStream.java:160)
06-18 13:48:26.398 W/System.err(19306): 	at java.io.FileInputStream.<init>(FileInputStream.java:115)
06-18 13:48:26.398 W/System.err(19306): 	at ip.b.b(SourceFile:5)
06-18 13:48:26.398 W/System.err(19306): 	at ip.b.a(SourceFile:155)
06-18 13:48:26.398 W/System.err(19306): 	at ip.a.invoke(SourceFile:589)
06-18 13:48:26.398 W/System.err(19306): 	at dh.v.getValue(SourceFile:21)
06-18 13:48:26.398 W/System.err(19306): 	at tech.gtt.frontapp.servicesdk.common.network.interceptor.params.ApiDeviceParams.handleFixedParams(SourceFile:52)
06-18 13:48:26.398 W/System.err(19306): 	at tech.gtt.frontapp.servicesdk.common.service.utility.apis.IParamsGetter.toMaps(SourceFile:87)
06-18 13:48:26.398 W/System.err(19306): 	at tech.gtt.frontapp.servicesdk.common.network.interceptor.DefaultParamsInterceptor.onRequest(SourceFile:127)
06-18 13:48:26.398 W/System.err(19306): 	at tech.gtt.frontapp.servicesdk.common.network.interceptor.SDKInterceptorsPluginKt$setupRequestInterception$1.invokeSuspend(SourceFile:103)
06-18 13:48:26.398 W/System.err(19306): 	at tech.gtt.frontapp.servicesdk.common.network.interceptor.SDKInterceptorsPluginKt$setupRequestInterception$1.invoke(SourceFile:1)
06-18 13:48:26.398 W/System.err(19306): 	at tech.gtt.frontapp.servicesdk.common.network.interceptor.SDKInterceptorsPluginKt$setupRequestInterception$1.invoke(SourceFile:2)
06-18 13:48:26.398 W/System.err(19306): 	at io.ktor.util.pipeline.DebugPipelineContext.proceedLoop(SourceFile:86)
06-18 13:48:26.398 W/System.err(19306): 	at io.ktor.util.pipeline.DebugPipelineContext.proceed(SourceFile:26)
06-18 13:48:26.398 W/System.err(19306): 	at io.ktor.client.plugins.RequestError$install$1.invokeSuspend(SourceFile:47)
06-18 13:48:26.398 W/System.err(19306): 	at io.ktor.client.plugins.RequestError$install$1.invoke(SourceFile:1)
06-18 13:48:26.398 W/System.err(19306): 	at io.ktor.client.plugins.RequestError$install$1.invoke(SourceFile:2)
06-18 13:48:26.398 W/System.err(19306): 	at io.ktor.util.pipeline.DebugPipelineContext.proceedLoop(SourceFile:86)
06-18 13:48:26.398 W/System.err(19306): 	at io.ktor.util.pipeline.DebugPipelineContext.proceed(SourceFile:26)
06-18 13:48:26.398 W/System.err(19306): 	at io.ktor.client.plugins.SetupRequestContext$install$1.invokeSuspend$proceed(SourceFile:1)
06-18 13:48:26.398 W/System.err(19306): 	at io.ktor.client.plugins.SetupRequestContext$install$1.access$invokeSuspend$proceed(SourceFile:1)
06-18 13:48:26.398 W/System.err(19306): 	at io.ktor.client.plugins.SetupRequestContext$install$1$1.invoke(SourceFile:2)
06-18 13:48:26.398 W/System.err(19306): 	at io.ktor.client.plugins.SetupRequestContext$install$1$1.invoke(SourceFile:1)
06-18 13:48:26.398 W/System.err(19306): 	at io.ktor.client.plugins.HttpRequestLifecycleKt$HttpRequestLifecycle$1$1.invokeSuspend(SourceFile:78)
06-18 13:48:26.398 W/System.err(19306): 	at io.ktor.client.plugins.HttpRequestLifecycleKt$HttpRequestLifecycle$1$1.invoke(SourceFile:1)
06-18 13:48:26.398 W/System.err(19306): 	at io.ktor.client.plugins.HttpRequestLifecycleKt$HttpRequestLifecycle$1$1.invoke(SourceFile:2)
06-18 13:48:26.398 W/System.err(19306): 	at io.ktor.client.plugins.SetupRequestContext$install$1.invokeSuspend(SourceFile:42)
06-18 13:48:26.398 W/System.err(19306): 	at io.ktor.client.plugins.SetupRequestContext$install$1.invoke(SourceFile:1)
06-18 13:48:26.398 W/System.err(19306): 	at io.ktor.client.plugins.SetupRequestContext$install$1.invoke(SourceFile:2)
06-18 13:48:26.398 W/System.err(19306): 	at io.ktor.util.pipeline.DebugPipelineContext.proceedLoop(SourceFile:86)
06-18 13:48:26.398 W/System.err(19306): 	at io.ktor.util.pipeline.DebugPipelineContext.proceed(SourceFile:26)
06-18 13:48:26.398 W/System.err(19306): 	at io.ktor.util.pipeline.DebugPipelineContext.execute$ktor_utils(SourceFile:7)
06-18 13:48:26.398 W/System.err(19306): 	at io.ktor.util.pipeline.Pipeline.execute(SourceFile:9)
06-18 13:48:26.398 W/System.err(19306): 	at io.ktor.client.HttpClient.execute$ktor_client_core(SourceFile:68)
06-18 13:48:26.398 W/System.err(19306): 	at io.ktor.client.statement.HttpStatement.fetchResponse(SourceFile:90)
06-18 13:48:26.398 W/System.err(19306): 	at io.ktor.client.statement.HttpStatement.execute(SourceFile:9)
06-18 13:48:26.398 W/System.err(19306): 	at de.jensklingenberg.ktorfit.internal.KtorfitConverterHelper.suspendRequest(SourceFile:127)
06-18 13:48:26.398 W/System.err(19306): 	at de.jensklingenberg.ktorfit.internal.KtorfitConverterHelper$request$1$1.invokeSuspend(SourceFile:58)
06-18 13:48:26.398 W/System.err(19306): 	at de.jensklingenberg.ktorfit.internal.KtorfitConverterHelper$request$1$1.invoke(SourceFile:2)
06-18 13:48:26.398 W/System.err(19306): 	at de.jensklingenberg.ktorfit.internal.KtorfitConverterHelper$request$1$1.invoke(SourceFile:1)
06-18 13:48:26.398 W/System.err(19306): 	at de.jensklingenberg.ktorfit.converter.FlowConverterFactory$responseConverter$1$convert$1.invokeSuspend(SourceFile:84)
06-18 13:48:26.398 W/System.err(19306): 	at de.jensklingenberg.ktorfit.converter.FlowConverterFactory$responseConverter$1$convert$1.invoke(SourceFile:2)
06-18 13:48:26.398 W/System.err(19306): 	at de.jensklingenberg.ktorfit.converter.FlowConverterFactory$responseConverter$1$convert$1.invoke(SourceFile:1)
06-18 13:48:26.398 W/System.err(19306): 	at kotlinx.coroutines.flow.SafeFlow.collectSafely(SourceFile:3)
06-18 13:48:26.398 W/System.err(19306): 	at kotlinx.coroutines.flow.AbstractFlow.collect(SourceFile:70)
06-18 13:48:26.398 W/System.err(19306): 	at kotlinx.coroutines.flow.FlowKt__MergeKt$flatMapConcat$$inlined$map$1.collect(SourceFile:10)
06-18 13:48:26.398 W/System.err(19306): 	at kotlinx.coroutines.flow.FlowKt__MergeKt$flattenConcat$$inlined$unsafeFlow$1.collect(SourceFile:8)
06-18 13:48:26.398 W/System.err(19306): 	at kotlinx.coroutines.flow.FlowKt__CollectKt.collect(SourceFile:1)
06-18 13:48:26.398 W/System.err(19306): 	at kotlinx.coroutines.flow.FlowKt.collect(SourceFile:1)
06-18 13:48:26.398 W/System.err(19306): 	at tech.gtt.frontapp.servicesdk.common.service.utility.apis.ApiUtilServiceImpl.onServiceInit(SourceFile:240)
06-18 13:48:26.398 W/System.err(19306): 	at tech.gtt.frontapp.servicesdk.common.core.ServiceSDKImpl.executeServiceInitialize(SourceFile:372)
06-18 13:48:26.398 W/System.err(19306): 	at tech.gtt.frontapp.servicesdk.common.core.ServiceSDKImpl.access$executeServiceInitialize(SourceFile:1)
06-18 13:48:26.398 W/System.err(19306): 	at tech.gtt.frontapp.servicesdk.common.core.ServiceSDKImpl$init$1.invokeSuspend(SourceFile:178)
06-18 13:48:26.398 W/System.err(19306): 	at tech.gtt.frontapp.servicesdk.common.core.ServiceSDKImpl$init$1.invoke(SourceFile:2)
06-18 13:48:26.398 W/System.err(19306): 	at tech.gtt.frontapp.servicesdk.common.core.ServiceSDKImpl$init$1.invoke(SourceFile:1)
06-18 13:48:26.398 W/System.err(19306): 	at kotlinx.coroutines.flow.SafeFlow.collectSafely(SourceFile:3)
06-18 13:48:26.398 W/System.err(19306): 	at kotlinx.coroutines.flow.AbstractFlow.collect(SourceFile:70)
06-18 13:48:26.398 W/System.err(19306): 	at tech.gtt.frontapp.servicesdk.common.core.SDKSetup$build$1.invokeSuspend(SourceFile:42)
06-18 13:48:26.398 W/System.err(19306): 	at tech.gtt.frontapp.servicesdk.common.core.SDKSetup$build$1.invoke(SourceFile:2)
06-18 13:48:26.398 W/System.err(19306): 	at tech.gtt.frontapp.servicesdk.common.core.SDKSetup$build$1.invoke(SourceFile:1)
06-18 13:48:26.398 W/System.err(19306): 	at tech.gtt.frontapp.servicesdk.common.core.Scheduler$scheduleDirect$1.invokeSuspend(SourceFile:61)
06-18 13:48:26.398 W/System.err(19306): 	at lh.a.resumeWith(SourceFile:14)
06-18 13:48:26.398 W/System.err(19306): 	at kotlinx.coroutines.DispatchedTask.run(SourceFile:123)
06-18 13:48:26.398 W/System.err(19306): 	at kotlinx.coroutines.internal.LimitedDispatcher$Worker.run(SourceFile:4)
06-18 13:48:26.398 W/System.err(19306): 	at kotlinx.coroutines.scheduling.TaskImpl.run(SourceFile:3)
06-18 13:48:26.398 W/System.err(19306): 	at kotlinx.coroutines.scheduling.CoroutineScheduler.runSafely(SourceFile:1)
06-18 13:48:26.398 W/System.err(19306): 	at kotlinx.coroutines.scheduling.CoroutineScheduler$Worker.executeTask(SourceFile:34)
06-18 13:48:26.398 W/System.err(19306): 	at kotlinx.coroutines.scheduling.CoroutineScheduler$Worker.runWorker(SourceFile:29)
06-18 13:48:26.398 W/System.err(19306): 	at kotlinx.coroutines.scheduling.CoroutineScheduler$Worker.run(SourceFile:1)
06-18 13:48:26.398 W/System.err(19306): Caused by: android.system.ErrnoException: open failed: ENOENT (No such file or directory)
06-18 13:48:26.398 W/System.err(19306): 	at libcore.io.Linux.open(Native Method)
06-18 13:48:26.398 W/System.err(19306): 	at libcore.io.ForwardingOs.open(ForwardingOs.java:567)
06-18 13:48:26.398 W/System.err(19306): 	at libcore.io.BlockGuardOs.open(BlockGuardOs.java:273)
06-18 13:48:26.398 W/System.err(19306): 	at libcore.io.ForwardingOs.open(ForwardingOs.java:567)
06-18 13:48:26.398 W/System.err(19306): 	at android.app.ActivityThread$AndroidOs.open(ActivityThread.java:7761)
06-18 13:48:26.398 W/System.err(19306): 	at libcore.io.IoBridge.open(IoBridge.java:561)
06-18 13:48:26.398 W/System.err(19306): 	... 69 more
06-18 13:48:26.400 W/System.err(19306): java.io.FileNotFoundException: sys/class/sunxi_info/sys_info: open failed: ENOENT (No such file or directory)
06-18 13:48:26.400 W/System.err(19306): 	at libcore.io.IoBridge.open(IoBridge.java:575)
06-18 13:48:26.400 W/System.err(19306): 	at java.io.FileInputStream.<init>(FileInputStream.java:160)
06-18 13:48:26.400 W/System.err(19306): 	at java.io.FileInputStream.<init>(FileInputStream.java:115)
06-18 13:48:26.401 W/System.err(19306): 	at ip.b.b(SourceFile:5)
06-18 13:48:26.401 W/System.err(19306): 	at ip.b.a(SourceFile:155)
06-18 13:48:26.401 W/System.err(19306): 	at ip.a.invoke(SourceFile:127)
06-18 13:48:26.401 W/System.err(19306): 	at dh.v.getValue(SourceFile:21)
06-18 13:48:26.401 W/System.err(19306): 	at tech.gtt.frontapp.servicesdk.common.network.interceptor.params.ApiDeviceParams.handleFixedParams(SourceFile:65)
06-18 13:48:26.401 W/System.err(19306): 	at tech.gtt.frontapp.servicesdk.common.service.utility.apis.IParamsGetter.toMaps(SourceFile:87)
06-18 13:48:26.401 W/System.err(19306): 	at tech.gtt.frontapp.servicesdk.common.network.interceptor.DefaultParamsInterceptor.onRequest(SourceFile:127)
06-18 13:48:26.401 W/System.err(19306): 	at tech.gtt.frontapp.servicesdk.common.network.interceptor.SDKInterceptorsPluginKt$setupRequestInterception$1.invokeSuspend(SourceFile:103)
06-18 13:48:26.401 W/System.err(19306): 	at tech.gtt.frontapp.servicesdk.common.network.interceptor.SDKInterceptorsPluginKt$setupRequestInterception$1.invoke(SourceFile:1)
06-18 13:48:26.401 W/System.err(19306): 	at tech.gtt.frontapp.servicesdk.common.network.interceptor.SDKInterceptorsPluginKt$setupRequestInterception$1.invoke(SourceFile:2)
06-18 13:48:26.401 W/System.err(19306): 	at io.ktor.util.pipeline.DebugPipelineContext.proceedLoop(SourceFile:86)
06-18 13:48:26.401 W/System.err(19306): 	at io.ktor.util.pipeline.DebugPipelineContext.proceed(SourceFile:26)
06-18 13:48:26.401 W/System.err(19306): 	at io.ktor.client.plugins.RequestError$install$1.invokeSuspend(SourceFile:47)
06-18 13:48:26.401 W/System.err(19306): 	at io.ktor.client.plugins.RequestError$install$1.invoke(SourceFile:1)
06-18 13:48:26.401 W/System.err(19306): 	at io.ktor.client.plugins.RequestError$install$1.invoke(SourceFile:2)
06-18 13:48:26.401 W/System.err(19306): 	at io.ktor.util.pipeline.DebugPipelineContext.proceedLoop(SourceFile:86)
06-18 13:48:26.401 W/System.err(19306): 	at io.ktor.util.pipeline.DebugPipelineContext.proceed(SourceFile:26)
06-18 13:48:26.401 W/System.err(19306): 	at io.ktor.client.plugins.SetupRequestContext$install$1.invokeSuspend$proceed(SourceFile:1)
06-18 13:48:26.401 W/System.err(19306): 	at io.ktor.client.plugins.SetupRequestContext$install$1.access$invokeSuspend$proceed(SourceFile:1)
06-18 13:48:26.401 W/System.err(19306): 	at io.ktor.client.plugins.SetupRequestContext$install$1$1.invoke(SourceFile:2)
06-18 13:48:26.401 W/System.err(19306): 	at io.ktor.client.plugins.SetupRequestContext$install$1$1.invoke(SourceFile:1)
06-18 13:48:26.401 W/System.err(19306): 	at io.ktor.client.plugins.HttpRequestLifecycleKt$HttpRequestLifecycle$1$1.invokeSuspend(SourceFile:78)
06-18 13:48:26.401 W/System.err(19306): 	at io.ktor.client.plugins.HttpRequestLifecycleKt$HttpRequestLifecycle$1$1.invoke(SourceFile:1)
06-18 13:48:26.401 W/System.err(19306): 	at io.ktor.client.plugins.HttpRequestLifecycleKt$HttpRequestLifecycle$1$1.invoke(SourceFile:2)
06-18 13:48:26.401 W/System.err(19306): 	at io.ktor.client.plugins.SetupRequestContext$install$1.invokeSuspend(SourceFile:42)
06-18 13:48:26.401 W/System.err(19306): 	at io.ktor.client.plugins.SetupRequestContext$install$1.invoke(SourceFile:1)
06-18 13:48:26.401 W/System.err(19306): 	at io.ktor.client.plugins.SetupRequestContext$install$1.invoke(SourceFile:2)
06-18 13:48:26.401 W/System.err(19306): 	at io.ktor.util.pipeline.DebugPipelineContext.proceedLoop(SourceFile:86)
06-18 13:48:26.401 W/System.err(19306): 	at io.ktor.util.pipeline.DebugPipelineContext.proceed(SourceFile:26)
06-18 13:48:26.401 W/System.err(19306): 	at io.ktor.util.pipeline.DebugPipelineContext.execute$ktor_utils(SourceFile:7)
06-18 13:48:26.401 W/System.err(19306): 	at io.ktor.util.pipeline.Pipeline.execute(SourceFile:9)
06-18 13:48:26.401 W/System.err(19306): 	at io.ktor.client.HttpClient.execute$ktor_client_core(SourceFile:68)
06-18 13:48:26.401 W/System.err(19306): 	at io.ktor.client.statement.HttpStatement.fetchResponse(SourceFile:90)
06-18 13:48:26.401 W/System.err(19306): 	at io.ktor.client.statement.HttpStatement.execute(SourceFile:9)
06-18 13:48:26.401 W/System.err(19306): 	at de.jensklingenberg.ktorfit.internal.KtorfitConverterHelper.suspendRequest(SourceFile:127)
06-18 13:48:26.401 W/System.err(19306): 	at de.jensklingenberg.ktorfit.internal.KtorfitConverterHelper$request$1$1.invokeSuspend(SourceFile:58)
06-18 13:48:26.401 W/System.err(19306): 	at de.jensklingenberg.ktorfit.internal.KtorfitConverterHelper$request$1$1.invoke(SourceFile:2)
06-18 13:48:26.401 W/System.err(19306): 	at de.jensklingenberg.ktorfit.internal.KtorfitConverterHelper$request$1$1.invoke(SourceFile:1)
06-18 13:48:26.401 W/System.err(19306): 	at de.jensklingenberg.ktorfit.converter.FlowConverterFactory$responseConverter$1$convert$1.invokeSuspend(SourceFile:84)
06-18 13:48:26.401 W/System.err(19306): 	at de.jensklingenberg.ktorfit.converter.FlowConverterFactory$responseConverter$1$convert$1.invoke(SourceFile:2)
06-18 13:48:26.401 W/System.err(19306): 	at de.jensklingenberg.ktorfit.converter.FlowConverterFactory$responseConverter$1$convert$1.invoke(SourceFile:1)
06-18 13:48:26.401 W/System.err(19306): 	at kotlinx.coroutines.flow.SafeFlow.collectSafely(SourceFile:3)
06-18 13:48:26.401 W/System.err(19306): 	at kotlinx.coroutines.flow.AbstractFlow.collect(SourceFile:70)
06-18 13:48:26.401 W/System.err(19306): 	at kotlinx.coroutines.flow.FlowKt__MergeKt$flatMapConcat$$inlined$map$1.collect(SourceFile:10)
06-18 13:48:26.401 W/System.err(19306): 	at kotlinx.coroutines.flow.FlowKt__MergeKt$flattenConcat$$inlined$unsafeFlow$1.collect(SourceFile:8)
06-18 13:48:26.401 W/System.err(19306): 	at kotlinx.coroutines.flow.FlowKt__CollectKt.collect(SourceFile:1)
06-18 13:48:26.401 W/System.err(19306): 	at kotlinx.coroutines.flow.FlowKt.collect(SourceFile:1)
06-18 13:48:26.401 W/System.err(19306): 	at tech.gtt.frontapp.servicesdk.common.service.utility.apis.ApiUtilServiceImpl.onServiceInit(SourceFile:240)
06-18 13:48:26.401 W/System.err(19306): 	at tech.gtt.frontapp.servicesdk.common.core.ServiceSDKImpl.executeServiceInitialize(SourceFile:372)
06-18 13:48:26.401 W/System.err(19306): 	at tech.gtt.frontapp.servicesdk.common.core.ServiceSDKImpl.access$executeServiceInitialize(SourceFile:1)
06-18 13:48:26.401 W/System.err(19306): 	at tech.gtt.frontapp.servicesdk.common.core.ServiceSDKImpl$init$1.invokeSuspend(SourceFile:178)
06-18 13:48:26.401 W/System.err(19306): 	at tech.gtt.frontapp.servicesdk.common.core.ServiceSDKImpl$init$1.invoke(SourceFile:2)
06-18 13:48:26.401 W/System.err(19306): 	at tech.gtt.frontapp.servicesdk.common.core.ServiceSDKImpl$init$1.invoke(SourceFile:1)
06-18 13:48:26.401 W/System.err(19306): 	at kotlinx.coroutines.flow.SafeFlow.collectSafely(SourceFile:3)
06-18 13:48:26.401 W/System.err(19306): 	at kotlinx.coroutines.flow.AbstractFlow.collect(SourceFile:70)
06-18 13:48:26.401 W/System.err(19306): 	at tech.gtt.frontapp.servicesdk.common.core.SDKSetup$build$1.invokeSuspend(SourceFile:42)
06-18 13:48:26.401 W/System.err(19306): 	at tech.gtt.frontapp.servicesdk.common.core.SDKSetup$build$1.invoke(SourceFile:2)
06-18 13:48:26.401 W/System.err(19306): 	at tech.gtt.frontapp.servicesdk.common.core.SDKSetup$build$1.invoke(SourceFile:1)
06-18 13:48:26.401 W/System.err(19306): 	at tech.gtt.frontapp.servicesdk.common.core.Scheduler$scheduleDirect$1.invokeSuspend(SourceFile:61)
06-18 13:48:26.401 W/System.err(19306): 	at lh.a.resumeWith(SourceFile:14)
06-18 13:48:26.401 W/System.err(19306): 	at kotlinx.coroutines.DispatchedTask.run(SourceFile:123)
06-18 13:48:26.401 W/System.err(19306): 	at kotlinx.coroutines.internal.LimitedDispatcher$Worker.run(SourceFile:4)
06-18 13:48:26.401 W/System.err(19306): 	at kotlinx.coroutines.scheduling.TaskImpl.run(SourceFile:3)
06-18 13:48:26.401 W/System.err(19306): 	at kotlinx.coroutines.scheduling.CoroutineScheduler.runSafely(SourceFile:1)
06-18 13:48:26.401 W/System.err(19306): 	at kotlinx.coroutines.scheduling.CoroutineScheduler$Worker.executeTask(SourceFile:34)
06-18 13:48:26.401 W/System.err(19306): 	at kotlinx.coroutines.scheduling.CoroutineScheduler$Worker.runWorker(SourceFile:29)
06-18 13:48:26.401 W/System.err(19306): 	at kotlinx.coroutines.scheduling.CoroutineScheduler$Worker.run(SourceFile:1)
06-18 13:48:26.401 W/System.err(19306): Caused by: android.system.ErrnoException: open failed: ENOENT (No such file or directory)
06-18 13:48:26.401 W/System.err(19306): 	at libcore.io.Linux.open(Native Method)
06-18 13:48:26.401 W/System.err(19306): 	at libcore.io.ForwardingOs.open(ForwardingOs.java:567)
06-18 13:48:26.401 W/System.err(19306): 	at libcore.io.BlockGuardOs.open(BlockGuardOs.java:273)
06-18 13:48:26.401 W/System.err(19306): 	at libcore.io.ForwardingOs.open(ForwardingOs.java:567)
06-18 13:48:26.401 W/System.err(19306): 	at android.app.ActivityThread$AndroidOs.open(ActivityThread.java:7761)
06-18 13:48:26.401 W/System.err(19306): 	at libcore.io.IoBridge.open(IoBridge.java:561)
06-18 13:48:26.401 W/System.err(19306): 	... 69 more
06-18 13:48:26.403 W/System.err(19306): java.io.FileNotFoundException: sys/class/sunxi_info/sys_info: open failed: ENOENT (No such file or directory)
06-18 13:48:26.403 W/System.err(19306): 	at libcore.io.IoBridge.open(IoBridge.java:575)
06-18 13:48:26.404 W/System.err(19306): 	at java.io.FileInputStream.<init>(FileInputStream.java:160)
06-18 13:48:26.404 W/System.err(19306): 	at java.io.FileInputStream.<init>(FileInputStream.java:115)
06-18 13:48:26.404 W/System.err(19306): 	at ip.b.b(SourceFile:5)
06-18 13:48:26.404 W/System.err(19306): 	at ip.b.a(SourceFile:155)
06-18 13:48:26.404 W/System.err(19306): 	at ip.a.invoke(SourceFile:340)
06-18 13:48:26.404 W/System.err(19306): 	at dh.v.getValue(SourceFile:21)
06-18 13:48:26.404 W/System.err(19306): 	at tech.gtt.frontapp.servicesdk.common.network.interceptor.params.ApiDeviceParams.handleFixedParams(SourceFile:120)
06-18 13:48:26.404 W/System.err(19306): 	at tech.gtt.frontapp.servicesdk.common.service.utility.apis.IParamsGetter.toMaps(SourceFile:87)
06-18 13:48:26.404 W/System.err(19306): 	at tech.gtt.frontapp.servicesdk.common.network.interceptor.DefaultParamsInterceptor.onRequest(SourceFile:127)
06-18 13:48:26.404 W/System.err(19306): 	at tech.gtt.frontapp.servicesdk.common.network.interceptor.SDKInterceptorsPluginKt$setupRequestInterception$1.invokeSuspend(SourceFile:103)
06-18 13:48:26.404 W/System.err(19306): 	at tech.gtt.frontapp.servicesdk.common.network.interceptor.SDKInterceptorsPluginKt$setupRequestInterception$1.invoke(SourceFile:1)
06-18 13:48:26.404 W/System.err(19306): 	at tech.gtt.frontapp.servicesdk.common.network.interceptor.SDKInterceptorsPluginKt$setupRequestInterception$1.invoke(SourceFile:2)
06-18 13:48:26.404 W/System.err(19306): 	at io.ktor.util.pipeline.DebugPipelineContext.proceedLoop(SourceFile:86)
06-18 13:48:26.404 W/System.err(19306): 	at io.ktor.util.pipeline.DebugPipelineContext.proceed(SourceFile:26)
06-18 13:48:26.404 W/System.err(19306): 	at io.ktor.client.plugins.RequestError$install$1.invokeSuspend(SourceFile:47)
06-18 13:48:26.404 W/System.err(19306): 	at io.ktor.client.plugins.RequestError$install$1.invoke(SourceFile:1)
06-18 13:48:26.404 W/System.err(19306): 	at io.ktor.client.plugins.RequestError$install$1.invoke(SourceFile:2)
06-18 13:48:26.404 W/System.err(19306): 	at io.ktor.util.pipeline.DebugPipelineContext.proceedLoop(SourceFile:86)
06-18 13:48:26.404 W/System.err(19306): 	at io.ktor.util.pipeline.DebugPipelineContext.proceed(SourceFile:26)
06-18 13:48:26.404 W/System.err(19306): 	at io.ktor.client.plugins.SetupRequestContext$install$1.invokeSuspend$proceed(SourceFile:1)
06-18 13:48:26.404 W/System.err(19306): 	at io.ktor.client.plugins.SetupRequestContext$install$1.access$invokeSuspend$proceed(SourceFile:1)
06-18 13:48:26.404 W/System.err(19306): 	at io.ktor.client.plugins.SetupRequestContext$install$1$1.invoke(SourceFile:2)
06-18 13:48:26.404 W/System.err(19306): 	at io.ktor.client.plugins.SetupRequestContext$install$1$1.invoke(SourceFile:1)
06-18 13:48:26.404 W/System.err(19306): 	at io.ktor.client.plugins.HttpRequestLifecycleKt$HttpRequestLifecycle$1$1.invokeSuspend(SourceFile:78)
06-18 13:48:26.404 W/System.err(19306): 	at io.ktor.client.plugins.HttpRequestLifecycleKt$HttpRequestLifecycle$1$1.invoke(SourceFile:1)
06-18 13:48:26.404 W/System.err(19306): 	at io.ktor.client.plugins.HttpRequestLifecycleKt$HttpRequestLifecycle$1$1.invoke(SourceFile:2)
06-18 13:48:26.404 W/System.err(19306): 	at io.ktor.client.plugins.SetupRequestContext$install$1.invokeSuspend(SourceFile:42)
06-18 13:48:26.404 W/System.err(19306): 	at io.ktor.client.plugins.SetupRequestContext$install$1.invoke(SourceFile:1)
06-18 13:48:26.404 W/System.err(19306): 	at io.ktor.client.plugins.SetupRequestContext$install$1.invoke(SourceFile:2)
06-18 13:48:26.404 W/System.err(19306): 	at io.ktor.util.pipeline.DebugPipelineContext.proceedLoop(SourceFile:86)
06-18 13:48:26.404 W/System.err(19306): 	at io.ktor.util.pipeline.DebugPipelineContext.proceed(SourceFile:26)
06-18 13:48:26.404 W/System.err(19306): 	at io.ktor.util.pipeline.DebugPipelineContext.execute$ktor_utils(SourceFile:7)
06-18 13:48:26.404 W/System.err(19306): 	at io.ktor.util.pipeline.Pipeline.execute(SourceFile:9)
