06-18 14:15:08.723 D/MediaPlayerNative(23756): getMetadata
06-18 14:15:08.731 I/GenericSource( 1809): start
06-18 14:15:08.734 W/ByMatcher(23701): Node returned null child: android.view.accessibility.AccessibilityNodeInfo@95bd1; boundsInParent: Rect(0, 0 - 908, 48); boundsInScreen: Rect(940, 0 - 1848, 48); packageName: com.android.systemui; className: android.widget.LinearLayout; text: null; error: null; maxTextLength: -1; stateDescription: null; contentDescription: null; tooltipText: null; viewIdResName: com.android.systemui:id/statusIcons; checkable: false; checked: false; focusable: false; focused: false; selected: false; clickable: false; longClickable: false; contextClickable: false; enabled: true; password: false; scrollable: false; importantForAccessibility: false; visible: true; actions: [AccessibilityAction: ACTION_SELECT - null, AccessibilityAction: ACTION_CLEAR_SELECTION - null, AccessibilityAction: ACTION_ACCESSIBILITY_FOCUS - null, AccessibilityAction: ACTION_SHOW_ON_SCREEN - null]
06-18 14:15:08.735 W/ByMatcher(23701): Skipping null child (0 of 1)
06-18 14:15:08.737 W/ByMatcher(23701): Node returned null child: android.view.accessibility.AccessibilityNodeInfo@95810; boundsInParent: Rect(0, 0 - 924, 48); boundsInScreen: Rect(940, 0 - 1864, 48); packageName: com.android.systemui; className: android.widget.LinearLayout; text: null; error: null; maxTextLength: -1; stateDescription: null; contentDescription: null; tooltipText: null; viewIdResName: com.android.systemui:id/system_icons; checkable: false; checked: false; focusable: false; focused: false; selected: false; clickable: false; longClickable: false; contextClickable: false; enabled: true; password: false; scrollable: false; importantForAccessibility: false; visible: true; actions: [AccessibilityAction: ACTION_SELECT - null, AccessibilityAction: ACTION_CLEAR_SELECTION - null, AccessibilityAction: ACTION_ACCESSIBILITY_FOCUS - null, AccessibilityAction: ACTION_SHOW_ON_SCREEN - null]
06-18 14:15:08.738 W/ByMatcher(23701): Skipping null child (1 of 2)
06-18 14:15:08.741 I/OMXClient( 1809): IOmx service obtained
06-18 14:15:08.741 I/OMXStore( 1812): makeComponentInstance(OMX.google.h264.decoder) in android.hardwar process
06-18 14:15:08.743 D/SurfaceUtils( 1809): disconnecting from surface 0xf0804ba8, reason onConfigure
06-18 14:15:08.743 I/OMXClient( 1809): IOmx service obtained
06-18 14:15:08.744 I/OMXStore( 1812): makeComponentInstance(OMX.google.aac.decoder) in android.hardwar process
06-18 14:15:08.744 W/ByMatcher(23701): Node returned null child: android.view.accessibility.AccessibilityNodeInfo@30da3; boundsInParent: Rect(0, 0 - 1920, 48); boundsInScreen: Rect(0, 0 - 1920, 48); packageName: com.android.systemui; className: android.widget.FrameLayout; text: null; error: null; maxTextLength: -1; stateDescription: null; contentDescription: null; tooltipText: null; viewIdResName: null; checkable: false; checked: false; focusable: false; focused: false; selected: false; clickable: false; longClickable: false; contextClickable: false; enabled: true; password: false; scrollable: false; importantForAccessibility: true; visible: true; actions: [AccessibilityAction: ACTION_SELECT - null, AccessibilityAction: ACTION_CLEAR_SELECTION - null, AccessibilityAction: ACTION_ACCESSIBILITY_FOCUS - null, AccessibilityAction: ACTION_SHOW_ON_SCREEN - null]
06-18 14:15:08.745 W/ByMatcher(23701): Skipping null child (0 of 2)
06-18 14:15:08.745 D/SurfaceUtils( 1809): connecting to surface 0xf0804ba8, reason connectToSurface
06-18 14:15:08.747 I/MediaCodec( 1809): [OMX.google.h264.decoder] setting surface generation to 1852439
06-18 14:15:08.747 D/SurfaceUtils( 1809): disconnecting from surface 0xf0804ba8, reason connectToSurface(reconnect)
06-18 14:15:08.748 W/ByMatcher(23701): Skipping null child (1 of 2)
06-18 14:15:08.748 D/SurfaceUtils( 1809): connecting to surface 0xf0804ba8, reason connectToSurface(reconnect)
06-18 14:15:08.748 E/OMXNodeInstance( 1812): setConfig(0xe6d402b0:google.aac.decoder, ConfigPriority(0x6f800002)) ERROR: Undefined(0x80001001)
06-18 14:15:08.748 I/ACodec  ( 1809): codec does not support config priority (err -2147483648)
06-18 14:15:08.749 E/OMXNodeInstance( 1812): getConfig(0xe6d402b0:google.aac.decoder, ConfigAndroidVendorExtension(0x6f100004)) ERROR: Undefined(0x80001001)
06-18 14:15:08.749 D/SoftAAC2( 1812): get OMX_IndexParamAudioAndroidAacDrcPresentation
06-18 14:15:08.749 E/OMXNodeInstance( 1812): getExtensionIndex(0xe6d40ef0:google.h264.decoder, OMX.google.android.index.enableAndroidNativeBuffers) ERROR: UnsupportedIndex(0x8000101a)
06-18 14:15:08.749 E/ACodec  ( 1809): [OMX.google.h264.decoder] setPortMode on output to DynamicANWBuffer failed w/ err -1010
06-18 14:15:08.749 I/MediaCodec( 1809): MediaCodec will operate in async mode
06-18 14:15:08.749 D/MediaCodec( 1809): keep callback message for reclaim
06-18 14:15:08.749 E/OMXNodeInstance( 1812): getParameter(0xe6d40ef0:google.h264.decoder, ??(0x6f600011)) ERROR: UnsupportedIndex(0x8000101a)
06-18 14:15:08.749 W/OMXNodeInstance( 1812): [0xe6d40ef0:google.h264.decoder] component does not support metadata mode; using fallback
06-18 14:15:08.749 D/SoftVideoDecoderOMXComponent( 1812): Color Aspects preference: 1 
06-18 14:15:08.750 E/OMXNodeInstance( 1812): setConfig(0xe6d40ef0:google.h264.decoder, ConfigPriority(0x6f800002)) ERROR: UnsupportedIndex(0x8000101a)
06-18 14:15:08.750 I/ACodec  ( 1809): codec does not support config priority (err -1010)
06-18 14:15:08.750 E/OMXNodeInstance( 1812): setConfig(0xe6d40ef0:google.h264.decoder, ConfigOperatingRate(0x6f800003)) ERROR: UnsupportedIndex(0x8000101a)
06-18 14:15:08.750 I/ACodec  ( 1809): codec does not support config operating rate (err -1010)
06-18 14:15:08.750 E/OMXNodeInstance( 1812): getConfig(0xe6d40ef0:google.h264.decoder, ConfigAndroidVendorExtension(0x6f100004)) ERROR: UnsupportedIndex(0x8000101a)
06-18 14:15:08.750 E/OMXNodeInstance( 1812): getConfig(0xe6d40ef0:google.h264.decoder, ??(0x7f000003)) ERROR: UnsupportedSetting(0x80001019)
06-18 14:15:08.750 I/MediaCodec( 1809): MediaCodec will operate in async mode
06-18 14:15:08.750 D/MediaCodec( 1809): keep callback message for reclaim
06-18 14:15:08.760 I/SoftAAC2( 1812): Reconfiguring decoder: 0->44100 Hz, 0->1 channels
06-18 14:15:08.760 D/SoftAAC2( 1812): get OMX_IndexParamAudioAndroidAacDrcPresentation
06-18 14:15:08.769 W/ResourceManagerService( 1809): Ignoring request to add new resource entry with value <= 0
06-18 14:15:08.773 D/SoftVideoDecoderOMXComponent( 1812): Color Aspects preference: 1 
06-18 14:15:08.777 D/AudioFlinger( 1776): Client defaulted notificationFrames to 11286 for frameCount 22572
06-18 14:15:08.780 D/AF::TrackHandle( 1776): OpPlayAudio: track:79 usage:1 not muted
06-18 14:15:08.786 V/GSK-APIS(23756): received response >>> id: b1a0a8f3 url: https://gtt-app-apigateway-lion.vdemosit.com/api/enduser/messagecenter/message/query/v1 statusCode: 400, exception: null
06-18 14:15:08.786 I/System.out(23756): [SDKInterceptorPlugin] Unhandled exception in request processing: Something went wrong while connecting to the server, statusCode: 400
06-18 14:15:08.793 E/OMXNodeInstance( 1812): getConfig(0xe6d40ef0:google.h264.decoder, ??(0x7f000003)) ERROR: UnsupportedSetting(0x80001019)
06-18 14:15:08.797 D/MediaCodec( 1809): [OMX.google.h264.decoder] setting dataspace on output surface to #102
06-18 14:15:08.850 W/MediaPlayerNative(23756): info/warning (3, 0)
06-18 14:15:08.851 E/android.hardware.audio.service( 1759): pcm_open called create stream faild
06-18 14:15:08.854 D/gralloc_nox( 1767): gralloc_alloc: Creating ashmem region of size 589824
06-18 14:15:08.861 W/InputManager-JNI( 1936): Input channel object 'a6ac972 tech.gtt.frontapp.stb.demo/tech.gtt.frontapp.stb.m.home.activity.SplashActivity (client)' was disposed without first being removed with the input manager!
06-18 14:15:08.863 D/SoftwareRenderer( 1809): setting dataspace on output surface to #8000102
06-18 14:15:08.865 D/gralloc_nox( 1767): gralloc_alloc: Creating ashmem region of size 589824
06-18 14:15:08.881 D/UiDevice(23701): Searching for node with selector: BySelector [RES='\Qtech.gtt.frontapp.stb.demo:id/account_login_tv2\E'].
06-18 14:15:08.882 W/QueryController(23701): Could not detect idle state.
06-18 14:15:08.897 D/AudioFlinger( 1776): mixer(0x7e14b2cf8a60) throttle end: throttle time(40)
06-18 14:15:08.989 D/UiDevice(23701): Searching for node with selector: BySelector [RES='\Qtech.gtt.frontapp.stb.demo:id/account_login_tv2\E'].
06-18 14:15:08.990 W/QueryController(23701): Could not detect idle state.
06-18 14:15:09.097 D/UiDevice(23701): Searching for node with selector: BySelector [RES='\Qtech.gtt.frontapp.stb.demo:id/account_login_tv2\E'].
06-18 14:15:09.097 W/QueryController(23701): Could not detect idle state.
06-18 14:15:09.137 D/gralloc_nox( 1767): gralloc_alloc: Creating ashmem region of size 589824
06-18 14:15:09.197 D/AudioFlinger( 1776): mixer(0x7e14b2cf8a60) throttle end: throttle time(238)
06-18 14:15:09.200 D/UiDevice(23701): Searching for node with selector: BySelector [RES='\Qtech.gtt.frontapp.stb.demo:id/account_login_tv2\E'].
06-18 14:15:09.200 W/QueryController(23701): Could not detect idle state.
06-18 14:15:09.306 D/UiDevice(23701): Searching for node with selector: BySelector [RES='\Qtech.gtt.frontapp.stb.demo:id/account_login_tv2\E'].
06-18 14:15:09.306 W/QueryController(23701): Could not detect idle state.
06-18 14:15:09.411 D/UiDevice(23701): Searching for node with selector: BySelector [RES='\Qtech.gtt.frontapp.stb.demo:id/account_login_tv2\E'].
06-18 14:15:09.413 W/QueryController(23701): Could not detect idle state.
06-18 14:15:09.522 D/UiDevice(23701): Searching for node with selector: BySelector [RES='\Qtech.gtt.frontapp.stb.demo:id/account_login_tv2\E'].
06-18 14:15:09.523 W/QueryController(23701): Could not detect idle state.
06-18 14:15:09.628 D/UiDevice(23701): Searching for node with selector: BySelector [RES='\Qtech.gtt.frontapp.stb.demo:id/account_login_tv2\E'].
06-18 14:15:09.629 W/QueryController(23701): Could not detect idle state.
06-18 14:15:09.733 D/UiDevice(23701): Searching for node with selector: BySelector [RES='\Qtech.gtt.frontapp.stb.demo:id/account_login_tv2\E'].
06-18 14:15:09.734 W/QueryController(23701): Could not detect idle state.
06-18 14:15:09.838 D/UiDevice(23701): Searching for node with selector: BySelector [RES='\Qtech.gtt.frontapp.stb.demo:id/account_login_tv2\E'].
06-18 14:15:09.839 W/QueryController(23701): Could not detect idle state.
06-18 14:15:09.943 D/UiDevice(23701): Searching for node with selector: BySelector [RES='\Qtech.gtt.frontapp.stb.demo:id/account_login_tv2\E'].
06-18 14:15:09.943 W/QueryController(23701): Could not detect idle state.
06-18 14:15:10.048 D/UiDevice(23701): Searching for node with selector: BySelector [RES='\Qtech.gtt.frontapp.stb.demo:id/account_login_tv2\E'].
06-18 14:15:10.048 W/QueryController(23701): Could not detect idle state.
06-18 14:15:10.154 D/UiDevice(23701): Searching for node with selector: BySelector [RES='\Qtech.gtt.frontapp.stb.demo:id/account_login_tv2\E'].
06-18 14:15:10.155 W/QueryController(23701): Could not detect idle state.
06-18 14:15:10.260 D/UiDevice(23701): Searching for node with selector: BySelector [RES='\Qtech.gtt.frontapp.stb.demo:id/account_login_tv2\E'].
06-18 14:15:10.261 W/QueryController(23701): Could not detect idle state.
06-18 14:15:10.365 D/UiDevice(23701): Searching for node with selector: BySelector [RES='\Qtech.gtt.frontapp.stb.demo:id/account_login_tv2\E'].
06-18 14:15:10.365 W/QueryController(23701): Could not detect idle state.
06-18 14:15:10.469 D/UiDevice(23701): Searching for node with selector: BySelector [RES='\Qtech.gtt.frontapp.stb.demo:id/account_login_tv2\E'].
06-18 14:15:10.471 W/QueryController(23701): Could not detect idle state.
06-18 14:15:10.580 D/UiDevice(23701): Searching for node with selector: BySelector [RES='\Qtech.gtt.frontapp.stb.demo:id/account_login_tv2\E'].
06-18 14:15:10.580 W/QueryController(23701): Could not detect idle state.
06-18 14:15:10.686 D/UiDevice(23701): Searching for node with selector: BySelector [RES='\Qtech.gtt.frontapp.stb.demo:id/account_login_tv2\E'].
06-18 14:15:10.687 W/QueryController(23701): Could not detect idle state.
06-18 14:15:10.795 D/UiDevice(23701): Searching for node with selector: BySelector [RES='\Qtech.gtt.frontapp.stb.demo:id/account_login_tv2\E'].
06-18 14:15:10.796 W/QueryController(23701): Could not detect idle state.
06-18 14:15:10.903 D/UiDevice(23701): Searching for node with selector: BySelector [RES='\Qtech.gtt.frontapp.stb.demo:id/account_login_tv2\E'].
06-18 14:15:10.906 W/QueryController(23701): Could not detect idle state.
06-18 14:15:11.010 D/UiDevice(23701): Searching for node with selector: BySelector [RES='\Qtech.gtt.frontapp.stb.demo:id/account_login_tv2\E'].
06-18 14:15:11.010 W/QueryController(23701): Could not detect idle state.
06-18 14:15:11.113 D/UiDevice(23701): Searching for node with selector: BySelector [RES='\Qtech.gtt.frontapp.stb.demo:id/account_login_tv2\E'].
06-18 14:15:11.114 W/QueryController(23701): Could not detect idle state.
06-18 14:15:11.218 D/UiDevice(23701): Searching for node with selector: BySelector [RES='\Qtech.gtt.frontapp.stb.demo:id/account_login_tv2\E'].
06-18 14:15:11.220 W/QueryController(23701): Could not detect idle state.
06-18 14:15:11.326 D/UiDevice(23701): Searching for node with selector: BySelector [RES='\Qtech.gtt.frontapp.stb.demo:id/account_login_tv2\E'].
06-18 14:15:11.327 W/QueryController(23701): Could not detect idle state.
06-18 14:15:11.433 D/UiDevice(23701): Searching for node with selector: BySelector [RES='\Qtech.gtt.frontapp.stb.demo:id/account_login_tv2\E'].
06-18 14:15:11.433 W/QueryController(23701): Could not detect idle state.
06-18 14:15:11.538 D/UiDevice(23701): Searching for node with selector: BySelector [RES='\Qtech.gtt.frontapp.stb.demo:id/account_login_tv2\E'].
06-18 14:15:11.538 W/QueryController(23701): Could not detect idle state.
06-18 14:15:11.642 D/UiDevice(23701): Searching for node with selector: BySelector [RES='\Qtech.gtt.frontapp.stb.demo:id/account_login_tv2\E'].
06-18 14:15:11.642 W/QueryController(23701): Could not detect idle state.
06-18 14:15:11.746 D/UiDevice(23701): Searching for node with selector: BySelector [RES='\Qtech.gtt.frontapp.stb.demo:id/account_login_tv2\E'].
06-18 14:15:11.746 W/QueryController(23701): Could not detect idle state.
06-18 14:15:11.841 E/TaskPersister( 1936): File error accessing recents directory (directory doesn't exist?).
06-18 14:15:11.850 D/UiDevice(23701): Searching for node with selector: BySelector [RES='\Qtech.gtt.frontapp.stb.demo:id/account_login_tv2\E'].
06-18 14:15:11.851 W/QueryController(23701): Could not detect idle state.
06-18 14:15:11.955 D/UiDevice(23701): Searching for node with selector: BySelector [RES='\Qtech.gtt.frontapp.stb.demo:id/account_login_tv2\E'].
06-18 14:15:11.955 W/QueryController(23701): Could not detect idle state.
06-18 14:15:12.064 D/UiDevice(23701): Searching for node with selector: BySelector [RES='\Qtech.gtt.frontapp.stb.demo:id/account_login_tv2\E'].
06-18 14:15:12.064 W/QueryController(23701): Could not detect idle state.
06-18 14:15:12.117 W/BestClock( 1936): java.time.DateTimeException: Missing NTP fix
06-18 14:15:12.149 W/BestClock( 1936): java.time.DateTimeException: Missing NTP fix
06-18 14:15:12.150 W/BestClock( 1936): java.time.DateTimeException: Missing NTP fix
06-18 14:15:12.151 W/BestClock( 1936): java.time.DateTimeException: Missing NTP fix
06-18 14:15:12.167 D/UiDevice(23701): Searching for node with selector: BySelector [RES='\Qtech.gtt.frontapp.stb.demo:id/account_login_tv2\E'].
06-18 14:15:12.168 W/QueryController(23701): Could not detect idle state.
06-18 14:15:12.272 D/UiDevice(23701): Searching for node with selector: BySelector [RES='\Qtech.gtt.frontapp.stb.demo:id/account_login_tv2\E'].
06-18 14:15:12.273 W/QueryController(23701): Could not detect idle state.
06-18 14:15:12.375 D/UiDevice(23701): Searching for node with selector: BySelector [RES='\Qtech.gtt.frontapp.stb.demo:id/account_login_tv2\E'].
06-18 14:15:12.375 W/QueryController(23701): Could not detect idle state.
06-18 14:15:12.422 I/keystore2( 1710): keystore2::watchdog: Watchdog thread idle -> terminating. Have a great day.
06-18 14:15:12.479 D/UiDevice(23701): Searching for node with selector: BySelector [RES='\Qtech.gtt.frontapp.stb.demo:id/account_login_tv2\E'].
06-18 14:15:12.480 W/QueryController(23701): Could not detect idle state.
06-18 14:15:12.583 D/UiDevice(23701): Searching for node with selector: BySelector [RES='\Qtech.gtt.frontapp.stb.demo:id/account_login_tv2\E'].
06-18 14:15:12.584 W/QueryController(23701): Could not detect idle state.
06-18 14:15:12.688 D/UiDevice(23701): Searching for node with selector: BySelector [RES='\Qtech.gtt.frontapp.stb.demo:id/account_login_tv2\E'].
06-18 14:15:12.689 W/QueryController(23701): Could not detect idle state.
06-18 14:15:12.787 D/AudioTrack( 1809): stop(31): called with 200704 frames delivered
06-18 14:15:12.792 D/UiDevice(23701): Searching for node with selector: BySelector [RES='\Qtech.gtt.frontapp.stb.demo:id/account_login_tv2\E'].
06-18 14:15:12.793 W/QueryController(23701): Could not detect idle state.
06-18 14:15:12.898 D/UiDevice(23701): Searching for node with selector: BySelector [RES='\Qtech.gtt.frontapp.stb.demo:id/account_login_tv2\E'].
06-18 14:15:12.898 W/QueryController(23701): Could not detect idle state.
06-18 14:15:13.001 D/UiDevice(23701): Searching for node with selector: BySelector [RES='\Qtech.gtt.frontapp.stb.demo:id/account_login_tv2\E'].
06-18 14:15:13.004 W/QueryController(23701): Could not detect idle state.
06-18 14:15:13.107 D/UiDevice(23701): Searching for node with selector: BySelector [RES='\Qtech.gtt.frontapp.stb.demo:id/account_login_tv2\E'].
06-18 14:15:13.108 W/QueryController(23701): Could not detect idle state.
06-18 14:15:13.196 D/NuPlayerDriver( 1809): stop(0xf5c02920)
06-18 14:15:13.196 V/MediaPlayer(23756): resetDrmState:  mDrmInfo=null mDrmProvisioningThread=null mPrepareDrmInProgress=false mActiveDrmScheme=false
06-18 14:15:13.196 V/MediaPlayer(23756): cleanDrmObj: mDrmObj=null mDrmSessionId=null
06-18 14:15:13.196 D/NuPlayerDriver( 1809): reset(0xf5c02920) at state 8
06-18 14:15:13.199 D/SurfaceUtils( 1809): disconnecting from surface 0xf0804ba8, reason disconnectFromSurface
06-18 14:15:13.201 D/SurfaceUtils( 1809): connecting to surface 0xf0804ba8, reason onShutdown
06-18 14:15:13.203 D/NuPlayerDriver( 1809): notifyResetComplete(0xf5c02920)
06-18 14:15:13.203 D/SurfaceUtils( 1809): disconnecting from surface 0xf0800018, reason disconnectNativeWindow
06-18 14:15:13.203 W/AMessage( 1809): failed to post message as target looper for handler 0 is gone.
06-18 14:15:13.204 I/MediaFocusControl( 1936): abandonAudioFocus() from uid/pid 10058/23756 clientId=android.media.AudioManager@6acec82
06-18 14:15:13.205 I/ActivityTaskManager( 1936): START u0 {cmp=tech.gtt.frontapp.stb.demo/tech.gtt.frontapp.stb.m.account.activity.LoginMethodSwitchActivity (has extras)} from uid 10058
06-18 14:15:13.209 D/CompatibilityChangeReporter( 1936): Compat change id reported: 174042980; UID 10058; state: DISABLED
06-18 14:15:13.209 D/CompatibilityChangeReporter( 1936): Compat change id reported: 184838306; UID 10058; state: DISABLED
06-18 14:15:13.210 D/CompatibilityChangeReporter( 1936): Compat change id reported: 185004937; UID 10058; state: DISABLED
06-18 14:15:13.210 D/CompatibilityChangeReporter( 1936): Compat change id reported: 181136395; UID 10058; state: DISABLED
06-18 14:15:13.210 D/CompatibilityChangeReporter( 1936): Compat change id reported: 174042936; UID 10058; state: DISABLED
06-18 14:15:13.211 D/UiDevice(23701): Searching for node with selector: BySelector [RES='\Qtech.gtt.frontapp.stb.demo:id/account_login_tv2\E'].
06-18 14:15:13.211 D/CompatibilityChangeReporter( 1936): Compat change id reported: 197654537; UID 10058; state: ENABLED
06-18 14:15:13.211 W/QueryController(23701): Could not detect idle state.
06-18 14:15:13.212 D/CompatibilityChangeReporter( 1936): Compat change id reported: 168419799; UID 10058; state: DISABLED
06-18 14:15:13.214 I/MediaFocusControl( 1936): abandonAudioFocus() from uid/pid 10058/23756 clientId=android.media.AudioManager@6acec82
06-18 14:15:13.214 W/MediaPlayer(23756): mediaplayer went away with unhandled events
06-18 14:15:13.217 W/MediaPlayer(23756): mediaplayer went away with unhandled events
06-18 14:15:13.223 W/ActivityTaskManager( 1936): Tried to set launchTime (0) < mLastActivityLaunchTime (70205036)
06-18 14:15:13.235 D/AndroidAutoSize(23756): tech.gtt.frontapp.stb.m.account.activity.LoginMethodSwitchActivity used the global configuration.
06-18 14:15:13.235 D/AndroidAutoSize(23756): The tech.gtt.frontapp.stb.m.account.activity.LoginMethodSwitchActivity has been adapted! 
06-18 14:15:13.235 D/AndroidAutoSize(23756): LoginMethodSwitchActivity Info: isBaseOnWidth = true, designWidthInDp = 1920.000000, designWidthInSubunits = 1920.000000, targetDensity = 1.000000, targetScaledDensity = 1.000000, targetDensityDpi = 160, targetXdpi = 1.000000, targetScreenWidthDp = 1920, targetScreenHeightDp = 1032
06-18 14:15:13.264 D/AndroidAutoSize(23756): tech.gtt.frontapp.stb.m.account.activity.LoginMethodSwitchActivity used the global configuration.
06-18 14:15:13.265 D/AndroidAutoSize(23756): The tech.gtt.frontapp.stb.m.account.activity.LoginMethodSwitchActivity has been adapted! 
06-18 14:15:13.265 D/AndroidAutoSize(23756): LoginMethodSwitchActivity Info: isBaseOnWidth = true, designWidthInDp = 1920.000000, designWidthInSubunits = 1920.000000, targetDensity = 1.000000, targetScaledDensity = 1.000000, targetDensityDpi = 160, targetXdpi = 1.000000, targetScreenWidthDp = 1920, targetScreenHeightDp = 1032
06-18 14:15:13.268 W/WindowManager( 1936): Failed looking up window session=Session{8129a27 23756:u0a10058} callers=com.android.server.wm.WindowManagerService.windowForClientLocked:5850 com.android.server.wm.Session.updateRequestedVisibilities:640 android.view.IWindowSession$Stub.onTransact:1175 
06-18 14:15:13.281 D/gralloc_nox( 1767): gralloc_alloc: Creating ashmem region of size 8298496
06-18 14:15:13.306 D/gralloc_nox( 1767): gralloc_alloc: Creating ashmem region of size 8298496
06-18 14:15:13.329 D/ProcessState(24152): Binder ioctl to enable oneway spam detection failed: Invalid argument
06-18 14:15:13.345 D/gralloc_nox( 1767): gralloc_alloc: Creating ashmem region of size 8298496
06-18 14:15:13.376 D/UiDevice(23701): Searching for node with selector: BySelector [RES='\Qtech.gtt.frontapp.stb.demo:id/account_login_tv2\E'].
06-18 14:15:13.376 W/QueryController(23701): Could not detect idle state.
06-18 14:15:13.408 E/libEGL  (23756): called unimplemented OpenGL ES API
06-18 14:15:13.430 I/ActivityTaskManager( 1936): Displayed tech.gtt.frontapp.stb.demo/tech.gtt.frontapp.stb.m.account.activity.LoginMethodSwitchActivity: +224ms
06-18 14:15:13.529 D/UIAutomatorStub(23701): URI: /jsonrpc/0, Method: POST, params, {NanoHttpd.QUERY_STRING=null}, files: {postData={"jsonrpc": "2.0", "id": 1, "method": "objInfo", "params": [{"mask": 2097152, "childOrSibling": [], "childOrSiblingSelector": [], "resourceId": "tech.gtt.frontapp.stb.demo:id/account_login_tv2"}]}}
06-18 14:15:13.530 D/UiDevice(23701): Retrieving node with selector: BySelector [RES='\Qtech.gtt.frontapp.stb.demo:id/account_login_tv2\E'].
06-18 14:15:13.531 W/QueryController(23701): Could not detect idle state.
06-18 14:15:13.536 W/QueryController(23701): Could not detect idle state.
06-18 14:15:13.537 W/QueryController(23701): Could not detect idle state.
06-18 14:15:13.539 W/QueryController(23701): Could not detect idle state.
06-18 14:15:13.541 W/QueryController(23701): Could not detect idle state.
06-18 14:15:13.544 W/QueryController(23701): Could not detect idle state.
06-18 14:15:13.546 W/QueryController(23701): Could not detect idle state.
06-18 14:15:13.549 W/QueryController(23701): Could not detect idle state.
06-18 14:15:13.550 W/QueryController(23701): Could not detect idle state.
06-18 14:15:13.551 W/QueryController(23701): Could not detect idle state.
06-18 14:15:13.553 W/QueryController(23701): Could not detect idle state.
06-18 14:15:13.554 W/QueryController(23701): Could not detect idle state.
06-18 14:15:13.555 W/QueryController(23701): Could not detect idle state.
06-18 14:15:13.557 W/QueryController(23701): Could not detect idle state.
06-18 14:15:13.559 W/QueryController(23701): Could not detect idle state.
06-18 14:15:13.562 W/QueryController(23701): Could not detect idle state.
06-18 14:15:13.564 W/QueryController(23701): Could not detect idle state.
06-18 14:15:13.566 W/QueryController(23701): Could not detect idle state.
06-18 14:15:13.583 D/UIAutomatorStub(23701): URI: /jsonrpc/0, Method: POST, params, {NanoHttpd.QUERY_STRING=null}, files: {postData={"jsonrpc": "2.0", "id": 1, "method": "click", "params": [1390.0, 559.0]}}
06-18 14:15:13.649 W/InputManager-JNI( 1936): Input channel object '1900a66 tech.gtt.frontapp.stb.demo/tech.gtt.frontapp.stb.m.home.activity.LoadingActivity (client)' was disposed without first being removed with the input manager!
06-18 14:15:13.781 I/ActivityTaskManager( 1936): START u0 {cmp=tech.gtt.frontapp.stb.demo/tech.gtt.frontapp.stb.m.account.activity.LoginActivity} from uid 10058
06-18 14:15:13.787 W/ActivityTaskManager( 1936): Tried to set launchTime (0) < mLastActivityLaunchTime (70209903)
06-18 14:15:13.795 D/AndroidAutoSize(23756): tech.gtt.frontapp.stb.m.account.activity.LoginActivity used the global configuration.
06-18 14:15:13.796 D/AndroidAutoSize(23756): The tech.gtt.frontapp.stb.m.account.activity.LoginActivity has been adapted! 
06-18 14:15:13.796 D/AndroidAutoSize(23756): LoginActivity Info: isBaseOnWidth = true, designWidthInDp = 1920.000000, designWidthInSubunits = 1920.000000, targetDensity = 1.000000, targetScaledDensity = 1.000000, targetDensityDpi = 160, targetXdpi = 1.000000, targetScreenWidthDp = 1920, targetScreenHeightDp = 1032
06-18 14:15:13.816 D/UIAutomatorStub(23701): URI: /jsonrpc/0, Method: POST, params, {NanoHttpd.QUERY_STRING=null}, files: {postData={"jsonrpc": "2.0", "id": 1, "method": "waitForExists", "params": [{"mask": 2097152, "childOrSibling": [], "childOrSiblingSelector": [], "resourceId": "tech.gtt.frontapp.stb.demo:id/loginf_et_username"}, 20000]}}
06-18 14:15:13.817 D/UiDevice(23701): Waiting 20000ms for SearchCondition[hasObject=BySelector [RES='\Qtech.gtt.frontapp.stb.demo:id/loginf_et_username\E']].
06-18 14:15:13.817 D/UiDevice(23701): Searching for node with selector: BySelector [RES='\Qtech.gtt.frontapp.stb.demo:id/loginf_et_username\E'].
06-18 14:15:13.818 W/QueryController(23701): Could not detect idle state.
06-18 14:15:13.860 D/AndroidAutoSize(23756): tech.gtt.frontapp.stb.m.account.activity.LoginActivity used the global configuration.
06-18 14:15:13.860 D/AndroidAutoSize(23756): The tech.gtt.frontapp.stb.m.account.activity.LoginActivity has been adapted! 
06-18 14:15:13.860 D/AndroidAutoSize(23756): LoginActivity Info: isBaseOnWidth = true, designWidthInDp = 1920.000000, designWidthInSubunits = 1920.000000, targetDensity = 1.000000, targetScaledDensity = 1.000000, targetDensityDpi = 160, targetXdpi = 1.000000, targetScreenWidthDp = 1920, targetScreenHeightDp = 1032
06-18 14:15:13.886 D/gralloc_nox( 1767): gralloc_alloc: Creating ashmem region of size 8298496
06-18 14:15:13.905 D/gralloc_nox( 1767): gralloc_alloc: Creating ashmem region of size 8298496
06-18 14:15:13.922 D/gralloc_nox( 1767): gralloc_alloc: Creating ashmem region of size 8298496
06-18 14:15:13.927 D/ProcessState(24164): Binder ioctl to enable oneway spam detection failed: Invalid argument
06-18 14:15:13.981 W/ByMatcher(23701): Node returned null child: android.view.accessibility.AccessibilityNodeInfo@116a4; boundsInParent: Rect(0, 0 - 1920, 1080); boundsInScreen: Rect(0, 0 - 1920, 1080); packageName: tech.gtt.frontapp.stb.demo; className: android.widget.RelativeLayout; text: null; error: null; maxTextLength: -1; stateDescription: null; contentDescription: null; tooltipText: null; viewIdResName: null; checkable: false; checked: false; focusable: false; focused: false; selected: false; clickable: false; longClickable: false; contextClickable: false; enabled: true; password: false; scrollable: false; importantForAccessibility: false; visible: true; actions: [AccessibilityAction: ACTION_SELECT - null, AccessibilityAction: ACTION_CLEAR_SELECTION - null, AccessibilityAction: ACTION_ACCESSIBILITY_FOCUS - null, AccessibilityAction: ACTION_SHOW_ON_SCREEN - null]
06-18 14:15:13.982 W/ByMatcher(23701): Skipping null child (2 of 3)
06-18 14:15:13.983 W/ByMatcher(23701): Node returned null child: android.view.accessibility.AccessibilityNodeInfo@80007178; boundsInParent: Rect(0, 0 - 1920, 1080); boundsInScreen: Rect(0, 0 - 1920, 1080); packageName: tech.gtt.frontapp.stb.demo; className: android.widget.FrameLayout; text: null; error: null; maxTextLength: -1; stateDescription: null; contentDescription: null; tooltipText: null; viewIdResName: null; checkable: false; checked: false; focusable: false; focused: false; selected: false; clickable: false; longClickable: false; contextClickable: false; enabled: true; password: false; scrollable: false; importantForAccessibility: true; visible: true; actions: [AccessibilityAction: ACTION_SELECT - null, AccessibilityAction: ACTION_CLEAR_SELECTION - null, AccessibilityAction: ACTION_ACCESSIBILITY_FOCUS - null, AccessibilityAction: ACTION_SHOW_ON_SCREEN - null]
06-18 14:15:13.983 W/ByMatcher(23701): Skipping null child (0 of 1)
06-18 14:15:13.984 I/ActivityTaskManager( 1936): Displayed tech.gtt.frontapp.stb.demo/tech.gtt.frontapp.stb.m.account.activity.LoginActivity: +202ms
06-18 14:15:14.084 D/UiDevice(23701): Searching for node with selector: BySelector [RES='\Qtech.gtt.frontapp.stb.demo:id/loginf_et_username\E'].
06-18 14:15:14.084 W/QueryController(23701): Could not detect idle state.
06-18 14:15:14.126 D/UIAutomatorStub(23701): URI: /jsonrpc/0, Method: POST, params, {NanoHttpd.QUERY_STRING=null}, files: {postData={"jsonrpc": "2.0", "id": 1, "method": "objInfo", "params": [{"mask": 2097152, "childOrSibling": [], "childOrSiblingSelector": [], "resourceId": "tech.gtt.frontapp.stb.demo:id/loginf_et_username"}]}}
06-18 14:15:14.128 D/UiDevice(23701): Retrieving node with selector: BySelector [RES='\Qtech.gtt.frontapp.stb.demo:id/loginf_et_username\E'].
06-18 14:15:14.129 W/QueryController(23701): Could not detect idle state.
06-18 14:15:14.132 W/QueryController(23701): Could not detect idle state.
06-18 14:15:14.133 W/QueryController(23701): Could not detect idle state.
06-18 14:15:14.134 W/QueryController(23701): Could not detect idle state.
06-18 14:15:14.135 W/QueryController(23701): Could not detect idle state.
06-18 14:15:14.136 W/QueryController(23701): Could not detect idle state.
06-18 14:15:14.138 W/QueryController(23701): Could not detect idle state.
06-18 14:15:14.139 W/QueryController(23701): Could not detect idle state.
06-18 14:15:14.142 W/QueryController(23701): Could not detect idle state.
06-18 14:15:14.143 W/QueryController(23701): Could not detect idle state.
06-18 14:15:14.146 W/QueryController(23701): Could not detect idle state.
06-18 14:15:14.148 W/QueryController(23701): Could not detect idle state.
06-18 14:15:14.149 W/QueryController(23701): Could not detect idle state.
06-18 14:15:14.150 W/QueryController(23701): Could not detect idle state.
06-18 14:15:14.150 W/QueryController(23701): Could not detect idle state.
06-18 14:15:14.151 W/QueryController(23701): Could not detect idle state.
06-18 14:15:14.152 W/QueryController(23701): Could not detect idle state.
06-18 14:15:14.153 W/QueryController(23701): Could not detect idle state.
06-18 14:15:14.183 D/UIAutomatorStub(23701): URI: /jsonrpc/0, Method: POST, params, {NanoHttpd.QUERY_STRING=null}, files: {postData={"jsonrpc": "2.0", "id": 1, "method": "click", "params": [1057.0, 437.0]}}
06-18 14:15:14.223 W/SurfaceFlinger( 1779): couldn't log to binary event log: overflow.
06-18 14:15:14.346 D/CompatibilityChangeReporter(23756): Compat change id reported: 163400105; UID 10058; state: ENABLED
06-18 14:15:14.346 D/InputMethodManager(23756): showSoftInput() view=tech.gtt.frontapp.stb.c.ui.edittext.EmailAutoCompleteTextView{a2b4ab1 VFED..CL. .F.P..ID 0,0-700,92 #7f0b02ce app:id/loginf_et_username aid=1073741824} flags=0 reason=SHOW_SOFT_INPUT
06-18 14:15:14.346 V/InputMethodService( 3034): onEvaluateInputViewShown: config.hardKeyboardHidden = 2
06-18 14:15:14.347 V/InputMethodService( 3034): onEvaluateInputViewShown: config.hardKeyboardHidden = 2
06-18 14:15:14.347 I/AdbKeyboard( 3034): imeAction: 5 Next
06-18 14:15:14.360 D/gralloc_nox( 1767): gralloc_alloc: Creating ashmem region of size 647168
06-18 14:15:14.398 D/gralloc_nox( 1767): gralloc_alloc: Creating ashmem region of size 647168
06-18 14:15:14.400 D/gralloc_nox( 1767): gralloc_alloc: Creating ashmem region of size 647168
06-18 14:15:14.405 D/UIAutomatorStub(23701): URI: /jsonrpc/0, Method: POST, params, {NanoHttpd.QUERY_STRING=null}, files: {postData={"jsonrpc": "2.0", "id": 1, "method": "waitForExists", "params": [{"mask": 2097152, "childOrSibling": [], "childOrSiblingSelector": [], "resourceId": "tech.gtt.frontapp.stb.demo:id/loginf_et_username"}, 20000]}}
06-18 14:15:14.407 D/UiDevice(23701): Waiting 20000ms for SearchCondition[hasObject=BySelector [RES='\Qtech.gtt.frontapp.stb.demo:id/loginf_et_username\E']].
06-18 14:15:14.407 D/UiDevice(23701): Searching for node with selector: BySelector [RES='\Qtech.gtt.frontapp.stb.demo:id/loginf_et_username\E'].
06-18 14:15:14.408 W/QueryController(23701): Could not detect idle state.
06-18 14:15:14.410 D/InsetsController(23756): show(ime(), fromIme=true)
06-18 14:15:14.413 D/ProcessState(24173): Binder ioctl to enable oneway spam detection failed: Invalid argument
06-18 14:15:14.460 D/UIAutomatorStub(23701): URI: /jsonrpc/0, Method: POST, params, {NanoHttpd.QUERY_STRING=null}, files: {postData={"jsonrpc": "2.0", "id": 1, "method": "setText", "params": [{"mask": 2097152, "childOrSibling": [], "childOrSiblingSelector": [], "resourceId": "tech.gtt.frontapp.stb.demo:id/loginf_et_username"}, "0609@ipwangxin.cn"]}}
06-18 14:15:14.462 D/UiDevice(23701): Retrieving node with selector: BySelector [RES='\Qtech.gtt.frontapp.stb.demo:id/loginf_et_username\E'].
06-18 14:15:14.462 W/QueryController(23701): Could not detect idle state.
06-18 14:15:14.466 W/QueryController(23701): Could not detect idle state.
06-18 14:15:14.468 D/UiObject2(23701): Clicking on (1057, 437).
06-18 14:15:14.483 D/InputMethodManager(23756): showSoftInput() view=tech.gtt.frontapp.stb.c.ui.edittext.EmailAutoCompleteTextView{a2b4ab1 VFED..CL. .F.P.... 0,0-700,92 #7f0b02ce app:id/loginf_et_username aid=1073741824} flags=0 reason=SHOW_SOFT_INPUT
06-18 14:15:14.484 V/InputMethodService( 3034): onEvaluateInputViewShown: config.hardKeyboardHidden = 2
06-18 14:15:14.484 V/InputMethodService( 3034): onEvaluateInputViewShown: config.hardKeyboardHidden = 2
06-18 14:15:14.485 D/InsetsController(23756): show(ime(), fromIme=true)
06-18 14:15:14.498 D/UiDevice(23701): Retrieving node with selector: BySelector [RES='\Qtech.gtt.frontapp.stb.demo:id/loginf_et_username\E'].
06-18 14:15:14.499 W/QueryController(23701): Could not detect idle state.
06-18 14:15:14.501 W/QueryController(23701): Could not detect idle state.
06-18 14:15:14.504 D/UiObject2(23701): Setting text to '0609@ipwangxin.cn'.
06-18 14:15:14.511 I/AdbKeyboard( 3034): imeAction: 5 Next
06-18 14:15:14.511 V/InputMethodService( 3034): onEvaluateInputViewShown: config.hardKeyboardHidden = 2
06-18 14:15:14.512 V/InputMethodService( 3034): onEvaluateInputViewShown: config.hardKeyboardHidden = 2
06-18 14:15:14.551 D/InsetsController(23756): show(ime(), fromIme=true)
06-18 14:15:14.578 D/UIAutomatorStub(23701): URI: /jsonrpc/0, Method: POST, params, {NanoHttpd.QUERY_STRING=null}, files: {postData={"jsonrpc": "2.0", "id": 1, "method": "waitForExists", "params": [{"mask": 2097152, "childOrSibling": [], "childOrSiblingSelector": [], "resourceId": "tech.gtt.frontapp.stb.demo:id/et_pwd"}, 20000]}}
06-18 14:15:14.579 D/UiDevice(23701): Waiting 20000ms for SearchCondition[hasObject=BySelector [RES='\Qtech.gtt.frontapp.stb.demo:id/et_pwd\E']].
06-18 14:15:14.580 D/UiDevice(23701): Searching for node with selector: BySelector [RES='\Qtech.gtt.frontapp.stb.demo:id/et_pwd\E'].
06-18 14:15:14.580 W/QueryController(23701): Could not detect idle state.
06-18 14:15:14.608 D/UIAutomatorStub(23701): URI: /jsonrpc/0, Method: POST, params, {NanoHttpd.QUERY_STRING=null}, files: {postData={"jsonrpc": "2.0", "id": 1, "method": "objInfo", "params": [{"mask": 2097152, "childOrSibling": [], "childOrSiblingSelector": [], "resourceId": "tech.gtt.frontapp.stb.demo:id/et_pwd"}]}}
06-18 14:15:14.609 D/UiDevice(23701): Retrieving node with selector: BySelector [RES='\Qtech.gtt.frontapp.stb.demo:id/et_pwd\E'].
06-18 14:15:14.609 W/QueryController(23701): Could not detect idle state.
06-18 14:15:14.612 W/QueryController(23701): Could not detect idle state.
06-18 14:15:14.613 W/QueryController(23701): Could not detect idle state.
06-18 14:15:14.614 W/QueryController(23701): Could not detect idle state.
06-18 14:15:14.615 W/QueryController(23701): Could not detect idle state.
06-18 14:15:14.615 W/QueryController(23701): Could not detect idle state.
06-18 14:15:14.616 W/QueryController(23701): Could not detect idle state.
06-18 14:15:14.617 W/QueryController(23701): Could not detect idle state.
06-18 14:15:14.617 W/QueryController(23701): Could not detect idle state.
06-18 14:15:14.618 W/QueryController(23701): Could not detect idle state.
06-18 14:15:14.620 W/QueryController(23701): Could not detect idle state.
06-18 14:15:14.621 W/QueryController(23701): Could not detect idle state.
06-18 14:15:14.622 W/QueryController(23701): Could not detect idle state.
06-18 14:15:14.623 W/QueryController(23701): Could not detect idle state.
06-18 14:15:14.624 W/QueryController(23701): Could not detect idle state.
06-18 14:15:14.624 W/QueryController(23701): Could not detect idle state.
06-18 14:15:14.625 W/QueryController(23701): Could not detect idle state.
06-18 14:15:14.626 W/QueryController(23701): Could not detect idle state.
06-18 14:15:14.638 W/SurfaceFlinger( 1779): couldn't log to binary event log: overflow.
06-18 14:15:14.654 D/UIAutomatorStub(23701): URI: /jsonrpc/0, Method: POST, params, {NanoHttpd.QUERY_STRING=null}, files: {postData={"jsonrpc": "2.0", "id": 1, "method": "click", "params": [1057.0, 559.0]}}
06-18 14:15:14.665 W/NotificationHistory( 1936): Attempted to add notif for locked/gone/disabled user 0
06-18 14:15:14.670 D/InterruptionStateProvider( 2106): No bubble up: not allowed to bubble: -1|android|8|null|1000
06-18 14:15:14.671 D/InterruptionStateProvider( 2106): No heads up: unimportant notification: -1|android|8|null|1000
06-18 14:15:14.671 D/PeopleSpaceWidgetMgr( 2106): Sbn doesn't contain valid PeopleTileKey: null/-1/android
06-18 14:15:14.709 D/InterruptionStateProvider( 2106): No bubble up: not allowed to bubble: -1|android|8|null|1000
06-18 14:15:14.709 D/InterruptionStateProvider( 2106): No heads up: unimportant notification: -1|android|8|null|1000
06-18 14:15:14.713 D/PeopleSpaceWidgetMgr( 2106): Sbn doesn't contain valid PeopleTileKey: null/-1/android
06-18 14:15:14.725 D/InterruptionStateProvider( 2106): No bubble up: not allowed to bubble: -1|android|8|null|1000
06-18 14:15:14.725 D/InterruptionStateProvider( 2106): No heads up: unimportant notification: -1|android|8|null|1000
06-18 14:15:14.727 D/PeopleSpaceWidgetMgr( 2106): Sbn doesn't contain valid PeopleTileKey: null/-1/android
06-18 14:15:14.780 D/InputMethodManager(23756): showSoftInput() view=tech.gtt.frontapp.stb.c.ui.edittext.NormalFocusEditText{fb8e9b3 VFED..CL. .F.P..ID 0,0-700,92 #7f0b0172 app:id/et_pwd aid=1073741826} flags=0 reason=SHOW_SOFT_INPUT
06-18 14:15:14.780 I/AdbKeyboard( 3034): imeAction: 5 Next
06-18 14:15:14.780 V/InputMethodService( 3034): onEvaluateInputViewShown: config.hardKeyboardHidden = 2
06-18 14:15:14.780 V/InputMethodService( 3034): onEvaluateInputViewShown: config.hardKeyboardHidden = 2
06-18 14:15:14.780 V/InputMethodService( 3034): onEvaluateInputViewShown: config.hardKeyboardHidden = 2
06-18 14:15:14.780 V/InputMethodService( 3034): onEvaluateInputViewShown: config.hardKeyboardHidden = 2
06-18 14:15:14.792 D/InsetsController(23756): show(ime(), fromIme=true)
06-18 14:15:14.793 D/InsetsController(23756): show(ime(), fromIme=true)
06-18 14:15:14.804 D/UIAutomatorStub(23701): URI: /jsonrpc/0, Method: POST, params, {NanoHttpd.QUERY_STRING=null}, files: {postData={"jsonrpc": "2.0", "id": 1, "method": "waitForExists", "params": [{"mask": 2097152, "childOrSibling": [], "childOrSiblingSelector": [], "resourceId": "tech.gtt.frontapp.stb.demo:id/et_pwd"}, 20000]}}
06-18 14:15:14.807 D/UiDevice(23701): Waiting 20000ms for SearchCondition[hasObject=BySelector [RES='\Qtech.gtt.frontapp.stb.demo:id/et_pwd\E']].
06-18 14:15:14.807 D/UiDevice(23701): Searching for node with selector: BySelector [RES='\Qtech.gtt.frontapp.stb.demo:id/et_pwd\E'].
06-18 14:15:14.808 W/QueryController(23701): Could not detect idle state.
06-18 14:15:14.832 D/UIAutomatorStub(23701): URI: /jsonrpc/0, Method: POST, params, {NanoHttpd.QUERY_STRING=null}, files: {postData={"jsonrpc": "2.0", "id": 1, "method": "setText", "params": [{"mask": 2097152, "childOrSibling": [], "childOrSiblingSelector": [], "resourceId": "tech.gtt.frontapp.stb.demo:id/et_pwd"}, "123456"]}}
06-18 14:15:14.833 D/UiDevice(23701): Retrieving node with selector: BySelector [RES='\Qtech.gtt.frontapp.stb.demo:id/et_pwd\E'].
06-18 14:15:14.834 W/QueryController(23701): Could not detect idle state.
06-18 14:15:14.839 W/QueryController(23701): Could not detect idle state.
06-18 14:15:14.843 D/UiObject2(23701): Clicking on (1057, 559).
06-18 14:15:14.869 D/InputMethodManager(23756): showSoftInput() view=tech.gtt.frontapp.stb.c.ui.edittext.NormalFocusEditText{fb8e9b3 VFED..CL. .F.P.... 0,0-700,92 #7f0b0172 app:id/et_pwd aid=1073741826} flags=0 reason=SHOW_SOFT_INPUT
06-18 14:15:14.871 V/InputMethodService( 3034): onEvaluateInputViewShown: config.hardKeyboardHidden = 2
06-18 14:15:14.871 V/InputMethodService( 3034): onEvaluateInputViewShown: config.hardKeyboardHidden = 2
06-18 14:15:14.874 D/InsetsController(23756): show(ime(), fromIme=true)
06-18 14:15:14.880 W/GestureController(23701): Gestures took longer than expected (38ms >> 16ms), device might be in a busy state.
06-18 14:15:14.880 D/UiDevice(23701): Retrieving node with selector: BySelector [RES='\Qtech.gtt.frontapp.stb.demo:id/et_pwd\E'].
06-18 14:15:14.881 W/QueryController(23701): Could not detect idle state.
06-18 14:15:14.884 W/QueryController(23701): Could not detect idle state.
06-18 14:15:14.885 D/UiObject2(23701): Setting text to '123456'.
06-18 14:15:14.891 I/AdbKeyboard( 3034): imeAction: 5 Next
06-18 14:15:14.891 V/InputMethodService( 3034): onEvaluateInputViewShown: config.hardKeyboardHidden = 2
06-18 14:15:14.891 V/InputMethodService( 3034): onEvaluateInputViewShown: config.hardKeyboardHidden = 2
06-18 14:15:14.896 D/InsetsController(23756): show(ime(), fromIme=true)
06-18 14:15:14.920 D/UIAutomatorStub(23701): URI: /jsonrpc/0, Method: POST, params, {NanoHttpd.QUERY_STRING=null}, files: {postData={"jsonrpc": "2.0", "id": 1, "method": "waitForExists", "params": [{"mask": 2097152, "childOrSibling": [], "childOrSiblingSelector": [], "resourceId": "tech.gtt.frontapp.stb.demo:id/remember_pwd_cb"}, 20000]}}
06-18 14:15:14.922 D/UiDevice(23701): Waiting 20000ms for SearchCondition[hasObject=BySelector [RES='\Qtech.gtt.frontapp.stb.demo:id/remember_pwd_cb\E']].
06-18 14:15:14.922 D/UiDevice(23701): Searching for node with selector: BySelector [RES='\Qtech.gtt.frontapp.stb.demo:id/remember_pwd_cb\E'].
06-18 14:15:14.923 W/QueryController(23701): Could not detect idle state.
06-18 14:15:14.948 D/UIAutomatorStub(23701): URI: /jsonrpc/0, Method: POST, params, {NanoHttpd.QUERY_STRING=null}, files: {postData={"jsonrpc": "2.0", "id": 1, "method": "objInfo", "params": [{"mask": 2097152, "childOrSibling": [], "childOrSiblingSelector": [], "resourceId": "tech.gtt.frontapp.stb.demo:id/remember_pwd_cb"}]}}
06-18 14:15:14.949 D/UiDevice(23701): Retrieving node with selector: BySelector [RES='\Qtech.gtt.frontapp.stb.demo:id/remember_pwd_cb\E'].
06-18 14:15:14.949 W/QueryController(23701): Could not detect idle state.
06-18 14:15:14.953 W/QueryController(23701): Could not detect idle state.
06-18 14:15:14.955 W/QueryController(23701): Could not detect idle state.
06-18 14:15:14.957 W/QueryController(23701): Could not detect idle state.
06-18 14:15:14.958 W/QueryController(23701): Could not detect idle state.
06-18 14:15:14.959 W/QueryController(23701): Could not detect idle state.
06-18 14:15:14.959 W/QueryController(23701): Could not detect idle state.
06-18 14:15:14.960 W/QueryController(23701): Could not detect idle state.
06-18 14:15:14.961 W/QueryController(23701): Could not detect idle state.
06-18 14:15:14.962 W/QueryController(23701): Could not detect idle state.
06-18 14:15:14.962 W/QueryController(23701): Could not detect idle state.
06-18 14:15:14.963 W/QueryController(23701): Could not detect idle state.
06-18 14:15:14.963 W/QueryController(23701): Could not detect idle state.
06-18 14:15:14.964 W/QueryController(23701): Could not detect idle state.
06-18 14:15:14.965 W/QueryController(23701): Could not detect idle state.
06-18 14:15:14.965 W/QueryController(23701): Could not detect idle state.
06-18 14:15:14.966 W/QueryController(23701): Could not detect idle state.
06-18 14:15:14.967 W/QueryController(23701): Could not detect idle state.
06-18 14:15:14.979 D/UIAutomatorStub(23701): URI: /jsonrpc/0, Method: POST, params, {NanoHttpd.QUERY_STRING=null}, files: {postData={"jsonrpc": "2.0", "id": 1, "method": "click", "params": [729.0, 656.0]}}
06-18 14:15:14.987 D/InterruptionStateProvider( 2106): No bubble up: not allowed to bubble: -1|android|8|null|1000
06-18 14:15:14.987 D/InterruptionStateProvider( 2106): No heads up: unimportant notification: -1|android|8|null|1000
06-18 14:15:14.993 D/PeopleSpaceWidgetMgr( 2106): Sbn doesn't contain valid PeopleTileKey: null/-1/android
06-18 14:15:14.997 D/InterruptionStateProvider( 2106): No bubble up: not allowed to bubble: -1|android|8|null|1000
06-18 14:15:14.998 D/InterruptionStateProvider( 2106): No heads up: unimportant notification: -1|android|8|null|1000
06-18 14:15:15.001 D/PeopleSpaceWidgetMgr( 2106): Sbn doesn't contain valid PeopleTileKey: null/-1/android
06-18 14:15:15.014 E/libEGL  (23756): called unimplemented OpenGL ES API
06-18 14:15:15.079 D/InterruptionStateProvider( 2106): No bubble up: not allowed to bubble: -1|android|8|null|1000
06-18 14:15:15.079 D/InterruptionStateProvider( 2106): No heads up: unimportant notification: -1|android|8|null|1000
06-18 14:15:15.084 D/PeopleSpaceWidgetMgr( 2106): Sbn doesn't contain valid PeopleTileKey: null/-1/android
06-18 14:15:15.133 D/InterruptionStateProvider( 2106): No bubble up: not allowed to bubble: -1|android|8|null|1000
06-18 14:15:15.134 D/InterruptionStateProvider( 2106): No heads up: unimportant notification: -1|android|8|null|1000
06-18 14:15:15.143 D/PeopleSpaceWidgetMgr( 2106): Sbn doesn't contain valid PeopleTileKey: null/-1/android
06-18 14:15:15.148 D/ProcessState(24188): Binder ioctl to enable oneway spam detection failed: Invalid argument
06-18 14:15:15.165 D/ProcessState(24191): Binder ioctl to enable oneway spam detection failed: Invalid argument
06-18 14:15:15.205 D/UIAutomatorStub(23701): URI: /jsonrpc/0, Method: POST, params, {NanoHttpd.QUERY_STRING=null}, files: {postData={"jsonrpc": "2.0", "id": 1, "method": "click", "params": [1105, 761]}}
06-18 14:15:15.327 V/GSK-Account:AccountManager(23756): disableSavePwd=false
06-18 14:15:15.330 V/GSK-Account:EmailOrPhoneLoginStrategy(23756): disableSavePwd=false
06-18 14:15:15.338 E/ActivityThread(23756): Failed to find provider info for com.uv.droid.uotaback.storage.provider
06-18 14:15:15.338 E/ActivityThread(23756): Failed to find provider info for com.uv.droid.booster.vod.provider
06-18 14:15:15.339 E/ontapp.stb.dem(23756): No implementation found for java.lang.String os.SystemPropertiesKt.native_get(java.lang.String) (tried Java_os_SystemPropertiesKt_native_1get and Java_os_SystemPropertiesKt_native_1get__Ljava_lang_String_2)
06-18 14:15:15.339 V/GSK-Account:AccountManager(23756): isLoggedIn=false
06-18 14:15:15.343 V/GSK-APIS(23756): =======================NEW REQUEST=========================
06-18 14:15:15.343 V/GSK-APIS(23756): Request:	/api/enduser/account/user/login/v1	POST
06-18 14:15:15.343 V/GSK-APIS(23756): RequestIdentify:	dc8234ed
06-18 14:15:15.343 V/GSK-APIS(23756): 
06-18 14:15:15.343 V/GSK-APIS(23756): RequestHeaders in a readable format:
06-18 14:15:15.343 V/GSK-APIS(23756): X-App-Id: db589110cb7457cd607739664dc44e61c217d77681427dacfe2f262f1927cd8f
06-18 14:15:15.343 V/GSK-APIS(23756): X-Source-Id: 30006401-31002837
06-18 14:15:15.343 V/GSK-APIS(23756): X-Version-Code: 7
06-18 14:15:15.343 V/GSK-APIS(23756): X-Brand-Id: 66d009603c38ec6574e5b77ce48fb7070a3f7ed622c465b05fc56110bd72fc65
06-18 14:15:15.343 V/GSK-APIS(23756): X-Version-Seq: 1
06-18 14:15:15.343 V/GSK-APIS(23756): X-App-Type-Text: STB
06-18 14:15:15.343 V/GSK-APIS(23756): Accept-Language: en
06-18 14:15:15.343 V/GSK-APIS(23756): 
06-18 14:15:15.343 V/GSK-APIS(23756): 
06-18 14:15:15.343 V/GSK-APIS(23756): RequestParams in Json Format:
