--------- beginning of main
06-18 14:15:01.912 D/ProcessState(23727): Binder ioctl to enable oneway spam detection failed: Invalid argument
--------- beginning of system
06-18 14:15:01.914 I/ActivityManager( 1936): Force stopping tech.gtt.frontapp.stb.demo appid=10058 user=0: clear data
06-18 14:15:01.916 I/ActivityManager( 1936): Force stopping tech.gtt.frontapp.stb.demo appid=10058 user=-1: clearApplicationUserData
06-18 14:15:01.933 I/MediaProvider( 2560): Begin Intent { act=android.intent.action.PACKAGE_DATA_CLEARED dat=package:tech.gtt.frontapp.stb.demo flg=0x1000010 cmp=com.android.providers.media.module/com.android.providers.media.MediaService (has extras) }
06-18 14:15:01.933 D/MediaProvider( 2560): Deleted 0 Android/media items belonging to tech.gtt.frontapp.stb.demo on /data/user/0/com.android.providers.media.module/databases/external.db
06-18 14:15:01.933 I/MediaProvider( 2560): End Intent { act=android.intent.action.PACKAGE_DATA_CLEARED dat=package:tech.gtt.frontapp.stb.demo flg=0x1000010 cmp=com.android.providers.media.module/com.android.providers.media.MediaService (has extras) }
06-18 14:15:01.993 D/AndroidRuntime(23741): >>>>>> START com.android.internal.os.RuntimeInit uid 0 <<<<<<
06-18 14:15:01.995 I/AndroidRuntime(23741): Using default boot image
06-18 14:15:01.995 I/AndroidRuntime(23741): Leaving lock profiling enabled
06-18 14:15:01.996 W/app_process(23741): ART APEX data files are untrusted.
06-18 14:15:01.996 I/app_process(23741): Core platform API reporting enabled, enforcing=false
06-18 14:15:02.030 D/app_process(23741): Time zone APEX ICU file found: /apex/com.android.tzdata/etc/icu/icu_tzdata.dat
06-18 14:15:02.030 D/app_process(23741): I18n APEX ICU file found: /apex/com.android.i18n/etc/icu/icudt68l.dat
06-18 14:15:02.034 W/app_process(23741): Unexpected CPU variant for X86 using defaults: x86_64
06-18 14:15:02.047 D/ProcessState(23741): Binder ioctl to enable oneway spam detection failed: Invalid argument
06-18 14:15:02.047 D/AndroidRuntime(23741): Calling main entry com.android.commands.monkey.Monkey
06-18 14:15:02.047 W/Monkey  (23741): args: [-p, tech.gtt.frontapp.stb.demo, -c, android.intent.category.LAUNCHER, 1]
06-18 14:15:02.047 W/Monkey  (23741):  arg: "-p"
06-18 14:15:02.047 W/Monkey  (23741):  arg: "tech.gtt.frontapp.stb.demo"
06-18 14:15:02.048 W/Monkey  (23741):  arg: "-c"
06-18 14:15:02.048 W/Monkey  (23741):  arg: "android.intent.category.LAUNCHER"
06-18 14:15:02.048 W/Monkey  (23741):  arg: "1"
06-18 14:15:02.048 W/Monkey  (23741): data="tech.gtt.frontapp.stb.demo"
06-18 14:15:02.048 W/Monkey  (23741): data="android.intent.category.LAUNCHER"
06-18 14:15:02.078 W/BroadcastQueue( 1936): Skipping deliver [background] BroadcastRecord{597b461 u-1 android.net.conn.CONNECTIVITY_CHANGE} to ReceiverList{e938b86 23741 (unknown name)/0/u-1 remote:ab1f46b}: process gone or crashing
06-18 14:15:02.083 I/ActivityTaskManager( 1936): START u0 {act=android.intent.action.MAIN cat=[android.intent.category.LAUNCHER] flg=0x10200000 cmp=tech.gtt.frontapp.stb.demo/tech.gtt.frontapp.stb.m.home.activity.SplashActivity} from uid 0
06-18 14:15:02.085 W/ActivityTaskManager( 1936): Can't find TaskDisplayArea to determine support for multi window. Task id=40 attached=false
06-18 14:15:02.097 I/Monkey  (23741): Events injected: 1
06-18 14:15:02.102 D/CompatibilityChangeReporter( 1936): Compat change id reported: 135634846; UID 10058; state: DISABLED
06-18 14:15:02.105 I/Monkey  (23741): ## Network stats: elapsed time=19ms (0ms mobile, 0ms wifi, 19ms not connected)
06-18 14:15:02.105 D/CompatibilityChangeReporter( 1936): Compat change id reported: 143937733; UID 10058; state: ENABLED
06-18 14:15:02.114 D/gralloc_nox( 1767): gralloc_alloc: Creating ashmem region of size 8298496
06-18 14:15:02.129 I/app_process(23741): System.exit called, status: 0
06-18 14:15:02.129 I/AndroidRuntime(23741): VM exiting with result code 0.
06-18 14:15:02.131 D/Zygote  ( 1756): Forked child process 23756
06-18 14:15:02.139 I/Zygote  (23756): seccomp disabled by setenforce 0
06-18 14:15:02.147 W/ontapp.stb.dem(23756): Unexpected CPU variant for X86 using defaults: x86_64
06-18 14:15:02.149 W/ActivityManager( 1936): Slow operation: 51ms so far, now at startProcess: returned from zygote!
06-18 14:15:02.150 W/ActivityManager( 1936): Slow operation: 52ms so far, now at startProcess: done updating battery stats
06-18 14:15:02.150 W/ActivityManager( 1936): Slow operation: 52ms so far, now at startProcess: building log message
06-18 14:15:02.150 I/ActivityManager( 1936): Start proc 23756:tech.gtt.frontapp.stb.demo/u0a58 for pre-top-activity {tech.gtt.frontapp.stb.demo/tech.gtt.frontapp.stb.m.home.activity.SplashActivity}
06-18 14:15:02.150 W/ActivityManager( 1936): Slow operation: 52ms so far, now at startProcess: starting to update pids map
06-18 14:15:02.151 W/ActivityManager( 1936): Slow operation: 52ms so far, now at startProcess: done updating pids map
06-18 14:15:02.163 D/ProcessState(23756): Binder ioctl to enable oneway spam detection failed: Invalid argument
06-18 14:15:02.166 D/gralloc_nox( 1767): gralloc_alloc: Creating ashmem region of size 8298496
06-18 14:15:02.191 E/ashmem  (23756): memfd: ro.vndk.version not defined or invalid (), this is mandated since P.
06-18 14:15:02.192 D/CompatibilityChangeReporter(23756): Compat change id reported: 171979766; UID 10058; state: ENABLED
06-18 14:15:02.211 D/gralloc_nox( 1767): gralloc_alloc: Creating ashmem region of size 8298496
06-18 14:15:02.229 V/GraphicsEnvironment(23756): ANGLE Developer option for 'tech.gtt.frontapp.stb.demo' set to: 'default'
06-18 14:15:02.230 V/GraphicsEnvironment(23756): ANGLE GameManagerService for tech.gtt.frontapp.stb.demo: false
06-18 14:15:02.230 V/GraphicsEnvironment(23756): Neither updatable production driver nor prerelease driver is supported.
06-18 14:15:02.241 D/NetworkSecurityConfig(23756): Using Network Security Config from resource network_security_config debugBuild: false
06-18 14:15:02.244 D/NetworkSecurityConfig(23756): Using Network Security Config from resource network_security_config debugBuild: false
06-18 14:15:02.259 I/MultiDex(23756): VM with version 2.1.0 has multidex support
06-18 14:15:02.259 I/MultiDex(23756): Installing application
06-18 14:15:02.259 I/MultiDex(23756): VM has multidex support, MultiDex support library is disabled.
06-18 14:15:02.260 E/[Package](23756): params: AppConfiguration(vnoId='11026504', brandId='d0k7d3p3kdikth2o3q6g', appId='d0jucrbq6bt4h33c0ma0', sourceId='30006401-31002837', authServers='https://gtt-app-apigateway-lion.vdemosit.com', shareKey='S2kQMgUSugYyMlk5QclHDaF0uDsFnB0oJoFeAFgsKb8=', packageName='tech.gtt.frontapp.stb.demo', appName='Goose TV', appVersionName='v1.0.0', appVersionCode='7', pluginVersionCode='1', pluginVersionName='6.0.0-beta-build5', packageSeq='1', buglyAppId='d76a04165f', buglyKey='13b89b2d-1c12-4c4f-93b8-46e3c2ef9f73', baseVersionCode='20000066', gitTag='2.1.4-beta6', supportLang='en,pt,es', defaultLang='en', bootLoadType='1')
06-18 14:15:02.260 W/System.err(23756): java.lang.ClassNotFoundException: tech.gtt.frontapp.stb.docker.plugin.PluginUtils
06-18 14:15:02.260 W/System.err(23756): 	at java.lang.Class.classForName(Native Method)
06-18 14:15:02.261 W/System.err(23756): 	at java.lang.Class.forName(Class.java:454)
06-18 14:15:02.261 W/System.err(23756): 	at java.lang.Class.forName(Class.java:379)
06-18 14:15:02.261 W/System.err(23756): 	at ot.e.b(SourceFile:3)
06-18 14:15:02.261 W/System.err(23756): 	at tech.gtt.frontapp.stb.app.MainApplication.attachBaseContext(SourceFile:130)
06-18 14:15:02.261 W/System.err(23756): 	at android.app.Application.attach(Application.java:338)
06-18 14:15:02.261 W/System.err(23756): 	at android.app.Instrumentation.newApplication(Instrumentation.java:1190)
06-18 14:15:02.261 W/System.err(23756): 	at android.app.LoadedApk.makeApplication(LoadedApk.java:1361)
06-18 14:15:02.261 W/System.err(23756): 	at android.app.ActivityThread.handleBindApplication(ActivityThread.java:6728)
06-18 14:15:02.261 W/System.err(23756): 	at android.app.ActivityThread.access$1500(ActivityThread.java:256)
06-18 14:15:02.261 W/System.err(23756): 	at android.app.ActivityThread$H.handleMessage(ActivityThread.java:2091)
06-18 14:15:02.261 W/System.err(23756): 	at android.os.Handler.dispatchMessage(Handler.java:106)
06-18 14:15:02.261 W/System.err(23756): 	at android.os.Looper.loopOnce(Looper.java:201)
06-18 14:15:02.261 W/System.err(23756): 	at android.os.Looper.loop(Looper.java:288)
06-18 14:15:02.261 W/System.err(23756): 	at android.app.ActivityThread.main(ActivityThread.java:7875)
06-18 14:15:02.261 W/System.err(23756): 	at java.lang.reflect.Method.invoke(Native Method)
06-18 14:15:02.261 W/System.err(23756): 	at com.android.internal.os.RuntimeInit$MethodAndArgsCaller.run(RuntimeInit.java:568)
06-18 14:15:02.261 W/System.err(23756): 	at com.android.internal.os.ZygoteInit.main(ZygoteInit.java:1005)
06-18 14:15:02.261 W/System.err(23756): Caused by: java.lang.ClassNotFoundException: tech.gtt.frontapp.stb.docker.plugin.PluginUtils
06-18 14:15:02.261 W/System.err(23756): 	... 18 more
06-18 14:15:02.261 E/[Package](23756): isInPluginMode: false
06-18 14:15:02.263 I/CustomActivityOnCrash(23756): CustomActivityOnCrash has been installed.
06-18 14:15:02.265 I/System.out(23756): Modular_Init : a - initialize
06-18 14:15:02.270 I/System.out(23756): Modular_Init : d - initialize
06-18 14:15:02.271 I/System.out(23756): Modular_Init : a - initialize
06-18 14:15:02.273 I/System.out(23756): Modular_Init : a - initialize
06-18 14:15:02.273 D/[CatchupInitModule](23756): init---
06-18 14:15:02.273 I/System.out(23756): Modular_Init : a - initialize
06-18 14:15:02.273 D/[ReplayInitialize](23756): init---
06-18 14:15:02.273 I/System.out(23756): Modular_Init : a - initialize
06-18 14:15:02.273 D/[LiveInitialize](23756): init---
06-18 14:15:02.273 I/System.out(23756): Modular_Init : b - initialize
06-18 14:15:02.276 D/AndroidAutoSize(23756): designWidthInDp = 360, designHeightInDp = 640, screenWidth = 1920, screenHeight = 1080
06-18 14:15:02.276 D/AndroidAutoSize(23756): initDensity = 2.0, initScaledDensity = 2.0
06-18 14:15:02.371 D/AndroidAutoSize(23756): tech.gtt.frontapp.stb.m.home.activity.SplashActivity used the global configuration.
06-18 14:15:02.378 D/AndroidAutoSize(23756): The tech.gtt.frontapp.stb.m.home.activity.SplashActivity has been adapted! 
06-18 14:15:02.378 D/AndroidAutoSize(23756): SplashActivity Info: isBaseOnWidth = true, designWidthInDp = 1920.000000, designWidthInSubunits = 1920.000000, targetDensity = 1.000000, targetScaledDensity = 1.000000, targetDensityDpi = 160, targetXdpi = 1.000000, targetScreenWidthDp = 1920, targetScreenHeightDp = 1032
06-18 14:15:02.432 D/AndroidAutoSize(23756): tech.gtt.frontapp.stb.m.home.activity.SplashActivity used the global configuration.
06-18 14:15:02.432 D/AndroidAutoSize(23756): The tech.gtt.frontapp.stb.m.home.activity.SplashActivity has been adapted! 
06-18 14:15:02.432 D/AndroidAutoSize(23756): SplashActivity Info: isBaseOnWidth = true, designWidthInDp = 1920.000000, designWidthInSubunits = 1920.000000, targetDensity = 1.000000, targetScaledDensity = 1.000000, targetDensityDpi = 160, targetXdpi = 1.000000, targetScreenWidthDp = 1920, targetScreenHeightDp = 1032
06-18 14:15:02.438 I/ActivityTaskManager( 1936): START u0 {act=android.content.pm.action.REQUEST_PERMISSIONS pkg=com.android.permissioncontroller cmp=com.android.permissioncontroller/.permission.ui.GrantPermissionsActivity (has extras)} from uid 10058
06-18 14:15:02.459 D/ontapp.stb.dem(23756): createUnique: call
06-18 14:15:02.471 D/ontapp.stb.dem(23756): HostComposition ext GL_OES_EGL_image GL_OES_EGL_image_external GL_OES_depth24 GL_OES_depth32 GL_OES_element_index_uint GL_OES_texture_float GL_OES_texture_float_linear GL_OES_compressed_paletted_texture GL_OES_compressed_ETC1_RGB8_texture GL_OES_depth_texture GL_EXT_texture_format_BGRA8888 GL_APPLE_texture_format_BGRA8888 GL_OES_texture_half_float GL_EXT_robustness GL_OES_texture_half_float_linear GL_OES_packed_depth_stencil GL_OES_vertex_half_float GL_OES_texture_npot GL_OES_rgb8_rgba8 GL_EXT_color_buffer_float GL_EXT_texture_sRGB_decode ANDROID_gles_max_version_3_1 GL_OES_vertex_array_object GL_EXT_texture_buffer GL_EXT_copy_image GL_KHR_texture_compression_astc_ldr GL_KHR_texture_compression_astc_hdr GL_OES_texture_compression_astc GL_OES_EGL_image_external
06-18 14:15:02.472 D/hw-ProcessState(23756): Binder ioctl to enable oneway spam detection failed: Invalid argument
06-18 14:15:02.473 W/OpenGLRenderer(23756): Failed to initialize 101010-2 format, error = EGL_SUCCESS
06-18 14:15:02.473 D/EGL_emulation(23756): rcCreateContext wated version 2.0  rc:4
06-18 14:15:02.484 D/EGL_emulation(23756): eglMakeCurrent: 0x74841c043990: ver 3 2 (tinfo 0x74839c04c600) (first time)
06-18 14:15:02.487 E/HWComposer( 1779): getSupportedContentTypes: getSupportedContentTypes failed for display 0: Unsupported (8)
06-18 14:15:02.488 I/hwservicemanager( 1567): getTransport: Cannot find entry android.hardware.graphics.mapper@4.0::IMapper/default in either framework or device VINTF manifest.
06-18 14:15:02.488 I/Gralloc4(23756): mapper 4.x is not supported
06-18 14:15:02.488 I/hwservicemanager( 1567): getTransport: Cannot find entry android.hardware.graphics.mapper@3.0::IMapper/default in either framework or device VINTF manifest.
06-18 14:15:02.488 W/Gralloc3(23756): mapper 3.x is not supported
06-18 14:15:02.489 I/hwservicemanager( 1567): getTransport: Cannot find entry android.hardware.graphics.allocator@4.0::IAllocator/default in either framework or device VINTF manifest.
06-18 14:15:02.489 W/Gralloc4(23756): allocator 4.x is not supported
06-18 14:15:02.489 I/hwservicemanager( 1567): getTransport: Cannot find entry android.hardware.graphics.allocator@3.0::IAllocator/default in either framework or device VINTF manifest.
06-18 14:15:02.489 W/Gralloc3(23756): allocator 3.x is not supported
06-18 14:15:02.489 D/gralloc_nox( 1767): gralloc_alloc: Creating ashmem region of size 8298496
06-18 14:15:02.495 D/ProcessState(23790): Binder ioctl to enable oneway spam detection failed: Invalid argument
06-18 14:15:02.518 D/ontapp.stb.dem(23756): createUnique: call
06-18 14:15:02.518 D/ontapp.stb.dem(23756): HostComposition ext GL_OES_EGL_image GL_OES_EGL_image_external GL_OES_depth24 GL_OES_depth32 GL_OES_element_index_uint GL_OES_texture_float GL_OES_texture_float_linear GL_OES_compressed_paletted_texture GL_OES_compressed_ETC1_RGB8_texture GL_OES_depth_texture GL_EXT_texture_format_BGRA8888 GL_APPLE_texture_format_BGRA8888 GL_OES_texture_half_float GL_EXT_robustness GL_OES_texture_half_float_linear GL_OES_packed_depth_stencil GL_OES_vertex_half_float GL_OES_texture_npot GL_OES_rgb8_rgba8 GL_EXT_color_buffer_float GL_EXT_texture_sRGB_decode ANDROID_gles_max_version_3_1 GL_OES_vertex_array_object GL_EXT_texture_buffer GL_EXT_copy_image GL_KHR_texture_compression_astc_ldr GL_KHR_texture_compression_astc_hdr GL_OES_texture_compression_astc GL_OES_EGL_image_external
06-18 14:15:02.520 D/gralloc_nox( 1767): gralloc_alloc: Creating ashmem region of size 8298496
06-18 14:15:02.555 D/gralloc_nox( 1767): gralloc_alloc: Creating ashmem region of size 8298496
06-18 14:15:02.628 E/libEGL  (23756): called unimplemented OpenGL ES API
06-18 14:15:02.681 W/ActivityTaskManager( 1936): Tried to set launchTime (0) < mLastActivityLaunchTime (70098142)
06-18 14:15:02.775 I/ActivityTaskManager( 1936): Displayed com.android.permissioncontroller/.permission.ui.GrantPermissionsActivity: +681ms
06-18 14:15:02.803 D/ProcessState(23801): Binder ioctl to enable oneway spam detection failed: Invalid argument
06-18 14:15:02.861 D/gralloc_nox( 1767): gralloc_alloc: Creating ashmem region of size 5496832
06-18 14:15:02.895 W/InputManager-JNI( 1936): Input channel object '75685e3 Splash Screen tech.gtt.frontapp.stb.demo (client)' was disposed without first being removed with the input manager!
06-18 14:15:02.914 W/System  ( 1936): A resource failed to call release. 
06-18 14:15:02.957 D/gralloc_nox( 1767): gralloc_alloc: Creating ashmem region of size 5496832
06-18 14:15:03.090 D/gralloc_nox( 1767): gralloc_alloc: Creating ashmem region of size 5496832
06-18 14:15:03.418 W/BatteryExternalStatsWorker( 1936): error reading modem stats:ERROR_PHONE_NOT_AVAILABLE
06-18 14:15:03.420 E/system_server( 1936): Cannot read thread CPU times for PID 1936
06-18 14:15:05.099 E/TaskPersister( 1936): File error accessing recents directory (directory doesn't exist?).
06-18 14:15:05.171 D/UIAutomatorStub(23701): URI: /jsonrpc/0, Method: POST, params, {NanoHttpd.QUERY_STRING=null}, files: {postData={"jsonrpc": "2.0", "id": 1, "method": "count", "params": [{"mask": 2097152, "childOrSibling": [], "childOrSiblingSelector": [], "resourceId": "com.android.permissioncontroller:id/permission_allow_button"}]}}
06-18 14:15:05.187 D/UiObject(23701): Waiting 0ms for UiSelector[RESOURCE_ID=com.android.permissioncontroller:id/permission_allow_button].
06-18 14:15:05.188 W/QueryController(23701): Could not detect idle state.
06-18 14:15:05.194 I/QueryController(23701): Matched selector: UiSelector[RESOURCE_ID=com.android.permissioncontroller:id/permission_allow_button] <<==>> [android.view.accessibility.AccessibilityNodeInfo@18ec2; boundsInParent: Rect(0, 0 - 992, 112); boundsInScreen: Rect(464, 557 - 1456, 669); packageName: com.android.permissioncontroller; className: android.widget.Button; text: 允许; error: null; maxTextLength: -1; stateDescription: null; contentDescription: null; tooltipText: null; viewIdResName: com.android.permissioncontroller:id/permission_allow_button; checkable: false; checked: false; focusable: true; focused: false; selected: false; clickable: true; longClickable: false; contextClickable: false; enabled: true; password: false; scrollable: false; importantForAccessibility: true; visible: true; actions: [AccessibilityAction: ACTION_FOCUS - null, AccessibilityAction: ACTION_SELECT - null, AccessibilityAction: ACTION_CLEAR_SELECTION - null, AccessibilityAction: ACTION_CLICK - null, AccessibilityAction: ACTION_ACCESSIBILITY_FOCUS - null, AccessibilityAction: ACTION_NEXT_AT_MOVEMENT_GRANULARITY - null, AccessibilityAction: ACTION_PREVIOUS_AT_MOVEMENT_GRANULARITY - null, AccessibilityAction: ACTION_SET_SELECTION - null, AccessibilityAction: ACTION_SHOW_ON_SCREEN - null]]
06-18 14:15:05.194 D/UiObject(23701): Waiting 0ms for UiSelector[INSTANCE=1, RESOURCE_ID=com.android.permissioncontroller:id/permission_allow_button].
06-18 14:15:05.195 W/QueryController(23701): Could not detect idle state.
06-18 14:15:05.232 D/UIAutomatorStub(23701): URI: /jsonrpc/0, Method: POST, params, {NanoHttpd.QUERY_STRING=null}, files: {postData={"jsonrpc": "2.0", "id": 1, "method": "waitForExists", "params": [{"mask": 2097152, "childOrSibling": [], "childOrSiblingSelector": [], "resourceId": "com.android.permissioncontroller:id/permission_allow_button"}, 20000]}}
06-18 14:15:05.234 D/UiDevice(23701): Waiting 20000ms for SearchCondition[hasObject=BySelector [RES='\Qcom.android.permissioncontroller:id/permission_allow_button\E']].
06-18 14:15:05.234 D/UiDevice(23701): Searching for node with selector: BySelector [RES='\Qcom.android.permissioncontroller:id/permission_allow_button\E'].
06-18 14:15:05.235 W/QueryController(23701): Could not detect idle state.
06-18 14:15:05.289 D/UIAutomatorStub(23701): URI: /jsonrpc/0, Method: POST, params, {NanoHttpd.QUERY_STRING=null}, files: {postData={"jsonrpc": "2.0", "id": 1, "method": "objInfo", "params": [{"mask": 2097152, "childOrSibling": [], "childOrSiblingSelector": [], "resourceId": "com.android.permissioncontroller:id/permission_allow_button"}]}}
06-18 14:15:05.296 D/UiDevice(23701): Retrieving node with selector: BySelector [RES='\Qcom.android.permissioncontroller:id/permission_allow_button\E'].
06-18 14:15:05.296 W/QueryController(23701): Could not detect idle state.
06-18 14:15:05.307 W/QueryController(23701): Could not detect idle state.
06-18 14:15:05.310 W/QueryController(23701): Could not detect idle state.
06-18 14:15:05.313 W/QueryController(23701): Could not detect idle state.
06-18 14:15:05.317 W/QueryController(23701): Could not detect idle state.
06-18 14:15:05.320 W/QueryController(23701): Could not detect idle state.
06-18 14:15:05.322 W/QueryController(23701): Could not detect idle state.
06-18 14:15:05.326 W/QueryController(23701): Could not detect idle state.
06-18 14:15:05.328 W/QueryController(23701): Could not detect idle state.
06-18 14:15:05.330 W/QueryController(23701): Could not detect idle state.
06-18 14:15:05.333 W/QueryController(23701): Could not detect idle state.
06-18 14:15:05.336 W/QueryController(23701): Could not detect idle state.
06-18 14:15:05.338 W/QueryController(23701): Could not detect idle state.
06-18 14:15:05.340 W/QueryController(23701): Could not detect idle state.
06-18 14:15:05.343 W/QueryController(23701): Could not detect idle state.
06-18 14:15:05.345 W/QueryController(23701): Could not detect idle state.
06-18 14:15:05.350 W/QueryController(23701): Could not detect idle state.
06-18 14:15:05.353 W/QueryController(23701): Could not detect idle state.
06-18 14:15:05.397 D/UIAutomatorStub(23701): URI: /jsonrpc/0, Method: POST, params, {NanoHttpd.QUERY_STRING=null}, files: {postData={"jsonrpc": "2.0", "id": 1, "method": "click", "params": [960.0, 613.0]}}
06-18 14:15:05.762 V/GrantPermissionsViewModel(22260): Logged buttons presented and clicked permissionGroupName=android.permission-group.STORAGE uid=10058 selectedLocations=0 package=tech.gtt.frontapp.stb.demo presentedButtons=9 clickedButton=1 sessionId=879737576870604617 targetSdk=35
06-18 14:15:05.767 I/MediaProvider( 2560): Invalidating LocalCallingIdentity cache for package tech.gtt.frontapp.stb.demo. Reason: op android:read_external_storage
06-18 14:15:05.771 V/GrantPermissionsViewModel(22260): Permission grant result requestId=879737576870604617 callingUid=10058 callingPackage=tech.gtt.frontapp.stb.demo permission=android.permission.READ_EXTERNAL_STORAGE isImplicit=false result=4
06-18 14:15:05.775 D/gralloc_nox( 1767): gralloc_alloc: Creating ashmem region of size 8298496
06-18 14:15:05.814 E/android.hardware.audio.service( 1759): pcm_open called create stream faild
06-18 14:15:06.028 D/CompatibilityChangeReporter(23756): Compat change id reported: 78294732; UID 10058; state: ENABLED
06-18 14:15:06.030 I/b       (23756): freeSpace : 116666MB
06-18 14:15:06.106 D/ProcessState(23815): Binder ioctl to enable oneway spam detection failed: Invalid argument
06-18 14:15:06.177 D/ConnectivityService( 1936): NetReassign [no changes]
06-18 14:15:06.205 V/GSK     (23756): StorageServiceImpl initialization() executed in 5 ms.
06-18 14:15:06.208 V/GSK     (23756): SecurityServiceImpl initialization() executed in 1 ms.
06-18 14:15:06.297 W/InputManager-JNI( 1936): Input channel object '671fb04 com.android.permissioncontroller/com.android.permissioncontroller.permission.ui.GrantPermissionsActivity (client)' was disposed without first being removed with the input manager!
06-18 14:15:06.311 W/System.err(23756): SLF4J(W): No SLF4J providers were found.
06-18 14:15:06.311 W/System.err(23756): SLF4J(W): Defaulting to no-operation (NOP) logger implementation
06-18 14:15:06.311 W/System.err(23756): SLF4J(W): See https://www.slf4j.org/codes.html#noProviders for further details.
06-18 14:15:06.322 W/SurfaceFlinger( 1779): couldn't log to binary event log: overflow.
06-18 14:15:06.353 W/System.err(23756): kotlinx.serialization.json.internal.JsonDecodingException: Expected start of the object '{', but had 'EOF' instead at path: $
06-18 14:15:06.353 W/System.err(23756): JSON input: 
06-18 14:15:06.353 W/System.err(23756): 	at kotlinx.serialization.json.internal.JsonExceptionsKt.JsonDecodingException(SourceFile:1)
06-18 14:15:06.353 W/System.err(23756): 	at kotlinx.serialization.json.internal.JsonExceptionsKt.JsonDecodingException(SourceFile:2)
06-18 14:15:06.353 W/System.err(23756): 	at kotlinx.serialization.json.internal.AbstractJsonLexer.fail(SourceFile:52)
06-18 14:15:06.353 W/System.err(23756): 	at kotlinx.serialization.json.internal.AbstractJsonLexer.fail$default(SourceFile:15)
06-18 14:15:06.353 W/System.err(23756): 	at kotlinx.serialization.json.internal.AbstractJsonLexer.unexpectedToken(SourceFile:103)
06-18 14:15:06.353 W/System.err(23756): 	at kotlinx.serialization.json.internal.StringJsonLexer.consumeNextToken(SourceFile:16)
06-18 14:15:06.353 W/System.err(23756): 	at kotlinx.serialization.json.internal.StreamingJsonDecoder.beginStructure(SourceFile:23)
06-18 14:15:06.353 W/System.err(23756): 	at tech.gtt.frontapp.servicesdk.common.service.utility.apis.e2ee.E2eeConfigResponse$$serializer.deserialize(SourceFile:2)
06-18 14:15:06.353 W/System.err(23756): 	at tech.gtt.frontapp.servicesdk.common.service.utility.apis.e2ee.E2eeConfigResponse$$serializer.deserialize(SourceFile:1)
06-18 14:15:06.353 W/System.err(23756): 	at kotlinx.serialization.json.internal.StreamingJsonDecoder.decodeSerializableValue(SourceFile:320)
06-18 14:15:06.353 W/System.err(23756): 	at kotlinx.serialization.json.Json.decodeFromString(SourceFile:3)
06-18 14:15:06.353 W/System.err(23756): 	at tech.gtt.frontapp.servicesdk.common.service.utility.apis.e2ee.E2eeManager.syncE2eeConfig(SourceFile:74)
06-18 14:15:06.353 W/System.err(23756): 	at tech.gtt.frontapp.servicesdk.common.service.utility.apis.ApiUtilServiceImpl.onServiceInit(SourceFile:228)
06-18 14:15:06.353 W/System.err(23756): 	at tech.gtt.frontapp.servicesdk.common.core.ServiceSDKImpl.executeServiceInitialize(SourceFile:372)
06-18 14:15:06.353 W/System.err(23756): 	at tech.gtt.frontapp.servicesdk.common.core.ServiceSDKImpl.access$executeServiceInitialize(SourceFile:1)
06-18 14:15:06.353 W/System.err(23756): 	at tech.gtt.frontapp.servicesdk.common.core.ServiceSDKImpl$init$1.invokeSuspend(SourceFile:178)
06-18 14:15:06.353 W/System.err(23756): 	at tech.gtt.frontapp.servicesdk.common.core.ServiceSDKImpl$init$1.invoke(SourceFile:2)
06-18 14:15:06.353 W/System.err(23756): 	at tech.gtt.frontapp.servicesdk.common.core.ServiceSDKImpl$init$1.invoke(SourceFile:1)
06-18 14:15:06.353 W/System.err(23756): 	at kotlinx.coroutines.flow.SafeFlow.collectSafely(SourceFile:3)
06-18 14:15:06.353 W/System.err(23756): 	at kotlinx.coroutines.flow.AbstractFlow.collect(SourceFile:70)
06-18 14:15:06.353 W/System.err(23756): 	at tech.gtt.frontapp.servicesdk.common.core.SDKSetup$build$1.invokeSuspend(SourceFile:42)
06-18 14:15:06.353 W/System.err(23756): 	at tech.gtt.frontapp.servicesdk.common.core.SDKSetup$build$1.invoke(SourceFile:2)
06-18 14:15:06.353 W/System.err(23756): 	at tech.gtt.frontapp.servicesdk.common.core.SDKSetup$build$1.invoke(SourceFile:1)
06-18 14:15:06.353 W/System.err(23756): 	at tech.gtt.frontapp.servicesdk.common.core.Scheduler$scheduleDirect$1.invokeSuspend(SourceFile:61)
06-18 14:15:06.353 W/System.err(23756): 	at lh.a.resumeWith(SourceFile:14)
06-18 14:15:06.353 W/System.err(23756): 	at kotlinx.coroutines.DispatchedTask.run(SourceFile:123)
06-18 14:15:06.353 W/System.err(23756): 	at kotlinx.coroutines.internal.LimitedDispatcher$Worker.run(SourceFile:4)
06-18 14:15:06.353 W/System.err(23756): 	at kotlinx.coroutines.scheduling.TaskImpl.run(SourceFile:3)
06-18 14:15:06.353 W/System.err(23756): 	at kotlinx.coroutines.scheduling.CoroutineScheduler.runSafely(SourceFile:1)
06-18 14:15:06.353 W/System.err(23756): 	at kotlinx.coroutines.scheduling.CoroutineScheduler$Worker.executeTask(SourceFile:34)
06-18 14:15:06.353 W/System.err(23756): 	at kotlinx.coroutines.scheduling.CoroutineScheduler$Worker.runWorker(SourceFile:29)
06-18 14:15:06.353 W/System.err(23756): 	at kotlinx.coroutines.scheduling.CoroutineScheduler$Worker.run(SourceFile:1)
06-18 14:15:06.366 W/System.err(23756): java.io.FileNotFoundException: sys/class/sunxi_info/sys_info: open failed: ENOENT (No such file or directory)
06-18 14:15:06.366 W/System.err(23756): 	at libcore.io.IoBridge.open(IoBridge.java:575)
06-18 14:15:06.366 W/System.err(23756): 	at java.io.FileInputStream.<init>(FileInputStream.java:160)
06-18 14:15:06.367 W/System.err(23756): 	at java.io.FileInputStream.<init>(FileInputStream.java:115)
06-18 14:15:06.367 W/System.err(23756): 	at ip.b.b(SourceFile:5)
06-18 14:15:06.367 W/System.err(23756): 	at ip.b.a(SourceFile:155)
06-18 14:15:06.367 W/System.err(23756): 	at ip.a.invoke(SourceFile:589)
06-18 14:15:06.367 W/System.err(23756): 	at dh.v.getValue(SourceFile:21)
06-18 14:15:06.367 W/System.err(23756): 	at tech.gtt.frontapp.servicesdk.common.network.interceptor.params.ApiDeviceParams.handleFixedParams(SourceFile:52)
06-18 14:15:06.367 W/System.err(23756): 	at tech.gtt.frontapp.servicesdk.common.service.utility.apis.IParamsGetter.toMaps(SourceFile:87)
06-18 14:15:06.367 W/System.err(23756): 	at tech.gtt.frontapp.servicesdk.common.network.interceptor.DefaultParamsInterceptor.onRequest(SourceFile:127)
06-18 14:15:06.367 W/System.err(23756): 	at tech.gtt.frontapp.servicesdk.common.network.interceptor.SDKInterceptorsPluginKt$setupRequestInterception$1.invokeSuspend(SourceFile:103)
06-18 14:15:06.367 W/System.err(23756): 	at tech.gtt.frontapp.servicesdk.common.network.interceptor.SDKInterceptorsPluginKt$setupRequestInterception$1.invoke(SourceFile:1)
06-18 14:15:06.367 W/System.err(23756): 	at tech.gtt.frontapp.servicesdk.common.network.interceptor.SDKInterceptorsPluginKt$setupRequestInterception$1.invoke(SourceFile:2)
06-18 14:15:06.367 W/System.err(23756): 	at io.ktor.util.pipeline.DebugPipelineContext.proceedLoop(SourceFile:86)
06-18 14:15:06.367 W/System.err(23756): 	at io.ktor.util.pipeline.DebugPipelineContext.proceed(SourceFile:26)
06-18 14:15:06.367 W/System.err(23756): 	at io.ktor.client.plugins.RequestError$install$1.invokeSuspend(SourceFile:47)
06-18 14:15:06.367 W/System.err(23756): 	at io.ktor.client.plugins.RequestError$install$1.invoke(SourceFile:1)
06-18 14:15:06.367 W/System.err(23756): 	at io.ktor.client.plugins.RequestError$install$1.invoke(SourceFile:2)
06-18 14:15:06.367 W/System.err(23756): 	at io.ktor.util.pipeline.DebugPipelineContext.proceedLoop(SourceFile:86)
06-18 14:15:06.367 W/System.err(23756): 	at io.ktor.util.pipeline.DebugPipelineContext.proceed(SourceFile:26)
06-18 14:15:06.367 W/System.err(23756): 	at io.ktor.client.plugins.SetupRequestContext$install$1.invokeSuspend$proceed(SourceFile:1)
06-18 14:15:06.367 W/System.err(23756): 	at io.ktor.client.plugins.SetupRequestContext$install$1.access$invokeSuspend$proceed(SourceFile:1)
06-18 14:15:06.367 W/System.err(23756): 	at io.ktor.client.plugins.SetupRequestContext$install$1$1.invoke(SourceFile:2)
06-18 14:15:06.367 W/System.err(23756): 	at io.ktor.client.plugins.SetupRequestContext$install$1$1.invoke(SourceFile:1)
06-18 14:15:06.367 W/System.err(23756): 	at io.ktor.client.plugins.HttpRequestLifecycleKt$HttpRequestLifecycle$1$1.invokeSuspend(SourceFile:78)
06-18 14:15:06.367 W/System.err(23756): 	at io.ktor.client.plugins.HttpRequestLifecycleKt$HttpRequestLifecycle$1$1.invoke(SourceFile:1)
06-18 14:15:06.367 W/System.err(23756): 	at io.ktor.client.plugins.HttpRequestLifecycleKt$HttpRequestLifecycle$1$1.invoke(SourceFile:2)
06-18 14:15:06.367 W/System.err(23756): 	at io.ktor.client.plugins.SetupRequestContext$install$1.invokeSuspend(SourceFile:42)
06-18 14:15:06.367 W/System.err(23756): 	at io.ktor.client.plugins.SetupRequestContext$install$1.invoke(SourceFile:1)
06-18 14:15:06.367 W/System.err(23756): 	at io.ktor.client.plugins.SetupRequestContext$install$1.invoke(SourceFile:2)
06-18 14:15:06.367 W/System.err(23756): 	at io.ktor.util.pipeline.DebugPipelineContext.proceedLoop(SourceFile:86)
06-18 14:15:06.367 W/System.err(23756): 	at io.ktor.util.pipeline.DebugPipelineContext.proceed(SourceFile:26)
06-18 14:15:06.367 W/System.err(23756): 	at io.ktor.util.pipeline.DebugPipelineContext.execute$ktor_utils(SourceFile:7)
06-18 14:15:06.367 W/System.err(23756): 	at io.ktor.util.pipeline.Pipeline.execute(SourceFile:9)
06-18 14:15:06.367 W/System.err(23756): 	at io.ktor.client.HttpClient.execute$ktor_client_core(SourceFile:68)
06-18 14:15:06.367 W/System.err(23756): 	at io.ktor.client.statement.HttpStatement.fetchResponse(SourceFile:90)
06-18 14:15:06.367 W/System.err(23756): 	at io.ktor.client.statement.HttpStatement.execute(SourceFile:9)
06-18 14:15:06.367 W/System.err(23756): 	at de.jensklingenberg.ktorfit.internal.KtorfitConverterHelper.suspendRequest(SourceFile:127)
06-18 14:15:06.367 W/System.err(23756): 	at de.jensklingenberg.ktorfit.internal.KtorfitConverterHelper$request$1$1.invokeSuspend(SourceFile:58)
06-18 14:15:06.367 W/System.err(23756): 	at de.jensklingenberg.ktorfit.internal.KtorfitConverterHelper$request$1$1.invoke(SourceFile:2)
06-18 14:15:06.367 W/System.err(23756): 	at de.jensklingenberg.ktorfit.internal.KtorfitConverterHelper$request$1$1.invoke(SourceFile:1)
06-18 14:15:06.367 W/System.err(23756): 	at de.jensklingenberg.ktorfit.converter.FlowConverterFactory$responseConverter$1$convert$1.invokeSuspend(SourceFile:84)
06-18 14:15:06.367 W/System.err(23756): 	at de.jensklingenberg.ktorfit.converter.FlowConverterFactory$responseConverter$1$convert$1.invoke(SourceFile:2)
06-18 14:15:06.367 W/System.err(23756): 	at de.jensklingenberg.ktorfit.converter.FlowConverterFactory$responseConverter$1$convert$1.invoke(SourceFile:1)
06-18 14:15:06.367 W/System.err(23756): 	at kotlinx.coroutines.flow.SafeFlow.collectSafely(SourceFile:3)
06-18 14:15:06.367 W/System.err(23756): 	at kotlinx.coroutines.flow.AbstractFlow.collect(SourceFile:70)
06-18 14:15:06.367 W/System.err(23756): 	at kotlinx.coroutines.flow.FlowKt__MergeKt$flatMapConcat$$inlined$map$1.collect(SourceFile:10)
06-18 14:15:06.367 W/System.err(23756): 	at kotlinx.coroutines.flow.FlowKt__MergeKt$flattenConcat$$inlined$unsafeFlow$1.collect(SourceFile:8)
06-18 14:15:06.367 W/System.err(23756): 	at kotlinx.coroutines.flow.FlowKt__CollectKt.collect(SourceFile:1)
06-18 14:15:06.367 W/System.err(23756): 	at kotlinx.coroutines.flow.FlowKt.collect(SourceFile:1)
06-18 14:15:06.367 W/System.err(23756): 	at tech.gtt.frontapp.servicesdk.common.service.utility.apis.ApiUtilServiceImpl.onServiceInit(SourceFile:240)
06-18 14:15:06.367 W/System.err(23756): 	at tech.gtt.frontapp.servicesdk.common.core.ServiceSDKImpl.executeServiceInitialize(SourceFile:372)
06-18 14:15:06.367 W/System.err(23756): 	at tech.gtt.frontapp.servicesdk.common.core.ServiceSDKImpl.access$executeServiceInitialize(SourceFile:1)
06-18 14:15:06.367 W/System.err(23756): 	at tech.gtt.frontapp.servicesdk.common.core.ServiceSDKImpl$init$1.invokeSuspend(SourceFile:178)
06-18 14:15:06.367 W/System.err(23756): 	at tech.gtt.frontapp.servicesdk.common.core.ServiceSDKImpl$init$1.invoke(SourceFile:2)
06-18 14:15:06.367 W/System.err(23756): 	at tech.gtt.frontapp.servicesdk.common.core.ServiceSDKImpl$init$1.invoke(SourceFile:1)
06-18 14:15:06.367 W/System.err(23756): 	at kotlinx.coroutines.flow.SafeFlow.collectSafely(SourceFile:3)
06-18 14:15:06.367 W/System.err(23756): 	at kotlinx.coroutines.flow.AbstractFlow.collect(SourceFile:70)
06-18 14:15:06.367 W/System.err(23756): 	at tech.gtt.frontapp.servicesdk.common.core.SDKSetup$build$1.invokeSuspend(SourceFile:42)
06-18 14:15:06.367 W/System.err(23756): 	at tech.gtt.frontapp.servicesdk.common.core.SDKSetup$build$1.invoke(SourceFile:2)
06-18 14:15:06.367 W/System.err(23756): 	at tech.gtt.frontapp.servicesdk.common.core.SDKSetup$build$1.invoke(SourceFile:1)
06-18 14:15:06.367 W/System.err(23756): 	at tech.gtt.frontapp.servicesdk.common.core.Scheduler$scheduleDirect$1.invokeSuspend(SourceFile:61)
06-18 14:15:06.367 W/System.err(23756): 	at lh.a.resumeWith(SourceFile:14)
06-18 14:15:06.367 W/System.err(23756): 	at kotlinx.coroutines.DispatchedTask.run(SourceFile:123)
06-18 14:15:06.367 W/System.err(23756): 	at kotlinx.coroutines.internal.LimitedDispatcher$Worker.run(SourceFile:4)
06-18 14:15:06.367 W/System.err(23756): 	at kotlinx.coroutines.scheduling.TaskImpl.run(SourceFile:3)
06-18 14:15:06.367 W/System.err(23756): 	at kotlinx.coroutines.scheduling.CoroutineScheduler.runSafely(SourceFile:1)
06-18 14:15:06.367 W/System.err(23756): 	at kotlinx.coroutines.scheduling.CoroutineScheduler$Worker.executeTask(SourceFile:34)
06-18 14:15:06.367 W/System.err(23756): 	at kotlinx.coroutines.scheduling.CoroutineScheduler$Worker.runWorker(SourceFile:29)
06-18 14:15:06.367 W/System.err(23756): 	at kotlinx.coroutines.scheduling.CoroutineScheduler$Worker.run(SourceFile:1)
06-18 14:15:06.367 W/System.err(23756): Caused by: android.system.ErrnoException: open failed: ENOENT (No such file or directory)
06-18 14:15:06.367 W/System.err(23756): 	at libcore.io.Linux.open(Native Method)
06-18 14:15:06.367 W/System.err(23756): 	at libcore.io.ForwardingOs.open(ForwardingOs.java:567)
06-18 14:15:06.367 W/System.err(23756): 	at libcore.io.BlockGuardOs.open(BlockGuardOs.java:273)
06-18 14:15:06.367 W/System.err(23756): 	at libcore.io.ForwardingOs.open(ForwardingOs.java:567)
06-18 14:15:06.367 W/System.err(23756): 	at android.app.ActivityThread$AndroidOs.open(ActivityThread.java:7761)
06-18 14:15:06.367 W/System.err(23756): 	at libcore.io.IoBridge.open(IoBridge.java:561)
06-18 14:15:06.367 W/System.err(23756): 	... 69 more
06-18 14:15:06.368 W/System.err(23756): java.io.FileNotFoundException: sys/class/sunxi_info/sys_info: open failed: ENOENT (No such file or directory)
06-18 14:15:06.368 W/System.err(23756): 	at libcore.io.IoBridge.open(IoBridge.java:575)
06-18 14:15:06.368 W/System.err(23756): 	at java.io.FileInputStream.<init>(FileInputStream.java:160)
06-18 14:15:06.368 W/System.err(23756): 	at java.io.FileInputStream.<init>(FileInputStream.java:115)
06-18 14:15:06.368 W/System.err(23756): 	at ip.b.b(SourceFile:5)
06-18 14:15:06.368 W/System.err(23756): 	at ip.b.a(SourceFile:155)
06-18 14:15:06.368 W/System.err(23756): 	at ip.a.invoke(SourceFile:127)
06-18 14:15:06.368 W/System.err(23756): 	at dh.v.getValue(SourceFile:21)
06-18 14:15:06.368 W/System.err(23756): 	at tech.gtt.frontapp.servicesdk.common.network.interceptor.params.ApiDeviceParams.handleFixedParams(SourceFile:65)
06-18 14:15:06.368 W/System.err(23756): 	at tech.gtt.frontapp.servicesdk.common.service.utility.apis.IParamsGetter.toMaps(SourceFile:87)
06-18 14:15:06.368 W/System.err(23756): 	at tech.gtt.frontapp.servicesdk.common.network.interceptor.DefaultParamsInterceptor.onRequest(SourceFile:127)
06-18 14:15:06.368 W/System.err(23756): 	at tech.gtt.frontapp.servicesdk.common.network.interceptor.SDKInterceptorsPluginKt$setupRequestInterception$1.invokeSuspend(SourceFile:103)
06-18 14:15:06.368 W/System.err(23756): 	at tech.gtt.frontapp.servicesdk.common.network.interceptor.SDKInterceptorsPluginKt$setupRequestInterception$1.invoke(SourceFile:1)
06-18 14:15:06.368 W/System.err(23756): 	at tech.gtt.frontapp.servicesdk.common.network.interceptor.SDKInterceptorsPluginKt$setupRequestInterception$1.invoke(SourceFile:2)
06-18 14:15:06.368 W/System.err(23756): 	at io.ktor.util.pipeline.DebugPipelineContext.proceedLoop(SourceFile:86)
06-18 14:15:06.368 W/System.err(23756): 	at io.ktor.util.pipeline.DebugPipelineContext.proceed(SourceFile:26)
06-18 14:15:06.368 W/System.err(23756): 	at io.ktor.client.plugins.RequestError$install$1.invokeSuspend(SourceFile:47)
06-18 14:15:06.368 W/System.err(23756): 	at io.ktor.client.plugins.RequestError$install$1.invoke(SourceFile:1)
06-18 14:15:06.368 W/System.err(23756): 	at io.ktor.client.plugins.RequestError$install$1.invoke(SourceFile:2)
06-18 14:15:06.368 W/System.err(23756): 	at io.ktor.util.pipeline.DebugPipelineContext.proceedLoop(SourceFile:86)
06-18 14:15:06.368 W/System.err(23756): 	at io.ktor.util.pipeline.DebugPipelineContext.proceed(SourceFile:26)
06-18 14:15:06.368 W/System.err(23756): 	at io.ktor.client.plugins.SetupRequestContext$install$1.invokeSuspend$proceed(SourceFile:1)
06-18 14:15:06.368 W/System.err(23756): 	at io.ktor.client.plugins.SetupRequestContext$install$1.access$invokeSuspend$proceed(SourceFile:1)
06-18 14:15:06.368 W/System.err(23756): 	at io.ktor.client.plugins.SetupRequestContext$install$1$1.invoke(SourceFile:2)
06-18 14:15:06.368 W/System.err(23756): 	at io.ktor.client.plugins.SetupRequestContext$install$1$1.invoke(SourceFile:1)
06-18 14:15:06.368 W/System.err(23756): 	at io.ktor.client.plugins.HttpRequestLifecycleKt$HttpRequestLifecycle$1$1.invokeSuspend(SourceFile:78)
06-18 14:15:06.368 W/System.err(23756): 	at io.ktor.client.plugins.HttpRequestLifecycleKt$HttpRequestLifecycle$1$1.invoke(SourceFile:1)
06-18 14:15:06.368 W/System.err(23756): 	at io.ktor.client.plugins.HttpRequestLifecycleKt$HttpRequestLifecycle$1$1.invoke(SourceFile:2)
06-18 14:15:06.368 W/System.err(23756): 	at io.ktor.client.plugins.SetupRequestContext$install$1.invokeSuspend(SourceFile:42)
06-18 14:15:06.368 W/System.err(23756): 	at io.ktor.client.plugins.SetupRequestContext$install$1.invoke(SourceFile:1)
06-18 14:15:06.368 W/System.err(23756): 	at io.ktor.client.plugins.SetupRequestContext$install$1.invoke(SourceFile:2)
06-18 14:15:06.368 W/System.err(23756): 	at io.ktor.util.pipeline.DebugPipelineContext.proceedLoop(SourceFile:86)
06-18 14:15:06.368 W/System.err(23756): 	at io.ktor.util.pipeline.DebugPipelineContext.proceed(SourceFile:26)
06-18 14:15:06.368 W/System.err(23756): 	at io.ktor.util.pipeline.DebugPipelineContext.execute$ktor_utils(SourceFile:7)
06-18 14:15:06.368 W/System.err(23756): 	at io.ktor.util.pipeline.Pipeline.execute(SourceFile:9)
06-18 14:15:06.368 W/System.err(23756): 	at io.ktor.client.HttpClient.execute$ktor_client_core(SourceFile:68)
06-18 14:15:06.368 W/System.err(23756): 	at io.ktor.client.statement.HttpStatement.fetchResponse(SourceFile:90)
06-18 14:15:06.368 W/System.err(23756): 	at io.ktor.client.statement.HttpStatement.execute(SourceFile:9)
06-18 14:15:06.368 W/System.err(23756): 	at de.jensklingenberg.ktorfit.internal.KtorfitConverterHelper.suspendRequest(SourceFile:127)
06-18 14:15:06.368 W/System.err(23756): 	at de.jensklingenberg.ktorfit.internal.KtorfitConverterHelper$request$1$1.invokeSuspend(SourceFile:58)
06-18 14:15:06.368 W/System.err(23756): 	at de.jensklingenberg.ktorfit.internal.KtorfitConverterHelper$request$1$1.invoke(SourceFile:2)
06-18 14:15:06.368 W/System.err(23756): 	at de.jensklingenberg.ktorfit.internal.KtorfitConverterHelper$request$1$1.invoke(SourceFile:1)
06-18 14:15:06.368 W/System.err(23756): 	at de.jensklingenberg.ktorfit.converter.FlowConverterFactory$responseConverter$1$convert$1.invokeSuspend(SourceFile:84)
06-18 14:15:06.368 W/System.err(23756): 	at de.jensklingenberg.ktorfit.converter.FlowConverterFactory$responseConverter$1$convert$1.invoke(SourceFile:2)
06-18 14:15:06.368 W/System.err(23756): 	at de.jensklingenberg.ktorfit.converter.FlowConverterFactory$responseConverter$1$convert$1.invoke(SourceFile:1)
06-18 14:15:06.368 W/System.err(23756): 	at kotlinx.coroutines.flow.SafeFlow.collectSafely(SourceFile:3)
06-18 14:15:06.368 W/System.err(23756): 	at kotlinx.coroutines.flow.AbstractFlow.collect(SourceFile:70)
06-18 14:15:06.368 W/System.err(23756): 	at kotlinx.coroutines.flow.FlowKt__MergeKt$flatMapConcat$$inlined$map$1.collect(SourceFile:10)
06-18 14:15:06.368 W/System.err(23756): 	at kotlinx.coroutines.flow.FlowKt__MergeKt$flattenConcat$$inlined$unsafeFlow$1.collect(SourceFile:8)
06-18 14:15:06.368 W/System.err(23756): 	at kotlinx.coroutines.flow.FlowKt__CollectKt.collect(SourceFile:1)
06-18 14:15:06.368 W/System.err(23756): 	at kotlinx.coroutines.flow.FlowKt.collect(SourceFile:1)
06-18 14:15:06.368 W/System.err(23756): 	at tech.gtt.frontapp.servicesdk.common.service.utility.apis.ApiUtilServiceImpl.onServiceInit(SourceFile:240)
06-18 14:15:06.368 W/System.err(23756): 	at tech.gtt.frontapp.servicesdk.common.core.ServiceSDKImpl.executeServiceInitialize(SourceFile:372)
06-18 14:15:06.368 W/System.err(23756): 	at tech.gtt.frontapp.servicesdk.common.core.ServiceSDKImpl.access$executeServiceInitialize(SourceFile:1)
06-18 14:15:06.368 W/System.err(23756): 	at tech.gtt.frontapp.servicesdk.common.core.ServiceSDKImpl$init$1.invokeSuspend(SourceFile:178)
06-18 14:15:06.368 W/System.err(23756): 	at tech.gtt.frontapp.servicesdk.common.core.ServiceSDKImpl$init$1.invoke(SourceFile:2)
06-18 14:15:06.368 W/System.err(23756): 	at tech.gtt.frontapp.servicesdk.common.core.ServiceSDKImpl$init$1.invoke(SourceFile:1)
06-18 14:15:06.368 W/System.err(23756): 	at kotlinx.coroutines.flow.SafeFlow.collectSafely(SourceFile:3)
06-18 14:15:06.368 W/System.err(23756): 	at kotlinx.coroutines.flow.AbstractFlow.collect(SourceFile:70)
06-18 14:15:06.368 W/System.err(23756): 	at tech.gtt.frontapp.servicesdk.common.core.SDKSetup$build$1.invokeSuspend(SourceFile:42)
06-18 14:15:06.368 W/System.err(23756): 	at tech.gtt.frontapp.servicesdk.common.core.SDKSetup$build$1.invoke(SourceFile:2)
06-18 14:15:06.368 W/System.err(23756): 	at tech.gtt.frontapp.servicesdk.common.core.SDKSetup$build$1.invoke(SourceFile:1)
06-18 14:15:06.368 W/System.err(23756): 	at tech.gtt.frontapp.servicesdk.common.core.Scheduler$scheduleDirect$1.invokeSuspend(SourceFile:61)
06-18 14:15:06.368 W/System.err(23756): 	at lh.a.resumeWith(SourceFile:14)
06-18 14:15:06.368 W/System.err(23756): 	at kotlinx.coroutines.DispatchedTask.run(SourceFile:123)
06-18 14:15:06.368 W/System.err(23756): 	at kotlinx.coroutines.internal.LimitedDispatcher$Worker.run(SourceFile:4)
06-18 14:15:06.368 W/System.err(23756): 	at kotlinx.coroutines.scheduling.TaskImpl.run(SourceFile:3)
06-18 14:15:06.368 W/System.err(23756): 	at kotlinx.coroutines.scheduling.CoroutineScheduler.runSafely(SourceFile:1)
06-18 14:15:06.368 W/System.err(23756): 	at kotlinx.coroutines.scheduling.CoroutineScheduler$Worker.executeTask(SourceFile:34)
06-18 14:15:06.368 W/System.err(23756): 	at kotlinx.coroutines.scheduling.CoroutineScheduler$Worker.runWorker(SourceFile:29)
06-18 14:15:06.368 W/System.err(23756): 	at kotlinx.coroutines.scheduling.CoroutineScheduler$Worker.run(SourceFile:1)
06-18 14:15:06.368 W/System.err(23756): Caused by: android.system.ErrnoException: open failed: ENOENT (No such file or directory)
06-18 14:15:06.368 W/System.err(23756): 	at libcore.io.Linux.open(Native Method)
06-18 14:15:06.368 W/System.err(23756): 	at libcore.io.ForwardingOs.open(ForwardingOs.java:567)
06-18 14:15:06.368 W/System.err(23756): 	at libcore.io.BlockGuardOs.open(BlockGuardOs.java:273)
06-18 14:15:06.368 W/System.err(23756): 	at libcore.io.ForwardingOs.open(ForwardingOs.java:567)
06-18 14:15:06.368 W/System.err(23756): 	at android.app.ActivityThread$AndroidOs.open(ActivityThread.java:7761)
06-18 14:15:06.368 W/System.err(23756): 	at libcore.io.IoBridge.open(IoBridge.java:561)
06-18 14:15:06.368 W/System.err(23756): 	... 69 more
06-18 14:15:06.372 W/System.err(23756): java.io.FileNotFoundException: sys/class/sunxi_info/sys_info: open failed: ENOENT (No such file or directory)
06-18 14:15:06.372 W/System.err(23756): 	at libcore.io.IoBridge.open(IoBridge.java:575)
06-18 14:15:06.372 W/System.err(23756): 	at java.io.FileInputStream.<init>(FileInputStream.java:160)
06-18 14:15:06.372 W/System.err(23756): 	at java.io.FileInputStream.<init>(FileInputStream.java:115)
06-18 14:15:06.372 W/System.err(23756): 	at ip.b.b(SourceFile:5)
06-18 14:15:06.372 W/System.err(23756): 	at ip.b.a(SourceFile:155)
06-18 14:15:06.372 W/System.err(23756): 	at ip.a.invoke(SourceFile:340)
06-18 14:15:06.372 W/System.err(23756): 	at dh.v.getValue(SourceFile:21)
06-18 14:15:06.372 W/System.err(23756): 	at tech.gtt.frontapp.servicesdk.common.network.interceptor.params.ApiDeviceParams.handleFixedParams(SourceFile:120)
06-18 14:15:06.372 W/System.err(23756): 	at tech.gtt.frontapp.servicesdk.common.service.utility.apis.IParamsGetter.toMaps(SourceFile:87)
06-18 14:15:06.372 W/System.err(23756): 	at tech.gtt.frontapp.servicesdk.common.network.interceptor.DefaultParamsInterceptor.onRequest(SourceFile:127)
06-18 14:15:06.372 W/System.err(23756): 	at tech.gtt.frontapp.servicesdk.common.network.interceptor.SDKInterceptorsPluginKt$setupRequestInterception$1.invokeSuspend(SourceFile:103)
06-18 14:15:06.372 W/System.err(23756): 	at tech.gtt.frontapp.servicesdk.common.network.interceptor.SDKInterceptorsPluginKt$setupRequestInterception$1.invoke(SourceFile:1)
06-18 14:15:06.372 W/System.err(23756): 	at tech.gtt.frontapp.servicesdk.common.network.interceptor.SDKInterceptorsPluginKt$setupRequestInterception$1.invoke(SourceFile:2)
06-18 14:15:06.372 W/System.err(23756): 	at io.ktor.util.pipeline.DebugPipelineContext.proceedLoop(SourceFile:86)
06-18 14:15:06.372 W/System.err(23756): 	at io.ktor.util.pipeline.DebugPipelineContext.proceed(SourceFile:26)
06-18 14:15:06.372 W/System.err(23756): 	at io.ktor.client.plugins.RequestError$install$1.invokeSuspend(SourceFile:47)
06-18 14:15:06.372 W/System.err(23756): 	at io.ktor.client.plugins.RequestError$install$1.invoke(SourceFile:1)
06-18 14:15:06.372 W/System.err(23756): 	at io.ktor.client.plugins.RequestError$install$1.invoke(SourceFile:2)
06-18 14:15:06.372 W/System.err(23756): 	at io.ktor.util.pipeline.DebugPipelineContext.proceedLoop(SourceFile:86)
06-18 14:15:06.372 W/System.err(23756): 	at io.ktor.util.pipeline.DebugPipelineContext.proceed(SourceFile:26)
06-18 14:15:06.372 W/System.err(23756): 	at io.ktor.client.plugins.SetupRequestContext$install$1.invokeSuspend$proceed(SourceFile:1)
06-18 14:15:06.372 W/System.err(23756): 	at io.ktor.client.plugins.SetupRequestContext$install$1.access$invokeSuspend$proceed(SourceFile:1)
06-18 14:15:06.372 W/System.err(23756): 	at io.ktor.client.plugins.SetupRequestContext$install$1$1.invoke(SourceFile:2)
06-18 14:15:06.372 W/System.err(23756): 	at io.ktor.client.plugins.SetupRequestContext$install$1$1.invoke(SourceFile:1)
06-18 14:15:06.372 W/System.err(23756): 	at io.ktor.client.plugins.HttpRequestLifecycleKt$HttpRequestLifecycle$1$1.invokeSuspend(SourceFile:78)
06-18 14:15:06.372 W/System.err(23756): 	at io.ktor.client.plugins.HttpRequestLifecycleKt$HttpRequestLifecycle$1$1.invoke(SourceFile:1)
06-18 14:15:06.372 W/System.err(23756): 	at io.ktor.client.plugins.HttpRequestLifecycleKt$HttpRequestLifecycle$1$1.invoke(SourceFile:2)
