06-15 22:23:45.842 W/MediaProvider( 2579): 	... 7 more
06-15 22:23:45.843 D/NuPlayerDriver( 1870): NuPlayerDriver(0xf09c1cc0) created, clientPid(11734)
06-15 22:23:45.844 D/SurfaceUtils( 1870): connecting to surface 0xeb5c3278, reason setVideoSurfaceTexture
06-15 22:23:45.845 D/NuPlayer( 1870): onSetVideoSurface(0xeb5c4ba0, no video decoder)
06-15 22:23:45.848 D/GenericSource( 1870): FileSource remote
06-15 22:23:45.852 I/SampleTable( 1859): There are reordered frames present.
06-15 22:23:45.855 D/MediaBufferGroup( 1859): creating MemoryDealer
06-15 22:23:45.879 D/MediaPlayerNative(11734): getMetadata
06-15 22:23:45.883 I/GenericSource( 1870): start
06-15 22:23:45.903 I/OMXClient( 1870): IOmx service obtained
06-15 22:23:45.903 I/OMXStore( 1880): makeComponentInstance(OMX.google.h264.decoder) in android.hardwar process
06-15 22:23:45.907 D/SurfaceUtils( 1870): disconnecting from surface 0xeb5c4ba8, reason onConfigure
06-15 22:23:45.908 D/SurfaceUtils( 1870): connecting to surface 0xeb5c4ba8, reason connectToSurface
06-15 22:23:45.911 I/MediaCodec( 1870): [OMX.google.h264.decoder] setting surface generation to 1914891
06-15 22:23:45.911 D/SurfaceUtils( 1870): disconnecting from surface 0xeb5c4ba8, reason connectToSurface(reconnect)
06-15 22:23:45.913 I/OMXClient( 1870): IOmx service obtained
06-15 22:23:45.913 I/OMXStore( 1880): makeComponentInstance(OMX.google.aac.decoder) in android.hardwar process
06-15 22:23:45.913 D/SurfaceUtils( 1870): connecting to surface 0xeb5c4ba8, reason connectToSurface(reconnect)
06-15 22:23:45.923 E/OMXNodeInstance( 1880): setConfig(0xf2600b70:google.aac.decoder, ConfigPriority(0x6f800002)) ERROR: Undefined(0x80001001)
06-15 22:23:45.923 I/ACodec  ( 1870): codec does not support config priority (err -2147483648)
06-15 22:23:45.924 E/OMXNodeInstance( 1880): getExtensionIndex(0xf26015f0:google.h264.decoder, OMX.google.android.index.enableAndroidNativeBuffers) ERROR: UnsupportedIndex(0x8000101a)
06-15 22:23:45.924 E/ACodec  ( 1870): [OMX.google.h264.decoder] setPortMode on output to DynamicANWBuffer failed w/ err -1010
06-15 22:23:45.924 E/OMXNodeInstance( 1880): getConfig(0xf2600b70:google.aac.decoder, ConfigAndroidVendorExtension(0x6f100004)) ERROR: Undefined(0x80001001)
06-15 22:23:45.925 E/OMXNodeInstance( 1880): getParameter(0xf26015f0:google.h264.decoder, ??(0x6f600011)) ERROR: UnsupportedIndex(0x8000101a)
06-15 22:23:45.925 W/OMXNodeInstance( 1880): [0xf26015f0:google.h264.decoder] component does not support metadata mode; using fallback
06-15 22:23:45.925 D/SoftVideoDecoderOMXComponent( 1880): Color Aspects preference: 1 
06-15 22:23:45.925 E/OMXNodeInstance( 1880): setConfig(0xf26015f0:google.h264.decoder, ConfigPriority(0x6f800002)) ERROR: UnsupportedIndex(0x8000101a)
06-15 22:23:45.925 I/ACodec  ( 1870): codec does not support config priority (err -1010)
06-15 22:23:45.925 E/OMXNodeInstance( 1880): setConfig(0xf26015f0:google.h264.decoder, ConfigOperatingRate(0x6f800003)) ERROR: UnsupportedIndex(0x8000101a)
06-15 22:23:45.925 I/ACodec  ( 1870): codec does not support config operating rate (err -1010)
06-15 22:23:45.925 E/OMXNodeInstance( 1880): getConfig(0xf26015f0:google.h264.decoder, ConfigAndroidVendorExtension(0x6f100004)) ERROR: UnsupportedIndex(0x8000101a)
06-15 22:23:45.925 E/OMXNodeInstance( 1880): getConfig(0xf26015f0:google.h264.decoder, ??(0x7f000003)) ERROR: UnsupportedSetting(0x80001019)
06-15 22:23:45.926 D/SoftAAC2( 1880): get OMX_IndexParamAudioAndroidAacDrcPresentation
06-15 22:23:45.926 I/MediaCodec( 1870): MediaCodec will operate in async mode
06-15 22:23:45.926 D/MediaCodec( 1870): keep callback message for reclaim
06-15 22:23:45.930 I/MediaCodec( 1870): MediaCodec will operate in async mode
06-15 22:23:45.932 D/MediaCodec( 1870): keep callback message for reclaim
06-15 22:23:45.944 I/SoftAAC2( 1880): Reconfiguring decoder: 0->44100 Hz, 0->1 channels
06-15 22:23:45.945 D/SoftAAC2( 1880): get OMX_IndexParamAudioAndroidAacDrcPresentation
06-15 22:23:45.945 W/ResourceManagerService( 1870): Ignoring request to add new resource entry with value <= 0
06-15 22:23:45.947 D/SoftVideoDecoderOMXComponent( 1880): Color Aspects preference: 1 
06-15 22:23:45.948 E/OMXNodeInstance( 1880): getConfig(0xf26015f0:google.h264.decoder, ??(0x7f000003)) ERROR: UnsupportedSetting(0x80001019)
06-15 22:23:45.960 D/AudioFlinger( 1780): Client defaulted notificationFrames to 11286 for frameCount 22572
06-15 22:23:45.963 D/AF::TrackHandle( 1780): OpPlayAudio: track:66 usage:1 not muted
06-15 22:23:45.988 W/InputManager-JNI( 1965): Input channel object '9b47843 tech.gtt.frontapp.stb.demo/tech.gtt.frontapp.stb.m.home.activity.SplashActivity (client)' was disposed without first being removed with the input manager!
06-15 22:23:46.014 D/UiDevice(11680): Searching for node with selector: BySelector [RES='\Qtech.gtt.frontapp.stb.demo:id/account_login_tv2\E'].
06-15 22:23:46.015 W/QueryController(11680): Could not detect idle state.
06-15 22:23:46.020 E/android.hardware.audio.service( 1760): pcm_open called create stream faild
06-15 22:23:46.049 D/MediaCodec( 1870): [OMX.google.h264.decoder] setting dataspace on output surface to #102
06-15 22:23:46.059 D/gralloc_nox( 1771): gralloc_alloc: Creating ashmem region of size 589824
06-15 22:23:46.059 W/MediaPlayerNative(11734): info/warning (3, 0)
06-15 22:23:46.073 D/SoftwareRenderer( 1870): setting dataspace on output surface to #8000102
06-15 22:23:46.083 D/gralloc_nox( 1771): gralloc_alloc: Creating ashmem region of size 589824
06-15 22:23:46.093 D/AudioFlinger( 1780): mixer(0x7476fcea3a60) throttle end: throttle time(36)
06-15 22:23:46.101 D/gralloc_nox( 1771): gralloc_alloc: Creating ashmem region of size 589824
06-15 22:23:46.181 D/UiDevice(11680): Searching for node with selector: BySelector [RES='\Qtech.gtt.frontapp.stb.demo:id/account_login_tv2\E'].
06-15 22:23:46.183 W/QueryController(11680): Could not detect idle state.
06-15 22:23:46.295 D/UiDevice(11680): Searching for node with selector: BySelector [RES='\Qtech.gtt.frontapp.stb.demo:id/account_login_tv2\E'].
06-15 22:23:46.296 W/QueryController(11680): Could not detect idle state.
06-15 22:23:46.347 D/gralloc_nox( 1771): gralloc_alloc: Creating ashmem region of size 589824
06-15 22:23:46.352 D/gralloc_nox( 1771): gralloc_alloc: Creating ashmem region of size 589824
06-15 22:23:46.363 D/AudioFlinger( 1780): mixer(0x7476fcea3a60) throttle end: throttle time(184)
06-15 22:23:46.405 D/UiDevice(11680): Searching for node with selector: BySelector [RES='\Qtech.gtt.frontapp.stb.demo:id/account_login_tv2\E'].
06-15 22:23:46.406 W/QueryController(11680): Could not detect idle state.
06-15 22:23:46.410 D/AudioFlinger( 1780): mixer(0x7476fcea3a60) throttle end: throttle time(17)
06-15 22:23:46.511 D/UiDevice(11680): Searching for node with selector: BySelector [RES='\Qtech.gtt.frontapp.stb.demo:id/account_login_tv2\E'].
06-15 22:23:46.511 W/QueryController(11680): Could not detect idle state.
06-15 22:23:46.618 D/UiDevice(11680): Searching for node with selector: BySelector [RES='\Qtech.gtt.frontapp.stb.demo:id/account_login_tv2\E'].
06-15 22:23:46.618 W/QueryController(11680): Could not detect idle state.
06-15 22:23:46.721 D/UiDevice(11680): Searching for node with selector: BySelector [RES='\Qtech.gtt.frontapp.stb.demo:id/account_login_tv2\E'].
06-15 22:23:46.722 W/QueryController(11680): Could not detect idle state.
06-15 22:23:46.828 D/UiDevice(11680): Searching for node with selector: BySelector [RES='\Qtech.gtt.frontapp.stb.demo:id/account_login_tv2\E'].
06-15 22:23:46.829 W/QueryController(11680): Could not detect idle state.
06-15 22:23:46.946 D/UiDevice(11680): Searching for node with selector: BySelector [RES='\Qtech.gtt.frontapp.stb.demo:id/account_login_tv2\E'].
06-15 22:23:46.947 W/QueryController(11680): Could not detect idle state.
06-15 22:23:47.052 D/UiDevice(11680): Searching for node with selector: BySelector [RES='\Qtech.gtt.frontapp.stb.demo:id/account_login_tv2\E'].
06-15 22:23:47.053 W/QueryController(11680): Could not detect idle state.
06-15 22:23:47.158 D/UiDevice(11680): Searching for node with selector: BySelector [RES='\Qtech.gtt.frontapp.stb.demo:id/account_login_tv2\E'].
06-15 22:23:47.159 W/QueryController(11680): Could not detect idle state.
06-15 22:23:47.264 D/UiDevice(11680): Searching for node with selector: BySelector [RES='\Qtech.gtt.frontapp.stb.demo:id/account_login_tv2\E'].
06-15 22:23:47.265 W/QueryController(11680): Could not detect idle state.
06-15 22:23:47.370 D/UiDevice(11680): Searching for node with selector: BySelector [RES='\Qtech.gtt.frontapp.stb.demo:id/account_login_tv2\E'].
06-15 22:23:47.370 W/QueryController(11680): Could not detect idle state.
06-15 22:23:47.473 D/UiDevice(11680): Searching for node with selector: BySelector [RES='\Qtech.gtt.frontapp.stb.demo:id/account_login_tv2\E'].
06-15 22:23:47.473 W/QueryController(11680): Could not detect idle state.
06-15 22:23:47.580 D/UiDevice(11680): Searching for node with selector: BySelector [RES='\Qtech.gtt.frontapp.stb.demo:id/account_login_tv2\E'].
06-15 22:23:47.582 W/QueryController(11680): Could not detect idle state.
06-15 22:23:47.691 D/UiDevice(11680): Searching for node with selector: BySelector [RES='\Qtech.gtt.frontapp.stb.demo:id/account_login_tv2\E'].
06-15 22:23:47.692 W/QueryController(11680): Could not detect idle state.
06-15 22:23:47.796 D/UiDevice(11680): Searching for node with selector: BySelector [RES='\Qtech.gtt.frontapp.stb.demo:id/account_login_tv2\E'].
06-15 22:23:47.797 W/QueryController(11680): Could not detect idle state.
06-15 22:23:47.901 D/UiDevice(11680): Searching for node with selector: BySelector [RES='\Qtech.gtt.frontapp.stb.demo:id/account_login_tv2\E'].
06-15 22:23:47.902 W/QueryController(11680): Could not detect idle state.
06-15 22:23:48.005 D/UiDevice(11680): Searching for node with selector: BySelector [RES='\Qtech.gtt.frontapp.stb.demo:id/account_login_tv2\E'].
06-15 22:23:48.005 W/QueryController(11680): Could not detect idle state.
06-15 22:23:48.109 D/UiDevice(11680): Searching for node with selector: BySelector [RES='\Qtech.gtt.frontapp.stb.demo:id/account_login_tv2\E'].
06-15 22:23:48.109 W/QueryController(11680): Could not detect idle state.
06-15 22:23:48.212 D/UiDevice(11680): Searching for node with selector: BySelector [RES='\Qtech.gtt.frontapp.stb.demo:id/account_login_tv2\E'].
06-15 22:23:48.213 W/QueryController(11680): Could not detect idle state.
06-15 22:23:48.318 D/UiDevice(11680): Searching for node with selector: BySelector [RES='\Qtech.gtt.frontapp.stb.demo:id/account_login_tv2\E'].
06-15 22:23:48.318 W/QueryController(11680): Could not detect idle state.
06-15 22:23:48.422 D/UiDevice(11680): Searching for node with selector: BySelector [RES='\Qtech.gtt.frontapp.stb.demo:id/account_login_tv2\E'].
06-15 22:23:48.423 W/QueryController(11680): Could not detect idle state.
06-15 22:23:48.526 D/UiDevice(11680): Searching for node with selector: BySelector [RES='\Qtech.gtt.frontapp.stb.demo:id/account_login_tv2\E'].
06-15 22:23:48.527 W/QueryController(11680): Could not detect idle state.
06-15 22:23:48.632 D/UiDevice(11680): Searching for node with selector: BySelector [RES='\Qtech.gtt.frontapp.stb.demo:id/account_login_tv2\E'].
06-15 22:23:48.633 W/QueryController(11680): Could not detect idle state.
06-15 22:23:48.738 D/UiDevice(11680): Searching for node with selector: BySelector [RES='\Qtech.gtt.frontapp.stb.demo:id/account_login_tv2\E'].
06-15 22:23:48.739 W/QueryController(11680): Could not detect idle state.
06-15 22:23:48.807 E/TaskPersister( 1965): File error accessing recents directory (directory doesn't exist?).
06-15 22:23:48.850 D/UiDevice(11680): Searching for node with selector: BySelector [RES='\Qtech.gtt.frontapp.stb.demo:id/account_login_tv2\E'].
06-15 22:23:48.850 W/QueryController(11680): Could not detect idle state.
06-15 22:23:48.856 I/keystore2( 1708): keystore2::watchdog: Watchdog thread idle -> terminating. Have a great day.
06-15 22:23:48.954 D/UiDevice(11680): Searching for node with selector: BySelector [RES='\Qtech.gtt.frontapp.stb.demo:id/account_login_tv2\E'].
06-15 22:23:48.954 W/QueryController(11680): Could not detect idle state.
06-15 22:23:49.059 D/UiDevice(11680): Searching for node with selector: BySelector [RES='\Qtech.gtt.frontapp.stb.demo:id/account_login_tv2\E'].
06-15 22:23:49.060 W/QueryController(11680): Could not detect idle state.
06-15 22:23:49.167 D/UiDevice(11680): Searching for node with selector: BySelector [RES='\Qtech.gtt.frontapp.stb.demo:id/account_login_tv2\E'].
06-15 22:23:49.167 W/QueryController(11680): Could not detect idle state.
06-15 22:23:49.272 D/UiDevice(11680): Searching for node with selector: BySelector [RES='\Qtech.gtt.frontapp.stb.demo:id/account_login_tv2\E'].
06-15 22:23:49.273 W/QueryController(11680): Could not detect idle state.
06-15 22:23:49.376 D/UiDevice(11680): Searching for node with selector: BySelector [RES='\Qtech.gtt.frontapp.stb.demo:id/account_login_tv2\E'].
06-15 22:23:49.377 W/QueryController(11680): Could not detect idle state.
06-15 22:23:49.489 D/UiDevice(11680): Searching for node with selector: BySelector [RES='\Qtech.gtt.frontapp.stb.demo:id/account_login_tv2\E'].
06-15 22:23:49.490 W/QueryController(11680): Could not detect idle state.
06-15 22:23:49.595 D/UiDevice(11680): Searching for node with selector: BySelector [RES='\Qtech.gtt.frontapp.stb.demo:id/account_login_tv2\E'].
06-15 22:23:49.598 W/QueryController(11680): Could not detect idle state.
06-15 22:23:49.708 D/UiDevice(11680): Searching for node with selector: BySelector [RES='\Qtech.gtt.frontapp.stb.demo:id/account_login_tv2\E'].
06-15 22:23:49.708 W/QueryController(11680): Could not detect idle state.
06-15 22:23:49.811 D/UiDevice(11680): Searching for node with selector: BySelector [RES='\Qtech.gtt.frontapp.stb.demo:id/account_login_tv2\E'].
06-15 22:23:49.812 W/QueryController(11680): Could not detect idle state.
06-15 22:23:49.918 D/UiDevice(11680): Searching for node with selector: BySelector [RES='\Qtech.gtt.frontapp.stb.demo:id/account_login_tv2\E'].
06-15 22:23:49.919 W/QueryController(11680): Could not detect idle state.
06-15 22:23:49.992 D/AudioTrack( 1870): stop(18): called with 200704 frames delivered
06-15 22:23:50.023 D/UiDevice(11680): Searching for node with selector: BySelector [RES='\Qtech.gtt.frontapp.stb.demo:id/account_login_tv2\E'].
06-15 22:23:50.024 W/QueryController(11680): Could not detect idle state.
06-15 22:23:50.134 D/UiDevice(11680): Searching for node with selector: BySelector [RES='\Qtech.gtt.frontapp.stb.demo:id/account_login_tv2\E'].
06-15 22:23:50.135 W/QueryController(11680): Could not detect idle state.
06-15 22:23:50.244 D/UiDevice(11680): Searching for node with selector: BySelector [RES='\Qtech.gtt.frontapp.stb.demo:id/account_login_tv2\E'].
06-15 22:23:50.244 W/QueryController(11680): Could not detect idle state.
06-15 22:23:50.351 D/UiDevice(11680): Searching for node with selector: BySelector [RES='\Qtech.gtt.frontapp.stb.demo:id/account_login_tv2\E'].
06-15 22:23:50.352 W/QueryController(11680): Could not detect idle state.
06-15 22:23:50.407 D/NuPlayerDriver( 1870): stop(0xf09c1cc0)
06-15 22:23:50.408 V/MediaPlayer(11734): resetDrmState:  mDrmInfo=null mDrmProvisioningThread=null mPrepareDrmInProgress=false mActiveDrmScheme=false
06-15 22:23:50.408 V/MediaPlayer(11734): cleanDrmObj: mDrmObj=null mDrmSessionId=null
06-15 22:23:50.408 D/NuPlayerDriver( 1870): reset(0xf09c1cc0) at state 8
06-15 22:23:50.411 D/SurfaceUtils( 1870): disconnecting from surface 0xeb5c4ba8, reason disconnectFromSurface
06-15 22:23:50.413 D/SurfaceUtils( 1870): connecting to surface 0xeb5c4ba8, reason onShutdown
06-15 22:23:50.415 D/NuPlayerDriver( 1870): notifyResetComplete(0xf09c1cc0)
06-15 22:23:50.416 D/SurfaceUtils( 1870): disconnecting from surface 0xeb5c3278, reason disconnectNativeWindow
06-15 22:23:50.416 W/AMessage( 1870): failed to post message as target looper for handler 0 is gone.
06-15 22:23:50.417 I/MediaFocusControl( 1965): abandonAudioFocus() from uid/pid 10058/11734 clientId=android.media.AudioManager@55a729e
06-15 22:23:50.418 I/ActivityTaskManager( 1965): START u0 {cmp=tech.gtt.frontapp.stb.demo/tech.gtt.frontapp.stb.m.account.activity.LoginMethodSwitchActivity (has extras)} from uid 10058
06-15 22:23:50.419 D/CompatibilityChangeReporter( 1965): Compat change id reported: 174042980; UID 10058; state: DISABLED
06-15 22:23:50.419 D/CompatibilityChangeReporter( 1965): Compat change id reported: 184838306; UID 10058; state: DISABLED
06-15 22:23:50.420 D/CompatibilityChangeReporter( 1965): Compat change id reported: 185004937; UID 10058; state: DISABLED
06-15 22:23:50.420 D/CompatibilityChangeReporter( 1965): Compat change id reported: 181136395; UID 10058; state: DISABLED
06-15 22:23:50.420 D/CompatibilityChangeReporter( 1965): Compat change id reported: 174042936; UID 10058; state: DISABLED
06-15 22:23:50.421 D/CompatibilityChangeReporter( 1965): Compat change id reported: 197654537; UID 10058; state: ENABLED
06-15 22:23:50.421 D/CompatibilityChangeReporter( 1965): Compat change id reported: 168419799; UID 10058; state: DISABLED
06-15 22:23:50.424 I/MediaFocusControl( 1965): abandonAudioFocus() from uid/pid 10058/11734 clientId=android.media.AudioManager@55a729e
06-15 22:23:50.424 W/MediaPlayer(11734): mediaplayer went away with unhandled events
06-15 22:23:50.434 W/ActivityTaskManager( 1965): Tried to set launchTime (0) < mLastActivityLaunchTime (5016183)
06-15 22:23:50.454 D/AndroidAutoSize(11734): tech.gtt.frontapp.stb.m.account.activity.LoginMethodSwitchActivity used the global configuration.
06-15 22:23:50.454 D/AndroidAutoSize(11734): The tech.gtt.frontapp.stb.m.account.activity.LoginMethodSwitchActivity has been adapted! 
06-15 22:23:50.454 D/AndroidAutoSize(11734): LoginMethodSwitchActivity Info: isBaseOnWidth = true, designWidthInDp = 1920.000000, designWidthInSubunits = 1920.000000, targetDensity = 1.000000, targetScaledDensity = 1.000000, targetDensityDpi = 160, targetXdpi = 1.000000, targetScreenWidthDp = 1920, targetScreenHeightDp = 1032
06-15 22:23:50.454 D/UiDevice(11680): Searching for node with selector: BySelector [RES='\Qtech.gtt.frontapp.stb.demo:id/account_login_tv2\E'].
06-15 22:23:50.455 W/QueryController(11680): Could not detect idle state.
06-15 22:23:50.488 D/AndroidAutoSize(11734): tech.gtt.frontapp.stb.m.account.activity.LoginMethodSwitchActivity used the global configuration.
06-15 22:23:50.488 D/AndroidAutoSize(11734): The tech.gtt.frontapp.stb.m.account.activity.LoginMethodSwitchActivity has been adapted! 
06-15 22:23:50.488 D/AndroidAutoSize(11734): LoginMethodSwitchActivity Info: isBaseOnWidth = true, designWidthInDp = 1920.000000, designWidthInSubunits = 1920.000000, targetDensity = 1.000000, targetScaledDensity = 1.000000, targetDensityDpi = 160, targetXdpi = 1.000000, targetScreenWidthDp = 1920, targetScreenHeightDp = 1032
06-15 22:23:50.491 W/WindowManager( 1965): Failed looking up window session=Session{4a8f154 11734:u0a10058} callers=com.android.server.wm.WindowManagerService.windowForClientLocked:5850 com.android.server.wm.Session.updateRequestedVisibilities:640 android.view.IWindowSession$Stub.onTransact:1175 
06-15 22:23:50.509 D/gralloc_nox( 1771): gralloc_alloc: Creating ashmem region of size 8298496
06-15 22:23:50.554 D/gralloc_nox( 1771): gralloc_alloc: Creating ashmem region of size 8298496
06-15 22:23:50.556 D/ProcessState(12133): Binder ioctl to enable oneway spam detection failed: Invalid argument
06-15 22:23:50.595 D/gralloc_nox( 1771): gralloc_alloc: Creating ashmem region of size 8298496
06-15 22:23:50.664 E/libEGL  (11734): called unimplemented OpenGL ES API
06-15 22:23:50.687 W/ByMatcher(11680): Node returned null child: android.view.accessibility.AccessibilityNodeInfo@af94; boundsInParent: Rect(0, 0 - 231, 392); boundsInScreen: Rect(844, 270 - 1075, 662); packageName: tech.gtt.frontapp.stb.demo; className: android.widget.LinearLayout; text: null; error: null; maxTextLength: -1; stateDescription: null; contentDescription: null; tooltipText: null; viewIdResName: null; checkable: false; checked: false; focusable: false; focused: false; selected: false; clickable: false; longClickable: false; contextClickable: false; enabled: true; password: false; scrollable: false; importantForAccessibility: false; visible: true; actions: [AccessibilityAction: ACTION_SELECT - null, AccessibilityAction: ACTION_CLEAR_SELECTION - null, AccessibilityAction: ACTION_ACCESSIBILITY_FOCUS - null, AccessibilityAction: ACTION_SHOW_ON_SCREEN - null]
06-15 22:23:50.687 W/ByMatcher(11680): Skipping null child (1 of 2)
06-15 22:23:50.688 W/ByMatcher(11680): Node returned null child: android.view.accessibility.AccessibilityNodeInfo@abd3; boundsInParent: Rect(0, 0 - 231, 539); boundsInScreen: Rect(844, 270 - 1075, 809); packageName: tech.gtt.frontapp.stb.demo; className: android.widget.LinearLayout; text: null; error: null; maxTextLength: -1; stateDescription: null; contentDescription: null; tooltipText: null; viewIdResName: null; checkable: false; checked: false; focusable: false; focused: false; selected: false; clickable: false; longClickable: false; contextClickable: false; enabled: true; password: false; scrollable: false; importantForAccessibility: false; visible: true; actions: [AccessibilityAction: ACTION_SELECT - null, AccessibilityAction: ACTION_CLEAR_SELECTION - null, AccessibilityAction: ACTION_ACCESSIBILITY_FOCUS - null, AccessibilityAction: ACTION_SHOW_ON_SCREEN - null]
06-15 22:23:50.688 W/ByMatcher(11680): Skipping null child (1 of 3)
06-15 22:23:50.689 I/ActivityTaskManager( 1965): Displayed tech.gtt.frontapp.stb.demo/tech.gtt.frontapp.stb.m.account.activity.LoginMethodSwitchActivity: +270ms
06-15 22:23:50.690 W/ByMatcher(11680): Skipping null child (2 of 3)
06-15 22:23:50.691 W/ByMatcher(11680): Node returned null child: android.view.accessibility.AccessibilityNodeInfo@80006fc3; boundsInParent: Rect(0, 0 - 1920, 1080); boundsInScreen: Rect(0, 0 - 1920, 1080); packageName: tech.gtt.frontapp.stb.demo; className: android.widget.FrameLayout; text: null; error: null; maxTextLength: -1; stateDescription: null; contentDescription: null; tooltipText: null; viewIdResName: null; checkable: false; checked: false; focusable: false; focused: false; selected: false; clickable: false; longClickable: false; contextClickable: false; enabled: true; password: false; scrollable: false; importantForAccessibility: true; visible: true; actions: [AccessibilityAction: ACTION_SELECT - null, AccessibilityAction: ACTION_CLEAR_SELECTION - null, AccessibilityAction: ACTION_ACCESSIBILITY_FOCUS - null, AccessibilityAction: ACTION_SHOW_ON_SCREEN - null]
06-15 22:23:50.691 W/ByMatcher(11680): Skipping null child (0 of 1)
06-15 22:23:50.793 D/UiDevice(11680): Searching for node with selector: BySelector [RES='\Qtech.gtt.frontapp.stb.demo:id/account_login_tv2\E'].
06-15 22:23:50.795 W/QueryController(11680): Could not detect idle state.
06-15 22:23:50.853 D/UIAutomatorStub(11680): URI: /jsonrpc/0, Method: POST, params, {NanoHttpd.QUERY_STRING=null}, files: {postData={"jsonrpc": "2.0", "id": 1, "method": "objInfo", "params": [{"mask": 2097152, "childOrSibling": [], "childOrSiblingSelector": [], "resourceId": "tech.gtt.frontapp.stb.demo:id/account_login_tv2"}]}}
06-15 22:23:50.855 D/UiDevice(11680): Retrieving node with selector: BySelector [RES='\Qtech.gtt.frontapp.stb.demo:id/account_login_tv2\E'].
06-15 22:23:50.856 W/QueryController(11680): Could not detect idle state.
06-15 22:23:50.858 W/QueryController(11680): Could not detect idle state.
06-15 22:23:50.859 W/QueryController(11680): Could not detect idle state.
06-15 22:23:50.860 W/QueryController(11680): Could not detect idle state.
06-15 22:23:50.860 W/QueryController(11680): Could not detect idle state.
06-15 22:23:50.861 W/QueryController(11680): Could not detect idle state.
06-15 22:23:50.863 W/QueryController(11680): Could not detect idle state.
06-15 22:23:50.865 W/QueryController(11680): Could not detect idle state.
06-15 22:23:50.867 W/QueryController(11680): Could not detect idle state.
06-15 22:23:50.869 W/QueryController(11680): Could not detect idle state.
06-15 22:23:50.871 W/QueryController(11680): Could not detect idle state.
06-15 22:23:50.875 W/QueryController(11680): Could not detect idle state.
06-15 22:23:50.877 W/QueryController(11680): Could not detect idle state.
06-15 22:23:50.878 W/QueryController(11680): Could not detect idle state.
06-15 22:23:50.882 W/QueryController(11680): Could not detect idle state.
06-15 22:23:50.887 W/QueryController(11680): Could not detect idle state.
06-15 22:23:50.891 W/QueryController(11680): Could not detect idle state.
06-15 22:23:50.893 W/QueryController(11680): Could not detect idle state.
06-15 22:23:50.915 D/UIAutomatorStub(11680): URI: /jsonrpc/0, Method: POST, params, {NanoHttpd.QUERY_STRING=null}, files: {postData={"jsonrpc": "2.0", "id": 1, "method": "click", "params": [1390.0, 559.0]}}
06-15 22:23:50.931 W/InputManager-JNI( 1965): Input channel object '72da60d tech.gtt.frontapp.stb.demo/tech.gtt.frontapp.stb.m.home.activity.LoadingActivity (client)' was disposed without first being removed with the input manager!
06-15 22:23:51.059 I/ActivityTaskManager( 1965): START u0 {cmp=tech.gtt.frontapp.stb.demo/tech.gtt.frontapp.stb.m.account.activity.LoginActivity} from uid 10058
06-15 22:23:51.071 W/ActivityTaskManager( 1965): Tried to set launchTime (0) < mLastActivityLaunchTime (5021260)
06-15 22:23:51.088 D/AndroidAutoSize(11734): tech.gtt.frontapp.stb.m.account.activity.LoginActivity used the global configuration.
06-15 22:23:51.088 D/UIAutomatorStub(11680): URI: /jsonrpc/0, Method: POST, params, {NanoHttpd.QUERY_STRING=null}, files: {postData={"jsonrpc": "2.0", "id": 1, "method": "waitForExists", "params": [{"mask": 2097152, "childOrSibling": [], "childOrSiblingSelector": [], "resourceId": "tech.gtt.frontapp.stb.demo:id/loginf_et_username"}, 20000]}}
06-15 22:23:51.089 D/AndroidAutoSize(11734): The tech.gtt.frontapp.stb.m.account.activity.LoginActivity has been adapted! 
06-15 22:23:51.089 D/AndroidAutoSize(11734): LoginActivity Info: isBaseOnWidth = true, designWidthInDp = 1920.000000, designWidthInSubunits = 1920.000000, targetDensity = 1.000000, targetScaledDensity = 1.000000, targetDensityDpi = 160, targetXdpi = 1.000000, targetScreenWidthDp = 1920, targetScreenHeightDp = 1032
06-15 22:23:51.090 D/UiDevice(11680): Waiting 20000ms for SearchCondition[hasObject=BySelector [RES='\Qtech.gtt.frontapp.stb.demo:id/loginf_et_username\E']].
06-15 22:23:51.090 D/UiDevice(11680): Searching for node with selector: BySelector [RES='\Qtech.gtt.frontapp.stb.demo:id/loginf_et_username\E'].
06-15 22:23:51.091 W/QueryController(11680): Could not detect idle state.
06-15 22:23:51.174 D/AndroidAutoSize(11734): tech.gtt.frontapp.stb.m.account.activity.LoginActivity used the global configuration.
06-15 22:23:51.175 D/AndroidAutoSize(11734): The tech.gtt.frontapp.stb.m.account.activity.LoginActivity has been adapted! 
06-15 22:23:51.175 D/AndroidAutoSize(11734): LoginActivity Info: isBaseOnWidth = true, designWidthInDp = 1920.000000, designWidthInSubunits = 1920.000000, targetDensity = 1.000000, targetScaledDensity = 1.000000, targetDensityDpi = 160, targetXdpi = 1.000000, targetScreenWidthDp = 1920, targetScreenHeightDp = 1032
06-15 22:23:51.178 W/WindowManager( 1965): Failed looking up window session=Session{4a8f154 11734:u0a10058} callers=com.android.server.wm.WindowManagerService.windowForClientLocked:5850 com.android.server.wm.Session.updateRequestedVisibilities:640 android.view.IWindowSession$Stub.onTransact:1175 
06-15 22:23:51.204 D/gralloc_nox( 1771): gralloc_alloc: Creating ashmem region of size 8298496
06-15 22:23:51.225 D/gralloc_nox( 1771): gralloc_alloc: Creating ashmem region of size 8298496
06-15 22:23:51.243 D/gralloc_nox( 1771): gralloc_alloc: Creating ashmem region of size 8298496
06-15 22:23:51.259 D/ProcessState(12146): Binder ioctl to enable oneway spam detection failed: Invalid argument
06-15 22:23:51.289 D/UiDevice(11680): Searching for node with selector: BySelector [RES='\Qtech.gtt.frontapp.stb.demo:id/loginf_et_username\E'].
06-15 22:23:51.292 W/QueryController(11680): Could not detect idle state.
06-15 22:23:51.327 I/ActivityTaskManager( 1965): Displayed tech.gtt.frontapp.stb.demo/tech.gtt.frontapp.stb.m.account.activity.LoginActivity: +266ms
06-15 22:23:51.422 D/UIAutomatorStub(11680): URI: /jsonrpc/0, Method: POST, params, {NanoHttpd.QUERY_STRING=null}, files: {postData={"jsonrpc": "2.0", "id": 1, "method": "objInfo", "params": [{"mask": 2097152, "childOrSibling": [], "childOrSiblingSelector": [], "resourceId": "tech.gtt.frontapp.stb.demo:id/loginf_et_username"}]}}
06-15 22:23:51.424 D/UiDevice(11680): Retrieving node with selector: BySelector [RES='\Qtech.gtt.frontapp.stb.demo:id/loginf_et_username\E'].
06-15 22:23:51.426 W/QueryController(11680): Could not detect idle state.
06-15 22:23:51.441 W/QueryController(11680): Could not detect idle state.
06-15 22:23:51.445 W/QueryController(11680): Could not detect idle state.
06-15 22:23:51.449 W/QueryController(11680): Could not detect idle state.
06-15 22:23:51.453 W/QueryController(11680): Could not detect idle state.
06-15 22:23:51.458 W/QueryController(11680): Could not detect idle state.
06-15 22:23:51.460 W/QueryController(11680): Could not detect idle state.
06-15 22:23:51.462 W/QueryController(11680): Could not detect idle state.
06-15 22:23:51.466 W/QueryController(11680): Could not detect idle state.
06-15 22:23:51.468 W/QueryController(11680): Could not detect idle state.
06-15 22:23:51.470 W/QueryController(11680): Could not detect idle state.
06-15 22:23:51.471 W/QueryController(11680): Could not detect idle state.
06-15 22:23:51.472 W/QueryController(11680): Could not detect idle state.
06-15 22:23:51.473 W/QueryController(11680): Could not detect idle state.
06-15 22:23:51.474 W/QueryController(11680): Could not detect idle state.
06-15 22:23:51.474 W/QueryController(11680): Could not detect idle state.
06-15 22:23:51.475 W/QueryController(11680): Could not detect idle state.
06-15 22:23:51.476 W/QueryController(11680): Could not detect idle state.
06-15 22:23:51.504 D/UIAutomatorStub(11680): URI: /jsonrpc/0, Method: POST, params, {NanoHttpd.QUERY_STRING=null}, files: {postData={"jsonrpc": "2.0", "id": 1, "method": "click", "params": [1057.0, 437.0]}}
06-15 22:23:51.564 W/SurfaceFlinger( 1783): couldn't log to binary event log: overflow.
06-15 22:23:51.675 D/CompatibilityChangeReporter(11734): Compat change id reported: 163400105; UID 10058; state: ENABLED
06-15 22:23:51.675 D/InputMethodManager(11734): showSoftInput() view=tech.gtt.frontapp.stb.c.ui.edittext.EmailAutoCompleteTextView{3872a8e VFED..CL. .F.P..ID 0,0-700,92 #7f0b02ce app:id/loginf_et_username aid=1073741824} flags=0 reason=SHOW_SOFT_INPUT
06-15 22:23:51.676 V/InputMethodService( 2965): onEvaluateInputViewShown: config.hardKeyboardHidden = 2
06-15 22:23:51.676 V/InputMethodService( 2965): onEvaluateInputViewShown: config.hardKeyboardHidden = 2
06-15 22:23:51.676 I/AdbKeyboard( 2965): imeAction: 5 Next
06-15 22:23:51.691 D/gralloc_nox( 1771): gralloc_alloc: Creating ashmem region of size 647168
06-15 22:23:51.716 D/gralloc_nox( 1771): gralloc_alloc: Creating ashmem region of size 647168
06-15 22:23:51.720 D/gralloc_nox( 1771): gralloc_alloc: Creating ashmem region of size 647168
06-15 22:23:51.739 D/InsetsController(11734): show(ime(), fromIme=true)
06-15 22:23:51.740 D/UIAutomatorStub(11680): URI: /jsonrpc/0, Method: POST, params, {NanoHttpd.QUERY_STRING=null}, files: {postData={"jsonrpc": "2.0", "id": 1, "method": "waitForExists", "params": [{"mask": 2097152, "childOrSibling": [], "childOrSiblingSelector": [], "resourceId": "tech.gtt.frontapp.stb.demo:id/loginf_et_username"}, 20000]}}
06-15 22:23:51.742 D/UiDevice(11680): Waiting 20000ms for SearchCondition[hasObject=BySelector [RES='\Qtech.gtt.frontapp.stb.demo:id/loginf_et_username\E']].
06-15 22:23:51.742 D/UiDevice(11680): Searching for node with selector: BySelector [RES='\Qtech.gtt.frontapp.stb.demo:id/loginf_et_username\E'].
06-15 22:23:51.745 W/QueryController(11680): Could not detect idle state.
06-15 22:23:51.750 D/ProcessState(12155): Binder ioctl to enable oneway spam detection failed: Invalid argument
06-15 22:23:51.794 D/UIAutomatorStub(11680): URI: /jsonrpc/0, Method: POST, params, {NanoHttpd.QUERY_STRING=null}, files: {postData={"jsonrpc": "2.0", "id": 1, "method": "setText", "params": [{"mask": 2097152, "childOrSibling": [], "childOrSiblingSelector": [], "resourceId": "tech.gtt.frontapp.stb.demo:id/loginf_et_username"}, "0609@ipwangxin.cn"]}}
06-15 22:23:51.796 D/UiDevice(11680): Retrieving node with selector: BySelector [RES='\Qtech.gtt.frontapp.stb.demo:id/loginf_et_username\E'].
06-15 22:23:51.798 W/QueryController(11680): Could not detect idle state.
06-15 22:23:51.804 W/QueryController(11680): Could not detect idle state.
06-15 22:23:51.807 D/UiObject2(11680): Clicking on (1057, 437).
06-15 22:23:51.829 D/InputMethodManager(11734): showSoftInput() view=tech.gtt.frontapp.stb.c.ui.edittext.EmailAutoCompleteTextView{3872a8e VFED..CL. .F.P.... 0,0-700,92 #7f0b02ce app:id/loginf_et_username aid=1073741824} flags=0 reason=SHOW_SOFT_INPUT
06-15 22:23:51.833 V/InputMethodService( 2965): onEvaluateInputViewShown: config.hardKeyboardHidden = 2
06-15 22:23:51.833 V/InputMethodService( 2965): onEvaluateInputViewShown: config.hardKeyboardHidden = 2
06-15 22:23:51.838 D/InsetsController(11734): show(ime(), fromIme=true)
06-15 22:23:51.841 W/GestureController(11680): Gestures took longer than expected (33ms >> 16ms), device might be in a busy state.
06-15 22:23:51.841 D/UiDevice(11680): Retrieving node with selector: BySelector [RES='\Qtech.gtt.frontapp.stb.demo:id/loginf_et_username\E'].
06-15 22:23:51.841 W/QueryController(11680): Could not detect idle state.
06-15 22:23:51.843 W/QueryController(11680): Could not detect idle state.
06-15 22:23:51.844 D/UiObject2(11680): Setting text to '0609@ipwangxin.cn'.
06-15 22:23:51.852 I/AdbKeyboard( 2965): imeAction: 5 Next
06-15 22:23:51.852 V/InputMethodService( 2965): onEvaluateInputViewShown: config.hardKeyboardHidden = 2
06-15 22:23:51.852 V/InputMethodService( 2965): onEvaluateInputViewShown: config.hardKeyboardHidden = 2
06-15 22:23:51.920 D/InsetsController(11734): show(ime(), fromIme=true)
06-15 22:23:51.923 D/UIAutomatorStub(11680): URI: /jsonrpc/0, Method: POST, params, {NanoHttpd.QUERY_STRING=null}, files: {postData={"jsonrpc": "2.0", "id": 1, "method": "waitForExists", "params": [{"mask": 2097152, "childOrSibling": [], "childOrSiblingSelector": [], "resourceId": "tech.gtt.frontapp.stb.demo:id/et_pwd"}, 20000]}}
06-15 22:23:51.924 D/UiDevice(11680): Waiting 20000ms for SearchCondition[hasObject=BySelector [RES='\Qtech.gtt.frontapp.stb.demo:id/et_pwd\E']].
06-15 22:23:51.924 D/UiDevice(11680): Searching for node with selector: BySelector [RES='\Qtech.gtt.frontapp.stb.demo:id/et_pwd\E'].
06-15 22:23:51.924 W/QueryController(11680): Could not detect idle state.
06-15 22:23:51.976 D/UIAutomatorStub(11680): URI: /jsonrpc/0, Method: POST, params, {NanoHttpd.QUERY_STRING=null}, files: {postData={"jsonrpc": "2.0", "id": 1, "method": "objInfo", "params": [{"mask": 2097152, "childOrSibling": [], "childOrSiblingSelector": [], "resourceId": "tech.gtt.frontapp.stb.demo:id/et_pwd"}]}}
06-15 22:23:51.978 D/UiDevice(11680): Retrieving node with selector: BySelector [RES='\Qtech.gtt.frontapp.stb.demo:id/et_pwd\E'].
06-15 22:23:51.980 W/QueryController(11680): Could not detect idle state.
06-15 22:23:51.988 W/QueryController(11680): Could not detect idle state.
06-15 22:23:51.989 W/QueryController(11680): Could not detect idle state.
06-15 22:23:51.991 W/QueryController(11680): Could not detect idle state.
06-15 22:23:51.991 W/NotificationHistory( 1965): Attempted to add notif for locked/gone/disabled user 0
06-15 22:23:51.991 W/QueryController(11680): Could not detect idle state.
06-15 22:23:51.993 W/QueryController(11680): Could not detect idle state.
06-15 22:23:52.000 W/QueryController(11680): Could not detect idle state.
06-15 22:23:52.002 W/QueryController(11680): Could not detect idle state.
06-15 22:23:52.003 W/QueryController(11680): Could not detect idle state.
06-15 22:23:52.005 W/QueryController(11680): Could not detect idle state.
06-15 22:23:52.006 W/QueryController(11680): Could not detect idle state.
06-15 22:23:52.007 D/InterruptionStateProvider( 2130): No bubble up: not allowed to bubble: -1|android|8|null|1000
06-15 22:23:52.008 D/InterruptionStateProvider( 2130): No heads up: unimportant notification: -1|android|8|null|1000
06-15 22:23:52.008 D/PeopleSpaceWidgetMgr( 2130): Sbn doesn't contain valid PeopleTileKey: null/-1/android
06-15 22:23:52.008 W/QueryController(11680): Could not detect idle state.
06-15 22:23:52.009 W/QueryController(11680): Could not detect idle state.
06-15 22:23:52.010 W/QueryController(11680): Could not detect idle state.
06-15 22:23:52.011 W/QueryController(11680): Could not detect idle state.
06-15 22:23:52.012 W/QueryController(11680): Could not detect idle state.
06-15 22:23:52.014 W/QueryController(11680): Could not detect idle state.
06-15 22:23:52.015 W/QueryController(11680): Could not detect idle state.
06-15 22:23:52.039 D/UIAutomatorStub(11680): URI: /jsonrpc/0, Method: POST, params, {NanoHttpd.QUERY_STRING=null}, files: {postData={"jsonrpc": "2.0", "id": 1, "method": "click", "params": [1057.0, 559.0]}}
06-15 22:23:52.067 D/InterruptionStateProvider( 2130): No bubble up: not allowed to bubble: -1|android|8|null|1000
06-15 22:23:52.068 D/InterruptionStateProvider( 2130): No heads up: unimportant notification: -1|android|8|null|1000
06-15 22:23:52.074 D/PeopleSpaceWidgetMgr( 2130): Sbn doesn't contain valid PeopleTileKey: null/-1/android
06-15 22:23:52.075 D/InterruptionStateProvider( 2130): No bubble up: not allowed to bubble: -1|android|8|null|1000
06-15 22:23:52.075 D/InterruptionStateProvider( 2130): No heads up: unimportant notification: -1|android|8|null|1000
06-15 22:23:52.078 D/PeopleSpaceWidgetMgr( 2130): Sbn doesn't contain valid PeopleTileKey: null/-1/android
06-15 22:23:52.151 D/InputMethodManager(11734): showSoftInput() view=tech.gtt.frontapp.stb.c.ui.edittext.NormalFocusEditText{c15c2a8 VFED..CL. .F.P..ID 0,0-700,92 #7f0b0172 app:id/et_pwd aid=1073741826} flags=0 reason=SHOW_SOFT_INPUT
06-15 22:23:52.151 I/AdbKeyboard( 2965): imeAction: 5 Next
06-15 22:23:52.151 V/InputMethodService( 2965): onEvaluateInputViewShown: config.hardKeyboardHidden = 2
06-15 22:23:52.151 V/InputMethodService( 2965): onEvaluateInputViewShown: config.hardKeyboardHidden = 2
06-15 22:23:52.151 V/InputMethodService( 2965): onEvaluateInputViewShown: config.hardKeyboardHidden = 2
06-15 22:23:52.151 V/InputMethodService( 2965): onEvaluateInputViewShown: config.hardKeyboardHidden = 2
06-15 22:23:52.180 D/InsetsController(11734): show(ime(), fromIme=true)
06-15 22:23:52.183 D/InsetsController(11734): show(ime(), fromIme=true)
06-15 22:23:52.210 D/UIAutomatorStub(11680): URI: /jsonrpc/0, Method: POST, params, {NanoHttpd.QUERY_STRING=null}, files: {postData={"jsonrpc": "2.0", "id": 1, "method": "waitForExists", "params": [{"mask": 2097152, "childOrSibling": [], "childOrSiblingSelector": [], "resourceId": "tech.gtt.frontapp.stb.demo:id/et_pwd"}, 20000]}}
06-15 22:23:52.211 D/UiDevice(11680): Waiting 20000ms for SearchCondition[hasObject=BySelector [RES='\Qtech.gtt.frontapp.stb.demo:id/et_pwd\E']].
06-15 22:23:52.211 D/UiDevice(11680): Searching for node with selector: BySelector [RES='\Qtech.gtt.frontapp.stb.demo:id/et_pwd\E'].
06-15 22:23:52.214 W/QueryController(11680): Could not detect idle state.
06-15 22:23:52.257 D/UIAutomatorStub(11680): URI: /jsonrpc/0, Method: POST, params, {NanoHttpd.QUERY_STRING=null}, files: {postData={"jsonrpc": "2.0", "id": 1, "method": "setText", "params": [{"mask": 2097152, "childOrSibling": [], "childOrSiblingSelector": [], "resourceId": "tech.gtt.frontapp.stb.demo:id/et_pwd"}, "123456"]}}
06-15 22:23:52.258 D/UiDevice(11680): Retrieving node with selector: BySelector [RES='\Qtech.gtt.frontapp.stb.demo:id/et_pwd\E'].
06-15 22:23:52.258 W/QueryController(11680): Could not detect idle state.
06-15 22:23:52.261 W/QueryController(11680): Could not detect idle state.
06-15 22:23:52.263 D/UiObject2(11680): Clicking on (1057, 559).
06-15 22:23:52.295 D/InputMethodManager(11734): showSoftInput() view=tech.gtt.frontapp.stb.c.ui.edittext.NormalFocusEditText{c15c2a8 VFED..CL. .F.P.... 0,0-700,92 #7f0b0172 app:id/et_pwd aid=1073741826} flags=0 reason=SHOW_SOFT_INPUT
06-15 22:23:52.296 V/InputMethodService( 2965): onEvaluateInputViewShown: config.hardKeyboardHidden = 2
06-15 22:23:52.296 V/InputMethodService( 2965): onEvaluateInputViewShown: config.hardKeyboardHidden = 2
06-15 22:23:52.298 D/InsetsController(11734): show(ime(), fromIme=true)
06-15 22:23:52.304 W/GestureController(11680): Gestures took longer than expected (40ms >> 16ms), device might be in a busy state.
06-15 22:23:52.305 D/UiDevice(11680): Retrieving node with selector: BySelector [RES='\Qtech.gtt.frontapp.stb.demo:id/et_pwd\E'].
06-15 22:23:52.306 W/QueryController(11680): Could not detect idle state.
06-15 22:23:52.312 W/QueryController(11680): Could not detect idle state.
06-15 22:23:52.315 D/UiObject2(11680): Setting text to '123456'.
06-15 22:23:52.318 I/AdbKeyboard( 2965): imeAction: 5 Next
06-15 22:23:52.319 V/InputMethodService( 2965): onEvaluateInputViewShown: config.hardKeyboardHidden = 2
06-15 22:23:52.319 V/InputMethodService( 2965): onEvaluateInputViewShown: config.hardKeyboardHidden = 2
06-15 22:23:52.328 D/UIAutomatorStub(11680): URI: /jsonrpc/0, Method: POST, params, {NanoHttpd.QUERY_STRING=null}, files: {postData={"jsonrpc": "2.0", "id": 1, "method": "count", "params": [{"mask": 2097152, "childOrSibling": [], "childOrSiblingSelector": [], "resourceId": "tech.gtt.frontapp.stb.demo:id/loginf_tv_logi"}]}}
06-15 22:23:52.328 D/UiObject(11680): Waiting 0ms for UiSelector[RESOURCE_ID=tech.gtt.frontapp.stb.demo:id/loginf_tv_logi].
06-15 22:23:52.329 W/QueryController(11680): Could not detect idle state.
06-15 22:23:52.336 D/InsetsController(11734): show(ime(), fromIme=true)
06-15 22:23:52.357 D/InterruptionStateProvider( 2130): No bubble up: not allowed to bubble: -1|android|8|null|1000
06-15 22:23:52.358 D/InterruptionStateProvider( 2130): No heads up: unimportant notification: -1|android|8|null|1000
06-15 22:23:52.361 D/PeopleSpaceWidgetMgr( 2130): Sbn doesn't contain valid PeopleTileKey: null/-1/android
06-15 22:23:52.371 D/InterruptionStateProvider( 2130): No bubble up: not allowed to bubble: -1|android|8|null|1000
06-15 22:23:52.371 D/InterruptionStateProvider( 2130): No heads up: unimportant notification: -1|android|8|null|1000
06-15 22:23:52.376 D/PeopleSpaceWidgetMgr( 2130): Sbn doesn't contain valid PeopleTileKey: null/-1/android
06-15 22:23:52.387 D/UIAutomatorStub(11680): URI: /jsonrpc/0, Method: POST, params, {NanoHttpd.QUERY_STRING=null}, files: {postData={"jsonrpc": "2.0", "id": 1, "method": "takeScreenshot", "params": [1, 80]}}
06-15 22:23:52.389 D/gralloc_nox( 1771): gralloc_alloc: Creating ashmem region of size 8298496
06-15 22:23:52.422 D/hw-ProcessState(11680): Binder ioctl to enable oneway spam detection failed: Invalid argument
06-15 22:23:52.423 I/hwservicemanager( 1565): getTransport: Cannot find entry android.hardware.graphics.mapper@4.0::IMapper/default in either framework or device VINTF manifest.
06-15 22:23:52.423 I/Gralloc4(11680): mapper 4.x is not supported
06-15 22:23:52.423 I/hwservicemanager( 1565): getTransport: Cannot find entry android.hardware.graphics.mapper@3.0::IMapper/default in either framework or device VINTF manifest.
06-15 22:23:52.423 W/Gralloc3(11680): mapper 3.x is not supported
06-15 22:23:52.425 D/app_process(11680): createUnique: call
06-15 22:23:52.426 D/app_process(11680): HostComposition ext GL_OES_EGL_image GL_OES_EGL_image_external GL_OES_depth24 GL_OES_depth32 GL_OES_element_index_uint GL_OES_texture_float GL_OES_texture_float_linear GL_OES_compressed_paletted_texture GL_OES_compressed_ETC1_RGB8_texture GL_OES_depth_texture GL_EXT_texture_format_BGRA8888 GL_APPLE_texture_format_BGRA8888 GL_OES_texture_half_float GL_EXT_robustness GL_OES_texture_half_float_linear GL_OES_packed_depth_stencil GL_OES_vertex_half_float GL_OES_texture_npot GL_OES_rgb8_rgba8 GL_EXT_color_buffer_float GL_EXT_texture_sRGB_decode ANDROID_gles_max_version_3_1 GL_OES_vertex_array_object GL_EXT_texture_buffer GL_EXT_copy_image GL_KHR_texture_compression_astc_ldr GL_KHR_texture_compression_astc_hdr GL_OES_texture_compression_astc GL_OES_EGL_image_external
06-15 22:23:52.433 D/libEGL  (11680): loaded /vendor/lib64/egl/libEGL_adreno.so
06-15 22:23:52.433 D/libEGL  (11680): loaded /vendor/lib64/egl/libGLESv1_CM_adreno.so
06-15 22:23:52.436 D/libEGL  (11680): loaded /vendor/lib64/egl/libGLESv2_adreno.so
06-15 22:23:52.444 D/app_process(11680): createUnique: call
06-15 22:23:52.445 D/app_process(11680): HostComposition ext GL_OES_EGL_image GL_OES_EGL_image_external GL_OES_depth24 GL_OES_depth32 GL_OES_element_index_uint GL_OES_texture_float GL_OES_texture_float_linear GL_OES_compressed_paletted_texture GL_OES_compressed_ETC1_RGB8_texture GL_OES_depth_texture GL_EXT_texture_format_BGRA8888 GL_APPLE_texture_format_BGRA8888 GL_OES_texture_half_float GL_EXT_robustness GL_OES_texture_half_float_linear GL_OES_packed_depth_stencil GL_OES_vertex_half_float GL_OES_texture_npot GL_OES_rgb8_rgba8 GL_EXT_color_buffer_float GL_EXT_texture_sRGB_decode ANDROID_gles_max_version_3_1 GL_OES_vertex_array_object GL_EXT_texture_buffer GL_EXT_copy_image GL_KHR_texture_compression_astc_ldr GL_KHR_texture_compression_astc_hdr GL_OES_texture_compression_astc GL_OES_EGL_image_external
06-15 22:23:52.448 W/OpenGLRenderer(11680): Failed to initialize 101010-2 format, error = EGL_SUCCESS
06-15 22:23:52.448 D/EGL_emulation(11680): rcCreateContext wated version 2.0  rc:4
06-15 22:23:52.461 D/EGL_emulation(11680): eglMakeCurrent: 0x7e0fcbca3a50: ver 3 2 (tinfo 0x7e0f4bcf5340) (first time)
06-15 22:23:52.514 D/InterruptionStateProvider( 2130): No bubble up: not allowed to bubble: -1|android|8|null|1000
06-15 22:23:52.514 D/InterruptionStateProvider( 2130): No heads up: unimportant notification: -1|android|8|null|1000
06-15 22:23:52.518 D/PeopleSpaceWidgetMgr( 2130): Sbn doesn't contain valid PeopleTileKey: null/-1/android
06-15 22:23:52.539 D/InterruptionStateProvider( 2130): No bubble up: not allowed to bubble: -1|android|8|null|1000
06-15 22:23:52.540 D/InterruptionStateProvider( 2130): No heads up: unimportant notification: -1|android|8|null|1000
06-15 22:23:52.546 D/PeopleSpaceWidgetMgr( 2130): Sbn doesn't contain valid PeopleTileKey: null/-1/android
06-15 22:23:53.930 E/TaskPersister( 1965): File error accessing recents directory (directory doesn't exist?).
06-15 22:24:03.494 D/ProcessState(12172): Binder ioctl to enable oneway spam detection failed: Invalid argument
06-15 22:24:03.523 D/ProcessState(12175): Binder ioctl to enable oneway spam detection failed: Invalid argument
06-15 22:24:03.551 D/UIAutomatorStub(11680): URI: /jsonrpc/0, Method: POST, params, {NanoHttpd.QUERY_STRING=null}, files: {postData={"jsonrpc": "2.0", "id": 1, "method": "click", "params": [1107, 761]}}
06-15 22:24:03.672 V/GSK-Account:AccountManager(11734): disableSavePwd=false
06-15 22:24:03.673 V/GSK-Account:EmailOrPhoneLoginStrategy(11734): disableSavePwd=false
06-15 22:24:03.682 E/ActivityThread(11734): Failed to find provider info for com.uv.droid.uotaback.storage.provider
06-15 22:24:03.683 E/ActivityThread(11734): Failed to find provider info for com.uv.droid.booster.vod.provider
06-15 22:24:03.683 E/ontapp.stb.dem(11734): No implementation found for java.lang.String os.SystemPropertiesKt.native_get(java.lang.String) (tried Java_os_SystemPropertiesKt_native_1get and Java_os_SystemPropertiesKt_native_1get__Ljava_lang_String_2)
06-15 22:24:03.684 V/GSK-Account:AccountManager(11734): isLoggedIn=false
06-15 22:24:03.685 V/GSK-APIS(11734): =======================NEW REQUEST=========================
06-15 22:24:03.685 V/GSK-APIS(11734): Request:	/api/enduser/account/user/login/v1	POST
06-15 22:24:03.685 V/GSK-APIS(11734): RequestIdentify:	5a2c20e
06-15 22:24:03.685 V/GSK-APIS(11734): 
06-15 22:24:03.685 V/GSK-APIS(11734): RequestHeaders in a readable format:
06-15 22:24:03.685 V/GSK-APIS(11734): X-App-Id: db589110cb7457cd607739664dc44e61c217d77681427dacfe2f262f1927cd8f
06-15 22:24:03.685 V/GSK-APIS(11734): X-Source-Id: 30006401-31002837
06-15 22:24:03.685 V/GSK-APIS(11734): X-Version-Code: 7
06-15 22:24:03.685 V/GSK-APIS(11734): X-Brand-Id: 66d009603c38ec6574e5b77ce48fb7070a3f7ed622c465b05fc56110bd72fc65
06-15 22:24:03.685 V/GSK-APIS(11734): X-Version-Seq: 1
06-15 22:24:03.685 V/GSK-APIS(11734): X-App-Type-Text: STB
06-15 22:24:03.685 V/GSK-APIS(11734): Accept-Language: en
06-15 22:24:03.685 V/GSK-APIS(11734): 
06-15 22:24:03.685 V/GSK-APIS(11734): 
06-15 22:24:03.685 V/GSK-APIS(11734): RequestParams in Json Format:
