--------- beginning of main
06-15 22:23:38.350 D/ProcessState(11706): Binder ioctl to enable oneway spam detection failed: Invalid argument
--------- beginning of system
06-15 22:23:38.352 I/ActivityManager( 1965): Force stopping tech.gtt.frontapp.stb.demo appid=10058 user=0: clear data
06-15 22:23:38.353 I/ActivityManager( 1965): Force stopping tech.gtt.frontapp.stb.demo appid=10058 user=-1: clearApplicationUserData
06-15 22:23:38.381 I/MediaProvider( 2579): Begin Intent { act=android.intent.action.PACKAGE_DATA_CLEARED dat=package:tech.gtt.frontapp.stb.demo flg=0x1000010 cmp=com.android.providers.media.module/com.android.providers.media.MediaService (has extras) }
06-15 22:23:38.382 D/MediaProvider( 2579): Deleted 0 Android/media items belonging to tech.gtt.frontapp.stb.demo on /data/user/0/com.android.providers.media.module/databases/external.db
06-15 22:23:38.382 I/MediaProvider( 2579): End Intent { act=android.intent.action.PACKAGE_DATA_CLEARED dat=package:tech.gtt.frontapp.stb.demo flg=0x1000010 cmp=com.android.providers.media.module/com.android.providers.media.MediaService (has extras) }
06-15 22:23:38.431 D/AndroidRuntime(11720): >>>>>> START com.android.internal.os.RuntimeInit uid 0 <<<<<<
06-15 22:23:38.434 I/AndroidRuntime(11720): Using default boot image
06-15 22:23:38.434 I/AndroidRuntime(11720): Leaving lock profiling enabled
06-15 22:23:38.435 W/app_process(11720): ART APEX data files are untrusted.
06-15 22:23:38.435 I/app_process(11720): Core platform API reporting enabled, enforcing=false
06-15 22:23:38.480 D/app_process(11720): Time zone APEX ICU file found: /apex/com.android.tzdata/etc/icu/icu_tzdata.dat
06-15 22:23:38.480 D/app_process(11720): I18n APEX ICU file found: /apex/com.android.i18n/etc/icu/icudt68l.dat
06-15 22:23:38.487 W/app_process(11720): Unexpected CPU variant for X86 using defaults: x86_64
06-15 22:23:38.500 D/ProcessState(11720): Binder ioctl to enable oneway spam detection failed: Invalid argument
06-15 22:23:38.500 D/AndroidRuntime(11720): Calling main entry com.android.commands.monkey.Monkey
06-15 22:23:38.501 W/Monkey  (11720): args: [-p, tech.gtt.frontapp.stb.demo, -c, android.intent.category.LAUNCHER, 1]
06-15 22:23:38.501 W/Monkey  (11720):  arg: "-p"
06-15 22:23:38.501 W/Monkey  (11720):  arg: "tech.gtt.frontapp.stb.demo"
06-15 22:23:38.501 W/Monkey  (11720):  arg: "-c"
06-15 22:23:38.501 W/Monkey  (11720):  arg: "android.intent.category.LAUNCHER"
06-15 22:23:38.501 W/Monkey  (11720):  arg: "1"
06-15 22:23:38.501 W/Monkey  (11720): data="tech.gtt.frontapp.stb.demo"
06-15 22:23:38.501 W/Monkey  (11720): data="android.intent.category.LAUNCHER"
06-15 22:23:38.536 W/BroadcastQueue( 1965): Skipping deliver [background] BroadcastRecord{1721406 u-1 android.net.conn.CONNECTIVITY_CHANGE} to ReceiverList{2508ac7 11720 (unknown name)/0/u-1 remote:6141048}: process gone or crashing
06-15 22:23:38.543 I/ActivityTaskManager( 1965): START u0 {act=android.intent.action.MAIN cat=[android.intent.category.LAUNCHER] flg=0x10200000 cmp=tech.gtt.frontapp.stb.demo/tech.gtt.frontapp.stb.m.home.activity.SplashActivity} from uid 0
06-15 22:23:38.547 W/ActivityTaskManager( 1965): Can't find TaskDisplayArea to determine support for multi window. Task id=49 attached=false
06-15 22:23:38.557 D/CompatibilityChangeReporter( 1965): Compat change id reported: 135634846; UID 10058; state: DISABLED
06-15 22:23:38.557 I/Monkey  (11720): Events injected: 1
06-15 22:23:38.557 D/CompatibilityChangeReporter( 1965): Compat change id reported: 143937733; UID 10058; state: ENABLED
06-15 22:23:38.570 I/Monkey  (11720): ## Network stats: elapsed time=28ms (0ms mobile, 0ms wifi, 28ms not connected)
06-15 22:23:38.573 D/gralloc_nox( 1771): gralloc_alloc: Creating ashmem region of size 8298496
06-15 22:23:38.627 D/Zygote  ( 1754): Forked child process 11734
06-15 22:23:38.628 W/ActivityManager( 1965): Slow operation: 71ms so far, now at startProcess: returned from zygote!
06-15 22:23:38.630 W/ActivityManager( 1965): Slow operation: 73ms so far, now at startProcess: done updating battery stats
06-15 22:23:38.631 I/app_process(11720): System.exit called, status: 0
06-15 22:23:38.631 I/AndroidRuntime(11720): VM exiting with result code 0.
06-15 22:23:38.632 W/ActivityManager( 1965): Slow operation: 75ms so far, now at startProcess: building log message
06-15 22:23:38.632 I/ActivityManager( 1965): Start proc 11734:tech.gtt.frontapp.stb.demo/u0a58 for pre-top-activity {tech.gtt.frontapp.stb.demo/tech.gtt.frontapp.stb.m.home.activity.SplashActivity}
06-15 22:23:38.632 W/ActivityManager( 1965): Slow operation: 76ms so far, now at startProcess: starting to update pids map
06-15 22:23:38.632 W/ActivityManager( 1965): Slow operation: 76ms so far, now at startProcess: done updating pids map
06-15 22:23:38.633 I/Zygote  (11734): seccomp disabled by setenforce 0
06-15 22:23:38.636 D/gralloc_nox( 1771): gralloc_alloc: Creating ashmem region of size 8298496
06-15 22:23:38.637 W/ontapp.stb.dem(11734): Unexpected CPU variant for X86 using defaults: x86_64
06-15 22:23:38.657 D/ProcessState(11734): Binder ioctl to enable oneway spam detection failed: Invalid argument
06-15 22:23:38.685 D/gralloc_nox( 1771): gralloc_alloc: Creating ashmem region of size 8298496
06-15 22:23:38.689 E/ashmem  (11734): memfd: ro.vndk.version not defined or invalid (), this is mandated since P.
06-15 22:23:38.693 D/CompatibilityChangeReporter(11734): Compat change id reported: 171979766; UID 10058; state: ENABLED
06-15 22:23:38.741 V/GraphicsEnvironment(11734): ANGLE Developer option for 'tech.gtt.frontapp.stb.demo' set to: 'default'
06-15 22:23:38.742 V/GraphicsEnvironment(11734): ANGLE GameManagerService for tech.gtt.frontapp.stb.demo: false
06-15 22:23:38.743 V/GraphicsEnvironment(11734): Neither updatable production driver nor prerelease driver is supported.
06-15 22:23:38.753 D/NetworkSecurityConfig(11734): Using Network Security Config from resource network_security_config debugBuild: false
06-15 22:23:38.756 D/NetworkSecurityConfig(11734): Using Network Security Config from resource network_security_config debugBuild: false
06-15 22:23:38.762 I/MultiDex(11734): VM with version 2.1.0 has multidex support
06-15 22:23:38.763 I/MultiDex(11734): Installing application
06-15 22:23:38.763 I/MultiDex(11734): VM has multidex support, MultiDex support library is disabled.
06-15 22:23:38.763 E/[Package](11734): params: AppConfiguration(vnoId='11026504', brandId='d0k7d3p3kdikth2o3q6g', appId='d0jucrbq6bt4h33c0ma0', sourceId='30006401-31002837', authServers='https://gtt-app-apigateway-lion.vdemosit.com', shareKey='S2kQMgUSugYyMlk5QclHDaF0uDsFnB0oJoFeAFgsKb8=', packageName='tech.gtt.frontapp.stb.demo', appName='Goose TV', appVersionName='v1.0.0', appVersionCode='7', pluginVersionCode='1', pluginVersionName='6.0.0-beta-build5', packageSeq='1', buglyAppId='d76a04165f', buglyKey='13b89b2d-1c12-4c4f-93b8-46e3c2ef9f73', baseVersionCode='20000066', gitTag='2.1.4-beta6', supportLang='en,pt,es', defaultLang='en', bootLoadType='1')
06-15 22:23:38.764 W/System.err(11734): java.lang.ClassNotFoundException: tech.gtt.frontapp.stb.docker.plugin.PluginUtils
06-15 22:23:38.765 W/System.err(11734): 	at java.lang.Class.classForName(Native Method)
06-15 22:23:38.765 W/System.err(11734): 	at java.lang.Class.forName(Class.java:454)
06-15 22:23:38.765 W/System.err(11734): 	at java.lang.Class.forName(Class.java:379)
06-15 22:23:38.765 W/System.err(11734): 	at ot.e.b(SourceFile:3)
06-15 22:23:38.765 W/System.err(11734): 	at tech.gtt.frontapp.stb.app.MainApplication.attachBaseContext(SourceFile:130)
06-15 22:23:38.765 W/System.err(11734): 	at android.app.Application.attach(Application.java:338)
06-15 22:23:38.765 W/System.err(11734): 	at android.app.Instrumentation.newApplication(Instrumentation.java:1190)
06-15 22:23:38.765 W/System.err(11734): 	at android.app.LoadedApk.makeApplication(LoadedApk.java:1361)
06-15 22:23:38.765 W/System.err(11734): 	at android.app.ActivityThread.handleBindApplication(ActivityThread.java:6728)
06-15 22:23:38.765 W/System.err(11734): 	at android.app.ActivityThread.access$1500(ActivityThread.java:256)
06-15 22:23:38.765 W/System.err(11734): 	at android.app.ActivityThread$H.handleMessage(ActivityThread.java:2091)
06-15 22:23:38.765 W/System.err(11734): 	at android.os.Handler.dispatchMessage(Handler.java:106)
06-15 22:23:38.765 W/System.err(11734): 	at android.os.Looper.loopOnce(Looper.java:201)
06-15 22:23:38.765 W/System.err(11734): 	at android.os.Looper.loop(Looper.java:288)
06-15 22:23:38.765 W/System.err(11734): 	at android.app.ActivityThread.main(ActivityThread.java:7875)
06-15 22:23:38.765 W/System.err(11734): 	at java.lang.reflect.Method.invoke(Native Method)
06-15 22:23:38.765 W/System.err(11734): 	at com.android.internal.os.RuntimeInit$MethodAndArgsCaller.run(RuntimeInit.java:568)
06-15 22:23:38.765 W/System.err(11734): 	at com.android.internal.os.ZygoteInit.main(ZygoteInit.java:1005)
06-15 22:23:38.766 W/System.err(11734): Caused by: java.lang.ClassNotFoundException: tech.gtt.frontapp.stb.docker.plugin.PluginUtils
06-15 22:23:38.766 W/System.err(11734): 	... 18 more
06-15 22:23:38.766 E/[Package](11734): isInPluginMode: false
06-15 22:23:38.767 I/CustomActivityOnCrash(11734): CustomActivityOnCrash has been installed.
06-15 22:23:38.769 I/System.out(11734): Modular_Init : a - initialize
06-15 22:23:38.769 D/[ReplayInitialize](11734): init---
06-15 22:23:38.769 I/System.out(11734): Modular_Init : a - initialize
06-15 22:23:38.771 I/System.out(11734): Modular_Init : d - initialize
06-15 22:23:38.771 I/System.out(11734): Modular_Init : a - initialize
06-15 22:23:38.771 I/System.out(11734): Modular_Init : a - initialize
06-15 22:23:38.771 D/[LiveInitialize](11734): init---
06-15 22:23:38.772 I/System.out(11734): Modular_Init : a - initialize
06-15 22:23:38.772 D/[CatchupInitModule](11734): init---
06-15 22:23:38.772 I/System.out(11734): Modular_Init : b - initialize
06-15 22:23:38.773 D/AndroidAutoSize(11734): designWidthInDp = 1920, designHeightInDp = 1080, screenWidth = 1920, screenHeight = 1080
06-15 22:23:38.774 D/AndroidAutoSize(11734): initDensity = 2.0, initScaledDensity = 2.0
06-15 22:23:38.858 D/AndroidAutoSize(11734): tech.gtt.frontapp.stb.m.home.activity.SplashActivity used the global configuration.
06-15 22:23:38.868 D/AndroidAutoSize(11734): The tech.gtt.frontapp.stb.m.home.activity.SplashActivity has been adapted! 
06-15 22:23:38.868 D/AndroidAutoSize(11734): SplashActivity Info: isBaseOnWidth = true, designWidthInDp = 1920.000000, designWidthInSubunits = 1920.000000, targetDensity = 1.000000, targetScaledDensity = 1.000000, targetDensityDpi = 160, targetXdpi = 1.000000, targetScreenWidthDp = 1920, targetScreenHeightDp = 1032
06-15 22:23:38.939 D/AndroidAutoSize(11734): tech.gtt.frontapp.stb.m.home.activity.SplashActivity used the global configuration.
06-15 22:23:38.939 D/AndroidAutoSize(11734): The tech.gtt.frontapp.stb.m.home.activity.SplashActivity has been adapted! 
06-15 22:23:38.939 D/AndroidAutoSize(11734): SplashActivity Info: isBaseOnWidth = true, designWidthInDp = 1920.000000, designWidthInSubunits = 1920.000000, targetDensity = 1.000000, targetScaledDensity = 1.000000, targetDensityDpi = 160, targetXdpi = 1.000000, targetScreenWidthDp = 1920, targetScreenHeightDp = 1032
06-15 22:23:38.943 I/ActivityTaskManager( 1965): START u0 {act=android.content.pm.action.REQUEST_PERMISSIONS pkg=com.android.permissioncontroller cmp=com.android.permissioncontroller/.permission.ui.GrantPermissionsActivity (has extras)} from uid 10058
06-15 22:23:38.973 D/ontapp.stb.dem(11734): createUnique: call
06-15 22:23:38.984 D/ontapp.stb.dem(11734): HostComposition ext GL_OES_EGL_image GL_OES_EGL_image_external GL_OES_depth24 GL_OES_depth32 GL_OES_element_index_uint GL_OES_texture_float GL_OES_texture_float_linear GL_OES_compressed_paletted_texture GL_OES_compressed_ETC1_RGB8_texture GL_OES_depth_texture GL_EXT_texture_format_BGRA8888 GL_APPLE_texture_format_BGRA8888 GL_OES_texture_half_float GL_EXT_robustness GL_OES_texture_half_float_linear GL_OES_packed_depth_stencil GL_OES_vertex_half_float GL_OES_texture_npot GL_OES_rgb8_rgba8 GL_EXT_color_buffer_float GL_EXT_texture_sRGB_decode ANDROID_gles_max_version_3_1 GL_OES_vertex_array_object GL_EXT_texture_buffer GL_EXT_copy_image GL_KHR_texture_compression_astc_ldr GL_KHR_texture_compression_astc_hdr GL_OES_texture_compression_astc GL_OES_EGL_image_external
06-15 22:23:38.986 D/hw-ProcessState(11734): Binder ioctl to enable oneway spam detection failed: Invalid argument
06-15 22:23:38.989 W/OpenGLRenderer(11734): Failed to initialize 101010-2 format, error = EGL_SUCCESS
06-15 22:23:38.989 D/EGL_emulation(11734): rcCreateContext wated version 2.0  rc:4
06-15 22:23:39.004 D/EGL_emulation(11734): eglMakeCurrent: 0x713a04914710: ver 3 2 (tinfo 0x713984924cf0) (first time)
06-15 22:23:39.006 E/HWComposer( 1783): getSupportedContentTypes: getSupportedContentTypes failed for display 0: Unsupported (8)
06-15 22:23:39.007 I/hwservicemanager( 1565): getTransport: Cannot find entry android.hardware.graphics.mapper@4.0::IMapper/default in either framework or device VINTF manifest.
06-15 22:23:39.007 I/Gralloc4(11734): mapper 4.x is not supported
06-15 22:23:39.007 I/hwservicemanager( 1565): getTransport: Cannot find entry android.hardware.graphics.mapper@3.0::IMapper/default in either framework or device VINTF manifest.
06-15 22:23:39.010 D/ProcessState(11770): Binder ioctl to enable oneway spam detection failed: Invalid argument
06-15 22:23:39.010 W/Gralloc3(11734): mapper 3.x is not supported
06-15 22:23:39.011 I/hwservicemanager( 1565): getTransport: Cannot find entry android.hardware.graphics.allocator@4.0::IAllocator/default in either framework or device VINTF manifest.
06-15 22:23:39.011 W/Gralloc4(11734): allocator 4.x is not supported
06-15 22:23:39.012 I/hwservicemanager( 1565): getTransport: Cannot find entry android.hardware.graphics.allocator@3.0::IAllocator/default in either framework or device VINTF manifest.
06-15 22:23:39.012 W/Gralloc3(11734): allocator 3.x is not supported
06-15 22:23:39.013 D/gralloc_nox( 1771): gralloc_alloc: Creating ashmem region of size 8298496
06-15 22:23:39.046 D/ontapp.stb.dem(11734): createUnique: call
06-15 22:23:39.047 D/ontapp.stb.dem(11734): HostComposition ext GL_OES_EGL_image GL_OES_EGL_image_external GL_OES_depth24 GL_OES_depth32 GL_OES_element_index_uint GL_OES_texture_float GL_OES_texture_float_linear GL_OES_compressed_paletted_texture GL_OES_compressed_ETC1_RGB8_texture GL_OES_depth_texture GL_EXT_texture_format_BGRA8888 GL_APPLE_texture_format_BGRA8888 GL_OES_texture_half_float GL_EXT_robustness GL_OES_texture_half_float_linear GL_OES_packed_depth_stencil GL_OES_vertex_half_float GL_OES_texture_npot GL_OES_rgb8_rgba8 GL_EXT_color_buffer_float GL_EXT_texture_sRGB_decode ANDROID_gles_max_version_3_1 GL_OES_vertex_array_object GL_EXT_texture_buffer GL_EXT_copy_image GL_KHR_texture_compression_astc_ldr GL_KHR_texture_compression_astc_hdr GL_OES_texture_compression_astc GL_OES_EGL_image_external
06-15 22:23:39.048 D/gralloc_nox( 1771): gralloc_alloc: Creating ashmem region of size 8298496
06-15 22:23:39.101 D/gralloc_nox( 1771): gralloc_alloc: Creating ashmem region of size 8298496
06-15 22:23:39.171 E/libEGL  (11734): called unimplemented OpenGL ES API
06-15 22:23:39.229 W/ActivityTaskManager( 1965): Tried to set launchTime (0) < mLastActivityLaunchTime (4664230)
06-15 22:23:39.495 W/InputManager-JNI( 1965): Input channel object 'f719dde Splash Screen tech.gtt.frontapp.stb.demo (client)' was disposed without first being removed with the input manager!
06-15 22:23:39.566 I/ActivityTaskManager( 1965): Displayed com.android.permissioncontroller/.permission.ui.GrantPermissionsActivity: +1s14ms
06-15 22:23:39.590 D/ProcessState(11783): Binder ioctl to enable oneway spam detection failed: Invalid argument
06-15 22:23:39.649 D/gralloc_nox( 1771): gralloc_alloc: Creating ashmem region of size 5496832
06-15 22:23:39.794 D/gralloc_nox( 1771): gralloc_alloc: Creating ashmem region of size 5496832
06-15 22:23:39.964 D/gralloc_nox( 1771): gralloc_alloc: Creating ashmem region of size 5496832
06-15 22:23:41.558 E/TaskPersister( 1965): File error accessing recents directory (directory doesn't exist?).
06-15 22:23:41.661 D/UIAutomatorStub(11680): URI: /jsonrpc/0, Method: POST, params, {NanoHttpd.QUERY_STRING=null}, files: {postData={"jsonrpc": "2.0", "id": 1, "method": "count", "params": [{"mask": 2097152, "childOrSibling": [], "childOrSiblingSelector": [], "resourceId": "com.android.permissioncontroller:id/permission_allow_button"}]}}
06-15 22:23:41.704 D/UiObject(11680): Waiting 0ms for UiSelector[RESOURCE_ID=com.android.permissioncontroller:id/permission_allow_button].
06-15 22:23:41.706 W/QueryController(11680): Could not detect idle state.
06-15 22:23:41.737 I/QueryController(11680): Matched selector: UiSelector[RESOURCE_ID=com.android.permissioncontroller:id/permission_allow_button] <<==>> [android.view.accessibility.AccessibilityNodeInfo@1f62a; boundsInParent: Rect(0, 0 - 992, 112); boundsInScreen: Rect(464, 557 - 1456, 669); packageName: com.android.permissioncontroller; className: android.widget.Button; text: 允许; error: null; maxTextLength: -1; stateDescription: null; contentDescription: null; tooltipText: null; viewIdResName: com.android.permissioncontroller:id/permission_allow_button; checkable: false; checked: false; focusable: true; focused: false; selected: false; clickable: true; longClickable: false; contextClickable: false; enabled: true; password: false; scrollable: false; importantForAccessibility: true; visible: true; actions: [AccessibilityAction: ACTION_FOCUS - null, AccessibilityAction: ACTION_SELECT - null, AccessibilityAction: ACTION_CLEAR_SELECTION - null, AccessibilityAction: ACTION_CLICK - null, AccessibilityAction: ACTION_ACCESSIBILITY_FOCUS - null, AccessibilityAction: ACTION_NEXT_AT_MOVEMENT_GRANULARITY - null, AccessibilityAction: ACTION_PREVIOUS_AT_MOVEMENT_GRANULARITY - null, AccessibilityAction: ACTION_SET_SELECTION - null, AccessibilityAction: ACTION_SHOW_ON_SCREEN - null]]
06-15 22:23:41.739 D/UiObject(11680): Waiting 0ms for UiSelector[INSTANCE=1, RESOURCE_ID=com.android.permissioncontroller:id/permission_allow_button].
06-15 22:23:41.744 W/QueryController(11680): Could not detect idle state.
06-15 22:23:41.788 D/UIAutomatorStub(11680): URI: /jsonrpc/0, Method: POST, params, {NanoHttpd.QUERY_STRING=null}, files: {postData={"jsonrpc": "2.0", "id": 1, "method": "waitForExists", "params": [{"mask": 2097152, "childOrSibling": [], "childOrSiblingSelector": [], "resourceId": "com.android.permissioncontroller:id/permission_allow_button"}, 20000]}}
06-15 22:23:41.793 D/UiDevice(11680): Waiting 20000ms for SearchCondition[hasObject=BySelector [RES='\Qcom.android.permissioncontroller:id/permission_allow_button\E']].
06-15 22:23:41.794 D/UiDevice(11680): Searching for node with selector: BySelector [RES='\Qcom.android.permissioncontroller:id/permission_allow_button\E'].
06-15 22:23:41.794 W/QueryController(11680): Could not detect idle state.
06-15 22:23:41.830 D/UIAutomatorStub(11680): URI: /jsonrpc/0, Method: POST, params, {NanoHttpd.QUERY_STRING=null}, files: {postData={"jsonrpc": "2.0", "id": 1, "method": "objInfo", "params": [{"mask": 2097152, "childOrSibling": [], "childOrSiblingSelector": [], "resourceId": "com.android.permissioncontroller:id/permission_allow_button"}]}}
06-15 22:23:41.832 D/UiDevice(11680): Retrieving node with selector: BySelector [RES='\Qcom.android.permissioncontroller:id/permission_allow_button\E'].
06-15 22:23:41.834 W/QueryController(11680): Could not detect idle state.
06-15 22:23:41.845 W/QueryController(11680): Could not detect idle state.
06-15 22:23:41.852 W/QueryController(11680): Could not detect idle state.
06-15 22:23:41.857 W/QueryController(11680): Could not detect idle state.
06-15 22:23:41.859 W/QueryController(11680): Could not detect idle state.
06-15 22:23:41.860 W/QueryController(11680): Could not detect idle state.
06-15 22:23:41.860 W/QueryController(11680): Could not detect idle state.
06-15 22:23:41.861 W/QueryController(11680): Could not detect idle state.
06-15 22:23:41.861 W/QueryController(11680): Could not detect idle state.
06-15 22:23:41.862 W/QueryController(11680): Could not detect idle state.
06-15 22:23:41.867 W/QueryController(11680): Could not detect idle state.
06-15 22:23:41.869 W/QueryController(11680): Could not detect idle state.
06-15 22:23:41.872 W/QueryController(11680): Could not detect idle state.
06-15 22:23:41.872 W/QueryController(11680): Could not detect idle state.
06-15 22:23:41.873 W/QueryController(11680): Could not detect idle state.
06-15 22:23:41.874 W/QueryController(11680): Could not detect idle state.
06-15 22:23:41.874 W/QueryController(11680): Could not detect idle state.
06-15 22:23:41.875 W/QueryController(11680): Could not detect idle state.
06-15 22:23:41.901 D/UIAutomatorStub(11680): URI: /jsonrpc/0, Method: POST, params, {NanoHttpd.QUERY_STRING=null}, files: {postData={"jsonrpc": "2.0", "id": 1, "method": "click", "params": [960.0, 613.0]}}
06-15 22:23:42.201 V/GrantPermissionsViewModel( 9632): Logged buttons presented and clicked permissionGroupName=android.permission-group.STORAGE uid=10058 selectedLocations=0 package=tech.gtt.frontapp.stb.demo presentedButtons=9 clickedButton=1 sessionId=-2427710081441331714 targetSdk=35
06-15 22:23:42.210 I/MediaProvider( 2579): Invalidating LocalCallingIdentity cache for package tech.gtt.frontapp.stb.demo. Reason: op android:read_external_storage
06-15 22:23:42.211 V/GrantPermissionsViewModel( 9632): Permission grant result requestId=-2427710081441331714 callingUid=10058 callingPackage=tech.gtt.frontapp.stb.demo permission=android.permission.READ_EXTERNAL_STORAGE isImplicit=false result=4
06-15 22:23:42.217 D/gralloc_nox( 1771): gralloc_alloc: Creating ashmem region of size 8298496
06-15 22:23:42.259 E/android.hardware.audio.service( 1760): pcm_open called create stream faild
06-15 22:23:42.260 D/AudioFlinger( 1780): mixer(0x7476fcea3a60) throttle end: throttle time(42)
06-15 22:23:42.327 W/System  ( 2130): A resource failed to call close. 
06-15 22:23:42.328 W/System  ( 2130): A resource failed to call close. 
06-15 22:23:42.328 W/System  ( 2130): A resource failed to call release. 
06-15 22:23:42.328 W/System  ( 2130): A resource failed to call release. 
06-15 22:23:42.329 W/System  ( 2130): A resource failed to call release. 
06-15 22:23:42.465 D/CompatibilityChangeReporter(11734): Compat change id reported: 78294732; UID 10058; state: ENABLED
06-15 22:23:42.467 I/b       (11734): freeSpace : 116665MB
06-15 22:23:42.589 D/ProcessState(11795): Binder ioctl to enable oneway spam detection failed: Invalid argument
06-15 22:23:42.634 D/ConnectivityService( 1965): NetReassign [no changes]
06-15 22:23:42.682 V/GSK     (11734): StorageServiceImpl initialization() executed in 1 ms.
06-15 22:23:42.682 V/GSK     (11734): SecurityServiceImpl initialization() executed in 0 ms.
06-15 22:23:42.793 W/System.err(11734): SLF4J(W): No SLF4J providers were found.
06-15 22:23:42.793 W/System.err(11734): SLF4J(W): Defaulting to no-operation (NOP) logger implementation
06-15 22:23:42.793 W/System.err(11734): SLF4J(W): See https://www.slf4j.org/codes.html#noProviders for further details.
06-15 22:23:42.804 W/InputManager-JNI( 1965): Input channel object 'fd267f0 com.android.permissioncontroller/com.android.permissioncontroller.permission.ui.GrantPermissionsActivity (client)' was disposed without first being removed with the input manager!
06-15 22:23:42.812 W/SurfaceFlinger( 1783): couldn't log to binary event log: overflow.
06-15 22:23:42.856 W/System.err(11734): kotlinx.serialization.json.internal.JsonDecodingException: Expected start of the object '{', but had 'EOF' instead at path: $
06-15 22:23:42.856 W/System.err(11734): JSON input: 
06-15 22:23:42.856 W/System.err(11734): 	at kotlinx.serialization.json.internal.JsonExceptionsKt.JsonDecodingException(SourceFile:1)
06-15 22:23:42.856 W/System.err(11734): 	at kotlinx.serialization.json.internal.JsonExceptionsKt.JsonDecodingException(SourceFile:2)
06-15 22:23:42.856 W/System.err(11734): 	at kotlinx.serialization.json.internal.AbstractJsonLexer.fail(SourceFile:52)
06-15 22:23:42.856 W/System.err(11734): 	at kotlinx.serialization.json.internal.AbstractJsonLexer.fail$default(SourceFile:15)
06-15 22:23:42.856 W/System.err(11734): 	at kotlinx.serialization.json.internal.AbstractJsonLexer.unexpectedToken(SourceFile:103)
06-15 22:23:42.856 W/System.err(11734): 	at kotlinx.serialization.json.internal.StringJsonLexer.consumeNextToken(SourceFile:16)
06-15 22:23:42.856 W/System.err(11734): 	at kotlinx.serialization.json.internal.StreamingJsonDecoder.beginStructure(SourceFile:23)
06-15 22:23:42.856 W/System.err(11734): 	at tech.gtt.frontapp.servicesdk.common.service.utility.apis.e2ee.E2eeConfigResponse$$serializer.deserialize(SourceFile:2)
06-15 22:23:42.856 W/System.err(11734): 	at tech.gtt.frontapp.servicesdk.common.service.utility.apis.e2ee.E2eeConfigResponse$$serializer.deserialize(SourceFile:1)
06-15 22:23:42.856 W/System.err(11734): 	at kotlinx.serialization.json.internal.StreamingJsonDecoder.decodeSerializableValue(SourceFile:320)
06-15 22:23:42.856 W/System.err(11734): 	at kotlinx.serialization.json.Json.decodeFromString(SourceFile:3)
06-15 22:23:42.856 W/System.err(11734): 	at tech.gtt.frontapp.servicesdk.common.service.utility.apis.e2ee.E2eeManager.syncE2eeConfig(SourceFile:74)
06-15 22:23:42.856 W/System.err(11734): 	at tech.gtt.frontapp.servicesdk.common.service.utility.apis.ApiUtilServiceImpl.onServiceInit(SourceFile:228)
06-15 22:23:42.856 W/System.err(11734): 	at tech.gtt.frontapp.servicesdk.common.core.ServiceSDKImpl.executeServiceInitialize(SourceFile:372)
06-15 22:23:42.856 W/System.err(11734): 	at tech.gtt.frontapp.servicesdk.common.core.ServiceSDKImpl.access$executeServiceInitialize(SourceFile:1)
06-15 22:23:42.856 W/System.err(11734): 	at tech.gtt.frontapp.servicesdk.common.core.ServiceSDKImpl$init$1.invokeSuspend(SourceFile:178)
06-15 22:23:42.856 W/System.err(11734): 	at tech.gtt.frontapp.servicesdk.common.core.ServiceSDKImpl$init$1.invoke(SourceFile:2)
06-15 22:23:42.856 W/System.err(11734): 	at tech.gtt.frontapp.servicesdk.common.core.ServiceSDKImpl$init$1.invoke(SourceFile:1)
06-15 22:23:42.856 W/System.err(11734): 	at kotlinx.coroutines.flow.SafeFlow.collectSafely(SourceFile:3)
06-15 22:23:42.856 W/System.err(11734): 	at kotlinx.coroutines.flow.AbstractFlow.collect(SourceFile:70)
06-15 22:23:42.856 W/System.err(11734): 	at tech.gtt.frontapp.servicesdk.common.core.SDKSetup$build$1.invokeSuspend(SourceFile:42)
06-15 22:23:42.856 W/System.err(11734): 	at tech.gtt.frontapp.servicesdk.common.core.SDKSetup$build$1.invoke(SourceFile:2)
06-15 22:23:42.856 W/System.err(11734): 	at tech.gtt.frontapp.servicesdk.common.core.SDKSetup$build$1.invoke(SourceFile:1)
06-15 22:23:42.856 W/System.err(11734): 	at tech.gtt.frontapp.servicesdk.common.core.Scheduler$scheduleDirect$1.invokeSuspend(SourceFile:61)
06-15 22:23:42.856 W/System.err(11734): 	at lh.a.resumeWith(SourceFile:14)
06-15 22:23:42.856 W/System.err(11734): 	at kotlinx.coroutines.DispatchedTask.run(SourceFile:123)
06-15 22:23:42.856 W/System.err(11734): 	at kotlinx.coroutines.internal.LimitedDispatcher$Worker.run(SourceFile:4)
06-15 22:23:42.856 W/System.err(11734): 	at kotlinx.coroutines.scheduling.TaskImpl.run(SourceFile:3)
06-15 22:23:42.856 W/System.err(11734): 	at kotlinx.coroutines.scheduling.CoroutineScheduler.runSafely(SourceFile:1)
06-15 22:23:42.856 W/System.err(11734): 	at kotlinx.coroutines.scheduling.CoroutineScheduler$Worker.executeTask(SourceFile:34)
06-15 22:23:42.856 W/System.err(11734): 	at kotlinx.coroutines.scheduling.CoroutineScheduler$Worker.runWorker(SourceFile:29)
06-15 22:23:42.856 W/System.err(11734): 	at kotlinx.coroutines.scheduling.CoroutineScheduler$Worker.run(SourceFile:1)
06-15 22:23:42.862 W/System.err(11734): java.io.FileNotFoundException: sys/class/sunxi_info/sys_info: open failed: ENOENT (No such file or directory)
06-15 22:23:42.863 W/System.err(11734): 	at libcore.io.IoBridge.open(IoBridge.java:575)
06-15 22:23:42.863 W/System.err(11734): 	at java.io.FileInputStream.<init>(FileInputStream.java:160)
06-15 22:23:42.863 W/System.err(11734): 	at java.io.FileInputStream.<init>(FileInputStream.java:115)
06-15 22:23:42.863 W/System.err(11734): 	at ip.b.b(SourceFile:5)
06-15 22:23:42.863 W/System.err(11734): 	at ip.b.a(SourceFile:155)
06-15 22:23:42.863 W/System.err(11734): 	at ip.a.invoke(SourceFile:589)
06-15 22:23:42.863 W/System.err(11734): 	at dh.v.getValue(SourceFile:21)
06-15 22:23:42.863 W/System.err(11734): 	at tech.gtt.frontapp.servicesdk.common.network.interceptor.params.ApiDeviceParams.handleFixedParams(SourceFile:52)
06-15 22:23:42.863 W/System.err(11734): 	at tech.gtt.frontapp.servicesdk.common.service.utility.apis.IParamsGetter.toMaps(SourceFile:87)
06-15 22:23:42.863 W/System.err(11734): 	at tech.gtt.frontapp.servicesdk.common.network.interceptor.DefaultParamsInterceptor.onRequest(SourceFile:127)
06-15 22:23:42.863 W/System.err(11734): 	at tech.gtt.frontapp.servicesdk.common.network.interceptor.SDKInterceptorsPluginKt$setupRequestInterception$1.invokeSuspend(SourceFile:103)
06-15 22:23:42.863 W/System.err(11734): 	at tech.gtt.frontapp.servicesdk.common.network.interceptor.SDKInterceptorsPluginKt$setupRequestInterception$1.invoke(SourceFile:1)
06-15 22:23:42.863 W/System.err(11734): 	at tech.gtt.frontapp.servicesdk.common.network.interceptor.SDKInterceptorsPluginKt$setupRequestInterception$1.invoke(SourceFile:2)
06-15 22:23:42.863 W/System.err(11734): 	at io.ktor.util.pipeline.DebugPipelineContext.proceedLoop(SourceFile:86)
06-15 22:23:42.863 W/System.err(11734): 	at io.ktor.util.pipeline.DebugPipelineContext.proceed(SourceFile:26)
06-15 22:23:42.863 W/System.err(11734): 	at io.ktor.client.plugins.RequestError$install$1.invokeSuspend(SourceFile:47)
06-15 22:23:42.863 W/System.err(11734): 	at io.ktor.client.plugins.RequestError$install$1.invoke(SourceFile:1)
06-15 22:23:42.863 W/System.err(11734): 	at io.ktor.client.plugins.RequestError$install$1.invoke(SourceFile:2)
06-15 22:23:42.863 W/System.err(11734): 	at io.ktor.util.pipeline.DebugPipelineContext.proceedLoop(SourceFile:86)
06-15 22:23:42.863 W/System.err(11734): 	at io.ktor.util.pipeline.DebugPipelineContext.proceed(SourceFile:26)
06-15 22:23:42.863 W/System.err(11734): 	at io.ktor.client.plugins.SetupRequestContext$install$1.invokeSuspend$proceed(SourceFile:1)
06-15 22:23:42.863 W/System.err(11734): 	at io.ktor.client.plugins.SetupRequestContext$install$1.access$invokeSuspend$proceed(SourceFile:1)
06-15 22:23:42.863 W/System.err(11734): 	at io.ktor.client.plugins.SetupRequestContext$install$1$1.invoke(SourceFile:2)
06-15 22:23:42.863 W/System.err(11734): 	at io.ktor.client.plugins.SetupRequestContext$install$1$1.invoke(SourceFile:1)
06-15 22:23:42.863 W/System.err(11734): 	at io.ktor.client.plugins.HttpRequestLifecycleKt$HttpRequestLifecycle$1$1.invokeSuspend(SourceFile:78)
06-15 22:23:42.863 W/System.err(11734): 	at io.ktor.client.plugins.HttpRequestLifecycleKt$HttpRequestLifecycle$1$1.invoke(SourceFile:1)
06-15 22:23:42.863 W/System.err(11734): 	at io.ktor.client.plugins.HttpRequestLifecycleKt$HttpRequestLifecycle$1$1.invoke(SourceFile:2)
06-15 22:23:42.863 W/System.err(11734): 	at io.ktor.client.plugins.SetupRequestContext$install$1.invokeSuspend(SourceFile:42)
06-15 22:23:42.863 W/System.err(11734): 	at io.ktor.client.plugins.SetupRequestContext$install$1.invoke(SourceFile:1)
06-15 22:23:42.863 W/System.err(11734): 	at io.ktor.client.plugins.SetupRequestContext$install$1.invoke(SourceFile:2)
06-15 22:23:42.863 W/System.err(11734): 	at io.ktor.util.pipeline.DebugPipelineContext.proceedLoop(SourceFile:86)
06-15 22:23:42.863 W/System.err(11734): 	at io.ktor.util.pipeline.DebugPipelineContext.proceed(SourceFile:26)
06-15 22:23:42.863 W/System.err(11734): 	at io.ktor.util.pipeline.DebugPipelineContext.execute$ktor_utils(SourceFile:7)
06-15 22:23:42.865 W/System.err(11734): 	at io.ktor.util.pipeline.Pipeline.execute(SourceFile:9)
06-15 22:23:42.865 W/System.err(11734): 	at io.ktor.client.HttpClient.execute$ktor_client_core(SourceFile:68)
06-15 22:23:42.865 W/System.err(11734): 	at io.ktor.client.statement.HttpStatement.fetchResponse(SourceFile:90)
06-15 22:23:42.865 W/System.err(11734): 	at io.ktor.client.statement.HttpStatement.execute(SourceFile:9)
06-15 22:23:42.865 W/System.err(11734): 	at de.jensklingenberg.ktorfit.internal.KtorfitConverterHelper.suspendRequest(SourceFile:127)
06-15 22:23:42.865 W/System.err(11734): 	at de.jensklingenberg.ktorfit.internal.KtorfitConverterHelper$request$1$1.invokeSuspend(SourceFile:58)
06-15 22:23:42.865 W/System.err(11734): 	at de.jensklingenberg.ktorfit.internal.KtorfitConverterHelper$request$1$1.invoke(SourceFile:2)
06-15 22:23:42.865 W/System.err(11734): 	at de.jensklingenberg.ktorfit.internal.KtorfitConverterHelper$request$1$1.invoke(SourceFile:1)
06-15 22:23:42.865 W/System.err(11734): 	at de.jensklingenberg.ktorfit.converter.FlowConverterFactory$responseConverter$1$convert$1.invokeSuspend(SourceFile:84)
06-15 22:23:42.866 W/System.err(11734): 	at de.jensklingenberg.ktorfit.converter.FlowConverterFactory$responseConverter$1$convert$1.invoke(SourceFile:2)
06-15 22:23:42.866 W/System.err(11734): 	at de.jensklingenberg.ktorfit.converter.FlowConverterFactory$responseConverter$1$convert$1.invoke(SourceFile:1)
06-15 22:23:42.866 W/System.err(11734): 	at kotlinx.coroutines.flow.SafeFlow.collectSafely(SourceFile:3)
06-15 22:23:42.866 W/System.err(11734): 	at kotlinx.coroutines.flow.AbstractFlow.collect(SourceFile:70)
06-15 22:23:42.866 W/System.err(11734): 	at kotlinx.coroutines.flow.FlowKt__MergeKt$flatMapConcat$$inlined$map$1.collect(SourceFile:10)
06-15 22:23:42.866 W/System.err(11734): 	at kotlinx.coroutines.flow.FlowKt__MergeKt$flattenConcat$$inlined$unsafeFlow$1.collect(SourceFile:8)
06-15 22:23:42.866 W/System.err(11734): 	at kotlinx.coroutines.flow.FlowKt__CollectKt.collect(SourceFile:1)
06-15 22:23:42.866 W/System.err(11734): 	at kotlinx.coroutines.flow.FlowKt.collect(SourceFile:1)
06-15 22:23:42.866 W/System.err(11734): 	at tech.gtt.frontapp.servicesdk.common.service.utility.apis.ApiUtilServiceImpl.onServiceInit(SourceFile:240)
06-15 22:23:42.866 W/System.err(11734): 	at tech.gtt.frontapp.servicesdk.common.core.ServiceSDKImpl.executeServiceInitialize(SourceFile:372)
06-15 22:23:42.866 W/System.err(11734): 	at tech.gtt.frontapp.servicesdk.common.core.ServiceSDKImpl.access$executeServiceInitialize(SourceFile:1)
06-15 22:23:42.866 W/System.err(11734): 	at tech.gtt.frontapp.servicesdk.common.core.ServiceSDKImpl$init$1.invokeSuspend(SourceFile:178)
06-15 22:23:42.866 W/System.err(11734): 	at tech.gtt.frontapp.servicesdk.common.core.ServiceSDKImpl$init$1.invoke(SourceFile:2)
06-15 22:23:42.866 W/System.err(11734): 	at tech.gtt.frontapp.servicesdk.common.core.ServiceSDKImpl$init$1.invoke(SourceFile:1)
06-15 22:23:42.866 W/System.err(11734): 	at kotlinx.coroutines.flow.SafeFlow.collectSafely(SourceFile:3)
06-15 22:23:42.866 W/System.err(11734): 	at kotlinx.coroutines.flow.AbstractFlow.collect(SourceFile:70)
06-15 22:23:42.866 W/System.err(11734): 	at tech.gtt.frontapp.servicesdk.common.core.SDKSetup$build$1.invokeSuspend(SourceFile:42)
06-15 22:23:42.866 W/System.err(11734): 	at tech.gtt.frontapp.servicesdk.common.core.SDKSetup$build$1.invoke(SourceFile:2)
06-15 22:23:42.866 W/System.err(11734): 	at tech.gtt.frontapp.servicesdk.common.core.SDKSetup$build$1.invoke(SourceFile:1)
06-15 22:23:42.866 W/System.err(11734): 	at tech.gtt.frontapp.servicesdk.common.core.Scheduler$scheduleDirect$1.invokeSuspend(SourceFile:61)
06-15 22:23:42.866 W/System.err(11734): 	at lh.a.resumeWith(SourceFile:14)
06-15 22:23:42.866 W/System.err(11734): 	at kotlinx.coroutines.DispatchedTask.run(SourceFile:123)
06-15 22:23:42.866 W/System.err(11734): 	at kotlinx.coroutines.internal.LimitedDispatcher$Worker.run(SourceFile:4)
06-15 22:23:42.866 W/System.err(11734): 	at kotlinx.coroutines.scheduling.TaskImpl.run(SourceFile:3)
06-15 22:23:42.866 W/System.err(11734): 	at kotlinx.coroutines.scheduling.CoroutineScheduler.runSafely(SourceFile:1)
06-15 22:23:42.866 W/System.err(11734): 	at kotlinx.coroutines.scheduling.CoroutineScheduler$Worker.executeTask(SourceFile:34)
06-15 22:23:42.866 W/System.err(11734): 	at kotlinx.coroutines.scheduling.CoroutineScheduler$Worker.runWorker(SourceFile:29)
06-15 22:23:42.866 W/System.err(11734): 	at kotlinx.coroutines.scheduling.CoroutineScheduler$Worker.run(SourceFile:1)
06-15 22:23:42.867 W/System.err(11734): Caused by: android.system.ErrnoException: open failed: ENOENT (No such file or directory)
06-15 22:23:42.867 W/System.err(11734): 	at libcore.io.Linux.open(Native Method)
06-15 22:23:42.867 W/System.err(11734): 	at libcore.io.ForwardingOs.open(ForwardingOs.java:567)
06-15 22:23:42.867 W/System.err(11734): 	at libcore.io.BlockGuardOs.open(BlockGuardOs.java:273)
06-15 22:23:42.867 W/System.err(11734): 	at libcore.io.ForwardingOs.open(ForwardingOs.java:567)
06-15 22:23:42.867 W/System.err(11734): 	at android.app.ActivityThread$AndroidOs.open(ActivityThread.java:7761)
06-15 22:23:42.867 W/System.err(11734): 	at libcore.io.IoBridge.open(IoBridge.java:561)
06-15 22:23:42.867 W/System.err(11734): 	... 69 more
06-15 22:23:42.870 W/System.err(11734): java.io.FileNotFoundException: sys/class/sunxi_info/sys_info: open failed: ENOENT (No such file or directory)
06-15 22:23:42.870 W/System.err(11734): 	at libcore.io.IoBridge.open(IoBridge.java:575)
06-15 22:23:42.870 W/System.err(11734): 	at java.io.FileInputStream.<init>(FileInputStream.java:160)
06-15 22:23:42.870 W/System.err(11734): 	at java.io.FileInputStream.<init>(FileInputStream.java:115)
06-15 22:23:42.870 W/System.err(11734): 	at ip.b.b(SourceFile:5)
06-15 22:23:42.870 W/System.err(11734): 	at ip.b.a(SourceFile:155)
06-15 22:23:42.870 W/System.err(11734): 	at ip.a.invoke(SourceFile:127)
06-15 22:23:42.870 W/System.err(11734): 	at dh.v.getValue(SourceFile:21)
06-15 22:23:42.870 W/System.err(11734): 	at tech.gtt.frontapp.servicesdk.common.network.interceptor.params.ApiDeviceParams.handleFixedParams(SourceFile:65)
06-15 22:23:42.870 W/System.err(11734): 	at tech.gtt.frontapp.servicesdk.common.service.utility.apis.IParamsGetter.toMaps(SourceFile:87)
06-15 22:23:42.870 W/System.err(11734): 	at tech.gtt.frontapp.servicesdk.common.network.interceptor.DefaultParamsInterceptor.onRequest(SourceFile:127)
06-15 22:23:42.870 W/System.err(11734): 	at tech.gtt.frontapp.servicesdk.common.network.interceptor.SDKInterceptorsPluginKt$setupRequestInterception$1.invokeSuspend(SourceFile:103)
06-15 22:23:42.870 W/System.err(11734): 	at tech.gtt.frontapp.servicesdk.common.network.interceptor.SDKInterceptorsPluginKt$setupRequestInterception$1.invoke(SourceFile:1)
06-15 22:23:42.870 W/System.err(11734): 	at tech.gtt.frontapp.servicesdk.common.network.interceptor.SDKInterceptorsPluginKt$setupRequestInterception$1.invoke(SourceFile:2)
06-15 22:23:42.870 W/System.err(11734): 	at io.ktor.util.pipeline.DebugPipelineContext.proceedLoop(SourceFile:86)
06-15 22:23:42.870 W/System.err(11734): 	at io.ktor.util.pipeline.DebugPipelineContext.proceed(SourceFile:26)
06-15 22:23:42.870 W/System.err(11734): 	at io.ktor.client.plugins.RequestError$install$1.invokeSuspend(SourceFile:47)
06-15 22:23:42.870 W/System.err(11734): 	at io.ktor.client.plugins.RequestError$install$1.invoke(SourceFile:1)
06-15 22:23:42.870 W/System.err(11734): 	at io.ktor.client.plugins.RequestError$install$1.invoke(SourceFile:2)
06-15 22:23:42.870 W/System.err(11734): 	at io.ktor.util.pipeline.DebugPipelineContext.proceedLoop(SourceFile:86)
06-15 22:23:42.870 W/System.err(11734): 	at io.ktor.util.pipeline.DebugPipelineContext.proceed(SourceFile:26)
06-15 22:23:42.870 W/System.err(11734): 	at io.ktor.client.plugins.SetupRequestContext$install$1.invokeSuspend$proceed(SourceFile:1)
06-15 22:23:42.870 W/System.err(11734): 	at io.ktor.client.plugins.SetupRequestContext$install$1.access$invokeSuspend$proceed(SourceFile:1)
06-15 22:23:42.870 W/System.err(11734): 	at io.ktor.client.plugins.SetupRequestContext$install$1$1.invoke(SourceFile:2)
06-15 22:23:42.870 W/System.err(11734): 	at io.ktor.client.plugins.SetupRequestContext$install$1$1.invoke(SourceFile:1)
06-15 22:23:42.870 W/System.err(11734): 	at io.ktor.client.plugins.HttpRequestLifecycleKt$HttpRequestLifecycle$1$1.invokeSuspend(SourceFile:78)
06-15 22:23:42.870 W/System.err(11734): 	at io.ktor.client.plugins.HttpRequestLifecycleKt$HttpRequestLifecycle$1$1.invoke(SourceFile:1)
06-15 22:23:42.870 W/System.err(11734): 	at io.ktor.client.plugins.HttpRequestLifecycleKt$HttpRequestLifecycle$1$1.invoke(SourceFile:2)
06-15 22:23:42.870 W/System.err(11734): 	at io.ktor.client.plugins.SetupRequestContext$install$1.invokeSuspend(SourceFile:42)
06-15 22:23:42.870 W/System.err(11734): 	at io.ktor.client.plugins.SetupRequestContext$install$1.invoke(SourceFile:1)
06-15 22:23:42.870 W/System.err(11734): 	at io.ktor.client.plugins.SetupRequestContext$install$1.invoke(SourceFile:2)
06-15 22:23:42.870 W/System.err(11734): 	at io.ktor.util.pipeline.DebugPipelineContext.proceedLoop(SourceFile:86)
06-15 22:23:42.871 W/System.err(11734): 	at io.ktor.util.pipeline.DebugPipelineContext.proceed(SourceFile:26)
06-15 22:23:42.871 W/System.err(11734): 	at io.ktor.util.pipeline.DebugPipelineContext.execute$ktor_utils(SourceFile:7)
06-15 22:23:42.871 W/System.err(11734): 	at io.ktor.util.pipeline.Pipeline.execute(SourceFile:9)
06-15 22:23:42.871 W/System.err(11734): 	at io.ktor.client.HttpClient.execute$ktor_client_core(SourceFile:68)
06-15 22:23:42.871 W/System.err(11734): 	at io.ktor.client.statement.HttpStatement.fetchResponse(SourceFile:90)
06-15 22:23:42.871 W/System.err(11734): 	at io.ktor.client.statement.HttpStatement.execute(SourceFile:9)
06-15 22:23:42.871 W/System.err(11734): 	at de.jensklingenberg.ktorfit.internal.KtorfitConverterHelper.suspendRequest(SourceFile:127)
06-15 22:23:42.871 W/System.err(11734): 	at de.jensklingenberg.ktorfit.internal.KtorfitConverterHelper$request$1$1.invokeSuspend(SourceFile:58)
06-15 22:23:42.871 W/System.err(11734): 	at de.jensklingenberg.ktorfit.internal.KtorfitConverterHelper$request$1$1.invoke(SourceFile:2)
06-15 22:23:42.871 W/System.err(11734): 	at de.jensklingenberg.ktorfit.internal.KtorfitConverterHelper$request$1$1.invoke(SourceFile:1)
06-15 22:23:42.871 W/System.err(11734): 	at de.jensklingenberg.ktorfit.converter.FlowConverterFactory$responseConverter$1$convert$1.invokeSuspend(SourceFile:84)
06-15 22:23:42.871 W/System.err(11734): 	at de.jensklingenberg.ktorfit.converter.FlowConverterFactory$responseConverter$1$convert$1.invoke(SourceFile:2)
06-15 22:23:42.871 W/System.err(11734): 	at de.jensklingenberg.ktorfit.converter.FlowConverterFactory$responseConverter$1$convert$1.invoke(SourceFile:1)
06-15 22:23:42.871 W/System.err(11734): 	at kotlinx.coroutines.flow.SafeFlow.collectSafely(SourceFile:3)
06-15 22:23:42.871 W/System.err(11734): 	at kotlinx.coroutines.flow.AbstractFlow.collect(SourceFile:70)
06-15 22:23:42.871 W/System.err(11734): 	at kotlinx.coroutines.flow.FlowKt__MergeKt$flatMapConcat$$inlined$map$1.collect(SourceFile:10)
06-15 22:23:42.871 W/System.err(11734): 	at kotlinx.coroutines.flow.FlowKt__MergeKt$flattenConcat$$inlined$unsafeFlow$1.collect(SourceFile:8)
06-15 22:23:42.871 W/System.err(11734): 	at kotlinx.coroutines.flow.FlowKt__CollectKt.collect(SourceFile:1)
06-15 22:23:42.871 W/System.err(11734): 	at kotlinx.coroutines.flow.FlowKt.collect(SourceFile:1)
06-15 22:23:42.871 W/System.err(11734): 	at tech.gtt.frontapp.servicesdk.common.service.utility.apis.ApiUtilServiceImpl.onServiceInit(SourceFile:240)
06-15 22:23:42.871 W/System.err(11734): 	at tech.gtt.frontapp.servicesdk.common.core.ServiceSDKImpl.executeServiceInitialize(SourceFile:372)
06-15 22:23:42.871 W/System.err(11734): 	at tech.gtt.frontapp.servicesdk.common.core.ServiceSDKImpl.access$executeServiceInitialize(SourceFile:1)
06-15 22:23:42.871 W/System.err(11734): 	at tech.gtt.frontapp.servicesdk.common.core.ServiceSDKImpl$init$1.invokeSuspend(SourceFile:178)
06-15 22:23:42.871 W/System.err(11734): 	at tech.gtt.frontapp.servicesdk.common.core.ServiceSDKImpl$init$1.invoke(SourceFile:2)
06-15 22:23:42.871 W/System.err(11734): 	at tech.gtt.frontapp.servicesdk.common.core.ServiceSDKImpl$init$1.invoke(SourceFile:1)
06-15 22:23:42.871 W/System.err(11734): 	at kotlinx.coroutines.flow.SafeFlow.collectSafely(SourceFile:3)
06-15 22:23:42.871 W/System.err(11734): 	at kotlinx.coroutines.flow.AbstractFlow.collect(SourceFile:70)
06-15 22:23:42.871 W/System.err(11734): 	at tech.gtt.frontapp.servicesdk.common.core.SDKSetup$build$1.invokeSuspend(SourceFile:42)
06-15 22:23:42.871 W/System.err(11734): 	at tech.gtt.frontapp.servicesdk.common.core.SDKSetup$build$1.invoke(SourceFile:2)
06-15 22:23:42.871 W/System.err(11734): 	at tech.gtt.frontapp.servicesdk.common.core.SDKSetup$build$1.invoke(SourceFile:1)
06-15 22:23:42.871 W/System.err(11734): 	at tech.gtt.frontapp.servicesdk.common.core.Scheduler$scheduleDirect$1.invokeSuspend(SourceFile:61)
06-15 22:23:42.871 W/System.err(11734): 	at lh.a.resumeWith(SourceFile:14)
06-15 22:23:42.871 W/System.err(11734): 	at kotlinx.coroutines.DispatchedTask.run(SourceFile:123)
06-15 22:23:42.871 W/System.err(11734): 	at kotlinx.coroutines.internal.LimitedDispatcher$Worker.run(SourceFile:4)
06-15 22:23:42.871 W/System.err(11734): 	at kotlinx.coroutines.scheduling.TaskImpl.run(SourceFile:3)
06-15 22:23:42.871 W/System.err(11734): 	at kotlinx.coroutines.scheduling.CoroutineScheduler.runSafely(SourceFile:1)
06-15 22:23:42.871 W/System.err(11734): 	at kotlinx.coroutines.scheduling.CoroutineScheduler$Worker.executeTask(SourceFile:34)
06-15 22:23:42.871 W/System.err(11734): 	at kotlinx.coroutines.scheduling.CoroutineScheduler$Worker.runWorker(SourceFile:29)
06-15 22:23:42.871 W/System.err(11734): 	at kotlinx.coroutines.scheduling.CoroutineScheduler$Worker.run(SourceFile:1)
06-15 22:23:42.871 W/System.err(11734): Caused by: android.system.ErrnoException: open failed: ENOENT (No such file or directory)
06-15 22:23:42.871 W/System.err(11734): 	at libcore.io.Linux.open(Native Method)
06-15 22:23:42.871 W/System.err(11734): 	at libcore.io.ForwardingOs.open(ForwardingOs.java:567)
06-15 22:23:42.871 W/System.err(11734): 	at libcore.io.BlockGuardOs.open(BlockGuardOs.java:273)
06-15 22:23:42.871 W/System.err(11734): 	at libcore.io.ForwardingOs.open(ForwardingOs.java:567)
06-15 22:23:42.871 W/System.err(11734): 	at android.app.ActivityThread$AndroidOs.open(ActivityThread.java:7761)
06-15 22:23:42.871 W/System.err(11734): 	at libcore.io.IoBridge.open(IoBridge.java:561)
06-15 22:23:42.871 W/System.err(11734): 	... 69 more
06-15 22:23:42.877 W/System.err(11734): java.io.FileNotFoundException: sys/class/sunxi_info/sys_info: open failed: ENOENT (No such file or directory)
06-15 22:23:42.877 W/System.err(11734): 	at libcore.io.IoBridge.open(IoBridge.java:575)
06-15 22:23:42.877 W/System.err(11734): 	at java.io.FileInputStream.<init>(FileInputStream.java:160)
06-15 22:23:42.877 W/System.err(11734): 	at java.io.FileInputStream.<init>(FileInputStream.java:115)
06-15 22:23:42.877 W/System.err(11734): 	at ip.b.b(SourceFile:5)
06-15 22:23:42.877 W/System.err(11734): 	at ip.b.a(SourceFile:155)
06-15 22:23:42.877 W/System.err(11734): 	at ip.a.invoke(SourceFile:340)
06-15 22:23:42.877 W/System.err(11734): 	at dh.v.getValue(SourceFile:21)
06-15 22:23:42.877 W/System.err(11734): 	at tech.gtt.frontapp.servicesdk.common.network.interceptor.params.ApiDeviceParams.handleFixedParams(SourceFile:120)
06-15 22:23:42.877 W/System.err(11734): 	at tech.gtt.frontapp.servicesdk.common.service.utility.apis.IParamsGetter.toMaps(SourceFile:87)
06-15 22:23:42.877 W/System.err(11734): 	at tech.gtt.frontapp.servicesdk.common.network.interceptor.DefaultParamsInterceptor.onRequest(SourceFile:127)
06-15 22:23:42.877 W/System.err(11734): 	at tech.gtt.frontapp.servicesdk.common.network.interceptor.SDKInterceptorsPluginKt$setupRequestInterception$1.invokeSuspend(SourceFile:103)
06-15 22:23:42.877 W/System.err(11734): 	at tech.gtt.frontapp.servicesdk.common.network.interceptor.SDKInterceptorsPluginKt$setupRequestInterception$1.invoke(SourceFile:1)
06-15 22:23:42.877 W/System.err(11734): 	at tech.gtt.frontapp.servicesdk.common.network.interceptor.SDKInterceptorsPluginKt$setupRequestInterception$1.invoke(SourceFile:2)
06-15 22:23:42.877 W/System.err(11734): 	at io.ktor.util.pipeline.DebugPipelineContext.proceedLoop(SourceFile:86)
06-15 22:23:42.877 W/System.err(11734): 	at io.ktor.util.pipeline.DebugPipelineContext.proceed(SourceFile:26)
06-15 22:23:42.877 W/System.err(11734): 	at io.ktor.client.plugins.RequestError$install$1.invokeSuspend(SourceFile:47)
06-15 22:23:42.877 W/System.err(11734): 	at io.ktor.client.plugins.RequestError$install$1.invoke(SourceFile:1)
06-15 22:23:42.877 W/System.err(11734): 	at io.ktor.client.plugins.RequestError$install$1.invoke(SourceFile:2)
06-15 22:23:42.877 W/System.err(11734): 	at io.ktor.util.pipeline.DebugPipelineContext.proceedLoop(SourceFile:86)
06-15 22:23:42.877 W/System.err(11734): 	at io.ktor.util.pipeline.DebugPipelineContext.proceed(SourceFile:26)
06-15 22:23:42.877 W/System.err(11734): 	at io.ktor.client.plugins.SetupRequestContext$install$1.invokeSuspend$proceed(SourceFile:1)
06-15 22:23:42.877 W/System.err(11734): 	at io.ktor.client.plugins.SetupRequestContext$install$1.access$invokeSuspend$proceed(SourceFile:1)
06-15 22:23:42.877 W/System.err(11734): 	at io.ktor.client.plugins.SetupRequestContext$install$1$1.invoke(SourceFile:2)
06-15 22:23:42.877 W/System.err(11734): 	at io.ktor.client.plugins.SetupRequestContext$install$1$1.invoke(SourceFile:1)
06-15 22:23:42.877 W/System.err(11734): 	at io.ktor.client.plugins.HttpRequestLifecycleKt$HttpRequestLifecycle$1$1.invokeSuspend(SourceFile:78)
