--------- beginning of main
06-17 19:55:36.154 D/ProcessState(11782): Binder ioctl to enable oneway spam detection failed: Invalid argument
--------- beginning of system
06-17 19:55:36.155 I/ActivityManager( 1936): Force stopping tech.gtt.frontapp.stb.demo appid=10058 user=0: clear data
06-17 19:55:36.156 I/ActivityManager( 1936): Killing 11140:tech.gtt.frontapp.stb.demo/u0a58 (adj 0): stop tech.gtt.frontapp.stb.demo due to clear data
06-17 19:55:36.157 W/ActivityTaskManager( 1936): Force removing ActivityRecord{49430aa u0 tech.gtt.frontapp.stb.demo/tech.gtt.frontapp.stb.m.account.activity.RechargeActivity t28 f}}: app died, no saved state
06-17 19:55:36.160 W/InputManager-JNI( 1936): Input channel object 'a896811 tech.gtt.frontapp.stb.demo/tech.gtt.frontapp.stb.m.account.activity.RechargeActivity (client)' was disposed without first being removed with the input manager!
06-17 19:55:36.161 W/ActivityTaskManager( 1936): Force removing ActivityRecord{190454a u0 tech.gtt.frontapp.stb.demo/tech.gtt.frontapp.stb.m.profile.activity.ProfileActivity t28 f}}: app died, no saved state
06-17 19:55:36.162 W/InputManager-JNI( 1936): Input channel object 'a097d31 tech.gtt.frontapp.stb.demo/tech.gtt.frontapp.stb.m.profile.activity.ProfileActivity (client)' was disposed without first being removed with the input manager!
06-17 19:55:36.162 I/libprocessgroup( 1936): Successfully killed process cgroup uid 10058 pid 11140 in 5ms
06-17 19:55:36.163 W/ActivityTaskManager( 1936): Force removing ActivityRecord{7b4ba39 u0 tech.gtt.frontapp.stb.demo/tech.gtt.frontapp.stb.m.home.activity.MainActivity t28 f}}: app died, no saved state
06-17 19:55:36.163 W/InputManager-JNI( 1936): Input channel object '26dd4e2 tech.gtt.frontapp.stb.demo/tech.gtt.frontapp.stb.m.home.activity.MainActivity (client)' was disposed without first being removed with the input manager!
06-17 19:55:36.164 W/ActivityTaskManager( 1936): Force removing ActivityRecord{44c3d60 u0 tech.gtt.frontapp.stb.demo/tech.gtt.frontapp.stb.m.account.activity.LoginMethodSwitchActivity t28 f}}: app died, no saved state
06-17 19:55:36.165 W/InputManager-JNI( 1936): Input channel object '5de0cbf tech.gtt.frontapp.stb.demo/tech.gtt.frontapp.stb.m.account.activity.LoginMethodSwitchActivity (client)' was disposed without first being removed with the input manager!
06-17 19:55:36.171 W/ActivityTaskManager( 1936): Can't find TaskDisplayArea to determine support for multi window. Task id=28 attached=false
06-17 19:55:36.171 W/ActivityTaskManager( 1936): Can't find TaskDisplayArea to determine support for multi window. Task id=28 attached=false
06-17 19:55:36.173 W/UsageStatsService( 1936): Unexpected activity event reported! (tech.gtt.frontapp.stb.demo/tech.gtt.frontapp.stb.m.profile.activity.ProfileActivity event : 23 instanceId : 142076597)
06-17 19:55:36.173 W/UsageStatsService( 1936): Unexpected activity event reported! (tech.gtt.frontapp.stb.demo/tech.gtt.frontapp.stb.m.home.activity.MainActivity event : 23 instanceId : 250114560)
06-17 19:55:36.173 W/UsageStatsService( 1936): Unexpected activity event reported! (tech.gtt.frontapp.stb.demo/tech.gtt.frontapp.stb.m.account.activity.LoginMethodSwitchActivity event : 23 instanceId : 88276323)
06-17 19:55:36.177 V/ActivityManager( 1936): Got obituary of 11140:tech.gtt.frontapp.stb.demo
06-17 19:55:36.178 W/WindowManager( 1936): Cannot find window which accessibility connection is added to
06-17 19:55:36.178 W/WindowManager( 1936): Cannot find window which accessibility connection is added to
06-17 19:55:36.179 I/ActivityManager( 1936): Force stopping tech.gtt.frontapp.stb.demo appid=10058 user=-1: clearApplicationUserData
06-17 19:55:36.179 D/ConnectivityService( 1936): ConnectivityService NetworkRequestInfo binderDied(uid/pid:10058/11140, android.os.BinderProxy@d20f41b)
06-17 19:55:36.180 I/Zygote  ( 1756): Process 11140 exited due to signal 9 (Killed)
06-17 19:55:36.181 W/WindowManager( 1936): Cannot find window which accessibility connection is added to
06-17 19:55:36.181 W/WindowManager( 1936): Cannot find window which accessibility connection is added to
06-17 19:55:36.183 E/TaskPersister( 1936): File error accessing recents directory (directory doesn't exist?).
06-17 19:55:36.184 V/WindowManager( 1936): Unknown focus tokens, dropping reportFocusChanged
06-17 19:55:36.184 W/ActivityManager( 1936): setHasOverlayUi called on unknown pid: 11140
06-17 19:55:36.187 I/MediaProvider( 2560): Invalidating LocalCallingIdentity cache for package tech.gtt.frontapp.stb.demo. Reason: op android:read_external_storage
06-17 19:55:36.191 E/BpTransactionCompletedListener( 1779): Failed to transact (-32)
06-17 19:55:36.191 W/SurfaceFlinger( 1779): couldn't log to binary event log: overflow.
06-17 19:55:36.233 D/CompatibilityChangeReporter( 1936): Compat change id reported: 135634846; UID 10019; state: DISABLED
06-17 19:55:36.234 D/CompatibilityChangeReporter( 1936): Compat change id reported: 177438394; UID 10019; state: DISABLED
06-17 19:55:36.234 D/CompatibilityChangeReporter( 1936): Compat change id reported: 135772972; UID 10019; state: DISABLED
06-17 19:55:36.234 D/CompatibilityChangeReporter( 1936): Compat change id reported: 135754954; UID 10019; state: ENABLED
06-17 19:55:36.234 D/CompatibilityChangeReporter( 1936): Compat change id reported: 143937733; UID 10019; state: ENABLED
06-17 19:55:36.237 D/Zygote  ( 1756): Forked child process 11790
06-17 19:55:36.237 I/ActivityManager( 1936): Start proc 11790:com.android.documentsui/u0a19 for broadcast {com.android.documentsui/com.android.documentsui.PackageReceiver}
06-17 19:55:36.239 I/Zygote  (11790): seccomp disabled by setenforce 0
06-17 19:55:36.241 W/oid.documentsu(11790): Unexpected CPU variant for X86 using defaults: x86_64
06-17 19:55:36.247 D/gralloc_nox( 1767): gralloc_alloc: Creating ashmem region of size 8298496
06-17 19:55:36.257 D/ProcessState(11790): Binder ioctl to enable oneway spam detection failed: Invalid argument
06-17 19:55:36.272 D/ProcessState(11807): Binder ioctl to enable oneway spam detection failed: Invalid argument
06-17 19:55:36.301 E/ashmem  (11790): memfd: ro.vndk.version not defined or invalid (), this is mandated since P.
06-17 19:55:36.303 D/CompatibilityChangeReporter(11790): Compat change id reported: 171979766; UID 10019; state: DISABLED
06-17 19:55:36.307 D/gralloc_nox( 1767): gralloc_alloc: Creating ashmem region of size 8298496
06-17 19:55:36.342 V/GraphicsEnvironment(11790): ANGLE Developer option for 'com.android.documentsui' set to: 'default'
06-17 19:55:36.343 V/GraphicsEnvironment(11790): ANGLE GameManagerService for com.android.documentsui: false
06-17 19:55:36.343 V/GraphicsEnvironment(11790): Neither updatable production driver nor prerelease driver is supported.
06-17 19:55:36.349 D/gralloc_nox( 1767): gralloc_alloc: Creating ashmem region of size 8298496
06-17 19:55:36.349 D/NetworkSecurityConfig(11790): No Network Security Config specified, using platform default
06-17 19:55:36.349 D/NetworkSecurityConfig(11790): No Network Security Config specified, using platform default
06-17 19:55:36.409 D/AndroidRuntime(11813): >>>>>> START com.android.internal.os.RuntimeInit uid 0 <<<<<<
06-17 19:55:36.412 I/AndroidRuntime(11813): Using default boot image
06-17 19:55:36.412 I/AndroidRuntime(11813): Leaving lock profiling enabled
06-17 19:55:36.415 W/app_process(11813): ART APEX data files are untrusted.
06-17 19:55:36.416 I/app_process(11813): Core platform API reporting enabled, enforcing=false
06-17 19:55:36.422 D/DocumentsApplication(11790): OverlayManager.setEnabled() result: true
06-17 19:55:36.445 I/system_server( 1936): Background young concurrent copying GC freed 110364(6189KB) AllocSpace objects, 58(1496KB) LOS objects, 34% free, 13MB/20MB, paused 7.720ms,1.484ms total 57.744ms
06-17 19:55:36.456 I/MediaProvider( 2560): Begin Intent { act=android.intent.action.PACKAGE_DATA_CLEARED dat=package:tech.gtt.frontapp.stb.demo flg=0x1000010 cmp=com.android.providers.media.module/com.android.providers.media.MediaService (has extras) }
06-17 19:55:36.456 D/MediaProvider( 2560): Deleted 0 Android/media items belonging to tech.gtt.frontapp.stb.demo on /data/user/0/com.android.providers.media.module/databases/external.db
06-17 19:55:36.456 I/MediaProvider( 2560): End Intent { act=android.intent.action.PACKAGE_DATA_CLEARED dat=package:tech.gtt.frontapp.stb.demo flg=0x1000010 cmp=com.android.providers.media.module/com.android.providers.media.MediaService (has extras) }
06-17 19:55:36.463 D/app_process(11813): Time zone APEX ICU file found: /apex/com.android.tzdata/etc/icu/icu_tzdata.dat
06-17 19:55:36.463 D/app_process(11813): I18n APEX ICU file found: /apex/com.android.i18n/etc/icu/icudt68l.dat
06-17 19:55:36.469 W/app_process(11813): Unexpected CPU variant for X86 using defaults: x86_64
06-17 19:55:36.484 D/ProcessState(11813): Binder ioctl to enable oneway spam detection failed: Invalid argument
06-17 19:55:36.484 D/AndroidRuntime(11813): Calling main entry com.android.commands.monkey.Monkey
06-17 19:55:36.484 W/Monkey  (11813): args: [-p, tech.gtt.frontapp.stb.demo, -c, android.intent.category.LAUNCHER, 1]
06-17 19:55:36.485 W/Monkey  (11813):  arg: "-p"
06-17 19:55:36.485 W/Monkey  (11813):  arg: "tech.gtt.frontapp.stb.demo"
06-17 19:55:36.485 W/Monkey  (11813):  arg: "-c"
06-17 19:55:36.485 W/Monkey  (11813):  arg: "android.intent.category.LAUNCHER"
06-17 19:55:36.485 W/Monkey  (11813):  arg: "1"
06-17 19:55:36.485 W/Monkey  (11813): data="tech.gtt.frontapp.stb.demo"
06-17 19:55:36.485 W/Monkey  (11813): data="android.intent.category.LAUNCHER"
06-17 19:55:36.519 W/BroadcastQueue( 1936): Skipping deliver [background] BroadcastRecord{2a8c9c7 u-1 android.net.conn.CONNECTIVITY_CHANGE} to ReceiverList{642bbf4 11813 (unknown name)/0/u-1 remote:ea975e1}: process gone or crashing
06-17 19:55:36.523 I/ActivityTaskManager( 1936): START u0 {act=android.intent.action.MAIN cat=[android.intent.category.LAUNCHER] flg=0x10200000 cmp=tech.gtt.frontapp.stb.demo/tech.gtt.frontapp.stb.m.home.activity.SplashActivity} from uid 0
06-17 19:55:36.525 W/ActivityTaskManager( 1936): Can't find TaskDisplayArea to determine support for multi window. Task id=29 attached=false
06-17 19:55:36.536 I/Monkey  (11813): Events injected: 1
06-17 19:55:36.551 D/CompatibilityChangeReporter( 1936): Compat change id reported: 135634846; UID 10058; state: DISABLED
06-17 19:55:36.552 D/CompatibilityChangeReporter( 1936): Compat change id reported: 143937733; UID 10058; state: ENABLED
06-17 19:55:36.552 I/Monkey  (11813): ## Network stats: elapsed time=28ms (0ms mobile, 0ms wifi, 28ms not connected)
06-17 19:55:36.558 D/gralloc_nox( 1767): gralloc_alloc: Creating ashmem region of size 8298496
06-17 19:55:36.598 D/Zygote  ( 1756): Forked child process 11840
06-17 19:55:36.598 D/gralloc_nox( 1767): gralloc_alloc: Creating ashmem region of size 8298496
06-17 19:55:36.598 I/app_process(11813): System.exit called, status: 0
06-17 19:55:36.598 I/AndroidRuntime(11813): VM exiting with result code 0.
06-17 19:55:36.616 I/Zygote  (11840): seccomp disabled by setenforce 0
06-17 19:55:36.611 W/ActivityManager( 1936): Slow operation: 60ms so far, now at startProcess: returned from zygote!
06-17 19:55:36.619 W/ActivityManager( 1936): Slow operation: 68ms so far, now at startProcess: done updating battery stats
06-17 19:55:36.619 W/ActivityManager( 1936): Slow operation: 68ms so far, now at startProcess: building log message
06-17 19:55:36.619 I/ActivityManager( 1936): Start proc 11840:tech.gtt.frontapp.stb.demo/u0a58 for pre-top-activity {tech.gtt.frontapp.stb.demo/tech.gtt.frontapp.stb.m.home.activity.SplashActivity}
06-17 19:55:36.619 W/ActivityManager( 1936): Slow operation: 68ms so far, now at startProcess: starting to update pids map
06-17 19:55:36.619 W/ActivityManager( 1936): Slow operation: 68ms so far, now at startProcess: done updating pids map
06-17 19:55:36.621 W/ontapp.stb.dem(11840): Unexpected CPU variant for X86 using defaults: x86_64
06-17 19:55:36.635 D/ProcessState(11840): Binder ioctl to enable oneway spam detection failed: Invalid argument
06-17 19:55:36.637 D/gralloc_nox( 1767): gralloc_alloc: Creating ashmem region of size 8298496
06-17 19:55:36.653 E/ashmem  (11840): memfd: ro.vndk.version not defined or invalid (), this is mandated since P.
06-17 19:55:36.656 D/CompatibilityChangeReporter(11840): Compat change id reported: 171979766; UID 10058; state: ENABLED
06-17 19:55:36.701 V/GraphicsEnvironment(11840): ANGLE Developer option for 'tech.gtt.frontapp.stb.demo' set to: 'default'
06-17 19:55:36.702 V/GraphicsEnvironment(11840): ANGLE GameManagerService for tech.gtt.frontapp.stb.demo: false
06-17 19:55:36.702 V/GraphicsEnvironment(11840): Neither updatable production driver nor prerelease driver is supported.
06-17 19:55:36.707 D/NetworkSecurityConfig(11840): Using Network Security Config from resource network_security_config debugBuild: false
06-17 19:55:36.708 D/NetworkSecurityConfig(11840): Using Network Security Config from resource network_security_config debugBuild: false
06-17 19:55:36.719 I/MultiDex(11840): VM with version 2.1.0 has multidex support
06-17 19:55:36.719 I/MultiDex(11840): Installing application
06-17 19:55:36.719 I/MultiDex(11840): VM has multidex support, MultiDex support library is disabled.
06-17 19:55:36.719 E/[Package](11840): params: AppConfiguration(vnoId='11026504', brandId='d0k7d3p3kdikth2o3q6g', appId='d0jucrbq6bt4h33c0ma0', sourceId='30006401-31002837', authServers='https://gtt-app-apigateway-lion.vdemosit.com', shareKey='S2kQMgUSugYyMlk5QclHDaF0uDsFnB0oJoFeAFgsKb8=', packageName='tech.gtt.frontapp.stb.demo', appName='Goose TV', appVersionName='v1.0.0', appVersionCode='7', pluginVersionCode='1', pluginVersionName='6.0.0-beta-build5', packageSeq='1', buglyAppId='d76a04165f', buglyKey='13b89b2d-1c12-4c4f-93b8-46e3c2ef9f73', baseVersionCode='20000066', gitTag='2.1.4-beta6', supportLang='en,pt,es', defaultLang='en', bootLoadType='1')
06-17 19:55:36.720 W/System.err(11840): java.lang.ClassNotFoundException: tech.gtt.frontapp.stb.docker.plugin.PluginUtils
06-17 19:55:36.720 W/System.err(11840): 	at java.lang.Class.classForName(Native Method)
06-17 19:55:36.720 W/System.err(11840): 	at java.lang.Class.forName(Class.java:454)
06-17 19:55:36.720 W/System.err(11840): 	at java.lang.Class.forName(Class.java:379)
06-17 19:55:36.720 W/System.err(11840): 	at ot.e.b(SourceFile:3)
06-17 19:55:36.720 W/System.err(11840): 	at tech.gtt.frontapp.stb.app.MainApplication.attachBaseContext(SourceFile:130)
06-17 19:55:36.720 W/System.err(11840): 	at android.app.Application.attach(Application.java:338)
06-17 19:55:36.720 W/System.err(11840): 	at android.app.Instrumentation.newApplication(Instrumentation.java:1190)
06-17 19:55:36.720 W/System.err(11840): 	at android.app.LoadedApk.makeApplication(LoadedApk.java:1361)
06-17 19:55:36.720 W/System.err(11840): 	at android.app.ActivityThread.handleBindApplication(ActivityThread.java:6728)
06-17 19:55:36.720 W/System.err(11840): 	at android.app.ActivityThread.access$1500(ActivityThread.java:256)
06-17 19:55:36.720 W/System.err(11840): 	at android.app.ActivityThread$H.handleMessage(ActivityThread.java:2091)
06-17 19:55:36.720 W/System.err(11840): 	at android.os.Handler.dispatchMessage(Handler.java:106)
06-17 19:55:36.720 W/System.err(11840): 	at android.os.Looper.loopOnce(Looper.java:201)
06-17 19:55:36.720 W/System.err(11840): 	at android.os.Looper.loop(Looper.java:288)
06-17 19:55:36.720 W/System.err(11840): 	at android.app.ActivityThread.main(ActivityThread.java:7875)
06-17 19:55:36.720 W/System.err(11840): 	at java.lang.reflect.Method.invoke(Native Method)
06-17 19:55:36.720 W/System.err(11840): 	at com.android.internal.os.RuntimeInit$MethodAndArgsCaller.run(RuntimeInit.java:568)
06-17 19:55:36.720 W/System.err(11840): 	at com.android.internal.os.ZygoteInit.main(ZygoteInit.java:1005)
06-17 19:55:36.720 W/System.err(11840): Caused by: java.lang.ClassNotFoundException: tech.gtt.frontapp.stb.docker.plugin.PluginUtils
06-17 19:55:36.720 W/System.err(11840): 	... 18 more
06-17 19:55:36.720 E/[Package](11840): isInPluginMode: false
06-17 19:55:36.725 I/CustomActivityOnCrash(11840): CustomActivityOnCrash has been installed.
06-17 19:55:36.726 I/System.out(11840): Modular_Init : a - initialize
06-17 19:55:36.729 I/System.out(11840): Modular_Init : d - initialize
06-17 19:55:36.732 I/System.out(11840): Modular_Init : a - initialize
06-17 19:55:36.734 I/System.out(11840): Modular_Init : a - initialize
06-17 19:55:36.734 D/[CatchupInitModule](11840): init---
06-17 19:55:36.734 I/System.out(11840): Modular_Init : a - initialize
06-17 19:55:36.734 D/[ReplayInitialize](11840): init---
06-17 19:55:36.734 I/System.out(11840): Modular_Init : a - initialize
06-17 19:55:36.734 D/[LiveInitialize](11840): init---
06-17 19:55:36.734 I/System.out(11840): Modular_Init : b - initialize
06-17 19:55:36.736 D/AndroidAutoSize(11840): designWidthInDp = 1920, designHeightInDp = 1080, screenWidth = 1920, screenHeight = 1080
06-17 19:55:36.736 D/AndroidAutoSize(11840): initDensity = 2.0, initScaledDensity = 2.0
06-17 19:55:36.805 D/AndroidAutoSize(11840): tech.gtt.frontapp.stb.m.home.activity.SplashActivity used the global configuration.
06-17 19:55:36.817 D/AndroidAutoSize(11840): The tech.gtt.frontapp.stb.m.home.activity.SplashActivity has been adapted! 
06-17 19:55:36.817 D/AndroidAutoSize(11840): SplashActivity Info: isBaseOnWidth = true, designWidthInDp = 1920.000000, designWidthInSubunits = 1920.000000, targetDensity = 1.000000, targetScaledDensity = 1.000000, targetDensityDpi = 160, targetXdpi = 1.000000, targetScreenWidthDp = 1920, targetScreenHeightDp = 1032
06-17 19:55:36.871 D/AndroidAutoSize(11840): tech.gtt.frontapp.stb.m.home.activity.SplashActivity used the global configuration.
06-17 19:55:36.871 D/AndroidAutoSize(11840): The tech.gtt.frontapp.stb.m.home.activity.SplashActivity has been adapted! 
06-17 19:55:36.871 D/AndroidAutoSize(11840): SplashActivity Info: isBaseOnWidth = true, designWidthInDp = 1920.000000, designWidthInSubunits = 1920.000000, targetDensity = 1.000000, targetScaledDensity = 1.000000, targetDensityDpi = 160, targetXdpi = 1.000000, targetScreenWidthDp = 1920, targetScreenHeightDp = 1032
06-17 19:55:36.878 I/ActivityTaskManager( 1936): START u0 {act=android.content.pm.action.REQUEST_PERMISSIONS pkg=com.android.permissioncontroller cmp=com.android.permissioncontroller/.permission.ui.GrantPermissionsActivity (has extras)} from uid 10058
06-17 19:55:36.906 D/ontapp.stb.dem(11840): createUnique: call
06-17 19:55:36.906 D/ontapp.stb.dem(11840): HostComposition ext GL_OES_EGL_image GL_OES_EGL_image_external GL_OES_depth24 GL_OES_depth32 GL_OES_element_index_uint GL_OES_texture_float GL_OES_texture_float_linear GL_OES_compressed_paletted_texture GL_OES_compressed_ETC1_RGB8_texture GL_OES_depth_texture GL_EXT_texture_format_BGRA8888 GL_APPLE_texture_format_BGRA8888 GL_OES_texture_half_float GL_EXT_robustness GL_OES_texture_half_float_linear GL_OES_packed_depth_stencil GL_OES_vertex_half_float GL_OES_texture_npot GL_OES_rgb8_rgba8 GL_EXT_color_buffer_float GL_EXT_texture_sRGB_decode ANDROID_gles_max_version_3_1 GL_OES_vertex_array_object GL_EXT_texture_buffer GL_EXT_copy_image GL_KHR_texture_compression_astc_ldr GL_KHR_texture_compression_astc_hdr GL_OES_texture_compression_astc GL_OES_EGL_image_external
06-17 19:55:36.907 D/hw-ProcessState(11840): Binder ioctl to enable oneway spam detection failed: Invalid argument
06-17 19:55:36.910 W/OpenGLRenderer(11840): Failed to initialize 101010-2 format, error = EGL_SUCCESS
06-17 19:55:36.910 D/EGL_emulation(11840): rcCreateContext wated version 2.0  rc:4
06-17 19:55:36.937 D/EGL_emulation(11840): eglMakeCurrent: 0x74841c042030: ver 3 2 (tinfo 0x74839c04c6c0) (first time)
06-17 19:55:36.940 E/HWComposer( 1779): getSupportedContentTypes: getSupportedContentTypes failed for display 0: Unsupported (8)
06-17 19:55:36.942 D/ProcessState(11874): Binder ioctl to enable oneway spam detection failed: Invalid argument
06-17 19:55:36.943 I/hwservicemanager( 1567): getTransport: Cannot find entry android.hardware.graphics.mapper@4.0::IMapper/default in either framework or device VINTF manifest.
06-17 19:55:36.943 I/Gralloc4(11840): mapper 4.x is not supported
06-17 19:55:36.943 I/hwservicemanager( 1567): getTransport: Cannot find entry android.hardware.graphics.mapper@3.0::IMapper/default in either framework or device VINTF manifest.
06-17 19:55:36.943 W/Gralloc3(11840): mapper 3.x is not supported
06-17 19:55:36.944 I/hwservicemanager( 1567): getTransport: Cannot find entry android.hardware.graphics.allocator@4.0::IAllocator/default in either framework or device VINTF manifest.
06-17 19:55:36.944 W/Gralloc4(11840): allocator 4.x is not supported
06-17 19:55:36.944 I/hwservicemanager( 1567): getTransport: Cannot find entry android.hardware.graphics.allocator@3.0::IAllocator/default in either framework or device VINTF manifest.
06-17 19:55:36.944 W/Gralloc3(11840): allocator 3.x is not supported
06-17 19:55:36.945 D/gralloc_nox( 1767): gralloc_alloc: Creating ashmem region of size 8298496
06-17 19:55:36.975 D/ontapp.stb.dem(11840): createUnique: call
06-17 19:55:36.975 D/ontapp.stb.dem(11840): HostComposition ext GL_OES_EGL_image GL_OES_EGL_image_external GL_OES_depth24 GL_OES_depth32 GL_OES_element_index_uint GL_OES_texture_float GL_OES_texture_float_linear GL_OES_compressed_paletted_texture GL_OES_compressed_ETC1_RGB8_texture GL_OES_depth_texture GL_EXT_texture_format_BGRA8888 GL_APPLE_texture_format_BGRA8888 GL_OES_texture_half_float GL_EXT_robustness GL_OES_texture_half_float_linear GL_OES_packed_depth_stencil GL_OES_vertex_half_float GL_OES_texture_npot GL_OES_rgb8_rgba8 GL_EXT_color_buffer_float GL_EXT_texture_sRGB_decode ANDROID_gles_max_version_3_1 GL_OES_vertex_array_object GL_EXT_texture_buffer GL_EXT_copy_image GL_KHR_texture_compression_astc_ldr GL_KHR_texture_compression_astc_hdr GL_OES_texture_compression_astc GL_OES_EGL_image_external
06-17 19:55:36.976 D/ProcessState(11880): Binder ioctl to enable oneway spam detection failed: Invalid argument
06-17 19:55:36.981 D/gralloc_nox( 1767): gralloc_alloc: Creating ashmem region of size 8298496
06-17 19:55:37.013 D/gralloc_nox( 1767): gralloc_alloc: Creating ashmem region of size 8298496
06-17 19:55:37.070 E/libEGL  (11840): called unimplemented OpenGL ES API
06-17 19:55:37.119 W/ActivityTaskManager( 1936): Tried to set launchTime (0) < mLastActivityLaunchTime (3761978)
06-17 19:55:37.224 I/ActivityTaskManager( 1936): Displayed com.android.permissioncontroller/.permission.ui.GrantPermissionsActivity: +685ms
06-17 19:55:37.235 D/ProcessState(11893): Binder ioctl to enable oneway spam detection failed: Invalid argument
06-17 19:55:37.336 D/gralloc_nox( 1767): gralloc_alloc: Creating ashmem region of size 5496832
06-17 19:55:37.360 W/InputManager-JNI( 1936): Input channel object 'e20019 Splash Screen tech.gtt.frontapp.stb.demo (client)' was disposed without first being removed with the input manager!
06-17 19:55:37.424 D/gralloc_nox( 1767): gralloc_alloc: Creating ashmem region of size 5496832
06-17 19:55:37.547 D/gralloc_nox( 1767): gralloc_alloc: Creating ashmem region of size 5496832
06-17 19:55:39.535 E/TaskPersister( 1936): File error accessing recents directory (directory doesn't exist?).
06-17 19:55:39.647 D/UIAutomatorStub(11756): URI: /jsonrpc/0, Method: POST, params, {NanoHttpd.QUERY_STRING=null}, files: {postData={"jsonrpc": "2.0", "id": 1, "method": "count", "params": [{"mask": 2097152, "childOrSibling": [], "childOrSiblingSelector": [], "resourceId": "com.android.permissioncontroller:id/permission_allow_button"}]}}
06-17 19:55:39.659 D/UiObject(11756): Waiting 0ms for UiSelector[RESOURCE_ID=com.android.permissioncontroller:id/permission_allow_button].
06-17 19:55:39.660 W/QueryController(11756): Could not detect idle state.
06-17 19:55:39.671 I/QueryController(11756): Matched selector: UiSelector[RESOURCE_ID=com.android.permissioncontroller:id/permission_allow_button] <<==>> [android.view.accessibility.AccessibilityNodeInfo@399d2; boundsInParent: Rect(0, 0 - 992, 112); boundsInScreen: Rect(464, 557 - 1456, 669); packageName: com.android.permissioncontroller; className: android.widget.Button; text: 允许; error: null; maxTextLength: -1; stateDescription: null; contentDescription: null; tooltipText: null; viewIdResName: com.android.permissioncontroller:id/permission_allow_button; checkable: false; checked: false; focusable: true; focused: false; selected: false; clickable: true; longClickable: false; contextClickable: false; enabled: true; password: false; scrollable: false; importantForAccessibility: true; visible: true; actions: [AccessibilityAction: ACTION_FOCUS - null, AccessibilityAction: ACTION_SELECT - null, AccessibilityAction: ACTION_CLEAR_SELECTION - null, AccessibilityAction: ACTION_CLICK - null, AccessibilityAction: ACTION_ACCESSIBILITY_FOCUS - null, AccessibilityAction: ACTION_NEXT_AT_MOVEMENT_GRANULARITY - null, AccessibilityAction: ACTION_PREVIOUS_AT_MOVEMENT_GRANULARITY - null, AccessibilityAction: ACTION_SET_SELECTION - null, AccessibilityAction: ACTION_SHOW_ON_SCREEN - null]]
06-17 19:55:39.672 D/UiObject(11756): Waiting 0ms for UiSelector[INSTANCE=1, RESOURCE_ID=com.android.permissioncontroller:id/permission_allow_button].
06-17 19:55:39.672 W/QueryController(11756): Could not detect idle state.
06-17 19:55:39.705 D/UIAutomatorStub(11756): URI: /jsonrpc/0, Method: POST, params, {NanoHttpd.QUERY_STRING=null}, files: {postData={"jsonrpc": "2.0", "id": 1, "method": "waitForExists", "params": [{"mask": 2097152, "childOrSibling": [], "childOrSiblingSelector": [], "resourceId": "com.android.permissioncontroller:id/permission_allow_button"}, 20000]}}
06-17 19:55:39.707 D/UiDevice(11756): Waiting 20000ms for SearchCondition[hasObject=BySelector [RES='\Qcom.android.permissioncontroller:id/permission_allow_button\E']].
06-17 19:55:39.707 D/UiDevice(11756): Searching for node with selector: BySelector [RES='\Qcom.android.permissioncontroller:id/permission_allow_button\E'].
06-17 19:55:39.708 W/QueryController(11756): Could not detect idle state.
06-17 19:55:39.768 D/UIAutomatorStub(11756): URI: /jsonrpc/0, Method: POST, params, {NanoHttpd.QUERY_STRING=null}, files: {postData={"jsonrpc": "2.0", "id": 1, "method": "objInfo", "params": [{"mask": 2097152, "childOrSibling": [], "childOrSiblingSelector": [], "resourceId": "com.android.permissioncontroller:id/permission_allow_button"}]}}
06-17 19:55:39.770 D/UiDevice(11756): Retrieving node with selector: BySelector [RES='\Qcom.android.permissioncontroller:id/permission_allow_button\E'].
06-17 19:55:39.771 W/QueryController(11756): Could not detect idle state.
06-17 19:55:39.785 W/QueryController(11756): Could not detect idle state.
06-17 19:55:39.788 W/QueryController(11756): Could not detect idle state.
06-17 19:55:39.789 W/QueryController(11756): Could not detect idle state.
06-17 19:55:39.790 W/QueryController(11756): Could not detect idle state.
06-17 19:55:39.792 W/QueryController(11756): Could not detect idle state.
06-17 19:55:39.795 W/QueryController(11756): Could not detect idle state.
06-17 19:55:39.801 W/QueryController(11756): Could not detect idle state.
06-17 19:55:39.804 W/QueryController(11756): Could not detect idle state.
06-17 19:55:39.806 W/QueryController(11756): Could not detect idle state.
06-17 19:55:39.807 W/QueryController(11756): Could not detect idle state.
06-17 19:55:39.808 W/QueryController(11756): Could not detect idle state.
06-17 19:55:39.810 W/QueryController(11756): Could not detect idle state.
06-17 19:55:39.813 W/QueryController(11756): Could not detect idle state.
06-17 19:55:39.816 W/QueryController(11756): Could not detect idle state.
06-17 19:55:39.819 W/QueryController(11756): Could not detect idle state.
06-17 19:55:39.822 W/QueryController(11756): Could not detect idle state.
06-17 19:55:39.823 W/QueryController(11756): Could not detect idle state.
06-17 19:55:39.857 D/UIAutomatorStub(11756): URI: /jsonrpc/0, Method: POST, params, {NanoHttpd.QUERY_STRING=null}, files: {postData={"jsonrpc": "2.0", "id": 1, "method": "click", "params": [960.0, 613.0]}}
06-17 19:55:40.131 V/GrantPermissionsViewModel( 6919): Logged buttons presented and clicked permissionGroupName=android.permission-group.STORAGE uid=10058 selectedLocations=0 package=tech.gtt.frontapp.stb.demo presentedButtons=9 clickedButton=1 sessionId=4201950470334978312 targetSdk=35
06-17 19:55:40.138 I/MediaProvider( 2560): Invalidating LocalCallingIdentity cache for package tech.gtt.frontapp.stb.demo. Reason: op android:read_external_storage
06-17 19:55:40.139 V/GrantPermissionsViewModel( 6919): Permission grant result requestId=4201950470334978312 callingUid=10058 callingPackage=tech.gtt.frontapp.stb.demo permission=android.permission.READ_EXTERNAL_STORAGE isImplicit=false result=4
06-17 19:55:40.144 D/gralloc_nox( 1767): gralloc_alloc: Creating ashmem region of size 8298496
06-17 19:55:40.181 E/android.hardware.audio.service( 1759): pcm_open called create stream faild
06-17 19:55:40.182 D/AudioFlinger( 1776): mixer(0x7e14b2cf8a60) throttle end: throttle time(40)
06-17 19:55:40.387 D/CompatibilityChangeReporter(11840): Compat change id reported: 78294732; UID 10058; state: ENABLED
06-17 19:55:40.390 I/b       (11840): freeSpace : 116666MB
06-17 19:55:40.475 D/ProcessState(11914): Binder ioctl to enable oneway spam detection failed: Invalid argument
06-17 19:55:40.540 D/ConnectivityService( 1936): NetReassign [no changes]
06-17 19:55:40.586 V/GSK     (11840): StorageServiceImpl initialization() executed in 3 ms.
06-17 19:55:40.586 V/GSK     (11840): SecurityServiceImpl initialization() executed in 0 ms.
06-17 19:55:40.693 W/System.err(11840): SLF4J(W): No SLF4J providers were found.
06-17 19:55:40.693 W/System.err(11840): SLF4J(W): Defaulting to no-operation (NOP) logger implementation
06-17 19:55:40.693 W/System.err(11840): SLF4J(W): See https://www.slf4j.org/codes.html#noProviders for further details.
06-17 19:55:40.709 W/InputManager-JNI( 1936): Input channel object '62d2ea2 com.android.permissioncontroller/com.android.permissioncontroller.permission.ui.GrantPermissionsActivity (client)' was disposed without first being removed with the input manager!
06-17 19:55:40.725 W/SurfaceFlinger( 1779): couldn't log to binary event log: overflow.
06-17 19:55:40.761 W/System.err(11840): kotlinx.serialization.json.internal.JsonDecodingException: Expected start of the object '{', but had 'EOF' instead at path: $
06-17 19:55:40.761 W/System.err(11840): JSON input: 
06-17 19:55:40.761 W/System.err(11840): 	at kotlinx.serialization.json.internal.JsonExceptionsKt.JsonDecodingException(SourceFile:1)
06-17 19:55:40.761 W/System.err(11840): 	at kotlinx.serialization.json.internal.JsonExceptionsKt.JsonDecodingException(SourceFile:2)
06-17 19:55:40.761 W/System.err(11840): 	at kotlinx.serialization.json.internal.AbstractJsonLexer.fail(SourceFile:52)
06-17 19:55:40.761 W/System.err(11840): 	at kotlinx.serialization.json.internal.AbstractJsonLexer.fail$default(SourceFile:15)
06-17 19:55:40.761 W/System.err(11840): 	at kotlinx.serialization.json.internal.AbstractJsonLexer.unexpectedToken(SourceFile:103)
06-17 19:55:40.761 W/System.err(11840): 	at kotlinx.serialization.json.internal.StringJsonLexer.consumeNextToken(SourceFile:16)
06-17 19:55:40.761 W/System.err(11840): 	at kotlinx.serialization.json.internal.StreamingJsonDecoder.beginStructure(SourceFile:23)
06-17 19:55:40.761 W/System.err(11840): 	at tech.gtt.frontapp.servicesdk.common.service.utility.apis.e2ee.E2eeConfigResponse$$serializer.deserialize(SourceFile:2)
06-17 19:55:40.761 W/System.err(11840): 	at tech.gtt.frontapp.servicesdk.common.service.utility.apis.e2ee.E2eeConfigResponse$$serializer.deserialize(SourceFile:1)
06-17 19:55:40.761 W/System.err(11840): 	at kotlinx.serialization.json.internal.StreamingJsonDecoder.decodeSerializableValue(SourceFile:320)
06-17 19:55:40.761 W/System.err(11840): 	at kotlinx.serialization.json.Json.decodeFromString(SourceFile:3)
06-17 19:55:40.761 W/System.err(11840): 	at tech.gtt.frontapp.servicesdk.common.service.utility.apis.e2ee.E2eeManager.syncE2eeConfig(SourceFile:74)
06-17 19:55:40.761 W/System.err(11840): 	at tech.gtt.frontapp.servicesdk.common.service.utility.apis.ApiUtilServiceImpl.onServiceInit(SourceFile:228)
06-17 19:55:40.761 W/System.err(11840): 	at tech.gtt.frontapp.servicesdk.common.core.ServiceSDKImpl.executeServiceInitialize(SourceFile:372)
06-17 19:55:40.761 W/System.err(11840): 	at tech.gtt.frontapp.servicesdk.common.core.ServiceSDKImpl.access$executeServiceInitialize(SourceFile:1)
06-17 19:55:40.761 W/System.err(11840): 	at tech.gtt.frontapp.servicesdk.common.core.ServiceSDKImpl$init$1.invokeSuspend(SourceFile:178)
06-17 19:55:40.761 W/System.err(11840): 	at tech.gtt.frontapp.servicesdk.common.core.ServiceSDKImpl$init$1.invoke(SourceFile:2)
06-17 19:55:40.761 W/System.err(11840): 	at tech.gtt.frontapp.servicesdk.common.core.ServiceSDKImpl$init$1.invoke(SourceFile:1)
06-17 19:55:40.761 W/System.err(11840): 	at kotlinx.coroutines.flow.SafeFlow.collectSafely(SourceFile:3)
06-17 19:55:40.761 W/System.err(11840): 	at kotlinx.coroutines.flow.AbstractFlow.collect(SourceFile:70)
06-17 19:55:40.761 W/System.err(11840): 	at tech.gtt.frontapp.servicesdk.common.core.SDKSetup$build$1.invokeSuspend(SourceFile:42)
06-17 19:55:40.761 W/System.err(11840): 	at tech.gtt.frontapp.servicesdk.common.core.SDKSetup$build$1.invoke(SourceFile:2)
06-17 19:55:40.761 W/System.err(11840): 	at tech.gtt.frontapp.servicesdk.common.core.SDKSetup$build$1.invoke(SourceFile:1)
06-17 19:55:40.761 W/System.err(11840): 	at tech.gtt.frontapp.servicesdk.common.core.Scheduler$scheduleDirect$1.invokeSuspend(SourceFile:61)
06-17 19:55:40.761 W/System.err(11840): 	at lh.a.resumeWith(SourceFile:14)
06-17 19:55:40.761 W/System.err(11840): 	at kotlinx.coroutines.DispatchedTask.run(SourceFile:123)
06-17 19:55:40.761 W/System.err(11840): 	at kotlinx.coroutines.internal.LimitedDispatcher$Worker.run(SourceFile:4)
06-17 19:55:40.761 W/System.err(11840): 	at kotlinx.coroutines.scheduling.TaskImpl.run(SourceFile:3)
06-17 19:55:40.761 W/System.err(11840): 	at kotlinx.coroutines.scheduling.CoroutineScheduler.runSafely(SourceFile:1)
06-17 19:55:40.761 W/System.err(11840): 	at kotlinx.coroutines.scheduling.CoroutineScheduler$Worker.executeTask(SourceFile:34)
06-17 19:55:40.761 W/System.err(11840): 	at kotlinx.coroutines.scheduling.CoroutineScheduler$Worker.runWorker(SourceFile:29)
06-17 19:55:40.761 W/System.err(11840): 	at kotlinx.coroutines.scheduling.CoroutineScheduler$Worker.run(SourceFile:1)
06-17 19:55:40.775 W/System.err(11840): java.io.FileNotFoundException: sys/class/sunxi_info/sys_info: open failed: ENOENT (No such file or directory)
06-17 19:55:40.775 W/System.err(11840): 	at libcore.io.IoBridge.open(IoBridge.java:575)
06-17 19:55:40.775 W/System.err(11840): 	at java.io.FileInputStream.<init>(FileInputStream.java:160)
06-17 19:55:40.775 W/System.err(11840): 	at java.io.FileInputStream.<init>(FileInputStream.java:115)
06-17 19:55:40.775 W/System.err(11840): 	at ip.b.b(SourceFile:5)
06-17 19:55:40.775 W/System.err(11840): 	at ip.b.a(SourceFile:155)
06-17 19:55:40.775 W/System.err(11840): 	at ip.a.invoke(SourceFile:589)
06-17 19:55:40.775 W/System.err(11840): 	at dh.v.getValue(SourceFile:21)
06-17 19:55:40.775 W/System.err(11840): 	at tech.gtt.frontapp.servicesdk.common.network.interceptor.params.ApiDeviceParams.handleFixedParams(SourceFile:52)
06-17 19:55:40.775 W/System.err(11840): 	at tech.gtt.frontapp.servicesdk.common.service.utility.apis.IParamsGetter.toMaps(SourceFile:87)
06-17 19:55:40.775 W/System.err(11840): 	at tech.gtt.frontapp.servicesdk.common.network.interceptor.DefaultParamsInterceptor.onRequest(SourceFile:127)
06-17 19:55:40.775 W/System.err(11840): 	at tech.gtt.frontapp.servicesdk.common.network.interceptor.SDKInterceptorsPluginKt$setupRequestInterception$1.invokeSuspend(SourceFile:103)
06-17 19:55:40.775 W/System.err(11840): 	at tech.gtt.frontapp.servicesdk.common.network.interceptor.SDKInterceptorsPluginKt$setupRequestInterception$1.invoke(SourceFile:1)
06-17 19:55:40.775 W/System.err(11840): 	at tech.gtt.frontapp.servicesdk.common.network.interceptor.SDKInterceptorsPluginKt$setupRequestInterception$1.invoke(SourceFile:2)
06-17 19:55:40.775 W/System.err(11840): 	at io.ktor.util.pipeline.DebugPipelineContext.proceedLoop(SourceFile:86)
06-17 19:55:40.775 W/System.err(11840): 	at io.ktor.util.pipeline.DebugPipelineContext.proceed(SourceFile:26)
06-17 19:55:40.775 W/System.err(11840): 	at io.ktor.client.plugins.RequestError$install$1.invokeSuspend(SourceFile:47)
06-17 19:55:40.775 W/System.err(11840): 	at io.ktor.client.plugins.RequestError$install$1.invoke(SourceFile:1)
06-17 19:55:40.775 W/System.err(11840): 	at io.ktor.client.plugins.RequestError$install$1.invoke(SourceFile:2)
06-17 19:55:40.775 W/System.err(11840): 	at io.ktor.util.pipeline.DebugPipelineContext.proceedLoop(SourceFile:86)
06-17 19:55:40.775 W/System.err(11840): 	at io.ktor.util.pipeline.DebugPipelineContext.proceed(SourceFile:26)
06-17 19:55:40.775 W/System.err(11840): 	at io.ktor.client.plugins.SetupRequestContext$install$1.invokeSuspend$proceed(SourceFile:1)
06-17 19:55:40.775 W/System.err(11840): 	at io.ktor.client.plugins.SetupRequestContext$install$1.access$invokeSuspend$proceed(SourceFile:1)
06-17 19:55:40.775 W/System.err(11840): 	at io.ktor.client.plugins.SetupRequestContext$install$1$1.invoke(SourceFile:2)
06-17 19:55:40.775 W/System.err(11840): 	at io.ktor.client.plugins.SetupRequestContext$install$1$1.invoke(SourceFile:1)
06-17 19:55:40.775 W/System.err(11840): 	at io.ktor.client.plugins.HttpRequestLifecycleKt$HttpRequestLifecycle$1$1.invokeSuspend(SourceFile:78)
06-17 19:55:40.775 W/System.err(11840): 	at io.ktor.client.plugins.HttpRequestLifecycleKt$HttpRequestLifecycle$1$1.invoke(SourceFile:1)
06-17 19:55:40.775 W/System.err(11840): 	at io.ktor.client.plugins.HttpRequestLifecycleKt$HttpRequestLifecycle$1$1.invoke(SourceFile:2)
06-17 19:55:40.775 W/System.err(11840): 	at io.ktor.client.plugins.SetupRequestContext$install$1.invokeSuspend(SourceFile:42)
06-17 19:55:40.775 W/System.err(11840): 	at io.ktor.client.plugins.SetupRequestContext$install$1.invoke(SourceFile:1)
06-17 19:55:40.775 W/System.err(11840): 	at io.ktor.client.plugins.SetupRequestContext$install$1.invoke(SourceFile:2)
06-17 19:55:40.775 W/System.err(11840): 	at io.ktor.util.pipeline.DebugPipelineContext.proceedLoop(SourceFile:86)
06-17 19:55:40.775 W/System.err(11840): 	at io.ktor.util.pipeline.DebugPipelineContext.proceed(SourceFile:26)
06-17 19:55:40.775 W/System.err(11840): 	at io.ktor.util.pipeline.DebugPipelineContext.execute$ktor_utils(SourceFile:7)
06-17 19:55:40.775 W/System.err(11840): 	at io.ktor.util.pipeline.Pipeline.execute(SourceFile:9)
06-17 19:55:40.775 W/System.err(11840): 	at io.ktor.client.HttpClient.execute$ktor_client_core(SourceFile:68)
06-17 19:55:40.775 W/System.err(11840): 	at io.ktor.client.statement.HttpStatement.fetchResponse(SourceFile:90)
06-17 19:55:40.775 W/System.err(11840): 	at io.ktor.client.statement.HttpStatement.execute(SourceFile:9)
06-17 19:55:40.775 W/System.err(11840): 	at de.jensklingenberg.ktorfit.internal.KtorfitConverterHelper.suspendRequest(SourceFile:127)
06-17 19:55:40.775 W/System.err(11840): 	at de.jensklingenberg.ktorfit.internal.KtorfitConverterHelper$request$1$1.invokeSuspend(SourceFile:58)
06-17 19:55:40.775 W/System.err(11840): 	at de.jensklingenberg.ktorfit.internal.KtorfitConverterHelper$request$1$1.invoke(SourceFile:2)
06-17 19:55:40.775 W/System.err(11840): 	at de.jensklingenberg.ktorfit.internal.KtorfitConverterHelper$request$1$1.invoke(SourceFile:1)
06-17 19:55:40.775 W/System.err(11840): 	at de.jensklingenberg.ktorfit.converter.FlowConverterFactory$responseConverter$1$convert$1.invokeSuspend(SourceFile:84)
06-17 19:55:40.775 W/System.err(11840): 	at de.jensklingenberg.ktorfit.converter.FlowConverterFactory$responseConverter$1$convert$1.invoke(SourceFile:2)
06-17 19:55:40.775 W/System.err(11840): 	at de.jensklingenberg.ktorfit.converter.FlowConverterFactory$responseConverter$1$convert$1.invoke(SourceFile:1)
06-17 19:55:40.775 W/System.err(11840): 	at kotlinx.coroutines.flow.SafeFlow.collectSafely(SourceFile:3)
06-17 19:55:40.775 W/System.err(11840): 	at kotlinx.coroutines.flow.AbstractFlow.collect(SourceFile:70)
06-17 19:55:40.775 W/System.err(11840): 	at kotlinx.coroutines.flow.FlowKt__MergeKt$flatMapConcat$$inlined$map$1.collect(SourceFile:10)
06-17 19:55:40.775 W/System.err(11840): 	at kotlinx.coroutines.flow.FlowKt__MergeKt$flattenConcat$$inlined$unsafeFlow$1.collect(SourceFile:8)
06-17 19:55:40.775 W/System.err(11840): 	at kotlinx.coroutines.flow.FlowKt__CollectKt.collect(SourceFile:1)
06-17 19:55:40.775 W/System.err(11840): 	at kotlinx.coroutines.flow.FlowKt.collect(SourceFile:1)
06-17 19:55:40.775 W/System.err(11840): 	at tech.gtt.frontapp.servicesdk.common.service.utility.apis.ApiUtilServiceImpl.onServiceInit(SourceFile:240)
06-17 19:55:40.775 W/System.err(11840): 	at tech.gtt.frontapp.servicesdk.common.core.ServiceSDKImpl.executeServiceInitialize(SourceFile:372)
06-17 19:55:40.775 W/System.err(11840): 	at tech.gtt.frontapp.servicesdk.common.core.ServiceSDKImpl.access$executeServiceInitialize(SourceFile:1)
06-17 19:55:40.775 W/System.err(11840): 	at tech.gtt.frontapp.servicesdk.common.core.ServiceSDKImpl$init$1.invokeSuspend(SourceFile:178)
06-17 19:55:40.775 W/System.err(11840): 	at tech.gtt.frontapp.servicesdk.common.core.ServiceSDKImpl$init$1.invoke(SourceFile:2)
06-17 19:55:40.775 W/System.err(11840): 	at tech.gtt.frontapp.servicesdk.common.core.ServiceSDKImpl$init$1.invoke(SourceFile:1)
06-17 19:55:40.775 W/System.err(11840): 	at kotlinx.coroutines.flow.SafeFlow.collectSafely(SourceFile:3)
06-17 19:55:40.775 W/System.err(11840): 	at kotlinx.coroutines.flow.AbstractFlow.collect(SourceFile:70)
06-17 19:55:40.775 W/System.err(11840): 	at tech.gtt.frontapp.servicesdk.common.core.SDKSetup$build$1.invokeSuspend(SourceFile:42)
06-17 19:55:40.775 W/System.err(11840): 	at tech.gtt.frontapp.servicesdk.common.core.SDKSetup$build$1.invoke(SourceFile:2)
06-17 19:55:40.775 W/System.err(11840): 	at tech.gtt.frontapp.servicesdk.common.core.SDKSetup$build$1.invoke(SourceFile:1)
06-17 19:55:40.775 W/System.err(11840): 	at tech.gtt.frontapp.servicesdk.common.core.Scheduler$scheduleDirect$1.invokeSuspend(SourceFile:61)
06-17 19:55:40.775 W/System.err(11840): 	at lh.a.resumeWith(SourceFile:14)
06-17 19:55:40.775 W/System.err(11840): 	at kotlinx.coroutines.DispatchedTask.run(SourceFile:123)
06-17 19:55:40.775 W/System.err(11840): 	at kotlinx.coroutines.internal.LimitedDispatcher$Worker.run(SourceFile:4)
06-17 19:55:40.775 W/System.err(11840): 	at kotlinx.coroutines.scheduling.TaskImpl.run(SourceFile:3)
06-17 19:55:40.775 W/System.err(11840): 	at kotlinx.coroutines.scheduling.CoroutineScheduler.runSafely(SourceFile:1)
06-17 19:55:40.775 W/System.err(11840): 	at kotlinx.coroutines.scheduling.CoroutineScheduler$Worker.executeTask(SourceFile:34)
06-17 19:55:40.775 W/System.err(11840): 	at kotlinx.coroutines.scheduling.CoroutineScheduler$Worker.runWorker(SourceFile:29)
06-17 19:55:40.775 W/System.err(11840): 	at kotlinx.coroutines.scheduling.CoroutineScheduler$Worker.run(SourceFile:1)
06-17 19:55:40.776 W/System.err(11840): Caused by: android.system.ErrnoException: open failed: ENOENT (No such file or directory)
06-17 19:55:40.776 W/System.err(11840): 	at libcore.io.Linux.open(Native Method)
06-17 19:55:40.776 W/System.err(11840): 	at libcore.io.ForwardingOs.open(ForwardingOs.java:567)
06-17 19:55:40.776 W/System.err(11840): 	at libcore.io.BlockGuardOs.open(BlockGuardOs.java:273)
06-17 19:55:40.776 W/System.err(11840): 	at libcore.io.ForwardingOs.open(ForwardingOs.java:567)
06-17 19:55:40.776 W/System.err(11840): 	at android.app.ActivityThread$AndroidOs.open(ActivityThread.java:7761)
06-17 19:55:40.776 W/System.err(11840): 	at libcore.io.IoBridge.open(IoBridge.java:561)
06-17 19:55:40.776 W/System.err(11840): 	... 69 more
06-17 19:55:40.778 W/System.err(11840): java.io.FileNotFoundException: sys/class/sunxi_info/sys_info: open failed: ENOENT (No such file or directory)
06-17 19:55:40.779 W/System.err(11840): 	at libcore.io.IoBridge.open(IoBridge.java:575)
06-17 19:55:40.779 W/System.err(11840): 	at java.io.FileInputStream.<init>(FileInputStream.java:160)
06-17 19:55:40.779 W/System.err(11840): 	at java.io.FileInputStream.<init>(FileInputStream.java:115)
06-17 19:55:40.779 W/System.err(11840): 	at ip.b.b(SourceFile:5)
06-17 19:55:40.779 W/System.err(11840): 	at ip.b.a(SourceFile:155)
06-17 19:55:40.779 W/System.err(11840): 	at ip.a.invoke(SourceFile:127)
06-17 19:55:40.779 W/System.err(11840): 	at dh.v.getValue(SourceFile:21)
06-17 19:55:40.779 W/System.err(11840): 	at tech.gtt.frontapp.servicesdk.common.network.interceptor.params.ApiDeviceParams.handleFixedParams(SourceFile:65)
06-17 19:55:40.779 W/System.err(11840): 	at tech.gtt.frontapp.servicesdk.common.service.utility.apis.IParamsGetter.toMaps(SourceFile:87)
06-17 19:55:40.779 W/System.err(11840): 	at tech.gtt.frontapp.servicesdk.common.network.interceptor.DefaultParamsInterceptor.onRequest(SourceFile:127)
06-17 19:55:40.779 W/System.err(11840): 	at tech.gtt.frontapp.servicesdk.common.network.interceptor.SDKInterceptorsPluginKt$setupRequestInterception$1.invokeSuspend(SourceFile:103)
06-17 19:55:40.779 W/System.err(11840): 	at tech.gtt.frontapp.servicesdk.common.network.interceptor.SDKInterceptorsPluginKt$setupRequestInterception$1.invoke(SourceFile:1)
06-17 19:55:40.779 W/System.err(11840): 	at tech.gtt.frontapp.servicesdk.common.network.interceptor.SDKInterceptorsPluginKt$setupRequestInterception$1.invoke(SourceFile:2)
06-17 19:55:40.779 W/System.err(11840): 	at io.ktor.util.pipeline.DebugPipelineContext.proceedLoop(SourceFile:86)
06-17 19:55:40.779 W/System.err(11840): 	at io.ktor.util.pipeline.DebugPipelineContext.proceed(SourceFile:26)
06-17 19:55:40.779 W/System.err(11840): 	at io.ktor.client.plugins.RequestError$install$1.invokeSuspend(SourceFile:47)
06-17 19:55:40.779 W/System.err(11840): 	at io.ktor.client.plugins.RequestError$install$1.invoke(SourceFile:1)
06-17 19:55:40.779 W/System.err(11840): 	at io.ktor.client.plugins.RequestError$install$1.invoke(SourceFile:2)
06-17 19:55:40.779 W/System.err(11840): 	at io.ktor.util.pipeline.DebugPipelineContext.proceedLoop(SourceFile:86)
06-17 19:55:40.779 W/System.err(11840): 	at io.ktor.util.pipeline.DebugPipelineContext.proceed(SourceFile:26)
06-17 19:55:40.779 W/System.err(11840): 	at io.ktor.client.plugins.SetupRequestContext$install$1.invokeSuspend$proceed(SourceFile:1)
06-17 19:55:40.779 W/System.err(11840): 	at io.ktor.client.plugins.SetupRequestContext$install$1.access$invokeSuspend$proceed(SourceFile:1)
06-17 19:55:40.779 W/System.err(11840): 	at io.ktor.client.plugins.SetupRequestContext$install$1$1.invoke(SourceFile:2)
06-17 19:55:40.779 W/System.err(11840): 	at io.ktor.client.plugins.SetupRequestContext$install$1$1.invoke(SourceFile:1)
06-17 19:55:40.779 W/System.err(11840): 	at io.ktor.client.plugins.HttpRequestLifecycleKt$HttpRequestLifecycle$1$1.invokeSuspend(SourceFile:78)
06-17 19:55:40.779 W/System.err(11840): 	at io.ktor.client.plugins.HttpRequestLifecycleKt$HttpRequestLifecycle$1$1.invoke(SourceFile:1)
06-17 19:55:40.779 W/System.err(11840): 	at io.ktor.client.plugins.HttpRequestLifecycleKt$HttpRequestLifecycle$1$1.invoke(SourceFile:2)
06-17 19:55:40.779 W/System.err(11840): 	at io.ktor.client.plugins.SetupRequestContext$install$1.invokeSuspend(SourceFile:42)
06-17 19:55:40.779 W/System.err(11840): 	at io.ktor.client.plugins.SetupRequestContext$install$1.invoke(SourceFile:1)
06-17 19:55:40.779 W/System.err(11840): 	at io.ktor.client.plugins.SetupRequestContext$install$1.invoke(SourceFile:2)
06-17 19:55:40.779 W/System.err(11840): 	at io.ktor.util.pipeline.DebugPipelineContext.proceedLoop(SourceFile:86)
06-17 19:55:40.779 W/System.err(11840): 	at io.ktor.util.pipeline.DebugPipelineContext.proceed(SourceFile:26)
06-17 19:55:40.779 W/System.err(11840): 	at io.ktor.util.pipeline.DebugPipelineContext.execute$ktor_utils(SourceFile:7)
06-17 19:55:40.779 W/System.err(11840): 	at io.ktor.util.pipeline.Pipeline.execute(SourceFile:9)
06-17 19:55:40.779 W/System.err(11840): 	at io.ktor.client.HttpClient.execute$ktor_client_core(SourceFile:68)
06-17 19:55:40.779 W/System.err(11840): 	at io.ktor.client.statement.HttpStatement.fetchResponse(SourceFile:90)
06-17 19:55:40.779 W/System.err(11840): 	at io.ktor.client.statement.HttpStatement.execute(SourceFile:9)
06-17 19:55:40.779 W/System.err(11840): 	at de.jensklingenberg.ktorfit.internal.KtorfitConverterHelper.suspendRequest(SourceFile:127)
06-17 19:55:40.779 W/System.err(11840): 	at de.jensklingenberg.ktorfit.internal.KtorfitConverterHelper$request$1$1.invokeSuspend(SourceFile:58)
06-17 19:55:40.779 W/System.err(11840): 	at de.jensklingenberg.ktorfit.internal.KtorfitConverterHelper$request$1$1.invoke(SourceFile:2)
06-17 19:55:40.779 W/System.err(11840): 	at de.jensklingenberg.ktorfit.internal.KtorfitConverterHelper$request$1$1.invoke(SourceFile:1)
06-17 19:55:40.779 W/System.err(11840): 	at de.jensklingenberg.ktorfit.converter.FlowConverterFactory$responseConverter$1$convert$1.invokeSuspend(SourceFile:84)
06-17 19:55:40.779 W/System.err(11840): 	at de.jensklingenberg.ktorfit.converter.FlowConverterFactory$responseConverter$1$convert$1.invoke(SourceFile:2)
06-17 19:55:40.779 W/System.err(11840): 	at de.jensklingenberg.ktorfit.converter.FlowConverterFactory$responseConverter$1$convert$1.invoke(SourceFile:1)
06-17 19:55:40.779 W/System.err(11840): 	at kotlinx.coroutines.flow.SafeFlow.collectSafely(SourceFile:3)
06-17 19:55:40.779 W/System.err(11840): 	at kotlinx.coroutines.flow.AbstractFlow.collect(SourceFile:70)
06-17 19:55:40.779 W/System.err(11840): 	at kotlinx.coroutines.flow.FlowKt__MergeKt$flatMapConcat$$inlined$map$1.collect(SourceFile:10)
