06-17 19:55:43.165 V/GSK-APIS(11840): 	prot:	ACM30
06-17 19:55:43.165 V/GSK-APIS(11840): 	signature:	530f4b3ac957afc4eeb42384d249adc608fe8625
06-17 19:55:43.165 V/GSK-APIS(11840): }
06-17 19:55:43.166 V/GSK-Upgrade:ComponentUpdater(11840): local dex is empty
06-17 19:55:43.166 V/GSK-Upgrade:ComponentUpdater(11840): local dex is empty
06-17 19:55:43.166 V/GSK-Upgrade:ComponentUpdater(11840): local dex is empty
06-17 19:55:43.166 V/GSK-Upgrade:ComponentUpdater(11840): local dex is empty
06-17 19:55:43.166 V/GSK-Upgrade:ComponentUpdater(11840): local dex is empty
06-17 19:55:43.166 V/GSK-Upgrade:ComponentUpdater(11840): local dex is empty
06-17 19:55:43.169 V/GSK-APIS(11840): request to: https://gtt-app-apigateway-lion.vdemosit.com/api/enduser/messagecenter/message/query/v1
06-17 19:55:43.171 W/UiDevice(11756): Skipping null root node for window: AccessibilityWindowInfo[title=允许v-demo访问您设备上的照片和媒体吗？, displayId=0, id=572, taskId=29, type=TYPE_APPLICATION, layer=1, region=SkRegion((432,48,1488,1080)), bounds=Rect(432, 48 - 1488, 1080), focused=false, active=false, pictureInPicture=false, hasParent=false, isAnchored=false, hasChildren=false]
06-17 19:55:43.190 I/ontapp.stb.dem(11840): Background concurrent copying GC freed 288218(12MB) AllocSpace objects, 146(6368KB) LOS objects, 49% free, 10MB/21MB, paused 272us,53us total 149.558ms
06-17 19:55:43.190 D/AndroidAutoSize(11840): tech.gtt.frontapp.stb.m.home.activity.LoadingActivity used the global configuration.
06-17 19:55:43.190 D/AndroidAutoSize(11840): The tech.gtt.frontapp.stb.m.home.activity.LoadingActivity has been adapted! 
06-17 19:55:43.190 D/AndroidAutoSize(11840): LoadingActivity Info: isBaseOnWidth = true, designWidthInDp = 1920.000000, designWidthInSubunits = 1920.000000, targetDensity = 1.000000, targetScaledDensity = 1.000000, targetDensityDpi = 160, targetXdpi = 1.000000, targetScreenWidthDp = 1920, targetScreenHeightDp = 1032
06-17 19:55:43.238 V/GSK-Account:AccountManager(11840): isLoggedIn=false
06-17 19:55:43.239 D/AndroidAutoSize(11840): tech.gtt.frontapp.stb.m.home.activity.LoadingActivity used the global configuration.
06-17 19:55:43.239 D/AndroidAutoSize(11840): The tech.gtt.frontapp.stb.m.home.activity.LoadingActivity has been adapted! 
06-17 19:55:43.239 D/AndroidAutoSize(11840): LoadingActivity Info: isBaseOnWidth = true, designWidthInDp = 1920.000000, designWidthInSubunits = 1920.000000, targetDensity = 1.000000, targetScaledDensity = 1.000000, targetDensityDpi = 160, targetXdpi = 1.000000, targetScreenWidthDp = 1920, targetScreenHeightDp = 1032
06-17 19:55:43.275 D/UiDevice(11756): Searching for node with selector: BySelector [RES='\Qtech.gtt.frontapp.stb.demo:id/account_login_tv2\E'].
06-17 19:55:43.276 W/QueryController(11756): Could not detect idle state.
06-17 19:55:43.293 D/gralloc_nox( 1767): gralloc_alloc: Creating ashmem region of size 8298496
06-17 19:55:43.312 D/ProcessState(11956): Binder ioctl to enable oneway spam detection failed: Invalid argument
06-17 19:55:43.315 D/gralloc_nox( 1767): gralloc_alloc: Creating ashmem region of size 8298496
06-17 19:55:43.331 D/gralloc_nox( 1767): gralloc_alloc: Creating ashmem region of size 8298496
06-17 19:55:43.388 I/ActivityTaskManager( 1936): Displayed tech.gtt.frontapp.stb.demo/tech.gtt.frontapp.stb.m.home.activity.LoadingActivity: +267ms
06-17 19:55:43.394 D/CompatibilityChangeReporter(11840): Compat change id reported: 171228096; UID 10058; state: ENABLED
06-17 19:55:43.405 W/DataBinding(11840): Setting the fragment as the LifecycleOwner might cause memory leaks because views lives shorter than the Fragment. Consider using Fragment's view lifecycle
06-17 19:55:43.421 I/MediaFocusControl( 1936): requestAudioFocus() from uid/pid 10058/11840 AA=USAGE_MEDIA/CONTENT_TYPE_MOVIE clientId=android.media.AudioManager@1be4bcd callingPack=tech.gtt.frontapp.stb.demo req=1 flags=0x0 sdk=35
06-17 19:55:43.422 I/AudioService.FadeOutManager( 1936): unfadeOutUid() uid:10058
06-17 19:55:43.432 W/MediaProvider( 2560): Failed to fetch original file descriptor
06-17 19:55:43.432 W/MediaProvider( 2560): java.io.IOException: stat failed: ENOENT (No such file or directory)
06-17 19:55:43.432 W/MediaProvider( 2560): 	at com.android.providers.media.MediaProvider.getFileFromFileDescriptor(MediaProvider.java:5822)
06-17 19:55:43.432 W/MediaProvider( 2560): 	at com.android.providers.media.MediaProvider.getOriginalMediaFormatFileDescriptor(MediaProvider.java:5739)
06-17 19:55:43.432 W/MediaProvider( 2560): 	at com.android.providers.media.MediaProvider.openTypedAssetFileCommon(MediaProvider.java:7162)
06-17 19:55:43.432 W/MediaProvider( 2560): 	at com.android.providers.media.MediaProvider.openTypedAssetFile(MediaProvider.java:7143)
06-17 19:55:43.432 W/MediaProvider( 2560): 	at android.content.ContentProvider$Transport.openTypedAssetFile(ContentProvider.java:548)
06-17 19:55:43.432 W/MediaProvider( 2560): 	at android.content.ContentProviderNative.onTransact(ContentProviderNative.java:327)
06-17 19:55:43.432 W/MediaProvider( 2560): 	at android.os.Binder.execTransactInternal(Binder.java:1179)
06-17 19:55:43.432 W/MediaProvider( 2560): 	at android.os.Binder.execTransact(Binder.java:1143)
06-17 19:55:43.432 W/MediaProvider( 2560): Caused by: android.system.ErrnoException: stat failed: ENOENT (No such file or directory)
06-17 19:55:43.432 W/MediaProvider( 2560): 	at libcore.io.Linux.stat(Native Method)
06-17 19:55:43.432 W/MediaProvider( 2560): 	at libcore.io.ForwardingOs.stat(ForwardingOs.java:853)
06-17 19:55:43.432 W/MediaProvider( 2560): 	at libcore.io.BlockGuardOs.stat(BlockGuardOs.java:420)
06-17 19:55:43.432 W/MediaProvider( 2560): 	at libcore.io.ForwardingOs.stat(ForwardingOs.java:853)
06-17 19:55:43.432 W/MediaProvider( 2560): 	at android.app.ActivityThread$AndroidOs.stat(ActivityThread.java:7775)
06-17 19:55:43.432 W/MediaProvider( 2560): 	at android.system.Os.stat(Os.java:919)
06-17 19:55:43.432 W/MediaProvider( 2560): 	at com.android.providers.media.MediaProvider.getFileFromFileDescriptor(MediaProvider.java:5816)
06-17 19:55:43.432 W/MediaProvider( 2560): 	... 7 more
06-17 19:55:43.436 D/NuPlayerDriver( 1809): NuPlayerDriver(0xf5c01210) created, clientPid(11840)
06-17 19:55:43.438 D/SurfaceUtils( 1809): connecting to surface 0xf0803278, reason setVideoSurfaceTexture
06-17 19:55:43.439 D/NuPlayer( 1809): onSetVideoSurface(0xf0800010, no video decoder)
06-17 19:55:43.440 D/GenericSource( 1809): FileSource remote
06-17 19:55:43.443 I/SampleTable( 1807): There are reordered frames present.
06-17 19:55:43.444 D/MediaBufferGroup( 1807): creating MemoryDealer
06-17 19:55:43.461 D/MediaPlayerNative(11840): getMetadata
06-17 19:55:43.480 I/GenericSource( 1809): start
06-17 19:55:43.489 I/OMXClient( 1809): IOmx service obtained
06-17 19:55:43.490 I/OMXStore( 1812): makeComponentInstance(OMX.google.h264.decoder) in android.hardwar process
06-17 19:55:43.492 I/OMXClient( 1809): IOmx service obtained
06-17 19:55:43.492 I/OMXStore( 1812): makeComponentInstance(OMX.google.aac.decoder) in android.hardwar process
06-17 19:55:43.495 D/SurfaceUtils( 1809): disconnecting from surface 0xf0800018, reason onConfigure
06-17 19:55:43.497 D/SurfaceUtils( 1809): connecting to surface 0xf0800018, reason connectToSurface
06-17 19:55:43.498 E/OMXNodeInstance( 1812): setConfig(0xe6d40e10:google.aac.decoder, ConfigPriority(0x6f800002)) ERROR: Undefined(0x80001001)
06-17 19:55:43.498 I/ACodec  ( 1809): codec does not support config priority (err -2147483648)
06-17 19:55:43.499 E/OMXNodeInstance( 1812): getConfig(0xe6d40e10:google.aac.decoder, ConfigAndroidVendorExtension(0x6f100004)) ERROR: Undefined(0x80001001)
06-17 19:55:43.499 I/MediaCodec( 1809): [OMX.google.h264.decoder] setting surface generation to 1852428
06-17 19:55:43.499 D/SurfaceUtils( 1809): disconnecting from surface 0xf0800018, reason connectToSurface(reconnect)
06-17 19:55:43.500 D/SoftAAC2( 1812): get OMX_IndexParamAudioAndroidAacDrcPresentation
06-17 19:55:43.501 D/SurfaceUtils( 1809): connecting to surface 0xf0800018, reason connectToSurface(reconnect)
06-17 19:55:43.502 I/MediaCodec( 1809): MediaCodec will operate in async mode
06-17 19:55:43.502 D/MediaCodec( 1809): keep callback message for reclaim
06-17 19:55:43.504 E/OMXNodeInstance( 1812): getExtensionIndex(0xe6d40390:google.h264.decoder, OMX.google.android.index.enableAndroidNativeBuffers) ERROR: UnsupportedIndex(0x8000101a)
06-17 19:55:43.504 E/ACodec  ( 1809): [OMX.google.h264.decoder] setPortMode on output to DynamicANWBuffer failed w/ err -1010
06-17 19:55:43.504 E/OMXNodeInstance( 1812): getParameter(0xe6d40390:google.h264.decoder, ??(0x6f600011)) ERROR: UnsupportedIndex(0x8000101a)
06-17 19:55:43.504 W/OMXNodeInstance( 1812): [0xe6d40390:google.h264.decoder] component does not support metadata mode; using fallback
06-17 19:55:43.505 D/SoftVideoDecoderOMXComponent( 1812): Color Aspects preference: 1 
06-17 19:55:43.505 E/OMXNodeInstance( 1812): setConfig(0xe6d40390:google.h264.decoder, ConfigPriority(0x6f800002)) ERROR: UnsupportedIndex(0x8000101a)
06-17 19:55:43.505 I/ACodec  ( 1809): codec does not support config priority (err -1010)
06-17 19:55:43.505 E/OMXNodeInstance( 1812): setConfig(0xe6d40390:google.h264.decoder, ConfigOperatingRate(0x6f800003)) ERROR: UnsupportedIndex(0x8000101a)
06-17 19:55:43.505 I/ACodec  ( 1809): codec does not support config operating rate (err -1010)
06-17 19:55:43.505 E/OMXNodeInstance( 1812): getConfig(0xe6d40390:google.h264.decoder, ConfigAndroidVendorExtension(0x6f100004)) ERROR: UnsupportedIndex(0x8000101a)
06-17 19:55:43.506 E/OMXNodeInstance( 1812): getConfig(0xe6d40390:google.h264.decoder, ??(0x7f000003)) ERROR: UnsupportedSetting(0x80001019)
06-17 19:55:43.507 I/MediaCodec( 1809): MediaCodec will operate in async mode
06-17 19:55:43.508 D/MediaCodec( 1809): keep callback message for reclaim
06-17 19:55:43.512 I/SoftAAC2( 1812): Reconfiguring decoder: 0->44100 Hz, 0->1 channels
06-17 19:55:43.512 D/SoftAAC2( 1812): get OMX_IndexParamAudioAndroidAacDrcPresentation
06-17 19:55:43.522 D/AudioFlinger( 1776): Client defaulted notificationFrames to 11286 for frameCount 22572
06-17 19:55:43.523 W/ResourceManagerService( 1809): Ignoring request to add new resource entry with value <= 0
06-17 19:55:43.526 D/SoftVideoDecoderOMXComponent( 1812): Color Aspects preference: 1 
06-17 19:55:43.528 D/AF::TrackHandle( 1776): OpPlayAudio: track:68 usage:1 not muted
06-17 19:55:43.529 E/OMXNodeInstance( 1812): getConfig(0xe6d40390:google.h264.decoder, ??(0x7f000003)) ERROR: UnsupportedSetting(0x80001019)
06-17 19:55:43.557 D/MediaCodec( 1809): [OMX.google.h264.decoder] setting dataspace on output surface to #102
06-17 19:55:43.559 D/UiDevice(11756): Searching for node with selector: BySelector [RES='\Qtech.gtt.frontapp.stb.demo:id/account_login_tv2\E'].
06-17 19:55:43.560 W/QueryController(11756): Could not detect idle state.
06-17 19:55:43.586 W/MediaPlayerNative(11840): info/warning (3, 0)
06-17 19:55:43.587 D/gralloc_nox( 1767): gralloc_alloc: Creating ashmem region of size 589824
06-17 19:55:43.590 E/android.hardware.audio.service( 1759): pcm_open called create stream faild
06-17 19:55:43.600 D/SoftwareRenderer( 1809): setting dataspace on output surface to #8000102
06-17 19:55:43.608 D/gralloc_nox( 1767): gralloc_alloc: Creating ashmem region of size 589824
06-17 19:55:43.621 D/gralloc_nox( 1767): gralloc_alloc: Creating ashmem region of size 589824
06-17 19:55:43.636 D/AudioFlinger( 1776): mixer(0x7e14b2cf8a60) throttle end: throttle time(40)
06-17 19:55:43.639 W/InputManager-JNI( 1936): Input channel object 'ca51c0 tech.gtt.frontapp.stb.demo/tech.gtt.frontapp.stb.m.home.activity.SplashActivity (client)' was disposed without first being removed with the input manager!
06-17 19:55:43.683 D/UiDevice(11756): Searching for node with selector: BySelector [RES='\Qtech.gtt.frontapp.stb.demo:id/account_login_tv2\E'].
06-17 19:55:43.683 W/QueryController(11756): Could not detect idle state.
06-17 19:55:43.787 D/UiDevice(11756): Searching for node with selector: BySelector [RES='\Qtech.gtt.frontapp.stb.demo:id/account_login_tv2\E'].
06-17 19:55:43.790 W/QueryController(11756): Could not detect idle state.
06-17 19:55:43.801 V/GSK-APIS(11840): received response >>> id: b222009c url: https://gtt-app-apigateway-lion.vdemosit.com/api/enduser/messagecenter/message/query/v1 statusCode: 400, exception: null
06-17 19:55:43.801 I/System.out(11840): [SDKInterceptorPlugin] Unhandled exception in request processing: Something went wrong while connecting to the server, statusCode: 400
06-17 19:55:43.887 D/gralloc_nox( 1767): gralloc_alloc: Creating ashmem region of size 589824
06-17 19:55:43.898 D/UiDevice(11756): Searching for node with selector: BySelector [RES='\Qtech.gtt.frontapp.stb.demo:id/account_login_tv2\E'].
06-17 19:55:43.899 W/QueryController(11756): Could not detect idle state.
06-17 19:55:43.905 D/AudioFlinger( 1776): mixer(0x7e14b2cf8a60) throttle end: throttle time(190)
06-17 19:55:43.981 D/AudioFlinger( 1776): mixer(0x7e14b2cf8a60) throttle end: throttle time(31)
06-17 19:55:44.002 D/UiDevice(11756): Searching for node with selector: BySelector [RES='\Qtech.gtt.frontapp.stb.demo:id/account_login_tv2\E'].
06-17 19:55:44.002 W/QueryController(11756): Could not detect idle state.
06-17 19:55:44.106 D/UiDevice(11756): Searching for node with selector: BySelector [RES='\Qtech.gtt.frontapp.stb.demo:id/account_login_tv2\E'].
06-17 19:55:44.107 W/QueryController(11756): Could not detect idle state.
06-17 19:55:44.211 D/UiDevice(11756): Searching for node with selector: BySelector [RES='\Qtech.gtt.frontapp.stb.demo:id/account_login_tv2\E'].
06-17 19:55:44.212 W/QueryController(11756): Could not detect idle state.
06-17 19:55:44.317 D/UiDevice(11756): Searching for node with selector: BySelector [RES='\Qtech.gtt.frontapp.stb.demo:id/account_login_tv2\E'].
06-17 19:55:44.318 W/QueryController(11756): Could not detect idle state.
06-17 19:55:44.422 D/UiDevice(11756): Searching for node with selector: BySelector [RES='\Qtech.gtt.frontapp.stb.demo:id/account_login_tv2\E'].
06-17 19:55:44.423 W/QueryController(11756): Could not detect idle state.
06-17 19:55:44.525 D/UiDevice(11756): Searching for node with selector: BySelector [RES='\Qtech.gtt.frontapp.stb.demo:id/account_login_tv2\E'].
06-17 19:55:44.526 W/QueryController(11756): Could not detect idle state.
06-17 19:55:44.631 D/UiDevice(11756): Searching for node with selector: BySelector [RES='\Qtech.gtt.frontapp.stb.demo:id/account_login_tv2\E'].
06-17 19:55:44.632 W/QueryController(11756): Could not detect idle state.
06-17 19:55:44.737 D/UiDevice(11756): Searching for node with selector: BySelector [RES='\Qtech.gtt.frontapp.stb.demo:id/account_login_tv2\E'].
06-17 19:55:44.737 W/QueryController(11756): Could not detect idle state.
06-17 19:55:44.843 D/UiDevice(11756): Searching for node with selector: BySelector [RES='\Qtech.gtt.frontapp.stb.demo:id/account_login_tv2\E'].
06-17 19:55:44.844 W/QueryController(11756): Could not detect idle state.
06-17 19:55:44.950 D/UiDevice(11756): Searching for node with selector: BySelector [RES='\Qtech.gtt.frontapp.stb.demo:id/account_login_tv2\E'].
06-17 19:55:44.951 W/QueryController(11756): Could not detect idle state.
06-17 19:55:45.054 D/UiDevice(11756): Searching for node with selector: BySelector [RES='\Qtech.gtt.frontapp.stb.demo:id/account_login_tv2\E'].
06-17 19:55:45.055 W/QueryController(11756): Could not detect idle state.
06-17 19:55:45.158 D/UiDevice(11756): Searching for node with selector: BySelector [RES='\Qtech.gtt.frontapp.stb.demo:id/account_login_tv2\E'].
06-17 19:55:45.159 W/QueryController(11756): Could not detect idle state.
06-17 19:55:45.265 D/UiDevice(11756): Searching for node with selector: BySelector [RES='\Qtech.gtt.frontapp.stb.demo:id/account_login_tv2\E'].
06-17 19:55:45.266 W/QueryController(11756): Could not detect idle state.
06-17 19:55:45.368 D/UiDevice(11756): Searching for node with selector: BySelector [RES='\Qtech.gtt.frontapp.stb.demo:id/account_login_tv2\E'].
06-17 19:55:45.369 W/QueryController(11756): Could not detect idle state.
06-17 19:55:45.473 D/UiDevice(11756): Searching for node with selector: BySelector [RES='\Qtech.gtt.frontapp.stb.demo:id/account_login_tv2\E'].
06-17 19:55:45.474 W/QueryController(11756): Could not detect idle state.
06-17 19:55:45.577 D/UiDevice(11756): Searching for node with selector: BySelector [RES='\Qtech.gtt.frontapp.stb.demo:id/account_login_tv2\E'].
06-17 19:55:45.577 W/QueryController(11756): Could not detect idle state.
06-17 19:55:45.681 D/UiDevice(11756): Searching for node with selector: BySelector [RES='\Qtech.gtt.frontapp.stb.demo:id/account_login_tv2\E'].
06-17 19:55:45.682 W/QueryController(11756): Could not detect idle state.
06-17 19:55:45.786 D/UiDevice(11756): Searching for node with selector: BySelector [RES='\Qtech.gtt.frontapp.stb.demo:id/account_login_tv2\E'].
06-17 19:55:45.786 W/QueryController(11756): Could not detect idle state.
06-17 19:55:45.891 D/UiDevice(11756): Searching for node with selector: BySelector [RES='\Qtech.gtt.frontapp.stb.demo:id/account_login_tv2\E'].
06-17 19:55:45.891 W/QueryController(11756): Could not detect idle state.
06-17 19:55:45.996 D/UiDevice(11756): Searching for node with selector: BySelector [RES='\Qtech.gtt.frontapp.stb.demo:id/account_login_tv2\E'].
06-17 19:55:45.996 W/QueryController(11756): Could not detect idle state.
06-17 19:55:46.101 D/UiDevice(11756): Searching for node with selector: BySelector [RES='\Qtech.gtt.frontapp.stb.demo:id/account_login_tv2\E'].
06-17 19:55:46.101 W/QueryController(11756): Could not detect idle state.
06-17 19:55:46.204 D/UiDevice(11756): Searching for node with selector: BySelector [RES='\Qtech.gtt.frontapp.stb.demo:id/account_login_tv2\E'].
06-17 19:55:46.204 W/QueryController(11756): Could not detect idle state.
06-17 19:55:46.230 I/keystore2( 1710): keystore2::watchdog: Watchdog thread idle -> terminating. Have a great day.
06-17 19:55:46.308 D/UiDevice(11756): Searching for node with selector: BySelector [RES='\Qtech.gtt.frontapp.stb.demo:id/account_login_tv2\E'].
06-17 19:55:46.309 W/QueryController(11756): Could not detect idle state.
06-17 19:55:46.413 D/UiDevice(11756): Searching for node with selector: BySelector [RES='\Qtech.gtt.frontapp.stb.demo:id/account_login_tv2\E'].
06-17 19:55:46.414 W/QueryController(11756): Could not detect idle state.
06-17 19:55:46.517 D/UiDevice(11756): Searching for node with selector: BySelector [RES='\Qtech.gtt.frontapp.stb.demo:id/account_login_tv2\E'].
06-17 19:55:46.518 W/QueryController(11756): Could not detect idle state.
06-17 19:55:46.623 D/UiDevice(11756): Searching for node with selector: BySelector [RES='\Qtech.gtt.frontapp.stb.demo:id/account_login_tv2\E'].
06-17 19:55:46.623 W/QueryController(11756): Could not detect idle state.
06-17 19:55:46.632 E/TaskPersister( 1936): File error accessing recents directory (directory doesn't exist?).
06-17 19:55:46.729 D/UiDevice(11756): Searching for node with selector: BySelector [RES='\Qtech.gtt.frontapp.stb.demo:id/account_login_tv2\E'].
06-17 19:55:46.730 W/QueryController(11756): Could not detect idle state.
06-17 19:55:46.836 D/UiDevice(11756): Searching for node with selector: BySelector [RES='\Qtech.gtt.frontapp.stb.demo:id/account_login_tv2\E'].
06-17 19:55:46.837 W/QueryController(11756): Could not detect idle state.
06-17 19:55:46.942 D/UiDevice(11756): Searching for node with selector: BySelector [RES='\Qtech.gtt.frontapp.stb.demo:id/account_login_tv2\E'].
06-17 19:55:46.942 W/QueryController(11756): Could not detect idle state.
06-17 19:55:47.046 D/UiDevice(11756): Searching for node with selector: BySelector [RES='\Qtech.gtt.frontapp.stb.demo:id/account_login_tv2\E'].
06-17 19:55:47.047 W/QueryController(11756): Could not detect idle state.
06-17 19:55:47.154 D/UiDevice(11756): Searching for node with selector: BySelector [RES='\Qtech.gtt.frontapp.stb.demo:id/account_login_tv2\E'].
06-17 19:55:47.155 W/QueryController(11756): Could not detect idle state.
06-17 19:55:47.260 D/UiDevice(11756): Searching for node with selector: BySelector [RES='\Qtech.gtt.frontapp.stb.demo:id/account_login_tv2\E'].
06-17 19:55:47.261 W/QueryController(11756): Could not detect idle state.
06-17 19:55:47.367 D/UiDevice(11756): Searching for node with selector: BySelector [RES='\Qtech.gtt.frontapp.stb.demo:id/account_login_tv2\E'].
06-17 19:55:47.368 W/QueryController(11756): Could not detect idle state.
06-17 19:55:47.472 D/UiDevice(11756): Searching for node with selector: BySelector [RES='\Qtech.gtt.frontapp.stb.demo:id/account_login_tv2\E'].
06-17 19:55:47.472 W/QueryController(11756): Could not detect idle state.
06-17 19:55:47.525 D/AudioTrack( 1809): stop(20): called with 200704 frames delivered
06-17 19:55:47.577 D/UiDevice(11756): Searching for node with selector: BySelector [RES='\Qtech.gtt.frontapp.stb.demo:id/account_login_tv2\E'].
06-17 19:55:47.578 W/QueryController(11756): Could not detect idle state.
06-17 19:55:47.683 D/UiDevice(11756): Searching for node with selector: BySelector [RES='\Qtech.gtt.frontapp.stb.demo:id/account_login_tv2\E'].
06-17 19:55:47.683 W/QueryController(11756): Could not detect idle state.
06-17 19:55:47.789 D/UiDevice(11756): Searching for node with selector: BySelector [RES='\Qtech.gtt.frontapp.stb.demo:id/account_login_tv2\E'].
06-17 19:55:47.790 W/QueryController(11756): Could not detect idle state.
06-17 19:55:47.893 D/UiDevice(11756): Searching for node with selector: BySelector [RES='\Qtech.gtt.frontapp.stb.demo:id/account_login_tv2\E'].
06-17 19:55:47.893 W/QueryController(11756): Could not detect idle state.
06-17 19:55:47.938 D/NuPlayerDriver( 1809): stop(0xf5c01210)
06-17 19:55:47.938 V/MediaPlayer(11840): resetDrmState:  mDrmInfo=null mDrmProvisioningThread=null mPrepareDrmInProgress=false mActiveDrmScheme=false
06-17 19:55:47.939 V/MediaPlayer(11840): cleanDrmObj: mDrmObj=null mDrmSessionId=null
06-17 19:55:47.939 D/NuPlayerDriver( 1809): reset(0xf5c01210) at state 8
06-17 19:55:47.943 D/SurfaceUtils( 1809): disconnecting from surface 0xf0800018, reason disconnectFromSurface
06-17 19:55:47.944 D/SurfaceUtils( 1809): connecting to surface 0xf0800018, reason onShutdown
06-17 19:55:47.947 D/NuPlayerDriver( 1809): notifyResetComplete(0xf5c01210)
06-17 19:55:47.947 D/SurfaceUtils( 1809): disconnecting from surface 0xf0803278, reason disconnectNativeWindow
06-17 19:55:47.947 W/AMessage( 1809): failed to post message as target looper for handler 0 is gone.
06-17 19:55:47.948 I/MediaFocusControl( 1936): abandonAudioFocus() from uid/pid 10058/11840 clientId=android.media.AudioManager@1be4bcd
06-17 19:55:47.949 I/ActivityTaskManager( 1936): START u0 {cmp=tech.gtt.frontapp.stb.demo/tech.gtt.frontapp.stb.m.account.activity.LoginMethodSwitchActivity (has extras)} from uid 10058
06-17 19:55:47.953 I/MediaFocusControl( 1936): abandonAudioFocus() from uid/pid 10058/11840 clientId=android.media.AudioManager@1be4bcd
06-17 19:55:47.953 W/MediaPlayer(11840): mediaplayer went away with unhandled events
06-17 19:55:47.957 W/MediaPlayer(11840): mediaplayer went away with unhandled events
06-17 19:55:47.960 W/ActivityTaskManager( 1936): Tried to set launchTime (0) < mLastActivityLaunchTime (4239834)
06-17 19:55:47.972 D/AndroidAutoSize(11840): tech.gtt.frontapp.stb.m.account.activity.LoginMethodSwitchActivity used the global configuration.
06-17 19:55:47.972 D/AndroidAutoSize(11840): The tech.gtt.frontapp.stb.m.account.activity.LoginMethodSwitchActivity has been adapted! 
06-17 19:55:47.972 D/AndroidAutoSize(11840): LoginMethodSwitchActivity Info: isBaseOnWidth = true, designWidthInDp = 1920.000000, designWidthInSubunits = 1920.000000, targetDensity = 1.000000, targetScaledDensity = 1.000000, targetDensityDpi = 160, targetXdpi = 1.000000, targetScreenWidthDp = 1920, targetScreenHeightDp = 1032
06-17 19:55:47.998 D/UiDevice(11756): Searching for node with selector: BySelector [RES='\Qtech.gtt.frontapp.stb.demo:id/account_login_tv2\E'].
06-17 19:55:47.998 W/QueryController(11756): Could not detect idle state.
06-17 19:55:48.002 D/AndroidAutoSize(11840): tech.gtt.frontapp.stb.m.account.activity.LoginMethodSwitchActivity used the global configuration.
06-17 19:55:48.003 D/AndroidAutoSize(11840): The tech.gtt.frontapp.stb.m.account.activity.LoginMethodSwitchActivity has been adapted! 
06-17 19:55:48.003 D/AndroidAutoSize(11840): LoginMethodSwitchActivity Info: isBaseOnWidth = true, designWidthInDp = 1920.000000, designWidthInSubunits = 1920.000000, targetDensity = 1.000000, targetScaledDensity = 1.000000, targetDensityDpi = 160, targetXdpi = 1.000000, targetScreenWidthDp = 1920, targetScreenHeightDp = 1032
06-17 19:55:48.005 W/WindowManager( 1936): Failed looking up window session=Session{33ddffd 11840:u0a10058} callers=com.android.server.wm.WindowManagerService.windowForClientLocked:5850 com.android.server.wm.Session.updateRequestedVisibilities:640 android.view.IWindowSession$Stub.onTransact:1175 
06-17 19:55:48.020 D/gralloc_nox( 1767): gralloc_alloc: Creating ashmem region of size 8298496
06-17 19:55:48.051 D/gralloc_nox( 1767): gralloc_alloc: Creating ashmem region of size 8298496
06-17 19:55:48.057 D/ProcessState(12251): Binder ioctl to enable oneway spam detection failed: Invalid argument
06-17 19:55:48.075 D/gralloc_nox( 1767): gralloc_alloc: Creating ashmem region of size 8298496
06-17 19:55:48.112 E/libEGL  (11840): called unimplemented OpenGL ES API
06-17 19:55:48.134 I/ActivityTaskManager( 1936): Displayed tech.gtt.frontapp.stb.demo/tech.gtt.frontapp.stb.m.account.activity.LoginMethodSwitchActivity: +183ms
06-17 19:55:48.232 D/UIAutomatorStub(11756): URI: /jsonrpc/0, Method: POST, params, {NanoHttpd.QUERY_STRING=null}, files: {postData={"jsonrpc": "2.0", "id": 1, "method": "objInfo", "params": [{"mask": 2097152, "childOrSibling": [], "childOrSiblingSelector": [], "resourceId": "tech.gtt.frontapp.stb.demo:id/account_login_tv2"}]}}
06-17 19:55:48.233 D/UiDevice(11756): Retrieving node with selector: BySelector [RES='\Qtech.gtt.frontapp.stb.demo:id/account_login_tv2\E'].
06-17 19:55:48.234 W/QueryController(11756): Could not detect idle state.
06-17 19:55:48.240 W/QueryController(11756): Could not detect idle state.
06-17 19:55:48.241 W/QueryController(11756): Could not detect idle state.
06-17 19:55:48.244 W/QueryController(11756): Could not detect idle state.
06-17 19:55:48.250 W/QueryController(11756): Could not detect idle state.
06-17 19:55:48.252 W/QueryController(11756): Could not detect idle state.
06-17 19:55:48.254 W/QueryController(11756): Could not detect idle state.
06-17 19:55:48.255 W/QueryController(11756): Could not detect idle state.
06-17 19:55:48.256 W/QueryController(11756): Could not detect idle state.
06-17 19:55:48.257 W/QueryController(11756): Could not detect idle state.
06-17 19:55:48.260 W/QueryController(11756): Could not detect idle state.
06-17 19:55:48.262 W/QueryController(11756): Could not detect idle state.
06-17 19:55:48.265 W/QueryController(11756): Could not detect idle state.
06-17 19:55:48.269 W/QueryController(11756): Could not detect idle state.
06-17 19:55:48.271 W/QueryController(11756): Could not detect idle state.
06-17 19:55:48.272 W/QueryController(11756): Could not detect idle state.
06-17 19:55:48.273 W/QueryController(11756): Could not detect idle state.
06-17 19:55:48.273 W/QueryController(11756): Could not detect idle state.
06-17 19:55:48.294 D/UIAutomatorStub(11756): URI: /jsonrpc/0, Method: POST, params, {NanoHttpd.QUERY_STRING=null}, files: {postData={"jsonrpc": "2.0", "id": 1, "method": "click", "params": [1390.0, 559.0]}}
06-17 19:55:48.371 W/InputManager-JNI( 1936): Input channel object '1939afb tech.gtt.frontapp.stb.demo/tech.gtt.frontapp.stb.m.home.activity.LoadingActivity (client)' was disposed without first being removed with the input manager!
06-17 19:55:48.498 I/ActivityTaskManager( 1936): START u0 {cmp=tech.gtt.frontapp.stb.demo/tech.gtt.frontapp.stb.m.account.activity.LoginActivity} from uid 10058
06-17 19:55:48.503 W/ActivityTaskManager( 1936): Tried to set launchTime (0) < mLastActivityLaunchTime (4244641)
06-17 19:55:48.510 D/AndroidAutoSize(11840): tech.gtt.frontapp.stb.m.account.activity.LoginActivity used the global configuration.
06-17 19:55:48.510 D/AndroidAutoSize(11840): The tech.gtt.frontapp.stb.m.account.activity.LoginActivity has been adapted! 
06-17 19:55:48.510 D/AndroidAutoSize(11840): LoginActivity Info: isBaseOnWidth = true, designWidthInDp = 1920.000000, designWidthInSubunits = 1920.000000, targetDensity = 1.000000, targetScaledDensity = 1.000000, targetDensityDpi = 160, targetXdpi = 1.000000, targetScreenWidthDp = 1920, targetScreenHeightDp = 1032
06-17 19:55:48.537 D/UIAutomatorStub(11756): URI: /jsonrpc/0, Method: POST, params, {NanoHttpd.QUERY_STRING=null}, files: {postData={"jsonrpc": "2.0", "id": 1, "method": "waitForExists", "params": [{"mask": 2097152, "childOrSibling": [], "childOrSiblingSelector": [], "resourceId": "tech.gtt.frontapp.stb.demo:id/loginf_et_username"}, 20000]}}
06-17 19:55:48.538 D/UiDevice(11756): Waiting 20000ms for SearchCondition[hasObject=BySelector [RES='\Qtech.gtt.frontapp.stb.demo:id/loginf_et_username\E']].
06-17 19:55:48.538 D/UiDevice(11756): Searching for node with selector: BySelector [RES='\Qtech.gtt.frontapp.stb.demo:id/loginf_et_username\E'].
06-17 19:55:48.538 W/QueryController(11756): Could not detect idle state.
06-17 19:55:48.571 D/AndroidAutoSize(11840): tech.gtt.frontapp.stb.m.account.activity.LoginActivity used the global configuration.
06-17 19:55:48.572 D/AndroidAutoSize(11840): The tech.gtt.frontapp.stb.m.account.activity.LoginActivity has been adapted! 
06-17 19:55:48.572 D/AndroidAutoSize(11840): LoginActivity Info: isBaseOnWidth = true, designWidthInDp = 1920.000000, designWidthInSubunits = 1920.000000, targetDensity = 1.000000, targetScaledDensity = 1.000000, targetDensityDpi = 160, targetXdpi = 1.000000, targetScreenWidthDp = 1920, targetScreenHeightDp = 1032
06-17 19:55:48.592 D/gralloc_nox( 1767): gralloc_alloc: Creating ashmem region of size 8298496
06-17 19:55:48.611 D/gralloc_nox( 1767): gralloc_alloc: Creating ashmem region of size 8298496
06-17 19:55:48.632 D/gralloc_nox( 1767): gralloc_alloc: Creating ashmem region of size 8298496
06-17 19:55:48.634 D/ProcessState(12264): Binder ioctl to enable oneway spam detection failed: Invalid argument
06-17 19:55:48.702 W/ByMatcher(11756): Node returned null child: android.view.accessibility.AccessibilityNodeInfo@11428; boundsInParent: Rect(0, 0 - 1920, 1080); boundsInScreen: Rect(0, 0 - 1920, 1080); packageName: tech.gtt.frontapp.stb.demo; className: android.widget.RelativeLayout; text: null; error: null; maxTextLength: -1; stateDescription: null; contentDescription: null; tooltipText: null; viewIdResName: null; checkable: false; checked: false; focusable: false; focused: false; selected: false; clickable: false; longClickable: false; contextClickable: false; enabled: true; password: false; scrollable: false; importantForAccessibility: false; visible: true; actions: [AccessibilityAction: ACTION_SELECT - null, AccessibilityAction: ACTION_CLEAR_SELECTION - null, AccessibilityAction: ACTION_ACCESSIBILITY_FOCUS - null, AccessibilityAction: ACTION_SHOW_ON_SCREEN - null]
06-17 19:55:48.702 W/ByMatcher(11756): Skipping null child (2 of 3)
06-17 19:55:48.703 W/ByMatcher(11756): Node returned null child: android.view.accessibility.AccessibilityNodeInfo@80006efc; boundsInParent: Rect(0, 0 - 1920, 1080); boundsInScreen: Rect(0, 0 - 1920, 1080); packageName: tech.gtt.frontapp.stb.demo; className: android.widget.FrameLayout; text: null; error: null; maxTextLength: -1; stateDescription: null; contentDescription: null; tooltipText: null; viewIdResName: null; checkable: false; checked: false; focusable: false; focused: false; selected: false; clickable: false; longClickable: false; contextClickable: false; enabled: true; password: false; scrollable: false; importantForAccessibility: true; visible: true; actions: [AccessibilityAction: ACTION_SELECT - null, AccessibilityAction: ACTION_CLEAR_SELECTION - null, AccessibilityAction: ACTION_ACCESSIBILITY_FOCUS - null, AccessibilityAction: ACTION_SHOW_ON_SCREEN - null]
06-17 19:55:48.703 W/ByMatcher(11756): Skipping null child (0 of 1)
06-17 19:55:48.706 I/ActivityTaskManager( 1936): Displayed tech.gtt.frontapp.stb.demo/tech.gtt.frontapp.stb.m.account.activity.LoginActivity: +207ms
06-17 19:55:48.805 D/UiDevice(11756): Searching for node with selector: BySelector [RES='\Qtech.gtt.frontapp.stb.demo:id/loginf_et_username\E'].
06-17 19:55:48.808 W/QueryController(11756): Could not detect idle state.
06-17 19:55:48.827 D/UIAutomatorStub(11756): URI: /jsonrpc/0, Method: POST, params, {NanoHttpd.QUERY_STRING=null}, files: {postData={"jsonrpc": "2.0", "id": 1, "method": "objInfo", "params": [{"mask": 2097152, "childOrSibling": [], "childOrSiblingSelector": [], "resourceId": "tech.gtt.frontapp.stb.demo:id/loginf_et_username"}]}}
06-17 19:55:48.829 D/UiDevice(11756): Retrieving node with selector: BySelector [RES='\Qtech.gtt.frontapp.stb.demo:id/loginf_et_username\E'].
06-17 19:55:48.831 W/QueryController(11756): Could not detect idle state.
06-17 19:55:48.835 W/QueryController(11756): Could not detect idle state.
06-17 19:55:48.836 W/QueryController(11756): Could not detect idle state.
06-17 19:55:48.837 W/QueryController(11756): Could not detect idle state.
06-17 19:55:48.838 W/QueryController(11756): Could not detect idle state.
06-17 19:55:48.838 W/QueryController(11756): Could not detect idle state.
06-17 19:55:48.839 W/QueryController(11756): Could not detect idle state.
06-17 19:55:48.840 W/QueryController(11756): Could not detect idle state.
06-17 19:55:48.841 W/QueryController(11756): Could not detect idle state.
06-17 19:55:48.844 W/QueryController(11756): Could not detect idle state.
06-17 19:55:48.847 W/QueryController(11756): Could not detect idle state.
06-17 19:55:48.851 W/QueryController(11756): Could not detect idle state.
06-17 19:55:48.852 W/QueryController(11756): Could not detect idle state.
06-17 19:55:48.853 W/QueryController(11756): Could not detect idle state.
06-17 19:55:48.853 W/QueryController(11756): Could not detect idle state.
06-17 19:55:48.854 W/QueryController(11756): Could not detect idle state.
06-17 19:55:48.855 W/QueryController(11756): Could not detect idle state.
06-17 19:55:48.856 W/QueryController(11756): Could not detect idle state.
06-17 19:55:48.876 D/UIAutomatorStub(11756): URI: /jsonrpc/0, Method: POST, params, {NanoHttpd.QUERY_STRING=null}, files: {postData={"jsonrpc": "2.0", "id": 1, "method": "click", "params": [1057.0, 437.0]}}
06-17 19:55:48.957 W/SurfaceFlinger( 1779): couldn't log to binary event log: overflow.
06-17 19:55:49.065 D/CompatibilityChangeReporter(11840): Compat change id reported: 163400105; UID 10058; state: ENABLED
06-17 19:55:49.065 D/InputMethodManager(11840): showSoftInput() view=tech.gtt.frontapp.stb.c.ui.edittext.EmailAutoCompleteTextView{b2e5e7d VFED..CL. .F.P..ID 0,0-700,92 #7f0b02ce app:id/loginf_et_username aid=1073741824} flags=0 reason=SHOW_SOFT_INPUT
06-17 19:55:49.065 V/InputMethodService( 3034): onEvaluateInputViewShown: config.hardKeyboardHidden = 2
06-17 19:55:49.066 V/InputMethodService( 3034): onEvaluateInputViewShown: config.hardKeyboardHidden = 2
06-17 19:55:49.066 I/AdbKeyboard( 3034): imeAction: 5 Next
06-17 19:55:49.078 D/gralloc_nox( 1767): gralloc_alloc: Creating ashmem region of size 647168
06-17 19:55:49.109 D/gralloc_nox( 1767): gralloc_alloc: Creating ashmem region of size 647168
06-17 19:55:49.111 D/gralloc_nox( 1767): gralloc_alloc: Creating ashmem region of size 647168
06-17 19:55:49.122 D/UIAutomatorStub(11756): URI: /jsonrpc/0, Method: POST, params, {NanoHttpd.QUERY_STRING=null}, files: {postData={"jsonrpc": "2.0", "id": 1, "method": "waitForExists", "params": [{"mask": 2097152, "childOrSibling": [], "childOrSiblingSelector": [], "resourceId": "tech.gtt.frontapp.stb.demo:id/loginf_et_username"}, 20000]}}
06-17 19:55:49.123 D/ProcessState(12273): Binder ioctl to enable oneway spam detection failed: Invalid argument
06-17 19:55:49.123 D/UiDevice(11756): Waiting 20000ms for SearchCondition[hasObject=BySelector [RES='\Qtech.gtt.frontapp.stb.demo:id/loginf_et_username\E']].
06-17 19:55:49.124 D/UiDevice(11756): Searching for node with selector: BySelector [RES='\Qtech.gtt.frontapp.stb.demo:id/loginf_et_username\E'].
06-17 19:55:49.124 D/InsetsController(11840): show(ime(), fromIme=true)
06-17 19:55:49.124 W/QueryController(11756): Could not detect idle state.
06-17 19:55:49.166 D/UIAutomatorStub(11756): URI: /jsonrpc/0, Method: POST, params, {NanoHttpd.QUERY_STRING=null}, files: {postData={"jsonrpc": "2.0", "id": 1, "method": "setText", "params": [{"mask": 2097152, "childOrSibling": [], "childOrSiblingSelector": [], "resourceId": "tech.gtt.frontapp.stb.demo:id/loginf_et_username"}, "0609@ipwangxin.cn"]}}
06-17 19:55:49.167 D/UiDevice(11756): Retrieving node with selector: BySelector [RES='\Qtech.gtt.frontapp.stb.demo:id/loginf_et_username\E'].
06-17 19:55:49.167 W/QueryController(11756): Could not detect idle state.
06-17 19:55:49.170 W/QueryController(11756): Could not detect idle state.
06-17 19:55:49.171 D/UiObject2(11756): Clicking on (1057, 437).
06-17 19:55:49.185 D/InputMethodManager(11840): showSoftInput() view=tech.gtt.frontapp.stb.c.ui.edittext.EmailAutoCompleteTextView{b2e5e7d VFED..CL. .F.P.... 0,0-700,92 #7f0b02ce app:id/loginf_et_username aid=1073741824} flags=0 reason=SHOW_SOFT_INPUT
06-17 19:55:49.186 V/InputMethodService( 3034): onEvaluateInputViewShown: config.hardKeyboardHidden = 2
06-17 19:55:49.186 V/InputMethodService( 3034): onEvaluateInputViewShown: config.hardKeyboardHidden = 2
06-17 19:55:49.187 D/InsetsController(11840): show(ime(), fromIme=true)
06-17 19:55:49.201 D/UiDevice(11756): Retrieving node with selector: BySelector [RES='\Qtech.gtt.frontapp.stb.demo:id/loginf_et_username\E'].
06-17 19:55:49.203 W/QueryController(11756): Could not detect idle state.
06-17 19:55:49.215 W/QueryController(11756): Could not detect idle state.
06-17 19:55:49.223 D/UiObject2(11756): Setting text to '0609@ipwangxin.cn'.
06-17 19:55:49.237 I/AdbKeyboard( 3034): imeAction: 5 Next
06-17 19:55:49.238 V/InputMethodService( 3034): onEvaluateInputViewShown: config.hardKeyboardHidden = 2
06-17 19:55:49.238 V/InputMethodService( 3034): onEvaluateInputViewShown: config.hardKeyboardHidden = 2
06-17 19:55:49.274 D/InsetsController(11840): show(ime(), fromIme=true)
06-17 19:55:49.300 D/UIAutomatorStub(11756): URI: /jsonrpc/0, Method: POST, params, {NanoHttpd.QUERY_STRING=null}, files: {postData={"jsonrpc": "2.0", "id": 1, "method": "waitForExists", "params": [{"mask": 2097152, "childOrSibling": [], "childOrSiblingSelector": [], "resourceId": "tech.gtt.frontapp.stb.demo:id/et_pwd"}, 20000]}}
06-17 19:55:49.301 D/UiDevice(11756): Waiting 20000ms for SearchCondition[hasObject=BySelector [RES='\Qtech.gtt.frontapp.stb.demo:id/et_pwd\E']].
06-17 19:55:49.301 D/UiDevice(11756): Searching for node with selector: BySelector [RES='\Qtech.gtt.frontapp.stb.demo:id/et_pwd\E'].
06-17 19:55:49.301 W/QueryController(11756): Could not detect idle state.
06-17 19:55:49.331 D/UIAutomatorStub(11756): URI: /jsonrpc/0, Method: POST, params, {NanoHttpd.QUERY_STRING=null}, files: {postData={"jsonrpc": "2.0", "id": 1, "method": "objInfo", "params": [{"mask": 2097152, "childOrSibling": [], "childOrSiblingSelector": [], "resourceId": "tech.gtt.frontapp.stb.demo:id/et_pwd"}]}}
06-17 19:55:49.332 D/UiDevice(11756): Retrieving node with selector: BySelector [RES='\Qtech.gtt.frontapp.stb.demo:id/et_pwd\E'].
06-17 19:55:49.332 W/QueryController(11756): Could not detect idle state.
06-17 19:55:49.335 W/QueryController(11756): Could not detect idle state.
06-17 19:55:49.336 W/QueryController(11756): Could not detect idle state.
06-17 19:55:49.337 W/QueryController(11756): Could not detect idle state.
06-17 19:55:49.338 W/QueryController(11756): Could not detect idle state.
06-17 19:55:49.339 W/QueryController(11756): Could not detect idle state.
06-17 19:55:49.340 W/QueryController(11756): Could not detect idle state.
06-17 19:55:49.340 W/QueryController(11756): Could not detect idle state.
06-17 19:55:49.341 W/QueryController(11756): Could not detect idle state.
06-17 19:55:49.342 W/QueryController(11756): Could not detect idle state.
06-17 19:55:49.342 W/QueryController(11756): Could not detect idle state.
06-17 19:55:49.343 W/QueryController(11756): Could not detect idle state.
06-17 19:55:49.344 W/QueryController(11756): Could not detect idle state.
06-17 19:55:49.344 W/QueryController(11756): Could not detect idle state.
06-17 19:55:49.345 W/QueryController(11756): Could not detect idle state.
06-17 19:55:49.346 W/QueryController(11756): Could not detect idle state.
06-17 19:55:49.347 W/QueryController(11756): Could not detect idle state.
06-17 19:55:49.347 W/QueryController(11756): Could not detect idle state.
06-17 19:55:49.382 W/NotificationHistory( 1936): Attempted to add notif for locked/gone/disabled user 0
06-17 19:55:49.389 D/UIAutomatorStub(11756): URI: /jsonrpc/0, Method: POST, params, {NanoHttpd.QUERY_STRING=null}, files: {postData={"jsonrpc": "2.0", "id": 1, "method": "click", "params": [1057.0, 559.0]}}
06-17 19:55:49.398 D/InterruptionStateProvider( 2106): No bubble up: not allowed to bubble: -1|android|8|null|1000
06-17 19:55:49.398 D/InterruptionStateProvider( 2106): No heads up: unimportant notification: -1|android|8|null|1000
06-17 19:55:49.398 D/PeopleSpaceWidgetMgr( 2106): Sbn doesn't contain valid PeopleTileKey: null/-1/android
06-17 19:55:49.401 D/InterruptionStateProvider( 2106): No bubble up: not allowed to bubble: -1|android|8|null|1000
06-17 19:55:49.401 D/InterruptionStateProvider( 2106): No heads up: unimportant notification: -1|android|8|null|1000
06-17 19:55:49.401 D/PeopleSpaceWidgetMgr( 2106): Sbn doesn't contain valid PeopleTileKey: null/-1/android
06-17 19:55:49.444 D/InterruptionStateProvider( 2106): No bubble up: not allowed to bubble: -1|android|8|null|1000
06-17 19:55:49.444 D/InterruptionStateProvider( 2106): No heads up: unimportant notification: -1|android|8|null|1000
06-17 19:55:49.450 D/PeopleSpaceWidgetMgr( 2106): Sbn doesn't contain valid PeopleTileKey: null/-1/android
06-17 19:55:49.521 D/InputMethodManager(11840): showSoftInput() view=tech.gtt.frontapp.stb.c.ui.edittext.NormalFocusEditText{ec17f1f VFED..CL. .F.P..ID 0,0-700,92 #7f0b0172 app:id/et_pwd aid=1073741826} flags=0 reason=SHOW_SOFT_INPUT
06-17 19:55:49.521 I/AdbKeyboard( 3034): imeAction: 5 Next
06-17 19:55:49.522 V/InputMethodService( 3034): onEvaluateInputViewShown: config.hardKeyboardHidden = 2
06-17 19:55:49.522 V/InputMethodService( 3034): onEvaluateInputViewShown: config.hardKeyboardHidden = 2
06-17 19:55:49.524 V/InputMethodService( 3034): onEvaluateInputViewShown: config.hardKeyboardHidden = 2
06-17 19:55:49.524 V/InputMethodService( 3034): onEvaluateInputViewShown: config.hardKeyboardHidden = 2
06-17 19:55:49.530 D/InsetsController(11840): show(ime(), fromIme=true)
06-17 19:55:49.533 D/InsetsController(11840): show(ime(), fromIme=true)
06-17 19:55:49.569 D/UIAutomatorStub(11756): URI: /jsonrpc/0, Method: POST, params, {NanoHttpd.QUERY_STRING=null}, files: {postData={"jsonrpc": "2.0", "id": 1, "method": "waitForExists", "params": [{"mask": 2097152, "childOrSibling": [], "childOrSiblingSelector": [], "resourceId": "tech.gtt.frontapp.stb.demo:id/et_pwd"}, 20000]}}
06-17 19:55:49.570 D/UiDevice(11756): Waiting 20000ms for SearchCondition[hasObject=BySelector [RES='\Qtech.gtt.frontapp.stb.demo:id/et_pwd\E']].
06-17 19:55:49.570 D/UiDevice(11756): Searching for node with selector: BySelector [RES='\Qtech.gtt.frontapp.stb.demo:id/et_pwd\E'].
06-17 19:55:49.571 W/QueryController(11756): Could not detect idle state.
06-17 19:55:49.598 D/UIAutomatorStub(11756): URI: /jsonrpc/0, Method: POST, params, {NanoHttpd.QUERY_STRING=null}, files: {postData={"jsonrpc": "2.0", "id": 1, "method": "setText", "params": [{"mask": 2097152, "childOrSibling": [], "childOrSiblingSelector": [], "resourceId": "tech.gtt.frontapp.stb.demo:id/et_pwd"}, "123456"]}}
06-17 19:55:49.600 D/UiDevice(11756): Retrieving node with selector: BySelector [RES='\Qtech.gtt.frontapp.stb.demo:id/et_pwd\E'].
06-17 19:55:49.600 W/QueryController(11756): Could not detect idle state.
06-17 19:55:49.604 W/QueryController(11756): Could not detect idle state.
06-17 19:55:49.605 D/UiObject2(11756): Clicking on (1057, 559).
06-17 19:55:49.618 D/InputMethodManager(11840): showSoftInput() view=tech.gtt.frontapp.stb.c.ui.edittext.NormalFocusEditText{ec17f1f VFED..CL. .F.P.... 0,0-700,92 #7f0b0172 app:id/et_pwd aid=1073741826} flags=0 reason=SHOW_SOFT_INPUT
06-17 19:55:49.619 V/InputMethodService( 3034): onEvaluateInputViewShown: config.hardKeyboardHidden = 2
06-17 19:55:49.619 V/InputMethodService( 3034): onEvaluateInputViewShown: config.hardKeyboardHidden = 2
06-17 19:55:49.620 D/InsetsController(11840): show(ime(), fromIme=true)
06-17 19:55:49.634 D/UiDevice(11756): Retrieving node with selector: BySelector [RES='\Qtech.gtt.frontapp.stb.demo:id/et_pwd\E'].
06-17 19:55:49.635 W/QueryController(11756): Could not detect idle state.
06-17 19:55:49.638 W/QueryController(11756): Could not detect idle state.
06-17 19:55:49.639 D/UiObject2(11756): Setting text to '123456'.
06-17 19:55:49.642 I/AdbKeyboard( 3034): imeAction: 5 Next
06-17 19:55:49.642 V/InputMethodService( 3034): onEvaluateInputViewShown: config.hardKeyboardHidden = 2
06-17 19:55:49.642 V/InputMethodService( 3034): onEvaluateInputViewShown: config.hardKeyboardHidden = 2
06-17 19:55:49.651 D/InsetsController(11840): show(ime(), fromIme=true)
06-17 19:55:49.664 D/UIAutomatorStub(11756): URI: /jsonrpc/0, Method: POST, params, {NanoHttpd.QUERY_STRING=null}, files: {postData={"jsonrpc": "2.0", "id": 1, "method": "waitForExists", "params": [{"mask": 2097152, "childOrSibling": [], "childOrSiblingSelector": [], "resourceId": "tech.gtt.frontapp.stb.demo:id/remember_pwd_cb"}, 20000]}}
06-17 19:55:49.666 D/UiDevice(11756): Waiting 20000ms for SearchCondition[hasObject=BySelector [RES='\Qtech.gtt.frontapp.stb.demo:id/remember_pwd_cb\E']].
06-17 19:55:49.666 D/UiDevice(11756): Searching for node with selector: BySelector [RES='\Qtech.gtt.frontapp.stb.demo:id/remember_pwd_cb\E'].
06-17 19:55:49.667 W/QueryController(11756): Could not detect idle state.
06-17 19:55:49.687 D/UIAutomatorStub(11756): URI: /jsonrpc/0, Method: POST, params, {NanoHttpd.QUERY_STRING=null}, files: {postData={"jsonrpc": "2.0", "id": 1, "method": "objInfo", "params": [{"mask": 2097152, "childOrSibling": [], "childOrSiblingSelector": [], "resourceId": "tech.gtt.frontapp.stb.demo:id/remember_pwd_cb"}]}}
06-17 19:55:49.688 D/UiDevice(11756): Retrieving node with selector: BySelector [RES='\Qtech.gtt.frontapp.stb.demo:id/remember_pwd_cb\E'].
06-17 19:55:49.688 W/QueryController(11756): Could not detect idle state.
06-17 19:55:49.691 W/QueryController(11756): Could not detect idle state.
06-17 19:55:49.692 W/QueryController(11756): Could not detect idle state.
06-17 19:55:49.693 W/QueryController(11756): Could not detect idle state.
06-17 19:55:49.693 W/QueryController(11756): Could not detect idle state.
06-17 19:55:49.694 W/QueryController(11756): Could not detect idle state.
06-17 19:55:49.696 W/QueryController(11756): Could not detect idle state.
06-17 19:55:49.698 W/QueryController(11756): Could not detect idle state.
06-17 19:55:49.699 W/QueryController(11756): Could not detect idle state.
06-17 19:55:49.700 W/QueryController(11756): Could not detect idle state.
06-17 19:55:49.700 W/QueryController(11756): Could not detect idle state.
06-17 19:55:49.701 W/QueryController(11756): Could not detect idle state.
06-17 19:55:49.701 W/QueryController(11756): Could not detect idle state.
06-17 19:55:49.702 W/QueryController(11756): Could not detect idle state.
06-17 19:55:49.703 W/QueryController(11756): Could not detect idle state.
06-17 19:55:49.703 W/QueryController(11756): Could not detect idle state.
06-17 19:55:49.704 W/QueryController(11756): Could not detect idle state.
06-17 19:55:49.704 W/QueryController(11756): Could not detect idle state.
06-17 19:55:49.727 D/InterruptionStateProvider( 2106): No bubble up: not allowed to bubble: -1|android|8|null|1000
06-17 19:55:49.727 D/InterruptionStateProvider( 2106): No heads up: unimportant notification: -1|android|8|null|1000
06-17 19:55:49.731 D/PeopleSpaceWidgetMgr( 2106): Sbn doesn't contain valid PeopleTileKey: null/-1/android
06-17 19:55:49.732 D/UIAutomatorStub(11756): URI: /jsonrpc/0, Method: POST, params, {NanoHttpd.QUERY_STRING=null}, files: {postData={"jsonrpc": "2.0", "id": 1, "method": "click", "params": [729.0, 656.0]}}
06-17 19:55:49.748 D/InterruptionStateProvider( 2106): No bubble up: not allowed to bubble: -1|android|8|null|1000
06-17 19:55:49.748 D/InterruptionStateProvider( 2106): No heads up: unimportant notification: -1|android|8|null|1000
06-17 19:55:49.751 D/PeopleSpaceWidgetMgr( 2106): Sbn doesn't contain valid PeopleTileKey: null/-1/android
06-17 19:55:49.775 E/libEGL  (11840): called unimplemented OpenGL ES API
06-17 19:55:49.828 D/InterruptionStateProvider( 2106): No bubble up: not allowed to bubble: -1|android|8|null|1000
06-17 19:55:49.829 D/InterruptionStateProvider( 2106): No heads up: unimportant notification: -1|android|8|null|1000
06-17 19:55:49.837 D/PeopleSpaceWidgetMgr( 2106): Sbn doesn't contain valid PeopleTileKey: null/-1/android
06-17 19:55:49.868 D/InterruptionStateProvider( 2106): No bubble up: not allowed to bubble: -1|android|8|null|1000
06-17 19:55:49.869 D/InterruptionStateProvider( 2106): No heads up: unimportant notification: -1|android|8|null|1000
06-17 19:55:49.875 D/PeopleSpaceWidgetMgr( 2106): Sbn doesn't contain valid PeopleTileKey: null/-1/android
06-17 19:55:49.884 D/ProcessState(12288): Binder ioctl to enable oneway spam detection failed: Invalid argument
