06-18 13:45:50.014 I/OMXStore( 1812): makeComponentInstance(OMX.google.h264.decoder) in android.hardwar process
06-18 13:45:50.016 D/SurfaceUtils( 1809): disconnecting from surface 0xf0800018, reason onConfigure
06-18 13:45:50.021 D/SurfaceUtils( 1809): connecting to surface 0xf0800018, reason connectToSurface
06-18 13:45:50.021 I/OMXClient( 1809): IOmx service obtained
06-18 13:45:50.021 I/OMXStore( 1812): makeComponentInstance(OMX.google.aac.decoder) in android.hardwar process
06-18 13:45:50.024 I/MediaCodec( 1809): [OMX.google.h264.decoder] setting surface generation to 1852432
06-18 13:45:50.024 D/SurfaceUtils( 1809): disconnecting from surface 0xf0800018, reason connectToSurface(reconnect)
06-18 13:45:50.025 E/OMXNodeInstance( 1812): setConfig(0xe6d400f0:google.aac.decoder, ConfigPriority(0x6f800002)) ERROR: Undefined(0x80001001)
06-18 13:45:50.025 I/ACodec  ( 1809): codec does not support config priority (err -2147483648)
06-18 13:45:50.025 D/SurfaceUtils( 1809): connecting to surface 0xf0800018, reason connectToSurface(reconnect)
06-18 13:45:50.027 E/OMXNodeInstance( 1812): getExtensionIndex(0xe6d416d0:google.h264.decoder, OMX.google.android.index.enableAndroidNativeBuffers) ERROR: UnsupportedIndex(0x8000101a)
06-18 13:45:50.027 E/OMXNodeInstance( 1812): getConfig(0xe6d400f0:google.aac.decoder, ConfigAndroidVendorExtension(0x6f100004)) ERROR: Undefined(0x80001001)
06-18 13:45:50.027 E/ACodec  ( 1809): [OMX.google.h264.decoder] setPortMode on output to DynamicANWBuffer failed w/ err -1010
06-18 13:45:50.027 E/OMXNodeInstance( 1812): getParameter(0xe6d416d0:google.h264.decoder, ??(0x6f600011)) ERROR: UnsupportedIndex(0x8000101a)
06-18 13:45:50.027 W/OMXNodeInstance( 1812): [0xe6d416d0:google.h264.decoder] component does not support metadata mode; using fallback
06-18 13:45:50.027 D/SoftAAC2( 1812): get OMX_IndexParamAudioAndroidAacDrcPresentation
06-18 13:45:50.028 I/MediaCodec( 1809): MediaCodec will operate in async mode
06-18 13:45:50.028 D/MediaCodec( 1809): keep callback message for reclaim
06-18 13:45:50.028 D/SoftVideoDecoderOMXComponent( 1812): Color Aspects preference: 1 
06-18 13:45:50.029 E/OMXNodeInstance( 1812): setConfig(0xe6d416d0:google.h264.decoder, ConfigPriority(0x6f800002)) ERROR: UnsupportedIndex(0x8000101a)
06-18 13:45:50.029 I/ACodec  ( 1809): codec does not support config priority (err -1010)
06-18 13:45:50.029 E/OMXNodeInstance( 1812): setConfig(0xe6d416d0:google.h264.decoder, ConfigOperatingRate(0x6f800003)) ERROR: UnsupportedIndex(0x8000101a)
06-18 13:45:50.029 I/ACodec  ( 1809): codec does not support config operating rate (err -1010)
06-18 13:45:50.029 E/OMXNodeInstance( 1812): getConfig(0xe6d416d0:google.h264.decoder, ConfigAndroidVendorExtension(0x6f100004)) ERROR: UnsupportedIndex(0x8000101a)
06-18 13:45:50.030 E/OMXNodeInstance( 1812): getConfig(0xe6d416d0:google.h264.decoder, ??(0x7f000003)) ERROR: UnsupportedSetting(0x80001019)
06-18 13:45:50.030 I/MediaCodec( 1809): MediaCodec will operate in async mode
06-18 13:45:50.030 D/MediaCodec( 1809): keep callback message for reclaim
06-18 13:45:50.033 I/SoftAAC2( 1812): Reconfiguring decoder: 0->44100 Hz, 0->1 channels
06-18 13:45:50.035 D/SoftAAC2( 1812): get OMX_IndexParamAudioAndroidAacDrcPresentation
06-18 13:45:50.037 W/ResourceManagerService( 1809): Ignoring request to add new resource entry with value <= 0
06-18 13:45:50.039 D/SoftVideoDecoderOMXComponent( 1812): Color Aspects preference: 1 
06-18 13:45:50.046 D/AudioFlinger( 1776): Client defaulted notificationFrames to 11286 for frameCount 22572
06-18 13:45:50.047 D/AF::TrackHandle( 1776): OpPlayAudio: track:72 usage:1 not muted
06-18 13:45:50.094 E/OMXNodeInstance( 1812): getConfig(0xe6d416d0:google.h264.decoder, ??(0x7f000003)) ERROR: UnsupportedSetting(0x80001019)
06-18 13:45:50.102 D/MediaCodec( 1809): [OMX.google.h264.decoder] setting dataspace on output surface to #102
06-18 13:45:50.105 D/gralloc_nox( 1767): gralloc_alloc: Creating ashmem region of size 589824
06-18 13:45:50.106 W/MediaPlayerNative(18585): info/warning (3, 0)
06-18 13:45:50.110 D/SoftwareRenderer( 1809): setting dataspace on output surface to #8000102
06-18 13:45:50.147 W/InputManager-JNI( 1936): Input channel object '4bc0179 tech.gtt.frontapp.stb.demo/tech.gtt.frontapp.stb.m.home.activity.SplashActivity (client)' was disposed without first being removed with the input manager!
06-18 13:45:50.164 V/GSK-APIS(18585): received response >>> id: 53450aee url: https://gtt-app-apigateway-lion.vdemosit.com/api/enduser/messagecenter/message/query/v1 statusCode: 400, exception: null
06-18 13:45:50.164 I/System.out(18585): [SDKInterceptorPlugin] Unhandled exception in request processing: Something went wrong while connecting to the server, statusCode: 400
06-18 13:45:50.172 D/AudioFlinger( 1776): mixer(0x7e14b2cf8a60) throttle end: throttle time(40)
06-18 13:45:50.318 D/UIAutomatorStub(18531): URI: /jsonrpc/0, Method: POST, params, {NanoHttpd.QUERY_STRING=null}, files: {postData={"jsonrpc": "2.0", "id": 1, "method": "waitForExists", "params": [{"mask": 2097152, "childOrSibling": [], "childOrSiblingSelector": [], "resourceId": "tech.gtt.frontapp.stb.demo:id/account_login_tv2"}, 20000]}}
06-18 13:45:50.319 D/UiDevice(18531): Waiting 20000ms for SearchCondition[hasObject=BySelector [RES='\Qtech.gtt.frontapp.stb.demo:id/account_login_tv2\E']].
06-18 13:45:50.319 D/UiDevice(18531): Searching for node with selector: BySelector [RES='\Qtech.gtt.frontapp.stb.demo:id/account_login_tv2\E'].
06-18 13:45:50.319 W/QueryController(18531): Could not detect idle state.
06-18 13:45:50.395 D/gralloc_nox( 1767): gralloc_alloc: Creating ashmem region of size 589824
06-18 13:45:50.399 D/gralloc_nox( 1767): gralloc_alloc: Creating ashmem region of size 589824
06-18 13:45:50.424 D/UiDevice(18531): Searching for node with selector: BySelector [RES='\Qtech.gtt.frontapp.stb.demo:id/account_login_tv2\E'].
06-18 13:45:50.424 W/QueryController(18531): Could not detect idle state.
06-18 13:45:50.531 D/UiDevice(18531): Searching for node with selector: BySelector [RES='\Qtech.gtt.frontapp.stb.demo:id/account_login_tv2\E'].
06-18 13:45:50.531 W/QueryController(18531): Could not detect idle state.
06-18 13:45:50.637 D/UiDevice(18531): Searching for node with selector: BySelector [RES='\Qtech.gtt.frontapp.stb.demo:id/account_login_tv2\E'].
06-18 13:45:50.638 W/QueryController(18531): Could not detect idle state.
06-18 13:45:50.750 D/UiDevice(18531): Searching for node with selector: BySelector [RES='\Qtech.gtt.frontapp.stb.demo:id/account_login_tv2\E'].
06-18 13:45:50.750 W/QueryController(18531): Could not detect idle state.
06-18 13:45:50.856 D/UiDevice(18531): Searching for node with selector: BySelector [RES='\Qtech.gtt.frontapp.stb.demo:id/account_login_tv2\E'].
06-18 13:45:50.856 W/QueryController(18531): Could not detect idle state.
06-18 13:45:50.964 D/UiDevice(18531): Searching for node with selector: BySelector [RES='\Qtech.gtt.frontapp.stb.demo:id/account_login_tv2\E'].
06-18 13:45:50.965 W/QueryController(18531): Could not detect idle state.
06-18 13:45:51.070 D/UiDevice(18531): Searching for node with selector: BySelector [RES='\Qtech.gtt.frontapp.stb.demo:id/account_login_tv2\E'].
06-18 13:45:51.070 W/QueryController(18531): Could not detect idle state.
06-18 13:45:51.174 D/UiDevice(18531): Searching for node with selector: BySelector [RES='\Qtech.gtt.frontapp.stb.demo:id/account_login_tv2\E'].
06-18 13:45:51.174 W/QueryController(18531): Could not detect idle state.
06-18 13:45:51.282 D/UiDevice(18531): Searching for node with selector: BySelector [RES='\Qtech.gtt.frontapp.stb.demo:id/account_login_tv2\E'].
06-18 13:45:51.283 W/QueryController(18531): Could not detect idle state.
06-18 13:45:51.387 D/UiDevice(18531): Searching for node with selector: BySelector [RES='\Qtech.gtt.frontapp.stb.demo:id/account_login_tv2\E'].
06-18 13:45:51.388 W/QueryController(18531): Could not detect idle state.
06-18 13:45:51.492 D/UiDevice(18531): Searching for node with selector: BySelector [RES='\Qtech.gtt.frontapp.stb.demo:id/account_login_tv2\E'].
06-18 13:45:51.494 W/QueryController(18531): Could not detect idle state.
06-18 13:45:51.599 D/UiDevice(18531): Searching for node with selector: BySelector [RES='\Qtech.gtt.frontapp.stb.demo:id/account_login_tv2\E'].
06-18 13:45:51.600 W/QueryController(18531): Could not detect idle state.
06-18 13:45:51.705 D/UiDevice(18531): Searching for node with selector: BySelector [RES='\Qtech.gtt.frontapp.stb.demo:id/account_login_tv2\E'].
06-18 13:45:51.705 W/QueryController(18531): Could not detect idle state.
06-18 13:45:51.809 D/UiDevice(18531): Searching for node with selector: BySelector [RES='\Qtech.gtt.frontapp.stb.demo:id/account_login_tv2\E'].
06-18 13:45:51.810 W/QueryController(18531): Could not detect idle state.
06-18 13:45:51.916 D/UiDevice(18531): Searching for node with selector: BySelector [RES='\Qtech.gtt.frontapp.stb.demo:id/account_login_tv2\E'].
06-18 13:45:51.916 W/QueryController(18531): Could not detect idle state.
06-18 13:45:52.020 D/UiDevice(18531): Searching for node with selector: BySelector [RES='\Qtech.gtt.frontapp.stb.demo:id/account_login_tv2\E'].
06-18 13:45:52.020 W/QueryController(18531): Could not detect idle state.
06-18 13:45:52.123 D/UiDevice(18531): Searching for node with selector: BySelector [RES='\Qtech.gtt.frontapp.stb.demo:id/account_login_tv2\E'].
06-18 13:45:52.124 W/QueryController(18531): Could not detect idle state.
06-18 13:45:52.227 D/UiDevice(18531): Searching for node with selector: BySelector [RES='\Qtech.gtt.frontapp.stb.demo:id/account_login_tv2\E'].
06-18 13:45:52.228 W/QueryController(18531): Could not detect idle state.
06-18 13:45:52.331 D/UiDevice(18531): Searching for node with selector: BySelector [RES='\Qtech.gtt.frontapp.stb.demo:id/account_login_tv2\E'].
06-18 13:45:52.332 W/QueryController(18531): Could not detect idle state.
06-18 13:45:52.437 D/UiDevice(18531): Searching for node with selector: BySelector [RES='\Qtech.gtt.frontapp.stb.demo:id/account_login_tv2\E'].
06-18 13:45:52.438 W/QueryController(18531): Could not detect idle state.
06-18 13:45:52.474 D/AudioFlinger( 1776): mixer(0x7e14b2cf8a60) throttle end: throttle time(10)
06-18 13:45:52.556 D/UiDevice(18531): Searching for node with selector: BySelector [RES='\Qtech.gtt.frontapp.stb.demo:id/account_login_tv2\E'].
06-18 13:45:52.557 W/QueryController(18531): Could not detect idle state.
06-18 13:45:52.659 D/UiDevice(18531): Searching for node with selector: BySelector [RES='\Qtech.gtt.frontapp.stb.demo:id/account_login_tv2\E'].
06-18 13:45:52.659 W/QueryController(18531): Could not detect idle state.
06-18 13:45:52.762 D/UiDevice(18531): Searching for node with selector: BySelector [RES='\Qtech.gtt.frontapp.stb.demo:id/account_login_tv2\E'].
06-18 13:45:52.763 W/QueryController(18531): Could not detect idle state.
06-18 13:45:52.868 D/UiDevice(18531): Searching for node with selector: BySelector [RES='\Qtech.gtt.frontapp.stb.demo:id/account_login_tv2\E'].
06-18 13:45:52.868 W/QueryController(18531): Could not detect idle state.
06-18 13:45:52.971 D/UiDevice(18531): Searching for node with selector: BySelector [RES='\Qtech.gtt.frontapp.stb.demo:id/account_login_tv2\E'].
06-18 13:45:52.971 W/QueryController(18531): Could not detect idle state.
06-18 13:45:53.075 D/UiDevice(18531): Searching for node with selector: BySelector [RES='\Qtech.gtt.frontapp.stb.demo:id/account_login_tv2\E'].
06-18 13:45:53.075 W/QueryController(18531): Could not detect idle state.
06-18 13:45:53.180 D/UiDevice(18531): Searching for node with selector: BySelector [RES='\Qtech.gtt.frontapp.stb.demo:id/account_login_tv2\E'].
06-18 13:45:53.180 W/QueryController(18531): Could not detect idle state.
06-18 13:45:53.224 E/TaskPersister( 1936): File error accessing recents directory (directory doesn't exist?).
06-18 13:45:53.285 D/UiDevice(18531): Searching for node with selector: BySelector [RES='\Qtech.gtt.frontapp.stb.demo:id/account_login_tv2\E'].
06-18 13:45:53.286 W/QueryController(18531): Could not detect idle state.
06-18 13:45:53.390 D/UiDevice(18531): Searching for node with selector: BySelector [RES='\Qtech.gtt.frontapp.stb.demo:id/account_login_tv2\E'].
06-18 13:45:53.391 W/QueryController(18531): Could not detect idle state.
06-18 13:45:53.503 D/UiDevice(18531): Searching for node with selector: BySelector [RES='\Qtech.gtt.frontapp.stb.demo:id/account_login_tv2\E'].
06-18 13:45:53.503 W/QueryController(18531): Could not detect idle state.
06-18 13:45:53.614 D/UiDevice(18531): Searching for node with selector: BySelector [RES='\Qtech.gtt.frontapp.stb.demo:id/account_login_tv2\E'].
06-18 13:45:53.615 W/QueryController(18531): Could not detect idle state.
06-18 13:45:53.723 D/UiDevice(18531): Searching for node with selector: BySelector [RES='\Qtech.gtt.frontapp.stb.demo:id/account_login_tv2\E'].
06-18 13:45:53.724 W/QueryController(18531): Could not detect idle state.
06-18 13:45:53.828 D/UiDevice(18531): Searching for node with selector: BySelector [RES='\Qtech.gtt.frontapp.stb.demo:id/account_login_tv2\E'].
06-18 13:45:53.829 W/QueryController(18531): Could not detect idle state.
06-18 13:45:53.937 D/UiDevice(18531): Searching for node with selector: BySelector [RES='\Qtech.gtt.frontapp.stb.demo:id/account_login_tv2\E'].
06-18 13:45:53.937 W/QueryController(18531): Could not detect idle state.
06-18 13:45:53.980 I/keystore2( 1710): keystore2::watchdog: Watchdog thread idle -> terminating. Have a great day.
06-18 13:45:54.043 D/UiDevice(18531): Searching for node with selector: BySelector [RES='\Qtech.gtt.frontapp.stb.demo:id/account_login_tv2\E'].
06-18 13:45:54.044 W/QueryController(18531): Could not detect idle state.
06-18 13:45:54.146 D/UiDevice(18531): Searching for node with selector: BySelector [RES='\Qtech.gtt.frontapp.stb.demo:id/account_login_tv2\E'].
06-18 13:45:54.146 W/QueryController(18531): Could not detect idle state.
06-18 13:45:54.250 D/UiDevice(18531): Searching for node with selector: BySelector [RES='\Qtech.gtt.frontapp.stb.demo:id/account_login_tv2\E'].
06-18 13:45:54.250 W/QueryController(18531): Could not detect idle state.
06-18 13:45:54.298 D/AudioTrack( 1809): stop(24): called with 200704 frames delivered
06-18 13:45:54.353 D/UiDevice(18531): Searching for node with selector: BySelector [RES='\Qtech.gtt.frontapp.stb.demo:id/account_login_tv2\E'].
06-18 13:45:54.354 W/QueryController(18531): Could not detect idle state.
06-18 13:45:54.457 D/UiDevice(18531): Searching for node with selector: BySelector [RES='\Qtech.gtt.frontapp.stb.demo:id/account_login_tv2\E'].
06-18 13:45:54.458 W/QueryController(18531): Could not detect idle state.
06-18 13:45:54.562 D/UiDevice(18531): Searching for node with selector: BySelector [RES='\Qtech.gtt.frontapp.stb.demo:id/account_login_tv2\E'].
06-18 13:45:54.562 W/QueryController(18531): Could not detect idle state.
06-18 13:45:54.670 D/UiDevice(18531): Searching for node with selector: BySelector [RES='\Qtech.gtt.frontapp.stb.demo:id/account_login_tv2\E'].
06-18 13:45:54.670 W/QueryController(18531): Could not detect idle state.
06-18 13:45:54.724 D/NuPlayerDriver( 1809): stop(0xf5c02920)
06-18 13:45:54.724 V/MediaPlayer(18585): resetDrmState:  mDrmInfo=null mDrmProvisioningThread=null mPrepareDrmInProgress=false mActiveDrmScheme=false
06-18 13:45:54.724 V/MediaPlayer(18585): cleanDrmObj: mDrmObj=null mDrmSessionId=null
06-18 13:45:54.724 D/NuPlayerDriver( 1809): reset(0xf5c02920) at state 8
06-18 13:45:54.730 D/SurfaceUtils( 1809): disconnecting from surface 0xf0800018, reason disconnectFromSurface
06-18 13:45:54.731 D/SurfaceUtils( 1809): connecting to surface 0xf0800018, reason onShutdown
06-18 13:45:54.734 D/NuPlayerDriver( 1809): notifyResetComplete(0xf5c02920)
06-18 13:45:54.734 D/SurfaceUtils( 1809): disconnecting from surface 0xf0804ba8, reason disconnectNativeWindow
06-18 13:45:54.734 W/AMessage( 1809): failed to post message as target looper for handler 0 is gone.
06-18 13:45:54.735 I/MediaFocusControl( 1936): abandonAudioFocus() from uid/pid 10058/18585 clientId=android.media.AudioManager@1be4bcd
06-18 13:45:54.736 I/ActivityTaskManager( 1936): START u0 {cmp=tech.gtt.frontapp.stb.demo/tech.gtt.frontapp.stb.m.account.activity.LoginMethodSwitchActivity (has extras)} from uid 10058
06-18 13:45:54.737 D/CompatibilityChangeReporter( 1936): Compat change id reported: 174042980; UID 10058; state: DISABLED
06-18 13:45:54.737 D/CompatibilityChangeReporter( 1936): Compat change id reported: 184838306; UID 10058; state: DISABLED
06-18 13:45:54.738 D/CompatibilityChangeReporter( 1936): Compat change id reported: 185004937; UID 10058; state: DISABLED
06-18 13:45:54.738 D/CompatibilityChangeReporter( 1936): Compat change id reported: 181136395; UID 10058; state: DISABLED
06-18 13:45:54.738 D/CompatibilityChangeReporter( 1936): Compat change id reported: 174042936; UID 10058; state: DISABLED
06-18 13:45:54.739 D/CompatibilityChangeReporter( 1936): Compat change id reported: 197654537; UID 10058; state: ENABLED
06-18 13:45:54.739 D/CompatibilityChangeReporter( 1936): Compat change id reported: 168419799; UID 10058; state: DISABLED
06-18 13:45:54.742 I/MediaFocusControl( 1936): abandonAudioFocus() from uid/pid 10058/18585 clientId=android.media.AudioManager@1be4bcd
06-18 13:45:54.742 W/MediaPlayer(18585): mediaplayer went away with unhandled events
06-18 13:45:54.745 W/MediaPlayer(18585): mediaplayer went away with unhandled events
06-18 13:45:54.747 W/ActivityTaskManager( 1936): Tried to set launchTime (0) < mLastActivityLaunchTime (68446411)
06-18 13:45:54.757 D/AndroidAutoSize(18585): tech.gtt.frontapp.stb.m.account.activity.LoginMethodSwitchActivity used the global configuration.
06-18 13:45:54.757 D/AndroidAutoSize(18585): The tech.gtt.frontapp.stb.m.account.activity.LoginMethodSwitchActivity has been adapted! 
06-18 13:45:54.757 D/AndroidAutoSize(18585): LoginMethodSwitchActivity Info: isBaseOnWidth = true, designWidthInDp = 1920.000000, designWidthInSubunits = 1920.000000, targetDensity = 1.000000, targetScaledDensity = 1.000000, targetDensityDpi = 160, targetXdpi = 1.000000, targetScreenWidthDp = 1920, targetScreenHeightDp = 1032
06-18 13:45:54.774 D/UiDevice(18531): Searching for node with selector: BySelector [RES='\Qtech.gtt.frontapp.stb.demo:id/account_login_tv2\E'].
06-18 13:45:54.775 W/QueryController(18531): Could not detect idle state.
06-18 13:45:54.790 D/AndroidAutoSize(18585): tech.gtt.frontapp.stb.m.account.activity.LoginMethodSwitchActivity used the global configuration.
06-18 13:45:54.790 D/AndroidAutoSize(18585): The tech.gtt.frontapp.stb.m.account.activity.LoginMethodSwitchActivity has been adapted! 
06-18 13:45:54.790 D/AndroidAutoSize(18585): LoginMethodSwitchActivity Info: isBaseOnWidth = true, designWidthInDp = 1920.000000, designWidthInSubunits = 1920.000000, targetDensity = 1.000000, targetScaledDensity = 1.000000, targetDensityDpi = 160, targetXdpi = 1.000000, targetScreenWidthDp = 1920, targetScreenHeightDp = 1032
06-18 13:45:54.793 W/WindowManager( 1936): Failed looking up window session=Session{4162d72 18585:u0a10058} callers=com.android.server.wm.WindowManagerService.windowForClientLocked:5850 com.android.server.wm.Session.updateRequestedVisibilities:640 android.view.IWindowSession$Stub.onTransact:1175 
06-18 13:45:54.803 D/gralloc_nox( 1767): gralloc_alloc: Creating ashmem region of size 8298496
06-18 13:45:54.828 D/gralloc_nox( 1767): gralloc_alloc: Creating ashmem region of size 8298496
06-18 13:45:54.840 D/ProcessState(18983): Binder ioctl to enable oneway spam detection failed: Invalid argument
06-18 13:45:54.852 D/gralloc_nox( 1767): gralloc_alloc: Creating ashmem region of size 8298496
06-18 13:45:54.912 E/libEGL  (18585): called unimplemented OpenGL ES API
06-18 13:45:54.928 I/ActivityTaskManager( 1936): Displayed tech.gtt.frontapp.stb.demo/tech.gtt.frontapp.stb.m.account.activity.LoginMethodSwitchActivity: +190ms
06-18 13:45:55.092 D/UiDevice(18531): Searching for node with selector: BySelector [RES='\Qtech.gtt.frontapp.stb.demo:id/account_login_tv2\E'].
06-18 13:45:55.093 W/QueryController(18531): Could not detect idle state.
06-18 13:45:55.123 D/UIAutomatorStub(18531): URI: /jsonrpc/0, Method: POST, params, {NanoHttpd.QUERY_STRING=null}, files: {postData={"jsonrpc": "2.0", "id": 1, "method": "objInfo", "params": [{"mask": 2097152, "childOrSibling": [], "childOrSiblingSelector": [], "resourceId": "tech.gtt.frontapp.stb.demo:id/account_login_tv2"}]}}
06-18 13:45:55.125 D/UiDevice(18531): Retrieving node with selector: BySelector [RES='\Qtech.gtt.frontapp.stb.demo:id/account_login_tv2\E'].
06-18 13:45:55.126 W/QueryController(18531): Could not detect idle state.
06-18 13:45:55.147 W/QueryController(18531): Could not detect idle state.
06-18 13:45:55.152 W/InputManager-JNI( 1936): Input channel object '49b8d42 tech.gtt.frontapp.stb.demo/tech.gtt.frontapp.stb.m.home.activity.LoadingActivity (client)' was disposed without first being removed with the input manager!
06-18 13:45:55.155 W/QueryController(18531): Could not detect idle state.
06-18 13:45:55.158 W/QueryController(18531): Could not detect idle state.
06-18 13:45:55.159 W/QueryController(18531): Could not detect idle state.
06-18 13:45:55.162 W/QueryController(18531): Could not detect idle state.
06-18 13:45:55.163 W/QueryController(18531): Could not detect idle state.
06-18 13:45:55.164 W/QueryController(18531): Could not detect idle state.
06-18 13:45:55.166 W/QueryController(18531): Could not detect idle state.
06-18 13:45:55.169 W/QueryController(18531): Could not detect idle state.
06-18 13:45:55.170 W/QueryController(18531): Could not detect idle state.
06-18 13:45:55.171 W/QueryController(18531): Could not detect idle state.
06-18 13:45:55.172 W/QueryController(18531): Could not detect idle state.
06-18 13:45:55.173 W/QueryController(18531): Could not detect idle state.
06-18 13:45:55.175 W/QueryController(18531): Could not detect idle state.
06-18 13:45:55.176 W/QueryController(18531): Could not detect idle state.
06-18 13:45:55.178 W/QueryController(18531): Could not detect idle state.
06-18 13:45:55.179 W/QueryController(18531): Could not detect idle state.
06-18 13:45:55.206 D/UIAutomatorStub(18531): URI: /jsonrpc/0, Method: POST, params, {NanoHttpd.QUERY_STRING=null}, files: {postData={"jsonrpc": "2.0", "id": 1, "method": "click", "params": [1390.0, 559.0]}}
06-18 13:45:55.337 I/ActivityTaskManager( 1936): START u0 {cmp=tech.gtt.frontapp.stb.demo/tech.gtt.frontapp.stb.m.account.activity.LoginActivity} from uid 10058
06-18 13:45:55.347 W/ActivityTaskManager( 1936): Tried to set launchTime (0) < mLastActivityLaunchTime (68451426)
06-18 13:45:55.357 D/AndroidAutoSize(18585): tech.gtt.frontapp.stb.m.account.activity.LoginActivity used the global configuration.
06-18 13:45:55.358 D/AndroidAutoSize(18585): The tech.gtt.frontapp.stb.m.account.activity.LoginActivity has been adapted! 
06-18 13:45:55.358 D/AndroidAutoSize(18585): LoginActivity Info: isBaseOnWidth = true, designWidthInDp = 1920.000000, designWidthInSubunits = 1920.000000, targetDensity = 1.000000, targetScaledDensity = 1.000000, targetDensityDpi = 160, targetXdpi = 1.000000, targetScreenWidthDp = 1920, targetScreenHeightDp = 1032
06-18 13:45:55.366 D/UIAutomatorStub(18531): URI: /jsonrpc/0, Method: POST, params, {NanoHttpd.QUERY_STRING=null}, files: {postData={"jsonrpc": "2.0", "id": 1, "method": "waitForExists", "params": [{"mask": 2097152, "childOrSibling": [], "childOrSiblingSelector": [], "resourceId": "tech.gtt.frontapp.stb.demo:id/loginf_et_username"}, 20000]}}
06-18 13:45:55.369 D/UiDevice(18531): Waiting 20000ms for SearchCondition[hasObject=BySelector [RES='\Qtech.gtt.frontapp.stb.demo:id/loginf_et_username\E']].
06-18 13:45:55.369 D/UiDevice(18531): Searching for node with selector: BySelector [RES='\Qtech.gtt.frontapp.stb.demo:id/loginf_et_username\E'].
06-18 13:45:55.369 W/QueryController(18531): Could not detect idle state.
06-18 13:45:55.418 D/AndroidAutoSize(18585): tech.gtt.frontapp.stb.m.account.activity.LoginActivity used the global configuration.
06-18 13:45:55.419 D/AndroidAutoSize(18585): The tech.gtt.frontapp.stb.m.account.activity.LoginActivity has been adapted! 
06-18 13:45:55.419 D/AndroidAutoSize(18585): LoginActivity Info: isBaseOnWidth = true, designWidthInDp = 1920.000000, designWidthInSubunits = 1920.000000, targetDensity = 1.000000, targetScaledDensity = 1.000000, targetDensityDpi = 160, targetXdpi = 1.000000, targetScreenWidthDp = 1920, targetScreenHeightDp = 1032
06-18 13:45:55.422 W/WindowManager( 1936): Failed looking up window session=Session{4162d72 18585:u0a10058} callers=com.android.server.wm.WindowManagerService.windowForClientLocked:5850 com.android.server.wm.Session.updateRequestedVisibilities:640 android.view.IWindowSession$Stub.onTransact:1175 
06-18 13:45:55.438 D/gralloc_nox( 1767): gralloc_alloc: Creating ashmem region of size 8298496
06-18 13:45:55.452 D/gralloc_nox( 1767): gralloc_alloc: Creating ashmem region of size 8298496
06-18 13:45:55.478 D/gralloc_nox( 1767): gralloc_alloc: Creating ashmem region of size 8298496
06-18 13:45:55.491 D/ProcessState(18995): Binder ioctl to enable oneway spam detection failed: Invalid argument
06-18 13:45:55.558 W/ByMatcher(18531): Node returned null child: android.view.accessibility.AccessibilityNodeInfo@115d0; boundsInParent: Rect(0, 0 - 1920, 1080); boundsInScreen: Rect(0, 0 - 1920, 1080); packageName: tech.gtt.frontapp.stb.demo; className: android.widget.RelativeLayout; text: null; error: null; maxTextLength: -1; stateDescription: null; contentDescription: null; tooltipText: null; viewIdResName: null; checkable: false; checked: false; focusable: false; focused: false; selected: false; clickable: false; longClickable: false; contextClickable: false; enabled: true; password: false; scrollable: false; importantForAccessibility: false; visible: true; actions: [AccessibilityAction: ACTION_SELECT - null, AccessibilityAction: ACTION_CLEAR_SELECTION - null, AccessibilityAction: ACTION_ACCESSIBILITY_FOCUS - null, AccessibilityAction: ACTION_SHOW_ON_SCREEN - null]
06-18 13:45:55.558 W/ByMatcher(18531): Skipping null child (2 of 3)
06-18 13:45:55.560 W/ByMatcher(18531): Node returned null child: android.view.accessibility.AccessibilityNodeInfo@800070a4; boundsInParent: Rect(0, 0 - 1920, 1080); boundsInScreen: Rect(0, 0 - 1920, 1080); packageName: tech.gtt.frontapp.stb.demo; className: android.widget.FrameLayout; text: null; error: null; maxTextLength: -1; stateDescription: null; contentDescription: null; tooltipText: null; viewIdResName: null; checkable: false; checked: false; focusable: false; focused: false; selected: false; clickable: false; longClickable: false; contextClickable: false; enabled: true; password: false; scrollable: false; importantForAccessibility: true; visible: true; actions: [AccessibilityAction: ACTION_SELECT - null, AccessibilityAction: ACTION_CLEAR_SELECTION - null, AccessibilityAction: ACTION_ACCESSIBILITY_FOCUS - null, AccessibilityAction: ACTION_SHOW_ON_SCREEN - null]
06-18 13:45:55.560 W/ByMatcher(18531): Skipping null child (0 of 1)
06-18 13:45:55.564 I/ActivityTaskManager( 1936): Displayed tech.gtt.frontapp.stb.demo/tech.gtt.frontapp.stb.m.account.activity.LoginActivity: +226ms
06-18 13:45:55.662 D/UiDevice(18531): Searching for node with selector: BySelector [RES='\Qtech.gtt.frontapp.stb.demo:id/loginf_et_username\E'].
06-18 13:45:55.663 W/QueryController(18531): Could not detect idle state.
06-18 13:45:55.696 D/UIAutomatorStub(18531): URI: /jsonrpc/0, Method: POST, params, {NanoHttpd.QUERY_STRING=null}, files: {postData={"jsonrpc": "2.0", "id": 1, "method": "objInfo", "params": [{"mask": 2097152, "childOrSibling": [], "childOrSiblingSelector": [], "resourceId": "tech.gtt.frontapp.stb.demo:id/loginf_et_username"}]}}
06-18 13:45:55.696 D/UiDevice(18531): Retrieving node with selector: BySelector [RES='\Qtech.gtt.frontapp.stb.demo:id/loginf_et_username\E'].
06-18 13:45:55.697 W/QueryController(18531): Could not detect idle state.
06-18 13:45:55.700 W/QueryController(18531): Could not detect idle state.
06-18 13:45:55.703 W/QueryController(18531): Could not detect idle state.
06-18 13:45:55.704 W/QueryController(18531): Could not detect idle state.
06-18 13:45:55.705 W/QueryController(18531): Could not detect idle state.
06-18 13:45:55.706 W/QueryController(18531): Could not detect idle state.
06-18 13:45:55.707 W/QueryController(18531): Could not detect idle state.
06-18 13:45:55.709 W/QueryController(18531): Could not detect idle state.
06-18 13:45:55.710 W/QueryController(18531): Could not detect idle state.
06-18 13:45:55.712 W/QueryController(18531): Could not detect idle state.
06-18 13:45:55.713 W/QueryController(18531): Could not detect idle state.
06-18 13:45:55.713 W/QueryController(18531): Could not detect idle state.
06-18 13:45:55.714 W/QueryController(18531): Could not detect idle state.
06-18 13:45:55.715 W/QueryController(18531): Could not detect idle state.
06-18 13:45:55.715 W/QueryController(18531): Could not detect idle state.
06-18 13:45:55.719 W/QueryController(18531): Could not detect idle state.
06-18 13:45:55.720 W/QueryController(18531): Could not detect idle state.
06-18 13:45:55.721 W/QueryController(18531): Could not detect idle state.
06-18 13:45:55.751 D/UIAutomatorStub(18531): URI: /jsonrpc/0, Method: POST, params, {NanoHttpd.QUERY_STRING=null}, files: {postData={"jsonrpc": "2.0", "id": 1, "method": "click", "params": [1057.0, 437.0]}}
06-18 13:45:55.822 W/SurfaceFlinger( 1779): couldn't log to binary event log: overflow.
06-18 13:45:55.931 D/CompatibilityChangeReporter(18585): Compat change id reported: 163400105; UID 10058; state: ENABLED
06-18 13:45:55.931 D/InputMethodManager(18585): showSoftInput() view=tech.gtt.frontapp.stb.c.ui.edittext.EmailAutoCompleteTextView{b2e5e7d VFED..CL. .F.P..ID 0,0-700,92 #7f0b02ce app:id/loginf_et_username aid=1073741824} flags=0 reason=SHOW_SOFT_INPUT
06-18 13:45:55.932 V/InputMethodService( 3034): onEvaluateInputViewShown: config.hardKeyboardHidden = 2
06-18 13:45:55.932 V/InputMethodService( 3034): onEvaluateInputViewShown: config.hardKeyboardHidden = 2
06-18 13:45:55.932 I/AdbKeyboard( 3034): imeAction: 5 Next
06-18 13:45:55.941 D/gralloc_nox( 1767): gralloc_alloc: Creating ashmem region of size 647168
06-18 13:45:55.999 D/gralloc_nox( 1767): gralloc_alloc: Creating ashmem region of size 647168
06-18 13:45:56.001 D/UIAutomatorStub(18531): URI: /jsonrpc/0, Method: POST, params, {NanoHttpd.QUERY_STRING=null}, files: {postData={"jsonrpc": "2.0", "id": 1, "method": "waitForExists", "params": [{"mask": 2097152, "childOrSibling": [], "childOrSiblingSelector": [], "resourceId": "tech.gtt.frontapp.stb.demo:id/loginf_et_username"}, 20000]}}
06-18 13:45:56.001 D/gralloc_nox( 1767): gralloc_alloc: Creating ashmem region of size 647168
06-18 13:45:56.002 D/UiDevice(18531): Waiting 20000ms for SearchCondition[hasObject=BySelector [RES='\Qtech.gtt.frontapp.stb.demo:id/loginf_et_username\E']].
06-18 13:45:56.002 D/UiDevice(18531): Searching for node with selector: BySelector [RES='\Qtech.gtt.frontapp.stb.demo:id/loginf_et_username\E'].
06-18 13:45:56.003 W/QueryController(18531): Could not detect idle state.
06-18 13:45:56.010 D/InsetsController(18585): show(ime(), fromIme=true)
06-18 13:45:56.019 D/ProcessState(19004): Binder ioctl to enable oneway spam detection failed: Invalid argument
06-18 13:45:56.050 D/UIAutomatorStub(18531): URI: /jsonrpc/0, Method: POST, params, {NanoHttpd.QUERY_STRING=null}, files: {postData={"jsonrpc": "2.0", "id": 1, "method": "setText", "params": [{"mask": 2097152, "childOrSibling": [], "childOrSiblingSelector": [], "resourceId": "tech.gtt.frontapp.stb.demo:id/loginf_et_username"}, "0609@ipwangxin.cn"]}}
06-18 13:45:56.052 D/UiDevice(18531): Retrieving node with selector: BySelector [RES='\Qtech.gtt.frontapp.stb.demo:id/loginf_et_username\E'].
06-18 13:45:56.052 W/QueryController(18531): Could not detect idle state.
06-18 13:45:56.055 W/QueryController(18531): Could not detect idle state.
06-18 13:45:56.058 D/UiObject2(18531): Clicking on (1057, 437).
06-18 13:45:56.089 D/InputMethodManager(18585): showSoftInput() view=tech.gtt.frontapp.stb.c.ui.edittext.EmailAutoCompleteTextView{b2e5e7d VFED..CL. .F.P.... 0,0-700,92 #7f0b02ce app:id/loginf_et_username aid=1073741824} flags=0 reason=SHOW_SOFT_INPUT
06-18 13:45:56.090 V/InputMethodService( 3034): onEvaluateInputViewShown: config.hardKeyboardHidden = 2
06-18 13:45:56.090 V/InputMethodService( 3034): onEvaluateInputViewShown: config.hardKeyboardHidden = 2
06-18 13:45:56.093 D/InsetsController(18585): show(ime(), fromIme=true)
06-18 13:45:56.117 W/GestureController(18531): Gestures took longer than expected (57ms >> 16ms), device might be in a busy state.
06-18 13:45:56.117 D/UiDevice(18531): Retrieving node with selector: BySelector [RES='\Qtech.gtt.frontapp.stb.demo:id/loginf_et_username\E'].
06-18 13:45:56.118 W/QueryController(18531): Could not detect idle state.
06-18 13:45:56.128 W/QueryController(18531): Could not detect idle state.
06-18 13:45:56.129 D/UiObject2(18531): Setting text to '0609@ipwangxin.cn'.
06-18 13:45:56.135 I/AdbKeyboard( 3034): imeAction: 5 Next
06-18 13:45:56.135 V/InputMethodService( 3034): onEvaluateInputViewShown: config.hardKeyboardHidden = 2
06-18 13:45:56.135 V/InputMethodService( 3034): onEvaluateInputViewShown: config.hardKeyboardHidden = 2
06-18 13:45:56.188 D/InsetsController(18585): show(ime(), fromIme=true)
06-18 13:45:56.189 D/UIAutomatorStub(18531): URI: /jsonrpc/0, Method: POST, params, {NanoHttpd.QUERY_STRING=null}, files: {postData={"jsonrpc": "2.0", "id": 1, "method": "waitForExists", "params": [{"mask": 2097152, "childOrSibling": [], "childOrSiblingSelector": [], "resourceId": "tech.gtt.frontapp.stb.demo:id/et_pwd"}, 20000]}}
06-18 13:45:56.190 D/UiDevice(18531): Waiting 20000ms for SearchCondition[hasObject=BySelector [RES='\Qtech.gtt.frontapp.stb.demo:id/et_pwd\E']].
06-18 13:45:56.191 D/UiDevice(18531): Searching for node with selector: BySelector [RES='\Qtech.gtt.frontapp.stb.demo:id/et_pwd\E'].
06-18 13:45:56.191 W/QueryController(18531): Could not detect idle state.
06-18 13:45:56.222 D/UIAutomatorStub(18531): URI: /jsonrpc/0, Method: POST, params, {NanoHttpd.QUERY_STRING=null}, files: {postData={"jsonrpc": "2.0", "id": 1, "method": "objInfo", "params": [{"mask": 2097152, "childOrSibling": [], "childOrSiblingSelector": [], "resourceId": "tech.gtt.frontapp.stb.demo:id/et_pwd"}]}}
06-18 13:45:56.223 D/UiDevice(18531): Retrieving node with selector: BySelector [RES='\Qtech.gtt.frontapp.stb.demo:id/et_pwd\E'].
06-18 13:45:56.224 W/QueryController(18531): Could not detect idle state.
06-18 13:45:56.227 W/QueryController(18531): Could not detect idle state.
06-18 13:45:56.229 W/QueryController(18531): Could not detect idle state.
06-18 13:45:56.230 W/QueryController(18531): Could not detect idle state.
06-18 13:45:56.230 W/QueryController(18531): Could not detect idle state.
06-18 13:45:56.231 W/QueryController(18531): Could not detect idle state.
06-18 13:45:56.232 W/QueryController(18531): Could not detect idle state.
06-18 13:45:56.234 W/QueryController(18531): Could not detect idle state.
06-18 13:45:56.235 W/QueryController(18531): Could not detect idle state.
06-18 13:45:56.236 W/QueryController(18531): Could not detect idle state.
06-18 13:45:56.236 W/QueryController(18531): Could not detect idle state.
06-18 13:45:56.237 W/QueryController(18531): Could not detect idle state.
06-18 13:45:56.238 W/QueryController(18531): Could not detect idle state.
06-18 13:45:56.238 W/QueryController(18531): Could not detect idle state.
06-18 13:45:56.239 W/QueryController(18531): Could not detect idle state.
06-18 13:45:56.240 W/QueryController(18531): Could not detect idle state.
06-18 13:45:56.241 W/QueryController(18531): Could not detect idle state.
06-18 13:45:56.241 W/QueryController(18531): Could not detect idle state.
06-18 13:45:56.263 W/NotificationHistory( 1936): Attempted to add notif for locked/gone/disabled user 0
06-18 13:45:56.268 D/InterruptionStateProvider( 2106): No bubble up: not allowed to bubble: -1|android|8|null|1000
06-18 13:45:56.268 D/InterruptionStateProvider( 2106): No heads up: unimportant notification: -1|android|8|null|1000
06-18 13:45:56.268 D/PeopleSpaceWidgetMgr( 2106): Sbn doesn't contain valid PeopleTileKey: null/-1/android
06-18 13:45:56.268 D/UIAutomatorStub(18531): URI: /jsonrpc/0, Method: POST, params, {NanoHttpd.QUERY_STRING=null}, files: {postData={"jsonrpc": "2.0", "id": 1, "method": "click", "params": [1057.0, 559.0]}}
06-18 13:45:56.307 D/InterruptionStateProvider( 2106): No bubble up: not allowed to bubble: -1|android|8|null|1000
06-18 13:45:56.307 D/InterruptionStateProvider( 2106): No heads up: unimportant notification: -1|android|8|null|1000
06-18 13:45:56.311 D/PeopleSpaceWidgetMgr( 2106): Sbn doesn't contain valid PeopleTileKey: null/-1/android
06-18 13:45:56.362 D/InterruptionStateProvider( 2106): No bubble up: not allowed to bubble: -1|android|8|null|1000
06-18 13:45:56.362 D/InterruptionStateProvider( 2106): No heads up: unimportant notification: -1|android|8|null|1000
06-18 13:45:56.366 D/PeopleSpaceWidgetMgr( 2106): Sbn doesn't contain valid PeopleTileKey: null/-1/android
06-18 13:45:56.379 I/AdbKeyboard( 3034): imeAction: 5 Next
06-18 13:45:56.379 V/InputMethodService( 3034): onEvaluateInputViewShown: config.hardKeyboardHidden = 2
06-18 13:45:56.379 V/InputMethodService( 3034): onEvaluateInputViewShown: config.hardKeyboardHidden = 2
06-18 13:45:56.379 D/InputMethodManager(18585): showSoftInput() view=tech.gtt.frontapp.stb.c.ui.edittext.NormalFocusEditText{ec17f1f VFED..CL. .F.P..ID 0,0-700,92 #7f0b0172 app:id/et_pwd aid=1073741826} flags=0 reason=SHOW_SOFT_INPUT
06-18 13:45:56.380 V/InputMethodService( 3034): onEvaluateInputViewShown: config.hardKeyboardHidden = 2
06-18 13:45:56.380 V/InputMethodService( 3034): onEvaluateInputViewShown: config.hardKeyboardHidden = 2
06-18 13:45:56.392 D/InsetsController(18585): show(ime(), fromIme=true)
06-18 13:45:56.392 D/InsetsController(18585): show(ime(), fromIme=true)
06-18 13:45:56.424 D/UIAutomatorStub(18531): URI: /jsonrpc/0, Method: POST, params, {NanoHttpd.QUERY_STRING=null}, files: {postData={"jsonrpc": "2.0", "id": 1, "method": "waitForExists", "params": [{"mask": 2097152, "childOrSibling": [], "childOrSiblingSelector": [], "resourceId": "tech.gtt.frontapp.stb.demo:id/et_pwd"}, 20000]}}
06-18 13:45:56.425 D/UiDevice(18531): Waiting 20000ms for SearchCondition[hasObject=BySelector [RES='\Qtech.gtt.frontapp.stb.demo:id/et_pwd\E']].
06-18 13:45:56.426 D/UiDevice(18531): Searching for node with selector: BySelector [RES='\Qtech.gtt.frontapp.stb.demo:id/et_pwd\E'].
06-18 13:45:56.426 W/QueryController(18531): Could not detect idle state.
06-18 13:45:56.459 D/UIAutomatorStub(18531): URI: /jsonrpc/0, Method: POST, params, {NanoHttpd.QUERY_STRING=null}, files: {postData={"jsonrpc": "2.0", "id": 1, "method": "setText", "params": [{"mask": 2097152, "childOrSibling": [], "childOrSiblingSelector": [], "resourceId": "tech.gtt.frontapp.stb.demo:id/et_pwd"}, "123456"]}}
06-18 13:45:56.460 D/UiDevice(18531): Retrieving node with selector: BySelector [RES='\Qtech.gtt.frontapp.stb.demo:id/et_pwd\E'].
06-18 13:45:56.461 W/QueryController(18531): Could not detect idle state.
06-18 13:45:56.464 W/QueryController(18531): Could not detect idle state.
06-18 13:45:56.465 D/UiObject2(18531): Clicking on (1057, 559).
06-18 13:45:56.483 D/InputMethodManager(18585): showSoftInput() view=tech.gtt.frontapp.stb.c.ui.edittext.NormalFocusEditText{ec17f1f VFED..CL. .F.P.... 0,0-700,92 #7f0b0172 app:id/et_pwd aid=1073741826} flags=0 reason=SHOW_SOFT_INPUT
06-18 13:45:56.486 V/InputMethodService( 3034): onEvaluateInputViewShown: config.hardKeyboardHidden = 2
06-18 13:45:56.486 V/InputMethodService( 3034): onEvaluateInputViewShown: config.hardKeyboardHidden = 2
06-18 13:45:56.487 D/InsetsController(18585): show(ime(), fromIme=true)
06-18 13:45:56.498 W/GestureController(18531): Gestures took longer than expected (32ms >> 16ms), device might be in a busy state.
06-18 13:45:56.498 D/UiDevice(18531): Retrieving node with selector: BySelector [RES='\Qtech.gtt.frontapp.stb.demo:id/et_pwd\E'].
06-18 13:45:56.499 W/QueryController(18531): Could not detect idle state.
06-18 13:45:56.504 W/QueryController(18531): Could not detect idle state.
06-18 13:45:56.505 D/UiObject2(18531): Setting text to '123456'.
06-18 13:45:56.509 I/AdbKeyboard( 3034): imeAction: 5 Next
06-18 13:45:56.509 V/InputMethodService( 3034): onEvaluateInputViewShown: config.hardKeyboardHidden = 2
06-18 13:45:56.509 V/InputMethodService( 3034): onEvaluateInputViewShown: config.hardKeyboardHidden = 2
06-18 13:45:56.519 D/UIAutomatorStub(18531): URI: /jsonrpc/0, Method: POST, params, {NanoHttpd.QUERY_STRING=null}, files: {postData={"jsonrpc": "2.0", "id": 1, "method": "waitForExists", "params": [{"mask": 2097152, "childOrSibling": [], "childOrSiblingSelector": [], "resourceId": "tech.gtt.frontapp.stb.demo:id/remember_pwd_cb"}, 20000]}}
06-18 13:45:56.519 D/UiDevice(18531): Waiting 20000ms for SearchCondition[hasObject=BySelector [RES='\Qtech.gtt.frontapp.stb.demo:id/remember_pwd_cb\E']].
06-18 13:45:56.520 D/UiDevice(18531): Searching for node with selector: BySelector [RES='\Qtech.gtt.frontapp.stb.demo:id/remember_pwd_cb\E'].
06-18 13:45:56.520 W/QueryController(18531): Could not detect idle state.
06-18 13:45:56.524 D/InsetsController(18585): show(ime(), fromIme=true)
06-18 13:45:56.551 D/UIAutomatorStub(18531): URI: /jsonrpc/0, Method: POST, params, {NanoHttpd.QUERY_STRING=null}, files: {postData={"jsonrpc": "2.0", "id": 1, "method": "objInfo", "params": [{"mask": 2097152, "childOrSibling": [], "childOrSiblingSelector": [], "resourceId": "tech.gtt.frontapp.stb.demo:id/remember_pwd_cb"}]}}
06-18 13:45:56.552 D/UiDevice(18531): Retrieving node with selector: BySelector [RES='\Qtech.gtt.frontapp.stb.demo:id/remember_pwd_cb\E'].
06-18 13:45:56.552 W/QueryController(18531): Could not detect idle state.
06-18 13:45:56.556 W/QueryController(18531): Could not detect idle state.
06-18 13:45:56.556 W/QueryController(18531): Could not detect idle state.
06-18 13:45:56.557 W/QueryController(18531): Could not detect idle state.
06-18 13:45:56.558 W/QueryController(18531): Could not detect idle state.
06-18 13:45:56.559 W/QueryController(18531): Could not detect idle state.
06-18 13:45:56.560 W/QueryController(18531): Could not detect idle state.
06-18 13:45:56.560 W/QueryController(18531): Could not detect idle state.
06-18 13:45:56.561 W/QueryController(18531): Could not detect idle state.
06-18 13:45:56.561 W/QueryController(18531): Could not detect idle state.
06-18 13:45:56.562 W/QueryController(18531): Could not detect idle state.
06-18 13:45:56.562 W/QueryController(18531): Could not detect idle state.
06-18 13:45:56.563 W/QueryController(18531): Could not detect idle state.
06-18 13:45:56.563 W/QueryController(18531): Could not detect idle state.
06-18 13:45:56.564 W/QueryController(18531): Could not detect idle state.
06-18 13:45:56.564 W/QueryController(18531): Could not detect idle state.
06-18 13:45:56.565 W/QueryController(18531): Could not detect idle state.
06-18 13:45:56.567 W/QueryController(18531): Could not detect idle state.
06-18 13:45:56.585 D/InterruptionStateProvider( 2106): No bubble up: not allowed to bubble: -1|android|8|null|1000
06-18 13:45:56.586 D/InterruptionStateProvider( 2106): No heads up: unimportant notification: -1|android|8|null|1000
06-18 13:45:56.589 D/PeopleSpaceWidgetMgr( 2106): Sbn doesn't contain valid PeopleTileKey: null/-1/android
06-18 13:45:56.589 D/UIAutomatorStub(18531): URI: /jsonrpc/0, Method: POST, params, {NanoHttpd.QUERY_STRING=null}, files: {postData={"jsonrpc": "2.0", "id": 1, "method": "click", "params": [729.0, 656.0]}}
06-18 13:45:56.592 D/InterruptionStateProvider( 2106): No bubble up: not allowed to bubble: -1|android|8|null|1000
06-18 13:45:56.593 D/InterruptionStateProvider( 2106): No heads up: unimportant notification: -1|android|8|null|1000
06-18 13:45:56.596 D/PeopleSpaceWidgetMgr( 2106): Sbn doesn't contain valid PeopleTileKey: null/-1/android
06-18 13:45:56.637 E/libEGL  (18585): called unimplemented OpenGL ES API
06-18 13:45:56.693 D/InterruptionStateProvider( 2106): No bubble up: not allowed to bubble: -1|android|8|null|1000
06-18 13:45:56.693 D/InterruptionStateProvider( 2106): No heads up: unimportant notification: -1|android|8|null|1000
06-18 13:45:56.701 D/PeopleSpaceWidgetMgr( 2106): Sbn doesn't contain valid PeopleTileKey: null/-1/android
06-18 13:45:56.725 D/InterruptionStateProvider( 2106): No bubble up: not allowed to bubble: -1|android|8|null|1000
06-18 13:45:56.726 D/InterruptionStateProvider( 2106): No heads up: unimportant notification: -1|android|8|null|1000
06-18 13:45:56.738 D/PeopleSpaceWidgetMgr( 2106): Sbn doesn't contain valid PeopleTileKey: null/-1/android
06-18 13:45:56.763 D/ProcessState(19020): Binder ioctl to enable oneway spam detection failed: Invalid argument
06-18 13:45:56.792 D/ProcessState(19023): Binder ioctl to enable oneway spam detection failed: Invalid argument
06-18 13:45:56.815 D/UIAutomatorStub(18531): URI: /jsonrpc/0, Method: POST, params, {NanoHttpd.QUERY_STRING=null}, files: {postData={"jsonrpc": "2.0", "id": 1, "method": "click", "params": [1105, 761]}}
06-18 13:45:56.928 V/GSK-Account:AccountManager(18585): disableSavePwd=false
06-18 13:45:56.929 V/GSK-Account:EmailOrPhoneLoginStrategy(18585): disableSavePwd=false
06-18 13:45:56.938 E/ActivityThread(18585): Failed to find provider info for com.uv.droid.uotaback.storage.provider
06-18 13:45:56.939 E/ActivityThread(18585): Failed to find provider info for com.uv.droid.booster.vod.provider
06-18 13:45:56.940 E/ontapp.stb.dem(18585): No implementation found for java.lang.String os.SystemPropertiesKt.native_get(java.lang.String) (tried Java_os_SystemPropertiesKt_native_1get and Java_os_SystemPropertiesKt_native_1get__Ljava_lang_String_2)
06-18 13:45:56.943 V/GSK-Account:AccountManager(18585): isLoggedIn=false
06-18 13:45:56.946 V/GSK-APIS(18585): =======================NEW REQUEST=========================
06-18 13:45:56.946 V/GSK-APIS(18585): Request:	/api/enduser/account/user/login/v1	POST
06-18 13:45:56.946 V/GSK-APIS(18585): RequestIdentify:	91b79fae
06-18 13:45:56.946 V/GSK-APIS(18585): 
06-18 13:45:56.946 V/GSK-APIS(18585): RequestHeaders in a readable format:
06-18 13:45:56.946 V/GSK-APIS(18585): X-App-Id: db589110cb7457cd607739664dc44e61c217d77681427dacfe2f262f1927cd8f
06-18 13:45:56.946 V/GSK-APIS(18585): X-Source-Id: 30006401-31002837
06-18 13:45:56.946 V/GSK-APIS(18585): X-Version-Code: 7
06-18 13:45:56.946 V/GSK-APIS(18585): X-Brand-Id: 66d009603c38ec6574e5b77ce48fb7070a3f7ed622c465b05fc56110bd72fc65
06-18 13:45:56.946 V/GSK-APIS(18585): X-Version-Seq: 1
06-18 13:45:56.946 V/GSK-APIS(18585): X-App-Type-Text: STB
06-18 13:45:56.946 V/GSK-APIS(18585): Accept-Language: en
06-18 13:45:56.946 V/GSK-APIS(18585): 
06-18 13:45:56.946 V/GSK-APIS(18585): 
06-18 13:45:56.946 V/GSK-APIS(18585): RequestParams in Json Format:
