--------- beginning of main
06-18 13:45:43.474 D/ProcessState(18557): Binder ioctl to enable oneway spam detection failed: Invalid argument
--------- beginning of system
06-18 13:45:43.475 I/ActivityManager( 1936): Force stopping tech.gtt.frontapp.stb.demo appid=10058 user=0: clear data
06-18 13:45:43.476 I/ActivityManager( 1936): Force stopping tech.gtt.frontapp.stb.demo appid=10058 user=-1: clearApplicationUserData
06-18 13:45:43.499 I/MediaProvider( 2560): Begin Intent { act=android.intent.action.PACKAGE_DATA_CLEARED dat=package:tech.gtt.frontapp.stb.demo flg=0x1000010 cmp=com.android.providers.media.module/com.android.providers.media.MediaService (has extras) }
06-18 13:45:43.500 D/MediaProvider( 2560): Deleted 0 Android/media items belonging to tech.gtt.frontapp.stb.demo on /data/user/0/com.android.providers.media.module/databases/external.db
06-18 13:45:43.500 I/MediaProvider( 2560): End Intent { act=android.intent.action.PACKAGE_DATA_CLEARED dat=package:tech.gtt.frontapp.stb.demo flg=0x1000010 cmp=com.android.providers.media.module/com.android.providers.media.MediaService (has extras) }
06-18 13:45:43.555 D/AndroidRuntime(18571): >>>>>> START com.android.internal.os.RuntimeInit uid 0 <<<<<<
06-18 13:45:43.557 I/AndroidRuntime(18571): Using default boot image
06-18 13:45:43.557 I/AndroidRuntime(18571): Leaving lock profiling enabled
06-18 13:45:43.558 W/app_process(18571): ART APEX data files are untrusted.
06-18 13:45:43.558 I/app_process(18571): Core platform API reporting enabled, enforcing=false
06-18 13:45:43.591 D/app_process(18571): Time zone APEX ICU file found: /apex/com.android.tzdata/etc/icu/icu_tzdata.dat
06-18 13:45:43.591 D/app_process(18571): I18n APEX ICU file found: /apex/com.android.i18n/etc/icu/icudt68l.dat
06-18 13:45:43.594 W/app_process(18571): Unexpected CPU variant for X86 using defaults: x86_64
06-18 13:45:43.608 D/ProcessState(18571): Binder ioctl to enable oneway spam detection failed: Invalid argument
06-18 13:45:43.608 D/AndroidRuntime(18571): Calling main entry com.android.commands.monkey.Monkey
06-18 13:45:43.608 W/Monkey  (18571): args: [-p, tech.gtt.frontapp.stb.demo, -c, android.intent.category.LAUNCHER, 1]
06-18 13:45:43.608 W/Monkey  (18571):  arg: "-p"
06-18 13:45:43.608 W/Monkey  (18571):  arg: "tech.gtt.frontapp.stb.demo"
06-18 13:45:43.609 W/Monkey  (18571):  arg: "-c"
06-18 13:45:43.609 W/Monkey  (18571):  arg: "android.intent.category.LAUNCHER"
06-18 13:45:43.609 W/Monkey  (18571):  arg: "1"
06-18 13:45:43.609 W/Monkey  (18571): data="tech.gtt.frontapp.stb.demo"
06-18 13:45:43.609 W/Monkey  (18571): data="android.intent.category.LAUNCHER"
06-18 13:45:43.637 W/BroadcastQueue( 1936): Skipping deliver [background] BroadcastRecord{a64b074 u-1 android.net.conn.CONNECTIVITY_CHANGE} to ReceiverList{85aa99d 18571 (unknown name)/0/u-1 remote:72eaf86}: process gone or crashing
06-18 13:45:43.641 I/ActivityTaskManager( 1936): START u0 {act=android.intent.action.MAIN cat=[android.intent.category.LAUNCHER] flg=0x10200000 cmp=tech.gtt.frontapp.stb.demo/tech.gtt.frontapp.stb.m.home.activity.SplashActivity} from uid 0
06-18 13:45:43.641 W/ActivityTaskManager( 1936): Can't find TaskDisplayArea to determine support for multi window. Task id=33 attached=false
06-18 13:45:43.649 D/CompatibilityChangeReporter( 1936): Compat change id reported: 135634846; UID 10058; state: DISABLED
06-18 13:45:43.650 D/CompatibilityChangeReporter( 1936): Compat change id reported: 143937733; UID 10058; state: ENABLED
06-18 13:45:43.652 D/Zygote  ( 1756): Forked child process 18585
06-18 13:45:43.652 I/ActivityManager( 1936): Start proc 18585:tech.gtt.frontapp.stb.demo/u0a58 for pre-top-activity {tech.gtt.frontapp.stb.demo/tech.gtt.frontapp.stb.m.home.activity.SplashActivity}
06-18 13:45:43.653 I/Monkey  (18571): Events injected: 1
06-18 13:45:43.663 I/Monkey  (18571): ## Network stats: elapsed time=18ms (0ms mobile, 0ms wifi, 18ms not connected)
06-18 13:45:43.664 D/gralloc_nox( 1767): gralloc_alloc: Creating ashmem region of size 8298496
06-18 13:45:43.690 I/app_process(18571): System.exit called, status: 0
06-18 13:45:43.690 I/AndroidRuntime(18571): VM exiting with result code 0.
06-18 13:45:43.691 I/Zygote  (18585): seccomp disabled by setenforce 0
06-18 13:45:43.697 W/ontapp.stb.dem(18585): Unexpected CPU variant for X86 using defaults: x86_64
06-18 13:45:43.713 D/ProcessState(18585): Binder ioctl to enable oneway spam detection failed: Invalid argument
06-18 13:45:43.714 D/gralloc_nox( 1767): gralloc_alloc: Creating ashmem region of size 8298496
06-18 13:45:43.739 E/ashmem  (18585): memfd: ro.vndk.version not defined or invalid (), this is mandated since P.
06-18 13:45:43.741 D/CompatibilityChangeReporter(18585): Compat change id reported: 171979766; UID 10058; state: ENABLED
06-18 13:45:43.760 D/gralloc_nox( 1767): gralloc_alloc: Creating ashmem region of size 8298496
06-18 13:45:43.788 V/GraphicsEnvironment(18585): ANGLE Developer option for 'tech.gtt.frontapp.stb.demo' set to: 'default'
06-18 13:45:43.788 V/GraphicsEnvironment(18585): ANGLE GameManagerService for tech.gtt.frontapp.stb.demo: false
06-18 13:45:43.788 V/GraphicsEnvironment(18585): Neither updatable production driver nor prerelease driver is supported.
06-18 13:45:43.800 D/NetworkSecurityConfig(18585): Using Network Security Config from resource network_security_config debugBuild: false
06-18 13:45:43.801 D/NetworkSecurityConfig(18585): Using Network Security Config from resource network_security_config debugBuild: false
06-18 13:45:43.804 I/MultiDex(18585): VM with version 2.1.0 has multidex support
06-18 13:45:43.804 I/MultiDex(18585): Installing application
06-18 13:45:43.804 I/MultiDex(18585): VM has multidex support, MultiDex support library is disabled.
06-18 13:45:43.806 E/[Package](18585): params: AppConfiguration(vnoId='11026504', brandId='d0k7d3p3kdikth2o3q6g', appId='d0jucrbq6bt4h33c0ma0', sourceId='30006401-31002837', authServers='https://gtt-app-apigateway-lion.vdemosit.com', shareKey='S2kQMgUSugYyMlk5QclHDaF0uDsFnB0oJoFeAFgsKb8=', packageName='tech.gtt.frontapp.stb.demo', appName='Goose TV', appVersionName='v1.0.0', appVersionCode='7', pluginVersionCode='1', pluginVersionName='6.0.0-beta-build5', packageSeq='1', buglyAppId='d76a04165f', buglyKey='13b89b2d-1c12-4c4f-93b8-46e3c2ef9f73', baseVersionCode='20000066', gitTag='2.1.4-beta6', supportLang='en,pt,es', defaultLang='en', bootLoadType='1')
06-18 13:45:43.806 W/System.err(18585): java.lang.ClassNotFoundException: tech.gtt.frontapp.stb.docker.plugin.PluginUtils
06-18 13:45:43.806 W/System.err(18585): 	at java.lang.Class.classForName(Native Method)
06-18 13:45:43.806 W/System.err(18585): 	at java.lang.Class.forName(Class.java:454)
06-18 13:45:43.806 W/System.err(18585): 	at java.lang.Class.forName(Class.java:379)
06-18 13:45:43.806 W/System.err(18585): 	at ot.e.b(SourceFile:3)
06-18 13:45:43.806 W/System.err(18585): 	at tech.gtt.frontapp.stb.app.MainApplication.attachBaseContext(SourceFile:130)
06-18 13:45:43.806 W/System.err(18585): 	at android.app.Application.attach(Application.java:338)
06-18 13:45:43.806 W/System.err(18585): 	at android.app.Instrumentation.newApplication(Instrumentation.java:1190)
06-18 13:45:43.806 W/System.err(18585): 	at android.app.LoadedApk.makeApplication(LoadedApk.java:1361)
06-18 13:45:43.806 W/System.err(18585): 	at android.app.ActivityThread.handleBindApplication(ActivityThread.java:6728)
06-18 13:45:43.806 W/System.err(18585): 	at android.app.ActivityThread.access$1500(ActivityThread.java:256)
06-18 13:45:43.806 W/System.err(18585): 	at android.app.ActivityThread$H.handleMessage(ActivityThread.java:2091)
06-18 13:45:43.806 W/System.err(18585): 	at android.os.Handler.dispatchMessage(Handler.java:106)
06-18 13:45:43.806 W/System.err(18585): 	at android.os.Looper.loopOnce(Looper.java:201)
06-18 13:45:43.806 W/System.err(18585): 	at android.os.Looper.loop(Looper.java:288)
06-18 13:45:43.806 W/System.err(18585): 	at android.app.ActivityThread.main(ActivityThread.java:7875)
06-18 13:45:43.806 W/System.err(18585): 	at java.lang.reflect.Method.invoke(Native Method)
06-18 13:45:43.806 W/System.err(18585): 	at com.android.internal.os.RuntimeInit$MethodAndArgsCaller.run(RuntimeInit.java:568)
06-18 13:45:43.806 W/System.err(18585): 	at com.android.internal.os.ZygoteInit.main(ZygoteInit.java:1005)
06-18 13:45:43.806 W/System.err(18585): Caused by: java.lang.ClassNotFoundException: tech.gtt.frontapp.stb.docker.plugin.PluginUtils
06-18 13:45:43.806 W/System.err(18585): 	... 18 more
06-18 13:45:43.807 E/[Package](18585): isInPluginMode: false
06-18 13:45:43.809 I/CustomActivityOnCrash(18585): CustomActivityOnCrash has been installed.
06-18 13:45:43.810 I/System.out(18585): Modular_Init : a - initialize
06-18 13:45:43.812 I/System.out(18585): Modular_Init : d - initialize
06-18 13:45:43.813 I/System.out(18585): Modular_Init : a - initialize
06-18 13:45:43.813 I/System.out(18585): Modular_Init : a - initialize
06-18 13:45:43.813 D/[CatchupInitModule](18585): init---
06-18 13:45:43.813 I/System.out(18585): Modular_Init : a - initialize
06-18 13:45:43.813 D/[ReplayInitialize](18585): init---
06-18 13:45:43.813 I/System.out(18585): Modular_Init : a - initialize
06-18 13:45:43.813 D/[LiveInitialize](18585): init---
06-18 13:45:43.813 I/System.out(18585): Modular_Init : b - initialize
06-18 13:45:43.814 D/AndroidAutoSize(18585): designWidthInDp = 360, designHeightInDp = 640, screenWidth = 1920, screenHeight = 1080
06-18 13:45:43.814 D/AndroidAutoSize(18585): initDensity = 2.0, initScaledDensity = 2.0
06-18 13:45:43.889 D/AndroidAutoSize(18585): tech.gtt.frontapp.stb.m.home.activity.SplashActivity used the global configuration.
06-18 13:45:43.896 D/AndroidAutoSize(18585): The tech.gtt.frontapp.stb.m.home.activity.SplashActivity has been adapted! 
06-18 13:45:43.896 D/AndroidAutoSize(18585): SplashActivity Info: isBaseOnWidth = true, designWidthInDp = 1920.000000, designWidthInSubunits = 1920.000000, targetDensity = 1.000000, targetScaledDensity = 1.000000, targetDensityDpi = 160, targetXdpi = 1.000000, targetScreenWidthDp = 1920, targetScreenHeightDp = 1032
06-18 13:45:43.949 D/AndroidAutoSize(18585): tech.gtt.frontapp.stb.m.home.activity.SplashActivity used the global configuration.
06-18 13:45:43.949 D/AndroidAutoSize(18585): The tech.gtt.frontapp.stb.m.home.activity.SplashActivity has been adapted! 
06-18 13:45:43.949 D/AndroidAutoSize(18585): SplashActivity Info: isBaseOnWidth = true, designWidthInDp = 1920.000000, designWidthInSubunits = 1920.000000, targetDensity = 1.000000, targetScaledDensity = 1.000000, targetDensityDpi = 160, targetXdpi = 1.000000, targetScreenWidthDp = 1920, targetScreenHeightDp = 1032
06-18 13:45:43.954 I/ActivityTaskManager( 1936): START u0 {act=android.content.pm.action.REQUEST_PERMISSIONS pkg=com.android.permissioncontroller cmp=com.android.permissioncontroller/.permission.ui.GrantPermissionsActivity (has extras)} from uid 10058
06-18 13:45:43.981 D/ontapp.stb.dem(18585): createUnique: call
06-18 13:45:43.992 D/ontapp.stb.dem(18585): HostComposition ext GL_OES_EGL_image GL_OES_EGL_image_external GL_OES_depth24 GL_OES_depth32 GL_OES_element_index_uint GL_OES_texture_float GL_OES_texture_float_linear GL_OES_compressed_paletted_texture GL_OES_compressed_ETC1_RGB8_texture GL_OES_depth_texture GL_EXT_texture_format_BGRA8888 GL_APPLE_texture_format_BGRA8888 GL_OES_texture_half_float GL_EXT_robustness GL_OES_texture_half_float_linear GL_OES_packed_depth_stencil GL_OES_vertex_half_float GL_OES_texture_npot GL_OES_rgb8_rgba8 GL_EXT_color_buffer_float GL_EXT_texture_sRGB_decode ANDROID_gles_max_version_3_1 GL_OES_vertex_array_object GL_EXT_texture_buffer GL_EXT_copy_image GL_KHR_texture_compression_astc_ldr GL_KHR_texture_compression_astc_hdr GL_OES_texture_compression_astc GL_OES_EGL_image_external
06-18 13:45:43.994 D/hw-ProcessState(18585): Binder ioctl to enable oneway spam detection failed: Invalid argument
06-18 13:45:43.995 W/OpenGLRenderer(18585): Failed to initialize 101010-2 format, error = EGL_SUCCESS
06-18 13:45:43.995 D/EGL_emulation(18585): rcCreateContext wated version 2.0  rc:4
06-18 13:45:44.011 D/EGL_emulation(18585): eglMakeCurrent: 0x74841c048310: ver 3 2 (tinfo 0x74839c04c480) (first time)
06-18 13:45:44.015 E/HWComposer( 1779): getSupportedContentTypes: getSupportedContentTypes failed for display 0: Unsupported (8)
06-18 13:45:44.015 I/hwservicemanager( 1567): getTransport: Cannot find entry android.hardware.graphics.mapper@4.0::IMapper/default in either framework or device VINTF manifest.
06-18 13:45:44.015 I/Gralloc4(18585): mapper 4.x is not supported
06-18 13:45:44.016 D/ProcessState(18620): Binder ioctl to enable oneway spam detection failed: Invalid argument
06-18 13:45:44.016 I/hwservicemanager( 1567): getTransport: Cannot find entry android.hardware.graphics.mapper@3.0::IMapper/default in either framework or device VINTF manifest.
06-18 13:45:44.016 W/Gralloc3(18585): mapper 3.x is not supported
06-18 13:45:44.018 I/hwservicemanager( 1567): getTransport: Cannot find entry android.hardware.graphics.allocator@4.0::IAllocator/default in either framework or device VINTF manifest.
06-18 13:45:44.018 W/Gralloc4(18585): allocator 4.x is not supported
06-18 13:45:44.019 I/hwservicemanager( 1567): getTransport: Cannot find entry android.hardware.graphics.allocator@3.0::IAllocator/default in either framework or device VINTF manifest.
06-18 13:45:44.019 W/Gralloc3(18585): allocator 3.x is not supported
06-18 13:45:44.019 D/gralloc_nox( 1767): gralloc_alloc: Creating ashmem region of size 8298496
06-18 13:45:44.049 D/ontapp.stb.dem(18585): createUnique: call
06-18 13:45:44.050 D/ontapp.stb.dem(18585): HostComposition ext GL_OES_EGL_image GL_OES_EGL_image_external GL_OES_depth24 GL_OES_depth32 GL_OES_element_index_uint GL_OES_texture_float GL_OES_texture_float_linear GL_OES_compressed_paletted_texture GL_OES_compressed_ETC1_RGB8_texture GL_OES_depth_texture GL_EXT_texture_format_BGRA8888 GL_APPLE_texture_format_BGRA8888 GL_OES_texture_half_float GL_EXT_robustness GL_OES_texture_half_float_linear GL_OES_packed_depth_stencil GL_OES_vertex_half_float GL_OES_texture_npot GL_OES_rgb8_rgba8 GL_EXT_color_buffer_float GL_EXT_texture_sRGB_decode ANDROID_gles_max_version_3_1 GL_OES_vertex_array_object GL_EXT_texture_buffer GL_EXT_copy_image GL_KHR_texture_compression_astc_ldr GL_KHR_texture_compression_astc_hdr GL_OES_texture_compression_astc GL_OES_EGL_image_external
06-18 13:45:44.051 D/gralloc_nox( 1767): gralloc_alloc: Creating ashmem region of size 8298496
06-18 13:45:44.090 D/gralloc_nox( 1767): gralloc_alloc: Creating ashmem region of size 8298496
06-18 13:45:44.143 E/libEGL  (18585): called unimplemented OpenGL ES API
06-18 13:45:44.192 W/ActivityTaskManager( 1936): Tried to set launchTime (0) < mLastActivityLaunchTime (68279725)
06-18 13:45:44.277 I/ActivityTaskManager( 1936): Displayed com.android.permissioncontroller/.permission.ui.GrantPermissionsActivity: +629ms
06-18 13:45:44.315 D/ProcessState(18631): Binder ioctl to enable oneway spam detection failed: Invalid argument
06-18 13:45:44.387 D/gralloc_nox( 1767): gralloc_alloc: Creating ashmem region of size 5496832
06-18 13:45:44.433 W/InputManager-JNI( 1936): Input channel object 'bde713f Splash Screen tech.gtt.frontapp.stb.demo (client)' was disposed without first being removed with the input manager!
06-18 13:45:44.491 D/gralloc_nox( 1767): gralloc_alloc: Creating ashmem region of size 5496832
06-18 13:45:44.627 D/gralloc_nox( 1767): gralloc_alloc: Creating ashmem region of size 5496832
06-18 13:45:46.652 E/TaskPersister( 1936): File error accessing recents directory (directory doesn't exist?).
06-18 13:45:46.996 D/UIAutomatorStub(18531): URI: /jsonrpc/0, Method: POST, params, {NanoHttpd.QUERY_STRING=null}, files: {postData={"jsonrpc": "2.0", "id": 1, "method": "count", "params": [{"mask": 2097152, "childOrSibling": [], "childOrSiblingSelector": [], "resourceId": "com.android.permissioncontroller:id/permission_allow_button"}]}}
06-18 13:45:47.009 D/UiObject(18531): Waiting 0ms for UiSelector[RESOURCE_ID=com.android.permissioncontroller:id/permission_allow_button].
06-18 13:45:47.009 W/QueryController(18531): Could not detect idle state.
06-18 13:45:47.019 I/QueryController(18531): Matched selector: UiSelector[RESOURCE_ID=com.android.permissioncontroller:id/permission_allow_button] <<==>> [android.view.accessibility.AccessibilityNodeInfo@1f70a; boundsInParent: Rect(0, 0 - 992, 112); boundsInScreen: Rect(464, 557 - 1456, 669); packageName: com.android.permissioncontroller; className: android.widget.Button; text: 允许; error: null; maxTextLength: -1; stateDescription: null; contentDescription: null; tooltipText: null; viewIdResName: com.android.permissioncontroller:id/permission_allow_button; checkable: false; checked: false; focusable: true; focused: false; selected: false; clickable: true; longClickable: false; contextClickable: false; enabled: true; password: false; scrollable: false; importantForAccessibility: true; visible: true; actions: [AccessibilityAction: ACTION_FOCUS - null, AccessibilityAction: ACTION_SELECT - null, AccessibilityAction: ACTION_CLEAR_SELECTION - null, AccessibilityAction: ACTION_CLICK - null, AccessibilityAction: ACTION_ACCESSIBILITY_FOCUS - null, AccessibilityAction: ACTION_NEXT_AT_MOVEMENT_GRANULARITY - null, AccessibilityAction: ACTION_PREVIOUS_AT_MOVEMENT_GRANULARITY - null, AccessibilityAction: ACTION_SET_SELECTION - null, AccessibilityAction: ACTION_SHOW_ON_SCREEN - null]]
06-18 13:45:47.019 D/UiObject(18531): Waiting 0ms for UiSelector[INSTANCE=1, RESOURCE_ID=com.android.permissioncontroller:id/permission_allow_button].
06-18 13:45:47.019 W/QueryController(18531): Could not detect idle state.
06-18 13:45:47.050 D/UIAutomatorStub(18531): URI: /jsonrpc/0, Method: POST, params, {NanoHttpd.QUERY_STRING=null}, files: {postData={"jsonrpc": "2.0", "id": 1, "method": "waitForExists", "params": [{"mask": 2097152, "childOrSibling": [], "childOrSiblingSelector": [], "resourceId": "com.android.permissioncontroller:id/permission_allow_button"}, 20000]}}
06-18 13:45:47.053 D/UiDevice(18531): Waiting 20000ms for SearchCondition[hasObject=BySelector [RES='\Qcom.android.permissioncontroller:id/permission_allow_button\E']].
06-18 13:45:47.053 D/UiDevice(18531): Searching for node with selector: BySelector [RES='\Qcom.android.permissioncontroller:id/permission_allow_button\E'].
06-18 13:45:47.053 W/QueryController(18531): Could not detect idle state.
06-18 13:45:47.072 D/UIAutomatorStub(18531): URI: /jsonrpc/0, Method: POST, params, {NanoHttpd.QUERY_STRING=null}, files: {postData={"jsonrpc": "2.0", "id": 1, "method": "objInfo", "params": [{"mask": 2097152, "childOrSibling": [], "childOrSiblingSelector": [], "resourceId": "com.android.permissioncontroller:id/permission_allow_button"}]}}
06-18 13:45:47.076 D/UiDevice(18531): Retrieving node with selector: BySelector [RES='\Qcom.android.permissioncontroller:id/permission_allow_button\E'].
06-18 13:45:47.077 W/QueryController(18531): Could not detect idle state.
06-18 13:45:47.089 W/QueryController(18531): Could not detect idle state.
06-18 13:45:47.091 W/QueryController(18531): Could not detect idle state.
06-18 13:45:47.093 W/QueryController(18531): Could not detect idle state.
06-18 13:45:47.094 W/QueryController(18531): Could not detect idle state.
06-18 13:45:47.098 W/QueryController(18531): Could not detect idle state.
06-18 13:45:47.100 W/QueryController(18531): Could not detect idle state.
06-18 13:45:47.102 W/QueryController(18531): Could not detect idle state.
06-18 13:45:47.104 W/QueryController(18531): Could not detect idle state.
06-18 13:45:47.105 W/QueryController(18531): Could not detect idle state.
06-18 13:45:47.106 W/QueryController(18531): Could not detect idle state.
06-18 13:45:47.109 W/QueryController(18531): Could not detect idle state.
06-18 13:45:47.112 W/QueryController(18531): Could not detect idle state.
06-18 13:45:47.114 W/QueryController(18531): Could not detect idle state.
06-18 13:45:47.117 W/QueryController(18531): Could not detect idle state.
06-18 13:45:47.119 W/QueryController(18531): Could not detect idle state.
06-18 13:45:47.120 W/QueryController(18531): Could not detect idle state.
06-18 13:45:47.122 W/QueryController(18531): Could not detect idle state.
06-18 13:45:47.167 D/UIAutomatorStub(18531): URI: /jsonrpc/0, Method: POST, params, {NanoHttpd.QUERY_STRING=null}, files: {postData={"jsonrpc": "2.0", "id": 1, "method": "click", "params": [960.0, 613.0]}}
06-18 13:45:47.430 V/GrantPermissionsViewModel(16100): Logged buttons presented and clicked permissionGroupName=android.permission-group.STORAGE uid=10058 selectedLocations=0 package=tech.gtt.frontapp.stb.demo presentedButtons=9 clickedButton=1 sessionId=-5315495638804978110 targetSdk=35
06-18 13:45:47.438 I/MediaProvider( 2560): Invalidating LocalCallingIdentity cache for package tech.gtt.frontapp.stb.demo. Reason: op android:read_external_storage
06-18 13:45:47.438 V/GrantPermissionsViewModel(16100): Permission grant result requestId=-5315495638804978110 callingUid=10058 callingPackage=tech.gtt.frontapp.stb.demo permission=android.permission.READ_EXTERNAL_STORAGE isImplicit=false result=4
06-18 13:45:47.439 I/MediaProvider( 2560): Invalidating LocalCallingIdentity cache for package tech.gtt.frontapp.stb.demo. Reason: op android:read_external_storage
06-18 13:45:47.442 D/gralloc_nox( 1767): gralloc_alloc: Creating ashmem region of size 8298496
06-18 13:45:47.478 E/android.hardware.audio.service( 1759): pcm_open called create stream faild
06-18 13:45:47.539 W/System  ( 2106): A resource failed to call close. 
06-18 13:45:47.540 W/System  ( 2106): A resource failed to call close. 
06-18 13:45:47.540 W/System  ( 2106): A resource failed to call release. 
06-18 13:45:47.541 W/System  ( 2106): A resource failed to call release. 
06-18 13:45:47.741 D/CompatibilityChangeReporter(18585): Compat change id reported: 78294732; UID 10058; state: ENABLED
06-18 13:45:47.744 I/b       (18585): freeSpace : 116666MB
06-18 13:45:47.826 D/ProcessState(18645): Binder ioctl to enable oneway spam detection failed: Invalid argument
06-18 13:45:47.881 D/ConnectivityService( 1936): NetReassign [no changes]
06-18 13:45:47.902 V/GSK     (18585): StorageServiceImpl initialization() executed in 0 ms.
06-18 13:45:47.903 V/GSK     (18585): SecurityServiceImpl initialization() executed in 1 ms.
06-18 13:45:47.989 W/System.err(18585): SLF4J(W): No SLF4J providers were found.
06-18 13:45:47.990 W/System.err(18585): SLF4J(W): Defaulting to no-operation (NOP) logger implementation
06-18 13:45:47.990 W/System.err(18585): SLF4J(W): See https://www.slf4j.org/codes.html#noProviders for further details.
06-18 13:45:48.005 W/InputManager-JNI( 1936): Input channel object '2e425b3 com.android.permissioncontroller/com.android.permissioncontroller.permission.ui.GrantPermissionsActivity (client)' was disposed without first being removed with the input manager!
06-18 13:45:48.021 W/SurfaceFlinger( 1779): couldn't log to binary event log: overflow.
06-18 13:45:48.045 W/System.err(18585): kotlinx.serialization.json.internal.JsonDecodingException: Expected start of the object '{', but had 'EOF' instead at path: $
06-18 13:45:48.045 W/System.err(18585): JSON input: 
06-18 13:45:48.045 W/System.err(18585): 	at kotlinx.serialization.json.internal.JsonExceptionsKt.JsonDecodingException(SourceFile:1)
06-18 13:45:48.045 W/System.err(18585): 	at kotlinx.serialization.json.internal.JsonExceptionsKt.JsonDecodingException(SourceFile:2)
06-18 13:45:48.045 W/System.err(18585): 	at kotlinx.serialization.json.internal.AbstractJsonLexer.fail(SourceFile:52)
06-18 13:45:48.045 W/System.err(18585): 	at kotlinx.serialization.json.internal.AbstractJsonLexer.fail$default(SourceFile:15)
06-18 13:45:48.045 W/System.err(18585): 	at kotlinx.serialization.json.internal.AbstractJsonLexer.unexpectedToken(SourceFile:103)
06-18 13:45:48.045 W/System.err(18585): 	at kotlinx.serialization.json.internal.StringJsonLexer.consumeNextToken(SourceFile:16)
06-18 13:45:48.045 W/System.err(18585): 	at kotlinx.serialization.json.internal.StreamingJsonDecoder.beginStructure(SourceFile:23)
06-18 13:45:48.045 W/System.err(18585): 	at tech.gtt.frontapp.servicesdk.common.service.utility.apis.e2ee.E2eeConfigResponse$$serializer.deserialize(SourceFile:2)
06-18 13:45:48.045 W/System.err(18585): 	at tech.gtt.frontapp.servicesdk.common.service.utility.apis.e2ee.E2eeConfigResponse$$serializer.deserialize(SourceFile:1)
06-18 13:45:48.045 W/System.err(18585): 	at kotlinx.serialization.json.internal.StreamingJsonDecoder.decodeSerializableValue(SourceFile:320)
06-18 13:45:48.045 W/System.err(18585): 	at kotlinx.serialization.json.Json.decodeFromString(SourceFile:3)
06-18 13:45:48.045 W/System.err(18585): 	at tech.gtt.frontapp.servicesdk.common.service.utility.apis.e2ee.E2eeManager.syncE2eeConfig(SourceFile:74)
06-18 13:45:48.045 W/System.err(18585): 	at tech.gtt.frontapp.servicesdk.common.service.utility.apis.ApiUtilServiceImpl.onServiceInit(SourceFile:228)
06-18 13:45:48.045 W/System.err(18585): 	at tech.gtt.frontapp.servicesdk.common.core.ServiceSDKImpl.executeServiceInitialize(SourceFile:372)
06-18 13:45:48.045 W/System.err(18585): 	at tech.gtt.frontapp.servicesdk.common.core.ServiceSDKImpl.access$executeServiceInitialize(SourceFile:1)
06-18 13:45:48.045 W/System.err(18585): 	at tech.gtt.frontapp.servicesdk.common.core.ServiceSDKImpl$init$1.invokeSuspend(SourceFile:178)
06-18 13:45:48.045 W/System.err(18585): 	at tech.gtt.frontapp.servicesdk.common.core.ServiceSDKImpl$init$1.invoke(SourceFile:2)
06-18 13:45:48.045 W/System.err(18585): 	at tech.gtt.frontapp.servicesdk.common.core.ServiceSDKImpl$init$1.invoke(SourceFile:1)
06-18 13:45:48.045 W/System.err(18585): 	at kotlinx.coroutines.flow.SafeFlow.collectSafely(SourceFile:3)
06-18 13:45:48.045 W/System.err(18585): 	at kotlinx.coroutines.flow.AbstractFlow.collect(SourceFile:70)
06-18 13:45:48.045 W/System.err(18585): 	at tech.gtt.frontapp.servicesdk.common.core.SDKSetup$build$1.invokeSuspend(SourceFile:42)
06-18 13:45:48.045 W/System.err(18585): 	at tech.gtt.frontapp.servicesdk.common.core.SDKSetup$build$1.invoke(SourceFile:2)
06-18 13:45:48.045 W/System.err(18585): 	at tech.gtt.frontapp.servicesdk.common.core.SDKSetup$build$1.invoke(SourceFile:1)
06-18 13:45:48.045 W/System.err(18585): 	at tech.gtt.frontapp.servicesdk.common.core.Scheduler$scheduleDirect$1.invokeSuspend(SourceFile:61)
06-18 13:45:48.045 W/System.err(18585): 	at lh.a.resumeWith(SourceFile:14)
06-18 13:45:48.045 W/System.err(18585): 	at kotlinx.coroutines.DispatchedTask.run(SourceFile:123)
06-18 13:45:48.045 W/System.err(18585): 	at kotlinx.coroutines.internal.LimitedDispatcher$Worker.run(SourceFile:4)
06-18 13:45:48.045 W/System.err(18585): 	at kotlinx.coroutines.scheduling.TaskImpl.run(SourceFile:3)
06-18 13:45:48.045 W/System.err(18585): 	at kotlinx.coroutines.scheduling.CoroutineScheduler.runSafely(SourceFile:1)
06-18 13:45:48.045 W/System.err(18585): 	at kotlinx.coroutines.scheduling.CoroutineScheduler$Worker.executeTask(SourceFile:34)
06-18 13:45:48.045 W/System.err(18585): 	at kotlinx.coroutines.scheduling.CoroutineScheduler$Worker.runWorker(SourceFile:29)
06-18 13:45:48.045 W/System.err(18585): 	at kotlinx.coroutines.scheduling.CoroutineScheduler$Worker.run(SourceFile:1)
06-18 13:45:48.054 W/System.err(18585): java.io.FileNotFoundException: sys/class/sunxi_info/sys_info: open failed: ENOENT (No such file or directory)
06-18 13:45:48.054 W/System.err(18585): 	at libcore.io.IoBridge.open(IoBridge.java:575)
06-18 13:45:48.054 W/System.err(18585): 	at java.io.FileInputStream.<init>(FileInputStream.java:160)
06-18 13:45:48.054 W/System.err(18585): 	at java.io.FileInputStream.<init>(FileInputStream.java:115)
06-18 13:45:48.054 W/System.err(18585): 	at ip.b.b(SourceFile:5)
06-18 13:45:48.054 W/System.err(18585): 	at ip.b.a(SourceFile:155)
06-18 13:45:48.054 W/System.err(18585): 	at ip.a.invoke(SourceFile:589)
06-18 13:45:48.054 W/System.err(18585): 	at dh.v.getValue(SourceFile:21)
06-18 13:45:48.054 W/System.err(18585): 	at tech.gtt.frontapp.servicesdk.common.network.interceptor.params.ApiDeviceParams.handleFixedParams(SourceFile:52)
06-18 13:45:48.054 W/System.err(18585): 	at tech.gtt.frontapp.servicesdk.common.service.utility.apis.IParamsGetter.toMaps(SourceFile:87)
06-18 13:45:48.054 W/System.err(18585): 	at tech.gtt.frontapp.servicesdk.common.network.interceptor.DefaultParamsInterceptor.onRequest(SourceFile:127)
06-18 13:45:48.054 W/System.err(18585): 	at tech.gtt.frontapp.servicesdk.common.network.interceptor.SDKInterceptorsPluginKt$setupRequestInterception$1.invokeSuspend(SourceFile:103)
06-18 13:45:48.054 W/System.err(18585): 	at tech.gtt.frontapp.servicesdk.common.network.interceptor.SDKInterceptorsPluginKt$setupRequestInterception$1.invoke(SourceFile:1)
06-18 13:45:48.054 W/System.err(18585): 	at tech.gtt.frontapp.servicesdk.common.network.interceptor.SDKInterceptorsPluginKt$setupRequestInterception$1.invoke(SourceFile:2)
06-18 13:45:48.055 W/System.err(18585): 	at io.ktor.util.pipeline.DebugPipelineContext.proceedLoop(SourceFile:86)
06-18 13:45:48.055 W/System.err(18585): 	at io.ktor.util.pipeline.DebugPipelineContext.proceed(SourceFile:26)
06-18 13:45:48.055 W/System.err(18585): 	at io.ktor.client.plugins.RequestError$install$1.invokeSuspend(SourceFile:47)
06-18 13:45:48.055 W/System.err(18585): 	at io.ktor.client.plugins.RequestError$install$1.invoke(SourceFile:1)
06-18 13:45:48.055 W/System.err(18585): 	at io.ktor.client.plugins.RequestError$install$1.invoke(SourceFile:2)
06-18 13:45:48.055 W/System.err(18585): 	at io.ktor.util.pipeline.DebugPipelineContext.proceedLoop(SourceFile:86)
06-18 13:45:48.055 W/System.err(18585): 	at io.ktor.util.pipeline.DebugPipelineContext.proceed(SourceFile:26)
06-18 13:45:48.055 W/System.err(18585): 	at io.ktor.client.plugins.SetupRequestContext$install$1.invokeSuspend$proceed(SourceFile:1)
06-18 13:45:48.055 W/System.err(18585): 	at io.ktor.client.plugins.SetupRequestContext$install$1.access$invokeSuspend$proceed(SourceFile:1)
06-18 13:45:48.055 W/System.err(18585): 	at io.ktor.client.plugins.SetupRequestContext$install$1$1.invoke(SourceFile:2)
06-18 13:45:48.055 W/System.err(18585): 	at io.ktor.client.plugins.SetupRequestContext$install$1$1.invoke(SourceFile:1)
06-18 13:45:48.055 W/System.err(18585): 	at io.ktor.client.plugins.HttpRequestLifecycleKt$HttpRequestLifecycle$1$1.invokeSuspend(SourceFile:78)
06-18 13:45:48.055 W/System.err(18585): 	at io.ktor.client.plugins.HttpRequestLifecycleKt$HttpRequestLifecycle$1$1.invoke(SourceFile:1)
06-18 13:45:48.055 W/System.err(18585): 	at io.ktor.client.plugins.HttpRequestLifecycleKt$HttpRequestLifecycle$1$1.invoke(SourceFile:2)
06-18 13:45:48.055 W/System.err(18585): 	at io.ktor.client.plugins.SetupRequestContext$install$1.invokeSuspend(SourceFile:42)
06-18 13:45:48.055 W/System.err(18585): 	at io.ktor.client.plugins.SetupRequestContext$install$1.invoke(SourceFile:1)
06-18 13:45:48.055 W/System.err(18585): 	at io.ktor.client.plugins.SetupRequestContext$install$1.invoke(SourceFile:2)
06-18 13:45:48.055 W/System.err(18585): 	at io.ktor.util.pipeline.DebugPipelineContext.proceedLoop(SourceFile:86)
06-18 13:45:48.055 W/System.err(18585): 	at io.ktor.util.pipeline.DebugPipelineContext.proceed(SourceFile:26)
06-18 13:45:48.055 W/System.err(18585): 	at io.ktor.util.pipeline.DebugPipelineContext.execute$ktor_utils(SourceFile:7)
06-18 13:45:48.055 W/System.err(18585): 	at io.ktor.util.pipeline.Pipeline.execute(SourceFile:9)
06-18 13:45:48.055 W/System.err(18585): 	at io.ktor.client.HttpClient.execute$ktor_client_core(SourceFile:68)
06-18 13:45:48.055 W/System.err(18585): 	at io.ktor.client.statement.HttpStatement.fetchResponse(SourceFile:90)
06-18 13:45:48.055 W/System.err(18585): 	at io.ktor.client.statement.HttpStatement.execute(SourceFile:9)
06-18 13:45:48.055 W/System.err(18585): 	at de.jensklingenberg.ktorfit.internal.KtorfitConverterHelper.suspendRequest(SourceFile:127)
06-18 13:45:48.055 W/System.err(18585): 	at de.jensklingenberg.ktorfit.internal.KtorfitConverterHelper$request$1$1.invokeSuspend(SourceFile:58)
06-18 13:45:48.055 W/System.err(18585): 	at de.jensklingenberg.ktorfit.internal.KtorfitConverterHelper$request$1$1.invoke(SourceFile:2)
06-18 13:45:48.055 W/System.err(18585): 	at de.jensklingenberg.ktorfit.internal.KtorfitConverterHelper$request$1$1.invoke(SourceFile:1)
06-18 13:45:48.055 W/System.err(18585): 	at de.jensklingenberg.ktorfit.converter.FlowConverterFactory$responseConverter$1$convert$1.invokeSuspend(SourceFile:84)
06-18 13:45:48.055 W/System.err(18585): 	at de.jensklingenberg.ktorfit.converter.FlowConverterFactory$responseConverter$1$convert$1.invoke(SourceFile:2)
06-18 13:45:48.055 W/System.err(18585): 	at de.jensklingenberg.ktorfit.converter.FlowConverterFactory$responseConverter$1$convert$1.invoke(SourceFile:1)
06-18 13:45:48.055 W/System.err(18585): 	at kotlinx.coroutines.flow.SafeFlow.collectSafely(SourceFile:3)
06-18 13:45:48.055 W/System.err(18585): 	at kotlinx.coroutines.flow.AbstractFlow.collect(SourceFile:70)
06-18 13:45:48.055 W/System.err(18585): 	at kotlinx.coroutines.flow.FlowKt__MergeKt$flatMapConcat$$inlined$map$1.collect(SourceFile:10)
06-18 13:45:48.055 W/System.err(18585): 	at kotlinx.coroutines.flow.FlowKt__MergeKt$flattenConcat$$inlined$unsafeFlow$1.collect(SourceFile:8)
06-18 13:45:48.055 W/System.err(18585): 	at kotlinx.coroutines.flow.FlowKt__CollectKt.collect(SourceFile:1)
06-18 13:45:48.055 W/System.err(18585): 	at kotlinx.coroutines.flow.FlowKt.collect(SourceFile:1)
06-18 13:45:48.055 W/System.err(18585): 	at tech.gtt.frontapp.servicesdk.common.service.utility.apis.ApiUtilServiceImpl.onServiceInit(SourceFile:240)
06-18 13:45:48.055 W/System.err(18585): 	at tech.gtt.frontapp.servicesdk.common.core.ServiceSDKImpl.executeServiceInitialize(SourceFile:372)
06-18 13:45:48.055 W/System.err(18585): 	at tech.gtt.frontapp.servicesdk.common.core.ServiceSDKImpl.access$executeServiceInitialize(SourceFile:1)
06-18 13:45:48.055 W/System.err(18585): 	at tech.gtt.frontapp.servicesdk.common.core.ServiceSDKImpl$init$1.invokeSuspend(SourceFile:178)
06-18 13:45:48.055 W/System.err(18585): 	at tech.gtt.frontapp.servicesdk.common.core.ServiceSDKImpl$init$1.invoke(SourceFile:2)
06-18 13:45:48.055 W/System.err(18585): 	at tech.gtt.frontapp.servicesdk.common.core.ServiceSDKImpl$init$1.invoke(SourceFile:1)
06-18 13:45:48.055 W/System.err(18585): 	at kotlinx.coroutines.flow.SafeFlow.collectSafely(SourceFile:3)
06-18 13:45:48.055 W/System.err(18585): 	at kotlinx.coroutines.flow.AbstractFlow.collect(SourceFile:70)
06-18 13:45:48.055 W/System.err(18585): 	at tech.gtt.frontapp.servicesdk.common.core.SDKSetup$build$1.invokeSuspend(SourceFile:42)
06-18 13:45:48.055 W/System.err(18585): 	at tech.gtt.frontapp.servicesdk.common.core.SDKSetup$build$1.invoke(SourceFile:2)
06-18 13:45:48.055 W/System.err(18585): 	at tech.gtt.frontapp.servicesdk.common.core.SDKSetup$build$1.invoke(SourceFile:1)
06-18 13:45:48.055 W/System.err(18585): 	at tech.gtt.frontapp.servicesdk.common.core.Scheduler$scheduleDirect$1.invokeSuspend(SourceFile:61)
06-18 13:45:48.055 W/System.err(18585): 	at lh.a.resumeWith(SourceFile:14)
06-18 13:45:48.055 W/System.err(18585): 	at kotlinx.coroutines.DispatchedTask.run(SourceFile:123)
06-18 13:45:48.055 W/System.err(18585): 	at kotlinx.coroutines.internal.LimitedDispatcher$Worker.run(SourceFile:4)
06-18 13:45:48.055 W/System.err(18585): 	at kotlinx.coroutines.scheduling.TaskImpl.run(SourceFile:3)
06-18 13:45:48.055 W/System.err(18585): 	at kotlinx.coroutines.scheduling.CoroutineScheduler.runSafely(SourceFile:1)
06-18 13:45:48.055 W/System.err(18585): 	at kotlinx.coroutines.scheduling.CoroutineScheduler$Worker.executeTask(SourceFile:34)
06-18 13:45:48.055 W/System.err(18585): 	at kotlinx.coroutines.scheduling.CoroutineScheduler$Worker.runWorker(SourceFile:29)
06-18 13:45:48.055 W/System.err(18585): 	at kotlinx.coroutines.scheduling.CoroutineScheduler$Worker.run(SourceFile:1)
06-18 13:45:48.055 W/System.err(18585): Caused by: android.system.ErrnoException: open failed: ENOENT (No such file or directory)
06-18 13:45:48.055 W/System.err(18585): 	at libcore.io.Linux.open(Native Method)
06-18 13:45:48.055 W/System.err(18585): 	at libcore.io.ForwardingOs.open(ForwardingOs.java:567)
06-18 13:45:48.055 W/System.err(18585): 	at libcore.io.BlockGuardOs.open(BlockGuardOs.java:273)
06-18 13:45:48.055 W/System.err(18585): 	at libcore.io.ForwardingOs.open(ForwardingOs.java:567)
06-18 13:45:48.055 W/System.err(18585): 	at android.app.ActivityThread$AndroidOs.open(ActivityThread.java:7761)
06-18 13:45:48.055 W/System.err(18585): 	at libcore.io.IoBridge.open(IoBridge.java:561)
06-18 13:45:48.055 W/System.err(18585): 	... 69 more
06-18 13:45:48.056 W/System.err(18585): java.io.FileNotFoundException: sys/class/sunxi_info/sys_info: open failed: ENOENT (No such file or directory)
06-18 13:45:48.057 W/System.err(18585): 	at libcore.io.IoBridge.open(IoBridge.java:575)
06-18 13:45:48.057 W/System.err(18585): 	at java.io.FileInputStream.<init>(FileInputStream.java:160)
06-18 13:45:48.057 W/System.err(18585): 	at java.io.FileInputStream.<init>(FileInputStream.java:115)
06-18 13:45:48.057 W/System.err(18585): 	at ip.b.b(SourceFile:5)
06-18 13:45:48.057 W/System.err(18585): 	at ip.b.a(SourceFile:155)
06-18 13:45:48.057 W/System.err(18585): 	at ip.a.invoke(SourceFile:127)
06-18 13:45:48.057 W/System.err(18585): 	at dh.v.getValue(SourceFile:21)
06-18 13:45:48.057 W/System.err(18585): 	at tech.gtt.frontapp.servicesdk.common.network.interceptor.params.ApiDeviceParams.handleFixedParams(SourceFile:65)
06-18 13:45:48.057 W/System.err(18585): 	at tech.gtt.frontapp.servicesdk.common.service.utility.apis.IParamsGetter.toMaps(SourceFile:87)
06-18 13:45:48.057 W/System.err(18585): 	at tech.gtt.frontapp.servicesdk.common.network.interceptor.DefaultParamsInterceptor.onRequest(SourceFile:127)
06-18 13:45:48.057 W/System.err(18585): 	at tech.gtt.frontapp.servicesdk.common.network.interceptor.SDKInterceptorsPluginKt$setupRequestInterception$1.invokeSuspend(SourceFile:103)
06-18 13:45:48.057 W/System.err(18585): 	at tech.gtt.frontapp.servicesdk.common.network.interceptor.SDKInterceptorsPluginKt$setupRequestInterception$1.invoke(SourceFile:1)
06-18 13:45:48.057 W/System.err(18585): 	at tech.gtt.frontapp.servicesdk.common.network.interceptor.SDKInterceptorsPluginKt$setupRequestInterception$1.invoke(SourceFile:2)
06-18 13:45:48.057 W/System.err(18585): 	at io.ktor.util.pipeline.DebugPipelineContext.proceedLoop(SourceFile:86)
06-18 13:45:48.057 W/System.err(18585): 	at io.ktor.util.pipeline.DebugPipelineContext.proceed(SourceFile:26)
06-18 13:45:48.057 W/System.err(18585): 	at io.ktor.client.plugins.RequestError$install$1.invokeSuspend(SourceFile:47)
06-18 13:45:48.057 W/System.err(18585): 	at io.ktor.client.plugins.RequestError$install$1.invoke(SourceFile:1)
06-18 13:45:48.057 W/System.err(18585): 	at io.ktor.client.plugins.RequestError$install$1.invoke(SourceFile:2)
06-18 13:45:48.057 W/System.err(18585): 	at io.ktor.util.pipeline.DebugPipelineContext.proceedLoop(SourceFile:86)
06-18 13:45:48.057 W/System.err(18585): 	at io.ktor.util.pipeline.DebugPipelineContext.proceed(SourceFile:26)
06-18 13:45:48.057 W/System.err(18585): 	at io.ktor.client.plugins.SetupRequestContext$install$1.invokeSuspend$proceed(SourceFile:1)
06-18 13:45:48.057 W/System.err(18585): 	at io.ktor.client.plugins.SetupRequestContext$install$1.access$invokeSuspend$proceed(SourceFile:1)
06-18 13:45:48.057 W/System.err(18585): 	at io.ktor.client.plugins.SetupRequestContext$install$1$1.invoke(SourceFile:2)
06-18 13:45:48.057 W/System.err(18585): 	at io.ktor.client.plugins.SetupRequestContext$install$1$1.invoke(SourceFile:1)
06-18 13:45:48.057 W/System.err(18585): 	at io.ktor.client.plugins.HttpRequestLifecycleKt$HttpRequestLifecycle$1$1.invokeSuspend(SourceFile:78)
06-18 13:45:48.057 W/System.err(18585): 	at io.ktor.client.plugins.HttpRequestLifecycleKt$HttpRequestLifecycle$1$1.invoke(SourceFile:1)
06-18 13:45:48.057 W/System.err(18585): 	at io.ktor.client.plugins.HttpRequestLifecycleKt$HttpRequestLifecycle$1$1.invoke(SourceFile:2)
06-18 13:45:48.057 W/System.err(18585): 	at io.ktor.client.plugins.SetupRequestContext$install$1.invokeSuspend(SourceFile:42)
06-18 13:45:48.057 W/System.err(18585): 	at io.ktor.client.plugins.SetupRequestContext$install$1.invoke(SourceFile:1)
06-18 13:45:48.057 W/System.err(18585): 	at io.ktor.client.plugins.SetupRequestContext$install$1.invoke(SourceFile:2)
06-18 13:45:48.057 W/System.err(18585): 	at io.ktor.util.pipeline.DebugPipelineContext.proceedLoop(SourceFile:86)
06-18 13:45:48.057 W/System.err(18585): 	at io.ktor.util.pipeline.DebugPipelineContext.proceed(SourceFile:26)
06-18 13:45:48.057 W/System.err(18585): 	at io.ktor.util.pipeline.DebugPipelineContext.execute$ktor_utils(SourceFile:7)
06-18 13:45:48.057 W/System.err(18585): 	at io.ktor.util.pipeline.Pipeline.execute(SourceFile:9)
06-18 13:45:48.057 W/System.err(18585): 	at io.ktor.client.HttpClient.execute$ktor_client_core(SourceFile:68)
06-18 13:45:48.057 W/System.err(18585): 	at io.ktor.client.statement.HttpStatement.fetchResponse(SourceFile:90)
06-18 13:45:48.057 W/System.err(18585): 	at io.ktor.client.statement.HttpStatement.execute(SourceFile:9)
06-18 13:45:48.057 W/System.err(18585): 	at de.jensklingenberg.ktorfit.internal.KtorfitConverterHelper.suspendRequest(SourceFile:127)
06-18 13:45:48.057 W/System.err(18585): 	at de.jensklingenberg.ktorfit.internal.KtorfitConverterHelper$request$1$1.invokeSuspend(SourceFile:58)
06-18 13:45:48.057 W/System.err(18585): 	at de.jensklingenberg.ktorfit.internal.KtorfitConverterHelper$request$1$1.invoke(SourceFile:2)
06-18 13:45:48.057 W/System.err(18585): 	at de.jensklingenberg.ktorfit.internal.KtorfitConverterHelper$request$1$1.invoke(SourceFile:1)
06-18 13:45:48.057 W/System.err(18585): 	at de.jensklingenberg.ktorfit.converter.FlowConverterFactory$responseConverter$1$convert$1.invokeSuspend(SourceFile:84)
06-18 13:45:48.057 W/System.err(18585): 	at de.jensklingenberg.ktorfit.converter.FlowConverterFactory$responseConverter$1$convert$1.invoke(SourceFile:2)
06-18 13:45:48.057 W/System.err(18585): 	at de.jensklingenberg.ktorfit.converter.FlowConverterFactory$responseConverter$1$convert$1.invoke(SourceFile:1)
06-18 13:45:48.057 W/System.err(18585): 	at kotlinx.coroutines.flow.SafeFlow.collectSafely(SourceFile:3)
06-18 13:45:48.057 W/System.err(18585): 	at kotlinx.coroutines.flow.AbstractFlow.collect(SourceFile:70)
06-18 13:45:48.057 W/System.err(18585): 	at kotlinx.coroutines.flow.FlowKt__MergeKt$flatMapConcat$$inlined$map$1.collect(SourceFile:10)
06-18 13:45:48.057 W/System.err(18585): 	at kotlinx.coroutines.flow.FlowKt__MergeKt$flattenConcat$$inlined$unsafeFlow$1.collect(SourceFile:8)
06-18 13:45:48.057 W/System.err(18585): 	at kotlinx.coroutines.flow.FlowKt__CollectKt.collect(SourceFile:1)
06-18 13:45:48.057 W/System.err(18585): 	at kotlinx.coroutines.flow.FlowKt.collect(SourceFile:1)
06-18 13:45:48.057 W/System.err(18585): 	at tech.gtt.frontapp.servicesdk.common.service.utility.apis.ApiUtilServiceImpl.onServiceInit(SourceFile:240)
06-18 13:45:48.057 W/System.err(18585): 	at tech.gtt.frontapp.servicesdk.common.core.ServiceSDKImpl.executeServiceInitialize(SourceFile:372)
06-18 13:45:48.057 W/System.err(18585): 	at tech.gtt.frontapp.servicesdk.common.core.ServiceSDKImpl.access$executeServiceInitialize(SourceFile:1)
06-18 13:45:48.057 W/System.err(18585): 	at tech.gtt.frontapp.servicesdk.common.core.ServiceSDKImpl$init$1.invokeSuspend(SourceFile:178)
06-18 13:45:48.057 W/System.err(18585): 	at tech.gtt.frontapp.servicesdk.common.core.ServiceSDKImpl$init$1.invoke(SourceFile:2)
06-18 13:45:48.057 W/System.err(18585): 	at tech.gtt.frontapp.servicesdk.common.core.ServiceSDKImpl$init$1.invoke(SourceFile:1)
06-18 13:45:48.057 W/System.err(18585): 	at kotlinx.coroutines.flow.SafeFlow.collectSafely(SourceFile:3)
06-18 13:45:48.057 W/System.err(18585): 	at kotlinx.coroutines.flow.AbstractFlow.collect(SourceFile:70)
06-18 13:45:48.057 W/System.err(18585): 	at tech.gtt.frontapp.servicesdk.common.core.SDKSetup$build$1.invokeSuspend(SourceFile:42)
06-18 13:45:48.057 W/System.err(18585): 	at tech.gtt.frontapp.servicesdk.common.core.SDKSetup$build$1.invoke(SourceFile:2)
06-18 13:45:48.057 W/System.err(18585): 	at tech.gtt.frontapp.servicesdk.common.core.SDKSetup$build$1.invoke(SourceFile:1)
06-18 13:45:48.057 W/System.err(18585): 	at tech.gtt.frontapp.servicesdk.common.core.Scheduler$scheduleDirect$1.invokeSuspend(SourceFile:61)
06-18 13:45:48.058 W/System.err(18585): 	at lh.a.resumeWith(SourceFile:14)
06-18 13:45:48.058 W/System.err(18585): 	at kotlinx.coroutines.DispatchedTask.run(SourceFile:123)
06-18 13:45:48.058 W/System.err(18585): 	at kotlinx.coroutines.internal.LimitedDispatcher$Worker.run(SourceFile:4)
06-18 13:45:48.058 W/System.err(18585): 	at kotlinx.coroutines.scheduling.TaskImpl.run(SourceFile:3)
06-18 13:45:48.058 W/System.err(18585): 	at kotlinx.coroutines.scheduling.CoroutineScheduler.runSafely(SourceFile:1)
06-18 13:45:48.058 W/System.err(18585): 	at kotlinx.coroutines.scheduling.CoroutineScheduler$Worker.executeTask(SourceFile:34)
06-18 13:45:48.058 W/System.err(18585): 	at kotlinx.coroutines.scheduling.CoroutineScheduler$Worker.runWorker(SourceFile:29)
06-18 13:45:48.058 W/System.err(18585): 	at kotlinx.coroutines.scheduling.CoroutineScheduler$Worker.run(SourceFile:1)
06-18 13:45:48.058 W/System.err(18585): Caused by: android.system.ErrnoException: open failed: ENOENT (No such file or directory)
06-18 13:45:48.058 W/System.err(18585): 	at libcore.io.Linux.open(Native Method)
06-18 13:45:48.058 W/System.err(18585): 	at libcore.io.ForwardingOs.open(ForwardingOs.java:567)
06-18 13:45:48.058 W/System.err(18585): 	at libcore.io.BlockGuardOs.open(BlockGuardOs.java:273)
06-18 13:45:48.058 W/System.err(18585): 	at libcore.io.ForwardingOs.open(ForwardingOs.java:567)
06-18 13:45:48.058 W/System.err(18585): 	at android.app.ActivityThread$AndroidOs.open(ActivityThread.java:7761)
06-18 13:45:48.058 W/System.err(18585): 	at libcore.io.IoBridge.open(IoBridge.java:561)
06-18 13:45:48.058 W/System.err(18585): 	... 69 more
06-18 13:45:48.064 W/System.err(18585): java.io.FileNotFoundException: sys/class/sunxi_info/sys_info: open failed: ENOENT (No such file or directory)
06-18 13:45:48.064 W/System.err(18585): 	at libcore.io.IoBridge.open(IoBridge.java:575)
06-18 13:45:48.064 W/System.err(18585): 	at java.io.FileInputStream.<init>(FileInputStream.java:160)
06-18 13:45:48.064 W/System.err(18585): 	at java.io.FileInputStream.<init>(FileInputStream.java:115)
06-18 13:45:48.064 W/System.err(18585): 	at ip.b.b(SourceFile:5)
06-18 13:45:48.064 W/System.err(18585): 	at ip.b.a(SourceFile:155)
06-18 13:45:48.064 W/System.err(18585): 	at ip.a.invoke(SourceFile:340)
06-18 13:45:48.064 W/System.err(18585): 	at dh.v.getValue(SourceFile:21)
06-18 13:45:48.064 W/System.err(18585): 	at tech.gtt.frontapp.servicesdk.common.network.interceptor.params.ApiDeviceParams.handleFixedParams(SourceFile:120)
06-18 13:45:48.064 W/System.err(18585): 	at tech.gtt.frontapp.servicesdk.common.service.utility.apis.IParamsGetter.toMaps(SourceFile:87)
06-18 13:45:48.064 W/System.err(18585): 	at tech.gtt.frontapp.servicesdk.common.network.interceptor.DefaultParamsInterceptor.onRequest(SourceFile:127)
06-18 13:45:48.064 W/System.err(18585): 	at tech.gtt.frontapp.servicesdk.common.network.interceptor.SDKInterceptorsPluginKt$setupRequestInterception$1.invokeSuspend(SourceFile:103)
06-18 13:45:48.064 W/System.err(18585): 	at tech.gtt.frontapp.servicesdk.common.network.interceptor.SDKInterceptorsPluginKt$setupRequestInterception$1.invoke(SourceFile:1)
06-18 13:45:48.064 W/System.err(18585): 	at tech.gtt.frontapp.servicesdk.common.network.interceptor.SDKInterceptorsPluginKt$setupRequestInterception$1.invoke(SourceFile:2)
06-18 13:45:48.064 W/System.err(18585): 	at io.ktor.util.pipeline.DebugPipelineContext.proceedLoop(SourceFile:86)
06-18 13:45:48.064 W/System.err(18585): 	at io.ktor.util.pipeline.DebugPipelineContext.proceed(SourceFile:26)
06-18 13:45:48.064 W/System.err(18585): 	at io.ktor.client.plugins.RequestError$install$1.invokeSuspend(SourceFile:47)
06-18 13:45:48.064 W/System.err(18585): 	at io.ktor.client.plugins.RequestError$install$1.invoke(SourceFile:1)
06-18 13:45:48.064 W/System.err(18585): 	at io.ktor.client.plugins.RequestError$install$1.invoke(SourceFile:2)
06-18 13:45:48.064 W/System.err(18585): 	at io.ktor.util.pipeline.DebugPipelineContext.proceedLoop(SourceFile:86)
06-18 13:45:48.064 W/System.err(18585): 	at io.ktor.util.pipeline.DebugPipelineContext.proceed(SourceFile:26)
06-18 13:45:48.064 W/System.err(18585): 	at io.ktor.client.plugins.SetupRequestContext$install$1.invokeSuspend$proceed(SourceFile:1)
06-18 13:45:48.064 W/System.err(18585): 	at io.ktor.client.plugins.SetupRequestContext$install$1.access$invokeSuspend$proceed(SourceFile:1)
06-18 13:45:48.064 W/System.err(18585): 	at io.ktor.client.plugins.SetupRequestContext$install$1$1.invoke(SourceFile:2)
06-18 13:45:48.064 W/System.err(18585): 	at io.ktor.client.plugins.SetupRequestContext$install$1$1.invoke(SourceFile:1)
06-18 13:45:48.064 W/System.err(18585): 	at io.ktor.client.plugins.HttpRequestLifecycleKt$HttpRequestLifecycle$1$1.invokeSuspend(SourceFile:78)
06-18 13:45:48.064 W/System.err(18585): 	at io.ktor.client.plugins.HttpRequestLifecycleKt$HttpRequestLifecycle$1$1.invoke(SourceFile:1)
06-18 13:45:48.064 W/System.err(18585): 	at io.ktor.client.plugins.HttpRequestLifecycleKt$HttpRequestLifecycle$1$1.invoke(SourceFile:2)
06-18 13:45:48.064 W/System.err(18585): 	at io.ktor.client.plugins.SetupRequestContext$install$1.invokeSuspend(SourceFile:42)
06-18 13:45:48.064 W/System.err(18585): 	at io.ktor.client.plugins.SetupRequestContext$install$1.invoke(SourceFile:1)
06-18 13:45:48.064 W/System.err(18585): 	at io.ktor.client.plugins.SetupRequestContext$install$1.invoke(SourceFile:2)
