06-15 22:08:28.635 V/GSK-APIS( 9666): {	payload:	4Ne75+FULCKyA9OEzx8S9KKMyWM5ZRHsxLEXSg/A14jrtziSlteQmKgSLnzD4SIWrOLRSATGw/RsqTQzc+sNtNdLZ5tctUs8DkaECJA5Y+9/F0wKJr7+iM0Ayfv9cSn1h06G6R4BPnwFLTliYkqT5UXuA95LWFRz7xJgTsrlSmL6Fqd5EOy/EoVD1XTVDTwaAS1N5xaN43wFk6mLyXHu1UtUvIQ+rPG+FDT9+ZJZ3QY/OxnnQEg7NpvdLISTp+Eff2tIhxoMxqP7RyHnaHCaYGv/hehPdgldCUKqFnFacB6yUMyQQzqYUtxbX9JPGt5do7s/Jdd0aWl3j8+CRdqIKSchA7wIBoMBx7D43bDTv6VJKJcZO0uT1Zn+5+uxDoiRpfIS30em3xikCCSAZ4rhR+HTbrb/gTl+16qLDe3HJgTDkbVcOs7fuTg/7cxgiKr31nuVlOfy35IsD7EelrWayW17sLMu+JSw3Dh1iWqQvR2Y4VxyzxyHkdUW11X4UMdFlFZgJdUd45c4pmBDpWt+hav/94E6jgv8w9Xj8h0jHAGwX5UaRux+Xm4jQZfzJGzmuYD1LXBDJExdyRndWEHNuIKsyods7aLAatKwH8Rbm3ZPBRzEExrWJb84MPEN1Ro4+dEdhdsHd32MhhL5kDC/TJwpfxMgR+WTSkh+zRTdiU2FT7FeWCdnFxpI8ydopnXzwtuXrXcwv8uTJolNHiYsBII6q9g49mTK4uImbmb/cRMLmLZQnFAGhhwcx0Q1ajmw5kwXDXNCOdrD//HXlUaTvMyPKAjgRU4Dp/hlwc6pagM0LV64Jh/Yvsb0+KKgPeYkLYryx9whfdXu5nHVR/makT3Hz/WLpefYNeI2IG9cmwwg/hcG/tGeAY0hwlrEeG+JpgvkLhqA6Qgk3UH6bGwPTzjmsi5o3O9+tq9GmyQYMsZgkDxGd3AQKKDUlhi7yM1OcCm0LWpM3JlpF9cD30ghqZggSPFIP9Dsj80ycYL2u1FRg4m2kynQ5CWR4UhpHIdlWPFc4FjysbHMO1msCYRC8ItNwxsh3+NlJv1uUueD9BZnJQgRjQSIrJMZs+Y6Hoks0Awf1S0RE5+vCCNPVMnInA1YGbTMRw8MeeBhSM+c98gPjxGI0Ocv6iiD3UPv22+yJYJ12pOrgCMkdzA0+DASB28KNP3oa0mbomZUdLb+lWWQjFlH20RS+UZMVDxRBeRuqqM97ojh6/O/lMqMEPjcVXyxe5EX9xnG+nAhIPZd2HOhETKQIJIAnnB+b247A+HkTizFjvU7ZY8GZXnWTfN3cqtbHRDkzn4LxI3ezelPZl8ihdhDCPQCZIwn9PIkxgd/QbyH5UkZ6jvWmH2pVU2KqoHQBToW1J2bOhdNLUObukS2dDPJ6gj1PqHt6ajksf+EIy/1Z/JHXDQ3U5aN7oRISNiDsPC0qJVNsh7lO3+G+Q/ItWSqF2W2vuYpRaMdTdamAhmbuU8ts2MZFr1yN4BbBHAahuXp5Jp0YffUrMo113abA50K9OITvLELx49ACQEkTgqJRnd87qwx7elI7rJohugHO0QnVOqkXP3ktl/JCV026KYIbczLLk56dujEE4jrD8I7Jdmb29z+teLXKBmXHHyuV4NTBVxS3uTju7aU7kUuyHgNvaXs3Zs4fFaw+fg+vWVJHDek2xOereuw0cXWmwmx4ZrNZJntatkzSHD4j611Sq06g3rKtcZX5kEksg7syGtagQQp6wTaL/v7jQ7P4b6j2uN+5uyqiX6Fp+DxFmIhFWuv8Nh5E+AtVoIs6MVo7gPh9duULbtD2zrOwsLoYKNfqOOiDR2XP9A6A5SF0s+s6mAPrc5bHKciXD5fU2JbJQhMwX1cefRLdRr/0ki4F+kHtI14WAghBGY9vlhxYrTi/db5IZ8jzD/VEqwNGp+TEnot2NIeM17Hc6xmzzP5MPzlFERgY7W3HDieBkBp3LdMlOkPdBSxq85xx55z3M7uH0NhZ5eYmvIjRTqMtL6qX50ZyxDMDb45YOo33he9WKbcrMzcvPLT8kWsfCUP74xZzovbshsuqEuXWTgH+VTKOaAhpSwyeokDXNFba6/xx5V3DA8T7pXCOndKLCwKkvQQqcH0N6XMnNPl7nT5ktKhEz8VOUC1vwUPh8JhbgtT6Z/a/+gRdmxwkIzoYuoDpahlVxWcf4rX7wGIVCird4u8ElMBSBYj5/NR7ZpMAnXk6yptWgRz2to4MzPtuMo/FBnfuRrn89kprKRbzPtpkjDPnjcraev80IL0ZDYsyjkjAN6crG8wIZa0050ESF/IgpVUs7zUZrvsuaoysHWvJqy2bp+S6g4Bl9SoUmtXN07BlQNk8TJRlmpYdi1MwvtwL9yUF84iXzgGv4dB9sgL1bArekX10Kmo94+oL9tiHeI1p0RcVJnkp6Q2M13GPNGt3Hzz2Rq4Huz3nP2I48N3cI0smCwUlEqOa8FDyUpRx1BUEkwQVltvB73OcMa63VlYqeM/x6xjYicPmoBWUyJjXvJX01dhHrm13uqFdSZn2odhl3SlR33oc4JJwNypYImzqjZJ43vAGkcjY9Uo/dNLZMi6BzENhnR+VPO6Gy7iVs9a+lJi/UzmN5dFaWEOY5cRyWSvmMHdaavpXBBYnlRuxVrTyXfOaMrr0WzeOwg5u+OcYNNSyyDZEtln6cSnKybNMvPgzNFdvXmyZegFYHmAAPx6/MjkAM8IkDoCs8RPhgGzUiPA/4VUi1YhdSuxwJVejyEgjRVe1z3WIFcCwUwPRHV/gilYPFIdY5+ZCPa0786ehRip/3xyZcrZ0IJ8RHe3UovB0EZtwdO9pBrsQqPLOXK5mCMaEgir5DKgy6qrcwFE2grqyM3Uq9RC0FN4d1rva64ZrH+KFtOWVNDMUTRRCneDpYmnW0MFgDdZYrLh8qnbXgZfkHsFT7kgRTVbsYvKTmfD6uyNaiupPXOGTYvrUcbbqiJv/z99/+XV/kN4wYZ0NitGOE9GOEXHt8zjvrU3tngXCAnq4atgqB0huWFQiCbWgyVM+fHg6bQCk+G7ZOOMt78sw4YGyCCa6jbnr/qN0h9Rs97pvlWzbNzCnsmXgb0wHiHsuEmQ36EgLOrDIX6Xuogk+eNyut0Wu/GtFYo7TGOQixmgzWYRbJ73k34azJ9C/QtSlzoxfg3yib5R+ZMHqTjFMozcrhHstk+RlMg6JS2Tum8HwR1haKccOaK7n1wuLZ0akokhf2N3WQA41DqZP4wRUEI37t/zntixNUws2046kdUTan39sGoEHZzQoZAgxR2v6g+mnqf5Cd3fqJbWnyBKYeMPE4nuzFrawmyZ2PxDvm+04ewaW9o5TKJmlTdsou41tbs5AL2wBr3f/HJM9xtm1LwgscERDycBz/HW5B7g0kqnujwJNI7/1POYIyiBdVAsaudXx9i8cEJYILZEGZrCZYcjd/5QvhlxANfYdKigZAcuMSrJw/v4CZsHHvZgQ5qZxJPEt0QF64LW3gnt8gUcmtM/qP6dxK7lkGF9sgR3OVHQeTbzdZzLPY1SXEi5o8vutNIiSRA8d6DWopPeZAmpXjfkmgrtD0yhD/lU21YVfhDnFU5WqYT2LoK3bvaZbTQMrKYOIWzee80dAO1xTYmqN3zHqnT010P+Famkfw6io5SriKfpRg9FynVUXJJ1SUonYRXqGoGMrZIkgcBqoHJEeEUiaTidGdqUkzImpacIatQH4PwksbtgYpRYIOY/u3kO6RXs5X3uWtrofU+fBA7xW7HlXDx+GKLYRLEX3ZUrl+0fMQKgkBoTbEbx2fobxA/X0iJ2IFCWIpkKIMzDNwoYfaWdCpn8zjfwPMtewzPYGXlkgTW3h5iqQW+fnEEKW0cauZLz6eQWKdzFxNZ/Qkg1ZUly1wTRMMUEqvofFIJFADUR+6WxO2A0MUFO8RR46FBkF6aeUARgunbbEBoFIIWSO9UeU6BLj3ZClrw4xZZEQpS+0ys6FEHdrk0vI/89BI5qtcXHZLuYbL2ZeU6R2lG2eaN
06-15 22:08:28.635 V/GSK-APIS( 9666): 0z4k6lI5gypi/2A4T/+Qp5HKJpUmpnrmvDOxlNVIqTJLD6QNQhbogH7TnWxV0LPKji5a94YpbGXgZ1J4/+xGLlUdjhyxn8dHJbfSJch474/uNZrlcisQscsRRXlZsEl61sZYP3GHnUPQ06g89PUyd1G15OiG2avfzYaM6S29+pYmsnJ/JNcR3h523Qc0WfjjWqn25YUUR3KTQgS+kcR68oBpNo5NnoHhbjitNkkCaE2g7iuSgH/51dNJZueYI+i6vTXVkW1av66Or4WqSMQB30I2AxwVxao0EyGLtY+48t2Hnr4U3/BHnhd+lWQlJOxA+WnFzyNrh0rdGFwkVsTsICao0D7rO2TLPvyNR0049Jlntmu+eJZBuhUQnvMQIboMVHZ7vs4WajyOpJX6CQ/IoTh1iRy3k5AnQWnq+VxxXn7hIugBSb0h4/2t2C5MtF4wVUTXSPGiIr7hannizRBrnc5VlWq4jdTrSHmbO2rS+HWLrAECnFa4yWfLOReEVSiksOyhqGTZZrTqnST/47nPzA7lZEElvJfDkYAQn1SIYoVPOHdvCpgEZjcFvEX/Qh2+TJvBvafzaETY5RFBu23TPaK3w8MgbvOqV9lboG0QQE58LgtXffxgHdFWPTmxNjabCGwS/ydqAKg0+WoHo6SK1yxJw0tfpZQtMkfxkQf0iS0BGtCvHFFub3M97DHw+1uOqJUdZbHVflqICOkgAzfkMm8eaTENSqr+vIRBTo4mMULht6Yd5TWjcARki4YKIynKRHDh7AzgrBijxMk7JV0ARK2Sm8PPfdyo2X76qJUGGH4mhm9Bn2wZcFaZTHxOL3HDvKlQkhtCFGYW8ufNvvBV3F0GEoratY6+cnPOWuIn6nRWtn0xG9YP2HcI9BOBD1WXBQaoHvUTdOf7MFvE2nPTesmqxlZ2yN0nlkrze0+YOrJYoAyvHN3Nuh+wvl71pNyuAoaCf0cb6ctqrzGplNYuM0nq2kzkNmPVd6yAWBZm5jb7v4LGOe1Iu03rWBM8sVlE4KlupKWFDSLXQG0GZsCmZRXwM2P8WOllYkYwi3inM9t1LjvQr1BsW5w7/Q4zjqClh2+29sYXbTVYvTBAXTHVUQE/72J09bH3iO9apCjhOeZiMeT+y6QDIMHR0ToPUqHWgfFjwGTk0JrnYZPPYYUPNpHgCe2xCqCb4fG9CRJqaxco4zP3zdVYzL0eg2qP/lWWMbDrKg8QhOx4LoV3GUNZmP5ECxBUNjOdRcWf/+7Ygcz/HICMEeicRE838w8upIcBjLbb9A+kZp0GJF3EzQyF11dkLoNOqdjIq/RThp1c9Xfei8EdNRc/2zU3jUw+vyJ7qJ9eY51Krah3LnM+AYgwMMlWorbVo8GznpbniEJGVffKEs4IVdGrD58JIuzryjd7B/Rmb8F5Y3Py0TjZTzriCq2vN9a6QJ7fVI7HJFeGDbXu7umdVpW1V4cR210UHxQTEuj88q4uTRdsVIznhnG3fH5BkqFOK02mWX4QQ03MWYjQJtHybneULxpZVRxMTdP+Y8XQY1erH86DAqVhWIzevBpPNCq5Lf6qDQrwsoU7DYRomQWcitC85xc7V32DtLXQJGBAzzrHTDQG4spYEMpX4vSW+0KaDCFmiVZaWnbwTMaIgOvjwPpI2QZPRm8+JjXiTZ3staSNHVx837r8OB0nUxtKG1Fo5PolHfQvQaOaxV4vq0i6NFoWZx+8upeNGIMon8gB1CxCtHt4HAZi/Nb6tij62GDHnFqsCVo5EfPNlnu2FsIEwCAok4r3YEIL8mMNmcoddBtlkVt/o7ERHP8gCN7X44+ma2pFps3Cr3ZWbLSTcvRDXHsQeC5g2KydaQ3Vv7OoY4DAnR2oSd+VaSZvI2H6FRt0f/6YfOtKnb/+a8UhMYukxmxQZmiRNVgUeVlSMQ7G1t7Qkd61P+EDi3stgYuRAAqgKVij9mmYXEp85YfcUnMVMSfJLXKT7meKDAmjzCnX5XQnOepYEOfX0l8TDS3mDsevKkLY5NlpkZ+dk6hItoumq7RemjO2v4GFeRba+CeRw7woA33qH6euKx1Sbj05X9KTPW175QclUuHaZzr4WQsDjj/APL+e/Ncr4o5n2dItlXmeq7vmsOnVleHqWCL6TrDZDHgAVY2fZ24DhiNM/MV9reOY73Dr2EQgXZfpnnrAHC+HND8qgexEWHwQT8oxmQroAK8dSSF0Y+M30PD3nIy0HzVulmYkqacKCckHtR28EB80H+UrFFVhHsSPgQf82a7Fk0UsiAPHZwWkOKOl63JMzIpi+FnfUdvJ6+oGTi+Z0swfBcfrF0InyEGpK0xwh8rmjedAlBuqzsN2oMhiNAUvLy3INnLcH9Rbj+TWH6IQNHYz/Zc3y6bVeDkwvm3I8RfnwmZ9m4gcL8QINLVNI7FGuEfvhsYmWlH8hF/kugJ7GZtYt8p/7xtMiSgy+M7yd7RdXj5rhoPQmUSyVEs1mqtRg27rgTntAlhO7Dlp+H0Dd9g0K9/VdLIcEB6L8U0yf96nG67BfE4Fh3mi94e2eH+wOCXI52hDmLkPdtA93rIskVbajGcNFzWXbdKKohPwUx2wR9PpbRjy6V8p12UNjsDczLC36LlZr6zFBmweLLGgedPPLGeTw7LLFJl57YkaVyZQ8zohDBQgKox2Y1HpnJQFKtRjsw0zz4LvTrHfrPcKmuBCfpfvAgC6EhiVbZ9z5Mrqa0++kF3amhkNQ9J0FD7uk8OETcVL99mfMeG4ePY2YAmAKpQ6kRvPGNgpFXzLUd5A8fIJ2okyRC0t3zwyDrHyOpaZafHoImH6N9jcdbgW3pW7vUQY2M9H3e9vnEsPQwtu3F497jUy9zLyloxSLtBomMsDvn4MbHw9uHHh7bnOO16KQR00vVDTIeurylN9LuvzQXG8LGTU1Qv0VFQXC25HM/3Kmgg42e0HVUr0cwFh9TeGz0z6hdmQD+OU5WRbqtJ2pIcb/X11LSKWgJFu833tSfxORJOkPxMG0fT10TGRPH5fc1wvnZDGMYKMcpk/gUJQYgKWcBP+SG7KV8e10mdFRiO/ha8Vf81RbrjWnCKz9/+WN8kepTSfl4AKBMNtQZqEjHjOXn7Dhdt4quPMnpp5PZasaRe0DPn2GoOtJ6Sxz3bvcCfiorcD15lXHospZmiYhIO/9L/T7rILwFsTcfOp/1mSrdnDJY80suygqkaHx7XWI3q2gQvP6YI5T+PABzEypk0aKCiBHuNbuP5u3yZAJy9enQWLo0vzARwfwN+xmpVsqpJhFmxZ60teI+giAq+yRmSlT3B4oaeTITdMBFcNQ4TMcJNmYXXLzHaizejWWd8a2eRhkYqHiOfzBfIfbNkjwPAdXJPBiJs8ZYScZmdRI45PiHnP6Wol4yrsGJ+w3ZhqOYEWdbvKSAcOHrClnVSD0jvBSa3PBCafzpUBmj3lQOnW04/zn7ajPLFWoTscL/qYy9qv3eXA/t+msLmGAoBFEcqZBK/tw4PbgxrL9IGV38xPpBOep6idSz7rEy8bGXa7JzbuFRJmulLjGv8FqTw22trEpZJNiYcsoh5zfuk1PeoBHYTKOMQZl+/GQqD/g5GLNMYeHU3fUS7c4wA0nsnugi8Xf5iqnJ9EQwWKPuvRGwlk2TRUJ+u9iKnjvxwMQK/xKJJrjTLPHYhx9Lssq/urfyO0k5X3uJb5ePvd1k0SVeYMcdAc6kQzKSNVAxcYkruNJeOGA6q3O3rKOCrj2ivZdDJVB0Zd2tX0dd8oI3FcTDFzx5lZ2wWgE2OBDmiZWFBSgrVXFyA85cs/e+PaDRwiBIpHHQJjH3OPXwgweiG3Rudl2eYCedILkutGnkDAZHlI8gV4fVf5Oy78psxQqX6hrGicrEXU/jdWizE/R88+H5iWyVyg9JnNWWDeKk6uUzT+1g0dVKAx4h+pZWXpVqPDl07LbwifylWujwoPk/1tgndaTBl/pb1SN+S1SPDkCr92HtpWFH20cjurcI0+Ntmk8SOjmh6uXUtmpWurWDCxlBasSvM1jP
06-15 22:08:28.635 V/GSK-APIS( 9666): 7FRs0OX5WTMixLBaCMNGJ3Vu9Ua+PTzgMMa4fKqWTMzlaJPfACln2sXl/m07zuKxiQ+Dxc8aeBcGnYbzz85YyFaO7BThhcPIz/A1Ys2C3ZuppwjXI8OT0O7gPPnlebZrg1aFL4tEYaX0LBO9PL6jfnKuueX27xqoRssHme/Mo7S/NH1PuEn8NLiLpqXBE3qnwfZKsQfwe8OK8OoK/HN2KcMqrUJ5S0NlVTE82uP8nkQt3DVyRmGFlz76yXMAmuGbA1IgDaELwzD2qCt8qZ9BDK4+zRZCuamPiygIPJnNmUfUbVUdd2/Qw2euk8CzqtrnLpqCn1oa+qVPh1nL4NCRNQs8c8Je1zk1GHICesQQEHF5Nd2Dco+BkVWUzPIi3DmvIY=
06-15 22:08:28.635 V/GSK-APIS( 9666): 	prot:	ACM30
06-15 22:08:28.635 V/GSK-APIS( 9666): 	signature:	6e55a41701f6c1dfc738751f73fe3c2837bf45dc
06-15 22:08:28.635 V/GSK-APIS( 9666): }
06-15 22:08:28.636 V/GSK-APIS( 9666): request to: https://gtt-app-apigateway-lion.vdemosit.com/api/enduser/messagecenter/message/query/v1
06-15 22:08:28.644 D/AndroidAutoSize( 9666): tech.gtt.frontapp.stb.m.home.activity.LoadingActivity used the global configuration.
06-15 22:08:28.645 D/AndroidAutoSize( 9666): The tech.gtt.frontapp.stb.m.home.activity.LoadingActivity has been adapted! 
06-15 22:08:28.645 D/AndroidAutoSize( 9666): LoadingActivity Info: isBaseOnWidth = true, designWidthInDp = 1920.000000, designWidthInSubunits = 1920.000000, targetDensity = 1.000000, targetScaledDensity = 1.000000, targetDensityDpi = 160, targetXdpi = 1.000000, targetScreenWidthDp = 1920, targetScreenHeightDp = 1032
06-15 22:08:28.645 D/UiDevice( 9757): Searching for node with selector: BySelector [RES='\Qtech.gtt.frontapp.stb.demo:id/account_login_tv2\E'].
06-15 22:08:28.646 W/QueryController( 9757): Could not detect idle state.
06-15 22:08:28.709 V/GSK-Account:AccountManager( 9666): isLoggedIn=false
06-15 22:08:28.711 D/AndroidAutoSize( 9666): tech.gtt.frontapp.stb.m.home.activity.LoadingActivity used the global configuration.
06-15 22:08:28.712 D/AndroidAutoSize( 9666): The tech.gtt.frontapp.stb.m.home.activity.LoadingActivity has been adapted! 
06-15 22:08:28.712 D/AndroidAutoSize( 9666): LoadingActivity Info: isBaseOnWidth = true, designWidthInDp = 1920.000000, designWidthInSubunits = 1920.000000, targetDensity = 1.000000, targetScaledDensity = 1.000000, targetDensityDpi = 160, targetXdpi = 1.000000, targetScreenWidthDp = 1920, targetScreenHeightDp = 1032
06-15 22:08:28.750 W/WindowManager( 1965): Failed looking up window session=Session{bb663e5 9666:u0a10058} callers=com.android.server.wm.WindowManagerService.windowForClientLocked:5850 com.android.server.wm.Session.updateRequestedVisibilities:640 android.view.IWindowSession$Stub.onTransact:1175 
06-15 22:08:28.800 D/gralloc_nox( 1771): gralloc_alloc: Creating ashmem region of size 8298496
06-15 22:08:28.845 D/ProcessState( 9804): Binder ioctl to enable oneway spam detection failed: Invalid argument
06-15 22:08:28.849 D/gralloc_nox( 1771): gralloc_alloc: Creating ashmem region of size 8298496
06-15 22:08:28.860 D/UiDevice( 9757): Searching for node with selector: BySelector [RES='\Qtech.gtt.frontapp.stb.demo:id/account_login_tv2\E'].
06-15 22:08:28.864 W/QueryController( 9757): Could not detect idle state.
06-15 22:08:28.895 D/gralloc_nox( 1771): gralloc_alloc: Creating ashmem region of size 8298496
06-15 22:08:28.979 I/ActivityTaskManager( 1965): Displayed tech.gtt.frontapp.stb.demo/tech.gtt.frontapp.stb.m.home.activity.LoadingActivity: +399ms
06-15 22:08:28.991 D/CompatibilityChangeReporter( 9666): Compat change id reported: 171228096; UID 10058; state: ENABLED
06-15 22:08:29.008 W/DataBinding( 9666): Setting the fragment as the LifecycleOwner might cause memory leaks because views lives shorter than the Fragment. Consider using Fragment's view lifecycle
06-15 22:08:29.024 I/MediaFocusControl( 1965): requestAudioFocus() from uid/pid 10058/9666 AA=USAGE_MEDIA/CONTENT_TYPE_MOVIE clientId=android.media.AudioManager@aa3217f callingPack=tech.gtt.frontapp.stb.demo req=1 flags=0x0 sdk=35
06-15 22:08:29.024 I/AudioService.FadeOutManager( 1965): unfadeOutUid() uid:10058
06-15 22:08:29.030 W/MediaProvider( 2579): Failed to fetch original file descriptor
06-15 22:08:29.030 W/MediaProvider( 2579): java.io.IOException: stat failed: ENOENT (No such file or directory)
06-15 22:08:29.030 W/MediaProvider( 2579): 	at com.android.providers.media.MediaProvider.getFileFromFileDescriptor(MediaProvider.java:5822)
06-15 22:08:29.030 W/MediaProvider( 2579): 	at com.android.providers.media.MediaProvider.getOriginalMediaFormatFileDescriptor(MediaProvider.java:5739)
06-15 22:08:29.030 W/MediaProvider( 2579): 	at com.android.providers.media.MediaProvider.openTypedAssetFileCommon(MediaProvider.java:7162)
06-15 22:08:29.030 W/MediaProvider( 2579): 	at com.android.providers.media.MediaProvider.openTypedAssetFile(MediaProvider.java:7143)
06-15 22:08:29.030 W/MediaProvider( 2579): 	at android.content.ContentProvider$Transport.openTypedAssetFile(ContentProvider.java:548)
06-15 22:08:29.030 W/MediaProvider( 2579): 	at android.content.ContentProviderNative.onTransact(ContentProviderNative.java:327)
06-15 22:08:29.030 W/MediaProvider( 2579): 	at android.os.Binder.execTransactInternal(Binder.java:1179)
06-15 22:08:29.030 W/MediaProvider( 2579): 	at android.os.Binder.execTransact(Binder.java:1143)
06-15 22:08:29.030 W/MediaProvider( 2579): Caused by: android.system.ErrnoException: stat failed: ENOENT (No such file or directory)
06-15 22:08:29.030 W/MediaProvider( 2579): 	at libcore.io.Linux.stat(Native Method)
06-15 22:08:29.030 W/MediaProvider( 2579): 	at libcore.io.ForwardingOs.stat(ForwardingOs.java:853)
06-15 22:08:29.030 W/MediaProvider( 2579): 	at libcore.io.BlockGuardOs.stat(BlockGuardOs.java:420)
06-15 22:08:29.030 W/MediaProvider( 2579): 	at libcore.io.ForwardingOs.stat(ForwardingOs.java:853)
06-15 22:08:29.030 W/MediaProvider( 2579): 	at android.app.ActivityThread$AndroidOs.stat(ActivityThread.java:7775)
06-15 22:08:29.030 W/MediaProvider( 2579): 	at android.system.Os.stat(Os.java:919)
06-15 22:08:29.030 W/MediaProvider( 2579): 	at com.android.providers.media.MediaProvider.getFileFromFileDescriptor(MediaProvider.java:5816)
06-15 22:08:29.030 W/MediaProvider( 2579): 	... 7 more
06-15 22:08:29.035 D/NuPlayerDriver( 1870): NuPlayerDriver(0xf09c1cc0) created, clientPid(9666)
06-15 22:08:29.041 D/SurfaceUtils( 1870): connecting to surface 0xeb5c4ba8, reason setVideoSurfaceTexture
06-15 22:08:29.042 D/NuPlayer( 1870): onSetVideoSurface(0xeb5c3270, no video decoder)
06-15 22:08:29.048 D/GenericSource( 1870): FileSource remote
06-15 22:08:29.053 I/SampleTable( 1859): There are reordered frames present.
06-15 22:08:29.059 D/MediaBufferGroup( 1859): creating MemoryDealer
06-15 22:08:29.085 D/MediaPlayerNative( 9666): getMetadata
06-15 22:08:29.097 I/GenericSource( 1870): start
06-15 22:08:29.099 V/GSK-APIS( 9666): received response >>> id: c4c07f66 url: https://gtt-app-apigateway-lion.vdemosit.com/api/enduser/messagecenter/message/query/v1 statusCode: 400, exception: null
06-15 22:08:29.099 I/System.out( 9666): [SDKInterceptorPlugin] Unhandled exception in request processing: Something went wrong while connecting to the server, statusCode: 400
06-15 22:08:29.104 I/OMXClient( 1870): IOmx service obtained
06-15 22:08:29.106 I/OMXStore( 1880): makeComponentInstance(OMX.google.h264.decoder) in android.hardwar process
06-15 22:08:29.110 D/SurfaceUtils( 1870): disconnecting from surface 0xeb5c3278, reason onConfigure
06-15 22:08:29.112 D/SurfaceUtils( 1870): connecting to surface 0xeb5c3278, reason connectToSurface
06-15 22:08:29.113 I/MediaCodec( 1870): [OMX.google.h264.decoder] setting surface generation to 1914888
06-15 22:08:29.113 D/SurfaceUtils( 1870): disconnecting from surface 0xeb5c3278, reason connectToSurface(reconnect)
06-15 22:08:29.114 D/SurfaceUtils( 1870): connecting to surface 0xeb5c3278, reason connectToSurface(reconnect)
06-15 22:08:29.115 I/OMXClient( 1870): IOmx service obtained
06-15 22:08:29.116 I/OMXStore( 1880): makeComponentInstance(OMX.google.aac.decoder) in android.hardwar process
06-15 22:08:29.118 E/OMXNodeInstance( 1880): getExtensionIndex(0xf26015f0:google.h264.decoder, OMX.google.android.index.enableAndroidNativeBuffers) ERROR: UnsupportedIndex(0x8000101a)
06-15 22:08:29.118 E/ACodec  ( 1870): [OMX.google.h264.decoder] setPortMode on output to DynamicANWBuffer failed w/ err -1010
06-15 22:08:29.118 E/OMXNodeInstance( 1880): getParameter(0xf26015f0:google.h264.decoder, ??(0x6f600011)) ERROR: UnsupportedIndex(0x8000101a)
06-15 22:08:29.118 W/OMXNodeInstance( 1880): [0xf26015f0:google.h264.decoder] component does not support metadata mode; using fallback
06-15 22:08:29.118 D/SoftVideoDecoderOMXComponent( 1880): Color Aspects preference: 1 
06-15 22:08:29.118 E/OMXNodeInstance( 1880): setConfig(0xf26015f0:google.h264.decoder, ConfigPriority(0x6f800002)) ERROR: UnsupportedIndex(0x8000101a)
06-15 22:08:29.118 I/ACodec  ( 1870): codec does not support config priority (err -1010)
06-15 22:08:29.118 E/OMXNodeInstance( 1880): setConfig(0xf26015f0:google.h264.decoder, ConfigOperatingRate(0x6f800003)) ERROR: UnsupportedIndex(0x8000101a)
06-15 22:08:29.119 I/ACodec  ( 1870): codec does not support config operating rate (err -1010)
06-15 22:08:29.119 E/OMXNodeInstance( 1880): getConfig(0xf26015f0:google.h264.decoder, ConfigAndroidVendorExtension(0x6f100004)) ERROR: UnsupportedIndex(0x8000101a)
06-15 22:08:29.119 E/OMXNodeInstance( 1880): getConfig(0xf26015f0:google.h264.decoder, ??(0x7f000003)) ERROR: UnsupportedSetting(0x80001019)
06-15 22:08:29.119 E/OMXNodeInstance( 1880): setConfig(0xf2600550:google.aac.decoder, ConfigPriority(0x6f800002)) ERROR: Undefined(0x80001001)
06-15 22:08:29.119 I/ACodec  ( 1870): codec does not support config priority (err -2147483648)
06-15 22:08:29.120 I/MediaCodec( 1870): MediaCodec will operate in async mode
06-15 22:08:29.121 D/MediaCodec( 1870): keep callback message for reclaim
06-15 22:08:29.121 E/OMXNodeInstance( 1880): getConfig(0xf2600550:google.aac.decoder, ConfigAndroidVendorExtension(0x6f100004)) ERROR: Undefined(0x80001001)
06-15 22:08:29.122 D/SoftAAC2( 1880): get OMX_IndexParamAudioAndroidAacDrcPresentation
06-15 22:08:29.122 I/MediaCodec( 1870): MediaCodec will operate in async mode
06-15 22:08:29.122 D/MediaCodec( 1870): keep callback message for reclaim
06-15 22:08:29.129 I/SoftAAC2( 1880): Reconfiguring decoder: 0->44100 Hz, 0->1 channels
06-15 22:08:29.129 D/SoftAAC2( 1880): get OMX_IndexParamAudioAndroidAacDrcPresentation
06-15 22:08:29.130 W/ResourceManagerService( 1870): Ignoring request to add new resource entry with value <= 0
06-15 22:08:29.131 D/SoftVideoDecoderOMXComponent( 1880): Color Aspects preference: 1 
06-15 22:08:29.137 E/OMXNodeInstance( 1880): getConfig(0xf26015f0:google.h264.decoder, ??(0x7f000003)) ERROR: UnsupportedSetting(0x80001019)
06-15 22:08:29.151 D/AudioFlinger( 1780): Client defaulted notificationFrames to 11286 for frameCount 22572
06-15 22:08:29.152 D/MediaCodec( 1870): [OMX.google.h264.decoder] setting dataspace on output surface to #102
06-15 22:08:29.153 W/ByMatcher( 9757): Node returned null child: android.view.accessibility.AccessibilityNodeInfo@30f3d; boundsInParent: Rect(0, 0 - 1920, 48); boundsInScreen: Rect(0, 0 - 1920, 48); packageName: com.android.systemui; className: android.widget.FrameLayout; text: null; error: null; maxTextLength: -1; stateDescription: null; contentDescription: null; tooltipText: null; viewIdResName: null; checkable: false; checked: false; focusable: false; focused: false; selected: false; clickable: false; longClickable: false; contextClickable: false; enabled: true; password: false; scrollable: false; importantForAccessibility: true; visible: true; actions: [AccessibilityAction: ACTION_SELECT - null, AccessibilityAction: ACTION_CLEAR_SELECTION - null, AccessibilityAction: ACTION_ACCESSIBILITY_FOCUS - null, AccessibilityAction: ACTION_SHOW_ON_SCREEN - null]
06-15 22:08:29.153 W/ByMatcher( 9757): Skipping null child (0 of 2)
06-15 22:08:29.154 W/ByMatcher( 9757): Skipping null child (1 of 2)
06-15 22:08:29.154 W/ByMatcher( 9757): Node returned null child: android.view.accessibility.AccessibilityNodeInfo@30f3d; boundsInParent: Rect(0, 0 - 1920, 48); boundsInScreen: Rect(0, 0 - 1920, 48); packageName: com.android.systemui; className: android.widget.FrameLayout; text: null; error: null; maxTextLength: -1; stateDescription: null; contentDescription: null; tooltipText: null; viewIdResName: null; checkable: false; checked: false; focusable: false; focused: false; selected: false; clickable: false; longClickable: false; contextClickable: false; enabled: true; password: false; scrollable: false; importantForAccessibility: true; visible: true; actions: [AccessibilityAction: ACTION_SELECT - null, AccessibilityAction: ACTION_CLEAR_SELECTION - null, AccessibilityAction: ACTION_ACCESSIBILITY_FOCUS - null, AccessibilityAction: ACTION_SHOW_ON_SCREEN - null]
06-15 22:08:29.154 W/ByMatcher( 9757): Skipping null child (0 of 2)
06-15 22:08:29.155 W/ByMatcher( 9757): Skipping null child (1 of 2)
06-15 22:08:29.158 D/AF::TrackHandle( 1780): OpPlayAudio: track:63 usage:1 not muted
06-15 22:08:29.207 W/MediaPlayerNative( 9666): info/warning (3, 0)
06-15 22:08:29.207 D/gralloc_nox( 1771): gralloc_alloc: Creating ashmem region of size 589824
06-15 22:08:29.213 E/android.hardware.audio.service( 1760): pcm_open called create stream faild
06-15 22:08:29.213 D/SoftwareRenderer( 1870): setting dataspace on output surface to #8000102
06-15 22:08:29.215 D/gralloc_nox( 1771): gralloc_alloc: Creating ashmem region of size 589824
06-15 22:08:29.230 W/InputManager-JNI( 1965): Input channel object '725f4c8 tech.gtt.frontapp.stb.demo/tech.gtt.frontapp.stb.m.home.activity.SplashActivity (client)' was disposed without first being removed with the input manager!
06-15 22:08:29.257 D/UiDevice( 9757): Searching for node with selector: BySelector [RES='\Qtech.gtt.frontapp.stb.demo:id/account_login_tv2\E'].
06-15 22:08:29.262 W/QueryController( 9757): Could not detect idle state.
06-15 22:08:29.263 D/AudioFlinger( 1780): mixer(0x7476fcea3a60) throttle end: throttle time(16)
06-15 22:08:29.384 D/UiDevice( 9757): Searching for node with selector: BySelector [RES='\Qtech.gtt.frontapp.stb.demo:id/account_login_tv2\E'].
06-15 22:08:29.386 W/QueryController( 9757): Could not detect idle state.
06-15 22:08:29.495 D/gralloc_nox( 1771): gralloc_alloc: Creating ashmem region of size 589824
06-15 22:08:29.502 D/UiDevice( 9757): Searching for node with selector: BySelector [RES='\Qtech.gtt.frontapp.stb.demo:id/account_login_tv2\E'].
06-15 22:08:29.503 W/QueryController( 9757): Could not detect idle state.
06-15 22:08:29.518 D/gralloc_nox( 1771): gralloc_alloc: Creating ashmem region of size 589824
06-15 22:08:29.561 D/AudioFlinger( 1780): mixer(0x7476fcea3a60) throttle end: throttle time(236)
06-15 22:08:29.615 D/UiDevice( 9757): Searching for node with selector: BySelector [RES='\Qtech.gtt.frontapp.stb.demo:id/account_login_tv2\E'].
06-15 22:08:29.616 W/QueryController( 9757): Could not detect idle state.
06-15 22:08:29.727 D/UiDevice( 9757): Searching for node with selector: BySelector [RES='\Qtech.gtt.frontapp.stb.demo:id/account_login_tv2\E'].
06-15 22:08:29.728 W/QueryController( 9757): Could not detect idle state.
06-15 22:08:29.832 D/UiDevice( 9757): Searching for node with selector: BySelector [RES='\Qtech.gtt.frontapp.stb.demo:id/account_login_tv2\E'].
06-15 22:08:29.833 W/QueryController( 9757): Could not detect idle state.
06-15 22:08:29.841 W/System  ( 1965): A resource failed to call close. 
06-15 22:08:29.841 W/System  ( 1965): A resource failed to call release. 
06-15 22:08:29.925 I/keystore2( 1708): keystore2::watchdog: Watchdog thread idle -> terminating. Have a great day.
06-15 22:08:29.936 D/UiDevice( 9757): Searching for node with selector: BySelector [RES='\Qtech.gtt.frontapp.stb.demo:id/account_login_tv2\E'].
06-15 22:08:29.937 W/QueryController( 9757): Could not detect idle state.
06-15 22:08:30.043 D/UiDevice( 9757): Searching for node with selector: BySelector [RES='\Qtech.gtt.frontapp.stb.demo:id/account_login_tv2\E'].
06-15 22:08:30.044 W/QueryController( 9757): Could not detect idle state.
06-15 22:08:30.148 D/UiDevice( 9757): Searching for node with selector: BySelector [RES='\Qtech.gtt.frontapp.stb.demo:id/account_login_tv2\E'].
06-15 22:08:30.148 W/QueryController( 9757): Could not detect idle state.
06-15 22:08:30.252 D/UiDevice( 9757): Searching for node with selector: BySelector [RES='\Qtech.gtt.frontapp.stb.demo:id/account_login_tv2\E'].
06-15 22:08:30.252 W/QueryController( 9757): Could not detect idle state.
06-15 22:08:30.356 D/UiDevice( 9757): Searching for node with selector: BySelector [RES='\Qtech.gtt.frontapp.stb.demo:id/account_login_tv2\E'].
06-15 22:08:30.356 W/QueryController( 9757): Could not detect idle state.
06-15 22:08:30.460 D/UiDevice( 9757): Searching for node with selector: BySelector [RES='\Qtech.gtt.frontapp.stb.demo:id/account_login_tv2\E'].
06-15 22:08:30.461 W/QueryController( 9757): Could not detect idle state.
06-15 22:08:30.567 D/UiDevice( 9757): Searching for node with selector: BySelector [RES='\Qtech.gtt.frontapp.stb.demo:id/account_login_tv2\E'].
06-15 22:08:30.568 W/QueryController( 9757): Could not detect idle state.
06-15 22:08:30.674 D/UiDevice( 9757): Searching for node with selector: BySelector [RES='\Qtech.gtt.frontapp.stb.demo:id/account_login_tv2\E'].
06-15 22:08:30.675 W/QueryController( 9757): Could not detect idle state.
06-15 22:08:30.781 D/UiDevice( 9757): Searching for node with selector: BySelector [RES='\Qtech.gtt.frontapp.stb.demo:id/account_login_tv2\E'].
06-15 22:08:30.782 W/QueryController( 9757): Could not detect idle state.
06-15 22:08:30.886 D/UiDevice( 9757): Searching for node with selector: BySelector [RES='\Qtech.gtt.frontapp.stb.demo:id/account_login_tv2\E'].
06-15 22:08:30.887 W/QueryController( 9757): Could not detect idle state.
06-15 22:08:30.990 D/UiDevice( 9757): Searching for node with selector: BySelector [RES='\Qtech.gtt.frontapp.stb.demo:id/account_login_tv2\E'].
06-15 22:08:30.991 W/QueryController( 9757): Could not detect idle state.
06-15 22:08:31.096 D/UiDevice( 9757): Searching for node with selector: BySelector [RES='\Qtech.gtt.frontapp.stb.demo:id/account_login_tv2\E'].
06-15 22:08:31.096 W/QueryController( 9757): Could not detect idle state.
06-15 22:08:31.202 D/UiDevice( 9757): Searching for node with selector: BySelector [RES='\Qtech.gtt.frontapp.stb.demo:id/account_login_tv2\E'].
06-15 22:08:31.202 W/QueryController( 9757): Could not detect idle state.
06-15 22:08:31.305 D/UiDevice( 9757): Searching for node with selector: BySelector [RES='\Qtech.gtt.frontapp.stb.demo:id/account_login_tv2\E'].
06-15 22:08:31.306 W/QueryController( 9757): Could not detect idle state.
06-15 22:08:31.415 D/UiDevice( 9757): Searching for node with selector: BySelector [RES='\Qtech.gtt.frontapp.stb.demo:id/account_login_tv2\E'].
06-15 22:08:31.416 W/QueryController( 9757): Could not detect idle state.
06-15 22:08:31.520 D/UiDevice( 9757): Searching for node with selector: BySelector [RES='\Qtech.gtt.frontapp.stb.demo:id/account_login_tv2\E'].
06-15 22:08:31.521 W/QueryController( 9757): Could not detect idle state.
06-15 22:08:31.627 D/UiDevice( 9757): Searching for node with selector: BySelector [RES='\Qtech.gtt.frontapp.stb.demo:id/account_login_tv2\E'].
06-15 22:08:31.628 W/QueryController( 9757): Could not detect idle state.
06-15 22:08:31.733 D/UiDevice( 9757): Searching for node with selector: BySelector [RES='\Qtech.gtt.frontapp.stb.demo:id/account_login_tv2\E'].
06-15 22:08:31.734 W/QueryController( 9757): Could not detect idle state.
06-15 22:08:31.851 D/UiDevice( 9757): Searching for node with selector: BySelector [RES='\Qtech.gtt.frontapp.stb.demo:id/account_login_tv2\E'].
06-15 22:08:31.851 W/QueryController( 9757): Could not detect idle state.
06-15 22:08:31.958 D/UiDevice( 9757): Searching for node with selector: BySelector [RES='\Qtech.gtt.frontapp.stb.demo:id/account_login_tv2\E'].
06-15 22:08:31.959 W/QueryController( 9757): Could not detect idle state.
06-15 22:08:32.068 D/UiDevice( 9757): Searching for node with selector: BySelector [RES='\Qtech.gtt.frontapp.stb.demo:id/account_login_tv2\E'].
06-15 22:08:32.070 W/QueryController( 9757): Could not detect idle state.
06-15 22:08:32.089 E/TaskPersister( 1965): File error accessing recents directory (directory doesn't exist?).
06-15 22:08:32.174 D/UiDevice( 9757): Searching for node with selector: BySelector [RES='\Qtech.gtt.frontapp.stb.demo:id/account_login_tv2\E'].
06-15 22:08:32.174 W/QueryController( 9757): Could not detect idle state.
06-15 22:08:32.286 D/UiDevice( 9757): Searching for node with selector: BySelector [RES='\Qtech.gtt.frontapp.stb.demo:id/account_login_tv2\E'].
06-15 22:08:32.286 W/QueryController( 9757): Could not detect idle state.
06-15 22:08:32.393 D/UiDevice( 9757): Searching for node with selector: BySelector [RES='\Qtech.gtt.frontapp.stb.demo:id/account_login_tv2\E'].
06-15 22:08:32.394 W/QueryController( 9757): Could not detect idle state.
06-15 22:08:32.500 D/UiDevice( 9757): Searching for node with selector: BySelector [RES='\Qtech.gtt.frontapp.stb.demo:id/account_login_tv2\E'].
06-15 22:08:32.500 W/QueryController( 9757): Could not detect idle state.
06-15 22:08:32.613 D/UiDevice( 9757): Searching for node with selector: BySelector [RES='\Qtech.gtt.frontapp.stb.demo:id/account_login_tv2\E'].
06-15 22:08:32.617 W/QueryController( 9757): Could not detect idle state.
06-15 22:08:32.729 D/UiDevice( 9757): Searching for node with selector: BySelector [RES='\Qtech.gtt.frontapp.stb.demo:id/account_login_tv2\E'].
06-15 22:08:32.729 W/QueryController( 9757): Could not detect idle state.
06-15 22:08:32.835 D/UiDevice( 9757): Searching for node with selector: BySelector [RES='\Qtech.gtt.frontapp.stb.demo:id/account_login_tv2\E'].
06-15 22:08:32.835 W/QueryController( 9757): Could not detect idle state.
06-15 22:08:32.939 D/UiDevice( 9757): Searching for node with selector: BySelector [RES='\Qtech.gtt.frontapp.stb.demo:id/account_login_tv2\E'].
06-15 22:08:32.940 W/QueryController( 9757): Could not detect idle state.
06-15 22:08:33.050 D/UiDevice( 9757): Searching for node with selector: BySelector [RES='\Qtech.gtt.frontapp.stb.demo:id/account_login_tv2\E'].
06-15 22:08:33.051 W/QueryController( 9757): Could not detect idle state.
06-15 22:08:33.155 D/UiDevice( 9757): Searching for node with selector: BySelector [RES='\Qtech.gtt.frontapp.stb.demo:id/account_login_tv2\E'].
06-15 22:08:33.156 W/QueryController( 9757): Could not detect idle state.
06-15 22:08:33.181 D/AudioTrack( 1870): stop(15): called with 200704 frames delivered
06-15 22:08:33.259 D/UiDevice( 9757): Searching for node with selector: BySelector [RES='\Qtech.gtt.frontapp.stb.demo:id/account_login_tv2\E'].
06-15 22:08:33.260 W/QueryController( 9757): Could not detect idle state.
06-15 22:08:33.364 D/UiDevice( 9757): Searching for node with selector: BySelector [RES='\Qtech.gtt.frontapp.stb.demo:id/account_login_tv2\E'].
06-15 22:08:33.364 W/QueryController( 9757): Could not detect idle state.
06-15 22:08:33.469 D/UiDevice( 9757): Searching for node with selector: BySelector [RES='\Qtech.gtt.frontapp.stb.demo:id/account_login_tv2\E'].
06-15 22:08:33.470 W/QueryController( 9757): Could not detect idle state.
06-15 22:08:33.562 D/NuPlayerDriver( 1870): stop(0xf09c1cc0)
06-15 22:08:33.563 V/MediaPlayer( 9666): resetDrmState:  mDrmInfo=null mDrmProvisioningThread=null mPrepareDrmInProgress=false mActiveDrmScheme=false
06-15 22:08:33.563 V/MediaPlayer( 9666): cleanDrmObj: mDrmObj=null mDrmSessionId=null
06-15 22:08:33.563 D/NuPlayerDriver( 1870): reset(0xf09c1cc0) at state 8
06-15 22:08:33.567 D/SurfaceUtils( 1870): disconnecting from surface 0xeb5c3278, reason disconnectFromSurface
06-15 22:08:33.569 D/SurfaceUtils( 1870): connecting to surface 0xeb5c3278, reason onShutdown
06-15 22:08:33.571 D/NuPlayerDriver( 1870): notifyResetComplete(0xf09c1cc0)
06-15 22:08:33.571 D/SurfaceUtils( 1870): disconnecting from surface 0xeb5c4ba8, reason disconnectNativeWindow
06-15 22:08:33.571 W/AMessage( 1870): failed to post message as target looper for handler 0 is gone.
06-15 22:08:33.572 I/MediaFocusControl( 1965): abandonAudioFocus() from uid/pid 10058/9666 clientId=android.media.AudioManager@aa3217f
06-15 22:08:33.573 D/UiDevice( 9757): Searching for node with selector: BySelector [RES='\Qtech.gtt.frontapp.stb.demo:id/account_login_tv2\E'].
06-15 22:08:33.573 W/QueryController( 9757): Could not detect idle state.
06-15 22:08:33.574 I/ActivityTaskManager( 1965): START u0 {cmp=tech.gtt.frontapp.stb.demo/tech.gtt.frontapp.stb.m.account.activity.LoginMethodSwitchActivity (has extras)} from uid 10058
06-15 22:08:33.575 D/CompatibilityChangeReporter( 1965): Compat change id reported: 174042980; UID 10058; state: DISABLED
06-15 22:08:33.576 D/CompatibilityChangeReporter( 1965): Compat change id reported: 184838306; UID 10058; state: DISABLED
06-15 22:08:33.576 D/CompatibilityChangeReporter( 1965): Compat change id reported: 185004937; UID 10058; state: DISABLED
06-15 22:08:33.576 D/CompatibilityChangeReporter( 1965): Compat change id reported: 181136395; UID 10058; state: DISABLED
06-15 22:08:33.577 D/CompatibilityChangeReporter( 1965): Compat change id reported: 174042936; UID 10058; state: DISABLED
06-15 22:08:33.579 D/CompatibilityChangeReporter( 1965): Compat change id reported: 197654537; UID 10058; state: ENABLED
06-15 22:08:33.581 D/CompatibilityChangeReporter( 1965): Compat change id reported: 168419799; UID 10058; state: DISABLED
06-15 22:08:33.588 I/MediaFocusControl( 1965): abandonAudioFocus() from uid/pid 10058/9666 clientId=android.media.AudioManager@aa3217f
06-15 22:08:33.589 W/MediaPlayer( 9666): mediaplayer went away with unhandled events
06-15 22:08:33.602 W/MediaPlayer( 9666): mediaplayer went away with unhandled events
06-15 22:08:33.609 W/ActivityTaskManager( 1965): Tried to set launchTime (0) < mLastActivityLaunchTime (4099443)
06-15 22:08:33.626 D/AndroidAutoSize( 9666): tech.gtt.frontapp.stb.m.account.activity.LoginMethodSwitchActivity used the global configuration.
06-15 22:08:33.627 D/AndroidAutoSize( 9666): The tech.gtt.frontapp.stb.m.account.activity.LoginMethodSwitchActivity has been adapted! 
06-15 22:08:33.627 D/AndroidAutoSize( 9666): LoginMethodSwitchActivity Info: isBaseOnWidth = true, designWidthInDp = 1920.000000, designWidthInSubunits = 1920.000000, targetDensity = 1.000000, targetScaledDensity = 1.000000, targetDensityDpi = 160, targetXdpi = 1.000000, targetScreenWidthDp = 1920, targetScreenHeightDp = 1032
06-15 22:08:33.666 D/AndroidAutoSize( 9666): tech.gtt.frontapp.stb.m.account.activity.LoginMethodSwitchActivity used the global configuration.
06-15 22:08:33.667 D/AndroidAutoSize( 9666): The tech.gtt.frontapp.stb.m.account.activity.LoginMethodSwitchActivity has been adapted! 
06-15 22:08:33.667 D/AndroidAutoSize( 9666): LoginMethodSwitchActivity Info: isBaseOnWidth = true, designWidthInDp = 1920.000000, designWidthInSubunits = 1920.000000, targetDensity = 1.000000, targetScaledDensity = 1.000000, targetDensityDpi = 160, targetXdpi = 1.000000, targetScreenWidthDp = 1920, targetScreenHeightDp = 1032
06-15 22:08:33.686 D/gralloc_nox( 1771): gralloc_alloc: Creating ashmem region of size 8298496
06-15 22:08:33.722 D/gralloc_nox( 1771): gralloc_alloc: Creating ashmem region of size 8298496
06-15 22:08:33.737 D/ProcessState(10099): Binder ioctl to enable oneway spam detection failed: Invalid argument
06-15 22:08:33.779 D/gralloc_nox( 1771): gralloc_alloc: Creating ashmem region of size 8298496
06-15 22:08:33.843 E/libEGL  ( 9666): called unimplemented OpenGL ES API
06-15 22:08:33.865 W/ByMatcher( 9757): Node returned null child: android.view.accessibility.AccessibilityNodeInfo@80006f4b; boundsInParent: Rect(0, 0 - 1920, 1080); boundsInScreen: Rect(0, 0 - 1920, 1080); packageName: tech.gtt.frontapp.stb.demo; className: android.widget.FrameLayout; text: null; error: null; maxTextLength: -1; stateDescription: null; contentDescription: null; tooltipText: null; viewIdResName: null; checkable: false; checked: false; focusable: false; focused: false; selected: false; clickable: false; longClickable: false; contextClickable: false; enabled: true; password: false; scrollable: false; importantForAccessibility: true; visible: true; actions: [AccessibilityAction: ACTION_SELECT - null, AccessibilityAction: ACTION_CLEAR_SELECTION - null, AccessibilityAction: ACTION_ACCESSIBILITY_FOCUS - null, AccessibilityAction: ACTION_SHOW_ON_SCREEN - null]
06-15 22:08:33.865 W/ByMatcher( 9757): Skipping null child (0 of 1)
06-15 22:08:33.871 I/ActivityTaskManager( 1965): Displayed tech.gtt.frontapp.stb.demo/tech.gtt.frontapp.stb.m.account.activity.LoginMethodSwitchActivity: +292ms
06-15 22:08:33.966 D/UiDevice( 9757): Searching for node with selector: BySelector [RES='\Qtech.gtt.frontapp.stb.demo:id/account_login_tv2\E'].
06-15 22:08:33.967 W/QueryController( 9757): Could not detect idle state.
06-15 22:08:34.019 D/UIAutomatorStub( 9757): URI: /jsonrpc/0, Method: POST, params, {NanoHttpd.QUERY_STRING=null}, files: {postData={"jsonrpc": "2.0", "id": 1, "method": "objInfo", "params": [{"mask": 2097152, "childOrSibling": [], "childOrSiblingSelector": [], "resourceId": "tech.gtt.frontapp.stb.demo:id/account_login_tv2"}]}}
06-15 22:08:34.023 D/UiDevice( 9757): Retrieving node with selector: BySelector [RES='\Qtech.gtt.frontapp.stb.demo:id/account_login_tv2\E'].
06-15 22:08:34.024 W/QueryController( 9757): Could not detect idle state.
06-15 22:08:34.041 W/QueryController( 9757): Could not detect idle state.
06-15 22:08:34.048 W/QueryController( 9757): Could not detect idle state.
06-15 22:08:34.051 W/QueryController( 9757): Could not detect idle state.
06-15 22:08:34.052 W/QueryController( 9757): Could not detect idle state.
06-15 22:08:34.055 W/QueryController( 9757): Could not detect idle state.
06-15 22:08:34.056 W/QueryController( 9757): Could not detect idle state.
06-15 22:08:34.057 W/QueryController( 9757): Could not detect idle state.
06-15 22:08:34.058 W/QueryController( 9757): Could not detect idle state.
06-15 22:08:34.058 W/QueryController( 9757): Could not detect idle state.
06-15 22:08:34.059 W/QueryController( 9757): Could not detect idle state.
06-15 22:08:34.060 W/QueryController( 9757): Could not detect idle state.
06-15 22:08:34.062 W/QueryController( 9757): Could not detect idle state.
06-15 22:08:34.088 W/InputManager-JNI( 1965): Input channel object '433e13e tech.gtt.frontapp.stb.demo/tech.gtt.frontapp.stb.m.home.activity.LoadingActivity (client)' was disposed without first being removed with the input manager!
06-15 22:08:34.091 W/QueryController( 9757): Could not detect idle state.
06-15 22:08:34.092 W/QueryController( 9757): Could not detect idle state.
06-15 22:08:34.093 W/QueryController( 9757): Could not detect idle state.
06-15 22:08:34.094 W/QueryController( 9757): Could not detect idle state.
06-15 22:08:34.098 W/QueryController( 9757): Could not detect idle state.
06-15 22:08:34.113 D/UIAutomatorStub( 9757): URI: /jsonrpc/0, Method: POST, params, {NanoHttpd.QUERY_STRING=null}, files: {postData={"jsonrpc": "2.0", "id": 1, "method": "click", "params": [1390.0, 559.0]}}
06-15 22:08:34.245 I/ActivityTaskManager( 1965): START u0 {cmp=tech.gtt.frontapp.stb.demo/tech.gtt.frontapp.stb.m.account.activity.LoginActivity} from uid 10058
06-15 22:08:34.253 W/ActivityTaskManager( 1965): Tried to set launchTime (0) < mLastActivityLaunchTime (4104436)
06-15 22:08:34.260 D/AndroidAutoSize( 9666): tech.gtt.frontapp.stb.m.account.activity.LoginActivity used the global configuration.
06-15 22:08:34.260 D/AndroidAutoSize( 9666): The tech.gtt.frontapp.stb.m.account.activity.LoginActivity has been adapted! 
06-15 22:08:34.260 D/AndroidAutoSize( 9666): LoginActivity Info: isBaseOnWidth = true, designWidthInDp = 1920.000000, designWidthInSubunits = 1920.000000, targetDensity = 1.000000, targetScaledDensity = 1.000000, targetDensityDpi = 160, targetXdpi = 1.000000, targetScreenWidthDp = 1920, targetScreenHeightDp = 1032
06-15 22:08:34.273 D/UIAutomatorStub( 9757): URI: /jsonrpc/0, Method: POST, params, {NanoHttpd.QUERY_STRING=null}, files: {postData={"jsonrpc": "2.0", "id": 1, "method": "waitForExists", "params": [{"mask": 2097152, "childOrSibling": [], "childOrSiblingSelector": [], "resourceId": "tech.gtt.frontapp.stb.demo:id/loginf_et_username"}, 20000]}}
06-15 22:08:34.278 D/UiDevice( 9757): Waiting 20000ms for SearchCondition[hasObject=BySelector [RES='\Qtech.gtt.frontapp.stb.demo:id/loginf_et_username\E']].
06-15 22:08:34.280 D/UiDevice( 9757): Searching for node with selector: BySelector [RES='\Qtech.gtt.frontapp.stb.demo:id/loginf_et_username\E'].
06-15 22:08:34.281 W/QueryController( 9757): Could not detect idle state.
06-15 22:08:34.352 D/AndroidAutoSize( 9666): tech.gtt.frontapp.stb.m.account.activity.LoginActivity used the global configuration.
06-15 22:08:34.352 D/AndroidAutoSize( 9666): The tech.gtt.frontapp.stb.m.account.activity.LoginActivity has been adapted! 
06-15 22:08:34.352 D/AndroidAutoSize( 9666): LoginActivity Info: isBaseOnWidth = true, designWidthInDp = 1920.000000, designWidthInSubunits = 1920.000000, targetDensity = 1.000000, targetScaledDensity = 1.000000, targetDensityDpi = 160, targetXdpi = 1.000000, targetScreenWidthDp = 1920, targetScreenHeightDp = 1032
06-15 22:08:34.355 W/WindowManager( 1965): Failed looking up window session=Session{bb663e5 9666:u0a10058} callers=com.android.server.wm.WindowManagerService.windowForClientLocked:5850 com.android.server.wm.Session.updateRequestedVisibilities:640 android.view.IWindowSession$Stub.onTransact:1175 
06-15 22:08:34.385 D/gralloc_nox( 1771): gralloc_alloc: Creating ashmem region of size 8298496
06-15 22:08:34.401 D/gralloc_nox( 1771): gralloc_alloc: Creating ashmem region of size 8298496
06-15 22:08:34.436 D/gralloc_nox( 1771): gralloc_alloc: Creating ashmem region of size 8298496
06-15 22:08:34.443 D/ProcessState(10112): Binder ioctl to enable oneway spam detection failed: Invalid argument
06-15 22:08:34.506 W/ByMatcher( 9757): Node returned null child: android.view.accessibility.AccessibilityNodeInfo@11478; boundsInParent: Rect(0, 0 - 1920, 1080); boundsInScreen: Rect(0, 0 - 1920, 1080); packageName: tech.gtt.frontapp.stb.demo; className: android.widget.RelativeLayout; text: null; error: null; maxTextLength: -1; stateDescription: null; contentDescription: null; tooltipText: null; viewIdResName: null; checkable: false; checked: false; focusable: false; focused: false; selected: false; clickable: false; longClickable: false; contextClickable: false; enabled: true; password: false; scrollable: false; importantForAccessibility: false; visible: true; actions: [AccessibilityAction: ACTION_SELECT - null, AccessibilityAction: ACTION_CLEAR_SELECTION - null, AccessibilityAction: ACTION_ACCESSIBILITY_FOCUS - null, AccessibilityAction: ACTION_SHOW_ON_SCREEN - null]
06-15 22:08:34.507 W/ByMatcher( 9757): Skipping null child (2 of 3)
06-15 22:08:34.514 W/ByMatcher( 9757): Node returned null child: android.view.accessibility.AccessibilityNodeInfo@80006f4c; boundsInParent: Rect(0, 0 - 1920, 1080); boundsInScreen: Rect(0, 0 - 1920, 1080); packageName: tech.gtt.frontapp.stb.demo; className: android.widget.FrameLayout; text: null; error: null; maxTextLength: -1; stateDescription: null; contentDescription: null; tooltipText: null; viewIdResName: null; checkable: false; checked: false; focusable: false; focused: false; selected: false; clickable: false; longClickable: false; contextClickable: false; enabled: true; password: false; scrollable: false; importantForAccessibility: true; visible: true; actions: [AccessibilityAction: ACTION_SELECT - null, AccessibilityAction: ACTION_CLEAR_SELECTION - null, AccessibilityAction: ACTION_ACCESSIBILITY_FOCUS - null, AccessibilityAction: ACTION_SHOW_ON_SCREEN - null]
06-15 22:08:34.515 W/ByMatcher( 9757): Skipping null child (0 of 1)
06-15 22:08:34.524 I/ActivityTaskManager( 1965): Displayed tech.gtt.frontapp.stb.demo/tech.gtt.frontapp.stb.m.account.activity.LoginActivity: +278ms
06-15 22:08:34.617 D/UiDevice( 9757): Searching for node with selector: BySelector [RES='\Qtech.gtt.frontapp.stb.demo:id/loginf_et_username\E'].
06-15 22:08:34.619 W/QueryController( 9757): Could not detect idle state.
06-15 22:08:34.683 D/UIAutomatorStub( 9757): URI: /jsonrpc/0, Method: POST, params, {NanoHttpd.QUERY_STRING=null}, files: {postData={"jsonrpc": "2.0", "id": 1, "method": "objInfo", "params": [{"mask": 2097152, "childOrSibling": [], "childOrSiblingSelector": [], "resourceId": "tech.gtt.frontapp.stb.demo:id/loginf_et_username"}]}}
06-15 22:08:34.684 D/UiDevice( 9757): Retrieving node with selector: BySelector [RES='\Qtech.gtt.frontapp.stb.demo:id/loginf_et_username\E'].
06-15 22:08:34.686 W/QueryController( 9757): Could not detect idle state.
06-15 22:08:34.691 W/QueryController( 9757): Could not detect idle state.
06-15 22:08:34.692 W/QueryController( 9757): Could not detect idle state.
06-15 22:08:34.693 W/QueryController( 9757): Could not detect idle state.
06-15 22:08:34.694 W/QueryController( 9757): Could not detect idle state.
06-15 22:08:34.696 W/QueryController( 9757): Could not detect idle state.
06-15 22:08:34.697 W/QueryController( 9757): Could not detect idle state.
06-15 22:08:34.700 W/QueryController( 9757): Could not detect idle state.
06-15 22:08:34.702 W/QueryController( 9757): Could not detect idle state.
06-15 22:08:34.703 W/QueryController( 9757): Could not detect idle state.
06-15 22:08:34.703 W/QueryController( 9757): Could not detect idle state.
06-15 22:08:34.704 W/QueryController( 9757): Could not detect idle state.
06-15 22:08:34.705 W/QueryController( 9757): Could not detect idle state.
06-15 22:08:34.710 W/QueryController( 9757): Could not detect idle state.
06-15 22:08:34.723 W/QueryController( 9757): Could not detect idle state.
06-15 22:08:34.735 W/QueryController( 9757): Could not detect idle state.
06-15 22:08:34.736 W/QueryController( 9757): Could not detect idle state.
06-15 22:08:34.737 W/QueryController( 9757): Could not detect idle state.
06-15 22:08:34.755 D/UIAutomatorStub( 9757): URI: /jsonrpc/0, Method: POST, params, {NanoHttpd.QUERY_STRING=null}, files: {postData={"jsonrpc": "2.0", "id": 1, "method": "click", "params": [1057.0, 437.0]}}
06-15 22:08:34.762 W/SurfaceFlinger( 1783): couldn't log to binary event log: overflow.
06-15 22:08:34.875 D/CompatibilityChangeReporter( 9666): Compat change id reported: 163400105; UID 10058; state: ENABLED
06-15 22:08:34.875 D/InputMethodManager( 9666): showSoftInput() view=tech.gtt.frontapp.stb.c.ui.edittext.EmailAutoCompleteTextView{8d089f2 VFED..CL. .F.P..ID 0,0-700,92 #7f0b02ce app:id/loginf_et_username aid=1073741824} flags=0 reason=SHOW_SOFT_INPUT
06-15 22:08:34.875 V/InputMethodService( 2965): onEvaluateInputViewShown: config.hardKeyboardHidden = 2
06-15 22:08:34.876 V/InputMethodService( 2965): onEvaluateInputViewShown: config.hardKeyboardHidden = 2
06-15 22:08:34.876 I/AdbKeyboard( 2965): imeAction: 5 Next
06-15 22:08:34.894 D/gralloc_nox( 1771): gralloc_alloc: Creating ashmem region of size 647168
06-15 22:08:34.915 D/gralloc_nox( 1771): gralloc_alloc: Creating ashmem region of size 647168
06-15 22:08:34.920 D/gralloc_nox( 1771): gralloc_alloc: Creating ashmem region of size 647168
06-15 22:08:34.932 D/ProcessState(10121): Binder ioctl to enable oneway spam detection failed: Invalid argument
06-15 22:08:34.937 D/InsetsController( 9666): show(ime(), fromIme=true)
06-15 22:08:34.962 D/UIAutomatorStub( 9757): URI: /jsonrpc/0, Method: POST, params, {NanoHttpd.QUERY_STRING=null}, files: {postData={"jsonrpc": "2.0", "id": 1, "method": "waitForExists", "params": [{"mask": 2097152, "childOrSibling": [], "childOrSiblingSelector": [], "resourceId": "tech.gtt.frontapp.stb.demo:id/loginf_et_username"}, 20000]}}
06-15 22:08:34.964 D/UiDevice( 9757): Waiting 20000ms for SearchCondition[hasObject=BySelector [RES='\Qtech.gtt.frontapp.stb.demo:id/loginf_et_username\E']].
06-15 22:08:34.965 D/UiDevice( 9757): Searching for node with selector: BySelector [RES='\Qtech.gtt.frontapp.stb.demo:id/loginf_et_username\E'].
06-15 22:08:34.966 W/QueryController( 9757): Could not detect idle state.
06-15 22:08:35.002 D/UIAutomatorStub( 9757): URI: /jsonrpc/0, Method: POST, params, {NanoHttpd.QUERY_STRING=null}, files: {postData={"jsonrpc": "2.0", "id": 1, "method": "setText", "params": [{"mask": 2097152, "childOrSibling": [], "childOrSiblingSelector": [], "resourceId": "tech.gtt.frontapp.stb.demo:id/loginf_et_username"}, "0609@ipwangxin.cn"]}}
06-15 22:08:35.004 D/UiDevice( 9757): Retrieving node with selector: BySelector [RES='\Qtech.gtt.frontapp.stb.demo:id/loginf_et_username\E'].
06-15 22:08:35.004 W/QueryController( 9757): Could not detect idle state.
06-15 22:08:35.007 W/QueryController( 9757): Could not detect idle state.
06-15 22:08:35.008 D/UiObject2( 9757): Clicking on (1057, 437).
06-15 22:08:35.026 D/InputMethodManager( 9666): showSoftInput() view=tech.gtt.frontapp.stb.c.ui.edittext.EmailAutoCompleteTextView{8d089f2 VFED..CL. .F.P.... 0,0-700,92 #7f0b02ce app:id/loginf_et_username aid=1073741824} flags=0 reason=SHOW_SOFT_INPUT
06-15 22:08:35.027 V/InputMethodService( 2965): onEvaluateInputViewShown: config.hardKeyboardHidden = 2
06-15 22:08:35.027 V/InputMethodService( 2965): onEvaluateInputViewShown: config.hardKeyboardHidden = 2
06-15 22:08:35.032 D/InsetsController( 9666): show(ime(), fromIme=true)
06-15 22:08:35.038 D/UiDevice( 9757): Retrieving node with selector: BySelector [RES='\Qtech.gtt.frontapp.stb.demo:id/loginf_et_username\E'].
06-15 22:08:35.039 W/QueryController( 9757): Could not detect idle state.
06-15 22:08:35.056 W/QueryController( 9757): Could not detect idle state.
06-15 22:08:35.059 D/UiObject2( 9757): Setting text to '0609@ipwangxin.cn'.
06-15 22:08:35.069 I/AdbKeyboard( 2965): imeAction: 5 Next
