06-15 22:08:35.069 V/InputMethodService( 2965): onEvaluateInputViewShown: config.hardKeyboardHidden = 2
06-15 22:08:35.069 V/InputMethodService( 2965): onEvaluateInputViewShown: config.hardKeyboardHidden = 2
06-15 22:08:35.123 D/InsetsController( 9666): show(ime(), fromIme=true)
06-15 22:08:35.150 D/UIAutomatorStub( 9757): URI: /jsonrpc/0, Method: POST, params, {NanoHttpd.QUERY_STRING=null}, files: {postData={"jsonrpc": "2.0", "id": 1, "method": "waitForExists", "params": [{"mask": 2097152, "childOrSibling": [], "childOrSiblingSelector": [], "resourceId": "tech.gtt.frontapp.stb.demo:id/et_pwd"}, 20000]}}
06-15 22:08:35.153 D/UiDevice( 9757): Waiting 20000ms for SearchCondition[hasObject=BySelector [RES='\Qtech.gtt.frontapp.stb.demo:id/et_pwd\E']].
06-15 22:08:35.153 D/UiDevice( 9757): Searching for node with selector: BySelector [RES='\Qtech.gtt.frontapp.stb.demo:id/et_pwd\E'].
06-15 22:08:35.154 W/QueryController( 9757): Could not detect idle state.
06-15 22:08:35.181 D/UIAutomatorStub( 9757): URI: /jsonrpc/0, Method: POST, params, {NanoHttpd.QUERY_STRING=null}, files: {postData={"jsonrpc": "2.0", "id": 1, "method": "objInfo", "params": [{"mask": 2097152, "childOrSibling": [], "childOrSiblingSelector": [], "resourceId": "tech.gtt.frontapp.stb.demo:id/et_pwd"}]}}
06-15 22:08:35.182 D/UiDevice( 9757): Retrieving node with selector: BySelector [RES='\Qtech.gtt.frontapp.stb.demo:id/et_pwd\E'].
06-15 22:08:35.182 W/QueryController( 9757): Could not detect idle state.
06-15 22:08:35.189 W/QueryController( 9757): Could not detect idle state.
06-15 22:08:35.192 W/QueryController( 9757): Could not detect idle state.
06-15 22:08:35.195 W/QueryController( 9757): Could not detect idle state.
06-15 22:08:35.196 W/NotificationHistory( 1965): Attempted to add notif for locked/gone/disabled user 0
06-15 22:08:35.197 W/QueryController( 9757): Could not detect idle state.
06-15 22:08:35.198 W/QueryController( 9757): Could not detect idle state.
06-15 22:08:35.203 D/InterruptionStateProvider( 2130): No bubble up: not allowed to bubble: -1|android|8|null|1000
06-15 22:08:35.203 D/InterruptionStateProvider( 2130): No heads up: unimportant notification: -1|android|8|null|1000
06-15 22:08:35.203 D/PeopleSpaceWidgetMgr( 2130): Sbn doesn't contain valid PeopleTileKey: null/-1/android
06-15 22:08:35.205 W/QueryController( 9757): Could not detect idle state.
06-15 22:08:35.206 W/QueryController( 9757): Could not detect idle state.
06-15 22:08:35.207 W/QueryController( 9757): Could not detect idle state.
06-15 22:08:35.208 W/QueryController( 9757): Could not detect idle state.
06-15 22:08:35.209 W/QueryController( 9757): Could not detect idle state.
06-15 22:08:35.211 W/QueryController( 9757): Could not detect idle state.
06-15 22:08:35.213 W/QueryController( 9757): Could not detect idle state.
06-15 22:08:35.214 W/QueryController( 9757): Could not detect idle state.
06-15 22:08:35.215 W/ndroid.systemu( 2130): Reducing the number of considered missed Gc histogram windows from 135 to 100
06-15 22:08:35.215 W/QueryController( 9757): Could not detect idle state.
06-15 22:08:35.216 W/QueryController( 9757): Could not detect idle state.
06-15 22:08:35.218 W/QueryController( 9757): Could not detect idle state.
06-15 22:08:35.221 W/QueryController( 9757): Could not detect idle state.
06-15 22:08:35.221 W/System  ( 2130): A resource failed to call close. 
06-15 22:08:35.240 D/UIAutomatorStub( 9757): URI: /jsonrpc/0, Method: POST, params, {NanoHttpd.QUERY_STRING=null}, files: {postData={"jsonrpc": "2.0", "id": 1, "method": "click", "params": [1057.0, 559.0]}}
06-15 22:08:35.269 D/InterruptionStateProvider( 2130): No bubble up: not allowed to bubble: -1|android|8|null|1000
06-15 22:08:35.269 D/InterruptionStateProvider( 2130): No heads up: unimportant notification: -1|android|8|null|1000
06-15 22:08:35.273 D/PeopleSpaceWidgetMgr( 2130): Sbn doesn't contain valid PeopleTileKey: null/-1/android
06-15 22:08:35.284 D/InterruptionStateProvider( 2130): No bubble up: not allowed to bubble: -1|android|8|null|1000
06-15 22:08:35.285 D/InterruptionStateProvider( 2130): No heads up: unimportant notification: -1|android|8|null|1000
06-15 22:08:35.292 D/PeopleSpaceWidgetMgr( 2130): Sbn doesn't contain valid PeopleTileKey: null/-1/android
06-15 22:08:35.352 I/AdbKeyboard( 2965): imeAction: 5 Next
06-15 22:08:35.352 V/InputMethodService( 2965): onEvaluateInputViewShown: config.hardKeyboardHidden = 2
06-15 22:08:35.352 V/InputMethodService( 2965): onEvaluateInputViewShown: config.hardKeyboardHidden = 2
06-15 22:08:35.353 D/InputMethodManager( 9666): showSoftInput() view=tech.gtt.frontapp.stb.c.ui.edittext.NormalFocusEditText{5ce86ec VFED..CL. .F.P..ID 0,0-700,92 #7f0b0172 app:id/et_pwd aid=1073741826} flags=0 reason=SHOW_SOFT_INPUT
06-15 22:08:35.358 V/InputMethodService( 2965): onEvaluateInputViewShown: config.hardKeyboardHidden = 2
06-15 22:08:35.358 V/InputMethodService( 2965): onEvaluateInputViewShown: config.hardKeyboardHidden = 2
06-15 22:08:35.375 D/InsetsController( 9666): show(ime(), fromIme=true)
06-15 22:08:35.375 D/InsetsController( 9666): show(ime(), fromIme=true)
06-15 22:08:35.427 D/UIAutomatorStub( 9757): URI: /jsonrpc/0, Method: POST, params, {NanoHttpd.QUERY_STRING=null}, files: {postData={"jsonrpc": "2.0", "id": 1, "method": "waitForExists", "params": [{"mask": 2097152, "childOrSibling": [], "childOrSiblingSelector": [], "resourceId": "tech.gtt.frontapp.stb.demo:id/et_pwd"}, 20000]}}
06-15 22:08:35.431 D/UiDevice( 9757): Waiting 20000ms for SearchCondition[hasObject=BySelector [RES='\Qtech.gtt.frontapp.stb.demo:id/et_pwd\E']].
06-15 22:08:35.431 D/UiDevice( 9757): Searching for node with selector: BySelector [RES='\Qtech.gtt.frontapp.stb.demo:id/et_pwd\E'].
06-15 22:08:35.433 W/QueryController( 9757): Could not detect idle state.
06-15 22:08:35.471 D/UIAutomatorStub( 9757): URI: /jsonrpc/0, Method: POST, params, {NanoHttpd.QUERY_STRING=null}, files: {postData={"jsonrpc": "2.0", "id": 1, "method": "setText", "params": [{"mask": 2097152, "childOrSibling": [], "childOrSiblingSelector": [], "resourceId": "tech.gtt.frontapp.stb.demo:id/et_pwd"}, "123456"]}}
06-15 22:08:35.472 D/UiDevice( 9757): Retrieving node with selector: BySelector [RES='\Qtech.gtt.frontapp.stb.demo:id/et_pwd\E'].
06-15 22:08:35.473 W/QueryController( 9757): Could not detect idle state.
06-15 22:08:35.480 W/QueryController( 9757): Could not detect idle state.
06-15 22:08:35.481 D/UiObject2( 9757): Clicking on (1057, 559).
06-15 22:08:35.509 D/InputMethodManager( 9666): showSoftInput() view=tech.gtt.frontapp.stb.c.ui.edittext.NormalFocusEditText{5ce86ec VFED..CL. .F.P.... 0,0-700,92 #7f0b0172 app:id/et_pwd aid=1073741826} flags=0 reason=SHOW_SOFT_INPUT
06-15 22:08:35.511 V/InputMethodService( 2965): onEvaluateInputViewShown: config.hardKeyboardHidden = 2
06-15 22:08:35.511 V/InputMethodService( 2965): onEvaluateInputViewShown: config.hardKeyboardHidden = 2
06-15 22:08:35.514 D/InsetsController( 9666): show(ime(), fromIme=true)
06-15 22:08:35.522 W/GestureController( 9757): Gestures took longer than expected (40ms >> 16ms), device might be in a busy state.
06-15 22:08:35.522 D/UiDevice( 9757): Retrieving node with selector: BySelector [RES='\Qtech.gtt.frontapp.stb.demo:id/et_pwd\E'].
06-15 22:08:35.523 W/QueryController( 9757): Could not detect idle state.
06-15 22:08:35.533 W/QueryController( 9757): Could not detect idle state.
06-15 22:08:35.536 D/UiObject2( 9757): Setting text to '123456'.
06-15 22:08:35.540 I/AdbKeyboard( 2965): imeAction: 5 Next
06-15 22:08:35.540 V/InputMethodService( 2965): onEvaluateInputViewShown: config.hardKeyboardHidden = 2
06-15 22:08:35.540 V/InputMethodService( 2965): onEvaluateInputViewShown: config.hardKeyboardHidden = 2
06-15 22:08:35.553 D/InsetsController( 9666): show(ime(), fromIme=true)
06-15 22:08:35.562 D/UIAutomatorStub( 9757): URI: /jsonrpc/0, Method: POST, params, {NanoHttpd.QUERY_STRING=null}, files: {postData={"jsonrpc": "2.0", "id": 1, "method": "count", "params": [{"mask": 2097152, "childOrSibling": [], "childOrSiblingSelector": [], "resourceId": "tech.gtt.frontapp.stb.demo:id/loginf_tv_logi"}]}}
06-15 22:08:35.565 D/UiObject( 9757): Waiting 0ms for UiSelector[RESOURCE_ID=tech.gtt.frontapp.stb.demo:id/loginf_tv_logi].
06-15 22:08:35.569 W/QueryController( 9757): Could not detect idle state.
06-15 22:08:35.571 D/InterruptionStateProvider( 2130): No bubble up: not allowed to bubble: -1|android|8|null|1000
06-15 22:08:35.571 D/InterruptionStateProvider( 2130): No heads up: unimportant notification: -1|android|8|null|1000
06-15 22:08:35.581 D/PeopleSpaceWidgetMgr( 2130): Sbn doesn't contain valid PeopleTileKey: null/-1/android
06-15 22:08:35.588 D/InterruptionStateProvider( 2130): No bubble up: not allowed to bubble: -1|android|8|null|1000
06-15 22:08:35.588 D/InterruptionStateProvider( 2130): No heads up: unimportant notification: -1|android|8|null|1000
06-15 22:08:35.597 D/PeopleSpaceWidgetMgr( 2130): Sbn doesn't contain valid PeopleTileKey: null/-1/android
06-15 22:08:35.611 D/UIAutomatorStub( 9757): URI: /jsonrpc/0, Method: POST, params, {NanoHttpd.QUERY_STRING=null}, files: {postData={"jsonrpc": "2.0", "id": 1, "method": "takeScreenshot", "params": [1, 80]}}
06-15 22:08:35.614 D/gralloc_nox( 1771): gralloc_alloc: Creating ashmem region of size 8298496
06-15 22:08:35.637 D/hw-ProcessState( 9757): Binder ioctl to enable oneway spam detection failed: Invalid argument
06-15 22:08:35.637 I/hwservicemanager( 1565): getTransport: Cannot find entry android.hardware.graphics.mapper@4.0::IMapper/default in either framework or device VINTF manifest.
06-15 22:08:35.637 I/Gralloc4( 9757): mapper 4.x is not supported
06-15 22:08:35.637 I/hwservicemanager( 1565): getTransport: Cannot find entry android.hardware.graphics.mapper@3.0::IMapper/default in either framework or device VINTF manifest.
06-15 22:08:35.637 W/Gralloc3( 9757): mapper 3.x is not supported
06-15 22:08:35.641 D/app_process( 9757): createUnique: call
06-15 22:08:35.642 D/app_process( 9757): HostComposition ext GL_OES_EGL_image GL_OES_EGL_image_external GL_OES_depth24 GL_OES_depth32 GL_OES_element_index_uint GL_OES_texture_float GL_OES_texture_float_linear GL_OES_compressed_paletted_texture GL_OES_compressed_ETC1_RGB8_texture GL_OES_depth_texture GL_EXT_texture_format_BGRA8888 GL_APPLE_texture_format_BGRA8888 GL_OES_texture_half_float GL_EXT_robustness GL_OES_texture_half_float_linear GL_OES_packed_depth_stencil GL_OES_vertex_half_float GL_OES_texture_npot GL_OES_rgb8_rgba8 GL_EXT_color_buffer_float GL_EXT_texture_sRGB_decode ANDROID_gles_max_version_3_1 GL_OES_vertex_array_object GL_EXT_texture_buffer GL_EXT_copy_image GL_KHR_texture_compression_astc_ldr GL_KHR_texture_compression_astc_hdr GL_OES_texture_compression_astc GL_OES_EGL_image_external
06-15 22:08:35.646 D/libEGL  ( 9757): loaded /vendor/lib64/egl/libEGL_adreno.so
06-15 22:08:35.647 D/libEGL  ( 9757): loaded /vendor/lib64/egl/libGLESv1_CM_adreno.so
06-15 22:08:35.647 D/libEGL  ( 9757): loaded /vendor/lib64/egl/libGLESv2_adreno.so
06-15 22:08:35.652 D/app_process( 9757): createUnique: call
06-15 22:08:35.652 D/app_process( 9757): HostComposition ext GL_OES_EGL_image GL_OES_EGL_image_external GL_OES_depth24 GL_OES_depth32 GL_OES_element_index_uint GL_OES_texture_float GL_OES_texture_float_linear GL_OES_compressed_paletted_texture GL_OES_compressed_ETC1_RGB8_texture GL_OES_depth_texture GL_EXT_texture_format_BGRA8888 GL_APPLE_texture_format_BGRA8888 GL_OES_texture_half_float GL_EXT_robustness GL_OES_texture_half_float_linear GL_OES_packed_depth_stencil GL_OES_vertex_half_float GL_OES_texture_npot GL_OES_rgb8_rgba8 GL_EXT_color_buffer_float GL_EXT_texture_sRGB_decode ANDROID_gles_max_version_3_1 GL_OES_vertex_array_object GL_EXT_texture_buffer GL_EXT_copy_image GL_KHR_texture_compression_astc_ldr GL_KHR_texture_compression_astc_hdr GL_OES_texture_compression_astc GL_OES_EGL_image_external
06-15 22:08:35.653 W/OpenGLRenderer( 9757): Failed to initialize 101010-2 format, error = EGL_SUCCESS
06-15 22:08:35.653 D/EGL_emulation( 9757): rcCreateContext wated version 2.0  rc:4
06-15 22:08:35.670 D/EGL_emulation( 9757): eglMakeCurrent: 0x7992f56961d0: ver 3 2 (tinfo 0x7992756fb910) (first time)
06-15 22:08:35.721 D/InterruptionStateProvider( 2130): No bubble up: not allowed to bubble: -1|android|8|null|1000
06-15 22:08:35.721 D/InterruptionStateProvider( 2130): No heads up: unimportant notification: -1|android|8|null|1000
06-15 22:08:35.732 D/PeopleSpaceWidgetMgr( 2130): Sbn doesn't contain valid PeopleTileKey: null/-1/android
06-15 22:08:35.779 D/InterruptionStateProvider( 2130): No bubble up: not allowed to bubble: -1|android|8|null|1000
06-15 22:08:35.780 D/InterruptionStateProvider( 2130): No heads up: unimportant notification: -1|android|8|null|1000
06-15 22:08:35.785 D/PeopleSpaceWidgetMgr( 2130): Sbn doesn't contain valid PeopleTileKey: null/-1/android
06-15 22:08:37.089 E/TaskPersister( 1965): File error accessing recents directory (directory doesn't exist?).
06-15 22:08:48.837 D/ProcessState(10137): Binder ioctl to enable oneway spam detection failed: Invalid argument
06-15 22:08:48.840 D/gralloc_nox( 1771): gralloc_alloc: Creating ashmem region of size 8298496
06-15 22:08:48.887 D/hw-ProcessState(10137): Binder ioctl to enable oneway spam detection failed: Invalid argument
06-15 22:08:48.888 I/hwservicemanager( 1565): getTransport: Cannot find entry android.hardware.graphics.mapper@4.0::IMapper/default in either framework or device VINTF manifest.
06-15 22:08:48.888 I/Gralloc4(10137): mapper 4.x is not supported
06-15 22:08:48.888 I/hwservicemanager( 1565): getTransport: Cannot find entry android.hardware.graphics.mapper@3.0::IMapper/default in either framework or device VINTF manifest.
06-15 22:08:48.888 W/Gralloc3(10137): mapper 3.x is not supported
06-15 22:08:48.896 D/screencap(10137): createUnique: call
06-15 22:08:48.908 D/screencap(10137): HostComposition ext GL_OES_EGL_image GL_OES_EGL_image_external GL_OES_depth24 GL_OES_depth32 GL_OES_element_index_uint GL_OES_texture_float GL_OES_texture_float_linear GL_OES_compressed_paletted_texture GL_OES_compressed_ETC1_RGB8_texture GL_OES_depth_texture GL_EXT_texture_format_BGRA8888 GL_APPLE_texture_format_BGRA8888 GL_OES_texture_half_float GL_EXT_robustness GL_OES_texture_half_float_linear GL_OES_packed_depth_stencil GL_OES_vertex_half_float GL_OES_texture_npot GL_OES_rgb8_rgba8 GL_EXT_color_buffer_float GL_EXT_texture_sRGB_decode ANDROID_gles_max_version_3_1 GL_OES_vertex_array_object GL_EXT_texture_buffer GL_EXT_copy_image GL_KHR_texture_compression_astc_ldr GL_KHR_texture_compression_astc_hdr GL_OES_texture_compression_astc GL_OES_EGL_image_external
06-15 22:08:49.088 D/ProcessState(10142): Binder ioctl to enable oneway spam detection failed: Invalid argument
06-15 22:08:49.102 I/MediaProvider( 2579): Begin Intent { act=android.intent.action.MEDIA_SCANNER_SCAN_FILE dat=file:///sdcard/pytest_fail_test_login_email_flow.png flg=0x1400010 cmp=com.android.providers.media.module/com.android.providers.media.MediaService }
06-15 22:08:49.121 I/MediaProvider( 2579): End Intent { act=android.intent.action.MEDIA_SCANNER_SCAN_FILE dat=file:///sdcard/pytest_fail_test_login_email_flow.png flg=0x1400010 cmp=com.android.providers.media.module/com.android.providers.media.MediaService }
