--------- beginning of main
06-15 22:08:19.406 D/ProcessState( 9598): Binder ioctl to enable oneway spam detection failed: Invalid argument
--------- beginning of system
06-15 22:08:19.408 I/ActivityManager( 1965): Force stopping tech.gtt.frontapp.stb.demo appid=10058 user=0: clear data
06-15 22:08:19.415 I/ActivityManager( 1965): Force stopping tech.gtt.frontapp.stb.demo appid=10058 user=-1: clearApplicationUserData
06-15 22:08:19.434 D/CompatibilityChangeReporter( 1965): Compat change id reported: 135634846; UID 10019; state: DISABLED
06-15 22:08:19.435 D/CompatibilityChangeReporter( 1965): Compat change id reported: 177438394; UID 10019; state: DISABLED
06-15 22:08:19.435 D/CompatibilityChangeReporter( 1965): Compat change id reported: 135772972; UID 10019; state: DISABLED
06-15 22:08:19.435 D/CompatibilityChangeReporter( 1965): Compat change id reported: 135754954; UID 10019; state: ENABLED
06-15 22:08:19.436 D/CompatibilityChangeReporter( 1965): Compat change id reported: 143937733; UID 10019; state: ENABLED
06-15 22:08:19.441 D/Zygote  ( 1754): Forked child process 9604
06-15 22:08:19.442 I/ActivityManager( 1965): Start proc 9604:com.android.documentsui/u0a19 for broadcast {com.android.documentsui/com.android.documentsui.PackageReceiver}
06-15 22:08:19.446 I/Zygote  ( 9604): seccomp disabled by setenforce 0
06-15 22:08:19.453 W/oid.documentsu( 9604): Unexpected CPU variant for X86 using defaults: x86_64
06-15 22:08:19.467 D/ProcessState( 9604): Binder ioctl to enable oneway spam detection failed: Invalid argument
06-15 22:08:19.502 E/ashmem  ( 9604): memfd: ro.vndk.version not defined or invalid (), this is mandated since P.
06-15 22:08:19.505 D/CompatibilityChangeReporter( 9604): Compat change id reported: 171979766; UID 10019; state: DISABLED
06-15 22:08:19.567 V/GraphicsEnvironment( 9604): ANGLE Developer option for 'com.android.documentsui' set to: 'default'
06-15 22:08:19.568 V/GraphicsEnvironment( 9604): ANGLE GameManagerService for com.android.documentsui: false
06-15 22:08:19.568 V/GraphicsEnvironment( 9604): Neither updatable production driver nor prerelease driver is supported.
06-15 22:08:19.574 D/NetworkSecurityConfig( 9604): No Network Security Config specified, using platform default
06-15 22:08:19.576 D/NetworkSecurityConfig( 9604): No Network Security Config specified, using platform default
06-15 22:08:19.587 D/AndroidRuntime( 9619): >>>>>> START com.android.internal.os.RuntimeInit uid 0 <<<<<<
06-15 22:08:19.596 I/AndroidRuntime( 9619): Using default boot image
06-15 22:08:19.596 I/AndroidRuntime( 9619): Leaving lock profiling enabled
06-15 22:08:19.599 W/app_process( 9619): ART APEX data files are untrusted.
06-15 22:08:19.599 I/app_process( 9619): Core platform API reporting enabled, enforcing=false
06-15 22:08:19.643 D/CompatibilityChangeReporter( 1965): Compat change id reported: 135634846; UID 10053; state: DISABLED
06-15 22:08:19.643 D/CompatibilityChangeReporter( 1965): Compat change id reported: 177438394; UID 10053; state: DISABLED
06-15 22:08:19.643 D/CompatibilityChangeReporter( 1965): Compat change id reported: 135772972; UID 10053; state: DISABLED
06-15 22:08:19.643 D/CompatibilityChangeReporter( 1965): Compat change id reported: 135754954; UID 10053; state: ENABLED
06-15 22:08:19.644 D/CompatibilityChangeReporter( 1965): Compat change id reported: 143937733; UID 10053; state: ENABLED
06-15 22:08:19.645 D/DocumentsApplication( 9604): OverlayManager.setEnabled() result: true
06-15 22:08:19.649 D/Zygote  ( 1754): Forked child process 9632
06-15 22:08:19.649 I/ActivityManager( 1965): Start proc 9632:com.android.permissioncontroller/u0a53 for broadcast {com.android.permissioncontroller/com.android.permissioncontroller.permission.service.LocationAccessCheck$PackageResetHandler}
06-15 22:08:19.651 I/Zygote  ( 9632): seccomp disabled by setenforce 0
06-15 22:08:19.656 W/ssioncontrolle( 9632): Unexpected CPU variant for X86 using defaults: x86_64
06-15 22:08:19.664 D/ProcessState( 9632): Binder ioctl to enable oneway spam detection failed: Invalid argument
06-15 22:08:19.665 D/app_process( 9619): Time zone APEX ICU file found: /apex/com.android.tzdata/etc/icu/icu_tzdata.dat
06-15 22:08:19.665 D/app_process( 9619): I18n APEX ICU file found: /apex/com.android.i18n/etc/icu/icudt68l.dat
06-15 22:08:19.671 W/app_process( 9619): Unexpected CPU variant for X86 using defaults: x86_64
06-15 22:08:19.676 E/ashmem  ( 9632): memfd: ro.vndk.version not defined or invalid (), this is mandated since P.
06-15 22:08:19.678 D/CompatibilityChangeReporter( 9632): Compat change id reported: 171979766; UID 10053; state: ENABLED
06-15 22:08:19.727 V/GraphicsEnvironment( 9632): ANGLE Developer option for 'com.android.permissioncontroller' set to: 'default'
06-15 22:08:19.729 V/GraphicsEnvironment( 9632): ANGLE GameManagerService for com.android.permissioncontroller: false
06-15 22:08:19.730 V/GraphicsEnvironment( 9632): Neither updatable production driver nor prerelease driver is supported.
06-15 22:08:19.734 D/NetworkSecurityConfig( 9632): No Network Security Config specified, using platform default
06-15 22:08:19.735 D/NetworkSecurityConfig( 9632): No Network Security Config specified, using platform default
06-15 22:08:19.739 D/ProcessState( 9619): Binder ioctl to enable oneway spam detection failed: Invalid argument
06-15 22:08:19.739 D/AndroidRuntime( 9619): Calling main entry com.android.commands.monkey.Monkey
06-15 22:08:19.739 W/Monkey  ( 9619): args: [-p, tech.gtt.frontapp.stb.demo, -c, android.intent.category.LAUNCHER, 1]
06-15 22:08:19.740 W/Monkey  ( 9619):  arg: "-p"
06-15 22:08:19.740 W/Monkey  ( 9619):  arg: "tech.gtt.frontapp.stb.demo"
06-15 22:08:19.740 W/Monkey  ( 9619):  arg: "-c"
06-15 22:08:19.740 W/Monkey  ( 9619):  arg: "android.intent.category.LAUNCHER"
06-15 22:08:19.740 W/Monkey  ( 9619):  arg: "1"
06-15 22:08:19.740 W/Monkey  ( 9619): data="tech.gtt.frontapp.stb.demo"
06-15 22:08:19.740 W/Monkey  ( 9619): data="android.intent.category.LAUNCHER"
06-15 22:08:19.768 I/MediaProvider( 2579): Begin Intent { act=android.intent.action.PACKAGE_DATA_CLEARED dat=package:tech.gtt.frontapp.stb.demo flg=0x1000010 cmp=com.android.providers.media.module/com.android.providers.media.MediaService (has extras) }
06-15 22:08:19.769 D/MediaProvider( 2579): Deleted 0 Android/media items belonging to tech.gtt.frontapp.stb.demo on /data/user/0/com.android.providers.media.module/databases/external.db
06-15 22:08:19.769 I/MediaProvider( 2579): End Intent { act=android.intent.action.PACKAGE_DATA_CLEARED dat=package:tech.gtt.frontapp.stb.demo flg=0x1000010 cmp=com.android.providers.media.module/com.android.providers.media.MediaService (has extras) }
06-15 22:08:19.786 W/BroadcastQueue( 1965): Skipping deliver [background] BroadcastRecord{6aada7c u-1 android.net.conn.CONNECTIVITY_CHANGE} to ReceiverList{d38ff05 9619 (unknown name)/0/u-1 remote:7ef84e}: process gone or crashing
06-15 22:08:19.800 I/ActivityTaskManager( 1965): START u0 {act=android.intent.action.MAIN cat=[android.intent.category.LAUNCHER] flg=0x10200000 cmp=tech.gtt.frontapp.stb.demo/tech.gtt.frontapp.stb.m.home.activity.SplashActivity} from uid 0
06-15 22:08:19.803 W/ActivityTaskManager( 1965): Can't find TaskDisplayArea to determine support for multi window. Task id=46 attached=false
06-15 22:08:19.814 I/Monkey  ( 9619): Events injected: 1
06-15 22:08:19.833 D/CompatibilityChangeReporter( 1965): Compat change id reported: 135634846; UID 10058; state: DISABLED
06-15 22:08:19.836 I/Monkey  ( 9619): ## Network stats: elapsed time=22ms (0ms mobile, 0ms wifi, 22ms not connected)
06-15 22:08:19.836 D/CompatibilityChangeReporter( 1965): Compat change id reported: 143937733; UID 10058; state: ENABLED
06-15 22:08:19.837 I/app_process( 9619): System.exit called, status: 0
06-15 22:08:19.837 I/AndroidRuntime( 9619): VM exiting with result code 0.
06-15 22:08:19.846 D/Zygote  ( 1754): Forked child process 9666
06-15 22:08:19.847 I/ActivityManager( 1965): Start proc 9666:tech.gtt.frontapp.stb.demo/u0a58 for pre-top-activity {tech.gtt.frontapp.stb.demo/tech.gtt.frontapp.stb.m.home.activity.SplashActivity}
06-15 22:08:19.847 D/gralloc_nox( 1771): gralloc_alloc: Creating ashmem region of size 8298496
06-15 22:08:19.851 I/Zygote  ( 9666): seccomp disabled by setenforce 0
06-15 22:08:19.887 W/ontapp.stb.dem( 9666): Unexpected CPU variant for X86 using defaults: x86_64
06-15 22:08:19.899 D/gralloc_nox( 1771): gralloc_alloc: Creating ashmem region of size 8298496
06-15 22:08:19.916 D/ProcessState( 9666): Binder ioctl to enable oneway spam detection failed: Invalid argument
06-15 22:08:19.936 D/gralloc_nox( 1771): gralloc_alloc: Creating ashmem region of size 8298496
06-15 22:08:19.990 E/ashmem  ( 9666): memfd: ro.vndk.version not defined or invalid (), this is mandated since P.
06-15 22:08:20.003 D/CompatibilityChangeReporter( 9666): Compat change id reported: 171979766; UID 10058; state: ENABLED
06-15 22:08:20.067 V/GraphicsEnvironment( 9666): ANGLE Developer option for 'tech.gtt.frontapp.stb.demo' set to: 'default'
06-15 22:08:20.072 V/GraphicsEnvironment( 9666): ANGLE GameManagerService for tech.gtt.frontapp.stb.demo: false
06-15 22:08:20.072 V/GraphicsEnvironment( 9666): Neither updatable production driver nor prerelease driver is supported.
06-15 22:08:20.084 D/NetworkSecurityConfig( 9666): Using Network Security Config from resource network_security_config debugBuild: false
06-15 22:08:20.087 D/NetworkSecurityConfig( 9666): Using Network Security Config from resource network_security_config debugBuild: false
06-15 22:08:20.116 I/MultiDex( 9666): VM with version 2.1.0 has multidex support
06-15 22:08:20.116 I/MultiDex( 9666): Installing application
06-15 22:08:20.116 I/MultiDex( 9666): VM has multidex support, MultiDex support library is disabled.
06-15 22:08:20.116 E/[Package]( 9666): params: AppConfiguration(vnoId='11026504', brandId='d0k7d3p3kdikth2o3q6g', appId='d0jucrbq6bt4h33c0ma0', sourceId='30006401-31002837', authServers='https://gtt-app-apigateway-lion.vdemosit.com', shareKey='S2kQMgUSugYyMlk5QclHDaF0uDsFnB0oJoFeAFgsKb8=', packageName='tech.gtt.frontapp.stb.demo', appName='Goose TV', appVersionName='v1.0.0', appVersionCode='7', pluginVersionCode='1', pluginVersionName='6.0.0-beta-build5', packageSeq='1', buglyAppId='d76a04165f', buglyKey='13b89b2d-1c12-4c4f-93b8-46e3c2ef9f73', baseVersionCode='20000066', gitTag='2.1.4-beta6', supportLang='en,pt,es', defaultLang='en', bootLoadType='1')
06-15 22:08:20.116 W/System.err( 9666): java.lang.ClassNotFoundException: tech.gtt.frontapp.stb.docker.plugin.PluginUtils
06-15 22:08:20.116 W/System.err( 9666): 	at java.lang.Class.classForName(Native Method)
06-15 22:08:20.116 W/System.err( 9666): 	at java.lang.Class.forName(Class.java:454)
06-15 22:08:20.116 W/System.err( 9666): 	at java.lang.Class.forName(Class.java:379)
06-15 22:08:20.116 W/System.err( 9666): 	at ot.e.b(SourceFile:3)
06-15 22:08:20.116 W/System.err( 9666): 	at tech.gtt.frontapp.stb.app.MainApplication.attachBaseContext(SourceFile:130)
06-15 22:08:20.116 W/System.err( 9666): 	at android.app.Application.attach(Application.java:338)
06-15 22:08:20.116 W/System.err( 9666): 	at android.app.Instrumentation.newApplication(Instrumentation.java:1190)
06-15 22:08:20.116 W/System.err( 9666): 	at android.app.LoadedApk.makeApplication(LoadedApk.java:1361)
06-15 22:08:20.116 W/System.err( 9666): 	at android.app.ActivityThread.handleBindApplication(ActivityThread.java:6728)
06-15 22:08:20.116 W/System.err( 9666): 	at android.app.ActivityThread.access$1500(ActivityThread.java:256)
06-15 22:08:20.116 W/System.err( 9666): 	at android.app.ActivityThread$H.handleMessage(ActivityThread.java:2091)
06-15 22:08:20.116 W/System.err( 9666): 	at android.os.Handler.dispatchMessage(Handler.java:106)
06-15 22:08:20.116 W/System.err( 9666): 	at android.os.Looper.loopOnce(Looper.java:201)
06-15 22:08:20.116 W/System.err( 9666): 	at android.os.Looper.loop(Looper.java:288)
06-15 22:08:20.116 W/System.err( 9666): 	at android.app.ActivityThread.main(ActivityThread.java:7875)
06-15 22:08:20.116 W/System.err( 9666): 	at java.lang.reflect.Method.invoke(Native Method)
06-15 22:08:20.116 W/System.err( 9666): 	at com.android.internal.os.RuntimeInit$MethodAndArgsCaller.run(RuntimeInit.java:568)
06-15 22:08:20.116 W/System.err( 9666): 	at com.android.internal.os.ZygoteInit.main(ZygoteInit.java:1005)
06-15 22:08:20.117 W/System.err( 9666): Caused by: java.lang.ClassNotFoundException: tech.gtt.frontapp.stb.docker.plugin.PluginUtils
06-15 22:08:20.117 W/System.err( 9666): 	... 18 more
06-15 22:08:20.117 E/[Package]( 9666): isInPluginMode: false
06-15 22:08:20.121 I/CustomActivityOnCrash( 9666): CustomActivityOnCrash has been installed.
06-15 22:08:20.123 I/System.out( 9666): Modular_Init : a - initialize
06-15 22:08:20.123 D/[ReplayInitialize]( 9666): init---
06-15 22:08:20.123 I/System.out( 9666): Modular_Init : a - initialize
06-15 22:08:20.147 I/System.out( 9666): Modular_Init : d - initialize
06-15 22:08:20.152 I/System.out( 9666): Modular_Init : a - initialize
06-15 22:08:20.152 I/System.out( 9666): Modular_Init : a - initialize
06-15 22:08:20.152 D/[LiveInitialize]( 9666): init---
06-15 22:08:20.154 I/System.out( 9666): Modular_Init : a - initialize
06-15 22:08:20.154 D/[CatchupInitModule]( 9666): init---
06-15 22:08:20.154 I/System.out( 9666): Modular_Init : b - initialize
06-15 22:08:20.166 D/AndroidAutoSize( 9666): designWidthInDp = 1920, designHeightInDp = 1080, screenWidth = 1920, screenHeight = 1080
06-15 22:08:20.168 D/AndroidAutoSize( 9666): initDensity = 2.0, initScaledDensity = 2.0
06-15 22:08:20.257 D/AndroidAutoSize( 9666): tech.gtt.frontapp.stb.m.home.activity.SplashActivity used the global configuration.
06-15 22:08:20.291 D/AndroidAutoSize( 9666): The tech.gtt.frontapp.stb.m.home.activity.SplashActivity has been adapted! 
06-15 22:08:20.291 D/AndroidAutoSize( 9666): SplashActivity Info: isBaseOnWidth = true, designWidthInDp = 1920.000000, designWidthInSubunits = 1920.000000, targetDensity = 1.000000, targetScaledDensity = 1.000000, targetDensityDpi = 160, targetXdpi = 1.000000, targetScreenWidthDp = 1920, targetScreenHeightDp = 1032
06-15 22:08:20.454 D/AndroidAutoSize( 9666): tech.gtt.frontapp.stb.m.home.activity.SplashActivity used the global configuration.
06-15 22:08:20.455 D/AndroidAutoSize( 9666): The tech.gtt.frontapp.stb.m.home.activity.SplashActivity has been adapted! 
06-15 22:08:20.455 D/AndroidAutoSize( 9666): SplashActivity Info: isBaseOnWidth = true, designWidthInDp = 1920.000000, designWidthInSubunits = 1920.000000, targetDensity = 1.000000, targetScaledDensity = 1.000000, targetDensityDpi = 160, targetXdpi = 1.000000, targetScreenWidthDp = 1920, targetScreenHeightDp = 1032
06-15 22:08:20.484 I/ActivityTaskManager( 1965): START u0 {act=android.content.pm.action.REQUEST_PERMISSIONS pkg=com.android.permissioncontroller cmp=com.android.permissioncontroller/.permission.ui.GrantPermissionsActivity (has extras)} from uid 10058
06-15 22:08:20.488 D/CompatibilityChangeReporter( 1965): Compat change id reported: 174042980; UID 10053; state: DISABLED
06-15 22:08:20.489 D/CompatibilityChangeReporter( 1965): Compat change id reported: 184838306; UID 10053; state: DISABLED
06-15 22:08:20.491 D/CompatibilityChangeReporter( 1965): Compat change id reported: 185004937; UID 10053; state: DISABLED
06-15 22:08:20.493 D/CompatibilityChangeReporter( 1965): Compat change id reported: 181136395; UID 10053; state: DISABLED
06-15 22:08:20.494 D/CompatibilityChangeReporter( 1965): Compat change id reported: 174042936; UID 10053; state: DISABLED
06-15 22:08:20.594 D/ontapp.stb.dem( 9666): createUnique: call
06-15 22:08:20.598 D/ontapp.stb.dem( 9666): HostComposition ext GL_OES_EGL_image GL_OES_EGL_image_external GL_OES_depth24 GL_OES_depth32 GL_OES_element_index_uint GL_OES_texture_float GL_OES_texture_float_linear GL_OES_compressed_paletted_texture GL_OES_compressed_ETC1_RGB8_texture GL_OES_depth_texture GL_EXT_texture_format_BGRA8888 GL_APPLE_texture_format_BGRA8888 GL_OES_texture_half_float GL_EXT_robustness GL_OES_texture_half_float_linear GL_OES_packed_depth_stencil GL_OES_vertex_half_float GL_OES_texture_npot GL_OES_rgb8_rgba8 GL_EXT_color_buffer_float GL_EXT_texture_sRGB_decode ANDROID_gles_max_version_3_1 GL_OES_vertex_array_object GL_EXT_texture_buffer GL_EXT_copy_image GL_KHR_texture_compression_astc_ldr GL_KHR_texture_compression_astc_hdr GL_OES_texture_compression_astc GL_OES_EGL_image_external
06-15 22:08:20.599 D/hw-ProcessState( 9666): Binder ioctl to enable oneway spam detection failed: Invalid argument
06-15 22:08:20.604 W/OpenGLRenderer( 9666): Failed to initialize 101010-2 format, error = EGL_SUCCESS
06-15 22:08:20.604 D/EGL_emulation( 9666): rcCreateContext wated version 2.0  rc:4
06-15 22:08:20.638 D/EGL_emulation( 9666): eglMakeCurrent: 0x713a04916a10: ver 3 2 (tinfo 0x7139849239a0) (first time)
06-15 22:08:20.644 E/HWComposer( 1783): getSupportedContentTypes: getSupportedContentTypes failed for display 0: Unsupported (8)
06-15 22:08:20.648 I/hwservicemanager( 1565): getTransport: Cannot find entry android.hardware.graphics.mapper@4.0::IMapper/default in either framework or device VINTF manifest.
06-15 22:08:20.648 I/Gralloc4( 9666): mapper 4.x is not supported
06-15 22:08:20.648 I/hwservicemanager( 1565): getTransport: Cannot find entry android.hardware.graphics.mapper@3.0::IMapper/default in either framework or device VINTF manifest.
06-15 22:08:20.648 W/Gralloc3( 9666): mapper 3.x is not supported
06-15 22:08:20.651 I/hwservicemanager( 1565): getTransport: Cannot find entry android.hardware.graphics.allocator@4.0::IAllocator/default in either framework or device VINTF manifest.
06-15 22:08:20.651 W/Gralloc4( 9666): allocator 4.x is not supported
06-15 22:08:20.651 I/hwservicemanager( 1565): getTransport: Cannot find entry android.hardware.graphics.allocator@3.0::IAllocator/default in either framework or device VINTF manifest.
06-15 22:08:20.652 W/Gralloc3( 9666): allocator 3.x is not supported
06-15 22:08:20.652 D/gralloc_nox( 1771): gralloc_alloc: Creating ashmem region of size 8298496
06-15 22:08:20.660 D/ProcessState( 9700): Binder ioctl to enable oneway spam detection failed: Invalid argument
06-15 22:08:20.688 D/ontapp.stb.dem( 9666): createUnique: call
06-15 22:08:20.690 D/ontapp.stb.dem( 9666): HostComposition ext GL_OES_EGL_image GL_OES_EGL_image_external GL_OES_depth24 GL_OES_depth32 GL_OES_element_index_uint GL_OES_texture_float GL_OES_texture_float_linear GL_OES_compressed_paletted_texture GL_OES_compressed_ETC1_RGB8_texture GL_OES_depth_texture GL_EXT_texture_format_BGRA8888 GL_APPLE_texture_format_BGRA8888 GL_OES_texture_half_float GL_EXT_robustness GL_OES_texture_half_float_linear GL_OES_packed_depth_stencil GL_OES_vertex_half_float GL_OES_texture_npot GL_OES_rgb8_rgba8 GL_EXT_color_buffer_float GL_EXT_texture_sRGB_decode ANDROID_gles_max_version_3_1 GL_OES_vertex_array_object GL_EXT_texture_buffer GL_EXT_copy_image GL_KHR_texture_compression_astc_ldr GL_KHR_texture_compression_astc_hdr GL_OES_texture_compression_astc GL_OES_EGL_image_external
06-15 22:08:20.691 D/gralloc_nox( 1771): gralloc_alloc: Creating ashmem region of size 8298496
06-15 22:08:20.751 D/gralloc_nox( 1771): gralloc_alloc: Creating ashmem region of size 8298496
06-15 22:08:20.836 E/libEGL  ( 9666): called unimplemented OpenGL ES API
06-15 22:08:21.086 D/CompatibilityChangeReporter( 9632): Compat change id reported: 171228096; UID 10053; state: ENABLED
06-15 22:08:21.210 W/InputManager-JNI( 1965): Input channel object '51dc326 Splash Screen tech.gtt.frontapp.stb.demo (client)' was disposed without first being removed with the input manager!
06-15 22:08:21.406 I/ActivityTaskManager( 1965): Displayed com.android.permissioncontroller/.permission.ui.GrantPermissionsActivity: +1s598ms
06-15 22:08:21.418 D/ProcessState( 9717): Binder ioctl to enable oneway spam detection failed: Invalid argument
06-15 22:08:21.522 D/hw-ProcessState( 9632): Binder ioctl to enable oneway spam detection failed: Invalid argument
06-15 22:08:21.524 I/hwservicemanager( 1565): getTransport: Cannot find entry android.hardware.graphics.mapper@4.0::IMapper/default in either framework or device VINTF manifest.
06-15 22:08:21.524 I/Gralloc4( 9632): mapper 4.x is not supported
06-15 22:08:21.525 I/hwservicemanager( 1565): getTransport: Cannot find entry android.hardware.graphics.mapper@3.0::IMapper/default in either framework or device VINTF manifest.
06-15 22:08:21.525 W/Gralloc3( 9632): mapper 3.x is not supported
06-15 22:08:21.530 I/hwservicemanager( 1565): getTransport: Cannot find entry android.hardware.graphics.allocator@4.0::IAllocator/default in either framework or device VINTF manifest.
06-15 22:08:21.531 W/Gralloc4( 9632): allocator 4.x is not supported
06-15 22:08:21.531 I/hwservicemanager( 1565): getTransport: Cannot find entry android.hardware.graphics.allocator@3.0::IAllocator/default in either framework or device VINTF manifest.
06-15 22:08:21.533 W/Gralloc3( 9632): allocator 3.x is not supported
06-15 22:08:21.534 D/gralloc_nox( 1771): gralloc_alloc: Creating ashmem region of size 5496832
06-15 22:08:21.551 D/ssioncontrolle( 9632): createUnique: call
06-15 22:08:21.617 D/ssioncontrolle( 9632): HostComposition ext GL_OES_EGL_image GL_OES_EGL_image_external GL_OES_depth24 GL_OES_depth32 GL_OES_element_index_uint GL_OES_texture_float GL_OES_texture_float_linear GL_OES_compressed_paletted_texture GL_OES_compressed_ETC1_RGB8_texture GL_OES_depth_texture GL_EXT_texture_format_BGRA8888 GL_APPLE_texture_format_BGRA8888 GL_OES_texture_half_float GL_EXT_robustness GL_OES_texture_half_float_linear GL_OES_packed_depth_stencil GL_OES_vertex_half_float GL_OES_texture_npot GL_OES_rgb8_rgba8 GL_EXT_color_buffer_float GL_EXT_texture_sRGB_decode ANDROID_gles_max_version_3_1 GL_OES_vertex_array_object GL_EXT_texture_buffer GL_EXT_copy_image GL_KHR_texture_compression_astc_ldr GL_KHR_texture_compression_astc_hdr GL_OES_texture_compression_astc GL_OES_EGL_image_external
06-15 22:08:21.758 D/gralloc_nox( 1771): gralloc_alloc: Creating ashmem region of size 5496832
06-15 22:08:21.929 D/gralloc_nox( 1771): gralloc_alloc: Creating ashmem region of size 5496832
06-15 22:08:22.813 E/TaskPersister( 1965): File error accessing recents directory (directory doesn't exist?).
06-15 22:08:22.869 D/UIAutomatorStub( 9569): URI: /jsonrpc/0, Method: POST, params, {NanoHttpd.QUERY_STRING=null}, files: {postData={"jsonrpc": "2.0", "id": 1, "method": "count", "params": [{"mask": 2097152, "childOrSibling": [], "childOrSiblingSelector": [], "resourceId": "com.android.permissioncontroller:id/permission_allow_button"}]}}
06-15 22:08:22.931 D/UiObject( 9569): Waiting 0ms for UiSelector[RESOURCE_ID=com.android.permissioncontroller:id/permission_allow_button].
06-15 22:08:22.934 W/QueryController( 9569): Could not detect idle state.
06-15 22:08:22.944 I/QueryController( 9569): Matched selector: UiSelector[RESOURCE_ID=com.android.permissioncontroller:id/permission_allow_button] <<==>> [android.view.accessibility.AccessibilityNodeInfo@ba55; boundsInParent: Rect(0, 0 - 992, 112); boundsInScreen: Rect(464, 557 - 1456, 669); packageName: com.android.permissioncontroller; className: android.widget.Button; text: 允许; error: null; maxTextLength: -1; stateDescription: null; contentDescription: null; tooltipText: null; viewIdResName: com.android.permissioncontroller:id/permission_allow_button; checkable: false; checked: false; focusable: true; focused: false; selected: false; clickable: true; longClickable: false; contextClickable: false; enabled: true; password: false; scrollable: false; importantForAccessibility: true; visible: true; actions: [AccessibilityAction: ACTION_FOCUS - null, AccessibilityAction: ACTION_SELECT - null, AccessibilityAction: ACTION_CLEAR_SELECTION - null, AccessibilityAction: ACTION_CLICK - null, AccessibilityAction: ACTION_ACCESSIBILITY_FOCUS - null, AccessibilityAction: ACTION_NEXT_AT_MOVEMENT_GRANULARITY - null, AccessibilityAction: ACTION_PREVIOUS_AT_MOVEMENT_GRANULARITY - null, AccessibilityAction: ACTION_SET_SELECTION - null, AccessibilityAction: ACTION_SHOW_ON_SCREEN - null]]
06-15 22:08:22.946 D/UiObject( 9569): Waiting 0ms for UiSelector[INSTANCE=1, RESOURCE_ID=com.android.permissioncontroller:id/permission_allow_button].
06-15 22:08:22.947 W/QueryController( 9569): Could not detect idle state.
06-15 22:08:22.998 D/UIAutomatorStub( 9569): URI: /jsonrpc/0, Method: POST, params, {NanoHttpd.QUERY_STRING=null}, files: {postData={"jsonrpc": "2.0", "id": 1, "method": "waitForExists", "params": [{"mask": 2097152, "childOrSibling": [], "childOrSiblingSelector": [], "resourceId": "com.android.permissioncontroller:id/permission_allow_button"}, 20000]}}
06-15 22:08:23.009 D/UiDevice( 9569): Waiting 20000ms for SearchCondition[hasObject=BySelector [RES='\Qcom.android.permissioncontroller:id/permission_allow_button\E']].
06-15 22:08:23.012 D/UiDevice( 9569): Searching for node with selector: BySelector [RES='\Qcom.android.permissioncontroller:id/permission_allow_button\E'].
06-15 22:08:23.013 W/QueryController( 9569): Could not detect idle state.
06-15 22:08:23.063 D/UIAutomatorStub( 9569): URI: /jsonrpc/0, Method: POST, params, {NanoHttpd.QUERY_STRING=null}, files: {postData={"jsonrpc": "2.0", "id": 1, "method": "objInfo", "params": [{"mask": 2097152, "childOrSibling": [], "childOrSiblingSelector": [], "resourceId": "com.android.permissioncontroller:id/permission_allow_button"}]}}
06-15 22:08:23.067 D/UiDevice( 9569): Retrieving node with selector: BySelector [RES='\Qcom.android.permissioncontroller:id/permission_allow_button\E'].
06-15 22:08:23.069 W/QueryController( 9569): Could not detect idle state.
06-15 22:08:23.091 W/QueryController( 9569): Could not detect idle state.
06-15 22:08:23.097 W/QueryController( 9569): Could not detect idle state.
06-15 22:08:23.103 W/QueryController( 9569): Could not detect idle state.
06-15 22:08:23.109 W/QueryController( 9569): Could not detect idle state.
06-15 22:08:23.112 W/QueryController( 9569): Could not detect idle state.
06-15 22:08:23.119 W/QueryController( 9569): Could not detect idle state.
06-15 22:08:23.139 W/QueryController( 9569): Could not detect idle state.
06-15 22:08:23.148 W/QueryController( 9569): Could not detect idle state.
06-15 22:08:23.161 W/QueryController( 9569): Could not detect idle state.
06-15 22:08:23.171 W/QueryController( 9569): Could not detect idle state.
06-15 22:08:23.179 W/QueryController( 9569): Could not detect idle state.
06-15 22:08:23.186 W/QueryController( 9569): Could not detect idle state.
06-15 22:08:23.193 W/QueryController( 9569): Could not detect idle state.
06-15 22:08:23.205 W/QueryController( 9569): Could not detect idle state.
06-15 22:08:23.212 W/QueryController( 9569): Could not detect idle state.
06-15 22:08:23.217 W/QueryController( 9569): Could not detect idle state.
06-15 22:08:23.230 W/QueryController( 9569): Could not detect idle state.
06-15 22:08:23.288 D/UIAutomatorStub( 9569): URI: /jsonrpc/0, Method: POST, params, {NanoHttpd.QUERY_STRING=null}, files: {postData={"jsonrpc": "2.0", "id": 1, "method": "click", "params": [960.0, 613.0]}}
06-15 22:08:23.317 V/DisplayPowerController[0]( 1965): Brightness [0.39763778] reason changing to: 'manual', previous reason: 'manual [ dim ]'.
06-15 22:08:23.323 E/DisplayDeviceConfig( 1965): requesting nits when no mapping exists.
06-15 22:08:23.329 E/DisplayDeviceConfig( 1965): requesting nits when no mapping exists.
06-15 22:08:23.331 E/LightsService( 1965): Light requested not available on this device. 0
06-15 22:08:23.331 I/DropBoxManagerService( 1965): add tag=system_server_wtf isTagEnabled=true flags=0x2
06-15 22:08:23.334 E/DisplayDeviceConfig( 1965): requesting nits when no mapping exists.
06-15 22:08:23.338 E/DisplayDeviceConfig( 1965): requesting nits when no mapping exists.
06-15 22:08:23.347 I/DropBoxManagerService( 1965): add tag=system_server_wtf isTagEnabled=true flags=0x2
06-15 22:08:23.348 E/LightsService( 1965): Light requested not available on this device. 0
06-15 22:08:23.348 E/DisplayDeviceConfig( 1965): requesting nits when no mapping exists.
06-15 22:08:23.349 E/DisplayDeviceConfig( 1965): requesting nits when no mapping exists.
06-15 22:08:23.351 E/LightsService( 1965): Light requested not available on this device. 0
06-15 22:08:23.352 I/DropBoxManagerService( 1965): add tag=system_server_wtf isTagEnabled=true flags=0x2
06-15 22:08:23.365 E/DisplayDeviceConfig( 1965): requesting nits when no mapping exists.
06-15 22:08:23.365 I/DropBoxManagerService( 1965): add tag=system_server_wtf isTagEnabled=true flags=0x2
06-15 22:08:23.366 E/DisplayDeviceConfig( 1965): requesting nits when no mapping exists.
06-15 22:08:23.373 I/DropBoxManagerService( 1965): add tag=system_server_wtf isTagEnabled=true flags=0x2
06-15 22:08:23.376 E/LightsService( 1965): Light requested not available on this device. 0
06-15 22:08:23.382 E/DisplayDeviceConfig( 1965): requesting nits when no mapping exists.
06-15 22:08:23.382 E/DisplayDeviceConfig( 1965): requesting nits when no mapping exists.
06-15 22:08:23.388 E/LightsService( 1965): Light requested not available on this device. 0
06-15 22:08:23.404 E/DisplayDeviceConfig( 1965): requesting nits when no mapping exists.
06-15 22:08:23.407 E/DisplayDeviceConfig( 1965): requesting nits when no mapping exists.
06-15 22:08:23.409 E/LightsService( 1965): Light requested not available on this device. 0
06-15 22:08:23.417 E/DisplayDeviceConfig( 1965): requesting nits when no mapping exists.
06-15 22:08:23.419 E/DisplayDeviceConfig( 1965): requesting nits when no mapping exists.
06-15 22:08:23.430 E/LightsService( 1965): Light requested not available on this device. 0
06-15 22:08:23.436 E/DisplayDeviceConfig( 1965): requesting nits when no mapping exists.
06-15 22:08:23.437 E/DisplayDeviceConfig( 1965): requesting nits when no mapping exists.
06-15 22:08:23.439 E/LightsService( 1965): Light requested not available on this device. 0
06-15 22:08:23.453 E/DisplayDeviceConfig( 1965): requesting nits when no mapping exists.
06-15 22:08:23.455 E/DisplayDeviceConfig( 1965): requesting nits when no mapping exists.
06-15 22:08:23.460 E/LightsService( 1965): Light requested not available on this device. 0
06-15 22:08:23.468 E/DisplayDeviceConfig( 1965): requesting nits when no mapping exists.
06-15 22:08:23.469 E/DisplayDeviceConfig( 1965): requesting nits when no mapping exists.
06-15 22:08:23.470 E/LightsService( 1965): Light requested not available on this device. 0
06-15 22:08:23.482 E/DisplayDeviceConfig( 1965): requesting nits when no mapping exists.
06-15 22:08:23.492 E/DisplayDeviceConfig( 1965): requesting nits when no mapping exists.
06-15 22:08:23.522 E/LightsService( 1965): Light requested not available on this device. 0
06-15 22:08:23.523 E/DisplayDeviceConfig( 1965): requesting nits when no mapping exists.
06-15 22:08:23.526 E/DisplayDeviceConfig( 1965): requesting nits when no mapping exists.
06-15 22:08:23.536 E/LightsService( 1965): Light requested not available on this device. 0
06-15 22:08:23.536 E/DisplayDeviceConfig( 1965): requesting nits when no mapping exists.
06-15 22:08:23.539 E/DisplayDeviceConfig( 1965): requesting nits when no mapping exists.
06-15 22:08:23.540 E/LightsService( 1965): Light requested not available on this device. 0
06-15 22:08:23.553 E/DisplayDeviceConfig( 1965): requesting nits when no mapping exists.
06-15 22:08:23.564 E/DisplayDeviceConfig( 1965): requesting nits when no mapping exists.
06-15 22:08:23.571 E/LightsService( 1965): Light requested not available on this device. 0
06-15 22:08:23.571 E/DisplayDeviceConfig( 1965): requesting nits when no mapping exists.
06-15 22:08:23.572 E/DisplayDeviceConfig( 1965): requesting nits when no mapping exists.
06-15 22:08:23.583 E/LightsService( 1965): Light requested not available on this device. 0
06-15 22:08:23.588 E/DisplayDeviceConfig( 1965): requesting nits when no mapping exists.
06-15 22:08:23.589 E/DisplayDeviceConfig( 1965): requesting nits when no mapping exists.
06-15 22:08:23.604 W/adbd    ( 1784): timeout expired while flushing socket, closing
06-15 22:08:23.620 V/UiAutomationManager( 1965): UiAutomation service owner died
06-15 22:08:23.625 D/BatterySaverPolicy( 1965): accessibility changed to false, updating policy.
06-15 22:08:23.749 V/GrantPermissionsViewModel( 9632): Logged buttons presented and clicked permissionGroupName=android.permission-group.STORAGE uid=10058 selectedLocations=0 package=tech.gtt.frontapp.stb.demo presentedButtons=9 clickedButton=1 sessionId=1241546044322741189 targetSdk=35
06-15 22:08:23.763 I/MediaProvider( 2579): Invalidating LocalCallingIdentity cache for package tech.gtt.frontapp.stb.demo. Reason: op android:read_external_storage
06-15 22:08:23.778 I/MediaProvider( 2579): Invalidating LocalCallingIdentity cache for package tech.gtt.frontapp.stb.demo. Reason: op android:read_external_storage
06-15 22:08:23.784 V/GrantPermissionsViewModel( 9632): Permission grant result requestId=1241546044322741189 callingUid=10058 callingPackage=tech.gtt.frontapp.stb.demo permission=android.permission.READ_EXTERNAL_STORAGE isImplicit=false result=4
06-15 22:08:23.818 D/gralloc_nox( 1771): gralloc_alloc: Creating ashmem region of size 8298496
06-15 22:08:23.825 E/android.hardware.audio.service( 1760): pcm_open called create stream faild
06-15 22:08:24.275 D/CompatibilityChangeReporter( 9666): Compat change id reported: 78294732; UID 10058; state: ENABLED
06-15 22:08:24.283 I/b       ( 9666): freeSpace : 116665MB
06-15 22:08:24.352 D/ProcessState( 9736): Binder ioctl to enable oneway spam detection failed: Invalid argument
06-15 22:08:24.509 D/ConnectivityService( 1965): NetReassign [no changes]
06-15 22:08:24.649 V/GSK     ( 9666): StorageServiceImpl initialization() executed in 1 ms.
06-15 22:08:24.651 V/GSK     ( 9666): SecurityServiceImpl initialization() executed in 0 ms.
06-15 22:08:24.831 W/System.err( 9666): SLF4J(W): No SLF4J providers were found.
06-15 22:08:24.831 W/System.err( 9666): SLF4J(W): Defaulting to no-operation (NOP) logger implementation
06-15 22:08:24.831 W/System.err( 9666): SLF4J(W): See https://www.slf4j.org/codes.html#noProviders for further details.
06-15 22:08:24.850 W/InputManager-JNI( 1965): Input channel object '18ca30e com.android.permissioncontroller/com.android.permissioncontroller.permission.ui.GrantPermissionsActivity (client)' was disposed without first being removed with the input manager!
06-15 22:08:24.884 W/SurfaceFlinger( 1783): couldn't log to binary event log: overflow.
06-15 22:08:24.929 W/System.err( 9666): kotlinx.serialization.json.internal.JsonDecodingException: Expected start of the object '{', but had 'EOF' instead at path: $
06-15 22:08:24.929 W/System.err( 9666): JSON input: 
06-15 22:08:24.929 W/System.err( 9666): 	at kotlinx.serialization.json.internal.JsonExceptionsKt.JsonDecodingException(SourceFile:1)
06-15 22:08:24.929 W/System.err( 9666): 	at kotlinx.serialization.json.internal.JsonExceptionsKt.JsonDecodingException(SourceFile:2)
06-15 22:08:24.929 W/System.err( 9666): 	at kotlinx.serialization.json.internal.AbstractJsonLexer.fail(SourceFile:52)
06-15 22:08:24.929 W/System.err( 9666): 	at kotlinx.serialization.json.internal.AbstractJsonLexer.fail$default(SourceFile:15)
06-15 22:08:24.929 W/System.err( 9666): 	at kotlinx.serialization.json.internal.AbstractJsonLexer.unexpectedToken(SourceFile:103)
06-15 22:08:24.929 W/System.err( 9666): 	at kotlinx.serialization.json.internal.StringJsonLexer.consumeNextToken(SourceFile:16)
06-15 22:08:24.929 W/System.err( 9666): 	at kotlinx.serialization.json.internal.StreamingJsonDecoder.beginStructure(SourceFile:23)
06-15 22:08:24.929 W/System.err( 9666): 	at tech.gtt.frontapp.servicesdk.common.service.utility.apis.e2ee.E2eeConfigResponse$$serializer.deserialize(SourceFile:2)
06-15 22:08:24.929 W/System.err( 9666): 	at tech.gtt.frontapp.servicesdk.common.service.utility.apis.e2ee.E2eeConfigResponse$$serializer.deserialize(SourceFile:1)
06-15 22:08:24.929 W/System.err( 9666): 	at kotlinx.serialization.json.internal.StreamingJsonDecoder.decodeSerializableValue(SourceFile:320)
06-15 22:08:24.929 W/System.err( 9666): 	at kotlinx.serialization.json.Json.decodeFromString(SourceFile:3)
06-15 22:08:24.929 W/System.err( 9666): 	at tech.gtt.frontapp.servicesdk.common.service.utility.apis.e2ee.E2eeManager.syncE2eeConfig(SourceFile:74)
06-15 22:08:24.929 W/System.err( 9666): 	at tech.gtt.frontapp.servicesdk.common.service.utility.apis.ApiUtilServiceImpl.onServiceInit(SourceFile:228)
06-15 22:08:24.929 W/System.err( 9666): 	at tech.gtt.frontapp.servicesdk.common.core.ServiceSDKImpl.executeServiceInitialize(SourceFile:372)
06-15 22:08:24.929 W/System.err( 9666): 	at tech.gtt.frontapp.servicesdk.common.core.ServiceSDKImpl.access$executeServiceInitialize(SourceFile:1)
06-15 22:08:24.929 W/System.err( 9666): 	at tech.gtt.frontapp.servicesdk.common.core.ServiceSDKImpl$init$1.invokeSuspend(SourceFile:178)
06-15 22:08:24.929 W/System.err( 9666): 	at tech.gtt.frontapp.servicesdk.common.core.ServiceSDKImpl$init$1.invoke(SourceFile:2)
06-15 22:08:24.929 W/System.err( 9666): 	at tech.gtt.frontapp.servicesdk.common.core.ServiceSDKImpl$init$1.invoke(SourceFile:1)
06-15 22:08:24.929 W/System.err( 9666): 	at kotlinx.coroutines.flow.SafeFlow.collectSafely(SourceFile:3)
06-15 22:08:24.929 W/System.err( 9666): 	at kotlinx.coroutines.flow.AbstractFlow.collect(SourceFile:70)
06-15 22:08:24.929 W/System.err( 9666): 	at tech.gtt.frontapp.servicesdk.common.core.SDKSetup$build$1.invokeSuspend(SourceFile:42)
06-15 22:08:24.929 W/System.err( 9666): 	at tech.gtt.frontapp.servicesdk.common.core.SDKSetup$build$1.invoke(SourceFile:2)
06-15 22:08:24.929 W/System.err( 9666): 	at tech.gtt.frontapp.servicesdk.common.core.SDKSetup$build$1.invoke(SourceFile:1)
06-15 22:08:24.929 W/System.err( 9666): 	at tech.gtt.frontapp.servicesdk.common.core.Scheduler$scheduleDirect$1.invokeSuspend(SourceFile:61)
06-15 22:08:24.929 W/System.err( 9666): 	at lh.a.resumeWith(SourceFile:14)
06-15 22:08:24.929 W/System.err( 9666): 	at kotlinx.coroutines.DispatchedTask.run(SourceFile:123)
06-15 22:08:24.929 W/System.err( 9666): 	at kotlinx.coroutines.internal.LimitedDispatcher$Worker.run(SourceFile:4)
06-15 22:08:24.929 W/System.err( 9666): 	at kotlinx.coroutines.scheduling.TaskImpl.run(SourceFile:3)
06-15 22:08:24.929 W/System.err( 9666): 	at kotlinx.coroutines.scheduling.CoroutineScheduler.runSafely(SourceFile:1)
06-15 22:08:24.929 W/System.err( 9666): 	at kotlinx.coroutines.scheduling.CoroutineScheduler$Worker.executeTask(SourceFile:34)
06-15 22:08:24.929 W/System.err( 9666): 	at kotlinx.coroutines.scheduling.CoroutineScheduler$Worker.runWorker(SourceFile:29)
06-15 22:08:24.929 W/System.err( 9666): 	at kotlinx.coroutines.scheduling.CoroutineScheduler$Worker.run(SourceFile:1)
06-15 22:08:24.954 W/System.err( 9666): java.io.FileNotFoundException: sys/class/sunxi_info/sys_info: open failed: ENOENT (No such file or directory)
06-15 22:08:24.955 W/System.err( 9666): 	at libcore.io.IoBridge.open(IoBridge.java:575)
06-15 22:08:24.955 W/System.err( 9666): 	at java.io.FileInputStream.<init>(FileInputStream.java:160)
06-15 22:08:24.955 W/System.err( 9666): 	at java.io.FileInputStream.<init>(FileInputStream.java:115)
06-15 22:08:24.955 W/System.err( 9666): 	at ip.b.b(SourceFile:5)
06-15 22:08:24.955 W/System.err( 9666): 	at ip.b.a(SourceFile:155)
06-15 22:08:24.955 W/System.err( 9666): 	at ip.a.invoke(SourceFile:589)
06-15 22:08:24.955 W/System.err( 9666): 	at dh.v.getValue(SourceFile:21)
06-15 22:08:24.955 W/System.err( 9666): 	at tech.gtt.frontapp.servicesdk.common.network.interceptor.params.ApiDeviceParams.handleFixedParams(SourceFile:52)
06-15 22:08:24.955 W/System.err( 9666): 	at tech.gtt.frontapp.servicesdk.common.service.utility.apis.IParamsGetter.toMaps(SourceFile:87)
06-15 22:08:24.955 W/System.err( 9666): 	at tech.gtt.frontapp.servicesdk.common.network.interceptor.DefaultParamsInterceptor.onRequest(SourceFile:127)
06-15 22:08:24.955 W/System.err( 9666): 	at tech.gtt.frontapp.servicesdk.common.network.interceptor.SDKInterceptorsPluginKt$setupRequestInterception$1.invokeSuspend(SourceFile:103)
06-15 22:08:24.955 W/System.err( 9666): 	at tech.gtt.frontapp.servicesdk.common.network.interceptor.SDKInterceptorsPluginKt$setupRequestInterception$1.invoke(SourceFile:1)
06-15 22:08:24.955 W/System.err( 9666): 	at tech.gtt.frontapp.servicesdk.common.network.interceptor.SDKInterceptorsPluginKt$setupRequestInterception$1.invoke(SourceFile:2)
06-15 22:08:24.955 W/System.err( 9666): 	at io.ktor.util.pipeline.DebugPipelineContext.proceedLoop(SourceFile:86)
06-15 22:08:24.955 W/System.err( 9666): 	at io.ktor.util.pipeline.DebugPipelineContext.proceed(SourceFile:26)
06-15 22:08:24.955 W/System.err( 9666): 	at io.ktor.client.plugins.RequestError$install$1.invokeSuspend(SourceFile:47)
06-15 22:08:24.955 W/System.err( 9666): 	at io.ktor.client.plugins.RequestError$install$1.invoke(SourceFile:1)
06-15 22:08:24.955 W/System.err( 9666): 	at io.ktor.client.plugins.RequestError$install$1.invoke(SourceFile:2)
06-15 22:08:24.955 W/System.err( 9666): 	at io.ktor.util.pipeline.DebugPipelineContext.proceedLoop(SourceFile:86)
06-15 22:08:24.955 W/System.err( 9666): 	at io.ktor.util.pipeline.DebugPipelineContext.proceed(SourceFile:26)
06-15 22:08:24.955 W/System.err( 9666): 	at io.ktor.client.plugins.SetupRequestContext$install$1.invokeSuspend$proceed(SourceFile:1)
06-15 22:08:24.955 W/System.err( 9666): 	at io.ktor.client.plugins.SetupRequestContext$install$1.access$invokeSuspend$proceed(SourceFile:1)
06-15 22:08:24.955 W/System.err( 9666): 	at io.ktor.client.plugins.SetupRequestContext$install$1$1.invoke(SourceFile:2)
06-15 22:08:24.955 W/System.err( 9666): 	at io.ktor.client.plugins.SetupRequestContext$install$1$1.invoke(SourceFile:1)
06-15 22:08:24.955 W/System.err( 9666): 	at io.ktor.client.plugins.HttpRequestLifecycleKt$HttpRequestLifecycle$1$1.invokeSuspend(SourceFile:78)
06-15 22:08:24.955 W/System.err( 9666): 	at io.ktor.client.plugins.HttpRequestLifecycleKt$HttpRequestLifecycle$1$1.invoke(SourceFile:1)
06-15 22:08:24.955 W/System.err( 9666): 	at io.ktor.client.plugins.HttpRequestLifecycleKt$HttpRequestLifecycle$1$1.invoke(SourceFile:2)
06-15 22:08:24.955 W/System.err( 9666): 	at io.ktor.client.plugins.SetupRequestContext$install$1.invokeSuspend(SourceFile:42)
06-15 22:08:24.955 W/System.err( 9666): 	at io.ktor.client.plugins.SetupRequestContext$install$1.invoke(SourceFile:1)
06-15 22:08:24.955 W/System.err( 9666): 	at io.ktor.client.plugins.SetupRequestContext$install$1.invoke(SourceFile:2)
06-15 22:08:24.955 W/System.err( 9666): 	at io.ktor.util.pipeline.DebugPipelineContext.proceedLoop(SourceFile:86)
06-15 22:08:24.955 W/System.err( 9666): 	at io.ktor.util.pipeline.DebugPipelineContext.proceed(SourceFile:26)
06-15 22:08:24.955 W/System.err( 9666): 	at io.ktor.util.pipeline.DebugPipelineContext.execute$ktor_utils(SourceFile:7)
06-15 22:08:24.955 W/System.err( 9666): 	at io.ktor.util.pipeline.Pipeline.execute(SourceFile:9)
06-15 22:08:24.955 W/System.err( 9666): 	at io.ktor.client.HttpClient.execute$ktor_client_core(SourceFile:68)
06-15 22:08:24.955 W/System.err( 9666): 	at io.ktor.client.statement.HttpStatement.fetchResponse(SourceFile:90)
06-15 22:08:24.955 W/System.err( 9666): 	at io.ktor.client.statement.HttpStatement.execute(SourceFile:9)
06-15 22:08:24.955 W/System.err( 9666): 	at de.jensklingenberg.ktorfit.internal.KtorfitConverterHelper.suspendRequest(SourceFile:127)
06-15 22:08:24.955 W/System.err( 9666): 	at de.jensklingenberg.ktorfit.internal.KtorfitConverterHelper$request$1$1.invokeSuspend(SourceFile:58)
06-15 22:08:24.955 W/System.err( 9666): 	at de.jensklingenberg.ktorfit.internal.KtorfitConverterHelper$request$1$1.invoke(SourceFile:2)
06-15 22:08:24.955 W/System.err( 9666): 	at de.jensklingenberg.ktorfit.internal.KtorfitConverterHelper$request$1$1.invoke(SourceFile:1)
06-15 22:08:24.955 W/System.err( 9666): 	at de.jensklingenberg.ktorfit.converter.FlowConverterFactory$responseConverter$1$convert$1.invokeSuspend(SourceFile:84)
06-15 22:08:24.955 W/System.err( 9666): 	at de.jensklingenberg.ktorfit.converter.FlowConverterFactory$responseConverter$1$convert$1.invoke(SourceFile:2)
06-15 22:08:24.955 W/System.err( 9666): 	at de.jensklingenberg.ktorfit.converter.FlowConverterFactory$responseConverter$1$convert$1.invoke(SourceFile:1)
06-15 22:08:24.955 W/System.err( 9666): 	at kotlinx.coroutines.flow.SafeFlow.collectSafely(SourceFile:3)
06-15 22:08:24.955 W/System.err( 9666): 	at kotlinx.coroutines.flow.AbstractFlow.collect(SourceFile:70)
06-15 22:08:24.955 W/System.err( 9666): 	at kotlinx.coroutines.flow.FlowKt__MergeKt$flatMapConcat$$inlined$map$1.collect(SourceFile:10)
06-15 22:08:24.955 W/System.err( 9666): 	at kotlinx.coroutines.flow.FlowKt__MergeKt$flattenConcat$$inlined$unsafeFlow$1.collect(SourceFile:8)
06-15 22:08:24.955 W/System.err( 9666): 	at kotlinx.coroutines.flow.FlowKt__CollectKt.collect(SourceFile:1)
06-15 22:08:24.955 W/System.err( 9666): 	at kotlinx.coroutines.flow.FlowKt.collect(SourceFile:1)
06-15 22:08:24.955 W/System.err( 9666): 	at tech.gtt.frontapp.servicesdk.common.service.utility.apis.ApiUtilServiceImpl.onServiceInit(SourceFile:240)
06-15 22:08:24.955 W/System.err( 9666): 	at tech.gtt.frontapp.servicesdk.common.core.ServiceSDKImpl.executeServiceInitialize(SourceFile:372)
06-15 22:08:24.955 W/System.err( 9666): 	at tech.gtt.frontapp.servicesdk.common.core.ServiceSDKImpl.access$executeServiceInitialize(SourceFile:1)
06-15 22:08:24.955 W/System.err( 9666): 	at tech.gtt.frontapp.servicesdk.common.core.ServiceSDKImpl$init$1.invokeSuspend(SourceFile:178)
06-15 22:08:24.955 W/System.err( 9666): 	at tech.gtt.frontapp.servicesdk.common.core.ServiceSDKImpl$init$1.invoke(SourceFile:2)
06-15 22:08:24.955 W/System.err( 9666): 	at tech.gtt.frontapp.servicesdk.common.core.ServiceSDKImpl$init$1.invoke(SourceFile:1)
06-15 22:08:24.955 W/System.err( 9666): 	at kotlinx.coroutines.flow.SafeFlow.collectSafely(SourceFile:3)
06-15 22:08:24.955 W/System.err( 9666): 	at kotlinx.coroutines.flow.AbstractFlow.collect(SourceFile:70)
06-15 22:08:24.955 W/System.err( 9666): 	at tech.gtt.frontapp.servicesdk.common.core.SDKSetup$build$1.invokeSuspend(SourceFile:42)
06-15 22:08:24.955 W/System.err( 9666): 	at tech.gtt.frontapp.servicesdk.common.core.SDKSetup$build$1.invoke(SourceFile:2)
06-15 22:08:24.955 W/System.err( 9666): 	at tech.gtt.frontapp.servicesdk.common.core.SDKSetup$build$1.invoke(SourceFile:1)
06-15 22:08:24.955 W/System.err( 9666): 	at tech.gtt.frontapp.servicesdk.common.core.Scheduler$scheduleDirect$1.invokeSuspend(SourceFile:61)
06-15 22:08:24.955 W/System.err( 9666): 	at lh.a.resumeWith(SourceFile:14)
06-15 22:08:24.956 W/System.err( 9666): 	at kotlinx.coroutines.DispatchedTask.run(SourceFile:123)
06-15 22:08:24.956 W/System.err( 9666): 	at kotlinx.coroutines.internal.LimitedDispatcher$Worker.run(SourceFile:4)
06-15 22:08:24.956 W/System.err( 9666): 	at kotlinx.coroutines.scheduling.TaskImpl.run(SourceFile:3)
06-15 22:08:24.956 W/System.err( 9666): 	at kotlinx.coroutines.scheduling.CoroutineScheduler.runSafely(SourceFile:1)
06-15 22:08:24.956 W/System.err( 9666): 	at kotlinx.coroutines.scheduling.CoroutineScheduler$Worker.executeTask(SourceFile:34)
06-15 22:08:24.956 W/System.err( 9666): 	at kotlinx.coroutines.scheduling.CoroutineScheduler$Worker.runWorker(SourceFile:29)
06-15 22:08:24.956 W/System.err( 9666): 	at kotlinx.coroutines.scheduling.CoroutineScheduler$Worker.run(SourceFile:1)
06-15 22:08:24.956 W/System.err( 9666): Caused by: android.system.ErrnoException: open failed: ENOENT (No such file or directory)
06-15 22:08:24.956 W/System.err( 9666): 	at libcore.io.Linux.open(Native Method)
06-15 22:08:24.956 W/System.err( 9666): 	at libcore.io.ForwardingOs.open(ForwardingOs.java:567)
06-15 22:08:24.956 W/System.err( 9666): 	at libcore.io.BlockGuardOs.open(BlockGuardOs.java:273)
06-15 22:08:24.956 W/System.err( 9666): 	at libcore.io.ForwardingOs.open(ForwardingOs.java:567)
06-15 22:08:24.956 W/System.err( 9666): 	at android.app.ActivityThread$AndroidOs.open(ActivityThread.java:7761)
06-15 22:08:24.956 W/System.err( 9666): 	at libcore.io.IoBridge.open(IoBridge.java:561)
06-15 22:08:24.956 W/System.err( 9666): 	... 69 more
06-15 22:08:24.964 W/System.err( 9666): java.io.FileNotFoundException: sys/class/sunxi_info/sys_info: open failed: ENOENT (No such file or directory)
06-15 22:08:24.964 W/System.err( 9666): 	at libcore.io.IoBridge.open(IoBridge.java:575)
06-15 22:08:24.964 W/System.err( 9666): 	at java.io.FileInputStream.<init>(FileInputStream.java:160)
06-15 22:08:24.964 W/System.err( 9666): 	at java.io.FileInputStream.<init>(FileInputStream.java:115)
06-15 22:08:24.964 W/System.err( 9666): 	at ip.b.b(SourceFile:5)
06-15 22:08:24.964 W/System.err( 9666): 	at ip.b.a(SourceFile:155)
06-15 22:08:24.964 W/System.err( 9666): 	at ip.a.invoke(SourceFile:127)
06-15 22:08:24.964 W/System.err( 9666): 	at dh.v.getValue(SourceFile:21)
06-15 22:08:24.964 W/System.err( 9666): 	at tech.gtt.frontapp.servicesdk.common.network.interceptor.params.ApiDeviceParams.handleFixedParams(SourceFile:65)
06-15 22:08:24.964 W/System.err( 9666): 	at tech.gtt.frontapp.servicesdk.common.service.utility.apis.IParamsGetter.toMaps(SourceFile:87)
06-15 22:08:24.965 W/System.err( 9666): 	at tech.gtt.frontapp.servicesdk.common.network.interceptor.DefaultParamsInterceptor.onRequest(SourceFile:127)
06-15 22:08:24.965 W/System.err( 9666): 	at tech.gtt.frontapp.servicesdk.common.network.interceptor.SDKInterceptorsPluginKt$setupRequestInterception$1.invokeSuspend(SourceFile:103)
06-15 22:08:24.965 W/System.err( 9666): 	at tech.gtt.frontapp.servicesdk.common.network.interceptor.SDKInterceptorsPluginKt$setupRequestInterception$1.invoke(SourceFile:1)
06-15 22:08:24.965 W/System.err( 9666): 	at tech.gtt.frontapp.servicesdk.common.network.interceptor.SDKInterceptorsPluginKt$setupRequestInterception$1.invoke(SourceFile:2)
