06-18 13:43:09.855 W/MediaProvider( 2560): 	at com.android.providers.media.MediaProvider.getOriginalMediaFormatFileDescriptor(MediaProvider.java:5739)
06-18 13:43:09.855 W/MediaProvider( 2560): 	at com.android.providers.media.MediaProvider.openTypedAssetFileCommon(MediaProvider.java:7162)
06-18 13:43:09.855 W/MediaProvider( 2560): 	at com.android.providers.media.MediaProvider.openTypedAssetFile(MediaProvider.java:7143)
06-18 13:43:09.855 W/MediaProvider( 2560): 	at android.content.ContentProvider$Transport.openTypedAssetFile(ContentProvider.java:548)
06-18 13:43:09.855 W/MediaProvider( 2560): 	at android.content.ContentProviderNative.onTransact(ContentProviderNative.java:327)
06-18 13:43:09.855 W/MediaProvider( 2560): 	at android.os.Binder.execTransactInternal(Binder.java:1179)
06-18 13:43:09.855 W/MediaProvider( 2560): 	at android.os.Binder.execTransact(Binder.java:1143)
06-18 13:43:09.855 W/MediaProvider( 2560): Caused by: android.system.ErrnoException: stat failed: ENOENT (No such file or directory)
06-18 13:43:09.855 W/MediaProvider( 2560): 	at libcore.io.Linux.stat(Native Method)
06-18 13:43:09.855 W/MediaProvider( 2560): 	at libcore.io.ForwardingOs.stat(ForwardingOs.java:853)
06-18 13:43:09.855 W/MediaProvider( 2560): 	at libcore.io.BlockGuardOs.stat(BlockGuardOs.java:420)
06-18 13:43:09.855 W/MediaProvider( 2560): 	at libcore.io.ForwardingOs.stat(ForwardingOs.java:853)
06-18 13:43:09.855 W/MediaProvider( 2560): 	at android.app.ActivityThread$AndroidOs.stat(ActivityThread.java:7775)
06-18 13:43:09.855 W/MediaProvider( 2560): 	at android.system.Os.stat(Os.java:919)
06-18 13:43:09.855 W/MediaProvider( 2560): 	at com.android.providers.media.MediaProvider.getFileFromFileDescriptor(MediaProvider.java:5816)
06-18 13:43:09.855 W/MediaProvider( 2560): 	... 7 more
06-18 13:43:09.858 D/NuPlayerDriver( 1809): NuPlayerDriver(0xf5c02920) created, clientPid(17812)
06-18 13:43:09.864 D/SurfaceUtils( 1809): connecting to surface 0xf0804ba8, reason setVideoSurfaceTexture
06-18 13:43:09.870 D/NuPlayer( 1809): onSetVideoSurface(0xf0801940, no video decoder)
06-18 13:43:09.886 D/GenericSource( 1809): FileSource remote
06-18 13:43:09.891 I/SampleTable( 1807): There are reordered frames present.
06-18 13:43:09.896 D/MediaBufferGroup( 1807): creating MemoryDealer
06-18 13:43:09.941 W/InputManager-JNI( 1936): Input channel object '1e88ee1 tech.gtt.frontapp.stb.demo/tech.gtt.frontapp.stb.m.home.activity.SplashActivity (client)' was disposed without first being removed with the input manager!
06-18 13:43:09.958 D/MediaPlayerNative(17812): getMetadata
06-18 13:43:09.964 I/GenericSource( 1809): start
06-18 13:43:09.976 I/OMXClient( 1809): IOmx service obtained
06-18 13:43:09.977 I/OMXClient( 1809): IOmx service obtained
06-18 13:43:09.978 I/OMXStore( 1812): makeComponentInstance(OMX.google.aac.decoder) in android.hardwar process
06-18 13:43:09.979 I/OMXStore( 1812): makeComponentInstance(OMX.google.h264.decoder) in android.hardwar process
06-18 13:43:09.982 D/SurfaceUtils( 1809): disconnecting from surface 0xf0801948, reason onConfigure
06-18 13:43:09.987 D/SurfaceUtils( 1809): connecting to surface 0xf0801948, reason connectToSurface
06-18 13:43:09.989 I/MediaCodec( 1809): [OMX.google.h264.decoder] setting surface generation to 1852431
06-18 13:43:09.989 D/SurfaceUtils( 1809): disconnecting from surface 0xf0801948, reason connectToSurface(reconnect)
06-18 13:43:09.989 D/SurfaceUtils( 1809): connecting to surface 0xf0801948, reason connectToSurface(reconnect)
06-18 13:43:09.990 E/OMXNodeInstance( 1812): setConfig(0xe6d40ef0:google.aac.decoder, ConfigPriority(0x6f800002)) ERROR: Undefined(0x80001001)
06-18 13:43:09.990 I/ACodec  ( 1809): codec does not support config priority (err -2147483648)
06-18 13:43:09.991 E/OMXNodeInstance( 1812): getConfig(0xe6d40ef0:google.aac.decoder, ConfigAndroidVendorExtension(0x6f100004)) ERROR: Undefined(0x80001001)
06-18 13:43:09.991 E/OMXNodeInstance( 1812): getExtensionIndex(0xe6d416d0:google.h264.decoder, OMX.google.android.index.enableAndroidNativeBuffers) ERROR: UnsupportedIndex(0x8000101a)
06-18 13:43:09.991 D/SoftAAC2( 1812): get OMX_IndexParamAudioAndroidAacDrcPresentation
06-18 13:43:09.991 E/ACodec  ( 1809): [OMX.google.h264.decoder] setPortMode on output to DynamicANWBuffer failed w/ err -1010
06-18 13:43:09.991 E/OMXNodeInstance( 1812): getParameter(0xe6d416d0:google.h264.decoder, ??(0x6f600011)) ERROR: UnsupportedIndex(0x8000101a)
06-18 13:43:09.991 I/MediaCodec( 1809): MediaCodec will operate in async mode
06-18 13:43:09.991 W/OMXNodeInstance( 1812): [0xe6d416d0:google.h264.decoder] component does not support metadata mode; using fallback
06-18 13:43:09.991 D/MediaCodec( 1809): keep callback message for reclaim
06-18 13:43:09.993 D/SoftVideoDecoderOMXComponent( 1812): Color Aspects preference: 1 
06-18 13:43:09.994 E/OMXNodeInstance( 1812): setConfig(0xe6d416d0:google.h264.decoder, ConfigPriority(0x6f800002)) ERROR: UnsupportedIndex(0x8000101a)
06-18 13:43:09.994 I/ACodec  ( 1809): codec does not support config priority (err -1010)
06-18 13:43:09.994 E/OMXNodeInstance( 1812): setConfig(0xe6d416d0:google.h264.decoder, ConfigOperatingRate(0x6f800003)) ERROR: UnsupportedIndex(0x8000101a)
06-18 13:43:09.994 I/ACodec  ( 1809): codec does not support config operating rate (err -1010)
06-18 13:43:09.994 E/OMXNodeInstance( 1812): getConfig(0xe6d416d0:google.h264.decoder, ConfigAndroidVendorExtension(0x6f100004)) ERROR: UnsupportedIndex(0x8000101a)
06-18 13:43:09.995 E/OMXNodeInstance( 1812): getConfig(0xe6d416d0:google.h264.decoder, ??(0x7f000003)) ERROR: UnsupportedSetting(0x80001019)
06-18 13:43:09.995 I/MediaCodec( 1809): MediaCodec will operate in async mode
06-18 13:43:09.996 D/MediaCodec( 1809): keep callback message for reclaim
06-18 13:43:10.004 I/SoftAAC2( 1812): Reconfiguring decoder: 0->44100 Hz, 0->1 channels
06-18 13:43:10.008 D/SoftAAC2( 1812): get OMX_IndexParamAudioAndroidAacDrcPresentation
06-18 13:43:10.010 W/ResourceManagerService( 1809): Ignoring request to add new resource entry with value <= 0
06-18 13:43:10.011 D/SoftVideoDecoderOMXComponent( 1812): Color Aspects preference: 1 
06-18 13:43:10.020 D/AudioFlinger( 1776): Client defaulted notificationFrames to 11286 for frameCount 22572
06-18 13:43:10.022 D/AF::TrackHandle( 1776): OpPlayAudio: track:71 usage:1 not muted
06-18 13:43:10.034 E/OMXNodeInstance( 1812): getConfig(0xe6d416d0:google.h264.decoder, ??(0x7f000003)) ERROR: UnsupportedSetting(0x80001019)
06-18 13:43:10.037 D/MediaCodec( 1809): [OMX.google.h264.decoder] setting dataspace on output surface to #102
06-18 13:43:10.061 D/UiDevice(17757): Searching for node with selector: BySelector [RES='\Qtech.gtt.frontapp.stb.demo:id/account_login_tv2\E'].
06-18 13:43:10.062 W/QueryController(17757): Could not detect idle state.
06-18 13:43:10.069 W/MediaPlayerNative(17812): info/warning (3, 0)
06-18 13:43:10.069 D/gralloc_nox( 1767): gralloc_alloc: Creating ashmem region of size 589824
06-18 13:43:10.069 E/android.hardware.audio.service( 1759): pcm_open called create stream faild
06-18 13:43:10.072 D/SoftwareRenderer( 1809): setting dataspace on output surface to #8000102
06-18 13:43:10.073 D/gralloc_nox( 1767): gralloc_alloc: Creating ashmem region of size 589824
06-18 13:43:10.118 D/AudioFlinger( 1776): mixer(0x7e14b2cf8a60) throttle end: throttle time(41)
06-18 13:43:10.165 D/UiDevice(17757): Searching for node with selector: BySelector [RES='\Qtech.gtt.frontapp.stb.demo:id/account_login_tv2\E'].
06-18 13:43:10.166 W/QueryController(17757): Could not detect idle state.
06-18 13:43:10.276 D/UiDevice(17757): Searching for node with selector: BySelector [RES='\Qtech.gtt.frontapp.stb.demo:id/account_login_tv2\E'].
06-18 13:43:10.276 W/QueryController(17757): Could not detect idle state.
06-18 13:43:10.340 D/gralloc_nox( 1767): gralloc_alloc: Creating ashmem region of size 589824
06-18 13:43:10.381 D/UiDevice(17757): Searching for node with selector: BySelector [RES='\Qtech.gtt.frontapp.stb.demo:id/account_login_tv2\E'].
06-18 13:43:10.384 W/QueryController(17757): Could not detect idle state.
06-18 13:43:10.414 D/AudioFlinger( 1776): mixer(0x7e14b2cf8a60) throttle end: throttle time(227)
06-18 13:43:10.495 D/UiDevice(17757): Searching for node with selector: BySelector [RES='\Qtech.gtt.frontapp.stb.demo:id/account_login_tv2\E'].
06-18 13:43:10.496 W/QueryController(17757): Could not detect idle state.
06-18 13:43:10.605 D/UiDevice(17757): Searching for node with selector: BySelector [RES='\Qtech.gtt.frontapp.stb.demo:id/account_login_tv2\E'].
06-18 13:43:10.606 D/gralloc_nox( 1767): gralloc_alloc: Creating ashmem region of size 589824
06-18 13:43:10.606 W/QueryController(17757): Could not detect idle state.
06-18 13:43:10.710 D/UiDevice(17757): Searching for node with selector: BySelector [RES='\Qtech.gtt.frontapp.stb.demo:id/account_login_tv2\E'].
06-18 13:43:10.711 W/QueryController(17757): Could not detect idle state.
06-18 13:43:10.821 D/UiDevice(17757): Searching for node with selector: BySelector [RES='\Qtech.gtt.frontapp.stb.demo:id/account_login_tv2\E'].
06-18 13:43:10.821 W/QueryController(17757): Could not detect idle state.
06-18 13:43:10.925 D/UiDevice(17757): Searching for node with selector: BySelector [RES='\Qtech.gtt.frontapp.stb.demo:id/account_login_tv2\E'].
06-18 13:43:10.926 W/QueryController(17757): Could not detect idle state.
06-18 13:43:11.029 D/UiDevice(17757): Searching for node with selector: BySelector [RES='\Qtech.gtt.frontapp.stb.demo:id/account_login_tv2\E'].
06-18 13:43:11.029 W/QueryController(17757): Could not detect idle state.
06-18 13:43:11.133 D/UiDevice(17757): Searching for node with selector: BySelector [RES='\Qtech.gtt.frontapp.stb.demo:id/account_login_tv2\E'].
06-18 13:43:11.134 W/QueryController(17757): Could not detect idle state.
06-18 13:43:11.237 D/UiDevice(17757): Searching for node with selector: BySelector [RES='\Qtech.gtt.frontapp.stb.demo:id/account_login_tv2\E'].
06-18 13:43:11.238 W/QueryController(17757): Could not detect idle state.
06-18 13:43:11.341 D/UiDevice(17757): Searching for node with selector: BySelector [RES='\Qtech.gtt.frontapp.stb.demo:id/account_login_tv2\E'].
06-18 13:43:11.342 W/QueryController(17757): Could not detect idle state.
06-18 13:43:11.446 D/UiDevice(17757): Searching for node with selector: BySelector [RES='\Qtech.gtt.frontapp.stb.demo:id/account_login_tv2\E'].
06-18 13:43:11.447 W/QueryController(17757): Could not detect idle state.
06-18 13:43:11.551 D/UiDevice(17757): Searching for node with selector: BySelector [RES='\Qtech.gtt.frontapp.stb.demo:id/account_login_tv2\E'].
06-18 13:43:11.552 W/QueryController(17757): Could not detect idle state.
06-18 13:43:11.655 D/UiDevice(17757): Searching for node with selector: BySelector [RES='\Qtech.gtt.frontapp.stb.demo:id/account_login_tv2\E'].
06-18 13:43:11.655 W/QueryController(17757): Could not detect idle state.
06-18 13:43:11.758 D/UiDevice(17757): Searching for node with selector: BySelector [RES='\Qtech.gtt.frontapp.stb.demo:id/account_login_tv2\E'].
06-18 13:43:11.758 W/QueryController(17757): Could not detect idle state.
06-18 13:43:11.862 D/UiDevice(17757): Searching for node with selector: BySelector [RES='\Qtech.gtt.frontapp.stb.demo:id/account_login_tv2\E'].
06-18 13:43:11.863 W/QueryController(17757): Could not detect idle state.
06-18 13:43:11.969 D/UiDevice(17757): Searching for node with selector: BySelector [RES='\Qtech.gtt.frontapp.stb.demo:id/account_login_tv2\E'].
06-18 13:43:11.969 W/QueryController(17757): Could not detect idle state.
06-18 13:43:12.073 D/UiDevice(17757): Searching for node with selector: BySelector [RES='\Qtech.gtt.frontapp.stb.demo:id/account_login_tv2\E'].
06-18 13:43:12.073 W/QueryController(17757): Could not detect idle state.
06-18 13:43:12.178 D/UiDevice(17757): Searching for node with selector: BySelector [RES='\Qtech.gtt.frontapp.stb.demo:id/account_login_tv2\E'].
06-18 13:43:12.179 W/QueryController(17757): Could not detect idle state.
06-18 13:43:12.283 D/UiDevice(17757): Searching for node with selector: BySelector [RES='\Qtech.gtt.frontapp.stb.demo:id/account_login_tv2\E'].
06-18 13:43:12.285 W/QueryController(17757): Could not detect idle state.
06-18 13:43:12.389 D/UiDevice(17757): Searching for node with selector: BySelector [RES='\Qtech.gtt.frontapp.stb.demo:id/account_login_tv2\E'].
06-18 13:43:12.390 W/QueryController(17757): Could not detect idle state.
06-18 13:43:12.485 E/TaskPersister( 1936): File error accessing recents directory (directory doesn't exist?).
06-18 13:43:12.493 D/UiDevice(17757): Searching for node with selector: BySelector [RES='\Qtech.gtt.frontapp.stb.demo:id/account_login_tv2\E'].
06-18 13:43:12.494 W/QueryController(17757): Could not detect idle state.
06-18 13:43:12.599 D/UiDevice(17757): Searching for node with selector: BySelector [RES='\Qtech.gtt.frontapp.stb.demo:id/account_login_tv2\E'].
06-18 13:43:12.600 W/QueryController(17757): Could not detect idle state.
06-18 13:43:12.715 I/keystore2( 1710): keystore2::watchdog: Watchdog thread idle -> terminating. Have a great day.
06-18 13:43:12.717 D/UiDevice(17757): Searching for node with selector: BySelector [RES='\Qtech.gtt.frontapp.stb.demo:id/account_login_tv2\E'].
06-18 13:43:12.719 W/QueryController(17757): Could not detect idle state.
06-18 13:43:12.827 D/UiDevice(17757): Searching for node with selector: BySelector [RES='\Qtech.gtt.frontapp.stb.demo:id/account_login_tv2\E'].
06-18 13:43:12.828 W/QueryController(17757): Could not detect idle state.
06-18 13:43:12.932 D/UiDevice(17757): Searching for node with selector: BySelector [RES='\Qtech.gtt.frontapp.stb.demo:id/account_login_tv2\E'].
06-18 13:43:12.934 W/QueryController(17757): Could not detect idle state.
06-18 13:43:13.038 D/UiDevice(17757): Searching for node with selector: BySelector [RES='\Qtech.gtt.frontapp.stb.demo:id/account_login_tv2\E'].
06-18 13:43:13.038 W/QueryController(17757): Could not detect idle state.
06-18 13:43:13.142 D/UiDevice(17757): Searching for node with selector: BySelector [RES='\Qtech.gtt.frontapp.stb.demo:id/account_login_tv2\E'].
06-18 13:43:13.142 W/QueryController(17757): Could not detect idle state.
06-18 13:43:13.247 D/UiDevice(17757): Searching for node with selector: BySelector [RES='\Qtech.gtt.frontapp.stb.demo:id/account_login_tv2\E'].
06-18 13:43:13.248 W/QueryController(17757): Could not detect idle state.
06-18 13:43:13.355 D/UiDevice(17757): Searching for node with selector: BySelector [RES='\Qtech.gtt.frontapp.stb.demo:id/account_login_tv2\E'].
06-18 13:43:13.356 W/QueryController(17757): Could not detect idle state.
06-18 13:43:13.461 D/UiDevice(17757): Searching for node with selector: BySelector [RES='\Qtech.gtt.frontapp.stb.demo:id/account_login_tv2\E'].
06-18 13:43:13.461 W/QueryController(17757): Could not detect idle state.
06-18 13:43:13.564 D/UiDevice(17757): Searching for node with selector: BySelector [RES='\Qtech.gtt.frontapp.stb.demo:id/account_login_tv2\E'].
06-18 13:43:13.565 W/QueryController(17757): Could not detect idle state.
06-18 13:43:13.670 D/UiDevice(17757): Searching for node with selector: BySelector [RES='\Qtech.gtt.frontapp.stb.demo:id/account_login_tv2\E'].
06-18 13:43:13.670 W/QueryController(17757): Could not detect idle state.
06-18 13:43:13.774 D/UiDevice(17757): Searching for node with selector: BySelector [RES='\Qtech.gtt.frontapp.stb.demo:id/account_login_tv2\E'].
06-18 13:43:13.775 W/QueryController(17757): Could not detect idle state.
06-18 13:43:13.880 D/UiDevice(17757): Searching for node with selector: BySelector [RES='\Qtech.gtt.frontapp.stb.demo:id/account_login_tv2\E'].
06-18 13:43:13.880 W/QueryController(17757): Could not detect idle state.
06-18 13:43:13.985 D/UiDevice(17757): Searching for node with selector: BySelector [RES='\Qtech.gtt.frontapp.stb.demo:id/account_login_tv2\E'].
06-18 13:43:13.986 W/QueryController(17757): Could not detect idle state.
06-18 13:43:14.017 D/AudioTrack( 1809): stop(23): called with 200704 frames delivered
06-18 13:43:14.092 D/UiDevice(17757): Searching for node with selector: BySelector [RES='\Qtech.gtt.frontapp.stb.demo:id/account_login_tv2\E'].
06-18 13:43:14.092 W/QueryController(17757): Could not detect idle state.
06-18 13:43:14.196 D/UiDevice(17757): Searching for node with selector: BySelector [RES='\Qtech.gtt.frontapp.stb.demo:id/account_login_tv2\E'].
06-18 13:43:14.196 W/QueryController(17757): Could not detect idle state.
06-18 13:43:14.300 D/UiDevice(17757): Searching for node with selector: BySelector [RES='\Qtech.gtt.frontapp.stb.demo:id/account_login_tv2\E'].
06-18 13:43:14.300 W/QueryController(17757): Could not detect idle state.
06-18 13:43:14.405 D/UiDevice(17757): Searching for node with selector: BySelector [RES='\Qtech.gtt.frontapp.stb.demo:id/account_login_tv2\E'].
06-18 13:43:14.405 W/QueryController(17757): Could not detect idle state.
06-18 13:43:14.413 D/NuPlayerDriver( 1809): stop(0xf5c02920)
06-18 13:43:14.413 V/MediaPlayer(17812): resetDrmState:  mDrmInfo=null mDrmProvisioningThread=null mPrepareDrmInProgress=false mActiveDrmScheme=false
06-18 13:43:14.413 V/MediaPlayer(17812): cleanDrmObj: mDrmObj=null mDrmSessionId=null
06-18 13:43:14.413 D/NuPlayerDriver( 1809): reset(0xf5c02920) at state 8
06-18 13:43:14.418 D/SurfaceUtils( 1809): disconnecting from surface 0xf0801948, reason disconnectFromSurface
06-18 13:43:14.419 D/SurfaceUtils( 1809): connecting to surface 0xf0801948, reason onShutdown
06-18 13:43:14.420 D/NuPlayerDriver( 1809): notifyResetComplete(0xf5c02920)
06-18 13:43:14.420 D/SurfaceUtils( 1809): disconnecting from surface 0xf0804ba8, reason disconnectNativeWindow
06-18 13:43:14.421 I/MediaFocusControl( 1936): abandonAudioFocus() from uid/pid 10058/17812 clientId=android.media.AudioManager@f1a2af7
06-18 13:43:14.421 W/AMessage( 1809): failed to post message as target looper for handler 0 is gone.
06-18 13:43:14.422 I/ActivityTaskManager( 1936): START u0 {cmp=tech.gtt.frontapp.stb.demo/tech.gtt.frontapp.stb.m.account.activity.LoginMethodSwitchActivity (has extras)} from uid 10058
06-18 13:43:14.423 D/CompatibilityChangeReporter( 1936): Compat change id reported: 174042980; UID 10058; state: DISABLED
06-18 13:43:14.425 D/CompatibilityChangeReporter( 1936): Compat change id reported: 184838306; UID 10058; state: DISABLED
06-18 13:43:14.425 D/CompatibilityChangeReporter( 1936): Compat change id reported: 185004937; UID 10058; state: DISABLED
06-18 13:43:14.425 D/CompatibilityChangeReporter( 1936): Compat change id reported: 181136395; UID 10058; state: DISABLED
06-18 13:43:14.425 D/CompatibilityChangeReporter( 1936): Compat change id reported: 174042936; UID 10058; state: DISABLED
06-18 13:43:14.426 D/CompatibilityChangeReporter( 1936): Compat change id reported: 197654537; UID 10058; state: ENABLED
06-18 13:43:14.427 D/CompatibilityChangeReporter( 1936): Compat change id reported: 168419799; UID 10058; state: DISABLED
06-18 13:43:14.430 I/MediaFocusControl( 1936): abandonAudioFocus() from uid/pid 10058/17812 clientId=android.media.AudioManager@f1a2af7
06-18 13:43:14.432 W/MediaPlayer(17812): mediaplayer went away with unhandled events
06-18 13:43:14.432 W/MediaPlayer(17812): mediaplayer went away with unhandled events
06-18 13:43:14.435 W/ActivityTaskManager( 1936): Tried to set launchTime (0) < mLastActivityLaunchTime (68285747)
06-18 13:43:14.447 D/AndroidAutoSize(17812): tech.gtt.frontapp.stb.m.account.activity.LoginMethodSwitchActivity used the global configuration.
06-18 13:43:14.447 D/AndroidAutoSize(17812): The tech.gtt.frontapp.stb.m.account.activity.LoginMethodSwitchActivity has been adapted! 
06-18 13:43:14.447 D/AndroidAutoSize(17812): LoginMethodSwitchActivity Info: isBaseOnWidth = true, designWidthInDp = 1920.000000, designWidthInSubunits = 1920.000000, targetDensity = 1.000000, targetScaledDensity = 1.000000, targetDensityDpi = 160, targetXdpi = 1.000000, targetScreenWidthDp = 1920, targetScreenHeightDp = 1032
06-18 13:43:14.479 D/AndroidAutoSize(17812): tech.gtt.frontapp.stb.m.account.activity.LoginMethodSwitchActivity used the global configuration.
06-18 13:43:14.479 D/AndroidAutoSize(17812): The tech.gtt.frontapp.stb.m.account.activity.LoginMethodSwitchActivity has been adapted! 
06-18 13:43:14.479 D/AndroidAutoSize(17812): LoginMethodSwitchActivity Info: isBaseOnWidth = true, designWidthInDp = 1920.000000, designWidthInSubunits = 1920.000000, targetDensity = 1.000000, targetScaledDensity = 1.000000, targetDensityDpi = 160, targetXdpi = 1.000000, targetScreenWidthDp = 1920, targetScreenHeightDp = 1032
06-18 13:43:14.482 W/WindowManager( 1936): Failed looking up window session=Session{b062a5c 17812:u0a10058} callers=com.android.server.wm.WindowManagerService.windowForClientLocked:5850 com.android.server.wm.Session.updateRequestedVisibilities:640 android.view.IWindowSession$Stub.onTransact:1175 
06-18 13:43:14.495 D/gralloc_nox( 1767): gralloc_alloc: Creating ashmem region of size 8298496
06-18 13:43:14.508 D/UiDevice(17757): Searching for node with selector: BySelector [RES='\Qtech.gtt.frontapp.stb.demo:id/account_login_tv2\E'].
06-18 13:43:14.509 W/QueryController(17757): Could not detect idle state.
06-18 13:43:14.512 D/gralloc_nox( 1767): gralloc_alloc: Creating ashmem region of size 8298496
06-18 13:43:14.540 D/gralloc_nox( 1767): gralloc_alloc: Creating ashmem region of size 8298496
06-18 13:43:14.548 D/ProcessState(18214): Binder ioctl to enable oneway spam detection failed: Invalid argument
06-18 13:43:14.587 E/libEGL  (17812): called unimplemented OpenGL ES API
06-18 13:43:14.631 I/ActivityTaskManager( 1936): Displayed tech.gtt.frontapp.stb.demo/tech.gtt.frontapp.stb.m.account.activity.LoginMethodSwitchActivity: +208ms
06-18 13:43:14.764 D/UiDevice(17757): Searching for node with selector: BySelector [RES='\Qtech.gtt.frontapp.stb.demo:id/account_login_tv2\E'].
06-18 13:43:14.767 W/QueryController(17757): Could not detect idle state.
06-18 13:43:14.805 D/UIAutomatorStub(17757): URI: /jsonrpc/0, Method: POST, params, {NanoHttpd.QUERY_STRING=null}, files: {postData={"jsonrpc": "2.0", "id": 1, "method": "objInfo", "params": [{"mask": 2097152, "childOrSibling": [], "childOrSiblingSelector": [], "resourceId": "tech.gtt.frontapp.stb.demo:id/account_login_tv2"}]}}
06-18 13:43:14.806 D/UiDevice(17757): Retrieving node with selector: BySelector [RES='\Qtech.gtt.frontapp.stb.demo:id/account_login_tv2\E'].
06-18 13:43:14.807 W/QueryController(17757): Could not detect idle state.
06-18 13:43:14.816 W/QueryController(17757): Could not detect idle state.
06-18 13:43:14.819 W/QueryController(17757): Could not detect idle state.
06-18 13:43:14.820 W/QueryController(17757): Could not detect idle state.
06-18 13:43:14.821 W/QueryController(17757): Could not detect idle state.
06-18 13:43:14.824 W/QueryController(17757): Could not detect idle state.
06-18 13:43:14.848 W/QueryController(17757): Could not detect idle state.
06-18 13:43:14.854 W/InputManager-JNI( 1936): Input channel object '20afc0a tech.gtt.frontapp.stb.demo/tech.gtt.frontapp.stb.m.home.activity.LoadingActivity (client)' was disposed without first being removed with the input manager!
06-18 13:43:14.858 W/QueryController(17757): Could not detect idle state.
06-18 13:43:14.861 W/QueryController(17757): Could not detect idle state.
06-18 13:43:14.863 W/QueryController(17757): Could not detect idle state.
06-18 13:43:14.864 W/QueryController(17757): Could not detect idle state.
06-18 13:43:14.864 W/QueryController(17757): Could not detect idle state.
06-18 13:43:14.865 W/QueryController(17757): Could not detect idle state.
06-18 13:43:14.867 W/QueryController(17757): Could not detect idle state.
06-18 13:43:14.868 W/QueryController(17757): Could not detect idle state.
06-18 13:43:14.869 W/QueryController(17757): Could not detect idle state.
06-18 13:43:14.870 W/QueryController(17757): Could not detect idle state.
06-18 13:43:14.871 W/QueryController(17757): Could not detect idle state.
06-18 13:43:14.890 D/UIAutomatorStub(17757): URI: /jsonrpc/0, Method: POST, params, {NanoHttpd.QUERY_STRING=null}, files: {postData={"jsonrpc": "2.0", "id": 1, "method": "click", "params": [1390.0, 559.0]}}
06-18 13:43:15.014 I/ActivityTaskManager( 1936): START u0 {cmp=tech.gtt.frontapp.stb.demo/tech.gtt.frontapp.stb.m.account.activity.LoginActivity} from uid 10058
06-18 13:43:15.019 W/ActivityTaskManager( 1936): Tried to set launchTime (0) < mLastActivityLaunchTime (68291113)
06-18 13:43:15.029 D/AndroidAutoSize(17812): tech.gtt.frontapp.stb.m.account.activity.LoginActivity used the global configuration.
06-18 13:43:15.029 D/AndroidAutoSize(17812): The tech.gtt.frontapp.stb.m.account.activity.LoginActivity has been adapted! 
06-18 13:43:15.029 D/AndroidAutoSize(17812): LoginActivity Info: isBaseOnWidth = true, designWidthInDp = 1920.000000, designWidthInSubunits = 1920.000000, targetDensity = 1.000000, targetScaledDensity = 1.000000, targetDensityDpi = 160, targetXdpi = 1.000000, targetScreenWidthDp = 1920, targetScreenHeightDp = 1032
06-18 13:43:15.052 D/UIAutomatorStub(17757): URI: /jsonrpc/0, Method: POST, params, {NanoHttpd.QUERY_STRING=null}, files: {postData={"jsonrpc": "2.0", "id": 1, "method": "waitForExists", "params": [{"mask": 2097152, "childOrSibling": [], "childOrSiblingSelector": [], "resourceId": "tech.gtt.frontapp.stb.demo:id/loginf_et_username"}, 20000]}}
06-18 13:43:15.053 D/UiDevice(17757): Waiting 20000ms for SearchCondition[hasObject=BySelector [RES='\Qtech.gtt.frontapp.stb.demo:id/loginf_et_username\E']].
06-18 13:43:15.053 D/UiDevice(17757): Searching for node with selector: BySelector [RES='\Qtech.gtt.frontapp.stb.demo:id/loginf_et_username\E'].
06-18 13:43:15.054 W/QueryController(17757): Could not detect idle state.
06-18 13:43:15.089 D/AndroidAutoSize(17812): tech.gtt.frontapp.stb.m.account.activity.LoginActivity used the global configuration.
06-18 13:43:15.089 D/AndroidAutoSize(17812): The tech.gtt.frontapp.stb.m.account.activity.LoginActivity has been adapted! 
06-18 13:43:15.089 D/AndroidAutoSize(17812): LoginActivity Info: isBaseOnWidth = true, designWidthInDp = 1920.000000, designWidthInSubunits = 1920.000000, targetDensity = 1.000000, targetScaledDensity = 1.000000, targetDensityDpi = 160, targetXdpi = 1.000000, targetScreenWidthDp = 1920, targetScreenHeightDp = 1032
06-18 13:43:15.110 D/gralloc_nox( 1767): gralloc_alloc: Creating ashmem region of size 8298496
06-18 13:43:15.128 D/gralloc_nox( 1767): gralloc_alloc: Creating ashmem region of size 8298496
06-18 13:43:15.147 D/gralloc_nox( 1767): gralloc_alloc: Creating ashmem region of size 8298496
06-18 13:43:15.153 D/ProcessState(18226): Binder ioctl to enable oneway spam detection failed: Invalid argument
06-18 13:43:15.222 W/ByMatcher(17757): Node returned null child: android.view.accessibility.AccessibilityNodeInfo@115a1; boundsInParent: Rect(0, 0 - 1920, 1080); boundsInScreen: Rect(0, 0 - 1920, 1080); packageName: tech.gtt.frontapp.stb.demo; className: android.widget.RelativeLayout; text: null; error: null; maxTextLength: -1; stateDescription: null; contentDescription: null; tooltipText: null; viewIdResName: null; checkable: false; checked: false; focusable: false; focused: false; selected: false; clickable: false; longClickable: false; contextClickable: false; enabled: true; password: false; scrollable: false; importantForAccessibility: false; visible: true; actions: [AccessibilityAction: ACTION_SELECT - null, AccessibilityAction: ACTION_CLEAR_SELECTION - null, AccessibilityAction: ACTION_ACCESSIBILITY_FOCUS - null, AccessibilityAction: ACTION_SHOW_ON_SCREEN - null]
06-18 13:43:15.222 W/ByMatcher(17757): Skipping null child (2 of 3)
06-18 13:43:15.223 W/ByMatcher(17757): Node returned null child: android.view.accessibility.AccessibilityNodeInfo@80007075; boundsInParent: Rect(0, 0 - 1920, 1080); boundsInScreen: Rect(0, 0 - 1920, 1080); packageName: tech.gtt.frontapp.stb.demo; className: android.widget.FrameLayout; text: null; error: null; maxTextLength: -1; stateDescription: null; contentDescription: null; tooltipText: null; viewIdResName: null; checkable: false; checked: false; focusable: false; focused: false; selected: false; clickable: false; longClickable: false; contextClickable: false; enabled: true; password: false; scrollable: false; importantForAccessibility: true; visible: true; actions: [AccessibilityAction: ACTION_SELECT - null, AccessibilityAction: ACTION_CLEAR_SELECTION - null, AccessibilityAction: ACTION_ACCESSIBILITY_FOCUS - null, AccessibilityAction: ACTION_SHOW_ON_SCREEN - null]
06-18 13:43:15.223 W/ByMatcher(17757): Skipping null child (0 of 1)
06-18 13:43:15.226 I/ActivityTaskManager( 1936): Displayed tech.gtt.frontapp.stb.demo/tech.gtt.frontapp.stb.m.account.activity.LoginActivity: +211ms
06-18 13:43:15.324 D/UiDevice(17757): Searching for node with selector: BySelector [RES='\Qtech.gtt.frontapp.stb.demo:id/loginf_et_username\E'].
06-18 13:43:15.324 W/QueryController(17757): Could not detect idle state.
06-18 13:43:15.365 D/UIAutomatorStub(17757): URI: /jsonrpc/0, Method: POST, params, {NanoHttpd.QUERY_STRING=null}, files: {postData={"jsonrpc": "2.0", "id": 1, "method": "objInfo", "params": [{"mask": 2097152, "childOrSibling": [], "childOrSiblingSelector": [], "resourceId": "tech.gtt.frontapp.stb.demo:id/loginf_et_username"}]}}
06-18 13:43:15.368 D/UiDevice(17757): Retrieving node with selector: BySelector [RES='\Qtech.gtt.frontapp.stb.demo:id/loginf_et_username\E'].
06-18 13:43:15.368 W/QueryController(17757): Could not detect idle state.
06-18 13:43:15.372 W/QueryController(17757): Could not detect idle state.
06-18 13:43:15.374 W/QueryController(17757): Could not detect idle state.
06-18 13:43:15.376 W/QueryController(17757): Could not detect idle state.
06-18 13:43:15.378 W/QueryController(17757): Could not detect idle state.
06-18 13:43:15.380 W/QueryController(17757): Could not detect idle state.
06-18 13:43:15.381 W/QueryController(17757): Could not detect idle state.
06-18 13:43:15.382 W/QueryController(17757): Could not detect idle state.
06-18 13:43:15.385 W/QueryController(17757): Could not detect idle state.
06-18 13:43:15.386 W/QueryController(17757): Could not detect idle state.
06-18 13:43:15.386 W/QueryController(17757): Could not detect idle state.
06-18 13:43:15.387 W/QueryController(17757): Could not detect idle state.
06-18 13:43:15.388 W/QueryController(17757): Could not detect idle state.
06-18 13:43:15.389 W/QueryController(17757): Could not detect idle state.
06-18 13:43:15.390 W/QueryController(17757): Could not detect idle state.
06-18 13:43:15.391 W/QueryController(17757): Could not detect idle state.
06-18 13:43:15.393 W/QueryController(17757): Could not detect idle state.
06-18 13:43:15.395 W/QueryController(17757): Could not detect idle state.
06-18 13:43:15.413 D/UIAutomatorStub(17757): URI: /jsonrpc/0, Method: POST, params, {NanoHttpd.QUERY_STRING=null}, files: {postData={"jsonrpc": "2.0", "id": 1, "method": "click", "params": [1057.0, 437.0]}}
06-18 13:43:15.473 W/SurfaceFlinger( 1779): couldn't log to binary event log: overflow.
06-18 13:43:15.563 D/CompatibilityChangeReporter(17812): Compat change id reported: 163400105; UID 10058; state: ENABLED
06-18 13:43:15.563 D/InputMethodManager(17812): showSoftInput() view=tech.gtt.frontapp.stb.c.ui.edittext.EmailAutoCompleteTextView{c3a7227 VFED..CL. .F.P..ID 0,0-700,92 #7f0b02ce app:id/loginf_et_username aid=1073741824} flags=0 reason=SHOW_SOFT_INPUT
06-18 13:43:15.563 V/InputMethodService( 3034): onEvaluateInputViewShown: config.hardKeyboardHidden = 2
06-18 13:43:15.563 V/InputMethodService( 3034): onEvaluateInputViewShown: config.hardKeyboardHidden = 2
06-18 13:43:15.563 I/AdbKeyboard( 3034): imeAction: 5 Next
06-18 13:43:15.580 D/gralloc_nox( 1767): gralloc_alloc: Creating ashmem region of size 647168
06-18 13:43:15.608 D/gralloc_nox( 1767): gralloc_alloc: Creating ashmem region of size 647168
06-18 13:43:15.613 D/gralloc_nox( 1767): gralloc_alloc: Creating ashmem region of size 647168
06-18 13:43:15.613 D/UIAutomatorStub(17757): URI: /jsonrpc/0, Method: POST, params, {NanoHttpd.QUERY_STRING=null}, files: {postData={"jsonrpc": "2.0", "id": 1, "method": "waitForExists", "params": [{"mask": 2097152, "childOrSibling": [], "childOrSiblingSelector": [], "resourceId": "tech.gtt.frontapp.stb.demo:id/loginf_et_username"}, 20000]}}
06-18 13:43:15.619 D/UiDevice(17757): Waiting 20000ms for SearchCondition[hasObject=BySelector [RES='\Qtech.gtt.frontapp.stb.demo:id/loginf_et_username\E']].
06-18 13:43:15.620 D/UiDevice(17757): Searching for node with selector: BySelector [RES='\Qtech.gtt.frontapp.stb.demo:id/loginf_et_username\E'].
06-18 13:43:15.621 W/QueryController(17757): Could not detect idle state.
06-18 13:43:15.628 D/ProcessState(18236): Binder ioctl to enable oneway spam detection failed: Invalid argument
06-18 13:43:15.635 D/InsetsController(17812): show(ime(), fromIme=true)
06-18 13:43:15.636 D/UIAutomatorStub(17757): URI: /jsonrpc/0, Method: POST, params, {NanoHttpd.QUERY_STRING=null}, files: {postData={"jsonrpc": "2.0", "id": 1, "method": "setText", "params": [{"mask": 2097152, "childOrSibling": [], "childOrSiblingSelector": [], "resourceId": "tech.gtt.frontapp.stb.demo:id/loginf_et_username"}, "0609@ipwangxin.cn"]}}
06-18 13:43:15.639 D/UiDevice(17757): Retrieving node with selector: BySelector [RES='\Qtech.gtt.frontapp.stb.demo:id/loginf_et_username\E'].
06-18 13:43:15.642 W/QueryController(17757): Could not detect idle state.
06-18 13:43:15.646 W/QueryController(17757): Could not detect idle state.
06-18 13:43:15.648 D/UiObject2(17757): Clicking on (1057, 437).
06-18 13:43:15.668 D/InputMethodManager(17812): showSoftInput() view=tech.gtt.frontapp.stb.c.ui.edittext.EmailAutoCompleteTextView{c3a7227 VFED..CL. .F.P.... 0,0-700,92 #7f0b02ce app:id/loginf_et_username aid=1073741824} flags=0 reason=SHOW_SOFT_INPUT
06-18 13:43:15.669 V/InputMethodService( 3034): onEvaluateInputViewShown: config.hardKeyboardHidden = 2
06-18 13:43:15.669 V/InputMethodService( 3034): onEvaluateInputViewShown: config.hardKeyboardHidden = 2
06-18 13:43:15.670 D/InsetsController(17812): show(ime(), fromIme=true)
06-18 13:43:15.682 W/GestureController(17757): Gestures took longer than expected (32ms >> 16ms), device might be in a busy state.
06-18 13:43:15.683 D/UiDevice(17757): Retrieving node with selector: BySelector [RES='\Qtech.gtt.frontapp.stb.demo:id/loginf_et_username\E'].
06-18 13:43:15.685 W/QueryController(17757): Could not detect idle state.
06-18 13:43:15.692 W/QueryController(17757): Could not detect idle state.
06-18 13:43:15.694 D/UiObject2(17757): Setting text to '0609@ipwangxin.cn'.
06-18 13:43:15.703 I/AdbKeyboard( 3034): imeAction: 5 Next
06-18 13:43:15.704 V/InputMethodService( 3034): onEvaluateInputViewShown: config.hardKeyboardHidden = 2
06-18 13:43:15.704 V/InputMethodService( 3034): onEvaluateInputViewShown: config.hardKeyboardHidden = 2
06-18 13:43:15.765 D/InsetsController(17812): show(ime(), fromIme=true)
06-18 13:43:15.790 D/UIAutomatorStub(17757): URI: /jsonrpc/0, Method: POST, params, {NanoHttpd.QUERY_STRING=null}, files: {postData={"jsonrpc": "2.0", "id": 1, "method": "waitForExists", "params": [{"mask": 2097152, "childOrSibling": [], "childOrSiblingSelector": [], "resourceId": "tech.gtt.frontapp.stb.demo:id/et_pwd"}, 20000]}}
06-18 13:43:15.791 D/UiDevice(17757): Waiting 20000ms for SearchCondition[hasObject=BySelector [RES='\Qtech.gtt.frontapp.stb.demo:id/et_pwd\E']].
06-18 13:43:15.791 D/UiDevice(17757): Searching for node with selector: BySelector [RES='\Qtech.gtt.frontapp.stb.demo:id/et_pwd\E'].
06-18 13:43:15.791 W/QueryController(17757): Could not detect idle state.
06-18 13:43:15.818 D/UIAutomatorStub(17757): URI: /jsonrpc/0, Method: POST, params, {NanoHttpd.QUERY_STRING=null}, files: {postData={"jsonrpc": "2.0", "id": 1, "method": "objInfo", "params": [{"mask": 2097152, "childOrSibling": [], "childOrSiblingSelector": [], "resourceId": "tech.gtt.frontapp.stb.demo:id/et_pwd"}]}}
06-18 13:43:15.819 D/UiDevice(17757): Retrieving node with selector: BySelector [RES='\Qtech.gtt.frontapp.stb.demo:id/et_pwd\E'].
06-18 13:43:15.819 W/QueryController(17757): Could not detect idle state.
06-18 13:43:15.822 W/QueryController(17757): Could not detect idle state.
06-18 13:43:15.823 W/QueryController(17757): Could not detect idle state.
06-18 13:43:15.824 W/QueryController(17757): Could not detect idle state.
06-18 13:43:15.825 W/QueryController(17757): Could not detect idle state.
06-18 13:43:15.825 W/QueryController(17757): Could not detect idle state.
06-18 13:43:15.826 W/QueryController(17757): Could not detect idle state.
06-18 13:43:15.827 W/QueryController(17757): Could not detect idle state.
06-18 13:43:15.828 W/QueryController(17757): Could not detect idle state.
06-18 13:43:15.829 W/QueryController(17757): Could not detect idle state.
06-18 13:43:15.830 W/QueryController(17757): Could not detect idle state.
06-18 13:43:15.830 W/QueryController(17757): Could not detect idle state.
06-18 13:43:15.831 W/QueryController(17757): Could not detect idle state.
06-18 13:43:15.834 W/QueryController(17757): Could not detect idle state.
06-18 13:43:15.835 W/QueryController(17757): Could not detect idle state.
06-18 13:43:15.836 W/QueryController(17757): Could not detect idle state.
06-18 13:43:15.837 W/QueryController(17757): Could not detect idle state.
06-18 13:43:15.839 W/QueryController(17757): Could not detect idle state.
06-18 13:43:15.845 D/UIAutomatorStub(17757): URI: /jsonrpc/0, Method: POST, params, {NanoHttpd.QUERY_STRING=null}, files: {postData={"jsonrpc": "2.0", "id": 1, "method": "click", "params": [1057.0, 559.0]}}
06-18 13:43:15.877 W/NotificationHistory( 1936): Attempted to add notif for locked/gone/disabled user 0
06-18 13:43:15.881 D/InterruptionStateProvider( 2106): No bubble up: not allowed to bubble: -1|android|8|null|1000
06-18 13:43:15.882 D/InterruptionStateProvider( 2106): No heads up: unimportant notification: -1|android|8|null|1000
06-18 13:43:15.882 D/PeopleSpaceWidgetMgr( 2106): Sbn doesn't contain valid PeopleTileKey: null/-1/android
06-18 13:43:15.927 D/InterruptionStateProvider( 2106): No bubble up: not allowed to bubble: -1|android|8|null|1000
06-18 13:43:15.928 D/InterruptionStateProvider( 2106): No heads up: unimportant notification: -1|android|8|null|1000
06-18 13:43:15.933 D/PeopleSpaceWidgetMgr( 2106): Sbn doesn't contain valid PeopleTileKey: null/-1/android
06-18 13:43:15.962 I/AdbKeyboard( 3034): imeAction: 5 Next
06-18 13:43:15.962 D/InputMethodManager(17812): showSoftInput() view=tech.gtt.frontapp.stb.c.ui.edittext.NormalFocusEditText{2476579 VFED..CL. .F.P..ID 0,0-700,92 #7f0b0172 app:id/et_pwd aid=1073741826} flags=0 reason=SHOW_SOFT_INPUT
06-18 13:43:15.962 V/InputMethodService( 3034): onEvaluateInputViewShown: config.hardKeyboardHidden = 2
06-18 13:43:15.962 V/InputMethodService( 3034): onEvaluateInputViewShown: config.hardKeyboardHidden = 2
06-18 13:43:15.963 V/InputMethodService( 3034): onEvaluateInputViewShown: config.hardKeyboardHidden = 2
06-18 13:43:15.963 V/InputMethodService( 3034): onEvaluateInputViewShown: config.hardKeyboardHidden = 2
06-18 13:43:15.981 D/InsetsController(17812): show(ime(), fromIme=true)
06-18 13:43:15.986 D/InsetsController(17812): show(ime(), fromIme=true)
06-18 13:43:16.019 D/UIAutomatorStub(17757): URI: /jsonrpc/0, Method: POST, params, {NanoHttpd.QUERY_STRING=null}, files: {postData={"jsonrpc": "2.0", "id": 1, "method": "waitForExists", "params": [{"mask": 2097152, "childOrSibling": [], "childOrSiblingSelector": [], "resourceId": "tech.gtt.frontapp.stb.demo:id/et_pwd"}, 20000]}}
06-18 13:43:16.020 D/UiDevice(17757): Waiting 20000ms for SearchCondition[hasObject=BySelector [RES='\Qtech.gtt.frontapp.stb.demo:id/et_pwd\E']].
06-18 13:43:16.020 D/UiDevice(17757): Searching for node with selector: BySelector [RES='\Qtech.gtt.frontapp.stb.demo:id/et_pwd\E'].
06-18 13:43:16.020 W/QueryController(17757): Could not detect idle state.
06-18 13:43:16.043 D/UIAutomatorStub(17757): URI: /jsonrpc/0, Method: POST, params, {NanoHttpd.QUERY_STRING=null}, files: {postData={"jsonrpc": "2.0", "id": 1, "method": "setText", "params": [{"mask": 2097152, "childOrSibling": [], "childOrSiblingSelector": [], "resourceId": "tech.gtt.frontapp.stb.demo:id/et_pwd"}, "123456"]}}
06-18 13:43:16.044 D/UiDevice(17757): Retrieving node with selector: BySelector [RES='\Qtech.gtt.frontapp.stb.demo:id/et_pwd\E'].
06-18 13:43:16.045 W/QueryController(17757): Could not detect idle state.
06-18 13:43:16.052 W/QueryController(17757): Could not detect idle state.
06-18 13:43:16.053 D/UiObject2(17757): Clicking on (1057, 559).
06-18 13:43:16.067 D/InputMethodManager(17812): showSoftInput() view=tech.gtt.frontapp.stb.c.ui.edittext.NormalFocusEditText{2476579 VFED..CL. .F.P.... 0,0-700,92 #7f0b0172 app:id/et_pwd aid=1073741826} flags=0 reason=SHOW_SOFT_INPUT
06-18 13:43:16.068 V/InputMethodService( 3034): onEvaluateInputViewShown: config.hardKeyboardHidden = 2
06-18 13:43:16.068 V/InputMethodService( 3034): onEvaluateInputViewShown: config.hardKeyboardHidden = 2
06-18 13:43:16.069 D/InsetsController(17812): show(ime(), fromIme=true)
06-18 13:43:16.081 D/UiDevice(17757): Retrieving node with selector: BySelector [RES='\Qtech.gtt.frontapp.stb.demo:id/et_pwd\E'].
06-18 13:43:16.081 W/QueryController(17757): Could not detect idle state.
06-18 13:43:16.088 W/QueryController(17757): Could not detect idle state.
06-18 13:43:16.090 D/UiObject2(17757): Setting text to '123456'.
06-18 13:43:16.096 I/AdbKeyboard( 3034): imeAction: 5 Next
06-18 13:43:16.096 V/InputMethodService( 3034): onEvaluateInputViewShown: config.hardKeyboardHidden = 2
06-18 13:43:16.096 V/InputMethodService( 3034): onEvaluateInputViewShown: config.hardKeyboardHidden = 2
06-18 13:43:16.107 D/InsetsController(17812): show(ime(), fromIme=true)
06-18 13:43:16.117 D/UIAutomatorStub(17757): URI: /jsonrpc/0, Method: POST, params, {NanoHttpd.QUERY_STRING=null}, files: {postData={"jsonrpc": "2.0", "id": 1, "method": "waitForExists", "params": [{"mask": 2097152, "childOrSibling": [], "childOrSiblingSelector": [], "resourceId": "tech.gtt.frontapp.stb.demo:id/remember_pwd_cb"}, 20000]}}
06-18 13:43:16.118 D/UiDevice(17757): Waiting 20000ms for SearchCondition[hasObject=BySelector [RES='\Qtech.gtt.frontapp.stb.demo:id/remember_pwd_cb\E']].
06-18 13:43:16.118 D/UiDevice(17757): Searching for node with selector: BySelector [RES='\Qtech.gtt.frontapp.stb.demo:id/remember_pwd_cb\E'].
06-18 13:43:16.119 W/QueryController(17757): Could not detect idle state.
06-18 13:43:16.132 D/UIAutomatorStub(17757): URI: /jsonrpc/0, Method: POST, params, {NanoHttpd.QUERY_STRING=null}, files: {postData={"jsonrpc": "2.0", "id": 1, "method": "objInfo", "params": [{"mask": 2097152, "childOrSibling": [], "childOrSiblingSelector": [], "resourceId": "tech.gtt.frontapp.stb.demo:id/remember_pwd_cb"}]}}
06-18 13:43:16.135 D/UiDevice(17757): Retrieving node with selector: BySelector [RES='\Qtech.gtt.frontapp.stb.demo:id/remember_pwd_cb\E'].
06-18 13:43:16.136 W/QueryController(17757): Could not detect idle state.
06-18 13:43:16.140 W/QueryController(17757): Could not detect idle state.
06-18 13:43:16.141 W/QueryController(17757): Could not detect idle state.
06-18 13:43:16.141 W/QueryController(17757): Could not detect idle state.
06-18 13:43:16.142 W/QueryController(17757): Could not detect idle state.
06-18 13:43:16.144 W/QueryController(17757): Could not detect idle state.
06-18 13:43:16.145 W/QueryController(17757): Could not detect idle state.
06-18 13:43:16.146 W/QueryController(17757): Could not detect idle state.
06-18 13:43:16.146 W/QueryController(17757): Could not detect idle state.
06-18 13:43:16.147 W/QueryController(17757): Could not detect idle state.
06-18 13:43:16.148 W/QueryController(17757): Could not detect idle state.
06-18 13:43:16.149 W/QueryController(17757): Could not detect idle state.
06-18 13:43:16.150 W/QueryController(17757): Could not detect idle state.
06-18 13:43:16.151 W/QueryController(17757): Could not detect idle state.
06-18 13:43:16.152 W/QueryController(17757): Could not detect idle state.
06-18 13:43:16.152 W/QueryController(17757): Could not detect idle state.
06-18 13:43:16.153 W/QueryController(17757): Could not detect idle state.
06-18 13:43:16.154 W/QueryController(17757): Could not detect idle state.
06-18 13:43:16.160 D/UIAutomatorStub(17757): URI: /jsonrpc/0, Method: POST, params, {NanoHttpd.QUERY_STRING=null}, files: {postData={"jsonrpc": "2.0", "id": 1, "method": "click", "params": [729.0, 656.0]}}
06-18 13:43:16.169 D/InterruptionStateProvider( 2106): No bubble up: not allowed to bubble: -1|android|8|null|1000
06-18 13:43:16.169 D/InterruptionStateProvider( 2106): No heads up: unimportant notification: -1|android|8|null|1000
06-18 13:43:16.173 D/PeopleSpaceWidgetMgr( 2106): Sbn doesn't contain valid PeopleTileKey: null/-1/android
06-18 13:43:16.178 D/InterruptionStateProvider( 2106): No bubble up: not allowed to bubble: -1|android|8|null|1000
06-18 13:43:16.178 D/InterruptionStateProvider( 2106): No heads up: unimportant notification: -1|android|8|null|1000
06-18 13:43:16.186 D/PeopleSpaceWidgetMgr( 2106): Sbn doesn't contain valid PeopleTileKey: null/-1/android
06-18 13:43:16.187 E/libEGL  (17812): called unimplemented OpenGL ES API
06-18 13:43:16.280 D/InterruptionStateProvider( 2106): No bubble up: not allowed to bubble: -1|android|8|null|1000
06-18 13:43:16.281 D/InterruptionStateProvider( 2106): No heads up: unimportant notification: -1|android|8|null|1000
06-18 13:43:16.297 D/PeopleSpaceWidgetMgr( 2106): Sbn doesn't contain valid PeopleTileKey: null/-1/android
06-18 13:43:16.321 D/InterruptionStateProvider( 2106): No bubble up: not allowed to bubble: -1|android|8|null|1000
06-18 13:43:16.322 D/InterruptionStateProvider( 2106): No heads up: unimportant notification: -1|android|8|null|1000
06-18 13:43:16.326 D/ProcessState(18251): Binder ioctl to enable oneway spam detection failed: Invalid argument
06-18 13:43:16.341 D/PeopleSpaceWidgetMgr( 2106): Sbn doesn't contain valid PeopleTileKey: null/-1/android
06-18 13:43:16.364 D/ProcessState(18254): Binder ioctl to enable oneway spam detection failed: Invalid argument
06-18 13:43:16.402 D/UIAutomatorStub(17757): URI: /jsonrpc/0, Method: POST, params, {NanoHttpd.QUERY_STRING=null}, files: {postData={"jsonrpc": "2.0", "id": 1, "method": "click", "params": [1105, 761]}}
06-18 13:43:16.540 V/GSK-Account:AccountManager(17812): disableSavePwd=false
06-18 13:43:16.541 V/GSK-Account:EmailOrPhoneLoginStrategy(17812): disableSavePwd=false
06-18 13:43:16.549 E/ActivityThread(17812): Failed to find provider info for com.uv.droid.uotaback.storage.provider
06-18 13:43:16.552 E/ActivityThread(17812): Failed to find provider info for com.uv.droid.booster.vod.provider
06-18 13:43:16.552 E/ontapp.stb.dem(17812): No implementation found for java.lang.String os.SystemPropertiesKt.native_get(java.lang.String) (tried Java_os_SystemPropertiesKt_native_1get and Java_os_SystemPropertiesKt_native_1get__Ljava_lang_String_2)
06-18 13:43:16.553 V/GSK-Account:AccountManager(17812): isLoggedIn=false
06-18 13:43:16.554 V/GSK-APIS(17812): =======================NEW REQUEST=========================
06-18 13:43:16.554 V/GSK-APIS(17812): Request:	/api/enduser/account/user/login/v1	POST
06-18 13:43:16.554 V/GSK-APIS(17812): RequestIdentify:	7e36068c
06-18 13:43:16.554 V/GSK-APIS(17812): 
06-18 13:43:16.554 V/GSK-APIS(17812): RequestHeaders in a readable format:
06-18 13:43:16.554 V/GSK-APIS(17812): X-App-Id: db589110cb7457cd607739664dc44e61c217d77681427dacfe2f262f1927cd8f
06-18 13:43:16.554 V/GSK-APIS(17812): X-Source-Id: 30006401-31002837
06-18 13:43:16.554 V/GSK-APIS(17812): X-Version-Code: 7
06-18 13:43:16.554 V/GSK-APIS(17812): X-Brand-Id: 66d009603c38ec6574e5b77ce48fb7070a3f7ed622c465b05fc56110bd72fc65
06-18 13:43:16.554 V/GSK-APIS(17812): X-Version-Seq: 1
06-18 13:43:16.554 V/GSK-APIS(17812): X-App-Type-Text: STB
06-18 13:43:16.554 V/GSK-APIS(17812): Accept-Language: en
06-18 13:43:16.554 V/GSK-APIS(17812): 
06-18 13:43:16.554 V/GSK-APIS(17812): 
06-18 13:43:16.554 V/GSK-APIS(17812): RequestParams in Json Format:
