--------- beginning of main
06-18 13:43:02.209 D/ProcessState(17783): Binder ioctl to enable oneway spam detection failed: Invalid argument
--------- beginning of system
06-18 13:43:02.210 I/ActivityManager( 1936): Force stopping tech.gtt.frontapp.stb.demo appid=10058 user=0: clear data
06-18 13:43:02.211 I/ActivityManager( 1936): Force stopping tech.gtt.frontapp.stb.demo appid=10058 user=-1: clearApplicationUserData
06-18 13:43:02.233 I/MediaProvider( 2560): Begin Intent { act=android.intent.action.PACKAGE_DATA_CLEARED dat=package:tech.gtt.frontapp.stb.demo flg=0x1000010 cmp=com.android.providers.media.module/com.android.providers.media.MediaService (has extras) }
06-18 13:43:02.233 D/MediaProvider( 2560): Deleted 0 Android/media items belonging to tech.gtt.frontapp.stb.demo on /data/user/0/com.android.providers.media.module/databases/external.db
06-18 13:43:02.234 I/MediaProvider( 2560): End Intent { act=android.intent.action.PACKAGE_DATA_CLEARED dat=package:tech.gtt.frontapp.stb.demo flg=0x1000010 cmp=com.android.providers.media.module/com.android.providers.media.MediaService (has extras) }
06-18 13:43:02.280 D/AndroidRuntime(17797): >>>>>> START com.android.internal.os.RuntimeInit uid 0 <<<<<<
06-18 13:43:02.283 I/AndroidRuntime(17797): Using default boot image
06-18 13:43:02.283 I/AndroidRuntime(17797): Leaving lock profiling enabled
06-18 13:43:02.284 W/app_process(17797): ART APEX data files are untrusted.
06-18 13:43:02.284 I/app_process(17797): Core platform API reporting enabled, enforcing=false
06-18 13:43:02.317 D/app_process(17797): Time zone APEX ICU file found: /apex/com.android.tzdata/etc/icu/icu_tzdata.dat
06-18 13:43:02.317 D/app_process(17797): I18n APEX ICU file found: /apex/com.android.i18n/etc/icu/icudt68l.dat
06-18 13:43:02.321 W/app_process(17797): Unexpected CPU variant for X86 using defaults: x86_64
06-18 13:43:02.333 D/ProcessState(17797): Binder ioctl to enable oneway spam detection failed: Invalid argument
06-18 13:43:02.333 D/AndroidRuntime(17797): Calling main entry com.android.commands.monkey.Monkey
06-18 13:43:02.333 W/Monkey  (17797): args: [-p, tech.gtt.frontapp.stb.demo, -c, android.intent.category.LAUNCHER, 1]
06-18 13:43:02.333 W/Monkey  (17797):  arg: "-p"
06-18 13:43:02.333 W/Monkey  (17797):  arg: "tech.gtt.frontapp.stb.demo"
06-18 13:43:02.333 W/Monkey  (17797):  arg: "-c"
06-18 13:43:02.333 W/Monkey  (17797):  arg: "android.intent.category.LAUNCHER"
06-18 13:43:02.334 W/Monkey  (17797):  arg: "1"
06-18 13:43:02.334 W/Monkey  (17797): data="tech.gtt.frontapp.stb.demo"
06-18 13:43:02.334 W/Monkey  (17797): data="android.intent.category.LAUNCHER"
06-18 13:43:02.362 W/BroadcastQueue( 1936): Skipping deliver [background] BroadcastRecord{1bbfdfc u-1 android.net.conn.CONNECTIVITY_CHANGE} to ReceiverList{1561c85 17797 (unknown name)/0/u-1 remote:5af8fce}: process gone or crashing
06-18 13:43:02.367 I/ActivityTaskManager( 1936): START u0 {act=android.intent.action.MAIN cat=[android.intent.category.LAUNCHER] flg=0x10200000 cmp=tech.gtt.frontapp.stb.demo/tech.gtt.frontapp.stb.m.home.activity.SplashActivity} from uid 0
06-18 13:43:02.368 W/ActivityTaskManager( 1936): Can't find TaskDisplayArea to determine support for multi window. Task id=32 attached=false
06-18 13:43:02.377 I/Monkey  (17797): Events injected: 1
06-18 13:43:02.385 D/CompatibilityChangeReporter( 1936): Compat change id reported: 135634846; UID 10058; state: DISABLED
06-18 13:43:02.386 D/CompatibilityChangeReporter( 1936): Compat change id reported: 143937733; UID 10058; state: ENABLED
06-18 13:43:02.388 I/Monkey  (17797): ## Network stats: elapsed time=16ms (0ms mobile, 0ms wifi, 16ms not connected)
06-18 13:43:02.395 D/gralloc_nox( 1767): gralloc_alloc: Creating ashmem region of size 8298496
06-18 13:43:02.420 D/Zygote  ( 1756): Forked child process 17812
06-18 13:43:02.420 I/app_process(17797): System.exit called, status: 0
06-18 13:43:02.420 I/AndroidRuntime(17797): VM exiting with result code 0.
06-18 13:43:02.421 I/ActivityManager( 1936): Start proc 17812:tech.gtt.frontapp.stb.demo/u0a58 for pre-top-activity {tech.gtt.frontapp.stb.demo/tech.gtt.frontapp.stb.m.home.activity.SplashActivity}
06-18 13:43:02.425 I/Zygote  (17812): seccomp disabled by setenforce 0
06-18 13:43:02.437 W/ontapp.stb.dem(17812): Unexpected CPU variant for X86 using defaults: x86_64
06-18 13:43:02.445 D/ProcessState(17812): Binder ioctl to enable oneway spam detection failed: Invalid argument
06-18 13:43:02.454 D/gralloc_nox( 1767): gralloc_alloc: Creating ashmem region of size 8298496
06-18 13:43:02.469 E/ashmem  (17812): memfd: ro.vndk.version not defined or invalid (), this is mandated since P.
06-18 13:43:02.474 D/CompatibilityChangeReporter(17812): Compat change id reported: 171979766; UID 10058; state: ENABLED
06-18 13:43:02.508 D/gralloc_nox( 1767): gralloc_alloc: Creating ashmem region of size 8298496
06-18 13:43:02.515 V/GraphicsEnvironment(17812): ANGLE Developer option for 'tech.gtt.frontapp.stb.demo' set to: 'default'
06-18 13:43:02.516 V/GraphicsEnvironment(17812): ANGLE GameManagerService for tech.gtt.frontapp.stb.demo: false
06-18 13:43:02.517 V/GraphicsEnvironment(17812): Neither updatable production driver nor prerelease driver is supported.
06-18 13:43:02.528 D/NetworkSecurityConfig(17812): Using Network Security Config from resource network_security_config debugBuild: false
06-18 13:43:02.531 D/NetworkSecurityConfig(17812): Using Network Security Config from resource network_security_config debugBuild: false
06-18 13:43:02.537 I/MultiDex(17812): VM with version 2.1.0 has multidex support
06-18 13:43:02.537 I/MultiDex(17812): Installing application
06-18 13:43:02.537 I/MultiDex(17812): VM has multidex support, MultiDex support library is disabled.
06-18 13:43:02.540 E/[Package](17812): params: AppConfiguration(vnoId='11026504', brandId='d0k7d3p3kdikth2o3q6g', appId='d0jucrbq6bt4h33c0ma0', sourceId='30006401-31002837', authServers='https://gtt-app-apigateway-lion.vdemosit.com', shareKey='S2kQMgUSugYyMlk5QclHDaF0uDsFnB0oJoFeAFgsKb8=', packageName='tech.gtt.frontapp.stb.demo', appName='Goose TV', appVersionName='v1.0.0', appVersionCode='7', pluginVersionCode='1', pluginVersionName='6.0.0-beta-build5', packageSeq='1', buglyAppId='d76a04165f', buglyKey='13b89b2d-1c12-4c4f-93b8-46e3c2ef9f73', baseVersionCode='20000066', gitTag='2.1.4-beta6', supportLang='en,pt,es', defaultLang='en', bootLoadType='1')
06-18 13:43:02.541 W/System.err(17812): java.lang.ClassNotFoundException: tech.gtt.frontapp.stb.docker.plugin.PluginUtils
06-18 13:43:02.542 W/System.err(17812): 	at java.lang.Class.classForName(Native Method)
06-18 13:43:02.542 W/System.err(17812): 	at java.lang.Class.forName(Class.java:454)
06-18 13:43:02.542 W/System.err(17812): 	at java.lang.Class.forName(Class.java:379)
06-18 13:43:02.542 W/System.err(17812): 	at ot.e.b(SourceFile:3)
06-18 13:43:02.543 W/System.err(17812): 	at tech.gtt.frontapp.stb.app.MainApplication.attachBaseContext(SourceFile:130)
06-18 13:43:02.543 W/System.err(17812): 	at android.app.Application.attach(Application.java:338)
06-18 13:43:02.543 W/System.err(17812): 	at android.app.Instrumentation.newApplication(Instrumentation.java:1190)
06-18 13:43:02.543 W/System.err(17812): 	at android.app.LoadedApk.makeApplication(LoadedApk.java:1361)
06-18 13:43:02.543 W/System.err(17812): 	at android.app.ActivityThread.handleBindApplication(ActivityThread.java:6728)
06-18 13:43:02.543 W/System.err(17812): 	at android.app.ActivityThread.access$1500(ActivityThread.java:256)
06-18 13:43:02.543 W/System.err(17812): 	at android.app.ActivityThread$H.handleMessage(ActivityThread.java:2091)
06-18 13:43:02.543 W/System.err(17812): 	at android.os.Handler.dispatchMessage(Handler.java:106)
06-18 13:43:02.543 W/System.err(17812): 	at android.os.Looper.loopOnce(Looper.java:201)
06-18 13:43:02.543 W/System.err(17812): 	at android.os.Looper.loop(Looper.java:288)
06-18 13:43:02.543 W/System.err(17812): 	at android.app.ActivityThread.main(ActivityThread.java:7875)
06-18 13:43:02.544 W/System.err(17812): 	at java.lang.reflect.Method.invoke(Native Method)
06-18 13:43:02.545 W/System.err(17812): 	at com.android.internal.os.RuntimeInit$MethodAndArgsCaller.run(RuntimeInit.java:568)
06-18 13:43:02.545 W/System.err(17812): 	at com.android.internal.os.ZygoteInit.main(ZygoteInit.java:1005)
06-18 13:43:02.546 W/System.err(17812): Caused by: java.lang.ClassNotFoundException: tech.gtt.frontapp.stb.docker.plugin.PluginUtils
06-18 13:43:02.547 W/System.err(17812): 	... 18 more
06-18 13:43:02.548 E/[Package](17812): isInPluginMode: false
06-18 13:43:02.553 I/CustomActivityOnCrash(17812): CustomActivityOnCrash has been installed.
06-18 13:43:02.555 I/System.out(17812): Modular_Init : a - initialize
06-18 13:43:02.559 I/System.out(17812): Modular_Init : d - initialize
06-18 13:43:02.562 I/System.out(17812): Modular_Init : a - initialize
06-18 13:43:02.563 I/System.out(17812): Modular_Init : a - initialize
06-18 13:43:02.563 D/[CatchupInitModule](17812): init---
06-18 13:43:02.563 I/System.out(17812): Modular_Init : a - initialize
06-18 13:43:02.563 D/[ReplayInitialize](17812): init---
06-18 13:43:02.563 I/System.out(17812): Modular_Init : a - initialize
06-18 13:43:02.563 D/[LiveInitialize](17812): init---
06-18 13:43:02.564 I/System.out(17812): Modular_Init : b - initialize
06-18 13:43:02.566 D/AndroidAutoSize(17812): designWidthInDp = 1920, designHeightInDp = 1080, screenWidth = 1920, screenHeight = 1080
06-18 13:43:02.566 D/AndroidAutoSize(17812): initDensity = 2.0, initScaledDensity = 2.0
06-18 13:43:02.624 D/AndroidAutoSize(17812): tech.gtt.frontapp.stb.m.home.activity.SplashActivity used the global configuration.
06-18 13:43:02.632 D/AndroidAutoSize(17812): The tech.gtt.frontapp.stb.m.home.activity.SplashActivity has been adapted! 
06-18 13:43:02.632 D/AndroidAutoSize(17812): SplashActivity Info: isBaseOnWidth = true, designWidthInDp = 1920.000000, designWidthInSubunits = 1920.000000, targetDensity = 1.000000, targetScaledDensity = 1.000000, targetDensityDpi = 160, targetXdpi = 1.000000, targetScreenWidthDp = 1920, targetScreenHeightDp = 1032
06-18 13:43:02.689 D/AndroidAutoSize(17812): tech.gtt.frontapp.stb.m.home.activity.SplashActivity used the global configuration.
06-18 13:43:02.689 D/AndroidAutoSize(17812): The tech.gtt.frontapp.stb.m.home.activity.SplashActivity has been adapted! 
06-18 13:43:02.689 D/AndroidAutoSize(17812): SplashActivity Info: isBaseOnWidth = true, designWidthInDp = 1920.000000, designWidthInSubunits = 1920.000000, targetDensity = 1.000000, targetScaledDensity = 1.000000, targetDensityDpi = 160, targetXdpi = 1.000000, targetScreenWidthDp = 1920, targetScreenHeightDp = 1032
06-18 13:43:02.696 I/ActivityTaskManager( 1936): START u0 {act=android.content.pm.action.REQUEST_PERMISSIONS pkg=com.android.permissioncontroller cmp=com.android.permissioncontroller/.permission.ui.GrantPermissionsActivity (has extras)} from uid 10058
06-18 13:43:02.728 D/ontapp.stb.dem(17812): createUnique: call
06-18 13:43:02.739 D/ontapp.stb.dem(17812): HostComposition ext GL_OES_EGL_image GL_OES_EGL_image_external GL_OES_depth24 GL_OES_depth32 GL_OES_element_index_uint GL_OES_texture_float GL_OES_texture_float_linear GL_OES_compressed_paletted_texture GL_OES_compressed_ETC1_RGB8_texture GL_OES_depth_texture GL_EXT_texture_format_BGRA8888 GL_APPLE_texture_format_BGRA8888 GL_OES_texture_half_float GL_EXT_robustness GL_OES_texture_half_float_linear GL_OES_packed_depth_stencil GL_OES_vertex_half_float GL_OES_texture_npot GL_OES_rgb8_rgba8 GL_EXT_color_buffer_float GL_EXT_texture_sRGB_decode ANDROID_gles_max_version_3_1 GL_OES_vertex_array_object GL_EXT_texture_buffer GL_EXT_copy_image GL_KHR_texture_compression_astc_ldr GL_KHR_texture_compression_astc_hdr GL_OES_texture_compression_astc GL_OES_EGL_image_external
06-18 13:43:02.739 D/hw-ProcessState(17812): Binder ioctl to enable oneway spam detection failed: Invalid argument
06-18 13:43:02.741 W/OpenGLRenderer(17812): Failed to initialize 101010-2 format, error = EGL_SUCCESS
06-18 13:43:02.741 D/EGL_emulation(17812): rcCreateContext wated version 2.0  rc:4
06-18 13:43:02.761 D/EGL_emulation(17812): eglMakeCurrent: 0x74841c013db0: ver 3 2 (tinfo 0x74839c04d440) (first time)
06-18 13:43:02.764 E/HWComposer( 1779): getSupportedContentTypes: getSupportedContentTypes failed for display 0: Unsupported (8)
06-18 13:43:02.765 I/hwservicemanager( 1567): getTransport: Cannot find entry android.hardware.graphics.mapper@4.0::IMapper/default in either framework or device VINTF manifest.
06-18 13:43:02.765 I/Gralloc4(17812): mapper 4.x is not supported
06-18 13:43:02.765 I/hwservicemanager( 1567): getTransport: Cannot find entry android.hardware.graphics.mapper@3.0::IMapper/default in either framework or device VINTF manifest.
06-18 13:43:02.765 W/Gralloc3(17812): mapper 3.x is not supported
06-18 13:43:02.766 D/ProcessState(17846): Binder ioctl to enable oneway spam detection failed: Invalid argument
06-18 13:43:02.770 I/hwservicemanager( 1567): getTransport: Cannot find entry android.hardware.graphics.allocator@4.0::IAllocator/default in either framework or device VINTF manifest.
06-18 13:43:02.771 W/Gralloc4(17812): allocator 4.x is not supported
06-18 13:43:02.771 I/hwservicemanager( 1567): getTransport: Cannot find entry android.hardware.graphics.allocator@3.0::IAllocator/default in either framework or device VINTF manifest.
06-18 13:43:02.771 W/Gralloc3(17812): allocator 3.x is not supported
06-18 13:43:02.772 D/gralloc_nox( 1767): gralloc_alloc: Creating ashmem region of size 8298496
06-18 13:43:02.802 D/ontapp.stb.dem(17812): createUnique: call
06-18 13:43:02.803 D/ontapp.stb.dem(17812): HostComposition ext GL_OES_EGL_image GL_OES_EGL_image_external GL_OES_depth24 GL_OES_depth32 GL_OES_element_index_uint GL_OES_texture_float GL_OES_texture_float_linear GL_OES_compressed_paletted_texture GL_OES_compressed_ETC1_RGB8_texture GL_OES_depth_texture GL_EXT_texture_format_BGRA8888 GL_APPLE_texture_format_BGRA8888 GL_OES_texture_half_float GL_EXT_robustness GL_OES_texture_half_float_linear GL_OES_packed_depth_stencil GL_OES_vertex_half_float GL_OES_texture_npot GL_OES_rgb8_rgba8 GL_EXT_color_buffer_float GL_EXT_texture_sRGB_decode ANDROID_gles_max_version_3_1 GL_OES_vertex_array_object GL_EXT_texture_buffer GL_EXT_copy_image GL_KHR_texture_compression_astc_ldr GL_KHR_texture_compression_astc_hdr GL_OES_texture_compression_astc GL_OES_EGL_image_external
06-18 13:43:02.803 D/gralloc_nox( 1767): gralloc_alloc: Creating ashmem region of size 8298496
06-18 13:43:02.845 D/gralloc_nox( 1767): gralloc_alloc: Creating ashmem region of size 8298496
06-18 13:43:02.977 E/libEGL  (17812): called unimplemented OpenGL ES API
06-18 13:43:03.047 W/ActivityTaskManager( 1936): Tried to set launchTime (0) < mLastActivityLaunchTime (68037507)
06-18 13:43:03.146 I/ActivityTaskManager( 1936): Displayed com.android.permissioncontroller/.permission.ui.GrantPermissionsActivity: +772ms
06-18 13:43:03.179 D/ProcessState(17857): Binder ioctl to enable oneway spam detection failed: Invalid argument
06-18 13:43:03.207 D/gralloc_nox( 1767): gralloc_alloc: Creating ashmem region of size 5496832
06-18 13:43:03.330 W/InputManager-JNI( 1936): Input channel object '3de0ce7 Splash Screen tech.gtt.frontapp.stb.demo (client)' was disposed without first being removed with the input manager!
06-18 13:43:03.371 D/gralloc_nox( 1767): gralloc_alloc: Creating ashmem region of size 5496832
06-18 13:43:03.510 D/gralloc_nox( 1767): gralloc_alloc: Creating ashmem region of size 5496832
06-18 13:43:05.377 E/TaskPersister( 1936): File error accessing recents directory (directory doesn't exist?).
06-18 13:43:05.456 D/UIAutomatorStub(17757): URI: /jsonrpc/0, Method: POST, params, {NanoHttpd.QUERY_STRING=null}, files: {postData={"jsonrpc": "2.0", "id": 1, "method": "count", "params": [{"mask": 2097152, "childOrSibling": [], "childOrSiblingSelector": [], "resourceId": "com.android.permissioncontroller:id/permission_allow_button"}]}}
06-18 13:43:05.469 D/UiObject(17757): Waiting 0ms for UiSelector[RESOURCE_ID=com.android.permissioncontroller:id/permission_allow_button].
06-18 13:43:05.469 W/QueryController(17757): Could not detect idle state.
06-18 13:43:05.476 I/QueryController(17757): Matched selector: UiSelector[RESOURCE_ID=com.android.permissioncontroller:id/permission_allow_button] <<==>> [android.view.accessibility.AccessibilityNodeInfo@18dbf; boundsInParent: Rect(0, 0 - 992, 112); boundsInScreen: Rect(464, 557 - 1456, 669); packageName: com.android.permissioncontroller; className: android.widget.Button; text: 允许; error: null; maxTextLength: -1; stateDescription: null; contentDescription: null; tooltipText: null; viewIdResName: com.android.permissioncontroller:id/permission_allow_button; checkable: false; checked: false; focusable: true; focused: false; selected: false; clickable: true; longClickable: false; contextClickable: false; enabled: true; password: false; scrollable: false; importantForAccessibility: true; visible: true; actions: [AccessibilityAction: ACTION_FOCUS - null, AccessibilityAction: ACTION_SELECT - null, AccessibilityAction: ACTION_CLEAR_SELECTION - null, AccessibilityAction: ACTION_CLICK - null, AccessibilityAction: ACTION_ACCESSIBILITY_FOCUS - null, AccessibilityAction: ACTION_NEXT_AT_MOVEMENT_GRANULARITY - null, AccessibilityAction: ACTION_PREVIOUS_AT_MOVEMENT_GRANULARITY - null, AccessibilityAction: ACTION_SET_SELECTION - null, AccessibilityAction: ACTION_SHOW_ON_SCREEN - null]]
06-18 13:43:05.477 D/UiObject(17757): Waiting 0ms for UiSelector[INSTANCE=1, RESOURCE_ID=com.android.permissioncontroller:id/permission_allow_button].
06-18 13:43:05.478 W/QueryController(17757): Could not detect idle state.
06-18 13:43:05.523 D/UIAutomatorStub(17757): URI: /jsonrpc/0, Method: POST, params, {NanoHttpd.QUERY_STRING=null}, files: {postData={"jsonrpc": "2.0", "id": 1, "method": "waitForExists", "params": [{"mask": 2097152, "childOrSibling": [], "childOrSiblingSelector": [], "resourceId": "com.android.permissioncontroller:id/permission_allow_button"}, 20000]}}
06-18 13:43:05.527 D/UiDevice(17757): Waiting 20000ms for SearchCondition[hasObject=BySelector [RES='\Qcom.android.permissioncontroller:id/permission_allow_button\E']].
06-18 13:43:05.527 D/UiDevice(17757): Searching for node with selector: BySelector [RES='\Qcom.android.permissioncontroller:id/permission_allow_button\E'].
06-18 13:43:05.528 W/QueryController(17757): Could not detect idle state.
06-18 13:43:05.557 D/UIAutomatorStub(17757): URI: /jsonrpc/0, Method: POST, params, {NanoHttpd.QUERY_STRING=null}, files: {postData={"jsonrpc": "2.0", "id": 1, "method": "objInfo", "params": [{"mask": 2097152, "childOrSibling": [], "childOrSiblingSelector": [], "resourceId": "com.android.permissioncontroller:id/permission_allow_button"}]}}
06-18 13:43:05.560 D/UiDevice(17757): Retrieving node with selector: BySelector [RES='\Qcom.android.permissioncontroller:id/permission_allow_button\E'].
06-18 13:43:05.561 W/QueryController(17757): Could not detect idle state.
06-18 13:43:05.572 W/QueryController(17757): Could not detect idle state.
06-18 13:43:05.574 W/QueryController(17757): Could not detect idle state.
06-18 13:43:05.576 W/QueryController(17757): Could not detect idle state.
06-18 13:43:05.578 W/QueryController(17757): Could not detect idle state.
06-18 13:43:05.583 W/QueryController(17757): Could not detect idle state.
06-18 13:43:05.586 W/QueryController(17757): Could not detect idle state.
06-18 13:43:05.587 W/QueryController(17757): Could not detect idle state.
06-18 13:43:05.588 W/QueryController(17757): Could not detect idle state.
06-18 13:43:05.589 W/QueryController(17757): Could not detect idle state.
06-18 13:43:05.591 W/QueryController(17757): Could not detect idle state.
06-18 13:43:05.593 W/QueryController(17757): Could not detect idle state.
06-18 13:43:05.595 W/QueryController(17757): Could not detect idle state.
06-18 13:43:05.597 W/QueryController(17757): Could not detect idle state.
06-18 13:43:05.600 W/QueryController(17757): Could not detect idle state.
06-18 13:43:05.602 W/QueryController(17757): Could not detect idle state.
06-18 13:43:05.603 W/QueryController(17757): Could not detect idle state.
06-18 13:43:05.604 W/QueryController(17757): Could not detect idle state.
06-18 13:43:05.644 D/UIAutomatorStub(17757): URI: /jsonrpc/0, Method: POST, params, {NanoHttpd.QUERY_STRING=null}, files: {postData={"jsonrpc": "2.0", "id": 1, "method": "click", "params": [960.0, 613.0]}}
06-18 13:43:05.892 V/GrantPermissionsViewModel(16100): Logged buttons presented and clicked permissionGroupName=android.permission-group.STORAGE uid=10058 selectedLocations=0 package=tech.gtt.frontapp.stb.demo presentedButtons=9 clickedButton=1 sessionId=-2708209672379756438 targetSdk=35
06-18 13:43:05.896 I/MediaProvider( 2560): Invalidating LocalCallingIdentity cache for package tech.gtt.frontapp.stb.demo. Reason: op android:read_external_storage
06-18 13:43:05.900 V/GrantPermissionsViewModel(16100): Permission grant result requestId=-2708209672379756438 callingUid=10058 callingPackage=tech.gtt.frontapp.stb.demo permission=android.permission.READ_EXTERNAL_STORAGE isImplicit=false result=4
06-18 13:43:05.905 D/gralloc_nox( 1767): gralloc_alloc: Creating ashmem region of size 8298496
06-18 13:43:05.938 E/android.hardware.audio.service( 1759): pcm_open called create stream faild
06-18 13:43:06.180 D/CompatibilityChangeReporter(17812): Compat change id reported: 78294732; UID 10058; state: ENABLED
06-18 13:43:06.187 I/b       (17812): freeSpace : 116666MB
06-18 13:43:06.289 D/ProcessState(17872): Binder ioctl to enable oneway spam detection failed: Invalid argument
06-18 13:43:06.349 D/ConnectivityService( 1936): NetReassign [no changes]
06-18 13:43:06.360 V/GSK     (17812): StorageServiceImpl initialization() executed in 1 ms.
06-18 13:43:06.363 V/GSK     (17812): SecurityServiceImpl initialization() executed in 1 ms.
06-18 13:43:06.460 W/System.err(17812): SLF4J(W): No SLF4J providers were found.
06-18 13:43:06.460 W/System.err(17812): SLF4J(W): Defaulting to no-operation (NOP) logger implementation
06-18 13:43:06.460 W/System.err(17812): SLF4J(W): See https://www.slf4j.org/codes.html#noProviders for further details.
06-18 13:43:06.521 W/InputManager-JNI( 1936): Input channel object '3ad24db com.android.permissioncontroller/com.android.permissioncontroller.permission.ui.GrantPermissionsActivity (client)' was disposed without first being removed with the input manager!
06-18 13:43:06.537 W/System.err(17812): kotlinx.serialization.json.internal.JsonDecodingException: Expected start of the object '{', but had 'EOF' instead at path: $
06-18 13:43:06.537 W/System.err(17812): JSON input: 
06-18 13:43:06.537 W/System.err(17812): 	at kotlinx.serialization.json.internal.JsonExceptionsKt.JsonDecodingException(SourceFile:1)
06-18 13:43:06.537 W/System.err(17812): 	at kotlinx.serialization.json.internal.JsonExceptionsKt.JsonDecodingException(SourceFile:2)
06-18 13:43:06.537 W/System.err(17812): 	at kotlinx.serialization.json.internal.AbstractJsonLexer.fail(SourceFile:52)
06-18 13:43:06.537 W/System.err(17812): 	at kotlinx.serialization.json.internal.AbstractJsonLexer.fail$default(SourceFile:15)
06-18 13:43:06.537 W/System.err(17812): 	at kotlinx.serialization.json.internal.AbstractJsonLexer.unexpectedToken(SourceFile:103)
06-18 13:43:06.537 W/System.err(17812): 	at kotlinx.serialization.json.internal.StringJsonLexer.consumeNextToken(SourceFile:16)
06-18 13:43:06.537 W/System.err(17812): 	at kotlinx.serialization.json.internal.StreamingJsonDecoder.beginStructure(SourceFile:23)
06-18 13:43:06.537 W/System.err(17812): 	at tech.gtt.frontapp.servicesdk.common.service.utility.apis.e2ee.E2eeConfigResponse$$serializer.deserialize(SourceFile:2)
06-18 13:43:06.537 W/System.err(17812): 	at tech.gtt.frontapp.servicesdk.common.service.utility.apis.e2ee.E2eeConfigResponse$$serializer.deserialize(SourceFile:1)
06-18 13:43:06.537 W/System.err(17812): 	at kotlinx.serialization.json.internal.StreamingJsonDecoder.decodeSerializableValue(SourceFile:320)
06-18 13:43:06.537 W/System.err(17812): 	at kotlinx.serialization.json.Json.decodeFromString(SourceFile:3)
06-18 13:43:06.537 W/System.err(17812): 	at tech.gtt.frontapp.servicesdk.common.service.utility.apis.e2ee.E2eeManager.syncE2eeConfig(SourceFile:74)
06-18 13:43:06.537 W/System.err(17812): 	at tech.gtt.frontapp.servicesdk.common.service.utility.apis.ApiUtilServiceImpl.onServiceInit(SourceFile:228)
06-18 13:43:06.537 W/System.err(17812): 	at tech.gtt.frontapp.servicesdk.common.core.ServiceSDKImpl.executeServiceInitialize(SourceFile:372)
06-18 13:43:06.537 W/System.err(17812): 	at tech.gtt.frontapp.servicesdk.common.core.ServiceSDKImpl.access$executeServiceInitialize(SourceFile:1)
06-18 13:43:06.537 W/System.err(17812): 	at tech.gtt.frontapp.servicesdk.common.core.ServiceSDKImpl$init$1.invokeSuspend(SourceFile:178)
06-18 13:43:06.537 W/System.err(17812): 	at tech.gtt.frontapp.servicesdk.common.core.ServiceSDKImpl$init$1.invoke(SourceFile:2)
06-18 13:43:06.537 W/System.err(17812): 	at tech.gtt.frontapp.servicesdk.common.core.ServiceSDKImpl$init$1.invoke(SourceFile:1)
06-18 13:43:06.537 W/System.err(17812): 	at kotlinx.coroutines.flow.SafeFlow.collectSafely(SourceFile:3)
06-18 13:43:06.537 W/System.err(17812): 	at kotlinx.coroutines.flow.AbstractFlow.collect(SourceFile:70)
06-18 13:43:06.537 W/System.err(17812): 	at tech.gtt.frontapp.servicesdk.common.core.SDKSetup$build$1.invokeSuspend(SourceFile:42)
06-18 13:43:06.537 W/System.err(17812): 	at tech.gtt.frontapp.servicesdk.common.core.SDKSetup$build$1.invoke(SourceFile:2)
06-18 13:43:06.537 W/System.err(17812): 	at tech.gtt.frontapp.servicesdk.common.core.SDKSetup$build$1.invoke(SourceFile:1)
06-18 13:43:06.537 W/System.err(17812): 	at tech.gtt.frontapp.servicesdk.common.core.Scheduler$scheduleDirect$1.invokeSuspend(SourceFile:61)
06-18 13:43:06.537 W/System.err(17812): 	at lh.a.resumeWith(SourceFile:14)
06-18 13:43:06.537 W/System.err(17812): 	at kotlinx.coroutines.DispatchedTask.run(SourceFile:123)
06-18 13:43:06.537 W/System.err(17812): 	at kotlinx.coroutines.internal.LimitedDispatcher$Worker.run(SourceFile:4)
06-18 13:43:06.537 W/System.err(17812): 	at kotlinx.coroutines.scheduling.TaskImpl.run(SourceFile:3)
06-18 13:43:06.537 W/System.err(17812): 	at kotlinx.coroutines.scheduling.CoroutineScheduler.runSafely(SourceFile:1)
06-18 13:43:06.537 W/System.err(17812): 	at kotlinx.coroutines.scheduling.CoroutineScheduler$Worker.executeTask(SourceFile:34)
06-18 13:43:06.537 W/System.err(17812): 	at kotlinx.coroutines.scheduling.CoroutineScheduler$Worker.runWorker(SourceFile:29)
06-18 13:43:06.537 W/System.err(17812): 	at kotlinx.coroutines.scheduling.CoroutineScheduler$Worker.run(SourceFile:1)
06-18 13:43:06.540 W/SurfaceFlinger( 1779): couldn't log to binary event log: overflow.
06-18 13:43:06.563 W/System.err(17812): java.io.FileNotFoundException: sys/class/sunxi_info/sys_info: open failed: ENOENT (No such file or directory)
06-18 13:43:06.563 W/System.err(17812): 	at libcore.io.IoBridge.open(IoBridge.java:575)
06-18 13:43:06.563 W/System.err(17812): 	at java.io.FileInputStream.<init>(FileInputStream.java:160)
06-18 13:43:06.563 W/System.err(17812): 	at java.io.FileInputStream.<init>(FileInputStream.java:115)
06-18 13:43:06.563 W/System.err(17812): 	at ip.b.b(SourceFile:5)
06-18 13:43:06.563 W/System.err(17812): 	at ip.b.a(SourceFile:155)
06-18 13:43:06.563 W/System.err(17812): 	at ip.a.invoke(SourceFile:589)
06-18 13:43:06.563 W/System.err(17812): 	at dh.v.getValue(SourceFile:21)
06-18 13:43:06.563 W/System.err(17812): 	at tech.gtt.frontapp.servicesdk.common.network.interceptor.params.ApiDeviceParams.handleFixedParams(SourceFile:52)
06-18 13:43:06.563 W/System.err(17812): 	at tech.gtt.frontapp.servicesdk.common.service.utility.apis.IParamsGetter.toMaps(SourceFile:87)
06-18 13:43:06.563 W/System.err(17812): 	at tech.gtt.frontapp.servicesdk.common.network.interceptor.DefaultParamsInterceptor.onRequest(SourceFile:127)
06-18 13:43:06.563 W/System.err(17812): 	at tech.gtt.frontapp.servicesdk.common.network.interceptor.SDKInterceptorsPluginKt$setupRequestInterception$1.invokeSuspend(SourceFile:103)
06-18 13:43:06.563 W/System.err(17812): 	at tech.gtt.frontapp.servicesdk.common.network.interceptor.SDKInterceptorsPluginKt$setupRequestInterception$1.invoke(SourceFile:1)
06-18 13:43:06.563 W/System.err(17812): 	at tech.gtt.frontapp.servicesdk.common.network.interceptor.SDKInterceptorsPluginKt$setupRequestInterception$1.invoke(SourceFile:2)
06-18 13:43:06.563 W/System.err(17812): 	at io.ktor.util.pipeline.DebugPipelineContext.proceedLoop(SourceFile:86)
06-18 13:43:06.563 W/System.err(17812): 	at io.ktor.util.pipeline.DebugPipelineContext.proceed(SourceFile:26)
06-18 13:43:06.563 W/System.err(17812): 	at io.ktor.client.plugins.RequestError$install$1.invokeSuspend(SourceFile:47)
06-18 13:43:06.563 W/System.err(17812): 	at io.ktor.client.plugins.RequestError$install$1.invoke(SourceFile:1)
06-18 13:43:06.563 W/System.err(17812): 	at io.ktor.client.plugins.RequestError$install$1.invoke(SourceFile:2)
06-18 13:43:06.563 W/System.err(17812): 	at io.ktor.util.pipeline.DebugPipelineContext.proceedLoop(SourceFile:86)
06-18 13:43:06.563 W/System.err(17812): 	at io.ktor.util.pipeline.DebugPipelineContext.proceed(SourceFile:26)
06-18 13:43:06.563 W/System.err(17812): 	at io.ktor.client.plugins.SetupRequestContext$install$1.invokeSuspend$proceed(SourceFile:1)
06-18 13:43:06.563 W/System.err(17812): 	at io.ktor.client.plugins.SetupRequestContext$install$1.access$invokeSuspend$proceed(SourceFile:1)
06-18 13:43:06.563 W/System.err(17812): 	at io.ktor.client.plugins.SetupRequestContext$install$1$1.invoke(SourceFile:2)
06-18 13:43:06.563 W/System.err(17812): 	at io.ktor.client.plugins.SetupRequestContext$install$1$1.invoke(SourceFile:1)
06-18 13:43:06.563 W/System.err(17812): 	at io.ktor.client.plugins.HttpRequestLifecycleKt$HttpRequestLifecycle$1$1.invokeSuspend(SourceFile:78)
06-18 13:43:06.563 W/System.err(17812): 	at io.ktor.client.plugins.HttpRequestLifecycleKt$HttpRequestLifecycle$1$1.invoke(SourceFile:1)
06-18 13:43:06.563 W/System.err(17812): 	at io.ktor.client.plugins.HttpRequestLifecycleKt$HttpRequestLifecycle$1$1.invoke(SourceFile:2)
06-18 13:43:06.563 W/System.err(17812): 	at io.ktor.client.plugins.SetupRequestContext$install$1.invokeSuspend(SourceFile:42)
06-18 13:43:06.563 W/System.err(17812): 	at io.ktor.client.plugins.SetupRequestContext$install$1.invoke(SourceFile:1)
06-18 13:43:06.564 W/System.err(17812): 	at io.ktor.client.plugins.SetupRequestContext$install$1.invoke(SourceFile:2)
06-18 13:43:06.564 W/System.err(17812): 	at io.ktor.util.pipeline.DebugPipelineContext.proceedLoop(SourceFile:86)
06-18 13:43:06.564 W/System.err(17812): 	at io.ktor.util.pipeline.DebugPipelineContext.proceed(SourceFile:26)
06-18 13:43:06.564 W/System.err(17812): 	at io.ktor.util.pipeline.DebugPipelineContext.execute$ktor_utils(SourceFile:7)
06-18 13:43:06.564 W/System.err(17812): 	at io.ktor.util.pipeline.Pipeline.execute(SourceFile:9)
06-18 13:43:06.564 W/System.err(17812): 	at io.ktor.client.HttpClient.execute$ktor_client_core(SourceFile:68)
06-18 13:43:06.564 W/System.err(17812): 	at io.ktor.client.statement.HttpStatement.fetchResponse(SourceFile:90)
06-18 13:43:06.564 W/System.err(17812): 	at io.ktor.client.statement.HttpStatement.execute(SourceFile:9)
06-18 13:43:06.564 W/System.err(17812): 	at de.jensklingenberg.ktorfit.internal.KtorfitConverterHelper.suspendRequest(SourceFile:127)
06-18 13:43:06.564 W/System.err(17812): 	at de.jensklingenberg.ktorfit.internal.KtorfitConverterHelper$request$1$1.invokeSuspend(SourceFile:58)
06-18 13:43:06.564 W/System.err(17812): 	at de.jensklingenberg.ktorfit.internal.KtorfitConverterHelper$request$1$1.invoke(SourceFile:2)
06-18 13:43:06.564 W/System.err(17812): 	at de.jensklingenberg.ktorfit.internal.KtorfitConverterHelper$request$1$1.invoke(SourceFile:1)
06-18 13:43:06.564 W/System.err(17812): 	at de.jensklingenberg.ktorfit.converter.FlowConverterFactory$responseConverter$1$convert$1.invokeSuspend(SourceFile:84)
06-18 13:43:06.564 W/System.err(17812): 	at de.jensklingenberg.ktorfit.converter.FlowConverterFactory$responseConverter$1$convert$1.invoke(SourceFile:2)
06-18 13:43:06.564 W/System.err(17812): 	at de.jensklingenberg.ktorfit.converter.FlowConverterFactory$responseConverter$1$convert$1.invoke(SourceFile:1)
06-18 13:43:06.564 W/System.err(17812): 	at kotlinx.coroutines.flow.SafeFlow.collectSafely(SourceFile:3)
06-18 13:43:06.564 W/System.err(17812): 	at kotlinx.coroutines.flow.AbstractFlow.collect(SourceFile:70)
06-18 13:43:06.564 W/System.err(17812): 	at kotlinx.coroutines.flow.FlowKt__MergeKt$flatMapConcat$$inlined$map$1.collect(SourceFile:10)
06-18 13:43:06.564 W/System.err(17812): 	at kotlinx.coroutines.flow.FlowKt__MergeKt$flattenConcat$$inlined$unsafeFlow$1.collect(SourceFile:8)
06-18 13:43:06.564 W/System.err(17812): 	at kotlinx.coroutines.flow.FlowKt__CollectKt.collect(SourceFile:1)
06-18 13:43:06.564 W/System.err(17812): 	at kotlinx.coroutines.flow.FlowKt.collect(SourceFile:1)
06-18 13:43:06.564 W/System.err(17812): 	at tech.gtt.frontapp.servicesdk.common.service.utility.apis.ApiUtilServiceImpl.onServiceInit(SourceFile:240)
06-18 13:43:06.564 W/System.err(17812): 	at tech.gtt.frontapp.servicesdk.common.core.ServiceSDKImpl.executeServiceInitialize(SourceFile:372)
06-18 13:43:06.564 W/System.err(17812): 	at tech.gtt.frontapp.servicesdk.common.core.ServiceSDKImpl.access$executeServiceInitialize(SourceFile:1)
06-18 13:43:06.564 W/System.err(17812): 	at tech.gtt.frontapp.servicesdk.common.core.ServiceSDKImpl$init$1.invokeSuspend(SourceFile:178)
06-18 13:43:06.564 W/System.err(17812): 	at tech.gtt.frontapp.servicesdk.common.core.ServiceSDKImpl$init$1.invoke(SourceFile:2)
06-18 13:43:06.564 W/System.err(17812): 	at tech.gtt.frontapp.servicesdk.common.core.ServiceSDKImpl$init$1.invoke(SourceFile:1)
06-18 13:43:06.564 W/System.err(17812): 	at kotlinx.coroutines.flow.SafeFlow.collectSafely(SourceFile:3)
06-18 13:43:06.564 W/System.err(17812): 	at kotlinx.coroutines.flow.AbstractFlow.collect(SourceFile:70)
06-18 13:43:06.564 W/System.err(17812): 	at tech.gtt.frontapp.servicesdk.common.core.SDKSetup$build$1.invokeSuspend(SourceFile:42)
06-18 13:43:06.564 W/System.err(17812): 	at tech.gtt.frontapp.servicesdk.common.core.SDKSetup$build$1.invoke(SourceFile:2)
06-18 13:43:06.564 W/System.err(17812): 	at tech.gtt.frontapp.servicesdk.common.core.SDKSetup$build$1.invoke(SourceFile:1)
06-18 13:43:06.564 W/System.err(17812): 	at tech.gtt.frontapp.servicesdk.common.core.Scheduler$scheduleDirect$1.invokeSuspend(SourceFile:61)
06-18 13:43:06.564 W/System.err(17812): 	at lh.a.resumeWith(SourceFile:14)
06-18 13:43:06.564 W/System.err(17812): 	at kotlinx.coroutines.DispatchedTask.run(SourceFile:123)
06-18 13:43:06.564 W/System.err(17812): 	at kotlinx.coroutines.internal.LimitedDispatcher$Worker.run(SourceFile:4)
06-18 13:43:06.564 W/System.err(17812): 	at kotlinx.coroutines.scheduling.TaskImpl.run(SourceFile:3)
06-18 13:43:06.564 W/System.err(17812): 	at kotlinx.coroutines.scheduling.CoroutineScheduler.runSafely(SourceFile:1)
06-18 13:43:06.564 W/System.err(17812): 	at kotlinx.coroutines.scheduling.CoroutineScheduler$Worker.executeTask(SourceFile:34)
06-18 13:43:06.564 W/System.err(17812): 	at kotlinx.coroutines.scheduling.CoroutineScheduler$Worker.runWorker(SourceFile:29)
06-18 13:43:06.564 W/System.err(17812): 	at kotlinx.coroutines.scheduling.CoroutineScheduler$Worker.run(SourceFile:1)
06-18 13:43:06.565 W/System.err(17812): Caused by: android.system.ErrnoException: open failed: ENOENT (No such file or directory)
06-18 13:43:06.565 W/System.err(17812): 	at libcore.io.Linux.open(Native Method)
06-18 13:43:06.565 W/System.err(17812): 	at libcore.io.ForwardingOs.open(ForwardingOs.java:567)
06-18 13:43:06.565 W/System.err(17812): 	at libcore.io.BlockGuardOs.open(BlockGuardOs.java:273)
06-18 13:43:06.565 W/System.err(17812): 	at libcore.io.ForwardingOs.open(ForwardingOs.java:567)
06-18 13:43:06.565 W/System.err(17812): 	at android.app.ActivityThread$AndroidOs.open(ActivityThread.java:7761)
06-18 13:43:06.565 W/System.err(17812): 	at libcore.io.IoBridge.open(IoBridge.java:561)
06-18 13:43:06.565 W/System.err(17812): 	... 69 more
06-18 13:43:06.569 W/System.err(17812): java.io.FileNotFoundException: sys/class/sunxi_info/sys_info: open failed: ENOENT (No such file or directory)
06-18 13:43:06.569 W/System.err(17812): 	at libcore.io.IoBridge.open(IoBridge.java:575)
06-18 13:43:06.569 W/System.err(17812): 	at java.io.FileInputStream.<init>(FileInputStream.java:160)
06-18 13:43:06.569 W/System.err(17812): 	at java.io.FileInputStream.<init>(FileInputStream.java:115)
06-18 13:43:06.569 W/System.err(17812): 	at ip.b.b(SourceFile:5)
06-18 13:43:06.569 W/System.err(17812): 	at ip.b.a(SourceFile:155)
06-18 13:43:06.569 W/System.err(17812): 	at ip.a.invoke(SourceFile:127)
06-18 13:43:06.569 W/System.err(17812): 	at dh.v.getValue(SourceFile:21)
06-18 13:43:06.569 W/System.err(17812): 	at tech.gtt.frontapp.servicesdk.common.network.interceptor.params.ApiDeviceParams.handleFixedParams(SourceFile:65)
06-18 13:43:06.569 W/System.err(17812): 	at tech.gtt.frontapp.servicesdk.common.service.utility.apis.IParamsGetter.toMaps(SourceFile:87)
06-18 13:43:06.569 W/System.err(17812): 	at tech.gtt.frontapp.servicesdk.common.network.interceptor.DefaultParamsInterceptor.onRequest(SourceFile:127)
06-18 13:43:06.569 W/System.err(17812): 	at tech.gtt.frontapp.servicesdk.common.network.interceptor.SDKInterceptorsPluginKt$setupRequestInterception$1.invokeSuspend(SourceFile:103)
06-18 13:43:06.569 W/System.err(17812): 	at tech.gtt.frontapp.servicesdk.common.network.interceptor.SDKInterceptorsPluginKt$setupRequestInterception$1.invoke(SourceFile:1)
06-18 13:43:06.569 W/System.err(17812): 	at tech.gtt.frontapp.servicesdk.common.network.interceptor.SDKInterceptorsPluginKt$setupRequestInterception$1.invoke(SourceFile:2)
06-18 13:43:06.569 W/System.err(17812): 	at io.ktor.util.pipeline.DebugPipelineContext.proceedLoop(SourceFile:86)
06-18 13:43:06.569 W/System.err(17812): 	at io.ktor.util.pipeline.DebugPipelineContext.proceed(SourceFile:26)
06-18 13:43:06.569 W/System.err(17812): 	at io.ktor.client.plugins.RequestError$install$1.invokeSuspend(SourceFile:47)
06-18 13:43:06.569 W/System.err(17812): 	at io.ktor.client.plugins.RequestError$install$1.invoke(SourceFile:1)
06-18 13:43:06.569 W/System.err(17812): 	at io.ktor.client.plugins.RequestError$install$1.invoke(SourceFile:2)
06-18 13:43:06.569 W/System.err(17812): 	at io.ktor.util.pipeline.DebugPipelineContext.proceedLoop(SourceFile:86)
06-18 13:43:06.569 W/System.err(17812): 	at io.ktor.util.pipeline.DebugPipelineContext.proceed(SourceFile:26)
06-18 13:43:06.569 W/System.err(17812): 	at io.ktor.client.plugins.SetupRequestContext$install$1.invokeSuspend$proceed(SourceFile:1)
06-18 13:43:06.569 W/System.err(17812): 	at io.ktor.client.plugins.SetupRequestContext$install$1.access$invokeSuspend$proceed(SourceFile:1)
06-18 13:43:06.569 W/System.err(17812): 	at io.ktor.client.plugins.SetupRequestContext$install$1$1.invoke(SourceFile:2)
06-18 13:43:06.569 W/System.err(17812): 	at io.ktor.client.plugins.SetupRequestContext$install$1$1.invoke(SourceFile:1)
06-18 13:43:06.569 W/System.err(17812): 	at io.ktor.client.plugins.HttpRequestLifecycleKt$HttpRequestLifecycle$1$1.invokeSuspend(SourceFile:78)
06-18 13:43:06.569 W/System.err(17812): 	at io.ktor.client.plugins.HttpRequestLifecycleKt$HttpRequestLifecycle$1$1.invoke(SourceFile:1)
06-18 13:43:06.569 W/System.err(17812): 	at io.ktor.client.plugins.HttpRequestLifecycleKt$HttpRequestLifecycle$1$1.invoke(SourceFile:2)
06-18 13:43:06.569 W/System.err(17812): 	at io.ktor.client.plugins.SetupRequestContext$install$1.invokeSuspend(SourceFile:42)
06-18 13:43:06.569 W/System.err(17812): 	at io.ktor.client.plugins.SetupRequestContext$install$1.invoke(SourceFile:1)
06-18 13:43:06.569 W/System.err(17812): 	at io.ktor.client.plugins.SetupRequestContext$install$1.invoke(SourceFile:2)
06-18 13:43:06.569 W/System.err(17812): 	at io.ktor.util.pipeline.DebugPipelineContext.proceedLoop(SourceFile:86)
06-18 13:43:06.569 W/System.err(17812): 	at io.ktor.util.pipeline.DebugPipelineContext.proceed(SourceFile:26)
06-18 13:43:06.569 W/System.err(17812): 	at io.ktor.util.pipeline.DebugPipelineContext.execute$ktor_utils(SourceFile:7)
06-18 13:43:06.569 W/System.err(17812): 	at io.ktor.util.pipeline.Pipeline.execute(SourceFile:9)
06-18 13:43:06.569 W/System.err(17812): 	at io.ktor.client.HttpClient.execute$ktor_client_core(SourceFile:68)
06-18 13:43:06.569 W/System.err(17812): 	at io.ktor.client.statement.HttpStatement.fetchResponse(SourceFile:90)
06-18 13:43:06.569 W/System.err(17812): 	at io.ktor.client.statement.HttpStatement.execute(SourceFile:9)
06-18 13:43:06.569 W/System.err(17812): 	at de.jensklingenberg.ktorfit.internal.KtorfitConverterHelper.suspendRequest(SourceFile:127)
06-18 13:43:06.569 W/System.err(17812): 	at de.jensklingenberg.ktorfit.internal.KtorfitConverterHelper$request$1$1.invokeSuspend(SourceFile:58)
06-18 13:43:06.569 W/System.err(17812): 	at de.jensklingenberg.ktorfit.internal.KtorfitConverterHelper$request$1$1.invoke(SourceFile:2)
06-18 13:43:06.569 W/System.err(17812): 	at de.jensklingenberg.ktorfit.internal.KtorfitConverterHelper$request$1$1.invoke(SourceFile:1)
06-18 13:43:06.569 W/System.err(17812): 	at de.jensklingenberg.ktorfit.converter.FlowConverterFactory$responseConverter$1$convert$1.invokeSuspend(SourceFile:84)
06-18 13:43:06.569 W/System.err(17812): 	at de.jensklingenberg.ktorfit.converter.FlowConverterFactory$responseConverter$1$convert$1.invoke(SourceFile:2)
06-18 13:43:06.569 W/System.err(17812): 	at de.jensklingenberg.ktorfit.converter.FlowConverterFactory$responseConverter$1$convert$1.invoke(SourceFile:1)
06-18 13:43:06.569 W/System.err(17812): 	at kotlinx.coroutines.flow.SafeFlow.collectSafely(SourceFile:3)
06-18 13:43:06.569 W/System.err(17812): 	at kotlinx.coroutines.flow.AbstractFlow.collect(SourceFile:70)
06-18 13:43:06.569 W/System.err(17812): 	at kotlinx.coroutines.flow.FlowKt__MergeKt$flatMapConcat$$inlined$map$1.collect(SourceFile:10)
06-18 13:43:06.569 W/System.err(17812): 	at kotlinx.coroutines.flow.FlowKt__MergeKt$flattenConcat$$inlined$unsafeFlow$1.collect(SourceFile:8)
06-18 13:43:06.569 W/System.err(17812): 	at kotlinx.coroutines.flow.FlowKt__CollectKt.collect(SourceFile:1)
06-18 13:43:06.569 W/System.err(17812): 	at kotlinx.coroutines.flow.FlowKt.collect(SourceFile:1)
06-18 13:43:06.569 W/System.err(17812): 	at tech.gtt.frontapp.servicesdk.common.service.utility.apis.ApiUtilServiceImpl.onServiceInit(SourceFile:240)
06-18 13:43:06.569 W/System.err(17812): 	at tech.gtt.frontapp.servicesdk.common.core.ServiceSDKImpl.executeServiceInitialize(SourceFile:372)
06-18 13:43:06.569 W/System.err(17812): 	at tech.gtt.frontapp.servicesdk.common.core.ServiceSDKImpl.access$executeServiceInitialize(SourceFile:1)
06-18 13:43:06.569 W/System.err(17812): 	at tech.gtt.frontapp.servicesdk.common.core.ServiceSDKImpl$init$1.invokeSuspend(SourceFile:178)
06-18 13:43:06.569 W/System.err(17812): 	at tech.gtt.frontapp.servicesdk.common.core.ServiceSDKImpl$init$1.invoke(SourceFile:2)
06-18 13:43:06.569 W/System.err(17812): 	at tech.gtt.frontapp.servicesdk.common.core.ServiceSDKImpl$init$1.invoke(SourceFile:1)
06-18 13:43:06.569 W/System.err(17812): 	at kotlinx.coroutines.flow.SafeFlow.collectSafely(SourceFile:3)
06-18 13:43:06.569 W/System.err(17812): 	at kotlinx.coroutines.flow.AbstractFlow.collect(SourceFile:70)
06-18 13:43:06.569 W/System.err(17812): 	at tech.gtt.frontapp.servicesdk.common.core.SDKSetup$build$1.invokeSuspend(SourceFile:42)
06-18 13:43:06.569 W/System.err(17812): 	at tech.gtt.frontapp.servicesdk.common.core.SDKSetup$build$1.invoke(SourceFile:2)
06-18 13:43:06.569 W/System.err(17812): 	at tech.gtt.frontapp.servicesdk.common.core.SDKSetup$build$1.invoke(SourceFile:1)
06-18 13:43:06.569 W/System.err(17812): 	at tech.gtt.frontapp.servicesdk.common.core.Scheduler$scheduleDirect$1.invokeSuspend(SourceFile:61)
06-18 13:43:06.569 W/System.err(17812): 	at lh.a.resumeWith(SourceFile:14)
06-18 13:43:06.569 W/System.err(17812): 	at kotlinx.coroutines.DispatchedTask.run(SourceFile:123)
06-18 13:43:06.569 W/System.err(17812): 	at kotlinx.coroutines.internal.LimitedDispatcher$Worker.run(SourceFile:4)
06-18 13:43:06.569 W/System.err(17812): 	at kotlinx.coroutines.scheduling.TaskImpl.run(SourceFile:3)
06-18 13:43:06.569 W/System.err(17812): 	at kotlinx.coroutines.scheduling.CoroutineScheduler.runSafely(SourceFile:1)
06-18 13:43:06.569 W/System.err(17812): 	at kotlinx.coroutines.scheduling.CoroutineScheduler$Worker.executeTask(SourceFile:34)
06-18 13:43:06.569 W/System.err(17812): 	at kotlinx.coroutines.scheduling.CoroutineScheduler$Worker.runWorker(SourceFile:29)
06-18 13:43:06.569 W/System.err(17812): 	at kotlinx.coroutines.scheduling.CoroutineScheduler$Worker.run(SourceFile:1)
06-18 13:43:06.569 W/System.err(17812): Caused by: android.system.ErrnoException: open failed: ENOENT (No such file or directory)
06-18 13:43:06.569 W/System.err(17812): 	at libcore.io.Linux.open(Native Method)
06-18 13:43:06.569 W/System.err(17812): 	at libcore.io.ForwardingOs.open(ForwardingOs.java:567)
06-18 13:43:06.569 W/System.err(17812): 	at libcore.io.BlockGuardOs.open(BlockGuardOs.java:273)
06-18 13:43:06.569 W/System.err(17812): 	at libcore.io.ForwardingOs.open(ForwardingOs.java:567)
06-18 13:43:06.569 W/System.err(17812): 	at android.app.ActivityThread$AndroidOs.open(ActivityThread.java:7761)
06-18 13:43:06.569 W/System.err(17812): 	at libcore.io.IoBridge.open(IoBridge.java:561)
06-18 13:43:06.569 W/System.err(17812): 	... 69 more
06-18 13:43:06.572 W/System.err(17812): java.io.FileNotFoundException: sys/class/sunxi_info/sys_info: open failed: ENOENT (No such file or directory)
06-18 13:43:06.572 W/System.err(17812): 	at libcore.io.IoBridge.open(IoBridge.java:575)
06-18 13:43:06.572 W/System.err(17812): 	at java.io.FileInputStream.<init>(FileInputStream.java:160)
06-18 13:43:06.572 W/System.err(17812): 	at java.io.FileInputStream.<init>(FileInputStream.java:115)
06-18 13:43:06.572 W/System.err(17812): 	at ip.b.b(SourceFile:5)
06-18 13:43:06.572 W/System.err(17812): 	at ip.b.a(SourceFile:155)
06-18 13:43:06.572 W/System.err(17812): 	at ip.a.invoke(SourceFile:340)
06-18 13:43:06.572 W/System.err(17812): 	at dh.v.getValue(SourceFile:21)
06-18 13:43:06.572 W/System.err(17812): 	at tech.gtt.frontapp.servicesdk.common.network.interceptor.params.ApiDeviceParams.handleFixedParams(SourceFile:120)
06-18 13:43:06.572 W/System.err(17812): 	at tech.gtt.frontapp.servicesdk.common.service.utility.apis.IParamsGetter.toMaps(SourceFile:87)
06-18 13:43:06.572 W/System.err(17812): 	at tech.gtt.frontapp.servicesdk.common.network.interceptor.DefaultParamsInterceptor.onRequest(SourceFile:127)
06-18 13:43:06.572 W/System.err(17812): 	at tech.gtt.frontapp.servicesdk.common.network.interceptor.SDKInterceptorsPluginKt$setupRequestInterception$1.invokeSuspend(SourceFile:103)
06-18 13:43:06.572 W/System.err(17812): 	at tech.gtt.frontapp.servicesdk.common.network.interceptor.SDKInterceptorsPluginKt$setupRequestInterception$1.invoke(SourceFile:1)
06-18 13:43:06.572 W/System.err(17812): 	at tech.gtt.frontapp.servicesdk.common.network.interceptor.SDKInterceptorsPluginKt$setupRequestInterception$1.invoke(SourceFile:2)
06-18 13:43:06.572 W/System.err(17812): 	at io.ktor.util.pipeline.DebugPipelineContext.proceedLoop(SourceFile:86)
06-18 13:43:06.572 W/System.err(17812): 	at io.ktor.util.pipeline.DebugPipelineContext.proceed(SourceFile:26)
06-18 13:43:06.572 W/System.err(17812): 	at io.ktor.client.plugins.RequestError$install$1.invokeSuspend(SourceFile:47)
06-18 13:43:06.572 W/System.err(17812): 	at io.ktor.client.plugins.RequestError$install$1.invoke(SourceFile:1)
06-18 13:43:06.572 W/System.err(17812): 	at io.ktor.client.plugins.RequestError$install$1.invoke(SourceFile:2)
06-18 13:43:06.572 W/System.err(17812): 	at io.ktor.util.pipeline.DebugPipelineContext.proceedLoop(SourceFile:86)
06-18 13:43:06.572 W/System.err(17812): 	at io.ktor.util.pipeline.DebugPipelineContext.proceed(SourceFile:26)
06-18 13:43:06.572 W/System.err(17812): 	at io.ktor.client.plugins.SetupRequestContext$install$1.invokeSuspend$proceed(SourceFile:1)
06-18 13:43:06.572 W/System.err(17812): 	at io.ktor.client.plugins.SetupRequestContext$install$1.access$invokeSuspend$proceed(SourceFile:1)
06-18 13:43:06.572 W/System.err(17812): 	at io.ktor.client.plugins.SetupRequestContext$install$1$1.invoke(SourceFile:2)
06-18 13:43:06.572 W/System.err(17812): 	at io.ktor.client.plugins.SetupRequestContext$install$1$1.invoke(SourceFile:1)
06-18 13:43:06.572 W/System.err(17812): 	at io.ktor.client.plugins.HttpRequestLifecycleKt$HttpRequestLifecycle$1$1.invokeSuspend(SourceFile:78)
06-18 13:43:06.572 W/System.err(17812): 	at io.ktor.client.plugins.HttpRequestLifecycleKt$HttpRequestLifecycle$1$1.invoke(SourceFile:1)
06-18 13:43:06.572 W/System.err(17812): 	at io.ktor.client.plugins.HttpRequestLifecycleKt$HttpRequestLifecycle$1$1.invoke(SourceFile:2)
06-18 13:43:06.572 W/System.err(17812): 	at io.ktor.client.plugins.SetupRequestContext$install$1.invokeSuspend(SourceFile:42)
06-18 13:43:06.572 W/System.err(17812): 	at io.ktor.client.plugins.SetupRequestContext$install$1.invoke(SourceFile:1)
06-18 13:43:06.572 W/System.err(17812): 	at io.ktor.client.plugins.SetupRequestContext$install$1.invoke(SourceFile:2)
06-18 13:43:06.572 W/System.err(17812): 	at io.ktor.util.pipeline.DebugPipelineContext.proceedLoop(SourceFile:86)
06-18 13:43:06.572 W/System.err(17812): 	at io.ktor.util.pipeline.DebugPipelineContext.proceed(SourceFile:26)
06-18 13:43:06.572 W/System.err(17812): 	at io.ktor.util.pipeline.DebugPipelineContext.execute$ktor_utils(SourceFile:7)
06-18 13:43:06.572 W/System.err(17812): 	at io.ktor.util.pipeline.Pipeline.execute(SourceFile:9)
