--------- beginning of main
06-17 19:44:51.215 D/ProcessState(10428): Binder ioctl to enable oneway spam detection failed: Invalid argument
--------- beginning of system
06-17 19:44:51.216 I/ActivityManager( 1936): Force stopping tech.gtt.frontapp.stb.demo appid=10058 user=0: clear data
06-17 19:44:51.218 I/ActivityManager( 1936): Force stopping tech.gtt.frontapp.stb.demo appid=10058 user=-1: clearApplicationUserData
06-17 19:44:51.236 I/MediaProvider( 2560): Begin Intent { act=android.intent.action.PACKAGE_DATA_CLEARED dat=package:tech.gtt.frontapp.stb.demo flg=0x1000010 cmp=com.android.providers.media.module/com.android.providers.media.MediaService (has extras) }
06-17 19:44:51.236 D/MediaProvider( 2560): Deleted 0 Android/media items belonging to tech.gtt.frontapp.stb.demo on /data/user/0/com.android.providers.media.module/databases/external.db
06-17 19:44:51.236 I/MediaProvider( 2560): End Intent { act=android.intent.action.PACKAGE_DATA_CLEARED dat=package:tech.gtt.frontapp.stb.demo flg=0x1000010 cmp=com.android.providers.media.module/com.android.providers.media.MediaService (has extras) }
06-17 19:44:51.293 D/AndroidRuntime(10442): >>>>>> START com.android.internal.os.RuntimeInit uid 0 <<<<<<
06-17 19:44:51.296 I/AndroidRuntime(10442): Using default boot image
06-17 19:44:51.296 I/AndroidRuntime(10442): Leaving lock profiling enabled
06-17 19:44:51.297 W/app_process(10442): ART APEX data files are untrusted.
06-17 19:44:51.297 I/app_process(10442): Core platform API reporting enabled, enforcing=false
06-17 19:44:51.336 D/app_process(10442): Time zone APEX ICU file found: /apex/com.android.tzdata/etc/icu/icu_tzdata.dat
06-17 19:44:51.336 D/app_process(10442): I18n APEX ICU file found: /apex/com.android.i18n/etc/icu/icudt68l.dat
06-17 19:44:51.341 W/app_process(10442): Unexpected CPU variant for X86 using defaults: x86_64
06-17 19:44:51.356 D/ProcessState(10442): Binder ioctl to enable oneway spam detection failed: Invalid argument
06-17 19:44:51.356 D/AndroidRuntime(10442): Calling main entry com.android.commands.monkey.Monkey
06-17 19:44:51.357 W/Monkey  (10442): args: [-p, tech.gtt.frontapp.stb.demo, -c, android.intent.category.LAUNCHER, 1]
06-17 19:44:51.357 W/Monkey  (10442):  arg: "-p"
06-17 19:44:51.357 W/Monkey  (10442):  arg: "tech.gtt.frontapp.stb.demo"
06-17 19:44:51.357 W/Monkey  (10442):  arg: "-c"
06-17 19:44:51.357 W/Monkey  (10442):  arg: "android.intent.category.LAUNCHER"
06-17 19:44:51.357 W/Monkey  (10442):  arg: "1"
06-17 19:44:51.357 W/Monkey  (10442): data="tech.gtt.frontapp.stb.demo"
06-17 19:44:51.358 W/Monkey  (10442): data="android.intent.category.LAUNCHER"
06-17 19:44:51.386 W/BroadcastQueue( 1936): Skipping deliver [background] BroadcastRecord{1e78182 u-1 android.net.conn.CONNECTIVITY_CHANGE} to ReceiverList{593f093 10442 (unknown name)/0/u-1 remote:2a70a64}: process gone or crashing
06-17 19:44:51.391 I/ActivityTaskManager( 1936): START u0 {act=android.intent.action.MAIN cat=[android.intent.category.LAUNCHER] flg=0x10200000 cmp=tech.gtt.frontapp.stb.demo/tech.gtt.frontapp.stb.m.home.activity.SplashActivity} from uid 0
06-17 19:44:51.392 W/ActivityTaskManager( 1936): Can't find TaskDisplayArea to determine support for multi window. Task id=27 attached=false
06-17 19:44:51.399 I/Monkey  (10442): Events injected: 1
06-17 19:44:51.402 D/CompatibilityChangeReporter( 1936): Compat change id reported: 135634846; UID 10058; state: DISABLED
06-17 19:44:51.402 D/CompatibilityChangeReporter( 1936): Compat change id reported: 143937733; UID 10058; state: ENABLED
06-17 19:44:51.409 I/Monkey  (10442): ## Network stats: elapsed time=18ms (0ms mobile, 0ms wifi, 18ms not connected)
06-17 19:44:51.418 D/gralloc_nox( 1767): gralloc_alloc: Creating ashmem region of size 8298496
06-17 19:44:51.459 D/Zygote  ( 1756): Forked child process 10456
06-17 19:44:51.460 W/ActivityManager( 1936): Slow operation: 61ms so far, now at startProcess: returned from zygote!
06-17 19:44:51.460 I/app_process(10442): System.exit called, status: 0
06-17 19:44:51.460 I/AndroidRuntime(10442): VM exiting with result code 0.
06-17 19:44:51.460 W/ActivityManager( 1936): Slow operation: 62ms so far, now at startProcess: done updating battery stats
06-17 19:44:51.460 W/ActivityManager( 1936): Slow operation: 62ms so far, now at startProcess: building log message
06-17 19:44:51.460 I/ActivityManager( 1936): Start proc 10456:tech.gtt.frontapp.stb.demo/u0a58 for pre-top-activity {tech.gtt.frontapp.stb.demo/tech.gtt.frontapp.stb.m.home.activity.SplashActivity}
06-17 19:44:51.461 W/ActivityManager( 1936): Slow operation: 62ms so far, now at startProcess: starting to update pids map
06-17 19:44:51.461 W/ActivityManager( 1936): Slow operation: 63ms so far, now at startProcess: done updating pids map
06-17 19:44:51.465 I/Zygote  (10456): seccomp disabled by setenforce 0
06-17 19:44:51.466 D/gralloc_nox( 1767): gralloc_alloc: Creating ashmem region of size 8298496
06-17 19:44:51.472 W/ontapp.stb.dem(10456): Unexpected CPU variant for X86 using defaults: x86_64
06-17 19:44:51.487 D/ProcessState(10456): Binder ioctl to enable oneway spam detection failed: Invalid argument
06-17 19:44:51.505 D/gralloc_nox( 1767): gralloc_alloc: Creating ashmem region of size 8298496
06-17 19:44:51.511 E/ashmem  (10456): memfd: ro.vndk.version not defined or invalid (), this is mandated since P.
06-17 19:44:51.512 D/CompatibilityChangeReporter(10456): Compat change id reported: 171979766; UID 10058; state: ENABLED
06-17 19:44:51.549 V/GraphicsEnvironment(10456): ANGLE Developer option for 'tech.gtt.frontapp.stb.demo' set to: 'default'
06-17 19:44:51.551 V/GraphicsEnvironment(10456): ANGLE GameManagerService for tech.gtt.frontapp.stb.demo: false
06-17 19:44:51.551 V/GraphicsEnvironment(10456): Neither updatable production driver nor prerelease driver is supported.
06-17 19:44:51.557 D/NetworkSecurityConfig(10456): Using Network Security Config from resource network_security_config debugBuild: false
06-17 19:44:51.559 D/NetworkSecurityConfig(10456): Using Network Security Config from resource network_security_config debugBuild: false
06-17 19:44:51.567 I/MultiDex(10456): VM with version 2.1.0 has multidex support
06-17 19:44:51.567 I/MultiDex(10456): Installing application
06-17 19:44:51.567 I/MultiDex(10456): VM has multidex support, MultiDex support library is disabled.
06-17 19:44:51.568 E/[Package](10456): params: AppConfiguration(vnoId='11026504', brandId='d0k7d3p3kdikth2o3q6g', appId='d0jucrbq6bt4h33c0ma0', sourceId='30006401-31002837', authServers='https://gtt-app-apigateway-lion.vdemosit.com', shareKey='S2kQMgUSugYyMlk5QclHDaF0uDsFnB0oJoFeAFgsKb8=', packageName='tech.gtt.frontapp.stb.demo', appName='Goose TV', appVersionName='v1.0.0', appVersionCode='7', pluginVersionCode='1', pluginVersionName='6.0.0-beta-build5', packageSeq='1', buglyAppId='d76a04165f', buglyKey='13b89b2d-1c12-4c4f-93b8-46e3c2ef9f73', baseVersionCode='20000066', gitTag='2.1.4-beta6', supportLang='en,pt,es', defaultLang='en', bootLoadType='1')
06-17 19:44:51.570 W/System.err(10456): java.lang.ClassNotFoundException: tech.gtt.frontapp.stb.docker.plugin.PluginUtils
06-17 19:44:51.570 W/System.err(10456): 	at java.lang.Class.classForName(Native Method)
06-17 19:44:51.570 W/System.err(10456): 	at java.lang.Class.forName(Class.java:454)
06-17 19:44:51.570 W/System.err(10456): 	at java.lang.Class.forName(Class.java:379)
06-17 19:44:51.570 W/System.err(10456): 	at ot.e.b(SourceFile:3)
06-17 19:44:51.570 W/System.err(10456): 	at tech.gtt.frontapp.stb.app.MainApplication.attachBaseContext(SourceFile:130)
06-17 19:44:51.570 W/System.err(10456): 	at android.app.Application.attach(Application.java:338)
06-17 19:44:51.570 W/System.err(10456): 	at android.app.Instrumentation.newApplication(Instrumentation.java:1190)
06-17 19:44:51.570 W/System.err(10456): 	at android.app.LoadedApk.makeApplication(LoadedApk.java:1361)
06-17 19:44:51.570 W/System.err(10456): 	at android.app.ActivityThread.handleBindApplication(ActivityThread.java:6728)
06-17 19:44:51.570 W/System.err(10456): 	at android.app.ActivityThread.access$1500(ActivityThread.java:256)
06-17 19:44:51.570 W/System.err(10456): 	at android.app.ActivityThread$H.handleMessage(ActivityThread.java:2091)
06-17 19:44:51.570 W/System.err(10456): 	at android.os.Handler.dispatchMessage(Handler.java:106)
06-17 19:44:51.570 W/System.err(10456): 	at android.os.Looper.loopOnce(Looper.java:201)
06-17 19:44:51.570 W/System.err(10456): 	at android.os.Looper.loop(Looper.java:288)
06-17 19:44:51.570 W/System.err(10456): 	at android.app.ActivityThread.main(ActivityThread.java:7875)
06-17 19:44:51.570 W/System.err(10456): 	at java.lang.reflect.Method.invoke(Native Method)
06-17 19:44:51.570 W/System.err(10456): 	at com.android.internal.os.RuntimeInit$MethodAndArgsCaller.run(RuntimeInit.java:568)
06-17 19:44:51.570 W/System.err(10456): 	at com.android.internal.os.ZygoteInit.main(ZygoteInit.java:1005)
06-17 19:44:51.571 W/System.err(10456): Caused by: java.lang.ClassNotFoundException: tech.gtt.frontapp.stb.docker.plugin.PluginUtils
06-17 19:44:51.571 W/System.err(10456): 	... 18 more
06-17 19:44:51.571 E/[Package](10456): isInPluginMode: false
06-17 19:44:51.573 I/CustomActivityOnCrash(10456): CustomActivityOnCrash has been installed.
06-17 19:44:51.576 I/System.out(10456): Modular_Init : a - initialize
06-17 19:44:51.581 I/System.out(10456): Modular_Init : d - initialize
06-17 19:44:51.582 I/System.out(10456): Modular_Init : a - initialize
06-17 19:44:51.583 I/System.out(10456): Modular_Init : a - initialize
06-17 19:44:51.583 D/[CatchupInitModule](10456): init---
06-17 19:44:51.583 I/System.out(10456): Modular_Init : a - initialize
06-17 19:44:51.583 D/[ReplayInitialize](10456): init---
06-17 19:44:51.583 I/System.out(10456): Modular_Init : a - initialize
06-17 19:44:51.583 D/[LiveInitialize](10456): init---
06-17 19:44:51.583 I/System.out(10456): Modular_Init : b - initialize
06-17 19:44:51.584 D/AndroidAutoSize(10456): designWidthInDp = 360, designHeightInDp = 640, screenWidth = 1920, screenHeight = 1080
06-17 19:44:51.584 D/AndroidAutoSize(10456): initDensity = 2.0, initScaledDensity = 2.0
06-17 19:44:51.625 D/AndroidAutoSize(10456): tech.gtt.frontapp.stb.m.home.activity.SplashActivity used the global configuration.
06-17 19:44:51.633 D/AndroidAutoSize(10456): The tech.gtt.frontapp.stb.m.home.activity.SplashActivity has been adapted! 
06-17 19:44:51.633 D/AndroidAutoSize(10456): SplashActivity Info: isBaseOnWidth = true, designWidthInDp = 1920.000000, designWidthInSubunits = 1920.000000, targetDensity = 1.000000, targetScaledDensity = 1.000000, targetDensityDpi = 160, targetXdpi = 1.000000, targetScreenWidthDp = 1920, targetScreenHeightDp = 1032
06-17 19:44:51.680 D/AndroidAutoSize(10456): tech.gtt.frontapp.stb.m.home.activity.SplashActivity used the global configuration.
06-17 19:44:51.681 D/AndroidAutoSize(10456): The tech.gtt.frontapp.stb.m.home.activity.SplashActivity has been adapted! 
06-17 19:44:51.681 D/AndroidAutoSize(10456): SplashActivity Info: isBaseOnWidth = true, designWidthInDp = 1920.000000, designWidthInSubunits = 1920.000000, targetDensity = 1.000000, targetScaledDensity = 1.000000, targetDensityDpi = 160, targetXdpi = 1.000000, targetScreenWidthDp = 1920, targetScreenHeightDp = 1032
06-17 19:44:51.684 I/ActivityTaskManager( 1936): START u0 {act=android.content.pm.action.REQUEST_PERMISSIONS pkg=com.android.permissioncontroller cmp=com.android.permissioncontroller/.permission.ui.GrantPermissionsActivity (has extras)} from uid 10058
06-17 19:44:51.704 D/ontapp.stb.dem(10456): createUnique: call
06-17 19:44:51.705 D/ontapp.stb.dem(10456): HostComposition ext GL_OES_EGL_image GL_OES_EGL_image_external GL_OES_depth24 GL_OES_depth32 GL_OES_element_index_uint GL_OES_texture_float GL_OES_texture_float_linear GL_OES_compressed_paletted_texture GL_OES_compressed_ETC1_RGB8_texture GL_OES_depth_texture GL_EXT_texture_format_BGRA8888 GL_APPLE_texture_format_BGRA8888 GL_OES_texture_half_float GL_EXT_robustness GL_OES_texture_half_float_linear GL_OES_packed_depth_stencil GL_OES_vertex_half_float GL_OES_texture_npot GL_OES_rgb8_rgba8 GL_EXT_color_buffer_float GL_EXT_texture_sRGB_decode ANDROID_gles_max_version_3_1 GL_OES_vertex_array_object GL_EXT_texture_buffer GL_EXT_copy_image GL_KHR_texture_compression_astc_ldr GL_KHR_texture_compression_astc_hdr GL_OES_texture_compression_astc GL_OES_EGL_image_external
06-17 19:44:51.705 D/hw-ProcessState(10456): Binder ioctl to enable oneway spam detection failed: Invalid argument
06-17 19:44:51.707 W/OpenGLRenderer(10456): Failed to initialize 101010-2 format, error = EGL_SUCCESS
06-17 19:44:51.707 D/EGL_emulation(10456): rcCreateContext wated version 2.0  rc:4
06-17 19:44:51.725 D/EGL_emulation(10456): eglMakeCurrent: 0x74841c032970: ver 3 2 (tinfo 0x74839c04c960) (first time)
06-17 19:44:51.735 E/HWComposer( 1779): getSupportedContentTypes: getSupportedContentTypes failed for display 0: Unsupported (8)
06-17 19:44:51.735 I/hwservicemanager( 1567): getTransport: Cannot find entry android.hardware.graphics.mapper@4.0::IMapper/default in either framework or device VINTF manifest.
06-17 19:44:51.735 I/Gralloc4(10456): mapper 4.x is not supported
06-17 19:44:51.735 I/hwservicemanager( 1567): getTransport: Cannot find entry android.hardware.graphics.mapper@3.0::IMapper/default in either framework or device VINTF manifest.
06-17 19:44:51.735 W/Gralloc3(10456): mapper 3.x is not supported
06-17 19:44:51.736 I/hwservicemanager( 1567): getTransport: Cannot find entry android.hardware.graphics.allocator@4.0::IAllocator/default in either framework or device VINTF manifest.
06-17 19:44:51.736 W/Gralloc4(10456): allocator 4.x is not supported
06-17 19:44:51.736 I/hwservicemanager( 1567): getTransport: Cannot find entry android.hardware.graphics.allocator@3.0::IAllocator/default in either framework or device VINTF manifest.
06-17 19:44:51.736 W/Gralloc3(10456): allocator 3.x is not supported
06-17 19:44:51.736 D/ProcessState(10491): Binder ioctl to enable oneway spam detection failed: Invalid argument
06-17 19:44:51.737 D/gralloc_nox( 1767): gralloc_alloc: Creating ashmem region of size 8298496
06-17 19:44:51.769 D/ontapp.stb.dem(10456): createUnique: call
06-17 19:44:51.780 D/ontapp.stb.dem(10456): HostComposition ext GL_OES_EGL_image GL_OES_EGL_image_external GL_OES_depth24 GL_OES_depth32 GL_OES_element_index_uint GL_OES_texture_float GL_OES_texture_float_linear GL_OES_compressed_paletted_texture GL_OES_compressed_ETC1_RGB8_texture GL_OES_depth_texture GL_EXT_texture_format_BGRA8888 GL_APPLE_texture_format_BGRA8888 GL_OES_texture_half_float GL_EXT_robustness GL_OES_texture_half_float_linear GL_OES_packed_depth_stencil GL_OES_vertex_half_float GL_OES_texture_npot GL_OES_rgb8_rgba8 GL_EXT_color_buffer_float GL_EXT_texture_sRGB_decode ANDROID_gles_max_version_3_1 GL_OES_vertex_array_object GL_EXT_texture_buffer GL_EXT_copy_image GL_KHR_texture_compression_astc_ldr GL_KHR_texture_compression_astc_hdr GL_OES_texture_compression_astc GL_OES_EGL_image_external
06-17 19:44:51.781 D/gralloc_nox( 1767): gralloc_alloc: Creating ashmem region of size 8298496
06-17 19:44:51.790 D/gralloc_nox( 1767): gralloc_alloc: Creating ashmem region of size 8298496
06-17 19:44:51.861 E/libEGL  (10456): called unimplemented OpenGL ES API
06-17 19:44:51.910 W/ActivityTaskManager( 1936): Tried to set launchTime (0) < mLastActivityLaunchTime (3413676)
06-17 19:44:51.982 I/ActivityTaskManager( 1936): Displayed com.android.permissioncontroller/.permission.ui.GrantPermissionsActivity: +584ms
06-17 19:44:52.006 D/ProcessState(10502): Binder ioctl to enable oneway spam detection failed: Invalid argument
06-17 19:44:52.066 D/gralloc_nox( 1767): gralloc_alloc: Creating ashmem region of size 5496832
06-17 19:44:52.147 W/InputManager-JNI( 1936): Input channel object 'd1a1085 Splash Screen tech.gtt.frontapp.stb.demo (client)' was disposed without first being removed with the input manager!
06-17 19:44:52.176 D/gralloc_nox( 1767): gralloc_alloc: Creating ashmem region of size 5496832
06-17 19:44:52.291 D/gralloc_nox( 1767): gralloc_alloc: Creating ashmem region of size 5496832
06-17 19:44:54.401 E/TaskPersister( 1936): File error accessing recents directory (directory doesn't exist?).
06-17 19:44:54.486 D/UIAutomatorStub(10402): URI: /jsonrpc/0, Method: POST, params, {NanoHttpd.QUERY_STRING=null}, files: {postData={"jsonrpc": "2.0", "id": 1, "method": "count", "params": [{"mask": 2097152, "childOrSibling": [], "childOrSiblingSelector": [], "resourceId": "com.android.permissioncontroller:id/permission_allow_button"}]}}
06-17 19:44:54.494 D/UiObject(10402): Waiting 0ms for UiSelector[RESOURCE_ID=com.android.permissioncontroller:id/permission_allow_button].
06-17 19:44:54.498 W/QueryController(10402): Could not detect idle state.
06-17 19:44:54.505 I/QueryController(10402): Matched selector: UiSelector[RESOURCE_ID=com.android.permissioncontroller:id/permission_allow_button] <<==>> [android.view.accessibility.AccessibilityNodeInfo@2c777; boundsInParent: Rect(0, 0 - 992, 112); boundsInScreen: Rect(464, 557 - 1456, 669); packageName: com.android.permissioncontroller; className: android.widget.Button; text: 允许; error: null; maxTextLength: -1; stateDescription: null; contentDescription: null; tooltipText: null; viewIdResName: com.android.permissioncontroller:id/permission_allow_button; checkable: false; checked: false; focusable: true; focused: false; selected: false; clickable: true; longClickable: false; contextClickable: false; enabled: true; password: false; scrollable: false; importantForAccessibility: true; visible: true; actions: [AccessibilityAction: ACTION_FOCUS - null, AccessibilityAction: ACTION_SELECT - null, AccessibilityAction: ACTION_CLEAR_SELECTION - null, AccessibilityAction: ACTION_CLICK - null, AccessibilityAction: ACTION_ACCESSIBILITY_FOCUS - null, AccessibilityAction: ACTION_NEXT_AT_MOVEMENT_GRANULARITY - null, AccessibilityAction: ACTION_PREVIOUS_AT_MOVEMENT_GRANULARITY - null, AccessibilityAction: ACTION_SET_SELECTION - null, AccessibilityAction: ACTION_SHOW_ON_SCREEN - null]]
06-17 19:44:54.506 D/UiObject(10402): Waiting 0ms for UiSelector[INSTANCE=1, RESOURCE_ID=com.android.permissioncontroller:id/permission_allow_button].
06-17 19:44:54.506 W/QueryController(10402): Could not detect idle state.
06-17 19:44:54.541 D/UIAutomatorStub(10402): URI: /jsonrpc/0, Method: POST, params, {NanoHttpd.QUERY_STRING=null}, files: {postData={"jsonrpc": "2.0", "id": 1, "method": "waitForExists", "params": [{"mask": 2097152, "childOrSibling": [], "childOrSiblingSelector": [], "resourceId": "com.android.permissioncontroller:id/permission_allow_button"}, 20000]}}
06-17 19:44:54.544 D/UiDevice(10402): Waiting 20000ms for SearchCondition[hasObject=BySelector [RES='\Qcom.android.permissioncontroller:id/permission_allow_button\E']].
06-17 19:44:54.545 D/UiDevice(10402): Searching for node with selector: BySelector [RES='\Qcom.android.permissioncontroller:id/permission_allow_button\E'].
06-17 19:44:54.547 W/QueryController(10402): Could not detect idle state.
06-17 19:44:54.582 D/UIAutomatorStub(10402): URI: /jsonrpc/0, Method: POST, params, {NanoHttpd.QUERY_STRING=null}, files: {postData={"jsonrpc": "2.0", "id": 1, "method": "objInfo", "params": [{"mask": 2097152, "childOrSibling": [], "childOrSiblingSelector": [], "resourceId": "com.android.permissioncontroller:id/permission_allow_button"}]}}
06-17 19:44:54.585 D/UiDevice(10402): Retrieving node with selector: BySelector [RES='\Qcom.android.permissioncontroller:id/permission_allow_button\E'].
06-17 19:44:54.586 W/QueryController(10402): Could not detect idle state.
06-17 19:44:54.591 W/QueryController(10402): Could not detect idle state.
06-17 19:44:54.593 W/QueryController(10402): Could not detect idle state.
06-17 19:44:54.599 W/QueryController(10402): Could not detect idle state.
06-17 19:44:54.602 W/QueryController(10402): Could not detect idle state.
06-17 19:44:54.603 W/QueryController(10402): Could not detect idle state.
06-17 19:44:54.604 W/QueryController(10402): Could not detect idle state.
06-17 19:44:54.605 W/QueryController(10402): Could not detect idle state.
06-17 19:44:54.606 W/QueryController(10402): Could not detect idle state.
06-17 19:44:54.607 W/QueryController(10402): Could not detect idle state.
06-17 19:44:54.607 W/QueryController(10402): Could not detect idle state.
06-17 19:44:54.608 W/QueryController(10402): Could not detect idle state.
06-17 19:44:54.612 W/QueryController(10402): Could not detect idle state.
06-17 19:44:54.616 W/QueryController(10402): Could not detect idle state.
06-17 19:44:54.618 W/QueryController(10402): Could not detect idle state.
06-17 19:44:54.619 W/QueryController(10402): Could not detect idle state.
06-17 19:44:54.620 W/QueryController(10402): Could not detect idle state.
06-17 19:44:54.621 W/QueryController(10402): Could not detect idle state.
06-17 19:44:54.650 D/UIAutomatorStub(10402): URI: /jsonrpc/0, Method: POST, params, {NanoHttpd.QUERY_STRING=null}, files: {postData={"jsonrpc": "2.0", "id": 1, "method": "click", "params": [960.0, 613.0]}}
06-17 19:44:54.876 V/GrantPermissionsViewModel( 6919): Logged buttons presented and clicked permissionGroupName=android.permission-group.STORAGE uid=10058 selectedLocations=0 package=tech.gtt.frontapp.stb.demo presentedButtons=9 clickedButton=1 sessionId=-6975255743585629011 targetSdk=35
06-17 19:44:54.882 I/MediaProvider( 2560): Invalidating LocalCallingIdentity cache for package tech.gtt.frontapp.stb.demo. Reason: op android:read_external_storage
06-17 19:44:54.885 V/GrantPermissionsViewModel( 6919): Permission grant result requestId=-6975255743585629011 callingUid=10058 callingPackage=tech.gtt.frontapp.stb.demo permission=android.permission.READ_EXTERNAL_STORAGE isImplicit=false result=4
06-17 19:44:54.888 D/gralloc_nox( 1767): gralloc_alloc: Creating ashmem region of size 8298496
06-17 19:44:54.921 E/android.hardware.audio.service( 1759): pcm_open called create stream faild
06-17 19:44:54.949 W/ndroid.launche( 2386): Reducing the number of considered missed Gc histogram windows from 358 to 100
06-17 19:44:55.106 D/CompatibilityChangeReporter(10456): Compat change id reported: 78294732; UID 10058; state: ENABLED
06-17 19:44:55.109 I/b       (10456): freeSpace : 116666MB
06-17 19:44:55.181 D/ProcessState(10516): Binder ioctl to enable oneway spam detection failed: Invalid argument
06-17 19:44:55.246 D/ConnectivityService( 1936): NetReassign [no changes]
06-17 19:44:55.269 V/GSK     (10456): StorageServiceImpl initialization() executed in 0 ms.
06-17 19:44:55.269 V/GSK     (10456): SecurityServiceImpl initialization() executed in 0 ms.
06-17 19:44:55.340 W/System.err(10456): SLF4J(W): No SLF4J providers were found.
06-17 19:44:55.341 W/System.err(10456): SLF4J(W): Defaulting to no-operation (NOP) logger implementation
06-17 19:44:55.341 W/System.err(10456): SLF4J(W): See https://www.slf4j.org/codes.html#noProviders for further details.
06-17 19:44:55.387 W/System.err(10456): kotlinx.serialization.json.internal.JsonDecodingException: Expected start of the object '{', but had 'EOF' instead at path: $
06-17 19:44:55.387 W/System.err(10456): JSON input: 
06-17 19:44:55.388 W/System.err(10456): 	at kotlinx.serialization.json.internal.JsonExceptionsKt.JsonDecodingException(SourceFile:1)
06-17 19:44:55.388 W/System.err(10456): 	at kotlinx.serialization.json.internal.JsonExceptionsKt.JsonDecodingException(SourceFile:2)
06-17 19:44:55.388 W/System.err(10456): 	at kotlinx.serialization.json.internal.AbstractJsonLexer.fail(SourceFile:52)
06-17 19:44:55.388 W/System.err(10456): 	at kotlinx.serialization.json.internal.AbstractJsonLexer.fail$default(SourceFile:15)
06-17 19:44:55.388 W/System.err(10456): 	at kotlinx.serialization.json.internal.AbstractJsonLexer.unexpectedToken(SourceFile:103)
06-17 19:44:55.388 W/System.err(10456): 	at kotlinx.serialization.json.internal.StringJsonLexer.consumeNextToken(SourceFile:16)
06-17 19:44:55.388 W/System.err(10456): 	at kotlinx.serialization.json.internal.StreamingJsonDecoder.beginStructure(SourceFile:23)
06-17 19:44:55.388 W/System.err(10456): 	at tech.gtt.frontapp.servicesdk.common.service.utility.apis.e2ee.E2eeConfigResponse$$serializer.deserialize(SourceFile:2)
06-17 19:44:55.388 W/System.err(10456): 	at tech.gtt.frontapp.servicesdk.common.service.utility.apis.e2ee.E2eeConfigResponse$$serializer.deserialize(SourceFile:1)
06-17 19:44:55.388 W/System.err(10456): 	at kotlinx.serialization.json.internal.StreamingJsonDecoder.decodeSerializableValue(SourceFile:320)
06-17 19:44:55.388 W/System.err(10456): 	at kotlinx.serialization.json.Json.decodeFromString(SourceFile:3)
06-17 19:44:55.388 W/System.err(10456): 	at tech.gtt.frontapp.servicesdk.common.service.utility.apis.e2ee.E2eeManager.syncE2eeConfig(SourceFile:74)
06-17 19:44:55.388 W/System.err(10456): 	at tech.gtt.frontapp.servicesdk.common.service.utility.apis.ApiUtilServiceImpl.onServiceInit(SourceFile:228)
06-17 19:44:55.388 W/System.err(10456): 	at tech.gtt.frontapp.servicesdk.common.core.ServiceSDKImpl.executeServiceInitialize(SourceFile:372)
06-17 19:44:55.388 W/System.err(10456): 	at tech.gtt.frontapp.servicesdk.common.core.ServiceSDKImpl.access$executeServiceInitialize(SourceFile:1)
06-17 19:44:55.388 W/System.err(10456): 	at tech.gtt.frontapp.servicesdk.common.core.ServiceSDKImpl$init$1.invokeSuspend(SourceFile:178)
06-17 19:44:55.388 W/System.err(10456): 	at tech.gtt.frontapp.servicesdk.common.core.ServiceSDKImpl$init$1.invoke(SourceFile:2)
06-17 19:44:55.388 W/System.err(10456): 	at tech.gtt.frontapp.servicesdk.common.core.ServiceSDKImpl$init$1.invoke(SourceFile:1)
06-17 19:44:55.388 W/System.err(10456): 	at kotlinx.coroutines.flow.SafeFlow.collectSafely(SourceFile:3)
06-17 19:44:55.388 W/System.err(10456): 	at kotlinx.coroutines.flow.AbstractFlow.collect(SourceFile:70)
06-17 19:44:55.388 W/System.err(10456): 	at tech.gtt.frontapp.servicesdk.common.core.SDKSetup$build$1.invokeSuspend(SourceFile:42)
06-17 19:44:55.388 W/System.err(10456): 	at tech.gtt.frontapp.servicesdk.common.core.SDKSetup$build$1.invoke(SourceFile:2)
06-17 19:44:55.388 W/System.err(10456): 	at tech.gtt.frontapp.servicesdk.common.core.SDKSetup$build$1.invoke(SourceFile:1)
06-17 19:44:55.388 W/System.err(10456): 	at tech.gtt.frontapp.servicesdk.common.core.Scheduler$scheduleDirect$1.invokeSuspend(SourceFile:61)
06-17 19:44:55.388 W/System.err(10456): 	at lh.a.resumeWith(SourceFile:14)
06-17 19:44:55.388 W/System.err(10456): 	at kotlinx.coroutines.DispatchedTask.run(SourceFile:123)
06-17 19:44:55.388 W/System.err(10456): 	at kotlinx.coroutines.internal.LimitedDispatcher$Worker.run(SourceFile:4)
06-17 19:44:55.388 W/System.err(10456): 	at kotlinx.coroutines.scheduling.TaskImpl.run(SourceFile:3)
06-17 19:44:55.388 W/System.err(10456): 	at kotlinx.coroutines.scheduling.CoroutineScheduler.runSafely(SourceFile:1)
06-17 19:44:55.388 W/System.err(10456): 	at kotlinx.coroutines.scheduling.CoroutineScheduler$Worker.executeTask(SourceFile:34)
06-17 19:44:55.388 W/System.err(10456): 	at kotlinx.coroutines.scheduling.CoroutineScheduler$Worker.runWorker(SourceFile:29)
06-17 19:44:55.388 W/System.err(10456): 	at kotlinx.coroutines.scheduling.CoroutineScheduler$Worker.run(SourceFile:1)
06-17 19:44:55.397 W/InputManager-JNI( 1936): Input channel object 'cf6ed19 com.android.permissioncontroller/com.android.permissioncontroller.permission.ui.GrantPermissionsActivity (client)' was disposed without first being removed with the input manager!
06-17 19:44:55.405 W/System.err(10456): java.io.FileNotFoundException: sys/class/sunxi_info/sys_info: open failed: ENOENT (No such file or directory)
06-17 19:44:55.405 W/System.err(10456): 	at libcore.io.IoBridge.open(IoBridge.java:575)
06-17 19:44:55.405 W/System.err(10456): 	at java.io.FileInputStream.<init>(FileInputStream.java:160)
06-17 19:44:55.405 W/System.err(10456): 	at java.io.FileInputStream.<init>(FileInputStream.java:115)
06-17 19:44:55.405 W/System.err(10456): 	at ip.b.b(SourceFile:5)
06-17 19:44:55.405 W/System.err(10456): 	at ip.b.a(SourceFile:155)
06-17 19:44:55.405 W/System.err(10456): 	at ip.a.invoke(SourceFile:589)
06-17 19:44:55.405 W/System.err(10456): 	at dh.v.getValue(SourceFile:21)
06-17 19:44:55.405 W/System.err(10456): 	at tech.gtt.frontapp.servicesdk.common.network.interceptor.params.ApiDeviceParams.handleFixedParams(SourceFile:52)
06-17 19:44:55.405 W/System.err(10456): 	at tech.gtt.frontapp.servicesdk.common.service.utility.apis.IParamsGetter.toMaps(SourceFile:87)
06-17 19:44:55.405 W/System.err(10456): 	at tech.gtt.frontapp.servicesdk.common.network.interceptor.DefaultParamsInterceptor.onRequest(SourceFile:127)
06-17 19:44:55.405 W/System.err(10456): 	at tech.gtt.frontapp.servicesdk.common.network.interceptor.SDKInterceptorsPluginKt$setupRequestInterception$1.invokeSuspend(SourceFile:103)
06-17 19:44:55.405 W/System.err(10456): 	at tech.gtt.frontapp.servicesdk.common.network.interceptor.SDKInterceptorsPluginKt$setupRequestInterception$1.invoke(SourceFile:1)
06-17 19:44:55.405 W/System.err(10456): 	at tech.gtt.frontapp.servicesdk.common.network.interceptor.SDKInterceptorsPluginKt$setupRequestInterception$1.invoke(SourceFile:2)
06-17 19:44:55.405 W/System.err(10456): 	at io.ktor.util.pipeline.DebugPipelineContext.proceedLoop(SourceFile:86)
06-17 19:44:55.405 W/System.err(10456): 	at io.ktor.util.pipeline.DebugPipelineContext.proceed(SourceFile:26)
06-17 19:44:55.405 W/System.err(10456): 	at io.ktor.client.plugins.RequestError$install$1.invokeSuspend(SourceFile:47)
06-17 19:44:55.405 W/System.err(10456): 	at io.ktor.client.plugins.RequestError$install$1.invoke(SourceFile:1)
06-17 19:44:55.405 W/System.err(10456): 	at io.ktor.client.plugins.RequestError$install$1.invoke(SourceFile:2)
06-17 19:44:55.405 W/System.err(10456): 	at io.ktor.util.pipeline.DebugPipelineContext.proceedLoop(SourceFile:86)
06-17 19:44:55.405 W/System.err(10456): 	at io.ktor.util.pipeline.DebugPipelineContext.proceed(SourceFile:26)
06-17 19:44:55.405 W/System.err(10456): 	at io.ktor.client.plugins.SetupRequestContext$install$1.invokeSuspend$proceed(SourceFile:1)
06-17 19:44:55.405 W/System.err(10456): 	at io.ktor.client.plugins.SetupRequestContext$install$1.access$invokeSuspend$proceed(SourceFile:1)
06-17 19:44:55.405 W/System.err(10456): 	at io.ktor.client.plugins.SetupRequestContext$install$1$1.invoke(SourceFile:2)
06-17 19:44:55.405 W/System.err(10456): 	at io.ktor.client.plugins.SetupRequestContext$install$1$1.invoke(SourceFile:1)
06-17 19:44:55.405 W/System.err(10456): 	at io.ktor.client.plugins.HttpRequestLifecycleKt$HttpRequestLifecycle$1$1.invokeSuspend(SourceFile:78)
06-17 19:44:55.405 W/System.err(10456): 	at io.ktor.client.plugins.HttpRequestLifecycleKt$HttpRequestLifecycle$1$1.invoke(SourceFile:1)
06-17 19:44:55.405 W/System.err(10456): 	at io.ktor.client.plugins.HttpRequestLifecycleKt$HttpRequestLifecycle$1$1.invoke(SourceFile:2)
06-17 19:44:55.405 W/System.err(10456): 	at io.ktor.client.plugins.SetupRequestContext$install$1.invokeSuspend(SourceFile:42)
06-17 19:44:55.405 W/System.err(10456): 	at io.ktor.client.plugins.SetupRequestContext$install$1.invoke(SourceFile:1)
06-17 19:44:55.405 W/System.err(10456): 	at io.ktor.client.plugins.SetupRequestContext$install$1.invoke(SourceFile:2)
06-17 19:44:55.405 W/System.err(10456): 	at io.ktor.util.pipeline.DebugPipelineContext.proceedLoop(SourceFile:86)
06-17 19:44:55.405 W/System.err(10456): 	at io.ktor.util.pipeline.DebugPipelineContext.proceed(SourceFile:26)
06-17 19:44:55.405 W/System.err(10456): 	at io.ktor.util.pipeline.DebugPipelineContext.execute$ktor_utils(SourceFile:7)
06-17 19:44:55.405 W/System.err(10456): 	at io.ktor.util.pipeline.Pipeline.execute(SourceFile:9)
06-17 19:44:55.405 W/System.err(10456): 	at io.ktor.client.HttpClient.execute$ktor_client_core(SourceFile:68)
06-17 19:44:55.405 W/System.err(10456): 	at io.ktor.client.statement.HttpStatement.fetchResponse(SourceFile:90)
06-17 19:44:55.405 W/System.err(10456): 	at io.ktor.client.statement.HttpStatement.execute(SourceFile:9)
06-17 19:44:55.405 W/System.err(10456): 	at de.jensklingenberg.ktorfit.internal.KtorfitConverterHelper.suspendRequest(SourceFile:127)
06-17 19:44:55.405 W/System.err(10456): 	at de.jensklingenberg.ktorfit.internal.KtorfitConverterHelper$request$1$1.invokeSuspend(SourceFile:58)
06-17 19:44:55.405 W/System.err(10456): 	at de.jensklingenberg.ktorfit.internal.KtorfitConverterHelper$request$1$1.invoke(SourceFile:2)
06-17 19:44:55.405 W/System.err(10456): 	at de.jensklingenberg.ktorfit.internal.KtorfitConverterHelper$request$1$1.invoke(SourceFile:1)
06-17 19:44:55.405 W/System.err(10456): 	at de.jensklingenberg.ktorfit.converter.FlowConverterFactory$responseConverter$1$convert$1.invokeSuspend(SourceFile:84)
06-17 19:44:55.405 W/System.err(10456): 	at de.jensklingenberg.ktorfit.converter.FlowConverterFactory$responseConverter$1$convert$1.invoke(SourceFile:2)
06-17 19:44:55.405 W/System.err(10456): 	at de.jensklingenberg.ktorfit.converter.FlowConverterFactory$responseConverter$1$convert$1.invoke(SourceFile:1)
06-17 19:44:55.405 W/System.err(10456): 	at kotlinx.coroutines.flow.SafeFlow.collectSafely(SourceFile:3)
06-17 19:44:55.405 W/System.err(10456): 	at kotlinx.coroutines.flow.AbstractFlow.collect(SourceFile:70)
06-17 19:44:55.405 W/System.err(10456): 	at kotlinx.coroutines.flow.FlowKt__MergeKt$flatMapConcat$$inlined$map$1.collect(SourceFile:10)
06-17 19:44:55.406 W/System.err(10456): 	at kotlinx.coroutines.flow.FlowKt__MergeKt$flattenConcat$$inlined$unsafeFlow$1.collect(SourceFile:8)
06-17 19:44:55.406 W/System.err(10456): 	at kotlinx.coroutines.flow.FlowKt__CollectKt.collect(SourceFile:1)
06-17 19:44:55.406 W/System.err(10456): 	at kotlinx.coroutines.flow.FlowKt.collect(SourceFile:1)
06-17 19:44:55.406 W/System.err(10456): 	at tech.gtt.frontapp.servicesdk.common.service.utility.apis.ApiUtilServiceImpl.onServiceInit(SourceFile:240)
06-17 19:44:55.406 W/System.err(10456): 	at tech.gtt.frontapp.servicesdk.common.core.ServiceSDKImpl.executeServiceInitialize(SourceFile:372)
06-17 19:44:55.406 W/System.err(10456): 	at tech.gtt.frontapp.servicesdk.common.core.ServiceSDKImpl.access$executeServiceInitialize(SourceFile:1)
06-17 19:44:55.406 W/System.err(10456): 	at tech.gtt.frontapp.servicesdk.common.core.ServiceSDKImpl$init$1.invokeSuspend(SourceFile:178)
06-17 19:44:55.406 W/System.err(10456): 	at tech.gtt.frontapp.servicesdk.common.core.ServiceSDKImpl$init$1.invoke(SourceFile:2)
06-17 19:44:55.406 W/System.err(10456): 	at tech.gtt.frontapp.servicesdk.common.core.ServiceSDKImpl$init$1.invoke(SourceFile:1)
06-17 19:44:55.406 W/System.err(10456): 	at kotlinx.coroutines.flow.SafeFlow.collectSafely(SourceFile:3)
06-17 19:44:55.406 W/System.err(10456): 	at kotlinx.coroutines.flow.AbstractFlow.collect(SourceFile:70)
06-17 19:44:55.406 W/System.err(10456): 	at tech.gtt.frontapp.servicesdk.common.core.SDKSetup$build$1.invokeSuspend(SourceFile:42)
06-17 19:44:55.406 W/System.err(10456): 	at tech.gtt.frontapp.servicesdk.common.core.SDKSetup$build$1.invoke(SourceFile:2)
06-17 19:44:55.406 W/System.err(10456): 	at tech.gtt.frontapp.servicesdk.common.core.SDKSetup$build$1.invoke(SourceFile:1)
06-17 19:44:55.406 W/System.err(10456): 	at tech.gtt.frontapp.servicesdk.common.core.Scheduler$scheduleDirect$1.invokeSuspend(SourceFile:61)
06-17 19:44:55.406 W/System.err(10456): 	at lh.a.resumeWith(SourceFile:14)
06-17 19:44:55.406 W/System.err(10456): 	at kotlinx.coroutines.DispatchedTask.run(SourceFile:123)
06-17 19:44:55.406 W/System.err(10456): 	at kotlinx.coroutines.internal.LimitedDispatcher$Worker.run(SourceFile:4)
06-17 19:44:55.406 W/System.err(10456): 	at kotlinx.coroutines.scheduling.TaskImpl.run(SourceFile:3)
06-17 19:44:55.406 W/System.err(10456): 	at kotlinx.coroutines.scheduling.CoroutineScheduler.runSafely(SourceFile:1)
06-17 19:44:55.406 W/System.err(10456): 	at kotlinx.coroutines.scheduling.CoroutineScheduler$Worker.executeTask(SourceFile:34)
06-17 19:44:55.406 W/System.err(10456): 	at kotlinx.coroutines.scheduling.CoroutineScheduler$Worker.runWorker(SourceFile:29)
06-17 19:44:55.406 W/System.err(10456): 	at kotlinx.coroutines.scheduling.CoroutineScheduler$Worker.run(SourceFile:1)
06-17 19:44:55.406 W/System.err(10456): Caused by: android.system.ErrnoException: open failed: ENOENT (No such file or directory)
06-17 19:44:55.406 W/System.err(10456): 	at libcore.io.Linux.open(Native Method)
06-17 19:44:55.406 W/System.err(10456): 	at libcore.io.ForwardingOs.open(ForwardingOs.java:567)
06-17 19:44:55.406 W/System.err(10456): 	at libcore.io.BlockGuardOs.open(BlockGuardOs.java:273)
06-17 19:44:55.406 W/System.err(10456): 	at libcore.io.ForwardingOs.open(ForwardingOs.java:567)
06-17 19:44:55.406 W/System.err(10456): 	at android.app.ActivityThread$AndroidOs.open(ActivityThread.java:7761)
06-17 19:44:55.406 W/System.err(10456): 	at libcore.io.IoBridge.open(IoBridge.java:561)
06-17 19:44:55.406 W/System.err(10456): 	... 69 more
06-17 19:44:55.408 W/System.err(10456): java.io.FileNotFoundException: sys/class/sunxi_info/sys_info: open failed: ENOENT (No such file or directory)
06-17 19:44:55.408 W/System.err(10456): 	at libcore.io.IoBridge.open(IoBridge.java:575)
06-17 19:44:55.408 W/System.err(10456): 	at java.io.FileInputStream.<init>(FileInputStream.java:160)
06-17 19:44:55.408 W/System.err(10456): 	at java.io.FileInputStream.<init>(FileInputStream.java:115)
06-17 19:44:55.408 W/System.err(10456): 	at ip.b.b(SourceFile:5)
06-17 19:44:55.408 W/System.err(10456): 	at ip.b.a(SourceFile:155)
06-17 19:44:55.408 W/System.err(10456): 	at ip.a.invoke(SourceFile:127)
06-17 19:44:55.408 W/System.err(10456): 	at dh.v.getValue(SourceFile:21)
06-17 19:44:55.408 W/System.err(10456): 	at tech.gtt.frontapp.servicesdk.common.network.interceptor.params.ApiDeviceParams.handleFixedParams(SourceFile:65)
06-17 19:44:55.408 W/System.err(10456): 	at tech.gtt.frontapp.servicesdk.common.service.utility.apis.IParamsGetter.toMaps(SourceFile:87)
06-17 19:44:55.408 W/System.err(10456): 	at tech.gtt.frontapp.servicesdk.common.network.interceptor.DefaultParamsInterceptor.onRequest(SourceFile:127)
06-17 19:44:55.408 W/System.err(10456): 	at tech.gtt.frontapp.servicesdk.common.network.interceptor.SDKInterceptorsPluginKt$setupRequestInterception$1.invokeSuspend(SourceFile:103)
06-17 19:44:55.408 W/System.err(10456): 	at tech.gtt.frontapp.servicesdk.common.network.interceptor.SDKInterceptorsPluginKt$setupRequestInterception$1.invoke(SourceFile:1)
06-17 19:44:55.408 W/System.err(10456): 	at tech.gtt.frontapp.servicesdk.common.network.interceptor.SDKInterceptorsPluginKt$setupRequestInterception$1.invoke(SourceFile:2)
06-17 19:44:55.408 W/System.err(10456): 	at io.ktor.util.pipeline.DebugPipelineContext.proceedLoop(SourceFile:86)
06-17 19:44:55.408 W/System.err(10456): 	at io.ktor.util.pipeline.DebugPipelineContext.proceed(SourceFile:26)
06-17 19:44:55.408 W/System.err(10456): 	at io.ktor.client.plugins.RequestError$install$1.invokeSuspend(SourceFile:47)
06-17 19:44:55.408 W/System.err(10456): 	at io.ktor.client.plugins.RequestError$install$1.invoke(SourceFile:1)
06-17 19:44:55.408 W/System.err(10456): 	at io.ktor.client.plugins.RequestError$install$1.invoke(SourceFile:2)
06-17 19:44:55.408 W/System.err(10456): 	at io.ktor.util.pipeline.DebugPipelineContext.proceedLoop(SourceFile:86)
06-17 19:44:55.408 W/System.err(10456): 	at io.ktor.util.pipeline.DebugPipelineContext.proceed(SourceFile:26)
06-17 19:44:55.408 W/System.err(10456): 	at io.ktor.client.plugins.SetupRequestContext$install$1.invokeSuspend$proceed(SourceFile:1)
06-17 19:44:55.408 W/System.err(10456): 	at io.ktor.client.plugins.SetupRequestContext$install$1.access$invokeSuspend$proceed(SourceFile:1)
06-17 19:44:55.408 W/System.err(10456): 	at io.ktor.client.plugins.SetupRequestContext$install$1$1.invoke(SourceFile:2)
06-17 19:44:55.408 W/System.err(10456): 	at io.ktor.client.plugins.SetupRequestContext$install$1$1.invoke(SourceFile:1)
06-17 19:44:55.408 W/System.err(10456): 	at io.ktor.client.plugins.HttpRequestLifecycleKt$HttpRequestLifecycle$1$1.invokeSuspend(SourceFile:78)
06-17 19:44:55.408 W/System.err(10456): 	at io.ktor.client.plugins.HttpRequestLifecycleKt$HttpRequestLifecycle$1$1.invoke(SourceFile:1)
06-17 19:44:55.408 W/System.err(10456): 	at io.ktor.client.plugins.HttpRequestLifecycleKt$HttpRequestLifecycle$1$1.invoke(SourceFile:2)
06-17 19:44:55.408 W/System.err(10456): 	at io.ktor.client.plugins.SetupRequestContext$install$1.invokeSuspend(SourceFile:42)
06-17 19:44:55.408 W/System.err(10456): 	at io.ktor.client.plugins.SetupRequestContext$install$1.invoke(SourceFile:1)
06-17 19:44:55.408 W/System.err(10456): 	at io.ktor.client.plugins.SetupRequestContext$install$1.invoke(SourceFile:2)
06-17 19:44:55.408 W/System.err(10456): 	at io.ktor.util.pipeline.DebugPipelineContext.proceedLoop(SourceFile:86)
06-17 19:44:55.408 W/System.err(10456): 	at io.ktor.util.pipeline.DebugPipelineContext.proceed(SourceFile:26)
06-17 19:44:55.408 W/System.err(10456): 	at io.ktor.util.pipeline.DebugPipelineContext.execute$ktor_utils(SourceFile:7)
06-17 19:44:55.408 W/System.err(10456): 	at io.ktor.util.pipeline.Pipeline.execute(SourceFile:9)
06-17 19:44:55.408 W/System.err(10456): 	at io.ktor.client.HttpClient.execute$ktor_client_core(SourceFile:68)
06-17 19:44:55.408 W/System.err(10456): 	at io.ktor.client.statement.HttpStatement.fetchResponse(SourceFile:90)
06-17 19:44:55.408 W/System.err(10456): 	at io.ktor.client.statement.HttpStatement.execute(SourceFile:9)
06-17 19:44:55.408 W/System.err(10456): 	at de.jensklingenberg.ktorfit.internal.KtorfitConverterHelper.suspendRequest(SourceFile:127)
06-17 19:44:55.408 W/System.err(10456): 	at de.jensklingenberg.ktorfit.internal.KtorfitConverterHelper$request$1$1.invokeSuspend(SourceFile:58)
06-17 19:44:55.408 W/System.err(10456): 	at de.jensklingenberg.ktorfit.internal.KtorfitConverterHelper$request$1$1.invoke(SourceFile:2)
06-17 19:44:55.408 W/SurfaceFlinger( 1779): couldn't log to binary event log: overflow.
06-17 19:44:55.408 W/System.err(10456): 	at de.jensklingenberg.ktorfit.internal.KtorfitConverterHelper$request$1$1.invoke(SourceFile:1)
06-17 19:44:55.408 W/System.err(10456): 	at de.jensklingenberg.ktorfit.converter.FlowConverterFactory$responseConverter$1$convert$1.invokeSuspend(SourceFile:84)
06-17 19:44:55.408 W/System.err(10456): 	at de.jensklingenberg.ktorfit.converter.FlowConverterFactory$responseConverter$1$convert$1.invoke(SourceFile:2)
06-17 19:44:55.408 W/System.err(10456): 	at de.jensklingenberg.ktorfit.converter.FlowConverterFactory$responseConverter$1$convert$1.invoke(SourceFile:1)
06-17 19:44:55.408 W/System.err(10456): 	at kotlinx.coroutines.flow.SafeFlow.collectSafely(SourceFile:3)
06-17 19:44:55.408 W/System.err(10456): 	at kotlinx.coroutines.flow.AbstractFlow.collect(SourceFile:70)
06-17 19:44:55.408 W/System.err(10456): 	at kotlinx.coroutines.flow.FlowKt__MergeKt$flatMapConcat$$inlined$map$1.collect(SourceFile:10)
06-17 19:44:55.408 W/System.err(10456): 	at kotlinx.coroutines.flow.FlowKt__MergeKt$flattenConcat$$inlined$unsafeFlow$1.collect(SourceFile:8)
06-17 19:44:55.408 W/System.err(10456): 	at kotlinx.coroutines.flow.FlowKt__CollectKt.collect(SourceFile:1)
06-17 19:44:55.408 W/System.err(10456): 	at kotlinx.coroutines.flow.FlowKt.collect(SourceFile:1)
06-17 19:44:55.408 W/System.err(10456): 	at tech.gtt.frontapp.servicesdk.common.service.utility.apis.ApiUtilServiceImpl.onServiceInit(SourceFile:240)
06-17 19:44:55.408 W/System.err(10456): 	at tech.gtt.frontapp.servicesdk.common.core.ServiceSDKImpl.executeServiceInitialize(SourceFile:372)
06-17 19:44:55.408 W/System.err(10456): 	at tech.gtt.frontapp.servicesdk.common.core.ServiceSDKImpl.access$executeServiceInitialize(SourceFile:1)
06-17 19:44:55.408 W/System.err(10456): 	at tech.gtt.frontapp.servicesdk.common.core.ServiceSDKImpl$init$1.invokeSuspend(SourceFile:178)
06-17 19:44:55.408 W/System.err(10456): 	at tech.gtt.frontapp.servicesdk.common.core.ServiceSDKImpl$init$1.invoke(SourceFile:2)
06-17 19:44:55.408 W/System.err(10456): 	at tech.gtt.frontapp.servicesdk.common.core.ServiceSDKImpl$init$1.invoke(SourceFile:1)
06-17 19:44:55.408 W/System.err(10456): 	at kotlinx.coroutines.flow.SafeFlow.collectSafely(SourceFile:3)
06-17 19:44:55.408 W/System.err(10456): 	at kotlinx.coroutines.flow.AbstractFlow.collect(SourceFile:70)
06-17 19:44:55.408 W/System.err(10456): 	at tech.gtt.frontapp.servicesdk.common.core.SDKSetup$build$1.invokeSuspend(SourceFile:42)
06-17 19:44:55.408 W/System.err(10456): 	at tech.gtt.frontapp.servicesdk.common.core.SDKSetup$build$1.invoke(SourceFile:2)
06-17 19:44:55.408 W/System.err(10456): 	at tech.gtt.frontapp.servicesdk.common.core.SDKSetup$build$1.invoke(SourceFile:1)
06-17 19:44:55.408 W/System.err(10456): 	at tech.gtt.frontapp.servicesdk.common.core.Scheduler$scheduleDirect$1.invokeSuspend(SourceFile:61)
06-17 19:44:55.408 W/System.err(10456): 	at lh.a.resumeWith(SourceFile:14)
06-17 19:44:55.408 W/System.err(10456): 	at kotlinx.coroutines.DispatchedTask.run(SourceFile:123)
06-17 19:44:55.408 W/System.err(10456): 	at kotlinx.coroutines.internal.LimitedDispatcher$Worker.run(SourceFile:4)
06-17 19:44:55.408 W/System.err(10456): 	at kotlinx.coroutines.scheduling.TaskImpl.run(SourceFile:3)
06-17 19:44:55.408 W/System.err(10456): 	at kotlinx.coroutines.scheduling.CoroutineScheduler.runSafely(SourceFile:1)
06-17 19:44:55.408 W/System.err(10456): 	at kotlinx.coroutines.scheduling.CoroutineScheduler$Worker.executeTask(SourceFile:34)
06-17 19:44:55.408 W/System.err(10456): 	at kotlinx.coroutines.scheduling.CoroutineScheduler$Worker.runWorker(SourceFile:29)
06-17 19:44:55.408 W/System.err(10456): 	at kotlinx.coroutines.scheduling.CoroutineScheduler$Worker.run(SourceFile:1)
06-17 19:44:55.408 W/System.err(10456): Caused by: android.system.ErrnoException: open failed: ENOENT (No such file or directory)
06-17 19:44:55.408 W/System.err(10456): 	at libcore.io.Linux.open(Native Method)
06-17 19:44:55.408 W/System.err(10456): 	at libcore.io.ForwardingOs.open(ForwardingOs.java:567)
06-17 19:44:55.408 W/System.err(10456): 	at libcore.io.BlockGuardOs.open(BlockGuardOs.java:273)
06-17 19:44:55.408 W/System.err(10456): 	at libcore.io.ForwardingOs.open(ForwardingOs.java:567)
06-17 19:44:55.408 W/System.err(10456): 	at android.app.ActivityThread$AndroidOs.open(ActivityThread.java:7761)
06-17 19:44:55.408 W/System.err(10456): 	at libcore.io.IoBridge.open(IoBridge.java:561)
06-17 19:44:55.408 W/System.err(10456): 	... 69 more
06-17 19:44:55.413 W/System.err(10456): java.io.FileNotFoundException: sys/class/sunxi_info/sys_info: open failed: ENOENT (No such file or directory)
06-17 19:44:55.413 W/System.err(10456): 	at libcore.io.IoBridge.open(IoBridge.java:575)
06-17 19:44:55.413 W/System.err(10456): 	at java.io.FileInputStream.<init>(FileInputStream.java:160)
06-17 19:44:55.413 W/System.err(10456): 	at java.io.FileInputStream.<init>(FileInputStream.java:115)
06-17 19:44:55.413 W/System.err(10456): 	at ip.b.b(SourceFile:5)
06-17 19:44:55.413 W/System.err(10456): 	at ip.b.a(SourceFile:155)
06-17 19:44:55.414 W/System.err(10456): 	at ip.a.invoke(SourceFile:340)
06-17 19:44:55.414 W/System.err(10456): 	at dh.v.getValue(SourceFile:21)
06-17 19:44:55.414 W/System.err(10456): 	at tech.gtt.frontapp.servicesdk.common.network.interceptor.params.ApiDeviceParams.handleFixedParams(SourceFile:120)
06-17 19:44:55.414 W/System.err(10456): 	at tech.gtt.frontapp.servicesdk.common.service.utility.apis.IParamsGetter.toMaps(SourceFile:87)
06-17 19:44:55.414 W/System.err(10456): 	at tech.gtt.frontapp.servicesdk.common.network.interceptor.DefaultParamsInterceptor.onRequest(SourceFile:127)
06-17 19:44:55.414 W/System.err(10456): 	at tech.gtt.frontapp.servicesdk.common.network.interceptor.SDKInterceptorsPluginKt$setupRequestInterception$1.invokeSuspend(SourceFile:103)
06-17 19:44:55.414 W/System.err(10456): 	at tech.gtt.frontapp.servicesdk.common.network.interceptor.SDKInterceptorsPluginKt$setupRequestInterception$1.invoke(SourceFile:1)
06-17 19:44:55.414 W/System.err(10456): 	at tech.gtt.frontapp.servicesdk.common.network.interceptor.SDKInterceptorsPluginKt$setupRequestInterception$1.invoke(SourceFile:2)
06-17 19:44:55.414 W/System.err(10456): 	at io.ktor.util.pipeline.DebugPipelineContext.proceedLoop(SourceFile:86)
06-17 19:44:55.414 W/System.err(10456): 	at io.ktor.util.pipeline.DebugPipelineContext.proceed(SourceFile:26)
06-17 19:44:55.414 W/System.err(10456): 	at io.ktor.client.plugins.RequestError$install$1.invokeSuspend(SourceFile:47)
06-17 19:44:55.414 W/System.err(10456): 	at io.ktor.client.plugins.RequestError$install$1.invoke(SourceFile:1)
06-17 19:44:55.414 W/System.err(10456): 	at io.ktor.client.plugins.RequestError$install$1.invoke(SourceFile:2)
06-17 19:44:55.414 W/System.err(10456): 	at io.ktor.util.pipeline.DebugPipelineContext.proceedLoop(SourceFile:86)
06-17 19:44:55.414 W/System.err(10456): 	at io.ktor.util.pipeline.DebugPipelineContext.proceed(SourceFile:26)
06-17 19:44:55.414 W/System.err(10456): 	at io.ktor.client.plugins.SetupRequestContext$install$1.invokeSuspend$proceed(SourceFile:1)
06-17 19:44:55.414 W/System.err(10456): 	at io.ktor.client.plugins.SetupRequestContext$install$1.access$invokeSuspend$proceed(SourceFile:1)
06-17 19:44:55.414 W/System.err(10456): 	at io.ktor.client.plugins.SetupRequestContext$install$1$1.invoke(SourceFile:2)
06-17 19:44:55.414 W/System.err(10456): 	at io.ktor.client.plugins.SetupRequestContext$install$1$1.invoke(SourceFile:1)
06-17 19:44:55.414 W/System.err(10456): 	at io.ktor.client.plugins.HttpRequestLifecycleKt$HttpRequestLifecycle$1$1.invokeSuspend(SourceFile:78)
06-17 19:44:55.414 W/System.err(10456): 	at io.ktor.client.plugins.HttpRequestLifecycleKt$HttpRequestLifecycle$1$1.invoke(SourceFile:1)
06-17 19:44:55.414 W/System.err(10456): 	at io.ktor.client.plugins.HttpRequestLifecycleKt$HttpRequestLifecycle$1$1.invoke(SourceFile:2)
06-17 19:44:55.414 W/System.err(10456): 	at io.ktor.client.plugins.SetupRequestContext$install$1.invokeSuspend(SourceFile:42)
