06-17 19:44:57.638 D/SurfaceUtils( 1809): disconnecting from surface 0xf0800018, reason onConfigure
06-17 19:44:57.639 D/SurfaceUtils( 1809): connecting to surface 0xf0800018, reason connectToSurface
06-17 19:44:57.640 I/MediaCodec( 1809): [OMX.google.h264.decoder] setting surface generation to 1852426
06-17 19:44:57.640 D/SurfaceUtils( 1809): disconnecting from surface 0xf0800018, reason connectToSurface(reconnect)
06-17 19:44:57.640 D/SurfaceUtils( 1809): connecting to surface 0xf0800018, reason connectToSurface(reconnect)
06-17 19:44:57.640 E/OMXNodeInstance( 1812): setConfig(0xe6d40da0:google.aac.decoder, ConfigPriority(0x6f800002)) ERROR: Undefined(0x80001001)
06-17 19:44:57.641 I/ACodec  ( 1809): codec does not support config priority (err -2147483648)
06-17 19:44:57.642 E/OMXNodeInstance( 1812): getExtensionIndex(0xe6d40390:google.h264.decoder, OMX.google.android.index.enableAndroidNativeBuffers) ERROR: UnsupportedIndex(0x8000101a)
06-17 19:44:57.642 E/OMXNodeInstance( 1812): getConfig(0xe6d40da0:google.aac.decoder, ConfigAndroidVendorExtension(0x6f100004)) ERROR: Undefined(0x80001001)
06-17 19:44:57.642 E/ACodec  ( 1809): [OMX.google.h264.decoder] setPortMode on output to DynamicANWBuffer failed w/ err -1010
06-17 19:44:57.645 E/OMXNodeInstance( 1812): getParameter(0xe6d40390:google.h264.decoder, ??(0x6f600011)) ERROR: UnsupportedIndex(0x8000101a)
06-17 19:44:57.645 W/OMXNodeInstance( 1812): [0xe6d40390:google.h264.decoder] component does not support metadata mode; using fallback
06-17 19:44:57.645 D/SoftVideoDecoderOMXComponent( 1812): Color Aspects preference: 1 
06-17 19:44:57.645 E/OMXNodeInstance( 1812): setConfig(0xe6d40390:google.h264.decoder, ConfigPriority(0x6f800002)) ERROR: UnsupportedIndex(0x8000101a)
06-17 19:44:57.645 I/ACodec  ( 1809): codec does not support config priority (err -1010)
06-17 19:44:57.645 E/OMXNodeInstance( 1812): setConfig(0xe6d40390:google.h264.decoder, ConfigOperatingRate(0x6f800003)) ERROR: UnsupportedIndex(0x8000101a)
06-17 19:44:57.645 I/ACodec  ( 1809): codec does not support config operating rate (err -1010)
06-17 19:44:57.645 D/SoftAAC2( 1812): get OMX_IndexParamAudioAndroidAacDrcPresentation
06-17 19:44:57.645 E/OMXNodeInstance( 1812): getConfig(0xe6d40390:google.h264.decoder, ConfigAndroidVendorExtension(0x6f100004)) ERROR: UnsupportedIndex(0x8000101a)
06-17 19:44:57.646 I/MediaCodec( 1809): MediaCodec will operate in async mode
06-17 19:44:57.646 D/MediaCodec( 1809): keep callback message for reclaim
06-17 19:44:57.646 E/OMXNodeInstance( 1812): getConfig(0xe6d40390:google.h264.decoder, ??(0x7f000003)) ERROR: UnsupportedSetting(0x80001019)
06-17 19:44:57.647 I/MediaCodec( 1809): MediaCodec will operate in async mode
06-17 19:44:57.647 D/MediaCodec( 1809): keep callback message for reclaim
06-17 19:44:57.652 W/ResourceManagerService( 1809): Ignoring request to add new resource entry with value <= 0
06-17 19:44:57.653 D/SoftVideoDecoderOMXComponent( 1812): Color Aspects preference: 1 
06-17 19:44:57.654 E/OMXNodeInstance( 1812): getConfig(0xe6d40390:google.h264.decoder, ??(0x7f000003)) ERROR: UnsupportedSetting(0x80001019)
06-17 19:44:57.656 I/SoftAAC2( 1812): Reconfiguring decoder: 0->44100 Hz, 0->1 channels
06-17 19:44:57.657 D/SoftAAC2( 1812): get OMX_IndexParamAudioAndroidAacDrcPresentation
06-17 19:44:57.665 D/AudioFlinger( 1776): Client defaulted notificationFrames to 11286 for frameCount 22572
06-17 19:44:57.667 D/AF::TrackHandle( 1776): OpPlayAudio: track:66 usage:1 not muted
06-17 19:44:57.700 D/MediaCodec( 1809): [OMX.google.h264.decoder] setting dataspace on output surface to #102
06-17 19:44:57.713 W/MediaPlayerNative(10456): info/warning (3, 0)
06-17 19:44:57.713 D/gralloc_nox( 1767): gralloc_alloc: Creating ashmem region of size 589824
06-17 19:44:57.720 D/SoftwareRenderer( 1809): setting dataspace on output surface to #8000102
06-17 19:44:57.721 D/gralloc_nox( 1767): gralloc_alloc: Creating ashmem region of size 589824
06-17 19:44:57.784 D/AudioFlinger( 1776): mixer(0x7e14b2cf8a60) throttle end: throttle time(40)
06-17 19:44:57.786 W/InputManager-JNI( 1936): Input channel object '279c7a9 tech.gtt.frontapp.stb.demo/tech.gtt.frontapp.stb.m.home.activity.SplashActivity (client)' was disposed without first being removed with the input manager!
06-17 19:44:57.805 D/UIAutomatorStub(10402): URI: /jsonrpc/0, Method: POST, params, {NanoHttpd.QUERY_STRING=null}, files: {postData={"jsonrpc": "2.0", "id": 1, "method": "waitForExists", "params": [{"mask": 2097152, "childOrSibling": [], "childOrSiblingSelector": [], "resourceId": "tech.gtt.frontapp.stb.demo:id/account_login_tv2"}, 20000]}}
06-17 19:44:57.806 D/UiDevice(10402): Waiting 20000ms for SearchCondition[hasObject=BySelector [RES='\Qtech.gtt.frontapp.stb.demo:id/account_login_tv2\E']].
06-17 19:44:57.806 D/UiDevice(10402): Searching for node with selector: BySelector [RES='\Qtech.gtt.frontapp.stb.demo:id/account_login_tv2\E'].
06-17 19:44:57.807 W/QueryController(10402): Could not detect idle state.
06-17 19:44:57.878 V/GSK-APIS(10456): received response >>> id: 691aed36 url: https://gtt-app-apigateway-lion.vdemosit.com/api/enduser/messagecenter/message/query/v1 statusCode: 400, exception: null
06-17 19:44:57.878 I/System.out(10456): [SDKInterceptorPlugin] Unhandled exception in request processing: Something went wrong while connecting to the server, statusCode: 400
06-17 19:44:57.913 D/UiDevice(10402): Searching for node with selector: BySelector [RES='\Qtech.gtt.frontapp.stb.demo:id/account_login_tv2\E'].
06-17 19:44:57.914 W/QueryController(10402): Could not detect idle state.
06-17 19:44:58.020 D/UiDevice(10402): Searching for node with selector: BySelector [RES='\Qtech.gtt.frontapp.stb.demo:id/account_login_tv2\E'].
06-17 19:44:58.020 W/QueryController(10402): Could not detect idle state.
06-17 19:44:58.128 D/UiDevice(10402): Searching for node with selector: BySelector [RES='\Qtech.gtt.frontapp.stb.demo:id/account_login_tv2\E'].
06-17 19:44:58.130 W/QueryController(10402): Could not detect idle state.
06-17 19:44:58.237 D/UiDevice(10402): Searching for node with selector: BySelector [RES='\Qtech.gtt.frontapp.stb.demo:id/account_login_tv2\E'].
06-17 19:44:58.239 W/QueryController(10402): Could not detect idle state.
06-17 19:44:58.349 D/UiDevice(10402): Searching for node with selector: BySelector [RES='\Qtech.gtt.frontapp.stb.demo:id/account_login_tv2\E'].
06-17 19:44:58.349 W/QueryController(10402): Could not detect idle state.
06-17 19:44:58.453 D/UiDevice(10402): Searching for node with selector: BySelector [RES='\Qtech.gtt.frontapp.stb.demo:id/account_login_tv2\E'].
06-17 19:44:58.453 W/QueryController(10402): Could not detect idle state.
06-17 19:44:58.559 D/UiDevice(10402): Searching for node with selector: BySelector [RES='\Qtech.gtt.frontapp.stb.demo:id/account_login_tv2\E'].
06-17 19:44:58.559 W/QueryController(10402): Could not detect idle state.
06-17 19:44:58.662 D/UiDevice(10402): Searching for node with selector: BySelector [RES='\Qtech.gtt.frontapp.stb.demo:id/account_login_tv2\E'].
06-17 19:44:58.663 W/QueryController(10402): Could not detect idle state.
06-17 19:44:58.767 D/UiDevice(10402): Searching for node with selector: BySelector [RES='\Qtech.gtt.frontapp.stb.demo:id/account_login_tv2\E'].
06-17 19:44:58.768 W/QueryController(10402): Could not detect idle state.
06-17 19:44:58.875 D/UiDevice(10402): Searching for node with selector: BySelector [RES='\Qtech.gtt.frontapp.stb.demo:id/account_login_tv2\E'].
06-17 19:44:58.876 W/QueryController(10402): Could not detect idle state.
06-17 19:44:58.991 D/UiDevice(10402): Searching for node with selector: BySelector [RES='\Qtech.gtt.frontapp.stb.demo:id/account_login_tv2\E'].
06-17 19:44:58.992 W/QueryController(10402): Could not detect idle state.
06-17 19:44:59.095 D/UiDevice(10402): Searching for node with selector: BySelector [RES='\Qtech.gtt.frontapp.stb.demo:id/account_login_tv2\E'].
06-17 19:44:59.096 W/QueryController(10402): Could not detect idle state.
06-17 19:44:59.200 D/UiDevice(10402): Searching for node with selector: BySelector [RES='\Qtech.gtt.frontapp.stb.demo:id/account_login_tv2\E'].
06-17 19:44:59.200 W/QueryController(10402): Could not detect idle state.
06-17 19:44:59.303 D/UiDevice(10402): Searching for node with selector: BySelector [RES='\Qtech.gtt.frontapp.stb.demo:id/account_login_tv2\E'].
06-17 19:44:59.304 W/QueryController(10402): Could not detect idle state.
06-17 19:44:59.410 D/UiDevice(10402): Searching for node with selector: BySelector [RES='\Qtech.gtt.frontapp.stb.demo:id/account_login_tv2\E'].
06-17 19:44:59.412 W/QueryController(10402): Could not detect idle state.
06-17 19:44:59.526 D/UiDevice(10402): Searching for node with selector: BySelector [RES='\Qtech.gtt.frontapp.stb.demo:id/account_login_tv2\E'].
06-17 19:44:59.526 W/QueryController(10402): Could not detect idle state.
06-17 19:44:59.631 D/UiDevice(10402): Searching for node with selector: BySelector [RES='\Qtech.gtt.frontapp.stb.demo:id/account_login_tv2\E'].
06-17 19:44:59.633 W/QueryController(10402): Could not detect idle state.
06-17 19:44:59.745 D/UiDevice(10402): Searching for node with selector: BySelector [RES='\Qtech.gtt.frontapp.stb.demo:id/account_login_tv2\E'].
06-17 19:44:59.749 W/QueryController(10402): Could not detect idle state.
06-17 19:44:59.857 D/UiDevice(10402): Searching for node with selector: BySelector [RES='\Qtech.gtt.frontapp.stb.demo:id/account_login_tv2\E'].
06-17 19:44:59.857 W/QueryController(10402): Could not detect idle state.
06-17 19:44:59.960 D/UiDevice(10402): Searching for node with selector: BySelector [RES='\Qtech.gtt.frontapp.stb.demo:id/account_login_tv2\E'].
06-17 19:44:59.960 W/QueryController(10402): Could not detect idle state.
06-17 19:45:00.065 D/UiDevice(10402): Searching for node with selector: BySelector [RES='\Qtech.gtt.frontapp.stb.demo:id/account_login_tv2\E'].
06-17 19:45:00.065 W/QueryController(10402): Could not detect idle state.
06-17 19:45:00.171 D/UiDevice(10402): Searching for node with selector: BySelector [RES='\Qtech.gtt.frontapp.stb.demo:id/account_login_tv2\E'].
06-17 19:45:00.172 W/QueryController(10402): Could not detect idle state.
06-17 19:45:00.276 D/UiDevice(10402): Searching for node with selector: BySelector [RES='\Qtech.gtt.frontapp.stb.demo:id/account_login_tv2\E'].
06-17 19:45:00.278 W/QueryController(10402): Could not detect idle state.
06-17 19:45:00.384 D/UiDevice(10402): Searching for node with selector: BySelector [RES='\Qtech.gtt.frontapp.stb.demo:id/account_login_tv2\E'].
06-17 19:45:00.384 W/QueryController(10402): Could not detect idle state.
06-17 19:45:00.489 D/UiDevice(10402): Searching for node with selector: BySelector [RES='\Qtech.gtt.frontapp.stb.demo:id/account_login_tv2\E'].
06-17 19:45:00.489 W/QueryController(10402): Could not detect idle state.
06-17 19:45:00.595 D/UiDevice(10402): Searching for node with selector: BySelector [RES='\Qtech.gtt.frontapp.stb.demo:id/account_login_tv2\E'].
06-17 19:45:00.596 W/QueryController(10402): Could not detect idle state.
06-17 19:45:00.703 D/UiDevice(10402): Searching for node with selector: BySelector [RES='\Qtech.gtt.frontapp.stb.demo:id/account_login_tv2\E'].
06-17 19:45:00.705 W/QueryController(10402): Could not detect idle state.
06-17 19:45:00.785 E/TaskPersister( 1936): File error accessing recents directory (directory doesn't exist?).
06-17 19:45:00.820 D/UiDevice(10402): Searching for node with selector: BySelector [RES='\Qtech.gtt.frontapp.stb.demo:id/account_login_tv2\E'].
06-17 19:45:00.821 W/QueryController(10402): Could not detect idle state.
06-17 19:45:00.935 D/UiDevice(10402): Searching for node with selector: BySelector [RES='\Qtech.gtt.frontapp.stb.demo:id/account_login_tv2\E'].
06-17 19:45:00.935 W/QueryController(10402): Could not detect idle state.
06-17 19:45:01.038 D/UiDevice(10402): Searching for node with selector: BySelector [RES='\Qtech.gtt.frontapp.stb.demo:id/account_login_tv2\E'].
06-17 19:45:01.038 W/QueryController(10402): Could not detect idle state.
06-17 19:45:01.108 W/System  ( 1936): A resource failed to call close. 
06-17 19:45:01.108 W/System  ( 1936): A resource failed to call release. 
06-17 19:45:01.141 D/UiDevice(10402): Searching for node with selector: BySelector [RES='\Qtech.gtt.frontapp.stb.demo:id/account_login_tv2\E'].
06-17 19:45:01.142 W/QueryController(10402): Could not detect idle state.
06-17 19:45:01.247 D/UiDevice(10402): Searching for node with selector: BySelector [RES='\Qtech.gtt.frontapp.stb.demo:id/account_login_tv2\E'].
06-17 19:45:01.247 W/QueryController(10402): Could not detect idle state.
06-17 19:45:01.351 D/UiDevice(10402): Searching for node with selector: BySelector [RES='\Qtech.gtt.frontapp.stb.demo:id/account_login_tv2\E'].
06-17 19:45:01.352 W/QueryController(10402): Could not detect idle state.
06-17 19:45:01.455 D/UiDevice(10402): Searching for node with selector: BySelector [RES='\Qtech.gtt.frontapp.stb.demo:id/account_login_tv2\E'].
06-17 19:45:01.456 W/QueryController(10402): Could not detect idle state.
06-17 19:45:01.531 D/gralloc_nox( 1767): gralloc_alloc: Creating ashmem region of size 589824
06-17 19:45:01.566 D/UiDevice(10402): Searching for node with selector: BySelector [RES='\Qtech.gtt.frontapp.stb.demo:id/account_login_tv2\E'].
06-17 19:45:01.569 W/QueryController(10402): Could not detect idle state.
06-17 19:45:01.673 D/UiDevice(10402): Searching for node with selector: BySelector [RES='\Qtech.gtt.frontapp.stb.demo:id/account_login_tv2\E'].
06-17 19:45:01.673 W/QueryController(10402): Could not detect idle state.
06-17 19:45:01.724 I/keystore2( 1710): keystore2::watchdog: Watchdog thread idle -> terminating. Have a great day.
06-17 19:45:01.776 D/UiDevice(10402): Searching for node with selector: BySelector [RES='\Qtech.gtt.frontapp.stb.demo:id/account_login_tv2\E'].
06-17 19:45:01.777 W/QueryController(10402): Could not detect idle state.
06-17 19:45:01.882 D/UiDevice(10402): Searching for node with selector: BySelector [RES='\Qtech.gtt.frontapp.stb.demo:id/account_login_tv2\E'].
06-17 19:45:01.883 W/QueryController(10402): Could not detect idle state.
06-17 19:45:01.901 D/AudioTrack( 1809): stop(18): called with 200704 frames delivered
06-17 19:45:01.987 D/UiDevice(10402): Searching for node with selector: BySelector [RES='\Qtech.gtt.frontapp.stb.demo:id/account_login_tv2\E'].
06-17 19:45:01.988 W/QueryController(10402): Could not detect idle state.
06-17 19:45:02.091 D/UiDevice(10402): Searching for node with selector: BySelector [RES='\Qtech.gtt.frontapp.stb.demo:id/account_login_tv2\E'].
06-17 19:45:02.091 W/QueryController(10402): Could not detect idle state.
06-17 19:45:02.196 D/UiDevice(10402): Searching for node with selector: BySelector [RES='\Qtech.gtt.frontapp.stb.demo:id/account_login_tv2\E'].
06-17 19:45:02.196 W/QueryController(10402): Could not detect idle state.
06-17 19:45:02.300 D/UiDevice(10402): Searching for node with selector: BySelector [RES='\Qtech.gtt.frontapp.stb.demo:id/account_login_tv2\E'].
06-17 19:45:02.301 W/QueryController(10402): Could not detect idle state.
06-17 19:45:02.342 D/NuPlayerDriver( 1809): stop(0xf5c01210)
06-17 19:45:02.343 V/MediaPlayer(10456): resetDrmState:  mDrmInfo=null mDrmProvisioningThread=null mPrepareDrmInProgress=false mActiveDrmScheme=false
06-17 19:45:02.343 V/MediaPlayer(10456): cleanDrmObj: mDrmObj=null mDrmSessionId=null
06-17 19:45:02.343 D/NuPlayerDriver( 1809): reset(0xf5c01210) at state 8
06-17 19:45:02.347 D/SurfaceUtils( 1809): disconnecting from surface 0xf0800018, reason disconnectFromSurface
06-17 19:45:02.349 D/SurfaceUtils( 1809): connecting to surface 0xf0800018, reason onShutdown
06-17 19:45:02.351 D/NuPlayerDriver( 1809): notifyResetComplete(0xf5c01210)
06-17 19:45:02.351 D/SurfaceUtils( 1809): disconnecting from surface 0xf0803278, reason disconnectNativeWindow
06-17 19:45:02.351 W/AMessage( 1809): failed to post message as target looper for handler 0 is gone.
06-17 19:45:02.352 I/MediaFocusControl( 1936): abandonAudioFocus() from uid/pid 10058/10456 clientId=android.media.AudioManager@1be4bcd
06-17 19:45:02.353 I/ActivityTaskManager( 1936): START u0 {cmp=tech.gtt.frontapp.stb.demo/tech.gtt.frontapp.stb.m.account.activity.LoginMethodSwitchActivity (has extras)} from uid 10058
06-17 19:45:02.354 D/CompatibilityChangeReporter( 1936): Compat change id reported: 174042980; UID 10058; state: DISABLED
06-17 19:45:02.355 D/CompatibilityChangeReporter( 1936): Compat change id reported: 184838306; UID 10058; state: DISABLED
06-17 19:45:02.355 D/CompatibilityChangeReporter( 1936): Compat change id reported: 185004937; UID 10058; state: DISABLED
06-17 19:45:02.355 D/CompatibilityChangeReporter( 1936): Compat change id reported: 181136395; UID 10058; state: DISABLED
06-17 19:45:02.355 D/CompatibilityChangeReporter( 1936): Compat change id reported: 174042936; UID 10058; state: DISABLED
06-17 19:45:02.356 D/CompatibilityChangeReporter( 1936): Compat change id reported: 197654537; UID 10058; state: ENABLED
06-17 19:45:02.357 D/CompatibilityChangeReporter( 1936): Compat change id reported: 168419799; UID 10058; state: DISABLED
06-17 19:45:02.361 I/MediaFocusControl( 1936): abandonAudioFocus() from uid/pid 10058/10456 clientId=android.media.AudioManager@1be4bcd
06-17 19:45:02.362 W/MediaPlayer(10456): mediaplayer went away with unhandled events
06-17 19:45:02.368 W/ActivityTaskManager( 1936): Tried to set launchTime (0) < mLastActivityLaunchTime (3593967)
06-17 19:45:02.379 D/AndroidAutoSize(10456): tech.gtt.frontapp.stb.m.account.activity.LoginMethodSwitchActivity used the global configuration.
06-17 19:45:02.379 D/AndroidAutoSize(10456): The tech.gtt.frontapp.stb.m.account.activity.LoginMethodSwitchActivity has been adapted! 
06-17 19:45:02.379 D/AndroidAutoSize(10456): LoginMethodSwitchActivity Info: isBaseOnWidth = true, designWidthInDp = 1920.000000, designWidthInSubunits = 1920.000000, targetDensity = 1.000000, targetScaledDensity = 1.000000, targetDensityDpi = 160, targetXdpi = 1.000000, targetScreenWidthDp = 1920, targetScreenHeightDp = 1032
06-17 19:45:02.404 D/UiDevice(10402): Searching for node with selector: BySelector [RES='\Qtech.gtt.frontapp.stb.demo:id/account_login_tv2\E'].
06-17 19:45:02.404 W/QueryController(10402): Could not detect idle state.
06-17 19:45:02.407 D/AndroidAutoSize(10456): tech.gtt.frontapp.stb.m.account.activity.LoginMethodSwitchActivity used the global configuration.
06-17 19:45:02.407 D/AndroidAutoSize(10456): The tech.gtt.frontapp.stb.m.account.activity.LoginMethodSwitchActivity has been adapted! 
06-17 19:45:02.407 D/AndroidAutoSize(10456): LoginMethodSwitchActivity Info: isBaseOnWidth = true, designWidthInDp = 1920.000000, designWidthInSubunits = 1920.000000, targetDensity = 1.000000, targetScaledDensity = 1.000000, targetDensityDpi = 160, targetXdpi = 1.000000, targetScreenWidthDp = 1920, targetScreenHeightDp = 1032
06-17 19:45:02.410 W/WindowManager( 1936): Failed looking up window session=Session{b4de8e2 10456:u0a10058} callers=com.android.server.wm.WindowManagerService.windowForClientLocked:5850 com.android.server.wm.Session.updateRequestedVisibilities:640 android.view.IWindowSession$Stub.onTransact:1175 
06-17 19:45:02.420 D/gralloc_nox( 1767): gralloc_alloc: Creating ashmem region of size 8298496
06-17 19:45:02.439 D/gralloc_nox( 1767): gralloc_alloc: Creating ashmem region of size 8298496
06-17 19:45:02.450 D/ProcessState(10857): Binder ioctl to enable oneway spam detection failed: Invalid argument
06-17 19:45:02.461 D/gralloc_nox( 1767): gralloc_alloc: Creating ashmem region of size 8298496
06-17 19:45:02.506 E/libEGL  (10456): called unimplemented OpenGL ES API
06-17 19:45:02.521 I/ActivityTaskManager( 1936): Displayed tech.gtt.frontapp.stb.demo/tech.gtt.frontapp.stb.m.account.activity.LoginMethodSwitchActivity: +167ms
06-17 19:45:02.600 D/UIAutomatorStub(10402): URI: /jsonrpc/0, Method: POST, params, {NanoHttpd.QUERY_STRING=null}, files: {postData={"jsonrpc": "2.0", "id": 1, "method": "objInfo", "params": [{"mask": 2097152, "childOrSibling": [], "childOrSiblingSelector": [], "resourceId": "tech.gtt.frontapp.stb.demo:id/account_login_tv2"}]}}
06-17 19:45:02.601 D/UiDevice(10402): Retrieving node with selector: BySelector [RES='\Qtech.gtt.frontapp.stb.demo:id/account_login_tv2\E'].
06-17 19:45:02.602 W/QueryController(10402): Could not detect idle state.
06-17 19:45:02.605 W/QueryController(10402): Could not detect idle state.
06-17 19:45:02.606 W/QueryController(10402): Could not detect idle state.
06-17 19:45:02.608 W/QueryController(10402): Could not detect idle state.
06-17 19:45:02.610 W/QueryController(10402): Could not detect idle state.
06-17 19:45:02.613 W/QueryController(10402): Could not detect idle state.
06-17 19:45:02.616 W/QueryController(10402): Could not detect idle state.
06-17 19:45:02.618 W/QueryController(10402): Could not detect idle state.
06-17 19:45:02.619 W/QueryController(10402): Could not detect idle state.
06-17 19:45:02.619 W/QueryController(10402): Could not detect idle state.
06-17 19:45:02.620 W/QueryController(10402): Could not detect idle state.
06-17 19:45:02.621 W/QueryController(10402): Could not detect idle state.
06-17 19:45:02.622 W/QueryController(10402): Could not detect idle state.
06-17 19:45:02.623 W/QueryController(10402): Could not detect idle state.
06-17 19:45:02.625 W/QueryController(10402): Could not detect idle state.
06-17 19:45:02.627 W/QueryController(10402): Could not detect idle state.
06-17 19:45:02.633 W/QueryController(10402): Could not detect idle state.
06-17 19:45:02.634 W/QueryController(10402): Could not detect idle state.
06-17 19:45:02.664 D/UIAutomatorStub(10402): URI: /jsonrpc/0, Method: POST, params, {NanoHttpd.QUERY_STRING=null}, files: {postData={"jsonrpc": "2.0", "id": 1, "method": "click", "params": [1390.0, 559.0]}}
06-17 19:45:02.736 W/InputManager-JNI( 1936): Input channel object '956b403 tech.gtt.frontapp.stb.demo/tech.gtt.frontapp.stb.m.home.activity.LoadingActivity (client)' was disposed without first being removed with the input manager!
06-17 19:45:02.846 I/ActivityTaskManager( 1936): START u0 {cmp=tech.gtt.frontapp.stb.demo/tech.gtt.frontapp.stb.m.account.activity.LoginActivity} from uid 10058
06-17 19:45:02.851 W/ActivityTaskManager( 1936): Tried to set launchTime (0) < mLastActivityLaunchTime (3599046)
06-17 19:45:02.858 D/AndroidAutoSize(10456): tech.gtt.frontapp.stb.m.account.activity.LoginActivity used the global configuration.
06-17 19:45:02.859 D/AndroidAutoSize(10456): The tech.gtt.frontapp.stb.m.account.activity.LoginActivity has been adapted! 
06-17 19:45:02.859 D/AndroidAutoSize(10456): LoginActivity Info: isBaseOnWidth = true, designWidthInDp = 1920.000000, designWidthInSubunits = 1920.000000, targetDensity = 1.000000, targetScaledDensity = 1.000000, targetDensityDpi = 160, targetXdpi = 1.000000, targetScreenWidthDp = 1920, targetScreenHeightDp = 1032
06-17 19:45:02.885 D/UIAutomatorStub(10402): URI: /jsonrpc/0, Method: POST, params, {NanoHttpd.QUERY_STRING=null}, files: {postData={"jsonrpc": "2.0", "id": 1, "method": "waitForExists", "params": [{"mask": 2097152, "childOrSibling": [], "childOrSiblingSelector": [], "resourceId": "tech.gtt.frontapp.stb.demo:id/loginf_et_username"}, 20000]}}
06-17 19:45:02.886 D/UiDevice(10402): Waiting 20000ms for SearchCondition[hasObject=BySelector [RES='\Qtech.gtt.frontapp.stb.demo:id/loginf_et_username\E']].
06-17 19:45:02.886 D/UiDevice(10402): Searching for node with selector: BySelector [RES='\Qtech.gtt.frontapp.stb.demo:id/loginf_et_username\E'].
06-17 19:45:02.886 W/QueryController(10402): Could not detect idle state.
06-17 19:45:02.916 D/AndroidAutoSize(10456): tech.gtt.frontapp.stb.m.account.activity.LoginActivity used the global configuration.
06-17 19:45:02.916 D/AndroidAutoSize(10456): The tech.gtt.frontapp.stb.m.account.activity.LoginActivity has been adapted! 
06-17 19:45:02.916 D/AndroidAutoSize(10456): LoginActivity Info: isBaseOnWidth = true, designWidthInDp = 1920.000000, designWidthInSubunits = 1920.000000, targetDensity = 1.000000, targetScaledDensity = 1.000000, targetDensityDpi = 160, targetXdpi = 1.000000, targetScreenWidthDp = 1920, targetScreenHeightDp = 1032
06-17 19:45:02.919 W/WindowManager( 1936): Failed looking up window session=Session{b4de8e2 10456:u0a10058} callers=com.android.server.wm.WindowManagerService.windowForClientLocked:5850 com.android.server.wm.Session.updateRequestedVisibilities:640 android.view.IWindowSession$Stub.onTransact:1175 
06-17 19:45:02.939 D/gralloc_nox( 1767): gralloc_alloc: Creating ashmem region of size 8298496
06-17 19:45:02.956 D/gralloc_nox( 1767): gralloc_alloc: Creating ashmem region of size 8298496
06-17 19:45:02.972 D/gralloc_nox( 1767): gralloc_alloc: Creating ashmem region of size 8298496
06-17 19:45:02.974 D/ProcessState(10869): Binder ioctl to enable oneway spam detection failed: Invalid argument
06-17 19:45:03.048 W/ByMatcher(10402): Node returned null child: android.view.accessibility.AccessibilityNodeInfo@11b87; boundsInParent: Rect(0, 0 - 807, 364); boundsInScreen: Rect(120, 358 - 927, 722); packageName: tech.gtt.frontapp.stb.demo; className: android.widget.LinearLayout; text: null; error: null; maxTextLength: -1; stateDescription: null; contentDescription: null; tooltipText: null; viewIdResName: null; checkable: false; checked: false; focusable: false; focused: false; selected: false; clickable: false; longClickable: false; contextClickable: false; enabled: true; password: false; scrollable: false; importantForAccessibility: false; visible: true; actions: [AccessibilityAction: ACTION_SELECT - null, AccessibilityAction: ACTION_CLEAR_SELECTION - null, AccessibilityAction: ACTION_ACCESSIBILITY_FOCUS - null, AccessibilityAction: ACTION_SHOW_ON_SCREEN - null]
06-17 19:45:03.048 W/ByMatcher(10402): Skipping null child (1 of 3)
06-17 19:45:03.049 W/ByMatcher(10402): Skipping null child (2 of 3)
06-17 19:45:03.049 W/ByMatcher(10402): Node returned null child: android.view.accessibility.AccessibilityNodeInfo@11405; boundsInParent: Rect(0, 0 - 1920, 1080); boundsInScreen: Rect(0, 0 - 1920, 1080); packageName: tech.gtt.frontapp.stb.demo; className: android.widget.RelativeLayout; text: null; error: null; maxTextLength: -1; stateDescription: null; contentDescription: null; tooltipText: null; viewIdResName: null; checkable: false; checked: false; focusable: false; focused: false; selected: false; clickable: false; longClickable: false; contextClickable: false; enabled: true; password: false; scrollable: false; importantForAccessibility: false; visible: true; actions: [AccessibilityAction: ACTION_SELECT - null, AccessibilityAction: ACTION_CLEAR_SELECTION - null, AccessibilityAction: ACTION_ACCESSIBILITY_FOCUS - null, AccessibilityAction: ACTION_SHOW_ON_SCREEN - null]
06-17 19:45:03.049 W/ByMatcher(10402): Skipping null child (1 of 3)
06-17 19:45:03.050 I/ActivityTaskManager( 1936): Displayed tech.gtt.frontapp.stb.demo/tech.gtt.frontapp.stb.m.account.activity.LoginActivity: +203ms
06-17 19:45:03.050 W/ByMatcher(10402): Skipping null child (2 of 3)
06-17 19:45:03.052 W/ByMatcher(10402): Node returned null child: android.view.accessibility.AccessibilityNodeInfo@80006ed9; boundsInParent: Rect(0, 0 - 1920, 1080); boundsInScreen: Rect(0, 0 - 1920, 1080); packageName: tech.gtt.frontapp.stb.demo; className: android.widget.FrameLayout; text: null; error: null; maxTextLength: -1; stateDescription: null; contentDescription: null; tooltipText: null; viewIdResName: null; checkable: false; checked: false; focusable: false; focused: false; selected: false; clickable: false; longClickable: false; contextClickable: false; enabled: true; password: false; scrollable: false; importantForAccessibility: true; visible: true; actions: [AccessibilityAction: ACTION_SELECT - null, AccessibilityAction: ACTION_CLEAR_SELECTION - null, AccessibilityAction: ACTION_ACCESSIBILITY_FOCUS - null, AccessibilityAction: ACTION_SHOW_ON_SCREEN - null]
06-17 19:45:03.052 W/ByMatcher(10402): Skipping null child (0 of 1)
06-17 19:45:03.153 D/UiDevice(10402): Searching for node with selector: BySelector [RES='\Qtech.gtt.frontapp.stb.demo:id/loginf_et_username\E'].
06-17 19:45:03.153 W/QueryController(10402): Could not detect idle state.
06-17 19:45:03.193 D/UIAutomatorStub(10402): URI: /jsonrpc/0, Method: POST, params, {NanoHttpd.QUERY_STRING=null}, files: {postData={"jsonrpc": "2.0", "id": 1, "method": "objInfo", "params": [{"mask": 2097152, "childOrSibling": [], "childOrSiblingSelector": [], "resourceId": "tech.gtt.frontapp.stb.demo:id/loginf_et_username"}]}}
06-17 19:45:03.194 D/UiDevice(10402): Retrieving node with selector: BySelector [RES='\Qtech.gtt.frontapp.stb.demo:id/loginf_et_username\E'].
06-17 19:45:03.195 W/QueryController(10402): Could not detect idle state.
06-17 19:45:03.199 W/QueryController(10402): Could not detect idle state.
06-17 19:45:03.200 W/QueryController(10402): Could not detect idle state.
06-17 19:45:03.201 W/QueryController(10402): Could not detect idle state.
06-17 19:45:03.202 W/QueryController(10402): Could not detect idle state.
06-17 19:45:03.203 W/QueryController(10402): Could not detect idle state.
06-17 19:45:03.204 W/QueryController(10402): Could not detect idle state.
06-17 19:45:03.204 W/QueryController(10402): Could not detect idle state.
06-17 19:45:03.205 W/QueryController(10402): Could not detect idle state.
06-17 19:45:03.206 W/QueryController(10402): Could not detect idle state.
06-17 19:45:03.206 W/QueryController(10402): Could not detect idle state.
06-17 19:45:03.207 W/QueryController(10402): Could not detect idle state.
06-17 19:45:03.208 W/QueryController(10402): Could not detect idle state.
06-17 19:45:03.209 W/QueryController(10402): Could not detect idle state.
06-17 19:45:03.210 W/QueryController(10402): Could not detect idle state.
06-17 19:45:03.213 W/QueryController(10402): Could not detect idle state.
06-17 19:45:03.215 W/QueryController(10402): Could not detect idle state.
06-17 19:45:03.216 W/QueryController(10402): Could not detect idle state.
06-17 19:45:03.251 D/UIAutomatorStub(10402): URI: /jsonrpc/0, Method: POST, params, {NanoHttpd.QUERY_STRING=null}, files: {postData={"jsonrpc": "2.0", "id": 1, "method": "click", "params": [1057.0, 437.0]}}
06-17 19:45:03.308 W/SurfaceFlinger( 1779): couldn't log to binary event log: overflow.
06-17 19:45:03.334 W/BatteryExternalStatsWorker( 1936): error reading modem stats:ERROR_PHONE_NOT_AVAILABLE
06-17 19:45:03.335 W/KernelCpuProcStringReader( 1936): File not found. It's normal if not implemented: /proc/uid_time_in_state
06-17 19:45:03.335 W/KernelCpuProcStringReader( 1936): File not found. It's normal if not implemented: /proc/uid_concurrent_active_time
06-17 19:45:03.335 W/KernelCpuProcStringReader( 1936): File not found. It's normal if not implemented: /proc/uid_concurrent_policy_time
06-17 19:45:03.335 E/system_server( 1936): Cannot read thread CPU times for PID 1936
06-17 19:45:03.431 D/CompatibilityChangeReporter(10456): Compat change id reported: 163400105; UID 10058; state: ENABLED
06-17 19:45:03.431 D/InputMethodManager(10456): showSoftInput() view=tech.gtt.frontapp.stb.c.ui.edittext.EmailAutoCompleteTextView{5059958 VFED..CL. .F.P..ID 0,0-700,92 #7f0b02ce app:id/loginf_et_username aid=1073741824} flags=0 reason=SHOW_SOFT_INPUT
06-17 19:45:03.431 V/InputMethodService( 3034): onEvaluateInputViewShown: config.hardKeyboardHidden = 2
06-17 19:45:03.431 V/InputMethodService( 3034): onEvaluateInputViewShown: config.hardKeyboardHidden = 2
06-17 19:45:03.431 I/AdbKeyboard( 3034): imeAction: 5 Next
06-17 19:45:03.445 D/gralloc_nox( 1767): gralloc_alloc: Creating ashmem region of size 647168
06-17 19:45:03.468 D/gralloc_nox( 1767): gralloc_alloc: Creating ashmem region of size 647168
06-17 19:45:03.471 D/gralloc_nox( 1767): gralloc_alloc: Creating ashmem region of size 647168
06-17 19:45:03.475 D/UIAutomatorStub(10402): URI: /jsonrpc/0, Method: POST, params, {NanoHttpd.QUERY_STRING=null}, files: {postData={"jsonrpc": "2.0", "id": 1, "method": "waitForExists", "params": [{"mask": 2097152, "childOrSibling": [], "childOrSiblingSelector": [], "resourceId": "tech.gtt.frontapp.stb.demo:id/loginf_et_username"}, 20000]}}
06-17 19:45:03.479 D/UiDevice(10402): Waiting 20000ms for SearchCondition[hasObject=BySelector [RES='\Qtech.gtt.frontapp.stb.demo:id/loginf_et_username\E']].
06-17 19:45:03.479 D/UiDevice(10402): Searching for node with selector: BySelector [RES='\Qtech.gtt.frontapp.stb.demo:id/loginf_et_username\E'].
06-17 19:45:03.480 W/QueryController(10402): Could not detect idle state.
06-17 19:45:03.480 D/InsetsController(10456): show(ime(), fromIme=true)
06-17 19:45:03.482 D/ProcessState(10878): Binder ioctl to enable oneway spam detection failed: Invalid argument
06-17 19:45:03.483 E/SELinux ( 1566): avc:  denied  { find } for pid=10878 uid=0 name=settings scontext=u:r:init:s0 tcontext=u:object_r:settings_service:s0 tclass=service_manager permissive=1
06-17 19:45:03.534 D/UIAutomatorStub(10402): URI: /jsonrpc/0, Method: POST, params, {NanoHttpd.QUERY_STRING=null}, files: {postData={"jsonrpc": "2.0", "id": 1, "method": "setText", "params": [{"mask": 2097152, "childOrSibling": [], "childOrSiblingSelector": [], "resourceId": "tech.gtt.frontapp.stb.demo:id/loginf_et_username"}, "0609@ipwangxin.cn"]}}
06-17 19:45:03.534 D/UiDevice(10402): Retrieving node with selector: BySelector [RES='\Qtech.gtt.frontapp.stb.demo:id/loginf_et_username\E'].
06-17 19:45:03.535 W/QueryController(10402): Could not detect idle state.
06-17 19:45:03.537 W/QueryController(10402): Could not detect idle state.
06-17 19:45:03.538 D/UiObject2(10402): Clicking on (1057, 437).
06-17 19:45:03.552 D/InputMethodManager(10456): showSoftInput() view=tech.gtt.frontapp.stb.c.ui.edittext.EmailAutoCompleteTextView{5059958 VFED..CL. .F.P.... 0,0-700,92 #7f0b02ce app:id/loginf_et_username aid=1073741824} flags=0 reason=SHOW_SOFT_INPUT
06-17 19:45:03.553 V/InputMethodService( 3034): onEvaluateInputViewShown: config.hardKeyboardHidden = 2
06-17 19:45:03.553 V/InputMethodService( 3034): onEvaluateInputViewShown: config.hardKeyboardHidden = 2
06-17 19:45:03.554 D/InsetsController(10456): show(ime(), fromIme=true)
06-17 19:45:03.566 D/UiDevice(10402): Retrieving node with selector: BySelector [RES='\Qtech.gtt.frontapp.stb.demo:id/loginf_et_username\E'].
06-17 19:45:03.567 W/QueryController(10402): Could not detect idle state.
06-17 19:45:03.570 W/QueryController(10402): Could not detect idle state.
06-17 19:45:03.571 D/UiObject2(10402): Setting text to '0609@ipwangxin.cn'.
06-17 19:45:03.576 I/AdbKeyboard( 3034): imeAction: 5 Next
06-17 19:45:03.576 V/InputMethodService( 3034): onEvaluateInputViewShown: config.hardKeyboardHidden = 2
06-17 19:45:03.576 V/InputMethodService( 3034): onEvaluateInputViewShown: config.hardKeyboardHidden = 2
06-17 19:45:03.615 D/InsetsController(10456): show(ime(), fromIme=true)
06-17 19:45:03.630 D/UIAutomatorStub(10402): URI: /jsonrpc/0, Method: POST, params, {NanoHttpd.QUERY_STRING=null}, files: {postData={"jsonrpc": "2.0", "id": 1, "method": "waitForExists", "params": [{"mask": 2097152, "childOrSibling": [], "childOrSiblingSelector": [], "resourceId": "tech.gtt.frontapp.stb.demo:id/et_pwd"}, 20000]}}
06-17 19:45:03.632 D/UiDevice(10402): Waiting 20000ms for SearchCondition[hasObject=BySelector [RES='\Qtech.gtt.frontapp.stb.demo:id/et_pwd\E']].
06-17 19:45:03.632 D/UiDevice(10402): Searching for node with selector: BySelector [RES='\Qtech.gtt.frontapp.stb.demo:id/et_pwd\E'].
06-17 19:45:03.632 W/QueryController(10402): Could not detect idle state.
06-17 19:45:03.670 D/UIAutomatorStub(10402): URI: /jsonrpc/0, Method: POST, params, {NanoHttpd.QUERY_STRING=null}, files: {postData={"jsonrpc": "2.0", "id": 1, "method": "objInfo", "params": [{"mask": 2097152, "childOrSibling": [], "childOrSiblingSelector": [], "resourceId": "tech.gtt.frontapp.stb.demo:id/et_pwd"}]}}
06-17 19:45:03.675 D/UiDevice(10402): Retrieving node with selector: BySelector [RES='\Qtech.gtt.frontapp.stb.demo:id/et_pwd\E'].
06-17 19:45:03.676 W/QueryController(10402): Could not detect idle state.
06-17 19:45:03.689 W/QueryController(10402): Could not detect idle state.
06-17 19:45:03.692 W/QueryController(10402): Could not detect idle state.
06-17 19:45:03.695 W/QueryController(10402): Could not detect idle state.
06-17 19:45:03.699 W/QueryController(10402): Could not detect idle state.
06-17 19:45:03.701 W/QueryController(10402): Could not detect idle state.
06-17 19:45:03.703 W/QueryController(10402): Could not detect idle state.
06-17 19:45:03.705 W/QueryController(10402): Could not detect idle state.
06-17 19:45:03.707 W/QueryController(10402): Could not detect idle state.
06-17 19:45:03.709 W/QueryController(10402): Could not detect idle state.
06-17 19:45:03.710 W/QueryController(10402): Could not detect idle state.
06-17 19:45:03.712 W/QueryController(10402): Could not detect idle state.
06-17 19:45:03.715 W/QueryController(10402): Could not detect idle state.
06-17 19:45:03.716 W/QueryController(10402): Could not detect idle state.
06-17 19:45:03.717 W/QueryController(10402): Could not detect idle state.
06-17 19:45:03.718 W/QueryController(10402): Could not detect idle state.
06-17 19:45:03.719 W/QueryController(10402): Could not detect idle state.
06-17 19:45:03.719 W/QueryController(10402): Could not detect idle state.
06-17 19:45:03.731 W/NotificationHistory( 1936): Attempted to add notif for locked/gone/disabled user 0
06-17 19:45:03.737 D/InterruptionStateProvider( 2106): No bubble up: not allowed to bubble: -1|android|8|null|1000
06-17 19:45:03.738 D/InterruptionStateProvider( 2106): No heads up: unimportant notification: -1|android|8|null|1000
06-17 19:45:03.738 D/PeopleSpaceWidgetMgr( 2106): Sbn doesn't contain valid PeopleTileKey: null/-1/android
06-17 19:45:03.746 D/UIAutomatorStub(10402): URI: /jsonrpc/0, Method: POST, params, {NanoHttpd.QUERY_STRING=null}, files: {postData={"jsonrpc": "2.0", "id": 1, "method": "click", "params": [1057.0, 559.0]}}
06-17 19:45:03.776 D/InterruptionStateProvider( 2106): No bubble up: not allowed to bubble: -1|android|8|null|1000
06-17 19:45:03.778 D/InterruptionStateProvider( 2106): No heads up: unimportant notification: -1|android|8|null|1000
06-17 19:45:03.785 D/PeopleSpaceWidgetMgr( 2106): Sbn doesn't contain valid PeopleTileKey: null/-1/android
06-17 19:45:03.796 D/InterruptionStateProvider( 2106): No bubble up: not allowed to bubble: -1|android|8|null|1000
06-17 19:45:03.798 D/InterruptionStateProvider( 2106): No heads up: unimportant notification: -1|android|8|null|1000
06-17 19:45:03.803 D/PeopleSpaceWidgetMgr( 2106): Sbn doesn't contain valid PeopleTileKey: null/-1/android
06-17 19:45:03.864 I/AdbKeyboard( 3034): imeAction: 5 Next
06-17 19:45:03.865 V/InputMethodService( 3034): onEvaluateInputViewShown: config.hardKeyboardHidden = 2
06-17 19:45:03.865 V/InputMethodService( 3034): onEvaluateInputViewShown: config.hardKeyboardHidden = 2
06-17 19:45:03.865 D/InputMethodManager(10456): showSoftInput() view=tech.gtt.frontapp.stb.c.ui.edittext.NormalFocusEditText{b4e2b22 VFED..CL. .F.P..ID 0,0-700,92 #7f0b0172 app:id/et_pwd aid=1073741826} flags=0 reason=SHOW_SOFT_INPUT
06-17 19:45:03.865 V/InputMethodService( 3034): onEvaluateInputViewShown: config.hardKeyboardHidden = 2
06-17 19:45:03.865 V/InputMethodService( 3034): onEvaluateInputViewShown: config.hardKeyboardHidden = 2
06-17 19:45:03.881 D/InsetsController(10456): show(ime(), fromIme=true)
06-17 19:45:03.881 D/InsetsController(10456): show(ime(), fromIme=true)
06-17 19:45:03.920 D/UIAutomatorStub(10402): URI: /jsonrpc/0, Method: POST, params, {NanoHttpd.QUERY_STRING=null}, files: {postData={"jsonrpc": "2.0", "id": 1, "method": "waitForExists", "params": [{"mask": 2097152, "childOrSibling": [], "childOrSiblingSelector": [], "resourceId": "tech.gtt.frontapp.stb.demo:id/et_pwd"}, 20000]}}
06-17 19:45:03.921 D/UiDevice(10402): Waiting 20000ms for SearchCondition[hasObject=BySelector [RES='\Qtech.gtt.frontapp.stb.demo:id/et_pwd\E']].
06-17 19:45:03.921 D/UiDevice(10402): Searching for node with selector: BySelector [RES='\Qtech.gtt.frontapp.stb.demo:id/et_pwd\E'].
06-17 19:45:03.922 W/QueryController(10402): Could not detect idle state.
06-17 19:45:03.956 D/UIAutomatorStub(10402): URI: /jsonrpc/0, Method: POST, params, {NanoHttpd.QUERY_STRING=null}, files: {postData={"jsonrpc": "2.0", "id": 1, "method": "setText", "params": [{"mask": 2097152, "childOrSibling": [], "childOrSiblingSelector": [], "resourceId": "tech.gtt.frontapp.stb.demo:id/et_pwd"}, "123456"]}}
06-17 19:45:03.956 D/UiDevice(10402): Retrieving node with selector: BySelector [RES='\Qtech.gtt.frontapp.stb.demo:id/et_pwd\E'].
06-17 19:45:03.957 W/QueryController(10402): Could not detect idle state.
06-17 19:45:03.960 W/QueryController(10402): Could not detect idle state.
06-17 19:45:03.962 D/UiObject2(10402): Clicking on (1057, 559).
06-17 19:45:03.985 D/InputMethodManager(10456): showSoftInput() view=tech.gtt.frontapp.stb.c.ui.edittext.NormalFocusEditText{b4e2b22 VFED..CL. .F.P.... 0,0-700,92 #7f0b0172 app:id/et_pwd aid=1073741826} flags=0 reason=SHOW_SOFT_INPUT
06-17 19:45:03.985 V/InputMethodService( 3034): onEvaluateInputViewShown: config.hardKeyboardHidden = 2
06-17 19:45:03.985 V/InputMethodService( 3034): onEvaluateInputViewShown: config.hardKeyboardHidden = 2
06-17 19:45:03.986 D/InsetsController(10456): show(ime(), fromIme=true)
06-17 19:45:04.002 W/GestureController(10402): Gestures took longer than expected (39ms >> 16ms), device might be in a busy state.
06-17 19:45:04.002 D/UiDevice(10402): Retrieving node with selector: BySelector [RES='\Qtech.gtt.frontapp.stb.demo:id/et_pwd\E'].
06-17 19:45:04.002 W/QueryController(10402): Could not detect idle state.
06-17 19:45:04.006 W/QueryController(10402): Could not detect idle state.
06-17 19:45:04.007 D/UiObject2(10402): Setting text to '123456'.
06-17 19:45:04.011 I/AdbKeyboard( 3034): imeAction: 5 Next
06-17 19:45:04.012 V/InputMethodService( 3034): onEvaluateInputViewShown: config.hardKeyboardHidden = 2
06-17 19:45:04.012 V/InputMethodService( 3034): onEvaluateInputViewShown: config.hardKeyboardHidden = 2
06-17 19:45:04.032 D/InsetsController(10456): show(ime(), fromIme=true)
06-17 19:45:04.039 D/UIAutomatorStub(10402): URI: /jsonrpc/0, Method: POST, params, {NanoHttpd.QUERY_STRING=null}, files: {postData={"jsonrpc": "2.0", "id": 1, "method": "waitForExists", "params": [{"mask": 2097152, "childOrSibling": [], "childOrSiblingSelector": [], "resourceId": "tech.gtt.frontapp.stb.demo:id/remember_pwd_cb"}, 20000]}}
06-17 19:45:04.039 D/UiDevice(10402): Waiting 20000ms for SearchCondition[hasObject=BySelector [RES='\Qtech.gtt.frontapp.stb.demo:id/remember_pwd_cb\E']].
06-17 19:45:04.040 D/UiDevice(10402): Searching for node with selector: BySelector [RES='\Qtech.gtt.frontapp.stb.demo:id/remember_pwd_cb\E'].
06-17 19:45:04.040 W/QueryController(10402): Could not detect idle state.
06-17 19:45:04.071 D/InterruptionStateProvider( 2106): No bubble up: not allowed to bubble: -1|android|8|null|1000
06-17 19:45:04.072 D/InterruptionStateProvider( 2106): No heads up: unimportant notification: -1|android|8|null|1000
06-17 19:45:04.074 D/UIAutomatorStub(10402): URI: /jsonrpc/0, Method: POST, params, {NanoHttpd.QUERY_STRING=null}, files: {postData={"jsonrpc": "2.0", "id": 1, "method": "objInfo", "params": [{"mask": 2097152, "childOrSibling": [], "childOrSiblingSelector": [], "resourceId": "tech.gtt.frontapp.stb.demo:id/remember_pwd_cb"}]}}
06-17 19:45:04.075 D/UiDevice(10402): Retrieving node with selector: BySelector [RES='\Qtech.gtt.frontapp.stb.demo:id/remember_pwd_cb\E'].
06-17 19:45:04.075 W/QueryController(10402): Could not detect idle state.
06-17 19:45:04.075 D/PeopleSpaceWidgetMgr( 2106): Sbn doesn't contain valid PeopleTileKey: null/-1/android
06-17 19:45:04.080 W/QueryController(10402): Could not detect idle state.
06-17 19:45:04.081 D/InterruptionStateProvider( 2106): No bubble up: not allowed to bubble: -1|android|8|null|1000
06-17 19:45:04.081 D/InterruptionStateProvider( 2106): No heads up: unimportant notification: -1|android|8|null|1000
06-17 19:45:04.082 W/QueryController(10402): Could not detect idle state.
06-17 19:45:04.083 W/QueryController(10402): Could not detect idle state.
06-17 19:45:04.084 W/QueryController(10402): Could not detect idle state.
06-17 19:45:04.084 D/PeopleSpaceWidgetMgr( 2106): Sbn doesn't contain valid PeopleTileKey: null/-1/android
06-17 19:45:04.085 W/QueryController(10402): Could not detect idle state.
06-17 19:45:04.086 W/QueryController(10402): Could not detect idle state.
06-17 19:45:04.087 W/QueryController(10402): Could not detect idle state.
06-17 19:45:04.088 W/QueryController(10402): Could not detect idle state.
06-17 19:45:04.089 W/QueryController(10402): Could not detect idle state.
06-17 19:45:04.090 W/QueryController(10402): Could not detect idle state.
06-17 19:45:04.091 W/QueryController(10402): Could not detect idle state.
06-17 19:45:04.094 W/QueryController(10402): Could not detect idle state.
06-17 19:45:04.099 W/QueryController(10402): Could not detect idle state.
06-17 19:45:04.101 W/QueryController(10402): Could not detect idle state.
06-17 19:45:04.102 W/QueryController(10402): Could not detect idle state.
06-17 19:45:04.103 W/QueryController(10402): Could not detect idle state.
06-17 19:45:04.104 W/QueryController(10402): Could not detect idle state.
06-17 19:45:04.131 D/UIAutomatorStub(10402): URI: /jsonrpc/0, Method: POST, params, {NanoHttpd.QUERY_STRING=null}, files: {postData={"jsonrpc": "2.0", "id": 1, "method": "click", "params": [729.0, 656.0]}}
06-17 19:45:04.165 E/libEGL  (10456): called unimplemented OpenGL ES API
06-17 19:45:04.192 D/InterruptionStateProvider( 2106): No bubble up: not allowed to bubble: -1|android|8|null|1000
06-17 19:45:04.193 D/InterruptionStateProvider( 2106): No heads up: unimportant notification: -1|android|8|null|1000
06-17 19:45:04.200 D/PeopleSpaceWidgetMgr( 2106): Sbn doesn't contain valid PeopleTileKey: null/-1/android
06-17 19:45:04.229 D/InterruptionStateProvider( 2106): No bubble up: not allowed to bubble: -1|android|8|null|1000
06-17 19:45:04.230 D/InterruptionStateProvider( 2106): No heads up: unimportant notification: -1|android|8|null|1000
06-17 19:45:04.235 D/PeopleSpaceWidgetMgr( 2106): Sbn doesn't contain valid PeopleTileKey: null/-1/android
06-17 19:45:04.281 D/ProcessState(10893): Binder ioctl to enable oneway spam detection failed: Invalid argument
06-17 19:45:04.305 D/ProcessState(10896): Binder ioctl to enable oneway spam detection failed: Invalid argument
06-17 19:45:04.328 D/UIAutomatorStub(10402): URI: /jsonrpc/0, Method: POST, params, {NanoHttpd.QUERY_STRING=null}, files: {postData={"jsonrpc": "2.0", "id": 1, "method": "click", "params": [1105, 761]}}
06-17 19:45:04.446 V/GSK-Account:AccountManager(10456): disableSavePwd=false
06-17 19:45:04.448 V/GSK-Account:EmailOrPhoneLoginStrategy(10456): disableSavePwd=false
06-17 19:45:04.455 E/ActivityThread(10456): Failed to find provider info for com.uv.droid.uotaback.storage.provider
06-17 19:45:04.455 E/ActivityThread(10456): Failed to find provider info for com.uv.droid.booster.vod.provider
06-17 19:45:04.455 E/ontapp.stb.dem(10456): No implementation found for java.lang.String os.SystemPropertiesKt.native_get(java.lang.String) (tried Java_os_SystemPropertiesKt_native_1get and Java_os_SystemPropertiesKt_native_1get__Ljava_lang_String_2)
06-17 19:45:04.456 V/GSK-Account:AccountManager(10456): isLoggedIn=false
06-17 19:45:04.457 V/GSK-APIS(10456): =======================NEW REQUEST=========================
06-17 19:45:04.457 V/GSK-APIS(10456): Request:	/api/enduser/account/user/login/v1	POST
06-17 19:45:04.457 V/GSK-APIS(10456): RequestIdentify:	482da02e
06-17 19:45:04.457 V/GSK-APIS(10456): 
06-17 19:45:04.457 V/GSK-APIS(10456): RequestHeaders in a readable format:
06-17 19:45:04.457 V/GSK-APIS(10456): X-App-Id: db589110cb7457cd607739664dc44e61c217d77681427dacfe2f262f1927cd8f
06-17 19:45:04.457 V/GSK-APIS(10456): X-Source-Id: 30006401-31002837
06-17 19:45:04.457 V/GSK-APIS(10456): X-Version-Code: 7
06-17 19:45:04.457 V/GSK-APIS(10456): X-Brand-Id: 66d009603c38ec6574e5b77ce48fb7070a3f7ed622c465b05fc56110bd72fc65
06-17 19:45:04.457 V/GSK-APIS(10456): X-Version-Seq: 1
06-17 19:45:04.457 V/GSK-APIS(10456): X-App-Type-Text: STB
06-17 19:45:04.457 V/GSK-APIS(10456): Accept-Language: en
06-17 19:45:04.457 V/GSK-APIS(10456): 
06-17 19:45:04.457 V/GSK-APIS(10456): 
06-17 19:45:04.457 V/GSK-APIS(10456): RequestParams in Json Format:
