06-18 14:17:31.831 I/OMXStore( 1812): makeComponentInstance(OMX.google.aac.decoder) in android.hardwar process
06-18 14:17:31.832 D/SurfaceUtils( 1809): disconnecting from surface 0xf0800018, reason onConfigure
06-18 14:17:31.832 D/SurfaceUtils( 1809): connecting to surface 0xf0800018, reason connectToSurface
06-18 14:17:31.833 I/MediaCodec( 1809): [OMX.google.h264.decoder] setting surface generation to 1852440
06-18 14:17:31.833 D/SurfaceUtils( 1809): disconnecting from surface 0xf0800018, reason connectToSurface(reconnect)
06-18 14:17:31.833 D/SurfaceUtils( 1809): connecting to surface 0xf0800018, reason connectToSurface(reconnect)
06-18 14:17:31.834 E/OMXNodeInstance( 1812): setConfig(0xe6d40ef0:google.aac.decoder, ConfigPriority(0x6f800002)) ERROR: Undefined(0x80001001)
06-18 14:17:31.834 I/ACodec  ( 1809): codec does not support config priority (err -2147483648)
06-18 14:17:31.834 E/OMXNodeInstance( 1812): getConfig(0xe6d40ef0:google.aac.decoder, ConfigAndroidVendorExtension(0x6f100004)) ERROR: Undefined(0x80001001)
06-18 14:17:31.834 D/SoftAAC2( 1812): get OMX_IndexParamAudioAndroidAacDrcPresentation
06-18 14:17:31.836 E/OMXNodeInstance( 1812): getExtensionIndex(0xe6d402b0:google.h264.decoder, OMX.google.android.index.enableAndroidNativeBuffers) ERROR: UnsupportedIndex(0x8000101a)
06-18 14:17:31.836 E/ACodec  ( 1809): [OMX.google.h264.decoder] setPortMode on output to DynamicANWBuffer failed w/ err -1010
06-18 14:17:31.836 E/OMXNodeInstance( 1812): getParameter(0xe6d402b0:google.h264.decoder, ??(0x6f600011)) ERROR: UnsupportedIndex(0x8000101a)
06-18 14:17:31.836 W/OMXNodeInstance( 1812): [0xe6d402b0:google.h264.decoder] component does not support metadata mode; using fallback
06-18 14:17:31.836 D/SoftVideoDecoderOMXComponent( 1812): Color Aspects preference: 1 
06-18 14:17:31.837 E/OMXNodeInstance( 1812): setConfig(0xe6d402b0:google.h264.decoder, ConfigPriority(0x6f800002)) ERROR: UnsupportedIndex(0x8000101a)
06-18 14:17:31.837 I/ACodec  ( 1809): codec does not support config priority (err -1010)
06-18 14:17:31.837 E/OMXNodeInstance( 1812): setConfig(0xe6d402b0:google.h264.decoder, ConfigOperatingRate(0x6f800003)) ERROR: UnsupportedIndex(0x8000101a)
06-18 14:17:31.837 I/ACodec  ( 1809): codec does not support config operating rate (err -1010)
06-18 14:17:31.837 E/OMXNodeInstance( 1812): getConfig(0xe6d402b0:google.h264.decoder, ConfigAndroidVendorExtension(0x6f100004)) ERROR: UnsupportedIndex(0x8000101a)
06-18 14:17:31.837 E/OMXNodeInstance( 1812): getConfig(0xe6d402b0:google.h264.decoder, ??(0x7f000003)) ERROR: UnsupportedSetting(0x80001019)
06-18 14:17:31.837 I/MediaCodec( 1809): MediaCodec will operate in async mode
06-18 14:17:31.838 I/MediaCodec( 1809): MediaCodec will operate in async mode
06-18 14:17:31.838 D/MediaCodec( 1809): keep callback message for reclaim
06-18 14:17:31.838 D/MediaCodec( 1809): keep callback message for reclaim
06-18 14:17:31.841 V/GSK-APIS(24460): received response >>> id: ea025305 url: https://gtt-app-apigateway-lion.vdemosit.com/api/enduser/messagecenter/message/query/v1 statusCode: 400, exception: null
06-18 14:17:31.842 I/System.out(24460): [SDKInterceptorPlugin] Unhandled exception in request processing: Something went wrong while connecting to the server, statusCode: 400
06-18 14:17:31.854 W/ResourceManagerService( 1809): Ignoring request to add new resource entry with value <= 0
06-18 14:17:31.858 D/SoftVideoDecoderOMXComponent( 1812): Color Aspects preference: 1 
06-18 14:17:31.858 I/SoftAAC2( 1812): Reconfiguring decoder: 0->44100 Hz, 0->1 channels
06-18 14:17:31.860 D/SoftAAC2( 1812): get OMX_IndexParamAudioAndroidAacDrcPresentation
06-18 14:17:31.897 D/AudioFlinger( 1776): Client defaulted notificationFrames to 11286 for frameCount 22572
06-18 14:17:31.900 D/UiDevice(24405): Searching for node with selector: BySelector [RES='\Qtech.gtt.frontapp.stb.demo:id/account_login_tv2\E'].
06-18 14:17:31.901 W/QueryController(24405): Could not detect idle state.
06-18 14:17:31.902 D/AF::TrackHandle( 1776): OpPlayAudio: track:80 usage:1 not muted
06-18 14:17:31.913 E/OMXNodeInstance( 1812): getConfig(0xe6d402b0:google.h264.decoder, ??(0x7f000003)) ERROR: UnsupportedSetting(0x80001019)
06-18 14:17:31.914 D/MediaCodec( 1809): [OMX.google.h264.decoder] setting dataspace on output surface to #102
06-18 14:17:31.929 W/InputManager-JNI( 1936): Input channel object '8b790d8 tech.gtt.frontapp.stb.demo/tech.gtt.frontapp.stb.m.home.activity.SplashActivity (client)' was disposed without first being removed with the input manager!
06-18 14:17:31.958 E/android.hardware.audio.service( 1759): pcm_open called create stream faild
06-18 14:17:31.959 W/MediaPlayerNative(24460): info/warning (3, 0)
06-18 14:17:31.959 D/gralloc_nox( 1767): gralloc_alloc: Creating ashmem region of size 589824
06-18 14:17:31.967 D/SoftwareRenderer( 1809): setting dataspace on output surface to #8000102
06-18 14:17:31.970 D/gralloc_nox( 1767): gralloc_alloc: Creating ashmem region of size 589824
06-18 14:17:32.005 D/AudioFlinger( 1776): mixer(0x7e14b2cf8a60) throttle end: throttle time(38)
06-18 14:17:32.039 D/UiDevice(24405): Searching for node with selector: BySelector [RES='\Qtech.gtt.frontapp.stb.demo:id/account_login_tv2\E'].
06-18 14:17:32.040 W/QueryController(24405): Could not detect idle state.
06-18 14:17:32.145 D/UiDevice(24405): Searching for node with selector: BySelector [RES='\Qtech.gtt.frontapp.stb.demo:id/account_login_tv2\E'].
06-18 14:17:32.146 W/QueryController(24405): Could not detect idle state.
06-18 14:17:32.230 D/gralloc_nox( 1767): gralloc_alloc: Creating ashmem region of size 589824
06-18 14:17:32.249 D/UiDevice(24405): Searching for node with selector: BySelector [RES='\Qtech.gtt.frontapp.stb.demo:id/account_login_tv2\E'].
06-18 14:17:32.250 W/QueryController(24405): Could not detect idle state.
06-18 14:17:32.306 D/AudioFlinger( 1776): mixer(0x7e14b2cf8a60) throttle end: throttle time(231)
06-18 14:17:32.354 D/UiDevice(24405): Searching for node with selector: BySelector [RES='\Qtech.gtt.frontapp.stb.demo:id/account_login_tv2\E'].
06-18 14:17:32.354 W/QueryController(24405): Could not detect idle state.
06-18 14:17:32.458 D/UiDevice(24405): Searching for node with selector: BySelector [RES='\Qtech.gtt.frontapp.stb.demo:id/account_login_tv2\E'].
06-18 14:17:32.459 W/QueryController(24405): Could not detect idle state.
06-18 14:17:32.562 D/UiDevice(24405): Searching for node with selector: BySelector [RES='\Qtech.gtt.frontapp.stb.demo:id/account_login_tv2\E'].
06-18 14:17:32.562 W/QueryController(24405): Could not detect idle state.
06-18 14:17:32.665 D/UiDevice(24405): Searching for node with selector: BySelector [RES='\Qtech.gtt.frontapp.stb.demo:id/account_login_tv2\E'].
06-18 14:17:32.665 W/QueryController(24405): Could not detect idle state.
06-18 14:17:32.770 D/UiDevice(24405): Searching for node with selector: BySelector [RES='\Qtech.gtt.frontapp.stb.demo:id/account_login_tv2\E'].
06-18 14:17:32.771 W/QueryController(24405): Could not detect idle state.
06-18 14:17:32.875 D/UiDevice(24405): Searching for node with selector: BySelector [RES='\Qtech.gtt.frontapp.stb.demo:id/account_login_tv2\E'].
06-18 14:17:32.876 W/QueryController(24405): Could not detect idle state.
06-18 14:17:32.981 D/UiDevice(24405): Searching for node with selector: BySelector [RES='\Qtech.gtt.frontapp.stb.demo:id/account_login_tv2\E'].
06-18 14:17:32.982 W/QueryController(24405): Could not detect idle state.
06-18 14:17:33.092 D/UiDevice(24405): Searching for node with selector: BySelector [RES='\Qtech.gtt.frontapp.stb.demo:id/account_login_tv2\E'].
06-18 14:17:33.093 W/QueryController(24405): Could not detect idle state.
06-18 14:17:33.198 D/UiDevice(24405): Searching for node with selector: BySelector [RES='\Qtech.gtt.frontapp.stb.demo:id/account_login_tv2\E'].
06-18 14:17:33.200 W/QueryController(24405): Could not detect idle state.
06-18 14:17:33.304 D/UiDevice(24405): Searching for node with selector: BySelector [RES='\Qtech.gtt.frontapp.stb.demo:id/account_login_tv2\E'].
06-18 14:17:33.304 W/QueryController(24405): Could not detect idle state.
06-18 14:17:33.407 D/UiDevice(24405): Searching for node with selector: BySelector [RES='\Qtech.gtt.frontapp.stb.demo:id/account_login_tv2\E'].
06-18 14:17:33.408 W/QueryController(24405): Could not detect idle state.
06-18 14:17:33.513 D/UiDevice(24405): Searching for node with selector: BySelector [RES='\Qtech.gtt.frontapp.stb.demo:id/account_login_tv2\E'].
06-18 14:17:33.513 W/QueryController(24405): Could not detect idle state.
06-18 14:17:33.617 D/UiDevice(24405): Searching for node with selector: BySelector [RES='\Qtech.gtt.frontapp.stb.demo:id/account_login_tv2\E'].
06-18 14:17:33.617 W/QueryController(24405): Could not detect idle state.
06-18 14:17:33.724 D/UiDevice(24405): Searching for node with selector: BySelector [RES='\Qtech.gtt.frontapp.stb.demo:id/account_login_tv2\E'].
06-18 14:17:33.724 W/QueryController(24405): Could not detect idle state.
06-18 14:17:33.828 D/UiDevice(24405): Searching for node with selector: BySelector [RES='\Qtech.gtt.frontapp.stb.demo:id/account_login_tv2\E'].
06-18 14:17:33.829 W/QueryController(24405): Could not detect idle state.
06-18 14:17:33.933 D/UiDevice(24405): Searching for node with selector: BySelector [RES='\Qtech.gtt.frontapp.stb.demo:id/account_login_tv2\E'].
06-18 14:17:33.933 W/QueryController(24405): Could not detect idle state.
06-18 14:17:34.038 D/UiDevice(24405): Searching for node with selector: BySelector [RES='\Qtech.gtt.frontapp.stb.demo:id/account_login_tv2\E'].
06-18 14:17:34.038 W/QueryController(24405): Could not detect idle state.
06-18 14:17:34.142 D/UiDevice(24405): Searching for node with selector: BySelector [RES='\Qtech.gtt.frontapp.stb.demo:id/account_login_tv2\E'].
06-18 14:17:34.143 W/QueryController(24405): Could not detect idle state.
06-18 14:17:34.250 D/UiDevice(24405): Searching for node with selector: BySelector [RES='\Qtech.gtt.frontapp.stb.demo:id/account_login_tv2\E'].
06-18 14:17:34.250 W/QueryController(24405): Could not detect idle state.
06-18 14:17:34.355 D/UiDevice(24405): Searching for node with selector: BySelector [RES='\Qtech.gtt.frontapp.stb.demo:id/account_login_tv2\E'].
06-18 14:17:34.357 W/QueryController(24405): Could not detect idle state.
06-18 14:17:34.459 D/UiDevice(24405): Searching for node with selector: BySelector [RES='\Qtech.gtt.frontapp.stb.demo:id/account_login_tv2\E'].
06-18 14:17:34.460 W/QueryController(24405): Could not detect idle state.
06-18 14:17:34.563 D/UiDevice(24405): Searching for node with selector: BySelector [RES='\Qtech.gtt.frontapp.stb.demo:id/account_login_tv2\E'].
06-18 14:17:34.563 W/QueryController(24405): Could not detect idle state.
06-18 14:17:34.668 D/UiDevice(24405): Searching for node with selector: BySelector [RES='\Qtech.gtt.frontapp.stb.demo:id/account_login_tv2\E'].
06-18 14:17:34.668 W/QueryController(24405): Could not detect idle state.
06-18 14:17:34.749 I/keystore2( 1710): keystore2::watchdog: Watchdog thread idle -> terminating. Have a great day.
06-18 14:17:34.773 D/UiDevice(24405): Searching for node with selector: BySelector [RES='\Qtech.gtt.frontapp.stb.demo:id/account_login_tv2\E'].
06-18 14:17:34.773 W/QueryController(24405): Could not detect idle state.
06-18 14:17:34.849 E/TaskPersister( 1936): File error accessing recents directory (directory doesn't exist?).
06-18 14:17:34.878 D/UiDevice(24405): Searching for node with selector: BySelector [RES='\Qtech.gtt.frontapp.stb.demo:id/account_login_tv2\E'].
06-18 14:17:34.879 W/QueryController(24405): Could not detect idle state.
06-18 14:17:34.982 D/UiDevice(24405): Searching for node with selector: BySelector [RES='\Qtech.gtt.frontapp.stb.demo:id/account_login_tv2\E'].
06-18 14:17:34.982 W/QueryController(24405): Could not detect idle state.
06-18 14:17:35.088 D/UiDevice(24405): Searching for node with selector: BySelector [RES='\Qtech.gtt.frontapp.stb.demo:id/account_login_tv2\E'].
06-18 14:17:35.088 W/QueryController(24405): Could not detect idle state.
06-18 14:17:35.198 D/UiDevice(24405): Searching for node with selector: BySelector [RES='\Qtech.gtt.frontapp.stb.demo:id/account_login_tv2\E'].
06-18 14:17:35.198 W/QueryController(24405): Could not detect idle state.
06-18 14:17:35.301 D/UiDevice(24405): Searching for node with selector: BySelector [RES='\Qtech.gtt.frontapp.stb.demo:id/account_login_tv2\E'].
06-18 14:17:35.301 W/QueryController(24405): Could not detect idle state.
06-18 14:17:35.406 D/UiDevice(24405): Searching for node with selector: BySelector [RES='\Qtech.gtt.frontapp.stb.demo:id/account_login_tv2\E'].
06-18 14:17:35.407 W/QueryController(24405): Could not detect idle state.
06-18 14:17:35.511 D/UiDevice(24405): Searching for node with selector: BySelector [RES='\Qtech.gtt.frontapp.stb.demo:id/account_login_tv2\E'].
06-18 14:17:35.512 W/QueryController(24405): Could not detect idle state.
06-18 14:17:35.616 D/UiDevice(24405): Searching for node with selector: BySelector [RES='\Qtech.gtt.frontapp.stb.demo:id/account_login_tv2\E'].
06-18 14:17:35.617 W/QueryController(24405): Could not detect idle state.
06-18 14:17:35.724 D/UiDevice(24405): Searching for node with selector: BySelector [RES='\Qtech.gtt.frontapp.stb.demo:id/account_login_tv2\E'].
06-18 14:17:35.725 W/QueryController(24405): Could not detect idle state.
06-18 14:17:35.828 D/UiDevice(24405): Searching for node with selector: BySelector [RES='\Qtech.gtt.frontapp.stb.demo:id/account_login_tv2\E'].
06-18 14:17:35.829 W/QueryController(24405): Could not detect idle state.
06-18 14:17:35.890 D/AudioTrack( 1809): stop(32): called with 200704 frames delivered
06-18 14:17:35.932 D/UiDevice(24405): Searching for node with selector: BySelector [RES='\Qtech.gtt.frontapp.stb.demo:id/account_login_tv2\E'].
06-18 14:17:35.932 W/QueryController(24405): Could not detect idle state.
06-18 14:17:36.037 D/UiDevice(24405): Searching for node with selector: BySelector [RES='\Qtech.gtt.frontapp.stb.demo:id/account_login_tv2\E'].
06-18 14:17:36.038 W/QueryController(24405): Could not detect idle state.
06-18 14:17:36.142 D/UiDevice(24405): Searching for node with selector: BySelector [RES='\Qtech.gtt.frontapp.stb.demo:id/account_login_tv2\E'].
06-18 14:17:36.144 W/QueryController(24405): Could not detect idle state.
06-18 14:17:36.248 D/UiDevice(24405): Searching for node with selector: BySelector [RES='\Qtech.gtt.frontapp.stb.demo:id/account_login_tv2\E'].
06-18 14:17:36.248 W/QueryController(24405): Could not detect idle state.
06-18 14:17:36.308 D/NuPlayerDriver( 1809): stop(0xf5c02920)
06-18 14:17:36.309 V/MediaPlayer(24460): resetDrmState:  mDrmInfo=null mDrmProvisioningThread=null mPrepareDrmInProgress=false mActiveDrmScheme=false
06-18 14:17:36.309 V/MediaPlayer(24460): cleanDrmObj: mDrmObj=null mDrmSessionId=null
06-18 14:17:36.309 D/NuPlayerDriver( 1809): reset(0xf5c02920) at state 8
06-18 14:17:36.314 D/SurfaceUtils( 1809): disconnecting from surface 0xf0800018, reason disconnectFromSurface
06-18 14:17:36.316 D/SurfaceUtils( 1809): connecting to surface 0xf0800018, reason onShutdown
06-18 14:17:36.317 D/NuPlayerDriver( 1809): notifyResetComplete(0xf5c02920)
06-18 14:17:36.317 D/SurfaceUtils( 1809): disconnecting from surface 0xf0804ba8, reason disconnectNativeWindow
06-18 14:17:36.317 W/AMessage( 1809): failed to post message as target looper for handler 0 is gone.
06-18 14:17:36.318 I/MediaFocusControl( 1936): abandonAudioFocus() from uid/pid 10058/24460 clientId=android.media.AudioManager@945bd64
06-18 14:17:36.321 I/ActivityTaskManager( 1936): START u0 {cmp=tech.gtt.frontapp.stb.demo/tech.gtt.frontapp.stb.m.account.activity.LoginMethodSwitchActivity (has extras)} from uid 10058
06-18 14:17:36.322 D/CompatibilityChangeReporter( 1936): Compat change id reported: 174042980; UID 10058; state: DISABLED
06-18 14:17:36.322 D/CompatibilityChangeReporter( 1936): Compat change id reported: 184838306; UID 10058; state: DISABLED
06-18 14:17:36.323 D/CompatibilityChangeReporter( 1936): Compat change id reported: 185004937; UID 10058; state: DISABLED
06-18 14:17:36.323 D/CompatibilityChangeReporter( 1936): Compat change id reported: 181136395; UID 10058; state: DISABLED
06-18 14:17:36.323 D/CompatibilityChangeReporter( 1936): Compat change id reported: 174042936; UID 10058; state: DISABLED
06-18 14:17:36.324 D/CompatibilityChangeReporter( 1936): Compat change id reported: 197654537; UID 10058; state: ENABLED
06-18 14:17:36.325 D/CompatibilityChangeReporter( 1936): Compat change id reported: 168419799; UID 10058; state: DISABLED
06-18 14:17:36.327 I/MediaFocusControl( 1936): abandonAudioFocus() from uid/pid 10058/24460 clientId=android.media.AudioManager@945bd64
06-18 14:17:36.327 W/MediaPlayer(24460): mediaplayer went away with unhandled events
06-18 14:17:36.330 W/MediaPlayer(24460): mediaplayer went away with unhandled events
06-18 14:17:36.334 W/ActivityTaskManager( 1936): Tried to set launchTime (0) < mLastActivityLaunchTime (70348075)
06-18 14:17:36.347 D/AndroidAutoSize(24460): tech.gtt.frontapp.stb.m.account.activity.LoginMethodSwitchActivity used the global configuration.
06-18 14:17:36.348 D/AndroidAutoSize(24460): The tech.gtt.frontapp.stb.m.account.activity.LoginMethodSwitchActivity has been adapted! 
06-18 14:17:36.348 D/AndroidAutoSize(24460): LoginMethodSwitchActivity Info: isBaseOnWidth = true, designWidthInDp = 1920.000000, designWidthInSubunits = 1920.000000, targetDensity = 1.000000, targetScaledDensity = 1.000000, targetDensityDpi = 160, targetXdpi = 1.000000, targetScreenWidthDp = 1920, targetScreenHeightDp = 1032
06-18 14:17:36.351 D/UiDevice(24405): Searching for node with selector: BySelector [RES='\Qtech.gtt.frontapp.stb.demo:id/account_login_tv2\E'].
06-18 14:17:36.352 W/QueryController(24405): Could not detect idle state.
06-18 14:17:36.383 D/AndroidAutoSize(24460): tech.gtt.frontapp.stb.m.account.activity.LoginMethodSwitchActivity used the global configuration.
06-18 14:17:36.383 D/AndroidAutoSize(24460): The tech.gtt.frontapp.stb.m.account.activity.LoginMethodSwitchActivity has been adapted! 
06-18 14:17:36.383 D/AndroidAutoSize(24460): LoginMethodSwitchActivity Info: isBaseOnWidth = true, designWidthInDp = 1920.000000, designWidthInSubunits = 1920.000000, targetDensity = 1.000000, targetScaledDensity = 1.000000, targetDensityDpi = 160, targetXdpi = 1.000000, targetScreenWidthDp = 1920, targetScreenHeightDp = 1032
06-18 14:17:36.389 W/WindowManager( 1936): Failed looking up window session=Session{fc429b5 24460:u0a10058} callers=com.android.server.wm.WindowManagerService.windowForClientLocked:5850 com.android.server.wm.Session.updateRequestedVisibilities:640 android.view.IWindowSession$Stub.onTransact:1175 
06-18 14:17:36.400 D/gralloc_nox( 1767): gralloc_alloc: Creating ashmem region of size 8298496
06-18 14:17:36.429 D/gralloc_nox( 1767): gralloc_alloc: Creating ashmem region of size 8298496
06-18 14:17:36.435 D/ProcessState(24861): Binder ioctl to enable oneway spam detection failed: Invalid argument
06-18 14:17:36.467 D/gralloc_nox( 1767): gralloc_alloc: Creating ashmem region of size 8298496
06-18 14:17:36.517 E/libEGL  (24460): called unimplemented OpenGL ES API
06-18 14:17:36.533 W/ByMatcher(24405): Node returned null child: android.view.accessibility.AccessibilityNodeInfo@b165; boundsInParent: Rect(0, 0 - 231, 392); boundsInScreen: Rect(844, 270 - 1075, 662); packageName: tech.gtt.frontapp.stb.demo; className: android.widget.LinearLayout; text: null; error: null; maxTextLength: -1; stateDescription: null; contentDescription: null; tooltipText: null; viewIdResName: null; checkable: false; checked: false; focusable: false; focused: false; selected: false; clickable: false; longClickable: false; contextClickable: false; enabled: true; password: false; scrollable: false; importantForAccessibility: false; visible: true; actions: [AccessibilityAction: ACTION_SELECT - null, AccessibilityAction: ACTION_CLEAR_SELECTION - null, AccessibilityAction: ACTION_ACCESSIBILITY_FOCUS - null, AccessibilityAction: ACTION_SHOW_ON_SCREEN - null]
06-18 14:17:36.534 W/ByMatcher(24405): Skipping null child (1 of 2)
06-18 14:17:36.537 W/ByMatcher(24405): Node returned null child: android.view.accessibility.AccessibilityNodeInfo@ada4; boundsInParent: Rect(0, 0 - 231, 539); boundsInScreen: Rect(844, 270 - 1075, 809); packageName: tech.gtt.frontapp.stb.demo; className: android.widget.LinearLayout; text: null; error: null; maxTextLength: -1; stateDescription: null; contentDescription: null; tooltipText: null; viewIdResName: null; checkable: false; checked: false; focusable: false; focused: false; selected: false; clickable: false; longClickable: false; contextClickable: false; enabled: true; password: false; scrollable: false; importantForAccessibility: false; visible: true; actions: [AccessibilityAction: ACTION_SELECT - null, AccessibilityAction: ACTION_CLEAR_SELECTION - null, AccessibilityAction: ACTION_ACCESSIBILITY_FOCUS - null, AccessibilityAction: ACTION_SHOW_ON_SCREEN - null]
06-18 14:17:36.542 W/ByMatcher(24405): Skipping null child (1 of 3)
06-18 14:17:36.544 I/ActivityTaskManager( 1936): Displayed tech.gtt.frontapp.stb.demo/tech.gtt.frontapp.stb.m.account.activity.LoginMethodSwitchActivity: +222ms
06-18 14:17:36.545 W/ByMatcher(24405): Skipping null child (2 of 3)
06-18 14:17:36.553 W/ByMatcher(24405): Node returned null child: android.view.accessibility.AccessibilityNodeInfo@80007194; boundsInParent: Rect(0, 0 - 1920, 1080); boundsInScreen: Rect(0, 0 - 1920, 1080); packageName: tech.gtt.frontapp.stb.demo; className: android.widget.FrameLayout; text: null; error: null; maxTextLength: -1; stateDescription: null; contentDescription: null; tooltipText: null; viewIdResName: null; checkable: false; checked: false; focusable: false; focused: false; selected: false; clickable: false; longClickable: false; contextClickable: false; enabled: true; password: false; scrollable: false; importantForAccessibility: true; visible: true; actions: [AccessibilityAction: ACTION_SELECT - null, AccessibilityAction: ACTION_CLEAR_SELECTION - null, AccessibilityAction: ACTION_ACCESSIBILITY_FOCUS - null, AccessibilityAction: ACTION_SHOW_ON_SCREEN - null]
06-18 14:17:36.555 W/ByMatcher(24405): Skipping null child (0 of 1)
06-18 14:17:36.657 D/UiDevice(24405): Searching for node with selector: BySelector [RES='\Qtech.gtt.frontapp.stb.demo:id/account_login_tv2\E'].
06-18 14:17:36.657 W/QueryController(24405): Could not detect idle state.
06-18 14:17:36.695 D/UIAutomatorStub(24405): URI: /jsonrpc/0, Method: POST, params, {NanoHttpd.QUERY_STRING=null}, files: {postData={"jsonrpc": "2.0", "id": 1, "method": "objInfo", "params": [{"mask": 2097152, "childOrSibling": [], "childOrSiblingSelector": [], "resourceId": "tech.gtt.frontapp.stb.demo:id/account_login_tv2"}]}}
06-18 14:17:36.697 D/UiDevice(24405): Retrieving node with selector: BySelector [RES='\Qtech.gtt.frontapp.stb.demo:id/account_login_tv2\E'].
06-18 14:17:36.700 W/QueryController(24405): Could not detect idle state.
06-18 14:17:36.707 W/QueryController(24405): Could not detect idle state.
06-18 14:17:36.710 W/QueryController(24405): Could not detect idle state.
06-18 14:17:36.712 W/QueryController(24405): Could not detect idle state.
06-18 14:17:36.715 W/QueryController(24405): Could not detect idle state.
06-18 14:17:36.716 W/QueryController(24405): Could not detect idle state.
06-18 14:17:36.718 W/QueryController(24405): Could not detect idle state.
06-18 14:17:36.719 W/QueryController(24405): Could not detect idle state.
06-18 14:17:36.721 W/QueryController(24405): Could not detect idle state.
06-18 14:17:36.726 W/QueryController(24405): Could not detect idle state.
06-18 14:17:36.728 W/QueryController(24405): Could not detect idle state.
06-18 14:17:36.730 W/QueryController(24405): Could not detect idle state.
06-18 14:17:36.732 W/QueryController(24405): Could not detect idle state.
06-18 14:17:36.734 W/QueryController(24405): Could not detect idle state.
06-18 14:17:36.736 W/QueryController(24405): Could not detect idle state.
06-18 14:17:36.740 W/QueryController(24405): Could not detect idle state.
06-18 14:17:36.743 W/QueryController(24405): Could not detect idle state.
06-18 14:17:36.745 W/QueryController(24405): Could not detect idle state.
06-18 14:17:36.777 D/UIAutomatorStub(24405): URI: /jsonrpc/0, Method: POST, params, {NanoHttpd.QUERY_STRING=null}, files: {postData={"jsonrpc": "2.0", "id": 1, "method": "click", "params": [1390.0, 559.0]}}
06-18 14:17:36.785 W/InputManager-JNI( 1936): Input channel object '55418c5 tech.gtt.frontapp.stb.demo/tech.gtt.frontapp.stb.m.home.activity.LoadingActivity (client)' was disposed without first being removed with the input manager!
06-18 14:17:36.931 I/ActivityTaskManager( 1936): START u0 {cmp=tech.gtt.frontapp.stb.demo/tech.gtt.frontapp.stb.m.account.activity.LoginActivity} from uid 10058
06-18 14:17:36.936 W/ActivityTaskManager( 1936): Tried to set launchTime (0) < mLastActivityLaunchTime (70353015)
06-18 14:17:36.947 D/AndroidAutoSize(24460): tech.gtt.frontapp.stb.m.account.activity.LoginActivity used the global configuration.
06-18 14:17:36.947 D/AndroidAutoSize(24460): The tech.gtt.frontapp.stb.m.account.activity.LoginActivity has been adapted! 
06-18 14:17:36.947 D/AndroidAutoSize(24460): LoginActivity Info: isBaseOnWidth = true, designWidthInDp = 1920.000000, designWidthInSubunits = 1920.000000, targetDensity = 1.000000, targetScaledDensity = 1.000000, targetDensityDpi = 160, targetXdpi = 1.000000, targetScreenWidthDp = 1920, targetScreenHeightDp = 1032
06-18 14:17:36.971 D/UIAutomatorStub(24405): URI: /jsonrpc/0, Method: POST, params, {NanoHttpd.QUERY_STRING=null}, files: {postData={"jsonrpc": "2.0", "id": 1, "method": "waitForExists", "params": [{"mask": 2097152, "childOrSibling": [], "childOrSiblingSelector": [], "resourceId": "tech.gtt.frontapp.stb.demo:id/loginf_et_username"}, 20000]}}
06-18 14:17:36.975 D/UiDevice(24405): Waiting 20000ms for SearchCondition[hasObject=BySelector [RES='\Qtech.gtt.frontapp.stb.demo:id/loginf_et_username\E']].
06-18 14:17:36.975 D/UiDevice(24405): Searching for node with selector: BySelector [RES='\Qtech.gtt.frontapp.stb.demo:id/loginf_et_username\E'].
06-18 14:17:36.977 W/QueryController(24405): Could not detect idle state.
06-18 14:17:37.019 D/AndroidAutoSize(24460): tech.gtt.frontapp.stb.m.account.activity.LoginActivity used the global configuration.
06-18 14:17:37.020 D/AndroidAutoSize(24460): The tech.gtt.frontapp.stb.m.account.activity.LoginActivity has been adapted! 
06-18 14:17:37.020 D/AndroidAutoSize(24460): LoginActivity Info: isBaseOnWidth = true, designWidthInDp = 1920.000000, designWidthInSubunits = 1920.000000, targetDensity = 1.000000, targetScaledDensity = 1.000000, targetDensityDpi = 160, targetXdpi = 1.000000, targetScreenWidthDp = 1920, targetScreenHeightDp = 1032
06-18 14:17:37.024 W/WindowManager( 1936): Failed looking up window session=Session{fc429b5 24460:u0a10058} callers=com.android.server.wm.WindowManagerService.windowForClientLocked:5850 com.android.server.wm.Session.updateRequestedVisibilities:640 android.view.IWindowSession$Stub.onTransact:1175 
06-18 14:17:37.045 D/gralloc_nox( 1767): gralloc_alloc: Creating ashmem region of size 8298496
06-18 14:17:37.064 D/gralloc_nox( 1767): gralloc_alloc: Creating ashmem region of size 8298496
06-18 14:17:37.085 D/gralloc_nox( 1767): gralloc_alloc: Creating ashmem region of size 8298496
06-18 14:17:37.085 D/ProcessState(24873): Binder ioctl to enable oneway spam detection failed: Invalid argument
06-18 14:17:37.131 D/UiDevice(24405): Searching for node with selector: BySelector [RES='\Qtech.gtt.frontapp.stb.demo:id/loginf_et_username\E'].
06-18 14:17:37.133 W/QueryController(24405): Could not detect idle state.
06-18 14:17:37.161 I/ActivityTaskManager( 1936): Displayed tech.gtt.frontapp.stb.demo/tech.gtt.frontapp.stb.m.account.activity.LoginActivity: +229ms
06-18 14:17:37.242 D/UIAutomatorStub(24405): URI: /jsonrpc/0, Method: POST, params, {NanoHttpd.QUERY_STRING=null}, files: {postData={"jsonrpc": "2.0", "id": 1, "method": "objInfo", "params": [{"mask": 2097152, "childOrSibling": [], "childOrSiblingSelector": [], "resourceId": "tech.gtt.frontapp.stb.demo:id/loginf_et_username"}]}}
06-18 14:17:37.243 D/UiDevice(24405): Retrieving node with selector: BySelector [RES='\Qtech.gtt.frontapp.stb.demo:id/loginf_et_username\E'].
06-18 14:17:37.243 W/QueryController(24405): Could not detect idle state.
06-18 14:17:37.248 W/QueryController(24405): Could not detect idle state.
06-18 14:17:37.251 W/QueryController(24405): Could not detect idle state.
06-18 14:17:37.258 W/QueryController(24405): Could not detect idle state.
06-18 14:17:37.261 W/QueryController(24405): Could not detect idle state.
06-18 14:17:37.264 W/QueryController(24405): Could not detect idle state.
06-18 14:17:37.266 W/QueryController(24405): Could not detect idle state.
06-18 14:17:37.268 W/QueryController(24405): Could not detect idle state.
06-18 14:17:37.273 W/QueryController(24405): Could not detect idle state.
06-18 14:17:37.275 W/QueryController(24405): Could not detect idle state.
06-18 14:17:37.278 W/QueryController(24405): Could not detect idle state.
06-18 14:17:37.280 W/QueryController(24405): Could not detect idle state.
06-18 14:17:37.281 W/QueryController(24405): Could not detect idle state.
06-18 14:17:37.282 W/QueryController(24405): Could not detect idle state.
06-18 14:17:37.283 W/QueryController(24405): Could not detect idle state.
06-18 14:17:37.283 W/QueryController(24405): Could not detect idle state.
06-18 14:17:37.284 W/QueryController(24405): Could not detect idle state.
06-18 14:17:37.285 W/QueryController(24405): Could not detect idle state.
06-18 14:17:37.298 D/UIAutomatorStub(24405): URI: /jsonrpc/0, Method: POST, params, {NanoHttpd.QUERY_STRING=null}, files: {postData={"jsonrpc": "2.0", "id": 1, "method": "click", "params": [1057.0, 437.0]}}
06-18 14:17:37.422 W/SurfaceFlinger( 1779): couldn't log to binary event log: overflow.
06-18 14:17:37.534 D/CompatibilityChangeReporter(24460): Compat change id reported: 163400105; UID 10058; state: ENABLED
06-18 14:17:37.534 D/InputMethodManager(24460): showSoftInput() view=tech.gtt.frontapp.stb.c.ui.edittext.EmailAutoCompleteTextView{4d4acd4 VFED..CL. .F.P..ID 0,0-700,92 #7f0b02ce app:id/loginf_et_username aid=1073741824} flags=0 reason=SHOW_SOFT_INPUT
06-18 14:17:37.535 V/InputMethodService( 3034): onEvaluateInputViewShown: config.hardKeyboardHidden = 2
06-18 14:17:37.535 V/InputMethodService( 3034): onEvaluateInputViewShown: config.hardKeyboardHidden = 2
06-18 14:17:37.535 I/AdbKeyboard( 3034): imeAction: 5 Next
06-18 14:17:37.543 D/gralloc_nox( 1767): gralloc_alloc: Creating ashmem region of size 647168
06-18 14:17:37.568 D/gralloc_nox( 1767): gralloc_alloc: Creating ashmem region of size 647168
06-18 14:17:37.575 D/gralloc_nox( 1767): gralloc_alloc: Creating ashmem region of size 647168
06-18 14:17:37.579 D/UIAutomatorStub(24405): URI: /jsonrpc/0, Method: POST, params, {NanoHttpd.QUERY_STRING=null}, files: {postData={"jsonrpc": "2.0", "id": 1, "method": "waitForExists", "params": [{"mask": 2097152, "childOrSibling": [], "childOrSiblingSelector": [], "resourceId": "tech.gtt.frontapp.stb.demo:id/loginf_et_username"}, 20000]}}
06-18 14:17:37.581 D/UiDevice(24405): Waiting 20000ms for SearchCondition[hasObject=BySelector [RES='\Qtech.gtt.frontapp.stb.demo:id/loginf_et_username\E']].
06-18 14:17:37.581 D/UiDevice(24405): Searching for node with selector: BySelector [RES='\Qtech.gtt.frontapp.stb.demo:id/loginf_et_username\E'].
06-18 14:17:37.582 W/QueryController(24405): Could not detect idle state.
06-18 14:17:37.590 D/ProcessState(24882): Binder ioctl to enable oneway spam detection failed: Invalid argument
06-18 14:17:37.594 D/InsetsController(24460): show(ime(), fromIme=true)
06-18 14:17:37.641 D/UIAutomatorStub(24405): URI: /jsonrpc/0, Method: POST, params, {NanoHttpd.QUERY_STRING=null}, files: {postData={"jsonrpc": "2.0", "id": 1, "method": "setText", "params": [{"mask": 2097152, "childOrSibling": [], "childOrSiblingSelector": [], "resourceId": "tech.gtt.frontapp.stb.demo:id/loginf_et_username"}, "0609@ipwangxin.cn"]}}
06-18 14:17:37.645 D/UiDevice(24405): Retrieving node with selector: BySelector [RES='\Qtech.gtt.frontapp.stb.demo:id/loginf_et_username\E'].
06-18 14:17:37.645 W/QueryController(24405): Could not detect idle state.
06-18 14:17:37.649 W/QueryController(24405): Could not detect idle state.
06-18 14:17:37.651 D/UiObject2(24405): Clicking on (1057, 437).
06-18 14:17:37.675 D/InputMethodManager(24460): showSoftInput() view=tech.gtt.frontapp.stb.c.ui.edittext.EmailAutoCompleteTextView{4d4acd4 VFED..CL. .F.P.... 0,0-700,92 #7f0b02ce app:id/loginf_et_username aid=1073741824} flags=0 reason=SHOW_SOFT_INPUT
06-18 14:17:37.676 V/InputMethodService( 3034): onEvaluateInputViewShown: config.hardKeyboardHidden = 2
06-18 14:17:37.676 V/InputMethodService( 3034): onEvaluateInputViewShown: config.hardKeyboardHidden = 2
06-18 14:17:37.680 D/InsetsController(24460): show(ime(), fromIme=true)
06-18 14:17:37.700 W/GestureController(24405): Gestures took longer than expected (48ms >> 16ms), device might be in a busy state.
06-18 14:17:37.700 D/UiDevice(24405): Retrieving node with selector: BySelector [RES='\Qtech.gtt.frontapp.stb.demo:id/loginf_et_username\E'].
06-18 14:17:37.701 W/QueryController(24405): Could not detect idle state.
06-18 14:17:37.717 W/QueryController(24405): Could not detect idle state.
06-18 14:17:37.720 D/UiObject2(24405): Setting text to '0609@ipwangxin.cn'.
06-18 14:17:37.734 I/AdbKeyboard( 3034): imeAction: 5 Next
06-18 14:17:37.734 V/InputMethodService( 3034): onEvaluateInputViewShown: config.hardKeyboardHidden = 2
06-18 14:17:37.734 V/InputMethodService( 3034): onEvaluateInputViewShown: config.hardKeyboardHidden = 2
06-18 14:17:37.778 D/InsetsController(24460): show(ime(), fromIme=true)
06-18 14:17:37.799 D/UIAutomatorStub(24405): URI: /jsonrpc/0, Method: POST, params, {NanoHttpd.QUERY_STRING=null}, files: {postData={"jsonrpc": "2.0", "id": 1, "method": "waitForExists", "params": [{"mask": 2097152, "childOrSibling": [], "childOrSiblingSelector": [], "resourceId": "tech.gtt.frontapp.stb.demo:id/et_pwd"}, 20000]}}
06-18 14:17:37.800 D/UiDevice(24405): Waiting 20000ms for SearchCondition[hasObject=BySelector [RES='\Qtech.gtt.frontapp.stb.demo:id/et_pwd\E']].
06-18 14:17:37.800 D/UiDevice(24405): Searching for node with selector: BySelector [RES='\Qtech.gtt.frontapp.stb.demo:id/et_pwd\E'].
06-18 14:17:37.800 W/QueryController(24405): Could not detect idle state.
06-18 14:17:37.824 D/UIAutomatorStub(24405): URI: /jsonrpc/0, Method: POST, params, {NanoHttpd.QUERY_STRING=null}, files: {postData={"jsonrpc": "2.0", "id": 1, "method": "objInfo", "params": [{"mask": 2097152, "childOrSibling": [], "childOrSiblingSelector": [], "resourceId": "tech.gtt.frontapp.stb.demo:id/et_pwd"}]}}
06-18 14:17:37.825 D/UiDevice(24405): Retrieving node with selector: BySelector [RES='\Qtech.gtt.frontapp.stb.demo:id/et_pwd\E'].
06-18 14:17:37.826 W/QueryController(24405): Could not detect idle state.
06-18 14:17:37.834 W/QueryController(24405): Could not detect idle state.
06-18 14:17:37.836 W/QueryController(24405): Could not detect idle state.
06-18 14:17:37.839 W/QueryController(24405): Could not detect idle state.
06-18 14:17:37.840 W/QueryController(24405): Could not detect idle state.
06-18 14:17:37.841 W/QueryController(24405): Could not detect idle state.
06-18 14:17:37.842 W/QueryController(24405): Could not detect idle state.
06-18 14:17:37.842 W/QueryController(24405): Could not detect idle state.
06-18 14:17:37.843 W/QueryController(24405): Could not detect idle state.
06-18 14:17:37.843 W/QueryController(24405): Could not detect idle state.
06-18 14:17:37.844 W/QueryController(24405): Could not detect idle state.
06-18 14:17:37.844 W/QueryController(24405): Could not detect idle state.
06-18 14:17:37.845 W/QueryController(24405): Could not detect idle state.
06-18 14:17:37.847 W/QueryController(24405): Could not detect idle state.
06-18 14:17:37.848 W/NotificationHistory( 1936): Attempted to add notif for locked/gone/disabled user 0
06-18 14:17:37.848 W/QueryController(24405): Could not detect idle state.
06-18 14:17:37.856 W/QueryController(24405): Could not detect idle state.
06-18 14:17:37.859 W/QueryController(24405): Could not detect idle state.
06-18 14:17:37.862 W/QueryController(24405): Could not detect idle state.
06-18 14:17:37.862 D/InterruptionStateProvider( 2106): No bubble up: not allowed to bubble: -1|android|8|null|1000
06-18 14:17:37.863 D/InterruptionStateProvider( 2106): No heads up: unimportant notification: -1|android|8|null|1000
06-18 14:17:37.863 D/PeopleSpaceWidgetMgr( 2106): Sbn doesn't contain valid PeopleTileKey: null/-1/android
06-18 14:17:37.890 D/UIAutomatorStub(24405): URI: /jsonrpc/0, Method: POST, params, {NanoHttpd.QUERY_STRING=null}, files: {postData={"jsonrpc": "2.0", "id": 1, "method": "click", "params": [1057.0, 559.0]}}
06-18 14:17:37.926 D/InterruptionStateProvider( 2106): No bubble up: not allowed to bubble: -1|android|8|null|1000
06-18 14:17:37.926 D/InterruptionStateProvider( 2106): No heads up: unimportant notification: -1|android|8|null|1000
06-18 14:17:37.930 D/PeopleSpaceWidgetMgr( 2106): Sbn doesn't contain valid PeopleTileKey: null/-1/android
06-18 14:17:37.959 D/InterruptionStateProvider( 2106): No bubble up: not allowed to bubble: -1|android|8|null|1000
06-18 14:17:37.960 D/InterruptionStateProvider( 2106): No heads up: unimportant notification: -1|android|8|null|1000
06-18 14:17:37.963 D/PeopleSpaceWidgetMgr( 2106): Sbn doesn't contain valid PeopleTileKey: null/-1/android
06-18 14:17:38.016 D/InputMethodManager(24460): showSoftInput() view=tech.gtt.frontapp.stb.c.ui.edittext.NormalFocusEditText{de742be VFED..CL. .F.P..ID 0,0-700,92 #7f0b0172 app:id/et_pwd aid=1073741826} flags=0 reason=SHOW_SOFT_INPUT
06-18 14:17:38.016 I/AdbKeyboard( 3034): imeAction: 5 Next
06-18 14:17:38.016 V/InputMethodService( 3034): onEvaluateInputViewShown: config.hardKeyboardHidden = 2
06-18 14:17:38.016 V/InputMethodService( 3034): onEvaluateInputViewShown: config.hardKeyboardHidden = 2
06-18 14:17:38.016 V/InputMethodService( 3034): onEvaluateInputViewShown: config.hardKeyboardHidden = 2
06-18 14:17:38.016 V/InputMethodService( 3034): onEvaluateInputViewShown: config.hardKeyboardHidden = 2
06-18 14:17:38.032 D/InsetsController(24460): show(ime(), fromIme=true)
06-18 14:17:38.033 D/InsetsController(24460): show(ime(), fromIme=true)
06-18 14:17:38.051 D/UIAutomatorStub(24405): URI: /jsonrpc/0, Method: POST, params, {NanoHttpd.QUERY_STRING=null}, files: {postData={"jsonrpc": "2.0", "id": 1, "method": "waitForExists", "params": [{"mask": 2097152, "childOrSibling": [], "childOrSiblingSelector": [], "resourceId": "tech.gtt.frontapp.stb.demo:id/et_pwd"}, 20000]}}
06-18 14:17:38.054 D/UiDevice(24405): Waiting 20000ms for SearchCondition[hasObject=BySelector [RES='\Qtech.gtt.frontapp.stb.demo:id/et_pwd\E']].
06-18 14:17:38.054 D/UiDevice(24405): Searching for node with selector: BySelector [RES='\Qtech.gtt.frontapp.stb.demo:id/et_pwd\E'].
06-18 14:17:38.057 W/QueryController(24405): Could not detect idle state.
06-18 14:17:38.082 D/UIAutomatorStub(24405): URI: /jsonrpc/0, Method: POST, params, {NanoHttpd.QUERY_STRING=null}, files: {postData={"jsonrpc": "2.0", "id": 1, "method": "setText", "params": [{"mask": 2097152, "childOrSibling": [], "childOrSiblingSelector": [], "resourceId": "tech.gtt.frontapp.stb.demo:id/et_pwd"}, "123456"]}}
06-18 14:17:38.083 D/UiDevice(24405): Retrieving node with selector: BySelector [RES='\Qtech.gtt.frontapp.stb.demo:id/et_pwd\E'].
06-18 14:17:38.083 W/QueryController(24405): Could not detect idle state.
06-18 14:17:38.088 W/SurfaceFlinger( 1779): couldn't log to binary event log: overflow.
06-18 14:17:38.091 W/QueryController(24405): Could not detect idle state.
06-18 14:17:38.094 D/UiObject2(24405): Clicking on (1057, 559).
06-18 14:17:38.119 D/InputMethodManager(24460): showSoftInput() view=tech.gtt.frontapp.stb.c.ui.edittext.NormalFocusEditText{de742be VFED..CL. .F.P.... 0,0-700,92 #7f0b0172 app:id/et_pwd aid=1073741826} flags=0 reason=SHOW_SOFT_INPUT
06-18 14:17:38.122 V/InputMethodService( 3034): onEvaluateInputViewShown: config.hardKeyboardHidden = 2
06-18 14:17:38.123 V/InputMethodService( 3034): onEvaluateInputViewShown: config.hardKeyboardHidden = 2
06-18 14:17:38.125 D/InsetsController(24460): show(ime(), fromIme=true)
06-18 14:17:38.130 W/GestureController(24405): Gestures took longer than expected (36ms >> 16ms), device might be in a busy state.
06-18 14:17:38.130 D/UiDevice(24405): Retrieving node with selector: BySelector [RES='\Qtech.gtt.frontapp.stb.demo:id/et_pwd\E'].
06-18 14:17:38.131 W/QueryController(24405): Could not detect idle state.
06-18 14:17:38.133 W/QueryController(24405): Could not detect idle state.
06-18 14:17:38.134 D/UiObject2(24405): Setting text to '123456'.
06-18 14:17:38.141 I/AdbKeyboard( 3034): imeAction: 5 Next
06-18 14:17:38.141 V/InputMethodService( 3034): onEvaluateInputViewShown: config.hardKeyboardHidden = 2
06-18 14:17:38.141 V/InputMethodService( 3034): onEvaluateInputViewShown: config.hardKeyboardHidden = 2
06-18 14:17:38.146 D/InsetsController(24460): show(ime(), fromIme=true)
06-18 14:17:38.150 D/UIAutomatorStub(24405): URI: /jsonrpc/0, Method: POST, params, {NanoHttpd.QUERY_STRING=null}, files: {postData={"jsonrpc": "2.0", "id": 1, "method": "waitForExists", "params": [{"mask": 2097152, "childOrSibling": [], "childOrSiblingSelector": [], "resourceId": "tech.gtt.frontapp.stb.demo:id/remember_pwd_cb"}, 20000]}}
06-18 14:17:38.151 D/UiDevice(24405): Waiting 20000ms for SearchCondition[hasObject=BySelector [RES='\Qtech.gtt.frontapp.stb.demo:id/remember_pwd_cb\E']].
06-18 14:17:38.151 D/UiDevice(24405): Searching for node with selector: BySelector [RES='\Qtech.gtt.frontapp.stb.demo:id/remember_pwd_cb\E'].
06-18 14:17:38.151 W/QueryController(24405): Could not detect idle state.
06-18 14:17:38.173 D/UIAutomatorStub(24405): URI: /jsonrpc/0, Method: POST, params, {NanoHttpd.QUERY_STRING=null}, files: {postData={"jsonrpc": "2.0", "id": 1, "method": "objInfo", "params": [{"mask": 2097152, "childOrSibling": [], "childOrSiblingSelector": [], "resourceId": "tech.gtt.frontapp.stb.demo:id/remember_pwd_cb"}]}}
06-18 14:17:38.177 D/UiDevice(24405): Retrieving node with selector: BySelector [RES='\Qtech.gtt.frontapp.stb.demo:id/remember_pwd_cb\E'].
06-18 14:17:38.178 W/QueryController(24405): Could not detect idle state.
06-18 14:17:38.181 W/QueryController(24405): Could not detect idle state.
06-18 14:17:38.182 W/QueryController(24405): Could not detect idle state.
06-18 14:17:38.183 W/QueryController(24405): Could not detect idle state.
06-18 14:17:38.184 W/QueryController(24405): Could not detect idle state.
06-18 14:17:38.184 W/QueryController(24405): Could not detect idle state.
06-18 14:17:38.185 W/QueryController(24405): Could not detect idle state.
06-18 14:17:38.185 W/QueryController(24405): Could not detect idle state.
06-18 14:17:38.190 W/QueryController(24405): Could not detect idle state.
06-18 14:17:38.192 W/QueryController(24405): Could not detect idle state.
06-18 14:17:38.192 W/QueryController(24405): Could not detect idle state.
06-18 14:17:38.193 W/QueryController(24405): Could not detect idle state.
06-18 14:17:38.193 W/QueryController(24405): Could not detect idle state.
06-18 14:17:38.194 W/QueryController(24405): Could not detect idle state.
06-18 14:17:38.194 W/QueryController(24405): Could not detect idle state.
06-18 14:17:38.195 W/QueryController(24405): Could not detect idle state.
06-18 14:17:38.195 W/QueryController(24405): Could not detect idle state.
06-18 14:17:38.196 W/QueryController(24405): Could not detect idle state.
06-18 14:17:38.202 D/UIAutomatorStub(24405): URI: /jsonrpc/0, Method: POST, params, {NanoHttpd.QUERY_STRING=null}, files: {postData={"jsonrpc": "2.0", "id": 1, "method": "click", "params": [729.0, 656.0]}}
06-18 14:17:38.225 D/InterruptionStateProvider( 2106): No bubble up: not allowed to bubble: -1|android|8|null|1000
06-18 14:17:38.226 D/InterruptionStateProvider( 2106): No heads up: unimportant notification: -1|android|8|null|1000
06-18 14:17:38.230 D/PeopleSpaceWidgetMgr( 2106): Sbn doesn't contain valid PeopleTileKey: null/-1/android
06-18 14:17:38.244 D/InterruptionStateProvider( 2106): No bubble up: not allowed to bubble: -1|android|8|null|1000
06-18 14:17:38.245 D/InterruptionStateProvider( 2106): No heads up: unimportant notification: -1|android|8|null|1000
06-18 14:17:38.247 E/libEGL  (24460): called unimplemented OpenGL ES API
06-18 14:17:38.248 D/PeopleSpaceWidgetMgr( 2106): Sbn doesn't contain valid PeopleTileKey: null/-1/android
06-18 14:17:38.331 D/InterruptionStateProvider( 2106): No bubble up: not allowed to bubble: -1|android|8|null|1000
06-18 14:17:38.331 D/InterruptionStateProvider( 2106): No heads up: unimportant notification: -1|android|8|null|1000
06-18 14:17:38.333 D/PeopleSpaceWidgetMgr( 2106): Sbn doesn't contain valid PeopleTileKey: null/-1/android
06-18 14:17:38.360 D/InterruptionStateProvider( 2106): No bubble up: not allowed to bubble: -1|android|8|null|1000
06-18 14:17:38.361 D/InterruptionStateProvider( 2106): No heads up: unimportant notification: -1|android|8|null|1000
06-18 14:17:38.365 D/ProcessState(24897): Binder ioctl to enable oneway spam detection failed: Invalid argument
06-18 14:17:38.365 D/PeopleSpaceWidgetMgr( 2106): Sbn doesn't contain valid PeopleTileKey: null/-1/android
06-18 14:17:38.398 D/ProcessState(24900): Binder ioctl to enable oneway spam detection failed: Invalid argument
06-18 14:17:38.442 D/UIAutomatorStub(24405): URI: /jsonrpc/0, Method: POST, params, {NanoHttpd.QUERY_STRING=null}, files: {postData={"jsonrpc": "2.0", "id": 1, "method": "click", "params": [1105, 761]}}
06-18 14:17:38.563 V/GSK-Account:AccountManager(24460): disableSavePwd=false
06-18 14:17:38.565 V/GSK-Account:EmailOrPhoneLoginStrategy(24460): disableSavePwd=false
06-18 14:17:38.579 E/ActivityThread(24460): Failed to find provider info for com.uv.droid.uotaback.storage.provider
06-18 14:17:38.582 E/ActivityThread(24460): Failed to find provider info for com.uv.droid.booster.vod.provider
06-18 14:17:38.582 E/ontapp.stb.dem(24460): No implementation found for java.lang.String os.SystemPropertiesKt.native_get(java.lang.String) (tried Java_os_SystemPropertiesKt_native_1get and Java_os_SystemPropertiesKt_native_1get__Ljava_lang_String_2)
06-18 14:17:38.583 V/GSK-Account:AccountManager(24460): isLoggedIn=false
06-18 14:17:38.584 V/GSK-APIS(24460): =======================NEW REQUEST=========================
06-18 14:17:38.584 V/GSK-APIS(24460): Request:	/api/enduser/account/user/login/v1	POST
06-18 14:17:38.584 V/GSK-APIS(24460): RequestIdentify:	1ddc4783
06-18 14:17:38.584 V/GSK-APIS(24460): 
06-18 14:17:38.584 V/GSK-APIS(24460): RequestHeaders in a readable format:
06-18 14:17:38.584 V/GSK-APIS(24460): X-App-Id: db589110cb7457cd607739664dc44e61c217d77681427dacfe2f262f1927cd8f
06-18 14:17:38.584 V/GSK-APIS(24460): X-Source-Id: 30006401-31002837
06-18 14:17:38.584 V/GSK-APIS(24460): X-Version-Code: 7
06-18 14:17:38.584 V/GSK-APIS(24460): X-Brand-Id: 66d009603c38ec6574e5b77ce48fb7070a3f7ed622c465b05fc56110bd72fc65
06-18 14:17:38.584 V/GSK-APIS(24460): X-Version-Seq: 1
06-18 14:17:38.584 V/GSK-APIS(24460): X-App-Type-Text: STB
06-18 14:17:38.584 V/GSK-APIS(24460): Accept-Language: en
06-18 14:17:38.584 V/GSK-APIS(24460): 
06-18 14:17:38.584 V/GSK-APIS(24460): 
06-18 14:17:38.584 V/GSK-APIS(24460): RequestParams in Json Format:
