06-18 13:54:02.412 W/ByMatcher(21418): Node returned null child: android.view.accessibility.AccessibilityNodeInfo@8000710c; boundsInParent: Rect(0, 0 - 1920, 1080); boundsInScreen: Rect(0, 0 - 1920, 1080); packageName: tech.gtt.frontapp.stb.demo; className: android.widget.FrameLayout; text: null; error: null; maxTextLength: -1; stateDescription: null; contentDescription: null; tooltipText: null; viewIdResName: null; checkable: false; checked: false; focusable: false; focused: false; selected: false; clickable: false; longClickable: false; contextClickable: false; enabled: true; password: false; scrollable: false; importantForAccessibility: true; visible: true; actions: [AccessibilityAction: ACTION_SELECT - null, AccessibilityAction: ACTION_CLEAR_SELECTION - null, AccessibilityAction: ACTION_ACCESSIBILITY_FOCUS - null, AccessibilityAction: ACTION_SHOW_ON_SCREEN - null]
06-18 13:54:02.413 W/ByMatcher(21418): Skipping null child (0 of 2)
06-18 13:54:02.414 W/ByMatcher(21418): Skipping null child (1 of 2)
06-18 13:54:02.417 W/ByMatcher(21418): Node returned null child: android.view.accessibility.AccessibilityNodeInfo@8000710c; boundsInParent: Rect(0, 0 - 1920, 1080); boundsInScreen: Rect(0, 0 - 1920, 1080); packageName: tech.gtt.frontapp.stb.demo; className: android.widget.FrameLayout; text: null; error: null; maxTextLength: -1; stateDescription: null; contentDescription: null; tooltipText: null; viewIdResName: null; checkable: false; checked: false; focusable: false; focused: false; selected: false; clickable: false; longClickable: false; contextClickable: false; enabled: true; password: false; scrollable: false; importantForAccessibility: true; visible: true; actions: [AccessibilityAction: ACTION_SELECT - null, AccessibilityAction: ACTION_CLEAR_SELECTION - null, AccessibilityAction: ACTION_ACCESSIBILITY_FOCUS - null, AccessibilityAction: ACTION_SHOW_ON_SCREEN - null]
06-18 13:54:02.420 W/ByMatcher(21418): Skipping null child (0 of 2)
06-18 13:54:02.422 W/ByMatcher(21418): Skipping null child (1 of 2)
06-18 13:54:02.428 I/ActivityTaskManager( 1936): Displayed tech.gtt.frontapp.stb.demo/tech.gtt.frontapp.stb.m.home.activity.LoadingActivity: +402ms
06-18 13:54:02.441 D/CompatibilityChangeReporter(21481): Compat change id reported: 171228096; UID 10058; state: ENABLED
06-18 13:54:02.454 W/DataBinding(21481): Setting the fragment as the LifecycleOwner might cause memory leaks because views lives shorter than the Fragment. Consider using Fragment's view lifecycle
06-18 13:54:02.472 I/MediaFocusControl( 1936): requestAudioFocus() from uid/pid 10058/21481 AA=USAGE_MEDIA/CONTENT_TYPE_MOVIE clientId=android.media.AudioManager@945bd64 callingPack=tech.gtt.frontapp.stb.demo req=1 flags=0x0 sdk=35
06-18 13:54:02.473 I/AudioService.FadeOutManager( 1936): unfadeOutUid() uid:10058
06-18 13:54:02.482 W/MediaProvider( 2560): Failed to fetch original file descriptor
06-18 13:54:02.482 W/MediaProvider( 2560): java.io.IOException: stat failed: ENOENT (No such file or directory)
06-18 13:54:02.482 W/MediaProvider( 2560): 	at com.android.providers.media.MediaProvider.getFileFromFileDescriptor(MediaProvider.java:5822)
06-18 13:54:02.482 W/MediaProvider( 2560): 	at com.android.providers.media.MediaProvider.getOriginalMediaFormatFileDescriptor(MediaProvider.java:5739)
06-18 13:54:02.482 W/MediaProvider( 2560): 	at com.android.providers.media.MediaProvider.openTypedAssetFileCommon(MediaProvider.java:7162)
06-18 13:54:02.482 W/MediaProvider( 2560): 	at com.android.providers.media.MediaProvider.openTypedAssetFile(MediaProvider.java:7143)
06-18 13:54:02.482 W/MediaProvider( 2560): 	at android.content.ContentProvider$Transport.openTypedAssetFile(ContentProvider.java:548)
06-18 13:54:02.482 W/MediaProvider( 2560): 	at android.content.ContentProviderNative.onTransact(ContentProviderNative.java:327)
06-18 13:54:02.482 W/MediaProvider( 2560): 	at android.os.Binder.execTransactInternal(Binder.java:1179)
06-18 13:54:02.482 W/MediaProvider( 2560): 	at android.os.Binder.execTransact(Binder.java:1143)
06-18 13:54:02.482 W/MediaProvider( 2560): Caused by: android.system.ErrnoException: stat failed: ENOENT (No such file or directory)
06-18 13:54:02.482 W/MediaProvider( 2560): 	at libcore.io.Linux.stat(Native Method)
06-18 13:54:02.482 W/MediaProvider( 2560): 	at libcore.io.ForwardingOs.stat(ForwardingOs.java:853)
06-18 13:54:02.482 W/MediaProvider( 2560): 	at libcore.io.BlockGuardOs.stat(BlockGuardOs.java:420)
06-18 13:54:02.482 W/MediaProvider( 2560): 	at libcore.io.ForwardingOs.stat(ForwardingOs.java:853)
06-18 13:54:02.482 W/MediaProvider( 2560): 	at android.app.ActivityThread$AndroidOs.stat(ActivityThread.java:7775)
06-18 13:54:02.482 W/MediaProvider( 2560): 	at android.system.Os.stat(Os.java:919)
06-18 13:54:02.482 W/MediaProvider( 2560): 	at com.android.providers.media.MediaProvider.getFileFromFileDescriptor(MediaProvider.java:5816)
06-18 13:54:02.482 W/MediaProvider( 2560): 	... 7 more
06-18 13:54:02.483 D/NuPlayerDriver( 1809): NuPlayerDriver(0xf5c02920) created, clientPid(21481)
06-18 13:54:02.487 D/SurfaceUtils( 1809): connecting to surface 0xf0801948, reason setVideoSurfaceTexture
06-18 13:54:02.488 D/NuPlayer( 1809): onSetVideoSurface(0xf0803270, no video decoder)
06-18 13:54:02.490 D/GenericSource( 1809): FileSource remote
06-18 13:54:02.495 I/SampleTable( 1807): There are reordered frames present.
06-18 13:54:02.502 D/MediaBufferGroup( 1807): creating MemoryDealer
06-18 13:54:02.515 D/MediaPlayerNative(21481): getMetadata
06-18 13:54:02.522 V/GSK-APIS(21481): received response >>> id: 8975e82d url: https://gtt-app-apigateway-lion.vdemosit.com/api/enduser/messagecenter/message/query/v1 statusCode: 400, exception: null
06-18 13:54:02.523 I/System.out(21481): [SDKInterceptorPlugin] Unhandled exception in request processing: Something went wrong while connecting to the server, statusCode: 400
06-18 13:54:02.524 D/UiDevice(21418): Searching for node with selector: BySelector [RES='\Qtech.gtt.frontapp.stb.demo:id/account_login_tv2\E'].
06-18 13:54:02.524 W/QueryController(21418): Could not detect idle state.
06-18 13:54:02.528 I/GenericSource( 1809): start
06-18 13:54:02.534 I/OMXClient( 1809): IOmx service obtained
06-18 13:54:02.534 I/OMXClient( 1809): IOmx service obtained
06-18 13:54:02.535 I/OMXStore( 1812): makeComponentInstance(OMX.google.aac.decoder) in android.hardwar process
06-18 13:54:02.535 I/OMXStore( 1812): makeComponentInstance(OMX.google.h264.decoder) in android.hardwar process
06-18 13:54:02.538 E/OMXNodeInstance( 1812): setConfig(0xe6d402b0:google.aac.decoder, ConfigPriority(0x6f800002)) ERROR: Undefined(0x80001001)
06-18 13:54:02.539 I/ACodec  ( 1809): codec does not support config priority (err -2147483648)
06-18 13:54:02.539 E/OMXNodeInstance( 1812): getConfig(0xe6d402b0:google.aac.decoder, ConfigAndroidVendorExtension(0x6f100004)) ERROR: Undefined(0x80001001)
06-18 13:54:02.539 D/SoftAAC2( 1812): get OMX_IndexParamAudioAndroidAacDrcPresentation
06-18 13:54:02.543 D/SurfaceUtils( 1809): disconnecting from surface 0xf0803278, reason onConfigure
06-18 13:54:02.544 I/MediaCodec( 1809): MediaCodec will operate in async mode
06-18 13:54:02.544 D/SurfaceUtils( 1809): connecting to surface 0xf0803278, reason connectToSurface
06-18 13:54:02.545 D/MediaCodec( 1809): keep callback message for reclaim
06-18 13:54:02.547 I/MediaCodec( 1809): [OMX.google.h264.decoder] setting surface generation to 1852436
06-18 13:54:02.547 D/SurfaceUtils( 1809): disconnecting from surface 0xf0803278, reason connectToSurface(reconnect)
06-18 13:54:02.548 D/SurfaceUtils( 1809): connecting to surface 0xf0803278, reason connectToSurface(reconnect)
06-18 13:54:02.552 E/OMXNodeInstance( 1812): getExtensionIndex(0xe6d40ef0:google.h264.decoder, OMX.google.android.index.enableAndroidNativeBuffers) ERROR: UnsupportedIndex(0x8000101a)
06-18 13:54:02.553 E/ACodec  ( 1809): [OMX.google.h264.decoder] setPortMode on output to DynamicANWBuffer failed w/ err -1010
06-18 13:54:02.553 E/OMXNodeInstance( 1812): getParameter(0xe6d40ef0:google.h264.decoder, ??(0x6f600011)) ERROR: UnsupportedIndex(0x8000101a)
06-18 13:54:02.553 W/OMXNodeInstance( 1812): [0xe6d40ef0:google.h264.decoder] component does not support metadata mode; using fallback
06-18 13:54:02.556 D/SoftVideoDecoderOMXComponent( 1812): Color Aspects preference: 1 
06-18 13:54:02.556 E/OMXNodeInstance( 1812): setConfig(0xe6d40ef0:google.h264.decoder, ConfigPriority(0x6f800002)) ERROR: UnsupportedIndex(0x8000101a)
06-18 13:54:02.557 I/ACodec  ( 1809): codec does not support config priority (err -1010)
06-18 13:54:02.557 E/OMXNodeInstance( 1812): setConfig(0xe6d40ef0:google.h264.decoder, ConfigOperatingRate(0x6f800003)) ERROR: UnsupportedIndex(0x8000101a)
06-18 13:54:02.557 I/ACodec  ( 1809): codec does not support config operating rate (err -1010)
06-18 13:54:02.558 E/OMXNodeInstance( 1812): getConfig(0xe6d40ef0:google.h264.decoder, ConfigAndroidVendorExtension(0x6f100004)) ERROR: UnsupportedIndex(0x8000101a)
06-18 13:54:02.559 E/OMXNodeInstance( 1812): getConfig(0xe6d40ef0:google.h264.decoder, ??(0x7f000003)) ERROR: UnsupportedSetting(0x80001019)
06-18 13:54:02.561 I/MediaCodec( 1809): MediaCodec will operate in async mode
06-18 13:54:02.561 D/MediaCodec( 1809): keep callback message for reclaim
06-18 13:54:02.562 I/SoftAAC2( 1812): Reconfiguring decoder: 0->44100 Hz, 0->1 channels
06-18 13:54:02.562 D/SoftAAC2( 1812): get OMX_IndexParamAudioAndroidAacDrcPresentation
06-18 13:54:02.569 W/ResourceManagerService( 1809): Ignoring request to add new resource entry with value <= 0
06-18 13:54:02.572 D/AudioFlinger( 1776): Client defaulted notificationFrames to 11286 for frameCount 22572
06-18 13:54:02.573 D/SoftVideoDecoderOMXComponent( 1812): Color Aspects preference: 1 
06-18 13:54:02.574 D/AF::TrackHandle( 1776): OpPlayAudio: track:76 usage:1 not muted
06-18 13:54:02.574 E/OMXNodeInstance( 1812): getConfig(0xe6d40ef0:google.h264.decoder, ??(0x7f000003)) ERROR: UnsupportedSetting(0x80001019)
06-18 13:54:02.588 D/MediaCodec( 1809): [OMX.google.h264.decoder] setting dataspace on output surface to #102
06-18 13:54:02.641 E/android.hardware.audio.service( 1759): pcm_open called create stream faild
06-18 13:54:02.642 W/MediaPlayerNative(21481): info/warning (3, 0)
06-18 13:54:02.645 D/gralloc_nox( 1767): gralloc_alloc: Creating ashmem region of size 589824
06-18 13:54:02.658 D/UiDevice(21418): Searching for node with selector: BySelector [RES='\Qtech.gtt.frontapp.stb.demo:id/account_login_tv2\E'].
06-18 13:54:02.660 W/QueryController(21418): Could not detect idle state.
06-18 13:54:02.663 D/SoftwareRenderer( 1809): setting dataspace on output surface to #8000102
06-18 13:54:02.665 D/gralloc_nox( 1767): gralloc_alloc: Creating ashmem region of size 589824
06-18 13:54:02.678 D/gralloc_nox( 1767): gralloc_alloc: Creating ashmem region of size 589824
06-18 13:54:02.690 W/InputManager-JNI( 1936): Input channel object '7a8d3c1 tech.gtt.frontapp.stb.demo/tech.gtt.frontapp.stb.m.home.activity.SplashActivity (client)' was disposed without first being removed with the input manager!
06-18 13:54:02.710 D/AudioFlinger( 1776): mixer(0x7e14b2cf8a60) throttle end: throttle time(41)
06-18 13:54:02.802 D/UiDevice(21418): Searching for node with selector: BySelector [RES='\Qtech.gtt.frontapp.stb.demo:id/account_login_tv2\E'].
06-18 13:54:02.803 W/QueryController(21418): Could not detect idle state.
06-18 13:54:02.912 D/UiDevice(21418): Searching for node with selector: BySelector [RES='\Qtech.gtt.frontapp.stb.demo:id/account_login_tv2\E'].
06-18 13:54:02.912 W/QueryController(21418): Could not detect idle state.
06-18 13:54:02.988 D/AudioFlinger( 1776): mixer(0x7e14b2cf8a60) throttle end: throttle time(201)
06-18 13:54:03.020 D/UiDevice(21418): Searching for node with selector: BySelector [RES='\Qtech.gtt.frontapp.stb.demo:id/account_login_tv2\E'].
06-18 13:54:03.020 W/QueryController(21418): Could not detect idle state.
06-18 13:54:03.072 D/AudioFlinger( 1776): mixer(0x7e14b2cf8a60) throttle end: throttle time(22)
06-18 13:54:03.123 D/UiDevice(21418): Searching for node with selector: BySelector [RES='\Qtech.gtt.frontapp.stb.demo:id/account_login_tv2\E'].
06-18 13:54:03.124 W/QueryController(21418): Could not detect idle state.
06-18 13:54:03.228 D/UiDevice(21418): Searching for node with selector: BySelector [RES='\Qtech.gtt.frontapp.stb.demo:id/account_login_tv2\E'].
06-18 13:54:03.229 W/QueryController(21418): Could not detect idle state.
06-18 13:54:03.332 D/UiDevice(21418): Searching for node with selector: BySelector [RES='\Qtech.gtt.frontapp.stb.demo:id/account_login_tv2\E'].
06-18 13:54:03.332 W/QueryController(21418): Could not detect idle state.
06-18 13:54:03.438 D/UiDevice(21418): Searching for node with selector: BySelector [RES='\Qtech.gtt.frontapp.stb.demo:id/account_login_tv2\E'].
06-18 13:54:03.439 W/QueryController(21418): Could not detect idle state.
06-18 13:54:03.542 D/UiDevice(21418): Searching for node with selector: BySelector [RES='\Qtech.gtt.frontapp.stb.demo:id/account_login_tv2\E'].
06-18 13:54:03.542 W/QueryController(21418): Could not detect idle state.
06-18 13:54:03.647 D/UiDevice(21418): Searching for node with selector: BySelector [RES='\Qtech.gtt.frontapp.stb.demo:id/account_login_tv2\E'].
06-18 13:54:03.647 W/QueryController(21418): Could not detect idle state.
06-18 13:54:03.753 D/UiDevice(21418): Searching for node with selector: BySelector [RES='\Qtech.gtt.frontapp.stb.demo:id/account_login_tv2\E'].
06-18 13:54:03.754 W/QueryController(21418): Could not detect idle state.
06-18 13:54:03.857 D/UiDevice(21418): Searching for node with selector: BySelector [RES='\Qtech.gtt.frontapp.stb.demo:id/account_login_tv2\E'].
06-18 13:54:03.858 W/QueryController(21418): Could not detect idle state.
06-18 13:54:03.964 D/UiDevice(21418): Searching for node with selector: BySelector [RES='\Qtech.gtt.frontapp.stb.demo:id/account_login_tv2\E'].
06-18 13:54:03.965 W/QueryController(21418): Could not detect idle state.
06-18 13:54:04.076 D/UiDevice(21418): Searching for node with selector: BySelector [RES='\Qtech.gtt.frontapp.stb.demo:id/account_login_tv2\E'].
06-18 13:54:04.077 W/QueryController(21418): Could not detect idle state.
06-18 13:54:04.182 D/UiDevice(21418): Searching for node with selector: BySelector [RES='\Qtech.gtt.frontapp.stb.demo:id/account_login_tv2\E'].
06-18 13:54:04.183 W/QueryController(21418): Could not detect idle state.
06-18 13:54:04.288 D/UiDevice(21418): Searching for node with selector: BySelector [RES='\Qtech.gtt.frontapp.stb.demo:id/account_login_tv2\E'].
06-18 13:54:04.289 W/QueryController(21418): Could not detect idle state.
06-18 13:54:04.393 D/UiDevice(21418): Searching for node with selector: BySelector [RES='\Qtech.gtt.frontapp.stb.demo:id/account_login_tv2\E'].
06-18 13:54:04.394 W/QueryController(21418): Could not detect idle state.
06-18 13:54:04.497 D/UiDevice(21418): Searching for node with selector: BySelector [RES='\Qtech.gtt.frontapp.stb.demo:id/account_login_tv2\E'].
06-18 13:54:04.498 W/QueryController(21418): Could not detect idle state.
06-18 13:54:04.603 D/UiDevice(21418): Searching for node with selector: BySelector [RES='\Qtech.gtt.frontapp.stb.demo:id/account_login_tv2\E'].
06-18 13:54:04.604 W/QueryController(21418): Could not detect idle state.
06-18 13:54:04.707 D/UiDevice(21418): Searching for node with selector: BySelector [RES='\Qtech.gtt.frontapp.stb.demo:id/account_login_tv2\E'].
06-18 13:54:04.708 W/QueryController(21418): Could not detect idle state.
06-18 13:54:04.814 D/UiDevice(21418): Searching for node with selector: BySelector [RES='\Qtech.gtt.frontapp.stb.demo:id/account_login_tv2\E'].
06-18 13:54:04.814 W/QueryController(21418): Could not detect idle state.
06-18 13:54:04.919 D/UiDevice(21418): Searching for node with selector: BySelector [RES='\Qtech.gtt.frontapp.stb.demo:id/account_login_tv2\E'].
06-18 13:54:04.919 W/QueryController(21418): Could not detect idle state.
06-18 13:54:05.023 D/UiDevice(21418): Searching for node with selector: BySelector [RES='\Qtech.gtt.frontapp.stb.demo:id/account_login_tv2\E'].
06-18 13:54:05.023 W/QueryController(21418): Could not detect idle state.
06-18 13:54:05.134 D/UiDevice(21418): Searching for node with selector: BySelector [RES='\Qtech.gtt.frontapp.stb.demo:id/account_login_tv2\E'].
06-18 13:54:05.135 W/QueryController(21418): Could not detect idle state.
06-18 13:54:05.240 D/UiDevice(21418): Searching for node with selector: BySelector [RES='\Qtech.gtt.frontapp.stb.demo:id/account_login_tv2\E'].
06-18 13:54:05.240 W/QueryController(21418): Could not detect idle state.
06-18 13:54:05.345 D/UiDevice(21418): Searching for node with selector: BySelector [RES='\Qtech.gtt.frontapp.stb.demo:id/account_login_tv2\E'].
06-18 13:54:05.346 W/QueryController(21418): Could not detect idle state.
06-18 13:54:05.451 D/UiDevice(21418): Searching for node with selector: BySelector [RES='\Qtech.gtt.frontapp.stb.demo:id/account_login_tv2\E'].
06-18 13:54:05.452 W/QueryController(21418): Could not detect idle state.
06-18 13:54:05.541 E/TaskPersister( 1936): File error accessing recents directory (directory doesn't exist?).
06-18 13:54:05.555 D/UiDevice(21418): Searching for node with selector: BySelector [RES='\Qtech.gtt.frontapp.stb.demo:id/account_login_tv2\E'].
06-18 13:54:05.556 W/QueryController(21418): Could not detect idle state.
06-18 13:54:05.660 D/UiDevice(21418): Searching for node with selector: BySelector [RES='\Qtech.gtt.frontapp.stb.demo:id/account_login_tv2\E'].
06-18 13:54:05.662 W/QueryController(21418): Could not detect idle state.
06-18 13:54:05.742 I/keystore2( 1710): keystore2::watchdog: Watchdog thread idle -> terminating. Have a great day.
06-18 13:54:05.768 D/UiDevice(21418): Searching for node with selector: BySelector [RES='\Qtech.gtt.frontapp.stb.demo:id/account_login_tv2\E'].
06-18 13:54:05.770 W/QueryController(21418): Could not detect idle state.
06-18 13:54:05.874 D/UiDevice(21418): Searching for node with selector: BySelector [RES='\Qtech.gtt.frontapp.stb.demo:id/account_login_tv2\E'].
06-18 13:54:05.875 W/QueryController(21418): Could not detect idle state.
06-18 13:54:05.979 D/UiDevice(21418): Searching for node with selector: BySelector [RES='\Qtech.gtt.frontapp.stb.demo:id/account_login_tv2\E'].
06-18 13:54:05.980 W/QueryController(21418): Could not detect idle state.
06-18 13:54:06.083 D/UiDevice(21418): Searching for node with selector: BySelector [RES='\Qtech.gtt.frontapp.stb.demo:id/account_login_tv2\E'].
06-18 13:54:06.085 W/QueryController(21418): Could not detect idle state.
06-18 13:54:06.188 D/UiDevice(21418): Searching for node with selector: BySelector [RES='\Qtech.gtt.frontapp.stb.demo:id/account_login_tv2\E'].
06-18 13:54:06.190 W/QueryController(21418): Could not detect idle state.
06-18 13:54:06.295 D/UiDevice(21418): Searching for node with selector: BySelector [RES='\Qtech.gtt.frontapp.stb.demo:id/account_login_tv2\E'].
06-18 13:54:06.295 W/QueryController(21418): Could not detect idle state.
06-18 13:54:06.404 D/UiDevice(21418): Searching for node with selector: BySelector [RES='\Qtech.gtt.frontapp.stb.demo:id/account_login_tv2\E'].
06-18 13:54:06.405 W/QueryController(21418): Could not detect idle state.
06-18 13:54:06.509 D/UiDevice(21418): Searching for node with selector: BySelector [RES='\Qtech.gtt.frontapp.stb.demo:id/account_login_tv2\E'].
06-18 13:54:06.510 W/QueryController(21418): Could not detect idle state.
06-18 13:54:06.607 D/AudioTrack( 1809): stop(28): called with 200704 frames delivered
06-18 13:54:06.615 D/UiDevice(21418): Searching for node with selector: BySelector [RES='\Qtech.gtt.frontapp.stb.demo:id/account_login_tv2\E'].
06-18 13:54:06.615 W/QueryController(21418): Could not detect idle state.
06-18 13:54:06.722 D/UiDevice(21418): Searching for node with selector: BySelector [RES='\Qtech.gtt.frontapp.stb.demo:id/account_login_tv2\E'].
06-18 13:54:06.723 W/QueryController(21418): Could not detect idle state.
06-18 13:54:06.835 D/UiDevice(21418): Searching for node with selector: BySelector [RES='\Qtech.gtt.frontapp.stb.demo:id/account_login_tv2\E'].
06-18 13:54:06.836 W/QueryController(21418): Could not detect idle state.
06-18 13:54:06.942 D/UiDevice(21418): Searching for node with selector: BySelector [RES='\Qtech.gtt.frontapp.stb.demo:id/account_login_tv2\E'].
06-18 13:54:06.942 W/QueryController(21418): Could not detect idle state.
06-18 13:54:07.031 D/NuPlayerDriver( 1809): stop(0xf5c02920)
06-18 13:54:07.031 V/MediaPlayer(21481): resetDrmState:  mDrmInfo=null mDrmProvisioningThread=null mPrepareDrmInProgress=false mActiveDrmScheme=false
06-18 13:54:07.031 V/MediaPlayer(21481): cleanDrmObj: mDrmObj=null mDrmSessionId=null
06-18 13:54:07.032 D/NuPlayerDriver( 1809): reset(0xf5c02920) at state 8
06-18 13:54:07.036 D/SurfaceUtils( 1809): disconnecting from surface 0xf0803278, reason disconnectFromSurface
06-18 13:54:07.038 D/SurfaceUtils( 1809): connecting to surface 0xf0803278, reason onShutdown
06-18 13:54:07.040 D/NuPlayerDriver( 1809): notifyResetComplete(0xf5c02920)
06-18 13:54:07.040 D/SurfaceUtils( 1809): disconnecting from surface 0xf0801948, reason disconnectNativeWindow
06-18 13:54:07.041 W/AMessage( 1809): failed to post message as target looper for handler 0 is gone.
06-18 13:54:07.042 I/MediaFocusControl( 1936): abandonAudioFocus() from uid/pid 10058/21481 clientId=android.media.AudioManager@945bd64
06-18 13:54:07.043 I/ActivityTaskManager( 1936): START u0 {cmp=tech.gtt.frontapp.stb.demo/tech.gtt.frontapp.stb.m.account.activity.LoginMethodSwitchActivity (has extras)} from uid 10058
06-18 13:54:07.045 D/UiDevice(21418): Searching for node with selector: BySelector [RES='\Qtech.gtt.frontapp.stb.demo:id/account_login_tv2\E'].
06-18 13:54:07.046 W/QueryController(21418): Could not detect idle state.
06-18 13:54:07.049 I/MediaFocusControl( 1936): abandonAudioFocus() from uid/pid 10058/21481 clientId=android.media.AudioManager@945bd64
06-18 13:54:07.049 W/MediaPlayer(21481): mediaplayer went away with unhandled events
06-18 13:54:07.053 W/MediaPlayer(21481): mediaplayer went away with unhandled events
06-18 13:54:07.058 W/ActivityTaskManager( 1936): Tried to set launchTime (0) < mLastActivityLaunchTime (68938744)
06-18 13:54:07.074 D/AndroidAutoSize(21481): tech.gtt.frontapp.stb.m.account.activity.LoginMethodSwitchActivity used the global configuration.
06-18 13:54:07.075 D/AndroidAutoSize(21481): The tech.gtt.frontapp.stb.m.account.activity.LoginMethodSwitchActivity has been adapted! 
06-18 13:54:07.075 D/AndroidAutoSize(21481): LoginMethodSwitchActivity Info: isBaseOnWidth = true, designWidthInDp = 1920.000000, designWidthInSubunits = 1920.000000, targetDensity = 1.000000, targetScaledDensity = 1.000000, targetDensityDpi = 160, targetXdpi = 1.000000, targetScreenWidthDp = 1920, targetScreenHeightDp = 1032
06-18 13:54:07.111 D/AndroidAutoSize(21481): tech.gtt.frontapp.stb.m.account.activity.LoginMethodSwitchActivity used the global configuration.
06-18 13:54:07.111 D/AndroidAutoSize(21481): The tech.gtt.frontapp.stb.m.account.activity.LoginMethodSwitchActivity has been adapted! 
06-18 13:54:07.111 D/AndroidAutoSize(21481): LoginMethodSwitchActivity Info: isBaseOnWidth = true, designWidthInDp = 1920.000000, designWidthInSubunits = 1920.000000, targetDensity = 1.000000, targetScaledDensity = 1.000000, targetDensityDpi = 160, targetXdpi = 1.000000, targetScreenWidthDp = 1920, targetScreenHeightDp = 1032
06-18 13:54:07.114 W/WindowManager( 1936): Failed looking up window session=Session{dbbf845 21481:u0a10058} callers=com.android.server.wm.WindowManagerService.windowForClientLocked:5850 com.android.server.wm.Session.updateRequestedVisibilities:640 android.view.IWindowSession$Stub.onTransact:1175 
06-18 13:54:07.129 D/gralloc_nox( 1767): gralloc_alloc: Creating ashmem region of size 8298496
06-18 13:54:07.156 D/gralloc_nox( 1767): gralloc_alloc: Creating ashmem region of size 8298496
06-18 13:54:07.164 D/ProcessState(21884): Binder ioctl to enable oneway spam detection failed: Invalid argument
06-18 13:54:07.206 D/gralloc_nox( 1767): gralloc_alloc: Creating ashmem region of size 8298496
06-18 13:54:07.265 E/libEGL  (21481): called unimplemented OpenGL ES API
06-18 13:54:07.282 W/ByMatcher(21418): Node returned null child: android.view.accessibility.AccessibilityNodeInfo@ad1e; boundsInParent: Rect(0, 0 - 231, 539); boundsInScreen: Rect(844, 270 - 1075, 809); packageName: tech.gtt.frontapp.stb.demo; className: android.widget.LinearLayout; text: null; error: null; maxTextLength: -1; stateDescription: null; contentDescription: null; tooltipText: null; viewIdResName: null; checkable: false; checked: false; focusable: false; focused: false; selected: false; clickable: false; longClickable: false; contextClickable: false; enabled: true; password: false; scrollable: false; importantForAccessibility: false; visible: true; actions: [AccessibilityAction: ACTION_SELECT - null, AccessibilityAction: ACTION_CLEAR_SELECTION - null, AccessibilityAction: ACTION_ACCESSIBILITY_FOCUS - null, AccessibilityAction: ACTION_SHOW_ON_SCREEN - null]
06-18 13:54:07.282 W/ByMatcher(21418): Skipping null child (1 of 3)
06-18 13:54:07.283 W/ByMatcher(21418): Skipping null child (2 of 3)
06-18 13:54:07.288 W/ByMatcher(21418): Node returned null child: android.view.accessibility.AccessibilityNodeInfo@8000710e; boundsInParent: Rect(0, 0 - 1920, 1080); boundsInScreen: Rect(0, 0 - 1920, 1080); packageName: tech.gtt.frontapp.stb.demo; className: android.widget.FrameLayout; text: null; error: null; maxTextLength: -1; stateDescription: null; contentDescription: null; tooltipText: null; viewIdResName: null; checkable: false; checked: false; focusable: false; focused: false; selected: false; clickable: false; longClickable: false; contextClickable: false; enabled: true; password: false; scrollable: false; importantForAccessibility: true; visible: true; actions: [AccessibilityAction: ACTION_SELECT - null, AccessibilityAction: ACTION_CLEAR_SELECTION - null, AccessibilityAction: ACTION_ACCESSIBILITY_FOCUS - null, AccessibilityAction: ACTION_SHOW_ON_SCREEN - null]
06-18 13:54:07.289 W/ByMatcher(21418): Skipping null child (0 of 1)
06-18 13:54:07.290 I/ActivityTaskManager( 1936): Displayed tech.gtt.frontapp.stb.demo/tech.gtt.frontapp.stb.m.account.activity.LoginMethodSwitchActivity: +242ms
06-18 13:54:07.390 D/UiDevice(21418): Searching for node with selector: BySelector [RES='\Qtech.gtt.frontapp.stb.demo:id/account_login_tv2\E'].
06-18 13:54:07.391 W/QueryController(21418): Could not detect idle state.
06-18 13:54:07.409 D/UIAutomatorStub(21418): URI: /jsonrpc/0, Method: POST, params, {NanoHttpd.QUERY_STRING=null}, files: {postData={"jsonrpc": "2.0", "id": 1, "method": "objInfo", "params": [{"mask": 2097152, "childOrSibling": [], "childOrSiblingSelector": [], "resourceId": "tech.gtt.frontapp.stb.demo:id/account_login_tv2"}]}}
06-18 13:54:07.410 D/UiDevice(21418): Retrieving node with selector: BySelector [RES='\Qtech.gtt.frontapp.stb.demo:id/account_login_tv2\E'].
06-18 13:54:07.411 W/QueryController(21418): Could not detect idle state.
06-18 13:54:07.418 W/QueryController(21418): Could not detect idle state.
06-18 13:54:07.421 W/QueryController(21418): Could not detect idle state.
06-18 13:54:07.425 W/QueryController(21418): Could not detect idle state.
06-18 13:54:07.429 W/QueryController(21418): Could not detect idle state.
06-18 13:54:07.432 W/QueryController(21418): Could not detect idle state.
06-18 13:54:07.435 W/QueryController(21418): Could not detect idle state.
06-18 13:54:07.439 W/QueryController(21418): Could not detect idle state.
06-18 13:54:07.441 W/QueryController(21418): Could not detect idle state.
06-18 13:54:07.442 W/QueryController(21418): Could not detect idle state.
06-18 13:54:07.444 W/QueryController(21418): Could not detect idle state.
06-18 13:54:07.446 W/QueryController(21418): Could not detect idle state.
06-18 13:54:07.448 W/QueryController(21418): Could not detect idle state.
06-18 13:54:07.449 W/QueryController(21418): Could not detect idle state.
06-18 13:54:07.451 W/QueryController(21418): Could not detect idle state.
06-18 13:54:07.454 W/QueryController(21418): Could not detect idle state.
06-18 13:54:07.456 W/QueryController(21418): Could not detect idle state.
06-18 13:54:07.459 W/QueryController(21418): Could not detect idle state.
06-18 13:54:07.483 D/UIAutomatorStub(21418): URI: /jsonrpc/0, Method: POST, params, {NanoHttpd.QUERY_STRING=null}, files: {postData={"jsonrpc": "2.0", "id": 1, "method": "click", "params": [1390.0, 559.0]}}
06-18 13:54:07.532 W/InputManager-JNI( 1936): Input channel object '54cc16a tech.gtt.frontapp.stb.demo/tech.gtt.frontapp.stb.m.home.activity.LoadingActivity (client)' was disposed without first being removed with the input manager!
06-18 13:54:07.663 I/ActivityTaskManager( 1936): START u0 {cmp=tech.gtt.frontapp.stb.demo/tech.gtt.frontapp.stb.m.account.activity.LoginActivity} from uid 10058
06-18 13:54:07.672 W/ActivityTaskManager( 1936): Tried to set launchTime (0) < mLastActivityLaunchTime (68943736)
06-18 13:54:07.682 D/AndroidAutoSize(21481): tech.gtt.frontapp.stb.m.account.activity.LoginActivity used the global configuration.
06-18 13:54:07.684 D/AndroidAutoSize(21481): The tech.gtt.frontapp.stb.m.account.activity.LoginActivity has been adapted! 
06-18 13:54:07.684 D/AndroidAutoSize(21481): LoginActivity Info: isBaseOnWidth = true, designWidthInDp = 1920.000000, designWidthInSubunits = 1920.000000, targetDensity = 1.000000, targetScaledDensity = 1.000000, targetDensityDpi = 160, targetXdpi = 1.000000, targetScreenWidthDp = 1920, targetScreenHeightDp = 1032
06-18 13:54:07.703 D/UIAutomatorStub(21418): URI: /jsonrpc/0, Method: POST, params, {NanoHttpd.QUERY_STRING=null}, files: {postData={"jsonrpc": "2.0", "id": 1, "method": "waitForExists", "params": [{"mask": 2097152, "childOrSibling": [], "childOrSiblingSelector": [], "resourceId": "tech.gtt.frontapp.stb.demo:id/loginf_et_username"}, 20000]}}
06-18 13:54:07.705 D/UiDevice(21418): Waiting 20000ms for SearchCondition[hasObject=BySelector [RES='\Qtech.gtt.frontapp.stb.demo:id/loginf_et_username\E']].
06-18 13:54:07.706 D/UiDevice(21418): Searching for node with selector: BySelector [RES='\Qtech.gtt.frontapp.stb.demo:id/loginf_et_username\E'].
06-18 13:54:07.706 W/QueryController(21418): Could not detect idle state.
06-18 13:54:07.755 D/AndroidAutoSize(21481): tech.gtt.frontapp.stb.m.account.activity.LoginActivity used the global configuration.
06-18 13:54:07.755 D/AndroidAutoSize(21481): The tech.gtt.frontapp.stb.m.account.activity.LoginActivity has been adapted! 
06-18 13:54:07.755 D/AndroidAutoSize(21481): LoginActivity Info: isBaseOnWidth = true, designWidthInDp = 1920.000000, designWidthInSubunits = 1920.000000, targetDensity = 1.000000, targetScaledDensity = 1.000000, targetDensityDpi = 160, targetXdpi = 1.000000, targetScreenWidthDp = 1920, targetScreenHeightDp = 1032
06-18 13:54:07.758 W/WindowManager( 1936): Failed looking up window session=Session{dbbf845 21481:u0a10058} callers=com.android.server.wm.WindowManagerService.windowForClientLocked:5850 com.android.server.wm.Session.updateRequestedVisibilities:640 android.view.IWindowSession$Stub.onTransact:1175 
06-18 13:54:07.778 D/gralloc_nox( 1767): gralloc_alloc: Creating ashmem region of size 8298496
06-18 13:54:07.797 D/gralloc_nox( 1767): gralloc_alloc: Creating ashmem region of size 8298496
06-18 13:54:07.818 D/gralloc_nox( 1767): gralloc_alloc: Creating ashmem region of size 8298496
06-18 13:54:07.827 D/ProcessState(21896): Binder ioctl to enable oneway spam detection failed: Invalid argument
06-18 13:54:07.862 D/UiDevice(21418): Searching for node with selector: BySelector [RES='\Qtech.gtt.frontapp.stb.demo:id/loginf_et_username\E'].
06-18 13:54:07.864 W/QueryController(21418): Could not detect idle state.
06-18 13:54:07.899 I/ActivityTaskManager( 1936): Displayed tech.gtt.frontapp.stb.demo/tech.gtt.frontapp.stb.m.account.activity.LoginActivity: +236ms
06-18 13:54:08.040 D/UIAutomatorStub(21418): URI: /jsonrpc/0, Method: POST, params, {NanoHttpd.QUERY_STRING=null}, files: {postData={"jsonrpc": "2.0", "id": 1, "method": "objInfo", "params": [{"mask": 2097152, "childOrSibling": [], "childOrSiblingSelector": [], "resourceId": "tech.gtt.frontapp.stb.demo:id/loginf_et_username"}]}}
06-18 13:54:08.041 D/UiDevice(21418): Retrieving node with selector: BySelector [RES='\Qtech.gtt.frontapp.stb.demo:id/loginf_et_username\E'].
06-18 13:54:08.042 W/QueryController(21418): Could not detect idle state.
06-18 13:54:08.046 W/QueryController(21418): Could not detect idle state.
06-18 13:54:08.047 W/QueryController(21418): Could not detect idle state.
06-18 13:54:08.048 W/QueryController(21418): Could not detect idle state.
06-18 13:54:08.049 W/QueryController(21418): Could not detect idle state.
06-18 13:54:08.051 W/QueryController(21418): Could not detect idle state.
06-18 13:54:08.054 W/QueryController(21418): Could not detect idle state.
06-18 13:54:08.056 W/QueryController(21418): Could not detect idle state.
06-18 13:54:08.059 W/QueryController(21418): Could not detect idle state.
06-18 13:54:08.061 W/QueryController(21418): Could not detect idle state.
06-18 13:54:08.065 W/QueryController(21418): Could not detect idle state.
06-18 13:54:08.067 W/QueryController(21418): Could not detect idle state.
06-18 13:54:08.070 W/QueryController(21418): Could not detect idle state.
06-18 13:54:08.072 W/QueryController(21418): Could not detect idle state.
06-18 13:54:08.074 W/QueryController(21418): Could not detect idle state.
06-18 13:54:08.076 W/QueryController(21418): Could not detect idle state.
06-18 13:54:08.079 W/QueryController(21418): Could not detect idle state.
06-18 13:54:08.080 W/QueryController(21418): Could not detect idle state.
06-18 13:54:08.102 D/UIAutomatorStub(21418): URI: /jsonrpc/0, Method: POST, params, {NanoHttpd.QUERY_STRING=null}, files: {postData={"jsonrpc": "2.0", "id": 1, "method": "click", "params": [1057.0, 437.0]}}
06-18 13:54:08.156 W/SurfaceFlinger( 1779): couldn't log to binary event log: overflow.
06-18 13:54:08.284 D/CompatibilityChangeReporter(21481): Compat change id reported: 163400105; UID 10058; state: ENABLED
06-18 13:54:08.285 D/InputMethodManager(21481): showSoftInput() view=tech.gtt.frontapp.stb.c.ui.edittext.EmailAutoCompleteTextView{4d4acd4 VFED..CL. .F.P..ID 0,0-700,92 #7f0b02ce app:id/loginf_et_username aid=1073741824} flags=0 reason=SHOW_SOFT_INPUT
06-18 13:54:08.286 V/InputMethodService( 3034): onEvaluateInputViewShown: config.hardKeyboardHidden = 2
06-18 13:54:08.286 V/InputMethodService( 3034): onEvaluateInputViewShown: config.hardKeyboardHidden = 2
06-18 13:54:08.286 I/AdbKeyboard( 3034): imeAction: 5 Next
06-18 13:54:08.292 D/gralloc_nox( 1767): gralloc_alloc: Creating ashmem region of size 647168
06-18 13:54:08.328 D/gralloc_nox( 1767): gralloc_alloc: Creating ashmem region of size 647168
06-18 13:54:08.332 D/gralloc_nox( 1767): gralloc_alloc: Creating ashmem region of size 647168
06-18 13:54:08.344 D/ProcessState(21904): Binder ioctl to enable oneway spam detection failed: Invalid argument
06-18 13:54:08.345 D/InsetsController(21481): show(ime(), fromIme=true)
06-18 13:54:08.352 D/UIAutomatorStub(21418): URI: /jsonrpc/0, Method: POST, params, {NanoHttpd.QUERY_STRING=null}, files: {postData={"jsonrpc": "2.0", "id": 1, "method": "waitForExists", "params": [{"mask": 2097152, "childOrSibling": [], "childOrSiblingSelector": [], "resourceId": "tech.gtt.frontapp.stb.demo:id/loginf_et_username"}, 20000]}}
06-18 13:54:08.353 D/UiDevice(21418): Waiting 20000ms for SearchCondition[hasObject=BySelector [RES='\Qtech.gtt.frontapp.stb.demo:id/loginf_et_username\E']].
06-18 13:54:08.353 D/UiDevice(21418): Searching for node with selector: BySelector [RES='\Qtech.gtt.frontapp.stb.demo:id/loginf_et_username\E'].
06-18 13:54:08.353 W/QueryController(21418): Could not detect idle state.
06-18 13:54:08.395 D/UIAutomatorStub(21418): URI: /jsonrpc/0, Method: POST, params, {NanoHttpd.QUERY_STRING=null}, files: {postData={"jsonrpc": "2.0", "id": 1, "method": "setText", "params": [{"mask": 2097152, "childOrSibling": [], "childOrSiblingSelector": [], "resourceId": "tech.gtt.frontapp.stb.demo:id/loginf_et_username"}, "0609@ipwangxin.cn"]}}
06-18 13:54:08.396 D/UiDevice(21418): Retrieving node with selector: BySelector [RES='\Qtech.gtt.frontapp.stb.demo:id/loginf_et_username\E'].
06-18 13:54:08.396 W/QueryController(21418): Could not detect idle state.
06-18 13:54:08.399 W/QueryController(21418): Could not detect idle state.
06-18 13:54:08.407 D/UiObject2(21418): Clicking on (1057, 437).
06-18 13:54:08.434 D/InputMethodManager(21481): showSoftInput() view=tech.gtt.frontapp.stb.c.ui.edittext.EmailAutoCompleteTextView{4d4acd4 VFED..CL. .F.P.... 0,0-700,92 #7f0b02ce app:id/loginf_et_username aid=1073741824} flags=0 reason=SHOW_SOFT_INPUT
06-18 13:54:08.435 V/InputMethodService( 3034): onEvaluateInputViewShown: config.hardKeyboardHidden = 2
06-18 13:54:08.436 V/InputMethodService( 3034): onEvaluateInputViewShown: config.hardKeyboardHidden = 2
06-18 13:54:08.439 D/InsetsController(21481): show(ime(), fromIme=true)
06-18 13:54:08.449 W/GestureController(21418): Gestures took longer than expected (41ms >> 16ms), device might be in a busy state.
06-18 13:54:08.449 D/UiDevice(21418): Retrieving node with selector: BySelector [RES='\Qtech.gtt.frontapp.stb.demo:id/loginf_et_username\E'].
06-18 13:54:08.450 W/QueryController(21418): Could not detect idle state.
06-18 13:54:08.461 W/QueryController(21418): Could not detect idle state.
06-18 13:54:08.463 D/UiObject2(21418): Setting text to '0609@ipwangxin.cn'.
06-18 13:54:08.471 I/AdbKeyboard( 3034): imeAction: 5 Next
06-18 13:54:08.472 V/InputMethodService( 3034): onEvaluateInputViewShown: config.hardKeyboardHidden = 2
06-18 13:54:08.472 V/InputMethodService( 3034): onEvaluateInputViewShown: config.hardKeyboardHidden = 2
06-18 13:54:08.484 D/InsetsController(21481): show(ime(), fromIme=true)
06-18 13:54:08.508 D/UIAutomatorStub(21418): URI: /jsonrpc/0, Method: POST, params, {NanoHttpd.QUERY_STRING=null}, files: {postData={"jsonrpc": "2.0", "id": 1, "method": "waitForExists", "params": [{"mask": 2097152, "childOrSibling": [], "childOrSiblingSelector": [], "resourceId": "tech.gtt.frontapp.stb.demo:id/et_pwd"}, 20000]}}
06-18 13:54:08.510 D/UiDevice(21418): Waiting 20000ms for SearchCondition[hasObject=BySelector [RES='\Qtech.gtt.frontapp.stb.demo:id/et_pwd\E']].
06-18 13:54:08.511 D/UiDevice(21418): Searching for node with selector: BySelector [RES='\Qtech.gtt.frontapp.stb.demo:id/et_pwd\E'].
06-18 13:54:08.512 W/QueryController(21418): Could not detect idle state.
06-18 13:54:08.544 D/UIAutomatorStub(21418): URI: /jsonrpc/0, Method: POST, params, {NanoHttpd.QUERY_STRING=null}, files: {postData={"jsonrpc": "2.0", "id": 1, "method": "objInfo", "params": [{"mask": 2097152, "childOrSibling": [], "childOrSiblingSelector": [], "resourceId": "tech.gtt.frontapp.stb.demo:id/et_pwd"}]}}
06-18 13:54:08.545 D/UiDevice(21418): Retrieving node with selector: BySelector [RES='\Qtech.gtt.frontapp.stb.demo:id/et_pwd\E'].
06-18 13:54:08.545 W/QueryController(21418): Could not detect idle state.
06-18 13:54:08.548 W/QueryController(21418): Could not detect idle state.
06-18 13:54:08.549 W/QueryController(21418): Could not detect idle state.
06-18 13:54:08.551 W/QueryController(21418): Could not detect idle state.
06-18 13:54:08.553 W/QueryController(21418): Could not detect idle state.
06-18 13:54:08.554 W/QueryController(21418): Could not detect idle state.
06-18 13:54:08.555 W/QueryController(21418): Could not detect idle state.
06-18 13:54:08.555 W/QueryController(21418): Could not detect idle state.
06-18 13:54:08.556 W/QueryController(21418): Could not detect idle state.
06-18 13:54:08.557 W/QueryController(21418): Could not detect idle state.
06-18 13:54:08.558 W/QueryController(21418): Could not detect idle state.
06-18 13:54:08.558 W/QueryController(21418): Could not detect idle state.
06-18 13:54:08.559 W/QueryController(21418): Could not detect idle state.
06-18 13:54:08.560 W/QueryController(21418): Could not detect idle state.
06-18 13:54:08.561 W/QueryController(21418): Could not detect idle state.
06-18 13:54:08.561 W/QueryController(21418): Could not detect idle state.
06-18 13:54:08.562 W/QueryController(21418): Could not detect idle state.
06-18 13:54:08.563 W/QueryController(21418): Could not detect idle state.
06-18 13:54:08.592 D/UIAutomatorStub(21418): URI: /jsonrpc/0, Method: POST, params, {NanoHttpd.QUERY_STRING=null}, files: {postData={"jsonrpc": "2.0", "id": 1, "method": "click", "params": [1057.0, 559.0]}}
06-18 13:54:08.593 W/NotificationHistory( 1936): Attempted to add notif for locked/gone/disabled user 0
06-18 13:54:08.597 D/InterruptionStateProvider( 2106): No bubble up: not allowed to bubble: -1|android|8|null|1000
06-18 13:54:08.598 D/InterruptionStateProvider( 2106): No heads up: unimportant notification: -1|android|8|null|1000
06-18 13:54:08.598 D/PeopleSpaceWidgetMgr( 2106): Sbn doesn't contain valid PeopleTileKey: null/-1/android
06-18 13:54:08.650 D/InterruptionStateProvider( 2106): No bubble up: not allowed to bubble: -1|android|8|null|1000
06-18 13:54:08.652 D/InterruptionStateProvider( 2106): No heads up: unimportant notification: -1|android|8|null|1000
06-18 13:54:08.656 D/PeopleSpaceWidgetMgr( 2106): Sbn doesn't contain valid PeopleTileKey: null/-1/android
06-18 13:54:08.695 D/InterruptionStateProvider( 2106): No bubble up: not allowed to bubble: -1|android|8|null|1000
06-18 13:54:08.696 D/InterruptionStateProvider( 2106): No heads up: unimportant notification: -1|android|8|null|1000
06-18 13:54:08.698 D/PeopleSpaceWidgetMgr( 2106): Sbn doesn't contain valid PeopleTileKey: null/-1/android
06-18 13:54:08.711 I/AdbKeyboard( 3034): imeAction: 5 Next
06-18 13:54:08.711 V/InputMethodService( 3034): onEvaluateInputViewShown: config.hardKeyboardHidden = 2
06-18 13:54:08.711 V/InputMethodService( 3034): onEvaluateInputViewShown: config.hardKeyboardHidden = 2
06-18 13:54:08.712 D/InputMethodManager(21481): showSoftInput() view=tech.gtt.frontapp.stb.c.ui.edittext.NormalFocusEditText{de742be VFED..CL. .F.P..ID 0,0-700,92 #7f0b0172 app:id/et_pwd aid=1073741826} flags=0 reason=SHOW_SOFT_INPUT
06-18 13:54:08.713 V/InputMethodService( 3034): onEvaluateInputViewShown: config.hardKeyboardHidden = 2
06-18 13:54:08.713 V/InputMethodService( 3034): onEvaluateInputViewShown: config.hardKeyboardHidden = 2
06-18 13:54:08.729 D/InsetsController(21481): show(ime(), fromIme=true)
06-18 13:54:08.731 D/InsetsController(21481): show(ime(), fromIme=true)
06-18 13:54:08.757 D/UIAutomatorStub(21418): URI: /jsonrpc/0, Method: POST, params, {NanoHttpd.QUERY_STRING=null}, files: {postData={"jsonrpc": "2.0", "id": 1, "method": "waitForExists", "params": [{"mask": 2097152, "childOrSibling": [], "childOrSiblingSelector": [], "resourceId": "tech.gtt.frontapp.stb.demo:id/et_pwd"}, 20000]}}
06-18 13:54:08.759 D/UiDevice(21418): Waiting 20000ms for SearchCondition[hasObject=BySelector [RES='\Qtech.gtt.frontapp.stb.demo:id/et_pwd\E']].
06-18 13:54:08.759 D/UiDevice(21418): Searching for node with selector: BySelector [RES='\Qtech.gtt.frontapp.stb.demo:id/et_pwd\E'].
06-18 13:54:08.760 W/QueryController(21418): Could not detect idle state.
06-18 13:54:08.798 D/UIAutomatorStub(21418): URI: /jsonrpc/0, Method: POST, params, {NanoHttpd.QUERY_STRING=null}, files: {postData={"jsonrpc": "2.0", "id": 1, "method": "setText", "params": [{"mask": 2097152, "childOrSibling": [], "childOrSiblingSelector": [], "resourceId": "tech.gtt.frontapp.stb.demo:id/et_pwd"}, "123456"]}}
06-18 13:54:08.800 D/UiDevice(21418): Retrieving node with selector: BySelector [RES='\Qtech.gtt.frontapp.stb.demo:id/et_pwd\E'].
06-18 13:54:08.802 W/QueryController(21418): Could not detect idle state.
06-18 13:54:08.806 W/QueryController(21418): Could not detect idle state.
06-18 13:54:08.808 D/UiObject2(21418): Clicking on (1057, 559).
06-18 13:54:08.837 D/InputMethodManager(21481): showSoftInput() view=tech.gtt.frontapp.stb.c.ui.edittext.NormalFocusEditText{de742be VFED..CL. .F.P.... 0,0-700,92 #7f0b0172 app:id/et_pwd aid=1073741826} flags=0 reason=SHOW_SOFT_INPUT
06-18 13:54:08.838 V/InputMethodService( 3034): onEvaluateInputViewShown: config.hardKeyboardHidden = 2
06-18 13:54:08.838 V/InputMethodService( 3034): onEvaluateInputViewShown: config.hardKeyboardHidden = 2
06-18 13:54:08.840 D/InsetsController(21481): show(ime(), fromIme=true)
06-18 13:54:08.847 W/GestureController(21418): Gestures took longer than expected (40ms >> 16ms), device might be in a busy state.
06-18 13:54:08.848 D/UiDevice(21418): Retrieving node with selector: BySelector [RES='\Qtech.gtt.frontapp.stb.demo:id/et_pwd\E'].
06-18 13:54:08.848 W/QueryController(21418): Could not detect idle state.
06-18 13:54:08.857 W/QueryController(21418): Could not detect idle state.
06-18 13:54:08.859 D/UiObject2(21418): Setting text to '123456'.
06-18 13:54:08.865 I/AdbKeyboard( 3034): imeAction: 5 Next
06-18 13:54:08.865 V/InputMethodService( 3034): onEvaluateInputViewShown: config.hardKeyboardHidden = 2
06-18 13:54:08.865 V/InputMethodService( 3034): onEvaluateInputViewShown: config.hardKeyboardHidden = 2
06-18 13:54:08.871 W/SurfaceFlinger( 1779): couldn't log to binary event log: overflow.
06-18 13:54:08.875 D/InsetsController(21481): show(ime(), fromIme=true)
06-18 13:54:08.899 D/UIAutomatorStub(21418): URI: /jsonrpc/0, Method: POST, params, {NanoHttpd.QUERY_STRING=null}, files: {postData={"jsonrpc": "2.0", "id": 1, "method": "waitForExists", "params": [{"mask": 2097152, "childOrSibling": [], "childOrSiblingSelector": [], "resourceId": "tech.gtt.frontapp.stb.demo:id/remember_pwd_cb"}, 20000]}}
06-18 13:54:08.902 D/UiDevice(21418): Waiting 20000ms for SearchCondition[hasObject=BySelector [RES='\Qtech.gtt.frontapp.stb.demo:id/remember_pwd_cb\E']].
06-18 13:54:08.903 D/UiDevice(21418): Searching for node with selector: BySelector [RES='\Qtech.gtt.frontapp.stb.demo:id/remember_pwd_cb\E'].
06-18 13:54:08.904 W/QueryController(21418): Could not detect idle state.
06-18 13:54:08.920 D/InterruptionStateProvider( 2106): No bubble up: not allowed to bubble: -1|android|8|null|1000
06-18 13:54:08.921 D/InterruptionStateProvider( 2106): No heads up: unimportant notification: -1|android|8|null|1000
06-18 13:54:08.924 D/PeopleSpaceWidgetMgr( 2106): Sbn doesn't contain valid PeopleTileKey: null/-1/android
06-18 13:54:08.936 D/UIAutomatorStub(21418): URI: /jsonrpc/0, Method: POST, params, {NanoHttpd.QUERY_STRING=null}, files: {postData={"jsonrpc": "2.0", "id": 1, "method": "objInfo", "params": [{"mask": 2097152, "childOrSibling": [], "childOrSiblingSelector": [], "resourceId": "tech.gtt.frontapp.stb.demo:id/remember_pwd_cb"}]}}
06-18 13:54:08.937 D/UiDevice(21418): Retrieving node with selector: BySelector [RES='\Qtech.gtt.frontapp.stb.demo:id/remember_pwd_cb\E'].
06-18 13:54:08.937 W/QueryController(21418): Could not detect idle state.
06-18 13:54:08.941 D/InterruptionStateProvider( 2106): No bubble up: not allowed to bubble: -1|android|8|null|1000
06-18 13:54:08.941 D/InterruptionStateProvider( 2106): No heads up: unimportant notification: -1|android|8|null|1000
06-18 13:54:08.943 W/QueryController(21418): Could not detect idle state.
06-18 13:54:08.944 D/PeopleSpaceWidgetMgr( 2106): Sbn doesn't contain valid PeopleTileKey: null/-1/android
06-18 13:54:08.944 W/QueryController(21418): Could not detect idle state.
06-18 13:54:08.945 W/QueryController(21418): Could not detect idle state.
06-18 13:54:08.946 W/QueryController(21418): Could not detect idle state.
06-18 13:54:08.947 W/QueryController(21418): Could not detect idle state.
06-18 13:54:08.948 W/QueryController(21418): Could not detect idle state.
06-18 13:54:08.949 W/QueryController(21418): Could not detect idle state.
06-18 13:54:08.951 W/QueryController(21418): Could not detect idle state.
06-18 13:54:08.952 W/QueryController(21418): Could not detect idle state.
06-18 13:54:08.953 W/QueryController(21418): Could not detect idle state.
06-18 13:54:08.954 W/QueryController(21418): Could not detect idle state.
06-18 13:54:08.956 W/QueryController(21418): Could not detect idle state.
06-18 13:54:08.961 W/QueryController(21418): Could not detect idle state.
06-18 13:54:08.963 W/QueryController(21418): Could not detect idle state.
06-18 13:54:08.963 W/QueryController(21418): Could not detect idle state.
06-18 13:54:08.964 W/QueryController(21418): Could not detect idle state.
06-18 13:54:08.965 W/QueryController(21418): Could not detect idle state.
06-18 13:54:08.979 D/UIAutomatorStub(21418): URI: /jsonrpc/0, Method: POST, params, {NanoHttpd.QUERY_STRING=null}, files: {postData={"jsonrpc": "2.0", "id": 1, "method": "click", "params": [729.0, 656.0]}}
06-18 13:54:09.013 E/libEGL  (21481): called unimplemented OpenGL ES API
06-18 13:54:09.046 D/InterruptionStateProvider( 2106): No bubble up: not allowed to bubble: -1|android|8|null|1000
06-18 13:54:09.046 D/InterruptionStateProvider( 2106): No heads up: unimportant notification: -1|android|8|null|1000
06-18 13:54:09.054 D/PeopleSpaceWidgetMgr( 2106): Sbn doesn't contain valid PeopleTileKey: null/-1/android
06-18 13:54:09.096 D/InterruptionStateProvider( 2106): No bubble up: not allowed to bubble: -1|android|8|null|1000
06-18 13:54:09.097 D/InterruptionStateProvider( 2106): No heads up: unimportant notification: -1|android|8|null|1000
06-18 13:54:09.106 D/PeopleSpaceWidgetMgr( 2106): Sbn doesn't contain valid PeopleTileKey: null/-1/android
06-18 13:54:09.148 D/ProcessState(21920): Binder ioctl to enable oneway spam detection failed: Invalid argument
06-18 13:54:09.188 D/ProcessState(21923): Binder ioctl to enable oneway spam detection failed: Invalid argument
06-18 13:54:09.231 D/UIAutomatorStub(21418): URI: /jsonrpc/0, Method: POST, params, {NanoHttpd.QUERY_STRING=null}, files: {postData={"jsonrpc": "2.0", "id": 1, "method": "click", "params": [1105, 761]}}
