--------- beginning of main
06-18 13:53:55.192 D/ProcessState(21446): Binder ioctl to enable oneway spam detection failed: Invalid argument
--------- beginning of system
06-18 13:53:55.194 I/ActivityManager( 1936): Force stopping tech.gtt.frontapp.stb.demo appid=10058 user=0: clear data
06-18 13:53:55.194 I/ActivityManager( 1936): Killing 20792:tech.gtt.frontapp.stb.demo/u0a58 (adj 0): stop tech.gtt.frontapp.stb.demo due to clear data
06-18 13:53:55.195 W/ActivityTaskManager( 1936): Force removing ActivityRecord{8cfb614 u0 tech.gtt.frontapp.stb.demo/tech.gtt.frontapp.stb.m.profile.activity.ProfileActivity t36 f}}: app died, no saved state
06-18 13:53:55.197 W/InputManager-JNI( 1936): Input channel object '35a9403 tech.gtt.frontapp.stb.demo/tech.gtt.frontapp.stb.m.profile.activity.ProfileActivity (client)' was disposed without first being removed with the input manager!
06-18 13:53:55.199 W/ActivityTaskManager( 1936): Force removing ActivityRecord{25feecb u0 tech.gtt.frontapp.stb.demo/tech.gtt.frontapp.stb.m.home.activity.MainActivity t36 f}}: app died, no saved state
06-18 13:53:55.200 I/libprocessgroup( 1936): Successfully killed process cgroup uid 10058 pid 20792 in 5ms
06-18 13:53:55.201 W/InputManager-JNI( 1936): Input channel object '540899f tech.gtt.frontapp.stb.demo/tech.gtt.frontapp.stb.m.home.activity.MainActivity (client)' was disposed without first being removed with the input manager!
06-18 13:53:55.204 W/ActivityTaskManager( 1936): Force removing ActivityRecord{d63cd28 u0 tech.gtt.frontapp.stb.demo/tech.gtt.frontapp.stb.m.account.activity.LoginMethodSwitchActivity t36 f}}: app died, no saved state
06-18 13:53:55.204 W/InputManager-JNI( 1936): Input channel object '5c59527 tech.gtt.frontapp.stb.demo/tech.gtt.frontapp.stb.m.account.activity.LoginMethodSwitchActivity (client)' was disposed without first being removed with the input manager!
06-18 13:53:55.207 D/ConnectivityService( 1936): ConnectivityService NetworkRequestInfo binderDied(uid/pid:10058/20792, android.os.BinderProxy@60b80ef)
06-18 13:53:55.209 I/Zygote  ( 1756): Process 20792 exited due to signal 9 (Killed)
06-18 13:53:55.212 W/ActivityTaskManager( 1936): Can't find TaskDisplayArea to determine support for multi window. Task id=36 attached=false
06-18 13:53:55.212 W/ActivityTaskManager( 1936): Can't find TaskDisplayArea to determine support for multi window. Task id=36 attached=false
06-18 13:53:55.213 W/WindowManager( 1936): Cannot find window which accessibility connection is added to
06-18 13:53:55.213 W/UsageStatsService( 1936): Unexpected activity event reported! (tech.gtt.frontapp.stb.demo/tech.gtt.frontapp.stb.m.home.activity.MainActivity event : 23 instanceId : 121124250)
06-18 13:53:55.213 W/WindowManager( 1936): Cannot find window which accessibility connection is added to
06-18 13:53:55.214 V/WindowManager( 1936): Unknown focus tokens, dropping reportFocusChanged
06-18 13:53:55.214 W/UsageStatsService( 1936): Unexpected activity event reported! (tech.gtt.frontapp.stb.demo/tech.gtt.frontapp.stb.m.account.activity.LoginMethodSwitchActivity event : 23 instanceId : 68374347)
06-18 13:53:55.215 W/WindowManager( 1936): Cannot find window which accessibility connection is added to
06-18 13:53:55.217 V/ActivityManager( 1936): Got obituary of 20792:tech.gtt.frontapp.stb.demo
06-18 13:53:55.217 E/TaskPersister( 1936): File error accessing recents directory (directory doesn't exist?).
06-18 13:53:55.218 W/ActivityManager( 1936): setHasOverlayUi called on unknown pid: 20792
06-18 13:53:55.221 I/ActivityManager( 1936): Force stopping tech.gtt.frontapp.stb.demo appid=10058 user=-1: clearApplicationUserData
06-18 13:53:55.222 E/BpTransactionCompletedListener( 1779): Failed to transact (-32)
06-18 13:53:55.234 I/MediaProvider( 2560): Invalidating LocalCallingIdentity cache for package tech.gtt.frontapp.stb.demo. Reason: op android:read_external_storage
06-18 13:53:55.297 D/gralloc_nox( 1767): gralloc_alloc: Creating ashmem region of size 8298496
06-18 13:53:55.330 I/MediaProvider( 2560): Begin Intent { act=android.intent.action.PACKAGE_DATA_CLEARED dat=package:tech.gtt.frontapp.stb.demo flg=0x1000010 cmp=com.android.providers.media.module/com.android.providers.media.MediaService (has extras) }
06-18 13:53:55.330 D/MediaProvider( 2560): Deleted 0 Android/media items belonging to tech.gtt.frontapp.stb.demo on /data/user/0/com.android.providers.media.module/databases/external.db
06-18 13:53:55.330 I/MediaProvider( 2560): End Intent { act=android.intent.action.PACKAGE_DATA_CLEARED dat=package:tech.gtt.frontapp.stb.demo flg=0x1000010 cmp=com.android.providers.media.module/com.android.providers.media.MediaService (has extras) }
06-18 13:53:55.332 D/ProcessState(21463): Binder ioctl to enable oneway spam detection failed: Invalid argument
06-18 13:53:55.355 D/gralloc_nox( 1767): gralloc_alloc: Creating ashmem region of size 8298496
06-18 13:53:55.400 D/gralloc_nox( 1767): gralloc_alloc: Creating ashmem region of size 8298496
06-18 13:53:55.459 D/AndroidRuntime(21464): >>>>>> START com.android.internal.os.RuntimeInit uid 0 <<<<<<
06-18 13:53:55.463 I/AndroidRuntime(21464): Using default boot image
06-18 13:53:55.463 I/AndroidRuntime(21464): Leaving lock profiling enabled
06-18 13:53:55.465 W/app_process(21464): ART APEX data files are untrusted.
06-18 13:53:55.465 I/app_process(21464): Core platform API reporting enabled, enforcing=false
06-18 13:53:55.535 D/app_process(21464): Time zone APEX ICU file found: /apex/com.android.tzdata/etc/icu/icu_tzdata.dat
06-18 13:53:55.535 D/app_process(21464): I18n APEX ICU file found: /apex/com.android.i18n/etc/icu/icudt68l.dat
06-18 13:53:55.543 W/app_process(21464): Unexpected CPU variant for X86 using defaults: x86_64
06-18 13:53:55.564 D/ProcessState(21464): Binder ioctl to enable oneway spam detection failed: Invalid argument
06-18 13:53:55.564 D/AndroidRuntime(21464): Calling main entry com.android.commands.monkey.Monkey
06-18 13:53:55.565 W/Monkey  (21464): args: [-p, tech.gtt.frontapp.stb.demo, -c, android.intent.category.LAUNCHER, 1]
06-18 13:53:55.565 W/Monkey  (21464):  arg: "-p"
06-18 13:53:55.565 W/Monkey  (21464):  arg: "tech.gtt.frontapp.stb.demo"
06-18 13:53:55.565 W/Monkey  (21464):  arg: "-c"
06-18 13:53:55.565 W/Monkey  (21464):  arg: "android.intent.category.LAUNCHER"
06-18 13:53:55.566 W/Monkey  (21464):  arg: "1"
06-18 13:53:55.566 W/Monkey  (21464): data="tech.gtt.frontapp.stb.demo"
06-18 13:53:55.566 W/Monkey  (21464): data="android.intent.category.LAUNCHER"
06-18 13:53:55.607 W/BroadcastQueue( 1936): Skipping deliver [background] BroadcastRecord{a34e365 u-1 android.net.conn.CONNECTIVITY_CHANGE} to ReceiverList{aebc83a 21464 (unknown name)/0/u-1 remote:5fc22cf}: process gone or crashing
06-18 13:53:55.621 I/ActivityTaskManager( 1936): START u0 {act=android.intent.action.MAIN cat=[android.intent.category.LAUNCHER] flg=0x10200000 cmp=tech.gtt.frontapp.stb.demo/tech.gtt.frontapp.stb.m.home.activity.SplashActivity} from uid 0
06-18 13:53:55.623 W/ActivityTaskManager( 1936): Can't find TaskDisplayArea to determine support for multi window. Task id=37 attached=false
06-18 13:53:55.632 I/Monkey  (21464): Events injected: 1
06-18 13:53:55.643 D/CompatibilityChangeReporter( 1936): Compat change id reported: 135634846; UID 10058; state: DISABLED
06-18 13:53:55.643 D/CompatibilityChangeReporter( 1936): Compat change id reported: 143937733; UID 10058; state: ENABLED
06-18 13:53:55.650 I/Monkey  (21464): ## Network stats: elapsed time=28ms (0ms mobile, 0ms wifi, 28ms not connected)
06-18 13:53:55.657 D/gralloc_nox( 1767): gralloc_alloc: Creating ashmem region of size 8298496
06-18 13:53:55.690 D/Zygote  ( 1756): Forked child process 21481
06-18 13:53:55.691 I/app_process(21464): System.exit called, status: 0
06-18 13:53:55.691 I/AndroidRuntime(21464): VM exiting with result code 0.
06-18 13:53:55.691 I/ActivityManager( 1936): Start proc 21481:tech.gtt.frontapp.stb.demo/u0a58 for pre-top-activity {tech.gtt.frontapp.stb.demo/tech.gtt.frontapp.stb.m.home.activity.SplashActivity}
06-18 13:53:55.696 I/Zygote  (21481): seccomp disabled by setenforce 0
06-18 13:53:55.699 D/gralloc_nox( 1767): gralloc_alloc: Creating ashmem region of size 8298496
06-18 13:53:55.701 W/ontapp.stb.dem(21481): Unexpected CPU variant for X86 using defaults: x86_64
06-18 13:53:55.721 D/ProcessState(21481): Binder ioctl to enable oneway spam detection failed: Invalid argument
06-18 13:53:55.743 E/ashmem  (21481): memfd: ro.vndk.version not defined or invalid (), this is mandated since P.
06-18 13:53:55.747 D/CompatibilityChangeReporter(21481): Compat change id reported: 171979766; UID 10058; state: ENABLED
06-18 13:53:55.748 D/gralloc_nox( 1767): gralloc_alloc: Creating ashmem region of size 8298496
06-18 13:53:55.786 V/GraphicsEnvironment(21481): ANGLE Developer option for 'tech.gtt.frontapp.stb.demo' set to: 'default'
06-18 13:53:55.788 V/GraphicsEnvironment(21481): ANGLE GameManagerService for tech.gtt.frontapp.stb.demo: false
06-18 13:53:55.788 V/GraphicsEnvironment(21481): Neither updatable production driver nor prerelease driver is supported.
06-18 13:53:55.792 D/NetworkSecurityConfig(21481): Using Network Security Config from resource network_security_config debugBuild: false
06-18 13:53:55.793 D/NetworkSecurityConfig(21481): Using Network Security Config from resource network_security_config debugBuild: false
06-18 13:53:55.809 I/MultiDex(21481): VM with version 2.1.0 has multidex support
06-18 13:53:55.809 I/MultiDex(21481): Installing application
06-18 13:53:55.809 I/MultiDex(21481): VM has multidex support, MultiDex support library is disabled.
06-18 13:53:55.809 E/[Package](21481): params: AppConfiguration(vnoId='11026504', brandId='d0k7d3p3kdikth2o3q6g', appId='d0jucrbq6bt4h33c0ma0', sourceId='30006401-31002837', authServers='https://gtt-app-apigateway-lion.vdemosit.com', shareKey='S2kQMgUSugYyMlk5QclHDaF0uDsFnB0oJoFeAFgsKb8=', packageName='tech.gtt.frontapp.stb.demo', appName='Goose TV', appVersionName='v1.0.0', appVersionCode='7', pluginVersionCode='1', pluginVersionName='6.0.0-beta-build5', packageSeq='1', buglyAppId='d76a04165f', buglyKey='13b89b2d-1c12-4c4f-93b8-46e3c2ef9f73', baseVersionCode='20000066', gitTag='2.1.4-beta6', supportLang='en,pt,es', defaultLang='en', bootLoadType='1')
06-18 13:53:55.810 W/System.err(21481): java.lang.ClassNotFoundException: tech.gtt.frontapp.stb.docker.plugin.PluginUtils
06-18 13:53:55.810 W/System.err(21481): 	at java.lang.Class.classForName(Native Method)
06-18 13:53:55.810 W/System.err(21481): 	at java.lang.Class.forName(Class.java:454)
06-18 13:53:55.810 W/System.err(21481): 	at java.lang.Class.forName(Class.java:379)
06-18 13:53:55.810 W/System.err(21481): 	at ot.e.b(SourceFile:3)
06-18 13:53:55.810 W/System.err(21481): 	at tech.gtt.frontapp.stb.app.MainApplication.attachBaseContext(SourceFile:130)
06-18 13:53:55.810 W/System.err(21481): 	at android.app.Application.attach(Application.java:338)
06-18 13:53:55.810 W/System.err(21481): 	at android.app.Instrumentation.newApplication(Instrumentation.java:1190)
06-18 13:53:55.810 W/System.err(21481): 	at android.app.LoadedApk.makeApplication(LoadedApk.java:1361)
06-18 13:53:55.810 W/System.err(21481): 	at android.app.ActivityThread.handleBindApplication(ActivityThread.java:6728)
06-18 13:53:55.810 W/System.err(21481): 	at android.app.ActivityThread.access$1500(ActivityThread.java:256)
06-18 13:53:55.810 W/System.err(21481): 	at android.app.ActivityThread$H.handleMessage(ActivityThread.java:2091)
06-18 13:53:55.810 W/System.err(21481): 	at android.os.Handler.dispatchMessage(Handler.java:106)
06-18 13:53:55.810 W/System.err(21481): 	at android.os.Looper.loopOnce(Looper.java:201)
06-18 13:53:55.811 W/System.err(21481): 	at android.os.Looper.loop(Looper.java:288)
06-18 13:53:55.811 W/System.err(21481): 	at android.app.ActivityThread.main(ActivityThread.java:7875)
06-18 13:53:55.811 W/System.err(21481): 	at java.lang.reflect.Method.invoke(Native Method)
06-18 13:53:55.811 W/System.err(21481): 	at com.android.internal.os.RuntimeInit$MethodAndArgsCaller.run(RuntimeInit.java:568)
06-18 13:53:55.811 W/System.err(21481): 	at com.android.internal.os.ZygoteInit.main(ZygoteInit.java:1005)
06-18 13:53:55.811 W/System.err(21481): Caused by: java.lang.ClassNotFoundException: tech.gtt.frontapp.stb.docker.plugin.PluginUtils
06-18 13:53:55.811 W/System.err(21481): 	... 18 more
06-18 13:53:55.811 E/[Package](21481): isInPluginMode: false
06-18 13:53:55.815 I/CustomActivityOnCrash(21481): CustomActivityOnCrash has been installed.
06-18 13:53:55.821 I/System.out(21481): Modular_Init : a - initialize
06-18 13:53:55.829 I/System.out(21481): Modular_Init : d - initialize
06-18 13:53:55.831 I/System.out(21481): Modular_Init : a - initialize
06-18 13:53:55.832 I/System.out(21481): Modular_Init : a - initialize
06-18 13:53:55.832 D/[CatchupInitModule](21481): init---
06-18 13:53:55.832 I/System.out(21481): Modular_Init : a - initialize
06-18 13:53:55.832 D/[ReplayInitialize](21481): init---
06-18 13:53:55.832 I/System.out(21481): Modular_Init : a - initialize
06-18 13:53:55.832 D/[LiveInitialize](21481): init---
06-18 13:53:55.832 I/System.out(21481): Modular_Init : b - initialize
06-18 13:53:55.841 D/AndroidAutoSize(21481): designWidthInDp = 1920, designHeightInDp = 1080, screenWidth = 1920, screenHeight = 1080
06-18 13:53:55.841 D/AndroidAutoSize(21481): initDensity = 2.0, initScaledDensity = 2.0
06-18 13:53:55.898 D/AndroidAutoSize(21481): tech.gtt.frontapp.stb.m.home.activity.SplashActivity used the global configuration.
06-18 13:53:55.908 D/AndroidAutoSize(21481): The tech.gtt.frontapp.stb.m.home.activity.SplashActivity has been adapted! 
06-18 13:53:55.908 D/AndroidAutoSize(21481): SplashActivity Info: isBaseOnWidth = true, designWidthInDp = 1920.000000, designWidthInSubunits = 1920.000000, targetDensity = 1.000000, targetScaledDensity = 1.000000, targetDensityDpi = 160, targetXdpi = 1.000000, targetScreenWidthDp = 1920, targetScreenHeightDp = 1032
06-18 13:53:55.979 D/AndroidAutoSize(21481): tech.gtt.frontapp.stb.m.home.activity.SplashActivity used the global configuration.
06-18 13:53:55.980 D/AndroidAutoSize(21481): The tech.gtt.frontapp.stb.m.home.activity.SplashActivity has been adapted! 
06-18 13:53:55.980 D/AndroidAutoSize(21481): SplashActivity Info: isBaseOnWidth = true, designWidthInDp = 1920.000000, designWidthInSubunits = 1920.000000, targetDensity = 1.000000, targetScaledDensity = 1.000000, targetDensityDpi = 160, targetXdpi = 1.000000, targetScreenWidthDp = 1920, targetScreenHeightDp = 1032
06-18 13:53:55.986 I/ActivityTaskManager( 1936): START u0 {act=android.content.pm.action.REQUEST_PERMISSIONS pkg=com.android.permissioncontroller cmp=com.android.permissioncontroller/.permission.ui.GrantPermissionsActivity (has extras)} from uid 10058
06-18 13:53:56.009 D/ProcessState(21515): Binder ioctl to enable oneway spam detection failed: Invalid argument
06-18 13:53:56.030 D/ontapp.stb.dem(21481): createUnique: call
06-18 13:53:56.031 D/ontapp.stb.dem(21481): HostComposition ext GL_OES_EGL_image GL_OES_EGL_image_external GL_OES_depth24 GL_OES_depth32 GL_OES_element_index_uint GL_OES_texture_float GL_OES_texture_float_linear GL_OES_compressed_paletted_texture GL_OES_compressed_ETC1_RGB8_texture GL_OES_depth_texture GL_EXT_texture_format_BGRA8888 GL_APPLE_texture_format_BGRA8888 GL_OES_texture_half_float GL_EXT_robustness GL_OES_texture_half_float_linear GL_OES_packed_depth_stencil GL_OES_vertex_half_float GL_OES_texture_npot GL_OES_rgb8_rgba8 GL_EXT_color_buffer_float GL_EXT_texture_sRGB_decode ANDROID_gles_max_version_3_1 GL_OES_vertex_array_object GL_EXT_texture_buffer GL_EXT_copy_image GL_KHR_texture_compression_astc_ldr GL_KHR_texture_compression_astc_hdr GL_OES_texture_compression_astc GL_OES_EGL_image_external
06-18 13:53:56.031 D/hw-ProcessState(21481): Binder ioctl to enable oneway spam detection failed: Invalid argument
06-18 13:53:56.032 W/OpenGLRenderer(21481): Failed to initialize 101010-2 format, error = EGL_SUCCESS
06-18 13:53:56.032 D/EGL_emulation(21481): rcCreateContext wated version 2.0  rc:4
06-18 13:53:56.061 D/EGL_emulation(21481): eglMakeCurrent: 0x74841c043610: ver 3 2 (tinfo 0x74839c04c750) (first time)
06-18 13:53:56.064 E/HWComposer( 1779): getSupportedContentTypes: getSupportedContentTypes failed for display 0: Unsupported (8)
06-18 13:53:56.064 I/hwservicemanager( 1567): getTransport: Cannot find entry android.hardware.graphics.mapper@4.0::IMapper/default in either framework or device VINTF manifest.
06-18 13:53:56.064 I/Gralloc4(21481): mapper 4.x is not supported
06-18 13:53:56.064 I/hwservicemanager( 1567): getTransport: Cannot find entry android.hardware.graphics.mapper@3.0::IMapper/default in either framework or device VINTF manifest.
06-18 13:53:56.064 W/Gralloc3(21481): mapper 3.x is not supported
06-18 13:53:56.065 I/hwservicemanager( 1567): getTransport: Cannot find entry android.hardware.graphics.allocator@4.0::IAllocator/default in either framework or device VINTF manifest.
06-18 13:53:56.065 W/Gralloc4(21481): allocator 4.x is not supported
06-18 13:53:56.065 I/hwservicemanager( 1567): getTransport: Cannot find entry android.hardware.graphics.allocator@3.0::IAllocator/default in either framework or device VINTF manifest.
06-18 13:53:56.068 W/Gralloc3(21481): allocator 3.x is not supported
06-18 13:53:56.072 D/gralloc_nox( 1767): gralloc_alloc: Creating ashmem region of size 8298496
06-18 13:53:56.074 D/ProcessState(21524): Binder ioctl to enable oneway spam detection failed: Invalid argument
06-18 13:53:56.094 D/ontapp.stb.dem(21481): createUnique: call
06-18 13:53:56.095 D/ontapp.stb.dem(21481): HostComposition ext GL_OES_EGL_image GL_OES_EGL_image_external GL_OES_depth24 GL_OES_depth32 GL_OES_element_index_uint GL_OES_texture_float GL_OES_texture_float_linear GL_OES_compressed_paletted_texture GL_OES_compressed_ETC1_RGB8_texture GL_OES_depth_texture GL_EXT_texture_format_BGRA8888 GL_APPLE_texture_format_BGRA8888 GL_OES_texture_half_float GL_EXT_robustness GL_OES_texture_half_float_linear GL_OES_packed_depth_stencil GL_OES_vertex_half_float GL_OES_texture_npot GL_OES_rgb8_rgba8 GL_EXT_color_buffer_float GL_EXT_texture_sRGB_decode ANDROID_gles_max_version_3_1 GL_OES_vertex_array_object GL_EXT_texture_buffer GL_EXT_copy_image GL_KHR_texture_compression_astc_ldr GL_KHR_texture_compression_astc_hdr GL_OES_texture_compression_astc GL_OES_EGL_image_external
06-18 13:53:56.096 D/gralloc_nox( 1767): gralloc_alloc: Creating ashmem region of size 8298496
06-18 13:53:56.124 D/gralloc_nox( 1767): gralloc_alloc: Creating ashmem region of size 8298496
06-18 13:53:56.180 E/libEGL  (21481): called unimplemented OpenGL ES API
06-18 13:53:56.246 W/ActivityTaskManager( 1936): Tried to set launchTime (0) < mLastActivityLaunchTime (68789870)
06-18 13:53:56.296 W/System  ( 2106): A resource failed to call close. 
06-18 13:53:56.296 W/System  ( 2106): A resource failed to call close. 
06-18 13:53:56.296 W/System  ( 2106): A resource failed to call release. 
06-18 13:53:56.347 I/ActivityTaskManager( 1936): Displayed com.android.permissioncontroller/.permission.ui.GrantPermissionsActivity: +723ms
06-18 13:53:56.454 D/gralloc_nox( 1767): gralloc_alloc: Creating ashmem region of size 5496832
06-18 13:53:56.496 W/InputManager-JNI( 1936): Input channel object '2a39cc7 Splash Screen tech.gtt.frontapp.stb.demo (client)' was disposed without first being removed with the input manager!
06-18 13:53:56.587 D/ProcessState(21536): Binder ioctl to enable oneway spam detection failed: Invalid argument
06-18 13:53:56.624 D/gralloc_nox( 1767): gralloc_alloc: Creating ashmem region of size 5496832
06-18 13:53:56.776 D/gralloc_nox( 1767): gralloc_alloc: Creating ashmem region of size 5496832
06-18 13:53:58.632 E/TaskPersister( 1936): File error accessing recents directory (directory doesn't exist?).
06-18 13:53:58.731 D/UIAutomatorStub(21418): URI: /jsonrpc/0, Method: POST, params, {NanoHttpd.QUERY_STRING=null}, files: {postData={"jsonrpc": "2.0", "id": 1, "method": "count", "params": [{"mask": 2097152, "childOrSibling": [], "childOrSiblingSelector": [], "resourceId": "com.android.permissioncontroller:id/permission_allow_button"}]}}
06-18 13:53:58.750 D/UiObject(21418): Waiting 0ms for UiSelector[RESOURCE_ID=com.android.permissioncontroller:id/permission_allow_button].
06-18 13:53:58.753 W/QueryController(21418): Could not detect idle state.
06-18 13:53:58.770 I/QueryController(21418): Matched selector: UiSelector[RESOURCE_ID=com.android.permissioncontroller:id/permission_allow_button] <<==>> [android.view.accessibility.AccessibilityNodeInfo@39be5; boundsInParent: Rect(0, 0 - 992, 112); boundsInScreen: Rect(464, 557 - 1456, 669); packageName: com.android.permissioncontroller; className: android.widget.Button; text: 允许; error: null; maxTextLength: -1; stateDescription: null; contentDescription: null; tooltipText: null; viewIdResName: com.android.permissioncontroller:id/permission_allow_button; checkable: false; checked: false; focusable: true; focused: false; selected: false; clickable: true; longClickable: false; contextClickable: false; enabled: true; password: false; scrollable: false; importantForAccessibility: true; visible: true; actions: [AccessibilityAction: ACTION_FOCUS - null, AccessibilityAction: ACTION_SELECT - null, AccessibilityAction: ACTION_CLEAR_SELECTION - null, AccessibilityAction: ACTION_CLICK - null, AccessibilityAction: ACTION_ACCESSIBILITY_FOCUS - null, AccessibilityAction: ACTION_NEXT_AT_MOVEMENT_GRANULARITY - null, AccessibilityAction: ACTION_PREVIOUS_AT_MOVEMENT_GRANULARITY - null, AccessibilityAction: ACTION_SET_SELECTION - null, AccessibilityAction: ACTION_SHOW_ON_SCREEN - null]]
06-18 13:53:58.770 D/UiObject(21418): Waiting 0ms for UiSelector[INSTANCE=1, RESOURCE_ID=com.android.permissioncontroller:id/permission_allow_button].
06-18 13:53:58.771 W/QueryController(21418): Could not detect idle state.
06-18 13:53:58.812 D/UIAutomatorStub(21418): URI: /jsonrpc/0, Method: POST, params, {NanoHttpd.QUERY_STRING=null}, files: {postData={"jsonrpc": "2.0", "id": 1, "method": "waitForExists", "params": [{"mask": 2097152, "childOrSibling": [], "childOrSiblingSelector": [], "resourceId": "com.android.permissioncontroller:id/permission_allow_button"}, 20000]}}
06-18 13:53:58.815 D/UiDevice(21418): Waiting 20000ms for SearchCondition[hasObject=BySelector [RES='\Qcom.android.permissioncontroller:id/permission_allow_button\E']].
06-18 13:53:58.815 D/UiDevice(21418): Searching for node with selector: BySelector [RES='\Qcom.android.permissioncontroller:id/permission_allow_button\E'].
06-18 13:53:58.816 W/QueryController(21418): Could not detect idle state.
06-18 13:53:58.866 D/UIAutomatorStub(21418): URI: /jsonrpc/0, Method: POST, params, {NanoHttpd.QUERY_STRING=null}, files: {postData={"jsonrpc": "2.0", "id": 1, "method": "objInfo", "params": [{"mask": 2097152, "childOrSibling": [], "childOrSiblingSelector": [], "resourceId": "com.android.permissioncontroller:id/permission_allow_button"}]}}
06-18 13:53:58.870 D/UiDevice(21418): Retrieving node with selector: BySelector [RES='\Qcom.android.permissioncontroller:id/permission_allow_button\E'].
06-18 13:53:58.871 W/QueryController(21418): Could not detect idle state.
06-18 13:53:58.882 W/QueryController(21418): Could not detect idle state.
06-18 13:53:58.887 W/QueryController(21418): Could not detect idle state.
06-18 13:53:58.889 W/QueryController(21418): Could not detect idle state.
06-18 13:53:58.891 W/QueryController(21418): Could not detect idle state.
06-18 13:53:58.893 W/QueryController(21418): Could not detect idle state.
06-18 13:53:58.897 W/QueryController(21418): Could not detect idle state.
06-18 13:53:58.898 W/QueryController(21418): Could not detect idle state.
06-18 13:53:58.901 W/QueryController(21418): Could not detect idle state.
06-18 13:53:58.904 W/QueryController(21418): Could not detect idle state.
06-18 13:53:58.905 W/QueryController(21418): Could not detect idle state.
06-18 13:53:58.907 W/QueryController(21418): Could not detect idle state.
06-18 13:53:58.910 W/QueryController(21418): Could not detect idle state.
06-18 13:53:58.913 W/QueryController(21418): Could not detect idle state.
06-18 13:53:58.918 W/QueryController(21418): Could not detect idle state.
06-18 13:53:58.922 W/QueryController(21418): Could not detect idle state.
06-18 13:53:58.926 W/QueryController(21418): Could not detect idle state.
06-18 13:53:58.928 W/QueryController(21418): Could not detect idle state.
06-18 13:53:58.971 D/UIAutomatorStub(21418): URI: /jsonrpc/0, Method: POST, params, {NanoHttpd.QUERY_STRING=null}, files: {postData={"jsonrpc": "2.0", "id": 1, "method": "click", "params": [960.0, 613.0]}}
06-18 13:53:59.230 V/GrantPermissionsViewModel(16100): Logged buttons presented and clicked permissionGroupName=android.permission-group.STORAGE uid=10058 selectedLocations=0 package=tech.gtt.frontapp.stb.demo presentedButtons=9 clickedButton=1 sessionId=-1783973327929813000 targetSdk=35
06-18 13:53:59.239 I/MediaProvider( 2560): Invalidating LocalCallingIdentity cache for package tech.gtt.frontapp.stb.demo. Reason: op android:read_external_storage
06-18 13:53:59.239 I/MediaProvider( 2560): Invalidating LocalCallingIdentity cache for package tech.gtt.frontapp.stb.demo. Reason: op android:read_external_storage
06-18 13:53:59.240 V/GrantPermissionsViewModel(16100): Permission grant result requestId=-1783973327929813000 callingUid=10058 callingPackage=tech.gtt.frontapp.stb.demo permission=android.permission.READ_EXTERNAL_STORAGE isImplicit=false result=4
06-18 13:53:59.245 D/gralloc_nox( 1767): gralloc_alloc: Creating ashmem region of size 8298496
06-18 13:53:59.278 E/android.hardware.audio.service( 1759): pcm_open called create stream faild
06-18 13:53:59.279 D/AudioFlinger( 1776): mixer(0x7e14b2cf8a60) throttle end: throttle time(36)
06-18 13:53:59.522 D/CompatibilityChangeReporter(21481): Compat change id reported: 78294732; UID 10058; state: ENABLED
06-18 13:53:59.524 I/b       (21481): freeSpace : 116666MB
06-18 13:53:59.613 D/ProcessState(21548): Binder ioctl to enable oneway spam detection failed: Invalid argument
06-18 13:53:59.699 D/ConnectivityService( 1936): NetReassign [no changes]
06-18 13:53:59.725 V/GSK     (21481): StorageServiceImpl initialization() executed in 0 ms.
06-18 13:53:59.725 V/GSK     (21481): SecurityServiceImpl initialization() executed in 0 ms.
06-18 13:53:59.849 W/InputManager-JNI( 1936): Input channel object 'a621ebb com.android.permissioncontroller/com.android.permissioncontroller.permission.ui.GrantPermissionsActivity (client)' was disposed without first being removed with the input manager!
06-18 13:53:59.874 W/SurfaceFlinger( 1779): couldn't log to binary event log: overflow.
06-18 13:53:59.899 W/System.err(21481): SLF4J(W): No SLF4J providers were found.
06-18 13:53:59.899 W/System.err(21481): SLF4J(W): Defaulting to no-operation (NOP) logger implementation
06-18 13:53:59.899 W/System.err(21481): SLF4J(W): See https://www.slf4j.org/codes.html#noProviders for further details.
06-18 13:53:59.992 W/System.err(21481): kotlinx.serialization.json.internal.JsonDecodingException: Expected start of the object '{', but had 'EOF' instead at path: $
06-18 13:53:59.992 W/System.err(21481): JSON input: 
06-18 13:53:59.992 W/System.err(21481): 	at kotlinx.serialization.json.internal.JsonExceptionsKt.JsonDecodingException(SourceFile:1)
06-18 13:53:59.992 W/System.err(21481): 	at kotlinx.serialization.json.internal.JsonExceptionsKt.JsonDecodingException(SourceFile:2)
06-18 13:53:59.992 W/System.err(21481): 	at kotlinx.serialization.json.internal.AbstractJsonLexer.fail(SourceFile:52)
06-18 13:53:59.992 W/System.err(21481): 	at kotlinx.serialization.json.internal.AbstractJsonLexer.fail$default(SourceFile:15)
06-18 13:53:59.992 W/System.err(21481): 	at kotlinx.serialization.json.internal.AbstractJsonLexer.unexpectedToken(SourceFile:103)
06-18 13:53:59.992 W/System.err(21481): 	at kotlinx.serialization.json.internal.StringJsonLexer.consumeNextToken(SourceFile:16)
06-18 13:53:59.992 W/System.err(21481): 	at kotlinx.serialization.json.internal.StreamingJsonDecoder.beginStructure(SourceFile:23)
06-18 13:53:59.992 W/System.err(21481): 	at tech.gtt.frontapp.servicesdk.common.service.utility.apis.e2ee.E2eeConfigResponse$$serializer.deserialize(SourceFile:2)
06-18 13:53:59.992 W/System.err(21481): 	at tech.gtt.frontapp.servicesdk.common.service.utility.apis.e2ee.E2eeConfigResponse$$serializer.deserialize(SourceFile:1)
06-18 13:53:59.992 W/System.err(21481): 	at kotlinx.serialization.json.internal.StreamingJsonDecoder.decodeSerializableValue(SourceFile:320)
06-18 13:53:59.992 W/System.err(21481): 	at kotlinx.serialization.json.Json.decodeFromString(SourceFile:3)
06-18 13:53:59.992 W/System.err(21481): 	at tech.gtt.frontapp.servicesdk.common.service.utility.apis.e2ee.E2eeManager.syncE2eeConfig(SourceFile:74)
06-18 13:53:59.992 W/System.err(21481): 	at tech.gtt.frontapp.servicesdk.common.service.utility.apis.ApiUtilServiceImpl.onServiceInit(SourceFile:228)
06-18 13:53:59.992 W/System.err(21481): 	at tech.gtt.frontapp.servicesdk.common.core.ServiceSDKImpl.executeServiceInitialize(SourceFile:372)
06-18 13:53:59.993 W/System.err(21481): 	at tech.gtt.frontapp.servicesdk.common.core.ServiceSDKImpl.access$executeServiceInitialize(SourceFile:1)
06-18 13:53:59.993 W/System.err(21481): 	at tech.gtt.frontapp.servicesdk.common.core.ServiceSDKImpl$init$1.invokeSuspend(SourceFile:178)
06-18 13:53:59.993 W/System.err(21481): 	at tech.gtt.frontapp.servicesdk.common.core.ServiceSDKImpl$init$1.invoke(SourceFile:2)
06-18 13:53:59.993 W/System.err(21481): 	at tech.gtt.frontapp.servicesdk.common.core.ServiceSDKImpl$init$1.invoke(SourceFile:1)
06-18 13:53:59.993 W/System.err(21481): 	at kotlinx.coroutines.flow.SafeFlow.collectSafely(SourceFile:3)
06-18 13:53:59.993 W/System.err(21481): 	at kotlinx.coroutines.flow.AbstractFlow.collect(SourceFile:70)
06-18 13:53:59.993 W/System.err(21481): 	at tech.gtt.frontapp.servicesdk.common.core.SDKSetup$build$1.invokeSuspend(SourceFile:42)
06-18 13:53:59.993 W/System.err(21481): 	at tech.gtt.frontapp.servicesdk.common.core.SDKSetup$build$1.invoke(SourceFile:2)
06-18 13:53:59.993 W/System.err(21481): 	at tech.gtt.frontapp.servicesdk.common.core.SDKSetup$build$1.invoke(SourceFile:1)
06-18 13:53:59.993 W/System.err(21481): 	at tech.gtt.frontapp.servicesdk.common.core.Scheduler$scheduleDirect$1.invokeSuspend(SourceFile:61)
06-18 13:53:59.993 W/System.err(21481): 	at lh.a.resumeWith(SourceFile:14)
06-18 13:53:59.993 W/System.err(21481): 	at kotlinx.coroutines.DispatchedTask.run(SourceFile:123)
06-18 13:53:59.993 W/System.err(21481): 	at kotlinx.coroutines.internal.LimitedDispatcher$Worker.run(SourceFile:4)
06-18 13:53:59.993 W/System.err(21481): 	at kotlinx.coroutines.scheduling.TaskImpl.run(SourceFile:3)
06-18 13:53:59.993 W/System.err(21481): 	at kotlinx.coroutines.scheduling.CoroutineScheduler.runSafely(SourceFile:1)
06-18 13:53:59.993 W/System.err(21481): 	at kotlinx.coroutines.scheduling.CoroutineScheduler$Worker.executeTask(SourceFile:34)
06-18 13:53:59.993 W/System.err(21481): 	at kotlinx.coroutines.scheduling.CoroutineScheduler$Worker.runWorker(SourceFile:29)
06-18 13:53:59.993 W/System.err(21481): 	at kotlinx.coroutines.scheduling.CoroutineScheduler$Worker.run(SourceFile:1)
06-18 13:54:00.016 W/System.err(21481): java.io.FileNotFoundException: sys/class/sunxi_info/sys_info: open failed: ENOENT (No such file or directory)
06-18 13:54:00.016 W/System.err(21481): 	at libcore.io.IoBridge.open(IoBridge.java:575)
06-18 13:54:00.016 W/System.err(21481): 	at java.io.FileInputStream.<init>(FileInputStream.java:160)
06-18 13:54:00.017 W/System.err(21481): 	at java.io.FileInputStream.<init>(FileInputStream.java:115)
06-18 13:54:00.017 W/System.err(21481): 	at ip.b.b(SourceFile:5)
06-18 13:54:00.017 W/System.err(21481): 	at ip.b.a(SourceFile:155)
06-18 13:54:00.017 W/System.err(21481): 	at ip.a.invoke(SourceFile:589)
06-18 13:54:00.017 W/System.err(21481): 	at dh.v.getValue(SourceFile:21)
06-18 13:54:00.017 W/System.err(21481): 	at tech.gtt.frontapp.servicesdk.common.network.interceptor.params.ApiDeviceParams.handleFixedParams(SourceFile:52)
06-18 13:54:00.017 W/System.err(21481): 	at tech.gtt.frontapp.servicesdk.common.service.utility.apis.IParamsGetter.toMaps(SourceFile:87)
06-18 13:54:00.017 W/System.err(21481): 	at tech.gtt.frontapp.servicesdk.common.network.interceptor.DefaultParamsInterceptor.onRequest(SourceFile:127)
06-18 13:54:00.017 W/System.err(21481): 	at tech.gtt.frontapp.servicesdk.common.network.interceptor.SDKInterceptorsPluginKt$setupRequestInterception$1.invokeSuspend(SourceFile:103)
06-18 13:54:00.017 W/System.err(21481): 	at tech.gtt.frontapp.servicesdk.common.network.interceptor.SDKInterceptorsPluginKt$setupRequestInterception$1.invoke(SourceFile:1)
06-18 13:54:00.017 W/System.err(21481): 	at tech.gtt.frontapp.servicesdk.common.network.interceptor.SDKInterceptorsPluginKt$setupRequestInterception$1.invoke(SourceFile:2)
06-18 13:54:00.017 W/System.err(21481): 	at io.ktor.util.pipeline.DebugPipelineContext.proceedLoop(SourceFile:86)
06-18 13:54:00.017 W/System.err(21481): 	at io.ktor.util.pipeline.DebugPipelineContext.proceed(SourceFile:26)
06-18 13:54:00.017 W/System.err(21481): 	at io.ktor.client.plugins.RequestError$install$1.invokeSuspend(SourceFile:47)
06-18 13:54:00.017 W/System.err(21481): 	at io.ktor.client.plugins.RequestError$install$1.invoke(SourceFile:1)
06-18 13:54:00.017 W/System.err(21481): 	at io.ktor.client.plugins.RequestError$install$1.invoke(SourceFile:2)
06-18 13:54:00.017 W/System.err(21481): 	at io.ktor.util.pipeline.DebugPipelineContext.proceedLoop(SourceFile:86)
06-18 13:54:00.017 W/System.err(21481): 	at io.ktor.util.pipeline.DebugPipelineContext.proceed(SourceFile:26)
06-18 13:54:00.017 W/System.err(21481): 	at io.ktor.client.plugins.SetupRequestContext$install$1.invokeSuspend$proceed(SourceFile:1)
06-18 13:54:00.017 W/System.err(21481): 	at io.ktor.client.plugins.SetupRequestContext$install$1.access$invokeSuspend$proceed(SourceFile:1)
06-18 13:54:00.017 W/System.err(21481): 	at io.ktor.client.plugins.SetupRequestContext$install$1$1.invoke(SourceFile:2)
06-18 13:54:00.017 W/System.err(21481): 	at io.ktor.client.plugins.SetupRequestContext$install$1$1.invoke(SourceFile:1)
06-18 13:54:00.017 W/System.err(21481): 	at io.ktor.client.plugins.HttpRequestLifecycleKt$HttpRequestLifecycle$1$1.invokeSuspend(SourceFile:78)
06-18 13:54:00.017 W/System.err(21481): 	at io.ktor.client.plugins.HttpRequestLifecycleKt$HttpRequestLifecycle$1$1.invoke(SourceFile:1)
06-18 13:54:00.017 W/System.err(21481): 	at io.ktor.client.plugins.HttpRequestLifecycleKt$HttpRequestLifecycle$1$1.invoke(SourceFile:2)
06-18 13:54:00.017 W/System.err(21481): 	at io.ktor.client.plugins.SetupRequestContext$install$1.invokeSuspend(SourceFile:42)
06-18 13:54:00.017 W/System.err(21481): 	at io.ktor.client.plugins.SetupRequestContext$install$1.invoke(SourceFile:1)
06-18 13:54:00.017 W/System.err(21481): 	at io.ktor.client.plugins.SetupRequestContext$install$1.invoke(SourceFile:2)
06-18 13:54:00.017 W/System.err(21481): 	at io.ktor.util.pipeline.DebugPipelineContext.proceedLoop(SourceFile:86)
06-18 13:54:00.017 W/System.err(21481): 	at io.ktor.util.pipeline.DebugPipelineContext.proceed(SourceFile:26)
06-18 13:54:00.017 W/System.err(21481): 	at io.ktor.util.pipeline.DebugPipelineContext.execute$ktor_utils(SourceFile:7)
06-18 13:54:00.017 W/System.err(21481): 	at io.ktor.util.pipeline.Pipeline.execute(SourceFile:9)
06-18 13:54:00.017 W/System.err(21481): 	at io.ktor.client.HttpClient.execute$ktor_client_core(SourceFile:68)
06-18 13:54:00.017 W/System.err(21481): 	at io.ktor.client.statement.HttpStatement.fetchResponse(SourceFile:90)
06-18 13:54:00.017 W/System.err(21481): 	at io.ktor.client.statement.HttpStatement.execute(SourceFile:9)
06-18 13:54:00.017 W/System.err(21481): 	at de.jensklingenberg.ktorfit.internal.KtorfitConverterHelper.suspendRequest(SourceFile:127)
06-18 13:54:00.017 W/System.err(21481): 	at de.jensklingenberg.ktorfit.internal.KtorfitConverterHelper$request$1$1.invokeSuspend(SourceFile:58)
06-18 13:54:00.017 W/System.err(21481): 	at de.jensklingenberg.ktorfit.internal.KtorfitConverterHelper$request$1$1.invoke(SourceFile:2)
06-18 13:54:00.017 W/System.err(21481): 	at de.jensklingenberg.ktorfit.internal.KtorfitConverterHelper$request$1$1.invoke(SourceFile:1)
06-18 13:54:00.017 W/System.err(21481): 	at de.jensklingenberg.ktorfit.converter.FlowConverterFactory$responseConverter$1$convert$1.invokeSuspend(SourceFile:84)
06-18 13:54:00.017 W/System.err(21481): 	at de.jensklingenberg.ktorfit.converter.FlowConverterFactory$responseConverter$1$convert$1.invoke(SourceFile:2)
06-18 13:54:00.017 W/System.err(21481): 	at de.jensklingenberg.ktorfit.converter.FlowConverterFactory$responseConverter$1$convert$1.invoke(SourceFile:1)
06-18 13:54:00.018 W/System.err(21481): 	at kotlinx.coroutines.flow.SafeFlow.collectSafely(SourceFile:3)
06-18 13:54:00.018 W/System.err(21481): 	at kotlinx.coroutines.flow.AbstractFlow.collect(SourceFile:70)
06-18 13:54:00.018 W/System.err(21481): 	at kotlinx.coroutines.flow.FlowKt__MergeKt$flatMapConcat$$inlined$map$1.collect(SourceFile:10)
06-18 13:54:00.018 W/System.err(21481): 	at kotlinx.coroutines.flow.FlowKt__MergeKt$flattenConcat$$inlined$unsafeFlow$1.collect(SourceFile:8)
06-18 13:54:00.018 W/System.err(21481): 	at kotlinx.coroutines.flow.FlowKt__CollectKt.collect(SourceFile:1)
06-18 13:54:00.018 W/System.err(21481): 	at kotlinx.coroutines.flow.FlowKt.collect(SourceFile:1)
06-18 13:54:00.018 W/System.err(21481): 	at tech.gtt.frontapp.servicesdk.common.service.utility.apis.ApiUtilServiceImpl.onServiceInit(SourceFile:240)
06-18 13:54:00.018 W/System.err(21481): 	at tech.gtt.frontapp.servicesdk.common.core.ServiceSDKImpl.executeServiceInitialize(SourceFile:372)
06-18 13:54:00.018 W/System.err(21481): 	at tech.gtt.frontapp.servicesdk.common.core.ServiceSDKImpl.access$executeServiceInitialize(SourceFile:1)
06-18 13:54:00.018 W/System.err(21481): 	at tech.gtt.frontapp.servicesdk.common.core.ServiceSDKImpl$init$1.invokeSuspend(SourceFile:178)
06-18 13:54:00.018 W/System.err(21481): 	at tech.gtt.frontapp.servicesdk.common.core.ServiceSDKImpl$init$1.invoke(SourceFile:2)
06-18 13:54:00.018 W/System.err(21481): 	at tech.gtt.frontapp.servicesdk.common.core.ServiceSDKImpl$init$1.invoke(SourceFile:1)
06-18 13:54:00.018 W/System.err(21481): 	at kotlinx.coroutines.flow.SafeFlow.collectSafely(SourceFile:3)
06-18 13:54:00.018 W/System.err(21481): 	at kotlinx.coroutines.flow.AbstractFlow.collect(SourceFile:70)
06-18 13:54:00.018 W/System.err(21481): 	at tech.gtt.frontapp.servicesdk.common.core.SDKSetup$build$1.invokeSuspend(SourceFile:42)
06-18 13:54:00.018 W/System.err(21481): 	at tech.gtt.frontapp.servicesdk.common.core.SDKSetup$build$1.invoke(SourceFile:2)
06-18 13:54:00.018 W/System.err(21481): 	at tech.gtt.frontapp.servicesdk.common.core.SDKSetup$build$1.invoke(SourceFile:1)
06-18 13:54:00.018 W/System.err(21481): 	at tech.gtt.frontapp.servicesdk.common.core.Scheduler$scheduleDirect$1.invokeSuspend(SourceFile:61)
06-18 13:54:00.018 W/System.err(21481): 	at lh.a.resumeWith(SourceFile:14)
06-18 13:54:00.018 W/System.err(21481): 	at kotlinx.coroutines.DispatchedTask.run(SourceFile:123)
06-18 13:54:00.018 W/System.err(21481): 	at kotlinx.coroutines.internal.LimitedDispatcher$Worker.run(SourceFile:4)
06-18 13:54:00.018 W/System.err(21481): 	at kotlinx.coroutines.scheduling.TaskImpl.run(SourceFile:3)
06-18 13:54:00.018 W/System.err(21481): 	at kotlinx.coroutines.scheduling.CoroutineScheduler.runSafely(SourceFile:1)
06-18 13:54:00.018 W/System.err(21481): 	at kotlinx.coroutines.scheduling.CoroutineScheduler$Worker.executeTask(SourceFile:34)
06-18 13:54:00.018 W/System.err(21481): 	at kotlinx.coroutines.scheduling.CoroutineScheduler$Worker.runWorker(SourceFile:29)
06-18 13:54:00.018 W/System.err(21481): 	at kotlinx.coroutines.scheduling.CoroutineScheduler$Worker.run(SourceFile:1)
06-18 13:54:00.018 W/System.err(21481): Caused by: android.system.ErrnoException: open failed: ENOENT (No such file or directory)
06-18 13:54:00.018 W/System.err(21481): 	at libcore.io.Linux.open(Native Method)
06-18 13:54:00.018 W/System.err(21481): 	at libcore.io.ForwardingOs.open(ForwardingOs.java:567)
06-18 13:54:00.018 W/System.err(21481): 	at libcore.io.BlockGuardOs.open(BlockGuardOs.java:273)
06-18 13:54:00.018 W/System.err(21481): 	at libcore.io.ForwardingOs.open(ForwardingOs.java:567)
06-18 13:54:00.018 W/System.err(21481): 	at android.app.ActivityThread$AndroidOs.open(ActivityThread.java:7761)
06-18 13:54:00.018 W/System.err(21481): 	at libcore.io.IoBridge.open(IoBridge.java:561)
06-18 13:54:00.018 W/System.err(21481): 	... 69 more
06-18 13:54:00.020 W/System.err(21481): java.io.FileNotFoundException: sys/class/sunxi_info/sys_info: open failed: ENOENT (No such file or directory)
06-18 13:54:00.020 W/System.err(21481): 	at libcore.io.IoBridge.open(IoBridge.java:575)
06-18 13:54:00.020 W/System.err(21481): 	at java.io.FileInputStream.<init>(FileInputStream.java:160)
06-18 13:54:00.020 W/System.err(21481): 	at java.io.FileInputStream.<init>(FileInputStream.java:115)
06-18 13:54:00.020 W/System.err(21481): 	at ip.b.b(SourceFile:5)
06-18 13:54:00.020 W/System.err(21481): 	at ip.b.a(SourceFile:155)
06-18 13:54:00.020 W/System.err(21481): 	at ip.a.invoke(SourceFile:127)
06-18 13:54:00.020 W/System.err(21481): 	at dh.v.getValue(SourceFile:21)
06-18 13:54:00.021 W/System.err(21481): 	at tech.gtt.frontapp.servicesdk.common.network.interceptor.params.ApiDeviceParams.handleFixedParams(SourceFile:65)
06-18 13:54:00.021 W/System.err(21481): 	at tech.gtt.frontapp.servicesdk.common.service.utility.apis.IParamsGetter.toMaps(SourceFile:87)
06-18 13:54:00.021 W/System.err(21481): 	at tech.gtt.frontapp.servicesdk.common.network.interceptor.DefaultParamsInterceptor.onRequest(SourceFile:127)
06-18 13:54:00.021 W/System.err(21481): 	at tech.gtt.frontapp.servicesdk.common.network.interceptor.SDKInterceptorsPluginKt$setupRequestInterception$1.invokeSuspend(SourceFile:103)
06-18 13:54:00.021 W/System.err(21481): 	at tech.gtt.frontapp.servicesdk.common.network.interceptor.SDKInterceptorsPluginKt$setupRequestInterception$1.invoke(SourceFile:1)
06-18 13:54:00.021 W/System.err(21481): 	at tech.gtt.frontapp.servicesdk.common.network.interceptor.SDKInterceptorsPluginKt$setupRequestInterception$1.invoke(SourceFile:2)
06-18 13:54:00.021 W/System.err(21481): 	at io.ktor.util.pipeline.DebugPipelineContext.proceedLoop(SourceFile:86)
06-18 13:54:00.021 W/System.err(21481): 	at io.ktor.util.pipeline.DebugPipelineContext.proceed(SourceFile:26)
06-18 13:54:00.021 W/System.err(21481): 	at io.ktor.client.plugins.RequestError$install$1.invokeSuspend(SourceFile:47)
06-18 13:54:00.021 W/System.err(21481): 	at io.ktor.client.plugins.RequestError$install$1.invoke(SourceFile:1)
06-18 13:54:00.021 W/System.err(21481): 	at io.ktor.client.plugins.RequestError$install$1.invoke(SourceFile:2)
06-18 13:54:00.021 W/System.err(21481): 	at io.ktor.util.pipeline.DebugPipelineContext.proceedLoop(SourceFile:86)
06-18 13:54:00.021 W/System.err(21481): 	at io.ktor.util.pipeline.DebugPipelineContext.proceed(SourceFile:26)
06-18 13:54:00.021 W/System.err(21481): 	at io.ktor.client.plugins.SetupRequestContext$install$1.invokeSuspend$proceed(SourceFile:1)
06-18 13:54:00.021 W/System.err(21481): 	at io.ktor.client.plugins.SetupRequestContext$install$1.access$invokeSuspend$proceed(SourceFile:1)
06-18 13:54:00.021 W/System.err(21481): 	at io.ktor.client.plugins.SetupRequestContext$install$1$1.invoke(SourceFile:2)
06-18 13:54:00.021 W/System.err(21481): 	at io.ktor.client.plugins.SetupRequestContext$install$1$1.invoke(SourceFile:1)
06-18 13:54:00.021 W/System.err(21481): 	at io.ktor.client.plugins.HttpRequestLifecycleKt$HttpRequestLifecycle$1$1.invokeSuspend(SourceFile:78)
06-18 13:54:00.021 W/System.err(21481): 	at io.ktor.client.plugins.HttpRequestLifecycleKt$HttpRequestLifecycle$1$1.invoke(SourceFile:1)
06-18 13:54:00.021 W/System.err(21481): 	at io.ktor.client.plugins.HttpRequestLifecycleKt$HttpRequestLifecycle$1$1.invoke(SourceFile:2)
06-18 13:54:00.021 W/System.err(21481): 	at io.ktor.client.plugins.SetupRequestContext$install$1.invokeSuspend(SourceFile:42)
06-18 13:54:00.021 W/System.err(21481): 	at io.ktor.client.plugins.SetupRequestContext$install$1.invoke(SourceFile:1)
06-18 13:54:00.021 W/System.err(21481): 	at io.ktor.client.plugins.SetupRequestContext$install$1.invoke(SourceFile:2)
06-18 13:54:00.021 W/System.err(21481): 	at io.ktor.util.pipeline.DebugPipelineContext.proceedLoop(SourceFile:86)
06-18 13:54:00.021 W/System.err(21481): 	at io.ktor.util.pipeline.DebugPipelineContext.proceed(SourceFile:26)
06-18 13:54:00.021 W/System.err(21481): 	at io.ktor.util.pipeline.DebugPipelineContext.execute$ktor_utils(SourceFile:7)
06-18 13:54:00.021 W/System.err(21481): 	at io.ktor.util.pipeline.Pipeline.execute(SourceFile:9)
06-18 13:54:00.021 W/System.err(21481): 	at io.ktor.client.HttpClient.execute$ktor_client_core(SourceFile:68)
06-18 13:54:00.021 W/System.err(21481): 	at io.ktor.client.statement.HttpStatement.fetchResponse(SourceFile:90)
06-18 13:54:00.021 W/System.err(21481): 	at io.ktor.client.statement.HttpStatement.execute(SourceFile:9)
06-18 13:54:00.021 W/System.err(21481): 	at de.jensklingenberg.ktorfit.internal.KtorfitConverterHelper.suspendRequest(SourceFile:127)
06-18 13:54:00.021 W/System.err(21481): 	at de.jensklingenberg.ktorfit.internal.KtorfitConverterHelper$request$1$1.invokeSuspend(SourceFile:58)
06-18 13:54:00.021 W/System.err(21481): 	at de.jensklingenberg.ktorfit.internal.KtorfitConverterHelper$request$1$1.invoke(SourceFile:2)
06-18 13:54:00.021 W/System.err(21481): 	at de.jensklingenberg.ktorfit.internal.KtorfitConverterHelper$request$1$1.invoke(SourceFile:1)
06-18 13:54:00.021 W/System.err(21481): 	at de.jensklingenberg.ktorfit.converter.FlowConverterFactory$responseConverter$1$convert$1.invokeSuspend(SourceFile:84)
06-18 13:54:00.021 W/System.err(21481): 	at de.jensklingenberg.ktorfit.converter.FlowConverterFactory$responseConverter$1$convert$1.invoke(SourceFile:2)
06-18 13:54:00.021 W/System.err(21481): 	at de.jensklingenberg.ktorfit.converter.FlowConverterFactory$responseConverter$1$convert$1.invoke(SourceFile:1)
06-18 13:54:00.021 W/System.err(21481): 	at kotlinx.coroutines.flow.SafeFlow.collectSafely(SourceFile:3)
06-18 13:54:00.021 W/System.err(21481): 	at kotlinx.coroutines.flow.AbstractFlow.collect(SourceFile:70)
06-18 13:54:00.021 W/System.err(21481): 	at kotlinx.coroutines.flow.FlowKt__MergeKt$flatMapConcat$$inlined$map$1.collect(SourceFile:10)
06-18 13:54:00.021 W/System.err(21481): 	at kotlinx.coroutines.flow.FlowKt__MergeKt$flattenConcat$$inlined$unsafeFlow$1.collect(SourceFile:8)
06-18 13:54:00.021 W/System.err(21481): 	at kotlinx.coroutines.flow.FlowKt__CollectKt.collect(SourceFile:1)
06-18 13:54:00.021 W/System.err(21481): 	at kotlinx.coroutines.flow.FlowKt.collect(SourceFile:1)
06-18 13:54:00.021 W/System.err(21481): 	at tech.gtt.frontapp.servicesdk.common.service.utility.apis.ApiUtilServiceImpl.onServiceInit(SourceFile:240)
06-18 13:54:00.021 W/System.err(21481): 	at tech.gtt.frontapp.servicesdk.common.core.ServiceSDKImpl.executeServiceInitialize(SourceFile:372)
06-18 13:54:00.021 W/System.err(21481): 	at tech.gtt.frontapp.servicesdk.common.core.ServiceSDKImpl.access$executeServiceInitialize(SourceFile:1)
06-18 13:54:00.021 W/System.err(21481): 	at tech.gtt.frontapp.servicesdk.common.core.ServiceSDKImpl$init$1.invokeSuspend(SourceFile:178)
06-18 13:54:00.021 W/System.err(21481): 	at tech.gtt.frontapp.servicesdk.common.core.ServiceSDKImpl$init$1.invoke(SourceFile:2)
06-18 13:54:00.021 W/System.err(21481): 	at tech.gtt.frontapp.servicesdk.common.core.ServiceSDKImpl$init$1.invoke(SourceFile:1)
06-18 13:54:00.021 W/System.err(21481): 	at kotlinx.coroutines.flow.SafeFlow.collectSafely(SourceFile:3)
06-18 13:54:00.021 W/System.err(21481): 	at kotlinx.coroutines.flow.AbstractFlow.collect(SourceFile:70)
06-18 13:54:00.021 W/System.err(21481): 	at tech.gtt.frontapp.servicesdk.common.core.SDKSetup$build$1.invokeSuspend(SourceFile:42)
06-18 13:54:00.021 W/System.err(21481): 	at tech.gtt.frontapp.servicesdk.common.core.SDKSetup$build$1.invoke(SourceFile:2)
06-18 13:54:00.021 W/System.err(21481): 	at tech.gtt.frontapp.servicesdk.common.core.SDKSetup$build$1.invoke(SourceFile:1)
06-18 13:54:00.021 W/System.err(21481): 	at tech.gtt.frontapp.servicesdk.common.core.Scheduler$scheduleDirect$1.invokeSuspend(SourceFile:61)
06-18 13:54:00.021 W/System.err(21481): 	at lh.a.resumeWith(SourceFile:14)
06-18 13:54:00.021 W/System.err(21481): 	at kotlinx.coroutines.DispatchedTask.run(SourceFile:123)
06-18 13:54:00.021 W/System.err(21481): 	at kotlinx.coroutines.internal.LimitedDispatcher$Worker.run(SourceFile:4)
06-18 13:54:00.021 W/System.err(21481): 	at kotlinx.coroutines.scheduling.TaskImpl.run(SourceFile:3)
06-18 13:54:00.021 W/System.err(21481): 	at kotlinx.coroutines.scheduling.CoroutineScheduler.runSafely(SourceFile:1)
06-18 13:54:00.021 W/System.err(21481): 	at kotlinx.coroutines.scheduling.CoroutineScheduler$Worker.executeTask(SourceFile:34)
06-18 13:54:00.021 W/System.err(21481): 	at kotlinx.coroutines.scheduling.CoroutineScheduler$Worker.runWorker(SourceFile:29)
06-18 13:54:00.021 W/System.err(21481): 	at kotlinx.coroutines.scheduling.CoroutineScheduler$Worker.run(SourceFile:1)
06-18 13:54:00.022 W/System.err(21481): Caused by: android.system.ErrnoException: open failed: ENOENT (No such file or directory)
06-18 13:54:00.022 W/System.err(21481): 	at libcore.io.Linux.open(Native Method)
06-18 13:54:00.022 W/System.err(21481): 	at libcore.io.ForwardingOs.open(ForwardingOs.java:567)
06-18 13:54:00.022 W/System.err(21481): 	at libcore.io.BlockGuardOs.open(BlockGuardOs.java:273)
06-18 13:54:00.022 W/System.err(21481): 	at libcore.io.ForwardingOs.open(ForwardingOs.java:567)
