--------- beginning of main
06-20 01:29:39.430 D/ProcessState( 3778): Binder ioctl to enable oneway spam detection failed: Invalid argument
--------- beginning of system
06-20 01:29:39.433 I/ActivityManager( 1926): Force stopping tech.gtt.frontapp.stb.demo appid=10058 user=0: clear data
06-20 01:29:39.440 I/ActivityManager( 1926): Force stopping tech.gtt.frontapp.stb.demo appid=10058 user=-1: clearApplicationUserData
06-20 01:29:39.443 E/TaskPersister( 1926): File error accessing recents directory (directory doesn't exist?).
06-20 01:29:39.455 I/MediaProvider( 2470): Invalidating LocalCallingIdentity cache for package tech.gtt.frontapp.stb.demo. Reason: op android:read_external_storage
06-20 01:29:39.469 D/CompatibilityChangeReporter( 1926): Compat change id reported: 168419799; UID 10019; state: DISABLED
06-20 01:29:39.492 I/MediaProvider( 2470): Begin Intent { act=android.intent.action.PACKAGE_DATA_CLEARED dat=package:tech.gtt.frontapp.stb.demo flg=0x1000010 cmp=com.android.providers.media.module/com.android.providers.media.MediaService (has extras) }
06-20 01:29:39.492 D/MediaProvider( 2470): Deleted 0 Android/media items belonging to tech.gtt.frontapp.stb.demo on /data/user/0/com.android.providers.media.module/databases/external.db
06-20 01:29:39.493 I/MediaProvider( 2470): End Intent { act=android.intent.action.PACKAGE_DATA_CLEARED dat=package:tech.gtt.frontapp.stb.demo flg=0x1000010 cmp=com.android.providers.media.module/com.android.providers.media.MediaService (has extras) }
06-20 01:29:39.544 D/AndroidRuntime( 3792): >>>>>> START com.android.internal.os.RuntimeInit uid 0 <<<<<<
06-20 01:29:39.548 I/AndroidRuntime( 3792): Using default boot image
06-20 01:29:39.548 I/AndroidRuntime( 3792): Leaving lock profiling enabled
06-20 01:29:39.551 W/app_process( 3792): ART APEX data files are untrusted.
06-20 01:29:39.551 I/app_process( 3792): Core platform API reporting enabled, enforcing=false
06-20 01:29:39.597 D/app_process( 3792): Time zone APEX ICU file found: /apex/com.android.tzdata/etc/icu/icu_tzdata.dat
06-20 01:29:39.597 D/app_process( 3792): I18n APEX ICU file found: /apex/com.android.i18n/etc/icu/icudt68l.dat
06-20 01:29:39.603 W/app_process( 3792): Unexpected CPU variant for X86 using defaults: x86_64
06-20 01:29:39.622 D/ProcessState( 3792): Binder ioctl to enable oneway spam detection failed: Invalid argument
06-20 01:29:39.622 D/AndroidRuntime( 3792): Calling main entry com.android.commands.monkey.Monkey
06-20 01:29:39.623 W/Monkey  ( 3792): args: [-p, tech.gtt.frontapp.stb.demo, -c, android.intent.category.LAUNCHER, 1]
06-20 01:29:39.623 W/Monkey  ( 3792):  arg: "-p"
06-20 01:29:39.623 W/Monkey  ( 3792):  arg: "tech.gtt.frontapp.stb.demo"
06-20 01:29:39.623 W/Monkey  ( 3792):  arg: "-c"
06-20 01:29:39.624 W/Monkey  ( 3792):  arg: "android.intent.category.LAUNCHER"
06-20 01:29:39.624 W/Monkey  ( 3792):  arg: "1"
06-20 01:29:39.624 W/Monkey  ( 3792): data="tech.gtt.frontapp.stb.demo"
06-20 01:29:39.624 W/Monkey  ( 3792): data="android.intent.category.LAUNCHER"
06-20 01:29:39.664 W/BroadcastQueue( 1926): Skipping deliver [background] BroadcastRecord{6f87019 u-1 android.net.conn.CONNECTIVITY_CHANGE} to ReceiverList{64588de 3792 (unknown name)/0/u-1 remote:4932b63}: process gone or crashing
06-20 01:29:39.670 I/ActivityTaskManager( 1926): START u0 {act=android.intent.action.MAIN cat=[android.intent.category.LAUNCHER] flg=0x10200000 cmp=tech.gtt.frontapp.stb.demo/tech.gtt.frontapp.stb.m.home.activity.SplashActivity} from uid 0
06-20 01:29:39.673 W/ActivityTaskManager( 1926): Can't find TaskDisplayArea to determine support for multi window. Task id=15 attached=false
06-20 01:29:39.693 I/Monkey  ( 3792): Events injected: 1
06-20 01:29:39.701 D/CompatibilityChangeReporter( 1926): Compat change id reported: 135634846; UID 10058; state: DISABLED
06-20 01:29:39.702 D/CompatibilityChangeReporter( 1926): Compat change id reported: 143937733; UID 10058; state: ENABLED
06-20 01:29:39.718 I/Monkey  ( 3792): ## Network stats: elapsed time=47ms (0ms mobile, 0ms wifi, 47ms not connected)
06-20 01:29:39.727 D/gralloc_nox( 1768): gralloc_alloc: Creating ashmem region of size 8298496
06-20 01:29:39.742 D/Zygote  ( 1754): Forked child process 3806
06-20 01:29:39.746 W/ActivityManager( 1926): Slow operation: 55ms so far, now at startProcess: returned from zygote!
06-20 01:29:39.751 I/app_process( 3792): System.exit called, status: 0
06-20 01:29:39.751 I/AndroidRuntime( 3792): VM exiting with result code 0.
06-20 01:29:39.753 W/ActivityManager( 1926): Slow operation: 62ms so far, now at startProcess: done updating battery stats
06-20 01:29:39.753 W/ActivityManager( 1926): Slow operation: 62ms so far, now at startProcess: building log message
06-20 01:29:39.753 I/ActivityManager( 1926): Start proc 3806:tech.gtt.frontapp.stb.demo/u0a58 for pre-top-activity {tech.gtt.frontapp.stb.demo/tech.gtt.frontapp.stb.m.home.activity.SplashActivity}
06-20 01:29:39.753 W/ActivityManager( 1926): Slow operation: 62ms so far, now at startProcess: starting to update pids map
06-20 01:29:39.753 W/ActivityManager( 1926): Slow operation: 62ms so far, now at startProcess: done updating pids map
06-20 01:29:39.757 I/Zygote  ( 3806): seccomp disabled by setenforce 0
06-20 01:29:39.775 W/ontapp.stb.dem( 3806): Unexpected CPU variant for X86 using defaults: x86_64
06-20 01:29:39.794 D/ProcessState( 3806): Binder ioctl to enable oneway spam detection failed: Invalid argument
06-20 01:29:39.807 D/gralloc_nox( 1768): gralloc_alloc: Creating ashmem region of size 8298496
06-20 01:29:39.833 E/ashmem  ( 3806): memfd: ro.vndk.version not defined or invalid (), this is mandated since P.
06-20 01:29:39.836 D/CompatibilityChangeReporter( 3806): Compat change id reported: 171979766; UID 10058; state: ENABLED
06-20 01:29:39.858 D/gralloc_nox( 1768): gralloc_alloc: Creating ashmem region of size 8298496
06-20 01:29:39.912 V/GraphicsEnvironment( 3806): ANGLE Developer option for 'tech.gtt.frontapp.stb.demo' set to: 'default'
06-20 01:29:39.915 V/GraphicsEnvironment( 3806): ANGLE GameManagerService for tech.gtt.frontapp.stb.demo: false
06-20 01:29:39.916 V/GraphicsEnvironment( 3806): Neither updatable production driver nor prerelease driver is supported.
06-20 01:29:39.920 D/NetworkSecurityConfig( 3806): Using Network Security Config from resource network_security_config debugBuild: false
06-20 01:29:39.923 D/NetworkSecurityConfig( 3806): Using Network Security Config from resource network_security_config debugBuild: false
06-20 01:29:39.928 I/MultiDex( 3806): VM with version 2.1.0 has multidex support
06-20 01:29:39.928 I/MultiDex( 3806): Installing application
06-20 01:29:39.928 I/MultiDex( 3806): VM has multidex support, MultiDex support library is disabled.
06-20 01:29:39.928 E/[Package]( 3806): params: AppConfiguration(vnoId='11026504', brandId='d0k7d3p3kdikth2o3q6g', appId='d0jucrbq6bt4h33c0ma0', sourceId='30006401-31002837', authServers='https://gtt-app-apigateway-lion.vdemosit.com', shareKey='S2kQMgUSugYyMlk5QclHDaF0uDsFnB0oJoFeAFgsKb8=', packageName='tech.gtt.frontapp.stb.demo', appName='Goose TV', appVersionName='v1.0.0', appVersionCode='7', pluginVersionCode='1', pluginVersionName='6.0.0-beta-build5', packageSeq='1', buglyAppId='d76a04165f', buglyKey='13b89b2d-1c12-4c4f-93b8-46e3c2ef9f73', baseVersionCode='20000066', gitTag='2.1.4-beta6', supportLang='en,pt,es', defaultLang='en', bootLoadType='1')
06-20 01:29:39.928 W/System.err( 3806): java.lang.ClassNotFoundException: tech.gtt.frontapp.stb.docker.plugin.PluginUtils
06-20 01:29:39.930 W/System.err( 3806): 	at java.lang.Class.classForName(Native Method)
06-20 01:29:39.930 W/System.err( 3806): 	at java.lang.Class.forName(Class.java:454)
06-20 01:29:39.930 W/System.err( 3806): 	at java.lang.Class.forName(Class.java:379)
06-20 01:29:39.930 W/System.err( 3806): 	at ot.e.b(SourceFile:3)
06-20 01:29:39.930 W/System.err( 3806): 	at tech.gtt.frontapp.stb.app.MainApplication.attachBaseContext(SourceFile:130)
06-20 01:29:39.930 W/System.err( 3806): 	at android.app.Application.attach(Application.java:338)
06-20 01:29:39.930 W/System.err( 3806): 	at android.app.Instrumentation.newApplication(Instrumentation.java:1190)
06-20 01:29:39.930 W/System.err( 3806): 	at android.app.LoadedApk.makeApplication(LoadedApk.java:1361)
06-20 01:29:39.930 W/System.err( 3806): 	at android.app.ActivityThread.handleBindApplication(ActivityThread.java:6728)
06-20 01:29:39.930 W/System.err( 3806): 	at android.app.ActivityThread.access$1500(ActivityThread.java:256)
06-20 01:29:39.930 W/System.err( 3806): 	at android.app.ActivityThread$H.handleMessage(ActivityThread.java:2091)
06-20 01:29:39.930 W/System.err( 3806): 	at android.os.Handler.dispatchMessage(Handler.java:106)
06-20 01:29:39.930 W/System.err( 3806): 	at android.os.Looper.loopOnce(Looper.java:201)
06-20 01:29:39.930 W/System.err( 3806): 	at android.os.Looper.loop(Looper.java:288)
06-20 01:29:39.930 W/System.err( 3806): 	at android.app.ActivityThread.main(ActivityThread.java:7875)
06-20 01:29:39.930 W/System.err( 3806): 	at java.lang.reflect.Method.invoke(Native Method)
06-20 01:29:39.930 W/System.err( 3806): 	at com.android.internal.os.RuntimeInit$MethodAndArgsCaller.run(RuntimeInit.java:568)
06-20 01:29:39.930 W/System.err( 3806): 	at com.android.internal.os.ZygoteInit.main(ZygoteInit.java:1005)
06-20 01:29:39.931 W/System.err( 3806): Caused by: java.lang.ClassNotFoundException: tech.gtt.frontapp.stb.docker.plugin.PluginUtils
06-20 01:29:39.931 W/System.err( 3806): 	... 18 more
06-20 01:29:39.931 E/[Package]( 3806): isInPluginMode: false
06-20 01:29:39.933 I/CustomActivityOnCrash( 3806): CustomActivityOnCrash has been installed.
06-20 01:29:39.934 I/System.out( 3806): Modular_Init : a - initialize
06-20 01:29:39.934 D/[ReplayInitialize]( 3806): init---
06-20 01:29:39.934 I/System.out( 3806): Modular_Init : a - initialize
06-20 01:29:39.937 I/System.out( 3806): Modular_Init : b - initialize
06-20 01:29:39.941 I/System.out( 3806): Modular_Init : a - initialize
06-20 01:29:39.941 D/[LiveInitialize]( 3806): init---
06-20 01:29:39.941 I/System.out( 3806): Modular_Init : a - initialize
06-20 01:29:39.941 D/[CatchupInitModule]( 3806): init---
06-20 01:29:39.941 I/System.out( 3806): Modular_Init : d - initialize
06-20 01:29:39.942 I/System.out( 3806): Modular_Init : a - initialize
06-20 01:29:39.947 D/AndroidAutoSize( 3806): designWidthInDp = 1920, designHeightInDp = 1080, screenWidth = 1920, screenHeight = 1080
06-20 01:29:39.948 D/AndroidAutoSize( 3806): initDensity = 2.0, initScaledDensity = 2.0
06-20 01:29:40.050 D/AndroidAutoSize( 3806): tech.gtt.frontapp.stb.m.home.activity.SplashActivity used the global configuration.
06-20 01:29:40.066 D/AndroidAutoSize( 3806): The tech.gtt.frontapp.stb.m.home.activity.SplashActivity has been adapted! 
06-20 01:29:40.066 D/AndroidAutoSize( 3806): SplashActivity Info: isBaseOnWidth = true, designWidthInDp = 1920.000000, designWidthInSubunits = 1920.000000, targetDensity = 1.000000, targetScaledDensity = 1.000000, targetDensityDpi = 160, targetXdpi = 1.000000, targetScreenWidthDp = 1920, targetScreenHeightDp = 1032
06-20 01:29:40.137 D/AndroidAutoSize( 3806): tech.gtt.frontapp.stb.m.home.activity.SplashActivity used the global configuration.
06-20 01:29:40.138 D/AndroidAutoSize( 3806): The tech.gtt.frontapp.stb.m.home.activity.SplashActivity has been adapted! 
06-20 01:29:40.138 D/AndroidAutoSize( 3806): SplashActivity Info: isBaseOnWidth = true, designWidthInDp = 1920.000000, designWidthInSubunits = 1920.000000, targetDensity = 1.000000, targetScaledDensity = 1.000000, targetDensityDpi = 160, targetXdpi = 1.000000, targetScreenWidthDp = 1920, targetScreenHeightDp = 1032
06-20 01:29:40.141 I/ActivityTaskManager( 1926): START u0 {act=android.content.pm.action.REQUEST_PERMISSIONS pkg=com.android.permissioncontroller cmp=com.android.permissioncontroller/.permission.ui.GrantPermissionsActivity (has extras)} from uid 10058
06-20 01:29:40.172 D/ontapp.stb.dem( 3806): createUnique: call
06-20 01:29:40.183 D/ontapp.stb.dem( 3806): HostComposition ext GL_OES_EGL_image GL_OES_EGL_image_external GL_OES_depth24 GL_OES_depth32 GL_OES_element_index_uint GL_OES_texture_float GL_OES_texture_float_linear GL_OES_compressed_paletted_texture GL_OES_compressed_ETC1_RGB8_texture GL_OES_depth_texture GL_EXT_texture_format_BGRA8888 GL_APPLE_texture_format_BGRA8888 GL_OES_texture_half_float GL_EXT_robustness GL_OES_texture_half_float_linear GL_OES_packed_depth_stencil GL_OES_vertex_half_float GL_OES_texture_npot GL_OES_rgb8_rgba8 GL_EXT_color_buffer_float GL_EXT_texture_sRGB_decode ANDROID_gles_max_version_3_1 GL_OES_vertex_array_object GL_EXT_texture_buffer GL_EXT_copy_image GL_KHR_texture_compression_astc_ldr GL_KHR_texture_compression_astc_hdr GL_OES_texture_compression_astc GL_OES_EGL_image_external
06-20 01:29:40.186 D/hw-ProcessState( 3806): Binder ioctl to enable oneway spam detection failed: Invalid argument
06-20 01:29:40.188 W/OpenGLRenderer( 3806): Failed to initialize 101010-2 format, error = EGL_SUCCESS
06-20 01:29:40.188 D/EGL_emulation( 3806): rcCreateContext wated version 2.0  rc:4
06-20 01:29:40.225 D/EGL_emulation( 3806): eglMakeCurrent: 0x779201e17970: ver 3 2 (tinfo 0x779181e23140) (first time)
06-20 01:29:40.232 E/HWComposer( 1787): getSupportedContentTypes: getSupportedContentTypes failed for display 0: Unsupported (8)
06-20 01:29:40.233 I/hwservicemanager( 1564): getTransport: Cannot find entry android.hardware.graphics.mapper@4.0::IMapper/default in either framework or device VINTF manifest.
06-20 01:29:40.234 I/Gralloc4( 3806): mapper 4.x is not supported
06-20 01:29:40.234 I/hwservicemanager( 1564): getTransport: Cannot find entry android.hardware.graphics.mapper@3.0::IMapper/default in either framework or device VINTF manifest.
06-20 01:29:40.234 W/Gralloc3( 3806): mapper 3.x is not supported
06-20 01:29:40.235 I/hwservicemanager( 1564): getTransport: Cannot find entry android.hardware.graphics.allocator@4.0::IAllocator/default in either framework or device VINTF manifest.
06-20 01:29:40.235 W/Gralloc4( 3806): allocator 4.x is not supported
06-20 01:29:40.235 I/hwservicemanager( 1564): getTransport: Cannot find entry android.hardware.graphics.allocator@3.0::IAllocator/default in either framework or device VINTF manifest.
06-20 01:29:40.235 W/Gralloc3( 3806): allocator 3.x is not supported
06-20 01:29:40.236 D/gralloc_nox( 1768): gralloc_alloc: Creating ashmem region of size 8298496
06-20 01:29:40.274 D/ontapp.stb.dem( 3806): createUnique: call
06-20 01:29:40.275 D/ontapp.stb.dem( 3806): HostComposition ext GL_OES_EGL_image GL_OES_EGL_image_external GL_OES_depth24 GL_OES_depth32 GL_OES_element_index_uint GL_OES_texture_float GL_OES_texture_float_linear GL_OES_compressed_paletted_texture GL_OES_compressed_ETC1_RGB8_texture GL_OES_depth_texture GL_EXT_texture_format_BGRA8888 GL_APPLE_texture_format_BGRA8888 GL_OES_texture_half_float GL_EXT_robustness GL_OES_texture_half_float_linear GL_OES_packed_depth_stencil GL_OES_vertex_half_float GL_OES_texture_npot GL_OES_rgb8_rgba8 GL_EXT_color_buffer_float GL_EXT_texture_sRGB_decode ANDROID_gles_max_version_3_1 GL_OES_vertex_array_object GL_EXT_texture_buffer GL_EXT_copy_image GL_KHR_texture_compression_astc_ldr GL_KHR_texture_compression_astc_hdr GL_OES_texture_compression_astc GL_OES_EGL_image_external
06-20 01:29:40.275 D/gralloc_nox( 1768): gralloc_alloc: Creating ashmem region of size 8298496
06-20 01:29:40.322 D/gralloc_nox( 1768): gralloc_alloc: Creating ashmem region of size 8298496
06-20 01:29:40.386 E/libEGL  ( 3806): called unimplemented OpenGL ES API
06-20 01:29:40.461 W/ActivityTaskManager( 1926): Tried to set launchTime (0) < mLastActivityLaunchTime (239934)
06-20 01:29:40.751 W/InputManager-JNI( 1926): Input channel object '95f0951 Splash Screen tech.gtt.frontapp.stb.demo (client)' was disposed without first being removed with the input manager!
06-20 01:29:40.791 I/ActivityTaskManager( 1926): Displayed com.android.permissioncontroller/.permission.ui.GrantPermissionsActivity: +1s110ms
06-20 01:29:40.939 D/gralloc_nox( 1768): gralloc_alloc: Creating ashmem region of size 5496832
06-20 01:29:41.057 D/gralloc_nox( 1768): gralloc_alloc: Creating ashmem region of size 5496832
06-20 01:29:41.344 D/gralloc_nox( 1768): gralloc_alloc: Creating ashmem region of size 5496832
06-20 01:29:42.707 E/TaskPersister( 1926): File error accessing recents directory (directory doesn't exist?).
06-20 01:29:42.796 D/UIAutomatorStub( 3753): URI: /jsonrpc/0, Method: POST, params, {NanoHttpd.QUERY_STRING=null}, files: {postData={"jsonrpc": "2.0", "id": 1, "method": "count", "params": [{"mask": 2097152, "childOrSibling": [], "childOrSiblingSelector": [], "resourceId": "com.android.permissioncontroller:id/permission_allow_button"}]}}
06-20 01:29:42.907 D/UiObject( 3753): Waiting 0ms for UiSelector[RESOURCE_ID=com.android.permissioncontroller:id/permission_allow_button].
06-20 01:29:42.909 W/QueryController( 3753): Could not detect idle state.
06-20 01:29:42.949 I/QueryController( 3753): Matched selector: UiSelector[RESOURCE_ID=com.android.permissioncontroller:id/permission_allow_button] <<==>> [android.view.accessibility.AccessibilityNodeInfo@1210d; boundsInParent: Rect(0, 0 - 992, 112); boundsInScreen: Rect(464, 557 - 1456, 669); packageName: com.android.permissioncontroller; className: android.widget.Button; text: 允许; error: null; maxTextLength: -1; stateDescription: null; contentDescription: null; tooltipText: null; viewIdResName: com.android.permissioncontroller:id/permission_allow_button; checkable: false; checked: false; focusable: true; focused: false; selected: false; clickable: true; longClickable: false; contextClickable: false; enabled: true; password: false; scrollable: false; importantForAccessibility: true; visible: true; actions: [AccessibilityAction: ACTION_FOCUS - null, AccessibilityAction: ACTION_SELECT - null, AccessibilityAction: ACTION_CLEAR_SELECTION - null, AccessibilityAction: ACTION_CLICK - null, AccessibilityAction: ACTION_ACCESSIBILITY_FOCUS - null, AccessibilityAction: ACTION_NEXT_AT_MOVEMENT_GRANULARITY - null, AccessibilityAction: ACTION_PREVIOUS_AT_MOVEMENT_GRANULARITY - null, AccessibilityAction: ACTION_SET_SELECTION - null, AccessibilityAction: ACTION_SHOW_ON_SCREEN - null]]
06-20 01:29:42.954 D/UiObject( 3753): Waiting 0ms for UiSelector[INSTANCE=1, RESOURCE_ID=com.android.permissioncontroller:id/permission_allow_button].
06-20 01:29:42.963 W/QueryController( 3753): Could not detect idle state.
06-20 01:29:43.015 D/UIAutomatorStub( 3753): URI: /jsonrpc/0, Method: POST, params, {NanoHttpd.QUERY_STRING=null}, files: {postData={"jsonrpc": "2.0", "id": 1, "method": "waitForExists", "params": [{"mask": 2097152, "childOrSibling": [], "childOrSiblingSelector": [], "resourceId": "com.android.permissioncontroller:id/permission_allow_button"}, 20000]}}
06-20 01:29:43.029 D/UiDevice( 3753): Waiting 20000ms for SearchCondition[hasObject=BySelector [RES='\Qcom.android.permissioncontroller:id/permission_allow_button\E']].
06-20 01:29:43.039 D/UiDevice( 3753): Searching for node with selector: BySelector [RES='\Qcom.android.permissioncontroller:id/permission_allow_button\E'].
06-20 01:29:43.040 W/QueryController( 3753): Could not detect idle state.
06-20 01:29:43.212 D/UIAutomatorStub( 3753): URI: /jsonrpc/0, Method: POST, params, {NanoHttpd.QUERY_STRING=null}, files: {postData={"jsonrpc": "2.0", "id": 1, "method": "objInfo", "params": [{"mask": 2097152, "childOrSibling": [], "childOrSiblingSelector": [], "resourceId": "com.android.permissioncontroller:id/permission_allow_button"}]}}
06-20 01:29:43.221 D/UiDevice( 3753): Retrieving node with selector: BySelector [RES='\Qcom.android.permissioncontroller:id/permission_allow_button\E'].
06-20 01:29:43.226 W/QueryController( 3753): Could not detect idle state.
06-20 01:29:43.312 W/QueryController( 3753): Could not detect idle state.
06-20 01:29:43.335 W/QueryController( 3753): Could not detect idle state.
06-20 01:29:43.346 W/QueryController( 3753): Could not detect idle state.
06-20 01:29:43.352 W/QueryController( 3753): Could not detect idle state.
06-20 01:29:43.359 W/QueryController( 3753): Could not detect idle state.
06-20 01:29:43.376 W/QueryController( 3753): Could not detect idle state.
06-20 01:29:43.384 W/QueryController( 3753): Could not detect idle state.
06-20 01:29:43.394 W/QueryController( 3753): Could not detect idle state.
06-20 01:29:43.399 W/QueryController( 3753): Could not detect idle state.
06-20 01:29:43.406 W/QueryController( 3753): Could not detect idle state.
06-20 01:29:43.411 W/QueryController( 3753): Could not detect idle state.
06-20 01:29:43.414 W/QueryController( 3753): Could not detect idle state.
06-20 01:29:43.422 W/QueryController( 3753): Could not detect idle state.
06-20 01:29:43.426 W/QueryController( 3753): Could not detect idle state.
06-20 01:29:43.437 W/QueryController( 3753): Could not detect idle state.
06-20 01:29:43.444 W/QueryController( 3753): Could not detect idle state.
06-20 01:29:43.451 W/QueryController( 3753): Could not detect idle state.
06-20 01:29:43.516 D/UIAutomatorStub( 3753): URI: /jsonrpc/0, Method: POST, params, {NanoHttpd.QUERY_STRING=null}, files: {postData={"jsonrpc": "2.0", "id": 1, "method": "click", "params": [960.0, 613.0]}}
06-20 01:29:43.812 V/GrantPermissionsViewModel( 2439): Logged buttons presented and clicked permissionGroupName=android.permission-group.STORAGE uid=10058 selectedLocations=0 package=tech.gtt.frontapp.stb.demo presentedButtons=9 clickedButton=1 sessionId=-5823732758335082258 targetSdk=35
06-20 01:29:43.821 I/MediaProvider( 2470): Invalidating LocalCallingIdentity cache for package tech.gtt.frontapp.stb.demo. Reason: op android:read_external_storage
06-20 01:29:43.823 V/GrantPermissionsViewModel( 2439): Permission grant result requestId=-5823732758335082258 callingUid=10058 callingPackage=tech.gtt.frontapp.stb.demo permission=android.permission.READ_EXTERNAL_STORAGE isImplicit=false result=4
06-20 01:29:43.827 D/gralloc_nox( 1768): gralloc_alloc: Creating ashmem region of size 8298496
06-20 01:29:43.869 E/android.hardware.audio.service( 1760): pcm_open called create stream faild
06-20 01:29:44.186 W/System  ( 1926): A resource failed to call release. 
06-20 01:29:44.192 W/System  ( 1926): A resource failed to call close. 
06-20 01:29:44.215 D/CompatibilityChangeReporter( 3806): Compat change id reported: 78294732; UID 10058; state: ENABLED
06-20 01:29:44.220 I/b       ( 3806): freeSpace : 116666MB
06-20 01:29:44.398 D/ConnectivityService( 1926): NetReassign [no changes]
06-20 01:29:44.438 V/GSK     ( 3806): StorageServiceImpl initialization() executed in 2 ms.
06-20 01:29:44.438 V/GSK     ( 3806): SecurityServiceImpl initialization() executed in 0 ms.
06-20 01:29:44.556 W/System.err( 3806): SLF4J(W): No SLF4J providers were found.
06-20 01:29:44.556 W/System.err( 3806): SLF4J(W): Defaulting to no-operation (NOP) logger implementation
06-20 01:29:44.556 W/System.err( 3806): SLF4J(W): See https://www.slf4j.org/codes.html#noProviders for further details.
06-20 01:29:44.590 W/InputManager-JNI( 1926): Input channel object 'e63daf0 com.android.permissioncontroller/com.android.permissioncontroller.permission.ui.GrantPermissionsActivity (client)' was disposed without first being removed with the input manager!
06-20 01:29:44.612 W/SurfaceFlinger( 1787): couldn't log to binary event log: overflow.
06-20 01:29:44.632 W/System.err( 3806): kotlinx.serialization.json.internal.JsonDecodingException: Expected start of the object '{', but had 'EOF' instead at path: $
06-20 01:29:44.632 W/System.err( 3806): JSON input: 
06-20 01:29:44.632 W/System.err( 3806): 	at kotlinx.serialization.json.internal.JsonExceptionsKt.JsonDecodingException(SourceFile:1)
06-20 01:29:44.632 W/System.err( 3806): 	at kotlinx.serialization.json.internal.JsonExceptionsKt.JsonDecodingException(SourceFile:2)
06-20 01:29:44.632 W/System.err( 3806): 	at kotlinx.serialization.json.internal.AbstractJsonLexer.fail(SourceFile:52)
06-20 01:29:44.632 W/System.err( 3806): 	at kotlinx.serialization.json.internal.AbstractJsonLexer.fail$default(SourceFile:15)
06-20 01:29:44.632 W/System.err( 3806): 	at kotlinx.serialization.json.internal.AbstractJsonLexer.unexpectedToken(SourceFile:103)
06-20 01:29:44.632 W/System.err( 3806): 	at kotlinx.serialization.json.internal.StringJsonLexer.consumeNextToken(SourceFile:16)
06-20 01:29:44.632 W/System.err( 3806): 	at kotlinx.serialization.json.internal.StreamingJsonDecoder.beginStructure(SourceFile:23)
06-20 01:29:44.632 W/System.err( 3806): 	at tech.gtt.frontapp.servicesdk.common.service.utility.apis.e2ee.E2eeConfigResponse$$serializer.deserialize(SourceFile:2)
06-20 01:29:44.632 W/System.err( 3806): 	at tech.gtt.frontapp.servicesdk.common.service.utility.apis.e2ee.E2eeConfigResponse$$serializer.deserialize(SourceFile:1)
06-20 01:29:44.632 W/System.err( 3806): 	at kotlinx.serialization.json.internal.StreamingJsonDecoder.decodeSerializableValue(SourceFile:320)
06-20 01:29:44.632 W/System.err( 3806): 	at kotlinx.serialization.json.Json.decodeFromString(SourceFile:3)
06-20 01:29:44.632 W/System.err( 3806): 	at tech.gtt.frontapp.servicesdk.common.service.utility.apis.e2ee.E2eeManager.syncE2eeConfig(SourceFile:74)
06-20 01:29:44.632 W/System.err( 3806): 	at tech.gtt.frontapp.servicesdk.common.service.utility.apis.ApiUtilServiceImpl.onServiceInit(SourceFile:228)
06-20 01:29:44.632 W/System.err( 3806): 	at tech.gtt.frontapp.servicesdk.common.core.ServiceSDKImpl.executeServiceInitialize(SourceFile:372)
06-20 01:29:44.632 W/System.err( 3806): 	at tech.gtt.frontapp.servicesdk.common.core.ServiceSDKImpl.access$executeServiceInitialize(SourceFile:1)
06-20 01:29:44.632 W/System.err( 3806): 	at tech.gtt.frontapp.servicesdk.common.core.ServiceSDKImpl$init$1.invokeSuspend(SourceFile:178)
06-20 01:29:44.632 W/System.err( 3806): 	at tech.gtt.frontapp.servicesdk.common.core.ServiceSDKImpl$init$1.invoke(SourceFile:2)
06-20 01:29:44.632 W/System.err( 3806): 	at tech.gtt.frontapp.servicesdk.common.core.ServiceSDKImpl$init$1.invoke(SourceFile:1)
06-20 01:29:44.632 W/System.err( 3806): 	at kotlinx.coroutines.flow.SafeFlow.collectSafely(SourceFile:3)
06-20 01:29:44.632 W/System.err( 3806): 	at kotlinx.coroutines.flow.AbstractFlow.collect(SourceFile:70)
06-20 01:29:44.632 W/System.err( 3806): 	at tech.gtt.frontapp.servicesdk.common.core.SDKSetup$build$1.invokeSuspend(SourceFile:42)
06-20 01:29:44.632 W/System.err( 3806): 	at tech.gtt.frontapp.servicesdk.common.core.SDKSetup$build$1.invoke(SourceFile:2)
06-20 01:29:44.632 W/System.err( 3806): 	at tech.gtt.frontapp.servicesdk.common.core.SDKSetup$build$1.invoke(SourceFile:1)
06-20 01:29:44.632 W/System.err( 3806): 	at tech.gtt.frontapp.servicesdk.common.core.Scheduler$scheduleDirect$1.invokeSuspend(SourceFile:61)
06-20 01:29:44.632 W/System.err( 3806): 	at lh.a.resumeWith(SourceFile:14)
06-20 01:29:44.632 W/System.err( 3806): 	at kotlinx.coroutines.DispatchedTask.run(SourceFile:123)
06-20 01:29:44.632 W/System.err( 3806): 	at kotlinx.coroutines.internal.LimitedDispatcher$Worker.run(SourceFile:4)
06-20 01:29:44.632 W/System.err( 3806): 	at kotlinx.coroutines.scheduling.TaskImpl.run(SourceFile:3)
06-20 01:29:44.632 W/System.err( 3806): 	at kotlinx.coroutines.scheduling.CoroutineScheduler.runSafely(SourceFile:1)
06-20 01:29:44.632 W/System.err( 3806): 	at kotlinx.coroutines.scheduling.CoroutineScheduler$Worker.executeTask(SourceFile:34)
06-20 01:29:44.632 W/System.err( 3806): 	at kotlinx.coroutines.scheduling.CoroutineScheduler$Worker.runWorker(SourceFile:29)
06-20 01:29:44.632 W/System.err( 3806): 	at kotlinx.coroutines.scheduling.CoroutineScheduler$Worker.run(SourceFile:1)
06-20 01:29:44.648 W/System.err( 3806): java.io.FileNotFoundException: sys/class/sunxi_info/sys_info: open failed: ENOENT (No such file or directory)
06-20 01:29:44.648 W/System.err( 3806): 	at libcore.io.IoBridge.open(IoBridge.java:575)
06-20 01:29:44.648 W/System.err( 3806): 	at java.io.FileInputStream.<init>(FileInputStream.java:160)
06-20 01:29:44.648 W/System.err( 3806): 	at java.io.FileInputStream.<init>(FileInputStream.java:115)
06-20 01:29:44.648 W/System.err( 3806): 	at ip.b.b(SourceFile:5)
06-20 01:29:44.648 W/System.err( 3806): 	at ip.b.a(SourceFile:155)
06-20 01:29:44.648 W/System.err( 3806): 	at ip.a.invoke(SourceFile:589)
06-20 01:29:44.648 W/System.err( 3806): 	at dh.v.getValue(SourceFile:21)
06-20 01:29:44.648 W/System.err( 3806): 	at tech.gtt.frontapp.servicesdk.common.network.interceptor.params.ApiDeviceParams.handleFixedParams(SourceFile:52)
06-20 01:29:44.648 W/System.err( 3806): 	at tech.gtt.frontapp.servicesdk.common.service.utility.apis.IParamsGetter.toMaps(SourceFile:87)
06-20 01:29:44.648 W/System.err( 3806): 	at tech.gtt.frontapp.servicesdk.common.network.interceptor.DefaultParamsInterceptor.onRequest(SourceFile:127)
06-20 01:29:44.648 W/System.err( 3806): 	at tech.gtt.frontapp.servicesdk.common.network.interceptor.SDKInterceptorsPluginKt$setupRequestInterception$1.invokeSuspend(SourceFile:103)
06-20 01:29:44.648 W/System.err( 3806): 	at tech.gtt.frontapp.servicesdk.common.network.interceptor.SDKInterceptorsPluginKt$setupRequestInterception$1.invoke(SourceFile:1)
06-20 01:29:44.648 W/System.err( 3806): 	at tech.gtt.frontapp.servicesdk.common.network.interceptor.SDKInterceptorsPluginKt$setupRequestInterception$1.invoke(SourceFile:2)
06-20 01:29:44.648 W/System.err( 3806): 	at io.ktor.util.pipeline.DebugPipelineContext.proceedLoop(SourceFile:86)
06-20 01:29:44.648 W/System.err( 3806): 	at io.ktor.util.pipeline.DebugPipelineContext.proceed(SourceFile:26)
06-20 01:29:44.648 W/System.err( 3806): 	at io.ktor.client.plugins.RequestError$install$1.invokeSuspend(SourceFile:47)
06-20 01:29:44.648 W/System.err( 3806): 	at io.ktor.client.plugins.RequestError$install$1.invoke(SourceFile:1)
06-20 01:29:44.648 W/System.err( 3806): 	at io.ktor.client.plugins.RequestError$install$1.invoke(SourceFile:2)
06-20 01:29:44.648 W/System.err( 3806): 	at io.ktor.util.pipeline.DebugPipelineContext.proceedLoop(SourceFile:86)
06-20 01:29:44.648 W/System.err( 3806): 	at io.ktor.util.pipeline.DebugPipelineContext.proceed(SourceFile:26)
06-20 01:29:44.648 W/System.err( 3806): 	at io.ktor.client.plugins.SetupRequestContext$install$1.invokeSuspend$proceed(SourceFile:1)
06-20 01:29:44.648 W/System.err( 3806): 	at io.ktor.client.plugins.SetupRequestContext$install$1.access$invokeSuspend$proceed(SourceFile:1)
06-20 01:29:44.648 W/System.err( 3806): 	at io.ktor.client.plugins.SetupRequestContext$install$1$1.invoke(SourceFile:2)
06-20 01:29:44.648 W/System.err( 3806): 	at io.ktor.client.plugins.SetupRequestContext$install$1$1.invoke(SourceFile:1)
06-20 01:29:44.648 W/System.err( 3806): 	at io.ktor.client.plugins.HttpRequestLifecycleKt$HttpRequestLifecycle$1$1.invokeSuspend(SourceFile:78)
06-20 01:29:44.648 W/System.err( 3806): 	at io.ktor.client.plugins.HttpRequestLifecycleKt$HttpRequestLifecycle$1$1.invoke(SourceFile:1)
06-20 01:29:44.648 W/System.err( 3806): 	at io.ktor.client.plugins.HttpRequestLifecycleKt$HttpRequestLifecycle$1$1.invoke(SourceFile:2)
06-20 01:29:44.648 W/System.err( 3806): 	at io.ktor.client.plugins.SetupRequestContext$install$1.invokeSuspend(SourceFile:42)
06-20 01:29:44.648 W/System.err( 3806): 	at io.ktor.client.plugins.SetupRequestContext$install$1.invoke(SourceFile:1)
06-20 01:29:44.648 W/System.err( 3806): 	at io.ktor.client.plugins.SetupRequestContext$install$1.invoke(SourceFile:2)
06-20 01:29:44.648 W/System.err( 3806): 	at io.ktor.util.pipeline.DebugPipelineContext.proceedLoop(SourceFile:86)
06-20 01:29:44.648 W/System.err( 3806): 	at io.ktor.util.pipeline.DebugPipelineContext.proceed(SourceFile:26)
06-20 01:29:44.648 W/System.err( 3806): 	at io.ktor.util.pipeline.DebugPipelineContext.execute$ktor_utils(SourceFile:7)
06-20 01:29:44.648 W/System.err( 3806): 	at io.ktor.util.pipeline.Pipeline.execute(SourceFile:9)
06-20 01:29:44.648 W/System.err( 3806): 	at io.ktor.client.HttpClient.execute$ktor_client_core(SourceFile:68)
06-20 01:29:44.648 W/System.err( 3806): 	at io.ktor.client.statement.HttpStatement.fetchResponse(SourceFile:90)
06-20 01:29:44.648 W/System.err( 3806): 	at io.ktor.client.statement.HttpStatement.execute(SourceFile:9)
06-20 01:29:44.648 W/System.err( 3806): 	at de.jensklingenberg.ktorfit.internal.KtorfitConverterHelper.suspendRequest(SourceFile:127)
06-20 01:29:44.648 W/System.err( 3806): 	at de.jensklingenberg.ktorfit.internal.KtorfitConverterHelper$request$1$1.invokeSuspend(SourceFile:58)
06-20 01:29:44.648 W/System.err( 3806): 	at de.jensklingenberg.ktorfit.internal.KtorfitConverterHelper$request$1$1.invoke(SourceFile:2)
06-20 01:29:44.648 W/System.err( 3806): 	at de.jensklingenberg.ktorfit.internal.KtorfitConverterHelper$request$1$1.invoke(SourceFile:1)
06-20 01:29:44.648 W/System.err( 3806): 	at de.jensklingenberg.ktorfit.converter.FlowConverterFactory$responseConverter$1$convert$1.invokeSuspend(SourceFile:84)
06-20 01:29:44.648 W/System.err( 3806): 	at de.jensklingenberg.ktorfit.converter.FlowConverterFactory$responseConverter$1$convert$1.invoke(SourceFile:2)
06-20 01:29:44.648 W/System.err( 3806): 	at de.jensklingenberg.ktorfit.converter.FlowConverterFactory$responseConverter$1$convert$1.invoke(SourceFile:1)
06-20 01:29:44.648 W/System.err( 3806): 	at kotlinx.coroutines.flow.SafeFlow.collectSafely(SourceFile:3)
06-20 01:29:44.648 W/System.err( 3806): 	at kotlinx.coroutines.flow.AbstractFlow.collect(SourceFile:70)
06-20 01:29:44.648 W/System.err( 3806): 	at kotlinx.coroutines.flow.FlowKt__MergeKt$flatMapConcat$$inlined$map$1.collect(SourceFile:10)
06-20 01:29:44.648 W/System.err( 3806): 	at kotlinx.coroutines.flow.FlowKt__MergeKt$flattenConcat$$inlined$unsafeFlow$1.collect(SourceFile:8)
06-20 01:29:44.648 W/System.err( 3806): 	at kotlinx.coroutines.flow.FlowKt__CollectKt.collect(SourceFile:1)
06-20 01:29:44.648 W/System.err( 3806): 	at kotlinx.coroutines.flow.FlowKt.collect(SourceFile:1)
06-20 01:29:44.648 W/System.err( 3806): 	at tech.gtt.frontapp.servicesdk.common.service.utility.apis.ApiUtilServiceImpl.onServiceInit(SourceFile:240)
06-20 01:29:44.649 W/System.err( 3806): 	at tech.gtt.frontapp.servicesdk.common.core.ServiceSDKImpl.executeServiceInitialize(SourceFile:372)
06-20 01:29:44.649 W/System.err( 3806): 	at tech.gtt.frontapp.servicesdk.common.core.ServiceSDKImpl.access$executeServiceInitialize(SourceFile:1)
06-20 01:29:44.649 W/System.err( 3806): 	at tech.gtt.frontapp.servicesdk.common.core.ServiceSDKImpl$init$1.invokeSuspend(SourceFile:178)
06-20 01:29:44.649 W/System.err( 3806): 	at tech.gtt.frontapp.servicesdk.common.core.ServiceSDKImpl$init$1.invoke(SourceFile:2)
06-20 01:29:44.649 W/System.err( 3806): 	at tech.gtt.frontapp.servicesdk.common.core.ServiceSDKImpl$init$1.invoke(SourceFile:1)
06-20 01:29:44.649 W/System.err( 3806): 	at kotlinx.coroutines.flow.SafeFlow.collectSafely(SourceFile:3)
06-20 01:29:44.649 W/System.err( 3806): 	at kotlinx.coroutines.flow.AbstractFlow.collect(SourceFile:70)
06-20 01:29:44.649 W/System.err( 3806): 	at tech.gtt.frontapp.servicesdk.common.core.SDKSetup$build$1.invokeSuspend(SourceFile:42)
06-20 01:29:44.649 W/System.err( 3806): 	at tech.gtt.frontapp.servicesdk.common.core.SDKSetup$build$1.invoke(SourceFile:2)
06-20 01:29:44.649 W/System.err( 3806): 	at tech.gtt.frontapp.servicesdk.common.core.SDKSetup$build$1.invoke(SourceFile:1)
06-20 01:29:44.649 W/System.err( 3806): 	at tech.gtt.frontapp.servicesdk.common.core.Scheduler$scheduleDirect$1.invokeSuspend(SourceFile:61)
06-20 01:29:44.649 W/System.err( 3806): 	at lh.a.resumeWith(SourceFile:14)
06-20 01:29:44.649 W/System.err( 3806): 	at kotlinx.coroutines.DispatchedTask.run(SourceFile:123)
06-20 01:29:44.649 W/System.err( 3806): 	at kotlinx.coroutines.internal.LimitedDispatcher$Worker.run(SourceFile:4)
06-20 01:29:44.649 W/System.err( 3806): 	at kotlinx.coroutines.scheduling.TaskImpl.run(SourceFile:3)
06-20 01:29:44.649 W/System.err( 3806): 	at kotlinx.coroutines.scheduling.CoroutineScheduler.runSafely(SourceFile:1)
06-20 01:29:44.649 W/System.err( 3806): 	at kotlinx.coroutines.scheduling.CoroutineScheduler$Worker.executeTask(SourceFile:34)
06-20 01:29:44.649 W/System.err( 3806): 	at kotlinx.coroutines.scheduling.CoroutineScheduler$Worker.runWorker(SourceFile:29)
06-20 01:29:44.649 W/System.err( 3806): 	at kotlinx.coroutines.scheduling.CoroutineScheduler$Worker.run(SourceFile:1)
06-20 01:29:44.649 W/System.err( 3806): Caused by: android.system.ErrnoException: open failed: ENOENT (No such file or directory)
06-20 01:29:44.649 W/System.err( 3806): 	at libcore.io.Linux.open(Native Method)
06-20 01:29:44.649 W/System.err( 3806): 	at libcore.io.ForwardingOs.open(ForwardingOs.java:567)
06-20 01:29:44.649 W/System.err( 3806): 	at libcore.io.BlockGuardOs.open(BlockGuardOs.java:273)
06-20 01:29:44.649 W/System.err( 3806): 	at libcore.io.ForwardingOs.open(ForwardingOs.java:567)
06-20 01:29:44.649 W/System.err( 3806): 	at android.app.ActivityThread$AndroidOs.open(ActivityThread.java:7761)
06-20 01:29:44.649 W/System.err( 3806): 	at libcore.io.IoBridge.open(IoBridge.java:561)
06-20 01:29:44.649 W/System.err( 3806): 	... 69 more
06-20 01:29:44.651 W/System.err( 3806): java.io.FileNotFoundException: sys/class/sunxi_info/sys_info: open failed: ENOENT (No such file or directory)
06-20 01:29:44.651 W/System.err( 3806): 	at libcore.io.IoBridge.open(IoBridge.java:575)
06-20 01:29:44.651 W/System.err( 3806): 	at java.io.FileInputStream.<init>(FileInputStream.java:160)
06-20 01:29:44.651 W/System.err( 3806): 	at java.io.FileInputStream.<init>(FileInputStream.java:115)
06-20 01:29:44.651 W/System.err( 3806): 	at ip.b.b(SourceFile:5)
06-20 01:29:44.651 W/System.err( 3806): 	at ip.b.a(SourceFile:155)
06-20 01:29:44.651 W/System.err( 3806): 	at ip.a.invoke(SourceFile:127)
06-20 01:29:44.651 W/System.err( 3806): 	at dh.v.getValue(SourceFile:21)
06-20 01:29:44.651 W/System.err( 3806): 	at tech.gtt.frontapp.servicesdk.common.network.interceptor.params.ApiDeviceParams.handleFixedParams(SourceFile:65)
06-20 01:29:44.651 W/System.err( 3806): 	at tech.gtt.frontapp.servicesdk.common.service.utility.apis.IParamsGetter.toMaps(SourceFile:87)
06-20 01:29:44.651 W/System.err( 3806): 	at tech.gtt.frontapp.servicesdk.common.network.interceptor.DefaultParamsInterceptor.onRequest(SourceFile:127)
06-20 01:29:44.651 W/System.err( 3806): 	at tech.gtt.frontapp.servicesdk.common.network.interceptor.SDKInterceptorsPluginKt$setupRequestInterception$1.invokeSuspend(SourceFile:103)
06-20 01:29:44.651 W/System.err( 3806): 	at tech.gtt.frontapp.servicesdk.common.network.interceptor.SDKInterceptorsPluginKt$setupRequestInterception$1.invoke(SourceFile:1)
06-20 01:29:44.651 W/System.err( 3806): 	at tech.gtt.frontapp.servicesdk.common.network.interceptor.SDKInterceptorsPluginKt$setupRequestInterception$1.invoke(SourceFile:2)
06-20 01:29:44.651 W/System.err( 3806): 	at io.ktor.util.pipeline.DebugPipelineContext.proceedLoop(SourceFile:86)
06-20 01:29:44.651 W/System.err( 3806): 	at io.ktor.util.pipeline.DebugPipelineContext.proceed(SourceFile:26)
06-20 01:29:44.651 W/System.err( 3806): 	at io.ktor.client.plugins.RequestError$install$1.invokeSuspend(SourceFile:47)
06-20 01:29:44.651 W/System.err( 3806): 	at io.ktor.client.plugins.RequestError$install$1.invoke(SourceFile:1)
06-20 01:29:44.651 W/System.err( 3806): 	at io.ktor.client.plugins.RequestError$install$1.invoke(SourceFile:2)
06-20 01:29:44.651 W/System.err( 3806): 	at io.ktor.util.pipeline.DebugPipelineContext.proceedLoop(SourceFile:86)
06-20 01:29:44.651 W/System.err( 3806): 	at io.ktor.util.pipeline.DebugPipelineContext.proceed(SourceFile:26)
06-20 01:29:44.651 W/System.err( 3806): 	at io.ktor.client.plugins.SetupRequestContext$install$1.invokeSuspend$proceed(SourceFile:1)
06-20 01:29:44.651 W/System.err( 3806): 	at io.ktor.client.plugins.SetupRequestContext$install$1.access$invokeSuspend$proceed(SourceFile:1)
06-20 01:29:44.651 W/System.err( 3806): 	at io.ktor.client.plugins.SetupRequestContext$install$1$1.invoke(SourceFile:2)
06-20 01:29:44.651 W/System.err( 3806): 	at io.ktor.client.plugins.SetupRequestContext$install$1$1.invoke(SourceFile:1)
06-20 01:29:44.651 W/System.err( 3806): 	at io.ktor.client.plugins.HttpRequestLifecycleKt$HttpRequestLifecycle$1$1.invokeSuspend(SourceFile:78)
06-20 01:29:44.651 W/System.err( 3806): 	at io.ktor.client.plugins.HttpRequestLifecycleKt$HttpRequestLifecycle$1$1.invoke(SourceFile:1)
06-20 01:29:44.651 W/System.err( 3806): 	at io.ktor.client.plugins.HttpRequestLifecycleKt$HttpRequestLifecycle$1$1.invoke(SourceFile:2)
06-20 01:29:44.651 W/System.err( 3806): 	at io.ktor.client.plugins.SetupRequestContext$install$1.invokeSuspend(SourceFile:42)
06-20 01:29:44.651 W/System.err( 3806): 	at io.ktor.client.plugins.SetupRequestContext$install$1.invoke(SourceFile:1)
06-20 01:29:44.651 W/System.err( 3806): 	at io.ktor.client.plugins.SetupRequestContext$install$1.invoke(SourceFile:2)
06-20 01:29:44.651 W/System.err( 3806): 	at io.ktor.util.pipeline.DebugPipelineContext.proceedLoop(SourceFile:86)
06-20 01:29:44.651 W/System.err( 3806): 	at io.ktor.util.pipeline.DebugPipelineContext.proceed(SourceFile:26)
06-20 01:29:44.651 W/System.err( 3806): 	at io.ktor.util.pipeline.DebugPipelineContext.execute$ktor_utils(SourceFile:7)
06-20 01:29:44.651 W/System.err( 3806): 	at io.ktor.util.pipeline.Pipeline.execute(SourceFile:9)
06-20 01:29:44.651 W/System.err( 3806): 	at io.ktor.client.HttpClient.execute$ktor_client_core(SourceFile:68)
06-20 01:29:44.651 W/System.err( 3806): 	at io.ktor.client.statement.HttpStatement.fetchResponse(SourceFile:90)
06-20 01:29:44.651 W/System.err( 3806): 	at io.ktor.client.statement.HttpStatement.execute(SourceFile:9)
06-20 01:29:44.652 W/System.err( 3806): 	at de.jensklingenberg.ktorfit.internal.KtorfitConverterHelper.suspendRequest(SourceFile:127)
06-20 01:29:44.652 W/System.err( 3806): 	at de.jensklingenberg.ktorfit.internal.KtorfitConverterHelper$request$1$1.invokeSuspend(SourceFile:58)
06-20 01:29:44.652 W/System.err( 3806): 	at de.jensklingenberg.ktorfit.internal.KtorfitConverterHelper$request$1$1.invoke(SourceFile:2)
06-20 01:29:44.652 W/System.err( 3806): 	at de.jensklingenberg.ktorfit.internal.KtorfitConverterHelper$request$1$1.invoke(SourceFile:1)
06-20 01:29:44.652 W/System.err( 3806): 	at de.jensklingenberg.ktorfit.converter.FlowConverterFactory$responseConverter$1$convert$1.invokeSuspend(SourceFile:84)
06-20 01:29:44.652 W/System.err( 3806): 	at de.jensklingenberg.ktorfit.converter.FlowConverterFactory$responseConverter$1$convert$1.invoke(SourceFile:2)
06-20 01:29:44.652 W/System.err( 3806): 	at de.jensklingenberg.ktorfit.converter.FlowConverterFactory$responseConverter$1$convert$1.invoke(SourceFile:1)
06-20 01:29:44.652 W/System.err( 3806): 	at kotlinx.coroutines.flow.SafeFlow.collectSafely(SourceFile:3)
06-20 01:29:44.652 W/System.err( 3806): 	at kotlinx.coroutines.flow.AbstractFlow.collect(SourceFile:70)
06-20 01:29:44.652 W/System.err( 3806): 	at kotlinx.coroutines.flow.FlowKt__MergeKt$flatMapConcat$$inlined$map$1.collect(SourceFile:10)
06-20 01:29:44.652 W/System.err( 3806): 	at kotlinx.coroutines.flow.FlowKt__MergeKt$flattenConcat$$inlined$unsafeFlow$1.collect(SourceFile:8)
06-20 01:29:44.652 W/System.err( 3806): 	at kotlinx.coroutines.flow.FlowKt__CollectKt.collect(SourceFile:1)
06-20 01:29:44.652 W/System.err( 3806): 	at kotlinx.coroutines.flow.FlowKt.collect(SourceFile:1)
06-20 01:29:44.652 W/System.err( 3806): 	at tech.gtt.frontapp.servicesdk.common.service.utility.apis.ApiUtilServiceImpl.onServiceInit(SourceFile:240)
06-20 01:29:44.652 W/System.err( 3806): 	at tech.gtt.frontapp.servicesdk.common.core.ServiceSDKImpl.executeServiceInitialize(SourceFile:372)
06-20 01:29:44.652 W/System.err( 3806): 	at tech.gtt.frontapp.servicesdk.common.core.ServiceSDKImpl.access$executeServiceInitialize(SourceFile:1)
06-20 01:29:44.652 W/System.err( 3806): 	at tech.gtt.frontapp.servicesdk.common.core.ServiceSDKImpl$init$1.invokeSuspend(SourceFile:178)
06-20 01:29:44.652 W/System.err( 3806): 	at tech.gtt.frontapp.servicesdk.common.core.ServiceSDKImpl$init$1.invoke(SourceFile:2)
06-20 01:29:44.652 W/System.err( 3806): 	at tech.gtt.frontapp.servicesdk.common.core.ServiceSDKImpl$init$1.invoke(SourceFile:1)
06-20 01:29:44.652 W/System.err( 3806): 	at kotlinx.coroutines.flow.SafeFlow.collectSafely(SourceFile:3)
06-20 01:29:44.652 W/System.err( 3806): 	at kotlinx.coroutines.flow.AbstractFlow.collect(SourceFile:70)
06-20 01:29:44.652 W/System.err( 3806): 	at tech.gtt.frontapp.servicesdk.common.core.SDKSetup$build$1.invokeSuspend(SourceFile:42)
06-20 01:29:44.652 W/System.err( 3806): 	at tech.gtt.frontapp.servicesdk.common.core.SDKSetup$build$1.invoke(SourceFile:2)
06-20 01:29:44.652 W/System.err( 3806): 	at tech.gtt.frontapp.servicesdk.common.core.SDKSetup$build$1.invoke(SourceFile:1)
06-20 01:29:44.652 W/System.err( 3806): 	at tech.gtt.frontapp.servicesdk.common.core.Scheduler$scheduleDirect$1.invokeSuspend(SourceFile:61)
06-20 01:29:44.652 W/System.err( 3806): 	at lh.a.resumeWith(SourceFile:14)
06-20 01:29:44.652 W/System.err( 3806): 	at kotlinx.coroutines.DispatchedTask.run(SourceFile:123)
06-20 01:29:44.652 W/System.err( 3806): 	at kotlinx.coroutines.internal.LimitedDispatcher$Worker.run(SourceFile:4)
06-20 01:29:44.652 W/System.err( 3806): 	at kotlinx.coroutines.scheduling.TaskImpl.run(SourceFile:3)
06-20 01:29:44.652 W/System.err( 3806): 	at kotlinx.coroutines.scheduling.CoroutineScheduler.runSafely(SourceFile:1)
06-20 01:29:44.652 W/System.err( 3806): 	at kotlinx.coroutines.scheduling.CoroutineScheduler$Worker.executeTask(SourceFile:34)
06-20 01:29:44.652 W/System.err( 3806): 	at kotlinx.coroutines.scheduling.CoroutineScheduler$Worker.runWorker(SourceFile:29)
06-20 01:29:44.652 W/System.err( 3806): 	at kotlinx.coroutines.scheduling.CoroutineScheduler$Worker.run(SourceFile:1)
06-20 01:29:44.652 W/System.err( 3806): Caused by: android.system.ErrnoException: open failed: ENOENT (No such file or directory)
06-20 01:29:44.652 W/System.err( 3806): 	at libcore.io.Linux.open(Native Method)
06-20 01:29:44.652 W/System.err( 3806): 	at libcore.io.ForwardingOs.open(ForwardingOs.java:567)
06-20 01:29:44.652 W/System.err( 3806): 	at libcore.io.BlockGuardOs.open(BlockGuardOs.java:273)
06-20 01:29:44.652 W/System.err( 3806): 	at libcore.io.ForwardingOs.open(ForwardingOs.java:567)
06-20 01:29:44.652 W/System.err( 3806): 	at android.app.ActivityThread$AndroidOs.open(ActivityThread.java:7761)
06-20 01:29:44.652 W/System.err( 3806): 	at libcore.io.IoBridge.open(IoBridge.java:561)
06-20 01:29:44.652 W/System.err( 3806): 	... 69 more
06-20 01:29:44.655 W/System.err( 3806): java.io.FileNotFoundException: sys/class/sunxi_info/sys_info: open failed: ENOENT (No such file or directory)
06-20 01:29:44.655 W/System.err( 3806): 	at libcore.io.IoBridge.open(IoBridge.java:575)
06-20 01:29:44.655 W/System.err( 3806): 	at java.io.FileInputStream.<init>(FileInputStream.java:160)
06-20 01:29:44.655 W/System.err( 3806): 	at java.io.FileInputStream.<init>(FileInputStream.java:115)
06-20 01:29:44.655 W/System.err( 3806): 	at ip.b.b(SourceFile:5)
06-20 01:29:44.655 W/System.err( 3806): 	at ip.b.a(SourceFile:155)
06-20 01:29:44.655 W/System.err( 3806): 	at ip.a.invoke(SourceFile:340)
06-20 01:29:44.655 W/System.err( 3806): 	at dh.v.getValue(SourceFile:21)
06-20 01:29:44.655 W/System.err( 3806): 	at tech.gtt.frontapp.servicesdk.common.network.interceptor.params.ApiDeviceParams.handleFixedParams(SourceFile:120)
06-20 01:29:44.655 W/System.err( 3806): 	at tech.gtt.frontapp.servicesdk.common.service.utility.apis.IParamsGetter.toMaps(SourceFile:87)
06-20 01:29:44.655 W/System.err( 3806): 	at tech.gtt.frontapp.servicesdk.common.network.interceptor.DefaultParamsInterceptor.onRequest(SourceFile:127)
06-20 01:29:44.655 W/System.err( 3806): 	at tech.gtt.frontapp.servicesdk.common.network.interceptor.SDKInterceptorsPluginKt$setupRequestInterception$1.invokeSuspend(SourceFile:103)
06-20 01:29:44.655 W/System.err( 3806): 	at tech.gtt.frontapp.servicesdk.common.network.interceptor.SDKInterceptorsPluginKt$setupRequestInterception$1.invoke(SourceFile:1)
06-20 01:29:44.655 W/System.err( 3806): 	at tech.gtt.frontapp.servicesdk.common.network.interceptor.SDKInterceptorsPluginKt$setupRequestInterception$1.invoke(SourceFile:2)
06-20 01:29:44.655 W/System.err( 3806): 	at io.ktor.util.pipeline.DebugPipelineContext.proceedLoop(SourceFile:86)
06-20 01:29:44.655 W/System.err( 3806): 	at io.ktor.util.pipeline.DebugPipelineContext.proceed(SourceFile:26)
06-20 01:29:44.655 W/System.err( 3806): 	at io.ktor.client.plugins.RequestError$install$1.invokeSuspend(SourceFile:47)
06-20 01:29:44.655 W/System.err( 3806): 	at io.ktor.client.plugins.RequestError$install$1.invoke(SourceFile:1)
06-20 01:29:44.655 W/System.err( 3806): 	at io.ktor.client.plugins.RequestError$install$1.invoke(SourceFile:2)
06-20 01:29:44.655 W/System.err( 3806): 	at io.ktor.util.pipeline.DebugPipelineContext.proceedLoop(SourceFile:86)
06-20 01:29:44.655 W/System.err( 3806): 	at io.ktor.util.pipeline.DebugPipelineContext.proceed(SourceFile:26)
06-20 01:29:44.655 W/System.err( 3806): 	at io.ktor.client.plugins.SetupRequestContext$install$1.invokeSuspend$proceed(SourceFile:1)
06-20 01:29:44.655 W/System.err( 3806): 	at io.ktor.client.plugins.SetupRequestContext$install$1.access$invokeSuspend$proceed(SourceFile:1)
06-20 01:29:44.655 W/System.err( 3806): 	at io.ktor.client.plugins.SetupRequestContext$install$1$1.invoke(SourceFile:2)
06-20 01:29:44.655 W/System.err( 3806): 	at io.ktor.client.plugins.SetupRequestContext$install$1$1.invoke(SourceFile:1)
06-20 01:29:44.655 W/System.err( 3806): 	at io.ktor.client.plugins.HttpRequestLifecycleKt$HttpRequestLifecycle$1$1.invokeSuspend(SourceFile:78)
06-20 01:29:44.655 W/System.err( 3806): 	at io.ktor.client.plugins.HttpRequestLifecycleKt$HttpRequestLifecycle$1$1.invoke(SourceFile:1)
06-20 01:29:44.655 W/System.err( 3806): 	at io.ktor.client.plugins.HttpRequestLifecycleKt$HttpRequestLifecycle$1$1.invoke(SourceFile:2)
