06-20 01:29:48.933 V/GSK-APIS( 3806): kLTSxuN2dnKu3PHzsB9T6ylzOaE31nH504qCNszzmAyP4Bx26A+1WIFWTstZ9a9YAKs0pRW613lmWrHKrH3nhp9Nbo9W1GYYqz6XNH8Puyi0c30tgK5O6X+N2y6kR3YLnmW+byKGW9Wd+dOj6G6X/UPq9s0p+7bSSr/ByFlr1CXLeSCTsQcEgoC94GJq7HfJOItzsDGv6FRq+JlVjvW65ASGHaQcACNuA+lX59AndcRHRnNtFLuxKBafOEL1TXdomhN2x6K1iF3fdykMddkBAHz0/UrAvIeFT4TRfZcNEEeGP4ZHorC1k7d6BBEiNwaGqfD+6FMdhwZove+JM3HrZmI3mTk5+H4ImxrBpUmGdYIOpCShqWkHAx5Q8vBSEf0vHoZrDnOj0FksbHnCUW14GxtJYK4nu+nbG5eznifJWtPEYnv1aYasQPgW3O11visoM9RZyHYP5FBzBSyHDCmo919eM+djsaGhgzA7zRvSlZPWVqCLArweDfvJnutX0lzCT8CiHezdSRmLx6n1q5F3fasRPee+QvzkYLNJEUAqCBKFp9VYKKhtW+uFr1M4C8aQFwecJ2Zuv9SX7AuhI1Xm+X0CuCr/Kld/FPb7PO3gZxXxTygcrmvySXSOv+IsG4WIe9LzmhDCb92tfK6wHtExkHn53NngM6cJBNn5Hfv41og00R+1FBHnkyWJV+ioiR6Iz3lq9TuLQGRlkJNtbZnioJ4aF/rpDtgIyi18SSKWrjo6xKdDlpmKmglJy4Axky3gJjSyDGK9yHqBlX6fiDjRVBhSEP/GWaNVRt+dPaVFIcxRnTPTsgOJb48wTpRMnb9UIwQQCNftvW58q8KNtI0u8wlO4k14ai0NoMX6sJ3kPCzapdlPg8W3duKzNefgNIQdD2HyfCFP+5BwHXJeTjARxDTE4Il671FyPto09Q1C+QT7jlQqR3QahjEPLYRgqlitLDlsdnwrePd9s+Zj80nzHPI6pSXOtF2MdWAa4fLegEDKEj+jV1MyUVbQlUboEHAA5YRMWhVRerS64Xnwo/vrKTqaKRRHOq3fEzHLMKZZq3I7sVCLrB/pX/mt/Pq0KgO5FUjRiqv3693zRMZcssQ7gd5NMSYdwY3SNevLIl+WQDgg/1lX47G/RpR1RYx0OXnqnqlWb6BQ5fzk6yS56mzFr1b9XvghkpBYsfDotgfjwbSs7jIWZeS41x8czVb0uF8E5H/8Oq8aGWEvnT2ox4oA76bS/XuZN+bcEJqa2f3zUjEl44PkajZb8K6jTGvL7xUXMctmvCpUR+gRsoH+zial3t2veWn5X3tzhu09Rb8KpT14wByAygHb1PE1kMJVhtpWbDLYE/dfPhLvSkIAP7F331FYfSSe2nuGIIgFR/SAviV7RE+hXx2az+Qba4NRcVCp3zxlSIvG5RfcFnZfee54aQ7P84ZOgQvOMa938UvRZ6l+wQW7FJzySianL9AffllZPY8P7CqtQo5s1HGw3LB++d4m9Px/np/Ry5DDB1CNCez1JBRRbXucu+fD7iO0+VpuYPlp3B2aQYG8bx5gNCFPOBx7IUanjut6duYkTtcleOBJRYFFf1VxWjcEwXqtUq230B2gszCn4sjUdlII1YrIRh2TC/Hk2ezV1llePGGqEt1qg7cVIrTVf/jYiK174I7HcY5z9dJZ2u0W6PKV+YRKTOpJAGw6w8yShgaeObiJSwPuoVwrsupPzB5XaPiBLrDZ9IsC5WZoMAf/zzCDFesR9PXZFY+5VMuOjZbW5hGvmdTn3mrKidh49byQH8dYmw1zeY08YpPSZp5Kd+kR8udbdPiEAcvst0FUkIv/xwAX+UUjHUC9lPMzJ+OcJAxIiHrQ5eDsl/pjJg81RAy7QJHsV1HaynYyACCZ1E+lcO4NdpkRN8KL6xxS5uR1gQUxki+UTQHVabwitCToWFsdFMJg9Itld7mWEpVli6ZgUaOx8DGK7aW0QnWJ4fR9DnSYq4rmQ7jeqnt4meOdPY93wBAAWzyUjDS+Q6N3Ii1RYHpOVCY6jilk7IdrzjLwskNmr1zVPrdHAUGvDF6u9u33S7FeacPuEJG5LrBcPBBTffBYY9RXjZ9YhJksTT9rBZ/d5cTP+FZul/N3L2t+VQ06IV1/ZizZUvuvF3x6Uc2x7foFmIUbAWDyWO9XCb4gkN6j7dJoH9EgGQtukTxWeNGYkoobZeXYqOw0Ly/KuYjS6R/rAHTkDvphS1Y6rcD1NrC0d4AqUUTpKxiZ5bHlAH/zjyIYH3CoOxZ+fH0JOTQbnxCuhItNCAI3SlsVpAjg1QpvDsPWJ/rlFQKS39Qw3wRehzOUt/dxb5bZvhJsoQejgEl7MVh8M36zUU3x5ChQ5KFVZdDWnlP4OKZS+BC0SISmX9UY7/crbiu5qspDkf5Mkv2f8uET1Ey8qNOTJI3bo+c51Z7+B+VNOjosNIM0wGjdDs2rZuA26O+VD5n1rMNeYFA7NWFWasRw1dS4NT5y3rQiWKdLP+adtJl5q2qLniD97iQR11+Fxgm6rdoAL0BjSlB8vQl+hGd/dD/UwbhFwZPAwioHF7r4jBZYNDEwo/Gjz9Na2YgGVJ7/Xsw6GwpUYBP8UzDWUc4PTj8o+tT4zxlInylqntNfFM2vARJfMfqaJEuQ5JavCIUSkUPsBgQslyLgbFSrJ+IdW0qEjLFM4KaVhRIRPrZm5txFBBru9e3M53x0OqiOl6jOdLh9ABtXkRSB4sEIYdiw5W6MTaure78MAKzexchCgqmXxyPxKP4yblTsVN5ghPOLVIzYQ01IwUkvGv67fTiCaygu1D5xbaSROwudvNjWf0ZOxXxUTBTJmqaEZMx0iqR5oPtjxc1ZRiYrsLCexAoWg82D3AsT6IZMdtgRB1OZrDOWdkTlpfifSkNbpiBbb40uTl2/WFX6eGLE9sZTYhoOrlsVL1MKCyc3Y4X8JBYj+EQNq3vWlItpwWN5Q9tU5ShG83KQ7ISARyAwkMTrx6a8CsOgM2NSpkh/+UmmbQMgpO+/8xDdE05YTp2TTD7i4B6QCqRfGbVBzdJ7oxwL976OaIzKMzA+2Jnl23lb9vitOFPsoZtio0P6DbmvmC6FfjlUPzH8y4Z4YGBMAM/BC3FhB1m35f2lASonFl9GRN89hCe99MMUz+Wt8MbV9YseCyOQevlXKZW5TofoHaZZ2NgBdHmzjdqZu53YaqXIoO0w7pIONkgCuXgE7FUJ30Rh3ndYw/8oplGx9iJn2+OfJMP0JFYt6iyCdDoN8RlWVNPV1U4/KgL72zydgpuoSR3U4TLEziIcx615MSNKQrjVmsjtlqIuY16psK7Fw+jEpJnPc38SYFqwrlisgphQIPRi+jbopLuC5Y1tfqCnS4ZJlEu4/CTDfHBHXulaVqMcaud3LfhqdWpoXrjCza7Vw0tvmNSo6q0sMbBExFCkptmEJwtUvdiQtdaVaoTXvWLh4j3ErYvd6Sey3/dXdAL4MtWNq31psteKJ0Sco1dqhpFYCGgUTaEfvm1vdV350PBoX07aHOPRKt2LqHgajnHMg8UcDEAdGnSe4+cH81cbPKSZntuFIzKQvY5kjOT1euwASmz9DgC99QAIUngsXgZUci8KIQoTGSq4myMjjB0MDUy46tKHIuF28btk9LgB0hTnfCHokLghFB5iJNdm4NWKuoUTKaCo3TyAFWGdHIBQSLoFR9rKOzz5m5CHe/Xm6TkJlpH6jxLx7duXh4Vhy58aoCjNlbBAvdyaK549260Qm3jOjkC7/Lh30a50APKd7lkbjLAAythjUwrhaf263jZsmjZLbZuVTCaqvV+BUOU5rT8LFakS8K0PxxPd6X43wmCHdwjyR6hsGqx97meicOOS+l7MasMnBCMS8qMYKCK7oFiti1gaboRHUMa/hkheWVmqqv6GYR0t5QD8PBrGqgBh2VSqchPQ5uM0OHB4y+9sSajduuWP6VkKGejhNdex8mTV9Lv9Py2dhSqkwCPXxLuru+7zpcjhLwHssf9a8xINVLYY3bnFcEyIhp/8xG
06-20 01:29:48.934 V/GSK-Upgrade:UpgradeManager( 3806): startLoopUpdateApp
06-20 01:29:48.934 V/GSK-APIS( 3806): CmiTxBgsEZ6jiWEuUvPX+rkdTLoFvfr5UzI85YTTyQh5QSWgZCQnINARiVL/pEFMvdrOqevysyxAGs69+kmPHwQTxDd5M6vpQijQY0D5UPWuBg+Xgm8hiOLTlQmT0I6O1HbTVGzwuonf/9yNHC5MVtVf+Q34zAQdsljIJWzXVpdIg8R7Dg36kk/tp6Kb6El7dhmxsgWD2/sYuCpm0DjwkeyoRKmGz+tYyaZjwj9AwF4qrPnhyUagzmTkOPyH0J0eNC/e0Htl4pB10SM/vqPMLjmkaBqDriRbRUG4Cr9C04z8NdKctnYG0Hl6K7ML/xtner+4gC6Epc+xxAvcAcNufnVAbAQABUv3QVbIIRJCcxkAiV213GTfCf6hinjmw05Pt4=
06-20 01:29:48.934 V/GSK-APIS( 3806): 	prot:	ACM30
06-20 01:29:48.934 V/GSK-APIS( 3806): 	signature:	9d31262af22c1a3c9336628114e744e6d2d33b97
06-20 01:29:48.934 V/GSK-APIS( 3806): }
06-20 01:29:48.935 V/GSK     ( 3806): UpgradeServiceImp unnecessary initialization() executed in 50 ms.
06-20 01:29:48.935 V/GSK-APIS( 3806): request to: https://gtt-app-apigateway-lion.vdemosit.com/api/enduser/messagecenter/message/query/v1
06-20 01:29:48.940 V/GSK-Upgrade:ComponentUpdater( 3806): init
06-20 01:29:48.940 V/GSK-Upgrade:ComponentUpdater( 3806): loadLocalDex
06-20 01:29:48.940 V/GSK-Upgrade:ComponentUpdater( 3806): local dex is empty
06-20 01:29:48.940 V/GSK-Upgrade:ComponentUpdater( 3806): local dex is empty
06-20 01:29:48.940 V/GSK-Upgrade:ComponentUpdater( 3806): local dex is empty
06-20 01:29:48.940 V/GSK-Upgrade:ComponentUpdater( 3806): local dex is empty
06-20 01:29:48.940 V/GSK-Upgrade:ComponentUpdater( 3806): local dex is empty
06-20 01:29:48.940 V/GSK-Upgrade:ComponentUpdater( 3806): local dex is empty
06-20 01:29:48.954 D/AndroidAutoSize( 3806): tech.gtt.frontapp.stb.m.home.activity.LoadingActivity used the global configuration.
06-20 01:29:48.954 D/AndroidAutoSize( 3806): The tech.gtt.frontapp.stb.m.home.activity.LoadingActivity has been adapted! 
06-20 01:29:48.954 D/AndroidAutoSize( 3806): LoadingActivity Info: isBaseOnWidth = true, designWidthInDp = 1920.000000, designWidthInSubunits = 1920.000000, targetDensity = 1.000000, targetScaledDensity = 1.000000, targetDensityDpi = 160, targetXdpi = 1.000000, targetScreenWidthDp = 1920, targetScreenHeightDp = 1032
06-20 01:29:48.974 D/UiDevice( 3753): Searching for node with selector: BySelector [RES='\Qtech.gtt.frontapp.stb.demo:id/account_login_tv2\E'].
06-20 01:29:48.974 W/QueryController( 3753): Could not detect idle state.
06-20 01:29:48.991 V/GSK-Account:AccountManager( 3806): isLoggedIn=false
06-20 01:29:48.992 D/AndroidAutoSize( 3806): tech.gtt.frontapp.stb.m.home.activity.LoadingActivity used the global configuration.
06-20 01:29:48.992 D/AndroidAutoSize( 3806): The tech.gtt.frontapp.stb.m.home.activity.LoadingActivity has been adapted! 
06-20 01:29:48.992 D/AndroidAutoSize( 3806): LoadingActivity Info: isBaseOnWidth = true, designWidthInDp = 1920.000000, designWidthInSubunits = 1920.000000, targetDensity = 1.000000, targetScaledDensity = 1.000000, targetDensityDpi = 160, targetXdpi = 1.000000, targetScreenWidthDp = 1920, targetScreenHeightDp = 1032
06-20 01:29:48.997 W/WindowManager( 1926): Failed looking up window session=Session{c24e49f 3806:u0a10058} callers=com.android.server.wm.WindowManagerService.windowForClientLocked:5850 com.android.server.wm.Session.updateRequestedVisibilities:640 android.view.IWindowSession$Stub.onTransact:1175 
06-20 01:29:49.003 W/UiDevice( 3753): Skipping null root node for window: AccessibilityWindowInfo[title=允许v-demo访问您设备上的照片和媒体吗？, displayId=0, id=31, taskId=15, type=TYPE_APPLICATION, layer=1, region=SkRegion((432,48,1488,1080)), bounds=Rect(432, 48 - 1488, 1080), focused=false, active=false, pictureInPicture=false, hasParent=false, isAnchored=false, hasChildren=false]
06-20 01:29:49.048 D/gralloc_nox( 1768): gralloc_alloc: Creating ashmem region of size 8298496
06-20 01:29:49.084 D/gralloc_nox( 1768): gralloc_alloc: Creating ashmem region of size 8298496
06-20 01:29:49.134 D/gralloc_nox( 1768): gralloc_alloc: Creating ashmem region of size 8298496
06-20 01:29:49.241 I/ActivityTaskManager( 1926): Displayed tech.gtt.frontapp.stb.demo/tech.gtt.frontapp.stb.m.home.activity.LoadingActivity: +337ms
06-20 01:29:49.259 D/CompatibilityChangeReporter( 3806): Compat change id reported: 171228096; UID 10058; state: ENABLED
06-20 01:29:49.268 W/ByMatcher( 3753): Node returned null child: android.view.accessibility.AccessibilityNodeInfo@80006cdc; boundsInParent: Rect(0, 0 - 1920, 1080); boundsInScreen: Rect(0, 0 - 1920, 1080); packageName: tech.gtt.frontapp.stb.demo; className: android.widget.FrameLayout; text: null; error: null; maxTextLength: -1; stateDescription: null; contentDescription: null; tooltipText: null; viewIdResName: null; checkable: false; checked: false; focusable: false; focused: false; selected: false; clickable: false; longClickable: false; contextClickable: false; enabled: true; password: false; scrollable: false; importantForAccessibility: true; visible: true; actions: [AccessibilityAction: ACTION_SELECT - null, AccessibilityAction: ACTION_CLEAR_SELECTION - null, AccessibilityAction: ACTION_ACCESSIBILITY_FOCUS - null, AccessibilityAction: ACTION_SHOW_ON_SCREEN - null]
06-20 01:29:49.269 W/ByMatcher( 3753): Skipping null child (0 of 2)
06-20 01:29:49.269 W/ByMatcher( 3753): Skipping null child (1 of 2)
06-20 01:29:49.270 W/ByMatcher( 3753): Node returned null child: android.view.accessibility.AccessibilityNodeInfo@80006cdc; boundsInParent: Rect(0, 0 - 1920, 1080); boundsInScreen: Rect(0, 0 - 1920, 1080); packageName: tech.gtt.frontapp.stb.demo; className: android.widget.FrameLayout; text: null; error: null; maxTextLength: -1; stateDescription: null; contentDescription: null; tooltipText: null; viewIdResName: null; checkable: false; checked: false; focusable: false; focused: false; selected: false; clickable: false; longClickable: false; contextClickable: false; enabled: true; password: false; scrollable: false; importantForAccessibility: true; visible: true; actions: [AccessibilityAction: ACTION_SELECT - null, AccessibilityAction: ACTION_CLEAR_SELECTION - null, AccessibilityAction: ACTION_ACCESSIBILITY_FOCUS - null, AccessibilityAction: ACTION_SHOW_ON_SCREEN - null]
06-20 01:29:49.270 W/ByMatcher( 3753): Skipping null child (0 of 2)
06-20 01:29:49.271 W/ByMatcher( 3753): Skipping null child (1 of 2)
06-20 01:29:49.286 W/DataBinding( 3806): Setting the fragment as the LifecycleOwner might cause memory leaks because views lives shorter than the Fragment. Consider using Fragment's view lifecycle
06-20 01:29:49.306 I/MediaFocusControl( 1926): requestAudioFocus() from uid/pid 10058/3806 AA=USAGE_MEDIA/CONTENT_TYPE_MOVIE clientId=android.media.AudioManager@4fa4090 callingPack=tech.gtt.frontapp.stb.demo req=1 flags=0x0 sdk=35
06-20 01:29:49.306 I/AudioService.FadeOutManager( 1926): unfadeOutUid() uid:10058
06-20 01:29:49.316 W/MediaProvider( 2470): Failed to fetch original file descriptor
06-20 01:29:49.316 W/MediaProvider( 2470): java.io.IOException: stat failed: ENOENT (No such file or directory)
06-20 01:29:49.316 W/MediaProvider( 2470): 	at com.android.providers.media.MediaProvider.getFileFromFileDescriptor(MediaProvider.java:5822)
06-20 01:29:49.316 W/MediaProvider( 2470): 	at com.android.providers.media.MediaProvider.getOriginalMediaFormatFileDescriptor(MediaProvider.java:5739)
06-20 01:29:49.316 W/MediaProvider( 2470): 	at com.android.providers.media.MediaProvider.openTypedAssetFileCommon(MediaProvider.java:7162)
06-20 01:29:49.316 W/MediaProvider( 2470): 	at com.android.providers.media.MediaProvider.openTypedAssetFile(MediaProvider.java:7143)
06-20 01:29:49.316 W/MediaProvider( 2470): 	at android.content.ContentProvider$Transport.openTypedAssetFile(ContentProvider.java:548)
06-20 01:29:49.316 W/MediaProvider( 2470): 	at android.content.ContentProviderNative.onTransact(ContentProviderNative.java:327)
06-20 01:29:49.316 W/MediaProvider( 2470): 	at android.os.Binder.execTransactInternal(Binder.java:1179)
06-20 01:29:49.316 W/MediaProvider( 2470): 	at android.os.Binder.execTransact(Binder.java:1143)
06-20 01:29:49.316 W/MediaProvider( 2470): Caused by: android.system.ErrnoException: stat failed: ENOENT (No such file or directory)
06-20 01:29:49.316 W/MediaProvider( 2470): 	at libcore.io.Linux.stat(Native Method)
06-20 01:29:49.316 W/MediaProvider( 2470): 	at libcore.io.ForwardingOs.stat(ForwardingOs.java:853)
06-20 01:29:49.316 W/MediaProvider( 2470): 	at libcore.io.BlockGuardOs.stat(BlockGuardOs.java:420)
06-20 01:29:49.316 W/MediaProvider( 2470): 	at libcore.io.ForwardingOs.stat(ForwardingOs.java:853)
06-20 01:29:49.316 W/MediaProvider( 2470): 	at android.app.ActivityThread$AndroidOs.stat(ActivityThread.java:7775)
06-20 01:29:49.316 W/MediaProvider( 2470): 	at android.system.Os.stat(Os.java:919)
06-20 01:29:49.316 W/MediaProvider( 2470): 	at com.android.providers.media.MediaProvider.getFileFromFileDescriptor(MediaProvider.java:5816)
06-20 01:29:49.316 W/MediaProvider( 2470): 	... 7 more
06-20 01:29:49.318 D/NuPlayerDriver( 1854): NuPlayerDriver(0xf01012a0) created, clientPid(3806)
06-20 01:29:49.321 D/SurfaceUtils( 1854): connecting to surface 0xead40018, reason setVideoSurfaceTexture
06-20 01:29:49.322 D/NuPlayer( 1854): onSetVideoSurface(0xead41940, no video decoder)
06-20 01:29:49.327 D/GenericSource( 1854): FileSource remote
06-20 01:29:49.332 I/SampleTable( 1852): There are reordered frames present.
06-20 01:29:49.336 D/MediaBufferGroup( 1852): creating MemoryDealer
06-20 01:29:49.358 D/MediaPlayerNative( 3806): getMetadata
06-20 01:29:49.365 I/GenericSource( 1854): start
06-20 01:29:49.372 D/UiDevice( 3753): Searching for node with selector: BySelector [RES='\Qtech.gtt.frontapp.stb.demo:id/account_login_tv2\E'].
06-20 01:29:49.372 I/OMXClient( 1854): IOmx service obtained
06-20 01:29:49.372 W/QueryController( 3753): Could not detect idle state.
06-20 01:29:49.372 I/OMXStore( 1858): makeComponentInstance(OMX.google.h264.decoder) in android.hardwar process
06-20 01:29:49.374 D/SurfaceUtils( 1854): disconnecting from surface 0xead41948, reason onConfigure
06-20 01:29:49.374 D/SurfaceUtils( 1854): connecting to surface 0xead41948, reason connectToSurface
06-20 01:29:49.374 I/MediaCodec( 1854): [OMX.google.h264.decoder] setting surface generation to 1898498
06-20 01:29:49.374 D/SurfaceUtils( 1854): disconnecting from surface 0xead41948, reason connectToSurface(reconnect)
06-20 01:29:49.374 D/SurfaceUtils( 1854): connecting to surface 0xead41948, reason connectToSurface(reconnect)
06-20 01:29:49.375 E/OMXNodeInstance( 1858): getExtensionIndex(0xf3ac07f0:google.h264.decoder, OMX.google.android.index.enableAndroidNativeBuffers) ERROR: UnsupportedIndex(0x8000101a)
06-20 01:29:49.375 E/ACodec  ( 1854): [OMX.google.h264.decoder] setPortMode on output to DynamicANWBuffer failed w/ err -1010
06-20 01:29:49.375 E/OMXNodeInstance( 1858): getParameter(0xf3ac07f0:google.h264.decoder, ??(0x6f600011)) ERROR: UnsupportedIndex(0x8000101a)
06-20 01:29:49.375 W/OMXNodeInstance( 1858): [0xf3ac07f0:google.h264.decoder] component does not support metadata mode; using fallback
06-20 01:29:49.375 D/SoftVideoDecoderOMXComponent( 1858): Color Aspects preference: 1 
06-20 01:29:49.376 E/OMXNodeInstance( 1858): setConfig(0xf3ac07f0:google.h264.decoder, ConfigPriority(0x6f800002)) ERROR: UnsupportedIndex(0x8000101a)
06-20 01:29:49.376 I/ACodec  ( 1854): codec does not support config priority (err -1010)
06-20 01:29:49.376 E/OMXNodeInstance( 1858): setConfig(0xf3ac07f0:google.h264.decoder, ConfigOperatingRate(0x6f800003)) ERROR: UnsupportedIndex(0x8000101a)
06-20 01:29:49.376 I/ACodec  ( 1854): codec does not support config operating rate (err -1010)
06-20 01:29:49.376 E/OMXNodeInstance( 1858): getConfig(0xf3ac07f0:google.h264.decoder, ConfigAndroidVendorExtension(0x6f100004)) ERROR: UnsupportedIndex(0x8000101a)
06-20 01:29:49.376 I/OMXClient( 1854): IOmx service obtained
06-20 01:29:49.376 E/OMXNodeInstance( 1858): getConfig(0xf3ac07f0:google.h264.decoder, ??(0x7f000003)) ERROR: UnsupportedSetting(0x80001019)
06-20 01:29:49.376 I/OMXStore( 1858): makeComponentInstance(OMX.google.aac.decoder) in android.hardwar process
06-20 01:29:49.376 I/MediaCodec( 1854): MediaCodec will operate in async mode
06-20 01:29:49.376 D/MediaCodec( 1854): keep callback message for reclaim
06-20 01:29:49.381 E/OMXNodeInstance( 1858): setConfig(0xf3ac0710:google.aac.decoder, ConfigPriority(0x6f800002)) ERROR: Undefined(0x80001001)
06-20 01:29:49.382 I/ACodec  ( 1854): codec does not support config priority (err -2147483648)
06-20 01:29:49.382 E/OMXNodeInstance( 1858): getConfig(0xf3ac0710:google.aac.decoder, ConfigAndroidVendorExtension(0x6f100004)) ERROR: Undefined(0x80001001)
06-20 01:29:49.382 D/SoftAAC2( 1858): get OMX_IndexParamAudioAndroidAacDrcPresentation
06-20 01:29:49.384 I/MediaCodec( 1854): MediaCodec will operate in async mode
06-20 01:29:49.384 D/MediaCodec( 1854): keep callback message for reclaim
06-20 01:29:49.385 W/ResourceManagerService( 1854): Ignoring request to add new resource entry with value <= 0
06-20 01:29:49.387 D/SoftVideoDecoderOMXComponent( 1858): Color Aspects preference: 1 
06-20 01:29:49.388 E/OMXNodeInstance( 1858): getConfig(0xf3ac07f0:google.h264.decoder, ??(0x7f000003)) ERROR: UnsupportedSetting(0x80001019)
06-20 01:29:49.402 D/MediaCodec( 1854): [OMX.google.h264.decoder] setting dataspace on output surface to #102
06-20 01:29:49.407 W/MediaPlayerNative( 3806): info/warning (3, 0)
06-20 01:29:49.408 D/gralloc_nox( 1768): gralloc_alloc: Creating ashmem region of size 589824
06-20 01:29:49.415 D/SoftwareRenderer( 1854): setting dataspace on output surface to #8000102
06-20 01:29:49.423 D/gralloc_nox( 1768): gralloc_alloc: Creating ashmem region of size 589824
06-20 01:29:49.423 I/SoftAAC2( 1858): Reconfiguring decoder: 0->44100 Hz, 0->1 channels
06-20 01:29:49.424 D/SoftAAC2( 1858): get OMX_IndexParamAudioAndroidAacDrcPresentation
06-20 01:29:49.441 D/gralloc_nox( 1768): gralloc_alloc: Creating ashmem region of size 589824
06-20 01:29:49.445 D/AudioFlinger( 1781): Client defaulted notificationFrames to 11286 for frameCount 22572
06-20 01:29:49.451 D/AF::TrackHandle( 1781): OpPlayAudio: track:57 usage:1 not muted
06-20 01:29:49.487 W/InputManager-JNI( 1926): Input channel object '6a1904a tech.gtt.frontapp.stb.demo/tech.gtt.frontapp.stb.m.home.activity.SplashActivity (client)' was disposed without first being removed with the input manager!
06-20 01:29:49.502 E/android.hardware.audio.service( 1760): pcm_open called create stream faild
06-20 01:29:49.545 D/AudioFlinger( 1781): mixer(0x744ef995aa60) throttle end: throttle time(20)
06-20 01:29:49.554 D/UiDevice( 3753): Searching for node with selector: BySelector [RES='\Qtech.gtt.frontapp.stb.demo:id/account_login_tv2\E'].
06-20 01:29:49.554 W/QueryController( 3753): Could not detect idle state.
06-20 01:29:49.659 D/UiDevice( 3753): Searching for node with selector: BySelector [RES='\Qtech.gtt.frontapp.stb.demo:id/account_login_tv2\E'].
06-20 01:29:49.661 W/QueryController( 3753): Could not detect idle state.
06-20 01:29:49.777 D/UiDevice( 3753): Searching for node with selector: BySelector [RES='\Qtech.gtt.frontapp.stb.demo:id/account_login_tv2\E'].
06-20 01:29:49.778 W/QueryController( 3753): Could not detect idle state.
06-20 01:29:49.848 D/AudioFlinger( 1781): mixer(0x744ef995aa60) throttle end: throttle time(218)
06-20 01:29:49.884 D/UiDevice( 3753): Searching for node with selector: BySelector [RES='\Qtech.gtt.frontapp.stb.demo:id/account_login_tv2\E'].
06-20 01:29:49.886 W/QueryController( 3753): Could not detect idle state.
06-20 01:29:49.957 I/keystore2( 1708): keystore2::watchdog: Watchdog thread idle -> terminating. Have a great day.
06-20 01:29:49.996 D/UiDevice( 3753): Searching for node with selector: BySelector [RES='\Qtech.gtt.frontapp.stb.demo:id/account_login_tv2\E'].
06-20 01:29:49.997 W/QueryController( 3753): Could not detect idle state.
06-20 01:29:50.036 D/gralloc_nox( 1768): gralloc_alloc: Creating ashmem region of size 589824
06-20 01:29:50.102 D/UiDevice( 3753): Searching for node with selector: BySelector [RES='\Qtech.gtt.frontapp.stb.demo:id/account_login_tv2\E'].
06-20 01:29:50.102 W/QueryController( 3753): Could not detect idle state.
06-20 01:29:50.206 D/UiDevice( 3753): Searching for node with selector: BySelector [RES='\Qtech.gtt.frontapp.stb.demo:id/account_login_tv2\E'].
06-20 01:29:50.206 W/QueryController( 3753): Could not detect idle state.
06-20 01:29:50.310 D/UiDevice( 3753): Searching for node with selector: BySelector [RES='\Qtech.gtt.frontapp.stb.demo:id/account_login_tv2\E'].
06-20 01:29:50.311 W/QueryController( 3753): Could not detect idle state.
06-20 01:29:50.404 V/GSK-APIS( 3806): received response >>> id: 80912223 url: https://gtt-app-apigateway-lion.vdemosit.com/api/enduser/messagecenter/message/query/v1 statusCode: 400, exception: null
06-20 01:29:50.404 I/System.out( 3806): [SDKInterceptorPlugin] Unhandled exception in request processing: Something went wrong while connecting to the server, statusCode: 400
06-20 01:29:50.420 D/UiDevice( 3753): Searching for node with selector: BySelector [RES='\Qtech.gtt.frontapp.stb.demo:id/account_login_tv2\E'].
06-20 01:29:50.421 W/QueryController( 3753): Could not detect idle state.
06-20 01:29:50.524 D/UiDevice( 3753): Searching for node with selector: BySelector [RES='\Qtech.gtt.frontapp.stb.demo:id/account_login_tv2\E'].
06-20 01:29:50.525 W/QueryController( 3753): Could not detect idle state.
06-20 01:29:50.629 D/UiDevice( 3753): Searching for node with selector: BySelector [RES='\Qtech.gtt.frontapp.stb.demo:id/account_login_tv2\E'].
06-20 01:29:50.629 W/QueryController( 3753): Could not detect idle state.
06-20 01:29:50.732 D/UiDevice( 3753): Searching for node with selector: BySelector [RES='\Qtech.gtt.frontapp.stb.demo:id/account_login_tv2\E'].
06-20 01:29:50.732 W/QueryController( 3753): Could not detect idle state.
06-20 01:29:50.836 D/UiDevice( 3753): Searching for node with selector: BySelector [RES='\Qtech.gtt.frontapp.stb.demo:id/account_login_tv2\E'].
06-20 01:29:50.836 W/QueryController( 3753): Could not detect idle state.
06-20 01:29:50.940 D/UiDevice( 3753): Searching for node with selector: BySelector [RES='\Qtech.gtt.frontapp.stb.demo:id/account_login_tv2\E'].
06-20 01:29:50.940 W/QueryController( 3753): Could not detect idle state.
06-20 01:29:51.045 D/UiDevice( 3753): Searching for node with selector: BySelector [RES='\Qtech.gtt.frontapp.stb.demo:id/account_login_tv2\E'].
06-20 01:29:51.046 W/QueryController( 3753): Could not detect idle state.
06-20 01:29:51.153 D/UiDevice( 3753): Searching for node with selector: BySelector [RES='\Qtech.gtt.frontapp.stb.demo:id/account_login_tv2\E'].
06-20 01:29:51.154 W/QueryController( 3753): Could not detect idle state.
06-20 01:29:51.258 D/UiDevice( 3753): Searching for node with selector: BySelector [RES='\Qtech.gtt.frontapp.stb.demo:id/account_login_tv2\E'].
06-20 01:29:51.259 W/QueryController( 3753): Could not detect idle state.
06-20 01:29:51.363 D/UiDevice( 3753): Searching for node with selector: BySelector [RES='\Qtech.gtt.frontapp.stb.demo:id/account_login_tv2\E'].
06-20 01:29:51.364 W/QueryController( 3753): Could not detect idle state.
06-20 01:29:51.467 D/UiDevice( 3753): Searching for node with selector: BySelector [RES='\Qtech.gtt.frontapp.stb.demo:id/account_login_tv2\E'].
06-20 01:29:51.467 W/QueryController( 3753): Could not detect idle state.
06-20 01:29:51.570 D/UiDevice( 3753): Searching for node with selector: BySelector [RES='\Qtech.gtt.frontapp.stb.demo:id/account_login_tv2\E'].
06-20 01:29:51.570 W/QueryController( 3753): Could not detect idle state.
06-20 01:29:51.673 D/UiDevice( 3753): Searching for node with selector: BySelector [RES='\Qtech.gtt.frontapp.stb.demo:id/account_login_tv2\E'].
06-20 01:29:51.674 W/QueryController( 3753): Could not detect idle state.
06-20 01:29:51.777 D/UiDevice( 3753): Searching for node with selector: BySelector [RES='\Qtech.gtt.frontapp.stb.demo:id/account_login_tv2\E'].
06-20 01:29:51.777 W/QueryController( 3753): Could not detect idle state.
06-20 01:29:51.880 D/UiDevice( 3753): Searching for node with selector: BySelector [RES='\Qtech.gtt.frontapp.stb.demo:id/account_login_tv2\E'].
06-20 01:29:51.881 W/QueryController( 3753): Could not detect idle state.
06-20 01:29:51.984 D/UiDevice( 3753): Searching for node with selector: BySelector [RES='\Qtech.gtt.frontapp.stb.demo:id/account_login_tv2\E'].
06-20 01:29:51.985 W/QueryController( 3753): Could not detect idle state.
06-20 01:29:52.088 D/UiDevice( 3753): Searching for node with selector: BySelector [RES='\Qtech.gtt.frontapp.stb.demo:id/account_login_tv2\E'].
06-20 01:29:52.088 W/QueryController( 3753): Could not detect idle state.
06-20 01:29:52.191 D/UiDevice( 3753): Searching for node with selector: BySelector [RES='\Qtech.gtt.frontapp.stb.demo:id/account_login_tv2\E'].
06-20 01:29:52.195 W/QueryController( 3753): Could not detect idle state.
06-20 01:29:52.306 D/UiDevice( 3753): Searching for node with selector: BySelector [RES='\Qtech.gtt.frontapp.stb.demo:id/account_login_tv2\E'].
06-20 01:29:52.307 W/QueryController( 3753): Could not detect idle state.
06-20 01:29:52.415 D/UiDevice( 3753): Searching for node with selector: BySelector [RES='\Qtech.gtt.frontapp.stb.demo:id/account_login_tv2\E'].
06-20 01:29:52.416 W/QueryController( 3753): Could not detect idle state.
06-20 01:29:52.418 E/TaskPersister( 1926): File error accessing recents directory (directory doesn't exist?).
06-20 01:29:52.523 D/UiDevice( 3753): Searching for node with selector: BySelector [RES='\Qtech.gtt.frontapp.stb.demo:id/account_login_tv2\E'].
06-20 01:29:52.524 W/QueryController( 3753): Could not detect idle state.
06-20 01:29:52.628 D/UiDevice( 3753): Searching for node with selector: BySelector [RES='\Qtech.gtt.frontapp.stb.demo:id/account_login_tv2\E'].
06-20 01:29:52.629 W/QueryController( 3753): Could not detect idle state.
06-20 01:29:52.733 D/UiDevice( 3753): Searching for node with selector: BySelector [RES='\Qtech.gtt.frontapp.stb.demo:id/account_login_tv2\E'].
06-20 01:29:52.734 W/QueryController( 3753): Could not detect idle state.
06-20 01:29:52.837 D/UiDevice( 3753): Searching for node with selector: BySelector [RES='\Qtech.gtt.frontapp.stb.demo:id/account_login_tv2\E'].
06-20 01:29:52.838 W/QueryController( 3753): Could not detect idle state.
06-20 01:29:52.941 D/UiDevice( 3753): Searching for node with selector: BySelector [RES='\Qtech.gtt.frontapp.stb.demo:id/account_login_tv2\E'].
06-20 01:29:52.941 W/QueryController( 3753): Could not detect idle state.
06-20 01:29:53.046 D/UiDevice( 3753): Searching for node with selector: BySelector [RES='\Qtech.gtt.frontapp.stb.demo:id/account_login_tv2\E'].
06-20 01:29:53.047 W/QueryController( 3753): Could not detect idle state.
06-20 01:29:53.151 D/UiDevice( 3753): Searching for node with selector: BySelector [RES='\Qtech.gtt.frontapp.stb.demo:id/account_login_tv2\E'].
06-20 01:29:53.152 W/QueryController( 3753): Could not detect idle state.
06-20 01:29:53.256 D/UiDevice( 3753): Searching for node with selector: BySelector [RES='\Qtech.gtt.frontapp.stb.demo:id/account_login_tv2\E'].
06-20 01:29:53.256 W/QueryController( 3753): Could not detect idle state.
06-20 01:29:53.364 D/UiDevice( 3753): Searching for node with selector: BySelector [RES='\Qtech.gtt.frontapp.stb.demo:id/account_login_tv2\E'].
06-20 01:29:53.366 W/QueryController( 3753): Could not detect idle state.
06-20 01:29:53.424 D/AudioTrack( 1854): stop(9): called with 200704 frames delivered
06-20 01:29:53.470 D/UiDevice( 3753): Searching for node with selector: BySelector [RES='\Qtech.gtt.frontapp.stb.demo:id/account_login_tv2\E'].
06-20 01:29:53.471 W/QueryController( 3753): Could not detect idle state.
06-20 01:29:53.575 D/UiDevice( 3753): Searching for node with selector: BySelector [RES='\Qtech.gtt.frontapp.stb.demo:id/account_login_tv2\E'].
06-20 01:29:53.575 W/QueryController( 3753): Could not detect idle state.
06-20 01:29:53.679 D/UiDevice( 3753): Searching for node with selector: BySelector [RES='\Qtech.gtt.frontapp.stb.demo:id/account_login_tv2\E'].
06-20 01:29:53.680 W/QueryController( 3753): Could not detect idle state.
06-20 01:29:53.785 D/UiDevice( 3753): Searching for node with selector: BySelector [RES='\Qtech.gtt.frontapp.stb.demo:id/account_login_tv2\E'].
06-20 01:29:53.785 W/QueryController( 3753): Could not detect idle state.
06-20 01:29:53.847 D/NuPlayerDriver( 1854): stop(0xf01012a0)
06-20 01:29:53.847 V/MediaPlayer( 3806): resetDrmState:  mDrmInfo=null mDrmProvisioningThread=null mPrepareDrmInProgress=false mActiveDrmScheme=false
06-20 01:29:53.848 V/MediaPlayer( 3806): cleanDrmObj: mDrmObj=null mDrmSessionId=null
06-20 01:29:53.848 D/NuPlayerDriver( 1854): reset(0xf01012a0) at state 8
06-20 01:29:53.852 D/SurfaceUtils( 1854): disconnecting from surface 0xead41948, reason disconnectFromSurface
06-20 01:29:53.853 D/SurfaceUtils( 1854): connecting to surface 0xead41948, reason onShutdown
06-20 01:29:53.855 D/NuPlayerDriver( 1854): notifyResetComplete(0xf01012a0)
06-20 01:29:53.855 D/SurfaceUtils( 1854): disconnecting from surface 0xead40018, reason disconnectNativeWindow
06-20 01:29:53.856 W/AMessage( 1854): failed to post message as target looper for handler 0 is gone.
06-20 01:29:53.856 I/MediaFocusControl( 1926): abandonAudioFocus() from uid/pid 10058/3806 clientId=android.media.AudioManager@4fa4090
06-20 01:29:53.857 I/ActivityTaskManager( 1926): START u0 {cmp=tech.gtt.frontapp.stb.demo/tech.gtt.frontapp.stb.m.account.activity.LoginMethodSwitchActivity (has extras)} from uid 10058
06-20 01:29:53.859 D/CompatibilityChangeReporter( 1926): Compat change id reported: 174042980; UID 10058; state: DISABLED
06-20 01:29:53.859 D/CompatibilityChangeReporter( 1926): Compat change id reported: 184838306; UID 10058; state: DISABLED
06-20 01:29:53.859 D/CompatibilityChangeReporter( 1926): Compat change id reported: 185004937; UID 10058; state: DISABLED
06-20 01:29:53.860 D/CompatibilityChangeReporter( 1926): Compat change id reported: 181136395; UID 10058; state: DISABLED
06-20 01:29:53.860 D/CompatibilityChangeReporter( 1926): Compat change id reported: 174042936; UID 10058; state: DISABLED
06-20 01:29:53.862 D/CompatibilityChangeReporter( 1926): Compat change id reported: 197654537; UID 10058; state: ENABLED
06-20 01:29:53.863 D/CompatibilityChangeReporter( 1926): Compat change id reported: 168419799; UID 10058; state: DISABLED
06-20 01:29:53.868 I/MediaFocusControl( 1926): abandonAudioFocus() from uid/pid 10058/3806 clientId=android.media.AudioManager@4fa4090
06-20 01:29:53.869 W/MediaPlayer( 3806): mediaplayer went away with unhandled events
06-20 01:29:53.874 W/MediaPlayer( 3806): mediaplayer went away with unhandled events
06-20 01:29:53.881 W/ActivityTaskManager( 1926): Tried to set launchTime (0) < mLastActivityLaunchTime (301434)
06-20 01:29:53.888 D/UiDevice( 3753): Searching for node with selector: BySelector [RES='\Qtech.gtt.frontapp.stb.demo:id/account_login_tv2\E'].
06-20 01:29:53.888 W/QueryController( 3753): Could not detect idle state.
06-20 01:29:53.902 D/AndroidAutoSize( 3806): tech.gtt.frontapp.stb.m.account.activity.LoginMethodSwitchActivity used the global configuration.
06-20 01:29:53.903 D/AndroidAutoSize( 3806): The tech.gtt.frontapp.stb.m.account.activity.LoginMethodSwitchActivity has been adapted! 
06-20 01:29:53.903 D/AndroidAutoSize( 3806): LoginMethodSwitchActivity Info: isBaseOnWidth = true, designWidthInDp = 1920.000000, designWidthInSubunits = 1920.000000, targetDensity = 1.000000, targetScaledDensity = 1.000000, targetDensityDpi = 160, targetXdpi = 1.000000, targetScreenWidthDp = 1920, targetScreenHeightDp = 1032
06-20 01:29:53.934 D/AndroidAutoSize( 3806): tech.gtt.frontapp.stb.m.account.activity.LoginMethodSwitchActivity used the global configuration.
06-20 01:29:53.934 D/AndroidAutoSize( 3806): The tech.gtt.frontapp.stb.m.account.activity.LoginMethodSwitchActivity has been adapted! 
06-20 01:29:53.934 D/AndroidAutoSize( 3806): LoginMethodSwitchActivity Info: isBaseOnWidth = true, designWidthInDp = 1920.000000, designWidthInSubunits = 1920.000000, targetDensity = 1.000000, targetScaledDensity = 1.000000, targetDensityDpi = 160, targetXdpi = 1.000000, targetScreenWidthDp = 1920, targetScreenHeightDp = 1032
06-20 01:29:53.937 W/WindowManager( 1926): Failed looking up window session=Session{c24e49f 3806:u0a10058} callers=com.android.server.wm.WindowManagerService.windowForClientLocked:5850 com.android.server.wm.Session.updateRequestedVisibilities:640 android.view.IWindowSession$Stub.onTransact:1175 
06-20 01:29:53.957 D/gralloc_nox( 1768): gralloc_alloc: Creating ashmem region of size 8298496
06-20 01:29:53.990 D/gralloc_nox( 1768): gralloc_alloc: Creating ashmem region of size 8298496
06-20 01:29:54.039 D/gralloc_nox( 1768): gralloc_alloc: Creating ashmem region of size 8298496
06-20 01:29:54.050 D/UiDevice( 3753): Searching for node with selector: BySelector [RES='\Qtech.gtt.frontapp.stb.demo:id/account_login_tv2\E'].
06-20 01:29:54.051 W/QueryController( 3753): Could not detect idle state.
06-20 01:29:54.102 E/libEGL  ( 3806): called unimplemented OpenGL ES API
06-20 01:29:54.132 I/ActivityTaskManager( 1926): Displayed tech.gtt.frontapp.stb.demo/tech.gtt.frontapp.stb.m.account.activity.LoginMethodSwitchActivity: +274ms
06-20 01:29:54.281 D/UiDevice( 3753): Searching for node with selector: BySelector [RES='\Qtech.gtt.frontapp.stb.demo:id/account_login_tv2\E'].
06-20 01:29:54.284 W/QueryController( 3753): Could not detect idle state.
06-20 01:29:54.324 D/UIAutomatorStub( 3753): URI: /jsonrpc/0, Method: POST, params, {NanoHttpd.QUERY_STRING=null}, files: {postData={"jsonrpc": "2.0", "id": 1, "method": "objInfo", "params": [{"mask": 2097152, "childOrSibling": [], "childOrSiblingSelector": [], "resourceId": "tech.gtt.frontapp.stb.demo:id/account_login_tv2"}]}}
06-20 01:29:54.324 D/UiDevice( 3753): Retrieving node with selector: BySelector [RES='\Qtech.gtt.frontapp.stb.demo:id/account_login_tv2\E'].
06-20 01:29:54.325 W/QueryController( 3753): Could not detect idle state.
06-20 01:29:54.332 W/QueryController( 3753): Could not detect idle state.
06-20 01:29:54.359 W/InputManager-JNI( 1926): Input channel object '1d1b70c tech.gtt.frontapp.stb.demo/tech.gtt.frontapp.stb.m.home.activity.LoadingActivity (client)' was disposed without first being removed with the input manager!
06-20 01:29:54.365 W/QueryController( 3753): Could not detect idle state.
06-20 01:29:54.366 W/QueryController( 3753): Could not detect idle state.
06-20 01:29:54.368 W/QueryController( 3753): Could not detect idle state.
06-20 01:29:54.369 W/QueryController( 3753): Could not detect idle state.
06-20 01:29:54.370 W/QueryController( 3753): Could not detect idle state.
06-20 01:29:54.371 W/QueryController( 3753): Could not detect idle state.
06-20 01:29:54.371 W/QueryController( 3753): Could not detect idle state.
06-20 01:29:54.372 W/QueryController( 3753): Could not detect idle state.
06-20 01:29:54.373 W/QueryController( 3753): Could not detect idle state.
06-20 01:29:54.374 W/QueryController( 3753): Could not detect idle state.
06-20 01:29:54.374 W/QueryController( 3753): Could not detect idle state.
06-20 01:29:54.375 W/QueryController( 3753): Could not detect idle state.
06-20 01:29:54.376 W/QueryController( 3753): Could not detect idle state.
06-20 01:29:54.377 W/QueryController( 3753): Could not detect idle state.
06-20 01:29:54.378 W/QueryController( 3753): Could not detect idle state.
06-20 01:29:54.383 W/QueryController( 3753): Could not detect idle state.
06-20 01:29:54.415 D/UIAutomatorStub( 3753): URI: /jsonrpc/0, Method: POST, params, {NanoHttpd.QUERY_STRING=null}, files: {postData={"jsonrpc": "2.0", "id": 1, "method": "click", "params": [1390.0, 559.0]}}
06-20 01:29:54.535 I/ActivityTaskManager( 1926): START u0 {cmp=tech.gtt.frontapp.stb.demo/tech.gtt.frontapp.stb.m.account.activity.LoginActivity} from uid 10058
06-20 01:29:54.541 W/ActivityTaskManager( 1926): Tried to set launchTime (0) < mLastActivityLaunchTime (306393)
06-20 01:29:54.553 D/AndroidAutoSize( 3806): tech.gtt.frontapp.stb.m.account.activity.LoginActivity used the global configuration.
06-20 01:29:54.554 D/AndroidAutoSize( 3806): The tech.gtt.frontapp.stb.m.account.activity.LoginActivity has been adapted! 
06-20 01:29:54.554 D/AndroidAutoSize( 3806): LoginActivity Info: isBaseOnWidth = true, designWidthInDp = 1920.000000, designWidthInSubunits = 1920.000000, targetDensity = 1.000000, targetScaledDensity = 1.000000, targetDensityDpi = 160, targetXdpi = 1.000000, targetScreenWidthDp = 1920, targetScreenHeightDp = 1032
06-20 01:29:54.573 D/UIAutomatorStub( 3753): URI: /jsonrpc/0, Method: POST, params, {NanoHttpd.QUERY_STRING=null}, files: {postData={"jsonrpc": "2.0", "id": 1, "method": "waitForExists", "params": [{"mask": 2097152, "childOrSibling": [], "childOrSiblingSelector": [], "resourceId": "tech.gtt.frontapp.stb.demo:id/loginf_et_username"}, 20000]}}
06-20 01:29:54.574 D/UiDevice( 3753): Waiting 20000ms for SearchCondition[hasObject=BySelector [RES='\Qtech.gtt.frontapp.stb.demo:id/loginf_et_username\E']].
06-20 01:29:54.574 D/UiDevice( 3753): Searching for node with selector: BySelector [RES='\Qtech.gtt.frontapp.stb.demo:id/loginf_et_username\E'].
06-20 01:29:54.575 W/QueryController( 3753): Could not detect idle state.
06-20 01:29:54.621 D/AndroidAutoSize( 3806): tech.gtt.frontapp.stb.m.account.activity.LoginActivity used the global configuration.
06-20 01:29:54.622 D/AndroidAutoSize( 3806): The tech.gtt.frontapp.stb.m.account.activity.LoginActivity has been adapted! 
06-20 01:29:54.622 D/AndroidAutoSize( 3806): LoginActivity Info: isBaseOnWidth = true, designWidthInDp = 1920.000000, designWidthInSubunits = 1920.000000, targetDensity = 1.000000, targetScaledDensity = 1.000000, targetDensityDpi = 160, targetXdpi = 1.000000, targetScreenWidthDp = 1920, targetScreenHeightDp = 1032
06-20 01:29:54.628 W/WindowManager( 1926): Failed looking up window session=Session{c24e49f 3806:u0a10058} callers=com.android.server.wm.WindowManagerService.windowForClientLocked:5850 com.android.server.wm.Session.updateRequestedVisibilities:640 android.view.IWindowSession$Stub.onTransact:1175 
06-20 01:29:54.648 D/gralloc_nox( 1768): gralloc_alloc: Creating ashmem region of size 8298496
06-20 01:29:54.671 D/gralloc_nox( 1768): gralloc_alloc: Creating ashmem region of size 8298496
06-20 01:29:54.691 D/gralloc_nox( 1768): gralloc_alloc: Creating ashmem region of size 8298496
06-20 01:29:54.736 D/UiDevice( 3753): Searching for node with selector: BySelector [RES='\Qtech.gtt.frontapp.stb.demo:id/loginf_et_username\E'].
06-20 01:29:54.737 W/QueryController( 3753): Could not detect idle state.
06-20 01:29:54.786 I/ActivityTaskManager( 1926): Displayed tech.gtt.frontapp.stb.demo/tech.gtt.frontapp.stb.m.account.activity.LoginActivity: +250ms
06-20 01:29:54.871 D/UIAutomatorStub( 3753): URI: /jsonrpc/0, Method: POST, params, {NanoHttpd.QUERY_STRING=null}, files: {postData={"jsonrpc": "2.0", "id": 1, "method": "objInfo", "params": [{"mask": 2097152, "childOrSibling": [], "childOrSiblingSelector": [], "resourceId": "tech.gtt.frontapp.stb.demo:id/loginf_et_username"}]}}
06-20 01:29:54.873 D/UiDevice( 3753): Retrieving node with selector: BySelector [RES='\Qtech.gtt.frontapp.stb.demo:id/loginf_et_username\E'].
06-20 01:29:54.874 W/QueryController( 3753): Could not detect idle state.
06-20 01:29:54.878 W/QueryController( 3753): Could not detect idle state.
06-20 01:29:54.882 W/QueryController( 3753): Could not detect idle state.
06-20 01:29:54.884 W/QueryController( 3753): Could not detect idle state.
06-20 01:29:54.885 W/QueryController( 3753): Could not detect idle state.
06-20 01:29:54.887 W/QueryController( 3753): Could not detect idle state.
06-20 01:29:54.888 W/QueryController( 3753): Could not detect idle state.
06-20 01:29:54.892 W/QueryController( 3753): Could not detect idle state.
06-20 01:29:54.898 W/QueryController( 3753): Could not detect idle state.
06-20 01:29:54.902 W/QueryController( 3753): Could not detect idle state.
06-20 01:29:54.904 W/QueryController( 3753): Could not detect idle state.
06-20 01:29:54.905 W/QueryController( 3753): Could not detect idle state.
06-20 01:29:54.907 W/QueryController( 3753): Could not detect idle state.
06-20 01:29:54.908 W/QueryController( 3753): Could not detect idle state.
06-20 01:29:54.908 W/QueryController( 3753): Could not detect idle state.
06-20 01:29:54.909 W/QueryController( 3753): Could not detect idle state.
06-20 01:29:54.911 W/QueryController( 3753): Could not detect idle state.
06-20 01:29:54.912 W/QueryController( 3753): Could not detect idle state.
06-20 01:29:54.937 D/UIAutomatorStub( 3753): URI: /jsonrpc/0, Method: POST, params, {NanoHttpd.QUERY_STRING=null}, files: {postData={"jsonrpc": "2.0", "id": 1, "method": "click", "params": [1057.0, 437.0]}}
06-20 01:29:55.029 W/SurfaceFlinger( 1787): couldn't log to binary event log: overflow.
06-20 01:29:55.151 D/CompatibilityChangeReporter( 3806): Compat change id reported: 163400105; UID 10058; state: ENABLED
06-20 01:29:55.151 D/InputMethodManager( 3806): showSoftInput() view=tech.gtt.frontapp.stb.c.ui.edittext.EmailAutoCompleteTextView{3aaa700 VFED..CL. .F.P..ID 0,0-700,92 #7f0b02ce app:id/loginf_et_username aid=1073741824} flags=0 reason=SHOW_SOFT_INPUT
06-20 01:29:55.152 V/InputMethodService( 2870): onEvaluateInputViewShown: config.hardKeyboardHidden = 2
06-20 01:29:55.152 V/InputMethodService( 2870): onEvaluateInputViewShown: config.hardKeyboardHidden = 2
06-20 01:29:55.152 I/AdbKeyboard( 2870): imeAction: 5 Next
06-20 01:29:55.168 D/gralloc_nox( 1768): gralloc_alloc: Creating ashmem region of size 647168
06-20 01:29:55.201 D/gralloc_nox( 1768): gralloc_alloc: Creating ashmem region of size 647168
06-20 01:29:55.203 D/UIAutomatorStub( 3753): URI: /jsonrpc/0, Method: POST, params, {NanoHttpd.QUERY_STRING=null}, files: {postData={"jsonrpc": "2.0", "id": 1, "method": "waitForExists", "params": [{"mask": 2097152, "childOrSibling": [], "childOrSiblingSelector": [], "resourceId": "tech.gtt.frontapp.stb.demo:id/loginf_et_username"}, 20000]}}
06-20 01:29:55.203 D/gralloc_nox( 1768): gralloc_alloc: Creating ashmem region of size 647168
06-20 01:29:55.204 D/UiDevice( 3753): Waiting 20000ms for SearchCondition[hasObject=BySelector [RES='\Qtech.gtt.frontapp.stb.demo:id/loginf_et_username\E']].
06-20 01:29:55.205 D/UiDevice( 3753): Searching for node with selector: BySelector [RES='\Qtech.gtt.frontapp.stb.demo:id/loginf_et_username\E'].
06-20 01:29:55.206 W/QueryController( 3753): Could not detect idle state.
06-20 01:29:55.214 D/InsetsController( 3806): show(ime(), fromIme=true)
06-20 01:29:55.271 D/UIAutomatorStub( 3753): URI: /jsonrpc/0, Method: POST, params, {NanoHttpd.QUERY_STRING=null}, files: {postData={"jsonrpc": "2.0", "id": 1, "method": "setText", "params": [{"mask": 2097152, "childOrSibling": [], "childOrSiblingSelector": [], "resourceId": "tech.gtt.frontapp.stb.demo:id/loginf_et_username"}, "0609@ipwangxin.cn"]}}
06-20 01:29:55.272 D/UiDevice( 3753): Retrieving node with selector: BySelector [RES='\Qtech.gtt.frontapp.stb.demo:id/loginf_et_username\E'].
06-20 01:29:55.273 W/QueryController( 3753): Could not detect idle state.
06-20 01:29:55.276 W/QueryController( 3753): Could not detect idle state.
06-20 01:29:55.279 D/UiObject2( 3753): Clicking on (1057, 437).
06-20 01:29:55.312 D/InputMethodManager( 3806): showSoftInput() view=tech.gtt.frontapp.stb.c.ui.edittext.EmailAutoCompleteTextView{3aaa700 VFED..CL. .F.P.... 0,0-700,92 #7f0b02ce app:id/loginf_et_username aid=1073741824} flags=0 reason=SHOW_SOFT_INPUT
06-20 01:29:55.313 V/InputMethodService( 2870): onEvaluateInputViewShown: config.hardKeyboardHidden = 2
06-20 01:29:55.313 V/InputMethodService( 2870): onEvaluateInputViewShown: config.hardKeyboardHidden = 2
06-20 01:29:55.316 D/InsetsController( 3806): show(ime(), fromIme=true)
06-20 01:29:55.338 W/GestureController( 3753): Gestures took longer than expected (58ms >> 16ms), device might be in a busy state.
06-20 01:29:55.339 D/UiDevice( 3753): Retrieving node with selector: BySelector [RES='\Qtech.gtt.frontapp.stb.demo:id/loginf_et_username\E'].
06-20 01:29:55.340 W/QueryController( 3753): Could not detect idle state.
06-20 01:29:55.347 W/QueryController( 3753): Could not detect idle state.
06-20 01:29:55.350 D/UiObject2( 3753): Setting text to '0609@ipwangxin.cn'.
06-20 01:29:55.355 I/AdbKeyboard( 2870): imeAction: 5 Next
06-20 01:29:55.355 V/InputMethodService( 2870): onEvaluateInputViewShown: config.hardKeyboardHidden = 2
06-20 01:29:55.355 V/InputMethodService( 2870): onEvaluateInputViewShown: config.hardKeyboardHidden = 2
06-20 01:29:55.407 D/InsetsController( 3806): show(ime(), fromIme=true)
06-20 01:29:55.424 D/UIAutomatorStub( 3753): URI: /jsonrpc/0, Method: POST, params, {NanoHttpd.QUERY_STRING=null}, files: {postData={"jsonrpc": "2.0", "id": 1, "method": "waitForExists", "params": [{"mask": 2097152, "childOrSibling": [], "childOrSiblingSelector": [], "resourceId": "tech.gtt.frontapp.stb.demo:id/et_pwd"}, 20000]}}
06-20 01:29:55.424 D/UiDevice( 3753): Waiting 20000ms for SearchCondition[hasObject=BySelector [RES='\Qtech.gtt.frontapp.stb.demo:id/et_pwd\E']].
06-20 01:29:55.425 D/UiDevice( 3753): Searching for node with selector: BySelector [RES='\Qtech.gtt.frontapp.stb.demo:id/et_pwd\E'].
06-20 01:29:55.425 W/QueryController( 3753): Could not detect idle state.
06-20 01:29:55.460 D/UIAutomatorStub( 3753): URI: /jsonrpc/0, Method: POST, params, {NanoHttpd.QUERY_STRING=null}, files: {postData={"jsonrpc": "2.0", "id": 1, "method": "objInfo", "params": [{"mask": 2097152, "childOrSibling": [], "childOrSiblingSelector": [], "resourceId": "tech.gtt.frontapp.stb.demo:id/et_pwd"}]}}
06-20 01:29:55.461 D/UiDevice( 3753): Retrieving node with selector: BySelector [RES='\Qtech.gtt.frontapp.stb.demo:id/et_pwd\E'].
06-20 01:29:55.462 W/QueryController( 3753): Could not detect idle state.
06-20 01:29:55.465 W/QueryController( 3753): Could not detect idle state.
06-20 01:29:55.466 W/QueryController( 3753): Could not detect idle state.
06-20 01:29:55.467 W/QueryController( 3753): Could not detect idle state.
06-20 01:29:55.470 W/QueryController( 3753): Could not detect idle state.
06-20 01:29:55.472 W/QueryController( 3753): Could not detect idle state.
06-20 01:29:55.474 W/QueryController( 3753): Could not detect idle state.
06-20 01:29:55.475 W/NotificationHistory( 1926): Attempted to add notif for locked/gone/disabled user 0
06-20 01:29:55.476 W/QueryController( 3753): Could not detect idle state.
06-20 01:29:55.480 W/QueryController( 3753): Could not detect idle state.
06-20 01:29:55.482 W/QueryController( 3753): Could not detect idle state.
06-20 01:29:55.483 W/QueryController( 3753): Could not detect idle state.
06-20 01:29:55.484 W/QueryController( 3753): Could not detect idle state.
06-20 01:29:55.484 D/InterruptionStateProvider( 2097): No bubble up: not allowed to bubble: -1|android|8|null|1000
06-20 01:29:55.485 D/InterruptionStateProvider( 2097): No heads up: unimportant notification: -1|android|8|null|1000
06-20 01:29:55.485 D/PeopleSpaceWidgetMgr( 2097): Sbn doesn't contain valid PeopleTileKey: null/-1/android
06-20 01:29:55.486 W/QueryController( 3753): Could not detect idle state.
06-20 01:29:55.487 W/QueryController( 3753): Could not detect idle state.
06-20 01:29:55.488 W/QueryController( 3753): Could not detect idle state.
06-20 01:29:55.489 W/QueryController( 3753): Could not detect idle state.
06-20 01:29:55.490 W/QueryController( 3753): Could not detect idle state.
06-20 01:29:55.491 W/QueryController( 3753): Could not detect idle state.
06-20 01:29:55.521 D/UIAutomatorStub( 3753): URI: /jsonrpc/0, Method: POST, params, {NanoHttpd.QUERY_STRING=null}, files: {postData={"jsonrpc": "2.0", "id": 1, "method": "click", "params": [1057.0, 559.0]}}
06-20 01:29:55.552 D/InterruptionStateProvider( 2097): No bubble up: not allowed to bubble: -1|android|8|null|1000
06-20 01:29:55.552 D/InterruptionStateProvider( 2097): No heads up: unimportant notification: -1|android|8|null|1000
06-20 01:29:55.556 D/PeopleSpaceWidgetMgr( 2097): Sbn doesn't contain valid PeopleTileKey: null/-1/android
06-20 01:29:55.566 D/InterruptionStateProvider( 2097): No bubble up: not allowed to bubble: -1|android|8|null|1000
06-20 01:29:55.566 D/InterruptionStateProvider( 2097): No heads up: unimportant notification: -1|android|8|null|1000
06-20 01:29:55.573 D/PeopleSpaceWidgetMgr( 2097): Sbn doesn't contain valid PeopleTileKey: null/-1/android
06-20 01:29:55.634 I/AdbKeyboard( 2870): imeAction: 5 Next
06-20 01:29:55.634 V/InputMethodService( 2870): onEvaluateInputViewShown: config.hardKeyboardHidden = 2
06-20 01:29:55.634 V/InputMethodService( 2870): onEvaluateInputViewShown: config.hardKeyboardHidden = 2
06-20 01:29:55.635 D/InputMethodManager( 3806): showSoftInput() view=tech.gtt.frontapp.stb.c.ui.edittext.NormalFocusEditText{5dc8b8a VFED..CL. .F.P..ID 0,0-700,92 #7f0b0172 app:id/et_pwd aid=1073741826} flags=0 reason=SHOW_SOFT_INPUT
06-20 01:29:55.637 V/InputMethodService( 2870): onEvaluateInputViewShown: config.hardKeyboardHidden = 2
06-20 01:29:55.637 V/InputMethodService( 2870): onEvaluateInputViewShown: config.hardKeyboardHidden = 2
06-20 01:29:55.652 D/InsetsController( 3806): show(ime(), fromIme=true)
06-20 01:29:55.652 D/InsetsController( 3806): show(ime(), fromIme=true)
06-20 01:29:55.689 D/UIAutomatorStub( 3753): URI: /jsonrpc/0, Method: POST, params, {NanoHttpd.QUERY_STRING=null}, files: {postData={"jsonrpc": "2.0", "id": 1, "method": "waitForExists", "params": [{"mask": 2097152, "childOrSibling": [], "childOrSiblingSelector": [], "resourceId": "tech.gtt.frontapp.stb.demo:id/et_pwd"}, 20000]}}
06-20 01:29:55.691 D/UiDevice( 3753): Waiting 20000ms for SearchCondition[hasObject=BySelector [RES='\Qtech.gtt.frontapp.stb.demo:id/et_pwd\E']].
06-20 01:29:55.691 D/UiDevice( 3753): Searching for node with selector: BySelector [RES='\Qtech.gtt.frontapp.stb.demo:id/et_pwd\E'].
