--------- beginning of main
06-24 10:16:42.557 D/ProcessState( 8148): Binder ioctl to enable oneway spam detection failed: Invalid argument
--------- beginning of system
06-24 10:16:42.559 I/ActivityManager( 1928): Force stopping tech.gtt.frontapp.stb.demo appid=10058 user=0: clear data
06-24 10:16:42.560 I/ActivityManager( 1928): Force stopping tech.gtt.frontapp.stb.demo appid=10058 user=-1: clearApplicationUserData
06-24 10:16:42.581 I/MediaProvider( 2563): Begin Intent { act=android.intent.action.PACKAGE_DATA_CLEARED dat=package:tech.gtt.frontapp.stb.demo flg=0x1000010 cmp=com.android.providers.media.module/com.android.providers.media.MediaService (has extras) }
06-24 10:16:42.582 D/MediaProvider( 2563): Deleted 0 Android/media items belonging to tech.gtt.frontapp.stb.demo on /data/user/0/com.android.providers.media.module/databases/external.db
06-24 10:16:42.583 I/MediaProvider( 2563): End Intent { act=android.intent.action.PACKAGE_DATA_CLEARED dat=package:tech.gtt.frontapp.stb.demo flg=0x1000010 cmp=com.android.providers.media.module/com.android.providers.media.MediaService (has extras) }
06-24 10:16:42.663 D/AndroidRuntime( 8162): >>>>>> START com.android.internal.os.RuntimeInit uid 0 <<<<<<
06-24 10:16:42.665 I/AndroidRuntime( 8162): Using default boot image
06-24 10:16:42.665 I/AndroidRuntime( 8162): Leaving lock profiling enabled
06-24 10:16:42.667 W/app_process( 8162): ART APEX data files are untrusted.
06-24 10:16:42.667 I/app_process( 8162): Core platform API reporting enabled, enforcing=false
06-24 10:16:42.711 D/app_process( 8162): Time zone APEX ICU file found: /apex/com.android.tzdata/etc/icu/icu_tzdata.dat
06-24 10:16:42.711 D/app_process( 8162): I18n APEX ICU file found: /apex/com.android.i18n/etc/icu/icudt68l.dat
06-24 10:16:42.715 W/app_process( 8162): Unexpected CPU variant for X86 using defaults: x86_64
06-24 10:16:42.728 D/ProcessState( 8162): Binder ioctl to enable oneway spam detection failed: Invalid argument
06-24 10:16:42.728 D/AndroidRuntime( 8162): Calling main entry com.android.commands.monkey.Monkey
06-24 10:16:42.729 W/Monkey  ( 8162): args: [-p, tech.gtt.frontapp.stb.demo, -c, android.intent.category.LAUNCHER, 1]
06-24 10:16:42.729 W/Monkey  ( 8162):  arg: "-p"
06-24 10:16:42.729 W/Monkey  ( 8162):  arg: "tech.gtt.frontapp.stb.demo"
06-24 10:16:42.729 W/Monkey  ( 8162):  arg: "-c"
06-24 10:16:42.729 W/Monkey  ( 8162):  arg: "android.intent.category.LAUNCHER"
06-24 10:16:42.729 W/Monkey  ( 8162):  arg: "1"
06-24 10:16:42.729 W/Monkey  ( 8162): data="tech.gtt.frontapp.stb.demo"
06-24 10:16:42.729 W/Monkey  ( 8162): data="android.intent.category.LAUNCHER"
06-24 10:16:42.768 W/BroadcastQueue( 1928): Skipping deliver [background] BroadcastRecord{a6fc3e3 u-1 android.net.conn.CONNECTIVITY_CHANGE} to ReceiverList{3d7c1e0 8162 (unknown name)/0/u-1 remote:9b5c39d}: process gone or crashing
06-24 10:16:42.773 I/ActivityTaskManager( 1928): START u0 {act=android.intent.action.MAIN cat=[android.intent.category.LAUNCHER] flg=0x10200000 cmp=tech.gtt.frontapp.stb.demo/tech.gtt.frontapp.stb.m.home.activity.SplashActivity} from uid 0
06-24 10:16:42.774 W/ActivityTaskManager( 1928): Can't find TaskDisplayArea to determine support for multi window. Task id=43 attached=false
06-24 10:16:42.783 D/CompatibilityChangeReporter( 1928): Compat change id reported: 135634846; UID 10058; state: DISABLED
06-24 10:16:42.784 D/CompatibilityChangeReporter( 1928): Compat change id reported: 143937733; UID 10058; state: ENABLED
06-24 10:16:42.789 I/Monkey  ( 8162): Events injected: 1
06-24 10:16:42.802 I/Monkey  ( 8162): ## Network stats: elapsed time=28ms (0ms mobile, 0ms wifi, 28ms not connected)
06-24 10:16:42.806 D/gralloc_nox( 1764): gralloc_alloc: Creating ashmem region of size 8298496
06-24 10:16:42.818 D/Zygote  ( 1753): Forked child process 8176
06-24 10:16:42.821 I/app_process( 8162): System.exit called, status: 0
06-24 10:16:42.822 I/AndroidRuntime( 8162): VM exiting with result code 0.
06-24 10:16:42.825 I/ActivityManager( 1928): Start proc 8176:tech.gtt.frontapp.stb.demo/u0a58 for pre-top-activity {tech.gtt.frontapp.stb.demo/tech.gtt.frontapp.stb.m.home.activity.SplashActivity}
06-24 10:16:42.834 I/Zygote  ( 8176): seccomp disabled by setenforce 0
06-24 10:16:42.845 W/ontapp.stb.dem( 8176): Unexpected CPU variant for X86 using defaults: x86_64
06-24 10:16:42.858 D/ProcessState( 8176): Binder ioctl to enable oneway spam detection failed: Invalid argument
06-24 10:16:42.870 D/gralloc_nox( 1764): gralloc_alloc: Creating ashmem region of size 8298496
06-24 10:16:42.893 E/ashmem  ( 8176): memfd: ro.vndk.version not defined or invalid (), this is mandated since P.
06-24 10:16:42.898 D/CompatibilityChangeReporter( 8176): Compat change id reported: 171979766; UID 10058; state: ENABLED
06-24 10:16:42.925 D/gralloc_nox( 1764): gralloc_alloc: Creating ashmem region of size 8298496
06-24 10:16:42.961 V/GraphicsEnvironment( 8176): ANGLE Developer option for 'tech.gtt.frontapp.stb.demo' set to: 'default'
06-24 10:16:42.961 V/GraphicsEnvironment( 8176): ANGLE GameManagerService for tech.gtt.frontapp.stb.demo: false
06-24 10:16:42.962 V/GraphicsEnvironment( 8176): Neither updatable production driver nor prerelease driver is supported.
06-24 10:16:42.975 D/NetworkSecurityConfig( 8176): Using Network Security Config from resource network_security_config debugBuild: false
06-24 10:16:42.976 D/NetworkSecurityConfig( 8176): Using Network Security Config from resource network_security_config debugBuild: false
06-24 10:16:42.982 I/MultiDex( 8176): VM with version 2.1.0 has multidex support
06-24 10:16:42.982 I/MultiDex( 8176): Installing application
06-24 10:16:42.982 I/MultiDex( 8176): VM has multidex support, MultiDex support library is disabled.
06-24 10:16:42.982 E/[Package]( 8176): params: AppConfiguration(vnoId='11026504', brandId='d0k7d3p3kdikth2o3q6g', appId='d0jucrbq6bt4h33c0ma0', sourceId='30006401-31002837', authServers='https://gtt-app-apigateway-lion.vdemosit.com', shareKey='S2kQMgUSugYyMlk5QclHDaF0uDsFnB0oJoFeAFgsKb8=', packageName='tech.gtt.frontapp.stb.demo', appName='Goose TV', appVersionName='v1.0.0', appVersionCode='7', pluginVersionCode='1', pluginVersionName='6.0.0-beta-build5', packageSeq='1', buglyAppId='d76a04165f', buglyKey='13b89b2d-1c12-4c4f-93b8-46e3c2ef9f73', baseVersionCode='20000066', gitTag='2.1.4-beta6', supportLang='en,pt,es', defaultLang='en', bootLoadType='1')
06-24 10:16:42.982 W/System.err( 8176): java.lang.ClassNotFoundException: tech.gtt.frontapp.stb.docker.plugin.PluginUtils
06-24 10:16:42.982 W/System.err( 8176): 	at java.lang.Class.classForName(Native Method)
06-24 10:16:42.982 W/System.err( 8176): 	at java.lang.Class.forName(Class.java:454)
06-24 10:16:42.982 W/System.err( 8176): 	at java.lang.Class.forName(Class.java:379)
06-24 10:16:42.982 W/System.err( 8176): 	at ot.e.b(SourceFile:3)
06-24 10:16:42.982 W/System.err( 8176): 	at tech.gtt.frontapp.stb.app.MainApplication.attachBaseContext(SourceFile:130)
06-24 10:16:42.982 W/System.err( 8176): 	at android.app.Application.attach(Application.java:338)
06-24 10:16:42.982 W/System.err( 8176): 	at android.app.Instrumentation.newApplication(Instrumentation.java:1190)
06-24 10:16:42.982 W/System.err( 8176): 	at android.app.LoadedApk.makeApplication(LoadedApk.java:1361)
06-24 10:16:42.982 W/System.err( 8176): 	at android.app.ActivityThread.handleBindApplication(ActivityThread.java:6728)
06-24 10:16:42.982 W/System.err( 8176): 	at android.app.ActivityThread.access$1500(ActivityThread.java:256)
06-24 10:16:42.982 W/System.err( 8176): 	at android.app.ActivityThread$H.handleMessage(ActivityThread.java:2091)
06-24 10:16:42.982 W/System.err( 8176): 	at android.os.Handler.dispatchMessage(Handler.java:106)
06-24 10:16:42.982 W/System.err( 8176): 	at android.os.Looper.loopOnce(Looper.java:201)
06-24 10:16:42.982 W/System.err( 8176): 	at android.os.Looper.loop(Looper.java:288)
06-24 10:16:42.983 W/System.err( 8176): 	at android.app.ActivityThread.main(ActivityThread.java:7875)
06-24 10:16:42.983 W/System.err( 8176): 	at java.lang.reflect.Method.invoke(Native Method)
06-24 10:16:42.983 W/System.err( 8176): 	at com.android.internal.os.RuntimeInit$MethodAndArgsCaller.run(RuntimeInit.java:568)
06-24 10:16:42.983 W/System.err( 8176): 	at com.android.internal.os.ZygoteInit.main(ZygoteInit.java:1005)
06-24 10:16:42.983 W/System.err( 8176): Caused by: java.lang.ClassNotFoundException: tech.gtt.frontapp.stb.docker.plugin.PluginUtils
06-24 10:16:42.983 W/System.err( 8176): 	... 18 more
06-24 10:16:42.983 E/[Package]( 8176): isInPluginMode: false
06-24 10:16:42.985 I/CustomActivityOnCrash( 8176): CustomActivityOnCrash has been installed.
06-24 10:16:42.986 I/System.out( 8176): Modular_Init : a - initialize
06-24 10:16:42.988 I/System.out( 8176): Modular_Init : a - initialize
06-24 10:16:42.989 D/[LiveInitialize]( 8176): init---
06-24 10:16:42.989 I/System.out( 8176): Modular_Init : d - initialize
06-24 10:16:42.989 I/System.out( 8176): Modular_Init : a - initialize
06-24 10:16:42.989 D/[ReplayInitialize]( 8176): init---
06-24 10:16:42.990 I/System.out( 8176): Modular_Init : a - initialize
06-24 10:16:42.990 D/[CatchupInitModule]( 8176): init---
06-24 10:16:42.991 I/System.out( 8176): Modular_Init : a - initialize
06-24 10:16:42.991 I/System.out( 8176): Modular_Init : b - initialize
06-24 10:16:42.995 D/AndroidAutoSize( 8176): designWidthInDp = 1920, designHeightInDp = 1080, screenWidth = 1920, screenHeight = 1080
06-24 10:16:42.995 D/AndroidAutoSize( 8176): initDensity = 2.0, initScaledDensity = 2.0
06-24 10:16:43.105 D/AndroidAutoSize( 8176): tech.gtt.frontapp.stb.m.home.activity.SplashActivity used the global configuration.
06-24 10:16:43.120 D/AndroidAutoSize( 8176): The tech.gtt.frontapp.stb.m.home.activity.SplashActivity has been adapted! 
06-24 10:16:43.120 D/AndroidAutoSize( 8176): SplashActivity Info: isBaseOnWidth = true, designWidthInDp = 1920.000000, designWidthInSubunits = 1920.000000, targetDensity = 1.000000, targetScaledDensity = 1.000000, targetDensityDpi = 160, targetXdpi = 1.000000, targetScreenWidthDp = 1920, targetScreenHeightDp = 1032
06-24 10:16:43.197 D/AndroidAutoSize( 8176): tech.gtt.frontapp.stb.m.home.activity.SplashActivity used the global configuration.
06-24 10:16:43.197 D/AndroidAutoSize( 8176): The tech.gtt.frontapp.stb.m.home.activity.SplashActivity has been adapted! 
06-24 10:16:43.197 D/AndroidAutoSize( 8176): SplashActivity Info: isBaseOnWidth = true, designWidthInDp = 1920.000000, designWidthInSubunits = 1920.000000, targetDensity = 1.000000, targetScaledDensity = 1.000000, targetDensityDpi = 160, targetXdpi = 1.000000, targetScreenWidthDp = 1920, targetScreenHeightDp = 1032
06-24 10:16:43.201 I/ActivityTaskManager( 1928): START u0 {act=android.content.pm.action.REQUEST_PERMISSIONS pkg=com.android.permissioncontroller cmp=com.android.permissioncontroller/.permission.ui.GrantPermissionsActivity (has extras)} from uid 10058
06-24 10:16:43.234 D/ontapp.stb.dem( 8176): createUnique: call
06-24 10:16:43.235 D/ontapp.stb.dem( 8176): HostComposition ext GL_OES_EGL_image GL_OES_EGL_image_external GL_OES_depth24 GL_OES_depth32 GL_OES_element_index_uint GL_OES_texture_float GL_OES_texture_float_linear GL_OES_compressed_paletted_texture GL_OES_compressed_ETC1_RGB8_texture GL_OES_depth_texture GL_EXT_texture_format_BGRA8888 GL_APPLE_texture_format_BGRA8888 GL_OES_texture_half_float GL_EXT_robustness GL_OES_texture_half_float_linear GL_OES_packed_depth_stencil GL_OES_vertex_half_float GL_OES_texture_npot GL_OES_rgb8_rgba8 GL_EXT_color_buffer_float GL_EXT_texture_sRGB_decode ANDROID_gles_max_version_3_1 GL_OES_vertex_array_object GL_EXT_texture_buffer GL_EXT_copy_image GL_KHR_texture_compression_astc_ldr GL_KHR_texture_compression_astc_hdr GL_OES_texture_compression_astc GL_OES_EGL_image_external
06-24 10:16:43.236 D/hw-ProcessState( 8176): Binder ioctl to enable oneway spam detection failed: Invalid argument
06-24 10:16:43.237 W/OpenGLRenderer( 8176): Failed to initialize 101010-2 format, error = EGL_SUCCESS
06-24 10:16:43.237 D/EGL_emulation( 8176): rcCreateContext wated version 2.0  rc:4
06-24 10:16:43.255 D/EGL_emulation( 8176): eglMakeCurrent: 0x7b456422fef0: ver 3 2 (tinfo 0x7b44e4243230) (first time)
06-24 10:16:43.263 E/HWComposer( 1776): getSupportedContentTypes: getSupportedContentTypes failed for display 0: Unsupported (8)
06-24 10:16:43.264 I/hwservicemanager( 1563): getTransport: Cannot find entry android.hardware.graphics.mapper@4.0::IMapper/default in either framework or device VINTF manifest.
06-24 10:16:43.264 I/Gralloc4( 8176): mapper 4.x is not supported
06-24 10:16:43.264 I/hwservicemanager( 1563): getTransport: Cannot find entry android.hardware.graphics.mapper@3.0::IMapper/default in either framework or device VINTF manifest.
06-24 10:16:43.264 W/Gralloc3( 8176): mapper 3.x is not supported
06-24 10:16:43.265 I/hwservicemanager( 1563): getTransport: Cannot find entry android.hardware.graphics.allocator@4.0::IAllocator/default in either framework or device VINTF manifest.
06-24 10:16:43.265 W/Gralloc4( 8176): allocator 4.x is not supported
06-24 10:16:43.265 I/hwservicemanager( 1563): getTransport: Cannot find entry android.hardware.graphics.allocator@3.0::IAllocator/default in either framework or device VINTF manifest.
06-24 10:16:43.265 W/Gralloc3( 8176): allocator 3.x is not supported
06-24 10:16:43.266 D/gralloc_nox( 1764): gralloc_alloc: Creating ashmem region of size 8298496
06-24 10:16:43.286 D/ontapp.stb.dem( 8176): createUnique: call
06-24 10:16:43.289 D/ProcessState( 8211): Binder ioctl to enable oneway spam detection failed: Invalid argument
06-24 10:16:43.291 D/ontapp.stb.dem( 8176): HostComposition ext GL_OES_EGL_image GL_OES_EGL_image_external GL_OES_depth24 GL_OES_depth32 GL_OES_element_index_uint GL_OES_texture_float GL_OES_texture_float_linear GL_OES_compressed_paletted_texture GL_OES_compressed_ETC1_RGB8_texture GL_OES_depth_texture GL_EXT_texture_format_BGRA8888 GL_APPLE_texture_format_BGRA8888 GL_OES_texture_half_float GL_EXT_robustness GL_OES_texture_half_float_linear GL_OES_packed_depth_stencil GL_OES_vertex_half_float GL_OES_texture_npot GL_OES_rgb8_rgba8 GL_EXT_color_buffer_float GL_EXT_texture_sRGB_decode ANDROID_gles_max_version_3_1 GL_OES_vertex_array_object GL_EXT_texture_buffer GL_EXT_copy_image GL_KHR_texture_compression_astc_ldr GL_KHR_texture_compression_astc_hdr GL_OES_texture_compression_astc GL_OES_EGL_image_external
06-24 10:16:43.296 D/gralloc_nox( 1764): gralloc_alloc: Creating ashmem region of size 8298496
06-24 10:16:43.317 D/gralloc_nox( 1764): gralloc_alloc: Creating ashmem region of size 8298496
06-24 10:16:43.404 E/libEGL  ( 8176): called unimplemented OpenGL ES API
06-24 10:16:43.549 W/ActivityTaskManager( 1928): Tried to set launchTime (0) < mLastActivityLaunchTime (320562528)
06-24 10:16:43.654 I/ActivityTaskManager( 1928): Displayed com.android.permissioncontroller/.permission.ui.GrantPermissionsActivity: +874ms
06-24 10:16:43.679 D/ProcessState( 8222): Binder ioctl to enable oneway spam detection failed: Invalid argument
06-24 10:16:43.765 D/gralloc_nox( 1764): gralloc_alloc: Creating ashmem region of size 5496832
06-24 10:16:43.793 W/InputManager-JNI( 1928): Input channel object 'e5dcf6a Splash Screen tech.gtt.frontapp.stb.demo (client)' was disposed without first being removed with the input manager!
06-24 10:16:43.906 D/gralloc_nox( 1764): gralloc_alloc: Creating ashmem region of size 5496832
06-24 10:16:44.118 D/gralloc_nox( 1764): gralloc_alloc: Creating ashmem region of size 5496832
06-24 10:16:45.784 E/TaskPersister( 1928): File error accessing recents directory (directory doesn't exist?).
06-24 10:16:45.873 D/UIAutomatorStub( 8122): URI: /jsonrpc/0, Method: POST, params, {NanoHttpd.QUERY_STRING=null}, files: {postData={"jsonrpc": "2.0", "id": 1, "method": "count", "params": [{"mask": 2097152, "childOrSibling": [], "childOrSiblingSelector": [], "resourceId": "com.android.permissioncontroller:id/permission_allow_button"}]}}
06-24 10:16:45.886 D/UiObject( 8122): Waiting 0ms for UiSelector[RESOURCE_ID=com.android.permissioncontroller:id/permission_allow_button].
06-24 10:16:45.887 W/QueryController( 8122): Could not detect idle state.
06-24 10:16:45.895 I/QueryController( 8122): Matched selector: UiSelector[RESOURCE_ID=com.android.permissioncontroller:id/permission_allow_button] <<==>> [android.view.accessibility.AccessibilityNodeInfo@18ad3; boundsInParent: Rect(0, 0 - 992, 112); boundsInScreen: Rect(464, 557 - 1456, 669); packageName: com.android.permissioncontroller; className: android.widget.Button; text: 允许; error: null; maxTextLength: -1; stateDescription: null; contentDescription: null; tooltipText: null; viewIdResName: com.android.permissioncontroller:id/permission_allow_button; checkable: false; checked: false; focusable: true; focused: false; selected: false; clickable: true; longClickable: false; contextClickable: false; enabled: true; password: false; scrollable: false; importantForAccessibility: true; visible: true; actions: [AccessibilityAction: ACTION_FOCUS - null, AccessibilityAction: ACTION_SELECT - null, AccessibilityAction: ACTION_CLEAR_SELECTION - null, AccessibilityAction: ACTION_CLICK - null, AccessibilityAction: ACTION_ACCESSIBILITY_FOCUS - null, AccessibilityAction: ACTION_NEXT_AT_MOVEMENT_GRANULARITY - null, AccessibilityAction: ACTION_PREVIOUS_AT_MOVEMENT_GRANULARITY - null, AccessibilityAction: ACTION_SET_SELECTION - null, AccessibilityAction: ACTION_SHOW_ON_SCREEN - null]]
06-24 10:16:45.897 D/UiObject( 8122): Waiting 0ms for UiSelector[INSTANCE=1, RESOURCE_ID=com.android.permissioncontroller:id/permission_allow_button].
06-24 10:16:45.898 W/QueryController( 8122): Could not detect idle state.
06-24 10:16:45.946 D/UIAutomatorStub( 8122): URI: /jsonrpc/0, Method: POST, params, {NanoHttpd.QUERY_STRING=null}, files: {postData={"jsonrpc": "2.0", "id": 1, "method": "waitForExists", "params": [{"mask": 2097152, "childOrSibling": [], "childOrSiblingSelector": [], "resourceId": "com.android.permissioncontroller:id/permission_allow_button"}, 20000]}}
06-24 10:16:45.950 D/UiDevice( 8122): Waiting 20000ms for SearchCondition[hasObject=BySelector [RES='\Qcom.android.permissioncontroller:id/permission_allow_button\E']].
06-24 10:16:45.950 D/UiDevice( 8122): Searching for node with selector: BySelector [RES='\Qcom.android.permissioncontroller:id/permission_allow_button\E'].
06-24 10:16:45.951 W/QueryController( 8122): Could not detect idle state.
06-24 10:16:45.988 D/UIAutomatorStub( 8122): URI: /jsonrpc/0, Method: POST, params, {NanoHttpd.QUERY_STRING=null}, files: {postData={"jsonrpc": "2.0", "id": 1, "method": "objInfo", "params": [{"mask": 2097152, "childOrSibling": [], "childOrSiblingSelector": [], "resourceId": "com.android.permissioncontroller:id/permission_allow_button"}]}}
06-24 10:16:45.992 D/UiDevice( 8122): Retrieving node with selector: BySelector [RES='\Qcom.android.permissioncontroller:id/permission_allow_button\E'].
06-24 10:16:45.994 W/QueryController( 8122): Could not detect idle state.
06-24 10:16:46.005 W/QueryController( 8122): Could not detect idle state.
06-24 10:16:46.006 W/QueryController( 8122): Could not detect idle state.
06-24 10:16:46.012 W/QueryController( 8122): Could not detect idle state.
06-24 10:16:46.014 W/QueryController( 8122): Could not detect idle state.
06-24 10:16:46.015 W/QueryController( 8122): Could not detect idle state.
06-24 10:16:46.018 W/QueryController( 8122): Could not detect idle state.
06-24 10:16:46.020 W/QueryController( 8122): Could not detect idle state.
06-24 10:16:46.020 W/QueryController( 8122): Could not detect idle state.
06-24 10:16:46.021 W/QueryController( 8122): Could not detect idle state.
06-24 10:16:46.022 W/QueryController( 8122): Could not detect idle state.
06-24 10:16:46.027 W/QueryController( 8122): Could not detect idle state.
06-24 10:16:46.029 W/QueryController( 8122): Could not detect idle state.
06-24 10:16:46.031 W/QueryController( 8122): Could not detect idle state.
06-24 10:16:46.034 W/QueryController( 8122): Could not detect idle state.
06-24 10:16:46.036 W/QueryController( 8122): Could not detect idle state.
06-24 10:16:46.045 W/QueryController( 8122): Could not detect idle state.
06-24 10:16:46.050 W/QueryController( 8122): Could not detect idle state.
06-24 10:16:46.082 D/UIAutomatorStub( 8122): URI: /jsonrpc/0, Method: POST, params, {NanoHttpd.QUERY_STRING=null}, files: {postData={"jsonrpc": "2.0", "id": 1, "method": "click", "params": [960.0, 613.0]}}
06-24 10:16:46.361 V/GrantPermissionsViewModel( 6787): Logged buttons presented and clicked permissionGroupName=android.permission-group.STORAGE uid=10058 selectedLocations=0 package=tech.gtt.frontapp.stb.demo presentedButtons=9 clickedButton=1 sessionId=2944823786378571725 targetSdk=35
06-24 10:16:46.367 I/MediaProvider( 2563): Invalidating LocalCallingIdentity cache for package tech.gtt.frontapp.stb.demo. Reason: op android:read_external_storage
06-24 10:16:46.368 V/GrantPermissionsViewModel( 6787): Permission grant result requestId=2944823786378571725 callingUid=10058 callingPackage=tech.gtt.frontapp.stb.demo permission=android.permission.READ_EXTERNAL_STORAGE isImplicit=false result=4
06-24 10:16:46.371 D/gralloc_nox( 1764): gralloc_alloc: Creating ashmem region of size 8298496
06-24 10:16:46.412 E/android.hardware.audio.service( 1756): pcm_open called create stream faild
06-24 10:16:46.501 W/System  ( 2095): A resource failed to call close. 
06-24 10:16:46.502 W/System  ( 2095): A resource failed to call close. 
06-24 10:16:46.503 W/System  ( 2095): A resource failed to call release. 
06-24 10:16:46.738 D/CompatibilityChangeReporter( 8176): Compat change id reported: 78294732; UID 10058; state: ENABLED
06-24 10:16:46.744 I/b       ( 8176): freeSpace : 116669MB
06-24 10:16:46.848 D/ProcessState( 8237): Binder ioctl to enable oneway spam detection failed: Invalid argument
06-24 10:16:46.890 D/ConnectivityService( 1928): NetReassign [no changes]
06-24 10:16:46.917 V/GSK     ( 8176): StorageServiceImpl initialization() executed in 2 ms.
06-24 10:16:46.918 V/GSK     ( 8176): SecurityServiceImpl initialization() executed in 1 ms.
06-24 10:16:47.024 W/System.err( 8176): SLF4J(W): No SLF4J providers were found.
06-24 10:16:47.025 W/System.err( 8176): SLF4J(W): Defaulting to no-operation (NOP) logger implementation
06-24 10:16:47.025 W/System.err( 8176): SLF4J(W): See https://www.slf4j.org/codes.html#noProviders for further details.
06-24 10:16:47.082 W/System.err( 8176): kotlinx.serialization.json.internal.JsonDecodingException: Expected start of the object '{', but had 'EOF' instead at path: $
06-24 10:16:47.082 W/System.err( 8176): JSON input: 
06-24 10:16:47.082 W/System.err( 8176): 	at kotlinx.serialization.json.internal.JsonExceptionsKt.JsonDecodingException(SourceFile:1)
06-24 10:16:47.082 W/System.err( 8176): 	at kotlinx.serialization.json.internal.JsonExceptionsKt.JsonDecodingException(SourceFile:2)
06-24 10:16:47.082 W/System.err( 8176): 	at kotlinx.serialization.json.internal.AbstractJsonLexer.fail(SourceFile:52)
06-24 10:16:47.082 W/System.err( 8176): 	at kotlinx.serialization.json.internal.AbstractJsonLexer.fail$default(SourceFile:15)
06-24 10:16:47.082 W/System.err( 8176): 	at kotlinx.serialization.json.internal.AbstractJsonLexer.unexpectedToken(SourceFile:103)
06-24 10:16:47.082 W/System.err( 8176): 	at kotlinx.serialization.json.internal.StringJsonLexer.consumeNextToken(SourceFile:16)
06-24 10:16:47.082 W/System.err( 8176): 	at kotlinx.serialization.json.internal.StreamingJsonDecoder.beginStructure(SourceFile:23)
06-24 10:16:47.082 W/System.err( 8176): 	at tech.gtt.frontapp.servicesdk.common.service.utility.apis.e2ee.E2eeConfigResponse$$serializer.deserialize(SourceFile:2)
06-24 10:16:47.082 W/System.err( 8176): 	at tech.gtt.frontapp.servicesdk.common.service.utility.apis.e2ee.E2eeConfigResponse$$serializer.deserialize(SourceFile:1)
06-24 10:16:47.082 W/System.err( 8176): 	at kotlinx.serialization.json.internal.StreamingJsonDecoder.decodeSerializableValue(SourceFile:320)
06-24 10:16:47.082 W/System.err( 8176): 	at kotlinx.serialization.json.Json.decodeFromString(SourceFile:3)
06-24 10:16:47.082 W/System.err( 8176): 	at tech.gtt.frontapp.servicesdk.common.service.utility.apis.e2ee.E2eeManager.syncE2eeConfig(SourceFile:74)
06-24 10:16:47.082 W/System.err( 8176): 	at tech.gtt.frontapp.servicesdk.common.service.utility.apis.ApiUtilServiceImpl.onServiceInit(SourceFile:228)
06-24 10:16:47.082 W/System.err( 8176): 	at tech.gtt.frontapp.servicesdk.common.core.ServiceSDKImpl.executeServiceInitialize(SourceFile:372)
06-24 10:16:47.082 W/System.err( 8176): 	at tech.gtt.frontapp.servicesdk.common.core.ServiceSDKImpl.access$executeServiceInitialize(SourceFile:1)
06-24 10:16:47.082 W/System.err( 8176): 	at tech.gtt.frontapp.servicesdk.common.core.ServiceSDKImpl$init$1.invokeSuspend(SourceFile:178)
06-24 10:16:47.082 W/System.err( 8176): 	at tech.gtt.frontapp.servicesdk.common.core.ServiceSDKImpl$init$1.invoke(SourceFile:2)
06-24 10:16:47.082 W/System.err( 8176): 	at tech.gtt.frontapp.servicesdk.common.core.ServiceSDKImpl$init$1.invoke(SourceFile:1)
06-24 10:16:47.082 W/System.err( 8176): 	at kotlinx.coroutines.flow.SafeFlow.collectSafely(SourceFile:3)
06-24 10:16:47.082 W/System.err( 8176): 	at kotlinx.coroutines.flow.AbstractFlow.collect(SourceFile:70)
06-24 10:16:47.082 W/System.err( 8176): 	at tech.gtt.frontapp.servicesdk.common.core.SDKSetup$build$1.invokeSuspend(SourceFile:42)
06-24 10:16:47.082 W/System.err( 8176): 	at tech.gtt.frontapp.servicesdk.common.core.SDKSetup$build$1.invoke(SourceFile:2)
06-24 10:16:47.082 W/System.err( 8176): 	at tech.gtt.frontapp.servicesdk.common.core.SDKSetup$build$1.invoke(SourceFile:1)
06-24 10:16:47.082 W/System.err( 8176): 	at tech.gtt.frontapp.servicesdk.common.core.Scheduler$scheduleDirect$1.invokeSuspend(SourceFile:61)
06-24 10:16:47.082 W/System.err( 8176): 	at lh.a.resumeWith(SourceFile:14)
06-24 10:16:47.082 W/System.err( 8176): 	at kotlinx.coroutines.DispatchedTask.run(SourceFile:123)
06-24 10:16:47.082 W/System.err( 8176): 	at kotlinx.coroutines.internal.LimitedDispatcher$Worker.run(SourceFile:4)
06-24 10:16:47.082 W/System.err( 8176): 	at kotlinx.coroutines.scheduling.TaskImpl.run(SourceFile:3)
06-24 10:16:47.082 W/System.err( 8176): 	at kotlinx.coroutines.scheduling.CoroutineScheduler.runSafely(SourceFile:1)
06-24 10:16:47.082 W/System.err( 8176): 	at kotlinx.coroutines.scheduling.CoroutineScheduler$Worker.executeTask(SourceFile:34)
06-24 10:16:47.082 W/System.err( 8176): 	at kotlinx.coroutines.scheduling.CoroutineScheduler$Worker.runWorker(SourceFile:29)
06-24 10:16:47.082 W/System.err( 8176): 	at kotlinx.coroutines.scheduling.CoroutineScheduler$Worker.run(SourceFile:1)
06-24 10:16:47.084 W/InputManager-JNI( 1928): Input channel object '7dff56e com.android.permissioncontroller/com.android.permissioncontroller.permission.ui.GrantPermissionsActivity (client)' was disposed without first being removed with the input manager!
06-24 10:16:47.100 W/System.err( 8176): java.io.FileNotFoundException: sys/class/sunxi_info/sys_info: open failed: ENOENT (No such file or directory)
06-24 10:16:47.100 W/System.err( 8176): 	at libcore.io.IoBridge.open(IoBridge.java:575)
06-24 10:16:47.100 W/System.err( 8176): 	at java.io.FileInputStream.<init>(FileInputStream.java:160)
06-24 10:16:47.100 W/System.err( 8176): 	at java.io.FileInputStream.<init>(FileInputStream.java:115)
06-24 10:16:47.100 W/System.err( 8176): 	at ip.b.b(SourceFile:5)
06-24 10:16:47.100 W/System.err( 8176): 	at ip.b.a(SourceFile:155)
06-24 10:16:47.100 W/System.err( 8176): 	at ip.a.invoke(SourceFile:589)
06-24 10:16:47.100 W/System.err( 8176): 	at dh.v.getValue(SourceFile:21)
06-24 10:16:47.100 W/System.err( 8176): 	at tech.gtt.frontapp.servicesdk.common.network.interceptor.params.ApiDeviceParams.handleFixedParams(SourceFile:52)
06-24 10:16:47.100 W/System.err( 8176): 	at tech.gtt.frontapp.servicesdk.common.service.utility.apis.IParamsGetter.toMaps(SourceFile:87)
06-24 10:16:47.100 W/System.err( 8176): 	at tech.gtt.frontapp.servicesdk.common.network.interceptor.DefaultParamsInterceptor.onRequest(SourceFile:127)
06-24 10:16:47.100 W/System.err( 8176): 	at tech.gtt.frontapp.servicesdk.common.network.interceptor.SDKInterceptorsPluginKt$setupRequestInterception$1.invokeSuspend(SourceFile:103)
06-24 10:16:47.100 W/System.err( 8176): 	at tech.gtt.frontapp.servicesdk.common.network.interceptor.SDKInterceptorsPluginKt$setupRequestInterception$1.invoke(SourceFile:1)
06-24 10:16:47.100 W/System.err( 8176): 	at tech.gtt.frontapp.servicesdk.common.network.interceptor.SDKInterceptorsPluginKt$setupRequestInterception$1.invoke(SourceFile:2)
06-24 10:16:47.100 W/System.err( 8176): 	at io.ktor.util.pipeline.DebugPipelineContext.proceedLoop(SourceFile:86)
06-24 10:16:47.100 W/System.err( 8176): 	at io.ktor.util.pipeline.DebugPipelineContext.proceed(SourceFile:26)
06-24 10:16:47.100 W/System.err( 8176): 	at io.ktor.client.plugins.RequestError$install$1.invokeSuspend(SourceFile:47)
06-24 10:16:47.100 W/System.err( 8176): 	at io.ktor.client.plugins.RequestError$install$1.invoke(SourceFile:1)
06-24 10:16:47.100 W/System.err( 8176): 	at io.ktor.client.plugins.RequestError$install$1.invoke(SourceFile:2)
06-24 10:16:47.100 W/System.err( 8176): 	at io.ktor.util.pipeline.DebugPipelineContext.proceedLoop(SourceFile:86)
06-24 10:16:47.100 W/System.err( 8176): 	at io.ktor.util.pipeline.DebugPipelineContext.proceed(SourceFile:26)
06-24 10:16:47.100 W/System.err( 8176): 	at io.ktor.client.plugins.SetupRequestContext$install$1.invokeSuspend$proceed(SourceFile:1)
06-24 10:16:47.100 W/System.err( 8176): 	at io.ktor.client.plugins.SetupRequestContext$install$1.access$invokeSuspend$proceed(SourceFile:1)
06-24 10:16:47.100 W/System.err( 8176): 	at io.ktor.client.plugins.SetupRequestContext$install$1$1.invoke(SourceFile:2)
06-24 10:16:47.100 W/System.err( 8176): 	at io.ktor.client.plugins.SetupRequestContext$install$1$1.invoke(SourceFile:1)
06-24 10:16:47.100 W/System.err( 8176): 	at io.ktor.client.plugins.HttpRequestLifecycleKt$HttpRequestLifecycle$1$1.invokeSuspend(SourceFile:78)
06-24 10:16:47.100 W/System.err( 8176): 	at io.ktor.client.plugins.HttpRequestLifecycleKt$HttpRequestLifecycle$1$1.invoke(SourceFile:1)
06-24 10:16:47.100 W/System.err( 8176): 	at io.ktor.client.plugins.HttpRequestLifecycleKt$HttpRequestLifecycle$1$1.invoke(SourceFile:2)
06-24 10:16:47.100 W/System.err( 8176): 	at io.ktor.client.plugins.SetupRequestContext$install$1.invokeSuspend(SourceFile:42)
06-24 10:16:47.100 W/System.err( 8176): 	at io.ktor.client.plugins.SetupRequestContext$install$1.invoke(SourceFile:1)
06-24 10:16:47.100 W/System.err( 8176): 	at io.ktor.client.plugins.SetupRequestContext$install$1.invoke(SourceFile:2)
06-24 10:16:47.100 W/System.err( 8176): 	at io.ktor.util.pipeline.DebugPipelineContext.proceedLoop(SourceFile:86)
06-24 10:16:47.100 W/System.err( 8176): 	at io.ktor.util.pipeline.DebugPipelineContext.proceed(SourceFile:26)
06-24 10:16:47.100 W/System.err( 8176): 	at io.ktor.util.pipeline.DebugPipelineContext.execute$ktor_utils(SourceFile:7)
06-24 10:16:47.100 W/System.err( 8176): 	at io.ktor.util.pipeline.Pipeline.execute(SourceFile:9)
06-24 10:16:47.100 W/System.err( 8176): 	at io.ktor.client.HttpClient.execute$ktor_client_core(SourceFile:68)
06-24 10:16:47.100 W/System.err( 8176): 	at io.ktor.client.statement.HttpStatement.fetchResponse(SourceFile:90)
06-24 10:16:47.100 W/System.err( 8176): 	at io.ktor.client.statement.HttpStatement.execute(SourceFile:9)
06-24 10:16:47.100 W/System.err( 8176): 	at de.jensklingenberg.ktorfit.internal.KtorfitConverterHelper.suspendRequest(SourceFile:127)
06-24 10:16:47.100 W/System.err( 8176): 	at de.jensklingenberg.ktorfit.internal.KtorfitConverterHelper$request$1$1.invokeSuspend(SourceFile:58)
06-24 10:16:47.100 W/System.err( 8176): 	at de.jensklingenberg.ktorfit.internal.KtorfitConverterHelper$request$1$1.invoke(SourceFile:2)
06-24 10:16:47.100 W/System.err( 8176): 	at de.jensklingenberg.ktorfit.internal.KtorfitConverterHelper$request$1$1.invoke(SourceFile:1)
06-24 10:16:47.100 W/System.err( 8176): 	at de.jensklingenberg.ktorfit.converter.FlowConverterFactory$responseConverter$1$convert$1.invokeSuspend(SourceFile:84)
06-24 10:16:47.100 W/System.err( 8176): 	at de.jensklingenberg.ktorfit.converter.FlowConverterFactory$responseConverter$1$convert$1.invoke(SourceFile:2)
06-24 10:16:47.100 W/System.err( 8176): 	at de.jensklingenberg.ktorfit.converter.FlowConverterFactory$responseConverter$1$convert$1.invoke(SourceFile:1)
06-24 10:16:47.100 W/System.err( 8176): 	at kotlinx.coroutines.flow.SafeFlow.collectSafely(SourceFile:3)
06-24 10:16:47.100 W/System.err( 8176): 	at kotlinx.coroutines.flow.AbstractFlow.collect(SourceFile:70)
06-24 10:16:47.100 W/System.err( 8176): 	at kotlinx.coroutines.flow.FlowKt__MergeKt$flatMapConcat$$inlined$map$1.collect(SourceFile:10)
06-24 10:16:47.100 W/System.err( 8176): 	at kotlinx.coroutines.flow.FlowKt__MergeKt$flattenConcat$$inlined$unsafeFlow$1.collect(SourceFile:8)
06-24 10:16:47.100 W/System.err( 8176): 	at kotlinx.coroutines.flow.FlowKt__CollectKt.collect(SourceFile:1)
06-24 10:16:47.100 W/System.err( 8176): 	at kotlinx.coroutines.flow.FlowKt.collect(SourceFile:1)
06-24 10:16:47.100 W/System.err( 8176): 	at tech.gtt.frontapp.servicesdk.common.service.utility.apis.ApiUtilServiceImpl.onServiceInit(SourceFile:240)
06-24 10:16:47.100 W/System.err( 8176): 	at tech.gtt.frontapp.servicesdk.common.core.ServiceSDKImpl.executeServiceInitialize(SourceFile:372)
06-24 10:16:47.100 W/System.err( 8176): 	at tech.gtt.frontapp.servicesdk.common.core.ServiceSDKImpl.access$executeServiceInitialize(SourceFile:1)
06-24 10:16:47.100 W/System.err( 8176): 	at tech.gtt.frontapp.servicesdk.common.core.ServiceSDKImpl$init$1.invokeSuspend(SourceFile:178)
06-24 10:16:47.100 W/System.err( 8176): 	at tech.gtt.frontapp.servicesdk.common.core.ServiceSDKImpl$init$1.invoke(SourceFile:2)
06-24 10:16:47.100 W/System.err( 8176): 	at tech.gtt.frontapp.servicesdk.common.core.ServiceSDKImpl$init$1.invoke(SourceFile:1)
06-24 10:16:47.100 W/System.err( 8176): 	at kotlinx.coroutines.flow.SafeFlow.collectSafely(SourceFile:3)
06-24 10:16:47.100 W/System.err( 8176): 	at kotlinx.coroutines.flow.AbstractFlow.collect(SourceFile:70)
06-24 10:16:47.100 W/System.err( 8176): 	at tech.gtt.frontapp.servicesdk.common.core.SDKSetup$build$1.invokeSuspend(SourceFile:42)
06-24 10:16:47.100 W/System.err( 8176): 	at tech.gtt.frontapp.servicesdk.common.core.SDKSetup$build$1.invoke(SourceFile:2)
06-24 10:16:47.100 W/System.err( 8176): 	at tech.gtt.frontapp.servicesdk.common.core.SDKSetup$build$1.invoke(SourceFile:1)
06-24 10:16:47.100 W/System.err( 8176): 	at tech.gtt.frontapp.servicesdk.common.core.Scheduler$scheduleDirect$1.invokeSuspend(SourceFile:61)
06-24 10:16:47.100 W/System.err( 8176): 	at lh.a.resumeWith(SourceFile:14)
06-24 10:16:47.100 W/System.err( 8176): 	at kotlinx.coroutines.DispatchedTask.run(SourceFile:123)
06-24 10:16:47.100 W/System.err( 8176): 	at kotlinx.coroutines.internal.LimitedDispatcher$Worker.run(SourceFile:4)
06-24 10:16:47.100 W/System.err( 8176): 	at kotlinx.coroutines.scheduling.TaskImpl.run(SourceFile:3)
06-24 10:16:47.100 W/System.err( 8176): 	at kotlinx.coroutines.scheduling.CoroutineScheduler.runSafely(SourceFile:1)
06-24 10:16:47.100 W/System.err( 8176): 	at kotlinx.coroutines.scheduling.CoroutineScheduler$Worker.executeTask(SourceFile:34)
06-24 10:16:47.100 W/System.err( 8176): 	at kotlinx.coroutines.scheduling.CoroutineScheduler$Worker.runWorker(SourceFile:29)
06-24 10:16:47.100 W/System.err( 8176): 	at kotlinx.coroutines.scheduling.CoroutineScheduler$Worker.run(SourceFile:1)
06-24 10:16:47.101 W/System.err( 8176): Caused by: android.system.ErrnoException: open failed: ENOENT (No such file or directory)
06-24 10:16:47.101 W/System.err( 8176): 	at libcore.io.Linux.open(Native Method)
06-24 10:16:47.101 W/System.err( 8176): 	at libcore.io.ForwardingOs.open(ForwardingOs.java:567)
06-24 10:16:47.101 W/System.err( 8176): 	at libcore.io.BlockGuardOs.open(BlockGuardOs.java:273)
06-24 10:16:47.101 W/System.err( 8176): 	at libcore.io.ForwardingOs.open(ForwardingOs.java:567)
06-24 10:16:47.101 W/System.err( 8176): 	at android.app.ActivityThread$AndroidOs.open(ActivityThread.java:7761)
06-24 10:16:47.101 W/System.err( 8176): 	at libcore.io.IoBridge.open(IoBridge.java:561)
06-24 10:16:47.101 W/System.err( 8176): 	... 69 more
06-24 10:16:47.101 W/System.err( 8176): java.io.FileNotFoundException: sys/class/sunxi_info/sys_info: open failed: ENOENT (No such file or directory)
06-24 10:16:47.101 W/System.err( 8176): 	at libcore.io.IoBridge.open(IoBridge.java:575)
06-24 10:16:47.102 W/System.err( 8176): 	at java.io.FileInputStream.<init>(FileInputStream.java:160)
06-24 10:16:47.102 W/System.err( 8176): 	at java.io.FileInputStream.<init>(FileInputStream.java:115)
06-24 10:16:47.102 W/System.err( 8176): 	at ip.b.b(SourceFile:5)
06-24 10:16:47.102 W/System.err( 8176): 	at ip.b.a(SourceFile:155)
06-24 10:16:47.102 W/System.err( 8176): 	at ip.a.invoke(SourceFile:127)
06-24 10:16:47.102 W/System.err( 8176): 	at dh.v.getValue(SourceFile:21)
06-24 10:16:47.102 W/System.err( 8176): 	at tech.gtt.frontapp.servicesdk.common.network.interceptor.params.ApiDeviceParams.handleFixedParams(SourceFile:65)
06-24 10:16:47.102 W/System.err( 8176): 	at tech.gtt.frontapp.servicesdk.common.service.utility.apis.IParamsGetter.toMaps(SourceFile:87)
06-24 10:16:47.102 W/System.err( 8176): 	at tech.gtt.frontapp.servicesdk.common.network.interceptor.DefaultParamsInterceptor.onRequest(SourceFile:127)
06-24 10:16:47.102 W/System.err( 8176): 	at tech.gtt.frontapp.servicesdk.common.network.interceptor.SDKInterceptorsPluginKt$setupRequestInterception$1.invokeSuspend(SourceFile:103)
06-24 10:16:47.102 W/System.err( 8176): 	at tech.gtt.frontapp.servicesdk.common.network.interceptor.SDKInterceptorsPluginKt$setupRequestInterception$1.invoke(SourceFile:1)
06-24 10:16:47.102 W/System.err( 8176): 	at tech.gtt.frontapp.servicesdk.common.network.interceptor.SDKInterceptorsPluginKt$setupRequestInterception$1.invoke(SourceFile:2)
06-24 10:16:47.102 W/System.err( 8176): 	at io.ktor.util.pipeline.DebugPipelineContext.proceedLoop(SourceFile:86)
06-24 10:16:47.102 W/System.err( 8176): 	at io.ktor.util.pipeline.DebugPipelineContext.proceed(SourceFile:26)
06-24 10:16:47.102 W/System.err( 8176): 	at io.ktor.client.plugins.RequestError$install$1.invokeSuspend(SourceFile:47)
06-24 10:16:47.102 W/System.err( 8176): 	at io.ktor.client.plugins.RequestError$install$1.invoke(SourceFile:1)
06-24 10:16:47.102 W/System.err( 8176): 	at io.ktor.client.plugins.RequestError$install$1.invoke(SourceFile:2)
06-24 10:16:47.102 W/System.err( 8176): 	at io.ktor.util.pipeline.DebugPipelineContext.proceedLoop(SourceFile:86)
06-24 10:16:47.102 W/System.err( 8176): 	at io.ktor.util.pipeline.DebugPipelineContext.proceed(SourceFile:26)
06-24 10:16:47.102 W/System.err( 8176): 	at io.ktor.client.plugins.SetupRequestContext$install$1.invokeSuspend$proceed(SourceFile:1)
06-24 10:16:47.102 W/System.err( 8176): 	at io.ktor.client.plugins.SetupRequestContext$install$1.access$invokeSuspend$proceed(SourceFile:1)
06-24 10:16:47.102 W/System.err( 8176): 	at io.ktor.client.plugins.SetupRequestContext$install$1$1.invoke(SourceFile:2)
06-24 10:16:47.102 W/System.err( 8176): 	at io.ktor.client.plugins.SetupRequestContext$install$1$1.invoke(SourceFile:1)
06-24 10:16:47.102 W/System.err( 8176): 	at io.ktor.client.plugins.HttpRequestLifecycleKt$HttpRequestLifecycle$1$1.invokeSuspend(SourceFile:78)
06-24 10:16:47.102 W/System.err( 8176): 	at io.ktor.client.plugins.HttpRequestLifecycleKt$HttpRequestLifecycle$1$1.invoke(SourceFile:1)
06-24 10:16:47.102 W/System.err( 8176): 	at io.ktor.client.plugins.HttpRequestLifecycleKt$HttpRequestLifecycle$1$1.invoke(SourceFile:2)
06-24 10:16:47.102 W/System.err( 8176): 	at io.ktor.client.plugins.SetupRequestContext$install$1.invokeSuspend(SourceFile:42)
06-24 10:16:47.102 W/System.err( 8176): 	at io.ktor.client.plugins.SetupRequestContext$install$1.invoke(SourceFile:1)
06-24 10:16:47.102 W/System.err( 8176): 	at io.ktor.client.plugins.SetupRequestContext$install$1.invoke(SourceFile:2)
06-24 10:16:47.102 W/System.err( 8176): 	at io.ktor.util.pipeline.DebugPipelineContext.proceedLoop(SourceFile:86)
06-24 10:16:47.102 W/System.err( 8176): 	at io.ktor.util.pipeline.DebugPipelineContext.proceed(SourceFile:26)
06-24 10:16:47.102 W/System.err( 8176): 	at io.ktor.util.pipeline.DebugPipelineContext.execute$ktor_utils(SourceFile:7)
06-24 10:16:47.102 W/System.err( 8176): 	at io.ktor.util.pipeline.Pipeline.execute(SourceFile:9)
06-24 10:16:47.102 W/System.err( 8176): 	at io.ktor.client.HttpClient.execute$ktor_client_core(SourceFile:68)
06-24 10:16:47.102 W/System.err( 8176): 	at io.ktor.client.statement.HttpStatement.fetchResponse(SourceFile:90)
06-24 10:16:47.102 W/System.err( 8176): 	at io.ktor.client.statement.HttpStatement.execute(SourceFile:9)
06-24 10:16:47.102 W/System.err( 8176): 	at de.jensklingenberg.ktorfit.internal.KtorfitConverterHelper.suspendRequest(SourceFile:127)
06-24 10:16:47.102 W/System.err( 8176): 	at de.jensklingenberg.ktorfit.internal.KtorfitConverterHelper$request$1$1.invokeSuspend(SourceFile:58)
06-24 10:16:47.102 W/System.err( 8176): 	at de.jensklingenberg.ktorfit.internal.KtorfitConverterHelper$request$1$1.invoke(SourceFile:2)
06-24 10:16:47.102 W/System.err( 8176): 	at de.jensklingenberg.ktorfit.internal.KtorfitConverterHelper$request$1$1.invoke(SourceFile:1)
06-24 10:16:47.102 W/System.err( 8176): 	at de.jensklingenberg.ktorfit.converter.FlowConverterFactory$responseConverter$1$convert$1.invokeSuspend(SourceFile:84)
06-24 10:16:47.102 W/System.err( 8176): 	at de.jensklingenberg.ktorfit.converter.FlowConverterFactory$responseConverter$1$convert$1.invoke(SourceFile:2)
06-24 10:16:47.102 W/System.err( 8176): 	at de.jensklingenberg.ktorfit.converter.FlowConverterFactory$responseConverter$1$convert$1.invoke(SourceFile:1)
06-24 10:16:47.102 W/System.err( 8176): 	at kotlinx.coroutines.flow.SafeFlow.collectSafely(SourceFile:3)
06-24 10:16:47.102 W/System.err( 8176): 	at kotlinx.coroutines.flow.AbstractFlow.collect(SourceFile:70)
06-24 10:16:47.102 W/System.err( 8176): 	at kotlinx.coroutines.flow.FlowKt__MergeKt$flatMapConcat$$inlined$map$1.collect(SourceFile:10)
06-24 10:16:47.102 W/System.err( 8176): 	at kotlinx.coroutines.flow.FlowKt__MergeKt$flattenConcat$$inlined$unsafeFlow$1.collect(SourceFile:8)
06-24 10:16:47.102 W/System.err( 8176): 	at kotlinx.coroutines.flow.FlowKt__CollectKt.collect(SourceFile:1)
06-24 10:16:47.102 W/System.err( 8176): 	at kotlinx.coroutines.flow.FlowKt.collect(SourceFile:1)
06-24 10:16:47.102 W/System.err( 8176): 	at tech.gtt.frontapp.servicesdk.common.service.utility.apis.ApiUtilServiceImpl.onServiceInit(SourceFile:240)
06-24 10:16:47.102 W/System.err( 8176): 	at tech.gtt.frontapp.servicesdk.common.core.ServiceSDKImpl.executeServiceInitialize(SourceFile:372)
06-24 10:16:47.102 W/System.err( 8176): 	at tech.gtt.frontapp.servicesdk.common.core.ServiceSDKImpl.access$executeServiceInitialize(SourceFile:1)
06-24 10:16:47.102 W/System.err( 8176): 	at tech.gtt.frontapp.servicesdk.common.core.ServiceSDKImpl$init$1.invokeSuspend(SourceFile:178)
06-24 10:16:47.102 W/System.err( 8176): 	at tech.gtt.frontapp.servicesdk.common.core.ServiceSDKImpl$init$1.invoke(SourceFile:2)
06-24 10:16:47.102 W/System.err( 8176): 	at tech.gtt.frontapp.servicesdk.common.core.ServiceSDKImpl$init$1.invoke(SourceFile:1)
06-24 10:16:47.102 W/System.err( 8176): 	at kotlinx.coroutines.flow.SafeFlow.collectSafely(SourceFile:3)
06-24 10:16:47.102 W/System.err( 8176): 	at kotlinx.coroutines.flow.AbstractFlow.collect(SourceFile:70)
06-24 10:16:47.102 W/System.err( 8176): 	at tech.gtt.frontapp.servicesdk.common.core.SDKSetup$build$1.invokeSuspend(SourceFile:42)
06-24 10:16:47.102 W/System.err( 8176): 	at tech.gtt.frontapp.servicesdk.common.core.SDKSetup$build$1.invoke(SourceFile:2)
06-24 10:16:47.102 W/System.err( 8176): 	at tech.gtt.frontapp.servicesdk.common.core.SDKSetup$build$1.invoke(SourceFile:1)
06-24 10:16:47.102 W/System.err( 8176): 	at tech.gtt.frontapp.servicesdk.common.core.Scheduler$scheduleDirect$1.invokeSuspend(SourceFile:61)
06-24 10:16:47.102 W/System.err( 8176): 	at lh.a.resumeWith(SourceFile:14)
06-24 10:16:47.102 W/System.err( 8176): 	at kotlinx.coroutines.DispatchedTask.run(SourceFile:123)
06-24 10:16:47.102 W/System.err( 8176): 	at kotlinx.coroutines.internal.LimitedDispatcher$Worker.run(SourceFile:4)
06-24 10:16:47.102 W/System.err( 8176): 	at kotlinx.coroutines.scheduling.TaskImpl.run(SourceFile:3)
06-24 10:16:47.102 W/System.err( 8176): 	at kotlinx.coroutines.scheduling.CoroutineScheduler.runSafely(SourceFile:1)
06-24 10:16:47.102 W/System.err( 8176): 	at kotlinx.coroutines.scheduling.CoroutineScheduler$Worker.executeTask(SourceFile:34)
06-24 10:16:47.102 W/System.err( 8176): 	at kotlinx.coroutines.scheduling.CoroutineScheduler$Worker.runWorker(SourceFile:29)
06-24 10:16:47.102 W/System.err( 8176): 	at kotlinx.coroutines.scheduling.CoroutineScheduler$Worker.run(SourceFile:1)
06-24 10:16:47.102 W/System.err( 8176): Caused by: android.system.ErrnoException: open failed: ENOENT (No such file or directory)
06-24 10:16:47.102 W/System.err( 8176): 	at libcore.io.Linux.open(Native Method)
06-24 10:16:47.102 W/System.err( 8176): 	at libcore.io.ForwardingOs.open(ForwardingOs.java:567)
06-24 10:16:47.102 W/System.err( 8176): 	at libcore.io.BlockGuardOs.open(BlockGuardOs.java:273)
06-24 10:16:47.102 W/System.err( 8176): 	at libcore.io.ForwardingOs.open(ForwardingOs.java:567)
06-24 10:16:47.102 W/System.err( 8176): 	at android.app.ActivityThread$AndroidOs.open(ActivityThread.java:7761)
06-24 10:16:47.102 W/System.err( 8176): 	at libcore.io.IoBridge.open(IoBridge.java:561)
06-24 10:16:47.102 W/System.err( 8176): 	... 69 more
06-24 10:16:47.105 W/System.err( 8176): java.io.FileNotFoundException: sys/class/sunxi_info/sys_info: open failed: ENOENT (No such file or directory)
06-24 10:16:47.105 W/System.err( 8176): 	at libcore.io.IoBridge.open(IoBridge.java:575)
06-24 10:16:47.105 W/System.err( 8176): 	at java.io.FileInputStream.<init>(FileInputStream.java:160)
06-24 10:16:47.105 W/System.err( 8176): 	at java.io.FileInputStream.<init>(FileInputStream.java:115)
06-24 10:16:47.105 W/System.err( 8176): 	at ip.b.b(SourceFile:5)
06-24 10:16:47.105 W/System.err( 8176): 	at ip.b.a(SourceFile:155)
06-24 10:16:47.105 W/System.err( 8176): 	at ip.a.invoke(SourceFile:340)
06-24 10:16:47.105 W/System.err( 8176): 	at dh.v.getValue(SourceFile:21)
06-24 10:16:47.105 W/System.err( 8176): 	at tech.gtt.frontapp.servicesdk.common.network.interceptor.params.ApiDeviceParams.handleFixedParams(SourceFile:120)
06-24 10:16:47.105 W/System.err( 8176): 	at tech.gtt.frontapp.servicesdk.common.service.utility.apis.IParamsGetter.toMaps(SourceFile:87)
06-24 10:16:47.105 W/System.err( 8176): 	at tech.gtt.frontapp.servicesdk.common.network.interceptor.DefaultParamsInterceptor.onRequest(SourceFile:127)
06-24 10:16:47.105 W/System.err( 8176): 	at tech.gtt.frontapp.servicesdk.common.network.interceptor.SDKInterceptorsPluginKt$setupRequestInterception$1.invokeSuspend(SourceFile:103)
06-24 10:16:47.105 W/System.err( 8176): 	at tech.gtt.frontapp.servicesdk.common.network.interceptor.SDKInterceptorsPluginKt$setupRequestInterception$1.invoke(SourceFile:1)
06-24 10:16:47.105 W/System.err( 8176): 	at tech.gtt.frontapp.servicesdk.common.network.interceptor.SDKInterceptorsPluginKt$setupRequestInterception$1.invoke(SourceFile:2)
06-24 10:16:47.105 W/System.err( 8176): 	at io.ktor.util.pipeline.DebugPipelineContext.proceedLoop(SourceFile:86)
06-24 10:16:47.105 W/System.err( 8176): 	at io.ktor.util.pipeline.DebugPipelineContext.proceed(SourceFile:26)
06-24 10:16:47.105 W/System.err( 8176): 	at io.ktor.client.plugins.RequestError$install$1.invokeSuspend(SourceFile:47)
06-24 10:16:47.105 W/System.err( 8176): 	at io.ktor.client.plugins.RequestError$install$1.invoke(SourceFile:1)
06-24 10:16:47.105 W/System.err( 8176): 	at io.ktor.client.plugins.RequestError$install$1.invoke(SourceFile:2)
06-24 10:16:47.105 W/System.err( 8176): 	at io.ktor.util.pipeline.DebugPipelineContext.proceedLoop(SourceFile:86)
06-24 10:16:47.105 W/System.err( 8176): 	at io.ktor.util.pipeline.DebugPipelineContext.proceed(SourceFile:26)
06-24 10:16:47.105 W/System.err( 8176): 	at io.ktor.client.plugins.SetupRequestContext$install$1.invokeSuspend$proceed(SourceFile:1)
06-24 10:16:47.105 W/System.err( 8176): 	at io.ktor.client.plugins.SetupRequestContext$install$1.access$invokeSuspend$proceed(SourceFile:1)
06-24 10:16:47.105 W/System.err( 8176): 	at io.ktor.client.plugins.SetupRequestContext$install$1$1.invoke(SourceFile:2)
06-24 10:16:47.105 W/System.err( 8176): 	at io.ktor.client.plugins.SetupRequestContext$install$1$1.invoke(SourceFile:1)
06-24 10:16:47.105 W/System.err( 8176): 	at io.ktor.client.plugins.HttpRequestLifecycleKt$HttpRequestLifecycle$1$1.invokeSuspend(SourceFile:78)
06-24 10:16:47.105 W/System.err( 8176): 	at io.ktor.client.plugins.HttpRequestLifecycleKt$HttpRequestLifecycle$1$1.invoke(SourceFile:1)
06-24 10:16:47.105 W/System.err( 8176): 	at io.ktor.client.plugins.HttpRequestLifecycleKt$HttpRequestLifecycle$1$1.invoke(SourceFile:2)
06-24 10:16:47.105 W/System.err( 8176): 	at io.ktor.client.plugins.SetupRequestContext$install$1.invokeSuspend(SourceFile:42)
06-24 10:16:47.105 W/System.err( 8176): 	at io.ktor.client.plugins.SetupRequestContext$install$1.invoke(SourceFile:1)
06-24 10:16:47.105 W/System.err( 8176): 	at io.ktor.client.plugins.SetupRequestContext$install$1.invoke(SourceFile:2)
06-24 10:16:47.105 W/System.err( 8176): 	at io.ktor.util.pipeline.DebugPipelineContext.proceedLoop(SourceFile:86)
06-24 10:16:47.105 W/System.err( 8176): 	at io.ktor.util.pipeline.DebugPipelineContext.proceed(SourceFile:26)
06-24 10:16:47.105 W/System.err( 8176): 	at io.ktor.util.pipeline.DebugPipelineContext.execute$ktor_utils(SourceFile:7)
