06-24 10:16:49.857 D/SurfaceUtils( 1806): disconnecting from surface 0xe5b04ba8, reason connectToSurface(reconnect)
06-24 10:16:49.859 D/SurfaceUtils( 1806): connecting to surface 0xe5b04ba8, reason connectToSurface(reconnect)
06-24 10:16:49.860 E/OMXNodeInstance( 1809): setConfig(0xeaac0400:google.aac.decoder, ConfigPriority(0x6f800002)) ERROR: Undefined(0x80001001)
06-24 10:16:49.860 I/ACodec  ( 1806): codec does not support config priority (err -2147483648)
06-24 10:16:49.860 E/OMXNodeInstance( 1809): getConfig(0xeaac0400:google.aac.decoder, ConfigAndroidVendorExtension(0x6f100004)) ERROR: Undefined(0x80001001)
06-24 10:16:49.860 D/SoftAAC2( 1809): get OMX_IndexParamAudioAndroidAacDrcPresentation
06-24 10:16:49.861 D/UiDevice( 8122): Searching for node with selector: BySelector [RES='\Qtech.gtt.frontapp.stb.demo:id/account_login_tv2\E'].
06-24 10:16:49.862 W/QueryController( 8122): Could not detect idle state.
06-24 10:16:49.863 E/OMXNodeInstance( 1809): getExtensionIndex(0xeaac1820:google.h264.decoder, OMX.google.android.index.enableAndroidNativeBuffers) ERROR: UnsupportedIndex(0x8000101a)
06-24 10:16:49.863 E/ACodec  ( 1806): [OMX.google.h264.decoder] setPortMode on output to DynamicANWBuffer failed w/ err -1010
06-24 10:16:49.864 I/MediaCodec( 1806): MediaCodec will operate in async mode
06-24 10:16:49.864 D/MediaCodec( 1806): keep callback message for reclaim
06-24 10:16:49.864 E/OMXNodeInstance( 1809): getParameter(0xeaac1820:google.h264.decoder, ??(0x6f600011)) ERROR: UnsupportedIndex(0x8000101a)
06-24 10:16:49.866 W/OMXNodeInstance( 1809): [0xeaac1820:google.h264.decoder] component does not support metadata mode; using fallback
06-24 10:16:49.874 D/SoftVideoDecoderOMXComponent( 1809): Color Aspects preference: 1 
06-24 10:16:49.874 E/OMXNodeInstance( 1809): setConfig(0xeaac1820:google.h264.decoder, ConfigPriority(0x6f800002)) ERROR: UnsupportedIndex(0x8000101a)
06-24 10:16:49.874 I/ACodec  ( 1806): codec does not support config priority (err -1010)
06-24 10:16:49.874 E/OMXNodeInstance( 1809): setConfig(0xeaac1820:google.h264.decoder, ConfigOperatingRate(0x6f800003)) ERROR: UnsupportedIndex(0x8000101a)
06-24 10:16:49.875 I/ACodec  ( 1806): codec does not support config operating rate (err -1010)
06-24 10:16:49.876 E/OMXNodeInstance( 1809): getConfig(0xeaac1820:google.h264.decoder, ConfigAndroidVendorExtension(0x6f100004)) ERROR: UnsupportedIndex(0x8000101a)
06-24 10:16:49.879 E/OMXNodeInstance( 1809): getConfig(0xeaac1820:google.h264.decoder, ??(0x7f000003)) ERROR: UnsupportedSetting(0x80001019)
06-24 10:16:49.880 I/MediaCodec( 1806): MediaCodec will operate in async mode
06-24 10:16:49.880 D/MediaCodec( 1806): keep callback message for reclaim
06-24 10:16:49.884 I/SoftAAC2( 1809): Reconfiguring decoder: 0->44100 Hz, 0->1 channels
06-24 10:16:49.885 D/SoftAAC2( 1809): get OMX_IndexParamAudioAndroidAacDrcPresentation
06-24 10:16:49.887 W/ResourceManagerService( 1806): Ignoring request to add new resource entry with value <= 0
06-24 10:16:49.891 D/SoftVideoDecoderOMXComponent( 1809): Color Aspects preference: 1 
06-24 10:16:49.898 D/AudioFlinger( 1773): Client defaulted notificationFrames to 11286 for frameCount 22572
06-24 10:16:49.900 D/AF::TrackHandle( 1773): OpPlayAudio: track:65 usage:1 not muted
06-24 10:16:49.926 E/OMXNodeInstance( 1809): getConfig(0xeaac1820:google.h264.decoder, ??(0x7f000003)) ERROR: UnsupportedSetting(0x80001019)
06-24 10:16:49.928 D/MediaCodec( 1806): [OMX.google.h264.decoder] setting dataspace on output surface to #102
06-24 10:16:49.947 E/android.hardware.audio.service( 1756): pcm_open called create stream faild
06-24 10:16:49.947 D/gralloc_nox( 1764): gralloc_alloc: Creating ashmem region of size 589824
06-24 10:16:49.948 W/MediaPlayerNative( 8176): info/warning (3, 0)
06-24 10:16:49.961 D/SoftwareRenderer( 1806): setting dataspace on output surface to #8000102
06-24 10:16:49.962 D/gralloc_nox( 1764): gralloc_alloc: Creating ashmem region of size 589824
06-24 10:16:49.964 W/InputManager-JNI( 1928): Input channel object '39906c tech.gtt.frontapp.stb.demo/tech.gtt.frontapp.stb.m.home.activity.SplashActivity (client)' was disposed without first being removed with the input manager!
06-24 10:16:49.973 D/UiDevice( 8122): Searching for node with selector: BySelector [RES='\Qtech.gtt.frontapp.stb.demo:id/account_login_tv2\E'].
06-24 10:16:49.975 W/QueryController( 8122): Could not detect idle state.
06-24 10:16:49.992 D/AudioFlinger( 1773): mixer(0x75e25ceb0a60) throttle end: throttle time(40)
06-24 10:16:50.083 D/UiDevice( 8122): Searching for node with selector: BySelector [RES='\Qtech.gtt.frontapp.stb.demo:id/account_login_tv2\E'].
06-24 10:16:50.084 W/QueryController( 8122): Could not detect idle state.
06-24 10:16:50.202 D/UiDevice( 8122): Searching for node with selector: BySelector [RES='\Qtech.gtt.frontapp.stb.demo:id/account_login_tv2\E'].
06-24 10:16:50.203 W/QueryController( 8122): Could not detect idle state.
06-24 10:16:50.216 D/gralloc_nox( 1764): gralloc_alloc: Creating ashmem region of size 589824
06-24 10:16:50.292 D/AudioFlinger( 1773): mixer(0x75e25ceb0a60) throttle end: throttle time(242)
06-24 10:16:50.315 D/UiDevice( 8122): Searching for node with selector: BySelector [RES='\Qtech.gtt.frontapp.stb.demo:id/account_login_tv2\E'].
06-24 10:16:50.315 W/QueryController( 8122): Could not detect idle state.
06-24 10:16:50.408 W/BestClock( 1928): java.time.DateTimeException: Missing NTP fix
06-24 10:16:50.421 D/UiDevice( 8122): Searching for node with selector: BySelector [RES='\Qtech.gtt.frontapp.stb.demo:id/account_login_tv2\E'].
06-24 10:16:50.422 W/QueryController( 8122): Could not detect idle state.
06-24 10:16:50.449 W/BestClock( 1928): java.time.DateTimeException: Missing NTP fix
06-24 10:16:50.450 W/BestClock( 1928): java.time.DateTimeException: Missing NTP fix
06-24 10:16:50.450 W/BestClock( 1928): java.time.DateTimeException: Missing NTP fix
06-24 10:16:50.483 D/gralloc_nox( 1764): gralloc_alloc: Creating ashmem region of size 589824
06-24 10:16:50.530 D/UiDevice( 8122): Searching for node with selector: BySelector [RES='\Qtech.gtt.frontapp.stb.demo:id/account_login_tv2\E'].
06-24 10:16:50.530 W/QueryController( 8122): Could not detect idle state.
06-24 10:16:50.634 D/UiDevice( 8122): Searching for node with selector: BySelector [RES='\Qtech.gtt.frontapp.stb.demo:id/account_login_tv2\E'].
06-24 10:16:50.634 W/QueryController( 8122): Could not detect idle state.
06-24 10:16:50.738 D/UiDevice( 8122): Searching for node with selector: BySelector [RES='\Qtech.gtt.frontapp.stb.demo:id/account_login_tv2\E'].
06-24 10:16:50.738 W/QueryController( 8122): Could not detect idle state.
06-24 10:16:50.843 D/UiDevice( 8122): Searching for node with selector: BySelector [RES='\Qtech.gtt.frontapp.stb.demo:id/account_login_tv2\E'].
06-24 10:16:50.843 W/QueryController( 8122): Could not detect idle state.
06-24 10:16:50.950 D/UiDevice( 8122): Searching for node with selector: BySelector [RES='\Qtech.gtt.frontapp.stb.demo:id/account_login_tv2\E'].
06-24 10:16:50.951 W/QueryController( 8122): Could not detect idle state.
06-24 10:16:51.056 D/UiDevice( 8122): Searching for node with selector: BySelector [RES='\Qtech.gtt.frontapp.stb.demo:id/account_login_tv2\E'].
06-24 10:16:51.057 W/QueryController( 8122): Could not detect idle state.
06-24 10:16:51.162 D/UiDevice( 8122): Searching for node with selector: BySelector [RES='\Qtech.gtt.frontapp.stb.demo:id/account_login_tv2\E'].
06-24 10:16:51.163 W/QueryController( 8122): Could not detect idle state.
06-24 10:16:51.267 D/UiDevice( 8122): Searching for node with selector: BySelector [RES='\Qtech.gtt.frontapp.stb.demo:id/account_login_tv2\E'].
06-24 10:16:51.269 W/QueryController( 8122): Could not detect idle state.
06-24 10:16:51.380 D/UiDevice( 8122): Searching for node with selector: BySelector [RES='\Qtech.gtt.frontapp.stb.demo:id/account_login_tv2\E'].
06-24 10:16:51.380 W/QueryController( 8122): Could not detect idle state.
06-24 10:16:51.486 D/UiDevice( 8122): Searching for node with selector: BySelector [RES='\Qtech.gtt.frontapp.stb.demo:id/account_login_tv2\E'].
06-24 10:16:51.487 W/QueryController( 8122): Could not detect idle state.
06-24 10:16:51.594 D/UiDevice( 8122): Searching for node with selector: BySelector [RES='\Qtech.gtt.frontapp.stb.demo:id/account_login_tv2\E'].
06-24 10:16:51.595 W/QueryController( 8122): Could not detect idle state.
06-24 10:16:51.708 D/UiDevice( 8122): Searching for node with selector: BySelector [RES='\Qtech.gtt.frontapp.stb.demo:id/account_login_tv2\E'].
06-24 10:16:51.708 W/QueryController( 8122): Could not detect idle state.
06-24 10:16:51.811 D/UiDevice( 8122): Searching for node with selector: BySelector [RES='\Qtech.gtt.frontapp.stb.demo:id/account_login_tv2\E'].
06-24 10:16:51.812 W/QueryController( 8122): Could not detect idle state.
06-24 10:16:51.915 D/UiDevice( 8122): Searching for node with selector: BySelector [RES='\Qtech.gtt.frontapp.stb.demo:id/account_login_tv2\E'].
06-24 10:16:51.915 W/QueryController( 8122): Could not detect idle state.
06-24 10:16:52.018 D/UiDevice( 8122): Searching for node with selector: BySelector [RES='\Qtech.gtt.frontapp.stb.demo:id/account_login_tv2\E'].
06-24 10:16:52.018 W/QueryController( 8122): Could not detect idle state.
06-24 10:16:52.124 D/UiDevice( 8122): Searching for node with selector: BySelector [RES='\Qtech.gtt.frontapp.stb.demo:id/account_login_tv2\E'].
06-24 10:16:52.125 W/QueryController( 8122): Could not detect idle state.
06-24 10:16:52.235 D/UiDevice( 8122): Searching for node with selector: BySelector [RES='\Qtech.gtt.frontapp.stb.demo:id/account_login_tv2\E'].
06-24 10:16:52.235 W/QueryController( 8122): Could not detect idle state.
06-24 10:16:52.338 D/UiDevice( 8122): Searching for node with selector: BySelector [RES='\Qtech.gtt.frontapp.stb.demo:id/account_login_tv2\E'].
06-24 10:16:52.338 W/QueryController( 8122): Could not detect idle state.
06-24 10:16:52.443 D/UiDevice( 8122): Searching for node with selector: BySelector [RES='\Qtech.gtt.frontapp.stb.demo:id/account_login_tv2\E'].
06-24 10:16:52.444 W/QueryController( 8122): Could not detect idle state.
06-24 10:16:52.547 D/UiDevice( 8122): Searching for node with selector: BySelector [RES='\Qtech.gtt.frontapp.stb.demo:id/account_login_tv2\E'].
06-24 10:16:52.547 W/QueryController( 8122): Could not detect idle state.
06-24 10:16:52.650 D/UiDevice( 8122): Searching for node with selector: BySelector [RES='\Qtech.gtt.frontapp.stb.demo:id/account_login_tv2\E'].
06-24 10:16:52.651 W/QueryController( 8122): Could not detect idle state.
06-24 10:16:52.757 D/UiDevice( 8122): Searching for node with selector: BySelector [RES='\Qtech.gtt.frontapp.stb.demo:id/account_login_tv2\E'].
06-24 10:16:52.761 W/QueryController( 8122): Could not detect idle state.
06-24 10:16:52.880 D/UiDevice( 8122): Searching for node with selector: BySelector [RES='\Qtech.gtt.frontapp.stb.demo:id/account_login_tv2\E'].
06-24 10:16:52.881 W/QueryController( 8122): Could not detect idle state.
06-24 10:16:52.901 E/TaskPersister( 1928): File error accessing recents directory (directory doesn't exist?).
06-24 10:16:52.995 D/UiDevice( 8122): Searching for node with selector: BySelector [RES='\Qtech.gtt.frontapp.stb.demo:id/account_login_tv2\E'].
06-24 10:16:52.995 W/QueryController( 8122): Could not detect idle state.
06-24 10:16:53.065 I/keystore2( 1707): keystore2::watchdog: Watchdog thread idle -> terminating. Have a great day.
06-24 10:16:53.099 D/UiDevice( 8122): Searching for node with selector: BySelector [RES='\Qtech.gtt.frontapp.stb.demo:id/account_login_tv2\E'].
06-24 10:16:53.100 W/QueryController( 8122): Could not detect idle state.
06-24 10:16:53.204 D/UiDevice( 8122): Searching for node with selector: BySelector [RES='\Qtech.gtt.frontapp.stb.demo:id/account_login_tv2\E'].
06-24 10:16:53.205 W/QueryController( 8122): Could not detect idle state.
06-24 10:16:53.308 D/UiDevice( 8122): Searching for node with selector: BySelector [RES='\Qtech.gtt.frontapp.stb.demo:id/account_login_tv2\E'].
06-24 10:16:53.308 W/QueryController( 8122): Could not detect idle state.
06-24 10:16:53.413 D/UiDevice( 8122): Searching for node with selector: BySelector [RES='\Qtech.gtt.frontapp.stb.demo:id/account_login_tv2\E'].
06-24 10:16:53.413 W/QueryController( 8122): Could not detect idle state.
06-24 10:16:53.515 D/UiDevice( 8122): Searching for node with selector: BySelector [RES='\Qtech.gtt.frontapp.stb.demo:id/account_login_tv2\E'].
06-24 10:16:53.516 W/QueryController( 8122): Could not detect idle state.
06-24 10:16:53.619 D/UiDevice( 8122): Searching for node with selector: BySelector [RES='\Qtech.gtt.frontapp.stb.demo:id/account_login_tv2\E'].
06-24 10:16:53.621 W/QueryController( 8122): Could not detect idle state.
06-24 10:16:53.734 D/UiDevice( 8122): Searching for node with selector: BySelector [RES='\Qtech.gtt.frontapp.stb.demo:id/account_login_tv2\E'].
06-24 10:16:53.735 W/QueryController( 8122): Could not detect idle state.
06-24 10:16:53.841 D/UiDevice( 8122): Searching for node with selector: BySelector [RES='\Qtech.gtt.frontapp.stb.demo:id/account_login_tv2\E'].
06-24 10:16:53.842 W/QueryController( 8122): Could not detect idle state.
06-24 10:16:53.892 D/AudioTrack( 1806): stop(17): called with 200704 frames delivered
06-24 10:16:53.947 D/UiDevice( 8122): Searching for node with selector: BySelector [RES='\Qtech.gtt.frontapp.stb.demo:id/account_login_tv2\E'].
06-24 10:16:53.947 W/QueryController( 8122): Could not detect idle state.
06-24 10:16:54.053 D/UiDevice( 8122): Searching for node with selector: BySelector [RES='\Qtech.gtt.frontapp.stb.demo:id/account_login_tv2\E'].
06-24 10:16:54.053 W/QueryController( 8122): Could not detect idle state.
06-24 10:16:54.156 D/UiDevice( 8122): Searching for node with selector: BySelector [RES='\Qtech.gtt.frontapp.stb.demo:id/account_login_tv2\E'].
06-24 10:16:54.158 W/QueryController( 8122): Could not detect idle state.
06-24 10:16:54.263 D/UiDevice( 8122): Searching for node with selector: BySelector [RES='\Qtech.gtt.frontapp.stb.demo:id/account_login_tv2\E'].
06-24 10:16:54.264 W/QueryController( 8122): Could not detect idle state.
06-24 10:16:54.293 D/NuPlayerDriver( 1806): stop(0xeadc0ac0)
06-24 10:16:54.294 V/MediaPlayer( 8176): resetDrmState:  mDrmInfo=null mDrmProvisioningThread=null mPrepareDrmInProgress=false mActiveDrmScheme=false
06-24 10:16:54.294 V/MediaPlayer( 8176): cleanDrmObj: mDrmObj=null mDrmSessionId=null
06-24 10:16:54.294 D/NuPlayerDriver( 1806): reset(0xeadc0ac0) at state 8
06-24 10:16:54.302 D/SurfaceUtils( 1806): disconnecting from surface 0xe5b04ba8, reason disconnectFromSurface
06-24 10:16:54.305 D/SurfaceUtils( 1806): connecting to surface 0xe5b04ba8, reason onShutdown
06-24 10:16:54.307 D/NuPlayerDriver( 1806): notifyResetComplete(0xeadc0ac0)
06-24 10:16:54.308 D/SurfaceUtils( 1806): disconnecting from surface 0xe5b01948, reason disconnectNativeWindow
06-24 10:16:54.308 W/AMessage( 1806): failed to post message as target looper for handler 0 is gone.
06-24 10:16:54.309 I/MediaFocusControl( 1928): abandonAudioFocus() from uid/pid 10058/8176 clientId=android.media.AudioManager@10d60ac
06-24 10:16:54.311 I/ActivityTaskManager( 1928): START u0 {cmp=tech.gtt.frontapp.stb.demo/tech.gtt.frontapp.stb.m.account.activity.LoginMethodSwitchActivity (has extras)} from uid 10058
06-24 10:16:54.312 D/CompatibilityChangeReporter( 1928): Compat change id reported: 174042980; UID 10058; state: DISABLED
06-24 10:16:54.313 D/CompatibilityChangeReporter( 1928): Compat change id reported: 184838306; UID 10058; state: DISABLED
06-24 10:16:54.313 D/CompatibilityChangeReporter( 1928): Compat change id reported: 185004937; UID 10058; state: DISABLED
06-24 10:16:54.313 D/CompatibilityChangeReporter( 1928): Compat change id reported: 181136395; UID 10058; state: DISABLED
06-24 10:16:54.314 D/CompatibilityChangeReporter( 1928): Compat change id reported: 174042936; UID 10058; state: DISABLED
06-24 10:16:54.315 D/CompatibilityChangeReporter( 1928): Compat change id reported: 197654537; UID 10058; state: ENABLED
06-24 10:16:54.316 D/CompatibilityChangeReporter( 1928): Compat change id reported: 168419799; UID 10058; state: DISABLED
06-24 10:16:54.320 I/MediaFocusControl( 1928): abandonAudioFocus() from uid/pid 10058/8176 clientId=android.media.AudioManager@10d60ac
06-24 10:16:54.329 W/ActivityTaskManager( 1928): Tried to set launchTime (0) < mLastActivityLaunchTime (320697061)
06-24 10:16:54.337 D/AndroidAutoSize( 8176): tech.gtt.frontapp.stb.m.account.activity.LoginMethodSwitchActivity used the global configuration.
06-24 10:16:54.337 D/AndroidAutoSize( 8176): The tech.gtt.frontapp.stb.m.account.activity.LoginMethodSwitchActivity has been adapted! 
06-24 10:16:54.337 D/AndroidAutoSize( 8176): LoginMethodSwitchActivity Info: isBaseOnWidth = true, designWidthInDp = 1920.000000, designWidthInSubunits = 1920.000000, targetDensity = 1.000000, targetScaledDensity = 1.000000, targetDensityDpi = 160, targetXdpi = 1.000000, targetScreenWidthDp = 1920, targetScreenHeightDp = 1032
06-24 10:16:54.367 D/UiDevice( 8122): Searching for node with selector: BySelector [RES='\Qtech.gtt.frontapp.stb.demo:id/account_login_tv2\E'].
06-24 10:16:54.370 W/QueryController( 8122): Could not detect idle state.
06-24 10:16:54.381 D/AndroidAutoSize( 8176): tech.gtt.frontapp.stb.m.account.activity.LoginMethodSwitchActivity used the global configuration.
06-24 10:16:54.382 D/AndroidAutoSize( 8176): The tech.gtt.frontapp.stb.m.account.activity.LoginMethodSwitchActivity has been adapted! 
06-24 10:16:54.382 D/AndroidAutoSize( 8176): LoginMethodSwitchActivity Info: isBaseOnWidth = true, designWidthInDp = 1920.000000, designWidthInSubunits = 1920.000000, targetDensity = 1.000000, targetScaledDensity = 1.000000, targetDensityDpi = 160, targetXdpi = 1.000000, targetScreenWidthDp = 1920, targetScreenHeightDp = 1032
06-24 10:16:54.385 W/WindowManager( 1928): Failed looking up window session=Session{593bb79 8176:u0a10058} callers=com.android.server.wm.WindowManagerService.windowForClientLocked:5850 com.android.server.wm.Session.updateRequestedVisibilities:640 android.view.IWindowSession$Stub.onTransact:1175 
06-24 10:16:54.398 D/gralloc_nox( 1764): gralloc_alloc: Creating ashmem region of size 8298496
06-24 10:16:54.420 D/gralloc_nox( 1764): gralloc_alloc: Creating ashmem region of size 8298496
06-24 10:16:54.427 D/ProcessState( 8575): Binder ioctl to enable oneway spam detection failed: Invalid argument
06-24 10:16:54.444 D/gralloc_nox( 1764): gralloc_alloc: Creating ashmem region of size 8298496
06-24 10:16:54.505 E/libEGL  ( 8176): called unimplemented OpenGL ES API
06-24 10:16:54.529 I/ActivityTaskManager( 1928): Displayed tech.gtt.frontapp.stb.demo/tech.gtt.frontapp.stb.m.account.activity.LoginMethodSwitchActivity: +218ms
06-24 10:16:54.643 D/UIAutomatorStub( 8122): URI: /jsonrpc/0, Method: POST, params, {NanoHttpd.QUERY_STRING=null}, files: {postData={"jsonrpc": "2.0", "id": 1, "method": "objInfo", "params": [{"mask": 2097152, "childOrSibling": [], "childOrSiblingSelector": [], "resourceId": "tech.gtt.frontapp.stb.demo:id/account_login_tv2"}]}}
06-24 10:16:54.645 D/UiDevice( 8122): Retrieving node with selector: BySelector [RES='\Qtech.gtt.frontapp.stb.demo:id/account_login_tv2\E'].
06-24 10:16:54.646 W/QueryController( 8122): Could not detect idle state.
06-24 10:16:54.657 W/QueryController( 8122): Could not detect idle state.
06-24 10:16:54.662 W/QueryController( 8122): Could not detect idle state.
06-24 10:16:54.664 W/QueryController( 8122): Could not detect idle state.
06-24 10:16:54.666 W/QueryController( 8122): Could not detect idle state.
06-24 10:16:54.667 W/QueryController( 8122): Could not detect idle state.
06-24 10:16:54.668 W/QueryController( 8122): Could not detect idle state.
06-24 10:16:54.669 W/QueryController( 8122): Could not detect idle state.
06-24 10:16:54.670 W/QueryController( 8122): Could not detect idle state.
06-24 10:16:54.671 W/QueryController( 8122): Could not detect idle state.
06-24 10:16:54.673 W/QueryController( 8122): Could not detect idle state.
06-24 10:16:54.678 W/QueryController( 8122): Could not detect idle state.
06-24 10:16:54.682 W/QueryController( 8122): Could not detect idle state.
06-24 10:16:54.684 W/QueryController( 8122): Could not detect idle state.
06-24 10:16:54.685 W/QueryController( 8122): Could not detect idle state.
06-24 10:16:54.687 W/QueryController( 8122): Could not detect idle state.
06-24 10:16:54.690 W/QueryController( 8122): Could not detect idle state.
06-24 10:16:54.696 W/QueryController( 8122): Could not detect idle state.
06-24 10:16:54.732 D/UIAutomatorStub( 8122): URI: /jsonrpc/0, Method: POST, params, {NanoHttpd.QUERY_STRING=null}, files: {postData={"jsonrpc": "2.0", "id": 1, "method": "click", "params": [1390.0, 559.0]}}
06-24 10:16:54.765 W/InputManager-JNI( 1928): Input channel object '2689c90 tech.gtt.frontapp.stb.demo/tech.gtt.frontapp.stb.m.home.activity.LoadingActivity (client)' was disposed without first being removed with the input manager!
06-24 10:16:54.910 I/ActivityTaskManager( 1928): START u0 {cmp=tech.gtt.frontapp.stb.demo/tech.gtt.frontapp.stb.m.account.activity.LoginActivity} from uid 10058
06-24 10:16:54.929 W/ActivityTaskManager( 1928): Tried to set launchTime (0) < mLastActivityLaunchTime (320701980)
06-24 10:16:54.939 D/AndroidAutoSize( 8176): tech.gtt.frontapp.stb.m.account.activity.LoginActivity used the global configuration.
06-24 10:16:54.939 D/AndroidAutoSize( 8176): The tech.gtt.frontapp.stb.m.account.activity.LoginActivity has been adapted! 
06-24 10:16:54.939 D/AndroidAutoSize( 8176): LoginActivity Info: isBaseOnWidth = true, designWidthInDp = 1920.000000, designWidthInSubunits = 1920.000000, targetDensity = 1.000000, targetScaledDensity = 1.000000, targetDensityDpi = 160, targetXdpi = 1.000000, targetScreenWidthDp = 1920, targetScreenHeightDp = 1032
06-24 10:16:54.944 D/UIAutomatorStub( 8122): URI: /jsonrpc/0, Method: POST, params, {NanoHttpd.QUERY_STRING=null}, files: {postData={"jsonrpc": "2.0", "id": 1, "method": "waitForExists", "params": [{"mask": 2097152, "childOrSibling": [], "childOrSiblingSelector": [], "resourceId": "tech.gtt.frontapp.stb.demo:id/loginf_et_username"}, 20000]}}
06-24 10:16:54.945 D/UiDevice( 8122): Waiting 20000ms for SearchCondition[hasObject=BySelector [RES='\Qtech.gtt.frontapp.stb.demo:id/loginf_et_username\E']].
06-24 10:16:54.945 D/UiDevice( 8122): Searching for node with selector: BySelector [RES='\Qtech.gtt.frontapp.stb.demo:id/loginf_et_username\E'].
06-24 10:16:54.945 W/QueryController( 8122): Could not detect idle state.
06-24 10:16:55.008 D/AndroidAutoSize( 8176): tech.gtt.frontapp.stb.m.account.activity.LoginActivity used the global configuration.
06-24 10:16:55.009 D/AndroidAutoSize( 8176): The tech.gtt.frontapp.stb.m.account.activity.LoginActivity has been adapted! 
06-24 10:16:55.009 D/AndroidAutoSize( 8176): LoginActivity Info: isBaseOnWidth = true, designWidthInDp = 1920.000000, designWidthInSubunits = 1920.000000, targetDensity = 1.000000, targetScaledDensity = 1.000000, targetDensityDpi = 160, targetXdpi = 1.000000, targetScreenWidthDp = 1920, targetScreenHeightDp = 1032
06-24 10:16:55.012 W/WindowManager( 1928): Failed looking up window session=Session{593bb79 8176:u0a10058} callers=com.android.server.wm.WindowManagerService.windowForClientLocked:5850 com.android.server.wm.Session.updateRequestedVisibilities:640 android.view.IWindowSession$Stub.onTransact:1175 
06-24 10:16:55.030 D/gralloc_nox( 1764): gralloc_alloc: Creating ashmem region of size 8298496
06-24 10:16:55.047 D/gralloc_nox( 1764): gralloc_alloc: Creating ashmem region of size 8298496
06-24 10:16:55.069 D/gralloc_nox( 1764): gralloc_alloc: Creating ashmem region of size 8298496
06-24 10:16:55.075 D/ProcessState( 8587): Binder ioctl to enable oneway spam detection failed: Invalid argument
06-24 10:16:55.131 W/ByMatcher( 8122): Node returned null child: android.view.accessibility.AccessibilityNodeInfo@112b5; boundsInParent: Rect(0, 0 - 1920, 1080); boundsInScreen: Rect(0, 0 - 1920, 1080); packageName: tech.gtt.frontapp.stb.demo; className: android.widget.RelativeLayout; text: null; error: null; maxTextLength: -1; stateDescription: null; contentDescription: null; tooltipText: null; viewIdResName: null; checkable: false; checked: false; focusable: false; focused: false; selected: false; clickable: false; longClickable: false; contextClickable: false; enabled: true; password: false; scrollable: false; importantForAccessibility: false; visible: true; actions: [AccessibilityAction: ACTION_SELECT - null, AccessibilityAction: ACTION_CLEAR_SELECTION - null, AccessibilityAction: ACTION_ACCESSIBILITY_FOCUS - null, AccessibilityAction: ACTION_SHOW_ON_SCREEN - null]
06-24 10:16:55.131 W/ByMatcher( 8122): Skipping null child (2 of 3)
06-24 10:16:55.132 W/ByMatcher( 8122): Node returned null child: android.view.accessibility.AccessibilityNodeInfo@80006d89; boundsInParent: Rect(0, 0 - 1920, 1080); boundsInScreen: Rect(0, 0 - 1920, 1080); packageName: tech.gtt.frontapp.stb.demo; className: android.widget.FrameLayout; text: null; error: null; maxTextLength: -1; stateDescription: null; contentDescription: null; tooltipText: null; viewIdResName: null; checkable: false; checked: false; focusable: false; focused: false; selected: false; clickable: false; longClickable: false; contextClickable: false; enabled: true; password: false; scrollable: false; importantForAccessibility: true; visible: true; actions: [AccessibilityAction: ACTION_SELECT - null, AccessibilityAction: ACTION_CLEAR_SELECTION - null, AccessibilityAction: ACTION_ACCESSIBILITY_FOCUS - null, AccessibilityAction: ACTION_SHOW_ON_SCREEN - null]
06-24 10:16:55.133 W/ByMatcher( 8122): Skipping null child (0 of 1)
06-24 10:16:55.133 I/ActivityTaskManager( 1928): Displayed tech.gtt.frontapp.stb.demo/tech.gtt.frontapp.stb.m.account.activity.LoginActivity: +229ms
06-24 10:16:55.186 W/System  ( 1928): A resource failed to call close. 
06-24 10:16:55.186 W/System  ( 1928): A resource failed to call release. 
06-24 10:16:55.235 D/UiDevice( 8122): Searching for node with selector: BySelector [RES='\Qtech.gtt.frontapp.stb.demo:id/loginf_et_username\E'].
06-24 10:16:55.236 W/QueryController( 8122): Could not detect idle state.
06-24 10:16:55.299 D/UIAutomatorStub( 8122): URI: /jsonrpc/0, Method: POST, params, {NanoHttpd.QUERY_STRING=null}, files: {postData={"jsonrpc": "2.0", "id": 1, "method": "objInfo", "params": [{"mask": 2097152, "childOrSibling": [], "childOrSiblingSelector": [], "resourceId": "tech.gtt.frontapp.stb.demo:id/loginf_et_username"}]}}
06-24 10:16:55.302 D/UiDevice( 8122): Retrieving node with selector: BySelector [RES='\Qtech.gtt.frontapp.stb.demo:id/loginf_et_username\E'].
06-24 10:16:55.303 W/QueryController( 8122): Could not detect idle state.
06-24 10:16:55.312 W/QueryController( 8122): Could not detect idle state.
06-24 10:16:55.318 W/QueryController( 8122): Could not detect idle state.
06-24 10:16:55.321 W/QueryController( 8122): Could not detect idle state.
06-24 10:16:55.323 W/QueryController( 8122): Could not detect idle state.
06-24 10:16:55.326 W/QueryController( 8122): Could not detect idle state.
06-24 10:16:55.329 W/QueryController( 8122): Could not detect idle state.
06-24 10:16:55.331 W/QueryController( 8122): Could not detect idle state.
06-24 10:16:55.332 W/QueryController( 8122): Could not detect idle state.
06-24 10:16:55.333 W/QueryController( 8122): Could not detect idle state.
06-24 10:16:55.334 W/QueryController( 8122): Could not detect idle state.
06-24 10:16:55.335 W/QueryController( 8122): Could not detect idle state.
06-24 10:16:55.336 W/QueryController( 8122): Could not detect idle state.
06-24 10:16:55.337 W/QueryController( 8122): Could not detect idle state.
06-24 10:16:55.338 W/QueryController( 8122): Could not detect idle state.
06-24 10:16:55.343 W/QueryController( 8122): Could not detect idle state.
06-24 10:16:55.366 W/QueryController( 8122): Could not detect idle state.
06-24 10:16:55.377 W/QueryController( 8122): Could not detect idle state.
06-24 10:16:55.389 W/SurfaceFlinger( 1776): couldn't log to binary event log: overflow.
06-24 10:16:55.401 D/UIAutomatorStub( 8122): URI: /jsonrpc/0, Method: POST, params, {NanoHttpd.QUERY_STRING=null}, files: {postData={"jsonrpc": "2.0", "id": 1, "method": "click", "params": [1057.0, 437.0]}}
06-24 10:16:55.521 D/CompatibilityChangeReporter( 8176): Compat change id reported: 163400105; UID 10058; state: ENABLED
06-24 10:16:55.522 D/InputMethodManager( 8176): showSoftInput() view=tech.gtt.frontapp.stb.c.ui.edittext.EmailAutoCompleteTextView{5a16a1c VFED..CL. .F.P..ID 0,0-700,92 #7f0b02ce app:id/loginf_et_username aid=1073741824} flags=0 reason=SHOW_SOFT_INPUT
06-24 10:16:55.522 V/InputMethodService( 2581): onEvaluateInputViewShown: config.hardKeyboardHidden = 2
06-24 10:16:55.523 V/InputMethodService( 2581): onEvaluateInputViewShown: config.hardKeyboardHidden = 2
06-24 10:16:55.523 I/AdbKeyboard( 2581): imeAction: 5 Next
06-24 10:16:55.546 D/gralloc_nox( 1764): gralloc_alloc: Creating ashmem region of size 647168
06-24 10:16:55.559 D/gralloc_nox( 1764): gralloc_alloc: Creating ashmem region of size 647168
06-24 10:16:55.563 D/gralloc_nox( 1764): gralloc_alloc: Creating ashmem region of size 647168
06-24 10:16:55.570 D/InsetsController( 8176): show(ime(), fromIme=true)
06-24 10:16:55.580 D/ProcessState( 8597): Binder ioctl to enable oneway spam detection failed: Invalid argument
06-24 10:16:55.586 D/UIAutomatorStub( 8122): URI: /jsonrpc/0, Method: POST, params, {NanoHttpd.QUERY_STRING=null}, files: {postData={"jsonrpc": "2.0", "id": 1, "method": "waitForExists", "params": [{"mask": 2097152, "childOrSibling": [], "childOrSiblingSelector": [], "resourceId": "tech.gtt.frontapp.stb.demo:id/loginf_et_username"}, 20000]}}
06-24 10:16:55.588 D/UiDevice( 8122): Waiting 20000ms for SearchCondition[hasObject=BySelector [RES='\Qtech.gtt.frontapp.stb.demo:id/loginf_et_username\E']].
06-24 10:16:55.588 D/UiDevice( 8122): Searching for node with selector: BySelector [RES='\Qtech.gtt.frontapp.stb.demo:id/loginf_et_username\E'].
06-24 10:16:55.589 W/QueryController( 8122): Could not detect idle state.
06-24 10:16:55.605 D/UIAutomatorStub( 8122): URI: /jsonrpc/0, Method: POST, params, {NanoHttpd.QUERY_STRING=null}, files: {postData={"jsonrpc": "2.0", "id": 1, "method": "setText", "params": [{"mask": 2097152, "childOrSibling": [], "childOrSiblingSelector": [], "resourceId": "tech.gtt.frontapp.stb.demo:id/loginf_et_username"}, "0609@ipwangxin.cn"]}}
06-24 10:16:55.606 D/UiDevice( 8122): Retrieving node with selector: BySelector [RES='\Qtech.gtt.frontapp.stb.demo:id/loginf_et_username\E'].
06-24 10:16:55.606 W/QueryController( 8122): Could not detect idle state.
06-24 10:16:55.615 W/QueryController( 8122): Could not detect idle state.
06-24 10:16:55.616 D/UiObject2( 8122): Clicking on (1057, 437).
06-24 10:16:55.632 D/InputMethodManager( 8176): showSoftInput() view=tech.gtt.frontapp.stb.c.ui.edittext.EmailAutoCompleteTextView{5a16a1c VFED..CL. .F.P.... 0,0-700,92 #7f0b02ce app:id/loginf_et_username aid=1073741824} flags=0 reason=SHOW_SOFT_INPUT
06-24 10:16:55.633 V/InputMethodService( 2581): onEvaluateInputViewShown: config.hardKeyboardHidden = 2
06-24 10:16:55.633 V/InputMethodService( 2581): onEvaluateInputViewShown: config.hardKeyboardHidden = 2
06-24 10:16:55.635 D/InsetsController( 8176): show(ime(), fromIme=true)
06-24 10:16:55.649 D/UiDevice( 8122): Retrieving node with selector: BySelector [RES='\Qtech.gtt.frontapp.stb.demo:id/loginf_et_username\E'].
06-24 10:16:55.651 W/QueryController( 8122): Could not detect idle state.
06-24 10:16:55.655 W/QueryController( 8122): Could not detect idle state.
06-24 10:16:55.658 D/UiObject2( 8122): Setting text to '0609@ipwangxin.cn'.
06-24 10:16:55.666 I/AdbKeyboard( 2581): imeAction: 5 Next
06-24 10:16:55.666 V/InputMethodService( 2581): onEvaluateInputViewShown: config.hardKeyboardHidden = 2
06-24 10:16:55.666 V/InputMethodService( 2581): onEvaluateInputViewShown: config.hardKeyboardHidden = 2
06-24 10:16:55.728 D/InsetsController( 8176): show(ime(), fromIme=true)
06-24 10:16:55.748 D/UIAutomatorStub( 8122): URI: /jsonrpc/0, Method: POST, params, {NanoHttpd.QUERY_STRING=null}, files: {postData={"jsonrpc": "2.0", "id": 1, "method": "waitForExists", "params": [{"mask": 2097152, "childOrSibling": [], "childOrSiblingSelector": [], "resourceId": "tech.gtt.frontapp.stb.demo:id/et_pwd"}, 20000]}}
06-24 10:16:55.749 D/UiDevice( 8122): Waiting 20000ms for SearchCondition[hasObject=BySelector [RES='\Qtech.gtt.frontapp.stb.demo:id/et_pwd\E']].
06-24 10:16:55.749 D/UiDevice( 8122): Searching for node with selector: BySelector [RES='\Qtech.gtt.frontapp.stb.demo:id/et_pwd\E'].
06-24 10:16:55.750 W/QueryController( 8122): Could not detect idle state.
06-24 10:16:55.775 D/UIAutomatorStub( 8122): URI: /jsonrpc/0, Method: POST, params, {NanoHttpd.QUERY_STRING=null}, files: {postData={"jsonrpc": "2.0", "id": 1, "method": "objInfo", "params": [{"mask": 2097152, "childOrSibling": [], "childOrSiblingSelector": [], "resourceId": "tech.gtt.frontapp.stb.demo:id/et_pwd"}]}}
06-24 10:16:55.776 D/UiDevice( 8122): Retrieving node with selector: BySelector [RES='\Qtech.gtt.frontapp.stb.demo:id/et_pwd\E'].
06-24 10:16:55.776 W/QueryController( 8122): Could not detect idle state.
06-24 10:16:55.780 W/QueryController( 8122): Could not detect idle state.
06-24 10:16:55.785 W/QueryController( 8122): Could not detect idle state.
06-24 10:16:55.788 W/QueryController( 8122): Could not detect idle state.
06-24 10:16:55.789 W/QueryController( 8122): Could not detect idle state.
06-24 10:16:55.790 W/QueryController( 8122): Could not detect idle state.
06-24 10:16:55.793 W/QueryController( 8122): Could not detect idle state.
06-24 10:16:55.794 W/QueryController( 8122): Could not detect idle state.
06-24 10:16:55.796 W/QueryController( 8122): Could not detect idle state.
06-24 10:16:55.798 W/QueryController( 8122): Could not detect idle state.
06-24 10:16:55.799 W/QueryController( 8122): Could not detect idle state.
06-24 10:16:55.800 W/QueryController( 8122): Could not detect idle state.
06-24 10:16:55.801 W/QueryController( 8122): Could not detect idle state.
06-24 10:16:55.802 W/QueryController( 8122): Could not detect idle state.
06-24 10:16:55.803 W/QueryController( 8122): Could not detect idle state.
06-24 10:16:55.803 W/QueryController( 8122): Could not detect idle state.
06-24 10:16:55.804 W/QueryController( 8122): Could not detect idle state.
06-24 10:16:55.805 W/QueryController( 8122): Could not detect idle state.
06-24 10:16:55.815 W/NotificationHistory( 1928): Attempted to add notif for locked/gone/disabled user 0
06-24 10:16:55.819 D/InterruptionStateProvider( 2095): No bubble up: not allowed to bubble: -1|android|8|null|1000
06-24 10:16:55.819 D/InterruptionStateProvider( 2095): No heads up: unimportant notification: -1|android|8|null|1000
06-24 10:16:55.819 D/PeopleSpaceWidgetMgr( 2095): Sbn doesn't contain valid PeopleTileKey: null/-1/android
06-24 10:16:55.833 D/UIAutomatorStub( 8122): URI: /jsonrpc/0, Method: POST, params, {NanoHttpd.QUERY_STRING=null}, files: {postData={"jsonrpc": "2.0", "id": 1, "method": "click", "params": [1057.0, 559.0]}}
06-24 10:16:55.874 D/InterruptionStateProvider( 2095): No bubble up: not allowed to bubble: -1|android|8|null|1000
06-24 10:16:55.875 D/InterruptionStateProvider( 2095): No heads up: unimportant notification: -1|android|8|null|1000
06-24 10:16:55.879 D/PeopleSpaceWidgetMgr( 2095): Sbn doesn't contain valid PeopleTileKey: null/-1/android
06-24 10:16:55.883 D/InterruptionStateProvider( 2095): No bubble up: not allowed to bubble: -1|android|8|null|1000
06-24 10:16:55.883 D/InterruptionStateProvider( 2095): No heads up: unimportant notification: -1|android|8|null|1000
06-24 10:16:55.886 D/PeopleSpaceWidgetMgr( 2095): Sbn doesn't contain valid PeopleTileKey: null/-1/android
06-24 10:16:55.949 I/AdbKeyboard( 2581): imeAction: 5 Next
06-24 10:16:55.950 D/InputMethodManager( 8176): showSoftInput() view=tech.gtt.frontapp.stb.c.ui.edittext.NormalFocusEditText{b3ed5c6 VFED..CL. .F.P..ID 0,0-700,92 #7f0b0172 app:id/et_pwd aid=1073741826} flags=0 reason=SHOW_SOFT_INPUT
06-24 10:16:55.950 V/InputMethodService( 2581): onEvaluateInputViewShown: config.hardKeyboardHidden = 2
06-24 10:16:55.950 V/InputMethodService( 2581): onEvaluateInputViewShown: config.hardKeyboardHidden = 2
06-24 10:16:55.951 V/InputMethodService( 2581): onEvaluateInputViewShown: config.hardKeyboardHidden = 2
06-24 10:16:55.951 V/InputMethodService( 2581): onEvaluateInputViewShown: config.hardKeyboardHidden = 2
06-24 10:16:55.964 D/InsetsController( 8176): show(ime(), fromIme=true)
06-24 10:16:55.965 D/InsetsController( 8176): show(ime(), fromIme=true)
06-24 10:16:55.978 D/UIAutomatorStub( 8122): URI: /jsonrpc/0, Method: POST, params, {NanoHttpd.QUERY_STRING=null}, files: {postData={"jsonrpc": "2.0", "id": 1, "method": "waitForExists", "params": [{"mask": 2097152, "childOrSibling": [], "childOrSiblingSelector": [], "resourceId": "tech.gtt.frontapp.stb.demo:id/et_pwd"}, 20000]}}
06-24 10:16:55.979 D/UiDevice( 8122): Waiting 20000ms for SearchCondition[hasObject=BySelector [RES='\Qtech.gtt.frontapp.stb.demo:id/et_pwd\E']].
06-24 10:16:55.980 D/UiDevice( 8122): Searching for node with selector: BySelector [RES='\Qtech.gtt.frontapp.stb.demo:id/et_pwd\E'].
06-24 10:16:55.980 W/QueryController( 8122): Could not detect idle state.
06-24 10:16:56.013 D/UIAutomatorStub( 8122): URI: /jsonrpc/0, Method: POST, params, {NanoHttpd.QUERY_STRING=null}, files: {postData={"jsonrpc": "2.0", "id": 1, "method": "setText", "params": [{"mask": 2097152, "childOrSibling": [], "childOrSiblingSelector": [], "resourceId": "tech.gtt.frontapp.stb.demo:id/et_pwd"}, "123456"]}}
06-24 10:16:56.014 D/UiDevice( 8122): Retrieving node with selector: BySelector [RES='\Qtech.gtt.frontapp.stb.demo:id/et_pwd\E'].
06-24 10:16:56.014 W/QueryController( 8122): Could not detect idle state.
06-24 10:16:56.017 W/QueryController( 8122): Could not detect idle state.
06-24 10:16:56.019 D/UiObject2( 8122): Clicking on (1057, 559).
06-24 10:16:56.033 D/InputMethodManager( 8176): showSoftInput() view=tech.gtt.frontapp.stb.c.ui.edittext.NormalFocusEditText{b3ed5c6 VFED..CL. .F.P.... 0,0-700,92 #7f0b0172 app:id/et_pwd aid=1073741826} flags=0 reason=SHOW_SOFT_INPUT
06-24 10:16:56.034 V/InputMethodService( 2581): onEvaluateInputViewShown: config.hardKeyboardHidden = 2
06-24 10:16:56.034 V/InputMethodService( 2581): onEvaluateInputViewShown: config.hardKeyboardHidden = 2
06-24 10:16:56.035 D/InsetsController( 8176): show(ime(), fromIme=true)
06-24 10:16:56.048 D/UiDevice( 8122): Retrieving node with selector: BySelector [RES='\Qtech.gtt.frontapp.stb.demo:id/et_pwd\E'].
06-24 10:16:56.048 W/QueryController( 8122): Could not detect idle state.
06-24 10:16:56.058 W/QueryController( 8122): Could not detect idle state.
06-24 10:16:56.061 D/UiObject2( 8122): Setting text to '123456'.
06-24 10:16:56.065 I/AdbKeyboard( 2581): imeAction: 5 Next
06-24 10:16:56.066 V/InputMethodService( 2581): onEvaluateInputViewShown: config.hardKeyboardHidden = 2
06-24 10:16:56.066 V/InputMethodService( 2581): onEvaluateInputViewShown: config.hardKeyboardHidden = 2
06-24 10:16:56.074 D/UIAutomatorStub( 8122): URI: /jsonrpc/0, Method: POST, params, {NanoHttpd.QUERY_STRING=null}, files: {postData={"jsonrpc": "2.0", "id": 1, "method": "waitForExists", "params": [{"mask": 2097152, "childOrSibling": [], "childOrSiblingSelector": [], "resourceId": "tech.gtt.frontapp.stb.demo:id/remember_pwd_cb"}, 20000]}}
06-24 10:16:56.075 D/UiDevice( 8122): Waiting 20000ms for SearchCondition[hasObject=BySelector [RES='\Qtech.gtt.frontapp.stb.demo:id/remember_pwd_cb\E']].
06-24 10:16:56.076 D/UiDevice( 8122): Searching for node with selector: BySelector [RES='\Qtech.gtt.frontapp.stb.demo:id/remember_pwd_cb\E'].
06-24 10:16:56.077 W/QueryController( 8122): Could not detect idle state.
06-24 10:16:56.078 D/InsetsController( 8176): show(ime(), fromIme=true)
06-24 10:16:56.096 D/UIAutomatorStub( 8122): URI: /jsonrpc/0, Method: POST, params, {NanoHttpd.QUERY_STRING=null}, files: {postData={"jsonrpc": "2.0", "id": 1, "method": "objInfo", "params": [{"mask": 2097152, "childOrSibling": [], "childOrSiblingSelector": [], "resourceId": "tech.gtt.frontapp.stb.demo:id/remember_pwd_cb"}]}}
06-24 10:16:56.097 D/UiDevice( 8122): Retrieving node with selector: BySelector [RES='\Qtech.gtt.frontapp.stb.demo:id/remember_pwd_cb\E'].
06-24 10:16:56.098 W/QueryController( 8122): Could not detect idle state.
06-24 10:16:56.101 W/QueryController( 8122): Could not detect idle state.
06-24 10:16:56.102 W/QueryController( 8122): Could not detect idle state.
06-24 10:16:56.103 W/QueryController( 8122): Could not detect idle state.
06-24 10:16:56.103 W/QueryController( 8122): Could not detect idle state.
06-24 10:16:56.104 W/QueryController( 8122): Could not detect idle state.
06-24 10:16:56.105 W/QueryController( 8122): Could not detect idle state.
06-24 10:16:56.106 W/QueryController( 8122): Could not detect idle state.
06-24 10:16:56.106 W/QueryController( 8122): Could not detect idle state.
06-24 10:16:56.107 W/QueryController( 8122): Could not detect idle state.
06-24 10:16:56.108 W/QueryController( 8122): Could not detect idle state.
06-24 10:16:56.110 W/QueryController( 8122): Could not detect idle state.
06-24 10:16:56.111 W/QueryController( 8122): Could not detect idle state.
06-24 10:16:56.111 W/QueryController( 8122): Could not detect idle state.
06-24 10:16:56.112 W/QueryController( 8122): Could not detect idle state.
06-24 10:16:56.113 W/QueryController( 8122): Could not detect idle state.
06-24 10:16:56.114 W/QueryController( 8122): Could not detect idle state.
06-24 10:16:56.114 W/QueryController( 8122): Could not detect idle state.
06-24 10:16:56.124 D/UIAutomatorStub( 8122): URI: /jsonrpc/0, Method: POST, params, {NanoHttpd.QUERY_STRING=null}, files: {postData={"jsonrpc": "2.0", "id": 1, "method": "click", "params": [729.0, 656.0]}}
06-24 10:16:56.160 D/InterruptionStateProvider( 2095): No bubble up: not allowed to bubble: -1|android|8|null|1000
06-24 10:16:56.161 D/InterruptionStateProvider( 2095): No heads up: unimportant notification: -1|android|8|null|1000
06-24 10:16:56.164 D/PeopleSpaceWidgetMgr( 2095): Sbn doesn't contain valid PeopleTileKey: null/-1/android
06-24 10:16:56.166 E/libEGL  ( 8176): called unimplemented OpenGL ES API
06-24 10:16:56.177 D/InterruptionStateProvider( 2095): No bubble up: not allowed to bubble: -1|android|8|null|1000
06-24 10:16:56.178 D/InterruptionStateProvider( 2095): No heads up: unimportant notification: -1|android|8|null|1000
06-24 10:16:56.182 D/PeopleSpaceWidgetMgr( 2095): Sbn doesn't contain valid PeopleTileKey: null/-1/android
06-24 10:16:56.248 D/InterruptionStateProvider( 2095): No bubble up: not allowed to bubble: -1|android|8|null|1000
06-24 10:16:56.249 D/InterruptionStateProvider( 2095): No heads up: unimportant notification: -1|android|8|null|1000
06-24 10:16:56.264 D/PeopleSpaceWidgetMgr( 2095): Sbn doesn't contain valid PeopleTileKey: null/-1/android
06-24 10:16:56.278 D/InterruptionStateProvider( 2095): No bubble up: not allowed to bubble: -1|android|8|null|1000
06-24 10:16:56.279 D/InterruptionStateProvider( 2095): No heads up: unimportant notification: -1|android|8|null|1000
06-24 10:16:56.283 D/PeopleSpaceWidgetMgr( 2095): Sbn doesn't contain valid PeopleTileKey: null/-1/android
06-24 10:16:56.288 D/ProcessState( 8613): Binder ioctl to enable oneway spam detection failed: Invalid argument
06-24 10:16:56.335 D/ProcessState( 8616): Binder ioctl to enable oneway spam detection failed: Invalid argument
06-24 10:16:56.372 D/UIAutomatorStub( 8122): URI: /jsonrpc/0, Method: POST, params, {NanoHttpd.QUERY_STRING=null}, files: {postData={"jsonrpc": "2.0", "id": 1, "method": "click", "params": [1105, 764]}}
06-24 10:16:56.503 V/GSK-Account:AccountManager( 8176): disableSavePwd=false
06-24 10:16:56.504 V/GSK-Account:EmailOrPhoneLoginStrategy( 8176): disableSavePwd=false
06-24 10:16:56.514 E/ActivityThread( 8176): Failed to find provider info for com.uv.droid.uotaback.storage.provider
06-24 10:16:56.515 E/ActivityThread( 8176): Failed to find provider info for com.uv.droid.booster.vod.provider
06-24 10:16:56.515 E/ontapp.stb.dem( 8176): No implementation found for java.lang.String os.SystemPropertiesKt.native_get(java.lang.String) (tried Java_os_SystemPropertiesKt_native_1get and Java_os_SystemPropertiesKt_native_1get__Ljava_lang_String_2)
06-24 10:16:56.515 V/GSK-Account:AccountManager( 8176): isLoggedIn=false
06-24 10:16:56.516 V/GSK-APIS( 8176): =======================NEW REQUEST=========================
06-24 10:16:56.516 V/GSK-APIS( 8176): Request:	/api/enduser/account/user/login/v1	POST
06-24 10:16:56.516 V/GSK-APIS( 8176): RequestIdentify:	a7d797b3
06-24 10:16:56.516 V/GSK-APIS( 8176): 
06-24 10:16:56.516 V/GSK-APIS( 8176): RequestHeaders in a readable format:
06-24 10:16:56.516 V/GSK-APIS( 8176): X-App-Id: db589110cb7457cd607739664dc44e61c217d77681427dacfe2f262f1927cd8f
06-24 10:16:56.516 V/GSK-APIS( 8176): X-Source-Id: 30006401-31002837
06-24 10:16:56.516 V/GSK-APIS( 8176): X-Version-Code: 7
06-24 10:16:56.516 V/GSK-APIS( 8176): X-Brand-Id: 66d009603c38ec6574e5b77ce48fb7070a3f7ed622c465b05fc56110bd72fc65
06-24 10:16:56.516 V/GSK-APIS( 8176): X-Version-Seq: 1
06-24 10:16:56.516 V/GSK-APIS( 8176): X-App-Type-Text: STB
06-24 10:16:56.516 V/GSK-APIS( 8176): Accept-Language: en
06-24 10:16:56.516 V/GSK-APIS( 8176): 
06-24 10:16:56.516 V/GSK-APIS( 8176): 
06-24 10:16:56.516 V/GSK-APIS( 8176): RequestParams in Json Format:
06-24 10:16:56.516 V/GSK-APIS( 8176): {"loginSource":"TERMINAL","loginInfo":{"accountName":"0609@ipwangxin.cn","password":"e10adc3949ba59abbe56e057f20f883e","loginMethod":"EMAIL","loginToken":null,"serviceToken":null,"activeCode":null,"authenticationKey":null,"userRandomValue":null,"identityToken":null},"sourceId":"30006401-31002837","requestId":"f4532d15-4132-44c9-bc96-4cf936937340","brandId":"d0k7d3p3kdikth2o3q6g","appId":"d0jucrbq6bt4h33c0ma0","appTypeText":"STB","lang":"en","appVersionCode":7,"uuid":"96f3e84f-e370-4f24-912b-536dc2ed38eb","mac":"96f3e84f-e370-4f24-912b-536dc2ed38eb","appVersionSeq":"1","deviceInfo":{"hasMobileData":"false","versionRelease":"12","vendorId":"","ramSize":"4033400","AndroidID":"4788e19cc08204c8","type":"user","cpuInfo":"cHJvY2Vzc29yCTogMAp2ZW5kb3JfaWQJOiBHZW51aW5lSW50ZWwKY3B1IGZhbWlseQk6IDYKbW9kZWwJCTogMTU4Cm1vZGVsIG5hbWUJOiBJbnRlbChSKSBDb3JlKFRNKSBpNy05NzAwIENQVSBAIDMuMDBHSHoKc3RlcHBpbmcJOiAxMwpjcHUgTUh6CQk6IDAuMDAxCmNhY2hlIHNpemUJOiAxMjI4OCBLQgpwaHlzaWNhbCBpZAk6IDAKc2libGluZ3MJOiA0CmNvcmUgaWQJCTogMApjcHUgY29yZXMJOiA0CmFwaWNpZAkJOiAwCmluaXRpYWwgYXBpY2lkCTogMApmcHUJCTogeWVzCmZwdV9leGNlcHRpb24JOiB5ZXMKY3B1aWQgbGV2ZWwJOiAyMgp3cAkJOiB5ZXMKZmxhZ3MJCTogZnB1IHZtZSBkZSBwc2UgdHNjIG1zciBwYWUgbWNlIGN4OCBhcGljIHNlcCBtdHJyIHBnZSBtY2EgY21vdiBwYXQgcHNlMzYgY2xmbHVzaCBtbXggZnhzciBzc2Ugc3NlMiBodCBzeXNjYWxsIG54IHJkdHNjcCBsbSBjb25zdGFudF90c2MgcmVwX2dvb2Qgbm9wbCB4dG9wb2xvZ3kgbm9uc3RvcF90c2MgY3B1aWQgdHNjX2tub3duX2ZyZXEgcG5pIHBjbG11bHFkcSBzc3NlMyBjeDE2IHBjaWQgc3NlNF8xIHNzZTRfMiBtb3ZiZSBwb3BjbnQgYWVzIHhzYXZlIGF2eCByZHJhbmQgaHlwZXJ2aXNvciBsYWhmX2xtIGFibSAzZG5vd3ByZWZldGNoIGludnBjaWRfc2luZ2xlIGlicnNfZW5oYW5jZWQgZnNnc2Jhc2UgYXZ4MiBpbnZwY2lkIHJkc2VlZCBjbGZsdXNob3B0IG1kX2NsZWFyIGZsdXNoX2wxZCBhcmNoX2NhcGFiaWxpdGllcwpidWdzCQk6IHNwZWN0cmVfdjEgc3BlY3RyZV92MiBzcGVjX3N0b3JlX2J5cGFzcyBzd2FwZ3MgaXRsYl9tdWx0aWhpdApib2dvbWlwcwk6IDU5OTkuOTkKY2xmbHVzaCBzaXplCTogNjQKY2FjaGVfYWxpZ25tZW50CTogNjQKYWRkcmVzcyBzaXplcwk6IDM5IGJpdHMgcGh5c2ljYWwsIDQ4IGJpdHMgdmlydHVhbApwb3dlciBtYW5hZ2VtZW50OgoKcHJvY2Vzc29yCTogMQp2ZW5kb3JfaWQJOiBHZW51aW5lSW50ZWwKY3B1IGZhbWlseQk6IDYKbW9kZWwJCTogMTU4Cm1vZGVsIG5hbWUJOiBJbnRlbChSKSBDb3JlKFRNKSBpNy05NzAwIENQVSBAIDMuMDBHSHoKc3RlcHBpbmcJOiAxMwpjcHUgTUh6CQk6IDAuMDAxCmNhY2hlIHNpemUJOiAxMjI4OCBLQgpwaHlzaWNhbCBpZAk6IDAKc2libGluZ3MJOiA0CmNvcmUgaWQJCTogMQpjcHUgY29yZXMJOiA0CmFwaWNpZAkJOiAxCmluaXRpYWwgYXBpY2lkCTogMQpmcHUJCTogeWVzCmZwdV9leGNlcHRpb24JOiB5ZXMKY3B1aWQgbGV2ZWwJOiAyMgp3cAkJOiB5ZXMKZmxhZ3MJCTogZnB1IHZtZSBkZSBwc2UgdHNjIG1zciBwYWUgbWNlIGN4OCBhcGljIHNlcCBtdHJyIHBnZSBtY2EgY21vdiBwYXQgcHNlMzYgY2xmbHVzaCBtbXggZnhzciBzc2Ugc3NlMiBodCBzeXNjYWxsIG54IHJkdHNjcCBsbSBjb25zdGFudF90c2MgcmVwX2dvb2Qgbm9wbCB4dG9wb2xvZ3kgbm9uc3RvcF90c2MgY3B1aWQgdHNjX2tub3duX2ZyZXEgcG5pIHBjbG11bHFkcSBzc3NlMyBjeDE2IHBjaWQgc3NlNF8xIHNzZTRfMiBtb3ZiZSBwb3BjbnQgYWVzIHhzYXZlIGF2eCByZHJhbmQgaHlwZXJ2aXNvciBsYWhmX2xtIGFibSAzZG5vd3ByZWZldGNoIGludnBjaWRfc2luZ2xlIGlicnNfZW5oYW5jZWQgZnNnc2Jhc2UgYXZ4MiBpbnZwY2lkIHJkc2VlZCBjbGZsdXNob3B0IG1kX2NsZWFyIGZsdXNoX2wxZCBhcmNoX2NhcGFiaWxpdGllcwpidWdzCQk6IHNwZWN0cmVfdjEgc3BlY3RyZV92MiBzcGVjX3N0b3JlX2J5cGFzcyBzd2FwZ3MgaXRsYl9tdWx0aWhpdApib2dvbWlwcwk6IDU5OTkuOTkKY2xmbHVzaCBzaXplCTogNjQKY2FjaGVfYWxpZ25tZW50CTogNjQKYWRkcmVzcyBzaXplcwk6IDM5IGJpdHMgcGh5c2ljYWwsIDQ4IGJpdHMgdmlydHVhbApwb3dlciBtYW5hZ2VtZW50OgoKcHJvY2Vzc29yCTogMgp2ZW5kb3JfaWQJOiBHZW51aW5lSW50ZWwKY3B1IGZhbWlseQk6IDYKbW9kZWwJCTogMTU4Cm1vZGVsIG5hbWUJOiBJbnRlbChSKSBDb3JlKFRNKSBpNy05NzAwIENQVSBAIDMuMDBHSHoKc3RlcHBpbmcJOiAxMwpjcHUgTUh6CQk6IDAuMDAyCmNhY2hlIHNpemUJOiAxMjI4OCBLQgpwaHlzaWNhbCBpZAk6IDAKc2libGluZ3MJOiA0CmNvcmUgaWQJCTogMgpjcHUgY29yZXMJOiA0CmFwaWNpZAkJOiAyCmluaXRpYWwgYXBpY2lkCTogMgpmcHUJCTogeWVzCmZwdV9leGNlcHRpb24JOiB5ZXMKY3B1aWQgbGV2ZWwJOiAyMgp3cAkJOiB5ZXMKZmxhZ3MJCTogZnB1IHZtZSBkZSBwc2UgdHNjIG1zciBwYWUgbWNlIGN4OCBhcGljIHNlcCBtdHJyIHBnZSBtY2EgY21vdiBwYXQgcHNlMzYgY2xmbHVzaCBtbXggZnhzciBzc2Ugc3NlMiBodCBzeXNjYWxsIG54IHJkdHNjcCBsbSBjb25zdGFudF90c2MgcmVwX2dvb2Qgbm9wbCB4dG9wb2xvZ3kgbm9uc3RvcF90c2MgY3B1aWQgdHNjX2tub3duX2ZyZXEgcG5pIHBjbG11bHFkcSBzc3NlMyBjeDE2IHBjaWQgc3NlNF8xIHNzZTRfMiBtb3ZiZSBwb3BjbnQgYWVzIHhzYXZlIGF2eCByZHJhbmQgaHlwZXJ2a
