06-17 19:42:03.319 E/OMXNodeInstance( 1812): getConfig(0xe6d40390:google.aac.decoder, ConfigAndroidVendorExtension(0x6f100004)) ERROR: Undefined(0x80001001)
06-17 19:42:03.319 D/SoftAAC2( 1812): get OMX_IndexParamAudioAndroidAacDrcPresentation
06-17 19:42:03.319 D/SurfaceUtils( 1809): connecting to surface 0xf0803278, reason connectToSurface
06-17 19:42:03.319 I/MediaCodec( 1809): [OMX.google.h264.decoder] setting surface generation to 1852425
06-17 19:42:03.319 D/SurfaceUtils( 1809): disconnecting from surface 0xf0803278, reason connectToSurface(reconnect)
06-17 19:42:03.320 I/MediaCodec( 1809): MediaCodec will operate in async mode
06-17 19:42:03.320 D/SurfaceUtils( 1809): connecting to surface 0xf0803278, reason connectToSurface(reconnect)
06-17 19:42:03.320 D/MediaCodec( 1809): keep callback message for reclaim
06-17 19:42:03.321 E/OMXNodeInstance( 1812): getExtensionIndex(0xe6d40da0:google.h264.decoder, OMX.google.android.index.enableAndroidNativeBuffers) ERROR: UnsupportedIndex(0x8000101a)
06-17 19:42:03.321 E/ACodec  ( 1809): [OMX.google.h264.decoder] setPortMode on output to DynamicANWBuffer failed w/ err -1010
06-17 19:42:03.321 E/OMXNodeInstance( 1812): getParameter(0xe6d40da0:google.h264.decoder, ??(0x6f600011)) ERROR: UnsupportedIndex(0x8000101a)
06-17 19:42:03.321 W/OMXNodeInstance( 1812): [0xe6d40da0:google.h264.decoder] component does not support metadata mode; using fallback
06-17 19:42:03.321 D/SoftVideoDecoderOMXComponent( 1812): Color Aspects preference: 1 
06-17 19:42:03.321 E/OMXNodeInstance( 1812): setConfig(0xe6d40da0:google.h264.decoder, ConfigPriority(0x6f800002)) ERROR: UnsupportedIndex(0x8000101a)
06-17 19:42:03.321 I/ACodec  ( 1809): codec does not support config priority (err -1010)
06-17 19:42:03.321 E/OMXNodeInstance( 1812): setConfig(0xe6d40da0:google.h264.decoder, ConfigOperatingRate(0x6f800003)) ERROR: UnsupportedIndex(0x8000101a)
06-17 19:42:03.321 I/ACodec  ( 1809): codec does not support config operating rate (err -1010)
06-17 19:42:03.321 E/OMXNodeInstance( 1812): getConfig(0xe6d40da0:google.h264.decoder, ConfigAndroidVendorExtension(0x6f100004)) ERROR: UnsupportedIndex(0x8000101a)
06-17 19:42:03.321 E/OMXNodeInstance( 1812): getConfig(0xe6d40da0:google.h264.decoder, ??(0x7f000003)) ERROR: UnsupportedSetting(0x80001019)
06-17 19:42:03.321 I/MediaCodec( 1809): MediaCodec will operate in async mode
06-17 19:42:03.322 D/MediaCodec( 1809): keep callback message for reclaim
06-17 19:42:03.325 W/ResourceManagerService( 1809): Ignoring request to add new resource entry with value <= 0
06-17 19:42:03.327 D/SoftVideoDecoderOMXComponent( 1812): Color Aspects preference: 1 
06-17 19:42:03.334 I/SoftAAC2( 1812): Reconfiguring decoder: 0->44100 Hz, 0->1 channels
06-17 19:42:03.336 D/SoftAAC2( 1812): get OMX_IndexParamAudioAndroidAacDrcPresentation
06-17 19:42:03.342 D/AudioFlinger( 1776): Client defaulted notificationFrames to 11286 for frameCount 22572
06-17 19:42:03.343 D/AF::TrackHandle( 1776): OpPlayAudio: track:65 usage:1 not muted
06-17 19:42:03.409 E/OMXNodeInstance( 1812): getConfig(0xe6d40da0:google.h264.decoder, ??(0x7f000003)) ERROR: UnsupportedSetting(0x80001019)
06-17 19:42:03.419 D/MediaCodec( 1809): [OMX.google.h264.decoder] setting dataspace on output surface to #102
06-17 19:42:03.422 W/MediaPlayerNative( 9732): info/warning (3, 0)
06-17 19:42:03.425 D/gralloc_nox( 1767): gralloc_alloc: Creating ashmem region of size 589824
06-17 19:42:03.437 D/SoftwareRenderer( 1809): setting dataspace on output surface to #8000102
06-17 19:42:03.466 W/InputManager-JNI( 1936): Input channel object 'cce5422 tech.gtt.frontapp.stb.demo/tech.gtt.frontapp.stb.m.home.activity.SplashActivity (client)' was disposed without first being removed with the input manager!
06-17 19:42:03.486 D/AudioFlinger( 1776): mixer(0x7e14b2cf8a60) throttle end: throttle time(41)
06-17 19:42:03.509 D/UIAutomatorStub( 9786): URI: /jsonrpc/0, Method: POST, params, {NanoHttpd.QUERY_STRING=null}, files: {postData={"jsonrpc": "2.0", "id": 1, "method": "waitForExists", "params": [{"mask": 2097152, "childOrSibling": [], "childOrSiblingSelector": [], "resourceId": "tech.gtt.frontapp.stb.demo:id/account_login_tv2"}, 20000]}}
06-17 19:42:03.510 D/UiDevice( 9786): Waiting 20000ms for SearchCondition[hasObject=BySelector [RES='\Qtech.gtt.frontapp.stb.demo:id/account_login_tv2\E']].
06-17 19:42:03.510 D/UiDevice( 9786): Searching for node with selector: BySelector [RES='\Qtech.gtt.frontapp.stb.demo:id/account_login_tv2\E'].
06-17 19:42:03.510 W/QueryController( 9786): Could not detect idle state.
06-17 19:42:03.619 D/UiDevice( 9786): Searching for node with selector: BySelector [RES='\Qtech.gtt.frontapp.stb.demo:id/account_login_tv2\E'].
06-17 19:42:03.619 W/QueryController( 9786): Could not detect idle state.
06-17 19:42:03.646 V/GSK-APIS( 9732): received response >>> id: 5809cf77 url: https://gtt-app-apigateway-lion.vdemosit.com/api/enduser/messagecenter/message/query/v1 statusCode: 400, exception: null
06-17 19:42:03.646 I/System.out( 9732): [SDKInterceptorPlugin] Unhandled exception in request processing: Something went wrong while connecting to the server, statusCode: 400
06-17 19:42:03.691 D/gralloc_nox( 1767): gralloc_alloc: Creating ashmem region of size 589824
06-17 19:42:03.696 D/gralloc_nox( 1767): gralloc_alloc: Creating ashmem region of size 589824
06-17 19:42:03.723 D/UiDevice( 9786): Searching for node with selector: BySelector [RES='\Qtech.gtt.frontapp.stb.demo:id/account_login_tv2\E'].
06-17 19:42:03.724 W/QueryController( 9786): Could not detect idle state.
06-17 19:42:03.829 D/UiDevice( 9786): Searching for node with selector: BySelector [RES='\Qtech.gtt.frontapp.stb.demo:id/account_login_tv2\E'].
06-17 19:42:03.830 W/QueryController( 9786): Could not detect idle state.
06-17 19:42:03.934 D/UiDevice( 9786): Searching for node with selector: BySelector [RES='\Qtech.gtt.frontapp.stb.demo:id/account_login_tv2\E'].
06-17 19:42:03.934 W/QueryController( 9786): Could not detect idle state.
06-17 19:42:04.038 D/UiDevice( 9786): Searching for node with selector: BySelector [RES='\Qtech.gtt.frontapp.stb.demo:id/account_login_tv2\E'].
06-17 19:42:04.038 W/QueryController( 9786): Could not detect idle state.
06-17 19:42:04.142 D/UiDevice( 9786): Searching for node with selector: BySelector [RES='\Qtech.gtt.frontapp.stb.demo:id/account_login_tv2\E'].
06-17 19:42:04.143 W/QueryController( 9786): Could not detect idle state.
06-17 19:42:04.248 D/UiDevice( 9786): Searching for node with selector: BySelector [RES='\Qtech.gtt.frontapp.stb.demo:id/account_login_tv2\E'].
06-17 19:42:04.249 W/QueryController( 9786): Could not detect idle state.
06-17 19:42:04.354 D/UiDevice( 9786): Searching for node with selector: BySelector [RES='\Qtech.gtt.frontapp.stb.demo:id/account_login_tv2\E'].
06-17 19:42:04.354 W/QueryController( 9786): Could not detect idle state.
06-17 19:42:04.460 D/UiDevice( 9786): Searching for node with selector: BySelector [RES='\Qtech.gtt.frontapp.stb.demo:id/account_login_tv2\E'].
06-17 19:42:04.461 W/QueryController( 9786): Could not detect idle state.
06-17 19:42:04.575 D/UiDevice( 9786): Searching for node with selector: BySelector [RES='\Qtech.gtt.frontapp.stb.demo:id/account_login_tv2\E'].
06-17 19:42:04.575 W/QueryController( 9786): Could not detect idle state.
06-17 19:42:04.683 D/UiDevice( 9786): Searching for node with selector: BySelector [RES='\Qtech.gtt.frontapp.stb.demo:id/account_login_tv2\E'].
06-17 19:42:04.684 W/QueryController( 9786): Could not detect idle state.
06-17 19:42:04.788 D/UiDevice( 9786): Searching for node with selector: BySelector [RES='\Qtech.gtt.frontapp.stb.demo:id/account_login_tv2\E'].
06-17 19:42:04.788 W/QueryController( 9786): Could not detect idle state.
06-17 19:42:04.892 D/UiDevice( 9786): Searching for node with selector: BySelector [RES='\Qtech.gtt.frontapp.stb.demo:id/account_login_tv2\E'].
06-17 19:42:04.893 W/QueryController( 9786): Could not detect idle state.
06-17 19:42:04.998 D/UiDevice( 9786): Searching for node with selector: BySelector [RES='\Qtech.gtt.frontapp.stb.demo:id/account_login_tv2\E'].
06-17 19:42:04.998 W/QueryController( 9786): Could not detect idle state.
06-17 19:42:05.102 D/UiDevice( 9786): Searching for node with selector: BySelector [RES='\Qtech.gtt.frontapp.stb.demo:id/account_login_tv2\E'].
06-17 19:42:05.102 W/QueryController( 9786): Could not detect idle state.
06-17 19:42:05.207 D/UiDevice( 9786): Searching for node with selector: BySelector [RES='\Qtech.gtt.frontapp.stb.demo:id/account_login_tv2\E'].
06-17 19:42:05.208 W/QueryController( 9786): Could not detect idle state.
06-17 19:42:05.322 D/UiDevice( 9786): Searching for node with selector: BySelector [RES='\Qtech.gtt.frontapp.stb.demo:id/account_login_tv2\E'].
06-17 19:42:05.323 W/QueryController( 9786): Could not detect idle state.
06-17 19:42:05.429 D/UiDevice( 9786): Searching for node with selector: BySelector [RES='\Qtech.gtt.frontapp.stb.demo:id/account_login_tv2\E'].
06-17 19:42:05.430 W/QueryController( 9786): Could not detect idle state.
06-17 19:42:05.534 D/UiDevice( 9786): Searching for node with selector: BySelector [RES='\Qtech.gtt.frontapp.stb.demo:id/account_login_tv2\E'].
06-17 19:42:05.535 W/QueryController( 9786): Could not detect idle state.
06-17 19:42:05.638 D/UiDevice( 9786): Searching for node with selector: BySelector [RES='\Qtech.gtt.frontapp.stb.demo:id/account_login_tv2\E'].
06-17 19:42:05.638 W/QueryController( 9786): Could not detect idle state.
06-17 19:42:05.742 D/UiDevice( 9786): Searching for node with selector: BySelector [RES='\Qtech.gtt.frontapp.stb.demo:id/account_login_tv2\E'].
06-17 19:42:05.744 W/QueryController( 9786): Could not detect idle state.
06-17 19:42:05.863 D/UiDevice( 9786): Searching for node with selector: BySelector [RES='\Qtech.gtt.frontapp.stb.demo:id/account_login_tv2\E'].
06-17 19:42:05.863 W/QueryController( 9786): Could not detect idle state.
06-17 19:42:05.970 D/UiDevice( 9786): Searching for node with selector: BySelector [RES='\Qtech.gtt.frontapp.stb.demo:id/account_login_tv2\E'].
06-17 19:42:05.970 W/QueryController( 9786): Could not detect idle state.
06-17 19:42:06.074 D/UiDevice( 9786): Searching for node with selector: BySelector [RES='\Qtech.gtt.frontapp.stb.demo:id/account_login_tv2\E'].
06-17 19:42:06.074 W/QueryController( 9786): Could not detect idle state.
06-17 19:42:06.179 D/UiDevice( 9786): Searching for node with selector: BySelector [RES='\Qtech.gtt.frontapp.stb.demo:id/account_login_tv2\E'].
06-17 19:42:06.179 W/QueryController( 9786): Could not detect idle state.
06-17 19:42:06.282 D/UiDevice( 9786): Searching for node with selector: BySelector [RES='\Qtech.gtt.frontapp.stb.demo:id/account_login_tv2\E'].
06-17 19:42:06.283 W/QueryController( 9786): Could not detect idle state.
06-17 19:42:06.386 D/UiDevice( 9786): Searching for node with selector: BySelector [RES='\Qtech.gtt.frontapp.stb.demo:id/account_login_tv2\E'].
06-17 19:42:06.386 W/QueryController( 9786): Could not detect idle state.
06-17 19:42:06.475 E/TaskPersister( 1936): File error accessing recents directory (directory doesn't exist?).
06-17 19:42:06.490 D/UiDevice( 9786): Searching for node with selector: BySelector [RES='\Qtech.gtt.frontapp.stb.demo:id/account_login_tv2\E'].
06-17 19:42:06.490 W/QueryController( 9786): Could not detect idle state.
06-17 19:42:06.595 D/UiDevice( 9786): Searching for node with selector: BySelector [RES='\Qtech.gtt.frontapp.stb.demo:id/account_login_tv2\E'].
06-17 19:42:06.598 W/QueryController( 9786): Could not detect idle state.
06-17 19:42:06.704 D/UiDevice( 9786): Searching for node with selector: BySelector [RES='\Qtech.gtt.frontapp.stb.demo:id/account_login_tv2\E'].
06-17 19:42:06.705 W/QueryController( 9786): Could not detect idle state.
06-17 19:42:06.758 I/keystore2( 1710): keystore2::watchdog: Watchdog thread idle -> terminating. Have a great day.
06-17 19:42:06.808 D/UiDevice( 9786): Searching for node with selector: BySelector [RES='\Qtech.gtt.frontapp.stb.demo:id/account_login_tv2\E'].
06-17 19:42:06.808 W/QueryController( 9786): Could not detect idle state.
06-17 19:42:06.916 D/UiDevice( 9786): Searching for node with selector: BySelector [RES='\Qtech.gtt.frontapp.stb.demo:id/account_login_tv2\E'].
06-17 19:42:06.918 W/QueryController( 9786): Could not detect idle state.
06-17 19:42:07.028 D/UiDevice( 9786): Searching for node with selector: BySelector [RES='\Qtech.gtt.frontapp.stb.demo:id/account_login_tv2\E'].
06-17 19:42:07.029 W/QueryController( 9786): Could not detect idle state.
06-17 19:42:07.131 D/UiDevice( 9786): Searching for node with selector: BySelector [RES='\Qtech.gtt.frontapp.stb.demo:id/account_login_tv2\E'].
06-17 19:42:07.132 W/QueryController( 9786): Could not detect idle state.
06-17 19:42:07.238 D/UiDevice( 9786): Searching for node with selector: BySelector [RES='\Qtech.gtt.frontapp.stb.demo:id/account_login_tv2\E'].
06-17 19:42:07.238 W/QueryController( 9786): Could not detect idle state.
06-17 19:42:07.341 D/UiDevice( 9786): Searching for node with selector: BySelector [RES='\Qtech.gtt.frontapp.stb.demo:id/account_login_tv2\E'].
06-17 19:42:07.341 W/QueryController( 9786): Could not detect idle state.
06-17 19:42:07.448 D/UiDevice( 9786): Searching for node with selector: BySelector [RES='\Qtech.gtt.frontapp.stb.demo:id/account_login_tv2\E'].
06-17 19:42:07.448 W/QueryController( 9786): Could not detect idle state.
06-17 19:42:07.551 D/UiDevice( 9786): Searching for node with selector: BySelector [RES='\Qtech.gtt.frontapp.stb.demo:id/account_login_tv2\E'].
06-17 19:42:07.551 W/QueryController( 9786): Could not detect idle state.
06-17 19:42:07.647 D/AudioTrack( 1809): stop(17): called with 200704 frames delivered
06-17 19:42:07.655 D/UiDevice( 9786): Searching for node with selector: BySelector [RES='\Qtech.gtt.frontapp.stb.demo:id/account_login_tv2\E'].
06-17 19:42:07.655 W/QueryController( 9786): Could not detect idle state.
06-17 19:42:07.758 D/UiDevice( 9786): Searching for node with selector: BySelector [RES='\Qtech.gtt.frontapp.stb.demo:id/account_login_tv2\E'].
06-17 19:42:07.758 W/QueryController( 9786): Could not detect idle state.
06-17 19:42:07.863 D/UiDevice( 9786): Searching for node with selector: BySelector [RES='\Qtech.gtt.frontapp.stb.demo:id/account_login_tv2\E'].
06-17 19:42:07.865 W/QueryController( 9786): Could not detect idle state.
06-17 19:42:07.974 D/UiDevice( 9786): Searching for node with selector: BySelector [RES='\Qtech.gtt.frontapp.stb.demo:id/account_login_tv2\E'].
06-17 19:42:07.974 W/QueryController( 9786): Could not detect idle state.
06-17 19:42:08.042 D/NuPlayerDriver( 1809): stop(0xf5c00d00)
06-17 19:42:08.043 V/MediaPlayer( 9732): resetDrmState:  mDrmInfo=null mDrmProvisioningThread=null mPrepareDrmInProgress=false mActiveDrmScheme=false
06-17 19:42:08.043 V/MediaPlayer( 9732): cleanDrmObj: mDrmObj=null mDrmSessionId=null
06-17 19:42:08.043 D/NuPlayerDriver( 1809): reset(0xf5c00d00) at state 8
06-17 19:42:08.056 D/SurfaceUtils( 1809): disconnecting from surface 0xf0803278, reason disconnectFromSurface
06-17 19:42:08.058 D/SurfaceUtils( 1809): connecting to surface 0xf0803278, reason onShutdown
06-17 19:42:08.058 D/NuPlayerDriver( 1809): notifyResetComplete(0xf5c00d00)
06-17 19:42:08.058 D/SurfaceUtils( 1809): disconnecting from surface 0xf0804ba8, reason disconnectNativeWindow
06-17 19:42:08.059 I/MediaFocusControl( 1936): abandonAudioFocus() from uid/pid 10058/9732 clientId=android.media.AudioManager@7ba221e
06-17 19:42:08.060 W/AMessage( 1809): failed to post message as target looper for handler 0 is gone.
06-17 19:42:08.060 I/ActivityTaskManager( 1936): START u0 {cmp=tech.gtt.frontapp.stb.demo/tech.gtt.frontapp.stb.m.account.activity.LoginMethodSwitchActivity (has extras)} from uid 10058
06-17 19:42:08.062 D/CompatibilityChangeReporter( 1936): Compat change id reported: 174042980; UID 10058; state: DISABLED
06-17 19:42:08.062 D/CompatibilityChangeReporter( 1936): Compat change id reported: 184838306; UID 10058; state: DISABLED
06-17 19:42:08.062 D/CompatibilityChangeReporter( 1936): Compat change id reported: 185004937; UID 10058; state: DISABLED
06-17 19:42:08.062 D/CompatibilityChangeReporter( 1936): Compat change id reported: 181136395; UID 10058; state: DISABLED
06-17 19:42:08.063 D/CompatibilityChangeReporter( 1936): Compat change id reported: 174042936; UID 10058; state: DISABLED
06-17 19:42:08.064 D/CompatibilityChangeReporter( 1936): Compat change id reported: 197654537; UID 10058; state: ENABLED
06-17 19:42:08.065 D/CompatibilityChangeReporter( 1936): Compat change id reported: 168419799; UID 10058; state: DISABLED
06-17 19:42:08.067 I/MediaFocusControl( 1936): abandonAudioFocus() from uid/pid 10058/9732 clientId=android.media.AudioManager@7ba221e
06-17 19:42:08.067 W/MediaPlayer( 9732): mediaplayer went away with unhandled events
06-17 19:42:08.070 W/MediaPlayer( 9732): mediaplayer went away with unhandled events
06-17 19:42:08.073 W/ActivityTaskManager( 1936): Tried to set launchTime (0) < mLastActivityLaunchTime (3419664)
06-17 19:42:08.078 D/UiDevice( 9786): Searching for node with selector: BySelector [RES='\Qtech.gtt.frontapp.stb.demo:id/account_login_tv2\E'].
06-17 19:42:08.079 W/QueryController( 9786): Could not detect idle state.
06-17 19:42:08.085 D/AndroidAutoSize( 9732): tech.gtt.frontapp.stb.m.account.activity.LoginMethodSwitchActivity used the global configuration.
06-17 19:42:08.085 D/AndroidAutoSize( 9732): The tech.gtt.frontapp.stb.m.account.activity.LoginMethodSwitchActivity has been adapted! 
06-17 19:42:08.085 D/AndroidAutoSize( 9732): LoginMethodSwitchActivity Info: isBaseOnWidth = true, designWidthInDp = 1920.000000, designWidthInSubunits = 1920.000000, targetDensity = 1.000000, targetScaledDensity = 1.000000, targetDensityDpi = 160, targetXdpi = 1.000000, targetScreenWidthDp = 1920, targetScreenHeightDp = 1032
06-17 19:42:08.113 D/AndroidAutoSize( 9732): tech.gtt.frontapp.stb.m.account.activity.LoginMethodSwitchActivity used the global configuration.
06-17 19:42:08.113 D/AndroidAutoSize( 9732): The tech.gtt.frontapp.stb.m.account.activity.LoginMethodSwitchActivity has been adapted! 
06-17 19:42:08.113 D/AndroidAutoSize( 9732): LoginMethodSwitchActivity Info: isBaseOnWidth = true, designWidthInDp = 1920.000000, designWidthInSubunits = 1920.000000, targetDensity = 1.000000, targetScaledDensity = 1.000000, targetDensityDpi = 160, targetXdpi = 1.000000, targetScreenWidthDp = 1920, targetScreenHeightDp = 1032
06-17 19:42:08.116 W/WindowManager( 1936): Failed looking up window session=Session{f205817 9732:u0a10058} callers=com.android.server.wm.WindowManagerService.windowForClientLocked:5850 com.android.server.wm.Session.updateRequestedVisibilities:640 android.view.IWindowSession$Stub.onTransact:1175 
06-17 19:42:08.127 D/gralloc_nox( 1767): gralloc_alloc: Creating ashmem region of size 8298496
06-17 19:42:08.153 D/gralloc_nox( 1767): gralloc_alloc: Creating ashmem region of size 8298496
06-17 19:42:08.159 D/ProcessState(10149): Binder ioctl to enable oneway spam detection failed: Invalid argument
06-17 19:42:08.174 D/gralloc_nox( 1767): gralloc_alloc: Creating ashmem region of size 8298496
06-17 19:42:08.228 E/libEGL  ( 9732): called unimplemented OpenGL ES API
06-17 19:42:08.244 W/ByMatcher( 9786): Node returned null child: android.view.accessibility.AccessibilityNodeInfo@ae86; boundsInParent: Rect(0, 0 - 231, 392); boundsInScreen: Rect(844, 270 - 1075, 662); packageName: tech.gtt.frontapp.stb.demo; className: android.widget.LinearLayout; text: null; error: null; maxTextLength: -1; stateDescription: null; contentDescription: null; tooltipText: null; viewIdResName: null; checkable: false; checked: false; focusable: false; focused: false; selected: false; clickable: false; longClickable: false; contextClickable: false; enabled: true; password: false; scrollable: false; importantForAccessibility: false; visible: true; actions: [AccessibilityAction: ACTION_SELECT - null, AccessibilityAction: ACTION_CLEAR_SELECTION - null, AccessibilityAction: ACTION_ACCESSIBILITY_FOCUS - null, AccessibilityAction: ACTION_SHOW_ON_SCREEN - null]
06-17 19:42:08.246 W/ByMatcher( 9786): Skipping null child (1 of 2)
06-17 19:42:08.248 W/ByMatcher( 9786): Node returned null child: android.view.accessibility.AccessibilityNodeInfo@aac5; boundsInParent: Rect(0, 0 - 231, 539); boundsInScreen: Rect(844, 270 - 1075, 809); packageName: tech.gtt.frontapp.stb.demo; className: android.widget.LinearLayout; text: null; error: null; maxTextLength: -1; stateDescription: null; contentDescription: null; tooltipText: null; viewIdResName: null; checkable: false; checked: false; focusable: false; focused: false; selected: false; clickable: false; longClickable: false; contextClickable: false; enabled: true; password: false; scrollable: false; importantForAccessibility: false; visible: true; actions: [AccessibilityAction: ACTION_SELECT - null, AccessibilityAction: ACTION_CLEAR_SELECTION - null, AccessibilityAction: ACTION_ACCESSIBILITY_FOCUS - null, AccessibilityAction: ACTION_SHOW_ON_SCREEN - null]
06-17 19:42:08.249 W/ByMatcher( 9786): Skipping null child (1 of 3)
06-17 19:42:08.251 W/ByMatcher( 9786): Skipping null child (2 of 3)
06-17 19:42:08.253 W/ByMatcher( 9786): Node returned null child: android.view.accessibility.AccessibilityNodeInfo@80006eb5; boundsInParent: Rect(0, 0 - 1920, 1080); boundsInScreen: Rect(0, 0 - 1920, 1080); packageName: tech.gtt.frontapp.stb.demo; className: android.widget.FrameLayout; text: null; error: null; maxTextLength: -1; stateDescription: null; contentDescription: null; tooltipText: null; viewIdResName: null; checkable: false; checked: false; focusable: false; focused: false; selected: false; clickable: false; longClickable: false; contextClickable: false; enabled: true; password: false; scrollable: false; importantForAccessibility: true; visible: true; actions: [AccessibilityAction: ACTION_SELECT - null, AccessibilityAction: ACTION_CLEAR_SELECTION - null, AccessibilityAction: ACTION_ACCESSIBILITY_FOCUS - null, AccessibilityAction: ACTION_SHOW_ON_SCREEN - null]
06-17 19:42:08.254 W/ByMatcher( 9786): Skipping null child (0 of 1)
06-17 19:42:08.257 I/ActivityTaskManager( 1936): Displayed tech.gtt.frontapp.stb.demo/tech.gtt.frontapp.stb.m.account.activity.LoginMethodSwitchActivity: +196ms
06-17 19:42:08.355 D/UiDevice( 9786): Searching for node with selector: BySelector [RES='\Qtech.gtt.frontapp.stb.demo:id/account_login_tv2\E'].
06-17 19:42:08.356 W/QueryController( 9786): Could not detect idle state.
06-17 19:42:08.394 D/UIAutomatorStub( 9786): URI: /jsonrpc/0, Method: POST, params, {NanoHttpd.QUERY_STRING=null}, files: {postData={"jsonrpc": "2.0", "id": 1, "method": "objInfo", "params": [{"mask": 2097152, "childOrSibling": [], "childOrSiblingSelector": [], "resourceId": "tech.gtt.frontapp.stb.demo:id/account_login_tv2"}]}}
06-17 19:42:08.396 D/UiDevice( 9786): Retrieving node with selector: BySelector [RES='\Qtech.gtt.frontapp.stb.demo:id/account_login_tv2\E'].
06-17 19:42:08.397 W/QueryController( 9786): Could not detect idle state.
06-17 19:42:08.401 W/QueryController( 9786): Could not detect idle state.
06-17 19:42:08.402 W/QueryController( 9786): Could not detect idle state.
06-17 19:42:08.403 W/QueryController( 9786): Could not detect idle state.
06-17 19:42:08.404 W/QueryController( 9786): Could not detect idle state.
06-17 19:42:08.405 W/QueryController( 9786): Could not detect idle state.
06-17 19:42:08.405 W/QueryController( 9786): Could not detect idle state.
06-17 19:42:08.406 W/QueryController( 9786): Could not detect idle state.
06-17 19:42:08.407 W/QueryController( 9786): Could not detect idle state.
06-17 19:42:08.408 W/QueryController( 9786): Could not detect idle state.
06-17 19:42:08.409 W/QueryController( 9786): Could not detect idle state.
06-17 19:42:08.411 W/QueryController( 9786): Could not detect idle state.
06-17 19:42:08.415 W/QueryController( 9786): Could not detect idle state.
06-17 19:42:08.417 W/QueryController( 9786): Could not detect idle state.
06-17 19:42:08.418 W/QueryController( 9786): Could not detect idle state.
06-17 19:42:08.419 W/QueryController( 9786): Could not detect idle state.
06-17 19:42:08.420 W/QueryController( 9786): Could not detect idle state.
06-17 19:42:08.421 W/QueryController( 9786): Could not detect idle state.
06-17 19:42:08.449 D/UIAutomatorStub( 9786): URI: /jsonrpc/0, Method: POST, params, {NanoHttpd.QUERY_STRING=null}, files: {postData={"jsonrpc": "2.0", "id": 1, "method": "click", "params": [1390.0, 559.0]}}
06-17 19:42:08.489 W/InputManager-JNI( 1936): Input channel object '29f4e43 tech.gtt.frontapp.stb.demo/tech.gtt.frontapp.stb.m.home.activity.LoadingActivity (client)' was disposed without first being removed with the input manager!
06-17 19:42:08.618 I/ActivityTaskManager( 1936): START u0 {cmp=tech.gtt.frontapp.stb.demo/tech.gtt.frontapp.stb.m.account.activity.LoginActivity} from uid 10058
06-17 19:42:08.623 W/ActivityTaskManager( 1936): Tried to set launchTime (0) < mLastActivityLaunchTime (3424753)
06-17 19:42:08.633 D/AndroidAutoSize( 9732): tech.gtt.frontapp.stb.m.account.activity.LoginActivity used the global configuration.
06-17 19:42:08.633 D/AndroidAutoSize( 9732): The tech.gtt.frontapp.stb.m.account.activity.LoginActivity has been adapted! 
06-17 19:42:08.633 D/AndroidAutoSize( 9732): LoginActivity Info: isBaseOnWidth = true, designWidthInDp = 1920.000000, designWidthInSubunits = 1920.000000, targetDensity = 1.000000, targetScaledDensity = 1.000000, targetDensityDpi = 160, targetXdpi = 1.000000, targetScreenWidthDp = 1920, targetScreenHeightDp = 1032
06-17 19:42:08.643 D/UIAutomatorStub( 9786): URI: /jsonrpc/0, Method: POST, params, {NanoHttpd.QUERY_STRING=null}, files: {postData={"jsonrpc": "2.0", "id": 1, "method": "waitForExists", "params": [{"mask": 2097152, "childOrSibling": [], "childOrSiblingSelector": [], "resourceId": "tech.gtt.frontapp.stb.demo:id/loginf_et_username"}, 20000]}}
06-17 19:42:08.645 D/UiDevice( 9786): Waiting 20000ms for SearchCondition[hasObject=BySelector [RES='\Qtech.gtt.frontapp.stb.demo:id/loginf_et_username\E']].
06-17 19:42:08.645 D/UiDevice( 9786): Searching for node with selector: BySelector [RES='\Qtech.gtt.frontapp.stb.demo:id/loginf_et_username\E'].
06-17 19:42:08.646 W/QueryController( 9786): Could not detect idle state.
06-17 19:42:08.690 D/AndroidAutoSize( 9732): tech.gtt.frontapp.stb.m.account.activity.LoginActivity used the global configuration.
06-17 19:42:08.691 D/AndroidAutoSize( 9732): The tech.gtt.frontapp.stb.m.account.activity.LoginActivity has been adapted! 
06-17 19:42:08.691 D/AndroidAutoSize( 9732): LoginActivity Info: isBaseOnWidth = true, designWidthInDp = 1920.000000, designWidthInSubunits = 1920.000000, targetDensity = 1.000000, targetScaledDensity = 1.000000, targetDensityDpi = 160, targetXdpi = 1.000000, targetScreenWidthDp = 1920, targetScreenHeightDp = 1032
06-17 19:42:08.695 W/WindowManager( 1936): Failed looking up window session=Session{f205817 9732:u0a10058} callers=com.android.server.wm.WindowManagerService.windowForClientLocked:5850 com.android.server.wm.Session.updateRequestedVisibilities:640 android.view.IWindowSession$Stub.onTransact:1175 
06-17 19:42:08.712 D/gralloc_nox( 1767): gralloc_alloc: Creating ashmem region of size 8298496
06-17 19:42:08.727 D/gralloc_nox( 1767): gralloc_alloc: Creating ashmem region of size 8298496
06-17 19:42:08.741 D/gralloc_nox( 1767): gralloc_alloc: Creating ashmem region of size 8298496
06-17 19:42:08.743 D/ProcessState(10161): Binder ioctl to enable oneway spam detection failed: Invalid argument
06-17 19:42:08.801 W/ByMatcher( 9786): Node returned null child: android.view.accessibility.AccessibilityNodeInfo@113e2; boundsInParent: Rect(0, 0 - 1920, 1080); boundsInScreen: Rect(0, 0 - 1920, 1080); packageName: tech.gtt.frontapp.stb.demo; className: android.widget.RelativeLayout; text: null; error: null; maxTextLength: -1; stateDescription: null; contentDescription: null; tooltipText: null; viewIdResName: null; checkable: false; checked: false; focusable: false; focused: false; selected: false; clickable: false; longClickable: false; contextClickable: false; enabled: true; password: false; scrollable: false; importantForAccessibility: false; visible: true; actions: [AccessibilityAction: ACTION_SELECT - null, AccessibilityAction: ACTION_CLEAR_SELECTION - null, AccessibilityAction: ACTION_ACCESSIBILITY_FOCUS - null, AccessibilityAction: ACTION_SHOW_ON_SCREEN - null]
06-17 19:42:08.801 W/ByMatcher( 9786): Skipping null child (2 of 3)
06-17 19:42:08.802 W/ByMatcher( 9786): Node returned null child: android.view.accessibility.AccessibilityNodeInfo@80006eb6; boundsInParent: Rect(0, 0 - 1920, 1080); boundsInScreen: Rect(0, 0 - 1920, 1080); packageName: tech.gtt.frontapp.stb.demo; className: android.widget.FrameLayout; text: null; error: null; maxTextLength: -1; stateDescription: null; contentDescription: null; tooltipText: null; viewIdResName: null; checkable: false; checked: false; focusable: false; focused: false; selected: false; clickable: false; longClickable: false; contextClickable: false; enabled: true; password: false; scrollable: false; importantForAccessibility: true; visible: true; actions: [AccessibilityAction: ACTION_SELECT - null, AccessibilityAction: ACTION_CLEAR_SELECTION - null, AccessibilityAction: ACTION_ACCESSIBILITY_FOCUS - null, AccessibilityAction: ACTION_SHOW_ON_SCREEN - null]
06-17 19:42:08.802 W/ByMatcher( 9786): Skipping null child (0 of 1)
06-17 19:42:08.804 I/ActivityTaskManager( 1936): Displayed tech.gtt.frontapp.stb.demo/tech.gtt.frontapp.stb.m.account.activity.LoginActivity: +185ms
06-17 19:42:08.903 D/UiDevice( 9786): Searching for node with selector: BySelector [RES='\Qtech.gtt.frontapp.stb.demo:id/loginf_et_username\E'].
06-17 19:42:08.903 W/QueryController( 9786): Could not detect idle state.
06-17 19:42:08.935 D/UIAutomatorStub( 9786): URI: /jsonrpc/0, Method: POST, params, {NanoHttpd.QUERY_STRING=null}, files: {postData={"jsonrpc": "2.0", "id": 1, "method": "objInfo", "params": [{"mask": 2097152, "childOrSibling": [], "childOrSiblingSelector": [], "resourceId": "tech.gtt.frontapp.stb.demo:id/loginf_et_username"}]}}
06-17 19:42:08.936 D/UiDevice( 9786): Retrieving node with selector: BySelector [RES='\Qtech.gtt.frontapp.stb.demo:id/loginf_et_username\E'].
06-17 19:42:08.936 W/QueryController( 9786): Could not detect idle state.
06-17 19:42:08.939 W/QueryController( 9786): Could not detect idle state.
06-17 19:42:08.940 W/QueryController( 9786): Could not detect idle state.
06-17 19:42:08.941 W/QueryController( 9786): Could not detect idle state.
06-17 19:42:08.942 W/QueryController( 9786): Could not detect idle state.
06-17 19:42:08.944 W/QueryController( 9786): Could not detect idle state.
06-17 19:42:08.948 W/QueryController( 9786): Could not detect idle state.
06-17 19:42:08.949 W/QueryController( 9786): Could not detect idle state.
06-17 19:42:08.950 W/QueryController( 9786): Could not detect idle state.
06-17 19:42:08.951 W/QueryController( 9786): Could not detect idle state.
06-17 19:42:08.952 W/QueryController( 9786): Could not detect idle state.
06-17 19:42:08.952 W/QueryController( 9786): Could not detect idle state.
06-17 19:42:08.953 W/QueryController( 9786): Could not detect idle state.
06-17 19:42:08.954 W/QueryController( 9786): Could not detect idle state.
06-17 19:42:08.955 W/QueryController( 9786): Could not detect idle state.
06-17 19:42:08.955 W/QueryController( 9786): Could not detect idle state.
06-17 19:42:08.956 W/QueryController( 9786): Could not detect idle state.
06-17 19:42:08.957 W/QueryController( 9786): Could not detect idle state.
06-17 19:42:08.990 D/UIAutomatorStub( 9786): URI: /jsonrpc/0, Method: POST, params, {NanoHttpd.QUERY_STRING=null}, files: {postData={"jsonrpc": "2.0", "id": 1, "method": "click", "params": [1057.0, 437.0]}}
06-17 19:42:09.062 W/SurfaceFlinger( 1779): couldn't log to binary event log: overflow.
06-17 19:42:09.169 D/CompatibilityChangeReporter( 9732): Compat change id reported: 163400105; UID 10058; state: ENABLED
06-17 19:42:09.169 D/InputMethodManager( 9732): showSoftInput() view=tech.gtt.frontapp.stb.c.ui.edittext.EmailAutoCompleteTextView{5272c2f VFED..CL. .F.P..ID 0,0-700,92 #7f0b02ce app:id/loginf_et_username aid=1073741824} flags=0 reason=SHOW_SOFT_INPUT
06-17 19:42:09.169 V/InputMethodService( 3034): onEvaluateInputViewShown: config.hardKeyboardHidden = 2
06-17 19:42:09.169 V/InputMethodService( 3034): onEvaluateInputViewShown: config.hardKeyboardHidden = 2
06-17 19:42:09.169 I/AdbKeyboard( 3034): imeAction: 5 Next
06-17 19:42:09.179 D/gralloc_nox( 1767): gralloc_alloc: Creating ashmem region of size 647168
06-17 19:42:09.208 D/gralloc_nox( 1767): gralloc_alloc: Creating ashmem region of size 647168
06-17 19:42:09.212 D/gralloc_nox( 1767): gralloc_alloc: Creating ashmem region of size 647168
06-17 19:42:09.215 D/UIAutomatorStub( 9786): URI: /jsonrpc/0, Method: POST, params, {NanoHttpd.QUERY_STRING=null}, files: {postData={"jsonrpc": "2.0", "id": 1, "method": "waitForExists", "params": [{"mask": 2097152, "childOrSibling": [], "childOrSiblingSelector": [], "resourceId": "tech.gtt.frontapp.stb.demo:id/loginf_et_username"}, 20000]}}
06-17 19:42:09.217 D/UiDevice( 9786): Waiting 20000ms for SearchCondition[hasObject=BySelector [RES='\Qtech.gtt.frontapp.stb.demo:id/loginf_et_username\E']].
06-17 19:42:09.217 D/UiDevice( 9786): Searching for node with selector: BySelector [RES='\Qtech.gtt.frontapp.stb.demo:id/loginf_et_username\E'].
06-17 19:42:09.218 W/QueryController( 9786): Could not detect idle state.
06-17 19:42:09.219 D/InsetsController( 9732): show(ime(), fromIme=true)
06-17 19:42:09.221 D/ProcessState(10170): Binder ioctl to enable oneway spam detection failed: Invalid argument
06-17 19:42:09.221 E/SELinux ( 1566): avc:  denied  { find } for pid=10170 uid=0 name=settings scontext=u:r:init:s0 tcontext=u:object_r:settings_service:s0 tclass=service_manager permissive=1
06-17 19:42:09.263 D/UIAutomatorStub( 9786): URI: /jsonrpc/0, Method: POST, params, {NanoHttpd.QUERY_STRING=null}, files: {postData={"jsonrpc": "2.0", "id": 1, "method": "setText", "params": [{"mask": 2097152, "childOrSibling": [], "childOrSiblingSelector": [], "resourceId": "tech.gtt.frontapp.stb.demo:id/loginf_et_username"}, "0609@ipwangxin.cn"]}}
06-17 19:42:09.264 D/UiDevice( 9786): Retrieving node with selector: BySelector [RES='\Qtech.gtt.frontapp.stb.demo:id/loginf_et_username\E'].
06-17 19:42:09.264 W/QueryController( 9786): Could not detect idle state.
06-17 19:42:09.267 W/QueryController( 9786): Could not detect idle state.
06-17 19:42:09.268 D/UiObject2( 9786): Clicking on (1057, 437).
06-17 19:42:09.286 D/InputMethodManager( 9732): showSoftInput() view=tech.gtt.frontapp.stb.c.ui.edittext.EmailAutoCompleteTextView{5272c2f VFED..CL. .F.P.... 0,0-700,92 #7f0b02ce app:id/loginf_et_username aid=1073741824} flags=0 reason=SHOW_SOFT_INPUT
06-17 19:42:09.287 V/InputMethodService( 3034): onEvaluateInputViewShown: config.hardKeyboardHidden = 2
06-17 19:42:09.287 V/InputMethodService( 3034): onEvaluateInputViewShown: config.hardKeyboardHidden = 2
06-17 19:42:09.289 D/InsetsController( 9732): show(ime(), fromIme=true)
06-17 19:42:09.300 W/GestureController( 9786): Gestures took longer than expected (32ms >> 16ms), device might be in a busy state.
06-17 19:42:09.300 D/UiDevice( 9786): Retrieving node with selector: BySelector [RES='\Qtech.gtt.frontapp.stb.demo:id/loginf_et_username\E'].
06-17 19:42:09.301 W/QueryController( 9786): Could not detect idle state.
06-17 19:42:09.303 W/QueryController( 9786): Could not detect idle state.
06-17 19:42:09.305 D/UiObject2( 9786): Setting text to '0609@ipwangxin.cn'.
06-17 19:42:09.311 I/AdbKeyboard( 3034): imeAction: 5 Next
06-17 19:42:09.311 V/InputMethodService( 3034): onEvaluateInputViewShown: config.hardKeyboardHidden = 2
06-17 19:42:09.311 V/InputMethodService( 3034): onEvaluateInputViewShown: config.hardKeyboardHidden = 2
06-17 19:42:09.372 D/InsetsController( 9732): show(ime(), fromIme=true)
06-17 19:42:09.396 D/UIAutomatorStub( 9786): URI: /jsonrpc/0, Method: POST, params, {NanoHttpd.QUERY_STRING=null}, files: {postData={"jsonrpc": "2.0", "id": 1, "method": "waitForExists", "params": [{"mask": 2097152, "childOrSibling": [], "childOrSiblingSelector": [], "resourceId": "tech.gtt.frontapp.stb.demo:id/et_pwd"}, 20000]}}
06-17 19:42:09.396 D/UiDevice( 9786): Waiting 20000ms for SearchCondition[hasObject=BySelector [RES='\Qtech.gtt.frontapp.stb.demo:id/et_pwd\E']].
06-17 19:42:09.397 D/UiDevice( 9786): Searching for node with selector: BySelector [RES='\Qtech.gtt.frontapp.stb.demo:id/et_pwd\E'].
06-17 19:42:09.397 W/QueryController( 9786): Could not detect idle state.
06-17 19:42:09.429 D/UIAutomatorStub( 9786): URI: /jsonrpc/0, Method: POST, params, {NanoHttpd.QUERY_STRING=null}, files: {postData={"jsonrpc": "2.0", "id": 1, "method": "objInfo", "params": [{"mask": 2097152, "childOrSibling": [], "childOrSiblingSelector": [], "resourceId": "tech.gtt.frontapp.stb.demo:id/et_pwd"}]}}
06-17 19:42:09.429 D/UiDevice( 9786): Retrieving node with selector: BySelector [RES='\Qtech.gtt.frontapp.stb.demo:id/et_pwd\E'].
06-17 19:42:09.430 W/QueryController( 9786): Could not detect idle state.
06-17 19:42:09.434 W/QueryController( 9786): Could not detect idle state.
06-17 19:42:09.435 W/QueryController( 9786): Could not detect idle state.
06-17 19:42:09.436 W/QueryController( 9786): Could not detect idle state.
06-17 19:42:09.437 W/QueryController( 9786): Could not detect idle state.
06-17 19:42:09.438 W/QueryController( 9786): Could not detect idle state.
06-17 19:42:09.439 W/QueryController( 9786): Could not detect idle state.
06-17 19:42:09.440 W/QueryController( 9786): Could not detect idle state.
06-17 19:42:09.441 W/QueryController( 9786): Could not detect idle state.
06-17 19:42:09.442 W/QueryController( 9786): Could not detect idle state.
06-17 19:42:09.443 W/QueryController( 9786): Could not detect idle state.
06-17 19:42:09.444 W/QueryController( 9786): Could not detect idle state.
06-17 19:42:09.445 W/QueryController( 9786): Could not detect idle state.
06-17 19:42:09.446 W/QueryController( 9786): Could not detect idle state.
06-17 19:42:09.447 W/QueryController( 9786): Could not detect idle state.
06-17 19:42:09.448 W/QueryController( 9786): Could not detect idle state.
06-17 19:42:09.449 W/QueryController( 9786): Could not detect idle state.
06-17 19:42:09.450 W/QueryController( 9786): Could not detect idle state.
06-17 19:42:09.464 W/NotificationHistory( 1936): Attempted to add notif for locked/gone/disabled user 0
06-17 19:42:09.468 D/InterruptionStateProvider( 2106): No bubble up: not allowed to bubble: -1|android|8|null|1000
06-17 19:42:09.468 D/InterruptionStateProvider( 2106): No heads up: unimportant notification: -1|android|8|null|1000
06-17 19:42:09.469 D/PeopleSpaceWidgetMgr( 2106): Sbn doesn't contain valid PeopleTileKey: null/-1/android
06-17 19:42:09.480 D/UIAutomatorStub( 9786): URI: /jsonrpc/0, Method: POST, params, {NanoHttpd.QUERY_STRING=null}, files: {postData={"jsonrpc": "2.0", "id": 1, "method": "click", "params": [1057.0, 559.0]}}
06-17 19:42:09.509 D/InterruptionStateProvider( 2106): No bubble up: not allowed to bubble: -1|android|8|null|1000
06-17 19:42:09.510 D/InterruptionStateProvider( 2106): No heads up: unimportant notification: -1|android|8|null|1000
06-17 19:42:09.515 D/PeopleSpaceWidgetMgr( 2106): Sbn doesn't contain valid PeopleTileKey: null/-1/android
06-17 19:42:09.532 D/InterruptionStateProvider( 2106): No bubble up: not allowed to bubble: -1|android|8|null|1000
06-17 19:42:09.532 D/InterruptionStateProvider( 2106): No heads up: unimportant notification: -1|android|8|null|1000
06-17 19:42:09.535 D/PeopleSpaceWidgetMgr( 2106): Sbn doesn't contain valid PeopleTileKey: null/-1/android
06-17 19:42:09.599 I/AdbKeyboard( 3034): imeAction: 5 Next
06-17 19:42:09.599 V/InputMethodService( 3034): onEvaluateInputViewShown: config.hardKeyboardHidden = 2
06-17 19:42:09.600 V/InputMethodService( 3034): onEvaluateInputViewShown: config.hardKeyboardHidden = 2
06-17 19:42:09.600 D/InputMethodManager( 9732): showSoftInput() view=tech.gtt.frontapp.stb.c.ui.edittext.NormalFocusEditText{aa10f41 VFED..CL. .F.P..ID 0,0-700,92 #7f0b0172 app:id/et_pwd aid=1073741826} flags=0 reason=SHOW_SOFT_INPUT
06-17 19:42:09.602 V/InputMethodService( 3034): onEvaluateInputViewShown: config.hardKeyboardHidden = 2
06-17 19:42:09.602 V/InputMethodService( 3034): onEvaluateInputViewShown: config.hardKeyboardHidden = 2
06-17 19:42:09.613 D/InsetsController( 9732): show(ime(), fromIme=true)
06-17 19:42:09.614 D/InsetsController( 9732): show(ime(), fromIme=true)
06-17 19:42:09.644 D/UIAutomatorStub( 9786): URI: /jsonrpc/0, Method: POST, params, {NanoHttpd.QUERY_STRING=null}, files: {postData={"jsonrpc": "2.0", "id": 1, "method": "waitForExists", "params": [{"mask": 2097152, "childOrSibling": [], "childOrSiblingSelector": [], "resourceId": "tech.gtt.frontapp.stb.demo:id/et_pwd"}, 20000]}}
06-17 19:42:09.649 D/UiDevice( 9786): Waiting 20000ms for SearchCondition[hasObject=BySelector [RES='\Qtech.gtt.frontapp.stb.demo:id/et_pwd\E']].
06-17 19:42:09.649 D/UiDevice( 9786): Searching for node with selector: BySelector [RES='\Qtech.gtt.frontapp.stb.demo:id/et_pwd\E'].
06-17 19:42:09.650 W/QueryController( 9786): Could not detect idle state.
06-17 19:42:09.664 D/UIAutomatorStub( 9786): URI: /jsonrpc/0, Method: POST, params, {NanoHttpd.QUERY_STRING=null}, files: {postData={"jsonrpc": "2.0", "id": 1, "method": "setText", "params": [{"mask": 2097152, "childOrSibling": [], "childOrSiblingSelector": [], "resourceId": "tech.gtt.frontapp.stb.demo:id/et_pwd"}, "123456"]}}
06-17 19:42:09.666 D/UiDevice( 9786): Retrieving node with selector: BySelector [RES='\Qtech.gtt.frontapp.stb.demo:id/et_pwd\E'].
06-17 19:42:09.667 W/QueryController( 9786): Could not detect idle state.
06-17 19:42:09.671 W/QueryController( 9786): Could not detect idle state.
06-17 19:42:09.675 D/UiObject2( 9786): Clicking on (1057, 559).
06-17 19:42:09.703 D/InputMethodManager( 9732): showSoftInput() view=tech.gtt.frontapp.stb.c.ui.edittext.NormalFocusEditText{aa10f41 VFED..CL. .F.P.... 0,0-700,92 #7f0b0172 app:id/et_pwd aid=1073741826} flags=0 reason=SHOW_SOFT_INPUT
06-17 19:42:09.703 V/InputMethodService( 3034): onEvaluateInputViewShown: config.hardKeyboardHidden = 2
06-17 19:42:09.704 V/InputMethodService( 3034): onEvaluateInputViewShown: config.hardKeyboardHidden = 2
06-17 19:42:09.705 D/InsetsController( 9732): show(ime(), fromIme=true)
06-17 19:42:09.716 W/GestureController( 9786): Gestures took longer than expected (41ms >> 16ms), device might be in a busy state.
06-17 19:42:09.717 D/UiDevice( 9786): Retrieving node with selector: BySelector [RES='\Qtech.gtt.frontapp.stb.demo:id/et_pwd\E'].
06-17 19:42:09.717 W/QueryController( 9786): Could not detect idle state.
06-17 19:42:09.720 W/QueryController( 9786): Could not detect idle state.
06-17 19:42:09.721 D/UiObject2( 9786): Setting text to '123456'.
06-17 19:42:09.724 I/AdbKeyboard( 3034): imeAction: 5 Next
06-17 19:42:09.725 V/InputMethodService( 3034): onEvaluateInputViewShown: config.hardKeyboardHidden = 2
06-17 19:42:09.725 V/InputMethodService( 3034): onEvaluateInputViewShown: config.hardKeyboardHidden = 2
06-17 19:42:09.731 D/InsetsController( 9732): show(ime(), fromIme=true)
06-17 19:42:09.752 D/UIAutomatorStub( 9786): URI: /jsonrpc/0, Method: POST, params, {NanoHttpd.QUERY_STRING=null}, files: {postData={"jsonrpc": "2.0", "id": 1, "method": "waitForExists", "params": [{"mask": 2097152, "childOrSibling": [], "childOrSiblingSelector": [], "resourceId": "tech.gtt.frontapp.stb.demo:id/remember_pwd_cb"}, 20000]}}
06-17 19:42:09.753 D/UiDevice( 9786): Waiting 20000ms for SearchCondition[hasObject=BySelector [RES='\Qtech.gtt.frontapp.stb.demo:id/remember_pwd_cb\E']].
06-17 19:42:09.753 D/UiDevice( 9786): Searching for node with selector: BySelector [RES='\Qtech.gtt.frontapp.stb.demo:id/remember_pwd_cb\E'].
06-17 19:42:09.754 W/QueryController( 9786): Could not detect idle state.
06-17 19:42:09.784 D/UIAutomatorStub( 9786): URI: /jsonrpc/0, Method: POST, params, {NanoHttpd.QUERY_STRING=null}, files: {postData={"jsonrpc": "2.0", "id": 1, "method": "objInfo", "params": [{"mask": 2097152, "childOrSibling": [], "childOrSiblingSelector": [], "resourceId": "tech.gtt.frontapp.stb.demo:id/remember_pwd_cb"}]}}
06-17 19:42:09.785 D/UiDevice( 9786): Retrieving node with selector: BySelector [RES='\Qtech.gtt.frontapp.stb.demo:id/remember_pwd_cb\E'].
06-17 19:42:09.785 W/QueryController( 9786): Could not detect idle state.
06-17 19:42:09.789 W/QueryController( 9786): Could not detect idle state.
06-17 19:42:09.789 W/QueryController( 9786): Could not detect idle state.
06-17 19:42:09.790 W/QueryController( 9786): Could not detect idle state.
06-17 19:42:09.791 W/QueryController( 9786): Could not detect idle state.
06-17 19:42:09.792 W/QueryController( 9786): Could not detect idle state.
06-17 19:42:09.793 W/QueryController( 9786): Could not detect idle state.
06-17 19:42:09.793 W/QueryController( 9786): Could not detect idle state.
06-17 19:42:09.794 W/QueryController( 9786): Could not detect idle state.
06-17 19:42:09.795 W/QueryController( 9786): Could not detect idle state.
06-17 19:42:09.796 W/QueryController( 9786): Could not detect idle state.
06-17 19:42:09.797 W/QueryController( 9786): Could not detect idle state.
06-17 19:42:09.798 W/QueryController( 9786): Could not detect idle state.
06-17 19:42:09.799 W/QueryController( 9786): Could not detect idle state.
06-17 19:42:09.799 W/QueryController( 9786): Could not detect idle state.
06-17 19:42:09.801 W/QueryController( 9786): Could not detect idle state.
06-17 19:42:09.802 W/QueryController( 9786): Could not detect idle state.
06-17 19:42:09.802 W/QueryController( 9786): Could not detect idle state.
06-17 19:42:09.804 D/InterruptionStateProvider( 2106): No bubble up: not allowed to bubble: -1|android|8|null|1000
06-17 19:42:09.805 D/InterruptionStateProvider( 2106): No heads up: unimportant notification: -1|android|8|null|1000
06-17 19:42:09.808 D/PeopleSpaceWidgetMgr( 2106): Sbn doesn't contain valid PeopleTileKey: null/-1/android
06-17 19:42:09.813 D/InterruptionStateProvider( 2106): No bubble up: not allowed to bubble: -1|android|8|null|1000
06-17 19:42:09.813 D/InterruptionStateProvider( 2106): No heads up: unimportant notification: -1|android|8|null|1000
06-17 19:42:09.816 D/PeopleSpaceWidgetMgr( 2106): Sbn doesn't contain valid PeopleTileKey: null/-1/android
06-17 19:42:09.829 D/UIAutomatorStub( 9786): URI: /jsonrpc/0, Method: POST, params, {NanoHttpd.QUERY_STRING=null}, files: {postData={"jsonrpc": "2.0", "id": 1, "method": "click", "params": [729.0, 656.0]}}
06-17 19:42:09.865 E/libEGL  ( 9732): called unimplemented OpenGL ES API
06-17 19:42:09.912 D/InterruptionStateProvider( 2106): No bubble up: not allowed to bubble: -1|android|8|null|1000
06-17 19:42:09.914 D/InterruptionStateProvider( 2106): No heads up: unimportant notification: -1|android|8|null|1000
06-17 19:42:09.919 D/PeopleSpaceWidgetMgr( 2106): Sbn doesn't contain valid PeopleTileKey: null/-1/android
06-17 19:42:09.943 D/InterruptionStateProvider( 2106): No bubble up: not allowed to bubble: -1|android|8|null|1000
06-17 19:42:09.944 D/InterruptionStateProvider( 2106): No heads up: unimportant notification: -1|android|8|null|1000
06-17 19:42:09.951 D/PeopleSpaceWidgetMgr( 2106): Sbn doesn't contain valid PeopleTileKey: null/-1/android
06-17 19:42:09.989 D/ProcessState(10185): Binder ioctl to enable oneway spam detection failed: Invalid argument
06-17 19:42:10.004 D/ProcessState(10188): Binder ioctl to enable oneway spam detection failed: Invalid argument
06-17 19:42:10.034 D/UIAutomatorStub( 9786): URI: /jsonrpc/0, Method: POST, params, {NanoHttpd.QUERY_STRING=null}, files: {postData={"jsonrpc": "2.0", "id": 1, "method": "click", "params": [1105, 761]}}
06-17 19:42:10.148 V/GSK-Account:AccountManager( 9732): disableSavePwd=false
06-17 19:42:10.149 V/GSK-Account:EmailOrPhoneLoginStrategy( 9732): disableSavePwd=false
06-17 19:42:10.157 E/ActivityThread( 9732): Failed to find provider info for com.uv.droid.uotaback.storage.provider
06-17 19:42:10.158 E/ActivityThread( 9732): Failed to find provider info for com.uv.droid.booster.vod.provider
06-17 19:42:10.158 E/ontapp.stb.dem( 9732): No implementation found for java.lang.String os.SystemPropertiesKt.native_get(java.lang.String) (tried Java_os_SystemPropertiesKt_native_1get and Java_os_SystemPropertiesKt_native_1get__Ljava_lang_String_2)
06-17 19:42:10.158 V/GSK-Account:AccountManager( 9732): isLoggedIn=false
06-17 19:42:10.159 V/GSK-APIS( 9732): =======================NEW REQUEST=========================
06-17 19:42:10.159 V/GSK-APIS( 9732): Request:	/api/enduser/account/user/login/v1	POST
06-17 19:42:10.159 V/GSK-APIS( 9732): RequestIdentify:	e20232eb
06-17 19:42:10.159 V/GSK-APIS( 9732): 
06-17 19:42:10.159 V/GSK-APIS( 9732): RequestHeaders in a readable format:
06-17 19:42:10.159 V/GSK-APIS( 9732): X-App-Id: db589110cb7457cd607739664dc44e61c217d77681427dacfe2f262f1927cd8f
06-17 19:42:10.159 V/GSK-APIS( 9732): X-Source-Id: 30006401-31002837
06-17 19:42:10.159 V/GSK-APIS( 9732): X-Version-Code: 7
06-17 19:42:10.159 V/GSK-APIS( 9732): X-Brand-Id: 66d009603c38ec6574e5b77ce48fb7070a3f7ed622c465b05fc56110bd72fc65
06-17 19:42:10.159 V/GSK-APIS( 9732): X-Version-Seq: 1
06-17 19:42:10.159 V/GSK-APIS( 9732): X-App-Type-Text: STB
06-17 19:42:10.159 V/GSK-APIS( 9732): Accept-Language: en
06-17 19:42:10.159 V/GSK-APIS( 9732): 
06-17 19:42:10.159 V/GSK-APIS( 9732): 
06-17 19:42:10.159 V/GSK-APIS( 9732): RequestParams in Json Format:
